[17:27:25] 🚀 SCRIPT STARTED (enhanced anti‑detection)
[17:27:25] [1/445] TGMR
[17:27:26] 🧠 New identity created
[17:27:26] [2/445] CXKR
[17:27:27] [3/445] SROP
[17:27:28] [4/445] GTSV
[17:27:29] [5/445] SNTY
[17:27:30] [6/445] SMYY
[17:27:31] [7/445] CNCS
[17:27:32] [8/445] CSTM
[17:27:33] [9/445] NUCD
[17:27:34] [10/445] SHCZ
[17:27:34] 🔄 Identity reset
[17:27:34] 🔄 Identity rotated (every 10 requests)
[17:27:34] [11/445] NJCT
[17:27:35] [12/445] COPC
[17:27:37] [13/445] STVV
[17:27:38] [14/445] SKRN
[17:27:39] [15/445] APPZ
[17:27:40] [16/445] YMGN
[17:27:41] [17/445] SVTU
[17:27:42] [18/445] GTAD
[17:27:43] [19/445] PSUS
[17:27:44] [20/445] SMCD
[17:27:45] 🔄 Identity reset
[17:27:45] 🔄 Identity rotated (every 10 requests)
[17:27:45] 🔄 Retry 1/5 for SMCD in 2.6s
[17:27:45] 🔄 Identity reset
[17:27:47] 🧠 New identity created
[17:27:48] [21/445] CMCM
[17:27:49] [22/445] SYCT
[17:27:50] [23/445] STLY
[17:27:50] [24/445] CMHU
[17:27:51] [25/445] CMSA
[17:27:52] [26/445] CLCU
[17:27:53] [27/445] PPNT
[17:27:54] [28/445] JTAB
[17:27:55] [29/445] BUUC
[17:27:56] 🔄 Identity reset
[17:27:56] 🔄 Identity rotated (every 10 requests)
[17:27:56] [30/445] BSVK
[17:27:57] [31/445] VVVQ
[17:27:58] [32/445] TKMU
[17:27:59] [33/445] ESYL
[17:28:01] [34/445] ACHP
[17:28:02] [35/445] BTKD
[17:28:03] [36/445] DESA
[17:28:03] [37/445] GBCT
[17:28:04] [38/445] BLLD
[17:28:05] [39/445] SKNT
[17:28:06] 🔄 Identity reset
[17:28:06] 🔄 Identity rotated (every 10 requests)
[17:28:06] [40/445] SSTE
[17:28:07] [41/445] VJMR
[17:28:08] [42/445] NTPU
[17:28:09] [43/445] RDKN
[17:28:10] [44/445] ADGC
[17:28:11] [45/445] VRBP
[17:28:12] [46/445] NMNA
[17:28:13] [47/445] CMMX
[17:28:14] [48/445] PTKO
[17:28:15] [49/445] RBML
[17:28:15] 🔄 Identity reset
[17:28:15] 🔄 Identity rotated (every 10 requests)
[17:28:16] [50/445] SAIC
[17:28:17] [51/445] SVTJ
[17:28:17] [52/445] MRTE
[17:28:18] [53/445] RBTP
[17:28:19] [54/445] NLPS
[17:28:20] [55/445] GTNA
[17:28:21] [56/445] DGGC
[17:28:22] [57/445] SMCR
[17:28:23] [58/445] SCGD
[17:28:24] [59/445] SRRJ
[17:28:24] 🔄 Identity reset
[17:28:24] 🔄 Identity rotated (every 10 requests)
[17:28:24] [60/445] CNRY
[17:28:25] [61/445] KTDI
[17:28:26] [62/445] SNJL
[17:28:28] [63/445] RKMD
[17:28:30] [64/445] SMDC
[17:28:31] [65/445] TADG
[17:28:31] [66/445] MCGS
[17:28:32] [67/445] PETK
[17:28:33] [68/445] CHAG
[17:28:34] [69/445] KSTL
[17:28:35] 🔄 Identity reset
[17:28:35] 🔄 Identity rotated (every 10 requests)
[17:28:35] 🔄 Retry 1/5 for KSTL in 2.9s
[17:28:35] 🔄 Identity reset
[17:28:38] 🧠 New identity created
[17:28:38] [70/445] AADS
[17:28:39] [71/445] NTHZ
[17:28:40] [72/445] HCKI
[17:28:41] [73/445] SSEF
[17:28:42] [74/445] MCGX
[17:28:42] [75/445] ERRA
[17:28:43] [76/445] SDTW
[17:28:44] [77/445] RMPK
[17:28:45] [78/445] PTHK
[17:28:45] 🔄 Identity reset
[17:28:46] 🔄 Identity rotated (every 10 requests)
[17:28:46] [79/445] PXCS
[17:28:47] [80/445] SVLU
[17:28:48] [81/445] STAH
[17:28:49] [82/445] JRGF
[17:28:50] [83/445] CDOK
[17:28:51] [84/445] CMSG
[17:28:53] [85/445] APTD
[17:28:54] [86/445] KMPG
[17:28:54] [87/445] MUTJ
[17:28:55] [88/445] VCCI
[17:28:56] 🔄 Identity reset
[17:28:56] 🔄 Identity rotated (every 10 requests)
[17:28:57] [89/445] URBE
[17:28:59] [90/445] TCTS
[17:29:00] [91/445] STSN
[17:29:00] [92/445] AKCH
[17:29:01] [93/445] APSC
[17:29:02] [94/445] VLTB
[17:29:03] [95/445] SANU
[17:29:04] [96/445] AXAM
[17:29:05] [97/445] MGMG
[17:29:06] [98/445] HTBY
[17:29:07] 🔄 Identity reset
[17:29:07] 🔄 Identity rotated (every 10 requests)
[17:29:07] 🔄 Retry 1/5 for HTBY in 2.4s
[17:29:07] 🔄 Identity reset
[17:29:10] 🧠 New identity created
[17:29:10] [99/445] MMZS
[17:29:11] [100/445] SUDR
[17:29:12] [101/445] CCAD
[17:29:12] [102/445] SKKC
[17:29:13] [103/445] RMCD
[17:29:14] [104/445] SBCQ
[17:29:15] [105/445] DCCT
[17:29:16] [106/445] VTKP
[17:29:17] [107/445] MLAM
[17:29:17] 🔄 Identity reset
[17:29:17] 🔄 Identity rotated (every 10 requests)
[17:29:18] [108/445] SAVT
[17:29:19] [109/445] GEPL
[17:29:20] [110/445] AMCD
[17:29:21] [111/445] CCXR
[17:29:22] [112/445] GRNG
[17:29:23] [113/445] EBCA
[17:29:24] [114/445] CNVG
[17:29:25] [115/445] MWSS
[17:29:25] [116/445] VBOR
[17:29:26] [117/445] NEEB
[17:29:27] 🔄 Identity reset
[17:29:27] 🔄 Identity rotated (every 10 requests)
[17:29:27] [118/445] SUTH
[17:29:28] [119/445] ANDB
[17:29:29] [120/445] MMXS
[17:29:30] [121/445] CNPD
[17:29:31] [122/445] SDCE
[17:29:32] [123/445] DHCB
[17:29:33] [124/445] ODEN
[17:29:34] [125/445] TNTC
[17:29:35] [126/445] VBKM
[17:29:36] [127/445] RZYM
[17:29:36] 🔄 Identity reset
[17:29:36] 🔄 Identity rotated (every 10 requests)
[17:29:37] [128/445] JEMC
[17:29:38] [129/445] CMAU
[17:29:38] [130/445] SIVP
[17:29:39] [131/445] ATAG
[17:29:40] [132/445] CHTM
[17:29:41] [133/445] AAEE
[17:29:42] [134/445] IWPM
[17:29:43] [135/445] KCMW
[17:29:44] [136/445] MCTD
[17:29:45] [137/445] SPWR
[17:29:45] 🔄 Identity reset
[17:29:45] 🔄 Identity rotated (every 10 requests)
[17:29:45] [138/445] SDPO
[17:29:46] [139/445] PCSK
[17:29:47] [140/445] ACHV
[17:29:48] [141/445] SVLA
[17:29:50] [142/445] PICT
[17:29:51] [143/445] BXDR
[17:29:52] [144/445] SPWA
[17:29:53] [145/445] MCKO
[17:29:53] [146/445] RTHK
[17:29:54] [147/445] CCMF
[17:29:55] 🔄 Identity reset
[17:29:55] 🔄 Identity rotated (every 10 requests)
[17:29:55] 🔄 Retry 1/5 for CCMF in 2.8s
[17:29:55] 🔄 Identity reset
[17:29:58] 🧠 New identity created
[17:29:58] [148/445] MRGB
[17:29:59] [149/445] CPLC
[17:30:00] [150/445] RACD
[17:30:01] [151/445] ATKT
[17:30:02] [152/445] SARN
[17:30:03] [153/445] KKUI
[17:30:04] [154/445] RGCM
[17:30:04] [155/445] BRVP
[17:30:05] [156/445] HRSR
[17:30:06] 🔄 Identity reset
[17:30:06] 🔄 Identity rotated (every 10 requests)
[17:30:06] [157/445] GKGM
[17:30:07] [158/445] TTCD
[17:30:08] [159/445] PTTI
[17:30:09] [160/445] MPTT
[17:30:10] [161/445] CVTT
[17:30:11] [162/445] PCXD
[17:30:12] [163/445] GCDC
[17:30:13] [164/445] CCCF
[17:30:14] [165/445] MRAD
[17:30:15] [166/445] CPLK
[17:30:15] 🔄 Identity reset
[17:30:15] 🔄 Identity rotated (every 10 requests)
[17:30:15] [167/445] SATB
[17:30:16] [168/445] SNVG
[17:30:17] [169/445] JMBA
[17:30:18] [170/445] TEJA
[17:30:19] [171/445] STYO
[17:30:20] [172/445] JTBP
[17:30:21] [173/445] KRGD
[17:30:22] [174/445] SLJJ
[17:30:23] [175/445] SPTJ
[17:30:24] [176/445] SWJG
[17:30:24] 🔄 Identity reset
[17:30:24] 🔄 Identity rotated (every 10 requests)
[17:30:25] [177/445] LKRT
[17:30:26] [178/445] KCKA
[17:30:27] [179/445] SNCR
[17:30:28] [180/445] SMKL
[17:30:29] [181/445] GCFA
[17:30:30] [182/445] DDCK
[17:30:31] [183/445] NCHJ
[17:30:32] [184/445] RDMA
[17:30:33] [185/445] SVSV
[17:30:35] [186/445] SCJG
[17:30:35] 🔄 Identity reset
[17:30:35] 🔄 Identity rotated (every 10 requests)
[17:30:36] [187/445] VKLP
[17:30:37] [188/445] NWCC
[17:30:38] [189/445] VKNS
[17:30:39] [190/445] SDDP
[17:30:40] [191/445] ACSI
[17:30:41] [192/445] SATG
[17:30:42] [193/445] SCMW
[17:30:43] [194/445] LKTK
[17:30:44] [195/445] VCKV
[17:30:45] [196/445] KKPE
[17:30:45] 🔄 Identity reset
[17:30:45] 🔄 Identity rotated (every 10 requests)
[17:30:46] [197/445] KIGH
[17:30:47] [198/445] SRPM
[17:30:48] [199/445] SCAH
[17:30:49] [200/445] MUTA
[17:30:50] [201/445] SEPU
[17:30:50] [202/445] INOA
[17:30:51] [203/445] BASK
[17:30:52] [204/445] NECB
[17:30:53] [205/445] GTTG
[17:30:54] [206/445] ASSA
[17:30:55] 🔄 Identity reset
[17:30:55] 🔄 Identity rotated (every 10 requests)
[17:30:55] [207/445] ANCL
[17:30:57] [208/445] GCTI
[17:30:58] [209/445] RCTS
[17:30:59] [210/445] ACNL
[17:31:00] [211/445] MYCT
[17:31:00] [212/445] NMHT
[17:31:01] [213/445] MDIT
[17:31:02] [214/445] LATG
[17:31:03] [215/445] SMTY
[17:31:04] [216/445] CVCT
[17:31:04] 🔄 Identity reset
[17:31:04] 🔄 Identity rotated (every 10 requests)
[17:31:05] [217/445] RAMB
[17:31:05] [218/445] TGMS
[17:31:06] [219/445] BHEL
[17:31:07] [220/445] SHCT
[17:31:08] [221/445] SVCT
[17:31:09] [222/445] MRIY
[17:31:10] [223/445] SARO
[17:31:11] [224/445] STCT
[17:31:12] [225/445] JKKC
[17:31:13] [226/445] PLTT
[17:31:14] 🔄 Identity reset
[17:31:14] 🔄 Identity rotated (every 10 requests)
[17:31:15] [227/445] SRNT
[17:31:16] [228/445] YAST
[17:31:16] [229/445] PERL
[17:31:17] [230/445] CICM
[17:31:18] [231/445] MMTR
[17:31:19] [232/445] ABTK
[17:31:20] [233/445] ATYY
[17:31:21] [234/445] ASTK
[17:31:22] [235/445] VVCK
[17:31:23] [236/445] ATKY
[17:31:23] 🔄 Identity reset
[17:31:23] 🔄 Identity rotated (every 10 requests)
[17:31:24] [237/445] GWEK
[17:31:24] [238/445] SVFH
[17:31:25] [239/445] SLTA
[17:31:26] [240/445] AASH
[17:31:27] [241/445] ACXB
[17:31:28] [242/445] SMTX
[17:31:29] [243/445] AZDH
[17:31:30] [244/445] CMMH
[17:31:31] [245/445] SCSZ
[17:31:32] [246/445] SCKP
[17:31:32] 🔄 Identity reset
[17:31:32] 🔄 Identity rotated (every 10 requests)
[17:31:33] [247/445] NXTM
[17:31:34] [248/445] NWCS
[17:31:35] [249/445] CXMH
[17:31:36] [250/445] PCMA
[17:31:37] [251/445] SGCM
[17:31:38] [252/445] SDTU
[17:31:39] [253/445] MMVI
[17:31:41] [254/445] JKCM
[17:31:42] [255/445] VCMM
[17:31:43] [256/445] SYEE
[17:31:44] 🔄 Identity reset
[17:31:44] 🔄 Identity rotated (every 10 requests)
[17:31:44] 🔄 Retry 1/5 for SYEE in 2.6s
[17:31:44] 🔄 Identity reset
[17:31:46] 🧠 New identity created
[17:31:47] [257/445] VASD
[17:31:48] [258/445] BDRB
[17:31:49] [259/445] LASM
[17:31:50] [260/445] DCRL
[17:31:51] [261/445] DVPM
[17:31:52] [262/445] SBMJ
[17:31:53] [263/445] CBMU
[17:31:54] [264/445] IUBS
[17:31:55] [265/445] INAP
[17:31:56] 🔄 Identity reset
[17:31:56] 🔄 Identity rotated (every 10 requests)
[17:31:56] [266/445] SRRC
[17:31:57] [267/445] SAGR
[17:31:58] [268/445] CPMJ
[17:31:59] [269/445] ATJL
[17:32:00] [270/445] NNTD
[17:32:01] [271/445] JHCJ
[17:32:02] [272/445] CMMP
[17:32:03] [273/445] RSDR
[17:32:04] [274/445] AMTI
[17:32:05] [275/445] NYSG
[17:32:05] 🔄 Identity reset
[17:32:05] 🔄 Identity rotated (every 10 requests)
[17:32:05] [276/445] AVSG
[17:32:06] [277/445] SYTP
[17:32:07] [278/445] LARC
[17:32:08] [279/445] RJTP
[17:32:09] [280/445] LAKC
[17:32:10] [281/445] MCXE
[17:32:11] [282/445] CCZC
[17:32:12] [283/445] AVCH
[17:32:13] [284/445] CMBE
[17:32:13] [285/445] MRRC
[17:32:14] 🔄 Identity reset
[17:32:14] 🔄 Identity rotated (every 10 requests)
[17:32:14] [286/445] PCPY
[17:32:15] [287/445] SRMH
[17:32:16] [288/445] SVGS
[17:32:17] [289/445] PCSE
[17:32:18] [290/445] SVFT
[17:32:19] [291/445] TNZP
[17:32:20] [292/445] ICTP
[17:32:21] [293/445] ACTZ
[17:32:22] [294/445] GTUR
[17:32:23] [295/445] MAFC
[17:32:24] 🔄 Identity reset
[17:32:24] 🔄 Identity rotated (every 10 requests)
[17:32:24] 🔄 Retry 1/5 for MAFC in 2.9s
[17:32:24] 🔄 Identity reset
[17:32:27] 🧠 New identity created
[17:32:27] [296/445] MINL
[17:32:28] [297/445] MRCL
[17:32:29] [298/445] RCRP
[17:32:30] [299/445] RFFG
[17:32:31] [300/445] RMAS
[17:32:32] [301/445] INVR
[17:32:32] [302/445] RMAR
[17:32:33] [303/445] CNIS
[17:32:34] [304/445] RHRJ
[17:32:35] 🔄 Identity reset
[17:32:35] 🔄 Identity rotated (every 10 requests)
[17:32:35] [305/445] INXR
[17:32:36] [306/445] VALT
[17:32:37] [307/445] LCSH
[17:32:37] [308/445] CMVS
[17:32:38] [309/445] CNMS
[17:32:39] [310/445] ROOG
[17:32:40] [311/445] ISRM
[17:32:41] [312/445] RCRM
[17:32:42] [313/445] ACJA
[17:32:43] [314/445] RCVS
[17:32:44] 🔄 Identity reset
[17:32:44] 🔄 Identity rotated (every 10 requests)
[17:32:45] [315/445] CPUS
[17:32:46] [316/445] TGCS
[17:32:47] [317/445] RKCJ
[17:32:47] [318/445] MKSB
[17:32:48] [319/445] TCSJ
[17:32:49] [320/445] RMGP
[17:32:50] [321/445] CLLP
[17:32:51] [322/445] RCMV
[17:32:52] [323/445] CCKS
[17:32:53] [324/445] RSRP
[17:32:54] 🔄 Identity reset
[17:32:54] 🔄 Identity rotated (every 10 requests)
[17:32:54] [325/445] APLP
[17:32:55] [326/445] CNVS
[17:32:56] [327/445] RMVY
[17:32:57] [328/445] PGBD
[17:32:58] [329/445] KLMS
[17:32:59] [330/445] RUST
[17:33:00] [331/445] MASM
[17:33:01] [332/445] BACS
[17:33:02] [333/445] BWST
[17:33:03] [334/445] RRFH
[17:33:03] 🔄 Identity reset
[17:33:03] 🔄 Identity rotated (every 10 requests)
[17:33:04] [335/445] SJTM
[17:33:05] [336/445] BEMR
[17:33:06] [337/445] MCGR
[17:33:06] [338/445] SDSK
[17:33:08] [339/445] VBOL
[17:33:09] [340/445] RMGM
[17:33:10] [341/445] NOPL
[17:33:11] [342/445] MKJK
[17:33:12] [343/445] CVRN
[17:33:13] [344/445] MMEN
[17:33:13] 🔄 Identity reset
[17:33:13] 🔄 Identity rotated (every 10 requests)
[17:33:13] 🔄 Retry 1/5 for MMEN in 2.4s
[17:33:13] 🔄 Identity reset
[17:33:16] 🧠 New identity created
[17:33:16] [345/445] AMNG
[17:33:17] [346/445] INTM
[17:33:18] [347/445] SLCZ
[17:33:20] [348/445] AMJN
[17:33:21] [349/445] ACJN
[17:33:22] [350/445] AMKN
[17:33:23] [351/445] BTCN
[17:33:24] [352/445] AMBT
[17:33:25] [353/445] PACN
[17:33:25] 🔄 Identity reset
[17:33:25] 🔄 Identity rotated (every 10 requests)
[17:33:25] 🔄 Retry 1/5 for PACN in 2.2s
[17:33:25] 🔄 Identity reset
[17:33:27] 🧠 New identity created
[17:33:28] [354/445] LCNS
[17:33:29] [355/445] PPKC
[17:33:30] [356/445] JYYN
[17:33:31] [357/445] JTNR
[17:33:32] [358/445] GTEE
[17:33:33] [359/445] SRNM
[17:33:34] [360/445] SDTC
[17:33:35] [361/445] VPCA
[17:33:36] [362/445] VLRA
[17:33:36] 🔄 Identity reset
[17:33:36] 🔄 Identity rotated (every 10 requests)
[17:33:37] [363/445] SHKR
[17:33:37] [364/445] SBKD
[17:33:38] [365/445] SAAD
[17:33:39] [366/445] JTGN
[17:33:40] [367/445] SLAM
[17:33:42] [368/445] VTPM
[17:33:43] [369/445] ANPT
[17:33:43] [370/445] PUNB
[17:33:44] [371/445] CPKT
[17:33:45] [372/445] CNWE
[17:33:46] 🔄 Identity reset
[17:33:46] 🔄 Identity rotated (every 10 requests)
[17:33:46] [373/445] ECPP
[17:33:48] [374/445] CPAR
[17:33:49] [375/445] ESBW
[17:33:50] [376/445] PKPU
[17:33:50] [377/445] CPRP
[17:33:51] [378/445] RAHU
[17:33:52] [379/445] RHMN
[17:33:53] [380/445] FMJP
[17:33:54] [381/445] CTMP
[17:33:55] [382/445] INPN
[17:33:56] 🔄 Identity reset
[17:33:56] 🔄 Identity rotated (every 10 requests)
[17:33:56] [383/445] STTG
[17:33:57] [384/445] CTRD
[17:33:58] [385/445] PUVB
[17:33:59] [386/445] ESVP
[17:34:00] [387/445] CPFT
[17:34:01] [388/445] LCPC
[17:34:01] [389/445] VBCT
[17:34:02] [390/445] FSCW
[17:34:03] [391/445] VCMP
[17:34:05] [392/445] ASHC
[17:34:05] 🔄 Identity reset
[17:34:05] 🔄 Identity rotated (every 10 requests)
[17:34:06] [393/445] VLCX
[17:34:07] [394/445] SHEV
[17:34:07] [395/445] APCO
[17:34:08] [396/445] SILC
[17:34:10] [397/445] SNMR
[17:34:12] [398/445] KYBO
[17:34:13] [399/445] SATK
[17:34:14] [400/445] SSCS
[17:34:15] [401/445] CLSB
[17:34:16] [402/445] KMJR
[17:34:16] 🔄 Identity reset
[17:34:16] 🔄 Identity rotated (every 10 requests)
[17:34:17] [403/445] FSCK
[17:34:17] [404/445] NNKA
[17:34:18] [405/445] CLMK
[17:34:19] [406/445] DMPZ
[17:34:20] [407/445] INQM
[17:34:21] [408/445] CAML
[17:34:22] [409/445] INRK
[17:34:23] [410/445] IMKN
[17:34:24] [411/445] SVNR
[17:34:25] [412/445] INSL
[17:34:25] 🔄 Identity reset
[17:34:25] 🔄 Identity rotated (every 10 requests)
[17:34:26] [413/445] MSMA
[17:34:27] [414/445] MCKK
[17:34:27] [415/445] FCHP
[17:34:28] [416/445] SFCR
[17:34:29] [417/445] NACK
[17:34:30] [418/445] PVAK
[17:34:31] [419/445] INER
[17:34:32] [420/445] RDBK
[17:34:33] [421/445] SVFN
[17:34:35] [422/445] IFRM
[17:34:35] 🔄 Identity reset
[17:34:35] 🔄 Identity rotated (every 10 requests)
[17:34:36] [423/445] ATCK
[17:34:37] [424/445] ASKO
[17:34:38] [425/445] STKT
[17:34:39] [426/445] SVFB
[17:34:41] [427/445] INKS
[17:34:42] [428/445] PCRA
[17:34:42] [429/445] ATJA
[17:34:44] [430/445] IMJN
[17:34:44] [431/445] INHD
[17:34:45] [432/445] BARA
[17:34:46] 🔄 Identity reset
[17:34:46] 🔄 Identity rotated (every 10 requests)
[17:34:47] [433/445] MCSL
[17:34:48] [434/445] RTOY
[17:34:50] [435/445] MENO
[17:34:51] [436/445] PUDM
[17:34:52] [437/445] PRCN
[17:34:53] [438/445] JMJR
[17:34:53] [439/445] SSGK
[17:34:54] [440/445] SSRL
[17:34:55] [441/445] JYKL
[17:34:56] [442/445] ACNB
[17:34:57] 🔄 Identity reset
[17:34:57] 🔄 Identity rotated (every 10 requests)
[17:34:57] [443/445] SONP
[17:34:58] [444/445] EMCI
[17:34:59] [445/445] MRJH
[17:35:00] 🧹 Deduping shows
[17:35:00] ✅ DONE | Shows=442 | Movies=51
