[17:27:27] 🚀 SCRIPT STARTED
[17:27:27] [1/459] NECA
[17:27:27] 🧠 New identity created
[17:27:29] [2/459] BJLC
[17:27:30] [3/459] BASU
[17:27:31] [4/459] RUPI
[17:27:32] [5/459] LCBK
[17:27:33] [6/459] PMAC
[17:27:34] [7/459] AMLC
[17:27:35] [8/459] LICL
[17:27:36] [9/459] UDMM
[17:27:37] [10/459] STBZ
[17:27:38] [11/459] UUBT
[17:27:39] [12/459] SJKC
[17:27:40] [13/459] TUAL
[17:27:42] [14/459] MRSE
[17:27:42] [15/459] RMRK
[17:27:43] [16/459] TTKP
[17:27:44] [17/459] KTKO
[17:27:45] [18/459] SDBK
[17:27:46] [19/459] MCPR
[17:27:47] [20/459] CHTI
[17:27:49] [21/459] GCCP
[17:27:49] [22/459] SRMY
[17:27:51] [23/459] NYST
[17:27:51] [24/459] NYAG
[17:27:52] [25/459] SBMT
[17:27:54] [26/459] INGA
[17:27:55] [27/459] WSIC
[17:27:56] [28/459] SCSS
[17:27:57] [29/459] COPG
[17:27:58] [30/459] RCGR
[17:27:59] [31/459] TCZA
[17:28:01] [32/459] CNLP
[17:28:02] [33/459] CLKN
[17:28:02] [34/459] LHDF
[17:28:04] [35/459] ELKC
[17:28:05] [36/459] VCEM
[17:28:06] [37/459] SSZA
[17:28:07] [38/459] KRMT
[17:28:08] [39/459] LCMV
[17:28:09] [40/459] AYCZ
[17:28:09] [41/459] CUMS
[17:28:10] [42/459] BOCK
[17:28:11] [43/459] PNMR
[17:28:12] [44/459] PJCP
[17:28:13] [45/459] JDDD
[17:28:14] [46/459] STMS
[17:28:16] [47/459] FLMB
[17:28:17] [48/459] PKCM
[17:28:18] [49/459] SPPR
[17:28:18] [50/459] EYLH
[17:28:19] [51/459] RJCC
[17:28:21] [52/459] MMPS
[17:28:22] [53/459] SHMX
[17:28:22] [54/459] CCNL
[17:28:24] [55/459] RCNV
[17:28:25] [56/459] MAAG
[17:28:26] [57/459] LXCM
[17:28:27] [58/459] RCNI
[17:28:28] [59/459] SNNI
[17:28:29] [60/459] LALC
[17:28:30] [61/459] SOCN
[17:28:31] [62/459] JHTP
[17:28:32] [63/459] PITP
[17:28:33] [64/459] CCKW
[17:28:34] [65/459] MCMC
[17:28:37] [66/459] DEES
[17:28:38] [67/459] SABT
[17:28:39] [68/459] VSPP
[17:28:40] [69/459] ABCT
[17:28:41] [70/459] JVTB
[17:28:42] [71/459] VCBD
[17:28:44] [72/459] RMGG
[17:28:45] [73/459] RNMH
[17:28:46] [74/459] SPGL
[17:28:47] [75/459] JTTR
[17:28:48] [76/459] SICS
[17:28:49] [77/459] SRMI
[17:28:50] [78/459] SSIJ
[17:28:51] [79/459] KFMT
[17:28:52] [80/459] VBIT
[17:28:53] [81/459] JKCT
[17:28:55] [82/459] GCGP
[17:28:55] [83/459] GDCS
[17:28:57] [84/459] TRBA
[17:28:58] [85/459] QUST
[17:28:59] [86/459] VSHM
[17:29:00] [87/459] SDCP
[17:29:01] [88/459] SNVS
[17:29:02] [89/459] NYTO
[17:29:03] [90/459] URWC
[17:29:04] [91/459] GTWH
[17:29:05] [92/459] PFCM
[17:29:06] [93/459] KRTA
[17:29:07] [94/459] AXMC
[17:29:08] [95/459] EVMC
[17:29:09] [96/459] HGSM
[17:29:11] [97/459] ACVM
[17:29:12] [98/459] PSKL
[17:29:13] [99/459] RDMP
[17:29:14] [100/459] RHGH
[17:29:15] [101/459] OMCM
[17:29:16] [102/459] DCCP
[17:29:17] [103/459] MCPB
[17:29:18] [104/459] ALCI
[17:29:19] [105/459] BLMX
[17:29:20] [106/459] BTMV
[17:29:21] [107/459] FVPN
[17:29:22] [108/459] CMAR
[17:29:23] [109/459] CEIM
[17:29:24] [110/459] CMVA
[17:29:25] [111/459] CPIV
[17:29:27] [112/459] CNPE
[17:29:27] [113/459] COLV
[17:29:28] [114/459] DNNV
[17:29:29] [115/459] HCAD
[17:29:30] [116/459] TAKA
[17:29:31] [117/459] INVD
[17:29:32] [118/459] IRMM
[17:29:33] [119/459] INSE
[17:29:34] [120/459] MRSW
[17:29:35] [121/459] MCVD
[17:29:36] [122/459] MCSO
[17:29:37] [123/459] PEVM
[17:29:39] [124/459] PVNL
[17:29:39] [125/459] PTCV
[17:29:40] [126/459] PRTC
[17:29:42] [127/459] RCVA
[17:29:43] [128/459] MTBN
[17:29:45] [129/459] LUCP
[17:29:47] [130/459] FMPT
[17:29:48] [131/459] JLSL
[17:29:49] [132/459] SBHA
[17:29:50] [133/459] SHRC
[17:29:51] [134/459] AVPS
[17:29:52] [135/459] STPM
[17:29:53] [136/459] ATRD
[17:29:54] [137/459] VTED
[17:29:56] [138/459] ACAI
[17:29:57] [139/459] SMAE
[17:29:58] [140/459] VMAT
[17:30:00] [141/459] LKCT
[17:30:02] [142/459] JTVK
[17:30:03] [143/459] PRTY
[17:30:05] [144/459] GETT
[17:30:06] [145/459] ESAP
[17:30:08] [146/459] NCPM
[17:30:09] [147/459] PCPA
[17:30:10] [148/459] MMOM
[17:30:12] [149/459] PHUP
[17:30:13] [150/459] CCPI
[17:30:14] [151/459] CNTD
[17:30:15] [152/459] NLJR
[17:30:16] [153/459] SRNG
[17:30:18] [154/459] MHAL
[17:30:18] [155/459] PNSM
[17:30:20] [156/459] DRMY
[17:30:22] [157/459] CCMU
[17:30:22] [158/459] SCMY
[17:30:24] [159/459] PVSY
[17:30:24] [160/459] SDLM
[17:30:26] [161/459] ICCM
[17:30:27] [162/459] PYSU
[17:30:28] [163/459] GATM
[17:30:29] [164/459] WOTM
[17:30:30] [165/459] RKTS
[17:30:31] [166/459] PMTY
[17:30:33] [167/459] LYMS
[17:30:34] [168/459] TGCA
[17:30:35] [169/459] DSTA
[17:30:38] [170/459] CNGE
[17:30:39] [171/459] VSTG
[17:30:40] [172/459] GTCK
[17:30:41] [173/459] TGNT
[17:30:42] [174/459] ASLC
[17:30:43] [175/459] SSST
[17:30:44] [176/459] KBTT
[17:30:45] [177/459] HKCP
[17:30:46] [178/459] SWLC
[17:30:47] [179/459] RTND
[17:30:48] [180/459] PKKT
[17:30:49] [181/459] HSTK
[17:30:50] [182/459] SPTT
[17:30:51] [183/459] IMPM
[17:30:52] [184/459] SCMV
[17:30:54] [185/459] SPCT
[17:30:55] [186/459] JBCA
[17:30:57] [187/459] ATTR
[17:30:58] [188/459] SPMT
[17:30:59] [189/459] LCTM
[17:31:00] [190/459] SCVL
[17:31:00] [191/459] SCVT
[17:31:01] [192/459] KRIC
[17:31:03] [193/459] CTMG
[17:31:04] [194/459] ACNC
[17:31:05] [195/459] DMCK
[17:31:06] [196/459] KMTV
[17:31:07] [197/459] PFCJ
[17:31:08] [198/459] VNMD
[17:31:09] [199/459] VPCZ
[17:31:10] [200/459] SRYR
[17:31:11] [201/459] SYTR
[17:31:12] [202/459] GATR
[17:31:13] [203/459] URTR
[17:31:13] [204/459] MKSM
[17:31:15] [205/459] VSMH
[17:31:15] [206/459] SKRJ
[17:31:16] [207/459] SSJR
[17:31:17] [208/459] SVSM
[17:31:18] [209/459] RUCM
[17:31:19] [210/459] PRKN
[17:31:20] [211/459] RROH
[17:31:21] [212/459] SCTN
[17:31:23] [213/459] RTDM
[17:31:24] [214/459] ASRM
[17:31:25] [215/459] SKMD
[17:31:26] [216/459] SUTD
[17:31:27] [217/459] SADM
[17:31:28] [218/459] WCNR
[17:31:29] [219/459] CNED
[17:31:29] [220/459] MPDB
[17:31:30] [221/459] KTBH
[17:31:32] [222/459] IDRM
[17:31:34] [223/459] PJJT
[17:31:35] [224/459] PFCV
[17:31:36] [225/459] AACT
[17:31:37] [226/459] AAAD
[17:31:38] [227/459] ANES
[17:31:39] [228/459] MNCA
[17:31:40] [229/459] RMGU
[17:31:41] [230/459] DLCN
[17:31:42] [231/459] LJWT
[17:31:43] [232/459] MCBG
[17:31:44] [233/459] MYBG
[17:31:45] [234/459] GCCA
[17:31:46] [235/459] GCGA
[17:31:47] [236/459] ECGN
[17:31:48] [237/459] PRAB
[17:31:50] [238/459] PNMP
[17:31:54] [239/459] GCPT
[17:31:55] [240/459] ROYN
[17:31:56] [241/459] VATM
[17:31:57] [242/459] KSNT
[17:31:58] [243/459] ACTC
[17:32:00] [244/459] PLTD
[17:32:01] [245/459] SKMK
[17:32:02] [246/459] CMTT
[17:32:02] [247/459] SMXP
[17:32:03] [248/459] SCMX
[17:32:04] [249/459] ACXN
[17:32:05] [250/459] ASWT
[17:32:06] [251/459] VVVL
[17:32:07] [252/459] NAGO
[17:32:08] [253/459] SNCN
[17:32:09] [254/459] MCKP
[17:32:10] [255/459] SAMO
[17:32:11] [256/459] JBTV
[17:32:12] [257/459] DCVV
[17:32:13] [258/459] KMSV
[17:32:14] [259/459] KDCN
[17:32:15] [260/459] CNCP
[17:32:16] [261/459] HAMC
[17:32:16] [262/459] CCVZ
[17:32:18] [263/459] NCCK
[17:32:19] [264/459] MCHR
[17:32:20] [265/459] SCHT
[17:32:21] [266/459] ESSH
[17:32:21] [267/459] CUJC
[17:32:22] [268/459] PECP
[17:32:23] [269/459] PMMI
[17:32:24] [270/459] PCCH
[17:32:25] [271/459] PRPM
[17:32:26] [272/459] PVKL
[17:32:28] [273/459] CBSM
[17:32:29] [274/459] PVCZ
[17:32:29] [275/459] PCVV
[17:32:30] [276/459] CTMJ
[17:32:31] [277/459] RCPS
[17:32:32] [278/459] PCIT
[17:32:33] [279/459] FNCH
[17:32:34] [280/459] INZD
[17:32:35] [281/459] INPC
[17:32:36] [282/459] LCZP
[17:32:37] [283/459] SMCB
[17:32:38] [284/459] PTSB
[17:32:38] [285/459] TPSI
[17:32:40] [286/459] KHMJ
[17:32:41] [287/459] RCCJ
[17:32:42] [288/459] NCJA
[17:32:43] [289/459] NCJN
[17:32:44] [290/459] BTDP
[17:32:45] [291/459] PADY
[17:32:45] [292/459] NYBH
[17:32:46] [293/459] MTBR
[17:32:47] [294/459] KRBC
[17:32:49] [295/459] DKTI
[17:32:49] [296/459] ANAN
[17:32:50] [297/459] INBP
[17:32:52] [298/459] PATB
[17:32:53] [299/459] RGNT
[17:32:54] [300/459] CGPM
[17:32:55] [301/459] INTN
[17:32:56] [302/459] MCMP
[17:32:57] [303/459] ASRG
[17:32:58] [304/459] CXJD
[17:32:59] [305/459] SPCP
[17:33:00] [306/459] CSTP
[17:33:01] [307/459] PKVC
[17:33:01] [308/459] ESCP
[17:33:02] [309/459] CAEP
[17:33:03] [310/459] CCSP
[17:33:03] [311/459] KTPC
[17:33:05] [312/459] DACA
[17:33:06] [313/459] NVKY
[17:33:07] [314/459] PTIN
[17:33:09] [315/459] SCIN
[17:33:10] [316/459] MCTY
[17:33:11] [317/459] PCMX
[17:33:12] [318/459] INIC
[17:33:13] [319/459] MMZM
[17:33:14] [320/459] SSLP
[17:33:14] [321/459] DTDT
[17:33:15] [322/459] FFCX
[17:33:16] [323/459] RCMM
[17:33:18] [324/459] KYID
[17:33:19] [325/459] CSCI
[17:33:20] [326/459] FCMC
[17:33:21] [327/459] MMXI
[17:33:22] [328/459] ASTC
[17:33:23] [329/459] CMRA
[17:33:24] [330/459] DICI
[17:33:25] [331/459] KDIN
[17:33:26] [332/459] PRFI
[17:33:27] [333/459] SVFC
[17:33:28] [334/459] UCPL
[17:33:29] [335/459] COOC
[17:33:30] [336/459] SCAL
[17:33:31] [337/459] SVFF
[17:33:32] [338/459] VCMG
[17:33:33] [339/459] UUCT
[17:33:33] [340/459] GCSE
[17:33:34] [341/459] SUSC
[17:33:35] [342/459] MISC
[17:33:36] [343/459] RMBL
[17:33:38] [344/459] CMXN
[17:33:39] [345/459] PVBK
[17:33:39] [346/459] HHCG
[17:33:40] [347/459] SCAG
[17:33:41] [348/459] CNPR
[17:33:42] [349/459] CSER
[17:33:43] [350/459] HLWD
[17:33:44] [351/459] BOLY
[17:33:45] [352/459] SSPG
[17:33:46] [353/459] MUPX
[17:33:47] [354/459] HAMR
[17:33:48] [355/459] SDNC
[17:33:49] [356/459] RTEN
[17:33:50] [357/459] SDTD
[17:33:51] [358/459] KAWS
[17:33:53] [359/459] CMZX
[17:33:54] [360/459] DCDD
[17:33:54] [361/459] ALSN
[17:33:55] [362/459] IMXS
[17:33:57] [363/459] PVFF
[17:33:58] [364/459] PVOO
[17:33:59] [365/459] CFBS
[17:34:01] [366/459] PVER
[17:34:02] [367/459] PPNX
[17:34:03] [368/459] CNRM
[17:34:04] [369/459] PVWW
[17:34:04] [370/459] INMB
[17:34:05] [371/459] CPJR
[17:34:06] [372/459] INRZ
[17:34:07] [373/459] PMSR
[17:34:08] [374/459] GPGM
[17:34:09] [375/459] PGWB
[17:34:10] [376/459] PMBR
[17:34:11] [377/459] GPAM
[17:34:12] [378/459] INBC
[17:34:13] [379/459] PZVK
[17:34:13] [380/459] CPEB
[17:34:14] [381/459] FMLB
[17:34:15] [382/459] INBG
[17:34:16] [383/459] GPBR
[17:34:17] [384/459] PAAS
[17:34:18] [385/459] VTBR
[17:34:19] [386/459] GPMY
[17:34:20] [387/459] GYBU
[17:34:21] [388/459] INBJ
[17:34:22] [389/459] LKTH
[17:34:23] [390/459] NSBR
[17:34:24] [391/459] PDRD
[17:34:25] [392/459] VRBL
[17:34:26] [393/459] VTGB
[17:34:27] [394/459] VTSK
[17:34:28] [395/459] BKDV
[17:34:29] [396/459] SVTB
[17:34:30] [397/459] MLDT
[17:34:32] [398/459] NRBL
[17:34:33] [399/459] SLTR
[17:34:34] [400/459] VNKA
[17:34:35] [401/459] TDCA
[17:34:36] [402/459] INBM
[17:34:37] [403/459] SSNR
[17:34:38] [404/459] BHAC
[17:34:39] [405/459] SDSD
[17:34:40] [406/459] SAMP
[17:34:41] [407/459] RATK
[17:34:42] [408/459] KCBI
[17:34:43] [409/459] URBL
[17:34:44] [410/459] MKBG
[17:34:45] [411/459] ASTB
[17:34:46] [412/459] VBWT
[17:34:47] [413/459] GPSM
[17:34:48] [414/459] ROON
[17:34:48] [415/459] CHTH
[17:34:49] [416/459] SSPA
[17:34:50] [417/459] ANBL
[17:34:51] [418/459] VTBE
[17:34:52] [419/459] SVKT
[17:34:53] [420/459] SVYK
[17:34:53] [421/459] PTBK
[17:34:54] [422/459] RKTB
[17:34:55] [423/459] BALT
[17:34:56] [424/459] STSV
[17:34:57] [425/459] VCCB
[17:34:58] [426/459] SLTB
[17:34:59] [427/459] SBCR
[17:35:00] [428/459] VDCS
[17:35:01] [429/459] MDKI
[17:35:02] [430/459] SMRN
[17:35:03] [431/459] PTBC
[17:35:04] [432/459] RADI
[17:35:05] [433/459] ADCR
[17:35:06] [434/459] SDCS
[17:35:07] [435/459] SRPJ
[17:35:08] [436/459] ARTS
[17:35:09] [437/459] SRHK
[17:35:09] [438/459] SPAY
[17:35:11] [439/459] GPTB
[17:35:12] [440/459] SNNN
[17:35:12] [441/459] BALJ
[17:35:13] [442/459] TRIG
[17:35:14] [443/459] GTYT
[17:35:15] [444/459] ATGN
[17:35:16] [445/459] ANTE
[17:35:17] [446/459] BDCG
[17:35:18] [447/459] VECI
[17:35:19] [448/459] SCPR
[17:35:20] [449/459] RTEA
[17:35:20] [450/459] JSAI
[17:35:22] [451/459] VJTP
[17:35:22] [452/459] GNDS
[17:35:23] [453/459] PAXA
[17:35:24] [454/459] CGGM
[17:35:25] [455/459] ACKZ
[17:35:26] [456/459] EMCC
[17:35:27] [457/459] KLSK
[17:35:28] [458/459] AVCK
[17:35:30] [459/459] JTCK
[17:35:31] 🧹 Deduping shows
[17:35:31] ✅ DONE | Shows=482 | Movies=48
