[17:27:18] 🚀 SCRIPT STARTED (enhanced anti‑detection)
[17:27:18] [1/458] MBDC
[17:27:19] 🧠 New identity created
[17:27:19] [2/458] CHKM
[17:27:20] [3/458] JTKZ
[17:27:21] [4/458] CMCT
[17:27:22] [5/458] ASHO
[17:27:23] [6/458] ECDG
[17:27:24] [7/458] SPAT
[17:27:25] [8/458] HILC
[17:27:26] [9/458] SPPH
[17:27:27] [10/458] SBHN
[17:27:27] 🔄 Identity reset
[17:27:27] 🔄 Identity rotated (every 10 requests)
[17:27:28] [11/458] RRCA
[17:27:28] [12/458] APAA
[17:27:30] [13/458] RAME
[17:27:30] [14/458] TMMS
[17:27:31] [15/458] BATK
[17:27:32] [16/458] LKOP
[17:27:33] [17/458] AMTT
[17:27:34] [18/458] PTGK
[17:27:35] [19/458] ANRS
[17:27:36] [20/458] VWBW
[17:27:37] 🔄 Identity reset
[17:27:37] 🔄 Identity rotated (every 10 requests)
[17:27:37] [21/458] SVFG
[17:27:38] [22/458] STAT
[17:27:39] [23/458] GDCV
[17:27:39] [24/458] VEBI
[17:27:40] [25/458] VDSS
[17:27:41] [26/458] NTHV
[17:27:43] [27/458] AOCH
[17:27:44] [28/458] KASR
[17:27:45] [29/458] AYCS
[17:27:45] [30/458] SHAI
[17:27:46] 🔄 Identity reset
[17:27:46] 🔄 Identity rotated (every 10 requests)
[17:27:46] [31/458] SKPE
[17:27:47] [32/458] SBTA
[17:27:48] [33/458] RTTD
[17:27:49] [34/458] CCJD
[17:27:50] [35/458] RSJJ
[17:27:51] [36/458] RKND
[17:27:52] [37/458] SVTX
[17:27:53] [38/458] BAKM
[17:27:54] [39/458] SVDC
[17:27:55] [40/458] MNCV
[17:27:55] 🔄 Identity reset
[17:27:55] 🔄 Identity rotated (every 10 requests)
[17:27:56] [41/458] SJGC
[17:27:57] [42/458] MTPK
[17:27:58] [43/458] GATP
[17:27:58] [44/458] ABTS
[17:27:59] [45/458] ABDE
[17:28:00] [46/458] RCNM
[17:28:01] [47/458] KTHV
[17:28:02] [48/458] MDGJ
[17:28:03] [49/458] SMLM
[17:28:04] [50/458] JTMA
[17:28:05] 🔄 Identity reset
[17:28:05] 🔄 Identity rotated (every 10 requests)
[17:28:06] [51/458] ACKP
[17:28:06] [52/458] SRTA
[17:28:07] [53/458] STAY
[17:28:08] [54/458] MAVO
[17:28:09] [55/458] APTS
[17:28:10] [56/458] OMEA
[17:28:11] [57/458] TTFD
[17:28:12] [58/458] MJCU
[17:28:13] [59/458] CXTE
[17:28:14] [60/458] CTPX
[17:28:14] 🔄 Identity reset
[17:28:14] 🔄 Identity rotated (every 10 requests)
[17:28:15] [61/458] ASSL
[17:28:16] [62/458] CMVB
[17:28:17] [63/458] VPUR
[17:28:18] [64/458] JJDA
[17:28:19] [65/458] INBL
[17:28:20] [66/458] BIKB
[17:28:21] [67/458] NTBB
[17:28:22] [68/458] GLOB
[17:28:23] [69/458] SNTB
[17:28:24] [70/458] CHGV
[17:28:24] 🔄 Identity reset
[17:28:24] 🔄 Identity rotated (every 10 requests)
[17:28:25] [71/458] SSBZ
[17:28:26] [72/458] PRDB
[17:28:27] [73/458] ISMT
[17:28:28] [74/458] MCSD
[17:28:29] [75/458] JBTT
[17:28:30] [76/458] GEKR
[17:28:31] [77/458] PVUN
[17:28:32] [78/458] NRTB
[17:28:33] [79/458] PRAA
[17:28:34] [80/458] PCBL
[17:28:34] 🔄 Identity reset
[17:28:34] 🔄 Identity rotated (every 10 requests)
[17:28:35] [81/458] PTCM
[17:28:36] [82/458] KHNN
[17:28:37] [83/458] OMJE
[17:28:38] [84/458] STGN
[17:28:39] [85/458] RPMS
[17:28:40] [86/458] NWAD
[17:28:41] [87/458] BLCK
[17:28:42] [88/458] SVAA
[17:28:43] [89/458] URVM
[17:28:44] [90/458] ANTM
[17:28:44] 🔄 Identity reset
[17:28:44] 🔄 Identity rotated (every 10 requests)
[17:28:44] 🔄 Retry 1/5 for ANTM in 2.9s
[17:28:44] 🔄 Identity reset
[17:28:47] 🧠 New identity created
[17:28:48] [91/458] VJYM
[17:28:48] [92/458] MAZZ
[17:28:49] [93/458] CSHM
[17:28:50] [94/458] WGMH
[17:28:51] [95/458] SALN
[17:28:53] [96/458] BRTP
[17:28:54] [97/458] SVTA
[17:28:55] [98/458] SBTP
[17:28:56] [99/458] VLSS
[17:28:56] 🔄 Identity reset
[17:28:56] 🔄 Identity rotated (every 10 requests)
[17:28:57] [100/458] SRJA
[17:28:59] [101/458] ANCG
[17:29:00] [102/458] CGGC
[17:29:01] [103/458] CRJA
[17:29:02] [104/458] USCR
[17:29:04] [105/458] MMEF
[17:29:04] [106/458] JCRJ
[17:29:05] [107/458] ADCM
[17:29:06] [108/458] BMYK
[17:29:07] [109/458] KICS
[17:29:08] 🔄 Identity reset
[17:29:08] 🔄 Identity rotated (every 10 requests)
[17:29:08] [110/458] MBBT
[17:29:09] [111/458] MACK
[17:29:10] [112/458] CLDR
[17:29:11] [113/458] JYCR
[17:29:12] [114/458] DCRP
[17:29:12] [115/458] RAHT
[17:29:13] [116/458] CSSM
[17:29:14] [117/458] ATPK
[17:29:15] [118/458] KLRT
[17:29:16] [119/458] SRDD
[17:29:17] 🔄 Identity reset
[17:29:17] 🔄 Identity rotated (every 10 requests)
[17:29:17] 🔄 Retry 1/5 for SRDD in 2.4s
[17:29:17] 🔄 Identity reset
[17:29:19] 🧠 New identity created
[17:29:20] [120/458] CKMC
[17:29:20] [121/458] KRVM
[17:29:21] [122/458] AKCP
[17:29:22] [123/458] CNCV
[17:29:23] [124/458] PACT
[17:29:24] [125/458] NATP
[17:29:24] [126/458] PCPK
[17:29:26] [127/458] SMHO
[17:29:27] [128/458] CWTK
[17:29:27] 🔄 Identity reset
[17:29:27] 🔄 Identity rotated (every 10 requests)
[17:29:28] [129/458] RVKZ
[17:29:29] [130/458] ASPD
[17:29:30] [131/458] VTKZ
[17:29:30] [132/458] LCSO
[17:29:31] [133/458] PRDY
[17:29:32] [134/458] RCAP
[17:29:33] [135/458] RGAR
[17:29:35] [136/458] RCAC
[17:29:36] [137/458] PMOD
[17:29:37] [138/458] PVCN
[17:29:38] 🔄 Identity reset
[17:29:38] 🔄 Identity rotated (every 10 requests)
[17:29:38] [139/458] SCRZ
[17:29:39] [140/458] PVPC
[17:29:40] [141/458] STID
[17:29:41] [142/458] NEDD
[17:29:42] [143/458] BNBA
[17:29:43] [144/458] NTCD
[17:29:44] [145/458] OCDE
[17:29:44] [146/458] CCDU
[17:29:45] [147/458] CRXH
[17:29:46] [148/458] VLVT
[17:29:47] 🔄 Identity reset
[17:29:47] 🔄 Identity rotated (every 10 requests)
[17:29:47] [149/458] CICI
[17:29:48] [150/458] SUCB
[17:29:50] [151/458] TCBP
[17:29:51] [152/458] SCCY
[17:29:52] [153/458] LXCY
[17:29:53] [154/458] NCMD
[17:29:54] [155/458] PHCS
[17:29:55] [156/458] DUXR
[17:29:56] [157/458] VNKS
[17:29:57] [158/458] SEDP
[17:29:57] 🔄 Identity reset
[17:29:57] 🔄 Identity rotated (every 10 requests)
[17:29:58] [159/458] SVEN
[17:29:59] [160/458] SRKM
[17:30:00] [161/458] JTLT
[17:30:01] [162/458] SVSS
[17:30:01] [163/458] AMDE
[17:30:02] [164/458] WVRN
[17:30:03] [165/458] ISMG
[17:30:04] [166/458] WVKS
[17:30:05] [167/458] USCG
[17:30:06] [168/458] IOTG
[17:30:06] 🔄 Identity reset
[17:30:06] 🔄 Identity rotated (every 10 requests)
[17:30:06] [169/458] RRJM
[17:30:07] [170/458] EDMP
[17:30:08] [171/458] SCGZ
[17:30:09] [172/458] GMGX
[17:30:11] [173/458] OMTP
[17:30:12] [174/458] MITD
[17:30:13] [175/458] SMMD
[17:30:14] [176/458] STML
[17:30:14] [177/458] MCFS
[17:30:15] [178/458] FPKA
[17:30:16] 🔄 Identity reset
[17:30:16] 🔄 Identity rotated (every 10 requests)
[17:30:16] [179/458] OMLR
[17:30:17] [180/458] KKSC
[17:30:18] [181/458] RVMA
[17:30:19] [182/458] SCLL
[17:30:20] [183/458] SCDK
[17:30:21] [184/458] SXMI
[17:30:22] [185/458] SHDN
[17:30:23] [186/458] PAAD
[17:30:23] [187/458] UUCB
[17:30:24] [188/458] JHOL
[17:30:25] 🔄 Identity reset
[17:30:25] 🔄 Identity rotated (every 10 requests)
[17:30:25] 🔄 Retry 1/5 for JHOL in 2.8s
[17:30:25] 🔄 Identity reset
[17:30:28] 🧠 New identity created
[17:30:28] [189/458] SGWT
[17:30:29] [190/458] SRII
[17:30:30] [191/458] SGCK
[17:30:31] [192/458] SVVB
[17:30:32] [193/458] DMHA
[17:30:33] [194/458] PPNL
[17:30:34] [195/458] CPNL
[17:30:35] [196/458] WVLD
[17:30:36] [197/458] PSLV
[17:30:36] 🔄 Identity reset
[17:30:37] 🔄 Identity rotated (every 10 requests)
[17:30:37] [198/458] VTTL
[17:30:39] [199/458] NPAD
[17:30:40] [200/458] PVCS
[17:30:40] [201/458] MCHL
[17:30:41] [202/458] PPLL
[17:30:42] [203/458] MALO
[17:30:43] [204/458] SWBH
[17:30:44] [205/458] PUGB
[17:30:45] [206/458] INBB
[17:30:46] [207/458] INNS
[17:30:47] 🔄 Identity reset
[17:30:47] 🔄 Identity rotated (every 10 requests)
[17:30:47] [208/458] MCPT
[17:30:48] [209/458] SCMI
[17:30:49] [210/458] OCON
[17:30:50] [211/458] SCSM
[17:30:51] [212/458] RJVN
[17:30:52] [213/458] AMDK
[17:30:53] [214/458] ISMR
[17:30:54] [215/458] SMTD
[17:30:55] [216/458] VTDD
[17:30:56] [217/458] PDDZ
[17:30:56] 🔄 Identity reset
[17:30:56] 🔄 Identity rotated (every 10 requests)
[17:30:57] [218/458] PCCK
[17:30:58] [219/458] INAM
[17:30:59] [220/458] FNKT
[17:31:00] [221/458] GDKA
[17:31:01] [222/458] MAYU
[17:31:01] [223/458] TCGU
[17:31:02] [224/458] KDCA
[17:31:03] [225/458] DOMY
[17:31:04] [226/458] PDDD
[17:31:05] [227/458] BJTS
[17:31:05] 🔄 Identity reset
[17:31:06] 🔄 Identity rotated (every 10 requests)
[17:31:06] [228/458] VTCA
[17:31:07] [229/458] SBTM
[17:31:08] [230/458] SEET
[17:31:09] [231/458] SSTJ
[17:31:10] [232/458] SVNT
[17:31:11] [233/458] PPPR
[17:31:12] [234/458] PVYS
[17:31:13] [235/458] IOSE
[17:31:14] [236/458] ACTV
[17:31:15] [237/458] APVE
[17:31:15] 🔄 Identity reset
[17:31:15] 🔄 Identity rotated (every 10 requests)
[17:31:15] 🔄 Retry 1/5 for APVE in 2.3s
[17:31:15] 🔄 Identity reset
[17:31:18] 🧠 New identity created
[17:31:18] [238/458] TCCL
[17:31:19] [239/458] SCMO
[17:31:20] [240/458] SAUM
[17:31:21] [241/458] KCJS
[17:31:22] [242/458] NJCJ
[17:31:23] [243/458] NECF
[17:31:24] [244/458] CCGW
[17:31:25] [245/458] CCMG
[17:31:25] [246/458] NYRG
[17:31:26] 🔄 Identity reset
[17:31:26] 🔄 Identity rotated (every 10 requests)
[17:31:26] [247/458] NCSQ
[17:31:28] [248/458] GRCG
[17:31:29] [249/458] CCBT
[17:31:29] [250/458] ACGA
[17:31:30] [251/458] INAG
[17:31:31] [252/458] FUCG
[17:31:32] [253/458] AICF
[17:31:33] [254/458] GRGA
[17:31:34] [255/458] GDCN
[17:31:35] [256/458] RRCG
[17:31:35] 🔄 Identity reset
[17:31:35] 🔄 Identity rotated (every 10 requests)
[17:31:35] 🔄 Retry 1/5 for RRCG in 2.1s
[17:31:35] 🔄 Identity reset
[17:31:37] 🧠 New identity created
[17:31:38] [257/458] SDCH
[17:31:39] [258/458] WVJM
[17:31:40] [259/458] JCCZ
[17:31:40] [260/458] CNCL
[17:31:41] [261/458] TMLV
[17:31:42] [262/458] MEMB
[17:31:43] [263/458] SGTD
[17:31:44] [264/458] CONX
[17:31:45] [265/458] CCMH
[17:31:45] 🔄 Identity reset
[17:31:45] 🔄 Identity rotated (every 10 requests)
[17:31:46] [266/458] ACMC
[17:31:47] [267/458] DTPD
[17:31:48] [268/458] POJA
[17:31:49] [269/458] FNBH
[17:31:50] [270/458] CGCB
[17:31:51] [271/458] RACN
[17:31:52] [272/458] JTSM
[17:31:53] [273/458] SCDN
[17:31:54] [274/458] AACK
[17:31:55] [275/458] RMCE
[17:31:56] 🔄 Identity reset
[17:31:56] 🔄 Identity rotated (every 10 requests)
[17:31:56] 🔄 Retry 1/5 for RMCE in 2.5s
[17:31:56] 🔄 Identity reset
[17:31:58] 🧠 New identity created
[17:31:59] [276/458] BSGB
[17:31:59] [277/458] MRCB
[17:32:00] [278/458] SRVR
[17:32:01] [279/458] VTKK
[17:32:02] [280/458] AMST
[17:32:03] [281/458] APCY
[17:32:04] [282/458] LMHO
[17:32:05] [283/458] MTZH
[17:32:06] [284/458] AMZB
[17:32:07] 🔄 Identity reset
[17:32:07] 🔄 Identity rotated (every 10 requests)
[17:32:07] [285/458] SUVT
[17:32:08] [286/458] RCIP
[17:32:09] [287/458] KESR
[17:32:10] [288/458] SNKC
[17:32:11] [289/458] SCED
[17:32:12] [290/458] DVCA
[17:32:13] [291/458] VCDT
[17:32:14] [292/458] RRDI
[17:32:15] [293/458] DFCH
[17:32:16] [294/458] INSC
[17:32:16] 🔄 Identity reset
[17:32:16] 🔄 Identity rotated (every 10 requests)
[17:32:17] [295/458] RGTR
[17:32:18] [296/458] FMOT
[17:32:19] [297/458] SCPM
[17:32:20] [298/458] GCDT
[17:32:21] [299/458] BRKT
[17:32:22] [300/458] DEMP
[17:32:23] [301/458] SRLC
[17:32:23] [302/458] KSTT
[17:32:24] [303/458] SMMT
[17:32:26] [304/458] SILM
[17:32:27] 🔄 Identity reset
[17:32:27] 🔄 Identity rotated (every 10 requests)
[17:32:27] [305/458] JCVM
[17:32:28] [306/458] KCSV
[17:32:29] [307/458] MHLK
[17:32:30] [308/458] SLVL
[17:32:31] [309/458] RJKP
[17:32:32] [310/458] BBPC
[17:32:32] [311/458] MXCB
[17:32:33] [312/458] TCPK
[17:32:34] [313/458] RTBR
[17:32:35] [314/458] GAUT
[17:32:36] 🔄 Identity reset
[17:32:36] 🔄 Identity rotated (every 10 requests)
[17:32:36] [315/458] DVCF
[17:32:37] [316/458] JTSB
[17:32:38] [317/458] SBLS
[17:32:39] [318/458] UDAY
[17:32:40] [319/458] PTNP
[17:32:41] [320/458] DMKT
[17:32:42] [321/458] NTDT
[17:32:43] [322/458] SHDJ
[17:32:44] [323/458] OTNC
[17:32:45] [324/458] RNTW
[17:32:46] 🔄 Identity reset
[17:32:46] 🔄 Identity rotated (every 10 requests)
[17:32:46] [325/458] GCMI
[17:32:47] [326/458] CRCM
[17:32:48] [327/458] NNCZ
[17:32:48] [328/458] OEMO
[17:32:49] [329/458] PVJM
[17:32:50] [330/458] CPJI
[17:32:51] [331/458] RMCJ
[17:32:52] [332/458] CNWJ
[17:32:53] [333/458] EPJM
[17:32:54] [334/458] FNJJ
[17:32:54] 🔄 Identity reset
[17:32:54] 🔄 Identity rotated (every 10 requests)
[17:32:55] [335/458] GCMJ
[17:32:55] [336/458] INPS
[17:32:56] [337/458] BICJ
[17:32:57] [338/458] ISTJ
[17:32:58] [339/458] INJC
[17:32:59] [340/458] GLXJ
[17:33:00] [341/458] INEM
[17:33:01] [342/458] JTMN
[17:33:01] [343/458] FRCJ
[17:33:02] [344/458] DDJP
[17:33:03] 🔄 Identity reset
[17:33:03] 🔄 Identity rotated (every 10 requests)
[17:33:04] [345/458] INJV
[17:33:05] [346/458] GOLC
[17:33:06] [347/458] KOCI
[17:33:07] [348/458] FSTD
[17:33:08] [349/458] PACJ
[17:33:09] [350/458] GMCN
[17:33:11] [351/458] MMDJ
[17:33:11] [352/458] GODH
[17:33:12] [353/458] SKYN
[17:33:13] [354/458] NCTH
[17:33:14] 🔄 Identity reset
[17:33:14] 🔄 Identity rotated (every 10 requests)
[17:33:14] [355/458] SKVZ
[17:33:15] [356/458] SVML
[17:33:16] [357/458] ACVZ
[17:33:18] [358/458] SURA
[17:33:19] [359/458] RTRB
[17:33:20] [360/458] LLCT
[17:33:21] [361/458] ATTS
[17:33:22] [362/458] JYCM
[17:33:23] [363/458] CTKR
[17:33:24] [364/458] LCKR
[17:33:24] 🔄 Identity reset
[17:33:24] 🔄 Identity rotated (every 10 requests)
[17:33:24] [365/458] NYCV
[17:33:25] [366/458] NYOH
[17:33:26] [367/458] NOVX
[17:33:27] [368/458] MRGK
[17:33:28] [369/458] MOON
[17:33:29] [370/458] SBUC
[17:33:30] [371/458] GSVA
[17:33:31] [372/458] VIAK
[17:33:32] [373/458] SMVZ
[17:33:33] [374/458] MATE
[17:33:33] 🔄 Identity reset
[17:33:33] 🔄 Identity rotated (every 10 requests)
[17:33:33] 🔄 Retry 1/5 for MATE in 2.0s
[17:33:33] 🔄 Identity reset
[17:33:35] 🧠 New identity created
[17:33:36] [375/458] RDCN
[17:33:37] [376/458] ASBL
[17:33:38] [377/458] ASVS
[17:33:40] [378/458] ASSR
[17:33:40] [379/458] SSKN
[17:33:41] [380/458] DRPV
[17:33:42] [381/458] MRHT
[17:33:44] [382/458] BSCN
[17:33:46] [383/458] RKNX
[17:33:46] 🔄 Identity reset
[17:33:46] 🔄 Identity rotated (every 10 requests)
[17:33:47] [384/458] MSMC
[17:33:48] [385/458] MSCJ
[17:33:49] [386/458] BTBJ
[17:33:50] [387/458] MJCC
[17:33:50] [388/458] IOMM
[17:33:51] [389/458] ADGR
[17:33:52] [390/458] MYCP
[17:33:53] [391/458] IGCM
[17:33:54] [392/458] PGRK
[17:33:55] [393/458] VPGO
[17:33:56] 🔄 Identity reset
[17:33:56] 🔄 Identity rotated (every 10 requests)
[17:33:56] [394/458] KOMS
[17:33:57] [395/458] URGG
[17:33:59] [396/458] GOST
[17:34:00] [397/458] LACT
[17:34:01] [398/458] BWCM
[17:34:03] [399/458] NCCW
[17:34:04] [400/458] SKYC
[17:34:04] [401/458] CCPM
[17:34:05] [402/458] VCBT
[17:34:06] [403/458] SDKR
[17:34:07] 🔄 Identity reset
[17:34:07] 🔄 Identity rotated (every 10 requests)
[17:34:07] [404/458] CTYB
[17:34:08] [405/458] SHCX
[17:34:09] [406/458] RCUN
[17:34:10] [407/458] CNRA
[17:34:11] [408/458] RFCA
[17:34:11] [409/458] RDCU
[17:34:13] [410/458] SARK
[17:34:14] [411/458] SPPP
[17:34:15] [412/458] ADMB
[17:34:16] [413/458] JYOE
[17:34:16] 🔄 Identity reset
[17:34:16] 🔄 Identity rotated (every 10 requests)
[17:34:17] [414/458] SRMD
[17:34:18] [415/458] RJDH
[17:34:19] [416/458] SSTD
[17:34:20] [417/458] AACV
[17:34:21] [418/458] PPVD
[17:34:22] [419/458] STCP
[17:34:23] [420/458] ANLS
[17:34:24] [421/458] BIJO
[17:34:25] [422/458] AVAB
[17:34:26] [423/458] SPMD
[17:34:27] 🔄 Identity reset
[17:34:27] 🔄 Identity rotated (every 10 requests)
[17:34:27] [424/458] SVJL
[17:34:28] [425/458] SDDJ
[17:34:29] [426/458] SLTU
[17:34:30] [427/458] SAKA
[17:34:31] [428/458] PMAM
[17:34:32] [429/458] FNAM
[17:34:33] [430/458] ACAM
[17:34:34] [431/458] SCMM
[17:34:35] [432/458] PMAK
[17:34:36] [433/458] NYSA
[17:34:37] 🔄 Identity reset
[17:34:37] 🔄 Identity rotated (every 10 requests)
[17:34:37] [434/458] FCPA
[17:34:38] [435/458] GDAN
[17:34:39] [436/458] RSCA
[17:34:40] [437/458] DMAN
[17:34:41] [438/458] DZCM
[17:34:42] [439/458] NSGL
[17:34:44] [440/458] CCPP
[17:34:45] [441/458] PSMG
[17:34:45] [442/458] GSER
[17:34:46] [443/458] FCCT
[17:34:47] 🔄 Identity reset
[17:34:47] 🔄 Identity rotated (every 10 requests)
[17:34:47] [444/458] FCTB
[17:34:48] [445/458] LCNK
[17:34:49] [446/458] SKTY
[17:34:50] [447/458] INAA
[17:34:51] [448/458] RCWN
[17:34:52] [449/458] VAIS
[17:34:53] [450/458] CVMN
[17:34:54] [451/458] INTS
[17:34:55] [452/458] FRGS
[17:34:56] [453/458] DTCK
[17:34:57] 🔄 Identity reset
[17:34:57] 🔄 Identity rotated (every 10 requests)
[17:34:57] [454/458] MCMH
[17:34:58] [455/458] ECRR
[17:34:59] [456/458] RLLP
[17:35:00] [457/458] CCSN
[17:35:01] [458/458] CCBA
[17:35:01] 🧹 Deduping shows
[17:35:01] ✅ DONE | Shows=631 | Movies=41
