[17:27:20] 🚀 SCRIPT STARTED (enhanced anti‑detection)
[17:27:20] [1/456] FNDB
[17:27:20] 🧠 New identity created
[17:27:21] [2/456] AMBH
[17:27:22] [3/456] PRHN
[17:27:22] [4/456] ACPM
[17:27:24] [5/456] PVFS
[17:27:25] [6/456] AACN
[17:27:26] [7/456] ACAS
[17:27:27] [8/456] CTNR
[17:27:27] [9/456] MMAH
[17:27:28] [10/456] CPMH
[17:27:29] 🔄 Identity reset
[17:27:29] 🔄 Identity rotated (every 10 requests)
[17:27:29] [11/456] IGMH
[17:27:30] [12/456] ABCS
[17:27:31] [13/456] CMMA
[17:27:33] [14/456] GPRH
[17:27:34] [15/456] PNNG
[17:27:35] [16/456] AMCA
[17:27:36] [17/456] ISTN
[17:27:37] [18/456] PIIC
[17:27:39] [19/456] AHMH
[17:27:40] [20/456] ASHN
[17:27:40] 🔄 Identity reset
[17:27:40] 🔄 Identity rotated (every 10 requests)
[17:27:41] [21/456] INHY
[17:27:42] [22/456] SRMO
[17:27:43] [23/456] PIMH
[17:27:44] [24/456] PVTS
[17:27:45] [25/456] MMCA
[17:27:45] [26/456] AKYJ
[17:27:47] [27/456] BRKH
[17:27:48] [28/456] MAHM
[17:27:48] [29/456] CPHY
[17:27:50] [30/456] PVTP
[17:27:50] 🔄 Identity reset
[17:27:50] 🔄 Identity rotated (every 10 requests)
[17:27:51] [31/456] SMMR
[17:27:52] [32/456] PVHM
[17:27:52] [33/456] SNDY
[17:27:53] [34/456] GOKU
[17:27:54] [35/456] ACEV
[17:27:55] [36/456] PVUM
[17:27:56] [37/456] VSWA
[17:27:57] [38/456] IPRS
[17:27:58] [39/456] BKMV
[17:28:00] [40/456] PVYH
[17:28:00] 🔄 Identity reset
[17:28:00] 🔄 Identity rotated (every 10 requests)
[17:28:00] [41/456] INKM
[17:28:02] [42/456] ARJU
[17:28:04] [43/456] JJPP
[17:28:05] [44/456] SSRM
[17:28:06] [45/456] HMHD
[17:28:06] [46/456] SNKH
[17:28:07] [47/456] ACHI
[17:28:08] [48/456] MRAA
[17:28:09] [49/456] INMH
[17:28:10] [50/456] ARMH
[17:28:11] 🔄 Identity reset
[17:28:11] 🔄 Identity rotated (every 10 requests)
[17:28:11] [51/456] DVRR
[17:28:12] [52/456] SUDA
[17:28:13] [53/456] MCSS
[17:28:14] [54/456] VRKC
[17:28:15] [55/456] PRCX
[17:28:16] [56/456] ASJY
[17:28:17] [57/456] MTHY
[17:28:18] [58/456] SRCM
[17:28:19] [59/456] TVHY
[17:28:20] [60/456] STHD
[17:28:21] 🔄 Identity reset
[17:28:21] 🔄 Identity rotated (every 10 requests)
[17:28:21] [61/456] CPCL
[17:28:22] [62/456] PSMJ
[17:28:23] [63/456] MRGT
[17:28:24] [64/456] ARYH
[17:28:25] [65/456] VTRB
[17:28:26] [66/456] SCHC
[17:28:26] [67/456] MRRG
[17:28:27] [68/456] SPCB
[17:28:28] [69/456] AMCM
[17:28:29] [70/456] IVNM
[17:28:30] 🔄 Identity reset
[17:28:30] 🔄 Identity rotated (every 10 requests)
[17:28:30] [71/456] TRHY
[17:28:31] [72/456] PTTH
[17:28:32] [73/456] RKMH
[17:28:33] [74/456] PRCS
[17:28:34] [75/456] VAJA
[17:28:35] [76/456] BJNG
[17:28:36] [77/456] SCVM
[17:28:37] [78/456] GNHB
[17:28:38] [79/456] TLUR
[17:28:39] [80/456] UKCC
[17:28:39] 🔄 Identity reset
[17:28:40] 🔄 Identity rotated (every 10 requests)
[17:28:40] [81/456] SRKR
[17:28:41] [82/456] RMKN
[17:28:42] [83/456] SLRT
[17:28:43] [84/456] LKMT
[17:28:44] [85/456] SSRJ
[17:28:45] [86/456] SPHT
[17:28:45] [87/456] ANTT
[17:28:46] [88/456] SRCH
[17:28:47] [89/456] SRCA
[17:28:48] [90/456] ARTH
[17:28:49] 🔄 Identity reset
[17:28:49] 🔄 Identity rotated (every 10 requests)
[17:28:49] [91/456] MCBH
[17:28:51] [92/456] SNIB
[17:28:51] [93/456] SART
[17:28:53] [94/456] SKTA
[17:28:54] [95/456] YAKT
[17:28:55] [96/456] MLCK
[17:28:56] [97/456] ANTS
[17:28:57] [98/456] DGCA
[17:28:58] [99/456] SGMP
[17:28:59] [100/456] ASWN
[17:29:00] 🔄 Identity reset
[17:29:00] 🔄 Identity rotated (every 10 requests)
[17:29:00] [101/456] KFVU
[17:29:01] [102/456] POOR
[17:29:02] [103/456] GKDN
[17:29:03] [104/456] EOSE
[17:29:05] [105/456] GTTT
[17:29:06] [106/456] ARRO
[17:29:07] [107/456] CMMK
[17:29:08] [108/456] MSCN
[17:29:09] [109/456] GDKH
[17:29:10] [110/456] DLMT
[17:29:10] 🔄 Identity reset
[17:29:10] 🔄 Identity rotated (every 10 requests)
[17:29:10] [111/456] PVMF
[17:29:11] [112/456] CPCK
[17:29:12] [113/456] VMHE
[17:29:13] [114/456] PVLC
[17:29:14] [115/456] PCVB
[17:29:15] [116/456] SNYK
[17:29:16] [117/456] KTEK
[17:29:18] [118/456] PCNM
[17:29:18] [119/456] NTTR
[17:29:19] [120/456] CPSK
[17:29:20] 🔄 Identity reset
[17:29:20] 🔄 Identity rotated (every 10 requests)
[17:29:20] [121/456] JMMA
[17:29:21] [122/456] GCFK
[17:29:22] [123/456] MYCA
[17:29:24] [124/456] KSNP
[17:29:25] [125/456] PMCE
[17:29:25] [126/456] SCKI
[17:29:26] [127/456] FSMA
[17:29:27] [128/456] CETA
[17:29:28] [129/456] MCIK
[17:29:29] [130/456] MYCR
[17:29:30] 🔄 Identity reset
[17:29:30] 🔄 Identity rotated (every 10 requests)
[17:29:30] [131/456] EVMP
[17:29:31] [132/456] SSGT
[17:29:32] [133/456] KCTK
[17:29:32] [134/456] ZTKC
[17:29:33] [135/456] MMTA
[17:29:35] [136/456] MAJT
[17:29:36] [137/456] ACPK
[17:29:38] [138/456] JMAX
[17:29:39] [139/456] SETK
[17:29:39] [140/456] CAIS
[17:29:40] 🔄 Identity reset
[17:29:40] 🔄 Identity rotated (every 10 requests)
[17:29:40] [141/456] AGCD
[17:29:41] [142/456] URCL
[17:29:42] [143/456] VTDS
[17:29:43] [144/456] JCNM
[17:29:44] [145/456] KCAM
[17:29:45] [146/456] ADCU
[17:29:46] [147/456] GXYN
[17:29:47] [148/456] SMJG
[17:29:48] [149/456] EYCJ
[17:29:48] [150/456] CCEJ
[17:29:49] 🔄 Identity reset
[17:29:49] 🔄 Identity rotated (every 10 requests)
[17:29:49] [151/456] MARS
[17:29:50] [152/456] CPVJ
[17:29:51] [153/456] INVP
[17:29:52] [154/456] CPOV
[17:29:53] [155/456] VIJK
[17:29:54] [156/456] LAIM
[17:29:55] [157/456] STHV
[17:29:56] [158/456] SVLJ
[17:29:57] [159/456] ATVJ
[17:29:58] [160/456] JTSC
[17:29:58] 🔄 Identity reset
[17:29:58] 🔄 Identity rotated (every 10 requests)
[17:29:59] [161/456] RMTV
[17:30:00] [162/456] MGGG
[17:30:01] [163/456] SWTH
[17:30:03] [164/456] INVJ
[17:30:04] [165/456] PRSV
[17:30:05] [166/456] JATV
[17:30:06] [167/456] RCVD
[17:30:07] [168/456] BDMA
[17:30:08] [169/456] BLJI
[17:30:09] [170/456] SWOT
[17:30:09] 🔄 Identity reset
[17:30:09] 🔄 Identity rotated (every 10 requests)
[17:30:10] [171/456] SWRN
[17:30:12] [172/456] TVRA
[17:30:13] [173/456] NVRN
[17:30:14] [174/456] SIKC
[17:30:15] [175/456] VAKR
[17:30:15] [176/456] SYLN
[17:30:16] [177/456] KLJL
[17:30:17] [178/456] LKMY
[17:30:18] [179/456] VSLY
[17:30:19] [180/456] CIKO
[17:30:19] 🔄 Identity reset
[17:30:20] 🔄 Identity rotated (every 10 requests)
[17:30:20] [181/456] GPBG
[17:30:21] [182/456] CECM
[17:30:22] [183/456] SLKB
[17:30:23] [184/456] MTBO
[17:30:24] [185/456] SSHB
[17:30:25] [186/456] VPCS
[17:30:26] [187/456] RCSR
[17:30:27] [188/456] RJRM
[17:30:28] [189/456] KPPB
[17:30:29] [190/456] SEDC
[17:30:29] 🔄 Identity reset
[17:30:29] 🔄 Identity rotated (every 10 requests)
[17:30:30] [191/456] SCAI
[17:30:30] [192/456] RMTR
[17:30:31] [193/456] ASST
[17:30:33] [194/456] GCAK
[17:30:34] [195/456] ANNK
[17:30:35] [196/456] KDDF
[17:30:36] [197/456] NRDP
[17:30:38] [198/456] PLAK
[17:30:39] [199/456] GCMC
[17:30:40] [200/456] ALPY
[17:30:41] 🔄 Identity reset
[17:30:41] 🔄 Identity rotated (every 10 requests)
[17:30:41] [201/456] SICE
[17:30:42] [202/456] SISR
[17:30:43] [203/456] SRPZ
[17:30:44] [204/456] SRSW
[17:30:45] [205/456] SUYA
[17:30:46] [206/456] AMMT
[17:30:47] [207/456] BHCU
[17:30:48] [208/456] KLPA
[17:30:49] [209/456] NVKH
[17:30:50] [210/456] JMRC
[17:30:50] 🔄 Identity reset
[17:30:50] 🔄 Identity rotated (every 10 requests)
[17:30:51] [211/456] KTTT
[17:30:52] [212/456] MAGH
[17:30:53] [213/456] MMMX
[17:30:53] [214/456] SALJ
[17:30:54] [215/456] GTJA
[17:30:56] [216/456] MAHT
[17:30:57] [217/456] SSNN
[17:30:58] [218/456] ARRP
[17:30:58] [219/456] ATNS
[17:30:59] [220/456] SKDT
[17:31:00] 🔄 Identity reset
[17:31:00] 🔄 Identity rotated (every 10 requests)
[17:31:00] [221/456] ACAT
[17:31:01] [222/456] APRC
[17:31:02] [223/456] SWAG
[17:31:03] [224/456] SDPT
[17:31:04] [225/456] STPS
[17:31:05] [226/456] WWCZ
[17:31:06] [227/456] LLCH
[17:31:07] [228/456] MZHA
[17:31:08] [229/456] CRJG
[17:31:09] [230/456] JGTK
[17:31:10] 🔄 Identity reset
[17:31:10] 🔄 Identity rotated (every 10 requests)
[17:31:10] [231/456] KCSR
[17:31:12] [232/456] CHTL
[17:31:12] [233/456] EDSR
[17:31:13] [234/456] CSWO
[17:31:14] [235/456] CPVM
[17:31:15] [236/456] MXBY
[17:31:16] [237/456] FMMA
[17:31:17] [238/456] POVI
[17:31:18] [239/456] MTHB
[17:31:19] [240/456] INRC
[17:31:20] 🔄 Identity reset
[17:31:20] 🔄 Identity rotated (every 10 requests)
[17:31:20] [241/456] PIPP
[17:31:21] [242/456] BMXC
[17:31:22] [243/456] PCMM
[17:31:23] [244/456] PMKM
[17:31:24] [245/456] GATY
[17:31:25] [246/456] IMCM
[17:31:25] [247/456] POPE
[17:31:26] [248/456] MTCR
[17:31:28] [249/456] PVAE
[17:31:29] [250/456] PVMI
[17:31:30] 🔄 Identity reset
[17:31:30] 🔄 Identity rotated (every 10 requests)
[17:31:31] [251/456] CPNM
[17:31:31] [252/456] FMRL
[17:31:32] [253/456] MCIW
[17:31:33] [254/456] MXBO
[17:31:34] [255/456] FMKY
[17:31:35] [256/456] FMDA
[17:31:36] [257/456] THAB
[17:31:37] [258/456] PRCW
[17:31:38] [259/456] PITI
[17:31:39] [260/456] MCFF
[17:31:39] 🔄 Identity reset
[17:31:39] 🔄 Identity rotated (every 10 requests)
[17:31:40] [261/456] PDDV
[17:31:41] [262/456] MCRM
[17:31:42] [263/456] KKMB
[17:31:43] [264/456] INKO
[17:31:45] [265/456] PLXP
[17:31:46] [266/456] MMHA
[17:31:47] [267/456] FMVS
[17:31:48] [268/456] POLM
[17:31:49] [269/456] STER
[17:31:50] [270/456] PVWJ
[17:31:51] 🔄 Identity reset
[17:31:51] 🔄 Identity rotated (every 10 requests)
[17:31:51] [271/456] IMJW
[17:31:53] [272/456] FNAN
[17:31:54] [273/456] CAGL
[17:31:55] [274/456] IPBG
[17:31:56] [275/456] SMFV
[17:31:57] [276/456] MMMR
[17:31:58] [277/456] MMWM
[17:31:59] [278/456] FNCM
[17:32:00] [279/456] MDVA
[17:32:00] [280/456] MMET
[17:32:01] 🔄 Identity reset
[17:32:01] 🔄 Identity rotated (every 10 requests)
[17:32:01] [281/456] MIDO
[17:32:02] [282/456] INNP
[17:32:03] [283/456] MIFU
[17:32:05] [284/456] MMSZ
[17:32:06] [285/456] BMXA
[17:32:07] [286/456] MCAA
[17:32:07] [287/456] SCVP
[17:32:08] [288/456] PLUS
[17:32:09] [289/456] MUCK
[17:32:10] [290/456] MTMA
[17:32:11] 🔄 Identity reset
[17:32:11] 🔄 Identity rotated (every 10 requests)
[17:32:11] [291/456] HPVR
[17:32:12] [292/456] PMPK
[17:32:13] [293/456] MAJB
[17:32:14] [294/456] CTRR
[17:32:15] [295/456] MCTG
[17:32:16] [296/456] MACE
[17:32:17] [297/456] AAAS
[17:32:18] [298/456] CPVV
[17:32:19] [299/456] RCHG
[17:32:19] [300/456] MCNE
[17:32:20] 🔄 Identity reset
[17:32:20] 🔄 Identity rotated (every 10 requests)
[17:32:20] [301/456] EMNC
[17:32:21] [302/456] MCAN
[17:32:22] [303/456] TCDM
[17:32:23] [304/456] IRGT
[17:32:24] [305/456] GCMG
[17:32:25] [306/456] MXSN
[17:32:26] [307/456] MXCK
[17:32:27] [308/456] MCRC
[17:32:28] [309/456] RSMI
[17:32:29] [310/456] WAML
[17:32:29] 🔄 Identity reset
[17:32:29] 🔄 Identity rotated (every 10 requests)
[17:32:31] [311/456] MTSC
[17:32:32] [312/456] FMDR
[17:32:32] [313/456] LEPV
[17:32:33] [314/456] MTGD
[17:32:34] [315/456] IMOB
[17:32:35] [316/456] CLMM
[17:32:36] [317/456] PZCD
[17:32:37] [318/456] GOCS
[17:32:38] [319/456] KCMA
[17:32:39] [320/456] CCMP
[17:32:40] 🔄 Identity reset
[17:32:40] 🔄 Identity rotated (every 10 requests)
[17:32:41] [321/456] MTSU
[17:32:42] [322/456] SNGL
[17:32:43] [323/456] MMMC
[17:32:44] [324/456] MMAA
[17:32:44] [325/456] GCDM
[17:32:45] [326/456] KTMV
[17:32:46] [327/456] AETE
[17:32:47] [328/456] OMCS
[17:32:49] [329/456] GDCD
[17:32:50] [330/456] NYMD
[17:32:51] 🔄 Identity reset
[17:32:51] 🔄 Identity rotated (every 10 requests)
[17:32:51] [331/456] RNCV
[17:32:52] [332/456] KKMT
[17:32:53] [333/456] GDTH
[17:32:54] [334/456] KMMV
[17:32:55] [335/456] NHCG
[17:32:56] [336/456] PJDW
[17:32:57] [337/456] MMCV
[17:32:58] [338/456] FQSA
[17:32:59] [339/456] KURL
[17:33:00] [340/456] NNNX
[17:33:01] 🔄 Identity reset
[17:33:01] 🔄 Identity rotated (every 10 requests)
[17:33:01] 🔄 Retry 1/5 for NNNX in 2.5s
[17:33:01] 🔄 Identity reset
[17:33:03] 🧠 New identity created
[17:33:04] [341/456] AMAU
[17:33:04] [342/456] VVVM
[17:33:05] [343/456] VECU
[17:33:06] [344/456] WCVR
[17:33:07] [345/456] MTGG
[17:33:08] [346/456] SGTG
[17:33:09] [347/456] MNTG
[17:33:10] [348/456] JDDG
[17:33:11] [349/456] MBTK
[17:33:11] 🔄 Identity reset
[17:33:11] 🔄 Identity rotated (every 10 requests)
[17:33:12] [350/456] SGCD
[17:33:13] [351/456] MCTC
[17:33:13] [352/456] JTPC
[17:33:15] [353/456] SDKT
[17:33:16] [354/456] KRCC
[17:33:17] [355/456] RMMD
[17:33:18] [356/456] AAME
[17:33:19] [357/456] TMWC
[17:33:19] [358/456] NRWY
[17:33:20] [359/456] CITD
[17:33:21] 🔄 Identity reset
[17:33:21] 🔄 Identity rotated (every 10 requests)
[17:33:21] [360/456] VERD
[17:33:22] [361/456] MKSK
[17:33:23] [362/456] STSM
[17:33:24] [363/456] MJDG
[17:33:25] [364/456] RKPM
[17:33:26] [365/456] SSCE
[17:33:27] [366/456] VMAE
[17:33:28] [367/456] SBRU
[17:33:29] [368/456] AMBC
[17:33:30] [369/456] AMLU
[17:33:31] 🔄 Identity reset
[17:33:31] 🔄 Identity rotated (every 10 requests)
[17:33:31] [370/456] INVZ
[17:33:32] [371/456] LGTV
[17:33:32] [372/456] SVAD
[17:33:34] [373/456] SMSA
[17:33:34] [374/456] SPCZ
[17:33:35] [375/456] GTCX
[17:33:36] [376/456] SCSL
[17:33:37] [377/456] SAHU
[17:33:38] [378/456] NCDA
[17:33:39] [379/456] SCCG
[17:33:40] 🔄 Identity reset
[17:33:40] 🔄 Identity rotated (every 10 requests)
[17:33:40] [380/456] VKTL
[17:33:41] [381/456] PUUJ
[17:33:42] [382/456] STEJ
[17:33:43] [383/456] RJAL
[17:33:44] [384/456] ACJC
[17:33:45] [385/456] ARVB
[17:33:46] [386/456] AUBB
[17:33:47] [387/456] GDBR
[17:33:48] [388/456] PVND
[17:33:49] [389/456] BGRJ
[17:33:50] 🔄 Identity reset
[17:33:50] 🔄 Identity rotated (every 10 requests)
[17:33:50] 🔄 Retry 1/5 for BGRJ in 2.8s
[17:33:50] 🔄 Identity reset
[17:33:53] 🧠 New identity created
[17:33:53] [390/456] RJMM
[17:33:54] [391/456] MCSA
[17:33:55] [392/456] BODA
[17:33:56] [393/456] JAGG
[17:33:57] [394/456] SCGA
[17:33:58] [395/456] LRCM
[17:33:59] [396/456] CPCN
[17:34:00] [397/456] SSTF
[17:34:00] [398/456] SRXP
[17:34:01] 🔄 Identity reset
[17:34:01] 🔄 Identity rotated (every 10 requests)
[17:34:01] [399/456] CNFX
[17:34:02] [400/456] ANDI
[17:34:03] [401/456] SYEW
[17:34:04] [402/456] RCRE
[17:34:05] [403/456] SCRW
[17:34:06] [404/456] MBKR
[17:34:07] [405/456] ASNT
[17:34:08] [406/456] JTMT
[17:34:09] [407/456] SHAY
[17:34:09] [408/456] VRTH
[17:34:10] 🔄 Identity reset
[17:34:10] 🔄 Identity rotated (every 10 requests)
[17:34:10] [409/456] SPTI
[17:34:11] [410/456] DPTD
[17:34:12] [411/456] TGSN
[17:34:13] [412/456] RCWV
[17:34:14] [413/456] OCUR
[17:34:16] [414/456] KSTC
[17:34:17] [415/456] SANI
[17:34:17] [416/456] MLCA
[17:34:18] [417/456] EGCA
[17:34:19] [418/456] SYSN
[17:34:20] 🔄 Identity reset
[17:34:20] 🔄 Identity rotated (every 10 requests)
[17:34:20] [419/456] PKTA
[17:34:21] [420/456] PRCC
[17:34:22] [421/456] KSTR
[17:34:23] [422/456] SNTP
[17:34:24] [423/456] RCHA
[17:34:25] [424/456] SEEA
[17:34:26] [425/456] ALAT
[17:34:27] [426/456] AATV
[17:34:28] [427/456] RJTE
[17:34:29] [428/456] AAPP
[17:34:29] 🔄 Identity reset
[17:34:29] 🔄 Identity rotated (every 10 requests)
[17:34:37] [429/456] PMMH
[17:34:38] [430/456] INRJ
[17:34:39] [431/456] SARB
[17:34:40] [432/456] PCJL
[17:34:41] [433/456] PFJJ
[17:34:42] [434/456] GRDC
[17:34:43] [435/456] BCBA
[17:34:44] [436/456] VIXL
[17:34:45] [437/456] CSTL
[17:34:46] [438/456] MTDK
[17:34:46] 🔄 Identity reset
[17:34:46] 🔄 Identity rotated (every 10 requests)
[17:34:47] [439/456] TDAC
[17:34:48] [440/456] GTDN
[17:34:49] [441/456] TTDE
[17:34:49] [442/456] ASTS
[17:34:50] [443/456] CPNS
[17:34:51] [444/456] PVVW
[17:34:52] [445/456] USEB
[17:34:53] [446/456] DTYN
[17:34:54] [447/456] PVLE
[17:34:54] [448/456] CIPS
[17:34:55] 🔄 Identity reset
[17:34:55] 🔄 Identity rotated (every 10 requests)
[17:34:55] [449/456] PAEG
[17:34:56] [450/456] PTCW
[17:34:57] [451/456] G3SR
[17:34:58] [452/456] PGND
[17:34:59] [453/456] INVM
[17:35:00] [454/456] SPIA
[17:35:01] [455/456] PCSN
[17:35:02] [456/456] PPGV
[17:35:03] 🧹 Deduping shows
[17:35:03] ✅ DONE | Shows=764 | Movies=40
