[17:27:24] 🚀 SCRIPT STARTED (enhanced anti‑detection)
[17:27:24] [1/455] MXGN
[17:27:25] 🧠 New identity created
[17:27:25] [2/455] PGGM
[17:27:26] [3/455] IPMJ
[17:27:27] [4/455] M2PP
[17:27:28] [5/455] PMMS
[17:27:29] [6/455] SCJN
[17:27:30] [7/455] CPUM
[17:27:31] [8/455] SCND
[17:27:32] [9/455] INWM
[17:27:33] [10/455] DVDC
[17:27:33] 🔄 Identity reset
[17:27:33] 🔄 Identity rotated (every 10 requests)
[17:27:35] [11/455] WVND
[17:27:35] [12/455] LBDL
[17:27:36] [13/455] CRGM
[17:27:37] [14/455] PVKS
[17:27:38] [15/455] PBLL
[17:27:39] [16/455] FNLN
[17:27:40] [17/455] PPDA
[17:27:41] [18/455] SCPT
[17:27:42] [19/455] IAJS
[17:27:43] [20/455] MMZG
[17:27:44] 🔄 Identity reset
[17:27:44] 🔄 Identity rotated (every 10 requests)
[17:27:44] [21/455] MCTI
[17:27:45] [22/455] PPMF
[17:27:46] [23/455] FNSD
[17:27:47] [24/455] M2RH
[17:27:48] [25/455] CPGV
[17:27:49] [26/455] PECD
[17:27:50] [27/455] CTEE
[17:27:51] [28/455] IOMG
[17:27:52] [29/455] CIJA
[17:27:53] [30/455] NYCG
[17:27:53] 🔄 Identity reset
[17:27:53] 🔄 Identity rotated (every 10 requests)
[17:27:54] [31/455] CEST
[17:27:55] [32/455] WVRG
[17:27:56] [33/455] DPDC
[17:27:57] [34/455] PDIV
[17:27:58] [35/455] MTPP
[17:27:59] [36/455] MHNU
[17:28:00] [37/455] WUPG
[17:28:00] [38/455] USCO
[17:28:01] [39/455] INFR
[17:28:02] [40/455] PVPD
[17:28:03] 🔄 Identity reset
[17:28:03] 🔄 Identity rotated (every 10 requests)
[17:28:03] [41/455] RONC
[17:28:04] [42/455] IOCP
[17:28:05] [43/455] EMPS
[17:28:06] [44/455] PNAD
[17:28:08] [45/455] VVGZ
[17:28:09] [46/455] MDDC
[17:28:10] [47/455] MMAP
[17:28:12] [48/455] GPDC
[17:28:13] [49/455] PVPU
[17:28:14] [50/455] DCMV
[17:28:15] 🔄 Identity reset
[17:28:15] 🔄 Identity rotated (every 10 requests)
[17:28:15] [51/455] PCCF
[17:28:17] [52/455] MCEF
[17:28:17] [53/455] INRD
[17:28:19] [54/455] CCPZ
[17:28:20] [55/455] BCWG
[17:28:21] [56/455] PMGU
[17:28:21] [57/455] MCVM
[17:28:22] [58/455] MCDE
[17:28:23] [59/455] IEFM
[17:28:25] [60/455] MXCS
[17:28:25] 🔄 Identity reset
[17:28:25] 🔄 Identity rotated (every 10 requests)
[17:28:26] [61/455] RNMT
[17:28:27] [62/455] PSDD
[17:28:28] [63/455] PETA
[17:28:29] [64/455] IZOP
[17:28:30] [65/455] PDEI
[17:28:31] [66/455] MTND
[17:28:32] [67/455] PCPL
[17:28:33] [68/455] LSCM
[17:28:34] [69/455] BTFD
[17:28:35] [70/455] MERM
[17:28:36] 🔄 Identity reset
[17:28:36] 🔄 Identity rotated (every 10 requests)
[17:28:36] [71/455] PVMS
[17:28:37] [72/455] CIGK
[17:28:38] [73/455] INSG
[17:28:39] [74/455] IDEN
[17:28:40] [75/455] MCGN
[17:28:41] [76/455] IGAM
[17:28:42] [77/455] SLCU
[17:28:43] [78/455] MIMU
[17:28:43] [79/455] QLAC
[17:28:44] [80/455] MENL
[17:28:45] 🔄 Identity reset
[17:28:45] 🔄 Identity rotated (every 10 requests)
[17:28:45] [81/455] SCUR
[17:28:46] [82/455] MDGD
[17:28:47] [83/455] LSRS
[17:28:48] [84/455] KMLG
[17:28:49] [85/455] MKLJ
[17:28:50] [86/455] IBYG
[17:28:51] [87/455] ISML
[17:28:52] [88/455] MJMM
[17:28:53] [89/455] RCGD
[17:28:54] [90/455] MMOC
[17:28:55] 🔄 Identity reset
[17:28:55] 🔄 Identity rotated (every 10 requests)
[17:28:55] [91/455] RRCO
[17:28:56] [92/455] MEDM
[17:28:57] [93/455] MCAZ
[17:28:58] [94/455] STWA
[17:28:59] [95/455] PFFG
[17:29:00] [96/455] GAGC
[17:29:01] [97/455] PMPM
[17:29:02] [98/455] HVCD
[17:29:03] [99/455] AKRF
[17:29:04] [100/455] AKRC
[17:29:04] 🔄 Identity reset
[17:29:04] 🔄 Identity rotated (every 10 requests)
[17:29:05] [101/455] MIDA
[17:29:06] [102/455] MAGX
[17:29:07] [103/455] ESOS
[17:29:08] [104/455] BBCL
[17:29:09] [105/455] LYAS
[17:29:10] [106/455] NRMS
[17:29:11] [107/455] BHUC
[17:29:12] [108/455] SRIC
[17:29:12] [109/455] PDME
[17:29:14] [110/455] MJCS
[17:29:15] 🔄 Identity reset
[17:29:15] 🔄 Identity rotated (every 10 requests)
[17:29:15] [111/455] NRAA
[17:29:16] [112/455] VATA
[17:29:17] [113/455] MNKC
[17:29:18] [114/455] DHCL
[17:29:19] [115/455] JCPC
[17:29:20] [116/455] CTML
[17:29:22] [117/455] RMMR
[17:29:22] [118/455] STTL
[17:29:24] [119/455] CNPS
[17:29:25] [120/455] ACKL
[17:29:26] 🔄 Identity reset
[17:29:26] 🔄 Identity rotated (every 10 requests)
[17:29:26] [121/455] SCAU
[17:29:27] [122/455] RMIA
[17:29:28] [123/455] MANU
[17:29:29] [124/455] ARDC
[17:29:30] [125/455] GLDA
[17:29:31] [126/455] KVSW
[17:29:32] [127/455] CGCA
[17:29:33] [128/455] CMLO
[17:29:34] [129/455] CECB
[17:29:35] [130/455] RCPN
[17:29:35] 🔄 Identity reset
[17:29:35] 🔄 Identity rotated (every 10 requests)
[17:29:36] [131/455] ASMW
[17:29:37] [132/455] PWLM
[17:29:38] [133/455] ASGM
[17:29:39] [134/455] ACWH
[17:29:40] [135/455] AAPW
[17:29:41] [136/455] RTWA
[17:29:42] [137/455] RAMW
[17:29:43] [138/455] VKTR
[17:29:44] [139/455] SMBH
[17:29:45] [140/455] BVDR
[17:29:45] 🔄 Identity reset
[17:29:45] 🔄 Identity rotated (every 10 requests)
[17:29:46] [141/455] MRTP
[17:29:46] [142/455] BLBR
[17:29:47] [143/455] LPIN
[17:29:48] [144/455] SNPC
[17:29:49] [145/455] PDCB
[17:29:50] [146/455] DYPK
[17:29:52] [147/455] INMK
[17:29:53] [148/455] PDCK
[17:29:53] [149/455] PCKR
[17:29:54] [150/455] SHUA
[17:29:55] 🔄 Identity reset
[17:29:55] 🔄 Identity rotated (every 10 requests)
[17:29:55] [151/455] SCVK
[17:29:57] [152/455] STPA
[17:29:59] [153/455] WVHD
[17:30:00] [154/455] MRCH
[17:30:00] [155/455] MCNP
[17:30:01] [156/455] RCAG
[17:30:02] [157/455] JTSN
[17:30:03] [158/455] AANS
[17:30:04] [159/455] GDDR
[17:30:05] [160/455] SRER
[17:30:06] 🔄 Identity reset
[17:30:06] 🔄 Identity rotated (every 10 requests)
[17:30:06] [161/455] JKMA
[17:30:07] [162/455] ARAN
[17:30:08] [163/455] ALCT
[17:30:09] [164/455] CCTA
[17:30:10] [165/455] CNCT
[17:30:10] [166/455] NZBL
[17:30:11] [167/455] SRRA
[17:30:12] [168/455] SVPW
[17:30:13] [169/455] SRTW
[17:30:15] [170/455] XMTD
[17:30:15] 🔄 Identity reset
[17:30:15] 🔄 Identity rotated (every 10 requests)
[17:30:16] [171/455] SCCZ
[17:30:17] [172/455] PBCR
[17:30:18] [173/455] RTSC
[17:30:19] [174/455] TLSV
[17:30:20] [175/455] RMTK
[17:30:21] [176/455] SRAT
[17:30:22] [177/455] GCYC
[17:30:23] [178/455] HCAJ
[17:30:24] [179/455] LCXA
[17:30:25] [180/455] BINT
[17:30:25] 🔄 Identity reset
[17:30:25] 🔄 Identity rotated (every 10 requests)
[17:30:26] [181/455] IXIM
[17:30:27] [182/455] MBCR
[17:30:27] [183/455] BMCJ
[17:30:28] [184/455] NICJ
[17:30:29] [185/455] SCAJ
[17:30:30] [186/455] CMXS
[17:30:31] [187/455] MMSR
[17:30:32] [188/455] PRKT
[17:30:33] [189/455] LPTH
[17:30:34] [190/455] SARP
[17:30:34] 🔄 Identity reset
[17:30:34] 🔄 Identity rotated (every 10 requests)
[17:30:35] [191/455] MNPP
[17:30:36] [192/455] PRLR
[17:30:37] [193/455] RCMW
[17:30:38] [194/455] FCMG
[17:30:39] [195/455] RTNK
[17:30:40] [196/455] LRCP
[17:30:41] [197/455] DBJR
[17:30:42] [198/455] CACN
[17:30:43] [199/455] AMRL
[17:30:45] [200/455] SBBC
[17:30:45] 🔄 Identity reset
[17:30:45] 🔄 Identity rotated (every 10 requests)
[17:30:46] 🔄 Retry 1/5 for SBBC in 2.4s
[17:30:46] 🔄 Identity reset
[17:30:48] 🧠 New identity created
[17:30:48] [201/455] VENN
[17:30:49] [202/455] STSS
[17:30:50] [203/455] SMRB
[17:30:51] [204/455] CCMX
[17:30:52] [205/455] KCMR
[17:30:53] [206/455] SALH
[17:30:55] [207/455] CGTT
[17:30:56] [208/455] PMDR
[17:30:57] [209/455] VCPM
[17:30:57] 🔄 Identity reset
[17:30:57] 🔄 Identity rotated (every 10 requests)
[17:30:58] [210/455] RZMX
[17:30:59] [211/455] TMSY
[17:30:59] [212/455] NTMS
[17:31:00] [213/455] VTAG
[17:31:01] [214/455] REMA
[17:31:02] [215/455] NXCC
[17:31:03] [216/455] SKYM
[17:31:04] [217/455] CCMO
[17:31:05] [218/455] DMXM
[17:31:06] [219/455] SPPM
[17:31:07] 🔄 Identity reset
[17:31:07] 🔄 Identity rotated (every 10 requests)
[17:31:07] [220/455] PTKL
[17:31:08] [221/455] SLVO
[17:31:09] [222/455] VASL
[17:31:10] [223/455] CBCM
[17:31:11] [224/455] STMA
[17:31:12] [225/455] LASK
[17:31:13] [226/455] VITE
[17:31:13] [227/455] AAST
[17:31:14] [228/455] JTPT
[17:31:15] [229/455] RRSH
[17:31:16] 🔄 Identity reset
[17:31:16] 🔄 Identity rotated (every 10 requests)
[17:31:16] [230/455] CINL
[17:31:17] [231/455] MCSR
[17:31:18] [232/455] SBCF
[17:31:19] [233/455] GCDU
[17:31:20] [234/455] PSPR
[17:31:21] [235/455] IMMO
[17:31:23] [236/455] CLGM
[17:31:23] [237/455] PBMM
[17:31:24] [238/455] CEHR
[17:31:25] [239/455] CPOE
[17:31:26] 🔄 Identity reset
[17:31:26] 🔄 Identity rotated (every 10 requests)
[17:31:26] [240/455] PGFD
[17:31:27] [241/455] PSLC
[17:31:28] [242/455] MSMD
[17:31:29] [243/455] FMFB
[17:31:30] [244/455] RKCL
[17:31:31] [245/455] PMMC
[17:31:32] [246/455] SKMM
[17:31:33] [247/455] VOIB
[17:31:34] [248/455] KINO
[17:31:35] [249/455] VCTP
[17:31:36] 🔄 Identity reset
[17:31:36] 🔄 Identity rotated (every 10 requests)
[17:31:36] [250/455] PDWR
[17:31:37] [251/455] SAED
[17:31:38] [252/455] SRRT
[17:31:38] [253/455] CVLG
[17:31:40] [254/455] SNGN
[17:31:41] [255/455] SIDA
[17:31:42] [256/455] IMCB
[17:31:43] [257/455] SMHP
[17:31:44] [258/455] GDTY
[17:31:45] [259/455] VYCH
[17:31:46] 🔄 Identity reset
[17:31:46] 🔄 Identity rotated (every 10 requests)
[17:31:47] [260/455] PDYA
[17:31:48] [261/455] RKDO
[17:31:49] [262/455] VECG
[17:31:50] [263/455] NFGD
[17:31:51] [264/455] SNDC
[17:31:52] [265/455] SDJH
[17:31:52] [266/455] HASV
[17:31:53] [267/455] PTYK
[17:31:54] [268/455] MUTB
[17:31:55] [269/455] AMRT
[17:31:56] 🔄 Identity reset
[17:31:56] 🔄 Identity rotated (every 10 requests)
[17:31:56] [270/455] VACD
[17:31:57] [271/455] SKDD
[17:31:58] [272/455] STGR
[17:31:59] [273/455] GDAK
[17:32:00] [274/455] SKHK
[17:32:01] [275/455] SLND
[17:32:01] [276/455] APAP
[17:32:02] [277/455] AYYA
[17:32:03] [278/455] VCCZ
[17:32:05] [279/455] MEML
[17:32:05] 🔄 Identity reset
[17:32:05] 🔄 Identity rotated (every 10 requests)
[17:32:06] [280/455] MAOU
[17:32:07] [281/455] ESND
[17:32:08] [282/455] PTBZ
[17:32:09] [283/455] LBCN
[17:32:10] [284/455] PAWA
[17:32:11] [285/455] ZEIC
[17:32:12] [286/455] CGMM
[17:32:12] [287/455] PJPM
[17:32:13] [288/455] ECMR
[17:32:14] [289/455] SHMZ
[17:32:15] 🔄 Identity reset
[17:32:15] 🔄 Identity rotated (every 10 requests)
[17:32:15] [290/455] STCA
[17:32:16] [291/455] VDRC
[17:32:17] [292/455] SEEM
[17:32:19] [293/455] MKNS
[17:32:20] [294/455] KPPP
[17:32:21] [295/455] CCML
[17:32:22] [296/455] CIBA
[17:32:23] [297/455] NACS
[17:32:24] [298/455] CTMK
[17:32:25] [299/455] CTCT
[17:32:25] 🔄 Identity reset
[17:32:25] 🔄 Identity rotated (every 10 requests)
[17:32:26] [300/455] MCSN
[17:32:27] [301/455] MAXX
[17:32:28] [302/455] MECB
[17:32:29] [303/455] NTBY
[17:32:30] [304/455] UTBI
[17:32:31] [305/455] RADK
[17:32:32] [306/455] STBY
[17:32:33] [307/455] GTBY
[17:32:35] [308/455] RRMB
[17:32:36] [309/455] ABRN
[17:32:36] 🔄 Identity reset
[17:32:36] 🔄 Identity rotated (every 10 requests)
[17:32:37] [310/455] GTSG
[17:32:38] [311/455] GBTG
[17:32:38] [312/455] SBGS
[17:32:39] [313/455] KBPM
[17:32:40] [314/455] SMHT
[17:32:42] [315/455] VTDM
[17:32:43] [316/455] ASCT
[17:32:44] [317/455] AWCT
[17:32:45] [318/455] DCCU
[17:32:46] [319/455] PSCE
[17:32:46] 🔄 Identity reset
[17:32:46] 🔄 Identity rotated (every 10 requests)
[17:32:47] [320/455] KSNY
[17:32:47] [321/455] ACID
[17:32:49] [322/455] LVCD
[17:32:50] [323/455] KSSB
[17:32:50] [324/455] SWTD
[17:32:51] [325/455] RBMR
[17:32:52] [326/455] SCBC
[17:32:53] [327/455] RKME
[17:32:54] [328/455] GALX
[17:32:56] [329/455] GCCH
[17:32:56] 🔄 Identity reset
[17:32:56] 🔄 Identity rotated (every 10 requests)
[17:32:57] [330/455] RATR
[17:32:58] [331/455] GTGA
[17:32:59] [332/455] LTTR
[17:33:00] [333/455] TTAA
[17:33:02] [334/455] TVHP
[17:33:03] [335/455] KVCS
[17:33:04] [336/455] CBMC
[17:33:05] [337/455] MAYJ
[17:33:06] [338/455] INPR
[17:33:07] [339/455] RSSC
[17:33:07] 🔄 Identity reset
[17:33:07] 🔄 Identity rotated (every 10 requests)
[17:33:08] [340/455] PCAN
[17:33:09] [341/455] PVHR
[17:33:10] [342/455] AGSM
[17:33:11] [343/455] PVES
[17:33:12] [344/455] INTO
[17:33:14] [345/455] ACON
[17:33:16] [346/455] PVPZ
[17:33:17] [347/455] PVHC
[17:33:17] [348/455] KSTK
[17:33:18] [349/455] PVSR
[17:33:19] 🔄 Identity reset
[17:33:19] 🔄 Identity rotated (every 10 requests)
[17:33:19] [350/455] ACTN
[17:33:20] [351/455] FMCN
[17:33:21] [352/455] PABC
[17:33:22] [353/455] SUTC
[17:33:23] [354/455] PGMV
[17:33:24] [355/455] GKCP
[17:33:25] [356/455] INCH
[17:33:26] [357/455] MLMT
[17:33:27] [358/455] SSCC
[17:33:28] [359/455] SLMP
[17:33:29] 🔄 Identity reset
[17:33:29] 🔄 Identity rotated (every 10 requests)
[17:33:29] [360/455] VVTN
[17:33:30] [361/455] SBTR
[17:33:31] [362/455] PGRA
[17:33:32] [363/455] PBRM
[17:33:33] [364/455] GCRP
[17:33:34] [365/455] MCSK
[17:33:35] [366/455] NLTC
[17:33:35] [367/455] MTLM
[17:33:36] [368/455] VECT
[17:33:37] [369/455] KMRM
[17:33:38] 🔄 Identity reset
[17:33:38] 🔄 Identity rotated (every 10 requests)
[17:33:38] [370/455] RACM
[17:33:40] [371/455] WSTC
[17:33:41] [372/455] PVTJ
[17:33:43] [373/455] MMKC
[17:33:43] [374/455] SVWT
[17:33:44] [375/455] JOTG
[17:33:45] [376/455] VCDK
[17:33:46] [377/455] ANAC
[17:33:47] [378/455] GRTC
[17:33:48] [379/455] JTPL
[17:33:49] 🔄 Identity reset
[17:33:49] 🔄 Identity rotated (every 10 requests)
[17:33:49] [380/455] VRCP
[17:33:50] [381/455] REMC
[17:33:51] [382/455] ATMG
[17:33:52] [383/455] GAHC
[17:33:53] [384/455] JTMV
[17:33:54] [385/455] OMTT
[17:33:55] [386/455] GKKC
[17:33:56] [387/455] BBPO
[17:33:57] [388/455] ZCBB
[17:33:58] [389/455] DCGO
[17:33:59] 🔄 Identity reset
[17:33:59] 🔄 Identity rotated (every 10 requests)
[17:33:59] [390/455] STOP
[17:34:00] [391/455] BSPC
[17:34:01] [392/455] SOND
[17:34:03] [393/455] GCKG
[17:34:04] [394/455] PCDB
[17:34:05] [395/455] PGRC
[17:34:06] [396/455] CSCT
[17:34:07] [397/455] STDA
[17:34:07] [398/455] JAYD
[17:34:08] [399/455] PPPD
[17:34:09] 🔄 Identity reset
[17:34:09] 🔄 Identity rotated (every 10 requests)
[17:34:09] [400/455] KRTT
[17:34:10] [401/455] PTDT
[17:34:11] [402/455] TRSV
[17:34:12] [403/455] VELR
[17:34:13] [404/455] STDT
[17:34:14] [405/455] SATT
[17:34:16] [406/455] KCPM
[17:34:17] [407/455] MFCP
[17:34:19] [408/455] AXMP
[17:34:20] [409/455] LTVB
[17:34:20] 🔄 Identity reset
[17:34:20] 🔄 Identity rotated (every 10 requests)
[17:34:21] [410/455] APST
[17:34:21] [411/455] DTVP
[17:34:22] [412/455] AAVB
[17:34:23] [413/455] PMBL
[17:34:24] [414/455] STKC
[17:34:25] [415/455] KKMA
[17:34:26] [416/455] NMXS
[17:34:27] [417/455] DECX
[17:34:28] [418/455] MAPJ
[17:34:29] [419/455] SMLK
[17:34:30] 🔄 Identity reset
[17:34:30] 🔄 Identity rotated (every 10 requests)
[17:34:30] [420/455] PMPU
[17:34:32] [421/455] AFST
[17:34:33] [422/455] SRSY
[17:34:34] [423/455] RMKT
[17:34:35] [424/455] RAJX
[17:34:36] [425/455] UVCD
[17:34:37] [426/455] LISA
[17:34:37] [427/455] LMSR
[17:34:38] [428/455] PMCA
[17:34:39] [429/455] INPO
[17:34:40] 🔄 Identity reset
[17:34:40] 🔄 Identity rotated (every 10 requests)
[17:34:40] [430/455] INGO
[17:34:41] [431/455] HFSQ
[17:34:42] [432/455] INMG
[17:34:43] [433/455] NYCP
[17:34:44] [434/455] HFSV
[17:34:45] [435/455] MMZP
[17:34:46] [436/455] KSES
[17:34:47] [437/455] HFSA
[17:34:47] [438/455] ACMM
[17:34:49] [439/455] RCKD
[17:34:49] 🔄 Identity reset
[17:34:49] 🔄 Identity rotated (every 10 requests)
[17:34:50] [440/455] BCKR
[17:34:51] [441/455] SFCO
[17:34:53] [442/455] JCCB
[17:34:54] [443/455] BCCR
[17:34:55] [444/455] NWCB
[17:34:56] [445/455] SAMT
[17:34:57] [446/455] TMST
[17:34:58] [447/455] SJCN
[17:34:59] [448/455] MCBS
[17:34:59] [449/455] CMKR
[17:35:00] 🔄 Identity reset
[17:35:00] 🔄 Identity rotated (every 10 requests)
[17:35:01] [450/455] INPM
[17:35:01] [451/455] WVMT
[17:35:03] [452/455] NYSM
[17:35:04] [453/455] RCMA
[17:35:05] [454/455] RECM
[17:35:06] [455/455] CYCM
[17:35:07] 🧹 Deduping shows
[17:35:07] ✅ DONE | Shows=487 | Movies=42
