[17:27:21] 🚀 SCRIPT STARTED (enhanced anti‑detection)
[17:27:21] [1/459] MCCZ
[17:27:22] 🧠 New identity created
[17:27:22] [2/459] FRPU
[17:27:23] [3/459] SKSI
[17:27:24] [4/459] SSCK
[17:27:25] [5/459] SRDC
[17:27:26] [6/459] RSCZ
[17:27:27] [7/459] PRVT
[17:27:28] [8/459] GAGJ
[17:27:29] [9/459] SMHG
[17:27:30] [10/459] JTST
[17:27:30] 🔄 Identity reset
[17:27:30] 🔄 Identity rotated (every 10 requests)
[17:27:31] [11/459] MYTH
[17:27:32] [12/459] JPCC
[17:27:33] [13/459] ACDC
[17:27:34] [14/459] SVFP
[17:27:35] [15/459] SFCM
[17:27:36] [16/459] RUPK
[17:27:37] [17/459] NTCR
[17:27:38] [18/459] RTCH
[17:27:39] [19/459] SCMH
[17:27:40] [20/459] SVYM
[17:27:41] 🔄 Identity reset
[17:27:41] 🔄 Identity rotated (every 10 requests)
[17:27:41] [21/459] SPYM
[17:27:42] [22/459] SMMF
[17:27:43] [23/459] CLLB
[17:27:44] [24/459] FMCB
[17:27:45] [25/459] BBTC
[17:27:46] [26/459] NTHS
[17:27:47] [27/459] PKKJ
[17:27:48] [28/459] MTJA
[17:27:49] [29/459] PMSJ
[17:27:50] [30/459] JMJU
[17:27:50] 🔄 Identity reset
[17:27:50] 🔄 Identity rotated (every 10 requests)
[17:27:51] [31/459] SRAD
[17:27:52] [32/459] MJMC
[17:27:52] [33/459] DFRM
[17:27:53] [34/459] PMRS
[17:27:55] [35/459] RKPP
[17:27:56] [36/459] BMBK
[17:27:57] [37/459] NEWS
[17:27:58] [38/459] SALB
[17:27:59] [39/459] SCPW
[17:28:00] [40/459] RAYL
[17:28:00] 🔄 Identity reset
[17:28:00] 🔄 Identity rotated (every 10 requests)
[17:28:01] [41/459] CMGJ
[17:28:02] [42/459] JRCR
[17:28:03] [43/459] SRTB
[17:28:03] [44/459] ETPB
[17:28:04] [45/459] MXBN
[17:28:05] [46/459] TOPE
[17:28:06] [47/459] SNLJ
[17:28:07] [48/459] CDDP
[17:28:08] [49/459] APCX
[17:28:09] [50/459] TALP
[17:28:10] 🔄 Identity reset
[17:28:10] 🔄 Identity rotated (every 10 requests)
[17:28:10] [51/459] RRMP
[17:28:11] [52/459] MAHB
[17:28:12] [53/459] MTKR
[17:28:13] [54/459] KSKL
[17:28:14] [55/459] RJLT
[17:28:15] [56/459] ATAS
[17:28:16] [57/459] AMHR
[17:28:17] [58/459] RSRM
[17:28:18] [59/459] GCAT
[17:28:19] [60/459] SMML
[17:28:19] 🔄 Identity reset
[17:28:19] 🔄 Identity rotated (every 10 requests)
[17:28:20] [61/459] ACCD
[17:28:20] [62/459] VYDA
[17:28:21] [63/459] MSKT
[17:28:22] [64/459] AVDM
[17:28:23] [65/459] ASMH
[17:28:24] [66/459] VTMB
[17:28:26] [67/459] WVMB
[17:28:27] [68/459] PPMN
[17:28:28] [69/459] MTMD
[17:28:28] [70/459] SMMO
[17:28:29] 🔄 Identity reset
[17:28:29] 🔄 Identity rotated (every 10 requests)
[17:28:29] [71/459] DLPB
[17:28:31] [72/459] AKMD
[17:28:32] [73/459] SHRR
[17:28:34] [74/459] ASCO
[17:28:35] [75/459] CZVX
[17:28:35] [76/459] GCBB
[17:28:36] [77/459] ATBM
[17:28:37] [78/459] TCGM
[17:28:38] [79/459] UMSE
[17:28:39] [80/459] NKCL
[17:28:40] 🔄 Identity reset
[17:28:40] 🔄 Identity rotated (every 10 requests)
[17:28:40] [81/459] BTLR
[17:28:41] [82/459] GOCL
[17:28:42] [83/459] MIRN
[17:28:43] [84/459] THEC
[17:28:43] [85/459] SPPB
[17:28:45] [86/459] PMMM
[17:28:46] [87/459] GGMC
[17:28:47] [88/459] AVSR
[17:28:48] [89/459] RDMH
[17:28:49] [90/459] JSRS
[17:28:49] 🔄 Identity reset
[17:28:49] 🔄 Identity rotated (every 10 requests)
[17:28:50] [91/459] VKGP
[17:28:51] [92/459] ACRT
[17:28:53] [93/459] GCBA
[17:28:53] [94/459] GTCP
[17:28:54] [95/459] AKFC
[17:28:55] [96/459] INCS
[17:28:56] [97/459] SMCK
[17:28:57] [98/459] BRUN
[17:28:58] [99/459] RPPC
[17:28:59] [100/459] PAYD
[17:29:00] 🔄 Identity reset
[17:29:00] 🔄 Identity rotated (every 10 requests)
[17:29:00] 🔄 Retry 1/5 for PAYD in 2.1s
[17:29:00] 🔄 Identity reset
[17:29:02] 🧠 New identity created
[17:29:03] [101/459] SVVT
[17:29:03] [102/459] RNCC
[17:29:05] [103/459] PCRC
[17:29:05] [104/459] PMRM
[17:29:07] [105/459] CCRP
[17:29:08] [106/459] INCR
[17:29:08] [107/459] ZTMP
[17:29:10] [108/459] MCNR
[17:29:10] [109/459] INRP
[17:29:11] 🔄 Identity reset
[17:29:11] 🔄 Identity rotated (every 10 requests)
[17:29:12] [110/459] STRC
[17:29:13] [111/459] RATI
[17:29:13] [112/459] PBTR
[17:29:14] [113/459] CMHP
[17:29:15] [114/459] ZECJ
[17:29:16] [115/459] CCCB
[17:29:17] [116/459] BWCB
[17:29:18] [117/459] CCAT
[17:29:19] [118/459] KGCM
[17:29:19] [119/459] INPT
[17:29:20] 🔄 Identity reset
[17:29:20] 🔄 Identity rotated (every 10 requests)
[17:29:20] [120/459] FNCO
[17:29:21] [121/459] SRMJ
[17:29:22] [122/459] PFSC
[17:29:23] [123/459] PBMC
[17:29:24] [124/459] KARP
[17:29:25] [125/459] KOVI
[17:29:26] [126/459] ACXL
[17:29:27] [127/459] GKCC
[17:29:27] [128/459] ASCC
[17:29:28] [129/459] SETC
[17:29:29] 🔄 Identity reset
[17:29:29] 🔄 Identity rotated (every 10 requests)
[17:29:29] [130/459] KACC
[17:29:30] [131/459] KAVE
[17:29:31] [132/459] CNTC
[17:29:32] [133/459] MEEN
[17:29:33] [134/459] BMRV
[17:29:34] [135/459] SVAM
[17:29:35] [136/459] VTBP
[17:29:36] [137/459] VCKN
[17:29:37] [138/459] SGTK
[17:29:38] [139/459] RCGS
[17:29:38] 🔄 Identity reset
[17:29:38] 🔄 Identity rotated (every 10 requests)
[17:29:39] [140/459] RCCB
[17:29:40] [141/459] RKSR
[17:29:40] [142/459] RKCU
[17:29:42] [143/459] GIBH
[17:29:44] [144/459] CXBS
[17:29:45] [145/459] GGCB
[17:29:46] [146/459] SCPB
[17:29:47] [147/459] AKTB
[17:29:48] [148/459] SRBU
[17:29:49] [149/459] CSSA
[17:29:49] 🔄 Identity reset
[17:29:49] 🔄 Identity rotated (every 10 requests)
[17:29:50] [150/459] MYAN
[17:29:51] [151/459] EXCA
[17:29:52] [152/459] CKSA
[17:29:53] [153/459] JTNM
[17:29:55] [154/459] CXKT
[17:29:56] [155/459] NCLM
[17:29:57] [156/459] JAAD
[17:29:58] [157/459] RDCR
[17:29:59] [158/459] MEER
[17:30:00] [159/459] SIBT
[17:30:01] 🔄 Identity reset
[17:30:01] 🔄 Identity rotated (every 10 requests)
[17:30:01] 🔄 Retry 1/5 for SIBT in 2.1s
[17:30:01] 🔄 Identity reset
[17:30:03] 🧠 New identity created
[17:30:03] [160/459] PVVB
[17:30:04] [161/459] FNPN
[17:30:05] [162/459] CRPX
[17:30:06] [163/459] STET
[17:30:08] [164/459] METE
[17:30:09] [165/459] BJML
[17:30:10] [166/459] MAVT
[17:30:11] [167/459] MSRM
[17:30:12] [168/459] TJMP
[17:30:12] 🔄 Identity reset
[17:30:12] 🔄 Identity rotated (every 10 requests)
[17:30:13] [169/459] MHCK
[17:30:13] [170/459] SVGP
[17:30:14] [171/459] KRRC
[17:30:15] [172/459] IMCH
[17:30:16] [173/459] CMCS
[17:30:18] [174/459] SGND
[17:30:19] [175/459] RNAT
[17:30:20] [176/459] PRTN
[17:30:21] [177/459] MPTN
[17:30:22] [178/459] ARCC
[17:30:22] 🔄 Identity reset
[17:30:22] 🔄 Identity rotated (every 10 requests)
[17:30:23] [179/459] NTTE
[17:30:24] [180/459] ABND
[17:30:25] [181/459] KCSN
[17:30:26] [182/459] KCSA
[17:30:27] [183/459] DCKT
[17:30:28] [184/459] MBBR
[17:30:29] [185/459] RAMU
[17:30:31] [186/459] RACW
[17:30:31] [187/459] MCHP
[17:30:32] [188/459] TMHM
[17:30:33] 🔄 Identity reset
[17:30:33] 🔄 Identity rotated (every 10 requests)
[17:30:33] 🔄 Retry 1/5 for TMHM in 2.0s
[17:30:33] 🔄 Identity reset
[17:30:35] 🧠 New identity created
[17:30:36] [189/459] STXH
[17:30:37] [190/459] AGSG
[17:30:38] [191/459] SIRA
[17:30:39] [192/459] RCAN
[17:30:40] [193/459] CWTB
[17:30:41] [194/459] VTYM
[17:30:42] [195/459] RRPP
[17:30:43] [196/459] ASMR
[17:30:44] [197/459] RONO
[17:30:45] 🔄 Identity reset
[17:30:45] 🔄 Identity rotated (every 10 requests)
[17:30:45] [198/459] MEMR
[17:30:46] [199/459] CTMR
[17:30:47] [200/459] PMTT
[17:30:48] [201/459] PSLX
[17:30:49] [202/459] IPPL
[17:30:50] [203/459] MMSG
[17:30:51] [204/459] INEL
[17:30:52] [205/459] COAC
[17:30:53] [206/459] WVLK
[17:30:55] [207/459] PPXL
[17:30:55] 🔄 Identity reset
[17:30:55] 🔄 Identity rotated (every 10 requests)
[17:30:55] [208/459] PSML
[17:30:56] [209/459] FNLK
[17:30:57] [210/459] ILUM
[17:30:59] [211/459] ILCM
[17:31:00] [212/459] MSNL
[17:31:01] [213/459] VINB
[17:31:02] [214/459] SALW
[17:31:03] [215/459] PRTB
[17:31:04] [216/459] NCIL
[17:31:05] [217/459] PSUL
[17:31:05] 🔄 Identity reset
[17:31:05] 🔄 Identity rotated (every 10 requests)
[17:31:06] [218/459] SCLK
[17:31:07] [219/459] ADDC
[17:31:08] [220/459] OACL
[17:31:09] [221/459] OOCF
[17:31:10] [222/459] GPMF
[17:31:11] [223/459] SSDG
[17:31:12] [224/459] SKRS
[17:31:13] [225/459] NTTP
[17:31:14] [226/459] SLTP
[17:31:15] [227/459] JTLC
[17:31:15] 🔄 Identity reset
[17:31:15] 🔄 Identity rotated (every 10 requests)
[17:31:16] [228/459] POON
[17:31:17] [229/459] CCPC
[17:31:18] [230/459] DCKC
[17:31:18] [231/459] CPRT
[17:31:19] [232/459] EYHZ
[17:31:21] [233/459] ARBL
[17:31:22] [234/459] SBTB
[17:31:23] [235/459] MMCK
[17:31:24] [236/459] PLMR
[17:31:25] [237/459] BIJH
[17:31:26] 🔄 Identity reset
[17:31:26] 🔄 Identity rotated (every 10 requests)
[17:31:26] 🔄 Retry 1/5 for BIJH in 2.7s
[17:31:26] 🔄 Identity reset
[17:31:29] 🧠 New identity created
[17:31:29] [238/459] SDRT
[17:31:30] [239/459] PRDC
[17:31:31] [240/459] OMJA
[17:31:32] [241/459] VKCR
[17:31:33] [242/459] ATRT
[17:31:34] [243/459] WVRP
[17:31:35] [244/459] MVRP
[17:31:36] [245/459] FCAX
[17:31:37] [246/459] CTLC
[17:31:38] 🔄 Identity reset
[17:31:38] 🔄 Identity rotated (every 10 requests)
[17:31:38] [247/459] JCHB
[17:31:39] [248/459] SELP
[17:31:40] [249/459] VCPG
[17:31:41] [250/459] ASCX
[17:31:42] [251/459] EOCS
[17:31:43] [252/459] RCPH
[17:31:44] [253/459] RJTM
[17:31:45] [254/459] SGMD
[17:31:46] [255/459] SVJT
[17:31:47] [256/459] SPPO
[17:31:47] 🔄 Identity reset
[17:31:47] 🔄 Identity rotated (every 10 requests)
[17:31:48] [257/459] MNRL
[17:31:49] [258/459] KNOX
[17:31:50] [259/459] GIER
[17:31:50] [260/459] PJMS
[17:31:51] [261/459] UNSP
[17:31:52] [262/459] JETP
[17:31:53] [263/459] VTWA
[17:31:55] [264/459] SCJI
[17:31:56] [265/459] CBZZ
[17:31:57] [266/459] SDCJ
[17:31:58] 🔄 Identity reset
[17:31:58] 🔄 Identity rotated (every 10 requests)
[17:31:58] [267/459] RRCC
[17:31:59] [268/459] VNKG
[17:32:00] [269/459] LKTO
[17:32:01] [270/459] PJRM
[17:32:02] [271/459] NVRM
[17:32:02] [272/459] SJCS
[17:32:03] [273/459] VIGK
[17:32:04] [274/459] ANST
[17:32:05] [275/459] JTTS
[17:32:06] [276/459] NTST
[17:32:07] 🔄 Identity reset
[17:32:07] 🔄 Identity rotated (every 10 requests)
[17:32:07] [277/459] PREB
[17:32:08] [278/459] TSCZ
[17:32:09] [279/459] CDCM
[17:32:10] [280/459] ELYE
[17:32:11] [281/459] INBS
[17:32:12] [282/459] SMGC
[17:32:13] [283/459] UTMP
[17:32:14] [284/459] INTA
[17:32:15] [285/459] OMPT
[17:32:16] [286/459] SCIR
[17:32:17] 🔄 Identity reset
[17:32:17] 🔄 Identity rotated (every 10 requests)
[17:32:17] [287/459] GCKJ
[17:32:18] [288/459] INOG
[17:32:20] [289/459] SMGB
[17:32:21] [290/459] MCSG
[17:32:22] [291/459] STKG
[17:32:23] [292/459] TTKG
[17:32:24] [293/459] SRTR
[17:32:25] [294/459] ETTR
[17:32:25] [295/459] GGGZ
[17:32:26] [296/459] IPGM
[17:32:27] 🔄 Identity reset
[17:32:27] 🔄 Identity rotated (every 10 requests)
[17:32:27] [297/459] FCDH
[17:32:28] [298/459] DESB
[17:32:29] [299/459] VNTP
[17:32:30] [300/459] ANNT
[17:32:31] [301/459] SLTI
[17:32:32] [302/459] MAJU
[17:32:33] [303/459] JCXP
[17:32:34] [304/459] HARK
[17:32:35] [305/459] JPCJ
[17:32:36] [306/459] RXBD
[17:32:36] 🔄 Identity reset
[17:32:36] 🔄 Identity rotated (every 10 requests)
[17:32:37] [307/459] PTKJ
[17:32:38] [308/459] CMTU
[17:32:39] [309/459] SWOR
[17:32:39] [310/459] JMEX
[17:32:40] [311/459] DTPT
[17:32:41] [312/459] VGMM
[17:32:42] [313/459] VCSG
[17:32:43] [314/459] CVCG
[17:32:44] [315/459] TNTT
[17:32:45] [316/459] SHRM
[17:32:46] 🔄 Identity reset
[17:32:46] 🔄 Identity rotated (every 10 requests)
[17:32:47] [317/459] CGKD
[17:32:48] [318/459] EKCM
[17:32:49] [319/459] SDCX
[17:32:50] [320/459] SBTE
[17:32:51] [321/459] STKJ
[17:32:52] [322/459] TPCE
[17:32:53] [323/459] JTNP
[17:32:54] [324/459] LPCH
[17:32:54] [325/459] CPUO
[17:32:55] [326/459] APSU
[17:32:56] 🔄 Identity reset
[17:32:56] 🔄 Identity rotated (every 10 requests)
[17:32:57] [327/459] RTHC
[17:32:57] [328/459] PTBU
[17:32:58] [329/459] CUCC
[17:32:59] [330/459] CPSA
[17:33:00] [331/459] SUAY
[17:33:01] [332/459] AYAA
[17:33:02] [333/459] MUCH
[17:33:03] [334/459] PCIN
[17:33:04] [335/459] JRRM
[17:33:05] [336/459] KATS
[17:33:05] 🔄 Identity reset
[17:33:05] 🔄 Identity rotated (every 10 requests)
[17:33:05] 🔄 Retry 1/5 for KATS in 2.6s
[17:33:05] 🔄 Identity reset
[17:33:08] 🧠 New identity created
[17:33:09] [337/459] MHFF
[17:33:10] [338/459] ESYM
[17:33:10] [339/459] STYV
[17:33:11] [340/459] SDKG
[17:33:13] [341/459] SMTI
[17:33:14] [342/459] NYCS
[17:33:15] [343/459] MTBG
[17:33:16] [344/459] RHCA
[17:33:17] [345/459] PCKH
[17:33:17] 🔄 Identity reset
[17:33:17] 🔄 Identity rotated (every 10 requests)
[17:33:18] [346/459] ARCR
[17:33:19] [347/459] NCMB
[17:33:20] [348/459] SHYC
[17:33:21] [349/459] LACK
[17:33:22] [350/459] MTCM
[17:33:22] [351/459] RRBN
[17:33:23] [352/459] MYDC
[17:33:24] [353/459] STCS
[17:33:25] [354/459] CONN
[17:33:26] [355/459] SIPS
[17:33:27] 🔄 Identity reset
[17:33:27] 🔄 Identity rotated (every 10 requests)
[17:33:27] [356/459] SMMX
[17:33:28] [357/459] SCBY
[17:33:29] [358/459] SUAP
[17:33:30] [359/459] RSMK
[17:33:31] [360/459] STKP
[17:33:33] [361/459] CIPC
[17:33:34] [362/459] KKCI
[17:33:35] [363/459] CTNK
[17:33:36] [364/459] MMTZ
[17:33:37] [365/459] DCCO
[17:33:37] 🔄 Identity reset
[17:33:37] 🔄 Identity rotated (every 10 requests)
[17:33:38] [366/459] VNMN
[17:33:38] [367/459] RLCN
[17:33:40] [368/459] CMMS
[17:33:41] [369/459] AYOU
[17:33:41] [370/459] SSCN
[17:33:42] [371/459] SMXN
[17:33:43] [372/459] ASSK
[17:33:44] [373/459] VCKM
[17:33:45] [374/459] PCPH
[17:33:46] [375/459] PADM
[17:33:47] 🔄 Identity reset
[17:33:47] 🔄 Identity rotated (every 10 requests)
[17:33:48] [376/459] IESA
[17:33:49] [377/459] VCSP
[17:33:49] [378/459] AEST
[17:33:50] [379/459] VTNR
[17:33:51] [380/459] GTTA
[17:33:52] [381/459] CMMM
[17:33:53] [382/459] AHKT
[17:33:54] [383/459] SIJI
[17:33:55] [384/459] VCEI
[17:33:56] [385/459] SAKR
[17:33:57] 🔄 Identity reset
[17:33:57] 🔄 Identity rotated (every 10 requests)
[17:33:58] [386/459] VSMT
[17:33:59] [387/459] SSCT
[17:34:00] [388/459] USTR
[17:34:01] [389/459] MTKT
[17:34:03] [390/459] TGMP
[17:34:04] [391/459] SIVC
[17:34:06] [392/459] KICT
[17:34:07] [393/459] DAMD
[17:34:07] [394/459] CNPT
[17:34:08] [395/459] RVTT
[17:34:09] 🔄 Identity reset
[17:34:09] 🔄 Identity rotated (every 10 requests)
[17:34:10] [396/459] SNCM
[17:34:11] [397/459] GHTE
[17:34:12] [398/459] PPAM
[17:34:13] [399/459] PVAA
[17:34:14] [400/459] CPAO
[17:34:15] [401/459] HAMD
[17:34:16] [402/459] RCCA
[17:34:18] [403/459] MPCH
[17:34:18] [404/459] ARED
[17:34:19] [405/459] RRCV
[17:34:20] 🔄 Identity reset
[17:34:20] 🔄 Identity rotated (every 10 requests)
[17:34:20] [406/459] MTRB
[17:34:21] [407/459] CKUA
[17:34:22] [408/459] ABMP
[17:34:23] [409/459] RCWA
[17:34:24] [410/459] CGAR
[17:34:26] [411/459] METH
[17:34:27] [412/459] WAGA
[17:34:28] [413/459] MCMA
[17:34:29] [414/459] CSMP
[17:34:29] [415/459] RCNK
[17:34:30] 🔄 Identity reset
[17:34:30] 🔄 Identity rotated (every 10 requests)
[17:34:31] [416/459] PSTM
[17:34:31] [417/459] CSEP
[17:34:32] [418/459] AMGD
[17:34:33] [419/459] CSTE
[17:34:34] [420/459] CONS
[17:34:35] [421/459] APPX
[17:34:36] [422/459] MABC
[17:34:37] [423/459] CXST
[17:34:38] [424/459] MATN
[17:34:39] [425/459] MACZ
[17:34:39] 🔄 Identity reset
[17:34:39] 🔄 Identity rotated (every 10 requests)
[17:34:40] [426/459] MASA
[17:34:41] [427/459] MBSX
[17:34:42] [428/459] CSST
[17:34:43] [429/459] APCL
[17:34:44] [430/459] CGOS
[17:34:45] [431/459] CPEC
[17:34:46] [432/459] MCCP
[17:34:47] [433/459] BSSO
[17:34:48] [434/459] SJKA
[17:34:50] [435/459] CGBO
[17:34:50] 🔄 Identity reset
[17:34:50] 🔄 Identity rotated (every 10 requests)
[17:34:51] [436/459] MVSK
[17:34:52] [437/459] HVCA
[17:34:53] [438/459] NAMD
[17:34:54] [439/459] DEVI
[17:34:55] [440/459] SCSV
[17:34:55] [441/459] PSMA
[17:34:56] [442/459] CLDJ
[17:34:57] [443/459] NMAD
[17:34:58] [444/459] CGMO
[17:34:59] [445/459] MCNA
[17:35:00] 🔄 Identity reset
[17:35:00] 🔄 Identity rotated (every 10 requests)
[17:35:01] [446/459] OCBN
[17:35:02] [447/459] CPEM
[17:35:04] [448/459] CPSM
[17:35:05] [449/459] RCAD
[17:35:06] [450/459] CPMU
[17:35:07] [451/459] DICD
[17:35:08] [452/459] CHOE
[17:35:09] [453/459] PDJM
[17:35:10] [454/459] SSTU
[17:35:11] [455/459] VNRN
[17:35:11] 🔄 Identity reset
[17:35:11] 🔄 Identity rotated (every 10 requests)
[17:35:12] [456/459] PVLG
[17:35:12] [457/459] SWBL
[17:35:13] [458/459] SCAB
[17:35:14] [459/459] RDDA
[17:35:15] 🧹 Deduping shows
[17:35:15] ✅ DONE | Shows=618 | Movies=52
