[17:27:21] 🚀 SCRIPT STARTED (enhanced anti‑detection)
[17:27:21] [1/322] CDCA
[17:27:22] 🧠 New identity created
[17:27:22] [2/322] VBCZ
[17:27:23] [3/322] MSDR
[17:27:24] [4/322] ACPV
[17:27:25] [5/322] PVHB
[17:27:26] [6/322] RCNH
[17:27:27] [7/322] IOMH
[17:27:29] [8/322] ILKS
[17:27:30] [9/322] AMSN
[17:27:31] [10/322] ANTP
[17:27:31] 🔄 Identity reset
[17:27:31] 🔄 Identity rotated (every 10 requests)
[17:27:32] [11/322] SSEK
[17:27:33] [12/322] PICP
[17:27:33] [13/322] SICO
[17:27:34] [14/322] SISP
[17:27:35] [15/322] SCPI
[17:27:37] [16/322] CRPR
[17:27:37] [17/322] DCTW
[17:27:38] [18/322] DCSP
[17:27:40] [19/322] KRPM
[17:27:41] [20/322] THKK
[17:27:42] 🔄 Identity reset
[17:27:42] 🔄 Identity rotated (every 10 requests)
[17:27:42] [21/322] SNMY
[17:27:43] [22/322] AKCC
[17:27:44] [23/322] PCAT
[17:27:45] [24/322] RFGO
[17:27:46] [25/322] GGCS
[17:27:47] [26/322] ACKR
[17:27:48] [27/322] STDO
[17:27:49] [28/322] ACKB
[17:27:50] [29/322] ALUC
[17:27:51] [30/322] MNSR
[17:27:52] 🔄 Identity reset
[17:27:52] 🔄 Identity rotated (every 10 requests)
[17:27:52] [31/322] CSSL
[17:27:53] [32/322] BGGM
[17:27:55] [33/322] MANT
[17:27:56] [34/322] SOOY
[17:27:57] [35/322] VPPK
[17:27:58] [36/322] MYHJ
[17:27:59] [37/322] KSCK
[17:28:00] [38/322] KATK
[17:28:00] [39/322] RTRT
[17:28:01] [40/322] SSTT
[17:28:02] 🔄 Identity reset
[17:28:02] 🔄 Identity rotated (every 10 requests)
[17:28:02] 🔄 Retry 1/5 for SSTT in 2.8s
[17:28:02] 🔄 Identity reset
[17:28:05] 🧠 New identity created
[17:28:05] [41/322] SSTV
[17:28:06] [42/322] LACM
[17:28:08] [43/322] SGMG
[17:28:09] [44/322] KACX
[17:28:10] [45/322] GVCP
[17:28:11] [46/322] CSNC
[17:28:12] [47/322] SXCB
[17:28:13] [48/322] BAHS
[17:28:14] [49/322] PCBI
[17:28:15] 🔄 Identity reset
[17:28:15] 🔄 Identity rotated (every 10 requests)
[17:28:15] [50/322] PSSM
[17:28:16] [51/322] RCOK
[17:28:18] [52/322] SCPF
[17:28:19] [53/322] SSAS
[17:28:20] [54/322] EVMM
[17:28:21] [55/322] SYCB
[17:28:22] [56/322] GCKI
[17:28:23] [57/322] IAET
[17:28:24] [58/322] DDTD
[17:28:25] [59/322] GMDH
[17:28:25] 🔄 Identity reset
[17:28:25] 🔄 Identity rotated (every 10 requests)
[17:28:26] [60/322] STLE
[17:28:27] [61/322] JTRA
[17:28:28] [62/322] RPPA
[17:28:29] [63/322] ARUT
[17:28:29] [64/322] JTVM
[17:28:30] [65/322] SWRH
[17:28:31] [66/322] DCPC
[17:28:32] [67/322] RAPR
[17:28:33] [68/322] GCRT
[17:28:34] [69/322] ATUN
[17:28:35] 🔄 Identity reset
[17:28:35] 🔄 Identity rotated (every 10 requests)
[17:28:35] [70/322] LTRM
[17:28:36] [71/322] TASR
[17:28:37] [72/322] RLLC
[17:28:38] [73/322] MABI
[17:28:39] [74/322] SVHB
[17:28:39] [75/322] NVTB
[17:28:41] [76/322] KCKG
[17:28:41] [77/322] SSRN
[17:28:42] [78/322] VDDC
[17:28:43] [79/322] GKTK
[17:28:44] 🔄 Identity reset
[17:28:44] 🔄 Identity rotated (every 10 requests)
[17:28:44] [80/322] YFSN
[17:28:45] [81/322] GCSG
[17:28:46] [82/322] ESSM
[17:28:47] [83/322] KRIH
[17:28:48] [84/322] GCDS
[17:28:49] [85/322] CCSH
[17:28:50] [86/322] ACSK
[17:28:51] [87/322] APRK
[17:28:52] [88/322] ADKM
[17:28:53] [89/322] SRDM
[17:28:53] 🔄 Identity reset
[17:28:53] 🔄 Identity rotated (every 10 requests)
[17:28:54] [90/322] SJMY
[17:28:55] [91/322] PGGC
[17:28:56] [92/322] INGM
[17:28:57] [93/322] LSCB
[17:28:58] [94/322] STAD
[17:28:59] [95/322] MCCR
[17:29:00] [96/322] ABCC
[17:29:01] [97/322] RKCC
[17:29:01] [98/322] RTCR
[17:29:02] [99/322] GGBC
[17:29:03] 🔄 Identity reset
[17:29:03] 🔄 Identity rotated (every 10 requests)
[17:29:03] [100/322] GCSD
[17:29:04] [101/322] LPTY
[17:29:05] [102/322] MCFD
[17:29:06] [103/322] HENN
[17:29:07] [104/322] SMKU
[17:29:08] [105/322] TNZC
[17:29:09] [106/322] DRCD
[17:29:10] [107/322] DLCD
[17:29:11] [108/322] RCDA
[17:29:11] [109/322] COSM
[17:29:12] 🔄 Identity reset
[17:29:12] 🔄 Identity rotated (every 10 requests)
[17:29:12] [110/322] MCMJ
[17:29:13] [111/322] CSTR
[17:29:14] [112/322] CVDK
[17:29:15] [113/322] INRR
[17:29:16] [114/322] RJRT
[17:29:16] [115/322] IRMR
[17:29:17] [116/322] SRCF
[17:29:18] [117/322] GRCR
[17:29:19] [118/322] SURC
[17:29:20] [119/322] NMNH
[17:29:21] 🔄 Identity reset
[17:29:21] 🔄 Identity rotated (every 10 requests)
[17:29:21] [120/322] SVBL
[17:29:22] [121/322] KACI
[17:29:24] [122/322] TDGO
[17:29:25] [123/322] KTBR
[17:29:26] [124/322] PMAD
[17:29:27] [125/322] CCPN
[17:29:28] [126/322] SBTK
[17:29:29] [127/322] LMDK
[17:29:30] [128/322] PGDA
[17:29:30] [129/322] SRML
[17:29:31] 🔄 Identity reset
[17:29:31] 🔄 Identity rotated (every 10 requests)
[17:29:31] [130/322] EVCK
[17:29:32] [131/322] RTTK
[17:29:33] [132/322] SRTU
[17:29:34] [133/322] VRSA
[17:29:35] [134/322] VARS
[17:29:35] [135/322] DSCZ
[17:29:36] [136/322] GAGA
[17:29:37] [137/322] SARV
[17:29:38] [138/322] SEEG
[17:29:39] [139/322] GLCA
[17:29:39] 🔄 Identity reset
[17:29:39] 🔄 Identity rotated (every 10 requests)
[17:29:40] [140/322] APAS
[17:29:41] [141/322] VCIA
[17:29:41] [142/322] SJTA
[17:29:42] [143/322] SABM
[17:29:43] [144/322] PPAG
[17:29:44] [145/322] RVCA
[17:29:45] [146/322] CCIA
[17:29:46] [147/322] HTAG
[17:29:48] [148/322] SMBI
[17:29:49] [149/322] MCJR
[17:29:50] 🔄 Identity reset
[17:29:50] 🔄 Identity rotated (every 10 requests)
[17:29:50] [150/322] CCJR
[17:29:51] [151/322] SINF
[17:29:52] [152/322] CPLX
[17:29:53] [153/322] KKTJ
[17:29:54] [154/322] GDBW
[17:29:55] [155/322] CSUB
[17:29:56] [156/322] DABA
[17:29:57] [157/322] TITR
[17:29:58] [158/322] NYCR
[17:29:59] [159/322] RTRY
[17:30:00] 🔄 Identity reset
[17:30:00] 🔄 Identity rotated (every 10 requests)
[17:30:00] [160/322] JTJL
[17:30:01] [161/322] SJCP
[17:30:02] [162/322] KCCA
[17:30:03] [163/322] MLPG
[17:30:04] [164/322] VRCK
[17:30:04] [165/322] SRIN
[17:30:05] [166/322] CXMK
[17:30:06] [167/322] SKAD
[17:30:07] [168/322] AVTR
[17:30:08] [169/322] PTAJ
[17:30:08] 🔄 Identity reset
[17:30:08] 🔄 Identity rotated (every 10 requests)
[17:30:09] [170/322] SCNK
[17:30:10] [171/322] STTI
[17:30:11] [172/322] KACR
[17:30:11] [173/322] SSDX
[17:30:12] [174/322] VRTJ
[17:30:13] [175/322] RAJD
[17:30:14] [176/322] SCIP
[17:30:15] [177/322] RJSL
[17:30:16] [178/322] ARRS
[17:30:16] [179/322] ASMS
[17:30:17] 🔄 Identity reset
[17:30:17] 🔄 Identity rotated (every 10 requests)
[17:30:17] [180/322] RDTS
[17:30:18] [181/322] DVMY
[17:30:19] [182/322] RASA
[17:30:20] [183/322] INOM
[17:30:21] [184/322] SPRS
[17:30:22] [185/322] SGCS
[17:30:23] [186/322] SALM
[17:30:24] [187/322] PKHC
[17:30:24] [188/322] RCSV
[17:30:25] [189/322] CPKC
[17:30:26] 🔄 Identity reset
[17:30:26] 🔄 Identity rotated (every 10 requests)
[17:30:26] [190/322] AACD
[17:30:27] [191/322] GGCV
[17:30:28] [192/322] SMKD
[17:30:29] [193/322] NBCH
[17:30:30] [194/322] AMCB
[17:30:31] [195/322] OPCN
[17:30:32] [196/322] DCIN
[17:30:33] [197/322] INGW
[17:30:34] [198/322] PKKW
[17:30:35] [199/322] FNGW
[17:30:35] 🔄 Identity reset
[17:30:35] 🔄 Identity rotated (every 10 requests)
[17:30:36] [200/322] GCGD
[17:30:37] [201/322] MSTW
[17:30:38] [202/322] KCCG
[17:30:38] [203/322] MRSS
[17:30:39] [204/322] CLCF
[17:30:40] [205/322] EETS
[17:30:41] [206/322] AATR
[17:30:42] [207/322] CMMN
[17:30:43] [208/322] SCCJ
[17:30:44] [209/322] CDTK
[17:30:45] 🔄 Identity reset
[17:30:45] 🔄 Identity rotated (every 10 requests)
[17:30:45] [210/322] AICP
[17:30:46] [211/322] FNBP
[17:30:47] [212/322] CBPB
[17:30:48] [213/322] CPAS
[17:30:50] [214/322] MAPM
[17:30:51] [215/322] PASD
[17:30:52] [216/322] JCMN
[17:30:53] [217/322] MALB
[17:30:54] [218/322] SACG
[17:30:54] [219/322] DDRX
[17:30:55] 🔄 Identity reset
[17:30:55] 🔄 Identity rotated (every 10 requests)
[17:30:55] [220/322] DDXB
[17:30:56] [221/322] RAMC
[17:30:58] [222/322] SANC
[17:30:59] [223/322] BCBP
[17:31:00] [224/322] ALPC
[17:31:00] [225/322] RBAC
[17:31:01] [226/322] RAJL
[17:31:02] [227/322] MPDX
[17:31:03] [228/322] MUSC
[17:31:04] [229/322] VKMK
[17:31:05] 🔄 Identity reset
[17:31:05] 🔄 Identity rotated (every 10 requests)
[17:31:05] 🔄 Retry 1/5 for VKMK in 2.6s
[17:31:05] 🔄 Identity reset
[17:31:07] 🧠 New identity created
[17:31:08] [230/322] SKCG
[17:31:10] [231/322] ANCN
[17:31:11] [232/322] MMCJ
[17:31:11] [233/322] DCAK
[17:31:12] [234/322] SCKG
[17:31:13] [235/322] LMCK
[17:31:14] [236/322] CKKX
[17:31:15] [237/322] ANKU
[17:31:16] [238/322] CSMD
[17:31:17] 🔄 Identity reset
[17:31:17] 🔄 Identity rotated (every 10 requests)
[17:31:17] [239/322] MKMP
[17:31:19] [240/322] SVBG
[17:31:19] [241/322] ROOP
[17:31:20] [242/322] GDMT
[17:31:21] [243/322] FPPF
[17:31:22] [244/322] SFUU
[17:31:23] [245/322] ANCB
[17:31:24] [246/322] SMMC
[17:31:25] [247/322] UGKT
[17:31:26] [248/322] JVRM
[17:31:26] 🔄 Identity reset
[17:31:26] 🔄 Identity rotated (every 10 requests)
[17:31:27] [249/322] BATG
[17:31:28] [250/322] RATE
[17:31:28] [251/322] SKME
[17:31:29] [252/322] LMTP
[17:31:30] [253/322] TCBD
[17:31:31] [254/322] ESBD
[17:31:32] [255/322] GDCU
[17:31:33] [256/322] SNKT
[17:31:34] [257/322] SRNK
[17:31:34] [258/322] SMED
[17:31:35] 🔄 Identity reset
[17:31:35] 🔄 Identity rotated (every 10 requests)
[17:31:35] [259/322] CSQS
[17:31:36] [260/322] ALCS
[17:31:37] [261/322] KCKN
[17:31:38] [262/322] VCCL
[17:31:39] [263/322] MCDA
[17:31:40] [264/322] SHMI
[17:31:41] [265/322] SKHA
[17:31:42] [266/322] SVFK
[17:31:43] [267/322] INVB
[17:31:44] [268/322] MELD
[17:31:45] 🔄 Identity reset
[17:31:45] 🔄 Identity rotated (every 10 requests)
[17:31:45] [269/322] JTYS
[17:31:47] [270/322] INCM
[17:31:48] [271/322] MCDV
[17:31:49] [272/322] KSGK
[17:31:50] [273/322] ICMG
[17:31:52] [274/322] CSCV
[17:31:53] [275/322] STMD
[17:31:54] [276/322] STTR
[17:31:55] [277/322] INVC
[17:31:56] [278/322] JTBL
[17:31:56] 🔄 Identity reset
[17:31:56] 🔄 Identity rotated (every 10 requests)
[17:31:57] [279/322] SRVV
[17:31:58] [280/322] MAVC
[17:31:59] [281/322] SRPP
[17:31:59] [282/322] JGDM
[17:32:00] [283/322] MBSJ
[17:32:01] [284/322] SSLL
[17:32:02] [285/322] SLKP
[17:32:03] [286/322] NSRV
[17:32:04] [287/322] UTDV
[17:32:05] [288/322] KICM
[17:32:06] 🔄 Identity reset
[17:32:06] 🔄 Identity rotated (every 10 requests)
[17:32:06] [289/322] KCMD
[17:32:07] [290/322] TTPP
[17:32:08] [291/322] KMPV
[17:32:09] [292/322] SKTV
[17:32:10] [293/322] STCV
[17:32:11] [294/322] SRDA
[17:32:12] [295/322] JTSX
[17:32:12] [296/322] STBV
[17:32:13] [297/322] APVZ
[17:32:14] [298/322] GSTV
[17:32:15] 🔄 Identity reset
[17:32:15] 🔄 Identity rotated (every 10 requests)
[17:32:15] [299/322] NMVS
[17:32:16] [300/322] SKRT
[17:32:18] [301/322] RMDV
[17:32:18] [302/322] RATG
[17:32:19] [303/322] SJYV
[17:32:20] [304/322] NDGP
[17:32:21] [305/322] SNDG
[17:32:22] [306/322] INSR
[17:32:23] [307/322] INSO
[17:32:24] [308/322] CCSI
[17:32:25] 🔄 Identity reset
[17:32:25] 🔄 Identity rotated (every 10 requests)
[17:32:25] [309/322] RASM
[17:32:26] [310/322] NEWC
[17:32:27] [311/322] VSHL
[17:32:28] [312/322] BISW
[17:32:29] [313/322] GCNG
[17:32:30] [314/322] CWSC
[17:32:31] [315/322] SKAN
[17:32:32] [316/322] CCOA
[17:32:33] [317/322] MCAJ
[17:32:34] [318/322] ACDE
[17:32:35] 🔄 Identity reset
[17:32:35] 🔄 Identity rotated (every 10 requests)
[17:32:35] [319/322] AACM
[17:32:36] [320/322] JJCK
[17:32:37] [321/322] RCMO
[17:32:38] [322/322] GDAW
[17:32:39] 🧹 Deduping shows
[17:32:39] ✅ DONE | Shows=369 | Movies=34
