[17:27:18] 🚀 SCRIPT STARTED (enhanced anti‑detection)
[17:27:18] [1/326] BSAT
[17:27:19] 🧠 New identity created
[17:27:20] [2/326] RSSM
[17:27:21] [3/326] GCTA
[17:27:22] [4/326] TOPN
[17:27:23] [5/326] MCUS
[17:27:24] [6/326] SHRL
[17:27:25] [7/326] UPTP
[17:27:26] [8/326] TMMP
[17:27:27] [9/326] DNRP
[17:27:28] [10/326] SRLT
[17:27:28] 🔄 Identity reset
[17:27:28] 🔄 Identity rotated (every 10 requests)
[17:27:29] [11/326] RCNS
[17:27:30] [12/326] DCBH
[17:27:31] [13/326] NAGJ
[17:27:32] [14/326] JVRC
[17:27:33] [15/326] KRJG
[17:27:34] [16/326] SRTJ
[17:27:35] [17/326] CMXM
[17:27:36] [18/326] STMI
[17:27:37] [19/326] SLST
[17:27:38] [20/326] DTCN
[17:27:38] 🔄 Identity reset
[17:27:38] 🔄 Identity rotated (every 10 requests)
[17:27:39] [21/326] STYN
[17:27:40] [22/326] SZVR
[17:27:41] [23/326] SRKO
[17:27:41] [24/326] JTGT
[17:27:42] [25/326] SVFD
[17:27:44] [26/326] SISD
[17:27:45] [27/326] ABDD
[17:27:46] [28/326] DRCA
[17:27:47] [29/326] AVCS
[17:27:48] [30/326] MVKH
[17:27:49] 🔄 Identity reset
[17:27:49] 🔄 Identity rotated (every 10 requests)
[17:27:49] [31/326] ACPR
[17:27:50] [32/326] STIP
[17:27:51] [33/326] MTRA
[17:27:52] [34/326] RMKH
[17:27:53] [35/326] NKRL
[17:27:54] [36/326] PCWN
[17:27:54] [37/326] BLMT
[17:27:55] [38/326] GDPG
[17:27:57] [39/326] SRMX
[17:27:58] [40/326] JACP
[17:27:58] 🔄 Identity reset
[17:27:58] 🔄 Identity rotated (every 10 requests)
[17:28:00] [41/326] CPSH
[17:28:00] [42/326] MCCD
[17:28:01] [43/326] ECGH
[17:28:02] [44/326] MKCK
[17:28:03] [45/326] SRMM
[17:28:04] [46/326] SKYR
[17:28:05] [47/326] PCKC
[17:28:06] [48/326] JCMA
[17:28:07] [49/326] BSMP
[17:28:08] [50/326] VSPA
[17:28:09] 🔄 Identity reset
[17:28:09] 🔄 Identity rotated (every 10 requests)
[17:28:09] [51/326] DJYA
[17:28:10] [52/326] DIMP
[17:28:11] [53/326] FXDR
[17:28:12] [54/326] SSRC
[17:28:13] [55/326] STHP
[17:28:14] [56/326] CPPD
[17:28:15] [57/326] FCLK
[17:28:16] [58/326] SCPP
[17:28:17] [59/326] DCMJ
[17:28:18] [60/326] RCCR
[17:28:19] 🔄 Identity reset
[17:28:19] 🔄 Identity rotated (every 10 requests)
[17:28:19] 🔄 Retry 1/5 for RCCR in 2.1s
[17:28:19] 🔄 Identity reset
[17:28:21] 🧠 New identity created
[17:28:21] [61/326] INMT
[17:28:22] [62/326] LXTK
[17:28:23] [63/326] SRYK
[17:28:24] [64/326] SGDK
[17:28:25] [65/326] PPKA
[17:28:26] [66/326] SPKA
[17:28:27] [67/326] CGHH
[17:28:27] [68/326] DCJN
[17:28:29] [69/326] SRKV
[17:28:29] 🔄 Identity reset
[17:28:29] 🔄 Identity rotated (every 10 requests)
[17:28:29] [70/326] SAJC
[17:28:30] [71/326] SUSR
[17:28:31] [72/326] STYG
[17:28:32] [73/326] NTKP
[17:28:33] [74/326] AKTG
[17:28:34] [75/326] CGCM
[17:28:35] [76/326] TULC
[17:28:36] [77/326] NYYZ
[17:28:37] [78/326] NYBW
[17:28:39] [79/326] MACB
[17:28:40] 🔄 Identity reset
[17:28:40] 🔄 Identity rotated (every 10 requests)
[17:28:40] [80/326] SLVT
[17:28:41] [81/326] SANA
[17:28:42] [82/326] ACMR
[17:28:43] [83/326] CPKN
[17:28:44] [84/326] DLGK
[17:28:45] [85/326] CWCK
[17:28:46] [86/326] FDDH
[17:28:47] [87/326] MMMD
[17:28:47] [88/326] CMEH
[17:28:48] [89/326] GGGV
[17:28:49] 🔄 Identity reset
[17:28:49] 🔄 Identity rotated (every 10 requests)
[17:28:49] [90/326] SPJL
[17:28:50] [91/326] RCCD
[17:28:51] [92/326] STTZ
[17:28:52] [93/326] BTCF
[17:28:53] [94/326] TSTZ
[17:28:54] [95/326] IPMM
[17:28:55] [96/326] PMPW
[17:28:56] [97/326] PCMZ
[17:28:57] [98/326] ESEM
[17:28:58] [99/326] PIPO
[17:28:59] 🔄 Identity reset
[17:28:59] 🔄 Identity rotated (every 10 requests)
[17:28:59] [100/326] MATK
[17:29:00] [101/326] PGHM
[17:29:01] [102/326] CTSR
[17:29:02] [103/326] CYKR
[17:29:03] [104/326] MSCM
[17:29:04] [105/326] RFNP
[17:29:05] [106/326] PDCP
[17:29:06] [107/326] NPSE
[17:29:07] [108/326] MKML
[17:29:08] [109/326] FTDP
[17:29:08] 🔄 Identity reset
[17:29:08] 🔄 Identity rotated (every 10 requests)
[17:29:08] 🔄 Retry 1/5 for FTDP in 2.1s
[17:29:08] 🔄 Identity reset
[17:29:10] 🧠 New identity created
[17:29:11] [110/326] MMXA
[17:29:11] [111/326] CEPO
[17:29:12] [112/326] CMVP
[17:29:13] [113/326] SGTH
[17:29:14] [114/326] SAYN
[17:29:15] [115/326] URVS
[17:29:16] [116/326] VJTN
[17:29:17] [117/326] BBYK
[17:29:17] [118/326] SHBO
[17:29:18] 🔄 Identity reset
[17:29:18] 🔄 Identity rotated (every 10 requests)
[17:29:18] [119/326] VCMR
[17:29:20] [120/326] MACT
[17:29:21] [121/326] JMNP
[17:29:22] [122/326] VICS
[17:29:23] [123/326] VCDA
[17:29:25] [124/326] GCMM
[17:29:26] [125/326] INVS
[17:29:26] [126/326] SCGM
[17:29:27] [127/326] PCDA
[17:29:28] [128/326] KDCT
[17:29:29] 🔄 Identity reset
[17:29:29] 🔄 Identity rotated (every 10 requests)
[17:29:29] [129/326] JACS
[17:29:30] [130/326] GMMC
[17:29:31] [131/326] AICM
[17:29:32] [132/326] TJCM
[17:29:33] [133/326] RMTI
[17:29:34] [134/326] SHAC
[17:29:35] [135/326] APJC
[17:29:36] [136/326] GCTG
[17:29:36] [137/326] SSMC
[17:29:37] [138/326] THRM
[17:29:38] 🔄 Identity reset
[17:29:38] 🔄 Identity rotated (every 10 requests)
[17:29:38] [139/326] RBCT
[17:29:39] [140/326] DIKT
[17:29:40] [141/326] MIDL
[17:29:41] [142/326] VCSN
[17:29:42] [143/326] SKTG
[17:29:44] [144/326] SMWC
[17:29:45] [145/326] MNKH
[17:29:46] [146/326] PIAT
[17:29:47] [147/326] LTTP
[17:29:48] [148/326] PTPU
[17:29:49] 🔄 Identity reset
[17:29:49] 🔄 Identity rotated (every 10 requests)
[17:29:50] [149/326] ACMG
[17:29:51] [150/326] SHMM
[17:29:52] [151/326] MCMN
[17:29:53] [152/326] GLDC
[17:29:54] [153/326] HOUT
[17:29:55] [154/326] SVRP
[17:29:56] [155/326] PVDN
[17:29:57] [156/326] SCPY
[17:29:58] [157/326] DTPY
[17:29:59] [158/326] GKCS
[17:30:00] 🔄 Identity reset
[17:30:00] 🔄 Identity rotated (every 10 requests)
[17:30:00] [159/326] NCAM
[17:30:01] [160/326] BSRM
[17:30:02] [161/326] RCLC
[17:30:03] [162/326] SKKD
[17:30:04] [163/326] ACHU
[17:30:05] [164/326] RSCF
[17:30:05] [165/326] IMSH
[17:30:06] [166/326] MACX
[17:30:07] [167/326] HMMW
[17:30:08] [168/326] JTCP
[17:30:08] 🔄 Identity reset
[17:30:08] 🔄 Identity rotated (every 10 requests)
[17:30:09] [169/326] SREN
[17:30:10] [170/326] PJRR
[17:30:11] [171/326] INAC
[17:30:11] [172/326] BMCA
[17:30:12] [173/326] SHCB
[17:30:13] [174/326] GABA
[17:30:14] [175/326] SBCT
[17:30:15] [176/326] GCMA
[17:30:16] [177/326] MYTK
[17:30:17] [178/326] INZS
[17:30:18] 🔄 Identity reset
[17:30:18] 🔄 Identity rotated (every 10 requests)
[17:30:19] [179/326] RMIK
[17:30:19] [180/326] NYCH
[17:30:20] [181/326] RAVE
[17:30:22] [182/326] PSXM
[17:30:23] [183/326] MCGP
[17:30:24] [184/326] PDDK
[17:30:25] [185/326] SPCK
[17:30:26] [186/326] MCRL
[17:30:27] [187/326] MHKT
[17:30:27] [188/326] ANRR
[17:30:28] 🔄 Identity reset
[17:30:28] 🔄 Identity rotated (every 10 requests)
[17:30:28] [189/326] SAPK
[17:30:29] [190/326] NCUK
[17:30:30] [191/326] JUGA
[17:30:31] [192/326] DBSC
[17:30:32] [193/326] LALK
[17:30:33] [194/326] GUCK
[17:30:33] [195/326] STSG
[17:30:34] [196/326] PPPZ
[17:30:35] [197/326] CNCY
[17:30:37] [198/326] MTAR
[17:30:37] 🔄 Identity reset
[17:30:37] 🔄 Identity rotated (every 10 requests)
[17:30:38] [199/326] VNKD
[17:30:39] [200/326] KMAJ
[17:30:40] [201/326] ACXK
[17:30:41] [202/326] UTKC
[17:30:42] [203/326] PBLK
[17:30:43] [204/326] ACBX
[17:30:45] [205/326] PTGM
[17:30:46] [206/326] BTDA
[17:30:47] [207/326] PJMB
[17:30:48] [208/326] TPDA
[17:30:49] 🔄 Identity reset
[17:30:49] 🔄 Identity rotated (every 10 requests)
[17:30:49] [209/326] AMOE
[17:30:51] [210/326] PRHT
[17:30:52] [211/326] PRTA
[17:30:53] [212/326] STAM
[17:30:54] [213/326] MSAA
[17:30:55] [214/326] SDLU
[17:30:55] [215/326] RCHH
[17:30:56] [216/326] KANT
[17:30:57] [217/326] FCRT
[17:30:58] [218/326] DNKM
[17:30:59] 🔄 Identity reset
[17:30:59] 🔄 Identity rotated (every 10 requests)
[17:30:59] [219/326] RYCP
[17:31:00] [220/326] MYRP
[17:31:01] [221/326] PPAK
[17:31:02] [222/326] NVPK
[17:31:03] [223/326] PRMC
[17:31:04] [224/326] JBCS
[17:31:05] [225/326] GXCK
[17:31:06] [226/326] USKO
[17:31:07] [227/326] GTEM
[17:31:07] [228/326] SMBU
[17:31:08] 🔄 Identity reset
[17:31:08] 🔄 Identity rotated (every 10 requests)
[17:31:08] [229/326] VETC
[17:31:09] [230/326] LCDA
[17:31:10] [231/326] MTVT
[17:31:11] [232/326] PYCP
[17:31:12] [233/326] PNSC
[17:31:13] [234/326] PPCC
[17:31:14] [235/326] TGRT
[17:31:15] [236/326] JYOT
[17:31:16] [237/326] SRCZ
[17:31:17] [238/326] SJTE
[17:31:17] 🔄 Identity reset
[17:31:17] 🔄 Identity rotated (every 10 requests)
[17:31:17] 🔄 Retry 1/5 for SJTE in 2.4s
[17:31:17] 🔄 Identity reset
[17:31:20] 🧠 New identity created
[17:31:20] [239/326] DESC
[17:31:21] [240/326] JHVN
[17:31:22] [241/326] IPSG
[17:31:23] [242/326] IPCM
[17:31:24] [243/326] PDRS
[17:31:25] [244/326] ANCV
[17:31:25] [245/326] CMVV
[17:31:26] [246/326] SHYP
[17:31:27] [247/326] DNCS
[17:31:28] 🔄 Identity reset
[17:31:28] 🔄 Identity rotated (every 10 requests)
[17:31:28] [248/326] GAJK
[17:31:29] [249/326] AKTN
[17:31:30] [250/326] KAYA
[17:31:31] [251/326] SBRC
[17:31:32] [252/326] CHTP
[17:31:32] [253/326] SHRT
[17:31:33] [254/326] BCKU
[17:31:34] [255/326] FCPS
[17:31:35] [256/326] ARDD
[17:31:36] [257/326] CPCM
[17:31:37] 🔄 Identity reset
[17:31:37] 🔄 Identity rotated (every 10 requests)
[17:31:37] [258/326] CGSM
[17:31:38] [259/326] PSMP
[17:31:39] [260/326] SDAL
[17:31:40] [261/326] RTNB
[17:31:41] [262/326] LMCR
[17:31:41] [263/326] CIMA
[17:31:42] [264/326] RNAS
[17:31:43] [265/326] LITH
[17:31:44] [266/326] PBOX
[17:31:45] [267/326] FRTS
[17:31:46] 🔄 Identity reset
[17:31:46] 🔄 Identity rotated (every 10 requests)
[17:31:46] [268/326] RKIC
[17:31:47] [269/326] PTAI
[17:31:48] [270/326] GCIC
[17:31:49] [271/326] FNAS
[17:31:50] [272/326] SCAR
[17:31:50] [273/326] MTCA
[17:31:51] [274/326] SCTS
[17:31:53] [275/326] SYCS
[17:31:53] [276/326] RDMS
[17:31:54] [277/326] KAMP
[17:31:55] 🔄 Identity reset
[17:31:55] 🔄 Identity rotated (every 10 requests)
[17:31:55] [278/326] ERSD
[17:31:56] [279/326] MJMJ
[17:31:57] [280/326] SRCJ
[17:31:58] [281/326] SCXE
[17:31:59] [282/326] SVFR
[17:32:00] [283/326] BHCS
[17:32:01] [284/326] IMCC
[17:32:03] [285/326] PCBO
[17:32:04] [286/326] PRVN
[17:32:05] [287/326] AUPM
[17:32:05] 🔄 Identity reset
[17:32:05] 🔄 Identity rotated (every 10 requests)
[17:32:05] [288/326] INBW
[17:32:06] [289/326] SVCW
[17:32:07] [290/326] RKCF
[17:32:08] [291/326] UVBH
[17:32:09] [292/326] DNCY
[17:32:10] [293/326] ABCN
[17:32:11] [294/326] PRUR
[17:32:12] [295/326] PFMR
[17:32:13] [296/326] RKCN
[17:32:13] [297/326] CFEA
[17:32:14] 🔄 Identity reset
[17:32:14] 🔄 Identity rotated (every 10 requests)
[17:32:14] 🔄 Retry 1/5 for CFEA in 2.7s
[17:32:14] 🔄 Identity reset
[17:32:17] 🧠 New identity created
[17:32:17] [298/326] SDBG
[17:32:18] [299/326] SNAR
[17:32:19] [300/326] YISI
[17:32:20] [301/326] JCFF
[17:32:20] [302/326] VTRK
[17:32:21] [303/326] PCLZ
[17:32:23] [304/326] DIMY
[17:32:24] [305/326] BBTS
[17:32:25] [306/326] GATH
[17:32:26] 🔄 Identity reset
[17:32:26] 🔄 Identity rotated (every 10 requests)
[17:32:26] [307/326] GTMN
[17:32:27] [308/326] VTMH
[17:32:28] [309/326] CCKP
[17:32:28] [310/326] GPKA
[17:32:30] [311/326] MHCL
[17:32:30] [312/326] ATCL
[17:32:31] [313/326] SBCK
[17:32:32] [314/326] AMMR
[17:32:33] [315/326] MADC
[17:32:34] [316/326] TMMA
[17:32:35] 🔄 Identity reset
[17:32:35] 🔄 Identity rotated (every 10 requests)
[17:32:36] [317/326] CACC
[17:32:37] [318/326] CHAL
[17:32:37] [319/326] DURG
[17:32:38] [320/326] GMKU
[17:32:39] [321/326] GECA
[17:32:40] [322/326] KYRR
[17:32:41] [323/326] KSDE
[17:32:42] [324/326] LMCI
[17:32:43] [325/326] NKCP
[17:32:44] [326/326] BGTC
[17:32:44] 🔄 Identity reset
[17:32:44] 🔄 Identity rotated (every 10 requests)
[17:32:45] 🧹 Deduping shows
[17:32:45] ✅ DONE | Shows=333 | Movies=28
