[17:17:34] 🚀 SCRIPT STARTED (enhanced anti‑detection)
[17:17:34] [1/445] TGMR
[17:17:35] 🧠 New identity created
[17:17:35] [2/445] CXKR
[17:17:36] [3/445] SROP
[17:17:37] [4/445] GTSV
[17:17:38] [5/445] SNTY
[17:17:38] [6/445] SMYY
[17:17:40] [7/445] CNCS
[17:17:41] [8/445] CSTM
[17:17:43] [9/445] NUCD
[17:17:44] [10/445] SHCZ
[17:17:44] 🔄 Identity reset
[17:17:44] 🔄 Identity rotated (every 10 requests)
[17:17:45] [11/445] NJCT
[17:17:46] [12/445] COPC
[17:17:47] [13/445] STVV
[17:17:48] [14/445] SKRN
[17:17:49] [15/445] APPZ
[17:17:50] [16/445] YMGN
[17:17:51] [17/445] SVTU
[17:17:52] [18/445] GTAD
[17:17:53] [19/445] PSUS
[17:17:54] [20/445] SMCD
[17:17:54] 🔄 Identity reset
[17:17:54] 🔄 Identity rotated (every 10 requests)
[17:17:54] 🔄 Retry 1/5 for SMCD in 2.1s
[17:17:54] 🔄 Identity reset
[17:17:56] 🧠 New identity created
[17:17:57] [21/445] CMCM
[17:17:59] [22/445] SYCT
[17:18:01] [23/445] STLY
[17:18:02] [24/445] CMHU
[17:18:03] [25/445] CMSA
[17:18:03] [26/445] CLCU
[17:18:04] [27/445] PPNT
[17:18:05] [28/445] JTAB
[17:18:06] [29/445] BUUC
[17:18:07] 🔄 Identity reset
[17:18:07] 🔄 Identity rotated (every 10 requests)
[17:18:08] [30/445] BSVK
[17:18:10] [31/445] VVVQ
[17:18:11] [32/445] TKMU
[17:18:12] [33/445] ESYL
[17:18:13] [34/445] ACHP
[17:18:14] [35/445] BTKD
[17:18:15] [36/445] DESA
[17:18:16] [37/445] GBCT
[17:18:17] [38/445] BLLD
[17:18:17] [39/445] SKNT
[17:18:18] 🔄 Identity reset
[17:18:18] 🔄 Identity rotated (every 10 requests)
[17:18:19] [40/445] SSTE
[17:18:20] [41/445] VJMR
[17:18:21] [42/445] NTPU
[17:18:21] [43/445] RDKN
[17:18:22] [44/445] ADGC
[17:18:23] [45/445] VRBP
[17:18:24] [46/445] NMNA
[17:18:25] [47/445] CMMX
[17:18:26] [48/445] PTKO
[17:18:26] [49/445] RBML
[17:18:27] 🔄 Identity reset
[17:18:27] 🔄 Identity rotated (every 10 requests)
[17:18:28] [50/445] SAIC
[17:18:28] [51/445] SVTJ
[17:18:29] [52/445] MRTE
[17:18:30] [53/445] RBTP
[17:18:31] [54/445] NLPS
[17:18:32] [55/445] GTNA
[17:18:33] [56/445] DGGC
[17:18:34] [57/445] SMCR
[17:18:34] [58/445] SCGD
[17:18:35] [59/445] SRRJ
[17:18:36] 🔄 Identity reset
[17:18:36] 🔄 Identity rotated (every 10 requests)
[17:18:36] [60/445] CNRY
[17:18:37] [61/445] KTDI
[17:18:38] [62/445] SNJL
[17:18:39] [63/445] RKMD
[17:18:40] [64/445] SMDC
[17:18:41] [65/445] TADG
[17:18:41] [66/445] MCGS
[17:18:42] [67/445] PETK
[17:18:43] [68/445] CHAG
[17:18:44] [69/445] KSTL
[17:18:45] 🔄 Identity reset
[17:18:45] 🔄 Identity rotated (every 10 requests)
[17:18:45] [70/445] AADS
[17:18:46] [71/445] NTHZ
[17:18:47] [72/445] HCKI
[17:18:48] [73/445] SSEF
[17:18:49] [74/445] MCGX
[17:18:50] [75/445] ERRA
[17:18:51] [76/445] SDTW
[17:18:51] [77/445] RMPK
[17:18:52] [78/445] PTHK
[17:18:54] [79/445] PXCS
[17:18:55] 🔄 Identity reset
[17:18:55] 🔄 Identity rotated (every 10 requests)
[17:18:55] [80/445] SVLU
[17:18:56] [81/445] STAH
[17:18:57] [82/445] JRGF
[17:18:58] [83/445] CDOK
[17:18:59] [84/445] CMSG
[17:18:59] [85/445] APTD
[17:19:00] [86/445] KMPG
[17:19:01] [87/445] MUTJ
[17:19:02] [88/445] VCCI
[17:19:04] [89/445] URBE
[17:19:04] 🔄 Identity reset
[17:19:04] 🔄 Identity rotated (every 10 requests)
[17:19:04] 🔄 Retry 1/5 for URBE in 2.2s
[17:19:04] 🔄 Identity reset
[17:19:07] 🧠 New identity created
[17:19:07] 🔄 Retry 2/5 for URBE in 4.2s
[17:19:07] 🔄 Identity reset
[17:19:11] 🧠 New identity created
[17:19:11] [90/445] TCTS
[17:19:12] [91/445] STSN
[17:19:13] [92/445] AKCH
[17:19:14] [93/445] APSC
[17:19:15] [94/445] VLTB
[17:19:16] [95/445] SANU
[17:19:17] [96/445] AXAM
[17:19:18] [97/445] MGMG
[17:19:19] 🔄 Identity reset
[17:19:19] 🔄 Identity rotated (every 10 requests)
[17:19:19] [98/445] HTBY
[17:19:20] [99/445] MMZS
[17:19:22] [100/445] SUDR
[17:19:23] [101/445] CCAD
[17:19:24] [102/445] SKKC
[17:19:25] [103/445] RMCD
[17:19:26] [104/445] SBCQ
[17:19:27] [105/445] DCCT
[17:19:28] [106/445] VTKP
[17:19:29] [107/445] MLAM
[17:19:29] 🔄 Identity reset
[17:19:29] 🔄 Identity rotated (every 10 requests)
[17:19:30] [108/445] SAVT
[17:19:31] [109/445] GEPL
[17:19:32] [110/445] AMCD
[17:19:33] [111/445] CCXR
[17:19:35] [112/445] GRNG
[17:19:35] [113/445] EBCA
[17:19:36] [114/445] CNVG
[17:19:37] [115/445] MWSS
[17:19:38] [116/445] VBOR
[17:19:39] [117/445] NEEB
[17:19:39] 🔄 Identity reset
[17:19:39] 🔄 Identity rotated (every 10 requests)
[17:19:40] [118/445] SUTH
[17:19:41] [119/445] ANDB
[17:19:41] [120/445] MMXS
[17:19:42] [121/445] CNPD
[17:19:43] [122/445] SDCE
[17:19:44] [123/445] DHCB
[17:19:45] [124/445] ODEN
[17:19:46] [125/445] TNTC
[17:19:47] [126/445] VBKM
[17:19:48] [127/445] RZYM
[17:19:49] 🔄 Identity reset
[17:19:49] 🔄 Identity rotated (every 10 requests)
[17:19:49] 🔄 Retry 1/5 for RZYM in 2.7s
[17:19:49] 🔄 Identity reset
[17:19:51] 🧠 New identity created
[17:19:52] [128/445] JEMC
[17:19:53] [129/445] CMAU
[17:19:54] [130/445] SIVP
[17:19:55] [131/445] ATAG
[17:19:55] [132/445] CHTM
[17:19:56] [133/445] AAEE
[17:19:57] [134/445] IWPM
[17:19:58] [135/445] KCMW
[17:19:59] [136/445] MCTD
[17:20:00] 🔄 Identity reset
[17:20:00] 🔄 Identity rotated (every 10 requests)
[17:20:00] [137/445] SPWR
[17:20:01] [138/445] SDPO
[17:20:03] [139/445] PCSK
[17:20:04] [140/445] ACHV
[17:20:06] [141/445] SVLA
[17:20:08] [142/445] PICT
[17:20:09] [143/445] BXDR
[17:20:10] [144/445] SPWA
[17:20:11] [145/445] MCKO
[17:20:11] [146/445] RTHK
[17:20:12] 🔄 Identity reset
[17:20:12] 🔄 Identity rotated (every 10 requests)
[17:20:12] [147/445] CCMF
[17:20:13] [148/445] MRGB
[17:20:14] [149/445] CPLC
[17:20:15] [150/445] RACD
[17:20:16] [151/445] ATKT
[17:20:17] [152/445] SARN
[17:20:17] [153/445] KKUI
[17:20:18] [154/445] RGCM
[17:20:19] [155/445] BRVP
[17:20:21] [156/445] HRSR
[17:20:22] 🔄 Identity reset
[17:20:22] 🔄 Identity rotated (every 10 requests)
[17:20:22] 🔄 Retry 1/5 for HRSR in 2.2s
[17:20:22] 🔄 Identity reset
[17:20:24] 🧠 New identity created
[17:20:24] [157/445] GKGM
[17:20:26] [158/445] TTCD
[17:20:27] [159/445] PTTI
[17:20:28] [160/445] MPTT
[17:20:28] [161/445] CVTT
[17:20:29] [162/445] PCXD
[17:20:31] [163/445] GCDC
[17:20:32] [164/445] CCCF
[17:20:33] [165/445] MRAD
[17:20:33] 🔄 Identity reset
[17:20:33] 🔄 Identity rotated (every 10 requests)
[17:20:33] 🔄 Retry 1/5 for MRAD in 2.7s
[17:20:33] 🔄 Identity reset
[17:20:36] 🧠 New identity created
[17:20:36] 🔄 Retry 2/5 for MRAD in 4.0s
[17:20:36] 🔄 Identity reset
[17:20:40] 🧠 New identity created
[17:20:41] [166/445] CPLK
[17:20:42] [167/445] SATB
[17:20:43] [168/445] SNVG
[17:20:44] [169/445] JMBA
[17:20:45] [170/445] TEJA
[17:20:46] [171/445] STYO
[17:20:47] [172/445] JTBP
[17:20:48] [173/445] KRGD
[17:20:48] 🔄 Identity reset
[17:20:48] 🔄 Identity rotated (every 10 requests)
[17:20:49] [174/445] SLJJ
[17:20:49] [175/445] SPTJ
[17:20:51] [176/445] SWJG
[17:20:52] [177/445] LKRT
[17:20:53] [178/445] KCKA
[17:20:54] [179/445] SNCR
[17:20:55] [180/445] SMKL
[17:20:56] [181/445] GCFA
[17:20:57] [182/445] DDCK
[17:20:58] [183/445] NCHJ
[17:20:59] 🔄 Identity reset
[17:20:59] 🔄 Identity rotated (every 10 requests)
[17:20:59] [184/445] RDMA
[17:21:00] [185/445] SVSV
[17:21:01] [186/445] SCJG
[17:21:01] [187/445] VKLP
[17:21:02] [188/445] NWCC
[17:21:03] [189/445] VKNS
[17:21:04] [190/445] SDDP
[17:21:05] [191/445] ACSI
[17:21:06] [192/445] SATG
[17:21:07] [193/445] SCMW
[17:21:08] 🔄 Identity reset
[17:21:08] 🔄 Identity rotated (every 10 requests)
[17:21:08] 🔄 Retry 1/5 for SCMW in 2.4s
[17:21:08] 🔄 Identity reset
[17:21:10] 🧠 New identity created
[17:21:11] [194/445] LKTK
[17:21:12] [195/445] VCKV
[17:21:13] [196/445] KKPE
[17:21:14] [197/445] KIGH
[17:21:15] [198/445] SRPM
[17:21:16] [199/445] SCAH
[17:21:17] [200/445] MUTA
[17:21:18] [201/445] SEPU
[17:21:19] [202/445] INOA
[17:21:19] 🔄 Identity reset
[17:21:19] 🔄 Identity rotated (every 10 requests)
[17:21:20] [203/445] BASK
[17:21:20] [204/445] NECB
[17:21:22] [205/445] GTTG
[17:21:22] [206/445] ASSA
[17:21:23] [207/445] ANCL
[17:21:24] [208/445] GCTI
[17:21:25] [209/445] RCTS
[17:21:26] [210/445] ACNL
[17:21:27] [211/445] MYCT
[17:21:28] [212/445] NMHT
[17:21:28] 🔄 Identity reset
[17:21:28] 🔄 Identity rotated (every 10 requests)
[17:21:29] [213/445] MDIT
[17:21:30] [214/445] LATG
[17:21:30] [215/445] SMTY
[17:21:31] [216/445] CVCT
[17:21:32] [217/445] RAMB
[17:21:33] [218/445] TGMS
[17:21:34] [219/445] BHEL
[17:21:34] [220/445] SHCT
[17:21:36] [221/445] SVCT
[17:21:37] [222/445] MRIY
[17:21:37] 🔄 Identity reset
[17:21:37] 🔄 Identity rotated (every 10 requests)
[17:21:37] [223/445] SARO
[17:21:38] [224/445] STCT
[17:21:39] [225/445] JKKC
[17:21:40] [226/445] PLTT
[17:21:41] [227/445] SRNT
[17:21:42] [228/445] YAST
[17:21:42] [229/445] PERL
[17:21:43] [230/445] CICM
[17:21:45] [231/445] MMTR
[17:21:46] [232/445] ABTK
[17:21:47] 🔄 Identity reset
[17:21:47] 🔄 Identity rotated (every 10 requests)
[17:21:47] [233/445] ATYY
[17:21:48] [234/445] ASTK
[17:21:49] [235/445] VVCK
[17:21:49] [236/445] ATKY
[17:21:50] [237/445] GWEK
[17:21:51] [238/445] SVFH
[17:21:52] [239/445] SLTA
[17:21:53] [240/445] AASH
[17:21:54] [241/445] ACXB
[17:21:55] [242/445] SMTX
[17:21:55] 🔄 Identity reset
[17:21:55] 🔄 Identity rotated (every 10 requests)
[17:21:56] [243/445] AZDH
[17:21:57] [244/445] CMMH
[17:21:57] [245/445] SCSZ
[17:21:58] [246/445] SCKP
[17:21:59] [247/445] NXTM
[17:22:00] [248/445] NWCS
[17:22:01] [249/445] CXMH
[17:22:02] [250/445] PCMA
[17:22:03] [251/445] SGCM
[17:22:04] [252/445] SDTU
[17:22:04] 🔄 Identity reset
[17:22:04] 🔄 Identity rotated (every 10 requests)
[17:22:04] [253/445] MMVI
[17:22:05] [254/445] JKCM
[17:22:06] [255/445] VCMM
[17:22:08] [256/445] SYEE
[17:22:09] [257/445] VASD
[17:22:10] [258/445] BDRB
[17:22:11] [259/445] LASM
[17:22:12] [260/445] DCRL
[17:22:13] [261/445] DVPM
[17:22:14] [262/445] SBMJ
[17:22:14] 🔄 Identity reset
[17:22:14] 🔄 Identity rotated (every 10 requests)
[17:22:15] [263/445] CBMU
[17:22:16] [264/445] IUBS
[17:22:17] [265/445] INAP
[17:22:18] [266/445] SRRC
[17:22:20] [267/445] SAGR
[17:22:21] [268/445] CPMJ
[17:22:21] [269/445] ATJL
[17:22:22] [270/445] NNTD
[17:22:23] [271/445] JHCJ
[17:22:24] [272/445] CMMP
[17:22:25] 🔄 Identity reset
[17:22:25] 🔄 Identity rotated (every 10 requests)
[17:22:25] [273/445] RSDR
[17:22:26] [274/445] AMTI
[17:22:27] [275/445] NYSG
[17:22:28] [276/445] AVSG
[17:22:29] [277/445] SYTP
[17:22:30] [278/445] LARC
[17:22:31] [279/445] RJTP
[17:22:32] [280/445] LAKC
[17:22:32] [281/445] MCXE
[17:22:33] [282/445] CCZC
[17:22:34] 🔄 Identity reset
[17:22:34] 🔄 Identity rotated (every 10 requests)
[17:22:34] [283/445] AVCH
[17:22:35] [284/445] CMBE
[17:22:36] [285/445] MRRC
[17:22:37] [286/445] PCPY
[17:22:38] [287/445] SRMH
[17:22:39] [288/445] SVGS
[17:22:40] [289/445] PCSE
[17:22:40] [290/445] SVFT
[17:22:41] [291/445] TNZP
[17:22:42] [292/445] ICTP
[17:22:42] 🔄 Identity reset
[17:22:43] 🔄 Identity rotated (every 10 requests)
[17:22:43] [293/445] ACTZ
[17:22:44] [294/445] GTUR
[17:22:44] [295/445] MAFC
[17:22:45] [296/445] MINL
[17:22:46] [297/445] MRCL
[17:22:47] [298/445] RCRP
[17:22:48] [299/445] RFFG
[17:22:49] [300/445] RMAS
[17:22:50] [301/445] INVR
[17:22:51] [302/445] RMAR
[17:22:51] 🔄 Identity reset
[17:22:51] 🔄 Identity rotated (every 10 requests)
[17:22:52] [303/445] CNIS
[17:22:52] [304/445] RHRJ
[17:22:53] [305/445] INXR
[17:22:54] [306/445] VALT
[17:22:55] [307/445] LCSH
[17:22:56] [308/445] CMVS
[17:22:57] [309/445] CNMS
[17:22:58] [310/445] ROOG
[17:22:59] [311/445] ISRM
[17:23:00] [312/445] RCRM
[17:23:00] 🔄 Identity reset
[17:23:00] 🔄 Identity rotated (every 10 requests)
[17:23:00] [313/445] ACJA
[17:23:01] [314/445] RCVS
[17:23:02] [315/445] CPUS
[17:23:03] [316/445] TGCS
[17:23:04] [317/445] RKCJ
[17:23:05] [318/445] MKSB
[17:23:06] [319/445] TCSJ
[17:23:06] [320/445] RMGP
[17:23:07] [321/445] CLLP
[17:23:08] [322/445] RCMV
[17:23:09] 🔄 Identity reset
[17:23:09] 🔄 Identity rotated (every 10 requests)
[17:23:09] [323/445] CCKS
[17:23:10] [324/445] RSRP
[17:23:10] [325/445] APLP
[17:23:11] [326/445] CNVS
[17:23:12] [327/445] RMVY
[17:23:13] [328/445] PGBD
[17:23:15] [329/445] KLMS
[17:23:16] [330/445] RUST
[17:23:17] [331/445] MASM
[17:23:19] [332/445] BACS
[17:23:19] 🔄 Identity reset
[17:23:19] 🔄 Identity rotated (every 10 requests)
[17:23:20] [333/445] BWST
[17:23:20] [334/445] RRFH
[17:23:21] [335/445] SJTM
[17:23:22] [336/445] BEMR
[17:23:23] [337/445] MCGR
[17:23:24] [338/445] SDSK
[17:23:25] [339/445] VBOL
[17:23:26] [340/445] RMGM
[17:23:26] [341/445] NOPL
[17:23:27] [342/445] MKJK
[17:23:28] 🔄 Identity reset
[17:23:28] 🔄 Identity rotated (every 10 requests)
[17:23:28] [343/445] CVRN
[17:23:29] [344/445] MMEN
[17:23:30] [345/445] AMNG
[17:23:31] [346/445] INTM
[17:23:33] [347/445] SLCZ
[17:23:34] [348/445] AMJN
[17:23:35] [349/445] ACJN
[17:23:35] [350/445] AMKN
[17:23:36] [351/445] BTCN
[17:23:37] [352/445] AMBT
[17:23:38] 🔄 Identity reset
[17:23:38] 🔄 Identity rotated (every 10 requests)
[17:23:38] [353/445] PACN
[17:23:39] [354/445] LCNS
[17:23:40] [355/445] PPKC
[17:23:41] [356/445] JYYN
[17:23:42] [357/445] JTNR
[17:23:43] [358/445] GTEE
[17:23:44] [359/445] SRNM
[17:23:45] [360/445] SDTC
[17:23:46] [361/445] VPCA
[17:23:47] [362/445] VLRA
[17:23:48] 🔄 Identity reset
[17:23:48] 🔄 Identity rotated (every 10 requests)
[17:23:49] [363/445] SHKR
[17:23:50] [364/445] SBKD
[17:23:51] [365/445] SAAD
[17:23:52] [366/445] JTGN
[17:23:52] [367/445] SLAM
[17:23:53] [368/445] VTPM
[17:23:54] [369/445] ANPT
[17:23:55] [370/445] PUNB
[17:23:56] [371/445] CPKT
[17:23:57] [372/445] CNWE
[17:23:58] 🔄 Identity reset
[17:23:58] 🔄 Identity rotated (every 10 requests)
[17:23:58] [373/445] ECPP
[17:23:59] [374/445] CPAR
[17:24:00] [375/445] ESBW
[17:24:01] [376/445] PKPU
[17:24:01] [377/445] CPRP
[17:24:02] [378/445] RAHU
[17:24:03] [379/445] RHMN
[17:24:04] [380/445] FMJP
[17:24:05] [381/445] CTMP
[17:24:06] [382/445] INPN
[17:24:07] 🔄 Identity reset
[17:24:07] 🔄 Identity rotated (every 10 requests)
[17:24:07] [383/445] STTG
[17:24:08] [384/445] CTRD
[17:24:09] [385/445] PUVB
[17:24:10] [386/445] ESVP
[17:24:11] [387/445] CPFT
[17:24:12] [388/445] LCPC
[17:24:13] [389/445] VBCT
[17:24:14] [390/445] FSCW
[17:24:15] [391/445] VCMP
[17:24:16] [392/445] ASHC
[17:24:16] 🔄 Identity reset
[17:24:16] 🔄 Identity rotated (every 10 requests)
[17:24:16] [393/445] VLCX
[17:24:17] [394/445] SHEV
[17:24:18] [395/445] APCO
[17:24:19] [396/445] SILC
[17:24:20] [397/445] SNMR
[17:24:21] [398/445] KYBO
[17:24:22] [399/445] SATK
[17:24:23] [400/445] SSCS
[17:24:24] [401/445] CLSB
[17:24:25] [402/445] KMJR
[17:24:25] 🔄 Identity reset
[17:24:25] 🔄 Identity rotated (every 10 requests)
[17:24:25] 🔄 Retry 1/5 for KMJR in 2.0s
[17:24:25] 🔄 Identity reset
[17:24:27] 🧠 New identity created
[17:24:28] [403/445] FSCK
[17:24:29] [404/445] NNKA
[17:24:30] [405/445] CLMK
[17:24:31] [406/445] DMPZ
[17:24:32] [407/445] INQM
[17:24:33] [408/445] CAML
[17:24:34] [409/445] INRK
[17:24:35] [410/445] IMKN
[17:24:36] [411/445] SVNR
[17:24:37] 🔄 Identity reset
[17:24:37] 🔄 Identity rotated (every 10 requests)
[17:24:37] [412/445] INSL
[17:24:38] [413/445] MSMA
[17:24:39] [414/445] MCKK
[17:24:40] [415/445] FCHP
[17:24:41] [416/445] SFCR
[17:24:41] [417/445] NACK
[17:24:42] [418/445] PVAK
[17:24:43] [419/445] INER
[17:24:44] [420/445] RDBK
[17:24:45] [421/445] SVFN
[17:24:46] 🔄 Identity reset
[17:24:46] 🔄 Identity rotated (every 10 requests)
[17:24:46] [422/445] IFRM
[17:24:47] [423/445] ATCK
[17:24:48] [424/445] ASKO
[17:24:49] [425/445] STKT
[17:24:50] [426/445] SVFB
[17:24:51] [427/445] INKS
[17:24:52] [428/445] PCRA
[17:24:54] [429/445] ATJA
[17:24:55] [430/445] IMJN
[17:24:56] [431/445] INHD
[17:24:56] 🔄 Identity reset
[17:24:56] 🔄 Identity rotated (every 10 requests)
[17:24:57] [432/445] BARA
[17:24:57] [433/445] MCSL
[17:24:58] [434/445] RTOY
[17:24:59] [435/445] MENO
[17:25:00] [436/445] PUDM
[17:25:01] [437/445] PRCN
[17:25:02] [438/445] JMJR
[17:25:03] [439/445] SSGK
[17:25:04] [440/445] SSRL
[17:25:04] [441/445] JYKL
[17:25:05] 🔄 Identity reset
[17:25:05] 🔄 Identity rotated (every 10 requests)
[17:25:05] [442/445] ACNB
[17:25:06] [443/445] SONP
[17:25:08] [444/445] EMCI
[17:25:09] [445/445] MRJH
[17:25:09] 🧹 Deduping shows
[17:25:09] ✅ DONE | Shows=687 | Movies=37
[23:35:51] 🚀 SCRIPT STARTED (enhanced anti‑detection)
[23:35:51] [1/445] TGMR
[23:35:51] 🧠 New identity created
[23:35:52] [2/445] CXKR
[23:35:53] [3/445] SROP
[23:35:54] [4/445] GTSV
[23:35:55] [5/445] SNTY
[23:35:56] [6/445] SMYY
[23:35:57] [7/445] CNCS
[23:35:58] [8/445] CSTM
[23:35:59] [9/445] NUCD
[23:36:00] [10/445] SHCZ
[23:36:00] 🔄 Identity reset
[23:36:00] 🔄 Identity rotated (every 10 requests)
[23:36:01] [11/445] NJCT
[23:36:02] [12/445] COPC
[23:36:03] [13/445] STVV
[23:36:04] [14/445] SKRN
[23:36:04] [15/445] APPZ
[23:36:05] [16/445] YMGN
[23:36:06] [17/445] SVTU
[23:36:07] [18/445] GTAD
[23:36:08] [19/445] PSUS
[23:36:09] [20/445] SMCD
[23:36:10] 🔄 Identity reset
[23:36:10] 🔄 Identity rotated (every 10 requests)
[23:36:10] [21/445] CMCM
[23:36:11] [22/445] SYCT
[23:36:12] [23/445] STLY
[23:36:13] [24/445] CMHU
[23:36:14] [25/445] CMSA
[23:36:15] [26/445] CLCU
[23:36:16] [27/445] PPNT
[23:36:17] [28/445] JTAB
[23:36:18] [29/445] BUUC
[23:36:18] [30/445] BSVK
[23:36:19] 🔄 Identity reset
[23:36:19] 🔄 Identity rotated (every 10 requests)
[23:36:20] [31/445] VVVQ
[23:36:20] [32/445] TKMU
[23:36:21] [33/445] ESYL
[23:36:23] [34/445] ACHP
[23:36:24] [35/445] BTKD
[23:36:25] [36/445] DESA
[23:36:26] [37/445] GBCT
[23:36:27] [38/445] BLLD
[23:36:28] [39/445] SKNT
[23:36:29] [40/445] SSTE
[23:36:29] 🔄 Identity reset
[23:36:29] 🔄 Identity rotated (every 10 requests)
[23:36:30] [41/445] VJMR
[23:36:31] [42/445] NTPU
[23:36:31] [43/445] RDKN
[23:36:32] [44/445] ADGC
[23:36:34] [45/445] VRBP
[23:36:35] [46/445] NMNA
[23:36:36] [47/445] CMMX
[23:36:36] [48/445] PTKO
[23:36:37] [49/445] RBML
[23:36:38] [50/445] SAIC
[23:36:39] 🔄 Identity reset
[23:36:39] 🔄 Identity rotated (every 10 requests)
[23:36:39] [51/445] SVTJ
[23:36:40] [52/445] MRTE
[23:36:41] [53/445] RBTP
[23:36:43] [54/445] NLPS
[23:36:44] [55/445] GTNA
[23:36:45] [56/445] DGGC
[23:36:46] [57/445] SMCR
[23:36:47] [58/445] SCGD
[23:36:48] [59/445] SRRJ
[23:36:48] [60/445] CNRY
[23:36:49] 🔄 Identity reset
[23:36:49] 🔄 Identity rotated (every 10 requests)
[23:36:49] [61/445] KTDI
[23:36:50] [62/445] SNJL
[23:36:51] [63/445] RKMD
[23:36:52] [64/445] SMDC
[23:36:54] [65/445] TADG
[23:36:54] [66/445] MCGS
[23:36:55] [67/445] PETK
[23:36:57] [68/445] CHAG
[23:36:58] [69/445] KSTL
[23:36:59] [70/445] AADS
[23:37:00] 🔄 Identity reset
[23:37:00] 🔄 Identity rotated (every 10 requests)
[23:37:00] [71/445] NTHZ
[23:37:01] [72/445] HCKI
[23:37:02] [73/445] SSEF
[23:37:03] [74/445] MCGX
[23:37:04] [75/445] ERRA
[23:37:04] [76/445] SDTW
[23:37:05] [77/445] RMPK
[23:37:06] [78/445] PTHK
[23:37:07] [79/445] PXCS
[23:37:08] [80/445] SVLU
[23:37:09] 🔄 Identity reset
[23:37:09] 🔄 Identity rotated (every 10 requests)
[23:37:09] [81/445] STAH
[23:37:11] [82/445] JRGF
[23:37:11] [83/445] CDOK
[23:37:12] [84/445] CMSG
[23:37:13] [85/445] APTD
[23:37:15] [86/445] KMPG
[23:37:16] [87/445] MUTJ
[23:37:17] [88/445] VCCI
[23:37:18] [89/445] URBE
[23:37:19] [90/445] TCTS
[23:37:19] 🔄 Identity reset
[23:37:19] 🔄 Identity rotated (every 10 requests)
[23:37:20] [91/445] STSN
[23:37:20] [92/445] AKCH
[23:37:21] [93/445] APSC
[23:37:23] [94/445] VLTB
[23:37:24] [95/445] SANU
[23:37:25] [96/445] AXAM
[23:37:26] [97/445] MGMG
[23:37:27] [98/445] HTBY
[23:37:28] [99/445] MMZS
[23:37:28] [100/445] SUDR
[23:37:29] 🔄 Identity reset
[23:37:29] 🔄 Identity rotated (every 10 requests)
[23:37:29] [101/445] CCAD
[23:37:30] [102/445] SKKC
[23:37:31] [103/445] RMCD
[23:37:32] [104/445] SBCQ
[23:37:34] [105/445] DCCT
[23:37:35] [106/445] VTKP
[23:37:35] [107/445] MLAM
[23:37:36] [108/445] SAVT
[23:37:37] [109/445] GEPL
[23:37:38] [110/445] AMCD
[23:37:39] 🔄 Identity reset
[23:37:39] 🔄 Identity rotated (every 10 requests)
[23:37:40] [111/445] CCXR
[23:37:41] [112/445] GRNG
[23:37:42] [113/445] EBCA
[23:37:43] [114/445] CNVG
[23:37:44] [115/445] MWSS
[23:37:45] [116/445] VBOR
[23:37:46] [117/445] NEEB
[23:37:46] [118/445] SUTH
[23:37:47] [119/445] ANDB
[23:37:48] [120/445] MMXS
[23:37:49] 🔄 Identity reset
[23:37:49] 🔄 Identity rotated (every 10 requests)
[23:37:49] [121/445] CNPD
[23:37:50] [122/445] SDCE
[23:37:51] [123/445] DHCB
[23:37:52] [124/445] ODEN
[23:37:52] [125/445] TNTC
[23:37:53] [126/445] VBKM
[23:37:54] [127/445] RZYM
[23:37:55] [128/445] JEMC
[23:37:56] [129/445] CMAU
[23:37:58] [130/445] SIVP
[23:37:58] 🔄 Identity reset
[23:37:58] 🔄 Identity rotated (every 10 requests)
[23:37:59] [131/445] ATAG
[23:38:00] [132/445] CHTM
[23:38:01] [133/445] AAEE
[23:38:02] [134/445] IWPM
[23:38:03] [135/445] KCMW
[23:38:04] [136/445] MCTD
[23:38:06] [137/445] SPWR
[23:38:06] [138/445] SDPO
[23:38:08] [139/445] PCSK
[23:38:09] [140/445] ACHV
[23:38:10] 🔄 Identity reset
[23:38:10] 🔄 Identity rotated (every 10 requests)
[23:38:11] [141/445] SVLA
[23:38:12] [142/445] PICT
[23:38:13] [143/445] BXDR
[23:38:14] [144/445] SPWA
[23:38:15] [145/445] MCKO
[23:38:16] [146/445] RTHK
[23:38:17] [147/445] CCMF
[23:38:18] [148/445] MRGB
[23:38:19] [149/445] CPLC
[23:38:20] [150/445] RACD
[23:38:21] 🔄 Identity reset
[23:38:21] 🔄 Identity rotated (every 10 requests)
[23:38:21] [151/445] ATKT
[23:38:22] [152/445] SARN
[23:38:23] [153/445] KKUI
[23:38:24] [154/445] RGCM
[23:38:25] [155/445] BRVP
[23:38:26] [156/445] HRSR
[23:38:27] [157/445] GKGM
[23:38:27] [158/445] TTCD
[23:38:28] [159/445] PTTI
[23:38:29] [160/445] MPTT
[23:38:29] 🔄 Identity reset
[23:38:29] 🔄 Identity rotated (every 10 requests)
[23:38:30] [161/445] CVTT
[23:38:31] [162/445] PCXD
[23:38:31] [163/445] GCDC
[23:38:33] [164/445] CCCF
[23:38:34] [165/445] MRAD
[23:38:34] [166/445] CPLK
[23:38:35] [167/445] SATB
[23:38:36] [168/445] SNVG
[23:38:37] [169/445] JMBA
[23:38:38] [170/445] TEJA
[23:38:39] 🔄 Identity reset
[23:38:39] 🔄 Identity rotated (every 10 requests)
[23:38:39] [171/445] STYO
[23:38:40] [172/445] JTBP
[23:38:41] [173/445] KRGD
[23:38:42] [174/445] SLJJ
[23:38:43] [175/445] SPTJ
[23:38:44] [176/445] SWJG
[23:38:44] [177/445] LKRT
[23:38:45] [178/445] KCKA
[23:38:46] [179/445] SNCR
[23:38:47] [180/445] SMKL
[23:38:48] 🔄 Identity reset
[23:38:48] 🔄 Identity rotated (every 10 requests)
[23:38:49] [181/445] GCFA
[23:38:50] [182/445] DDCK
[23:38:51] [183/445] NCHJ
[23:38:52] [184/445] RDMA
[23:38:52] [185/445] SVSV
[23:38:53] [186/445] SCJG
[23:38:54] [187/445] VKLP
[23:38:56] [188/445] NWCC
[23:38:57] [189/445] VKNS
[23:38:58] [190/445] SDDP
[23:38:58] 🔄 Identity reset
[23:38:58] 🔄 Identity rotated (every 10 requests)
[23:38:59] [191/445] ACSI
[23:39:00] [192/445] SATG
[23:39:01] [193/445] SCMW
[23:39:01] [194/445] LKTK
[23:39:02] [195/445] VCKV
[23:39:03] [196/445] KKPE
[23:39:04] [197/445] KIGH
[23:39:06] [198/445] SRPM
[23:39:08] [199/445] SCAH
[23:39:08] [200/445] MUTA
[23:39:09] 🔄 Identity reset
[23:39:09] 🔄 Identity rotated (every 10 requests)
[23:39:09] [201/445] SEPU
[23:39:10] [202/445] INOA
[23:39:11] [203/445] BASK
[23:39:13] [204/445] NECB
[23:39:14] [205/445] GTTG
[23:39:15] [206/445] ASSA
[23:39:16] [207/445] ANCL
[23:39:17] [208/445] GCTI
[23:39:18] [209/445] RCTS
[23:39:19] [210/445] ACNL
[23:39:20] 🔄 Identity reset
[23:39:20] 🔄 Identity rotated (every 10 requests)
[23:39:20] [211/445] MYCT
[23:39:22] [212/445] NMHT
[23:39:22] [213/445] MDIT
[23:39:23] [214/445] LATG
[23:39:24] [215/445] SMTY
[23:39:25] [216/445] CVCT
[23:39:26] [217/445] RAMB
[23:39:27] [218/445] TGMS
[23:39:28] [219/445] BHEL
[23:39:29] [220/445] SHCT
[23:39:29] 🔄 Identity reset
[23:39:29] 🔄 Identity rotated (every 10 requests)
[23:39:30] [221/445] SVCT
[23:39:31] [222/445] MRIY
[23:39:32] [223/445] SARO
[23:39:33] [224/445] STCT
[23:39:33] [225/445] JKKC
[23:39:34] [226/445] PLTT
[23:39:35] [227/445] SRNT
[23:39:36] [228/445] YAST
[23:39:37] [229/445] PERL
[23:39:38] [230/445] CICM
[23:39:38] 🔄 Identity reset
[23:39:38] 🔄 Identity rotated (every 10 requests)
[23:39:39] [231/445] MMTR
[23:39:40] [232/445] ABTK
[23:39:40] [233/445] ATYY
[23:39:41] [234/445] ASTK
[23:39:42] [235/445] VVCK
[23:39:43] [236/445] ATKY
[23:39:44] [237/445] GWEK
[23:39:45] [238/445] SVFH
[23:39:46] [239/445] SLTA
[23:39:47] [240/445] AASH
[23:39:47] 🔄 Identity reset
[23:39:47] 🔄 Identity rotated (every 10 requests)
[23:39:48] [241/445] ACXB
[23:39:48] [242/445] SMTX
[23:39:49] [243/445] AZDH
[23:39:50] [244/445] CMMH
[23:39:51] [245/445] SCSZ
[23:39:52] [246/445] SCKP
[23:39:53] [247/445] NXTM
[23:39:54] [248/445] NWCS
[23:39:55] [249/445] CXMH
[23:39:56] [250/445] PCMA
[23:39:56] 🔄 Identity reset
[23:39:56] 🔄 Identity rotated (every 10 requests)
[23:39:56] [251/445] SGCM
[23:39:57] [252/445] SDTU
[23:39:58] [253/445] MMVI
[23:39:59] [254/445] JKCM
[23:40:00] [255/445] VCMM
[23:40:02] [256/445] SYEE
[23:40:03] [257/445] VASD
[23:40:04] [258/445] BDRB
[23:40:05] [259/445] LASM
[23:40:05] [260/445] DCRL
[23:40:06] 🔄 Identity reset
[23:40:06] 🔄 Identity rotated (every 10 requests)
[23:40:07] [261/445] DVPM
[23:40:08] [262/445] SBMJ
[23:40:08] [263/445] CBMU
[23:40:09] [264/445] IUBS
[23:40:10] [265/445] INAP
[23:40:11] [266/445] SRRC
[23:40:12] [267/445] SAGR
[23:40:13] [268/445] CPMJ
[23:40:15] [269/445] ATJL
[23:40:16] [270/445] NNTD
[23:40:16] 🔄 Identity reset
[23:40:16] 🔄 Identity rotated (every 10 requests)
[23:40:17] [271/445] JHCJ
[23:40:18] [272/445] CMMP
[23:40:18] [273/445] RSDR
[23:40:19] [274/445] AMTI
[23:40:20] [275/445] NYSG
[23:40:21] [276/445] AVSG
[23:40:22] [277/445] SYTP
[23:40:23] [278/445] LARC
[23:40:25] [279/445] RJTP
[23:40:25] [280/445] LAKC
[23:40:26] 🔄 Identity reset
[23:40:26] 🔄 Identity rotated (every 10 requests)
[23:40:26] [281/445] MCXE
[23:40:27] [282/445] CCZC
[23:40:28] [283/445] AVCH
[23:40:29] [284/445] CMBE
[23:40:30] [285/445] MRRC
[23:40:31] [286/445] PCPY
[23:40:32] [287/445] SRMH
[23:40:33] [288/445] SVGS
[23:40:33] [289/445] PCSE
[23:40:34] [290/445] SVFT
[23:40:35] 🔄 Identity reset
[23:40:35] 🔄 Identity rotated (every 10 requests)
[23:40:35] [291/445] TNZP
[23:40:36] [292/445] ICTP
[23:40:37] [293/445] ACTZ
[23:40:38] [294/445] GTUR
[23:40:39] [295/445] MAFC
[23:40:40] [296/445] MINL
[23:40:40] [297/445] MRCL
[23:40:41] [298/445] RCRP
[23:40:42] [299/445] RFFG
[23:40:43] [300/445] RMAS
[23:40:44] 🔄 Identity reset
[23:40:44] 🔄 Identity rotated (every 10 requests)
[23:40:44] [301/445] INVR
[23:40:46] [302/445] RMAR
[23:40:46] [303/445] CNIS
[23:40:47] [304/445] RHRJ
[23:40:48] [305/445] INXR
[23:40:49] [306/445] VALT
[23:40:50] [307/445] LCSH
[23:40:51] [308/445] CMVS
[23:40:51] [309/445] CNMS
[23:40:52] [310/445] ROOG
[23:40:53] 🔄 Identity reset
[23:40:53] 🔄 Identity rotated (every 10 requests)
[23:40:53] [311/445] ISRM
[23:40:54] [312/445] RCRM
[23:40:55] [313/445] ACJA
[23:40:56] [314/445] RCVS
[23:40:57] [315/445] CPUS
[23:40:58] [316/445] TGCS
[23:40:59] [317/445] RKCJ
[23:41:00] [318/445] MKSB
[23:41:01] [319/445] TCSJ
[23:41:02] [320/445] RMGP
[23:41:03] 🔄 Identity reset
[23:41:03] 🔄 Identity rotated (every 10 requests)
[23:41:03] [321/445] CLLP
[23:41:04] [322/445] RCMV
[23:41:06] [323/445] CCKS
[23:41:07] [324/445] RSRP
[23:41:08] [325/445] APLP
[23:41:09] [326/445] CNVS
[23:41:10] [327/445] RMVY
[23:41:11] [328/445] PGBD
[23:41:12] [329/445] KLMS
[23:41:13] [330/445] RUST
[23:41:14] 🔄 Identity reset
[23:41:14] 🔄 Identity rotated (every 10 requests)
[23:41:14] [331/445] MASM
[23:41:15] [332/445] BACS
[23:41:16] [333/445] BWST
[23:41:17] [334/445] RRFH
[23:41:17] [335/445] SJTM
[23:41:18] [336/445] BEMR
[23:41:19] [337/445] MCGR
[23:41:20] [338/445] SDSK
[23:41:21] [339/445] VBOL
[23:41:22] [340/445] RMGM
[23:41:22] 🔄 Identity reset
[23:41:22] 🔄 Identity rotated (every 10 requests)
[23:41:22] [341/445] NOPL
[23:41:23] [342/445] MKJK
[23:41:24] [343/445] CVRN
[23:41:25] [344/445] MMEN
[23:41:26] [345/445] AMNG
[23:41:28] [346/445] INTM
[23:41:28] [347/445] SLCZ
[23:41:29] [348/445] AMJN
[23:41:30] [349/445] ACJN
[23:41:32] [350/445] AMKN
[23:41:32] 🔄 Identity reset
[23:41:32] 🔄 Identity rotated (every 10 requests)
[23:41:33] [351/445] BTCN
[23:41:34] [352/445] AMBT
[23:41:35] [353/445] PACN
[23:41:36] [354/445] LCNS
[23:41:37] [355/445] PPKC
[23:41:38] [356/445] JYYN
[23:41:39] [357/445] JTNR
[23:41:39] [358/445] GTEE
[23:41:40] [359/445] SRNM
[23:41:41] [360/445] SDTC
[23:41:42] 🔄 Identity reset
[23:41:42] 🔄 Identity rotated (every 10 requests)
[23:41:42] [361/445] VPCA
[23:41:43] [362/445] VLRA
[23:41:44] [363/445] SHKR
[23:41:45] [364/445] SBKD
[23:41:46] [365/445] SAAD
[23:41:47] [366/445] JTGN
[23:41:47] [367/445] SLAM
[23:41:49] [368/445] VTPM
[23:41:50] [369/445] ANPT
[23:41:51] [370/445] PUNB
[23:41:51] 🔄 Identity reset
[23:41:51] 🔄 Identity rotated (every 10 requests)
[23:41:52] [371/445] CPKT
[23:41:53] [372/445] CNWE
[23:41:54] [373/445] ECPP
[23:41:54] [374/445] CPAR
[23:41:55] [375/445] ESBW
[23:41:56] [376/445] PKPU
[23:41:57] [377/445] CPRP
[23:41:58] [378/445] RAHU
[23:41:59] [379/445] RHMN
[23:42:00] [380/445] FMJP
[23:42:01] 🔄 Identity reset
[23:42:01] 🔄 Identity rotated (every 10 requests)
[23:42:02] [381/445] CTMP
[23:42:03] [382/445] INPN
[23:42:04] [383/445] STTG
[23:42:05] [384/445] CTRD
[23:42:05] [385/445] PUVB
[23:42:06] [386/445] ESVP
[23:42:07] [387/445] CPFT
[23:42:08] [388/445] LCPC
[23:42:09] [389/445] VBCT
[23:42:10] [390/445] FSCW
[23:42:10] 🔄 Identity reset
[23:42:10] 🔄 Identity rotated (every 10 requests)
[23:42:10] [391/445] VCMP
[23:42:11] [392/445] ASHC
[23:42:12] [393/445] VLCX
[23:42:13] [394/445] SHEV
[23:42:14] [395/445] APCO
[23:42:15] [396/445] SILC
[23:42:16] [397/445] SNMR
[23:42:17] [398/445] KYBO
[23:42:17] [399/445] SATK
[23:42:18] [400/445] SSCS
[23:42:19] 🔄 Identity reset
[23:42:19] 🔄 Identity rotated (every 10 requests)
[23:42:20] [401/445] CLSB
[23:42:21] [402/445] KMJR
[23:42:22] [403/445] FSCK
[23:42:23] [404/445] NNKA
[23:42:24] [405/445] CLMK
[23:42:25] [406/445] DMPZ
[23:42:26] [407/445] INQM
[23:42:27] [408/445] CAML
[23:42:27] [409/445] INRK
[23:42:28] [410/445] IMKN
[23:42:29] 🔄 Identity reset
[23:42:29] 🔄 Identity rotated (every 10 requests)
[23:42:29] [411/445] SVNR
[23:42:30] [412/445] INSL
[23:42:31] [413/445] MSMA
[23:42:32] [414/445] MCKK
[23:42:33] [415/445] FCHP
[23:42:34] [416/445] SFCR
[23:42:35] [417/445] NACK
[23:42:36] [418/445] PVAK
[23:42:37] [419/445] INER
[23:42:38] [420/445] RDBK
[23:42:39] 🔄 Identity reset
[23:42:39] 🔄 Identity rotated (every 10 requests)
[23:42:39] [421/445] SVFN
[23:42:41] [422/445] IFRM
[23:42:42] [423/445] ATCK
[23:42:43] [424/445] ASKO
[23:42:44] [425/445] STKT
[23:42:45] [426/445] SVFB
[23:42:46] [427/445] INKS
[23:42:47] [428/445] PCRA
[23:42:48] [429/445] ATJA
[23:42:49] [430/445] IMJN
[23:42:50] 🔄 Identity reset
[23:42:50] 🔄 Identity rotated (every 10 requests)
[23:42:50] [431/445] INHD
[23:42:51] [432/445] BARA
[23:42:52] [433/445] MCSL
[23:42:53] [434/445] RTOY
[23:42:54] [435/445] MENO
[23:42:55] [436/445] PUDM
[23:42:56] [437/445] PRCN
[23:42:57] [438/445] JMJR
[23:42:58] [439/445] SSGK
[23:43:00] [440/445] SSRL
[23:43:00] 🔄 Identity reset
[23:43:00] 🔄 Identity rotated (every 10 requests)
[23:43:00] 🔄 Retry 1/5 for SSRL in 2.1s
[23:43:00] 🔄 Identity reset
[23:43:02] 🧠 New identity created
[23:43:03] [441/445] JYKL
[23:43:04] [442/445] ACNB
[23:43:05] [443/445] SONP
[23:43:06] [444/445] EMCI
[23:43:07] [445/445] MRJH
[23:43:08] 🧹 Deduping shows
[23:43:08] ✅ DONE | Shows=888 | Movies=39
