[17:17:28] 🚀 SCRIPT STARTED (enhanced anti‑detection)
[17:17:28] [1/459] NECA
[17:17:29] 🧠 New identity created
[17:17:30] [2/459] BJLC
[17:17:31] [3/459] BASU
[17:17:32] [4/459] RUPI
[17:17:33] [5/459] LCBK
[17:17:33] [6/459] PMAC
[17:17:34] [7/459] AMLC
[17:17:35] [8/459] LICL
[17:17:36] [9/459] UDMM
[17:17:37] [10/459] STBZ
[17:17:38] 🔄 Identity reset
[17:17:38] 🔄 Identity rotated (every 10 requests)
[17:17:38] [11/459] UUBT
[17:17:39] [12/459] SJKC
[17:17:40] [13/459] TUAL
[17:17:41] [14/459] MRSE
[17:17:42] [15/459] RMRK
[17:17:43] [16/459] TTKP
[17:17:44] [17/459] KTKO
[17:17:45] [18/459] SDBK
[17:17:46] [19/459] MCPR
[17:17:47] [20/459] CHTI
[17:17:47] 🔄 Identity reset
[17:17:47] 🔄 Identity rotated (every 10 requests)
[17:17:48] [21/459] GCCP
[17:17:49] [22/459] SRMY
[17:17:50] [23/459] NYST
[17:17:51] [24/459] NYAG
[17:17:52] [25/459] SBMT
[17:17:52] [26/459] INGA
[17:17:53] [27/459] WSIC
[17:17:54] [28/459] SCSS
[17:17:55] [29/459] COPG
[17:17:57] [30/459] RCGR
[17:17:57] 🔄 Identity reset
[17:17:58] 🔄 Identity rotated (every 10 requests)
[17:17:58] [31/459] TCZA
[17:17:59] [32/459] CNLP
[17:18:00] [33/459] CLKN
[17:18:01] [34/459] LHDF
[17:18:02] [35/459] ELKC
[17:18:03] [36/459] VCEM
[17:18:04] [37/459] SSZA
[17:18:04] [38/459] KRMT
[17:18:06] [39/459] LCMV
[17:18:07] [40/459] AYCZ
[17:18:07] 🔄 Identity reset
[17:18:07] 🔄 Identity rotated (every 10 requests)
[17:18:08] [41/459] CUMS
[17:18:09] [42/459] BOCK
[17:18:09] [43/459] PNMR
[17:18:10] [44/459] PJCP
[17:18:12] [45/459] JDDD
[17:18:14] [46/459] STMS
[17:18:15] [47/459] FLMB
[17:18:16] [48/459] PKCM
[17:18:17] [49/459] SPPR
[17:18:17] [50/459] EYLH
[17:18:18] 🔄 Identity reset
[17:18:18] 🔄 Identity rotated (every 10 requests)
[17:18:18] 🔄 Retry 1/5 for EYLH in 2.2s
[17:18:18] 🔄 Identity reset
[17:18:21] 🧠 New identity created
[17:18:21] [51/459] RJCC
[17:18:22] [52/459] MMPS
[17:18:23] [53/459] SHMX
[17:18:24] [54/459] CCNL
[17:18:25] [55/459] RCNV
[17:18:26] [56/459] MAAG
[17:18:27] [57/459] LXCM
[17:18:28] [58/459] RCNI
[17:18:29] [59/459] SNNI
[17:18:29] 🔄 Identity reset
[17:18:29] 🔄 Identity rotated (every 10 requests)
[17:18:29] [60/459] LALC
[17:18:30] [61/459] SOCN
[17:18:31] [62/459] JHTP
[17:18:32] [63/459] PITP
[17:18:33] [64/459] CCKW
[17:18:35] [65/459] MCMC
[17:18:35] [66/459] DEES
[17:18:36] [67/459] SABT
[17:18:37] [68/459] VSPP
[17:18:38] [69/459] ABCT
[17:18:38] 🔄 Identity reset
[17:18:38] 🔄 Identity rotated (every 10 requests)
[17:18:38] 🔄 Retry 1/5 for ABCT in 2.7s
[17:18:38] 🔄 Identity reset
[17:18:41] 🧠 New identity created
[17:18:42] [70/459] JVTB
[17:18:42] [71/459] VCBD
[17:18:43] [72/459] RMGG
[17:18:44] [73/459] RNMH
[17:18:45] [74/459] SPGL
[17:18:46] [75/459] JTTR
[17:18:48] [76/459] SICS
[17:18:49] [77/459] SRMI
[17:18:49] [78/459] SSIJ
[17:18:50] 🔄 Identity reset
[17:18:50] 🔄 Identity rotated (every 10 requests)
[17:18:50] [79/459] KFMT
[17:18:51] [80/459] VBIT
[17:18:52] [81/459] JKCT
[17:18:53] [82/459] GCGP
[17:18:54] [83/459] GDCS
[17:18:56] [84/459] TRBA
[17:18:57] [85/459] QUST
[17:18:58] [86/459] VSHM
[17:18:58] [87/459] SDCP
[17:18:59] [88/459] SNVS
[17:19:00] 🔄 Identity reset
[17:19:00] 🔄 Identity rotated (every 10 requests)
[17:19:00] [89/459] NYTO
[17:19:02] [90/459] URWC
[17:19:03] [91/459] GTWH
[17:19:04] [92/459] PFCM
[17:19:05] [93/459] KRTA
[17:19:06] [94/459] AXMC
[17:19:07] [95/459] EVMC
[17:19:08] [96/459] HGSM
[17:19:09] [97/459] ACVM
[17:19:09] [98/459] PSKL
[17:19:10] 🔄 Identity reset
[17:19:10] 🔄 Identity rotated (every 10 requests)
[17:19:10] [99/459] RDMP
[17:19:11] [100/459] RHGH
[17:19:12] [101/459] OMCM
[17:19:13] [102/459] DCCP
[17:19:14] [103/459] MCPB
[17:19:15] [104/459] ALCI
[17:19:17] [105/459] BLMX
[17:19:18] [106/459] BTMV
[17:19:20] [107/459] FVPN
[17:19:20] [108/459] CMAR
[17:19:21] 🔄 Identity reset
[17:19:21] 🔄 Identity rotated (every 10 requests)
[17:19:22] [109/459] CEIM
[17:19:23] [110/459] CMVA
[17:19:23] [111/459] CPIV
[17:19:24] [112/459] CNPE
[17:19:26] [113/459] COLV
[17:19:28] [114/459] DNNV
[17:19:30] [115/459] HCAD
[17:19:31] [116/459] TAKA
[17:19:32] [117/459] INVD
[17:19:33] [118/459] IRMM
[17:19:33] 🔄 Identity reset
[17:19:33] 🔄 Identity rotated (every 10 requests)
[17:19:34] [119/459] INSE
[17:19:35] [120/459] MRSW
[17:19:36] [121/459] MCVD
[17:19:36] [122/459] MCSO
[17:19:37] [123/459] PEVM
[17:19:39] [124/459] PVNL
[17:19:40] [125/459] PTCV
[17:19:41] [126/459] PRTC
[17:19:43] [127/459] RCVA
[17:19:45] [128/459] MTBN
[17:19:45] 🔄 Identity reset
[17:19:45] 🔄 Identity rotated (every 10 requests)
[17:19:45] 🔄 Retry 1/5 for MTBN in 2.1s
[17:19:45] 🔄 Identity reset
[17:19:48] 🧠 New identity created
[17:19:48] 🔄 Retry 2/5 for MTBN in 4.3s
[17:19:48] 🔄 Identity reset
[17:19:52] 🧠 New identity created
[17:19:52] [129/459] LUCP
[17:19:53] [130/459] FMPT
[17:19:54] [131/459] JLSL
[17:19:55] [132/459] SBHA
[17:19:56] [133/459] SHRC
[17:19:57] [134/459] AVPS
[17:19:57] [135/459] STPM
[17:19:59] [136/459] ATRD
[17:19:59] 🔄 Identity reset
[17:20:00] 🔄 Identity rotated (every 10 requests)
[17:20:00] [137/459] VTED
[17:20:01] [138/459] ACAI
[17:20:02] [139/459] SMAE
[17:20:03] [140/459] VMAT
[17:20:04] [141/459] LKCT
[17:20:05] [142/459] JTVK
[17:20:06] [143/459] PRTY
[17:20:07] [144/459] GETT
[17:20:08] [145/459] ESAP
[17:20:09] [146/459] NCPM
[17:20:10] 🔄 Identity reset
[17:20:10] 🔄 Identity rotated (every 10 requests)
[17:20:10] [147/459] PCPA
[17:20:11] [148/459] MMOM
[17:20:12] [149/459] PHUP
[17:20:13] [150/459] CCPI
[17:20:14] [151/459] CNTD
[17:20:14] [152/459] NLJR
[17:20:15] [153/459] SRNG
[17:20:16] [154/459] MHAL
[17:20:17] [155/459] PNSM
[17:20:18] [156/459] DRMY
[17:20:19] 🔄 Identity reset
[17:20:19] 🔄 Identity rotated (every 10 requests)
[17:20:19] 🔄 Retry 1/5 for DRMY in 2.8s
[17:20:19] 🔄 Identity reset
[17:20:22] 🧠 New identity created
[17:20:22] [157/459] CCMU
[17:20:23] [158/459] SCMY
[17:20:25] [159/459] PVSY
[17:20:26] [160/459] SDLM
[17:20:27] [161/459] ICCM
[17:20:27] [162/459] PYSU
[17:20:29] [163/459] GATM
[17:20:30] [164/459] WOTM
[17:20:31] [165/459] RKTS
[17:20:31] 🔄 Identity reset
[17:20:31] 🔄 Identity rotated (every 10 requests)
[17:20:31] 🔄 Retry 1/5 for RKTS in 2.9s
[17:20:31] 🔄 Identity reset
[17:20:34] 🧠 New identity created
[17:20:35] [166/459] PMTY
[17:20:36] [167/459] LYMS
[17:20:37] [168/459] TGCA
[17:20:38] [169/459] DSTA
[17:20:39] [170/459] CNGE
[17:20:39] [171/459] VSTG
[17:20:40] [172/459] GTCK
[17:20:41] [173/459] TGNT
[17:20:42] [174/459] ASLC
[17:20:43] 🔄 Identity reset
[17:20:43] 🔄 Identity rotated (every 10 requests)
[17:20:43] [175/459] SSST
[17:20:44] [176/459] KBTT
[17:20:45] [177/459] HKCP
[17:20:46] [178/459] SWLC
[17:20:47] [179/459] RTND
[17:20:48] [180/459] PKKT
[17:20:49] [181/459] HSTK
[17:20:50] [182/459] SPTT
[17:20:50] [183/459] IMPM
[17:20:51] [184/459] SCMV
[17:20:52] 🔄 Identity reset
[17:20:52] 🔄 Identity rotated (every 10 requests)
[17:20:52] [185/459] SPCT
[17:20:53] [186/459] JBCA
[17:20:54] [187/459] ATTR
[17:20:55] [188/459] SPMT
[17:20:56] [189/459] LCTM
[17:20:57] [190/459] SCVL
[17:20:58] [191/459] SCVT
[17:20:59] [192/459] KRIC
[17:20:59] [193/459] CTMG
[17:21:00] [194/459] ACNC
[17:21:01] 🔄 Identity reset
[17:21:01] 🔄 Identity rotated (every 10 requests)
[17:21:01] [195/459] DMCK
[17:21:03] [196/459] KMTV
[17:21:04] [197/459] PFCJ
[17:21:06] [198/459] VNMD
[17:21:07] [199/459] VPCZ
[17:21:07] [200/459] SRYR
[17:21:08] [201/459] SYTR
[17:21:09] [202/459] GATR
[17:21:11] [203/459] URTR
[17:21:12] [204/459] MKSM
[17:21:12] 🔄 Identity reset
[17:21:12] 🔄 Identity rotated (every 10 requests)
[17:21:13] [205/459] VSMH
[17:21:13] [206/459] SKRJ
[17:21:14] [207/459] SSJR
[17:21:15] [208/459] SVSM
[17:21:16] [209/459] RUCM
[17:21:17] [210/459] PRKN
[17:21:18] [211/459] RROH
[17:21:18] [212/459] SCTN
[17:21:19] [213/459] RTDM
[17:21:20] [214/459] ASRM
[17:21:21] 🔄 Identity reset
[17:21:21] 🔄 Identity rotated (every 10 requests)
[17:21:21] [215/459] SKMD
[17:21:22] [216/459] SUTD
[17:21:23] [217/459] SADM
[17:21:23] [218/459] WCNR
[17:21:24] [219/459] CNED
[17:21:26] [220/459] MPDB
[17:21:27] [221/459] KTBH
[17:21:28] [222/459] IDRM
[17:21:29] [223/459] PJJT
[17:21:30] [224/459] PFCV
[17:21:31] 🔄 Identity reset
[17:21:31] 🔄 Identity rotated (every 10 requests)
[17:21:31] [225/459] AACT
[17:21:32] [226/459] AAAD
[17:21:33] [227/459] ANES
[17:21:34] [228/459] MNCA
[17:21:35] [229/459] RMGU
[17:21:36] [230/459] DLCN
[17:21:37] [231/459] LJWT
[17:21:38] [232/459] MCBG
[17:21:39] [233/459] MYBG
[17:21:40] [234/459] GCCA
[17:21:41] 🔄 Identity reset
[17:21:41] 🔄 Identity rotated (every 10 requests)
[17:21:41] 🔄 Retry 1/5 for GCCA in 3.0s
[17:21:41] 🔄 Identity reset
[17:21:44] 🧠 New identity created
[17:21:44] 🔄 Retry 2/5 for GCCA in 4.3s
[17:21:44] 🔄 Identity reset
[17:21:48] 🧠 New identity created
[17:21:48] 🔄 Retry 3/5 for GCCA in 8.4s
[17:21:48] 🔄 Identity reset
[17:21:57] 🧠 New identity created
[17:21:57] 🔄 Retry 4/5 for GCCA in 16.2s
[17:21:57] 🔄 Identity reset
[17:22:13] 🧠 New identity created
[17:22:13] ❌ GCCA failed after 5 attempts
[17:22:13] 🔄 Identity reset
[17:22:13] ❌ GCCA final failure | RuntimeError | HTTP 403
[17:22:13] [235/459] GCGA
[17:22:14] 🧠 New identity created
[17:22:14] [236/459] ECGN
[17:22:15] [237/459] PRAB
[17:22:16] [238/459] PNMP
[17:22:17] [239/459] GCPT
[17:22:17] [240/459] ROYN
[17:22:18] 🔄 Identity reset
[17:22:18] 🔄 Identity rotated (every 10 requests)
[17:22:18] [241/459] VATM
[17:22:19] [242/459] KSNT
[17:22:20] [243/459] ACTC
[17:22:21] [244/459] PLTD
[17:22:22] [245/459] SKMK
[17:22:23] [246/459] CMTT
[17:22:24] [247/459] SMXP
[17:22:25] [248/459] SCMX
[17:22:26] [249/459] ACXN
[17:22:27] [250/459] ASWT
[17:22:27] 🔄 Identity reset
[17:22:27] 🔄 Identity rotated (every 10 requests)
[17:22:28] 🔄 Retry 1/5 for ASWT in 2.9s
[17:22:28] 🔄 Identity reset
[17:22:30] 🧠 New identity created
[17:22:31] [251/459] VVVL
[17:22:32] [252/459] NAGO
[17:22:33] [253/459] SNCN
[17:22:34] [254/459] MCKP
[17:22:35] [255/459] SAMO
[17:22:36] [256/459] JBTV
[17:22:37] [257/459] DCVV
[17:22:38] [258/459] KMSV
[17:22:39] [259/459] KDCN
[17:22:40] 🔄 Identity reset
[17:22:40] 🔄 Identity rotated (every 10 requests)
[17:22:40] [260/459] CNCP
[17:22:41] [261/459] HAMC
[17:22:42] [262/459] CCVZ
[17:22:43] [263/459] NCCK
[17:22:44] [264/459] MCHR
[17:22:45] [265/459] SCHT
[17:22:45] [266/459] ESSH
[17:22:46] [267/459] CUJC
[17:22:47] [268/459] PECP
[17:22:48] [269/459] PMMI
[17:22:49] 🔄 Identity reset
[17:22:49] 🔄 Identity rotated (every 10 requests)
[17:22:49] [270/459] PCCH
[17:22:50] [271/459] PRPM
[17:22:52] [272/459] PVKL
[17:22:53] [273/459] CBSM
[17:22:54] [274/459] PVCZ
[17:22:55] [275/459] PCVV
[17:22:56] [276/459] CTMJ
[17:22:57] [277/459] RCPS
[17:22:58] [278/459] PCIT
[17:22:59] [279/459] FNCH
[17:23:00] 🔄 Identity reset
[17:23:00] 🔄 Identity rotated (every 10 requests)
[17:23:00] 🔄 Retry 1/5 for FNCH in 2.8s
[17:23:00] 🔄 Identity reset
[17:23:03] 🧠 New identity created
[17:23:03] [280/459] INZD
[17:23:04] [281/459] INPC
[17:23:05] [282/459] LCZP
[17:23:05] [283/459] SMCB
[17:23:07] [284/459] PTSB
[17:23:07] [285/459] TPSI
[17:23:08] [286/459] KHMJ
[17:23:09] [287/459] RCCJ
[17:23:10] [288/459] NCJA
[17:23:11] 🔄 Identity reset
[17:23:11] 🔄 Identity rotated (every 10 requests)
[17:23:11] [289/459] NCJN
[17:23:13] [290/459] BTDP
[17:23:14] [291/459] PADY
[17:23:15] [292/459] NYBH
[17:23:15] [293/459] MTBR
[17:23:16] [294/459] KRBC
[17:23:17] [295/459] DKTI
[17:23:18] [296/459] ANAN
[17:23:19] [297/459] INBP
[17:23:20] [298/459] PATB
[17:23:21] 🔄 Identity reset
[17:23:21] 🔄 Identity rotated (every 10 requests)
[17:23:21] 🔄 Retry 1/5 for PATB in 2.9s
[17:23:21] 🔄 Identity reset
[17:23:24] 🧠 New identity created
[17:23:24] 🔄 Retry 2/5 for PATB in 4.8s
[17:23:24] 🔄 Identity reset
[17:23:28] 🧠 New identity created
[17:23:29] [299/459] RGNT
[17:23:30] [300/459] CGPM
[17:23:32] [301/459] INTN
[17:23:33] [302/459] MCMP
[17:23:34] [303/459] ASRG
[17:23:35] [304/459] CXJD
[17:23:36] [305/459] SPCP
[17:23:37] [306/459] CSTP
[17:23:38] 🔄 Identity reset
[17:23:38] 🔄 Identity rotated (every 10 requests)
[17:23:38] [307/459] PKVC
[17:23:39] [308/459] ESCP
[17:23:40] [309/459] CAEP
[17:23:41] [310/459] CCSP
[17:23:42] [311/459] KTPC
[17:23:43] [312/459] DACA
[17:23:44] [313/459] NVKY
[17:23:45] [314/459] PTIN
[17:23:45] [315/459] SCIN
[17:23:46] [316/459] MCTY
[17:23:47] 🔄 Identity reset
[17:23:47] 🔄 Identity rotated (every 10 requests)
[17:23:48] [317/459] PCMX
[17:23:49] [318/459] INIC
[17:23:50] [319/459] MMZM
[17:23:51] [320/459] SSLP
[17:23:51] [321/459] DTDT
[17:23:52] [322/459] FFCX
[17:23:53] [323/459] RCMM
[17:23:55] [324/459] KYID
[17:23:57] [325/459] CSCI
[17:23:58] [326/459] FCMC
[17:23:58] 🔄 Identity reset
[17:23:58] 🔄 Identity rotated (every 10 requests)
[17:23:59] [327/459] MMXI
[17:24:00] [328/459] ASTC
[17:24:00] [329/459] CMRA
[17:24:01] [330/459] DICI
[17:24:02] [331/459] KDIN
[17:24:03] [332/459] PRFI
[17:24:04] [333/459] SVFC
[17:24:05] [334/459] UCPL
[17:24:06] [335/459] COOC
[17:24:07] [336/459] SCAL
[17:24:07] 🔄 Identity reset
[17:24:07] 🔄 Identity rotated (every 10 requests)
[17:24:08] [337/459] SVFF
[17:24:09] [338/459] VCMG
[17:24:10] [339/459] UUCT
[17:24:12] [340/459] GCSE
[17:24:13] [341/459] SUSC
[17:24:14] [342/459] MISC
[17:24:15] [343/459] RMBL
[17:24:16] [344/459] CMXN
[17:24:17] [345/459] PVBK
[17:24:17] [346/459] HHCG
[17:24:18] 🔄 Identity reset
[17:24:18] 🔄 Identity rotated (every 10 requests)
[17:24:18] [347/459] SCAG
[17:24:19] [348/459] CNPR
[17:24:20] [349/459] CSER
[17:24:21] [350/459] HLWD
[17:24:22] [351/459] BOLY
[17:24:23] [352/459] SSPG
[17:24:24] [353/459] MUPX
[17:24:25] [354/459] HAMR
[17:24:26] [355/459] SDNC
[17:24:26] [356/459] RTEN
[17:24:27] 🔄 Identity reset
[17:24:27] 🔄 Identity rotated (every 10 requests)
[17:24:27] [357/459] SDTD
[17:24:28] [358/459] KAWS
[17:24:29] [359/459] CMZX
[17:24:30] [360/459] DCDD
[17:24:31] [361/459] ALSN
[17:24:32] [362/459] IMXS
[17:24:33] [363/459] PVFF
[17:24:34] [364/459] PVOO
[17:24:35] [365/459] CFBS
[17:24:35] [366/459] PVER
[17:24:36] 🔄 Identity reset
[17:24:36] 🔄 Identity rotated (every 10 requests)
[17:24:37] [367/459] PPNX
[17:24:38] [368/459] CNRM
[17:24:39] [369/459] PVWW
[17:24:39] [370/459] INMB
[17:24:40] [371/459] CPJR
[17:24:41] [372/459] INRZ
[17:24:42] [373/459] PMSR
[17:24:43] [374/459] GPGM
[17:24:44] [375/459] PGWB
[17:24:45] [376/459] PMBR
[17:24:45] 🔄 Identity reset
[17:24:45] 🔄 Identity rotated (every 10 requests)
[17:24:46] [377/459] GPAM
[17:24:47] [378/459] INBC
[17:24:48] [379/459] PZVK
[17:24:49] [380/459] CPEB
[17:24:49] [381/459] FMLB
[17:24:50] [382/459] INBG
[17:24:51] [383/459] GPBR
[17:24:52] [384/459] PAAS
[17:24:53] [385/459] VTBR
[17:24:54] [386/459] GPMY
[17:24:54] 🔄 Identity reset
[17:24:54] 🔄 Identity rotated (every 10 requests)
[17:24:55] [387/459] GYBU
[17:24:56] [388/459] INBJ
[17:24:56] [389/459] LKTH
[17:24:57] [390/459] NSBR
[17:24:58] [391/459] PDRD
[17:24:59] [392/459] VRBL
[17:25:00] [393/459] VTGB
[17:25:02] [394/459] VTSK
[17:25:03] [395/459] BKDV
[17:25:04] [396/459] SVTB
[17:25:05] 🔄 Identity reset
[17:25:05] 🔄 Identity rotated (every 10 requests)
[17:25:05] [397/459] MLDT
[17:25:06] [398/459] NRBL
[17:25:08] [399/459] SLTR
[17:25:09] [400/459] VNKA
[17:25:10] [401/459] TDCA
[17:25:11] [402/459] INBM
[17:25:11] [403/459] SSNR
[17:25:12] [404/459] BHAC
[17:25:13] [405/459] SDSD
[17:25:14] [406/459] SAMP
[17:25:14] 🔄 Identity reset
[17:25:14] 🔄 Identity rotated (every 10 requests)
[17:25:15] [407/459] RATK
[17:25:16] [408/459] KCBI
[17:25:17] [409/459] URBL
[17:25:18] [410/459] MKBG
[17:25:19] [411/459] ASTB
[17:25:21] [412/459] VBWT
[17:25:23] [413/459] GPSM
[17:25:24] [414/459] ROON
[17:25:25] [415/459] CHTH
[17:25:26] [416/459] SSPA
[17:25:26] 🔄 Identity reset
[17:25:26] 🔄 Identity rotated (every 10 requests)
[17:25:27] [417/459] ANBL
[17:25:28] [418/459] VTBE
[17:25:29] [419/459] SVKT
[17:25:30] [420/459] SVYK
[17:25:32] [421/459] PTBK
[17:25:32] [422/459] RKTB
[17:25:33] [423/459] BALT
[17:25:34] [424/459] STSV
[17:25:35] [425/459] VCCB
[17:25:36] [426/459] SLTB
[17:25:37] 🔄 Identity reset
[17:25:37] 🔄 Identity rotated (every 10 requests)
[17:25:37] [427/459] SBCR
[17:25:38] [428/459] VDCS
[17:25:39] [429/459] MDKI
[17:25:40] [430/459] SMRN
[17:25:41] [431/459] PTBC
[17:25:42] [432/459] RADI
[17:25:43] [433/459] ADCR
[17:25:45] [434/459] SDCS
[17:25:46] [435/459] SRPJ
[17:25:47] [436/459] ARTS
[17:25:48] 🔄 Identity reset
[17:25:48] 🔄 Identity rotated (every 10 requests)
[17:25:48] [437/459] SRHK
[17:25:49] [438/459] SPAY
[17:25:50] [439/459] GPTB
[17:25:52] [440/459] SNNN
[17:25:53] [441/459] BALJ
[17:25:54] [442/459] TRIG
[17:25:55] [443/459] GTYT
[17:25:56] [444/459] ATGN
[17:25:57] [445/459] ANTE
[17:25:57] [446/459] BDCG
[17:25:58] 🔄 Identity reset
[17:25:58] 🔄 Identity rotated (every 10 requests)
[17:25:58] [447/459] VECI
[17:25:59] [448/459] SCPR
[17:26:00] [449/459] RTEA
[17:26:01] [450/459] JSAI
[17:26:02] [451/459] VJTP
[17:26:03] [452/459] GNDS
[17:26:04] [453/459] PAXA
[17:26:05] [454/459] CGGM
[17:26:06] [455/459] ACKZ
[17:26:06] [456/459] EMCC
[17:26:07] 🔄 Identity reset
[17:26:07] 🔄 Identity rotated (every 10 requests)
[17:26:07] [457/459] KLSK
[17:26:09] [458/459] AVCK
[17:26:10] [459/459] JTCK
[17:26:11] 🔁 RETRY ROUND 1 | Remaining: 1
[17:26:11] [RETRY-1] GCCA
[17:26:14] 🧹 Deduping shows
[17:26:14] ✅ DONE | Shows=572 | Movies=33
