[17:17:21] 🚀 SCRIPT STARTED (enhanced anti‑detection)
[17:17:21] [1/458] MBDC
[17:17:22] 🧠 New identity created
[17:17:22] [2/458] CHKM
[17:17:23] [3/458] JTKZ
[17:17:25] [4/458] CMCT
[17:17:26] [5/458] ASHO
[17:17:27] [6/458] ECDG
[17:17:28] [7/458] SPAT
[17:17:29] [8/458] HILC
[17:17:30] [9/458] SPPH
[17:17:31] [10/458] SBHN
[17:17:32] 🔄 Identity reset
[17:17:32] 🔄 Identity rotated (every 10 requests)
[17:17:32] [11/458] RRCA
[17:17:33] [12/458] APAA
[17:17:34] [13/458] RAME
[17:17:34] [14/458] TMMS
[17:17:36] [15/458] BATK
[17:17:38] [16/458] LKOP
[17:17:39] [17/458] AMTT
[17:17:40] [18/458] PTGK
[17:17:41] [19/458] ANRS
[17:17:42] [20/458] VWBW
[17:17:43] 🔄 Identity reset
[17:17:43] 🔄 Identity rotated (every 10 requests)
[17:17:44] [21/458] SVFG
[17:17:45] [22/458] STAT
[17:17:46] [23/458] GDCV
[17:17:47] [24/458] VEBI
[17:17:48] [25/458] VDSS
[17:17:49] [26/458] NTHV
[17:17:51] [27/458] AOCH
[17:17:52] [28/458] KASR
[17:17:52] [29/458] AYCS
[17:17:54] [30/458] SHAI
[17:17:55] 🔄 Identity reset
[17:17:55] 🔄 Identity rotated (every 10 requests)
[17:17:55] [31/458] SKPE
[17:17:56] [32/458] SBTA
[17:17:57] [33/458] RTTD
[17:17:58] [34/458] CCJD
[17:17:59] [35/458] RSJJ
[17:18:00] [36/458] RKND
[17:18:01] [37/458] SVTX
[17:18:02] [38/458] BAKM
[17:18:03] [39/458] SVDC
[17:18:04] [40/458] MNCV
[17:18:05] 🔄 Identity reset
[17:18:05] 🔄 Identity rotated (every 10 requests)
[17:18:06] [41/458] SJGC
[17:18:06] [42/458] MTPK
[17:18:08] [43/458] GATP
[17:18:09] [44/458] ABTS
[17:18:10] [45/458] ABDE
[17:18:11] [46/458] RCNM
[17:18:12] [47/458] KTHV
[17:18:13] [48/458] MDGJ
[17:18:14] [49/458] SMLM
[17:18:15] [50/458] JTMA
[17:18:15] 🔄 Identity reset
[17:18:15] 🔄 Identity rotated (every 10 requests)
[17:18:16] [51/458] ACKP
[17:18:17] [52/458] SRTA
[17:18:19] [53/458] STAY
[17:18:20] [54/458] MAVO
[17:18:21] [55/458] APTS
[17:18:22] [56/458] OMEA
[17:18:23] [57/458] TTFD
[17:18:24] [58/458] MJCU
[17:18:25] [59/458] CXTE
[17:18:26] [60/458] CTPX
[17:18:27] 🔄 Identity reset
[17:18:27] 🔄 Identity rotated (every 10 requests)
[17:18:27] [61/458] ASSL
[17:18:28] [62/458] CMVB
[17:18:30] [63/458] VPUR
[17:18:32] [64/458] JJDA
[17:18:33] [65/458] INBL
[17:18:34] [66/458] BIKB
[17:18:35] [67/458] NTBB
[17:18:36] [68/458] GLOB
[17:18:37] [69/458] SNTB
[17:18:38] [70/458] CHGV
[17:18:39] 🔄 Identity reset
[17:18:39] 🔄 Identity rotated (every 10 requests)
[17:18:39] [71/458] SSBZ
[17:18:40] [72/458] PRDB
[17:18:41] [73/458] ISMT
[17:18:42] [74/458] MCSD
[17:18:43] [75/458] JBTT
[17:18:44] [76/458] GEKR
[17:18:45] [77/458] PVUN
[17:18:46] [78/458] NRTB
[17:18:47] [79/458] PRAA
[17:18:48] [80/458] PCBL
[17:18:48] 🔄 Identity reset
[17:18:48] 🔄 Identity rotated (every 10 requests)
[17:18:49] [81/458] PTCM
[17:18:50] [82/458] KHNN
[17:18:52] [83/458] OMJE
[17:18:53] [84/458] STGN
[17:18:54] [85/458] RPMS
[17:18:54] [86/458] NWAD
[17:18:55] [87/458] BLCK
[17:18:56] [88/458] SVAA
[17:18:57] [89/458] URVM
[17:18:58] [90/458] ANTM
[17:18:59] 🔄 Identity reset
[17:18:59] 🔄 Identity rotated (every 10 requests)
[17:18:59] [91/458] VJYM
[17:19:00] [92/458] MAZZ
[17:19:02] [93/458] CSHM
[17:19:03] [94/458] WGMH
[17:19:04] [95/458] SALN
[17:19:06] [96/458] BRTP
[17:19:07] [97/458] SVTA
[17:19:08] [98/458] SBTP
[17:19:09] [99/458] VLSS
[17:19:10] [100/458] SRJA
[17:19:10] 🔄 Identity reset
[17:19:11] 🔄 Identity rotated (every 10 requests)
[17:19:11] [101/458] ANCG
[17:19:12] [102/458] CGGC
[17:19:13] [103/458] CRJA
[17:19:13] [104/458] USCR
[17:19:14] [105/458] MMEF
[17:19:15] [106/458] JCRJ
[17:19:16] [107/458] ADCM
[17:19:17] [108/458] BMYK
[17:19:18] [109/458] KICS
[17:19:19] [110/458] MBBT
[17:19:20] 🔄 Identity reset
[17:19:20] 🔄 Identity rotated (every 10 requests)
[17:19:20] [111/458] MACK
[17:19:21] [112/458] CLDR
[17:19:22] [113/458] JYCR
[17:19:23] [114/458] DCRP
[17:19:25] [115/458] RAHT
[17:19:25] [116/458] CSSM
[17:19:26] [117/458] ATPK
[17:19:27] [118/458] KLRT
[17:19:28] [119/458] SRDD
[17:19:29] [120/458] CKMC
[17:19:30] 🔄 Identity reset
[17:19:30] 🔄 Identity rotated (every 10 requests)
[17:19:30] [121/458] KRVM
[17:19:31] [122/458] AKCP
[17:19:32] [123/458] CNCV
[17:19:33] [124/458] PACT
[17:19:34] [125/458] NATP
[17:19:35] [126/458] PCPK
[17:19:37] [127/458] SMHO
[17:19:38] [128/458] CWTK
[17:19:40] [129/458] RVKZ
[17:19:41] [130/458] ASPD
[17:19:42] 🔄 Identity reset
[17:19:42] 🔄 Identity rotated (every 10 requests)
[17:19:42] [131/458] VTKZ
[17:19:44] [132/458] LCSO
[17:19:45] [133/458] PRDY
[17:19:46] [134/458] RCAP
[17:19:47] [135/458] RGAR
[17:19:48] [136/458] RCAC
[17:19:50] [137/458] PMOD
[17:19:50] [138/458] PVCN
[17:19:51] [139/458] SCRZ
[17:19:52] [140/458] PVPC
[17:19:53] 🔄 Identity reset
[17:19:53] 🔄 Identity rotated (every 10 requests)
[17:19:53] [141/458] STID
[17:19:55] [142/458] NEDD
[17:19:56] [143/458] BNBA
[17:19:56] [144/458] NTCD
[17:19:57] [145/458] OCDE
[17:19:58] [146/458] CCDU
[17:19:59] [147/458] CRXH
[17:20:01] [148/458] VLVT
[17:20:01] [149/458] CICI
[17:20:02] [150/458] SUCB
[17:20:03] 🔄 Identity reset
[17:20:03] 🔄 Identity rotated (every 10 requests)
[17:20:03] [151/458] TCBP
[17:20:04] [152/458] SCCY
[17:20:05] [153/458] LXCY
[17:20:06] [154/458] NCMD
[17:20:07] [155/458] PHCS
[17:20:08] [156/458] DUXR
[17:20:08] [157/458] VNKS
[17:20:10] [158/458] SEDP
[17:20:11] [159/458] SVEN
[17:20:12] [160/458] SRKM
[17:20:13] 🔄 Identity reset
[17:20:13] 🔄 Identity rotated (every 10 requests)
[17:20:13] [161/458] JTLT
[17:20:14] [162/458] SVSS
[17:20:15] [163/458] AMDE
[17:20:16] [164/458] WVRN
[17:20:17] [165/458] ISMG
[17:20:17] [166/458] WVKS
[17:20:19] [167/458] USCG
[17:20:20] [168/458] IOTG
[17:20:21] [169/458] RRJM
[17:20:21] [170/458] EDMP
[17:20:22] 🔄 Identity reset
[17:20:22] 🔄 Identity rotated (every 10 requests)
[17:20:22] [171/458] SCGZ
[17:20:23] [172/458] GMGX
[17:20:24] [173/458] OMTP
[17:20:25] [174/458] MITD
[17:20:26] [175/458] SMMD
[17:20:27] [176/458] STML
[17:20:28] [177/458] MCFS
[17:20:29] [178/458] FPKA
[17:20:30] [179/458] OMLR
[17:20:32] [180/458] KKSC
[17:20:32] 🔄 Identity reset
[17:20:32] 🔄 Identity rotated (every 10 requests)
[17:20:33] [181/458] RVMA
[17:20:34] [182/458] SCLL
[17:20:35] [183/458] SCDK
[17:20:35] [184/458] SXMI
[17:20:37] [185/458] SHDN
[17:20:38] [186/458] PAAD
[17:20:39] [187/458] UUCB
[17:20:40] [188/458] JHOL
[17:20:41] [189/458] SGWT
[17:20:42] [190/458] SRII
[17:20:42] 🔄 Identity reset
[17:20:42] 🔄 Identity rotated (every 10 requests)
[17:20:43] [191/458] SGCK
[17:20:45] [192/458] SVVB
[17:20:45] [193/458] DMHA
[17:20:46] [194/458] PPNL
[17:20:47] [195/458] CPNL
[17:20:48] [196/458] WVLD
[17:20:50] [197/458] PSLV
[17:20:51] [198/458] VTTL
[17:20:51] [199/458] NPAD
[17:20:53] [200/458] PVCS
[17:20:54] 🔄 Identity reset
[17:20:54] 🔄 Identity rotated (every 10 requests)
[17:20:54] [201/458] MCHL
[17:20:55] [202/458] PPLL
[17:20:56] [203/458] MALO
[17:20:58] [204/458] SWBH
[17:20:58] [205/458] PUGB
[17:20:59] [206/458] INBB
[17:21:00] [207/458] INNS
[17:21:01] [208/458] MCPT
[17:21:02] [209/458] SCMI
[17:21:03] [210/458] OCON
[17:21:04] 🔄 Identity reset
[17:21:04] 🔄 Identity rotated (every 10 requests)
[17:21:04] [211/458] SCSM
[17:21:05] [212/458] RJVN
[17:21:06] [213/458] AMDK
[17:21:08] [214/458] ISMR
[17:21:09] [215/458] SMTD
[17:21:10] [216/458] VTDD
[17:21:11] [217/458] PDDZ
[17:21:13] [218/458] PCCK
[17:21:13] [219/458] INAM
[17:21:14] [220/458] FNKT
[17:21:15] 🔄 Identity reset
[17:21:15] 🔄 Identity rotated (every 10 requests)
[17:21:15] 🔄 Retry 1/5 for FNKT in 2.3s
[17:21:15] 🔄 Identity reset
[17:21:17] 🧠 New identity created
[17:21:18] [221/458] GDKA
[17:21:19] [222/458] MAYU
[17:21:20] [223/458] TCGU
[17:21:22] [224/458] KDCA
[17:21:22] [225/458] DOMY
[17:21:23] [226/458] PDDD
[17:21:25] [227/458] BJTS
[17:21:25] [228/458] VTCA
[17:21:27] [229/458] SBTM
[17:21:28] 🔄 Identity reset
[17:21:28] 🔄 Identity rotated (every 10 requests)
[17:21:29] [230/458] SEET
[17:21:30] [231/458] SSTJ
[17:21:31] [232/458] SVNT
[17:21:32] [233/458] PPPR
[17:21:33] [234/458] PVYS
[17:21:34] [235/458] IOSE
[17:21:34] [236/458] ACTV
[17:21:35] [237/458] APVE
[17:21:36] [238/458] TCCL
[17:21:37] [239/458] SCMO
[17:21:38] 🔄 Identity reset
[17:21:38] 🔄 Identity rotated (every 10 requests)
[17:21:38] [240/458] SAUM
[17:21:39] [241/458] KCJS
[17:21:40] [242/458] NJCJ
[17:21:41] [243/458] NECF
[17:21:43] [244/458] CCGW
[17:21:43] [245/458] CCMG
[17:21:44] [246/458] NYRG
[17:21:46] [247/458] NCSQ
[17:21:47] [248/458] GRCG
[17:21:48] [249/458] CCBT
[17:21:49] 🔄 Identity reset
[17:21:49] 🔄 Identity rotated (every 10 requests)
[17:21:49] [250/458] ACGA
[17:21:50] [251/458] INAG
[17:21:51] [252/458] FUCG
[17:21:52] [253/458] AICF
[17:21:53] [254/458] GRGA
[17:21:54] [255/458] GDCN
[17:21:54] [256/458] RRCG
[17:21:55] [257/458] SDCH
[17:21:56] [258/458] WVJM
[17:21:57] [259/458] JCCZ
[17:21:58] 🔄 Identity reset
[17:21:58] 🔄 Identity rotated (every 10 requests)
[17:21:59] [260/458] CNCL
[17:21:59] [261/458] TMLV
[17:22:00] [262/458] MEMB
[17:22:02] [263/458] SGTD
[17:22:02] [264/458] CONX
[17:22:03] [265/458] CCMH
[17:22:04] [266/458] ACMC
[17:22:05] [267/458] DTPD
[17:22:06] [268/458] POJA
[17:22:08] [269/458] FNBH
[17:22:09] 🔄 Identity reset
[17:22:09] 🔄 Identity rotated (every 10 requests)
[17:22:10] [270/458] CGCB
[17:22:11] [271/458] RACN
[17:22:11] [272/458] JTSM
[17:22:12] [273/458] SCDN
[17:22:13] [274/458] AACK
[17:22:14] [275/458] RMCE
[17:22:16] [276/458] BSGB
[17:22:17] [277/458] MRCB
[17:22:18] [278/458] SRVR
[17:22:18] [279/458] VTKK
[17:22:19] 🔄 Identity reset
[17:22:19] 🔄 Identity rotated (every 10 requests)
[17:22:19] [280/458] AMST
[17:22:21] [281/458] APCY
[17:22:22] [282/458] LMHO
[17:22:23] [283/458] MTZH
[17:22:24] [284/458] AMZB
[17:22:25] [285/458] SUVT
[17:22:26] [286/458] RCIP
[17:22:28] [287/458] KESR
[17:22:29] [288/458] SNKC
[17:22:30] [289/458] SCED
[17:22:31] 🔄 Identity reset
[17:22:31] 🔄 Identity rotated (every 10 requests)
[17:22:32] [290/458] DVCA
[17:22:33] [291/458] VCDT
[17:22:34] [292/458] RRDI
[17:22:35] [293/458] DFCH
[17:22:36] [294/458] INSC
[17:22:38] [295/458] RGTR
[17:22:38] [296/458] FMOT
[17:22:39] [297/458] SCPM
[17:22:40] [298/458] GCDT
[17:22:42] [299/458] BRKT
[17:22:42] 🔄 Identity reset
[17:22:42] 🔄 Identity rotated (every 10 requests)
[17:22:43] [300/458] DEMP
[17:22:44] [301/458] SRLC
[17:22:46] [302/458] KSTT
[17:22:47] [303/458] SMMT
[17:22:48] [304/458] SILM
[17:22:49] [305/458] JCVM
[17:22:49] [306/458] KCSV
[17:22:50] [307/458] MHLK
[17:22:51] [308/458] SLVL
[17:22:52] [309/458] RJKP
[17:22:53] 🔄 Identity reset
[17:22:53] 🔄 Identity rotated (every 10 requests)
[17:22:53] [310/458] BBPC
[17:22:54] [311/458] MXCB
[17:22:55] [312/458] TCPK
[17:22:56] [313/458] RTBR
[17:22:57] [314/458] GAUT
[17:22:58] [315/458] DVCF
[17:23:00] [316/458] JTSB
[17:23:01] [317/458] SBLS
[17:23:02] [318/458] UDAY
[17:23:03] [319/458] PTNP
[17:23:04] 🔄 Identity reset
[17:23:04] 🔄 Identity rotated (every 10 requests)
[17:23:04] 🔄 Retry 1/5 for PTNP in 2.9s
[17:23:04] 🔄 Identity reset
[17:23:07] 🧠 New identity created
[17:23:07] [320/458] DMKT
[17:23:09] [321/458] NTDT
[17:23:10] [322/458] SHDJ
[17:23:11] [323/458] OTNC
[17:23:12] [324/458] RNTW
[17:23:13] [325/458] GCMI
[17:23:14] [326/458] CRCM
[17:23:15] [327/458] NNCZ
[17:23:16] [328/458] OEMO
[17:23:16] 🔄 Identity reset
[17:23:16] 🔄 Identity rotated (every 10 requests)
[17:23:17] [329/458] PVJM
[17:23:18] [330/458] CPJI
[17:23:19] [331/458] RMCJ
[17:23:20] [332/458] CNWJ
[17:23:21] [333/458] EPJM
[17:23:22] [334/458] FNJJ
[17:23:23] [335/458] GCMJ
[17:23:23] [336/458] INPS
[17:23:25] [337/458] BICJ
[17:23:26] [338/458] ISTJ
[17:23:26] 🔄 Identity reset
[17:23:26] 🔄 Identity rotated (every 10 requests)
[17:23:27] [339/458] INJC
[17:23:27] [340/458] GLXJ
[17:23:28] [341/458] INEM
[17:23:29] [342/458] JTMN
[17:23:31] [343/458] FRCJ
[17:23:31] [344/458] DDJP
[17:23:33] [345/458] INJV
[17:23:34] [346/458] GOLC
[17:23:35] [347/458] KOCI
[17:23:36] [348/458] FSTD
[17:23:36] 🔄 Identity reset
[17:23:36] 🔄 Identity rotated (every 10 requests)
[17:23:37] [349/458] PACJ
[17:23:38] [350/458] GMCN
[17:23:39] [351/458] MMDJ
[17:23:40] [352/458] GODH
[17:23:41] [353/458] SKYN
[17:23:42] [354/458] NCTH
[17:23:43] [355/458] SKVZ
[17:23:44] [356/458] SVML
[17:23:45] [357/458] ACVZ
[17:23:46] [358/458] SURA
[17:23:47] 🔄 Identity reset
[17:23:47] 🔄 Identity rotated (every 10 requests)
[17:23:47] [359/458] RTRB
[17:23:48] [360/458] LLCT
[17:23:49] [361/458] ATTS
[17:23:50] [362/458] JYCM
[17:23:51] [363/458] CTKR
[17:23:52] [364/458] LCKR
[17:23:52] [365/458] NYCV
[17:23:53] [366/458] NYOH
[17:23:54] [367/458] NOVX
[17:23:55] [368/458] MRGK
[17:23:56] 🔄 Identity reset
[17:23:56] 🔄 Identity rotated (every 10 requests)
[17:23:56] [369/458] MOON
[17:23:57] [370/458] SBUC
[17:23:58] [371/458] GSVA
[17:23:59] [372/458] VIAK
[17:24:00] [373/458] SMVZ
[17:24:02] [374/458] MATE
[17:24:03] [375/458] RDCN
[17:24:04] [376/458] ASBL
[17:24:05] [377/458] ASVS
[17:24:06] [378/458] ASSR
[17:24:07] 🔄 Identity reset
[17:24:07] 🔄 Identity rotated (every 10 requests)
[17:24:07] 🔄 Retry 1/5 for ASSR in 2.3s
[17:24:07] 🔄 Identity reset
[17:24:09] 🧠 New identity created
[17:24:09] 🔄 Retry 2/5 for ASSR in 4.3s
[17:24:09] 🔄 Identity reset
[17:24:14] 🧠 New identity created
[17:24:14] [379/458] SSKN
[17:24:15] [380/458] DRPV
[17:24:16] [381/458] MRHT
[17:24:18] [382/458] BSCN
[17:24:19] [383/458] RKNX
[17:24:20] [384/458] MSMC
[17:24:21] [385/458] MSCJ
[17:24:22] [386/458] BTBJ
[17:24:22] 🔄 Identity reset
[17:24:22] 🔄 Identity rotated (every 10 requests)
[17:24:23] [387/458] MJCC
[17:24:24] [388/458] IOMM
[17:24:25] [389/458] ADGR
[17:24:26] [390/458] MYCP
[17:24:27] [391/458] IGCM
[17:24:28] [392/458] PGRK
[17:24:29] [393/458] VPGO
[17:24:29] [394/458] KOMS
[17:24:30] [395/458] URGG
[17:24:32] [396/458] GOST
[17:24:32] 🔄 Identity reset
[17:24:32] 🔄 Identity rotated (every 10 requests)
[17:24:32] [397/458] LACT
[17:24:33] [398/458] BWCM
[17:24:34] [399/458] NCCW
[17:24:35] [400/458] SKYC
[17:24:36] [401/458] CCPM
[17:24:38] [402/458] VCBT
[17:24:38] [403/458] SDKR
[17:24:40] [404/458] CTYB
[17:24:41] [405/458] SHCX
[17:24:42] [406/458] RCUN
[17:24:43] 🔄 Identity reset
[17:24:43] 🔄 Identity rotated (every 10 requests)
[17:24:43] [407/458] CNRA
[17:24:44] [408/458] RFCA
[17:24:45] [409/458] RDCU
[17:24:46] [410/458] SARK
[17:24:47] [411/458] SPPP
[17:24:48] [412/458] ADMB
[17:24:49] [413/458] JYOE
[17:24:50] [414/458] SRMD
[17:24:51] [415/458] RJDH
[17:24:51] [416/458] SSTD
[17:24:52] 🔄 Identity reset
[17:24:52] 🔄 Identity rotated (every 10 requests)
[17:24:52] [417/458] AACV
[17:24:53] [418/458] PPVD
[17:24:54] [419/458] STCP
[17:24:55] [420/458] ANLS
[17:24:56] [421/458] BIJO
[17:24:57] [422/458] AVAB
[17:24:58] [423/458] SPMD
[17:24:59] [424/458] SVJL
[17:25:01] [425/458] SDDJ
[17:25:02] [426/458] SLTU
[17:25:02] 🔄 Identity reset
[17:25:02] 🔄 Identity rotated (every 10 requests)
[17:25:02] [427/458] SAKA
[17:25:04] [428/458] PMAM
[17:25:05] [429/458] FNAM
[17:25:07] [430/458] ACAM
[17:25:07] [431/458] SCMM
[17:25:08] [432/458] PMAK
[17:25:09] [433/458] NYSA
[17:25:10] [434/458] FCPA
[17:25:11] [435/458] GDAN
[17:25:12] [436/458] RSCA
[17:25:13] 🔄 Identity reset
[17:25:13] 🔄 Identity rotated (every 10 requests)
[17:25:13] [437/458] DMAN
[17:25:14] [438/458] DZCM
[17:25:15] [439/458] NSGL
[17:25:16] [440/458] CCPP
[17:25:17] [441/458] PSMG
[17:25:18] [442/458] GSER
[17:25:19] [443/458] FCCT
[17:25:20] [444/458] FCTB
[17:25:21] [445/458] LCNK
[17:25:22] [446/458] SKTY
[17:25:22] 🔄 Identity reset
[17:25:22] 🔄 Identity rotated (every 10 requests)
[17:25:23] [447/458] INAA
[17:25:24] [448/458] RCWN
[17:25:24] [449/458] VAIS
[17:25:25] [450/458] CVMN
[17:25:26] [451/458] INTS
[17:25:27] [452/458] FRGS
[17:25:28] [453/458] DTCK
[17:25:29] [454/458] MCMH
[17:25:30] [455/458] ECRR
[17:25:31] [456/458] RLLP
[17:25:31] 🔄 Identity reset
[17:25:31] 🔄 Identity rotated (every 10 requests)
[17:25:32] [457/458] CCSN
[17:25:33] [458/458] CCBA
[17:25:34] 🧹 Deduping shows
[17:25:34] ✅ DONE | Shows=721 | Movies=35
