[17:17:26] 🚀 SCRIPT STARTED (enhanced anti‑detection)
[17:17:26] [1/456] FNDB
[17:17:26] 🧠 New identity created
[17:17:27] [2/456] AMBH
[17:17:28] [3/456] PRHN
[17:17:29] [4/456] ACPM
[17:17:29] [5/456] PVFS
[17:17:30] [6/456] AACN
[17:17:31] [7/456] ACAS
[17:17:32] [8/456] CTNR
[17:17:33] [9/456] MMAH
[17:17:34] [10/456] CPMH
[17:17:35] 🔄 Identity reset
[17:17:35] 🔄 Identity rotated (every 10 requests)
[17:17:35] [11/456] IGMH
[17:17:36] [12/456] ABCS
[17:17:37] [13/456] CMMA
[17:17:38] [14/456] GPRH
[17:17:39] [15/456] PNNG
[17:17:40] [16/456] AMCA
[17:17:41] [17/456] ISTN
[17:17:41] [18/456] PIIC
[17:17:42] [19/456] AHMH
[17:17:43] [20/456] ASHN
[17:17:44] 🔄 Identity reset
[17:17:44] 🔄 Identity rotated (every 10 requests)
[17:17:45] [21/456] INHY
[17:17:46] [22/456] SRMO
[17:17:47] [23/456] PIMH
[17:17:48] [24/456] PVTS
[17:17:49] [25/456] MMCA
[17:17:50] [26/456] AKYJ
[17:17:52] [27/456] BRKH
[17:17:53] [28/456] MAHM
[17:17:53] [29/456] CPHY
[17:17:54] [30/456] PVTP
[17:17:55] 🔄 Identity reset
[17:17:55] 🔄 Identity rotated (every 10 requests)
[17:17:55] [31/456] SMMR
[17:17:56] [32/456] PVHM
[17:17:57] [33/456] SNDY
[17:17:58] [34/456] GOKU
[17:17:59] [35/456] ACEV
[17:18:00] [36/456] PVUM
[17:18:01] [37/456] VSWA
[17:18:02] [38/456] IPRS
[17:18:04] [39/456] BKMV
[17:18:04] [40/456] PVYH
[17:18:05] 🔄 Identity reset
[17:18:05] 🔄 Identity rotated (every 10 requests)
[17:18:05] [41/456] INKM
[17:18:06] [42/456] ARJU
[17:18:08] [43/456] JJPP
[17:18:10] [44/456] SSRM
[17:18:11] [45/456] HMHD
[17:18:12] [46/456] SNKH
[17:18:13] [47/456] ACHI
[17:18:14] [48/456] MRAA
[17:18:15] [49/456] INMH
[17:18:16] [50/456] ARMH
[17:18:17] 🔄 Identity reset
[17:18:17] 🔄 Identity rotated (every 10 requests)
[17:18:17] [51/456] DVRR
[17:18:18] [52/456] SUDA
[17:18:19] [53/456] MCSS
[17:18:20] [54/456] VRKC
[17:18:20] [55/456] PRCX
[17:18:21] [56/456] ASJY
[17:18:22] [57/456] MTHY
[17:18:23] [58/456] SRCM
[17:18:24] [59/456] TVHY
[17:18:25] [60/456] STHD
[17:18:25] 🔄 Identity reset
[17:18:25] 🔄 Identity rotated (every 10 requests)
[17:18:26] [61/456] CPCL
[17:18:27] [62/456] PSMJ
[17:18:28] [63/456] MRGT
[17:18:29] [64/456] ARYH
[17:18:29] [65/456] VTRB
[17:18:31] [66/456] SCHC
[17:18:32] [67/456] MRRG
[17:18:32] [68/456] SPCB
[17:18:33] [69/456] AMCM
[17:18:34] [70/456] IVNM
[17:18:35] 🔄 Identity reset
[17:18:35] 🔄 Identity rotated (every 10 requests)
[17:18:35] [71/456] TRHY
[17:18:36] [72/456] PTTH
[17:18:37] [73/456] RKMH
[17:18:38] [74/456] PRCS
[17:18:39] [75/456] VAJA
[17:18:40] [76/456] BJNG
[17:18:41] [77/456] SCVM
[17:18:42] [78/456] GNHB
[17:18:43] [79/456] TLUR
[17:18:44] [80/456] UKCC
[17:18:44] 🔄 Identity reset
[17:18:44] 🔄 Identity rotated (every 10 requests)
[17:18:45] [81/456] SRKR
[17:18:46] [82/456] RMKN
[17:18:47] [83/456] SLRT
[17:18:48] [84/456] LKMT
[17:18:49] [85/456] SSRJ
[17:18:49] [86/456] SPHT
[17:18:51] [87/456] ANTT
[17:18:52] [88/456] SRCH
[17:18:53] [89/456] SRCA
[17:18:54] [90/456] ARTH
[17:18:54] 🔄 Identity reset
[17:18:54] 🔄 Identity rotated (every 10 requests)
[17:18:55] [91/456] MCBH
[17:18:55] [92/456] SNIB
[17:18:56] [93/456] SART
[17:18:58] [94/456] SKTA
[17:18:59] [95/456] YAKT
[17:19:00] [96/456] MLCK
[17:19:00] [97/456] ANTS
[17:19:01] [98/456] DGCA
[17:19:02] [99/456] SGMP
[17:19:03] [100/456] ASWN
[17:19:04] 🔄 Identity reset
[17:19:04] 🔄 Identity rotated (every 10 requests)
[17:19:04] [101/456] KFVU
[17:19:05] [102/456] POOR
[17:19:06] [103/456] GKDN
[17:19:07] [104/456] EOSE
[17:19:08] [105/456] GTTT
[17:19:09] [106/456] ARRO
[17:19:10] [107/456] CMMK
[17:19:11] [108/456] MSCN
[17:19:11] [109/456] GDKH
[17:19:12] [110/456] DLMT
[17:19:13] 🔄 Identity reset
[17:19:13] 🔄 Identity rotated (every 10 requests)
[17:19:13] [111/456] PVMF
[17:19:14] [112/456] CPCK
[17:19:15] [113/456] VMHE
[17:19:16] [114/456] PVLC
[17:19:17] [115/456] PCVB
[17:19:18] [116/456] SNYK
[17:19:19] [117/456] KTEK
[17:19:20] [118/456] PCNM
[17:19:21] [119/456] NTTR
[17:19:22] [120/456] CPSK
[17:19:23] 🔄 Identity reset
[17:19:23] 🔄 Identity rotated (every 10 requests)
[17:19:23] [121/456] JMMA
[17:19:24] [122/456] GCFK
[17:19:25] [123/456] MYCA
[17:19:26] [124/456] KSNP
[17:19:27] [125/456] PMCE
[17:19:28] [126/456] SCKI
[17:19:29] [127/456] FSMA
[17:19:31] [128/456] CETA
[17:19:32] [129/456] MCIK
[17:19:33] [130/456] MYCR
[17:19:33] 🔄 Identity reset
[17:19:33] 🔄 Identity rotated (every 10 requests)
[17:19:34] [131/456] EVMP
[17:19:35] [132/456] SSGT
[17:19:36] [133/456] KCTK
[17:19:37] [134/456] ZTKC
[17:19:38] [135/456] MMTA
[17:19:39] [136/456] MAJT
[17:19:39] [137/456] ACPK
[17:19:40] [138/456] JMAX
[17:19:42] [139/456] SETK
[17:19:43] [140/456] CAIS
[17:19:43] 🔄 Identity reset
[17:19:43] 🔄 Identity rotated (every 10 requests)
[17:19:44] [141/456] AGCD
[17:19:45] [142/456] URCL
[17:19:45] [143/456] VTDS
[17:19:47] [144/456] JCNM
[17:19:48] [145/456] KCAM
[17:19:49] [146/456] ADCU
[17:19:50] [147/456] GXYN
[17:19:51] [148/456] SMJG
[17:19:52] [149/456] EYCJ
[17:19:53] [150/456] CCEJ
[17:19:54] 🔄 Identity reset
[17:19:54] 🔄 Identity rotated (every 10 requests)
[17:19:54] [151/456] MARS
[17:19:55] [152/456] CPVJ
[17:19:56] [153/456] INVP
[17:19:57] [154/456] CPOV
[17:19:58] [155/456] VIJK
[17:19:59] [156/456] LAIM
[17:19:59] [157/456] STHV
[17:20:00] [158/456] SVLJ
[17:20:02] [159/456] ATVJ
[17:20:03] [160/456] JTSC
[17:20:04] 🔄 Identity reset
[17:20:04] 🔄 Identity rotated (every 10 requests)
[17:20:04] [161/456] RMTV
[17:20:05] [162/456] MGGG
[17:20:06] [163/456] SWTH
[17:20:07] [164/456] INVJ
[17:20:08] [165/456] PRSV
[17:20:08] [166/456] JATV
[17:20:09] [167/456] RCVD
[17:20:11] [168/456] BDMA
[17:20:12] [169/456] BLJI
[17:20:13] [170/456] SWOT
[17:20:13] 🔄 Identity reset
[17:20:13] 🔄 Identity rotated (every 10 requests)
[17:20:13] [171/456] SWRN
[17:20:14] [172/456] TVRA
[17:20:15] [173/456] NVRN
[17:20:16] [174/456] SIKC
[17:20:17] [175/456] VAKR
[17:20:18] [176/456] SYLN
[17:20:19] [177/456] KLJL
[17:20:19] [178/456] LKMY
[17:20:20] [179/456] VSLY
[17:20:21] [180/456] CIKO
[17:20:22] 🔄 Identity reset
[17:20:22] 🔄 Identity rotated (every 10 requests)
[17:20:23] [181/456] GPBG
[17:20:24] [182/456] CECM
[17:20:25] [183/456] SLKB
[17:20:26] [184/456] MTBO
[17:20:26] [185/456] SSHB
[17:20:28] [186/456] VPCS
[17:20:29] [187/456] RCSR
[17:20:30] [188/456] RJRM
[17:20:31] [189/456] KPPB
[17:20:31] [190/456] SEDC
[17:20:32] 🔄 Identity reset
[17:20:32] 🔄 Identity rotated (every 10 requests)
[17:20:32] 🔄 Retry 1/5 for SEDC in 2.6s
[17:20:32] 🔄 Identity reset
[17:20:35] 🧠 New identity created
[17:20:35] [191/456] SCAI
[17:20:36] [192/456] RMTR
[17:20:37] [193/456] ASST
[17:20:38] [194/456] GCAK
[17:20:38] [195/456] ANNK
[17:20:40] [196/456] KDDF
[17:20:41] [197/456] NRDP
[17:20:42] [198/456] PLAK
[17:20:43] [199/456] GCMC
[17:20:43] 🔄 Identity reset
[17:20:43] 🔄 Identity rotated (every 10 requests)
[17:20:44] [200/456] ALPY
[17:20:45] [201/456] SICE
[17:20:46] [202/456] SISR
[17:20:47] [203/456] SRPZ
[17:20:48] [204/456] SRSW
[17:20:49] [205/456] SUYA
[17:20:50] [206/456] AMMT
[17:20:51] [207/456] BHCU
[17:20:51] [208/456] KLPA
[17:20:52] [209/456] NVKH
[17:20:53] 🔄 Identity reset
[17:20:53] 🔄 Identity rotated (every 10 requests)
[17:20:53] [210/456] JMRC
[17:20:55] [211/456] KTTT
[17:20:57] [212/456] MAGH
[17:20:58] [213/456] MMMX
[17:20:58] [214/456] SALJ
[17:20:59] [215/456] GTJA
[17:21:00] [216/456] MAHT
[17:21:01] [217/456] SSNN
[17:21:02] [218/456] ARRP
[17:21:04] [219/456] ATNS
[17:21:04] 🔄 Identity reset
[17:21:04] 🔄 Identity rotated (every 10 requests)
[17:21:05] [220/456] SKDT
[17:21:06] [221/456] ACAT
[17:21:07] [222/456] APRC
[17:21:08] [223/456] SWAG
[17:21:09] [224/456] SDPT
[17:21:10] [225/456] STPS
[17:21:10] [226/456] WWCZ
[17:21:11] [227/456] LLCH
[17:21:12] [228/456] MZHA
[17:21:13] [229/456] CRJG
[17:21:14] 🔄 Identity reset
[17:21:14] 🔄 Identity rotated (every 10 requests)
[17:21:14] [230/456] JGTK
[17:21:16] [231/456] KCSR
[17:21:16] [232/456] CHTL
[17:21:18] [233/456] EDSR
[17:21:18] [234/456] CSWO
[17:21:20] [235/456] CPVM
[17:21:21] [236/456] MXBY
[17:21:22] [237/456] FMMA
[17:21:22] [238/456] POVI
[17:21:23] [239/456] MTHB
[17:21:24] 🔄 Identity reset
[17:21:24] 🔄 Identity rotated (every 10 requests)
[17:21:24] [240/456] INRC
[17:21:25] [241/456] PIPP
[17:21:26] [242/456] BMXC
[17:21:27] [243/456] PCMM
[17:21:28] [244/456] PMKM
[17:21:29] [245/456] GATY
[17:21:30] [246/456] IMCM
[17:21:31] [247/456] POPE
[17:21:32] [248/456] MTCR
[17:21:32] [249/456] PVAE
[17:21:33] 🔄 Identity reset
[17:21:33] 🔄 Identity rotated (every 10 requests)
[17:21:33] [250/456] PVMI
[17:21:34] [251/456] CPNM
[17:21:35] [252/456] FMRL
[17:21:36] [253/456] MCIW
[17:21:37] [254/456] MXBO
[17:21:38] [255/456] FMKY
[17:21:39] [256/456] FMDA
[17:21:40] [257/456] THAB
[17:21:41] [258/456] PRCW
[17:21:41] [259/456] PITI
[17:21:42] 🔄 Identity reset
[17:21:42] 🔄 Identity rotated (every 10 requests)
[17:21:42] [260/456] MCFF
[17:21:44] [261/456] PDDV
[17:21:45] [262/456] MCRM
[17:21:46] [263/456] KKMB
[17:21:47] [264/456] INKO
[17:21:48] [265/456] PLXP
[17:21:49] [266/456] MMHA
[17:21:50] [267/456] FMVS
[17:21:51] [268/456] POLM
[17:21:52] [269/456] STER
[17:21:52] 🔄 Identity reset
[17:21:52] 🔄 Identity rotated (every 10 requests)
[17:21:52] [270/456] PVWJ
[17:21:53] [271/456] IMJW
[17:21:54] [272/456] FNAN
[17:21:55] [273/456] CAGL
[17:21:56] [274/456] IPBG
[17:21:56] [275/456] SMFV
[17:21:57] [276/456] MMMR
[17:21:58] [277/456] MMWM
[17:21:59] [278/456] FNCM
[17:22:00] [279/456] MDVA
[17:22:00] 🔄 Identity reset
[17:22:00] 🔄 Identity rotated (every 10 requests)
[17:22:01] [280/456] MMET
[17:22:02] [281/456] MIDO
[17:22:03] [282/456] INNP
[17:22:03] [283/456] MIFU
[17:22:04] [284/456] MMSZ
[17:22:05] [285/456] BMXA
[17:22:06] [286/456] MCAA
[17:22:07] [287/456] SCVP
[17:22:08] [288/456] PLUS
[17:22:09] [289/456] MUCK
[17:22:09] 🔄 Identity reset
[17:22:09] 🔄 Identity rotated (every 10 requests)
[17:22:10] [290/456] MTMA
[17:22:11] [291/456] HPVR
[17:22:11] [292/456] PMPK
[17:22:12] [293/456] MAJB
[17:22:14] [294/456] CTRR
[17:22:14] [295/456] MCTG
[17:22:15] [296/456] MACE
[17:22:16] [297/456] AAAS
[17:22:17] [298/456] CPVV
[17:22:18] [299/456] RCHG
[17:22:18] 🔄 Identity reset
[17:22:18] 🔄 Identity rotated (every 10 requests)
[17:22:19] [300/456] MCNE
[17:22:20] [301/456] EMNC
[17:22:21] [302/456] MCAN
[17:22:22] [303/456] TCDM
[17:22:23] [304/456] IRGT
[17:22:24] [305/456] GCMG
[17:22:25] [306/456] MXSN
[17:22:26] [307/456] MXCK
[17:22:27] [308/456] MCRC
[17:22:28] [309/456] RSMI
[17:22:28] 🔄 Identity reset
[17:22:28] 🔄 Identity rotated (every 10 requests)
[17:22:29] [310/456] WAML
[17:22:30] [311/456] MTSC
[17:22:31] [312/456] FMDR
[17:22:32] [313/456] LEPV
[17:22:33] [314/456] MTGD
[17:22:34] [315/456] IMOB
[17:22:35] [316/456] CLMM
[17:22:35] [317/456] PZCD
[17:22:36] [318/456] GOCS
[17:22:38] [319/456] KCMA
[17:22:38] 🔄 Identity reset
[17:22:38] 🔄 Identity rotated (every 10 requests)
[17:22:39] [320/456] CCMP
[17:22:40] [321/456] MTSU
[17:22:41] [322/456] SNGL
[17:22:42] [323/456] MMMC
[17:22:43] [324/456] MMAA
[17:22:44] [325/456] GCDM
[17:22:45] [326/456] KTMV
[17:22:47] [327/456] AETE
[17:22:48] [328/456] OMCS
[17:22:49] [329/456] GDCD
[17:22:49] 🔄 Identity reset
[17:22:49] 🔄 Identity rotated (every 10 requests)
[17:22:50] [330/456] NYMD
[17:22:51] [331/456] RNCV
[17:22:51] [332/456] KKMT
[17:22:52] [333/456] GDTH
[17:22:53] [334/456] KMMV
[17:22:55] [335/456] NHCG
[17:22:56] [336/456] PJDW
[17:22:57] [337/456] MMCV
[17:22:57] [338/456] FQSA
[17:22:58] [339/456] KURL
[17:22:59] 🔄 Identity reset
[17:22:59] 🔄 Identity rotated (every 10 requests)
[17:22:59] [340/456] NNNX
[17:23:00] [341/456] AMAU
[17:23:01] [342/456] VVVM
[17:23:02] [343/456] VECU
[17:23:03] [344/456] WCVR
[17:23:04] [345/456] MTGG
[17:23:05] [346/456] SGTG
[17:23:06] [347/456] MNTG
[17:23:07] [348/456] JDDG
[17:23:08] [349/456] MBTK
[17:23:08] 🔄 Identity reset
[17:23:08] 🔄 Identity rotated (every 10 requests)
[17:23:09] [350/456] SGCD
[17:23:10] [351/456] MCTC
[17:23:11] [352/456] JTPC
[17:23:12] [353/456] SDKT
[17:23:13] [354/456] KRCC
[17:23:14] [355/456] RMMD
[17:23:15] [356/456] AAME
[17:23:16] [357/456] TMWC
[17:23:17] [358/456] NRWY
[17:23:18] [359/456] CITD
[17:23:19] 🔄 Identity reset
[17:23:19] 🔄 Identity rotated (every 10 requests)
[17:23:19] [360/456] VERD
[17:23:20] [361/456] MKSK
[17:23:22] [362/456] STSM
[17:23:23] [363/456] MJDG
[17:23:24] [364/456] RKPM
[17:23:25] [365/456] SSCE
[17:23:26] [366/456] VMAE
[17:23:28] [367/456] SBRU
[17:23:29] [368/456] AMBC
[17:23:30] [369/456] AMLU
[17:23:30] 🔄 Identity reset
[17:23:30] 🔄 Identity rotated (every 10 requests)
[17:23:31] [370/456] INVZ
[17:23:31] [371/456] LGTV
[17:23:32] [372/456] SVAD
[17:23:34] [373/456] SMSA
[17:23:36] [374/456] SPCZ
[17:23:37] [375/456] GTCX
[17:23:38] [376/456] SCSL
[17:23:39] [377/456] SAHU
[17:23:40] [378/456] NCDA
[17:23:41] [379/456] SCCG
[17:23:41] 🔄 Identity reset
[17:23:41] 🔄 Identity rotated (every 10 requests)
[17:23:42] [380/456] VKTL
[17:23:43] [381/456] PUUJ
[17:23:44] [382/456] STEJ
[17:23:45] [383/456] RJAL
[17:23:46] [384/456] ACJC
[17:23:47] [385/456] ARVB
[17:23:47] [386/456] AUBB
[17:23:48] [387/456] GDBR
[17:23:49] [388/456] PVND
[17:23:50] [389/456] BGRJ
[17:23:51] 🔄 Identity reset
[17:23:51] 🔄 Identity rotated (every 10 requests)
[17:23:51] [390/456] RJMM
[17:23:52] [391/456] MCSA
[17:23:53] [392/456] BODA
[17:23:54] [393/456] JAGG
[17:23:55] [394/456] SCGA
[17:23:55] [395/456] LRCM
[17:23:56] [396/456] CPCN
[17:23:57] [397/456] SSTF
[17:23:58] [398/456] SRXP
[17:23:59] [399/456] CNFX
[17:24:00] 🔄 Identity reset
[17:24:00] 🔄 Identity rotated (every 10 requests)
[17:24:00] [400/456] ANDI
[17:24:01] [401/456] SYEW
[17:24:02] [402/456] RCRE
[17:24:03] [403/456] SCRW
[17:24:03] [404/456] MBKR
[17:24:05] [405/456] ASNT
[17:24:06] [406/456] JTMT
[17:24:07] [407/456] SHAY
[17:24:08] [408/456] VRTH
[17:24:09] [409/456] SPTI
[17:24:09] 🔄 Identity reset
[17:24:09] 🔄 Identity rotated (every 10 requests)
[17:24:10] [410/456] DPTD
[17:24:11] [411/456] TGSN
[17:24:11] [412/456] RCWV
[17:24:12] [413/456] OCUR
[17:24:13] [414/456] KSTC
[17:24:14] [415/456] SANI
[17:24:15] [416/456] MLCA
[17:24:16] [417/456] EGCA
[17:24:17] [418/456] SYSN
[17:24:19] [419/456] PKTA
[17:24:20] 🔄 Identity reset
[17:24:20] 🔄 Identity rotated (every 10 requests)
[17:24:21] [420/456] PRCC
[17:24:22] [421/456] KSTR
[17:24:22] [422/456] SNTP
[17:24:23] [423/456] RCHA
[17:24:24] [424/456] SEEA
[17:24:26] [425/456] ALAT
[17:24:27] [426/456] AATV
[17:24:28] [427/456] RJTE
[17:24:29] [428/456] AAPP
[17:24:30] [429/456] PMMH
[17:24:31] 🔄 Identity reset
[17:24:31] 🔄 Identity rotated (every 10 requests)
[17:24:31] [430/456] INRJ
[17:24:32] [431/456] SARB
[17:24:33] [432/456] PCJL
[17:24:34] [433/456] PFJJ
[17:24:35] [434/456] GRDC
[17:24:36] [435/456] BCBA
[17:24:37] [436/456] VIXL
[17:24:38] [437/456] CSTL
[17:24:39] [438/456] MTDK
[17:24:40] [439/456] TDAC
[17:24:40] 🔄 Identity reset
[17:24:40] 🔄 Identity rotated (every 10 requests)
[17:24:41] [440/456] GTDN
[17:24:42] [441/456] TTDE
[17:24:43] [442/456] ASTS
[17:24:43] [443/456] CPNS
[17:24:44] [444/456] PVVW
[17:24:45] [445/456] USEB
[17:24:46] [446/456] DTYN
[17:24:47] [447/456] PVLE
[17:24:48] [448/456] CIPS
[17:24:49] [449/456] PAEG
[17:24:50] 🔄 Identity reset
[17:24:50] 🔄 Identity rotated (every 10 requests)
[17:24:50] [450/456] PTCW
[17:24:52] [451/456] G3SR
[17:24:53] [452/456] PGND
[17:24:54] [453/456] INVM
[17:24:54] [454/456] SPIA
[17:24:55] [455/456] PCSN
[17:24:56] [456/456] PPGV
[17:24:57] 🧹 Deduping shows
[17:24:57] ✅ DONE | Shows=559 | Movies=33
[23:35:44] 🚀 SCRIPT STARTED (enhanced anti‑detection)
[23:35:44] [1/456] FNDB
[23:35:44] 🧠 New identity created
[23:35:45] [2/456] AMBH
[23:35:46] [3/456] PRHN
[23:35:47] [4/456] ACPM
[23:35:48] [5/456] PVFS
[23:35:49] [6/456] AACN
[23:35:50] [7/456] ACAS
[23:35:51] [8/456] CTNR
[23:35:52] [9/456] MMAH
[23:35:53] [10/456] CPMH
[23:35:53] 🔄 Identity reset
[23:35:53] 🔄 Identity rotated (every 10 requests)
[23:35:53] [11/456] IGMH
[23:35:54] [12/456] ABCS
[23:35:55] [13/456] CMMA
[23:35:56] [14/456] GPRH
[23:35:57] [15/456] PNNG
[23:35:58] [16/456] AMCA
[23:36:00] [17/456] ISTN
[23:36:01] [18/456] PIIC
[23:36:02] [19/456] AHMH
[23:36:03] [20/456] ASHN
[23:36:03] 🔄 Identity reset
[23:36:04] 🔄 Identity rotated (every 10 requests)
[23:36:04] [21/456] INHY
[23:36:05] [22/456] SRMO
[23:36:06] [23/456] PIMH
[23:36:07] [24/456] PVTS
[23:36:08] [25/456] MMCA
[23:36:09] [26/456] AKYJ
[23:36:10] [27/456] BRKH
[23:36:11] [28/456] MAHM
[23:36:13] [29/456] CPHY
[23:36:14] [30/456] PVTP
[23:36:14] 🔄 Identity reset
[23:36:14] 🔄 Identity rotated (every 10 requests)
[23:36:15] [31/456] SMMR
[23:36:16] [32/456] PVHM
[23:36:16] [33/456] SNDY
[23:36:17] [34/456] GOKU
[23:36:18] [35/456] ACEV
[23:36:19] [36/456] PVUM
[23:36:20] [37/456] VSWA
[23:36:21] [38/456] IPRS
[23:36:22] [39/456] BKMV
[23:36:23] [40/456] PVYH
[23:36:24] 🔄 Identity reset
[23:36:24] 🔄 Identity rotated (every 10 requests)
[23:36:24] [41/456] INKM
[23:36:25] [42/456] ARJU
[23:36:26] [43/456] JJPP
[23:36:27] [44/456] SSRM
[23:36:28] [45/456] HMHD
[23:36:29] [46/456] SNKH
[23:36:30] [47/456] ACHI
[23:36:31] [48/456] MRAA
[23:36:32] [49/456] INMH
[23:36:33] [50/456] ARMH
[23:36:33] 🔄 Identity reset
[23:36:33] 🔄 Identity rotated (every 10 requests)
[23:36:34] [51/456] DVRR
[23:36:35] [52/456] SUDA
[23:36:36] [53/456] MCSS
[23:36:36] [54/456] VRKC
[23:36:37] [55/456] PRCX
[23:36:38] [56/456] ASJY
[23:36:39] [57/456] MTHY
[23:36:40] [58/456] SRCM
[23:36:42] [59/456] TVHY
[23:36:43] [60/456] STHD
[23:36:43] 🔄 Identity reset
[23:36:43] 🔄 Identity rotated (every 10 requests)
[23:36:44] [61/456] CPCL
[23:36:45] [62/456] PSMJ
[23:36:46] [63/456] MRGT
[23:36:46] [64/456] ARYH
[23:36:47] [65/456] VTRB
[23:36:48] [66/456] SCHC
[23:36:49] [67/456] MRRG
[23:36:50] [68/456] SPCB
[23:36:51] [69/456] AMCM
[23:36:52] [70/456] IVNM
[23:36:52] 🔄 Identity reset
[23:36:52] 🔄 Identity rotated (every 10 requests)
[23:36:53] [71/456] TRHY
[23:36:54] [72/456] PTTH
[23:36:55] [73/456] RKMH
[23:36:56] [74/456] PRCS
[23:36:57] [75/456] VAJA
[23:36:58] [76/456] BJNG
[23:36:59] [77/456] SCVM
[23:37:00] [78/456] GNHB
[23:37:01] [79/456] TLUR
[23:37:02] [80/456] UKCC
[23:37:02] 🔄 Identity reset
[23:37:02] 🔄 Identity rotated (every 10 requests)
[23:37:03] [81/456] SRKR
[23:37:04] [82/456] RMKN
[23:37:05] [83/456] SLRT
[23:37:06] [84/456] LKMT
[23:37:07] [85/456] SSRJ
[23:37:08] [86/456] SPHT
[23:37:09] [87/456] ANTT
[23:37:10] [88/456] SRCH
[23:37:10] [89/456] SRCA
[23:37:12] [90/456] ARTH
[23:37:13] 🔄 Identity reset
[23:37:13] 🔄 Identity rotated (every 10 requests)
[23:37:13] [91/456] MCBH
[23:37:14] [92/456] SNIB
[23:37:16] [93/456] SART
[23:37:16] [94/456] SKTA
[23:37:17] [95/456] YAKT
[23:37:19] [96/456] MLCK
[23:37:20] [97/456] ANTS
[23:37:21] [98/456] DGCA
[23:37:22] [99/456] SGMP
[23:37:23] [100/456] ASWN
[23:37:23] 🔄 Identity reset
[23:37:23] 🔄 Identity rotated (every 10 requests)
[23:37:23] [101/456] KFVU
[23:37:24] [102/456] POOR
[23:37:25] [103/456] GKDN
[23:37:26] [104/456] EOSE
[23:37:27] [105/456] GTTT
[23:37:28] [106/456] ARRO
[23:37:29] [107/456] CMMK
[23:37:30] [108/456] MSCN
[23:37:31] [109/456] GDKH
[23:37:31] [110/456] DLMT
[23:37:32] 🔄 Identity reset
[23:37:32] 🔄 Identity rotated (every 10 requests)
[23:37:33] [111/456] PVMF
[23:37:34] [112/456] CPCK
[23:37:35] [113/456] VMHE
[23:37:36] [114/456] PVLC
[23:37:37] [115/456] PCVB
[23:37:37] [116/456] SNYK
[23:37:38] [117/456] KTEK
[23:37:39] [118/456] PCNM
[23:37:40] [119/456] NTTR
[23:37:41] [120/456] CPSK
[23:37:42] 🔄 Identity reset
[23:37:42] 🔄 Identity rotated (every 10 requests)
[23:37:42] [121/456] JMMA
[23:37:43] [122/456] GCFK
[23:37:44] [123/456] MYCA
[23:37:45] [124/456] KSNP
[23:37:46] [125/456] PMCE
[23:37:47] [126/456] SCKI
[23:37:48] [127/456] FSMA
[23:37:49] [128/456] CETA
[23:37:50] [129/456] MCIK
[23:37:51] [130/456] MYCR
[23:37:51] 🔄 Identity reset
[23:37:51] 🔄 Identity rotated (every 10 requests)
[23:37:52] [131/456] EVMP
[23:37:53] [132/456] SSGT
[23:37:54] [133/456] KCTK
[23:37:55] [134/456] ZTKC
[23:37:56] [135/456] MMTA
[23:37:57] [136/456] MAJT
[23:37:58] [137/456] ACPK
[23:37:59] [138/456] JMAX
[23:38:00] [139/456] SETK
[23:38:01] [140/456] CAIS
[23:38:01] 🔄 Identity reset
[23:38:01] 🔄 Identity rotated (every 10 requests)
[23:38:01] [141/456] AGCD
[23:38:03] [142/456] URCL
[23:38:03] [143/456] VTDS
[23:38:05] [144/456] JCNM
[23:38:06] [145/456] KCAM
[23:38:07] [146/456] ADCU
[23:38:08] [147/456] GXYN
[23:38:09] [148/456] SMJG
[23:38:10] [149/456] EYCJ
[23:38:11] [150/456] CCEJ
[23:38:11] 🔄 Identity reset
[23:38:11] 🔄 Identity rotated (every 10 requests)
[23:38:12] [151/456] MARS
[23:38:12] [152/456] CPVJ
[23:38:13] [153/456] INVP
[23:38:14] [154/456] CPOV
[23:38:15] [155/456] VIJK
[23:38:17] [156/456] LAIM
[23:38:18] [157/456] STHV
[23:38:19] [158/456] SVLJ
[23:38:20] [159/456] ATVJ
[23:38:21] [160/456] JTSC
[23:38:21] 🔄 Identity reset
[23:38:21] 🔄 Identity rotated (every 10 requests)
[23:38:22] [161/456] RMTV
[23:38:23] [162/456] MGGG
[23:38:24] [163/456] SWTH
[23:38:25] [164/456] INVJ
[23:38:26] [165/456] PRSV
[23:38:28] [166/456] JATV
[23:38:29] [167/456] RCVD
[23:38:30] [168/456] BDMA
[23:38:31] [169/456] BLJI
[23:38:32] [170/456] SWOT
[23:38:32] 🔄 Identity reset
[23:38:32] 🔄 Identity rotated (every 10 requests)
[23:38:33] [171/456] SWRN
[23:38:34] [172/456] TVRA
[23:38:34] [173/456] NVRN
[23:38:35] [174/456] SIKC
[23:38:36] [175/456] VAKR
[23:38:37] [176/456] SYLN
[23:38:38] [177/456] KLJL
[23:38:39] [178/456] LKMY
[23:38:40] [179/456] VSLY
[23:38:41] [180/456] CIKO
[23:38:41] 🔄 Identity reset
[23:38:41] 🔄 Identity rotated (every 10 requests)
[23:38:42] [181/456] GPBG
[23:38:43] [182/456] CECM
[23:38:44] [183/456] SLKB
[23:38:45] [184/456] MTBO
[23:38:45] [185/456] SSHB
[23:38:46] [186/456] VPCS
[23:38:47] [187/456] RCSR
[23:38:49] [188/456] RJRM
[23:38:50] [189/456] KPPB
[23:38:51] [190/456] SEDC
[23:38:51] 🔄 Identity reset
[23:38:51] 🔄 Identity rotated (every 10 requests)
[23:38:52] [191/456] SCAI
[23:38:52] [192/456] RMTR
[23:38:53] [193/456] ASST
[23:38:54] [194/456] GCAK
[23:38:55] [195/456] ANNK
[23:38:56] [196/456] KDDF
[23:38:57] [197/456] NRDP
[23:38:58] [198/456] PLAK
[23:38:59] [199/456] GCMC
[23:39:00] [200/456] ALPY
[23:39:01] 🔄 Identity reset
[23:39:01] 🔄 Identity rotated (every 10 requests)
[23:39:01] [201/456] SICE
[23:39:02] [202/456] SISR
[23:39:03] [203/456] SRPZ
[23:39:04] [204/456] SRSW
[23:39:04] [205/456] SUYA
[23:39:05] [206/456] AMMT
[23:39:06] [207/456] BHCU
[23:39:08] [208/456] KLPA
[23:39:09] [209/456] NVKH
[23:39:10] [210/456] JMRC
[23:39:10] 🔄 Identity reset
[23:39:10] 🔄 Identity rotated (every 10 requests)
[23:39:11] [211/456] KTTT
[23:39:11] [212/456] MAGH
[23:39:12] [213/456] MMMX
[23:39:13] [214/456] SALJ
[23:39:14] [215/456] GTJA
[23:39:15] [216/456] MAHT
[23:39:17] [217/456] SSNN
[23:39:18] [218/456] ARRP
[23:39:19] [219/456] ATNS
[23:39:19] [220/456] SKDT
[23:39:20] 🔄 Identity reset
[23:39:20] 🔄 Identity rotated (every 10 requests)
[23:39:20] [221/456] ACAT
[23:39:21] [222/456] APRC
[23:39:22] [223/456] SWAG
[23:39:23] [224/456] SDPT
[23:39:24] [225/456] STPS
[23:39:25] [226/456] WWCZ
[23:39:26] [227/456] LLCH
[23:39:27] [228/456] MZHA
[23:39:28] [229/456] CRJG
[23:39:29] [230/456] JGTK
[23:39:30] 🔄 Identity reset
[23:39:30] 🔄 Identity rotated (every 10 requests)
[23:39:31] [231/456] KCSR
[23:39:32] [232/456] CHTL
[23:39:34] [233/456] EDSR
[23:39:35] [234/456] CSWO
[23:39:36] [235/456] CPVM
[23:39:37] [236/456] MXBY
[23:39:38] [237/456] FMMA
[23:39:39] [238/456] POVI
[23:39:41] [239/456] MTHB
[23:39:41] [240/456] INRC
[23:39:42] 🔄 Identity reset
[23:39:42] 🔄 Identity rotated (every 10 requests)
[23:39:42] [241/456] PIPP
[23:39:43] [242/456] BMXC
[23:39:44] [243/456] PCMM
[23:39:45] [244/456] PMKM
[23:39:46] [245/456] GATY
[23:39:47] [246/456] IMCM
[23:39:48] [247/456] POPE
[23:39:49] [248/456] MTCR
[23:39:50] [249/456] PVAE
[23:39:51] [250/456] PVMI
[23:39:51] 🔄 Identity reset
[23:39:51] 🔄 Identity rotated (every 10 requests)
[23:39:52] [251/456] CPNM
[23:39:52] [252/456] FMRL
[23:39:54] [253/456] MCIW
[23:39:55] [254/456] MXBO
[23:39:56] [255/456] FMKY
[23:39:57] [256/456] FMDA
[23:39:58] [257/456] THAB
[23:39:59] [258/456] PRCW
[23:39:59] [259/456] PITI
[23:40:00] [260/456] MCFF
[23:40:01] 🔄 Identity reset
[23:40:01] 🔄 Identity rotated (every 10 requests)
[23:40:01] [261/456] PDDV
[23:40:02] [262/456] MCRM
[23:40:03] [263/456] KKMB
[23:40:04] [264/456] INKO
[23:40:05] [265/456] PLXP
[23:40:06] [266/456] MMHA
[23:40:07] [267/456] FMVS
[23:40:08] [268/456] POLM
[23:40:09] [269/456] STER
[23:40:10] [270/456] PVWJ
[23:40:11] 🔄 Identity reset
[23:40:11] 🔄 Identity rotated (every 10 requests)
[23:40:11] [271/456] IMJW
[23:40:12] [272/456] FNAN
[23:40:13] [273/456] CAGL
[23:40:14] [274/456] IPBG
[23:40:16] [275/456] SMFV
[23:40:16] [276/456] MMMR
[23:40:17] [277/456] MMWM
[23:40:18] [278/456] FNCM
[23:40:19] [279/456] MDVA
[23:40:20] [280/456] MMET
[23:40:21] 🔄 Identity reset
[23:40:21] 🔄 Identity rotated (every 10 requests)
[23:40:21] [281/456] MIDO
[23:40:22] [282/456] INNP
[23:40:23] [283/456] MIFU
[23:40:24] [284/456] MMSZ
[23:40:25] [285/456] BMXA
[23:40:26] [286/456] MCAA
[23:40:27] [287/456] SCVP
[23:40:28] [288/456] PLUS
[23:40:29] [289/456] MUCK
[23:40:30] [290/456] MTMA
[23:40:31] 🔄 Identity reset
[23:40:31] 🔄 Identity rotated (every 10 requests)
[23:40:31] [291/456] HPVR
[23:40:32] [292/456] PMPK
[23:40:33] [293/456] MAJB
[23:40:34] [294/456] CTRR
[23:40:35] [295/456] MCTG
[23:40:36] [296/456] MACE
[23:40:37] [297/456] AAAS
[23:40:37] [298/456] CPVV
[23:40:38] [299/456] RCHG
[23:40:39] [300/456] MCNE
[23:40:40] 🔄 Identity reset
[23:40:40] 🔄 Identity rotated (every 10 requests)
[23:40:40] [301/456] EMNC
[23:40:41] [302/456] MCAN
[23:40:42] [303/456] TCDM
[23:40:44] [304/456] IRGT
[23:40:45] [305/456] GCMG
[23:40:46] [306/456] MXSN
[23:40:47] [307/456] MXCK
[23:40:47] [308/456] MCRC
[23:40:48] [309/456] RSMI
[23:40:49] [310/456] WAML
[23:40:50] 🔄 Identity reset
[23:40:50] 🔄 Identity rotated (every 10 requests)
[23:40:50] [311/456] MTSC
[23:40:51] [312/456] FMDR
[23:40:52] [313/456] LEPV
[23:40:53] [314/456] MTGD
[23:40:54] [315/456] IMOB
[23:40:55] [316/456] CLMM
[23:40:56] [317/456] PZCD
[23:40:57] [318/456] GOCS
[23:40:58] [319/456] KCMA
[23:40:59] [320/456] CCMP
[23:41:00] 🔄 Identity reset
[23:41:00] 🔄 Identity rotated (every 10 requests)
[23:41:00] [321/456] MTSU
[23:41:01] [322/456] SNGL
[23:41:02] [323/456] MMMC
[23:41:03] [324/456] MMAA
[23:41:04] [325/456] GCDM
[23:41:05] [326/456] KTMV
[23:41:06] [327/456] AETE
[23:41:07] [328/456] OMCS
[23:41:09] [329/456] GDCD
[23:41:09] [330/456] NYMD
[23:41:10] 🔄 Identity reset
[23:41:10] 🔄 Identity rotated (every 10 requests)
[23:41:10] [331/456] RNCV
[23:41:11] [332/456] KKMT
[23:41:12] [333/456] GDTH
[23:41:13] [334/456] KMMV
[23:41:14] [335/456] NHCG
[23:41:15] [336/456] PJDW
[23:41:16] [337/456] MMCV
[23:41:18] [338/456] FQSA
[23:41:19] [339/456] KURL
[23:41:20] [340/456] NNNX
[23:41:20] 🔄 Identity reset
[23:41:20] 🔄 Identity rotated (every 10 requests)
[23:41:21] [341/456] AMAU
[23:41:21] [342/456] VVVM
[23:41:23] [343/456] VECU
[23:41:24] [344/456] WCVR
[23:41:25] [345/456] MTGG
[23:41:26] [346/456] SGTG
[23:41:27] [347/456] MNTG
[23:41:29] [348/456] JDDG
[23:41:29] [349/456] MBTK
[23:41:30] [350/456] SGCD
[23:41:31] 🔄 Identity reset
[23:41:31] 🔄 Identity rotated (every 10 requests)
[23:41:31] [351/456] MCTC
[23:41:32] [352/456] JTPC
[23:41:33] [353/456] SDKT
[23:41:34] [354/456] KRCC
[23:41:35] [355/456] RMMD
[23:41:36] [356/456] AAME
[23:41:37] [357/456] TMWC
[23:41:39] [358/456] NRWY
[23:41:39] [359/456] CITD
[23:41:40] [360/456] VERD
[23:41:41] 🔄 Identity reset
[23:41:41] 🔄 Identity rotated (every 10 requests)
[23:41:41] [361/456] MKSK
[23:41:42] [362/456] STSM
[23:41:43] [363/456] MJDG
[23:41:44] [364/456] RKPM
[23:41:45] [365/456] SSCE
[23:41:46] [366/456] VMAE
[23:41:47] [367/456] SBRU
[23:41:48] [368/456] AMBC
[23:41:49] [369/456] AMLU
[23:41:50] [370/456] INVZ
[23:41:51] 🔄 Identity reset
[23:41:51] 🔄 Identity rotated (every 10 requests)
[23:41:51] [371/456] LGTV
[23:41:53] [372/456] SVAD
[23:41:54] [373/456] SMSA
[23:41:55] [374/456] SPCZ
[23:41:55] [375/456] GTCX
[23:41:56] [376/456] SCSL
[23:41:57] [377/456] SAHU
[23:41:58] [378/456] NCDA
[23:41:59] [379/456] SCCG
[23:42:01] [380/456] VKTL
[23:42:01] 🔄 Identity reset
[23:42:01] 🔄 Identity rotated (every 10 requests)
[23:42:02] [381/456] PUUJ
[23:42:03] [382/456] STEJ
[23:42:04] [383/456] RJAL
[23:42:05] [384/456] ACJC
[23:42:07] [385/456] ARVB
[23:42:08] [386/456] AUBB
[23:42:09] [387/456] GDBR
[23:42:10] [388/456] PVND
[23:42:10] [389/456] BGRJ
[23:42:11] [390/456] RJMM
[23:42:12] 🔄 Identity reset
[23:42:12] 🔄 Identity rotated (every 10 requests)
[23:42:12] [391/456] MCSA
[23:42:13] [392/456] BODA
[23:42:14] [393/456] JAGG
[23:42:15] [394/456] SCGA
[23:42:16] [395/456] LRCM
[23:42:17] [396/456] CPCN
[23:42:18] [397/456] SSTF
[23:42:19] [398/456] SRXP
[23:42:19] [399/456] CNFX
[23:42:20] [400/456] ANDI
[23:42:21] 🔄 Identity reset
[23:42:21] 🔄 Identity rotated (every 10 requests)
[23:42:21] [401/456] SYEW
[23:42:22] [402/456] RCRE
[23:42:23] [403/456] SCRW
[23:42:24] [404/456] MBKR
[23:42:25] [405/456] ASNT
[23:42:26] [406/456] JTMT
[23:42:27] [407/456] SHAY
[23:42:28] [408/456] VRTH
[23:42:29] [409/456] SPTI
[23:42:30] [410/456] DPTD
[23:42:30] 🔄 Identity reset
[23:42:30] 🔄 Identity rotated (every 10 requests)
[23:42:31] [411/456] TGSN
[23:42:32] [412/456] RCWV
[23:42:33] [413/456] OCUR
[23:42:33] [414/456] KSTC
[23:42:35] [415/456] SANI
[23:42:35] [416/456] MLCA
[23:42:36] [417/456] EGCA
[23:42:37] [418/456] SYSN
[23:42:38] [419/456] PKTA
[23:42:39] [420/456] PRCC
[23:42:40] 🔄 Identity reset
[23:42:40] 🔄 Identity rotated (every 10 requests)
[23:42:40] [421/456] KSTR
[23:42:41] [422/456] SNTP
[23:42:42] [423/456] RCHA
[23:42:43] [424/456] SEEA
[23:42:44] [425/456] ALAT
[23:42:45] [426/456] AATV
[23:42:46] [427/456] RJTE
[23:42:47] [428/456] AAPP
[23:42:48] [429/456] PMMH
[23:42:49] [430/456] INRJ
[23:42:49] 🔄 Identity reset
[23:42:49] 🔄 Identity rotated (every 10 requests)
[23:42:50] [431/456] SARB
[23:42:51] [432/456] PCJL
[23:42:51] [433/456] PFJJ
[23:42:52] [434/456] GRDC
[23:42:53] [435/456] BCBA
[23:42:54] [436/456] VIXL
[23:42:55] [437/456] CSTL
[23:42:56] [438/456] MTDK
[23:42:57] [439/456] TDAC
[23:42:58] [440/456] GTDN
[23:42:59] 🔄 Identity reset
[23:42:59] 🔄 Identity rotated (every 10 requests)
[23:43:00] [441/456] TTDE
[23:43:01] [442/456] ASTS
[23:43:02] [443/456] CPNS
[23:43:03] [444/456] PVVW
[23:43:04] [445/456] USEB
[23:43:06] [446/456] DTYN
[23:43:07] [447/456] PVLE
[23:43:08] [448/456] CIPS
[23:43:09] [449/456] PAEG
[23:43:10] [450/456] PTCW
[23:43:10] 🔄 Identity reset
[23:43:10] 🔄 Identity rotated (every 10 requests)
[23:43:11] [451/456] G3SR
[23:43:12] [452/456] PGND
[23:43:13] [453/456] INVM
[23:43:14] [454/456] SPIA
[23:43:15] [455/456] PCSN
[23:43:16] [456/456] PPGV
[23:43:16] 🧹 Deduping shows
[23:43:16] ✅ DONE | Shows=818 | Movies=48
