[17:17:19] 🚀 SCRIPT STARTED (enhanced anti‑detection)
[17:17:19] [1/455] MXGN
[17:17:19] 🧠 New identity created
[17:17:20] [2/455] PGGM
[17:17:20] [3/455] IPMJ
[17:17:21] [4/455] M2PP
[17:17:22] [5/455] PMMS
[17:17:23] [6/455] SCJN
[17:17:24] [7/455] CPUM
[17:17:25] [8/455] SCND
[17:17:26] [9/455] INWM
[17:17:27] [10/455] DVDC
[17:17:28] 🔄 Identity reset
[17:17:28] 🔄 Identity rotated (every 10 requests)
[17:17:29] [11/455] WVND
[17:17:30] [12/455] LBDL
[17:17:31] [13/455] CRGM
[17:17:32] [14/455] PVKS
[17:17:33] [15/455] PBLL
[17:17:34] [16/455] FNLN
[17:17:35] [17/455] PPDA
[17:17:36] [18/455] SCPT
[17:17:37] [19/455] IAJS
[17:17:37] [20/455] MMZG
[17:17:38] 🔄 Identity reset
[17:17:38] 🔄 Identity rotated (every 10 requests)
[17:17:38] [21/455] MCTI
[17:17:40] [22/455] PPMF
[17:17:40] [23/455] FNSD
[17:17:42] [24/455] M2RH
[17:17:43] [25/455] CPGV
[17:17:43] [26/455] PECD
[17:17:44] [27/455] CTEE
[17:17:45] [28/455] IOMG
[17:17:46] [29/455] CIJA
[17:17:48] [30/455] NYCG
[17:17:48] 🔄 Identity reset
[17:17:48] 🔄 Identity rotated (every 10 requests)
[17:17:49] [31/455] CEST
[17:17:50] [32/455] WVRG
[17:17:51] [33/455] DPDC
[17:17:52] [34/455] PDIV
[17:17:53] [35/455] MTPP
[17:17:54] [36/455] MHNU
[17:17:55] [37/455] WUPG
[17:17:56] [38/455] USCO
[17:17:58] [39/455] INFR
[17:17:59] [40/455] PVPD
[17:17:59] 🔄 Identity reset
[17:17:59] 🔄 Identity rotated (every 10 requests)
[17:18:00] [41/455] RONC
[17:18:00] [42/455] IOCP
[17:18:01] [43/455] EMPS
[17:18:02] [44/455] PNAD
[17:18:04] [45/455] VVGZ
[17:18:05] [46/455] MDDC
[17:18:06] [47/455] MMAP
[17:18:07] [48/455] GPDC
[17:18:08] [49/455] PVPU
[17:18:09] [50/455] DCMV
[17:18:10] 🔄 Identity reset
[17:18:10] 🔄 Identity rotated (every 10 requests)
[17:18:10] [51/455] PCCF
[17:18:11] [52/455] MCEF
[17:18:13] [53/455] INRD
[17:18:14] [54/455] CCPZ
[17:18:14] [55/455] BCWG
[17:18:16] [56/455] PMGU
[17:18:17] [57/455] MCVM
[17:18:18] [58/455] MCDE
[17:18:19] [59/455] IEFM
[17:18:20] [60/455] MXCS
[17:18:21] 🔄 Identity reset
[17:18:21] 🔄 Identity rotated (every 10 requests)
[17:18:21] 🔄 Retry 1/5 for MXCS in 2.4s
[17:18:21] 🔄 Identity reset
[17:18:23] 🧠 New identity created
[17:18:23] [61/455] RNMT
[17:18:24] [62/455] PSDD
[17:18:25] [63/455] PETA
[17:18:26] [64/455] IZOP
[17:18:27] [65/455] PDEI
[17:18:28] [66/455] MTND
[17:18:29] [67/455] PCPL
[17:18:30] [68/455] LSCM
[17:18:31] [69/455] BTFD
[17:18:32] 🔄 Identity reset
[17:18:32] 🔄 Identity rotated (every 10 requests)
[17:18:32] [70/455] MERM
[17:18:33] [71/455] PVMS
[17:18:34] [72/455] CIGK
[17:18:35] [73/455] INSG
[17:18:36] [74/455] IDEN
[17:18:37] [75/455] MCGN
[17:18:38] [76/455] IGAM
[17:18:39] [77/455] SLCU
[17:18:40] [78/455] MIMU
[17:18:40] [79/455] QLAC
[17:18:41] 🔄 Identity reset
[17:18:41] 🔄 Identity rotated (every 10 requests)
[17:18:42] [80/455] MENL
[17:18:43] [81/455] SCUR
[17:18:44] [82/455] MDGD
[17:18:45] [83/455] LSRS
[17:18:46] [84/455] KMLG
[17:18:47] [85/455] MKLJ
[17:18:47] [86/455] IBYG
[17:18:48] [87/455] ISML
[17:18:50] [88/455] MJMM
[17:18:51] [89/455] RCGD
[17:18:51] 🔄 Identity reset
[17:18:51] 🔄 Identity rotated (every 10 requests)
[17:18:51] 🔄 Retry 1/5 for RCGD in 2.1s
[17:18:51] 🔄 Identity reset
[17:18:53] 🧠 New identity created
[17:18:54] [90/455] MMOC
[17:18:54] [91/455] RRCO
[17:18:56] [92/455] MEDM
[17:18:57] [93/455] MCAZ
[17:18:57] [94/455] STWA
[17:18:58] [95/455] PFFG
[17:18:59] [96/455] GAGC
[17:19:00] [97/455] PMPM
[17:19:01] [98/455] HVCD
[17:19:02] 🔄 Identity reset
[17:19:02] 🔄 Identity rotated (every 10 requests)
[17:19:02] 🔄 Retry 1/5 for HVCD in 2.4s
[17:19:02] 🔄 Identity reset
[17:19:04] 🧠 New identity created
[17:19:04] [99/455] AKRF
[17:19:05] [100/455] AKRC
[17:19:06] [101/455] MIDA
[17:19:07] [102/455] MAGX
[17:19:09] [103/455] ESOS
[17:19:10] [104/455] BBCL
[17:19:11] [105/455] LYAS
[17:19:12] [106/455] NRMS
[17:19:13] [107/455] BHUC
[17:19:14] 🔄 Identity reset
[17:19:14] 🔄 Identity rotated (every 10 requests)
[17:19:14] [108/455] SRIC
[17:19:15] [109/455] PDME
[17:19:16] [110/455] MJCS
[17:19:17] [111/455] NRAA
[17:19:17] [112/455] VATA
[17:19:19] [113/455] MNKC
[17:19:20] [114/455] DHCL
[17:19:21] [115/455] JCPC
[17:19:21] [116/455] CTML
[17:19:22] [117/455] RMMR
[17:19:23] 🔄 Identity reset
[17:19:23] 🔄 Identity rotated (every 10 requests)
[17:19:23] [118/455] STTL
[17:19:24] [119/455] CNPS
[17:19:25] [120/455] ACKL
[17:19:26] [121/455] SCAU
[17:19:27] [122/455] RMIA
[17:19:28] [123/455] MANU
[17:19:29] [124/455] ARDC
[17:19:30] [125/455] GLDA
[17:19:31] [126/455] KVSW
[17:19:32] [127/455] CGCA
[17:19:33] 🔄 Identity reset
[17:19:33] 🔄 Identity rotated (every 10 requests)
[17:19:33] 🔄 Retry 1/5 for CGCA in 2.6s
[17:19:33] 🔄 Identity reset
[17:19:35] 🧠 New identity created
[17:19:35] [128/455] CMLO
[17:19:37] [129/455] CECB
[17:19:38] [130/455] RCPN
[17:19:39] [131/455] ASMW
[17:19:41] [132/455] PWLM
[17:19:42] [133/455] ASGM
[17:19:43] [134/455] ACWH
[17:19:44] [135/455] AAPW
[17:19:45] [136/455] RTWA
[17:19:45] 🔄 Identity reset
[17:19:45] 🔄 Identity rotated (every 10 requests)
[17:19:45] 🔄 Retry 1/5 for RTWA in 2.6s
[17:19:45] 🔄 Identity reset
[17:19:48] 🧠 New identity created
[17:19:48] [137/455] RAMW
[17:19:49] [138/455] VKTR
[17:19:50] [139/455] SMBH
[17:19:51] [140/455] BVDR
[17:19:52] [141/455] MRTP
[17:19:53] [142/455] BLBR
[17:19:54] [143/455] LPIN
[17:19:55] [144/455] SNPC
[17:19:56] [145/455] PDCB
[17:19:56] 🔄 Identity reset
[17:19:56] 🔄 Identity rotated (every 10 requests)
[17:19:56] [146/455] DYPK
[17:19:57] [147/455] INMK
[17:19:59] [148/455] PDCK
[17:20:00] [149/455] PCKR
[17:20:01] [150/455] SHUA
[17:20:01] [151/455] SCVK
[17:20:02] [152/455] STPA
[17:20:03] [153/455] WVHD
[17:20:04] [154/455] MRCH
[17:20:05] [155/455] MCNP
[17:20:05] 🔄 Identity reset
[17:20:05] 🔄 Identity rotated (every 10 requests)
[17:20:06] [156/455] RCAG
[17:20:07] [157/455] JTSN
[17:20:08] [158/455] AANS
[17:20:08] [159/455] GDDR
[17:20:09] [160/455] SRER
[17:20:11] [161/455] JKMA
[17:20:13] [162/455] ARAN
[17:20:15] [163/455] ALCT
[17:20:16] [164/455] CCTA
[17:20:16] [165/455] CNCT
[17:20:17] 🔄 Identity reset
[17:20:17] 🔄 Identity rotated (every 10 requests)
[17:20:17] [166/455] NZBL
[17:20:19] [167/455] SRRA
[17:20:20] [168/455] SVPW
[17:20:21] [169/455] SRTW
[17:20:22] [170/455] XMTD
[17:20:23] [171/455] SCCZ
[17:20:24] [172/455] PBCR
[17:20:24] [173/455] RTSC
[17:20:25] [174/455] TLSV
[17:20:27] [175/455] RMTK
[17:20:28] 🔄 Identity reset
[17:20:28] 🔄 Identity rotated (every 10 requests)
[17:20:28] [176/455] SRAT
[17:20:29] [177/455] GCYC
[17:20:29] [178/455] HCAJ
[17:20:30] [179/455] LCXA
[17:20:32] [180/455] BINT
[17:20:33] [181/455] IXIM
[17:20:33] [182/455] MBCR
[17:20:34] [183/455] BMCJ
[17:20:36] [184/455] NICJ
[17:20:37] [185/455] SCAJ
[17:20:38] 🔄 Identity reset
[17:20:38] 🔄 Identity rotated (every 10 requests)
[17:20:38] 🔄 Retry 1/5 for SCAJ in 2.8s
[17:20:38] 🔄 Identity reset
[17:20:41] 🧠 New identity created
[17:20:42] [186/455] CMXS
[17:20:43] [187/455] MMSR
[17:20:44] [188/455] PRKT
[17:20:45] [189/455] LPTH
[17:20:46] [190/455] SARP
[17:20:48] [191/455] MNPP
[17:20:48] [192/455] PRLR
[17:20:49] [193/455] RCMW
[17:20:50] [194/455] FCMG
[17:20:51] 🔄 Identity reset
[17:20:51] 🔄 Identity rotated (every 10 requests)
[17:20:52] [195/455] RTNK
[17:20:53] [196/455] LRCP
[17:20:54] [197/455] DBJR
[17:20:55] [198/455] CACN
[17:20:56] [199/455] AMRL
[17:20:57] [200/455] SBBC
[17:20:58] [201/455] VENN
[17:21:00] [202/455] STSS
[17:21:01] [203/455] SMRB
[17:21:02] [204/455] CCMX
[17:21:03] 🔄 Identity reset
[17:21:03] 🔄 Identity rotated (every 10 requests)
[17:21:04] [205/455] KCMR
[17:21:05] [206/455] SALH
[17:21:06] [207/455] CGTT
[17:21:08] [208/455] PMDR
[17:21:09] [209/455] VCPM
[17:21:09] [210/455] RZMX
[17:21:11] [211/455] TMSY
[17:21:12] [212/455] NTMS
[17:21:13] [213/455] VTAG
[17:21:14] [214/455] REMA
[17:21:14] 🔄 Identity reset
[17:21:14] 🔄 Identity rotated (every 10 requests)
[17:21:15] [215/455] NXCC
[17:21:16] [216/455] SKYM
[17:21:17] [217/455] CCMO
[17:21:18] [218/455] DMXM
[17:21:19] [219/455] SPPM
[17:21:20] [220/455] PTKL
[17:21:21] [221/455] SLVO
[17:21:21] [222/455] VASL
[17:21:22] [223/455] CBCM
[17:21:23] [224/455] STMA
[17:21:24] 🔄 Identity reset
[17:21:24] 🔄 Identity rotated (every 10 requests)
[17:21:25] [225/455] LASK
[17:21:26] [226/455] VITE
[17:21:26] [227/455] AAST
[17:21:28] [228/455] JTPT
[17:21:30] [229/455] RRSH
[17:21:31] [230/455] CINL
[17:21:32] [231/455] MCSR
[17:21:33] [232/455] SBCF
[17:21:34] [233/455] GCDU
[17:21:36] [234/455] PSPR
[17:21:36] 🔄 Identity reset
[17:21:36] 🔄 Identity rotated (every 10 requests)
[17:21:37] [235/455] IMMO
[17:21:38] [236/455] CLGM
[17:21:40] [237/455] PBMM
[17:21:41] [238/455] CEHR
[17:21:42] [239/455] CPOE
[17:21:42] [240/455] PGFD
[17:21:43] [241/455] PSLC
[17:21:45] [242/455] MSMD
[17:21:45] [243/455] FMFB
[17:21:46] [244/455] RKCL
[17:21:47] 🔄 Identity reset
[17:21:47] 🔄 Identity rotated (every 10 requests)
[17:21:47] 🔄 Retry 1/5 for RKCL in 2.6s
[17:21:47] 🔄 Identity reset
[17:21:50] 🧠 New identity created
[17:21:50] 🔄 Retry 2/5 for RKCL in 4.3s
[17:21:50] 🔄 Identity reset
[17:21:54] 🧠 New identity created
[17:21:54] 🔄 Retry 3/5 for RKCL in 8.1s
[17:21:54] 🔄 Identity reset
[17:22:02] 🧠 New identity created
[17:22:02] 🔄 Retry 4/5 for RKCL in 16.7s
[17:22:02] 🔄 Identity reset
[17:22:19] 🧠 New identity created
[17:22:19] [245/455] PMMC
[17:22:20] [246/455] SKMM
[17:22:21] [247/455] VOIB
[17:22:21] [248/455] KINO
[17:22:22] [249/455] VCTP
[17:22:23] [250/455] PDWR
[17:22:24] 🔄 Identity reset
[17:22:24] 🔄 Identity rotated (every 10 requests)
[17:22:25] [251/455] SAED
[17:22:26] [252/455] SRRT
[17:22:28] [253/455] CVLG
[17:22:29] [254/455] SNGN
[17:22:30] [255/455] SIDA
[17:22:31] [256/455] IMCB
[17:22:31] [257/455] SMHP
[17:22:32] [258/455] GDTY
[17:22:33] [259/455] VYCH
[17:22:34] [260/455] PDYA
[17:22:35] 🔄 Identity reset
[17:22:35] 🔄 Identity rotated (every 10 requests)
[17:22:35] [261/455] RKDO
[17:22:36] [262/455] VECG
[17:22:37] [263/455] NFGD
[17:22:38] [264/455] SNDC
[17:22:39] [265/455] SDJH
[17:22:40] [266/455] HASV
[17:22:41] [267/455] PTYK
[17:22:42] [268/455] MUTB
[17:22:43] [269/455] AMRT
[17:22:44] [270/455] VACD
[17:22:44] 🔄 Identity reset
[17:22:44] 🔄 Identity rotated (every 10 requests)
[17:22:45] [271/455] SKDD
[17:22:46] [272/455] STGR
[17:22:47] [273/455] GDAK
[17:22:48] [274/455] SKHK
[17:22:48] [275/455] SLND
[17:22:50] [276/455] APAP
[17:22:51] [277/455] AYYA
[17:22:52] [278/455] VCCZ
[17:22:54] [279/455] MEML
[17:22:55] [280/455] MAOU
[17:22:55] 🔄 Identity reset
[17:22:55] 🔄 Identity rotated (every 10 requests)
[17:22:56] [281/455] ESND
[17:22:57] [282/455] PTBZ
[17:22:58] [283/455] LBCN
[17:22:59] [284/455] PAWA
[17:23:00] [285/455] ZEIC
[17:23:02] [286/455] CGMM
[17:23:03] [287/455] PJPM
[17:23:03] [288/455] ECMR
[17:23:04] [289/455] SHMZ
[17:23:05] [290/455] STCA
[17:23:06] 🔄 Identity reset
[17:23:06] 🔄 Identity rotated (every 10 requests)
[17:23:07] [291/455] VDRC
[17:23:08] [292/455] SEEM
[17:23:09] [293/455] MKNS
[17:23:11] [294/455] KPPP
[17:23:12] [295/455] CCML
[17:23:13] [296/455] CIBA
[17:23:15] [297/455] NACS
[17:23:16] [298/455] CTMK
[17:23:17] [299/455] CTCT
[17:23:18] [300/455] MCSN
[17:23:19] 🔄 Identity reset
[17:23:19] 🔄 Identity rotated (every 10 requests)
[17:23:19] [301/455] MAXX
[17:23:20] [302/455] MECB
[17:23:21] [303/455] NTBY
[17:23:21] [304/455] UTBI
[17:23:22] [305/455] RADK
[17:23:23] [306/455] STBY
[17:23:24] [307/455] GTBY
[17:23:25] [308/455] RRMB
[17:23:25] [309/455] ABRN
[17:23:26] [310/455] GTSG
[17:23:27] 🔄 Identity reset
[17:23:27] 🔄 Identity rotated (every 10 requests)
[17:23:27] [311/455] GBTG
[17:23:28] [312/455] SBGS
[17:23:29] [313/455] KBPM
[17:23:30] [314/455] SMHT
[17:23:31] [315/455] VTDM
[17:23:32] [316/455] ASCT
[17:23:34] [317/455] AWCT
[17:23:35] [318/455] DCCU
[17:23:36] [319/455] PSCE
[17:23:37] [320/455] KSNY
[17:23:37] 🔄 Identity reset
[17:23:37] 🔄 Identity rotated (every 10 requests)
[17:23:38] [321/455] ACID
[17:23:38] [322/455] LVCD
[17:23:40] [323/455] KSSB
[17:23:41] [324/455] SWTD
[17:23:42] [325/455] RBMR
[17:23:44] [326/455] SCBC
[17:23:45] [327/455] RKME
[17:23:46] [328/455] GALX
[17:23:47] [329/455] GCCH
[17:23:47] [330/455] RATR
[17:23:48] 🔄 Identity reset
[17:23:48] 🔄 Identity rotated (every 10 requests)
[17:23:48] [331/455] GTGA
[17:23:49] [332/455] LTTR
[17:23:50] [333/455] TTAA
[17:23:52] [334/455] TVHP
[17:23:53] [335/455] KVCS
[17:23:54] [336/455] CBMC
[17:23:55] [337/455] MAYJ
[17:23:55] [338/455] INPR
[17:23:57] [339/455] RSSC
[17:23:58] [340/455] PCAN
[17:23:59] 🔄 Identity reset
[17:23:59] 🔄 Identity rotated (every 10 requests)
[17:23:59] [341/455] PVHR
[17:24:00] [342/455] AGSM
[17:24:01] [343/455] PVES
[17:24:03] [344/455] INTO
[17:24:04] [345/455] ACON
[17:24:05] [346/455] PVPZ
[17:24:06] [347/455] PVHC
[17:24:07] [348/455] KSTK
[17:24:08] [349/455] PVSR
[17:24:09] [350/455] ACTN
[17:24:09] 🔄 Identity reset
[17:24:09] 🔄 Identity rotated (every 10 requests)
[17:24:10] [351/455] FMCN
[17:24:10] [352/455] PABC
[17:24:12] [353/455] SUTC
[17:24:13] [354/455] PGMV
[17:24:14] [355/455] GKCP
[17:24:15] [356/455] INCH
[17:24:16] [357/455] MLMT
[17:24:17] [358/455] SSCC
[17:24:18] [359/455] SLMP
[17:24:19] [360/455] VVTN
[17:24:20] 🔄 Identity reset
[17:24:20] 🔄 Identity rotated (every 10 requests)
[17:24:21] [361/455] SBTR
[17:24:22] [362/455] PGRA
[17:24:23] [363/455] PBRM
[17:24:25] [364/455] GCRP
[17:24:26] [365/455] MCSK
[17:24:26] [366/455] NLTC
[17:24:27] [367/455] MTLM
[17:24:28] [368/455] VECT
[17:24:29] [369/455] KMRM
[17:24:30] [370/455] RACM
[17:24:31] 🔄 Identity reset
[17:24:31] 🔄 Identity rotated (every 10 requests)
[17:24:31] 🔄 Retry 1/5 for RACM in 3.0s
[17:24:31] 🔄 Identity reset
[17:24:34] 🧠 New identity created
[17:24:34] 🔄 Retry 2/5 for RACM in 5.0s
[17:24:34] 🔄 Identity reset
[17:24:39] 🧠 New identity created
[17:24:39] [371/455] WSTC
[17:24:40] [372/455] PVTJ
[17:24:41] [373/455] MMKC
[17:24:42] [374/455] SVWT
[17:24:44] [375/455] JOTG
[17:24:44] [376/455] VCDK
[17:24:45] [377/455] ANAC
[17:24:46] [378/455] GRTC
[17:24:47] 🔄 Identity reset
[17:24:47] 🔄 Identity rotated (every 10 requests)
[17:24:47] [379/455] JTPL
[17:24:48] [380/455] VRCP
[17:24:49] [381/455] REMC
[17:24:50] [382/455] ATMG
[17:24:50] [383/455] GAHC
[17:24:51] [384/455] JTMV
[17:24:52] [385/455] OMTT
[17:24:54] [386/455] GKKC
[17:24:55] [387/455] BBPO
[17:24:56] [388/455] ZCBB
[17:24:56] 🔄 Identity reset
[17:24:56] 🔄 Identity rotated (every 10 requests)
[17:24:56] [389/455] DCGO
[17:24:57] [390/455] STOP
[17:24:59] [391/455] BSPC
[17:24:59] [392/455] SOND
[17:25:00] [393/455] GCKG
[17:25:02] [394/455] PCDB
[17:25:03] [395/455] PGRC
[17:25:04] [396/455] CSCT
[17:25:05] [397/455] STDA
[17:25:06] [398/455] JAYD
[17:25:06] 🔄 Identity reset
[17:25:06] 🔄 Identity rotated (every 10 requests)
[17:25:07] [399/455] PPPD
[17:25:07] [400/455] KRTT
[17:25:08] [401/455] PTDT
[17:25:10] [402/455] TRSV
[17:25:11] [403/455] VELR
[17:25:12] [404/455] STDT
[17:25:13] [405/455] SATT
[17:25:14] [406/455] KCPM
[17:25:15] [407/455] MFCP
[17:25:16] [408/455] AXMP
[17:25:17] 🔄 Identity reset
[17:25:17] 🔄 Identity rotated (every 10 requests)
[17:25:17] [409/455] LTVB
[17:25:18] [410/455] APST
[17:25:19] [411/455] DTVP
[17:25:20] [412/455] AAVB
[17:25:21] [413/455] PMBL
[17:25:23] [414/455] STKC
[17:25:24] [415/455] KKMA
[17:25:25] [416/455] NMXS
[17:25:25] [417/455] DECX
[17:25:26] [418/455] MAPJ
[17:25:27] 🔄 Identity reset
[17:25:27] 🔄 Identity rotated (every 10 requests)
[17:25:27] [419/455] SMLK
[17:25:28] [420/455] PMPU
[17:25:29] [421/455] AFST
[17:25:30] [422/455] SRSY
[17:25:30] [423/455] RMKT
[17:25:31] [424/455] RAJX
[17:25:32] [425/455] UVCD
[17:25:33] [426/455] LISA
[17:25:34] [427/455] LMSR
[17:25:35] [428/455] PMCA
[17:25:35] 🔄 Identity reset
[17:25:35] 🔄 Identity rotated (every 10 requests)
[17:25:35] 🔄 Retry 1/5 for PMCA in 2.4s
[17:25:35] 🔄 Identity reset
[17:25:38] 🧠 New identity created
[17:25:38] [429/455] INPO
[17:25:39] [430/455] INGO
[17:25:40] [431/455] HFSQ
[17:25:41] [432/455] INMG
[17:25:42] [433/455] NYCP
[17:25:43] [434/455] HFSV
[17:25:44] [435/455] MMZP
[17:25:45] [436/455] KSES
[17:25:46] [437/455] HFSA
[17:25:46] 🔄 Identity reset
[17:25:46] 🔄 Identity rotated (every 10 requests)
[17:25:46] [438/455] ACMM
[17:25:47] [439/455] RCKD
[17:25:48] [440/455] BCKR
[17:25:49] [441/455] SFCO
[17:25:50] [442/455] JCCB
[17:25:50] [443/455] BCCR
[17:25:51] [444/455] NWCB
[17:25:52] [445/455] SAMT
[17:25:53] [446/455] TMST
[17:25:54] [447/455] SJCN
[17:25:54] 🔄 Identity reset
[17:25:54] 🔄 Identity rotated (every 10 requests)
[17:25:55] [448/455] MCBS
[17:25:55] [449/455] CMKR
[17:25:56] [450/455] INPM
[17:25:57] [451/455] WVMT
[17:25:59] [452/455] NYSM
[17:26:00] [453/455] RCMA
[17:26:01] [454/455] RECM
[17:26:02] [455/455] CYCM
[17:26:03] 🧹 Deduping shows
[17:26:03] ✅ DONE | Shows=608 | Movies=31
[23:35:44] 🚀 SCRIPT STARTED (enhanced anti‑detection)
[23:35:44] [1/455] MXGN
[23:35:45] 🧠 New identity created
[23:35:46] [2/455] PGGM
[23:35:47] [3/455] IPMJ
[23:35:48] [4/455] M2PP
[23:35:49] [5/455] PMMS
[23:35:50] [6/455] SCJN
[23:35:51] [7/455] CPUM
[23:35:52] [8/455] SCND
[23:35:53] [9/455] INWM
[23:35:54] [10/455] DVDC
[23:35:55] 🔄 Identity reset
[23:35:55] 🔄 Identity rotated (every 10 requests)
[23:35:55] [11/455] WVND
[23:35:57] [12/455] LBDL
[23:35:57] [13/455] CRGM
[23:35:58] [14/455] PVKS
[23:35:59] [15/455] PBLL
[23:36:00] [16/455] FNLN
[23:36:01] [17/455] PPDA
[23:36:03] [18/455] SCPT
[23:36:03] [19/455] IAJS
[23:36:04] [20/455] MMZG
[23:36:05] 🔄 Identity reset
[23:36:05] 🔄 Identity rotated (every 10 requests)
[23:36:05] [21/455] MCTI
[23:36:06] [22/455] PPMF
[23:36:07] [23/455] FNSD
[23:36:07] [24/455] M2RH
[23:36:08] [25/455] CPGV
[23:36:09] [26/455] PECD
[23:36:10] [27/455] CTEE
[23:36:11] [28/455] IOMG
[23:36:11] [29/455] CIJA
[23:36:12] [30/455] NYCG
[23:36:13] 🔄 Identity reset
[23:36:13] 🔄 Identity rotated (every 10 requests)
[23:36:13] [31/455] CEST
[23:36:14] [32/455] WVRG
[23:36:15] [33/455] DPDC
[23:36:16] [34/455] PDIV
[23:36:17] [35/455] MTPP
[23:36:18] [36/455] MHNU
[23:36:19] [37/455] WUPG
[23:36:20] [38/455] USCO
[23:36:21] [39/455] INFR
[23:36:21] [40/455] PVPD
[23:36:22] 🔄 Identity reset
[23:36:22] 🔄 Identity rotated (every 10 requests)
[23:36:22] [41/455] RONC
[23:36:23] [42/455] IOCP
[23:36:24] [43/455] EMPS
[23:36:26] [44/455] PNAD
[23:36:27] [45/455] VVGZ
[23:36:28] [46/455] MDDC
[23:36:29] [47/455] MMAP
[23:36:30] [48/455] GPDC
[23:36:31] [49/455] PVPU
[23:36:32] [50/455] DCMV
[23:36:33] 🔄 Identity reset
[23:36:33] 🔄 Identity rotated (every 10 requests)
[23:36:33] [51/455] PCCF
[23:36:35] [52/455] MCEF
[23:36:37] [53/455] INRD
[23:36:38] [54/455] CCPZ
[23:36:39] [55/455] BCWG
[23:36:40] [56/455] PMGU
[23:36:41] [57/455] MCVM
[23:36:42] [58/455] MCDE
[23:36:43] [59/455] IEFM
[23:36:44] [60/455] MXCS
[23:36:44] 🔄 Identity reset
[23:36:44] 🔄 Identity rotated (every 10 requests)
[23:36:44] [61/455] RNMT
[23:36:46] [62/455] PSDD
[23:36:47] [63/455] PETA
[23:36:48] [64/455] IZOP
[23:36:49] [65/455] PDEI
[23:36:50] [66/455] MTND
[23:36:51] [67/455] PCPL
[23:36:52] [68/455] LSCM
[23:36:52] [69/455] BTFD
[23:36:54] [70/455] MERM
[23:36:55] 🔄 Identity reset
[23:36:55] 🔄 Identity rotated (every 10 requests)
[23:36:55] [71/455] PVMS
[23:36:56] [72/455] CIGK
[23:36:57] [73/455] INSG
[23:36:58] [74/455] IDEN
[23:36:59] [75/455] MCGN
[23:37:00] [76/455] IGAM
[23:37:01] [77/455] SLCU
[23:37:02] [78/455] MIMU
[23:37:03] [79/455] QLAC
[23:37:03] [80/455] MENL
[23:37:04] 🔄 Identity reset
[23:37:04] 🔄 Identity rotated (every 10 requests)
[23:37:04] [81/455] SCUR
[23:37:05] [82/455] MDGD
[23:37:06] [83/455] LSRS
[23:37:07] [84/455] KMLG
[23:37:08] [85/455] MKLJ
[23:37:09] [86/455] IBYG
[23:37:10] [87/455] ISML
[23:37:11] [88/455] MJMM
[23:37:12] [89/455] RCGD
[23:37:13] [90/455] MMOC
[23:37:13] 🔄 Identity reset
[23:37:13] 🔄 Identity rotated (every 10 requests)
[23:37:13] [91/455] RRCO
[23:37:14] [92/455] MEDM
[23:37:15] [93/455] MCAZ
[23:37:16] [94/455] STWA
[23:37:17] [95/455] PFFG
[23:37:17] [96/455] GAGC
[23:37:18] [97/455] PMPM
[23:37:19] [98/455] HVCD
[23:37:20] [99/455] AKRF
[23:37:21] [100/455] AKRC
[23:37:21] 🔄 Identity reset
[23:37:21] 🔄 Identity rotated (every 10 requests)
[23:37:22] [101/455] MIDA
[23:37:23] [102/455] MAGX
[23:37:23] [103/455] ESOS
[23:37:24] [104/455] BBCL
[23:37:25] [105/455] LYAS
[23:37:26] [106/455] NRMS
[23:37:27] [107/455] BHUC
[23:37:28] [108/455] SRIC
[23:37:29] [109/455] PDME
[23:37:30] [110/455] MJCS
[23:37:31] 🔄 Identity reset
[23:37:31] 🔄 Identity rotated (every 10 requests)
[23:37:31] [111/455] NRAA
[23:37:32] [112/455] VATA
[23:37:33] [113/455] MNKC
[23:37:34] [114/455] DHCL
[23:37:34] [115/455] JCPC
[23:37:35] [116/455] CTML
[23:37:36] [117/455] RMMR
[23:37:37] [118/455] STTL
[23:37:38] [119/455] CNPS
[23:37:39] [120/455] ACKL
[23:37:39] 🔄 Identity reset
[23:37:39] 🔄 Identity rotated (every 10 requests)
[23:37:40] [121/455] SCAU
[23:37:40] [122/455] RMIA
[23:37:41] [123/455] MANU
[23:37:42] [124/455] ARDC
[23:37:44] [125/455] GLDA
[23:37:44] [126/455] KVSW
[23:37:45] [127/455] CGCA
[23:37:46] [128/455] CMLO
[23:37:47] [129/455] CECB
[23:37:48] [130/455] RCPN
[23:37:49] 🔄 Identity reset
[23:37:49] 🔄 Identity rotated (every 10 requests)
[23:37:50] [131/455] ASMW
[23:37:50] [132/455] PWLM
[23:37:51] [133/455] ASGM
[23:37:52] [134/455] ACWH
[23:37:53] [135/455] AAPW
[23:37:54] [136/455] RTWA
[23:37:54] [137/455] RAMW
[23:37:55] [138/455] VKTR
[23:37:56] [139/455] SMBH
[23:37:57] [140/455] BVDR
[23:37:58] 🔄 Identity reset
[23:37:58] 🔄 Identity rotated (every 10 requests)
[23:37:58] [141/455] MRTP
[23:37:59] [142/455] BLBR
[23:38:01] [143/455] LPIN
[23:38:02] [144/455] SNPC
[23:38:02] [145/455] PDCB
[23:38:03] [146/455] DYPK
[23:38:04] [147/455] INMK
[23:38:05] [148/455] PDCK
[23:38:06] [149/455] PCKR
[23:38:07] [150/455] SHUA
[23:38:07] 🔄 Identity reset
[23:38:07] 🔄 Identity rotated (every 10 requests)
[23:38:07] [151/455] SCVK
[23:38:09] [152/455] STPA
[23:38:10] [153/455] WVHD
[23:38:11] [154/455] MRCH
[23:38:12] [155/455] MCNP
[23:38:12] [156/455] RCAG
[23:38:13] [157/455] JTSN
[23:38:14] [158/455] AANS
[23:38:15] [159/455] GDDR
[23:38:16] [160/455] SRER
[23:38:16] 🔄 Identity reset
[23:38:16] 🔄 Identity rotated (every 10 requests)
[23:38:17] [161/455] JKMA
[23:38:17] [162/455] ARAN
[23:38:18] [163/455] ALCT
[23:38:19] [164/455] CCTA
[23:38:20] [165/455] CNCT
[23:38:21] [166/455] NZBL
[23:38:22] [167/455] SRRA
[23:38:23] [168/455] SVPW
[23:38:23] [169/455] SRTW
[23:38:25] [170/455] XMTD
[23:38:26] 🔄 Identity reset
[23:38:26] 🔄 Identity rotated (every 10 requests)
[23:38:26] [171/455] SCCZ
[23:38:27] [172/455] PBCR
[23:38:28] [173/455] RTSC
[23:38:29] [174/455] TLSV
[23:38:30] [175/455] RMTK
[23:38:31] [176/455] SRAT
[23:38:32] [177/455] GCYC
[23:38:33] [178/455] HCAJ
[23:38:34] [179/455] LCXA
[23:38:35] [180/455] BINT
[23:38:35] 🔄 Identity reset
[23:38:35] 🔄 Identity rotated (every 10 requests)
[23:38:35] [181/455] IXIM
[23:38:36] [182/455] MBCR
[23:38:37] [183/455] BMCJ
[23:38:39] [184/455] NICJ
[23:38:39] [185/455] SCAJ
[23:38:40] [186/455] CMXS
[23:38:41] [187/455] MMSR
[23:38:42] [188/455] PRKT
[23:38:43] [189/455] LPTH
[23:38:44] [190/455] SARP
[23:38:44] 🔄 Identity reset
[23:38:44] 🔄 Identity rotated (every 10 requests)
[23:38:45] [191/455] MNPP
[23:38:46] [192/455] PRLR
[23:38:46] [193/455] RCMW
[23:38:47] [194/455] FCMG
[23:38:49] [195/455] RTNK
[23:38:50] [196/455] LRCP
[23:38:51] [197/455] DBJR
[23:38:51] [198/455] CACN
[23:38:52] [199/455] AMRL
[23:38:53] [200/455] SBBC
[23:38:54] 🔄 Identity reset
[23:38:54] 🔄 Identity rotated (every 10 requests)
[23:38:55] [201/455] VENN
[23:38:56] [202/455] STSS
[23:38:57] [203/455] SMRB
[23:38:58] [204/455] CCMX
[23:38:58] [205/455] KCMR
[23:38:59] [206/455] SALH
[23:39:00] [207/455] CGTT
[23:39:01] [208/455] PMDR
[23:39:02] [209/455] VCPM
[23:39:03] [210/455] RZMX
[23:39:04] 🔄 Identity reset
[23:39:04] 🔄 Identity rotated (every 10 requests)
[23:39:04] [211/455] TMSY
[23:39:05] [212/455] NTMS
[23:39:06] [213/455] VTAG
[23:39:07] [214/455] REMA
[23:39:08] [215/455] NXCC
[23:39:09] [216/455] SKYM
[23:39:10] [217/455] CCMO
[23:39:11] [218/455] DMXM
[23:39:13] [219/455] SPPM
[23:39:14] [220/455] PTKL
[23:39:14] 🔄 Identity reset
[23:39:14] 🔄 Identity rotated (every 10 requests)
[23:39:14] [221/455] SLVO
[23:39:15] [222/455] VASL
[23:39:16] [223/455] CBCM
[23:39:18] [224/455] STMA
[23:39:19] [225/455] LASK
[23:39:21] [226/455] VITE
[23:39:22] [227/455] AAST
[23:39:23] [228/455] JTPT
[23:39:23] [229/455] RRSH
[23:39:24] [230/455] CINL
[23:39:25] 🔄 Identity reset
[23:39:25] 🔄 Identity rotated (every 10 requests)
[23:39:26] [231/455] MCSR
[23:39:27] [232/455] SBCF
[23:39:27] [233/455] GCDU
[23:39:29] [234/455] PSPR
[23:39:30] [235/455] IMMO
[23:39:30] [236/455] CLGM
[23:39:31] [237/455] PBMM
[23:39:32] [238/455] CEHR
[23:39:33] [239/455] CPOE
[23:39:34] [240/455] PGFD
[23:39:35] 🔄 Identity reset
[23:39:35] 🔄 Identity rotated (every 10 requests)
[23:39:35] [241/455] PSLC
[23:39:36] [242/455] MSMD
[23:39:37] [243/455] FMFB
[23:39:38] [244/455] RKCL
[23:39:39] [245/455] PMMC
[23:39:40] [246/455] SKMM
[23:39:41] [247/455] VOIB
[23:39:42] [248/455] KINO
[23:39:43] [249/455] VCTP
[23:39:44] [250/455] PDWR
[23:39:44] 🔄 Identity reset
[23:39:44] 🔄 Identity rotated (every 10 requests)
[23:39:45] [251/455] SAED
[23:39:46] [252/455] SRRT
[23:39:47] [253/455] CVLG
[23:39:49] [254/455] SNGN
[23:39:49] [255/455] SIDA
[23:39:50] [256/455] IMCB
[23:39:51] [257/455] SMHP
[23:39:52] [258/455] GDTY
[23:39:53] [259/455] VYCH
[23:39:54] [260/455] PDYA
[23:39:54] 🔄 Identity reset
[23:39:54] 🔄 Identity rotated (every 10 requests)
[23:39:54] [261/455] RKDO
[23:39:55] [262/455] VECG
[23:39:56] [263/455] NFGD
[23:39:57] [264/455] SNDC
[23:39:58] [265/455] SDJH
[23:39:59] [266/455] HASV
[23:40:00] [267/455] PTYK
[23:40:01] [268/455] MUTB
[23:40:02] [269/455] AMRT
[23:40:03] [270/455] VACD
[23:40:04] 🔄 Identity reset
[23:40:04] 🔄 Identity rotated (every 10 requests)
[23:40:04] [271/455] SKDD
[23:40:05] [272/455] STGR
[23:40:06] [273/455] GDAK
[23:40:07] [274/455] SKHK
[23:40:08] [275/455] SLND
[23:40:09] [276/455] APAP
[23:40:10] [277/455] AYYA
[23:40:10] [278/455] VCCZ
[23:40:11] [279/455] MEML
[23:40:12] [280/455] MAOU
[23:40:13] 🔄 Identity reset
[23:40:13] 🔄 Identity rotated (every 10 requests)
[23:40:13] [281/455] ESND
[23:40:14] [282/455] PTBZ
[23:40:15] [283/455] LBCN
[23:40:15] [284/455] PAWA
[23:40:16] [285/455] ZEIC
[23:40:17] [286/455] CGMM
[23:40:18] [287/455] PJPM
[23:40:19] [288/455] ECMR
[23:40:20] [289/455] SHMZ
[23:40:20] [290/455] STCA
[23:40:21] 🔄 Identity reset
[23:40:21] 🔄 Identity rotated (every 10 requests)
[23:40:22] [291/455] VDRC
[23:40:23] [292/455] SEEM
[23:40:24] [293/455] MKNS
[23:40:25] [294/455] KPPP
[23:40:26] [295/455] CCML
[23:40:27] [296/455] CIBA
[23:40:28] [297/455] NACS
[23:40:29] [298/455] CTMK
[23:40:30] [299/455] CTCT
[23:40:31] [300/455] MCSN
[23:40:32] 🔄 Identity reset
[23:40:32] 🔄 Identity rotated (every 10 requests)
[23:40:32] [301/455] MAXX
[23:40:33] [302/455] MECB
[23:40:34] [303/455] NTBY
[23:40:35] [304/455] UTBI
[23:40:36] [305/455] RADK
[23:40:36] [306/455] STBY
[23:40:37] [307/455] GTBY
[23:40:38] [308/455] RRMB
[23:40:39] [309/455] ABRN
[23:40:40] [310/455] GTSG
[23:40:41] 🔄 Identity reset
[23:40:41] 🔄 Identity rotated (every 10 requests)
[23:40:41] [311/455] GBTG
[23:40:42] [312/455] SBGS
[23:40:43] [313/455] KBPM
[23:40:44] [314/455] SMHT
[23:40:44] [315/455] VTDM
[23:40:45] [316/455] ASCT
[23:40:46] [317/455] AWCT
[23:40:47] [318/455] DCCU
[23:40:48] [319/455] PSCE
[23:40:48] [320/455] KSNY
[23:40:49] 🔄 Identity reset
[23:40:49] 🔄 Identity rotated (every 10 requests)
[23:40:49] [321/455] ACID
[23:40:50] [322/455] LVCD
[23:40:51] [323/455] KSSB
[23:40:52] [324/455] SWTD
[23:40:53] [325/455] RBMR
[23:40:54] [326/455] SCBC
[23:40:55] [327/455] RKME
[23:40:56] [328/455] GALX
[23:40:57] [329/455] GCCH
[23:40:58] [330/455] RATR
[23:40:58] 🔄 Identity reset
[23:40:58] 🔄 Identity rotated (every 10 requests)
[23:40:59] [331/455] GTGA
[23:41:00] [332/455] LTTR
[23:41:01] [333/455] TTAA
[23:41:01] [334/455] TVHP
[23:41:02] [335/455] KVCS
[23:41:03] [336/455] CBMC
[23:41:04] [337/455] MAYJ
[23:41:05] [338/455] INPR
[23:41:06] [339/455] RSSC
[23:41:07] [340/455] PCAN
[23:41:08] 🔄 Identity reset
[23:41:08] 🔄 Identity rotated (every 10 requests)
[23:41:08] [341/455] PVHR
[23:41:09] [342/455] AGSM
[23:41:10] [343/455] PVES
[23:41:11] [344/455] INTO
[23:41:12] [345/455] ACON
[23:41:13] [346/455] PVPZ
[23:41:13] [347/455] PVHC
[23:41:14] [348/455] KSTK
[23:41:15] [349/455] PVSR
[23:41:16] [350/455] ACTN
[23:41:17] 🔄 Identity reset
[23:41:17] 🔄 Identity rotated (every 10 requests)
[23:41:17] [351/455] FMCN
[23:41:18] [352/455] PABC
[23:41:20] [353/455] SUTC
[23:41:20] [354/455] PGMV
[23:41:21] [355/455] GKCP
[23:41:22] [356/455] INCH
[23:41:23] [357/455] MLMT
[23:41:24] [358/455] SSCC
[23:41:25] [359/455] SLMP
[23:41:26] [360/455] VVTN
[23:41:26] 🔄 Identity reset
[23:41:26] 🔄 Identity rotated (every 10 requests)
[23:41:27] [361/455] SBTR
[23:41:28] [362/455] PGRA
[23:41:28] [363/455] PBRM
[23:41:29] [364/455] GCRP
[23:41:30] [365/455] MCSK
[23:41:31] [366/455] NLTC
[23:41:32] [367/455] MTLM
[23:41:33] [368/455] VECT
[23:41:34] [369/455] KMRM
[23:41:35] [370/455] RACM
[23:41:35] 🔄 Identity reset
[23:41:35] 🔄 Identity rotated (every 10 requests)
[23:41:35] [371/455] WSTC
[23:41:36] [372/455] PVTJ
[23:41:37] [373/455] MMKC
[23:41:38] [374/455] SVWT
[23:41:39] [375/455] JOTG
[23:41:40] [376/455] VCDK
[23:41:41] [377/455] ANAC
[23:41:41] [378/455] GRTC
[23:41:43] [379/455] JTPL
[23:41:44] [380/455] VRCP
[23:41:44] 🔄 Identity reset
[23:41:44] 🔄 Identity rotated (every 10 requests)
[23:41:44] [381/455] REMC
[23:41:45] [382/455] ATMG
[23:41:46] [383/455] GAHC
[23:41:48] [384/455] JTMV
[23:41:48] [385/455] OMTT
[23:41:49] [386/455] GKKC
[23:41:50] [387/455] BBPO
[23:41:51] [388/455] ZCBB
[23:41:52] [389/455] DCGO
[23:41:54] [390/455] STOP
[23:41:54] 🔄 Identity reset
[23:41:54] 🔄 Identity rotated (every 10 requests)
[23:41:55] [391/455] BSPC
[23:41:56] [392/455] SOND
[23:41:57] [393/455] GCKG
[23:41:58] [394/455] PCDB
[23:41:59] [395/455] PGRC
[23:42:00] [396/455] CSCT
[23:42:00] [397/455] STDA
[23:42:01] [398/455] JAYD
[23:42:02] [399/455] PPPD
[23:42:03] [400/455] KRTT
[23:42:04] 🔄 Identity reset
[23:42:04] 🔄 Identity rotated (every 10 requests)
[23:42:04] [401/455] PTDT
[23:42:05] [402/455] TRSV
[23:42:06] [403/455] VELR
[23:42:07] [404/455] STDT
[23:42:08] [405/455] SATT
[23:42:09] [406/455] KCPM
[23:42:09] [407/455] MFCP
[23:42:10] [408/455] AXMP
[23:42:11] [409/455] LTVB
[23:42:12] [410/455] APST
[23:42:13] 🔄 Identity reset
[23:42:13] 🔄 Identity rotated (every 10 requests)
[23:42:13] [411/455] DTVP
[23:42:14] [412/455] AAVB
[23:42:15] [413/455] PMBL
[23:42:16] [414/455] STKC
[23:42:17] [415/455] KKMA
[23:42:18] [416/455] NMXS
[23:42:19] [417/455] DECX
[23:42:19] [418/455] MAPJ
[23:42:20] [419/455] SMLK
[23:42:21] [420/455] PMPU
[23:42:22] 🔄 Identity reset
[23:42:22] 🔄 Identity rotated (every 10 requests)
[23:42:22] [421/455] AFST
[23:42:23] [422/455] SRSY
[23:42:24] [423/455] RMKT
[23:42:24] [424/455] RAJX
[23:42:25] [425/455] UVCD
[23:42:26] [426/455] LISA
[23:42:27] [427/455] LMSR
[23:42:28] [428/455] PMCA
[23:42:30] [429/455] INPO
[23:42:31] [430/455] INGO
[23:42:32] 🔄 Identity reset
[23:42:32] 🔄 Identity rotated (every 10 requests)
[23:42:32] [431/455] HFSQ
[23:42:33] [432/455] INMG
[23:42:34] [433/455] NYCP
[23:42:34] [434/455] HFSV
[23:42:35] [435/455] MMZP
[23:42:36] [436/455] KSES
[23:42:38] [437/455] HFSA
[23:42:39] [438/455] ACMM
[23:42:39] [439/455] RCKD
[23:42:41] [440/455] BCKR
[23:42:41] 🔄 Identity reset
[23:42:41] 🔄 Identity rotated (every 10 requests)
[23:42:42] [441/455] SFCO
[23:42:43] [442/455] JCCB
[23:42:44] [443/455] BCCR
[23:42:44] [444/455] NWCB
[23:42:45] [445/455] SAMT
[23:42:46] [446/455] TMST
[23:42:47] [447/455] SJCN
[23:42:48] [448/455] MCBS
[23:42:48] [449/455] CMKR
[23:42:49] [450/455] INPM
[23:42:50] 🔄 Identity reset
[23:42:50] 🔄 Identity rotated (every 10 requests)
[23:42:50] [451/455] WVMT
[23:42:51] [452/455] NYSM
[23:42:52] [453/455] RCMA
[23:42:53] [454/455] RECM
[23:42:53] [455/455] CYCM
[23:42:55] 🧹 Deduping shows
[23:42:55] ✅ DONE | Shows=845 | Movies=41
