[17:17:18] 🚀 SCRIPT STARTED (enhanced anti‑detection)
[17:17:18] [1/459] MCCZ
[17:17:19] 🧠 New identity created
[17:17:19] [2/459] FRPU
[17:17:21] [3/459] SKSI
[17:17:22] [4/459] SSCK
[17:17:23] [5/459] SRDC
[17:17:24] [6/459] RSCZ
[17:17:25] [7/459] PRVT
[17:17:27] [8/459] GAGJ
[17:17:27] [9/459] SMHG
[17:17:28] [10/459] JTST
[17:17:29] 🔄 Identity reset
[17:17:29] 🔄 Identity rotated (every 10 requests)
[17:17:30] [11/459] MYTH
[17:17:31] [12/459] JPCC
[17:17:32] [13/459] ACDC
[17:17:32] [14/459] SVFP
[17:17:33] [15/459] SFCM
[17:17:34] [16/459] RUPK
[17:17:35] [17/459] NTCR
[17:17:36] [18/459] RTCH
[17:17:37] [19/459] SCMH
[17:17:38] [20/459] SVYM
[17:17:38] 🔄 Identity reset
[17:17:38] 🔄 Identity rotated (every 10 requests)
[17:17:39] [21/459] SPYM
[17:17:40] [22/459] SMMF
[17:17:41] [23/459] CLLB
[17:17:42] [24/459] FMCB
[17:17:42] [25/459] BBTC
[17:17:43] [26/459] NTHS
[17:17:44] [27/459] PKKJ
[17:17:45] [28/459] MTJA
[17:17:46] [29/459] PMSJ
[17:17:47] [30/459] JMJU
[17:17:48] 🔄 Identity reset
[17:17:48] 🔄 Identity rotated (every 10 requests)
[17:17:48] [31/459] SRAD
[17:17:49] [32/459] MJMC
[17:17:50] [33/459] DFRM
[17:17:51] [34/459] PMRS
[17:17:52] [35/459] RKPP
[17:17:53] [36/459] BMBK
[17:17:54] [37/459] NEWS
[17:17:55] [38/459] SALB
[17:17:56] [39/459] SCPW
[17:17:57] [40/459] RAYL
[17:17:57] 🔄 Identity reset
[17:17:57] 🔄 Identity rotated (every 10 requests)
[17:17:58] [41/459] CMGJ
[17:17:59] [42/459] JRCR
[17:18:00] [43/459] SRTB
[17:18:01] [44/459] ETPB
[17:18:02] [45/459] MXBN
[17:18:04] [46/459] TOPE
[17:18:05] [47/459] SNLJ
[17:18:07] [48/459] CDDP
[17:18:08] [49/459] APCX
[17:18:09] [50/459] TALP
[17:18:09] 🔄 Identity reset
[17:18:09] 🔄 Identity rotated (every 10 requests)
[17:18:09] [51/459] RRMP
[17:18:10] [52/459] MAHB
[17:18:11] [53/459] MTKR
[17:18:12] [54/459] KSKL
[17:18:13] [55/459] RJLT
[17:18:14] [56/459] ATAS
[17:18:15] [57/459] AMHR
[17:18:17] [58/459] RSRM
[17:18:19] [59/459] GCAT
[17:18:20] [60/459] SMML
[17:18:21] 🔄 Identity reset
[17:18:21] 🔄 Identity rotated (every 10 requests)
[17:18:22] [61/459] ACCD
[17:18:23] [62/459] VYDA
[17:18:24] [63/459] MSKT
[17:18:25] [64/459] AVDM
[17:18:25] [65/459] ASMH
[17:18:26] [66/459] VTMB
[17:18:27] [67/459] WVMB
[17:18:28] [68/459] PPMN
[17:18:30] [69/459] MTMD
[17:18:31] [70/459] SMMO
[17:18:32] 🔄 Identity reset
[17:18:32] 🔄 Identity rotated (every 10 requests)
[17:18:32] [71/459] DLPB
[17:18:33] [72/459] AKMD
[17:18:34] [73/459] SHRR
[17:18:35] [74/459] ASCO
[17:18:36] [75/459] CZVX
[17:18:37] [76/459] GCBB
[17:18:38] [77/459] ATBM
[17:18:39] [78/459] TCGM
[17:18:40] [79/459] UMSE
[17:18:41] [80/459] NKCL
[17:18:41] 🔄 Identity reset
[17:18:41] 🔄 Identity rotated (every 10 requests)
[17:18:41] [81/459] BTLR
[17:18:42] [82/459] GOCL
[17:18:43] [83/459] MIRN
[17:18:44] [84/459] THEC
[17:18:45] [85/459] SPPB
[17:18:46] [86/459] PMMM
[17:18:47] [87/459] GGMC
[17:18:48] [88/459] AVSR
[17:18:49] [89/459] RDMH
[17:18:50] [90/459] JSRS
[17:18:50] 🔄 Identity reset
[17:18:50] 🔄 Identity rotated (every 10 requests)
[17:18:51] [91/459] VKGP
[17:18:52] [92/459] ACRT
[17:18:53] [93/459] GCBA
[17:18:53] [94/459] GTCP
[17:18:54] [95/459] AKFC
[17:18:55] [96/459] INCS
[17:18:56] [97/459] SMCK
[17:18:57] [98/459] BRUN
[17:18:58] [99/459] RPPC
[17:18:59] [100/459] PAYD
[17:19:00] 🔄 Identity reset
[17:19:00] 🔄 Identity rotated (every 10 requests)
[17:19:00] [101/459] SVVT
[17:19:02] [102/459] RNCC
[17:19:03] [103/459] PCRC
[17:19:04] [104/459] PMRM
[17:19:05] [105/459] CCRP
[17:19:06] [106/459] INCR
[17:19:07] [107/459] ZTMP
[17:19:08] [108/459] MCNR
[17:19:09] [109/459] INRP
[17:19:09] [110/459] STRC
[17:19:10] 🔄 Identity reset
[17:19:10] 🔄 Identity rotated (every 10 requests)
[17:19:11] [111/459] RATI
[17:19:11] [112/459] PBTR
[17:19:13] [113/459] CMHP
[17:19:14] [114/459] ZECJ
[17:19:15] [115/459] CCCB
[17:19:16] [116/459] BWCB
[17:19:17] [117/459] CCAT
[17:19:18] [118/459] KGCM
[17:19:19] [119/459] INPT
[17:19:20] [120/459] FNCO
[17:19:20] 🔄 Identity reset
[17:19:20] 🔄 Identity rotated (every 10 requests)
[17:19:21] [121/459] SRMJ
[17:19:22] [122/459] PFSC
[17:19:23] [123/459] PBMC
[17:19:23] [124/459] KARP
[17:19:24] [125/459] KOVI
[17:19:25] [126/459] ACXL
[17:19:26] [127/459] GKCC
[17:19:27] [128/459] ASCC
[17:19:28] [129/459] SETC
[17:19:29] [130/459] KACC
[17:19:30] 🔄 Identity reset
[17:19:30] 🔄 Identity rotated (every 10 requests)
[17:19:31] [131/459] KAVE
[17:19:32] [132/459] CNTC
[17:19:33] [133/459] MEEN
[17:19:34] [134/459] BMRV
[17:19:36] [135/459] SVAM
[17:19:37] [136/459] VTBP
[17:19:37] [137/459] VCKN
[17:19:39] [138/459] SGTK
[17:19:40] [139/459] RCGS
[17:19:41] [140/459] RCCB
[17:19:42] 🔄 Identity reset
[17:19:42] 🔄 Identity rotated (every 10 requests)
[17:19:42] [141/459] RKSR
[17:19:43] [142/459] RKCU
[17:19:44] [143/459] GIBH
[17:19:45] [144/459] CXBS
[17:19:46] [145/459] GGCB
[17:19:47] [146/459] SCPB
[17:19:48] [147/459] AKTB
[17:19:49] [148/459] SRBU
[17:19:50] [149/459] CSSA
[17:19:51] [150/459] MYAN
[17:19:51] 🔄 Identity reset
[17:19:51] 🔄 Identity rotated (every 10 requests)
[17:19:51] [151/459] EXCA
[17:19:52] [152/459] CKSA
[17:19:53] [153/459] JTNM
[17:19:54] [154/459] CXKT
[17:19:55] [155/459] NCLM
[17:19:56] [156/459] JAAD
[17:19:57] [157/459] RDCR
[17:19:58] [158/459] MEER
[17:19:59] [159/459] SIBT
[17:19:59] [160/459] PVVB
[17:20:00] 🔄 Identity reset
[17:20:00] 🔄 Identity rotated (every 10 requests)
[17:20:00] [161/459] FNPN
[17:20:01] [162/459] CRPX
[17:20:02] [163/459] STET
[17:20:03] [164/459] METE
[17:20:04] [165/459] BJML
[17:20:05] [166/459] MAVT
[17:20:06] [167/459] MSRM
[17:20:07] [168/459] TJMP
[17:20:08] [169/459] MHCK
[17:20:09] [170/459] SVGP
[17:20:09] 🔄 Identity reset
[17:20:09] 🔄 Identity rotated (every 10 requests)
[17:20:09] [171/459] KRRC
[17:20:10] [172/459] IMCH
[17:20:11] [173/459] CMCS
[17:20:12] [174/459] SGND
[17:20:13] [175/459] RNAT
[17:20:14] [176/459] PRTN
[17:20:15] [177/459] MPTN
[17:20:16] [178/459] ARCC
[17:20:17] [179/459] NTTE
[17:20:18] [180/459] ABND
[17:20:18] 🔄 Identity reset
[17:20:18] 🔄 Identity rotated (every 10 requests)
[17:20:19] [181/459] KCSN
[17:20:20] [182/459] KCSA
[17:20:21] [183/459] DCKT
[17:20:22] [184/459] MBBR
[17:20:23] [185/459] RAMU
[17:20:23] [186/459] RACW
[17:20:24] [187/459] MCHP
[17:20:26] [188/459] TMHM
[17:20:27] [189/459] STXH
[17:20:28] [190/459] AGSG
[17:20:29] 🔄 Identity reset
[17:20:29] 🔄 Identity rotated (every 10 requests)
[17:20:29] [191/459] SIRA
[17:20:30] [192/459] RCAN
[17:20:31] [193/459] CWTB
[17:20:32] [194/459] VTYM
[17:20:33] [195/459] RRPP
[17:20:34] [196/459] ASMR
[17:20:35] [197/459] RONO
[17:20:36] [198/459] MEMR
[17:20:37] [199/459] CTMR
[17:20:38] [200/459] PMTT
[17:20:38] 🔄 Identity reset
[17:20:38] 🔄 Identity rotated (every 10 requests)
[17:20:38] [201/459] PSLX
[17:20:40] [202/459] IPPL
[17:20:41] [203/459] MMSG
[17:20:42] [204/459] INEL
[17:20:44] [205/459] COAC
[17:20:45] [206/459] WVLK
[17:20:46] [207/459] PPXL
[17:20:47] [208/459] PSML
[17:20:48] [209/459] FNLK
[17:20:49] [210/459] ILUM
[17:20:50] 🔄 Identity reset
[17:20:50] 🔄 Identity rotated (every 10 requests)
[17:20:50] [211/459] ILCM
[17:20:51] [212/459] MSNL
[17:20:52] [213/459] VINB
[17:20:53] [214/459] SALW
[17:20:54] [215/459] PRTB
[17:20:55] [216/459] NCIL
[17:20:56] [217/459] PSUL
[17:20:57] [218/459] SCLK
[17:20:58] [219/459] ADDC
[17:20:59] [220/459] OACL
[17:20:59] 🔄 Identity reset
[17:20:59] 🔄 Identity rotated (every 10 requests)
[17:21:00] [221/459] OOCF
[17:21:01] [222/459] GPMF
[17:21:02] [223/459] SSDG
[17:21:03] [224/459] SKRS
[17:21:04] [225/459] NTTP
[17:21:05] [226/459] SLTP
[17:21:06] [227/459] JTLC
[17:21:07] [228/459] POON
[17:21:08] [229/459] CCPC
[17:21:08] [230/459] DCKC
[17:21:09] 🔄 Identity reset
[17:21:09] 🔄 Identity rotated (every 10 requests)
[17:21:09] [231/459] CPRT
[17:21:10] [232/459] EYHZ
[17:21:11] [233/459] ARBL
[17:21:12] [234/459] SBTB
[17:21:13] [235/459] MMCK
[17:21:14] [236/459] PLMR
[17:21:15] [237/459] BIJH
[17:21:16] [238/459] SDRT
[17:21:16] [239/459] PRDC
[17:21:17] [240/459] OMJA
[17:21:18] 🔄 Identity reset
[17:21:18] 🔄 Identity rotated (every 10 requests)
[17:21:18] [241/459] VKCR
[17:21:19] [242/459] ATRT
[17:21:20] [243/459] WVRP
[17:21:21] [244/459] MVRP
[17:21:22] [245/459] FCAX
[17:21:23] [246/459] CTLC
[17:21:24] [247/459] JCHB
[17:21:25] [248/459] SELP
[17:21:27] [249/459] VCPG
[17:21:28] [250/459] ASCX
[17:21:28] 🔄 Identity reset
[17:21:28] 🔄 Identity rotated (every 10 requests)
[17:21:28] [251/459] EOCS
[17:21:29] [252/459] RCPH
[17:21:30] [253/459] RJTM
[17:21:32] [254/459] SGMD
[17:21:34] [255/459] SVJT
[17:21:35] [256/459] SPPO
[17:21:36] [257/459] MNRL
[17:21:37] [258/459] KNOX
[17:21:38] [259/459] GIER
[17:21:39] [260/459] PJMS
[17:21:39] 🔄 Identity reset
[17:21:39] 🔄 Identity rotated (every 10 requests)
[17:21:40] [261/459] UNSP
[17:21:41] [262/459] JETP
[17:21:42] [263/459] VTWA
[17:21:43] [264/459] SCJI
[17:21:44] [265/459] CBZZ
[17:21:45] [266/459] SDCJ
[17:21:46] [267/459] RRCC
[17:21:48] [268/459] VNKG
[17:21:49] [269/459] LKTO
[17:21:50] [270/459] PJRM
[17:21:50] 🔄 Identity reset
[17:21:51] 🔄 Identity rotated (every 10 requests)
[17:21:51] [271/459] NVRM
[17:21:52] [272/459] SJCS
[17:21:53] [273/459] VIGK
[17:21:54] [274/459] ANST
[17:21:55] [275/459] JTTS
[17:21:56] [276/459] NTST
[17:21:57] [277/459] PREB
[17:21:58] [278/459] TSCZ
[17:21:59] [279/459] CDCM
[17:22:00] [280/459] ELYE
[17:22:00] 🔄 Identity reset
[17:22:00] 🔄 Identity rotated (every 10 requests)
[17:22:01] [281/459] INBS
[17:22:03] [282/459] SMGC
[17:22:04] [283/459] UTMP
[17:22:05] [284/459] INTA
[17:22:06] [285/459] OMPT
[17:22:07] [286/459] SCIR
[17:22:08] [287/459] GCKJ
[17:22:10] [288/459] INOG
[17:22:11] [289/459] SMGB
[17:22:12] [290/459] MCSG
[17:22:12] 🔄 Identity reset
[17:22:12] 🔄 Identity rotated (every 10 requests)
[17:22:13] [291/459] STKG
[17:22:13] [292/459] TTKG
[17:22:15] [293/459] SRTR
[17:22:16] [294/459] ETTR
[17:22:17] [295/459] GGGZ
[17:22:19] [296/459] IPGM
[17:22:20] [297/459] FCDH
[17:22:21] [298/459] DESB
[17:22:21] [299/459] VNTP
[17:22:22] [300/459] ANNT
[17:22:23] 🔄 Identity reset
[17:22:23] 🔄 Identity rotated (every 10 requests)
[17:22:23] [301/459] SLTI
[17:22:24] [302/459] MAJU
[17:22:25] [303/459] JCXP
[17:22:26] [304/459] HARK
[17:22:27] [305/459] JPCJ
[17:22:28] [306/459] RXBD
[17:22:29] [307/459] PTKJ
[17:22:31] [308/459] CMTU
[17:22:32] [309/459] SWOR
[17:22:33] [310/459] JMEX
[17:22:33] 🔄 Identity reset
[17:22:33] 🔄 Identity rotated (every 10 requests)
[17:22:34] [311/459] DTPT
[17:22:35] [312/459] VGMM
[17:22:36] [313/459] VCSG
[17:22:36] [314/459] CVCG
[17:22:37] [315/459] TNTT
[17:22:38] [316/459] SHRM
[17:22:39] [317/459] CGKD
[17:22:40] [318/459] EKCM
[17:22:41] [319/459] SDCX
[17:22:42] [320/459] SBTE
[17:22:43] 🔄 Identity reset
[17:22:43] 🔄 Identity rotated (every 10 requests)
[17:22:43] [321/459] STKJ
[17:22:44] [322/459] TPCE
[17:22:45] [323/459] JTNP
[17:22:46] [324/459] LPCH
[17:22:47] [325/459] CPUO
[17:22:48] [326/459] APSU
[17:22:49] [327/459] RTHC
[17:22:50] [328/459] PTBU
[17:22:51] [329/459] CUCC
[17:22:51] [330/459] CPSA
[17:22:52] 🔄 Identity reset
[17:22:52] 🔄 Identity rotated (every 10 requests)
[17:22:52] [331/459] SUAY
[17:22:53] [332/459] AYAA
[17:22:55] [333/459] MUCH
[17:22:56] [334/459] PCIN
[17:22:57] [335/459] JRRM
[17:22:57] [336/459] KATS
[17:22:58] [337/459] MHFF
[17:22:59] [338/459] ESYM
[17:23:00] [339/459] STYV
[17:23:01] [340/459] SDKG
[17:23:02] 🔄 Identity reset
[17:23:02] 🔄 Identity rotated (every 10 requests)
[17:23:02] [341/459] SMTI
[17:23:03] [342/459] NYCS
[17:23:04] [343/459] MTBG
[17:23:05] [344/459] RHCA
[17:23:06] [345/459] PCKH
[17:23:07] [346/459] ARCR
[17:23:08] [347/459] NCMB
[17:23:09] [348/459] SHYC
[17:23:10] [349/459] LACK
[17:23:11] [350/459] MTCM
[17:23:11] 🔄 Identity reset
[17:23:12] 🔄 Identity rotated (every 10 requests)
[17:23:13] [351/459] RRBN
[17:23:15] [352/459] MYDC
[17:23:15] [353/459] STCS
[17:23:16] [354/459] CONN
[17:23:17] [355/459] SIPS
[17:23:18] [356/459] SMMX
[17:23:19] [357/459] SCBY
[17:23:20] [358/459] SUAP
[17:23:21] [359/459] RSMK
[17:23:22] [360/459] STKP
[17:23:23] 🔄 Identity reset
[17:23:23] 🔄 Identity rotated (every 10 requests)
[17:23:23] [361/459] CIPC
[17:23:24] [362/459] KKCI
[17:23:25] [363/459] CTNK
[17:23:26] [364/459] MMTZ
[17:23:27] [365/459] DCCO
[17:23:28] [366/459] VNMN
[17:23:28] [367/459] RLCN
[17:23:29] [368/459] CMMS
[17:23:30] [369/459] AYOU
[17:23:31] [370/459] SSCN
[17:23:32] 🔄 Identity reset
[17:23:32] 🔄 Identity rotated (every 10 requests)
[17:23:33] [371/459] SMXN
[17:23:34] [372/459] ASSK
[17:23:35] [373/459] VCKM
[17:23:36] [374/459] PCPH
[17:23:37] [375/459] PADM
[17:23:38] [376/459] IESA
[17:23:39] [377/459] VCSP
[17:23:40] [378/459] AEST
[17:23:41] [379/459] VTNR
[17:23:42] [380/459] GTTA
[17:23:42] 🔄 Identity reset
[17:23:42] 🔄 Identity rotated (every 10 requests)
[17:23:43] [381/459] CMMM
[17:23:44] [382/459] AHKT
[17:23:45] [383/459] SIJI
[17:23:46] [384/459] VCEI
[17:23:47] [385/459] SAKR
[17:23:48] [386/459] VSMT
[17:23:50] [387/459] SSCT
[17:23:51] [388/459] USTR
[17:23:52] [389/459] MTKT
[17:23:53] [390/459] TGMP
[17:23:53] 🔄 Identity reset
[17:23:53] 🔄 Identity rotated (every 10 requests)
[17:23:54] [391/459] SIVC
[17:23:55] [392/459] KICT
[17:23:56] [393/459] DAMD
[17:23:56] [394/459] CNPT
[17:23:57] [395/459] RVTT
[17:23:58] [396/459] SNCM
[17:23:59] [397/459] GHTE
[17:24:00] [398/459] PPAM
[17:24:01] [399/459] PVAA
[17:24:02] [400/459] CPAO
[17:24:02] 🔄 Identity reset
[17:24:02] 🔄 Identity rotated (every 10 requests)
[17:24:03] [401/459] HAMD
[17:24:04] [402/459] RCCA
[17:24:06] [403/459] MPCH
[17:24:07] [404/459] ARED
[17:24:08] [405/459] RRCV
[17:24:09] [406/459] MTRB
[17:24:10] [407/459] CKUA
[17:24:11] [408/459] ABMP
[17:24:12] [409/459] RCWA
[17:24:13] [410/459] CGAR
[17:24:13] 🔄 Identity reset
[17:24:13] 🔄 Identity rotated (every 10 requests)
[17:24:14] [411/459] METH
[17:24:15] [412/459] WAGA
[17:24:16] [413/459] MCMA
[17:24:17] [414/459] CSMP
[17:24:17] [415/459] RCNK
[17:24:18] [416/459] PSTM
[17:24:19] [417/459] CSEP
[17:24:20] [418/459] AMGD
[17:24:21] [419/459] CSTE
[17:24:22] [420/459] CONS
[17:24:23] 🔄 Identity reset
[17:24:23] 🔄 Identity rotated (every 10 requests)
[17:24:24] [421/459] APPX
[17:24:25] [422/459] MABC
[17:24:26] [423/459] CXST
[17:24:27] [424/459] MATN
[17:24:28] [425/459] MACZ
[17:24:29] [426/459] MASA
[17:24:30] [427/459] MBSX
[17:24:31] [428/459] CSST
[17:24:32] [429/459] APCL
[17:24:33] [430/459] CGOS
[17:24:33] 🔄 Identity reset
[17:24:33] 🔄 Identity rotated (every 10 requests)
[17:24:33] [431/459] CPEC
[17:24:35] [432/459] MCCP
[17:24:36] [433/459] BSSO
[17:24:37] [434/459] SJKA
[17:24:38] [435/459] CGBO
[17:24:39] [436/459] MVSK
[17:24:40] [437/459] HVCA
[17:24:41] [438/459] NAMD
[17:24:42] [439/459] DEVI
[17:24:43] [440/459] SCSV
[17:24:44] 🔄 Identity reset
[17:24:44] 🔄 Identity rotated (every 10 requests)
[17:24:44] [441/459] PSMA
[17:24:45] [442/459] CLDJ
[17:24:46] [443/459] NMAD
[17:24:47] [444/459] CGMO
[17:24:48] [445/459] MCNA
[17:24:49] [446/459] OCBN
[17:24:50] [447/459] CPEM
[17:24:51] [448/459] CPSM
[17:24:52] [449/459] RCAD
[17:24:53] [450/459] CPMU
[17:24:54] 🔄 Identity reset
[17:24:54] 🔄 Identity rotated (every 10 requests)
[17:24:54] [451/459] DICD
[17:24:55] [452/459] CHOE
[17:24:56] [453/459] PDJM
[17:24:57] [454/459] SSTU
[17:24:58] [455/459] VNRN
[17:24:59] [456/459] PVLG
[17:25:00] [457/459] SWBL
[17:25:00] [458/459] SCAB
[17:25:01] [459/459] RDDA
[17:25:03] 🧹 Deduping shows
[17:25:03] ✅ DONE | Shows=780 | Movies=38
