[17:17:22] 🚀 SCRIPT STARTED (enhanced anti‑detection)
[17:17:22] [1/326] VCHA
[17:17:23] 🧠 New identity created
[17:17:24] [2/326] SCKO
[17:17:24] [3/326] VKTK
[17:17:25] [4/326] DXEC
[17:17:26] [5/326] CDCA
[17:17:27] [6/326] VBCZ
[17:17:28] [7/326] MSDR
[17:17:29] [8/326] ACPV
[17:17:30] [9/326] PVHB
[17:17:30] [10/326] RCNH
[17:17:31] 🔄 Identity reset
[17:17:31] 🔄 Identity rotated (every 10 requests)
[17:17:31] [11/326] IOMH
[17:17:32] [12/326] ILKS
[17:17:33] [13/326] AMSN
[17:17:34] [14/326] ANTP
[17:17:35] [15/326] SSEK
[17:17:35] [16/326] PICP
[17:17:36] [17/326] SICO
[17:17:37] [18/326] SISP
[17:17:38] [19/326] SCPI
[17:17:40] [20/326] CRPR
[17:17:40] 🔄 Identity reset
[17:17:40] 🔄 Identity rotated (every 10 requests)
[17:17:41] [21/326] DCTW
[17:17:42] [22/326] DCSP
[17:17:43] [23/326] KRPM
[17:17:44] [24/326] THKK
[17:17:45] [25/326] SNMY
[17:17:46] [26/326] AKCC
[17:17:48] [27/326] PCAT
[17:17:49] [28/326] RFGO
[17:17:49] [29/326] GGCS
[17:17:50] [30/326] ACKR
[17:17:51] 🔄 Identity reset
[17:17:51] 🔄 Identity rotated (every 10 requests)
[17:17:51] [31/326] STDO
[17:17:53] [32/326] ACKB
[17:17:53] [33/326] ALUC
[17:17:54] [34/326] MNSR
[17:17:55] [35/326] CSSL
[17:17:56] [36/326] BGGM
[17:17:56] [37/326] MANT
[17:17:57] [38/326] SOOY
[17:17:58] [39/326] VPPK
[17:17:59] [40/326] MYHJ
[17:18:00] 🔄 Identity reset
[17:18:00] 🔄 Identity rotated (every 10 requests)
[17:18:00] [41/326] KSCK
[17:18:01] [42/326] KATK
[17:18:02] [43/326] RTRT
[17:18:03] [44/326] SSTT
[17:18:04] [45/326] SSTV
[17:18:05] [46/326] LACM
[17:18:06] [47/326] SGMG
[17:18:07] [48/326] KACX
[17:18:08] [49/326] GVCP
[17:18:09] [50/326] CSNC
[17:18:10] 🔄 Identity reset
[17:18:10] 🔄 Identity rotated (every 10 requests)
[17:18:10] [51/326] SXCB
[17:18:11] [52/326] BAHS
[17:18:12] [53/326] PCBI
[17:18:13] [54/326] PSSM
[17:18:14] [55/326] RCOK
[17:18:15] [56/326] SCPF
[17:18:15] [57/326] SSAS
[17:18:17] [58/326] EVMM
[17:18:18] [59/326] SYCB
[17:18:18] [60/326] GCKI
[17:18:19] 🔄 Identity reset
[17:18:19] 🔄 Identity rotated (every 10 requests)
[17:18:20] [61/326] IAET
[17:18:21] [62/326] DDTD
[17:18:22] [63/326] GMDH
[17:18:23] [64/326] STLE
[17:18:23] [65/326] JTRA
[17:18:24] [66/326] RPPA
[17:18:25] [67/326] ARUT
[17:18:26] [68/326] JTVM
[17:18:28] [69/326] SWRH
[17:18:28] [70/326] DCPC
[17:18:29] 🔄 Identity reset
[17:18:29] 🔄 Identity rotated (every 10 requests)
[17:18:29] [71/326] RAPR
[17:18:30] [72/326] GCRT
[17:18:31] [73/326] ATUN
[17:18:32] [74/326] LTRM
[17:18:34] [75/326] TASR
[17:18:34] [76/326] RLLC
[17:18:36] [77/326] MABI
[17:18:37] [78/326] SVHB
[17:18:37] [79/326] NVTB
[17:18:39] [80/326] KCKG
[17:18:40] 🔄 Identity reset
[17:18:40] 🔄 Identity rotated (every 10 requests)
[17:18:40] [81/326] SSRN
[17:18:41] [82/326] VDDC
[17:18:42] [83/326] GKTK
[17:18:43] [84/326] YFSN
[17:18:43] [85/326] GCSG
[17:18:44] [86/326] ESSM
[17:18:45] [87/326] KRIH
[17:18:46] [88/326] GCDS
[17:18:47] [89/326] CCSH
[17:18:48] [90/326] ACSK
[17:18:48] 🔄 Identity reset
[17:18:48] 🔄 Identity rotated (every 10 requests)
[17:18:49] [91/326] APRK
[17:18:50] [92/326] ADKM
[17:18:50] [93/326] SRDM
[17:18:52] [94/326] SJMY
[17:18:53] [95/326] PGGC
[17:18:54] [96/326] INGM
[17:18:54] [97/326] LSCB
[17:18:55] [98/326] STAD
[17:18:57] [99/326] MCCR
[17:18:58] [100/326] ABCC
[17:18:58] 🔄 Identity reset
[17:18:58] 🔄 Identity rotated (every 10 requests)
[17:18:58] 🔄 Retry 1/5 for ABCC in 2.4s
[17:18:58] 🔄 Identity reset
[17:19:01] 🧠 New identity created
[17:19:01] [101/326] RKCC
[17:19:02] [102/326] RTCR
[17:19:03] [103/326] GGBC
[17:19:04] [104/326] GCSD
[17:19:04] [105/326] LPTY
[17:19:06] [106/326] MCFD
[17:19:07] [107/326] HENN
[17:19:08] [108/326] SMKU
[17:19:08] [109/326] TNZC
[17:19:09] 🔄 Identity reset
[17:19:09] 🔄 Identity rotated (every 10 requests)
[17:19:09] [110/326] DRCD
[17:19:10] [111/326] DLCD
[17:19:11] [112/326] RCDA
[17:19:12] [113/326] COSM
[17:19:13] [114/326] MCMJ
[17:19:14] [115/326] CSTR
[17:19:15] [116/326] CVDK
[17:19:16] [117/326] INRR
[17:19:17] [118/326] RJRT
[17:19:18] [119/326] IRMR
[17:19:19] 🔄 Identity reset
[17:19:19] 🔄 Identity rotated (every 10 requests)
[17:19:19] [120/326] SRCF
[17:19:20] [121/326] GRCR
[17:19:21] [122/326] SURC
[17:19:22] [123/326] NMNH
[17:19:23] [124/326] SVBL
[17:19:25] [125/326] KACI
[17:19:26] [126/326] TDGO
[17:19:27] [127/326] KTBR
[17:19:27] [128/326] PMAD
[17:19:28] [129/326] CCPN
[17:19:29] 🔄 Identity reset
[17:19:29] 🔄 Identity rotated (every 10 requests)
[17:19:29] [130/326] SBTK
[17:19:30] [131/326] LMDK
[17:19:31] [132/326] PGDA
[17:19:32] [133/326] SRML
[17:19:33] [134/326] EVCK
[17:19:34] [135/326] RTTK
[17:19:35] [136/326] SRTU
[17:19:36] [137/326] VRSA
[17:19:38] [138/326] VARS
[17:19:39] [139/326] DSCZ
[17:19:39] 🔄 Identity reset
[17:19:39] 🔄 Identity rotated (every 10 requests)
[17:19:40] [140/326] GAGA
[17:19:42] [141/326] SARV
[17:19:42] [142/326] SEEG
[17:19:44] [143/326] GLCA
[17:19:45] [144/326] APAS
[17:19:46] [145/326] VCIA
[17:19:47] [146/326] SJTA
[17:19:47] [147/326] SABM
[17:19:48] [148/326] PPAG
[17:19:50] [149/326] RVCA
[17:19:50] 🔄 Identity reset
[17:19:50] 🔄 Identity rotated (every 10 requests)
[17:19:51] [150/326] CCIA
[17:19:52] [151/326] HTAG
[17:19:53] [152/326] SMBI
[17:19:55] [153/326] MCJR
[17:19:56] [154/326] CCJR
[17:19:57] [155/326] SINF
[17:19:58] [156/326] CPLX
[17:19:59] [157/326] KKTJ
[17:20:00] [158/326] GDBW
[17:20:02] [159/326] CSUB
[17:20:03] 🔄 Identity reset
[17:20:03] 🔄 Identity rotated (every 10 requests)
[17:20:03] [160/326] DABA
[17:20:04] [161/326] TITR
[17:20:05] [162/326] NYCR
[17:20:05] [163/326] RTRY
[17:20:06] [164/326] JTJL
[17:20:07] [165/326] SJCP
[17:20:09] [166/326] KCCA
[17:20:10] [167/326] MLPG
[17:20:11] [168/326] VRCK
[17:20:12] [169/326] SRIN
[17:20:13] 🔄 Identity reset
[17:20:13] 🔄 Identity rotated (every 10 requests)
[17:20:13] [170/326] CXMK
[17:20:14] [171/326] SKAD
[17:20:16] [172/326] AVTR
[17:20:17] [173/326] PTAJ
[17:20:19] [174/326] SCNK
[17:20:20] [175/326] STTI
[17:20:22] [176/326] KACR
[17:20:23] [177/326] SSDX
[17:20:24] [178/326] VRTJ
[17:20:25] [179/326] RAJD
[17:20:26] 🔄 Identity reset
[17:20:26] 🔄 Identity rotated (every 10 requests)
[17:20:27] [180/326] SCIP
[17:20:28] [181/326] RJSL
[17:20:29] [182/326] ARRS
[17:20:29] [183/326] ASMS
[17:20:30] [184/326] RDTS
[17:20:31] [185/326] DVMY
[17:20:32] [186/326] RASA
[17:20:33] [187/326] INOM
[17:20:35] [188/326] SPRS
[17:20:36] [189/326] SGCS
[17:20:36] 🔄 Identity reset
[17:20:36] 🔄 Identity rotated (every 10 requests)
[17:20:36] 🔄 Retry 1/5 for SGCS in 2.2s
[17:20:36] 🔄 Identity reset
[17:20:38] 🧠 New identity created
[17:20:39] [190/326] SALM
[17:20:40] [191/326] PKHC
[17:20:41] [192/326] RCSV
[17:20:41] [193/326] CPKC
[17:20:42] [194/326] AACD
[17:20:43] [195/326] GGCV
[17:20:44] [196/326] SMKD
[17:20:45] [197/326] NBCH
[17:20:46] [198/326] AMCB
[17:20:47] 🔄 Identity reset
[17:20:47] 🔄 Identity rotated (every 10 requests)
[17:20:47] [199/326] OPCN
[17:20:48] [200/326] DCIN
[17:20:49] [201/326] INGW
[17:20:50] [202/326] PKKW
[17:20:50] [203/326] FNGW
[17:20:51] [204/326] GCGD
[17:20:52] [205/326] MSTW
[17:20:53] [206/326] KCCG
[17:20:54] [207/326] MRSS
[17:20:55] [208/326] CLCF
[17:20:55] 🔄 Identity reset
[17:20:55] 🔄 Identity rotated (every 10 requests)
[17:20:56] [209/326] EETS
[17:20:57] [210/326] AATR
[17:20:58] [211/326] CMMN
[17:21:00] [212/326] SCCJ
[17:21:01] [213/326] CDTK
[17:21:02] [214/326] AICP
[17:21:03] [215/326] FNBP
[17:21:04] [216/326] CBPB
[17:21:05] [217/326] CPAS
[17:21:06] [218/326] MAPM
[17:21:06] 🔄 Identity reset
[17:21:06] 🔄 Identity rotated (every 10 requests)
[17:21:07] [219/326] PASD
[17:21:09] [220/326] JCMN
[17:21:09] [221/326] MALB
[17:21:11] [222/326] SACG
[17:21:13] [223/326] DDRX
[17:21:13] [224/326] DDXB
[17:21:14] [225/326] RAMC
[17:21:15] [226/326] SANC
[17:21:16] [227/326] BCBP
[17:21:17] [228/326] ALPC
[17:21:18] 🔄 Identity reset
[17:21:18] 🔄 Identity rotated (every 10 requests)
[17:21:18] [229/326] RBAC
[17:21:19] [230/326] RAJL
[17:21:20] [231/326] MPDX
[17:21:21] [232/326] MUSC
[17:21:23] [233/326] VKMK
[17:21:24] [234/326] SKCG
[17:21:25] [235/326] ANCN
[17:21:26] [236/326] MMCJ
[17:21:27] [237/326] DCAK
[17:21:28] [238/326] SCKG
[17:21:28] 🔄 Identity reset
[17:21:28] 🔄 Identity rotated (every 10 requests)
[17:21:29] [239/326] LMCK
[17:21:30] [240/326] CKKX
[17:21:31] [241/326] ANKU
[17:21:33] [242/326] CSMD
[17:21:33] [243/326] MKMP
[17:21:34] [244/326] SVBG
[17:21:36] [245/326] ROOP
[17:21:37] [246/326] GDMT
[17:21:38] [247/326] FPPF
[17:21:39] [248/326] SFUU
[17:21:39] 🔄 Identity reset
[17:21:39] 🔄 Identity rotated (every 10 requests)
[17:21:40] [249/326] ANCB
[17:21:41] [250/326] SMMC
[17:21:42] [251/326] UGKT
[17:21:43] [252/326] JVRM
[17:21:43] [253/326] BATG
[17:21:44] [254/326] RATE
[17:21:45] [255/326] SKME
[17:21:46] [256/326] LMTP
[17:21:48] [257/326] TCBD
[17:21:50] [258/326] ESBD
[17:21:50] 🔄 Identity reset
[17:21:50] 🔄 Identity rotated (every 10 requests)
[17:21:51] [259/326] GDCU
[17:21:52] [260/326] SNKT
[17:21:53] [261/326] SRNK
[17:21:54] [262/326] SMED
[17:21:55] [263/326] CSQS
[17:21:56] [264/326] ALCS
[17:21:57] [265/326] KCKN
[17:21:58] [266/326] VCCL
[17:21:59] [267/326] MCDA
[17:22:00] [268/326] SHMI
[17:22:01] 🔄 Identity reset
[17:22:01] 🔄 Identity rotated (every 10 requests)
[17:22:01] 🔄 Retry 1/5 for SHMI in 2.8s
[17:22:01] 🔄 Identity reset
[17:22:03] 🧠 New identity created
[17:22:03] 🔄 Retry 2/5 for SHMI in 4.8s
[17:22:03] 🔄 Identity reset
[17:22:08] 🧠 New identity created
[17:22:09] [269/326] SKHA
[17:22:09] [270/326] SVFK
[17:22:10] [271/326] INVB
[17:22:12] [272/326] MELD
[17:22:13] [273/326] JTYS
[17:22:15] [274/326] INCM
[17:22:16] [275/326] MCDV
[17:22:16] [276/326] KSGK
[17:22:17] 🔄 Identity reset
[17:22:17] 🔄 Identity rotated (every 10 requests)
[17:22:17] 🔄 Retry 1/5 for KSGK in 2.7s
[17:22:17] 🔄 Identity reset
[17:22:20] 🧠 New identity created
[17:22:21] [277/326] ICMG
[17:22:22] [278/326] CSCV
[17:22:23] [279/326] STMD
[17:22:24] [280/326] STTR
[17:22:25] [281/326] INVC
[17:22:26] [282/326] JTBL
[17:22:28] [283/326] SRVV
[17:22:29] [284/326] MAVC
[17:22:29] [285/326] SRPP
[17:22:30] 🔄 Identity reset
[17:22:30] 🔄 Identity rotated (every 10 requests)
[17:22:30] [286/326] JGDM
[17:22:31] [287/326] MBSJ
[17:22:32] [288/326] SSLL
[17:22:33] [289/326] SLKP
[17:22:34] [290/326] NSRV
[17:22:35] [291/326] UTDV
[17:22:36] [292/326] KICM
[17:22:37] [293/326] KCMD
[17:22:37] [294/326] TTPP
[17:22:39] [295/326] KMPV
[17:22:39] 🔄 Identity reset
[17:22:39] 🔄 Identity rotated (every 10 requests)
[17:22:40] [296/326] SKTV
[17:22:41] [297/326] STCV
[17:22:42] [298/326] SRDA
[17:22:43] [299/326] JTSX
[17:22:44] [300/326] STBV
[17:22:45] [301/326] APVZ
[17:22:46] [302/326] GSTV
[17:22:46] [303/326] NMVS
[17:22:48] [304/326] SKRT
[17:22:49] [305/326] RMDV
[17:22:50] 🔄 Identity reset
[17:22:50] 🔄 Identity rotated (every 10 requests)
[17:22:50] [306/326] RATG
[17:22:51] [307/326] SJYV
[17:22:52] [308/326] NDGP
[17:22:53] [309/326] SNDG
[17:22:54] [310/326] INSR
[17:22:55] [311/326] INSO
[17:22:56] [312/326] CCSI
[17:22:56] [313/326] RASM
[17:22:57] [314/326] NEWC
[17:22:58] [315/326] VSHL
[17:22:59] 🔄 Identity reset
[17:22:59] 🔄 Identity rotated (every 10 requests)
[17:22:59] 🔄 Retry 1/5 for VSHL in 2.5s
[17:22:59] 🔄 Identity reset
[17:23:01] 🧠 New identity created
[17:23:01] [316/326] BISW
[17:23:02] [317/326] GCNG
[17:23:03] [318/326] CWSC
[17:23:04] [319/326] SKAN
[17:23:06] [320/326] CCOA
[17:23:07] [321/326] MCAJ
[17:23:07] [322/326] ACDE
[17:23:09] [323/326] AACM
[17:23:10] [324/326] JJCK
[17:23:10] 🔄 Identity reset
[17:23:10] 🔄 Identity rotated (every 10 requests)
[17:23:11] [325/326] RCMO
[17:23:13] [326/326] GDAW
[17:23:13] 🧹 Deduping shows
[17:23:13] ✅ DONE | Shows=399 | Movies=23
