[17:17:25] 🚀 SCRIPT STARTED (enhanced anti‑detection)
[17:17:25] [1/326] BSAT
[17:17:25] 🧠 New identity created
[17:17:26] [2/326] RSSM
[17:17:27] [3/326] GCTA
[17:17:27] [4/326] TOPN
[17:17:28] [5/326] MCUS
[17:17:29] [6/326] SHRL
[17:17:30] [7/326] UPTP
[17:17:31] [8/326] TMMP
[17:17:32] [9/326] DNRP
[17:17:33] [10/326] SRLT
[17:17:33] 🔄 Identity reset
[17:17:34] 🔄 Identity rotated (every 10 requests)
[17:17:34] [11/326] RCNS
[17:17:35] [12/326] DCBH
[17:17:36] [13/326] NAGJ
[17:17:37] [14/326] JVRC
[17:17:38] [15/326] KRJG
[17:17:39] [16/326] SRTJ
[17:17:40] [17/326] CMXM
[17:17:41] [18/326] STMI
[17:17:42] [19/326] SLST
[17:17:42] [20/326] DTCN
[17:17:43] 🔄 Identity reset
[17:17:43] 🔄 Identity rotated (every 10 requests)
[17:17:44] [21/326] STYN
[17:17:45] [22/326] SZVR
[17:17:46] [23/326] SRKO
[17:17:47] [24/326] JTGT
[17:17:48] [25/326] SVFD
[17:17:49] [26/326] SISD
[17:17:50] [27/326] ABDD
[17:17:51] [28/326] DRCA
[17:17:52] [29/326] AVCS
[17:17:53] [30/326] MVKH
[17:17:54] 🔄 Identity reset
[17:17:54] 🔄 Identity rotated (every 10 requests)
[17:17:54] 🔄 Retry 1/5 for MVKH in 2.9s
[17:17:54] 🔄 Identity reset
[17:17:57] 🧠 New identity created
[17:17:57] 🔄 Retry 2/5 for MVKH in 4.3s
[17:17:57] 🔄 Identity reset
[17:18:01] 🧠 New identity created
[17:18:02] [31/326] ACPR
[17:18:03] [32/326] STIP
[17:18:04] [33/326] MTRA
[17:18:05] [34/326] RMKH
[17:18:06] [35/326] NKRL
[17:18:07] [36/326] PCWN
[17:18:08] [37/326] BLMT
[17:18:09] [38/326] GDPG
[17:18:10] 🔄 Identity reset
[17:18:10] 🔄 Identity rotated (every 10 requests)
[17:18:10] [39/326] SRMX
[17:18:11] [40/326] JACP
[17:18:12] [41/326] CPSH
[17:18:12] [42/326] MCCD
[17:18:13] [43/326] ECGH
[17:18:15] [44/326] MKCK
[17:18:16] [45/326] SRMM
[17:18:17] [46/326] SKYR
[17:18:18] [47/326] PCKC
[17:18:18] [48/326] JCMA
[17:18:19] 🔄 Identity reset
[17:18:19] 🔄 Identity rotated (every 10 requests)
[17:18:19] [49/326] BSMP
[17:18:21] [50/326] VSPA
[17:18:22] [51/326] DJYA
[17:18:23] [52/326] DIMP
[17:18:24] [53/326] FXDR
[17:18:25] [54/326] SSRC
[17:18:26] [55/326] STHP
[17:18:27] [56/326] CPPD
[17:18:28] [57/326] FCLK
[17:18:29] [58/326] SCPP
[17:18:29] 🔄 Identity reset
[17:18:30] 🔄 Identity rotated (every 10 requests)
[17:18:30] 🔄 Retry 1/5 for SCPP in 2.0s
[17:18:30] 🔄 Identity reset
[17:18:32] 🧠 New identity created
[17:18:32] [59/326] DCMJ
[17:18:33] [60/326] RCCR
[17:18:34] [61/326] INMT
[17:18:34] [62/326] LXTK
[17:18:35] [63/326] SRYK
[17:18:36] [64/326] SGDK
[17:18:37] [65/326] PPKA
[17:18:38] [66/326] SPKA
[17:18:39] [67/326] CGHH
[17:18:40] 🔄 Identity reset
[17:18:40] 🔄 Identity rotated (every 10 requests)
[17:18:40] [68/326] DCJN
[17:18:42] [69/326] SRKV
[17:18:43] [70/326] SAJC
[17:18:43] [71/326] SUSR
[17:18:44] [72/326] STYG
[17:18:45] [73/326] NTKP
[17:18:46] [74/326] AKTG
[17:18:47] [75/326] CGCM
[17:18:48] [76/326] TULC
[17:18:48] [77/326] NYYZ
[17:18:49] 🔄 Identity reset
[17:18:49] 🔄 Identity rotated (every 10 requests)
[17:18:49] [78/326] NYBW
[17:18:50] [79/326] MACB
[17:18:51] [80/326] SLVT
[17:18:52] [81/326] SANA
[17:18:53] [82/326] ACMR
[17:18:55] [83/326] CPKN
[17:18:55] [84/326] DLGK
[17:18:57] [85/326] CWCK
[17:18:58] [86/326] FDDH
[17:18:59] [87/326] MMMD
[17:18:59] 🔄 Identity reset
[17:18:59] 🔄 Identity rotated (every 10 requests)
[17:19:00] [88/326] CMEH
[17:19:00] [89/326] GGGV
[17:19:01] [90/326] SPJL
[17:19:02] [91/326] RCCD
[17:19:03] [92/326] STTZ
[17:19:04] [93/326] BTCF
[17:19:05] [94/326] TSTZ
[17:19:06] [95/326] IPMM
[17:19:07] [96/326] PMPW
[17:19:08] [97/326] PCMZ
[17:19:08] 🔄 Identity reset
[17:19:08] 🔄 Identity rotated (every 10 requests)
[17:19:09] [98/326] ESEM
[17:19:10] [99/326] PIPO
[17:19:10] [100/326] MATK
[17:19:11] [101/326] PGHM
[17:19:12] [102/326] CTSR
[17:19:13] [103/326] CYKR
[17:19:14] [104/326] MSCM
[17:19:15] [105/326] RFNP
[17:19:16] [106/326] PDCP
[17:19:17] [107/326] NPSE
[17:19:17] 🔄 Identity reset
[17:19:17] 🔄 Identity rotated (every 10 requests)
[17:19:17] [108/326] MKML
[17:19:18] [109/326] FTDP
[17:19:19] [110/326] MMXA
[17:19:20] [111/326] CEPO
[17:19:21] [112/326] CMVP
[17:19:22] [113/326] SGTH
[17:19:23] [114/326] SAYN
[17:19:24] [115/326] URVS
[17:19:25] [116/326] VJTN
[17:19:26] [117/326] BBYK
[17:19:27] 🔄 Identity reset
[17:19:27] 🔄 Identity rotated (every 10 requests)
[17:19:27] [118/326] SHBO
[17:19:28] [119/326] VCMR
[17:19:29] [120/326] MACT
[17:19:29] [121/326] JMNP
[17:19:31] [122/326] VICS
[17:19:32] [123/326] VCDA
[17:19:33] [124/326] GCMM
[17:19:34] [125/326] INVS
[17:19:35] [126/326] SCGM
[17:19:36] [127/326] PCDA
[17:19:37] 🔄 Identity reset
[17:19:37] 🔄 Identity rotated (every 10 requests)
[17:19:37] [128/326] KDCT
[17:19:38] [129/326] JACS
[17:19:39] [130/326] GMMC
[17:19:40] [131/326] AICM
[17:19:41] [132/326] TJCM
[17:19:42] [133/326] RMTI
[17:19:43] [134/326] SHAC
[17:19:44] [135/326] APJC
[17:19:45] [136/326] GCTG
[17:19:46] [137/326] SSMC
[17:19:47] 🔄 Identity reset
[17:19:47] 🔄 Identity rotated (every 10 requests)
[17:19:47] [138/326] THRM
[17:19:48] [139/326] RBCT
[17:19:50] [140/326] DIKT
[17:19:51] [141/326] MIDL
[17:19:52] [142/326] VCSN
[17:19:53] [143/326] SKTG
[17:19:54] [144/326] SMWC
[17:19:55] [145/326] MNKH
[17:19:55] [146/326] PIAT
[17:19:56] [147/326] LTTP
[17:19:57] 🔄 Identity reset
[17:19:57] 🔄 Identity rotated (every 10 requests)
[17:19:57] [148/326] PTPU
[17:19:58] [149/326] ACMG
[17:20:00] [150/326] SHMM
[17:20:00] [151/326] MCMN
[17:20:02] [152/326] GLDC
[17:20:02] [153/326] HOUT
[17:20:03] [154/326] SVRP
[17:20:05] [155/326] PVDN
[17:20:06] [156/326] SCPY
[17:20:07] [157/326] DTPY
[17:20:08] 🔄 Identity reset
[17:20:08] 🔄 Identity rotated (every 10 requests)
[17:20:08] [158/326] GKCS
[17:20:09] [159/326] NCAM
[17:20:10] [160/326] BSRM
[17:20:11] [161/326] RCLC
[17:20:12] [162/326] SKKD
[17:20:12] [163/326] ACHU
[17:20:13] [164/326] RSCF
[17:20:14] [165/326] IMSH
[17:20:15] [166/326] MACX
[17:20:16] [167/326] HMMW
[17:20:17] 🔄 Identity reset
[17:20:17] 🔄 Identity rotated (every 10 requests)
[17:20:17] [168/326] JTCP
[17:20:18] [169/326] SREN
[17:20:18] [170/326] PJRR
[17:20:19] [171/326] INAC
[17:20:20] [172/326] BMCA
[17:20:22] [173/326] SHCB
[17:20:23] [174/326] GABA
[17:20:25] [175/326] SBCT
[17:20:25] [176/326] GCMA
[17:20:26] [177/326] MYTK
[17:20:27] 🔄 Identity reset
[17:20:27] 🔄 Identity rotated (every 10 requests)
[17:20:27] [178/326] INZS
[17:20:28] [179/326] RMIK
[17:20:29] [180/326] NYCH
[17:20:30] [181/326] RAVE
[17:20:31] [182/326] PSXM
[17:20:32] [183/326] MCGP
[17:20:34] [184/326] PDDK
[17:20:35] [185/326] SPCK
[17:20:36] [186/326] MCRL
[17:20:37] [187/326] MHKT
[17:20:37] 🔄 Identity reset
[17:20:37] 🔄 Identity rotated (every 10 requests)
[17:20:38] [188/326] ANRR
[17:20:38] [189/326] SAPK
[17:20:40] [190/326] NCUK
[17:20:41] [191/326] JUGA
[17:20:42] [192/326] DBSC
[17:20:43] [193/326] LALK
[17:20:44] [194/326] GUCK
[17:20:45] [195/326] STSG
[17:20:46] [196/326] PPPZ
[17:20:47] [197/326] CNCY
[17:20:48] 🔄 Identity reset
[17:20:48] 🔄 Identity rotated (every 10 requests)
[17:20:48] [198/326] MTAR
[17:20:49] [199/326] VNKD
[17:20:50] [200/326] KMAJ
[17:20:51] [201/326] ACXK
[17:20:52] [202/326] UTKC
[17:20:53] [203/326] PBLK
[17:20:55] [204/326] ACBX
[17:20:56] [205/326] PTGM
[17:20:57] [206/326] BTDA
[17:20:58] [207/326] PJMB
[17:20:58] 🔄 Identity reset
[17:20:58] 🔄 Identity rotated (every 10 requests)
[17:20:59] [208/326] TPDA
[17:21:00] [209/326] AMOE
[17:21:01] [210/326] PRHT
[17:21:02] [211/326] PRTA
[17:21:02] [212/326] STAM
[17:21:03] [213/326] MSAA
[17:21:04] [214/326] SDLU
[17:21:05] [215/326] RCHH
[17:21:06] [216/326] KANT
[17:21:07] [217/326] FCRT
[17:21:08] 🔄 Identity reset
[17:21:08] 🔄 Identity rotated (every 10 requests)
[17:21:08] [218/326] DNKM
[17:21:10] [219/326] RYCP
[17:21:12] [220/326] MYRP
[17:21:13] [221/326] PPAK
[17:21:14] [222/326] NVPK
[17:21:14] [223/326] PRMC
[17:21:15] [224/326] JBCS
[17:21:16] [225/326] GXCK
[17:21:17] [226/326] USKO
[17:21:18] [227/326] GTEM
[17:21:19] 🔄 Identity reset
[17:21:19] 🔄 Identity rotated (every 10 requests)
[17:21:19] [228/326] SMBU
[17:21:20] [229/326] VETC
[17:21:21] [230/326] LCDA
[17:21:22] [231/326] MTVT
[17:21:23] [232/326] PYCP
[17:21:24] [233/326] PNSC
[17:21:25] [234/326] PPCC
[17:21:26] [235/326] TGRT
[17:21:26] [236/326] JYOT
[17:21:27] [237/326] SRCZ
[17:21:28] 🔄 Identity reset
[17:21:28] 🔄 Identity rotated (every 10 requests)
[17:21:29] [238/326] SJTE
[17:21:30] [239/326] DESC
[17:21:31] [240/326] JHVN
[17:21:32] [241/326] IPSG
[17:21:33] [242/326] IPCM
[17:21:34] [243/326] PDRS
[17:21:34] [244/326] ANCV
[17:21:35] [245/326] CMVV
[17:21:36] [246/326] SHYP
[17:21:37] [247/326] DNCS
[17:21:38] 🔄 Identity reset
[17:21:38] 🔄 Identity rotated (every 10 requests)
[17:21:38] 🔄 Retry 1/5 for DNCS in 2.8s
[17:21:38] 🔄 Identity reset
[17:21:41] 🧠 New identity created
[17:21:41] [248/326] GAJK
[17:21:42] [249/326] AKTN
[17:21:43] [250/326] KAYA
[17:21:44] [251/326] SBRC
[17:21:45] [252/326] CHTP
[17:21:46] [253/326] SHRT
[17:21:46] [254/326] BCKU
[17:21:47] [255/326] FCPS
[17:21:48] [256/326] ARDD
[17:21:49] 🔄 Identity reset
[17:21:49] 🔄 Identity rotated (every 10 requests)
[17:21:49] [257/326] CPCM
[17:21:50] [258/326] CGSM
[17:21:52] [259/326] PSMP
[17:21:53] [260/326] SDAL
[17:21:54] [261/326] RTNB
[17:21:55] [262/326] LMCR
[17:21:55] [263/326] CIMA
[17:21:56] [264/326] RNAS
[17:21:57] [265/326] LITH
[17:21:58] [266/326] PBOX
[17:21:59] 🔄 Identity reset
[17:21:59] 🔄 Identity rotated (every 10 requests)
[17:21:59] [267/326] FRTS
[17:22:00] [268/326] RKIC
[17:22:01] [269/326] PTAI
[17:22:02] [270/326] GCIC
[17:22:03] [271/326] FNAS
[17:22:04] [272/326] SCAR
[17:22:05] [273/326] MTCA
[17:22:07] [274/326] SCTS
[17:22:08] [275/326] SYCS
[17:22:09] [276/326] RDMS
[17:22:09] 🔄 Identity reset
[17:22:09] 🔄 Identity rotated (every 10 requests)
[17:22:10] [277/326] KAMP
[17:22:11] [278/326] ERSD
[17:22:12] [279/326] MJMJ
[17:22:12] [280/326] SRCJ
[17:22:13] [281/326] SCXE
[17:22:15] [282/326] SVFR
[17:22:17] [283/326] BHCS
[17:22:17] [284/326] IMCC
[17:22:18] [285/326] PCBO
[17:22:19] [286/326] PRVN
[17:22:20] 🔄 Identity reset
[17:22:20] 🔄 Identity rotated (every 10 requests)
[17:22:20] [287/326] AUPM
[17:22:21] [288/326] INBW
[17:22:22] [289/326] SVCW
[17:22:23] [290/326] RKCF
[17:22:24] [291/326] UVBH
[17:22:25] [292/326] DNCY
[17:22:26] [293/326] ABCN
[17:22:27] [294/326] PRUR
[17:22:27] [295/326] PFMR
[17:22:28] [296/326] RKCN
[17:22:29] 🔄 Identity reset
[17:22:29] 🔄 Identity rotated (every 10 requests)
[17:22:30] [297/326] CFEA
[17:22:31] [298/326] SDBG
[17:22:31] [299/326] SNAR
[17:22:32] [300/326] YISI
[17:22:33] [301/326] JCFF
[17:22:34] [302/326] VTRK
[17:22:35] [303/326] PCLZ
[17:22:36] [304/326] DIMY
[17:22:38] [305/326] BBTS
[17:22:38] [306/326] GATH
[17:22:39] 🔄 Identity reset
[17:22:39] 🔄 Identity rotated (every 10 requests)
[17:22:39] [307/326] GTMN
[17:22:40] [308/326] VTMH
[17:22:41] [309/326] CCKP
[17:22:42] [310/326] GPKA
[17:22:43] [311/326] MHCL
[17:22:44] [312/326] ATCL
[17:22:46] [313/326] SBCK
[17:22:47] [314/326] AMMR
[17:22:48] [315/326] MADC
[17:22:49] [316/326] TMMA
[17:22:49] 🔄 Identity reset
[17:22:50] 🔄 Identity rotated (every 10 requests)
[17:22:50] [317/326] CACC
[17:22:51] [318/326] CHAL
[17:22:52] [319/326] DURG
[17:22:53] [320/326] GMKU
[17:22:54] [321/326] GECA
[17:22:55] [322/326] KYRR
[17:22:57] [323/326] KSDE
[17:22:58] [324/326] LMCI
[17:23:00] [325/326] NKCP
[17:23:02] [326/326] BGTC
[17:23:02] 🔄 Identity reset
[17:23:02] 🔄 Identity rotated (every 10 requests)
[17:23:02] 🧹 Deduping shows
[17:23:02] ✅ DONE | Shows=465 | Movies=27
