[09:38:24] 🚀 SCRIPT STARTED (enhanced anti‑detection)
[09:38:24] [1/459] NECA
[09:38:24] 🧠 New identity created
[09:38:24] [2/459] BJLC
[09:38:26] [3/459] BASU
[09:38:27] [4/459] RUPI
[09:38:28] [5/459] LCBK
[09:38:30] [6/459] PMAC
[09:38:31] [7/459] AMLC
[09:38:32] [8/459] LICL
[09:38:34] [9/459] UDMM
[09:38:35] [10/459] STBZ
[09:38:36] 🔄 Identity reset
[09:38:36] 🔄 Identity rotated (every 10 requests)
[09:38:38] [11/459] UUBT
[09:38:39] [12/459] SJKC
[09:38:41] [13/459] TUAL
[09:38:42] [14/459] MRSE
[09:38:43] [15/459] RMRK
[09:38:44] [16/459] TTKP
[09:38:45] [17/459] KTKO
[09:38:47] [18/459] SDBK
[09:38:49] [19/459] MCPR
[09:38:50] [20/459] CHTI
[09:38:50] 🔄 Identity reset
[09:38:50] 🔄 Identity rotated (every 10 requests)
[09:38:51] [21/459] GCCP
[09:38:52] [22/459] SRMY
[09:38:53] [23/459] NYST
[09:38:55] [24/459] NYAG
[09:38:56] [25/459] SBMT
[09:38:57] [26/459] INGA
[09:38:58] [27/459] WSIC
[09:39:00] [28/459] SCSS
[09:39:01] [29/459] COPG
[09:39:02] [30/459] RCGR
[09:39:03] 🔄 Identity reset
[09:39:03] 🔄 Identity rotated (every 10 requests)
[09:39:03] [31/459] TCZA
[09:39:04] [32/459] CNLP
[09:39:06] [33/459] CLKN
[09:39:07] [34/459] LHDF
[09:39:09] [35/459] ELKC
[09:39:10] [36/459] VCEM
[09:39:11] [37/459] SSZA
[09:39:12] [38/459] KRMT
[09:39:13] [39/459] LCMV
[09:39:14] [40/459] AYCZ
[09:39:15] 🔄 Identity reset
[09:39:15] 🔄 Identity rotated (every 10 requests)
[09:39:16] [41/459] CUMS
[09:39:18] [42/459] BOCK
[09:39:19] [43/459] PNMR
[09:39:21] [44/459] PJCP
[09:39:22] [45/459] JDDD
[09:39:23] [46/459] STMS
[09:39:25] [47/459] FLMB
[09:39:27] [48/459] PKCM
[09:39:28] [49/459] SPPR
[09:39:30] [50/459] EYLH
[09:39:30] 🔄 Identity reset
[09:39:30] 🔄 Identity rotated (every 10 requests)
[09:39:31] [51/459] RJCC
[09:39:33] [52/459] MMPS
[09:39:34] [53/459] SHMX
[09:39:36] [54/459] CCNL
[09:39:37] [55/459] RCNV
[09:39:39] [56/459] MAAG
[09:39:41] [57/459] LXCM
[09:39:43] [58/459] RCNI
[09:39:44] [59/459] SNNI
[09:39:46] [60/459] LALC
[09:39:46] 🔄 Identity reset
[09:39:46] 🔄 Identity rotated (every 10 requests)
[09:39:47] [61/459] SOCN
[09:39:49] [62/459] JHTP
[09:39:51] [63/459] PITP
[09:39:52] [64/459] CCKW
[09:39:54] [65/459] MCMC
[09:39:55] [66/459] DEES
[09:39:56] [67/459] SABT
[09:39:58] [68/459] VSPP
[09:40:00] [69/459] ABCT
[09:40:01] [70/459] JVTB
[09:40:02] 🔄 Identity reset
[09:40:02] 🔄 Identity rotated (every 10 requests)
[09:40:03] [71/459] VCBD
[09:40:05] [72/459] RMGG
[09:40:06] [73/459] RNMH
[09:40:08] [74/459] SPGL
[09:40:08] [75/459] JTTR
[09:40:10] [76/459] SICS
[09:40:11] [77/459] SRMI
[09:40:12] [78/459] SSIJ
[09:40:13] [79/459] KFMT
[09:40:15] [80/459] VBIT
[09:40:16] 🔄 Identity reset
[09:40:16] 🔄 Identity rotated (every 10 requests)
[09:40:16] [81/459] JKCT
[09:40:18] [82/459] GCGP
[09:40:19] [83/459] GDCS
[09:40:21] [84/459] TRBA
[09:40:22] [85/459] QUST
[09:40:24] [86/459] VSHM
[09:40:26] [87/459] SDCP
[09:40:28] [88/459] SNVS
[09:40:32] [89/459] NYTO
[09:40:34] [90/459] URWC
[09:40:34] 🔄 Identity reset
[09:40:34] 🔄 Identity rotated (every 10 requests)
[09:40:35] [91/459] GTWH
[09:40:37] [92/459] PFCM
[09:40:38] [93/459] KRTA
[09:40:39] [94/459] AXMC
[09:40:41] [95/459] EVMC
[09:40:43] [96/459] HGSM
[09:40:44] [97/459] ACVM
[09:40:46] [98/459] PSKL
[09:40:47] [99/459] RDMP
[09:40:49] [100/459] RHGH
[09:40:49] 🔄 Identity reset
[09:40:49] 🔄 Identity rotated (every 10 requests)
[09:40:49] [101/459] OMCM
[09:40:50] [102/459] DCCP
[09:40:52] [103/459] MCPB
[09:40:54] [104/459] ALCI
[09:40:55] [105/459] BLMX
[09:40:57] [106/459] BTMV
[09:40:58] [107/459] FVPN
[09:40:59] [108/459] CMAR
[09:41:00] [109/459] CEIM
[09:41:02] [110/459] CMVA
[09:41:02] 🔄 Identity reset
[09:41:02] 🔄 Identity rotated (every 10 requests)
[09:41:03] [111/459] CPIV
[09:41:05] [112/459] CNPE
[09:41:06] [113/459] COLV
[09:41:07] [114/459] DNNV
[09:41:08] [115/459] HCAD
[09:41:10] [116/459] TAKA
[09:41:12] [117/459] INVD
[09:41:13] [118/459] IRMM
[09:41:15] [119/459] INSE
[09:41:16] [120/459] MRSW
[09:41:17] 🔄 Identity reset
[09:41:17] 🔄 Identity rotated (every 10 requests)
[09:41:18] [121/459] MCVD
[09:41:19] [122/459] MCSO
[09:41:21] [123/459] PEVM
[09:41:23] [124/459] PVNL
[09:41:25] [125/459] PTCV
[09:41:26] [126/459] PRTC
[09:41:28] [127/459] RCVA
[09:41:29] [128/459] MTBN
[09:41:31] [129/459] LUCP
[09:41:33] [130/459] FMPT
[09:41:33] 🔄 Identity reset
[09:41:33] 🔄 Identity rotated (every 10 requests)
[09:41:34] [131/459] JLSL
[09:41:36] [132/459] SBHA
[09:41:37] [133/459] SHRC
[09:41:39] [134/459] AVPS
[09:41:41] [135/459] STPM
[09:41:42] [136/459] ATRD
[09:41:42] [137/459] VTED
[09:41:43] [138/459] ACAI
[09:41:45] [139/459] SMAE
[09:41:47] [140/459] VMAT
[09:41:48] 🔄 Identity reset
[09:41:48] 🔄 Identity rotated (every 10 requests)
[09:41:49] [141/459] LKCT
[09:41:50] [142/459] JTVK
[09:41:52] [143/459] PRTY
[09:41:53] [144/459] GETT
[09:41:54] [145/459] ESAP
[09:41:56] [146/459] NCPM
[09:41:58] [147/459] PCPA
[09:42:00] [148/459] MMOM
[09:42:01] [149/459] PHUP
[09:42:02] [150/459] CCPI
[09:42:03] 🔄 Identity reset
[09:42:03] 🔄 Identity rotated (every 10 requests)
[09:42:04] [151/459] CNTD
[09:42:06] [152/459] NLJR
[09:42:07] [153/459] SRNG
[09:42:09] [154/459] MHAL
[09:42:11] [155/459] PNSM
[09:42:11] [156/459] DRMY
[09:42:13] [157/459] CCMU
[09:42:14] [158/459] SCMY
[09:42:15] [159/459] PVSY
[09:42:17] [160/459] SDLM
[09:42:17] 🔄 Identity reset
[09:42:17] 🔄 Identity rotated (every 10 requests)
[09:42:18] [161/459] ICCM
[09:42:20] [162/459] PYSU
[09:42:21] [163/459] GATM
[09:42:22] [164/459] WOTM
[09:42:24] [165/459] RKTS
[09:42:26] [166/459] PMTY
[09:42:27] [167/459] LYMS
[09:42:29] [168/459] TGCA
[09:42:30] [169/459] DSTA
[09:42:32] [170/459] CNGE
[09:42:33] 🔄 Identity reset
[09:42:33] 🔄 Identity rotated (every 10 requests)
[09:42:34] [171/459] VSTG
[09:42:35] [172/459] GTCK
[09:42:36] [173/459] TGNT
[09:42:37] [174/459] ASLC
[09:42:39] [175/459] SSST
[09:42:40] [176/459] KBTT
[09:42:42] [177/459] HKCP
[09:42:44] [178/459] SWLC
[09:42:45] [179/459] RTND
[09:42:46] [180/459] PKKT
[09:42:47] 🔄 Identity reset
[09:42:47] 🔄 Identity rotated (every 10 requests)
[09:42:48] [181/459] HSTK
[09:42:49] [182/459] SPTT
[09:42:50] [183/459] IMPM
[09:42:52] [184/459] SCMV
[09:42:53] [185/459] SPCT
[09:42:55] [186/459] JBCA
[09:42:56] [187/459] ATTR
[09:42:58] [188/459] SPMT
[09:42:59] [189/459] LCTM
[09:43:01] [190/459] SCVL
[09:43:02] 🔄 Identity reset
[09:43:02] 🔄 Identity rotated (every 10 requests)
[09:43:03] [191/459] SCVT
[09:43:04] [192/459] KRIC
[09:43:06] [193/459] CTMG
[09:43:07] [194/459] ACNC
[09:43:09] [195/459] DMCK
[09:43:09] [196/459] KMTV
[09:43:11] [197/459] PFCJ
[09:43:12] [198/459] VNMD
[09:43:14] [199/459] VPCZ
[09:43:15] [200/459] SRYR
[09:43:16] 🔄 Identity reset
[09:43:16] 🔄 Identity rotated (every 10 requests)
[09:43:17] [201/459] SYTR
[09:43:19] [202/459] GATR
[09:43:20] [203/459] URTR
[09:43:22] [204/459] MKSM
[09:43:23] [205/459] VSMH
[09:43:25] [206/459] SKRJ
[09:43:27] [207/459] SSJR
[09:43:28] [208/459] SVSM
[09:43:29] [209/459] RUCM
[09:43:31] [210/459] PRKN
[09:43:31] 🔄 Identity reset
[09:43:31] 🔄 Identity rotated (every 10 requests)
[09:43:32] [211/459] RROH
[09:43:33] [212/459] SCTN
[09:43:34] [213/459] RTDM
[09:43:35] [214/459] ASRM
[09:43:37] [215/459] SKMD
[09:43:39] [216/459] SUTD
[09:43:40] [217/459] SADM
[09:43:41] [218/459] WCNR
[09:43:42] [219/459] CNED
[09:43:43] [220/459] MPDB
[09:43:44] 🔄 Identity reset
[09:43:44] 🔄 Identity rotated (every 10 requests)
[09:43:45] [221/459] KTBH
[09:43:46] [222/459] IDRM
[09:43:48] [223/459] PJJT
[09:43:49] [224/459] PFCV
[09:43:51] [225/459] AACT
[09:43:53] [226/459] AAAD
[09:43:54] [227/459] ANES
[09:43:55] [228/459] MNCA
[09:43:57] [229/459] RMGU
[09:43:59] [230/459] DLCN
[09:43:59] 🔄 Identity reset
[09:43:59] 🔄 Identity rotated (every 10 requests)
[09:44:00] [231/459] LJWT
[09:44:02] [232/459] MCBG
[09:44:03] [233/459] MYBG
[09:44:05] [234/459] GCCA
[09:44:06] [235/459] GCGA
[09:44:08] [236/459] ECGN
[09:44:10] [237/459] PRAB
[09:44:11] [238/459] PNMP
[09:44:13] [239/459] GCPT
[09:44:14] [240/459] ROYN
[09:44:15] 🔄 Identity reset
[09:44:15] 🔄 Identity rotated (every 10 requests)
[09:44:16] [241/459] VATM
[09:44:18] [242/459] KSNT
[09:44:19] [243/459] ACTC
[09:44:20] [244/459] PLTD
[09:44:25] [245/459] SKMK
[09:44:27] [246/459] CMTT
[09:44:28] [247/459] SMXP
[09:44:30] [248/459] SCMX
[09:44:32] [249/459] ACXN
[09:44:33] [250/459] ASWT
[09:44:34] 🔄 Identity reset
[09:44:34] 🔄 Identity rotated (every 10 requests)
[09:44:34] [251/459] VVVL
[09:44:35] [252/459] NAGO
[09:44:37] [253/459] SNCN
[09:44:38] [254/459] MCKP
[09:44:40] [255/459] SAMO
[09:44:42] [256/459] JBTV
[09:44:44] [257/459] DCVV
[09:44:45] [258/459] KMSV
[09:44:46] [259/459] KDCN
[09:44:47] [260/459] CNCP
[09:44:48] 🔄 Identity reset
[09:44:48] 🔄 Identity rotated (every 10 requests)
[09:44:49] [261/459] HAMC
[09:44:51] [262/459] CCVZ
[09:44:51] [263/459] NCCK
[09:44:53] [264/459] MCHR
[09:44:55] [265/459] SCHT
[09:44:56] [266/459] ESSH
[09:44:58] [267/459] CUJC
[09:45:00] [268/459] PECP
[09:45:02] [269/459] PMMI
[09:45:03] [270/459] PCCH
[09:45:03] 🔄 Identity reset
[09:45:03] 🔄 Identity rotated (every 10 requests)
[09:45:04] [271/459] PRPM
[09:45:05] [272/459] PVKL
[09:45:07] [273/459] CBSM
[09:45:08] [274/459] PVCZ
[09:45:10] [275/459] PCVV
[09:45:11] [276/459] CTMJ
[09:45:12] [277/459] RCPS
[09:45:14] [278/459] PCIT
[09:45:16] [279/459] FNCH
[09:45:18] [280/459] INZD
[09:45:18] 🔄 Identity reset
[09:45:18] 🔄 Identity rotated (every 10 requests)
[09:45:19] [281/459] INPC
[09:45:21] [282/459] LCZP
[09:45:22] [283/459] SMCB
[09:45:24] [284/459] PTSB
[09:45:25] [285/459] TPSI
[09:45:26] [286/459] KHMJ
[09:45:28] [287/459] RCCJ
[09:45:29] [288/459] NCJA
[09:45:30] [289/459] NCJN
[09:45:31] [290/459] BTDP
[09:45:32] 🔄 Identity reset
[09:45:32] 🔄 Identity rotated (every 10 requests)
[09:45:33] [291/459] PADY
[09:45:34] [292/459] NYBH
[09:45:36] [293/459] MTBR
[09:45:37] [294/459] KRBC
[09:45:39] [295/459] DKTI
[09:45:40] [296/459] ANAN
[09:45:42] [297/459] INBP
[09:45:43] [298/459] PATB
[09:45:46] [299/459] RGNT
[09:45:47] [300/459] CGPM
[09:45:47] 🔄 Identity reset
[09:45:47] 🔄 Identity rotated (every 10 requests)
[09:45:48] [301/459] INTN
[09:45:50] [302/459] MCMP
[09:45:51] [303/459] ASRG
[09:45:54] [304/459] CXJD
[09:45:58] [305/459] SPCP
[09:45:59] [306/459] CSTP
[09:46:01] [307/459] PKVC
[09:46:02] [308/459] ESCP
[09:46:04] [309/459] CAEP
[09:46:07] [310/459] CCSP
[09:46:08] 🔄 Identity reset
[09:46:08] 🔄 Identity rotated (every 10 requests)
[09:46:09] [311/459] KTPC
[09:46:10] [312/459] DACA
[09:46:11] [313/459] NVKY
[09:46:13] [314/459] PTIN
[09:46:14] [315/459] SCIN
[09:46:16] [316/459] MCTY
[09:46:18] [317/459] PCMX
[09:46:19] [318/459] INIC
[09:46:21] [319/459] MMZM
[09:46:23] [320/459] SSLP
[09:46:23] 🔄 Identity reset
[09:46:23] 🔄 Identity rotated (every 10 requests)
[09:46:24] [321/459] DTDT
[09:46:26] [322/459] FFCX
[09:46:28] [323/459] RCMM
[09:46:30] [324/459] KYID
[09:46:30] [325/459] CSCI
[09:46:31] [326/459] FCMC
[09:46:33] [327/459] MMXI
[09:46:34] [328/459] ASTC
[09:46:36] [329/459] CMRA
[09:46:37] [330/459] DICI
[09:46:37] 🔄 Identity reset
[09:46:37] 🔄 Identity rotated (every 10 requests)
[09:46:38] [331/459] KDIN
[09:46:39] [332/459] PRFI
[09:46:41] [333/459] SVFC
[09:46:43] [334/459] UCPL
[09:46:44] [335/459] COOC
[09:46:45] [336/459] SCAL
[09:46:46] [337/459] SVFF
[09:46:48] [338/459] VCMG
[09:46:49] [339/459] UUCT
[09:46:51] [340/459] GCSE
[09:46:52] 🔄 Identity reset
[09:46:52] 🔄 Identity rotated (every 10 requests)
[09:46:53] [341/459] SUSC
[09:46:54] [342/459] MISC
[09:46:56] [343/459] RMBL
[09:46:57] [344/459] CMXN
[09:46:59] [345/459] PVBK
[09:47:01] [346/459] HHCG
[09:47:02] [347/459] SCAG
[09:47:03] [348/459] CNPR
[09:47:05] [349/459] CSER
[09:47:06] [350/459] HLWD
[09:47:07] 🔄 Identity reset
[09:47:07] 🔄 Identity rotated (every 10 requests)
[09:47:09] [351/459] BOLY
[09:47:10] [352/459] SSPG
[09:47:12] [353/459] MUPX
[09:47:13] [354/459] HAMR
[09:47:15] [355/459] SDNC
[09:47:16] [356/459] RTEN
[09:47:18] [357/459] SDTD
[09:47:19] [358/459] KAWS
[09:47:21] [359/459] CMZX
[09:47:23] [360/459] DCDD
[09:47:23] 🔄 Identity reset
[09:47:23] 🔄 Identity rotated (every 10 requests)
[09:47:24] [361/459] ALSN
[09:47:26] [362/459] IMXS
[09:47:27] [363/459] PVFF
[09:47:28] [364/459] PVOO
[09:47:30] [365/459] CFBS
[09:47:31] [366/459] PVER
[09:47:32] [367/459] PPNX
[09:47:33] [368/459] CNRM
[09:47:34] [369/459] PVWW
[09:47:36] [370/459] INMB
[09:47:36] 🔄 Identity reset
[09:47:36] 🔄 Identity rotated (every 10 requests)
[09:47:36] [371/459] CPJR
[09:47:37] [372/459] INRZ
[09:47:40] [373/459] PMSR
[09:47:41] [374/459] GPGM
[09:47:43] [375/459] PGWB
[09:47:44] [376/459] PMBR
[09:47:46] [377/459] GPAM
[09:47:47] [378/459] INBC
[09:47:49] [379/459] PZVK
[09:47:51] [380/459] CPEB
[09:47:51] 🔄 Identity reset
[09:47:51] 🔄 Identity rotated (every 10 requests)
[09:47:52] [381/459] FMLB
[09:47:53] [382/459] INBG
[09:47:55] [383/459] GPBR
[09:47:57] [384/459] PAAS
[09:47:58] [385/459] VTBR
[09:47:59] [386/459] GPMY
[09:48:01] [387/459] GYBU
[09:48:02] [388/459] INBJ
[09:48:04] [389/459] LKTH
[09:48:05] [390/459] NSBR
[09:48:06] 🔄 Identity reset
[09:48:06] 🔄 Identity rotated (every 10 requests)
[09:48:07] [391/459] PDRD
[09:48:08] [392/459] VRBL
[09:48:10] [393/459] VTGB
[09:48:11] [394/459] VTSK
[09:48:13] [395/459] BKDV
[09:48:14] [396/459] SVTB
[09:48:15] [397/459] MLDT
[09:48:16] [398/459] NRBL
[09:48:17] [399/459] SLTR
[09:48:18] [400/459] VNKA
[09:48:19] 🔄 Identity reset
[09:48:19] 🔄 Identity rotated (every 10 requests)
[09:48:20] [401/459] TDCA
[09:48:22] [402/459] INBM
[09:48:23] [403/459] SSNR
[09:48:25] [404/459] BHAC
[09:48:26] [405/459] SDSD
[09:48:27] [406/459] SAMP
[09:48:29] [407/459] RATK
[09:48:30] [408/459] KCBI
[09:48:31] [409/459] URBL
[09:48:33] [410/459] MKBG
[09:48:33] 🔄 Identity reset
[09:48:33] 🔄 Identity rotated (every 10 requests)
[09:48:34] [411/459] ASTB
[09:48:36] [412/459] VBWT
[09:48:38] [413/459] GPSM
[09:48:39] [414/459] ROON
[09:48:40] [415/459] CHTH
[09:48:41] [416/459] SSPA
[09:48:43] [417/459] ANBL
[09:48:45] [418/459] VTBE
[09:48:46] [419/459] SVKT
[09:48:47] [420/459] SVYK
[09:48:48] 🔄 Identity reset
[09:48:48] 🔄 Identity rotated (every 10 requests)
[09:48:49] [421/459] PTBK
[09:48:53] [422/459] RKTB
[09:48:54] [423/459] BALT
[09:48:56] [424/459] STSV
[09:48:57] [425/459] VCCB
[09:48:59] [426/459] SLTB
[09:49:00] [427/459] SBCR
[09:49:02] [428/459] VDCS
[09:49:04] [429/459] MDKI
[09:49:05] [430/459] SMRN
[09:49:06] 🔄 Identity reset
[09:49:06] 🔄 Identity rotated (every 10 requests)
[09:49:06] [431/459] PTBC
[09:49:08] [432/459] RADI
[09:49:10] [433/459] ADCR
[09:49:11] [434/459] SDCS
[09:49:12] [435/459] SRPJ
[09:49:25] 🔄 Retry 1/5 for SRPJ in 2.0s
[09:49:25] 🔄 Identity reset
[09:49:27] 🧠 New identity created
[09:49:34] [436/459] ARTS
[09:49:35] [437/459] SRHK
[09:49:36] [438/459] SPAY
[09:49:38] [439/459] GPTB
[09:49:39] 🔄 Identity reset
[09:49:39] 🔄 Identity rotated (every 10 requests)
[09:49:43] [440/459] SNNN
[09:49:45] [441/459] BALJ
[09:49:46] [442/459] TRIG
[09:49:48] [443/459] GTYT
[09:49:50] [444/459] ATGN
[09:49:51] [445/459] ANTE
[09:49:52] [446/459] BDCG
[09:49:54] [447/459] VECI
[09:49:55] [448/459] SCPR
[09:49:57] [449/459] RTEA
[09:49:57] 🔄 Identity reset
[09:49:57] 🔄 Identity rotated (every 10 requests)
[09:49:59] [450/459] JSAI
[09:50:01] [451/459] VJTP
[09:50:02] [452/459] GNDS
[09:50:03] [453/459] PAXA
[09:50:05] [454/459] CGGM
[09:50:06] [455/459] ACKZ
[09:50:08] [456/459] EMCC
[09:50:10] [457/459] KLSK
[09:50:12] [458/459] AVCK
[09:50:13] [459/459] JTCK
[09:50:14] 🔄 Identity reset
[09:50:14] 🔄 Identity rotated (every 10 requests)
[09:50:15] 🧹 Deduping shows
[09:50:15] ✅ DONE | Shows=487 | Movies=38
[16:33:30] 🚀 SCRIPT STARTED (enhanced anti‑detection)
[16:33:30] [1/459] NECA
[16:33:31] 🧠 New identity created
[16:33:31] [2/459] BJLC
[16:33:32] [3/459] BASU
[16:33:33] [4/459] RUPI
[16:33:34] [5/459] LCBK
[16:33:35] [6/459] PMAC
[16:33:37] [7/459] AMLC
[16:33:38] [8/459] LICL
[16:33:39] [9/459] UDMM
[16:33:40] [10/459] STBZ
[16:33:40] 🔄 Identity reset
[16:33:40] 🔄 Identity rotated (every 10 requests)
[16:33:40] [11/459] UUBT
[16:33:42] [12/459] SJKC
[16:33:43] [13/459] TUAL
[16:33:44] [14/459] MRSE
[16:33:45] [15/459] RMRK
[16:33:46] [16/459] TTKP
[16:33:46] [17/459] KTKO
[16:33:47] [18/459] SDBK
[16:33:48] [19/459] MCPR
[16:33:49] [20/459] CHTI
[16:33:50] 🔄 Identity reset
[16:33:50] 🔄 Identity rotated (every 10 requests)
[16:33:50] [21/459] GCCP
[16:33:52] [22/459] SRMY
[16:33:53] [23/459] NYST
[16:33:54] [24/459] NYAG
[16:33:55] [25/459] SBMT
[16:33:55] [26/459] INGA
[16:33:56] [27/459] WSIC
[16:33:57] [28/459] SCSS
[16:33:58] [29/459] COPG
[16:33:59] [30/459] RCGR
[16:33:59] 🔄 Identity reset
[16:33:59] 🔄 Identity rotated (every 10 requests)
[16:34:00] [31/459] TCZA
[16:34:01] [32/459] CNLP
[16:34:02] [33/459] CLKN
[16:34:03] [34/459] LHDF
[16:34:04] [35/459] ELKC
[16:34:04] [36/459] VCEM
[16:34:05] [37/459] SSZA
[16:34:06] [38/459] KRMT
[16:34:08] [39/459] LCMV
[16:34:09] [40/459] AYCZ
[16:34:10] 🔄 Identity reset
[16:34:10] 🔄 Identity rotated (every 10 requests)
[16:34:10] [41/459] CUMS
[16:34:12] [42/459] BOCK
[16:34:13] [43/459] PNMR
[16:34:14] [44/459] PJCP
[16:34:14] [45/459] JDDD
[16:34:15] [46/459] STMS
[16:34:16] [47/459] FLMB
[16:34:17] [48/459] PKCM
[16:34:19] [49/459] SPPR
[16:34:20] [50/459] EYLH
[16:34:20] 🔄 Identity reset
[16:34:20] 🔄 Identity rotated (every 10 requests)
[16:34:20] [51/459] RJCC
[16:34:21] [52/459] MMPS
[16:34:22] [53/459] SHMX
[16:34:23] [54/459] CCNL
[16:34:24] [55/459] RCNV
[16:34:25] [56/459] MAAG
[16:34:27] [57/459] LXCM
[16:34:28] [58/459] RCNI
[16:34:28] [59/459] SNNI
[16:34:29] [60/459] LALC
[16:34:30] 🔄 Identity reset
[16:34:30] 🔄 Identity rotated (every 10 requests)
[16:34:30] [61/459] SOCN
[16:34:31] [62/459] JHTP
[16:34:33] [63/459] PITP
[16:34:34] [64/459] CCKW
[16:34:35] [65/459] MCMC
[16:34:36] [66/459] DEES
[16:34:37] [67/459] SABT
[16:34:37] [68/459] VSPP
[16:34:38] [69/459] ABCT
[16:34:40] [70/459] JVTB
[16:34:41] 🔄 Identity reset
[16:34:41] 🔄 Identity rotated (every 10 requests)
[16:34:41] [71/459] VCBD
[16:34:42] [72/459] RMGG
[16:34:43] [73/459] RNMH
[16:34:44] [74/459] SPGL
[16:34:44] [75/459] JTTR
[16:34:45] [76/459] SICS
[16:34:47] [77/459] SRMI
[16:34:48] [78/459] SSIJ
[16:34:49] [79/459] KFMT
[16:34:51] [80/459] VBIT
[16:34:51] 🔄 Identity reset
[16:34:51] 🔄 Identity rotated (every 10 requests)
[16:34:51] [81/459] JKCT
[16:34:52] [82/459] GCGP
[16:34:53] [83/459] GDCS
[16:34:54] [84/459] TRBA
[16:34:55] [85/459] QUST
[16:34:56] [86/459] VSHM
[16:34:57] [87/459] SDCP
[16:34:58] [88/459] SNVS
[16:34:59] [89/459] NYTO
[16:35:00] [90/459] URWC
[16:35:01] 🔄 Identity reset
[16:35:01] 🔄 Identity rotated (every 10 requests)
[16:35:01] [91/459] GTWH
[16:35:03] [92/459] PFCM
[16:35:04] [93/459] KRTA
[16:35:04] [94/459] AXMC
[16:35:05] [95/459] EVMC
[16:35:07] [96/459] HGSM
[16:35:08] [97/459] ACVM
[16:35:09] [98/459] PSKL
[16:35:10] [99/459] RDMP
[16:35:12] [100/459] RHGH
[16:35:13] 🔄 Identity reset
[16:35:13] 🔄 Identity rotated (every 10 requests)
[16:35:13] [101/459] OMCM
[16:35:14] [102/459] DCCP
[16:35:15] [103/459] MCPB
[16:35:16] [104/459] ALCI
[16:35:18] [105/459] BLMX
[16:35:19] [106/459] BTMV
[16:35:20] [107/459] FVPN
[16:35:21] [108/459] CMAR
[16:35:22] [109/459] CEIM
[16:35:23] [110/459] CMVA
[16:35:24] 🔄 Identity reset
[16:35:24] 🔄 Identity rotated (every 10 requests)
[16:35:25] [111/459] CPIV
[16:35:26] [112/459] CNPE
[16:35:27] [113/459] COLV
[16:35:28] [114/459] DNNV
[16:35:29] [115/459] HCAD
[16:35:29] [116/459] TAKA
[16:35:30] [117/459] INVD
[16:35:31] [118/459] IRMM
[16:35:32] [119/459] INSE
[16:35:33] [120/459] MRSW
[16:35:34] 🔄 Identity reset
[16:35:34] 🔄 Identity rotated (every 10 requests)
[16:35:34] [121/459] MCVD
[16:35:35] [122/459] MCSO
[16:35:36] [123/459] PEVM
[16:35:37] [124/459] PVNL
[16:35:38] [125/459] PTCV
[16:35:40] [126/459] PRTC
[16:35:40] [127/459] RCVA
[16:35:41] [128/459] MTBN
[16:35:42] [129/459] LUCP
[16:35:43] [130/459] FMPT
[16:35:43] 🔄 Identity reset
[16:35:43] 🔄 Identity rotated (every 10 requests)
[16:35:45] [131/459] JLSL
[16:35:45] [132/459] SBHA
[16:35:46] [133/459] SHRC
[16:35:47] [134/459] AVPS
[16:35:48] [135/459] STPM
[16:35:49] [136/459] ATRD
[16:35:50] [137/459] VTED
[16:35:50] [138/459] ACAI
[16:35:51] [139/459] SMAE
[16:35:52] [140/459] VMAT
[16:35:53] 🔄 Identity reset
[16:35:53] 🔄 Identity rotated (every 10 requests)
[16:35:53] [141/459] LKCT
[16:35:55] [142/459] JTVK
[16:35:56] [143/459] PRTY
[16:35:57] [144/459] GETT
[16:35:58] [145/459] ESAP
[16:35:58] [146/459] NCPM
[16:35:59] [147/459] PCPA
[16:36:00] [148/459] MMOM
[16:36:01] [149/459] PHUP
[16:36:02] [150/459] CCPI
[16:36:02] 🔄 Identity reset
[16:36:03] 🔄 Identity rotated (every 10 requests)
[16:36:03] [151/459] CNTD
[16:36:04] [152/459] NLJR
[16:36:05] [153/459] SRNG
[16:36:06] [154/459] MHAL
[16:36:07] [155/459] PNSM
[16:36:08] [156/459] DRMY
[16:36:10] [157/459] CCMU
[16:36:11] [158/459] SCMY
[16:36:12] [159/459] PVSY
[16:36:13] [160/459] SDLM
[16:36:14] 🔄 Identity reset
[16:36:14] 🔄 Identity rotated (every 10 requests)
[16:36:14] [161/459] ICCM
[16:36:15] [162/459] PYSU
[16:36:16] [163/459] GATM
[16:36:17] [164/459] WOTM
[16:36:17] [165/459] RKTS
[16:36:18] [166/459] PMTY
[16:36:19] [167/459] LYMS
[16:36:20] [168/459] TGCA
[16:36:21] [169/459] DSTA
[16:36:22] [170/459] CNGE
[16:36:23] 🔄 Identity reset
[16:36:23] 🔄 Identity rotated (every 10 requests)
[16:36:23] 🔄 Retry 1/5 for CNGE in 2.8s
[16:36:23] 🔄 Identity reset
[16:36:26] 🧠 New identity created
[16:36:26] [171/459] VSTG
[16:36:27] [172/459] GTCK
[16:36:27] [173/459] TGNT
[16:36:28] [174/459] ASLC
[16:36:29] [175/459] SSST
[16:36:30] [176/459] KBTT
[16:36:31] [177/459] HKCP
[16:36:32] [178/459] SWLC
[16:36:34] [179/459] RTND
[16:36:35] 🔄 Identity reset
[16:36:35] 🔄 Identity rotated (every 10 requests)
[16:36:35] [180/459] PKKT
[16:36:36] [181/459] HSTK
[16:36:37] [182/459] SPTT
[16:36:37] [183/459] IMPM
[16:36:38] [184/459] SCMV
[16:36:39] [185/459] SPCT
[16:36:40] [186/459] JBCA
[16:36:42] [187/459] ATTR
[16:36:43] [188/459] SPMT
[16:36:44] [189/459] LCTM
[16:36:45] 🔄 Identity reset
[16:36:45] 🔄 Identity rotated (every 10 requests)
[16:36:45] [190/459] SCVL
[16:36:46] [191/459] SCVT
[16:36:47] [192/459] KRIC
[16:36:48] [193/459] CTMG
[16:36:49] [194/459] ACNC
[16:36:50] [195/459] DMCK
[16:36:50] [196/459] KMTV
[16:36:51] [197/459] PFCJ
[16:36:52] [198/459] VNMD
[16:36:53] [199/459] VPCZ
[16:36:54] 🔄 Identity reset
[16:36:54] 🔄 Identity rotated (every 10 requests)
[16:36:55] [200/459] SRYR
[16:36:56] [201/459] SYTR
[16:36:57] [202/459] GATR
[16:36:58] [203/459] URTR
[16:37:00] [204/459] MKSM
[16:37:00] [205/459] VSMH
[16:37:01] [206/459] SKRJ
[16:37:02] [207/459] SSJR
[16:37:03] [208/459] SVSM
[16:37:04] [209/459] RUCM
[16:37:05] 🔄 Identity reset
[16:37:05] 🔄 Identity rotated (every 10 requests)
[16:37:05] [210/459] PRKN
[16:37:07] [211/459] RROH
[16:37:08] [212/459] SCTN
[16:37:09] [213/459] RTDM
[16:37:10] [214/459] ASRM
[16:37:10] [215/459] SKMD
[16:37:11] [216/459] SUTD
[16:37:12] [217/459] SADM
[16:37:13] [218/459] WCNR
[16:37:14] [219/459] CNED
[16:37:15] 🔄 Identity reset
[16:37:15] 🔄 Identity rotated (every 10 requests)
[16:37:15] [220/459] MPDB
[16:37:17] [221/459] KTBH
[16:37:18] [222/459] IDRM
[16:37:18] [223/459] PJJT
[16:37:19] [224/459] PFCV
[16:37:20] [225/459] AACT
[16:37:21] [226/459] AAAD
[16:37:22] [227/459] ANES
[16:37:23] [228/459] MNCA
[16:37:24] [229/459] RMGU
[16:37:24] 🔄 Identity reset
[16:37:24] 🔄 Identity rotated (every 10 requests)
[16:37:24] 🔄 Retry 1/5 for RMGU in 2.9s
[16:37:24] 🔄 Identity reset
[16:37:27] 🧠 New identity created
[16:37:28] [230/459] DLCN
[16:37:29] [231/459] LJWT
[16:37:30] [232/459] MCBG
[16:37:31] [233/459] MYBG
[16:37:33] [234/459] GCCA
[16:37:33] [235/459] GCGA
[16:37:35] [236/459] ECGN
[16:37:36] [237/459] PRAB
[16:37:37] [238/459] PNMP
[16:37:37] 🔄 Identity reset
[16:37:37] 🔄 Identity rotated (every 10 requests)
[16:37:38] [239/459] GCPT
[16:37:39] [240/459] ROYN
[16:37:39] [241/459] VATM
[16:37:40] [242/459] KSNT
[16:37:41] [243/459] ACTC
[16:37:42] [244/459] PLTD
[16:37:44] [245/459] SKMK
[16:37:45] [246/459] CMTT
[16:37:45] [247/459] SMXP
[16:37:46] [248/459] SCMX
[16:37:47] 🔄 Identity reset
[16:37:47] 🔄 Identity rotated (every 10 requests)
[16:37:47] [249/459] ACXN
[16:37:48] [250/459] ASWT
[16:37:49] [251/459] VVVL
[16:37:50] [252/459] NAGO
[16:37:51] [253/459] SNCN
[16:37:52] [254/459] MCKP
[16:37:53] [255/459] SAMO
[16:37:55] [256/459] JBTV
[16:37:56] [257/459] DCVV
[16:37:57] [258/459] KMSV
[16:37:58] 🔄 Identity reset
[16:37:58] 🔄 Identity rotated (every 10 requests)
[16:37:58] [259/459] KDCN
[16:37:59] [260/459] CNCP
[16:38:00] [261/459] HAMC
[16:38:00] [262/459] CCVZ
[16:38:01] [263/459] NCCK
[16:38:02] [264/459] MCHR
[16:38:03] [265/459] SCHT
[16:38:04] [266/459] ESSH
[16:38:05] [267/459] CUJC
[16:38:06] [268/459] PECP
[16:38:06] 🔄 Identity reset
[16:38:06] 🔄 Identity rotated (every 10 requests)
[16:38:07] [269/459] PMMI
[16:38:08] [270/459] PCCH
[16:38:08] [271/459] PRPM
[16:38:10] [272/459] PVKL
[16:38:11] [273/459] CBSM
[16:38:12] [274/459] PVCZ
[16:38:13] [275/459] PCVV
[16:38:13] [276/459] CTMJ
[16:38:14] [277/459] RCPS
[16:38:15] [278/459] PCIT
[16:38:16] 🔄 Identity reset
[16:38:16] 🔄 Identity rotated (every 10 requests)
[16:38:16] [279/459] FNCH
[16:38:17] [280/459] INZD
[16:38:18] [281/459] INPC
[16:38:19] [282/459] LCZP
[16:38:20] [283/459] SMCB
[16:38:21] [284/459] PTSB
[16:38:22] [285/459] TPSI
[16:38:23] [286/459] KHMJ
[16:38:24] [287/459] RCCJ
[16:38:25] [288/459] NCJA
[16:38:25] 🔄 Identity reset
[16:38:25] 🔄 Identity rotated (every 10 requests)
[16:38:26] [289/459] NCJN
[16:38:26] [290/459] BTDP
[16:38:27] [291/459] PADY
[16:38:29] [292/459] NYBH
[16:38:31] [293/459] MTBR
[16:38:32] [294/459] KRBC
[16:38:32] [295/459] DKTI
[16:38:33] [296/459] ANAN
[16:38:34] [297/459] INBP
[16:38:35] [298/459] PATB
[16:38:36] 🔄 Identity reset
[16:38:36] 🔄 Identity rotated (every 10 requests)
[16:38:37] [299/459] RGNT
[16:38:38] [300/459] CGPM
[16:38:38] [301/459] INTN
[16:38:40] [302/459] MCMP
[16:38:41] [303/459] ASRG
[16:38:42] [304/459] CXJD
[16:38:43] [305/459] SPCP
[16:38:44] [306/459] CSTP
[16:38:45] [307/459] PKVC
[16:38:46] [308/459] ESCP
[16:38:47] 🔄 Identity reset
[16:38:47] 🔄 Identity rotated (every 10 requests)
[16:38:48] [309/459] CAEP
[16:38:49] [310/459] CCSP
[16:38:50] [311/459] KTPC
[16:38:51] [312/459] DACA
[16:38:52] [313/459] NVKY
[16:38:53] [314/459] PTIN
[16:38:54] [315/459] SCIN
[16:38:55] [316/459] MCTY
[16:38:56] [317/459] PCMX
[16:38:58] [318/459] INIC
[16:38:58] 🔄 Identity reset
[16:38:59] 🔄 Identity rotated (every 10 requests)
[16:38:59] [319/459] MMZM
[16:39:00] [320/459] SSLP
[16:39:01] [321/459] DTDT
[16:39:02] [322/459] FFCX
[16:39:03] [323/459] RCMM
[16:39:03] [324/459] KYID
[16:39:04] [325/459] CSCI
[16:39:05] [326/459] FCMC
[16:39:06] [327/459] MMXI
[16:39:07] [328/459] ASTC
[16:39:08] 🔄 Identity reset
[16:39:08] 🔄 Identity rotated (every 10 requests)
[16:39:08] [329/459] CMRA
[16:39:09] [330/459] DICI
[16:39:10] [331/459] KDIN
[16:39:10] [332/459] PRFI
[16:39:11] [333/459] SVFC
[16:39:12] [334/459] UCPL
[16:39:13] [335/459] COOC
[16:39:15] [336/459] SCAL
[16:39:16] [337/459] SVFF
[16:39:17] [338/459] VCMG
[16:39:17] 🔄 Identity reset
[16:39:17] 🔄 Identity rotated (every 10 requests)
[16:39:18] [339/459] UUCT
[16:39:18] [340/459] GCSE
[16:39:19] [341/459] SUSC
[16:39:20] [342/459] MISC
[16:39:21] [343/459] RMBL
[16:39:23] [344/459] CMXN
[16:39:24] [345/459] PVBK
[16:39:25] [346/459] HHCG
[16:39:25] [347/459] SCAG
[16:39:26] [348/459] CNPR
[16:39:27] 🔄 Identity reset
[16:39:27] 🔄 Identity rotated (every 10 requests)
[16:39:27] [349/459] CSER
[16:39:28] [350/459] HLWD
[16:39:29] [351/459] BOLY
[16:39:30] [352/459] SSPG
[16:39:31] [353/459] MUPX
[16:39:33] [354/459] HAMR
[16:39:33] [355/459] SDNC
[16:39:34] [356/459] RTEN
[16:39:35] [357/459] SDTD
[16:39:36] [358/459] KAWS
[16:39:37] 🔄 Identity reset
[16:39:37] 🔄 Identity rotated (every 10 requests)
[16:39:37] [359/459] CMZX
[16:39:38] [360/459] DCDD
[16:39:39] [361/459] ALSN
[16:39:40] [362/459] IMXS
[16:39:40] [363/459] PVFF
[16:39:41] [364/459] PVOO
[16:39:42] [365/459] CFBS
[16:39:43] [366/459] PVER
[16:39:44] [367/459] PPNX
[16:39:45] [368/459] CNRM
[16:39:45] 🔄 Identity reset
[16:39:45] 🔄 Identity rotated (every 10 requests)
[16:39:46] [369/459] PVWW
[16:39:47] [370/459] INMB
[16:39:48] [371/459] CPJR
[16:39:49] [372/459] INRZ
[16:39:49] [373/459] PMSR
[16:39:50] [374/459] GPGM
[16:39:51] [375/459] PGWB
[16:39:52] [376/459] PMBR
[16:39:53] [377/459] GPAM
[16:39:54] [378/459] INBC
[16:39:55] 🔄 Identity reset
[16:39:55] 🔄 Identity rotated (every 10 requests)
[16:39:55] [379/459] PZVK
[16:39:57] [380/459] CPEB
[16:39:58] [381/459] FMLB
[16:39:58] [382/459] INBG
[16:39:59] [383/459] GPBR
[16:40:00] [384/459] PAAS
[16:40:02] [385/459] VTBR
[16:40:03] [386/459] GPMY
[16:40:05] [387/459] GYBU
[16:40:06] [388/459] INBJ
[16:40:07] 🔄 Identity reset
[16:40:07] 🔄 Identity rotated (every 10 requests)
[16:40:07] [389/459] LKTH
[16:40:08] [390/459] NSBR
[16:40:09] [391/459] PDRD
[16:40:10] [392/459] VRBL
[16:40:11] [393/459] VTGB
[16:40:12] [394/459] VTSK
[16:40:13] [395/459] BKDV
[16:40:13] [396/459] SVTB
[16:40:14] [397/459] MLDT
[16:40:16] [398/459] NRBL
[16:40:17] 🔄 Identity reset
[16:40:17] 🔄 Identity rotated (every 10 requests)
[16:40:17] [399/459] SLTR
[16:40:19] [400/459] VNKA
[16:40:19] [401/459] TDCA
[16:40:20] [402/459] INBM
[16:40:21] [403/459] SSNR
[16:40:22] [404/459] BHAC
[16:40:23] [405/459] SDSD
[16:40:25] [406/459] SAMP
[16:40:26] [407/459] RATK
[16:40:26] [408/459] KCBI
[16:40:27] 🔄 Identity reset
[16:40:27] 🔄 Identity rotated (every 10 requests)
[16:40:28] [409/459] URBL
[16:40:29] [410/459] MKBG
[16:40:30] [411/459] ASTB
[16:40:30] [412/459] VBWT
[16:40:31] [413/459] GPSM
[16:40:32] [414/459] ROON
[16:40:33] [415/459] CHTH
[16:40:35] [416/459] SSPA
[16:40:36] [417/459] ANBL
[16:40:37] [418/459] VTBE
[16:40:37] 🔄 Identity reset
[16:40:37] 🔄 Identity rotated (every 10 requests)
[16:40:38] [419/459] SVKT
[16:40:39] [420/459] SVYK
[16:40:40] [421/459] PTBK
[16:40:41] [422/459] RKTB
[16:40:42] [423/459] BALT
[16:40:43] [424/459] STSV
[16:40:44] [425/459] VCCB
[16:40:45] [426/459] SLTB
[16:40:47] [427/459] SBCR
[16:40:47] [428/459] VDCS
[16:40:48] 🔄 Identity reset
[16:40:48] 🔄 Identity rotated (every 10 requests)
[16:40:49] [429/459] MDKI
[16:40:50] [430/459] SMRN
[16:40:51] [431/459] PTBC
[16:40:52] [432/459] RADI
[16:40:53] [433/459] ADCR
[16:40:54] [434/459] SDCS
[16:40:55] [435/459] SRPJ
[16:40:56] [436/459] ARTS
[16:40:57] [437/459] SRHK
[16:40:57] [438/459] SPAY
[16:40:58] 🔄 Identity reset
[16:40:58] 🔄 Identity rotated (every 10 requests)
[16:40:58] [439/459] GPTB
[16:40:59] [440/459] SNNN
[16:41:00] [441/459] BALJ
[16:41:02] [442/459] TRIG
[16:41:02] [443/459] GTYT
[16:41:03] [444/459] ATGN
[16:41:04] [445/459] ANTE
[16:41:05] [446/459] BDCG
[16:41:06] [447/459] VECI
[16:41:07] [448/459] SCPR
[16:41:07] 🔄 Identity reset
[16:41:08] 🔄 Identity rotated (every 10 requests)
[16:41:08] [449/459] RTEA
[16:41:10] [450/459] JSAI
[16:41:11] [451/459] VJTP
[16:41:12] [452/459] GNDS
[16:41:12] [453/459] PAXA
[16:41:13] [454/459] CGGM
[16:41:14] [455/459] ACKZ
[16:41:15] [456/459] EMCC
[16:41:16] [457/459] KLSK
[16:41:17] [458/459] AVCK
[16:41:18] 🔄 Identity reset
[16:41:18] 🔄 Identity rotated (every 10 requests)
[16:41:18] [459/459] JTCK
[16:41:19] 🧹 Deduping shows
[16:41:19] ✅ DONE | Shows=512 | Movies=39
[12:23:07] 🚀 SCRIPT STARTED (enhanced anti‑detection)
[12:23:07] [1/459] NECA
[12:23:08] 🧠 New identity created
[12:23:08] [2/459] BJLC
[12:23:09] [3/459] BASU
[12:23:10] [4/459] RUPI
[12:23:11] [5/459] LCBK
[12:23:12] [6/459] PMAC
[12:23:13] [7/459] AMLC
[12:23:14] [8/459] LICL
[12:23:14] [9/459] UDMM
[12:23:16] [10/459] STBZ
[12:23:17] 🔄 Identity reset
[12:23:17] 🔄 Identity rotated (every 10 requests)
[12:23:18] [11/459] UUBT
[12:23:19] [12/459] SJKC
[12:23:20] [13/459] TUAL
[12:23:20] [14/459] MRSE
[12:23:21] [15/459] RMRK
[12:23:22] [16/459] TTKP
[12:23:24] [17/459] KTKO
[12:23:25] [18/459] SDBK
[12:23:26] [19/459] MCPR
[12:23:28] [20/459] CHTI
[12:23:28] 🔄 Identity reset
[12:23:28] 🔄 Identity rotated (every 10 requests)
[12:23:29] [21/459] GCCP
[12:23:30] [22/459] SRMY
[12:23:31] [23/459] NYST
[12:23:31] [24/459] NYAG
[12:23:33] [25/459] SBMT
[12:23:34] [26/459] INGA
[12:23:35] [27/459] WSIC
[12:23:36] [28/459] SCSS
[12:23:37] [29/459] COPG
[12:23:39] [30/459] RCGR
[12:23:39] 🔄 Identity reset
[12:23:39] 🔄 Identity rotated (every 10 requests)
[12:23:40] [31/459] TCZA
[12:23:41] [32/459] CNLP
[12:23:41] [33/459] CLKN
[12:23:42] [34/459] LHDF
[12:23:44] [35/459] ELKC
[12:23:44] [36/459] VCEM
[12:23:45] [37/459] SSZA
[12:23:46] [38/459] KRMT
[12:23:47] [39/459] LCMV
[12:23:49] [40/459] AYCZ
[12:23:49] 🔄 Identity reset
[12:23:49] 🔄 Identity rotated (every 10 requests)
[12:23:49] [41/459] CUMS
[12:23:50] [42/459] BOCK
[12:23:51] [43/459] PNMR
[12:23:53] [44/459] PJCP
[12:23:54] [45/459] JDDD
[12:23:55] [46/459] STMS
[12:23:56] [47/459] FLMB
[12:23:57] [48/459] PKCM
[12:23:58] [49/459] SPPR
[12:24:00] [50/459] EYLH
[12:24:00] 🔄 Identity reset
[12:24:00] 🔄 Identity rotated (every 10 requests)
[12:24:01] [51/459] RJCC
[12:24:02] [52/459] MMPS
[12:24:03] [53/459] SHMX
[12:24:03] [54/459] CCNL
[12:24:04] [55/459] RCNV
[12:24:05] [56/459] MAAG
[12:24:07] [57/459] LXCM
[12:24:08] [58/459] RCNI
[12:24:09] [59/459] SNNI
[12:24:09] [60/459] LALC
[12:24:10] 🔄 Identity reset
[12:24:10] 🔄 Identity rotated (every 10 requests)
[12:24:11] [61/459] SOCN
[12:24:12] [62/459] JHTP
[12:24:13] [63/459] PITP
[12:24:14] [64/459] CCKW
[12:24:15] [65/459] MCMC
[12:24:16] [66/459] DEES
[12:24:16] [67/459] SABT
[12:24:17] [68/459] VSPP
[12:24:18] [69/459] ABCT
[12:24:19] [70/459] JVTB
[12:24:20] 🔄 Identity reset
[12:24:20] 🔄 Identity rotated (every 10 requests)
[12:24:20] [71/459] VCBD
[12:24:21] [72/459] RMGG
[12:24:22] [73/459] RNMH
[12:24:23] [74/459] SPGL
[12:24:25] [75/459] JTTR
[12:24:26] [76/459] SICS
[12:24:27] [77/459] SRMI
[12:24:28] [78/459] SSIJ
[12:24:29] [79/459] KFMT
[12:24:30] [80/459] VBIT
[12:24:31] 🔄 Identity reset
[12:24:31] 🔄 Identity rotated (every 10 requests)
[12:24:31] [81/459] JKCT
[12:24:32] [82/459] GCGP
[12:24:34] [83/459] GDCS
[12:24:34] [84/459] TRBA
[12:24:35] [85/459] QUST
[12:24:37] [86/459] VSHM
[12:24:38] [87/459] SDCP
[12:24:39] [88/459] SNVS
[12:24:41] [89/459] NYTO
[12:24:42] [90/459] URWC
[12:24:43] 🔄 Identity reset
[12:24:43] 🔄 Identity rotated (every 10 requests)
[12:24:43] [91/459] GTWH
[12:24:44] [92/459] PFCM
[12:24:45] [93/459] KRTA
[12:24:46] [94/459] AXMC
[12:24:47] [95/459] EVMC
[12:24:48] [96/459] HGSM
[12:24:49] [97/459] ACVM
[12:24:50] [98/459] PSKL
[12:24:51] [99/459] RDMP
[12:24:52] [100/459] RHGH
[12:24:53] 🔄 Identity reset
[12:24:53] 🔄 Identity rotated (every 10 requests)
[12:24:53] [101/459] OMCM
[12:24:54] [102/459] DCCP
[12:24:55] [103/459] MCPB
[12:24:56] [104/459] ALCI
[12:24:57] [105/459] BLMX
[12:24:58] [106/459] BTMV
[12:24:59] [107/459] FVPN
[12:25:00] [108/459] CMAR
[12:25:01] [109/459] CEIM
[12:25:02] [110/459] CMVA
[12:25:03] 🔄 Identity reset
[12:25:03] 🔄 Identity rotated (every 10 requests)
[12:25:03] [111/459] CPIV
[12:25:04] [112/459] CNPE
[12:25:05] [113/459] COLV
[12:25:06] [114/459] DNNV
[12:25:07] [115/459] HCAD
[12:25:08] [116/459] TAKA
[12:25:09] [117/459] INVD
[12:25:10] [118/459] IRMM
[12:25:11] [119/459] INSE
[12:25:12] [120/459] MRSW
[12:25:12] 🔄 Identity reset
[12:25:12] 🔄 Identity rotated (every 10 requests)
[12:25:13] [121/459] MCVD
[12:25:13] [122/459] MCSO
[12:25:14] [123/459] PEVM
[12:25:15] [124/459] PVNL
[12:25:17] [125/459] PTCV
[12:25:18] [126/459] PRTC
[12:25:19] [127/459] RCVA
[12:25:20] [128/459] MTBN
[12:25:21] [129/459] LUCP
[12:25:23] [130/459] FMPT
[12:25:23] 🔄 Identity reset
[12:25:23] 🔄 Identity rotated (every 10 requests)
[12:25:25] [131/459] JLSL
[12:25:25] [132/459] SBHA
[12:25:26] [133/459] SHRC
[12:25:27] [134/459] AVPS
[12:25:28] [135/459] STPM
[12:25:29] [136/459] ATRD
[12:25:30] [137/459] VTED
[12:25:31] [138/459] ACAI
[12:25:32] [139/459] SMAE
[12:25:33] [140/459] VMAT
[12:25:34] 🔄 Identity reset
[12:25:34] 🔄 Identity rotated (every 10 requests)
[12:25:34] 🔄 Retry 1/5 for VMAT in 2.9s
[12:25:34] 🔄 Identity reset
[12:25:37] 🧠 New identity created
[12:25:37] [141/459] LKCT
[12:25:38] [142/459] JTVK
[12:25:39] [143/459] PRTY
[12:25:40] [144/459] GETT
[12:25:41] [145/459] ESAP
[12:25:42] [146/459] NCPM
[12:25:43] [147/459] PCPA
[12:25:44] [148/459] MMOM
[12:25:45] [149/459] PHUP
[12:25:46] 🔄 Identity reset
[12:25:46] 🔄 Identity rotated (every 10 requests)
[12:25:47] [150/459] CCPI
[12:25:48] [151/459] CNTD
[12:25:49] [152/459] NLJR
[12:25:50] [153/459] SRNG
[12:25:50] [154/459] MHAL
[12:25:51] [155/459] PNSM
[12:25:53] [156/459] DRMY
[12:25:54] [157/459] CCMU
[12:25:55] [158/459] SCMY
[12:25:56] [159/459] PVSY
[12:25:56] 🔄 Identity reset
[12:25:56] 🔄 Identity rotated (every 10 requests)
[12:25:57] [160/459] SDLM
[12:25:58] [161/459] ICCM
[12:25:59] [162/459] PYSU
[12:26:00] [163/459] GATM
[12:26:01] [164/459] WOTM
[12:26:02] [165/459] RKTS
[12:26:03] [166/459] PMTY
[12:26:04] [167/459] LYMS
[12:26:05] [168/459] TGCA
[12:26:06] [169/459] DSTA
[12:26:07] 🔄 Identity reset
[12:26:07] 🔄 Identity rotated (every 10 requests)
[12:26:07] [170/459] CNGE
[12:26:08] [171/459] VSTG
[12:26:09] [172/459] GTCK
[12:26:10] [173/459] TGNT
[12:26:11] [174/459] ASLC
[12:26:13] [175/459] SSST
[12:26:14] [176/459] KBTT
[12:26:15] [177/459] HKCP
[12:26:15] [178/459] SWLC
[12:26:16] [179/459] RTND
[12:26:17] 🔄 Identity reset
[12:26:17] 🔄 Identity rotated (every 10 requests)
[12:26:17] [180/459] PKKT
[12:26:19] [181/459] HSTK
[12:26:20] [182/459] SPTT
[12:26:20] [183/459] IMPM
[12:26:22] [184/459] SCMV
[12:26:23] [185/459] SPCT
[12:26:24] [186/459] JBCA
[12:26:25] [187/459] ATTR
[12:26:26] [188/459] SPMT
[12:26:28] [189/459] LCTM
[12:26:28] 🔄 Identity reset
[12:26:28] 🔄 Identity rotated (every 10 requests)
[12:26:28] [190/459] SCVL
[12:26:29] [191/459] SCVT
[12:26:30] [192/459] KRIC
[12:26:31] [193/459] CTMG
[12:26:33] [194/459] ACNC
[12:26:34] [195/459] DMCK
[12:26:35] [196/459] KMTV
[12:26:35] [197/459] PFCJ
[12:26:36] [198/459] VNMD
[12:26:38] [199/459] VPCZ
[12:26:38] 🔄 Identity reset
[12:26:38] 🔄 Identity rotated (every 10 requests)
[12:26:39] [200/459] SRYR
[12:26:40] [201/459] SYTR
[12:26:41] [202/459] GATR
[12:26:41] [203/459] URTR
[12:26:42] [204/459] MKSM
[12:26:43] [205/459] VSMH
[12:26:44] [206/459] SKRJ
[12:26:45] [207/459] SSJR
[12:26:47] [208/459] SVSM
[12:26:48] [209/459] RUCM
[12:26:48] 🔄 Identity reset
[12:26:48] 🔄 Identity rotated (every 10 requests)
[12:26:49] [210/459] PRKN
[12:26:50] [211/459] RROH
[12:26:51] [212/459] SCTN
[12:26:52] [213/459] RTDM
[12:26:53] [214/459] ASRM
[12:26:54] [215/459] SKMD
[12:26:55] [216/459] SUTD
[12:26:56] [217/459] SADM
[12:26:57] [218/459] WCNR
[12:26:58] [219/459] CNED
[12:26:58] 🔄 Identity reset
[12:26:58] 🔄 Identity rotated (every 10 requests)
[12:26:59] [220/459] MPDB
[12:27:01] [221/459] KTBH
[12:27:02] [222/459] IDRM
[12:27:03] [223/459] PJJT
[12:27:03] [224/459] PFCV
[12:27:04] [225/459] AACT
[12:27:05] [226/459] AAAD
[12:27:06] [227/459] ANES
[12:27:08] [228/459] MNCA
[12:27:08] [229/459] RMGU
[12:27:09] 🔄 Identity reset
[12:27:09] 🔄 Identity rotated (every 10 requests)
[12:27:09] [230/459] DLCN
[12:27:10] [231/459] LJWT
[12:27:11] [232/459] MCBG
[12:27:12] [233/459] MYBG
[12:27:13] [234/459] GCCA
[12:27:14] [235/459] GCGA
[12:27:15] [236/459] ECGN
[12:27:16] [237/459] PRAB
[12:27:17] [238/459] PNMP
[12:27:18] [239/459] GCPT
[12:27:19] 🔄 Identity reset
[12:27:19] 🔄 Identity rotated (every 10 requests)
[12:27:19] 🔄 Retry 1/5 for GCPT in 2.9s
[12:27:19] 🔄 Identity reset
[12:27:22] 🧠 New identity created
[12:27:23] [240/459] ROYN
[12:27:24] [241/459] VATM
[12:27:25] [242/459] KSNT
[12:27:25] [243/459] ACTC
[12:27:27] [244/459] PLTD
[12:27:28] [245/459] SKMK
[12:27:29] [246/459] CMTT
[12:27:30] [247/459] SMXP
[12:27:31] [248/459] SCMX
[12:27:32] 🔄 Identity reset
[12:27:32] 🔄 Identity rotated (every 10 requests)
[12:27:32] [249/459] ACXN
[12:27:33] [250/459] ASWT
[12:27:34] [251/459] VVVL
[12:27:36] [252/459] NAGO
[12:27:37] [253/459] SNCN
[12:27:37] [254/459] MCKP
[12:27:38] [255/459] SAMO
[12:27:40] [256/459] JBTV
[12:27:42] [257/459] DCVV
[12:27:42] [258/459] KMSV
[12:27:43] 🔄 Identity reset
[12:27:43] 🔄 Identity rotated (every 10 requests)
[12:27:44] [259/459] KDCN
[12:27:45] [260/459] CNCP
[12:27:47] [261/459] HAMC
[12:27:48] [262/459] CCVZ
[12:27:49] [263/459] NCCK
[12:27:49] [264/459] MCHR
[12:27:50] [265/459] SCHT
[12:27:51] [266/459] ESSH
[12:27:53] [267/459] CUJC
[12:27:54] [268/459] PECP
[12:27:55] 🔄 Identity reset
[12:27:55] 🔄 Identity rotated (every 10 requests)
[12:27:56] [269/459] PMMI
[12:27:57] [270/459] PCCH
[12:27:58] [271/459] PRPM
[12:27:59] [272/459] PVKL
[12:28:00] [273/459] CBSM
[12:28:01] [274/459] PVCZ
[12:28:02] [275/459] PCVV
[12:28:03] [276/459] CTMJ
[12:28:04] [277/459] RCPS
[12:28:05] [278/459] PCIT
[12:28:05] 🔄 Identity reset
[12:28:05] 🔄 Identity rotated (every 10 requests)
[12:28:06] [279/459] FNCH
[12:28:07] [280/459] INZD
[12:28:08] [281/459] INPC
[12:28:09] [282/459] LCZP
[12:28:10] [283/459] SMCB
[12:28:11] [284/459] PTSB
[12:28:12] [285/459] TPSI
[12:28:13] [286/459] KHMJ
[12:28:14] [287/459] RCCJ
[12:28:15] [288/459] NCJA
[12:28:15] 🔄 Identity reset
[12:28:15] 🔄 Identity rotated (every 10 requests)
[12:28:16] [289/459] NCJN
[12:28:17] [290/459] BTDP
[12:28:18] [291/459] PADY
[12:28:19] [292/459] NYBH
[12:28:21] [293/459] MTBR
[12:28:22] [294/459] KRBC
[12:28:23] [295/459] DKTI
[12:28:24] [296/459] ANAN
[12:28:25] [297/459] INBP
[12:28:26] [298/459] PATB
[12:28:27] 🔄 Identity reset
[12:28:27] 🔄 Identity rotated (every 10 requests)
[12:28:28] [299/459] RGNT
[12:28:29] [300/459] CGPM
[12:28:30] [301/459] INTN
[12:28:31] [302/459] MCMP
[12:28:33] [303/459] ASRG
[12:28:34] [304/459] CXJD
[12:28:35] [305/459] SPCP
[12:28:36] [306/459] CSTP
[12:28:37] [307/459] PKVC
[12:28:38] [308/459] ESCP
[12:28:39] 🔄 Identity reset
[12:28:39] 🔄 Identity rotated (every 10 requests)
[12:28:39] [309/459] CAEP
[12:28:40] [310/459] CCSP
[12:28:41] [311/459] KTPC
[12:28:42] [312/459] DACA
[12:28:43] [313/459] NVKY
[12:28:44] [314/459] PTIN
[12:28:44] [315/459] SCIN
[12:28:46] [316/459] MCTY
[12:28:47] [317/459] PCMX
[12:28:48] [318/459] INIC
[12:28:49] 🔄 Identity reset
[12:28:49] 🔄 Identity rotated (every 10 requests)
[12:28:49] [319/459] MMZM
[12:28:50] [320/459] SSLP
[12:28:51] [321/459] DTDT
[12:28:52] [322/459] FFCX
[12:28:53] [323/459] RCMM
[12:28:54] [324/459] KYID
[12:28:55] [325/459] CSCI
[12:28:56] [326/459] FCMC
[12:28:57] [327/459] MMXI
[12:28:58] [328/459] ASTC
[12:28:58] 🔄 Identity reset
[12:28:58] 🔄 Identity rotated (every 10 requests)
[12:28:59] [329/459] CMRA
[12:29:00] [330/459] DICI
[12:29:01] [331/459] KDIN
[12:29:02] [332/459] PRFI
[12:29:03] [333/459] SVFC
[12:29:04] [334/459] UCPL
[12:29:05] [335/459] COOC
[12:29:06] [336/459] SCAL
[12:29:07] [337/459] SVFF
[12:29:08] [338/459] VCMG
[12:29:09] 🔄 Identity reset
[12:29:09] 🔄 Identity rotated (every 10 requests)
[12:29:09] [339/459] UUCT
[12:29:10] [340/459] GCSE
[12:29:11] [341/459] SUSC
[12:29:12] [342/459] MISC
[12:29:13] [343/459] RMBL
[12:29:14] [344/459] CMXN
[12:29:15] [345/459] PVBK
[12:29:15] [346/459] HHCG
[12:29:16] [347/459] SCAG
[12:29:17] [348/459] CNPR
[12:29:18] 🔄 Identity reset
[12:29:18] 🔄 Identity rotated (every 10 requests)
[12:29:18] [349/459] CSER
[12:29:20] [350/459] HLWD
[12:29:21] [351/459] BOLY
[12:29:22] [352/459] SSPG
[12:29:23] [353/459] MUPX
[12:29:24] [354/459] HAMR
[12:29:25] [355/459] SDNC
[12:29:26] [356/459] RTEN
[12:29:27] [357/459] SDTD
[12:29:28] [358/459] KAWS
[12:29:28] 🔄 Identity reset
[12:29:28] 🔄 Identity rotated (every 10 requests)
[12:29:30] [359/459] CMZX
[12:29:30] [360/459] DCDD
[12:29:32] [361/459] ALSN
[12:29:33] [362/459] IMXS
[12:29:34] [363/459] PVFF
[12:29:35] [364/459] PVOO
[12:29:36] [365/459] CFBS
[12:29:37] [366/459] PVER
[12:29:39] [367/459] PPNX
[12:29:40] [368/459] CNRM
[12:29:41] 🔄 Identity reset
[12:29:41] 🔄 Identity rotated (every 10 requests)
[12:29:42] [369/459] PVWW
[12:29:43] [370/459] INMB
[12:29:44] [371/459] CPJR
[12:29:45] [372/459] INRZ
[12:29:46] [373/459] PMSR
[12:29:47] [374/459] GPGM
[12:29:48] [375/459] PGWB
[12:29:49] [376/459] PMBR
[12:29:50] [377/459] GPAM
[12:29:51] [378/459] INBC
[12:29:51] 🔄 Identity reset
[12:29:51] 🔄 Identity rotated (every 10 requests)
[12:29:51] [379/459] PZVK
[12:29:53] [380/459] CPEB
[12:29:53] [381/459] FMLB
[12:29:54] [382/459] INBG
[12:29:55] [383/459] GPBR
[12:29:56] [384/459] PAAS
[12:29:57] [385/459] VTBR
[12:29:58] [386/459] GPMY
[12:30:00] [387/459] GYBU
[12:30:01] [388/459] INBJ
[12:30:02] 🔄 Identity reset
[12:30:02] 🔄 Identity rotated (every 10 requests)
[12:30:03] [389/459] LKTH
[12:30:04] [390/459] NSBR
[12:30:05] [391/459] PDRD
[12:30:07] [392/459] VRBL
[12:30:07] [393/459] VTGB
[12:30:08] [394/459] VTSK
[12:30:09] [395/459] BKDV
[12:30:10] [396/459] SVTB
[12:30:10] [397/459] MLDT
[12:30:12] [398/459] NRBL
[12:30:13] 🔄 Identity reset
[12:30:13] 🔄 Identity rotated (every 10 requests)
[12:30:13] [399/459] SLTR
[12:30:15] [400/459] VNKA
[12:30:16] [401/459] TDCA
[12:30:18] [402/459] INBM
[12:30:19] [403/459] SSNR
[12:30:20] [404/459] BHAC
[12:30:21] [405/459] SDSD
[12:30:22] [406/459] SAMP
[12:30:23] [407/459] RATK
[12:30:24] [408/459] KCBI
[12:30:24] 🔄 Identity reset
[12:30:24] 🔄 Identity rotated (every 10 requests)
[12:30:24] 🔄 Retry 1/5 for KCBI in 2.2s
[12:30:24] 🔄 Identity reset
[12:30:26] 🧠 New identity created
[12:30:27] [409/459] URBL
[12:30:29] [410/459] MKBG
[12:30:30] [411/459] ASTB
[12:30:32] [412/459] VBWT
[12:30:33] [413/459] GPSM
[12:30:34] [414/459] ROON
[12:30:35] [415/459] CHTH
[12:30:36] [416/459] SSPA
[12:30:38] [417/459] ANBL
[12:30:38] 🔄 Identity reset
[12:30:38] 🔄 Identity rotated (every 10 requests)
[12:30:39] [418/459] VTBE
[12:30:40] [419/459] SVKT
[12:30:41] [420/459] SVYK
[12:30:42] [421/459] PTBK
[12:30:43] [422/459] RKTB
[12:30:44] [423/459] BALT
[12:30:45] [424/459] STSV
[12:30:46] [425/459] VCCB
[12:30:47] [426/459] SLTB
[12:30:48] [427/459] SBCR
[12:30:49] 🔄 Identity reset
[12:30:49] 🔄 Identity rotated (every 10 requests)
[12:30:49] [428/459] VDCS
[12:30:50] [429/459] MDKI
[12:30:51] [430/459] SMRN
[12:30:52] [431/459] PTBC
[12:30:52] [432/459] RADI
[12:30:53] [433/459] ADCR
[12:30:54] [434/459] SDCS
[12:30:55] [435/459] SRPJ
[12:30:56] [436/459] ARTS
[12:30:57] [437/459] SRHK
[12:30:57] 🔄 Identity reset
[12:30:57] 🔄 Identity rotated (every 10 requests)
[12:30:58] [438/459] SPAY
[12:30:59] [439/459] GPTB
[12:31:00] [440/459] SNNN
[12:31:01] [441/459] BALJ
[12:31:02] [442/459] TRIG
[12:31:03] [443/459] GTYT
[12:31:04] [444/459] ATGN
[12:31:05] [445/459] ANTE
[12:31:05] [446/459] BDCG
[12:31:06] [447/459] VECI
[12:31:07] 🔄 Identity reset
[12:31:07] 🔄 Identity rotated (every 10 requests)
[12:31:07] 🔄 Retry 1/5 for VECI in 2.3s
[12:31:07] 🔄 Identity reset
[12:31:10] 🧠 New identity created
[12:31:10] [448/459] SCPR
[12:31:11] [449/459] RTEA
[12:31:12] [450/459] JSAI
[12:31:13] [451/459] VJTP
[12:31:13] [452/459] GNDS
[12:31:14] [453/459] PAXA
[12:31:15] [454/459] CGGM
[12:31:16] [455/459] ACKZ
[12:31:17] [456/459] EMCC
[12:31:17] 🔄 Identity reset
[12:31:17] 🔄 Identity rotated (every 10 requests)
[12:31:18] [457/459] KLSK
[12:31:19] [458/459] AVCK
[12:31:20] [459/459] JTCK
[12:31:21] 🧹 Deduping shows
[12:31:21] ✅ DONE | Shows=559 | Movies=39
