[09:38:20] 🚀 SCRIPT STARTED (enhanced anti‑detection)
[09:38:20] [1/456] FNDB
[09:38:21] 🧠 New identity created
[09:38:22] [2/456] AMBH
[09:38:23] [3/456] PRHN
[09:38:25] [4/456] ACPM
[09:38:26] [5/456] PVFS
[09:38:27] [6/456] AACN
[09:38:28] [7/456] ACAS
[09:38:41] 🔄 Retry 1/5 for ACAS in 2.9s
[09:38:41] 🔄 Identity reset
[09:38:44] 🧠 New identity created
[09:38:50] [8/456] CTNR
[09:38:51] [9/456] MMAH
[09:38:52] 🔄 Identity reset
[09:38:52] 🔄 Identity rotated (every 10 requests)
[09:38:53] [10/456] CPMH
[09:38:54] [11/456] IGMH
[09:38:56] [12/456] ABCS
[09:38:58] [13/456] CMMA
[09:38:59] [14/456] GPRH
[09:39:01] [15/456] PNNG
[09:39:02] [16/456] AMCA
[09:39:03] [17/456] ISTN
[09:39:05] [18/456] PIIC
[09:39:06] [19/456] AHMH
[09:39:07] 🔄 Identity reset
[09:39:07] 🔄 Identity rotated (every 10 requests)
[09:39:08] [20/456] ASHN
[09:39:09] [21/456] INHY
[09:39:11] [22/456] SRMO
[09:39:12] [23/456] PIMH
[09:39:14] [24/456] PVTS
[09:39:15] [25/456] MMCA
[09:39:17] [26/456] AKYJ
[09:39:19] [27/456] BRKH
[09:39:20] [28/456] MAHM
[09:39:22] [29/456] CPHY
[09:39:22] 🔄 Identity reset
[09:39:22] 🔄 Identity rotated (every 10 requests)
[09:39:23] [30/456] PVTP
[09:39:25] [31/456] SMMR
[09:39:26] [32/456] PVHM
[09:39:28] [33/456] SNDY
[09:39:29] [34/456] GOKU
[09:39:31] [35/456] ACEV
[09:39:33] [36/456] PVUM
[09:39:34] [37/456] VSWA
[09:39:36] [38/456] IPRS
[09:39:38] [39/456] BKMV
[09:39:39] 🔄 Identity reset
[09:39:39] 🔄 Identity rotated (every 10 requests)
[09:39:40] [40/456] PVYH
[09:39:41] [41/456] INKM
[09:39:43] [42/456] ARJU
[09:39:43] [43/456] JJPP
[09:39:44] [44/456] SSRM
[09:39:46] [45/456] HMHD
[09:39:47] [46/456] SNKH
[09:39:47] [47/456] ACHI
[09:39:49] [48/456] MRAA
[09:39:51] [49/456] INMH
[09:39:51] 🔄 Identity reset
[09:39:51] 🔄 Identity rotated (every 10 requests)
[09:39:52] [50/456] ARMH
[09:39:54] [51/456] DVRR
[09:39:56] [52/456] SUDA
[09:39:57] [53/456] MCSS
[09:39:58] [54/456] VRKC
[09:40:00] [55/456] PRCX
[09:40:01] [56/456] ASJY
[09:40:03] [57/456] MTHY
[09:40:06] [58/456] SRCM
[09:40:08] [59/456] TVHY
[09:40:08] 🔄 Identity reset
[09:40:08] 🔄 Identity rotated (every 10 requests)
[09:40:09] [60/456] STHD
[09:40:10] [61/456] CPCL
[09:40:12] [62/456] PSMJ
[09:40:21] [63/456] MRGT
[09:40:23] [64/456] ARYH
[09:40:24] [65/456] VTRB
[09:40:25] [66/456] SCHC
[09:40:27] [67/456] MRRG
[09:40:29] [68/456] SPCB
[09:40:30] [69/456] AMCM
[09:40:31] 🔄 Identity reset
[09:40:31] 🔄 Identity rotated (every 10 requests)
[09:40:32] [70/456] IVNM
[09:40:33] [71/456] TRHY
[09:40:35] [72/456] PTTH
[09:40:35] [73/456] RKMH
[09:40:37] [74/456] PRCS
[09:40:38] [75/456] VAJA
[09:40:39] [76/456] BJNG
[09:40:41] [77/456] SCVM
[09:40:42] [78/456] GNHB
[09:40:44] [79/456] TLUR
[09:40:44] 🔄 Identity reset
[09:40:44] 🔄 Identity rotated (every 10 requests)
[09:40:45] [80/456] UKCC
[09:40:47] [81/456] SRKR
[09:40:48] [82/456] RMKN
[09:40:50] [83/456] SLRT
[09:40:51] [84/456] LKMT
[09:40:52] [85/456] SSRJ
[09:40:53] [86/456] SPHT
[09:40:54] [87/456] ANTT
[09:40:56] [88/456] SRCH
[09:40:58] [89/456] SRCA
[09:40:58] 🔄 Identity reset
[09:40:58] 🔄 Identity rotated (every 10 requests)
[09:40:59] [90/456] ARTH
[09:41:00] [91/456] MCBH
[09:41:03] [92/456] SNIB
[09:41:04] [93/456] SART
[09:41:06] [94/456] SKTA
[09:41:08] [95/456] YAKT
[09:41:09] [96/456] MLCK
[09:41:10] [97/456] ANTS
[09:41:11] [98/456] DGCA
[09:41:13] [99/456] SGMP
[09:41:13] 🔄 Identity reset
[09:41:14] 🔄 Identity rotated (every 10 requests)
[09:41:14] [100/456] ASWN
[09:41:15] [101/456] KFVU
[09:41:16] [102/456] POOR
[09:41:18] [103/456] GKDN
[09:41:19] [104/456] EOSE
[09:41:20] [105/456] GTTT
[09:41:21] [106/456] ARRO
[09:41:22] [107/456] CMMK
[09:41:24] [108/456] MSCN
[09:41:26] [109/456] GDKH
[09:41:26] 🔄 Identity reset
[09:41:26] 🔄 Identity rotated (every 10 requests)
[09:41:27] [110/456] DLMT
[09:41:29] [111/456] PVMF
[09:41:31] [112/456] CPCK
[09:41:32] [113/456] VMHE
[09:41:33] [114/456] PVLC
[09:41:34] [115/456] PCVB
[09:41:35] [116/456] SNYK
[09:41:37] [117/456] KTEK
[09:41:38] [118/456] PCNM
[09:41:40] [119/456] NTTR
[09:41:41] 🔄 Identity reset
[09:41:41] 🔄 Identity rotated (every 10 requests)
[09:41:42] [120/456] CPSK
[09:41:43] [121/456] JMMA
[09:41:45] [122/456] GCFK
[09:41:47] [123/456] MYCA
[09:41:48] [124/456] KSNP
[09:41:49] [125/456] PMCE
[09:41:50] [126/456] SCKI
[09:41:52] [127/456] FSMA
[09:41:54] [128/456] CETA
[09:41:55] [129/456] MCIK
[09:41:56] 🔄 Identity reset
[09:41:56] 🔄 Identity rotated (every 10 requests)
[09:41:57] [130/456] MYCR
[09:41:58] [131/456] EVMP
[09:41:59] [132/456] SSGT
[09:42:01] [133/456] KCTK
[09:42:02] [134/456] ZTKC
[09:42:03] [135/456] MMTA
[09:42:05] [136/456] MAJT
[09:42:07] [137/456] ACPK
[09:42:08] [138/456] JMAX
[09:42:10] [139/456] SETK
[09:42:11] 🔄 Identity reset
[09:42:11] 🔄 Identity rotated (every 10 requests)
[09:42:11] [140/456] CAIS
[09:42:13] [141/456] AGCD
[09:42:14] [142/456] URCL
[09:42:16] [143/456] VTDS
[09:42:17] [144/456] JCNM
[09:42:19] [145/456] KCAM
[09:42:21] [146/456] ADCU
[09:42:22] [147/456] GXYN
[09:42:23] [148/456] SMJG
[09:42:25] [149/456] EYCJ
[09:42:25] 🔄 Identity reset
[09:42:25] 🔄 Identity rotated (every 10 requests)
[09:42:26] [150/456] CCEJ
[09:42:28] [151/456] MARS
[09:42:29] [152/456] CPVJ
[09:42:31] [153/456] INVP
[09:42:32] [154/456] CPOV
[09:42:33] [155/456] VIJK
[09:42:35] [156/456] LAIM
[09:42:36] [157/456] STHV
[09:42:38] [158/456] SVLJ
[09:42:39] [159/456] ATVJ
[09:42:40] 🔄 Identity reset
[09:42:40] 🔄 Identity rotated (every 10 requests)
[09:42:41] [160/456] JTSC
[09:42:43] [161/456] RMTV
[09:42:44] [162/456] MGGG
[09:42:46] [163/456] SWTH
[09:42:47] [164/456] INVJ
[09:42:48] [165/456] PRSV
[09:42:50] [166/456] JATV
[09:42:51] [167/456] RCVD
[09:42:53] [168/456] BDMA
[09:42:54] [169/456] BLJI
[09:42:55] 🔄 Identity reset
[09:42:55] 🔄 Identity rotated (every 10 requests)
[09:42:56] [170/456] SWOT
[09:42:56] [171/456] SWRN
[09:42:58] [172/456] TVRA
[09:42:59] [173/456] NVRN
[09:43:00] [174/456] SIKC
[09:43:02] [175/456] VAKR
[09:43:04] [176/456] SYLN
[09:43:05] [177/456] KLJL
[09:43:07] [178/456] LKMY
[09:43:08] [179/456] VSLY
[09:43:09] 🔄 Identity reset
[09:43:09] 🔄 Identity rotated (every 10 requests)
[09:43:10] [180/456] CIKO
[09:43:11] [181/456] GPBG
[09:43:12] [182/456] CECM
[09:43:13] [183/456] SLKB
[09:43:15] [184/456] MTBO
[09:43:17] [185/456] SSHB
[09:43:18] [186/456] VPCS
[09:43:19] [187/456] RCSR
[09:43:21] [188/456] RJRM
[09:43:22] [189/456] KPPB
[09:43:23] 🔄 Identity reset
[09:43:23] 🔄 Identity rotated (every 10 requests)
[09:43:24] [190/456] SEDC
[09:43:26] [191/456] SCAI
[09:43:29] [192/456] RMTR
[09:43:30] [193/456] ASST
[09:43:32] [194/456] GCAK
[09:43:37] [195/456] ANNK
[09:43:37] [196/456] KDDF
[09:43:39] [197/456] NRDP
[09:43:40] [198/456] PLAK
[09:43:41] [199/456] GCMC
[09:43:42] 🔄 Identity reset
[09:43:42] 🔄 Identity rotated (every 10 requests)
[09:43:43] [200/456] ALPY
[09:43:44] [201/456] SICE
[09:43:46] [202/456] SISR
[09:43:47] [203/456] SRPZ
[09:43:49] [204/456] SRSW
[09:43:50] [205/456] SUYA
[09:43:51] [206/456] AMMT
[09:43:53] [207/456] BHCU
[09:43:55] [208/456] KLPA
[09:43:56] [209/456] NVKH
[09:43:57] 🔄 Identity reset
[09:43:57] 🔄 Identity rotated (every 10 requests)
[09:43:58] [210/456] JMRC
[09:43:59] [211/456] KTTT
[09:44:01] [212/456] MAGH
[09:44:02] [213/456] MMMX
[09:44:03] [214/456] SALJ
[09:44:05] [215/456] GTJA
[09:44:06] [216/456] MAHT
[09:44:08] [217/456] SSNN
[09:44:09] [218/456] ARRP
[09:44:10] [219/456] ATNS
[09:44:11] 🔄 Identity reset
[09:44:11] 🔄 Identity rotated (every 10 requests)
[09:44:11] [220/456] SKDT
[09:44:12] [221/456] ACAT
[09:44:14] [222/456] APRC
[09:44:15] [223/456] SWAG
[09:44:17] [224/456] SDPT
[09:44:19] [225/456] STPS
[09:44:20] [226/456] WWCZ
[09:44:22] [227/456] LLCH
[09:44:23] [228/456] MZHA
[09:44:25] [229/456] CRJG
[09:44:26] 🔄 Identity reset
[09:44:26] 🔄 Identity rotated (every 10 requests)
[09:44:26] 🔄 Retry 1/5 for CRJG in 2.6s
[09:44:26] 🔄 Identity reset
[09:44:28] 🧠 New identity created
[09:44:29] [230/456] JGTK
[09:44:31] [231/456] KCSR
[09:44:32] [232/456] CHTL
[09:44:34] [233/456] EDSR
[09:44:36] [234/456] CSWO
[09:44:37] [235/456] CPVM
[09:44:39] [236/456] MXBY
[09:44:41] [237/456] FMMA
[09:44:42] [238/456] POVI
[09:44:43] 🔄 Identity reset
[09:44:43] 🔄 Identity rotated (every 10 requests)
[09:44:44] [239/456] MTHB
[09:44:46] [240/456] INRC
[09:44:47] [241/456] PIPP
[09:44:49] [242/456] BMXC
[09:44:50] [243/456] PCMM
[09:44:52] [244/456] PMKM
[09:44:54] [245/456] GATY
[09:44:55] [246/456] IMCM
[09:44:57] [247/456] POPE
[09:44:58] [248/456] MTCR
[09:44:59] 🔄 Identity reset
[09:44:59] 🔄 Identity rotated (every 10 requests)
[09:44:59] [249/456] PVAE
[09:45:01] [250/456] PVMI
[09:45:02] [251/456] CPNM
[09:45:03] [252/456] FMRL
[09:45:05] [253/456] MCIW
[09:45:06] [254/456] MXBO
[09:45:08] [255/456] FMKY
[09:45:09] [256/456] FMDA
[09:45:10] [257/456] THAB
[09:45:12] [258/456] PRCW
[09:45:13] 🔄 Identity reset
[09:45:13] 🔄 Identity rotated (every 10 requests)
[09:45:14] [259/456] PITI
[09:45:15] [260/456] MCFF
[09:45:17] [261/456] PDDV
[09:45:19] [262/456] MCRM
[09:45:20] [263/456] KKMB
[09:45:22] [264/456] INKO
[09:45:23] [265/456] PLXP
[09:45:24] [266/456] MMHA
[09:45:25] [267/456] FMVS
[09:45:27] [268/456] POLM
[09:45:27] 🔄 Identity reset
[09:45:27] 🔄 Identity rotated (every 10 requests)
[09:45:28] [269/456] STER
[09:45:30] [270/456] PVWJ
[09:45:31] [271/456] IMJW
[09:45:33] [272/456] FNAN
[09:45:34] [273/456] CAGL
[09:45:36] [274/456] IPBG
[09:45:38] [275/456] SMFV
[09:45:38] [276/456] MMMR
[09:45:40] [277/456] MMWM
[09:45:53] 🔄 Retry 1/5 for MMWM in 2.9s
[09:45:53] 🔄 Identity reset
[09:45:55] 🧠 New identity created
[09:45:55] 🔄 Identity reset
[09:45:55] 🔄 Identity rotated (every 10 requests)
[09:46:02] [278/456] FNCM
[09:46:03] [279/456] MDVA
[09:46:05] [280/456] MMET
[09:46:06] [281/456] MIDO
[09:46:08] [282/456] INNP
[09:46:09] [283/456] MIFU
[09:46:11] [284/456] MMSZ
[09:46:12] [285/456] BMXA
[09:46:14] [286/456] MCAA
[09:46:15] [287/456] SCVP
[09:46:16] 🔄 Identity reset
[09:46:16] 🔄 Identity rotated (every 10 requests)
[09:46:17] [288/456] PLUS
[09:46:19] [289/456] MUCK
[09:46:20] [290/456] MTMA
[09:46:22] [291/456] HPVR
[09:46:23] [292/456] PMPK
[09:46:25] [293/456] MAJB
[09:46:26] [294/456] CTRR
[09:46:27] [295/456] MCTG
[09:46:29] [296/456] MACE
[09:46:30] [297/456] AAAS
[09:46:31] 🔄 Identity reset
[09:46:31] 🔄 Identity rotated (every 10 requests)
[09:46:32] [298/456] CPVV
[09:46:34] [299/456] RCHG
[09:46:34] [300/456] MCNE
[09:46:36] [301/456] EMNC
[09:46:37] [302/456] MCAN
[09:46:38] [303/456] TCDM
[09:46:39] [304/456] IRGT
[09:46:41] [305/456] GCMG
[09:46:42] [306/456] MXSN
[09:46:44] [307/456] MXCK
[09:46:45] 🔄 Identity reset
[09:46:45] 🔄 Identity rotated (every 10 requests)
[09:46:46] [308/456] MCRC
[09:46:47] [309/456] RSMI
[09:46:49] [310/456] WAML
[09:46:50] [311/456] MTSC
[09:46:52] [312/456] FMDR
[09:46:53] [313/456] LEPV
[09:46:55] [314/456] MTGD
[09:46:56] [315/456] IMOB
[09:46:58] [316/456] CLMM
[09:46:59] [317/456] PZCD
[09:47:00] 🔄 Identity reset
[09:47:00] 🔄 Identity rotated (every 10 requests)
[09:47:00] [318/456] GOCS
[09:47:02] [319/456] KCMA
[09:47:03] [320/456] CCMP
[09:47:05] [321/456] MTSU
[09:47:06] [322/456] SNGL
[09:47:07] [323/456] MMMC
[09:47:08] [324/456] MMAA
[09:47:10] [325/456] GCDM
[09:47:12] [326/456] KTMV
[09:47:13] [327/456] AETE
[09:47:14] 🔄 Identity reset
[09:47:14] 🔄 Identity rotated (every 10 requests)
[09:47:15] [328/456] OMCS
[09:47:15] [329/456] GDCD
[09:47:17] [330/456] NYMD
[09:47:19] [331/456] RNCV
[09:47:20] [332/456] KKMT
[09:47:22] [333/456] GDTH
[09:47:26] [334/456] KMMV
[09:47:27] [335/456] NHCG
[09:47:29] [336/456] PJDW
[09:47:31] [337/456] MMCV
[09:47:31] 🔄 Identity reset
[09:47:31] 🔄 Identity rotated (every 10 requests)
[09:47:32] [338/456] FQSA
[09:47:40] [339/456] KURL
[09:47:41] [340/456] NNNX
[09:47:42] [341/456] AMAU
[09:47:44] [342/456] VVVM
[09:47:45] [343/456] VECU
[09:47:46] [344/456] WCVR
[09:47:47] [345/456] MTGG
[09:47:49] [346/456] SGTG
[09:47:51] [347/456] MNTG
[09:47:51] 🔄 Identity reset
[09:47:51] 🔄 Identity rotated (every 10 requests)
[09:47:52] [348/456] JDDG
[09:47:54] [349/456] MBTK
[09:47:55] [350/456] SGCD
[09:47:56] [351/456] MCTC
[09:47:57] [352/456] JTPC
[09:47:58] [353/456] SDKT
[09:47:59] [354/456] KRCC
[09:48:01] [355/456] RMMD
[09:48:02] [356/456] AAME
[09:48:05] [357/456] TMWC
[09:48:05] 🔄 Identity reset
[09:48:05] 🔄 Identity rotated (every 10 requests)
[09:48:06] [358/456] NRWY
[09:48:08] [359/456] CITD
[09:48:09] [360/456] VERD
[09:48:10] [361/456] MKSK
[09:48:11] [362/456] STSM
[09:48:13] [363/456] MJDG
[09:48:14] [364/456] RKPM
[09:48:15] [365/456] SSCE
[09:48:17] [366/456] VMAE
[09:48:18] [367/456] SBRU
[09:48:19] 🔄 Identity reset
[09:48:19] 🔄 Identity rotated (every 10 requests)
[09:48:20] [368/456] AMBC
[09:48:22] [369/456] AMLU
[09:48:23] [370/456] INVZ
[09:48:24] [371/456] LGTV
[09:48:25] [372/456] SVAD
[09:48:26] [373/456] SMSA
[09:48:28] [374/456] SPCZ
[09:48:29] [375/456] GTCX
[09:48:30] [376/456] SCSL
[09:48:32] [377/456] SAHU
[09:48:32] 🔄 Identity reset
[09:48:32] 🔄 Identity rotated (every 10 requests)
[09:48:34] [378/456] NCDA
[09:48:34] [379/456] SCCG
[09:48:36] [380/456] VKTL
[09:48:37] [381/456] PUUJ
[09:48:39] [382/456] STEJ
[09:48:40] [383/456] RJAL
[09:48:42] [384/456] ACJC
[09:48:44] [385/456] ARVB
[09:48:45] [386/456] AUBB
[09:48:47] [387/456] GDBR
[09:48:48] 🔄 Identity reset
[09:48:48] 🔄 Identity rotated (every 10 requests)
[09:48:49] [388/456] PVND
[09:48:49] [389/456] BGRJ
[09:48:51] [390/456] RJMM
[09:48:52] [391/456] MCSA
[09:48:54] [392/456] BODA
[09:48:56] [393/456] JAGG
[09:48:57] [394/456] SCGA
[09:48:59] [395/456] LRCM
[09:49:01] [396/456] CPCN
[09:49:02] [397/456] SSTF
[09:49:03] 🔄 Identity reset
[09:49:03] 🔄 Identity rotated (every 10 requests)
[09:49:04] [398/456] SRXP
[09:49:06] [399/456] CNFX
[09:49:08] [400/456] ANDI
[09:49:09] [401/456] SYEW
[09:49:11] [402/456] RCRE
[09:49:13] [403/456] SCRW
[09:49:14] [404/456] MBKR
[09:49:16] [405/456] ASNT
[09:49:17] [406/456] JTMT
[09:49:19] [407/456] SHAY
[09:49:20] 🔄 Identity reset
[09:49:20] 🔄 Identity rotated (every 10 requests)
[09:49:21] [408/456] VRTH
[09:49:26] [409/456] SPTI
[09:49:27] [410/456] DPTD
[09:49:29] [411/456] TGSN
[09:49:30] [412/456] RCWV
[09:49:33] [413/456] OCUR
[09:49:34] [414/456] KSTC
[09:49:36] [415/456] SANI
[09:49:37] [416/456] MLCA
[09:49:39] [417/456] EGCA
[09:49:40] 🔄 Identity reset
[09:49:40] 🔄 Identity rotated (every 10 requests)
[09:49:40] [418/456] SYSN
[09:49:41] [419/456] PKTA
[09:49:43] [420/456] PRCC
[09:49:44] [421/456] KSTR
[09:49:46] [422/456] SNTP
[09:49:48] [423/456] RCHA
[09:49:50] [424/456] SEEA
[09:49:51] [425/456] ALAT
[09:49:53] [426/456] AATV
[09:49:54] [427/456] RJTE
[09:49:55] 🔄 Identity reset
[09:49:55] 🔄 Identity rotated (every 10 requests)
[09:49:56] [428/456] AAPP
[09:49:58] [429/456] PMMH
[09:49:59] [430/456] INRJ
[09:50:01] [431/456] SARB
[09:50:04] [432/456] PCJL
[09:50:05] [433/456] PFJJ
[09:50:08] [434/456] GRDC
[09:50:09] [435/456] BCBA
[09:50:10] [436/456] VIXL
[09:50:12] [437/456] CSTL
[09:50:12] 🔄 Identity reset
[09:50:12] 🔄 Identity rotated (every 10 requests)
[09:50:13] [438/456] MTDK
[09:50:14] [439/456] TDAC
[09:50:15] [440/456] GTDN
[09:50:17] [441/456] TTDE
[09:50:18] [442/456] ASTS
[09:50:20] [443/456] CPNS
[09:50:21] [444/456] PVVW
[09:50:22] [445/456] USEB
[09:50:23] [446/456] DTYN
[09:50:25] [447/456] PVLE
[09:50:26] 🔄 Identity reset
[09:50:26] 🔄 Identity rotated (every 10 requests)
[09:50:27] [448/456] CIPS
[09:50:28] [449/456] PAEG
[09:50:29] [450/456] PTCW
[09:50:30] [451/456] G3SR
[09:50:32] [452/456] PGND
[09:50:34] [453/456] INVM
[09:50:35] [454/456] SPIA
[09:50:37] [455/456] PCSN
[09:50:38] [456/456] PPGV
[09:50:40] 🧹 Deduping shows
[09:50:40] ✅ DONE | Shows=550 | Movies=38
[16:33:05] 🚀 SCRIPT STARTED (enhanced anti‑detection)
[16:33:05] [1/456] FNDB
[16:33:05] 🧠 New identity created
[16:33:06] [2/456] AMBH
[16:33:07] [3/456] PRHN
[16:33:07] [4/456] ACPM
[16:33:08] [5/456] PVFS
[16:33:09] [6/456] AACN
[16:33:11] [7/456] ACAS
[16:33:12] [8/456] CTNR
[16:33:13] [9/456] MMAH
[16:33:14] [10/456] CPMH
[16:33:15] 🔄 Identity reset
[16:33:15] 🔄 Identity rotated (every 10 requests)
[16:33:15] 🔄 Retry 1/5 for CPMH in 2.5s
[16:33:15] 🔄 Identity reset
[16:33:17] 🧠 New identity created
[16:33:17] [11/456] IGMH
[16:33:18] [12/456] ABCS
[16:33:19] [13/456] CMMA
[16:33:20] [14/456] GPRH
[16:33:22] [15/456] PNNG
[16:33:23] [16/456] AMCA
[16:33:24] [17/456] ISTN
[16:33:25] [18/456] PIIC
[16:33:26] [19/456] AHMH
[16:33:27] 🔄 Identity reset
[16:33:27] 🔄 Identity rotated (every 10 requests)
[16:33:27] [20/456] ASHN
[16:33:28] [21/456] INHY
[16:33:29] [22/456] SRMO
[16:33:30] [23/456] PIMH
[16:33:31] [24/456] PVTS
[16:33:32] [25/456] MMCA
[16:33:33] [26/456] AKYJ
[16:33:34] [27/456] BRKH
[16:33:35] [28/456] MAHM
[16:33:36] [29/456] CPHY
[16:33:36] 🔄 Identity reset
[16:33:36] 🔄 Identity rotated (every 10 requests)
[16:33:37] [30/456] PVTP
[16:33:37] [31/456] SMMR
[16:33:38] [32/456] PVHM
[16:33:39] [33/456] SNDY
[16:33:40] [34/456] GOKU
[16:33:41] [35/456] ACEV
[16:33:42] [36/456] PVUM
[16:33:43] [37/456] VSWA
[16:33:44] [38/456] IPRS
[16:33:45] [39/456] BKMV
[16:33:46] 🔄 Identity reset
[16:33:46] 🔄 Identity rotated (every 10 requests)
[16:33:46] [40/456] PVYH
[16:33:47] [41/456] INKM
[16:33:48] [42/456] ARJU
[16:33:49] [43/456] JJPP
[16:33:50] [44/456] SSRM
[16:33:52] [45/456] HMHD
[16:33:53] [46/456] SNKH
[16:33:54] [47/456] ACHI
[16:33:54] [48/456] MRAA
[16:33:55] [49/456] INMH
[16:33:56] 🔄 Identity reset
[16:33:56] 🔄 Identity rotated (every 10 requests)
[16:33:56] [50/456] ARMH
[16:33:57] [51/456] DVRR
[16:33:59] [52/456] SUDA
[16:34:00] [53/456] MCSS
[16:34:01] [54/456] VRKC
[16:34:02] [55/456] PRCX
[16:34:02] [56/456] ASJY
[16:34:03] [57/456] MTHY
[16:34:04] [58/456] SRCM
[16:34:05] [59/456] TVHY
[16:34:05] 🔄 Identity reset
[16:34:05] 🔄 Identity rotated (every 10 requests)
[16:34:06] [60/456] STHD
[16:34:07] [61/456] CPCL
[16:34:08] [62/456] PSMJ
[16:34:09] [63/456] MRGT
[16:34:10] [64/456] ARYH
[16:34:10] [65/456] VTRB
[16:34:12] [66/456] SCHC
[16:34:14] [67/456] MRRG
[16:34:15] [68/456] SPCB
[16:34:16] [69/456] AMCM
[16:34:17] 🔄 Identity reset
[16:34:17] 🔄 Identity rotated (every 10 requests)
[16:34:17] [70/456] IVNM
[16:34:18] [71/456] TRHY
[16:34:19] [72/456] PTTH
[16:34:20] [73/456] RKMH
[16:34:22] [74/456] PRCS
[16:34:23] [75/456] VAJA
[16:34:24] [76/456] BJNG
[16:34:25] [77/456] SCVM
[16:34:26] [78/456] GNHB
[16:34:26] [79/456] TLUR
[16:34:27] 🔄 Identity reset
[16:34:27] 🔄 Identity rotated (every 10 requests)
[16:34:27] 🔄 Retry 1/5 for TLUR in 2.9s
[16:34:27] 🔄 Identity reset
[16:34:30] 🧠 New identity created
[16:34:30] 🔄 Retry 2/5 for TLUR in 4.4s
[16:34:30] 🔄 Identity reset
[16:34:34] 🧠 New identity created
[16:34:35] [80/456] UKCC
[16:34:36] [81/456] SRKR
[16:34:36] [82/456] RMKN
[16:34:37] [83/456] SLRT
[16:34:38] [84/456] LKMT
[16:34:39] [85/456] SSRJ
[16:34:40] [86/456] SPHT
[16:34:41] [87/456] ANTT
[16:34:42] 🔄 Identity reset
[16:34:42] 🔄 Identity rotated (every 10 requests)
[16:34:43] [88/456] SRCH
[16:34:44] [89/456] SRCA
[16:34:45] [90/456] ARTH
[16:34:45] [91/456] MCBH
[16:34:46] [92/456] SNIB
[16:34:47] [93/456] SART
[16:34:48] [94/456] SKTA
[16:34:50] [95/456] YAKT
[16:34:51] [96/456] MLCK
[16:34:52] [97/456] ANTS
[16:34:52] 🔄 Identity reset
[16:34:52] 🔄 Identity rotated (every 10 requests)
[16:34:53] [98/456] DGCA
[16:34:54] [99/456] SGMP
[16:34:54] [100/456] ASWN
[16:34:55] [101/456] KFVU
[16:34:56] [102/456] POOR
[16:34:57] [103/456] GKDN
[16:34:58] [104/456] EOSE
[16:34:59] [105/456] GTTT
[16:35:00] [106/456] ARRO
[16:35:01] [107/456] CMMK
[16:35:02] 🔄 Identity reset
[16:35:02] 🔄 Identity rotated (every 10 requests)
[16:35:02] [108/456] MSCN
[16:35:03] [109/456] GDKH
[16:35:03] [110/456] DLMT
[16:35:04] [111/456] PVMF
[16:35:05] [112/456] CPCK
[16:35:06] [113/456] VMHE
[16:35:07] [114/456] PVLC
[16:35:08] [115/456] PCVB
[16:35:09] [116/456] SNYK
[16:35:11] [117/456] KTEK
[16:35:11] 🔄 Identity reset
[16:35:11] 🔄 Identity rotated (every 10 requests)
[16:35:12] [118/456] PCNM
[16:35:12] [119/456] NTTR
[16:35:13] [120/456] CPSK
[16:35:15] [121/456] JMMA
[16:35:16] [122/456] GCFK
[16:35:17] [123/456] MYCA
[16:35:18] [124/456] KSNP
[16:35:20] [125/456] PMCE
[16:35:21] [126/456] SCKI
[16:35:22] [127/456] FSMA
[16:35:22] 🔄 Identity reset
[16:35:22] 🔄 Identity rotated (every 10 requests)
[16:35:23] [128/456] CETA
[16:35:24] [129/456] MCIK
[16:35:25] [130/456] MYCR
[16:35:26] [131/456] EVMP
[16:35:26] [132/456] SSGT
[16:35:28] [133/456] KCTK
[16:35:29] [134/456] ZTKC
[16:35:30] [135/456] MMTA
[16:35:31] [136/456] MAJT
[16:35:31] [137/456] ACPK
[16:35:32] 🔄 Identity reset
[16:35:32] 🔄 Identity rotated (every 10 requests)
[16:35:32] [138/456] JMAX
[16:35:33] [139/456] SETK
[16:35:34] [140/456] CAIS
[16:35:35] [141/456] AGCD
[16:35:36] [142/456] URCL
[16:35:37] [143/456] VTDS
[16:35:38] [144/456] JCNM
[16:35:39] [145/456] KCAM
[16:35:40] [146/456] ADCU
[16:35:41] [147/456] GXYN
[16:35:41] 🔄 Identity reset
[16:35:41] 🔄 Identity rotated (every 10 requests)
[16:35:41] [148/456] SMJG
[16:35:42] [149/456] EYCJ
[16:35:43] [150/456] CCEJ
[16:35:44] [151/456] MARS
[16:35:45] [152/456] CPVJ
[16:35:46] [153/456] INVP
[16:35:47] [154/456] CPOV
[16:35:47] [155/456] VIJK
[16:35:48] [156/456] LAIM
[16:35:49] [157/456] STHV
[16:35:50] 🔄 Identity reset
[16:35:50] 🔄 Identity rotated (every 10 requests)
[16:35:51] [158/456] SVLJ
[16:35:52] [159/456] ATVJ
[16:35:52] [160/456] JTSC
[16:35:53] [161/456] RMTV
[16:35:55] [162/456] MGGG
[16:35:56] [163/456] SWTH
[16:35:57] [164/456] INVJ
[16:35:57] [165/456] PRSV
[16:35:58] [166/456] JATV
[16:35:59] [167/456] RCVD
[16:36:00] 🔄 Identity reset
[16:36:00] 🔄 Identity rotated (every 10 requests)
[16:36:00] [168/456] BDMA
[16:36:01] [169/456] BLJI
[16:36:14] 🔄 Retry 1/5 for BLJI in 2.8s
[16:36:14] 🔄 Identity reset
[16:36:16] 🧠 New identity created
[16:36:17] [170/456] SWOT
[16:36:18] [171/456] SWRN
[16:36:19] [172/456] TVRA
[16:36:21] [173/456] NVRN
[16:36:21] [174/456] SIKC
[16:36:22] [175/456] VAKR
[16:36:23] [176/456] SYLN
[16:36:24] 🔄 Identity reset
[16:36:24] 🔄 Identity rotated (every 10 requests)
[16:36:24] [177/456] KLJL
[16:36:25] [178/456] LKMY
[16:36:26] [179/456] VSLY
[16:36:27] [180/456] CIKO
[16:36:28] [181/456] GPBG
[16:36:29] [182/456] CECM
[16:36:31] [183/456] SLKB
[16:36:32] [184/456] MTBO
[16:36:33] [185/456] SSHB
[16:36:33] [186/456] VPCS
[16:36:34] 🔄 Identity reset
[16:36:34] 🔄 Identity rotated (every 10 requests)
[16:36:34] [187/456] RCSR
[16:36:35] [188/456] RJRM
[16:36:36] [189/456] KPPB
[16:36:37] [190/456] SEDC
[16:36:38] [191/456] SCAI
[16:36:39] [192/456] RMTR
[16:36:40] [193/456] ASST
[16:36:41] [194/456] GCAK
[16:36:42] [195/456] ANNK
[16:36:43] [196/456] KDDF
[16:36:43] 🔄 Identity reset
[16:36:43] 🔄 Identity rotated (every 10 requests)
[16:36:44] [197/456] NRDP
[16:36:44] [198/456] PLAK
[16:36:45] [199/456] GCMC
[16:36:46] [200/456] ALPY
[16:36:47] [201/456] SICE
[16:36:48] [202/456] SISR
[16:36:49] [203/456] SRPZ
[16:36:50] [204/456] SRSW
[16:36:51] [205/456] SUYA
[16:36:51] [206/456] AMMT
[16:36:52] 🔄 Identity reset
[16:36:52] 🔄 Identity rotated (every 10 requests)
[16:36:52] [207/456] BHCU
[16:36:53] [208/456] KLPA
[16:36:54] [209/456] NVKH
[16:36:55] [210/456] JMRC
[16:36:57] [211/456] KTTT
[16:36:58] [212/456] MAGH
[16:36:59] [213/456] MMMX
[16:37:00] [214/456] SALJ
[16:37:01] [215/456] GTJA
[16:37:02] [216/456] MAHT
[16:37:03] 🔄 Identity reset
[16:37:03] 🔄 Identity rotated (every 10 requests)
[16:37:03] [217/456] SSNN
[16:37:05] [218/456] ARRP
[16:37:06] [219/456] ATNS
[16:37:07] [220/456] SKDT
[16:37:08] [221/456] ACAT
[16:37:10] [222/456] APRC
[16:37:11] [223/456] SWAG
[16:37:12] [224/456] SDPT
[16:37:13] [225/456] STPS
[16:37:13] [226/456] WWCZ
[16:37:14] 🔄 Identity reset
[16:37:14] 🔄 Identity rotated (every 10 requests)
[16:37:14] [227/456] LLCH
[16:37:15] [228/456] MZHA
[16:37:16] [229/456] CRJG
[16:37:17] [230/456] JGTK
[16:37:18] [231/456] KCSR
[16:37:19] [232/456] CHTL
[16:37:20] [233/456] EDSR
[16:37:20] [234/456] CSWO
[16:37:21] [235/456] CPVM
[16:37:23] [236/456] MXBY
[16:37:23] 🔄 Identity reset
[16:37:24] 🔄 Identity rotated (every 10 requests)
[16:37:24] [237/456] FMMA
[16:37:25] [238/456] POVI
[16:37:25] [239/456] MTHB
[16:37:26] [240/456] INRC
[16:37:27] [241/456] PIPP
[16:37:28] [242/456] BMXC
[16:37:30] [243/456] PCMM
[16:37:31] [244/456] PMKM
[16:37:32] [245/456] GATY
[16:37:33] [246/456] IMCM
[16:37:33] 🔄 Identity reset
[16:37:33] 🔄 Identity rotated (every 10 requests)
[16:37:34] [247/456] POPE
[16:37:35] [248/456] MTCR
[16:37:36] [249/456] PVAE
[16:37:37] [250/456] PVMI
[16:37:37] [251/456] CPNM
[16:37:39] [252/456] FMRL
[16:37:40] [253/456] MCIW
[16:37:41] [254/456] MXBO
[16:37:41] [255/456] FMKY
[16:37:42] [256/456] FMDA
[16:37:43] 🔄 Identity reset
[16:37:43] 🔄 Identity rotated (every 10 requests)
[16:37:43] [257/456] THAB
[16:37:44] [258/456] PRCW
[16:37:45] [259/456] PITI
[16:37:46] [260/456] MCFF
[16:37:47] [261/456] PDDV
[16:37:48] [262/456] MCRM
[16:37:48] [263/456] KKMB
[16:37:49] [264/456] INKO
[16:37:50] [265/456] PLXP
[16:37:52] [266/456] MMHA
[16:37:52] 🔄 Identity reset
[16:37:52] 🔄 Identity rotated (every 10 requests)
[16:37:53] [267/456] FMVS
[16:37:54] [268/456] POLM
[16:37:54] [269/456] STER
[16:37:55] [270/456] PVWJ
[16:37:56] [271/456] IMJW
[16:37:57] [272/456] FNAN
[16:37:58] [273/456] CAGL
[16:37:59] [274/456] IPBG
[16:38:00] [275/456] SMFV
[16:38:01] [276/456] MMMR
[16:38:02] 🔄 Identity reset
[16:38:02] 🔄 Identity rotated (every 10 requests)
[16:38:02] [277/456] MMWM
[16:38:03] [278/456] FNCM
[16:38:04] [279/456] MDVA
[16:38:05] [280/456] MMET
[16:38:06] [281/456] MIDO
[16:38:07] [282/456] INNP
[16:38:07] [283/456] MIFU
[16:38:08] [284/456] MMSZ
[16:38:10] [285/456] BMXA
[16:38:11] [286/456] MCAA
[16:38:12] 🔄 Identity reset
[16:38:12] 🔄 Identity rotated (every 10 requests)
[16:38:12] [287/456] SCVP
[16:38:13] [288/456] PLUS
[16:38:14] [289/456] MUCK
[16:38:15] [290/456] MTMA
[16:38:16] [291/456] HPVR
[16:38:17] [292/456] PMPK
[16:38:18] [293/456] MAJB
[16:38:19] [294/456] CTRR
[16:38:20] [295/456] MCTG
[16:38:21] [296/456] MACE
[16:38:22] 🔄 Identity reset
[16:38:22] 🔄 Identity rotated (every 10 requests)
[16:38:22] [297/456] AAAS
[16:38:23] [298/456] CPVV
[16:38:24] [299/456] RCHG
[16:38:25] [300/456] MCNE
[16:38:26] [301/456] EMNC
[16:38:27] [302/456] MCAN
[16:38:28] [303/456] TCDM
[16:38:29] [304/456] IRGT
[16:38:30] [305/456] GCMG
[16:38:31] [306/456] MXSN
[16:38:32] 🔄 Identity reset
[16:38:32] 🔄 Identity rotated (every 10 requests)
[16:38:32] [307/456] MXCK
[16:38:33] [308/456] MCRC
[16:38:34] [309/456] RSMI
[16:38:35] [310/456] WAML
[16:38:35] [311/456] MTSC
[16:38:36] [312/456] FMDR
[16:38:37] [313/456] LEPV
[16:38:38] [314/456] MTGD
[16:38:39] [315/456] IMOB
[16:38:41] [316/456] CLMM
[16:38:42] 🔄 Identity reset
[16:38:42] 🔄 Identity rotated (every 10 requests)
[16:38:43] [317/456] PZCD
[16:38:44] [318/456] GOCS
[16:38:44] [319/456] KCMA
[16:38:45] [320/456] CCMP
[16:38:46] [321/456] MTSU
[16:38:47] [322/456] SNGL
[16:38:48] [323/456] MMMC
[16:38:49] [324/456] MMAA
[16:38:50] [325/456] GCDM
[16:38:51] [326/456] KTMV
[16:38:51] 🔄 Identity reset
[16:38:51] 🔄 Identity rotated (every 10 requests)
[16:38:52] [327/456] AETE
[16:38:53] [328/456] OMCS
[16:38:54] [329/456] GDCD
[16:38:55] [330/456] NYMD
[16:38:56] [331/456] RNCV
[16:38:58] [332/456] KKMT
[16:39:00] [333/456] GDTH
[16:39:00] [334/456] KMMV
[16:39:01] [335/456] NHCG
[16:39:02] [336/456] PJDW
[16:39:03] 🔄 Identity reset
[16:39:03] 🔄 Identity rotated (every 10 requests)
[16:39:03] [337/456] MMCV
[16:39:04] [338/456] FQSA
[16:39:05] [339/456] KURL
[16:39:06] [340/456] NNNX
[16:39:07] [341/456] AMAU
[16:39:08] [342/456] VVVM
[16:39:09] [343/456] VECU
[16:39:10] [344/456] WCVR
[16:39:11] [345/456] MTGG
[16:39:12] [346/456] SGTG
[16:39:12] 🔄 Identity reset
[16:39:12] 🔄 Identity rotated (every 10 requests)
[16:39:12] [347/456] MNTG
[16:39:13] [348/456] JDDG
[16:39:14] [349/456] MBTK
[16:39:15] [350/456] SGCD
[16:39:16] [351/456] MCTC
[16:39:17] [352/456] JTPC
[16:39:18] [353/456] SDKT
[16:39:19] [354/456] KRCC
[16:39:20] [355/456] RMMD
[16:39:21] [356/456] AAME
[16:39:22] 🔄 Identity reset
[16:39:22] 🔄 Identity rotated (every 10 requests)
[16:39:22] [357/456] TMWC
[16:39:23] [358/456] NRWY
[16:39:25] [359/456] CITD
[16:39:26] [360/456] VERD
[16:39:27] [361/456] MKSK
[16:39:28] [362/456] STSM
[16:39:29] [363/456] MJDG
[16:39:29] [364/456] RKPM
[16:39:30] [365/456] SSCE
[16:39:31] [366/456] VMAE
[16:39:32] 🔄 Identity reset
[16:39:32] 🔄 Identity rotated (every 10 requests)
[16:39:33] [367/456] SBRU
[16:39:34] [368/456] AMBC
[16:39:35] [369/456] AMLU
[16:39:36] [370/456] INVZ
[16:39:37] [371/456] LGTV
[16:39:38] [372/456] SVAD
[16:39:39] [373/456] SMSA
[16:39:39] [374/456] SPCZ
[16:39:40] [375/456] GTCX
[16:39:41] [376/456] SCSL
[16:39:42] 🔄 Identity reset
[16:39:42] 🔄 Identity rotated (every 10 requests)
[16:39:42] [377/456] SAHU
[16:39:43] [378/456] NCDA
[16:39:44] [379/456] SCCG
[16:39:46] [380/456] VKTL
[16:39:47] [381/456] PUUJ
[16:39:48] [382/456] STEJ
[16:39:49] [383/456] RJAL
[16:39:50] [384/456] ACJC
[16:39:50] [385/456] ARVB
[16:39:52] [386/456] AUBB
[16:39:53] 🔄 Identity reset
[16:39:53] 🔄 Identity rotated (every 10 requests)
[16:39:53] [387/456] GDBR
[16:39:54] [388/456] PVND
[16:39:55] [389/456] BGRJ
[16:39:56] [390/456] RJMM
[16:39:57] [391/456] MCSA
[16:39:58] [392/456] BODA
[16:39:59] [393/456] JAGG
[16:40:00] [394/456] SCGA
[16:40:00] [395/456] LRCM
[16:40:01] [396/456] CPCN
[16:40:02] 🔄 Identity reset
[16:40:02] 🔄 Identity rotated (every 10 requests)
[16:40:02] [397/456] SSTF
[16:40:03] [398/456] SRXP
[16:40:04] [399/456] CNFX
[16:40:05] [400/456] ANDI
[16:40:06] [401/456] SYEW
[16:40:07] [402/456] RCRE
[16:40:08] [403/456] SCRW
[16:40:10] [404/456] MBKR
[16:40:11] [405/456] ASNT
[16:40:12] [406/456] JTMT
[16:40:12] 🔄 Identity reset
[16:40:12] 🔄 Identity rotated (every 10 requests)
[16:40:13] [407/456] SHAY
[16:40:14] [408/456] VRTH
[16:40:15] [409/456] SPTI
[16:40:15] [410/456] DPTD
[16:40:16] [411/456] TGSN
[16:40:17] [412/456] RCWV
[16:40:18] [413/456] OCUR
[16:40:19] [414/456] KSTC
[16:40:20] [415/456] SANI
[16:40:21] [416/456] MLCA
[16:40:21] 🔄 Identity reset
[16:40:21] 🔄 Identity rotated (every 10 requests)
[16:40:22] [417/456] EGCA
[16:40:23] [418/456] SYSN
[16:40:23] [419/456] PKTA
[16:40:24] [420/456] PRCC
[16:40:25] [421/456] KSTR
[16:40:26] [422/456] SNTP
[16:40:27] [423/456] RCHA
[16:40:28] [424/456] SEEA
[16:40:29] [425/456] ALAT
[16:40:30] [426/456] AATV
[16:40:31] 🔄 Identity reset
[16:40:31] 🔄 Identity rotated (every 10 requests)
[16:40:32] [427/456] RJTE
[16:40:33] [428/456] AAPP
[16:40:34] [429/456] PMMH
[16:40:35] [430/456] INRJ
[16:40:36] [431/456] SARB
[16:40:37] [432/456] PCJL
[16:40:38] [433/456] PFJJ
[16:40:39] [434/456] GRDC
[16:40:40] [435/456] BCBA
[16:40:41] [436/456] VIXL
[16:40:42] 🔄 Identity reset
[16:40:42] 🔄 Identity rotated (every 10 requests)
[16:40:42] [437/456] CSTL
[16:40:43] [438/456] MTDK
[16:40:45] [439/456] TDAC
[16:40:45] [440/456] GTDN
[16:40:46] [441/456] TTDE
[16:40:47] [442/456] ASTS
[16:40:48] [443/456] CPNS
[16:40:49] [444/456] PVVW
[16:40:50] [445/456] USEB
[16:40:51] [446/456] DTYN
[16:40:52] 🔄 Identity reset
[16:40:52] 🔄 Identity rotated (every 10 requests)
[16:40:52] [447/456] PVLE
[16:40:53] [448/456] CIPS
[16:40:54] [449/456] PAEG
[16:40:55] [450/456] PTCW
[16:40:56] [451/456] G3SR
[16:40:57] [452/456] PGND
[16:40:58] [453/456] INVM
[16:40:59] [454/456] SPIA
[16:41:00] [455/456] PCSN
[16:41:01] [456/456] PPGV
[16:41:01] 🔄 Identity reset
[16:41:01] 🔄 Identity rotated (every 10 requests)
[16:41:02] 🧹 Deduping shows
[16:41:02] ✅ DONE | Shows=608 | Movies=37
[12:23:01] 🚀 SCRIPT STARTED (enhanced anti‑detection)
[12:23:01] [1/456] FNDB
[12:23:01] 🧠 New identity created
[12:23:02] [2/456] AMBH
[12:23:02] [3/456] PRHN
[12:23:03] [4/456] ACPM
[12:23:05] [5/456] PVFS
[12:23:06] [6/456] AACN
[12:23:07] [7/456] ACAS
[12:23:09] [8/456] CTNR
[12:23:10] [9/456] MMAH
[12:23:11] [10/456] CPMH
[12:23:11] 🔄 Identity reset
[12:23:11] 🔄 Identity rotated (every 10 requests)
[12:23:11] [11/456] IGMH
[12:23:12] [12/456] ABCS
[12:23:14] [13/456] CMMA
[12:23:15] [14/456] GPRH
[12:23:16] [15/456] PNNG
[12:23:17] [16/456] AMCA
[12:23:18] [17/456] ISTN
[12:23:20] [18/456] PIIC
[12:23:21] [19/456] AHMH
[12:23:22] [20/456] ASHN
[12:23:23] 🔄 Identity reset
[12:23:23] 🔄 Identity rotated (every 10 requests)
[12:23:23] [21/456] INHY
[12:23:24] [22/456] SRMO
[12:23:25] [23/456] PIMH
[12:23:26] [24/456] PVTS
[12:23:27] [25/456] MMCA
[12:23:28] [26/456] AKYJ
[12:23:29] [27/456] BRKH
[12:23:30] [28/456] MAHM
[12:23:30] [29/456] CPHY
[12:23:31] [30/456] PVTP
[12:23:32] 🔄 Identity reset
[12:23:32] 🔄 Identity rotated (every 10 requests)
[12:23:32] [31/456] SMMR
[12:23:34] [32/456] PVHM
[12:23:35] [33/456] SNDY
[12:23:36] [34/456] GOKU
[12:23:37] [35/456] ACEV
[12:23:37] [36/456] PVUM
[12:23:38] [37/456] VSWA
[12:23:40] [38/456] IPRS
[12:23:41] [39/456] BKMV
[12:23:42] [40/456] PVYH
[12:23:42] 🔄 Identity reset
[12:23:42] 🔄 Identity rotated (every 10 requests)
[12:23:43] [41/456] INKM
[12:23:44] [42/456] ARJU
[12:23:44] [43/456] JJPP
[12:23:45] [44/456] SSRM
[12:23:46] [45/456] HMHD
[12:23:48] [46/456] SNKH
[12:23:49] [47/456] ACHI
[12:23:50] [48/456] MRAA
[12:23:51] [49/456] INMH
[12:23:52] [50/456] ARMH
[12:23:53] 🔄 Identity reset
[12:23:53] 🔄 Identity rotated (every 10 requests)
[12:23:54] [51/456] DVRR
[12:23:55] [52/456] SUDA
[12:23:56] [53/456] MCSS
[12:23:56] [54/456] VRKC
[12:23:57] [55/456] PRCX
[12:23:58] [56/456] ASJY
[12:23:59] [57/456] MTHY
[12:24:00] [58/456] SRCM
[12:24:01] [59/456] TVHY
[12:24:02] [60/456] STHD
[12:24:02] 🔄 Identity reset
[12:24:02] 🔄 Identity rotated (every 10 requests)
[12:24:03] [61/456] CPCL
[12:24:04] [62/456] PSMJ
[12:24:05] [63/456] MRGT
[12:24:05] [64/456] ARYH
[12:24:06] [65/456] VTRB
[12:24:08] [66/456] SCHC
[12:24:09] [67/456] MRRG
[12:24:10] [68/456] SPCB
[12:24:11] [69/456] AMCM
[12:24:11] [70/456] IVNM
[12:24:12] 🔄 Identity reset
[12:24:12] 🔄 Identity rotated (every 10 requests)
[12:24:12] [71/456] TRHY
[12:24:13] [72/456] PTTH
[12:24:14] [73/456] RKMH
[12:24:15] [74/456] PRCS
[12:24:16] [75/456] VAJA
[12:24:17] [76/456] BJNG
[12:24:19] [77/456] SCVM
[12:24:20] [78/456] GNHB
[12:24:21] [79/456] TLUR
[12:24:22] [80/456] UKCC
[12:24:23] 🔄 Identity reset
[12:24:23] 🔄 Identity rotated (every 10 requests)
[12:24:23] 🔄 Retry 1/5 for UKCC in 2.8s
[12:24:23] 🔄 Identity reset
[12:24:26] 🧠 New identity created
[12:24:26] [81/456] SRKR
[12:24:27] [82/456] RMKN
[12:24:28] [83/456] SLRT
[12:24:28] [84/456] LKMT
[12:24:29] [85/456] SSRJ
[12:24:30] [86/456] SPHT
[12:24:31] [87/456] ANTT
[12:24:32] [88/456] SRCH
[12:24:33] [89/456] SRCA
[12:24:34] 🔄 Identity reset
[12:24:34] 🔄 Identity rotated (every 10 requests)
[12:24:35] [90/456] ARTH
[12:24:35] [91/456] MCBH
[12:24:36] [92/456] SNIB
[12:24:37] [93/456] SART
[12:24:38] [94/456] SKTA
[12:24:39] [95/456] YAKT
[12:24:41] [96/456] MLCK
[12:24:42] [97/456] ANTS
[12:24:43] [98/456] DGCA
[12:24:43] [99/456] SGMP
[12:24:44] 🔄 Identity reset
[12:24:44] 🔄 Identity rotated (every 10 requests)
[12:24:44] 🔄 Retry 1/5 for SGMP in 2.4s
[12:24:44] 🔄 Identity reset
[12:24:47] 🧠 New identity created
[12:24:47] [100/456] ASWN
[12:24:48] [101/456] KFVU
[12:24:49] [102/456] POOR
[12:24:50] [103/456] GKDN
[12:24:51] [104/456] EOSE
[12:24:52] [105/456] GTTT
[12:24:53] [106/456] ARRO
[12:24:54] [107/456] CMMK
[12:24:55] [108/456] MSCN
[12:24:55] 🔄 Identity reset
[12:24:55] 🔄 Identity rotated (every 10 requests)
[12:24:57] [109/456] GDKH
[12:24:57] [110/456] DLMT
[12:24:58] [111/456] PVMF
[12:25:00] [112/456] CPCK
[12:25:01] [113/456] VMHE
[12:25:02] [114/456] PVLC
[12:25:03] [115/456] PCVB
[12:25:04] [116/456] SNYK
[12:25:05] [117/456] KTEK
[12:25:06] [118/456] PCNM
[12:25:07] 🔄 Identity reset
[12:25:07] 🔄 Identity rotated (every 10 requests)
[12:25:07] [119/456] NTTR
[12:25:08] [120/456] CPSK
[12:25:09] [121/456] JMMA
[12:25:10] [122/456] GCFK
[12:25:11] [123/456] MYCA
[12:25:12] [124/456] KSNP
[12:25:13] [125/456] PMCE
[12:25:14] [126/456] SCKI
[12:25:15] [127/456] FSMA
[12:25:16] [128/456] CETA
[12:25:16] 🔄 Identity reset
[12:25:16] 🔄 Identity rotated (every 10 requests)
[12:25:17] [129/456] MCIK
[12:25:18] [130/456] MYCR
[12:25:19] [131/456] EVMP
[12:25:21] [132/456] SSGT
[12:25:22] [133/456] KCTK
[12:25:23] [134/456] ZTKC
[12:25:23] [135/456] MMTA
[12:25:25] [136/456] MAJT
[12:25:26] [137/456] ACPK
[12:25:27] [138/456] JMAX
[12:25:28] 🔄 Identity reset
[12:25:28] 🔄 Identity rotated (every 10 requests)
[12:25:28] 🔄 Retry 1/5 for JMAX in 2.2s
[12:25:28] 🔄 Identity reset
[12:25:30] 🧠 New identity created
[12:25:30] [139/456] SETK
[12:25:31] [140/456] CAIS
[12:25:32] [141/456] AGCD
[12:25:33] [142/456] URCL
[12:25:34] [143/456] VTDS
[12:25:35] [144/456] JCNM
[12:25:36] [145/456] KCAM
[12:25:37] [146/456] ADCU
[12:25:38] [147/456] GXYN
[12:25:39] 🔄 Identity reset
[12:25:39] 🔄 Identity rotated (every 10 requests)
[12:25:39] [148/456] SMJG
[12:25:40] [149/456] EYCJ
[12:25:41] [150/456] CCEJ
[12:25:42] [151/456] MARS
[12:25:43] [152/456] CPVJ
[12:25:44] [153/456] INVP
[12:25:45] [154/456] CPOV
[12:25:46] [155/456] VIJK
[12:25:47] [156/456] LAIM
[12:25:48] [157/456] STHV
[12:25:49] 🔄 Identity reset
[12:25:49] 🔄 Identity rotated (every 10 requests)
[12:25:49] [158/456] SVLJ
[12:25:50] [159/456] ATVJ
[12:25:52] [160/456] JTSC
[12:25:53] [161/456] RMTV
[12:25:54] [162/456] MGGG
[12:25:56] [163/456] SWTH
[12:25:57] [164/456] INVJ
[12:25:58] [165/456] PRSV
[12:25:59] [166/456] JATV
[12:26:00] [167/456] RCVD
[12:26:01] 🔄 Identity reset
[12:26:01] 🔄 Identity rotated (every 10 requests)
[12:26:01] 🔄 Retry 1/5 for RCVD in 2.7s
[12:26:01] 🔄 Identity reset
[12:26:04] 🧠 New identity created
[12:26:04] [168/456] BDMA
[12:26:05] [169/456] BLJI
[12:26:06] [170/456] SWOT
[12:26:07] [171/456] SWRN
[12:26:08] [172/456] TVRA
[12:26:10] [173/456] NVRN
[12:26:11] [174/456] SIKC
[12:26:12] [175/456] VAKR
[12:26:14] [176/456] SYLN
[12:26:14] 🔄 Identity reset
[12:26:14] 🔄 Identity rotated (every 10 requests)
[12:26:15] [177/456] KLJL
[12:26:16] [178/456] LKMY
[12:26:17] [179/456] VSLY
[12:26:18] [180/456] CIKO
[12:26:19] [181/456] GPBG
[12:26:20] [182/456] CECM
[12:26:21] [183/456] SLKB
[12:26:22] [184/456] MTBO
[12:26:23] [185/456] SSHB
[12:26:24] [186/456] VPCS
[12:26:25] 🔄 Identity reset
[12:26:25] 🔄 Identity rotated (every 10 requests)
[12:26:26] [187/456] RCSR
[12:26:27] [188/456] RJRM
[12:26:28] [189/456] KPPB
[12:26:29] [190/456] SEDC
[12:26:29] [191/456] SCAI
[12:26:30] [192/456] RMTR
[12:26:31] [193/456] ASST
[12:26:32] [194/456] GCAK
[12:26:34] [195/456] ANNK
[12:26:35] [196/456] KDDF
[12:26:35] 🔄 Identity reset
[12:26:35] 🔄 Identity rotated (every 10 requests)
[12:26:36] [197/456] NRDP
[12:26:37] [198/456] PLAK
[12:26:38] [199/456] GCMC
[12:26:39] [200/456] ALPY
[12:26:39] [201/456] SICE
[12:26:40] [202/456] SISR
[12:26:41] [203/456] SRPZ
[12:26:42] [204/456] SRSW
[12:26:43] [205/456] SUYA
[12:26:44] [206/456] AMMT
[12:26:45] 🔄 Identity reset
[12:26:45] 🔄 Identity rotated (every 10 requests)
[12:26:45] [207/456] BHCU
[12:26:46] [208/456] KLPA
[12:26:47] [209/456] NVKH
[12:26:48] [210/456] JMRC
[12:26:49] [211/456] KTTT
[12:26:50] [212/456] MAGH
[12:26:51] [213/456] MMMX
[12:26:52] [214/456] SALJ
[12:26:54] [215/456] GTJA
[12:26:55] [216/456] MAHT
[12:26:55] 🔄 Identity reset
[12:26:55] 🔄 Identity rotated (every 10 requests)
[12:26:56] [217/456] SSNN
[12:26:56] [218/456] ARRP
[12:26:57] [219/456] ATNS
[12:26:58] [220/456] SKDT
[12:27:00] [221/456] ACAT
[12:27:00] [222/456] APRC
[12:27:02] [223/456] SWAG
[12:27:03] [224/456] SDPT
[12:27:04] [225/456] STPS
[12:27:05] [226/456] WWCZ
[12:27:05] 🔄 Identity reset
[12:27:05] 🔄 Identity rotated (every 10 requests)
[12:27:06] [227/456] LLCH
[12:27:07] [228/456] MZHA
[12:27:08] [229/456] CRJG
[12:27:09] [230/456] JGTK
[12:27:11] [231/456] KCSR
[12:27:12] [232/456] CHTL
[12:27:13] [233/456] EDSR
[12:27:14] [234/456] CSWO
[12:27:15] [235/456] CPVM
[12:27:16] [236/456] MXBY
[12:27:17] 🔄 Identity reset
[12:27:17] 🔄 Identity rotated (every 10 requests)
[12:27:17] [237/456] FMMA
[12:27:18] [238/456] POVI
[12:27:19] [239/456] MTHB
[12:27:21] [240/456] INRC
[12:27:23] [241/456] PIPP
[12:27:24] [242/456] BMXC
[12:27:25] [243/456] PCMM
[12:27:26] [244/456] PMKM
[12:27:27] [245/456] GATY
[12:27:28] [246/456] IMCM
[12:27:28] 🔄 Identity reset
[12:27:28] 🔄 Identity rotated (every 10 requests)
[12:27:29] [247/456] POPE
[12:27:30] [248/456] MTCR
[12:27:31] [249/456] PVAE
[12:27:31] [250/456] PVMI
[12:27:32] [251/456] CPNM
[12:27:33] [252/456] FMRL
[12:27:34] [253/456] MCIW
[12:27:35] [254/456] MXBO
[12:27:37] [255/456] FMKY
[12:27:37] [256/456] FMDA
[12:27:38] 🔄 Identity reset
[12:27:38] 🔄 Identity rotated (every 10 requests)
[12:27:39] [257/456] THAB
[12:27:39] [258/456] PRCW
[12:27:40] [259/456] PITI
[12:27:41] [260/456] MCFF
[12:27:42] [261/456] PDDV
[12:27:43] [262/456] MCRM
[12:27:44] [263/456] KKMB
[12:27:45] [264/456] INKO
[12:27:46] [265/456] PLXP
[12:27:47] [266/456] MMHA
[12:27:48] 🔄 Identity reset
[12:27:48] 🔄 Identity rotated (every 10 requests)
[12:27:48] [267/456] FMVS
[12:27:49] [268/456] POLM
[12:27:50] [269/456] STER
[12:27:51] [270/456] PVWJ
[12:27:52] [271/456] IMJW
[12:27:53] [272/456] FNAN
[12:27:54] [273/456] CAGL
[12:27:54] [274/456] IPBG
[12:27:55] [275/456] SMFV
[12:27:56] [276/456] MMMR
[12:27:57] 🔄 Identity reset
[12:27:57] 🔄 Identity rotated (every 10 requests)
[12:27:57] [277/456] MMWM
[12:27:59] [278/456] FNCM
[12:28:00] [279/456] MDVA
[12:28:01] [280/456] MMET
[12:28:02] [281/456] MIDO
[12:28:03] [282/456] INNP
[12:28:04] [283/456] MIFU
[12:28:06] [284/456] MMSZ
[12:28:07] [285/456] BMXA
[12:28:08] [286/456] MCAA
[12:28:08] 🔄 Identity reset
[12:28:08] 🔄 Identity rotated (every 10 requests)
[12:28:09] [287/456] SCVP
[12:28:10] [288/456] PLUS
[12:28:11] [289/456] MUCK
[12:28:12] [290/456] MTMA
[12:28:13] [291/456] HPVR
[12:28:14] [292/456] PMPK
[12:28:15] [293/456] MAJB
[12:28:16] [294/456] CTRR
[12:28:17] [295/456] MCTG
[12:28:18] [296/456] MACE
[12:28:19] 🔄 Identity reset
[12:28:19] 🔄 Identity rotated (every 10 requests)
[12:28:19] [297/456] AAAS
[12:28:20] [298/456] CPVV
[12:28:21] [299/456] RCHG
[12:28:22] [300/456] MCNE
[12:28:23] [301/456] EMNC
[12:28:24] [302/456] MCAN
[12:28:25] [303/456] TCDM
[12:28:26] [304/456] IRGT
[12:28:27] [305/456] GCMG
[12:28:28] [306/456] MXSN
[12:28:29] 🔄 Identity reset
[12:28:29] 🔄 Identity rotated (every 10 requests)
[12:28:29] [307/456] MXCK
[12:28:31] [308/456] MCRC
[12:28:32] [309/456] RSMI
[12:28:33] [310/456] WAML
[12:28:34] [311/456] MTSC
[12:28:36] [312/456] FMDR
[12:28:37] [313/456] LEPV
[12:28:38] [314/456] MTGD
[12:28:39] [315/456] IMOB
[12:28:41] [316/456] CLMM
[12:28:41] 🔄 Identity reset
[12:28:41] 🔄 Identity rotated (every 10 requests)
[12:28:42] [317/456] PZCD
[12:28:43] [318/456] GOCS
[12:28:44] [319/456] KCMA
[12:28:45] [320/456] CCMP
[12:28:45] [321/456] MTSU
[12:28:46] [322/456] SNGL
[12:28:47] [323/456] MMMC
[12:28:48] [324/456] MMAA
[12:28:49] [325/456] GCDM
[12:28:50] [326/456] KTMV
[12:28:51] 🔄 Identity reset
[12:28:51] 🔄 Identity rotated (every 10 requests)
[12:28:51] [327/456] AETE
[12:28:52] [328/456] OMCS
[12:28:53] [329/456] GDCD
[12:28:54] [330/456] NYMD
[12:28:55] [331/456] RNCV
[12:28:57] [332/456] KKMT
[12:28:58] [333/456] GDTH
[12:28:59] [334/456] KMMV
[12:28:59] [335/456] NHCG
[12:29:00] [336/456] PJDW
[12:29:01] 🔄 Identity reset
[12:29:01] 🔄 Identity rotated (every 10 requests)
[12:29:01] [337/456] MMCV
[12:29:02] [338/456] FQSA
[12:29:03] [339/456] KURL
[12:29:04] [340/456] NNNX
[12:29:05] [341/456] AMAU
[12:29:07] [342/456] VVVM
[12:29:08] [343/456] VECU
[12:29:09] [344/456] WCVR
[12:29:10] [345/456] MTGG
[12:29:11] [346/456] SGTG
[12:29:12] 🔄 Identity reset
[12:29:12] 🔄 Identity rotated (every 10 requests)
[12:29:12] [347/456] MNTG
[12:29:13] [348/456] JDDG
[12:29:14] [349/456] MBTK
[12:29:15] [350/456] SGCD
[12:29:16] [351/456] MCTC
[12:29:17] [352/456] JTPC
[12:29:18] [353/456] SDKT
[12:29:19] [354/456] KRCC
[12:29:20] [355/456] RMMD
[12:29:21] [356/456] AAME
[12:29:21] 🔄 Identity reset
[12:29:21] 🔄 Identity rotated (every 10 requests)
[12:29:22] [357/456] TMWC
[12:29:23] [358/456] NRWY
[12:29:25] [359/456] CITD
[12:29:26] [360/456] VERD
[12:29:27] [361/456] MKSK
[12:29:27] [362/456] STSM
[12:29:28] [363/456] MJDG
[12:29:30] [364/456] RKPM
[12:29:31] [365/456] SSCE
[12:29:32] [366/456] VMAE
[12:29:33] 🔄 Identity reset
[12:29:33] 🔄 Identity rotated (every 10 requests)
[12:29:33] 🔄 Retry 1/5 for VMAE in 2.7s
[12:29:33] 🔄 Identity reset
[12:29:36] 🧠 New identity created
[12:29:36] [367/456] SBRU
[12:29:37] [368/456] AMBC
[12:29:38] [369/456] AMLU
[12:29:38] [370/456] INVZ
[12:29:39] [371/456] LGTV
[12:29:40] [372/456] SVAD
[12:29:42] [373/456] SMSA
[12:29:43] [374/456] SPCZ
[12:29:44] [375/456] GTCX
[12:29:45] 🔄 Identity reset
[12:29:45] 🔄 Identity rotated (every 10 requests)
[12:29:46] [376/456] SCSL
[12:29:47] [377/456] SAHU
[12:29:49] [378/456] NCDA
[12:29:50] [379/456] SCCG
[12:29:51] [380/456] VKTL
[12:29:52] [381/456] PUUJ
[12:29:53] [382/456] STEJ
[12:29:54] [383/456] RJAL
[12:29:55] [384/456] ACJC
[12:29:56] [385/456] ARVB
[12:29:56] 🔄 Identity reset
[12:29:56] 🔄 Identity rotated (every 10 requests)
[12:29:57] [386/456] AUBB
[12:29:58] [387/456] GDBR
[12:29:58] [388/456] PVND
[12:29:59] [389/456] BGRJ
[12:30:00] [390/456] RJMM
[12:30:01] [391/456] MCSA
[12:30:02] [392/456] BODA
[12:30:03] [393/456] JAGG
[12:30:04] [394/456] SCGA
[12:30:06] [395/456] LRCM
[12:30:06] 🔄 Identity reset
[12:30:06] 🔄 Identity rotated (every 10 requests)
[12:30:07] [396/456] CPCN
[12:30:09] [397/456] SSTF
[12:30:09] [398/456] SRXP
[12:30:10] [399/456] CNFX
[12:30:11] [400/456] ANDI
[12:30:12] [401/456] SYEW
[12:30:13] [402/456] RCRE
[12:30:15] [403/456] SCRW
[12:30:16] [404/456] MBKR
[12:30:16] [405/456] ASNT
[12:30:17] 🔄 Identity reset
[12:30:17] 🔄 Identity rotated (every 10 requests)
[12:30:18] [406/456] JTMT
[12:30:19] [407/456] SHAY
[12:30:20] [408/456] VRTH
[12:30:21] [409/456] SPTI
[12:30:21] [410/456] DPTD
[12:30:22] [411/456] TGSN
[12:30:23] [412/456] RCWV
[12:30:24] [413/456] OCUR
[12:30:25] [414/456] KSTC
[12:30:26] [415/456] SANI
[12:30:27] 🔄 Identity reset
[12:30:27] 🔄 Identity rotated (every 10 requests)
[12:30:27] [416/456] MLCA
[12:30:28] [417/456] EGCA
[12:30:29] [418/456] SYSN
[12:30:30] [419/456] PKTA
[12:30:31] [420/456] PRCC
[12:30:32] [421/456] KSTR
[12:30:33] [422/456] SNTP
[12:30:33] [423/456] RCHA
[12:30:34] [424/456] SEEA
[12:30:35] [425/456] ALAT
[12:30:36] 🔄 Identity reset
[12:30:36] 🔄 Identity rotated (every 10 requests)
[12:30:36] [426/456] AATV
[12:30:37] [427/456] RJTE
[12:30:39] [428/456] AAPP
[12:30:39] [429/456] PMMH
[12:30:40] [430/456] INRJ
[12:30:41] [431/456] SARB
[12:30:42] [432/456] PCJL
[12:30:44] [433/456] PFJJ
[12:30:45] [434/456] GRDC
[12:30:45] [435/456] BCBA
[12:30:46] 🔄 Identity reset
[12:30:46] 🔄 Identity rotated (every 10 requests)
[12:30:47] [436/456] VIXL
[12:30:48] [437/456] CSTL
[12:30:49] [438/456] MTDK
[12:30:49] [439/456] TDAC
[12:30:50] [440/456] GTDN
[12:30:51] [441/456] TTDE
[12:30:53] [442/456] ASTS
[12:30:54] [443/456] CPNS
[12:30:56] [444/456] PVVW
[12:30:58] [445/456] USEB
[12:30:58] 🔄 Identity reset
[12:30:58] 🔄 Identity rotated (every 10 requests)
[12:30:59] [446/456] DTYN
[12:31:00] [447/456] PVLE
[12:31:01] [448/456] CIPS
[12:31:03] [449/456] PAEG
[12:31:04] [450/456] PTCW
[12:31:05] [451/456] G3SR
[12:31:06] [452/456] PGND
[12:31:07] [453/456] INVM
[12:31:08] [454/456] SPIA
[12:31:09] [455/456] PCSN
[12:31:10] 🔄 Identity reset
[12:31:10] 🔄 Identity rotated (every 10 requests)
[12:31:11] [456/456] PPGV
[12:31:12] 🧹 Deduping shows
[12:31:12] ✅ DONE | Shows=911 | Movies=50
