[09:38:17] 🚀 SCRIPT STARTED (enhanced anti‑detection)
[09:38:17] [1/455] MXGN
[09:38:17] 🧠 New identity created
[09:38:18] [2/455] PGGM
[09:38:19] [3/455] IPMJ
[09:38:20] [4/455] M2PP
[09:38:22] [5/455] PMMS
[09:38:23] [6/455] SCJN
[09:38:24] [7/455] CPUM
[09:38:26] [8/455] SCND
[09:38:27] [9/455] INWM
[09:38:28] [10/455] DVDC
[09:38:29] 🔄 Identity reset
[09:38:29] 🔄 Identity rotated (every 10 requests)
[09:38:30] [11/455] WVND
[09:38:31] [12/455] LBDL
[09:38:32] [13/455] CRGM
[09:38:34] [14/455] PVKS
[09:38:35] [15/455] PBLL
[09:38:36] [16/455] FNLN
[09:38:38] [17/455] PPDA
[09:38:39] [18/455] SCPT
[09:38:41] [19/455] IAJS
[09:38:42] [20/455] MMZG
[09:38:43] 🔄 Identity reset
[09:38:43] 🔄 Identity rotated (every 10 requests)
[09:38:44] [21/455] MCTI
[09:38:45] [22/455] PPMF
[09:38:46] [23/455] FNSD
[09:38:47] [24/455] M2RH
[09:38:49] [25/455] CPGV
[09:38:52] [26/455] PECD
[09:38:53] [27/455] CTEE
[09:38:55] [28/455] IOMG
[09:38:55] [29/455] CIJA
[09:38:57] [30/455] NYCG
[09:38:57] 🔄 Identity reset
[09:38:57] 🔄 Identity rotated (every 10 requests)
[09:38:57] [31/455] CEST
[09:38:58] [32/455] WVRG
[09:39:00] [33/455] DPDC
[09:39:01] [34/455] PDIV
[09:39:02] [35/455] MTPP
[09:39:04] [36/455] MHNU
[09:39:05] [37/455] WUPG
[09:39:07] [38/455] USCO
[09:39:08] [39/455] INFR
[09:39:10] [40/455] PVPD
[09:39:10] 🔄 Identity reset
[09:39:10] 🔄 Identity rotated (every 10 requests)
[09:39:11] [41/455] RONC
[09:39:13] [42/455] IOCP
[09:39:14] [43/455] EMPS
[09:39:16] [44/455] PNAD
[09:39:16] [45/455] VVGZ
[09:39:18] [46/455] MDDC
[09:39:19] [47/455] MMAP
[09:39:21] [48/455] GPDC
[09:39:23] [49/455] PVPU
[09:39:24] [50/455] DCMV
[09:39:24] 🔄 Identity reset
[09:39:24] 🔄 Identity rotated (every 10 requests)
[09:39:25] [51/455] PCCF
[09:39:27] [52/455] MCEF
[09:39:28] [53/455] INRD
[09:39:30] [54/455] CCPZ
[09:39:31] [55/455] BCWG
[09:39:32] [56/455] PMGU
[09:39:33] [57/455] MCVM
[09:39:34] [58/455] MCDE
[09:39:36] [59/455] IEFM
[09:39:37] [60/455] MXCS
[09:39:38] 🔄 Identity reset
[09:39:38] 🔄 Identity rotated (every 10 requests)
[09:39:38] 🔄 Retry 1/5 for MXCS in 2.1s
[09:39:38] 🔄 Identity reset
[09:39:40] 🧠 New identity created
[09:39:40] 🔄 Retry 2/5 for MXCS in 4.2s
[09:39:40] 🔄 Identity reset
[09:39:44] 🧠 New identity created
[09:39:44] 🔄 Retry 3/5 for MXCS in 9.0s
[09:39:44] 🔄 Identity reset
[09:39:53] 🧠 New identity created
[09:39:53] 🔄 Retry 4/5 for MXCS in 16.5s
[09:39:53] 🔄 Identity reset
[09:40:10] 🧠 New identity created
[09:40:10] [61/455] RNMT
[09:40:13] [62/455] PSDD
[09:40:15] [63/455] PETA
[09:40:16] [64/455] IZOP
[09:40:18] [65/455] PDEI
[09:40:19] [66/455] MTND
[09:40:19] 🔄 Identity reset
[09:40:19] 🔄 Identity rotated (every 10 requests)
[09:40:20] [67/455] PCPL
[09:40:22] [68/455] LSCM
[09:40:23] [69/455] BTFD
[09:40:25] [70/455] MERM
[09:40:26] [71/455] PVMS
[09:40:28] [72/455] CIGK
[09:40:29] [73/455] INSG
[09:40:31] [74/455] IDEN
[09:40:32] [75/455] MCGN
[09:40:33] [76/455] IGAM
[09:40:33] 🔄 Identity reset
[09:40:33] 🔄 Identity rotated (every 10 requests)
[09:40:34] [77/455] SLCU
[09:40:35] [78/455] MIMU
[09:40:37] [79/455] QLAC
[09:40:38] [80/455] MENL
[09:40:40] [81/455] SCUR
[09:40:42] [82/455] MDGD
[09:40:43] [83/455] LSRS
[09:40:45] [84/455] KMLG
[09:40:46] [85/455] MKLJ
[09:40:48] [86/455] IBYG
[09:40:48] 🔄 Identity reset
[09:40:49] 🔄 Identity rotated (every 10 requests)
[09:40:49] [87/455] ISML
[09:40:50] [88/455] MJMM
[09:40:52] [89/455] RCGD
[09:40:53] [90/455] MMOC
[09:40:55] [91/455] RRCO
[09:40:56] [92/455] MEDM
[09:40:57] [93/455] MCAZ
[09:40:59] [94/455] STWA
[09:41:00] [95/455] PFFG
[09:41:02] [96/455] GAGC
[09:41:03] 🔄 Identity reset
[09:41:03] 🔄 Identity rotated (every 10 requests)
[09:41:04] [97/455] PMPM
[09:41:05] [98/455] HVCD
[09:41:07] [99/455] AKRF
[09:41:09] [100/455] AKRC
[09:41:11] [101/455] MIDA
[09:41:12] [102/455] MAGX
[09:41:14] [103/455] ESOS
[09:41:15] [104/455] BBCL
[09:41:17] [105/455] LYAS
[09:41:19] [106/455] NRMS
[09:41:19] 🔄 Identity reset
[09:41:19] 🔄 Identity rotated (every 10 requests)
[09:41:20] [107/455] BHUC
[09:41:22] [108/455] SRIC
[09:41:23] [109/455] PDME
[09:41:24] [110/455] MJCS
[09:41:25] [111/455] NRAA
[09:41:27] [112/455] VATA
[09:41:28] [113/455] MNKC
[09:41:30] [114/455] DHCL
[09:41:32] [115/455] JCPC
[09:41:32] [116/455] CTML
[09:41:33] 🔄 Identity reset
[09:41:33] 🔄 Identity rotated (every 10 requests)
[09:41:34] [117/455] RMMR
[09:41:35] [118/455] STTL
[09:41:36] [119/455] CNPS
[09:41:37] [120/455] ACKL
[09:41:38] [121/455] SCAU
[09:41:39] [122/455] RMIA
[09:41:40] [123/455] MANU
[09:41:42] [124/455] ARDC
[09:41:43] [125/455] GLDA
[09:41:45] [126/455] KVSW
[09:41:46] 🔄 Identity reset
[09:41:46] 🔄 Identity rotated (every 10 requests)
[09:41:47] [127/455] CGCA
[09:41:48] [128/455] CMLO
[09:41:50] [129/455] CECB
[09:41:51] [130/455] RCPN
[09:41:53] [131/455] ASMW
[09:41:55] [132/455] PWLM
[09:41:56] [133/455] ASGM
[09:41:57] [134/455] ACWH
[09:41:58] [135/455] AAPW
[09:41:59] [136/455] RTWA
[09:42:00] 🔄 Identity reset
[09:42:00] 🔄 Identity rotated (every 10 requests)
[09:42:00] 🔄 Retry 1/5 for RTWA in 2.1s
[09:42:00] 🔄 Identity reset
[09:42:02] 🧠 New identity created
[09:42:02] 🔄 Retry 2/5 for RTWA in 4.3s
[09:42:02] 🔄 Identity reset
[09:42:06] 🧠 New identity created
[09:42:07] [137/455] RAMW
[09:42:08] [138/455] VKTR
[09:42:10] [139/455] SMBH
[09:42:11] [140/455] BVDR
[09:42:12] [141/455] MRTP
[09:42:14] [142/455] BLBR
[09:42:15] [143/455] LPIN
[09:42:16] [144/455] SNPC
[09:42:17] 🔄 Identity reset
[09:42:17] 🔄 Identity rotated (every 10 requests)
[09:42:18] [145/455] PDCB
[09:42:19] [146/455] DYPK
[09:42:20] [147/455] INMK
[09:42:22] [148/455] PDCK
[09:42:23] [149/455] PCKR
[09:42:25] [150/455] SHUA
[09:42:26] [151/455] SCVK
[09:42:27] [152/455] STPA
[09:42:28] [153/455] WVHD
[09:42:29] [154/455] MRCH
[09:42:30] 🔄 Identity reset
[09:42:30] 🔄 Identity rotated (every 10 requests)
[09:42:31] [155/455] MCNP
[09:42:32] [156/455] RCAG
[09:42:33] [157/455] JTSN
[09:42:35] [158/455] AANS
[09:42:36] [159/455] GDDR
[09:42:38] [160/455] SRER
[09:42:39] [161/455] JKMA
[09:42:41] [162/455] ARAN
[09:42:42] [163/455] ALCT
[09:42:44] [164/455] CCTA
[09:42:44] 🔄 Identity reset
[09:42:44] 🔄 Identity rotated (every 10 requests)
[09:42:44] [165/455] CNCT
[09:42:46] [166/455] NZBL
[09:42:48] [167/455] SRRA
[09:42:49] [168/455] SVPW
[09:42:49] [169/455] SRTW
[09:42:51] [170/455] XMTD
[09:42:52] [171/455] SCCZ
[09:42:53] [172/455] PBCR
[09:42:56] [173/455] RTSC
[09:42:57] [174/455] TLSV
[09:42:58] 🔄 Identity reset
[09:42:58] 🔄 Identity rotated (every 10 requests)
[09:42:59] [175/455] RMTK
[09:43:00] [176/455] SRAT
[09:43:02] [177/455] GCYC
[09:43:04] [178/455] HCAJ
[09:43:04] [179/455] LCXA
[09:43:06] [180/455] BINT
[09:43:07] [181/455] IXIM
[09:43:10] [182/455] MBCR
[09:43:11] [183/455] BMCJ
[09:43:12] [184/455] NICJ
[09:43:13] 🔄 Identity reset
[09:43:13] 🔄 Identity rotated (every 10 requests)
[09:43:14] [185/455] SCAJ
[09:43:16] [186/455] CMXS
[09:43:17] [187/455] MMSR
[09:43:19] [188/455] PRKT
[09:43:19] [189/455] LPTH
[09:43:21] [190/455] SARP
[09:43:22] [191/455] MNPP
[09:43:24] [192/455] PRLR
[09:43:25] [193/455] RCMW
[09:43:27] [194/455] FCMG
[09:43:28] 🔄 Identity reset
[09:43:28] 🔄 Identity rotated (every 10 requests)
[09:43:28] 🔄 Retry 1/5 for FCMG in 2.5s
[09:43:28] 🔄 Identity reset
[09:43:30] 🧠 New identity created
[09:43:31] [195/455] RTNK
[09:43:33] [196/455] LRCP
[09:43:34] [197/455] DBJR
[09:43:35] [198/455] CACN
[09:43:36] [199/455] AMRL
[09:43:38] [200/455] SBBC
[09:43:39] [201/455] VENN
[09:43:41] [202/455] STSS
[09:43:42] [203/455] SMRB
[09:43:43] 🔄 Identity reset
[09:43:43] 🔄 Identity rotated (every 10 requests)
[09:43:44] [204/455] CCMX
[09:43:46] [205/455] KCMR
[09:43:47] [206/455] SALH
[09:43:49] [207/455] CGTT
[09:43:50] [208/455] PMDR
[09:43:51] [209/455] VCPM
[09:43:53] [210/455] RZMX
[09:43:54] [211/455] TMSY
[09:43:55] [212/455] NTMS
[09:43:56] [213/455] VTAG
[09:43:57] 🔄 Identity reset
[09:43:57] 🔄 Identity rotated (every 10 requests)
[09:43:58] [214/455] REMA
[09:43:59] [215/455] NXCC
[09:44:01] [216/455] SKYM
[09:44:02] [217/455] CCMO
[09:44:04] [218/455] DMXM
[09:44:06] [219/455] SPPM
[09:44:07] [220/455] PTKL
[09:44:09] [221/455] SLVO
[09:44:11] [222/455] VASL
[09:44:12] [223/455] CBCM
[09:44:13] 🔄 Identity reset
[09:44:13] 🔄 Identity rotated (every 10 requests)
[09:44:14] [224/455] STMA
[09:44:15] [225/455] LASK
[09:44:17] [226/455] VITE
[09:44:18] [227/455] AAST
[09:44:19] [228/455] JTPT
[09:44:21] [229/455] RRSH
[09:44:21] [230/455] CINL
[09:44:23] [231/455] MCSR
[09:44:24] [232/455] SBCF
[09:44:25] [233/455] GCDU
[09:44:25] 🔄 Identity reset
[09:44:25] 🔄 Identity rotated (every 10 requests)
[09:44:26] [234/455] PSPR
[09:44:28] [235/455] IMMO
[09:44:30] [236/455] CLGM
[09:44:31] [237/455] PBMM
[09:44:32] [238/455] CEHR
[09:44:33] [239/455] CPOE
[09:44:35] [240/455] PGFD
[09:44:36] [241/455] PSLC
[09:44:38] [242/455] MSMD
[09:44:39] [243/455] FMFB
[09:44:39] 🔄 Identity reset
[09:44:39] 🔄 Identity rotated (every 10 requests)
[09:44:40] [244/455] RKCL
[09:44:41] [245/455] PMMC
[09:44:42] [246/455] SKMM
[09:44:43] [247/455] VOIB
[09:44:45] [248/455] KINO
[09:44:46] [249/455] VCTP
[09:44:47] [250/455] PDWR
[09:44:49] [251/455] SAED
[09:44:50] [252/455] SRRT
[09:44:51] [253/455] CVLG
[09:44:52] 🔄 Identity reset
[09:44:52] 🔄 Identity rotated (every 10 requests)
[09:44:53] [254/455] SNGN
[09:44:54] [255/455] SIDA
[09:44:55] [256/455] IMCB
[09:44:57] [257/455] SMHP
[09:44:58] [258/455] GDTY
[09:45:00] [259/455] VYCH
[09:45:01] [260/455] PDYA
[09:45:03] [261/455] RKDO
[09:45:05] [262/455] VECG
[09:45:05] [263/455] NFGD
[09:45:06] 🔄 Identity reset
[09:45:06] 🔄 Identity rotated (every 10 requests)
[09:45:07] [264/455] SNDC
[09:45:08] [265/455] SDJH
[09:45:09] [266/455] HASV
[09:45:11] [267/455] PTYK
[09:45:12] [268/455] MUTB
[09:45:13] [269/455] AMRT
[09:45:15] [270/455] VACD
[09:45:16] [271/455] SKDD
[09:45:29] 🔄 Retry 1/5 for SKDD in 2.2s
[09:45:29] 🔄 Identity reset
[09:45:31] 🧠 New identity created
[09:45:38] [272/455] STGR
[09:45:39] 🔄 Identity reset
[09:45:39] 🔄 Identity rotated (every 10 requests)
[09:45:39] [273/455] GDAK
[09:45:41] [274/455] SKHK
[09:45:42] [275/455] SLND
[09:45:44] [276/455] APAP
[09:45:56] 🔄 Retry 1/5 for APAP in 2.5s
[09:45:56] 🔄 Identity reset
[09:45:59] 🧠 New identity created
[09:46:05] [277/455] AYYA
[09:46:06] [278/455] VCCZ
[09:46:08] [279/455] MEML
[09:46:09] [280/455] MAOU
[09:46:10] [281/455] ESND
[09:46:11] 🔄 Identity reset
[09:46:11] 🔄 Identity rotated (every 10 requests)
[09:46:12] [282/455] PTBZ
[09:46:14] [283/455] LBCN
[09:46:15] [284/455] PAWA
[09:46:17] [285/455] ZEIC
[09:46:18] [286/455] CGMM
[09:46:20] [287/455] PJPM
[09:46:21] [288/455] ECMR
[09:46:22] [289/455] SHMZ
[09:46:23] [290/455] STCA
[09:46:25] [291/455] VDRC
[09:46:26] 🔄 Identity reset
[09:46:26] 🔄 Identity rotated (every 10 requests)
[09:46:27] [292/455] SEEM
[09:46:28] [293/455] MKNS
[09:46:30] [294/455] KPPP
[09:46:31] [295/455] CCML
[09:46:33] [296/455] CIBA
[09:46:34] [297/455] NACS
[09:46:36] [298/455] CTMK
[09:46:37] [299/455] CTCT
[09:46:39] [300/455] MCSN
[09:46:41] [301/455] MAXX
[09:46:41] 🔄 Identity reset
[09:46:41] 🔄 Identity rotated (every 10 requests)
[09:46:42] [302/455] MECB
[09:46:42] [303/455] NTBY
[09:46:43] [304/455] UTBI
[09:46:45] [305/455] RADK
[09:46:46] [306/455] STBY
[09:46:48] [307/455] GTBY
[09:46:49] [308/455] RRMB
[09:46:51] [309/455] ABRN
[09:46:52] [310/455] GTSG
[09:46:53] [311/455] GBTG
[09:46:54] 🔄 Identity reset
[09:46:54] 🔄 Identity rotated (every 10 requests)
[09:46:54] [312/455] SBGS
[09:46:56] [313/455] KBPM
[09:46:57] [314/455] SMHT
[09:46:59] [315/455] VTDM
[09:47:00] [316/455] ASCT
[09:47:01] [317/455] AWCT
[09:47:02] [318/455] DCCU
[09:47:03] [319/455] PSCE
[09:47:05] [320/455] KSNY
[09:47:05] [321/455] ACID
[09:47:06] 🔄 Identity reset
[09:47:06] 🔄 Identity rotated (every 10 requests)
[09:47:07] [322/455] LVCD
[09:47:08] [323/455] KSSB
[09:47:09] [324/455] SWTD
[09:47:10] [325/455] RBMR
[09:47:11] [326/455] SCBC
[09:47:13] [327/455] RKME
[09:47:15] [328/455] GALX
[09:47:16] [329/455] GCCH
[09:47:18] [330/455] RATR
[09:47:22] [331/455] GTGA
[09:47:23] 🔄 Identity reset
[09:47:23] 🔄 Identity rotated (every 10 requests)
[09:47:23] [332/455] LTTR
[09:47:24] [333/455] TTAA
[09:47:26] [334/455] TVHP
[09:47:27] [335/455] KVCS
[09:47:29] [336/455] CBMC
[09:47:30] [337/455] MAYJ
[09:47:31] [338/455] INPR
[09:47:32] [339/455] RSSC
[09:47:33] [340/455] PCAN
[09:47:34] [341/455] PVHR
[09:47:35] 🔄 Identity reset
[09:47:35] 🔄 Identity rotated (every 10 requests)
[09:47:36] [342/455] AGSM
[09:47:38] [343/455] PVES
[09:47:39] [344/455] INTO
[09:47:40] [345/455] ACON
[09:47:41] [346/455] PVPZ
[09:47:43] [347/455] PVHC
[09:47:44] [348/455] KSTK
[09:47:45] [349/455] PVSR
[09:47:47] [350/455] ACTN
[09:47:48] [351/455] FMCN
[09:47:48] 🔄 Identity reset
[09:47:48] 🔄 Identity rotated (every 10 requests)
[09:47:53] [352/455] PABC
[09:47:54] [353/455] SUTC
[09:47:54] [354/455] PGMV
[09:47:56] [355/455] GKCP
[09:47:58] [356/455] INCH
[09:48:00] [357/455] MLMT
[09:48:01] [358/455] SSCC
[09:48:02] [359/455] SLMP
[09:48:04] [360/455] VVTN
[09:48:05] [361/455] SBTR
[09:48:05] 🔄 Identity reset
[09:48:05] 🔄 Identity rotated (every 10 requests)
[09:48:06] [362/455] PGRA
[09:48:08] [363/455] PBRM
[09:48:09] [364/455] GCRP
[09:48:11] [365/455] MCSK
[09:48:13] [366/455] NLTC
[09:48:14] [367/455] MTLM
[09:48:16] [368/455] VECT
[09:48:18] [369/455] KMRM
[09:48:19] [370/455] RACM
[09:48:20] [371/455] WSTC
[09:48:21] 🔄 Identity reset
[09:48:21] 🔄 Identity rotated (every 10 requests)
[09:48:22] [372/455] PVTJ
[09:48:23] [373/455] MMKC
[09:48:24] [374/455] SVWT
[09:48:25] [375/455] JOTG
[09:48:27] [376/455] VCDK
[09:48:28] [377/455] ANAC
[09:48:30] [378/455] GRTC
[09:48:31] [379/455] JTPL
[09:48:33] [380/455] VRCP
[09:48:34] [381/455] REMC
[09:48:34] 🔄 Identity reset
[09:48:34] 🔄 Identity rotated (every 10 requests)
[09:48:35] [382/455] ATMG
[09:48:37] [383/455] GAHC
[09:48:38] [384/455] JTMV
[09:48:39] [385/455] OMTT
[09:48:41] [386/455] GKKC
[09:48:42] [387/455] BBPO
[09:48:43] [388/455] ZCBB
[09:48:45] [389/455] DCGO
[09:48:46] [390/455] STOP
[09:48:48] [391/455] BSPC
[09:48:49] 🔄 Identity reset
[09:48:49] 🔄 Identity rotated (every 10 requests)
[09:48:49] 🔄 Retry 1/5 for BSPC in 2.9s
[09:48:49] 🔄 Identity reset
[09:48:52] 🧠 New identity created
[09:48:52] [392/455] SOND
[09:48:53] [393/455] GCKG
[09:48:55] [394/455] PCDB
[09:48:56] [395/455] PGRC
[09:48:57] [396/455] CSCT
[09:48:59] [397/455] STDA
[09:49:00] [398/455] JAYD
[09:49:02] [399/455] PPPD
[09:49:03] [400/455] KRTT
[09:49:04] 🔄 Identity reset
[09:49:04] 🔄 Identity rotated (every 10 requests)
[09:49:05] [401/455] PTDT
[09:49:06] [402/455] TRSV
[09:49:08] [403/455] VELR
[09:49:10] [404/455] STDT
[09:49:11] [405/455] SATT
[09:49:24] 🔄 Retry 1/5 for SATT in 2.1s
[09:49:24] 🔄 Identity reset
[09:49:26] 🧠 New identity created
[09:49:33] [406/455] KCPM
[09:49:35] [407/455] MFCP
[09:49:38] [408/455] AXMP
[09:49:40] [409/455] LTVB
[09:49:40] 🔄 Identity reset
[09:49:40] 🔄 Identity rotated (every 10 requests)
[09:49:40] [410/455] APST
[09:49:41] [411/455] DTVP
[09:49:43] [412/455] AAVB
[09:49:44] [413/455] PMBL
[09:49:45] [414/455] STKC
[09:49:46] [415/455] KKMA
[09:49:48] [416/455] NMXS
[09:49:49] [417/455] DECX
[09:49:51] [418/455] MAPJ
[09:49:52] [419/455] SMLK
[09:49:52] 🔄 Identity reset
[09:49:52] 🔄 Identity rotated (every 10 requests)
[09:49:53] [420/455] PMPU
[09:49:53] [421/455] AFST
[09:49:55] [422/455] SRSY
[09:49:56] [423/455] RMKT
[09:49:57] [424/455] RAJX
[09:49:59] [425/455] UVCD
[09:50:00] [426/455] LISA
[09:50:01] [427/455] LMSR
[09:50:03] [428/455] PMCA
[09:50:05] [429/455] INPO
[09:50:05] 🔄 Identity reset
[09:50:05] 🔄 Identity rotated (every 10 requests)
[09:50:06] [430/455] INGO
[09:50:07] [431/455] HFSQ
[09:50:09] [432/455] INMG
[09:50:10] [433/455] NYCP
[09:50:12] [434/455] HFSV
[09:50:13] [435/455] MMZP
[09:50:15] [436/455] KSES
[09:50:16] [437/455] HFSA
[09:50:26] [438/455] ACMM
[09:50:27] [439/455] RCKD
[09:50:28] 🔄 Identity reset
[09:50:28] 🔄 Identity rotated (every 10 requests)
[09:50:29] [440/455] BCKR
[09:50:31] [441/455] SFCO
[09:50:32] [442/455] JCCB
[09:50:40] [443/455] BCCR
[09:50:41] [444/455] NWCB
[09:50:43] [445/455] SAMT
[09:50:44] [446/455] TMST
[09:50:45] [447/455] SJCN
[09:50:47] [448/455] MCBS
[09:50:48] [449/455] CMKR
[09:50:48] 🔄 Identity reset
[09:50:48] 🔄 Identity rotated (every 10 requests)
[09:50:53] [450/455] INPM
[09:50:54] [451/455] WVMT
[09:50:56] [452/455] NYSM
[09:50:57] [453/455] RCMA
[09:50:58] [454/455] RECM
[09:50:58] [455/455] CYCM
[09:51:00] 🧹 Deduping shows
[09:51:00] ✅ DONE | Shows=616 | Movies=33
[16:33:17] 🚀 SCRIPT STARTED (enhanced anti‑detection)
[16:33:17] [1/455] MXGN
[16:33:17] 🧠 New identity created
[16:33:18] [2/455] PGGM
[16:33:19] [3/455] IPMJ
[16:33:20] [4/455] M2PP
[16:33:21] [5/455] PMMS
[16:33:22] [6/455] SCJN
[16:33:23] [7/455] CPUM
[16:33:24] [8/455] SCND
[16:33:24] [9/455] INWM
[16:33:25] [10/455] DVDC
[16:33:26] 🔄 Identity reset
[16:33:26] 🔄 Identity rotated (every 10 requests)
[16:33:26] 🔄 Retry 1/5 for DVDC in 2.4s
[16:33:26] 🔄 Identity reset
[16:33:28] 🧠 New identity created
[16:33:29] [11/455] WVND
[16:33:29] [12/455] LBDL
[16:33:30] [13/455] CRGM
[16:33:31] [14/455] PVKS
[16:33:32] [15/455] PBLL
[16:33:33] [16/455] FNLN
[16:33:35] [17/455] PPDA
[16:33:36] [18/455] SCPT
[16:33:37] [19/455] IAJS
[16:33:37] 🔄 Identity reset
[16:33:37] 🔄 Identity rotated (every 10 requests)
[16:33:37] 🔄 Retry 1/5 for IAJS in 2.5s
[16:33:37] 🔄 Identity reset
[16:33:40] 🧠 New identity created
[16:33:40] [20/455] MMZG
[16:33:41] [21/455] MCTI
[16:33:42] [22/455] PPMF
[16:33:43] [23/455] FNSD
[16:33:44] [24/455] M2RH
[16:33:45] [25/455] CPGV
[16:33:46] [26/455] PECD
[16:33:47] [27/455] CTEE
[16:33:48] [28/455] IOMG
[16:33:48] 🔄 Identity reset
[16:33:48] 🔄 Identity rotated (every 10 requests)
[16:33:49] [29/455] CIJA
[16:33:50] [30/455] NYCG
[16:33:50] [31/455] CEST
[16:33:51] [32/455] WVRG
[16:33:52] [33/455] DPDC
[16:33:53] [34/455] PDIV
[16:33:54] [35/455] MTPP
[16:33:56] [36/455] MHNU
[16:33:57] [37/455] WUPG
[16:33:58] [38/455] USCO
[16:33:59] 🔄 Identity reset
[16:33:59] 🔄 Identity rotated (every 10 requests)
[16:33:59] [39/455] INFR
[16:34:00] [40/455] PVPD
[16:34:01] [41/455] RONC
[16:34:02] [42/455] IOCP
[16:34:03] [43/455] EMPS
[16:34:04] [44/455] PNAD
[16:34:06] [45/455] VVGZ
[16:34:07] [46/455] MDDC
[16:34:07] [47/455] MMAP
[16:34:08] [48/455] GPDC
[16:34:09] 🔄 Identity reset
[16:34:09] 🔄 Identity rotated (every 10 requests)
[16:34:10] [49/455] PVPU
[16:34:11] [50/455] DCMV
[16:34:12] [51/455] PCCF
[16:34:13] [52/455] MCEF
[16:34:14] [53/455] INRD
[16:34:14] [54/455] CCPZ
[16:34:15] [55/455] BCWG
[16:34:16] [56/455] PMGU
[16:34:17] [57/455] MCVM
[16:34:18] [58/455] MCDE
[16:34:19] 🔄 Identity reset
[16:34:19] 🔄 Identity rotated (every 10 requests)
[16:34:19] [59/455] IEFM
[16:34:20] [60/455] MXCS
[16:34:21] [61/455] RNMT
[16:34:22] [62/455] PSDD
[16:34:23] [63/455] PETA
[16:34:25] [64/455] IZOP
[16:34:26] [65/455] PDEI
[16:34:27] [66/455] MTND
[16:34:28] [67/455] PCPL
[16:34:29] [68/455] LSCM
[16:34:29] 🔄 Identity reset
[16:34:29] 🔄 Identity rotated (every 10 requests)
[16:34:30] [69/455] BTFD
[16:34:31] [70/455] MERM
[16:34:31] [71/455] PVMS
[16:34:32] [72/455] CIGK
[16:34:33] [73/455] INSG
[16:34:34] [74/455] IDEN
[16:34:35] [75/455] MCGN
[16:34:36] [76/455] IGAM
[16:34:36] [77/455] SLCU
[16:34:37] [78/455] MIMU
[16:34:38] 🔄 Identity reset
[16:34:38] 🔄 Identity rotated (every 10 requests)
[16:34:39] [79/455] QLAC
[16:34:39] [80/455] MENL
[16:34:40] [81/455] SCUR
[16:34:41] [82/455] MDGD
[16:34:42] [83/455] LSRS
[16:34:44] [84/455] KMLG
[16:34:44] [85/455] MKLJ
[16:34:45] [86/455] IBYG
[16:34:46] [87/455] ISML
[16:34:47] [88/455] MJMM
[16:34:48] 🔄 Identity reset
[16:34:48] 🔄 Identity rotated (every 10 requests)
[16:34:48] [89/455] RCGD
[16:34:49] [90/455] MMOC
[16:34:50] [91/455] RRCO
[16:34:51] [92/455] MEDM
[16:34:53] [93/455] MCAZ
[16:34:54] [94/455] STWA
[16:34:55] [95/455] PFFG
[16:34:56] [96/455] GAGC
[16:34:57] [97/455] PMPM
[16:34:58] [98/455] HVCD
[16:34:59] 🔄 Identity reset
[16:34:59] 🔄 Identity rotated (every 10 requests)
[16:34:59] [99/455] AKRF
[16:35:00] [100/455] AKRC
[16:35:01] [101/455] MIDA
[16:35:03] [102/455] MAGX
[16:35:03] [103/455] ESOS
[16:35:04] [104/455] BBCL
[16:35:05] [105/455] LYAS
[16:35:06] [106/455] NRMS
[16:35:08] [107/455] BHUC
[16:35:08] [108/455] SRIC
[16:35:09] 🔄 Identity reset
[16:35:09] 🔄 Identity rotated (every 10 requests)
[16:35:09] [109/455] PDME
[16:35:10] [110/455] MJCS
[16:35:11] [111/455] NRAA
[16:35:12] [112/455] VATA
[16:35:13] [113/455] MNKC
[16:35:14] [114/455] DHCL
[16:35:15] [115/455] JCPC
[16:35:16] [116/455] CTML
[16:35:17] [117/455] RMMR
[16:35:18] [118/455] STTL
[16:35:19] 🔄 Identity reset
[16:35:19] 🔄 Identity rotated (every 10 requests)
[16:35:19] [119/455] CNPS
[16:35:20] [120/455] ACKL
[16:35:21] [121/455] SCAU
[16:35:22] [122/455] RMIA
[16:35:23] [123/455] MANU
[16:35:24] [124/455] ARDC
[16:35:25] [125/455] GLDA
[16:35:26] [126/455] KVSW
[16:35:27] [127/455] CGCA
[16:35:28] [128/455] CMLO
[16:35:28] 🔄 Identity reset
[16:35:28] 🔄 Identity rotated (every 10 requests)
[16:35:29] [129/455] CECB
[16:35:30] [130/455] RCPN
[16:35:32] [131/455] ASMW
[16:35:33] [132/455] PWLM
[16:35:34] [133/455] ASGM
[16:35:35] [134/455] ACWH
[16:35:35] [135/455] AAPW
[16:35:36] [136/455] RTWA
[16:35:37] [137/455] RAMW
[16:35:38] [138/455] VKTR
[16:35:39] 🔄 Identity reset
[16:35:39] 🔄 Identity rotated (every 10 requests)
[16:35:39] [139/455] SMBH
[16:35:40] [140/455] BVDR
[16:35:41] [141/455] MRTP
[16:35:41] [142/455] BLBR
[16:35:42] [143/455] LPIN
[16:35:43] [144/455] SNPC
[16:35:44] [145/455] PDCB
[16:35:45] [146/455] DYPK
[16:35:46] [147/455] INMK
[16:35:47] [148/455] PDCK
[16:35:47] 🔄 Identity reset
[16:35:47] 🔄 Identity rotated (every 10 requests)
[16:35:47] [149/455] PCKR
[16:35:48] [150/455] SHUA
[16:35:49] [151/455] SCVK
[16:35:50] [152/455] STPA
[16:35:51] [153/455] WVHD
[16:35:52] [154/455] MRCH
[16:35:53] [155/455] MCNP
[16:35:54] [156/455] RCAG
[16:35:55] [157/455] JTSN
[16:35:55] [158/455] AANS
[16:35:56] 🔄 Identity reset
[16:35:56] 🔄 Identity rotated (every 10 requests)
[16:35:56] [159/455] GDDR
[16:35:57] [160/455] SRER
[16:35:58] [161/455] JKMA
[16:35:59] [162/455] ARAN
[16:36:00] [163/455] ALCT
[16:36:00] [164/455] CCTA
[16:36:02] [165/455] CNCT
[16:36:04] [166/455] NZBL
[16:36:05] [167/455] SRRA
[16:36:06] [168/455] SVPW
[16:36:06] 🔄 Identity reset
[16:36:06] 🔄 Identity rotated (every 10 requests)
[16:36:07] [169/455] SRTW
[16:36:08] [170/455] XMTD
[16:36:09] [171/455] SCCZ
[16:36:09] [172/455] PBCR
[16:36:10] [173/455] RTSC
[16:36:11] [174/455] TLSV
[16:36:12] [175/455] RMTK
[16:36:13] [176/455] SRAT
[16:36:14] [177/455] GCYC
[16:36:15] [178/455] HCAJ
[16:36:15] 🔄 Identity reset
[16:36:15] 🔄 Identity rotated (every 10 requests)
[16:36:16] 🔄 Retry 1/5 for HCAJ in 2.5s
[16:36:16] 🔄 Identity reset
[16:36:18] 🧠 New identity created
[16:36:18] [179/455] LCXA
[16:36:19] [180/455] BINT
[16:36:20] [181/455] IXIM
[16:36:21] [182/455] MBCR
[16:36:22] [183/455] BMCJ
[16:36:23] [184/455] NICJ
[16:36:23] [185/455] SCAJ
[16:36:25] [186/455] CMXS
[16:36:26] [187/455] MMSR
[16:36:26] 🔄 Identity reset
[16:36:26] 🔄 Identity rotated (every 10 requests)
[16:36:27] [188/455] PRKT
[16:36:28] [189/455] LPTH
[16:36:28] [190/455] SARP
[16:36:29] [191/455] MNPP
[16:36:30] [192/455] PRLR
[16:36:31] [193/455] RCMW
[16:36:32] [194/455] FCMG
[16:36:33] [195/455] RTNK
[16:36:33] [196/455] LRCP
[16:36:34] [197/455] DBJR
[16:36:35] 🔄 Identity reset
[16:36:35] 🔄 Identity rotated (every 10 requests)
[16:36:35] [198/455] CACN
[16:36:36] [199/455] AMRL
[16:36:37] [200/455] SBBC
[16:36:38] [201/455] VENN
[16:36:39] [202/455] STSS
[16:36:40] [203/455] SMRB
[16:36:40] [204/455] CCMX
[16:36:41] [205/455] KCMR
[16:36:42] [206/455] SALH
[16:36:43] [207/455] CGTT
[16:36:44] 🔄 Identity reset
[16:36:44] 🔄 Identity rotated (every 10 requests)
[16:36:44] [208/455] PMDR
[16:36:45] [209/455] VCPM
[16:36:46] [210/455] RZMX
[16:36:47] [211/455] TMSY
[16:36:48] [212/455] NTMS
[16:36:49] [213/455] VTAG
[16:36:51] [214/455] REMA
[16:36:52] [215/455] NXCC
[16:36:52] [216/455] SKYM
[16:36:53] [217/455] CCMO
[16:36:54] 🔄 Identity reset
[16:36:54] 🔄 Identity rotated (every 10 requests)
[16:36:55] [218/455] DMXM
[16:36:56] [219/455] SPPM
[16:36:57] [220/455] PTKL
[16:36:58] [221/455] SLVO
[16:36:59] [222/455] VASL
[16:37:00] [223/455] CBCM
[16:37:01] [224/455] STMA
[16:37:02] [225/455] LASK
[16:37:03] [226/455] VITE
[16:37:04] [227/455] AAST
[16:37:05] 🔄 Identity reset
[16:37:05] 🔄 Identity rotated (every 10 requests)
[16:37:05] 🔄 Retry 1/5 for AAST in 2.4s
[16:37:05] 🔄 Identity reset
[16:37:07] 🧠 New identity created
[16:37:07] 🔄 Retry 2/5 for AAST in 4.1s
[16:37:07] 🔄 Identity reset
[16:37:11] 🧠 New identity created
[16:37:11] [228/455] JTPT
[16:37:12] [229/455] RRSH
[16:37:13] [230/455] CINL
[16:37:14] [231/455] MCSR
[16:37:15] [232/455] SBCF
[16:37:16] [233/455] GCDU
[16:37:17] [234/455] PSPR
[16:37:18] [235/455] IMMO
[16:37:18] 🔄 Identity reset
[16:37:18] 🔄 Identity rotated (every 10 requests)
[16:37:19] [236/455] CLGM
[16:37:19] [237/455] PBMM
[16:37:20] [238/455] CEHR
[16:37:21] [239/455] CPOE
[16:37:22] [240/455] PGFD
[16:37:22] [241/455] PSLC
[16:37:23] [242/455] MSMD
[16:37:25] [243/455] FMFB
[16:37:25] [244/455] RKCL
[16:37:26] [245/455] PMMC
[16:37:27] 🔄 Identity reset
[16:37:27] 🔄 Identity rotated (every 10 requests)
[16:37:27] [246/455] SKMM
[16:37:28] [247/455] VOIB
[16:37:30] [248/455] KINO
[16:37:30] [249/455] VCTP
[16:37:31] [250/455] PDWR
[16:37:32] [251/455] SAED
[16:37:33] [252/455] SRRT
[16:37:34] [253/455] CVLG
[16:37:35] [254/455] SNGN
[16:37:36] [255/455] SIDA
[16:37:37] 🔄 Identity reset
[16:37:37] 🔄 Identity rotated (every 10 requests)
[16:37:38] [256/455] IMCB
[16:37:40] [257/455] SMHP
[16:37:41] [258/455] GDTY
[16:37:42] [259/455] VYCH
[16:37:43] [260/455] PDYA
[16:37:44] [261/455] RKDO
[16:37:44] [262/455] VECG
[16:37:45] [263/455] NFGD
[16:37:46] [264/455] SNDC
[16:37:47] [265/455] SDJH
[16:37:48] 🔄 Identity reset
[16:37:48] 🔄 Identity rotated (every 10 requests)
[16:37:48] [266/455] HASV
[16:37:49] [267/455] PTYK
[16:37:50] [268/455] MUTB
[16:37:50] [269/455] AMRT
[16:37:51] [270/455] VACD
[16:37:52] [271/455] SKDD
[16:37:53] [272/455] STGR
[16:37:54] [273/455] GDAK
[16:37:55] [274/455] SKHK
[16:37:56] [275/455] SLND
[16:37:57] 🔄 Identity reset
[16:37:57] 🔄 Identity rotated (every 10 requests)
[16:37:57] 🔄 Retry 1/5 for SLND in 2.6s
[16:37:57] 🔄 Identity reset
[16:37:59] 🧠 New identity created
[16:38:00] [276/455] APAP
[16:38:00] [277/455] AYYA
[16:38:01] [278/455] VCCZ
[16:38:02] [279/455] MEML
[16:38:04] [280/455] MAOU
[16:38:05] [281/455] ESND
[16:38:06] [282/455] PTBZ
[16:38:07] [283/455] LBCN
[16:38:08] [284/455] PAWA
[16:38:08] 🔄 Identity reset
[16:38:08] 🔄 Identity rotated (every 10 requests)
[16:38:09] [285/455] ZEIC
[16:38:09] [286/455] CGMM
[16:38:10] [287/455] PJPM
[16:38:11] [288/455] ECMR
[16:38:12] [289/455] SHMZ
[16:38:13] [290/455] STCA
[16:38:14] [291/455] VDRC
[16:38:15] [292/455] SEEM
[16:38:16] [293/455] MKNS
[16:38:17] [294/455] KPPP
[16:38:18] 🔄 Identity reset
[16:38:18] 🔄 Identity rotated (every 10 requests)
[16:38:18] 🔄 Retry 1/5 for KPPP in 2.1s
[16:38:18] 🔄 Identity reset
[16:38:20] 🧠 New identity created
[16:38:20] [295/455] CCML
[16:38:21] [296/455] CIBA
[16:38:22] [297/455] NACS
[16:38:23] [298/455] CTMK
[16:38:24] [299/455] CTCT
[16:38:25] [300/455] MCSN
[16:38:26] [301/455] MAXX
[16:38:27] [302/455] MECB
[16:38:27] [303/455] NTBY
[16:38:28] 🔄 Identity reset
[16:38:28] 🔄 Identity rotated (every 10 requests)
[16:38:28] 🔄 Retry 1/5 for NTBY in 2.9s
[16:38:28] 🔄 Identity reset
[16:38:31] 🧠 New identity created
[16:38:31] 🔄 Retry 2/5 for NTBY in 4.2s
[16:38:31] 🔄 Identity reset
[16:38:35] 🧠 New identity created
[16:38:35] [304/455] UTBI
[16:38:36] [305/455] RADK
[16:38:37] [306/455] STBY
[16:38:38] [307/455] GTBY
[16:38:39] [308/455] RRMB
[16:38:40] [309/455] ABRN
[16:38:42] [310/455] GTSG
[16:38:43] [311/455] GBTG
[16:38:43] 🔄 Identity reset
[16:38:43] 🔄 Identity rotated (every 10 requests)
[16:38:44] [312/455] SBGS
[16:38:45] [313/455] KBPM
[16:38:46] [314/455] SMHT
[16:38:47] [315/455] VTDM
[16:38:48] [316/455] ASCT
[16:38:49] [317/455] AWCT
[16:38:50] [318/455] DCCU
[16:38:51] [319/455] PSCE
[16:38:52] [320/455] KSNY
[16:38:53] [321/455] ACID
[16:38:53] 🔄 Identity reset
[16:38:53] 🔄 Identity rotated (every 10 requests)
[16:38:54] [322/455] LVCD
[16:38:54] [323/455] KSSB
[16:38:55] [324/455] SWTD
[16:38:57] [325/455] RBMR
[16:38:57] [326/455] SCBC
[16:38:58] [327/455] RKME
[16:38:59] [328/455] GALX
[16:39:01] [329/455] GCCH
[16:39:02] [330/455] RATR
[16:39:02] [331/455] GTGA
[16:39:03] 🔄 Identity reset
[16:39:03] 🔄 Identity rotated (every 10 requests)
[16:39:04] [332/455] LTTR
[16:39:05] [333/455] TTAA
[16:39:06] [334/455] TVHP
[16:39:07] [335/455] KVCS
[16:39:08] [336/455] CBMC
[16:39:09] [337/455] MAYJ
[16:39:10] [338/455] INPR
[16:39:11] [339/455] RSSC
[16:39:12] [340/455] PCAN
[16:39:13] [341/455] PVHR
[16:39:13] 🔄 Identity reset
[16:39:13] 🔄 Identity rotated (every 10 requests)
[16:39:13] 🔄 Retry 1/5 for PVHR in 3.0s
[16:39:13] 🔄 Identity reset
[16:39:16] 🧠 New identity created
[16:39:17] [342/455] AGSM
[16:39:17] [343/455] PVES
[16:39:18] [344/455] INTO
[16:39:19] [345/455] ACON
[16:39:20] [346/455] PVPZ
[16:39:21] [347/455] PVHC
[16:39:22] [348/455] KSTK
[16:39:23] [349/455] PVSR
[16:39:24] [350/455] ACTN
[16:39:25] 🔄 Identity reset
[16:39:25] 🔄 Identity rotated (every 10 requests)
[16:39:26] [351/455] FMCN
[16:39:26] [352/455] PABC
[16:39:27] [353/455] SUTC
[16:39:28] [354/455] PGMV
[16:39:29] [355/455] GKCP
[16:39:30] [356/455] INCH
[16:39:32] [357/455] MLMT
[16:39:33] [358/455] SSCC
[16:39:33] [359/455] SLMP
[16:39:34] [360/455] VVTN
[16:39:35] 🔄 Identity reset
[16:39:35] 🔄 Identity rotated (every 10 requests)
[16:39:35] [361/455] SBTR
[16:39:36] [362/455] PGRA
[16:39:37] [363/455] PBRM
[16:39:38] [364/455] GCRP
[16:39:39] [365/455] MCSK
[16:39:40] [366/455] NLTC
[16:39:41] [367/455] MTLM
[16:39:42] [368/455] VECT
[16:39:43] [369/455] KMRM
[16:39:44] [370/455] RACM
[16:39:44] 🔄 Identity reset
[16:39:44] 🔄 Identity rotated (every 10 requests)
[16:39:44] [371/455] WSTC
[16:39:45] [372/455] PVTJ
[16:39:46] [373/455] MMKC
[16:39:47] [374/455] SVWT
[16:39:48] [375/455] JOTG
[16:39:49] [376/455] VCDK
[16:39:50] [377/455] ANAC
[16:39:50] [378/455] GRTC
[16:39:51] [379/455] JTPL
[16:39:52] [380/455] VRCP
[16:39:53] 🔄 Identity reset
[16:39:53] 🔄 Identity rotated (every 10 requests)
[16:39:54] [381/455] REMC
[16:39:55] [382/455] ATMG
[16:39:56] [383/455] GAHC
[16:39:57] [384/455] JTMV
[16:39:58] [385/455] OMTT
[16:39:59] [386/455] GKKC
[16:40:00] [387/455] BBPO
[16:40:01] [388/455] ZCBB
[16:40:02] [389/455] DCGO
[16:40:03] [390/455] STOP
[16:40:03] 🔄 Identity reset
[16:40:03] 🔄 Identity rotated (every 10 requests)
[16:40:04] [391/455] BSPC
[16:40:05] [392/455] SOND
[16:40:06] [393/455] GCKG
[16:40:07] [394/455] PCDB
[16:40:08] [395/455] PGRC
[16:40:09] [396/455] CSCT
[16:40:10] [397/455] STDA
[16:40:11] [398/455] JAYD
[16:40:12] [399/455] PPPD
[16:40:13] [400/455] KRTT
[16:40:13] 🔄 Identity reset
[16:40:13] 🔄 Identity rotated (every 10 requests)
[16:40:14] [401/455] PTDT
[16:40:17] [402/455] TRSV
[16:40:18] [403/455] VELR
[16:40:19] [404/455] STDT
[16:40:20] [405/455] SATT
[16:40:20] [406/455] KCPM
[16:40:21] [407/455] MFCP
[16:40:23] [408/455] AXMP
[16:40:24] [409/455] LTVB
[16:40:25] [410/455] APST
[16:40:25] 🔄 Identity reset
[16:40:25] 🔄 Identity rotated (every 10 requests)
[16:40:26] [411/455] DTVP
[16:40:27] [412/455] AAVB
[16:40:28] [413/455] PMBL
[16:40:29] [414/455] STKC
[16:40:30] [415/455] KKMA
[16:40:31] [416/455] NMXS
[16:40:32] [417/455] DECX
[16:40:33] [418/455] MAPJ
[16:40:33] [419/455] SMLK
[16:40:34] [420/455] PMPU
[16:40:35] 🔄 Identity reset
[16:40:35] 🔄 Identity rotated (every 10 requests)
[16:40:35] [421/455] AFST
[16:40:36] [422/455] SRSY
[16:40:38] [423/455] RMKT
[16:40:40] [424/455] RAJX
[16:40:41] [425/455] UVCD
[16:40:41] [426/455] LISA
[16:40:42] [427/455] LMSR
[16:40:43] [428/455] PMCA
[16:40:44] [429/455] INPO
[16:40:45] [430/455] INGO
[16:40:46] 🔄 Identity reset
[16:40:46] 🔄 Identity rotated (every 10 requests)
[16:40:46] [431/455] HFSQ
[16:40:47] [432/455] INMG
[16:40:48] [433/455] NYCP
[16:40:48] [434/455] HFSV
[16:40:49] [435/455] MMZP
[16:40:50] [436/455] KSES
[16:40:51] [437/455] HFSA
[16:40:52] [438/455] ACMM
[16:40:52] [439/455] RCKD
[16:40:53] [440/455] BCKR
[16:40:54] 🔄 Identity reset
[16:40:54] 🔄 Identity rotated (every 10 requests)
[16:40:55] [441/455] SFCO
[16:40:57] [442/455] JCCB
[16:40:57] [443/455] BCCR
[16:40:59] [444/455] NWCB
[16:41:00] [445/455] SAMT
[16:41:01] [446/455] TMST
[16:41:01] [447/455] SJCN
[16:41:02] [448/455] MCBS
[16:41:03] [449/455] CMKR
[16:41:04] [450/455] INPM
[16:41:04] 🔄 Identity reset
[16:41:04] 🔄 Identity rotated (every 10 requests)
[16:41:05] [451/455] WVMT
[16:41:06] [452/455] NYSM
[16:41:07] [453/455] RCMA
[16:41:08] [454/455] RECM
[16:41:09] [455/455] CYCM
[16:41:10] 🧹 Deduping shows
[16:41:10] ✅ DONE | Shows=629 | Movies=36
[12:23:04] 🚀 SCRIPT STARTED (enhanced anti‑detection)
[12:23:04] [1/455] MXGN
[12:23:05] 🧠 New identity created
[12:23:05] 🔄 Retry 1/5 for MXGN in 2.1s
[12:23:05] 🔄 Identity reset
[12:23:07] 🧠 New identity created
[12:23:07] 🔄 Retry 2/5 for MXGN in 4.0s
[12:23:07] 🔄 Identity reset
[12:23:11] 🧠 New identity created
[12:23:11] [2/455] PGGM
[12:23:13] [3/455] IPMJ
[12:23:14] [4/455] M2PP
[12:23:15] [5/455] PMMS
[12:23:16] [6/455] SCJN
[12:23:17] [7/455] CPUM
[12:23:18] [8/455] SCND
[12:23:18] 🔄 Identity reset
[12:23:18] 🔄 Identity rotated (every 10 requests)
[12:23:19] [9/455] INWM
[12:23:20] [10/455] DVDC
[12:23:21] [11/455] WVND
[12:23:22] [12/455] LBDL
[12:23:24] [13/455] CRGM
[12:23:25] [14/455] PVKS
[12:23:26] [15/455] PBLL
[12:23:27] [16/455] FNLN
[12:23:28] [17/455] PPDA
[12:23:29] [18/455] SCPT
[12:23:29] 🔄 Identity reset
[12:23:29] 🔄 Identity rotated (every 10 requests)
[12:23:29] [19/455] IAJS
[12:23:30] [20/455] MMZG
[12:23:31] [21/455] MCTI
[12:23:32] [22/455] PPMF
[12:23:33] [23/455] FNSD
[12:23:34] [24/455] M2RH
[12:23:35] [25/455] CPGV
[12:23:36] [26/455] PECD
[12:23:37] [27/455] CTEE
[12:23:38] [28/455] IOMG
[12:23:39] 🔄 Identity reset
[12:23:39] 🔄 Identity rotated (every 10 requests)
[12:23:39] 🔄 Retry 1/5 for IOMG in 2.6s
[12:23:39] 🔄 Identity reset
[12:23:41] 🧠 New identity created
[12:23:42] [29/455] CIJA
[12:23:43] [30/455] NYCG
[12:23:44] [31/455] CEST
[12:23:45] [32/455] WVRG
[12:23:47] [33/455] DPDC
[12:23:47] [34/455] PDIV
[12:23:48] [35/455] MTPP
[12:23:49] [36/455] MHNU
[12:23:50] [37/455] WUPG
[12:23:51] 🔄 Identity reset
[12:23:51] 🔄 Identity rotated (every 10 requests)
[12:23:51] [38/455] USCO
[12:23:52] [39/455] INFR
[12:23:53] [40/455] PVPD
[12:23:54] [41/455] RONC
[12:23:55] [42/455] IOCP
[12:23:57] [43/455] EMPS
[12:23:57] [44/455] PNAD
[12:23:58] [45/455] VVGZ
[12:23:59] [46/455] MDDC
[12:24:00] [47/455] MMAP
[12:24:00] 🔄 Identity reset
[12:24:00] 🔄 Identity rotated (every 10 requests)
[12:24:01] [48/455] GPDC
[12:24:02] [49/455] PVPU
[12:24:03] [50/455] DCMV
[12:24:04] [51/455] PCCF
[12:24:05] [52/455] MCEF
[12:24:06] [53/455] INRD
[12:24:06] [54/455] CCPZ
[12:24:08] [55/455] BCWG
[12:24:08] [56/455] PMGU
[12:24:09] [57/455] MCVM
[12:24:10] 🔄 Identity reset
[12:24:10] 🔄 Identity rotated (every 10 requests)
[12:24:10] [58/455] MCDE
[12:24:11] [59/455] IEFM
[12:24:12] [60/455] MXCS
[12:24:13] [61/455] RNMT
[12:24:14] [62/455] PSDD
[12:24:15] [63/455] PETA
[12:24:16] [64/455] IZOP
[12:24:17] [65/455] PDEI
[12:24:18] [66/455] MTND
[12:24:19] [67/455] PCPL
[12:24:20] 🔄 Identity reset
[12:24:20] 🔄 Identity rotated (every 10 requests)
[12:24:20] [68/455] LSCM
[12:24:21] [69/455] BTFD
[12:24:22] [70/455] MERM
[12:24:23] [71/455] PVMS
[12:24:24] [72/455] CIGK
[12:24:24] [73/455] INSG
[12:24:25] [74/455] IDEN
[12:24:26] [75/455] MCGN
[12:24:27] [76/455] IGAM
[12:24:28] [77/455] SLCU
[12:24:29] 🔄 Identity reset
[12:24:29] 🔄 Identity rotated (every 10 requests)
[12:24:29] [78/455] MIMU
[12:24:30] [79/455] QLAC
[12:24:31] [80/455] MENL
[12:24:32] [81/455] SCUR
[12:24:34] [82/455] MDGD
[12:24:34] [83/455] LSRS
[12:24:35] [84/455] KMLG
[12:24:36] [85/455] MKLJ
[12:24:37] [86/455] IBYG
[12:24:38] [87/455] ISML
[12:24:38] 🔄 Identity reset
[12:24:38] 🔄 Identity rotated (every 10 requests)
[12:24:38] 🔄 Retry 1/5 for ISML in 2.8s
[12:24:38] 🔄 Identity reset
[12:24:41] 🧠 New identity created
[12:24:42] [88/455] MJMM
[12:24:43] [89/455] RCGD
[12:24:43] [90/455] MMOC
[12:24:44] [91/455] RRCO
[12:24:46] [92/455] MEDM
[12:24:47] [93/455] MCAZ
[12:24:48] [94/455] STWA
[12:24:49] [95/455] PFFG
[12:24:50] [96/455] GAGC
[12:24:50] 🔄 Identity reset
[12:24:50] 🔄 Identity rotated (every 10 requests)
[12:24:50] 🔄 Retry 1/5 for GAGC in 2.5s
[12:24:50] 🔄 Identity reset
[12:24:53] 🧠 New identity created
[12:24:53] 🔄 Retry 2/5 for GAGC in 4.5s
[12:24:53] 🔄 Identity reset
[12:24:57] 🧠 New identity created
[12:24:58] [97/455] PMPM
[12:24:59] [98/455] HVCD
[12:25:00] [99/455] AKRF
[12:25:01] [100/455] AKRC
[12:25:02] [101/455] MIDA
[12:25:03] [102/455] MAGX
[12:25:04] [103/455] ESOS
[12:25:05] [104/455] BBCL
[12:25:06] 🔄 Identity reset
[12:25:06] 🔄 Identity rotated (every 10 requests)
[12:25:06] [105/455] LYAS
[12:25:07] [106/455] NRMS
[12:25:08] [107/455] BHUC
[12:25:10] [108/455] SRIC
[12:25:11] [109/455] PDME
[12:25:12] [110/455] MJCS
[12:25:13] [111/455] NRAA
[12:25:13] [112/455] VATA
[12:25:14] [113/455] MNKC
[12:25:15] [114/455] DHCL
[12:25:16] 🔄 Identity reset
[12:25:16] 🔄 Identity rotated (every 10 requests)
[12:25:16] [115/455] JCPC
[12:25:17] [116/455] CTML
[12:25:18] [117/455] RMMR
[12:25:19] [118/455] STTL
[12:25:20] [119/455] CNPS
[12:25:21] [120/455] ACKL
[12:25:21] [121/455] SCAU
[12:25:22] [122/455] RMIA
[12:25:23] [123/455] MANU
[12:25:24] [124/455] ARDC
[12:25:25] 🔄 Identity reset
[12:25:25] 🔄 Identity rotated (every 10 requests)
[12:25:25] [125/455] GLDA
[12:25:26] [126/455] KVSW
[12:25:27] [127/455] CGCA
[12:25:28] [128/455] CMLO
[12:25:29] [129/455] CECB
[12:25:30] [130/455] RCPN
[12:25:32] [131/455] ASMW
[12:25:33] [132/455] PWLM
[12:25:33] [133/455] ASGM
[12:25:34] [134/455] ACWH
[12:25:35] 🔄 Identity reset
[12:25:35] 🔄 Identity rotated (every 10 requests)
[12:25:35] [135/455] AAPW
[12:25:36] [136/455] RTWA
[12:25:37] [137/455] RAMW
[12:25:38] [138/455] VKTR
[12:25:39] [139/455] SMBH
[12:25:40] [140/455] BVDR
[12:25:40] [141/455] MRTP
[12:25:41] [142/455] BLBR
[12:25:42] [143/455] LPIN
[12:25:43] [144/455] SNPC
[12:25:44] 🔄 Identity reset
[12:25:44] 🔄 Identity rotated (every 10 requests)
[12:25:44] [145/455] PDCB
[12:25:45] [146/455] DYPK
[12:25:46] [147/455] INMK
[12:25:47] [148/455] PDCK
[12:25:48] [149/455] PCKR
[12:25:49] [150/455] SHUA
[12:25:51] [151/455] SCVK
[12:25:52] [152/455] STPA
[12:25:53] [153/455] WVHD
[12:25:54] [154/455] MRCH
[12:25:54] 🔄 Identity reset
[12:25:54] 🔄 Identity rotated (every 10 requests)
[12:25:54] [155/455] MCNP
[12:25:55] [156/455] RCAG
[12:25:56] [157/455] JTSN
[12:25:57] [158/455] AANS
[12:25:58] [159/455] GDDR
[12:25:59] [160/455] SRER
[12:26:00] [161/455] JKMA
[12:26:01] [162/455] ARAN
[12:26:02] [163/455] ALCT
[12:26:03] [164/455] CCTA
[12:26:04] 🔄 Identity reset
[12:26:04] 🔄 Identity rotated (every 10 requests)
[12:26:04] [165/455] CNCT
[12:26:05] [166/455] NZBL
[12:26:06] [167/455] SRRA
[12:26:07] [168/455] SVPW
[12:26:08] [169/455] SRTW
[12:26:09] [170/455] XMTD
[12:26:10] [171/455] SCCZ
[12:26:10] [172/455] PBCR
[12:26:12] [173/455] RTSC
[12:26:12] [174/455] TLSV
[12:26:13] 🔄 Identity reset
[12:26:13] 🔄 Identity rotated (every 10 requests)
[12:26:13] [175/455] RMTK
[12:26:15] [176/455] SRAT
[12:26:16] [177/455] GCYC
[12:26:17] [178/455] HCAJ
[12:26:17] [179/455] LCXA
[12:26:18] [180/455] BINT
[12:26:19] [181/455] IXIM
[12:26:20] [182/455] MBCR
[12:26:21] [183/455] BMCJ
[12:26:23] [184/455] NICJ
[12:26:23] 🔄 Identity reset
[12:26:23] 🔄 Identity rotated (every 10 requests)
[12:26:24] [185/455] SCAJ
[12:26:25] [186/455] CMXS
[12:26:25] [187/455] MMSR
[12:26:26] [188/455] PRKT
[12:26:27] [189/455] LPTH
[12:26:29] [190/455] SARP
[12:26:30] [191/455] MNPP
[12:26:31] [192/455] PRLR
[12:26:32] [193/455] RCMW
[12:26:33] [194/455] FCMG
[12:26:33] 🔄 Identity reset
[12:26:33] 🔄 Identity rotated (every 10 requests)
[12:26:34] [195/455] RTNK
[12:26:35] [196/455] LRCP
[12:26:36] [197/455] DBJR
[12:26:38] [198/455] CACN
[12:26:39] [199/455] AMRL
[12:26:41] [200/455] SBBC
[12:26:41] [201/455] VENN
[12:26:42] [202/455] STSS
[12:26:43] [203/455] SMRB
[12:26:44] [204/455] CCMX
[12:26:45] 🔄 Identity reset
[12:26:45] 🔄 Identity rotated (every 10 requests)
[12:26:45] [205/455] KCMR
[12:26:46] [206/455] SALH
[12:26:47] [207/455] CGTT
[12:26:48] [208/455] PMDR
[12:26:49] [209/455] VCPM
[12:26:50] [210/455] RZMX
[12:26:51] [211/455] TMSY
[12:26:52] [212/455] NTMS
[12:26:53] [213/455] VTAG
[12:26:54] [214/455] REMA
[12:26:54] 🔄 Identity reset
[12:26:54] 🔄 Identity rotated (every 10 requests)
[12:26:54] 🔄 Retry 1/5 for REMA in 2.3s
[12:26:54] 🔄 Identity reset
[12:26:57] 🧠 New identity created
[12:26:57] 🔄 Retry 2/5 for REMA in 4.5s
[12:26:57] 🔄 Identity reset
[12:27:01] 🧠 New identity created
[12:27:02] [215/455] NXCC
[12:27:03] [216/455] SKYM
[12:27:03] [217/455] CCMO
[12:27:04] [218/455] DMXM
[12:27:05] [219/455] SPPM
[12:27:06] [220/455] PTKL
[12:27:07] [221/455] SLVO
[12:27:08] [222/455] VASL
[12:27:08] 🔄 Identity reset
[12:27:08] 🔄 Identity rotated (every 10 requests)
[12:27:10] [223/455] CBCM
[12:27:11] [224/455] STMA
[12:27:12] [225/455] LASK
[12:27:13] [226/455] VITE
[12:27:14] [227/455] AAST
[12:27:14] [228/455] JTPT
[12:27:15] [229/455] RRSH
[12:27:16] [230/455] CINL
[12:27:17] [231/455] MCSR
[12:27:18] [232/455] SBCF
[12:27:19] 🔄 Identity reset
[12:27:19] 🔄 Identity rotated (every 10 requests)
[12:27:19] [233/455] GCDU
[12:27:20] [234/455] PSPR
[12:27:21] [235/455] IMMO
[12:27:22] [236/455] CLGM
[12:27:23] [237/455] PBMM
[12:27:24] [238/455] CEHR
[12:27:26] [239/455] CPOE
[12:27:27] [240/455] PGFD
[12:27:28] [241/455] PSLC
[12:27:29] [242/455] MSMD
[12:27:29] 🔄 Identity reset
[12:27:29] 🔄 Identity rotated (every 10 requests)
[12:27:30] [243/455] FMFB
[12:27:30] [244/455] RKCL
[12:27:31] [245/455] PMMC
[12:27:32] [246/455] SKMM
[12:27:34] [247/455] VOIB
[12:27:35] [248/455] KINO
[12:27:37] [249/455] VCTP
[12:27:38] [250/455] PDWR
[12:27:39] [251/455] SAED
[12:27:40] [252/455] SRRT
[12:27:40] 🔄 Identity reset
[12:27:40] 🔄 Identity rotated (every 10 requests)
[12:27:41] [253/455] CVLG
[12:27:41] [254/455] SNGN
[12:27:43] [255/455] SIDA
[12:27:45] [256/455] IMCB
[12:27:46] [257/455] SMHP
[12:27:47] [258/455] GDTY
[12:27:49] [259/455] VYCH
[12:27:50] [260/455] PDYA
[12:27:51] [261/455] RKDO
[12:27:52] [262/455] VECG
[12:27:53] 🔄 Identity reset
[12:27:53] 🔄 Identity rotated (every 10 requests)
[12:27:53] [263/455] NFGD
[12:27:54] [264/455] SNDC
[12:27:55] [265/455] SDJH
[12:27:56] [266/455] HASV
[12:27:57] [267/455] PTYK
[12:27:58] [268/455] MUTB
[12:27:59] [269/455] AMRT
[12:28:00] [270/455] VACD
[12:28:01] [271/455] SKDD
[12:28:02] [272/455] STGR
[12:28:03] 🔄 Identity reset
[12:28:03] 🔄 Identity rotated (every 10 requests)
[12:28:03] 🔄 Retry 1/5 for STGR in 2.2s
[12:28:03] 🔄 Identity reset
[12:28:05] 🧠 New identity created
[12:28:05] 🔄 Retry 2/5 for STGR in 4.5s
[12:28:05] 🔄 Identity reset
[12:28:09] 🧠 New identity created
[12:28:11] [273/455] GDAK
[12:28:11] [274/455] SKHK
[12:28:12] [275/455] SLND
[12:28:13] [276/455] APAP
[12:28:14] [277/455] AYYA
[12:28:15] [278/455] VCCZ
[12:28:16] [279/455] MEML
[12:28:17] [280/455] MAOU
[12:28:18] 🔄 Identity reset
[12:28:18] 🔄 Identity rotated (every 10 requests)
[12:28:18] [281/455] ESND
[12:28:20] [282/455] PTBZ
[12:28:22] [283/455] LBCN
[12:28:23] [284/455] PAWA
[12:28:24] [285/455] ZEIC
[12:28:24] [286/455] CGMM
[12:28:26] [287/455] PJPM
[12:28:26] [288/455] ECMR
[12:28:27] [289/455] SHMZ
[12:28:28] [290/455] STCA
[12:28:29] 🔄 Identity reset
[12:28:29] 🔄 Identity rotated (every 10 requests)
[12:28:29] [291/455] VDRC
[12:28:30] [292/455] SEEM
[12:28:31] [293/455] MKNS
[12:28:32] [294/455] KPPP
[12:28:32] [295/455] CCML
[12:28:33] [296/455] CIBA
[12:28:34] [297/455] NACS
[12:28:35] [298/455] CTMK
[12:28:36] [299/455] CTCT
[12:28:37] [300/455] MCSN
[12:28:37] 🔄 Identity reset
[12:28:37] 🔄 Identity rotated (every 10 requests)
[12:28:38] [301/455] MAXX
[12:28:38] [302/455] MECB
[12:28:39] [303/455] NTBY
[12:28:40] [304/455] UTBI
[12:28:41] [305/455] RADK
[12:28:42] [306/455] STBY
[12:28:43] [307/455] GTBY
[12:28:44] [308/455] RRMB
[12:28:46] [309/455] ABRN
[12:28:48] [310/455] GTSG
[12:28:48] 🔄 Identity reset
[12:28:48] 🔄 Identity rotated (every 10 requests)
[12:28:49] [311/455] GBTG
[12:28:49] [312/455] SBGS
[12:28:50] [313/455] KBPM
[12:28:51] [314/455] SMHT
[12:28:52] [315/455] VTDM
[12:28:54] [316/455] ASCT
[12:28:55] [317/455] AWCT
[12:28:57] [318/455] DCCU
[12:28:58] [319/455] PSCE
[12:28:59] [320/455] KSNY
[12:29:00] 🔄 Identity reset
[12:29:00] 🔄 Identity rotated (every 10 requests)
[12:29:00] [321/455] ACID
[12:29:01] [322/455] LVCD
[12:29:02] [323/455] KSSB
[12:29:03] [324/455] SWTD
[12:29:04] [325/455] RBMR
[12:29:05] [326/455] SCBC
[12:29:06] [327/455] RKME
[12:29:07] [328/455] GALX
[12:29:07] [329/455] GCCH
[12:29:08] [330/455] RATR
[12:29:09] 🔄 Identity reset
[12:29:09] 🔄 Identity rotated (every 10 requests)
[12:29:09] [331/455] GTGA
[12:29:10] [332/455] LTTR
[12:29:11] [333/455] TTAA
[12:29:12] [334/455] TVHP
[12:29:13] [335/455] KVCS
[12:29:14] [336/455] CBMC
[12:29:15] [337/455] MAYJ
[12:29:15] [338/455] INPR
[12:29:17] [339/455] RSSC
[12:29:19] [340/455] PCAN
[12:29:19] 🔄 Identity reset
[12:29:19] 🔄 Identity rotated (every 10 requests)
[12:29:20] [341/455] PVHR
[12:29:20] [342/455] AGSM
[12:29:22] [343/455] PVES
[12:29:22] [344/455] INTO
[12:29:23] [345/455] ACON
[12:29:25] [346/455] PVPZ
[12:29:26] [347/455] PVHC
[12:29:26] [348/455] KSTK
[12:29:27] [349/455] PVSR
[12:29:28] [350/455] ACTN
[12:29:29] 🔄 Identity reset
[12:29:29] 🔄 Identity rotated (every 10 requests)
[12:29:30] [351/455] FMCN
[12:29:31] [352/455] PABC
[12:29:32] [353/455] SUTC
[12:29:33] [354/455] PGMV
[12:29:34] [355/455] GKCP
[12:29:34] [356/455] INCH
[12:29:35] [357/455] MLMT
[12:29:36] [358/455] SSCC
[12:29:37] [359/455] SLMP
[12:29:38] [360/455] VVTN
[12:29:38] 🔄 Identity reset
[12:29:38] 🔄 Identity rotated (every 10 requests)
[12:29:39] [361/455] SBTR
[12:29:41] [362/455] PGRA
[12:29:42] [363/455] PBRM
[12:29:43] [364/455] GCRP
[12:29:44] [365/455] MCSK
[12:29:45] [366/455] NLTC
[12:29:45] [367/455] MTLM
[12:29:46] [368/455] VECT
[12:29:47] [369/455] KMRM
[12:29:48] [370/455] RACM
[12:29:48] 🔄 Identity reset
[12:29:48] 🔄 Identity rotated (every 10 requests)
[12:29:49] [371/455] WSTC
[12:29:50] [372/455] PVTJ
[12:29:50] [373/455] MMKC
[12:29:51] [374/455] SVWT
[12:29:52] [375/455] JOTG
[12:29:53] [376/455] VCDK
[12:29:54] [377/455] ANAC
[12:29:55] [378/455] GRTC
[12:29:56] [379/455] JTPL
[12:29:57] [380/455] VRCP
[12:29:58] 🔄 Identity reset
[12:29:58] 🔄 Identity rotated (every 10 requests)
[12:29:58] [381/455] REMC
[12:29:59] [382/455] ATMG
[12:30:00] [383/455] GAHC
[12:30:01] [384/455] JTMV
[12:30:02] [385/455] OMTT
[12:30:03] [386/455] GKKC
[12:30:04] [387/455] BBPO
[12:30:05] [388/455] ZCBB
[12:30:06] [389/455] DCGO
[12:30:06] [390/455] STOP
[12:30:07] 🔄 Identity reset
[12:30:07] 🔄 Identity rotated (every 10 requests)
[12:30:07] [391/455] BSPC
[12:30:08] [392/455] SOND
[12:30:09] [393/455] GCKG
[12:30:10] [394/455] PCDB
[12:30:11] [395/455] PGRC
[12:30:12] [396/455] CSCT
[12:30:13] [397/455] STDA
[12:30:14] [398/455] JAYD
[12:30:15] [399/455] PPPD
[12:30:16] [400/455] KRTT
[12:30:16] 🔄 Identity reset
[12:30:16] 🔄 Identity rotated (every 10 requests)
[12:30:17] [401/455] PTDT
[12:30:18] [402/455] TRSV
[12:30:19] [403/455] VELR
[12:30:20] [404/455] STDT
[12:30:22] [405/455] SATT
[12:30:24] [406/455] KCPM
[12:30:25] [407/455] MFCP
[12:30:25] [408/455] AXMP
[12:30:26] [409/455] LTVB
[12:30:27] [410/455] APST
[12:30:28] 🔄 Identity reset
[12:30:28] 🔄 Identity rotated (every 10 requests)
[12:30:29] [411/455] DTVP
[12:30:30] [412/455] AAVB
[12:30:31] [413/455] PMBL
[12:30:31] [414/455] STKC
[12:30:32] [415/455] KKMA
[12:30:33] [416/455] NMXS
[12:30:34] [417/455] DECX
[12:30:35] [418/455] MAPJ
[12:30:36] [419/455] SMLK
[12:30:37] [420/455] PMPU
[12:30:38] 🔄 Identity reset
[12:30:38] 🔄 Identity rotated (every 10 requests)
[12:30:38] [421/455] AFST
[12:30:39] [422/455] SRSY
[12:30:40] [423/455] RMKT
[12:30:41] [424/455] RAJX
[12:30:42] [425/455] UVCD
[12:30:43] [426/455] LISA
[12:30:44] [427/455] LMSR
[12:30:45] [428/455] PMCA
[12:30:46] [429/455] INPO
[12:30:47] [430/455] INGO
[12:30:47] 🔄 Identity reset
[12:30:47] 🔄 Identity rotated (every 10 requests)
[12:30:48] [431/455] HFSQ
[12:30:49] [432/455] INMG
[12:30:50] [433/455] NYCP
[12:30:50] [434/455] HFSV
[12:30:51] [435/455] MMZP
[12:30:52] [436/455] KSES
[12:30:53] [437/455] HFSA
[12:30:54] [438/455] ACMM
[12:30:55] [439/455] RCKD
[12:30:56] [440/455] BCKR
[12:30:56] 🔄 Identity reset
[12:30:56] 🔄 Identity rotated (every 10 requests)
[12:30:57] [441/455] SFCO
[12:30:58] [442/455] JCCB
[12:30:59] [443/455] BCCR
[12:31:00] [444/455] NWCB
[12:31:00] [445/455] SAMT
[12:31:01] [446/455] TMST
[12:31:02] [447/455] SJCN
[12:31:03] [448/455] MCBS
[12:31:04] [449/455] CMKR
[12:31:05] [450/455] INPM
[12:31:05] 🔄 Identity reset
[12:31:05] 🔄 Identity rotated (every 10 requests)
[12:31:07] [451/455] WVMT
[12:31:07] [452/455] NYSM
[12:31:08] [453/455] RCMA
[12:31:09] [454/455] RECM
[12:31:10] [455/455] CYCM
[12:31:11] 🧹 Deduping shows
[12:31:11] ✅ DONE | Shows=785 | Movies=48
