[09:38:23] 🚀 SCRIPT STARTED (enhanced anti‑detection)
[09:38:23] [1/326] VCHA
[09:38:24] 🧠 New identity created
[09:38:25] [2/326] SCKO
[09:38:27] [3/326] VKTK
[09:38:28] [4/326] DXEC
[09:38:29] [5/326] CDCA
[09:38:30] [6/326] VBCZ
[09:38:30] [7/326] MSDR
[09:38:31] [8/326] ACPV
[09:38:32] [9/326] PVHB
[09:38:33] [10/326] RCNH
[09:38:34] 🔄 Identity reset
[09:38:34] 🔄 Identity rotated (every 10 requests)
[09:38:34] [11/326] IOMH
[09:38:40] [12/326] ILKS
[09:38:45] [13/326] AMSN
[09:38:46] [14/326] ANTP
[09:38:48] [15/326] SSEK
[09:38:50] [16/326] PICP
[09:38:51] [17/326] SICO
[09:38:51] [18/326] SISP
[09:38:52] [19/326] SCPI
[09:38:54] [20/326] CRPR
[09:38:55] 🔄 Identity reset
[09:38:55] 🔄 Identity rotated (every 10 requests)
[09:38:55] 🔄 Retry 1/5 for CRPR in 2.3s
[09:38:55] 🔄 Identity reset
[09:38:57] 🧠 New identity created
[09:38:57] [21/326] DCTW
[09:38:59] [22/326] DCSP
[09:39:00] [23/326] KRPM
[09:39:01] [24/326] THKK
[09:39:02] [25/326] SNMY
[09:39:03] [26/326] AKCC
[09:39:04] [27/326] PCAT
[09:39:05] [28/326] RFGO
[09:39:06] [29/326] GGCS
[09:39:07] 🔄 Identity reset
[09:39:07] 🔄 Identity rotated (every 10 requests)
[09:39:07] [30/326] ACKR
[09:39:09] [31/326] STDO
[09:39:10] [32/326] ACKB
[09:39:11] [33/326] ALUC
[09:39:12] [34/326] MNSR
[09:39:13] [35/326] CSSL
[09:39:14] [36/326] BGGM
[09:39:16] [37/326] MANT
[09:39:17] [38/326] SOOY
[09:39:17] [39/326] VPPK
[09:39:18] 🔄 Identity reset
[09:39:18] 🔄 Identity rotated (every 10 requests)
[09:39:18] [40/326] MYHJ
[09:39:19] [41/326] KSCK
[09:39:20] [42/326] KATK
[09:39:21] [43/326] RTRT
[09:39:22] [44/326] SSTT
[09:39:23] [45/326] SSTV
[09:39:24] [46/326] LACM
[09:39:25] [47/326] SGMG
[09:39:27] [48/326] KACX
[09:39:28] [49/326] GVCP
[09:39:28] 🔄 Identity reset
[09:39:28] 🔄 Identity rotated (every 10 requests)
[09:39:29] [50/326] CSNC
[09:39:29] [51/326] SXCB
[09:39:30] [52/326] BAHS
[09:39:31] [53/326] PCBI
[09:39:32] [54/326] PSSM
[09:39:33] [55/326] RCOK
[09:39:34] [56/326] SCPF
[09:39:35] [57/326] SSAS
[09:39:36] [58/326] EVMM
[09:39:36] [59/326] SYCB
[09:39:37] 🔄 Identity reset
[09:39:37] 🔄 Identity rotated (every 10 requests)
[09:39:37] [60/326] GCKI
[09:39:39] [61/326] IAET
[09:39:40] [62/326] DDTD
[09:39:41] [63/326] GMDH
[09:39:42] [64/326] STLE
[09:39:43] [65/326] JTRA
[09:39:44] [66/326] RPPA
[09:39:46] [67/326] ARUT
[09:39:48] [68/326] JTVM
[09:39:48] [69/326] SWRH
[09:39:49] 🔄 Identity reset
[09:39:49] 🔄 Identity rotated (every 10 requests)
[09:39:49] [70/326] DCPC
[09:39:50] [71/326] RAPR
[09:39:51] [72/326] GCRT
[09:39:52] [73/326] ATUN
[09:39:53] [74/326] LTRM
[09:39:54] [75/326] TASR
[09:39:55] [76/326] RLLC
[09:39:56] [77/326] MABI
[09:39:57] [78/326] SVHB
[09:39:58] [79/326] NVTB
[09:39:59] 🔄 Identity reset
[09:39:59] 🔄 Identity rotated (every 10 requests)
[09:39:59] [80/326] KCKG
[09:40:00] [81/326] SSRN
[09:40:01] [82/326] VDDC
[09:40:02] [83/326] GKTK
[09:40:03] [84/326] YFSN
[09:40:04] [85/326] GCSG
[09:40:06] [86/326] ESSM
[09:40:07] [87/326] KRIH
[09:40:08] [88/326] GCDS
[09:40:09] [89/326] CCSH
[09:40:10] 🔄 Identity reset
[09:40:10] 🔄 Identity rotated (every 10 requests)
[09:40:10] 🔄 Retry 1/5 for CCSH in 2.1s
[09:40:10] 🔄 Identity reset
[09:40:12] 🧠 New identity created
[09:40:12] [90/326] ACSK
[09:40:13] [91/326] APRK
[09:40:14] [92/326] ADKM
[09:40:15] [93/326] SRDM
[09:40:17] [94/326] SJMY
[09:40:18] [95/326] PGGC
[09:40:19] [96/326] INGM
[09:40:20] [97/326] LSCB
[09:40:24] [98/326] STAD
[09:40:24] 🔄 Identity reset
[09:40:24] 🔄 Identity rotated (every 10 requests)
[09:40:25] [99/326] MCCR
[09:40:26] [100/326] ABCC
[09:40:26] [101/326] RKCC
[09:40:27] [102/326] RTCR
[09:40:29] [103/326] GGBC
[09:40:30] [104/326] GCSD
[09:40:31] [105/326] LPTY
[09:40:32] [106/326] MCFD
[09:40:33] [107/326] HENN
[09:40:33] [108/326] SMKU
[09:40:34] 🔄 Identity reset
[09:40:34] 🔄 Identity rotated (every 10 requests)
[09:40:34] [109/326] TNZC
[09:40:36] [110/326] DRCD
[09:40:37] [111/326] DLCD
[09:40:39] [112/326] RCDA
[09:40:40] [113/326] COSM
[09:40:41] [114/326] MCMJ
[09:40:42] [115/326] CSTR
[09:40:43] [116/326] CVDK
[09:40:44] [117/326] INRR
[09:40:45] [118/326] RJRT
[09:40:46] 🔄 Identity reset
[09:40:46] 🔄 Identity rotated (every 10 requests)
[09:40:50] [119/326] IRMR
[09:40:51] [120/326] SRCF
[09:40:52] [121/326] GRCR
[09:40:53] [122/326] SURC
[09:40:54] [123/326] NMNH
[09:40:55] [124/326] SVBL
[09:40:57] [125/326] KACI
[09:40:58] [126/326] TDGO
[09:40:59] [127/326] KTBR
[09:40:59] [128/326] PMAD
[09:41:00] 🔄 Identity reset
[09:41:00] 🔄 Identity rotated (every 10 requests)
[09:41:00] 🔄 Retry 1/5 for PMAD in 2.5s
[09:41:00] 🔄 Identity reset
[09:41:03] 🧠 New identity created
[09:41:04] [129/326] CCPN
[09:41:05] [130/326] SBTK
[09:41:06] [131/326] LMDK
[09:41:09] [132/326] PGDA
[09:41:09] [133/326] SRML
[09:41:10] [134/326] EVCK
[09:41:11] [135/326] RTTK
[09:41:12] [136/326] SRTU
[09:41:13] [137/326] VRSA
[09:41:14] 🔄 Identity reset
[09:41:14] 🔄 Identity rotated (every 10 requests)
[09:41:14] 🔄 Retry 1/5 for VRSA in 2.6s
[09:41:14] 🔄 Identity reset
[09:41:16] 🧠 New identity created
[09:41:17] [138/326] VARS
[09:41:18] [139/326] DSCZ
[09:41:19] [140/326] GAGA
[09:41:20] [141/326] SARV
[09:41:21] [142/326] SEEG
[09:41:22] [143/326] GLCA
[09:41:23] [144/326] APAS
[09:41:24] [145/326] VCIA
[09:41:25] [146/326] SJTA
[09:41:26] 🔄 Identity reset
[09:41:26] 🔄 Identity rotated (every 10 requests)
[09:41:26] 🔄 Retry 1/5 for SJTA in 2.3s
[09:41:26] 🔄 Identity reset
[09:41:28] 🧠 New identity created
[09:41:28] [147/326] SABM
[09:41:29] [148/326] PPAG
[09:41:30] [149/326] RVCA
[09:41:31] [150/326] CCIA
[09:41:32] [151/326] HTAG
[09:41:33] [152/326] SMBI
[09:41:34] [153/326] MCJR
[09:41:35] [154/326] CCJR
[09:41:36] [155/326] SINF
[09:41:36] 🔄 Identity reset
[09:41:37] 🔄 Identity rotated (every 10 requests)
[09:41:37] [156/326] CPLX
[09:41:38] [157/326] KKTJ
[09:41:39] [158/326] GDBW
[09:41:40] [159/326] CSUB
[09:41:42] [160/326] DABA
[09:41:43] [161/326] TITR
[09:41:44] [162/326] NYCR
[09:41:45] [163/326] RTRY
[09:41:47] [164/326] JTJL
[09:41:48] [165/326] SJCP
[09:41:49] 🔄 Identity reset
[09:41:49] 🔄 Identity rotated (every 10 requests)
[09:41:49] 🔄 Retry 1/5 for SJCP in 2.7s
[09:41:49] 🔄 Identity reset
[09:41:52] 🧠 New identity created
[09:41:52] 🔄 Retry 2/5 for SJCP in 4.3s
[09:41:52] 🔄 Identity reset
[09:41:56] 🧠 New identity created
[09:41:57] [166/326] KCCA
[09:41:58] [167/326] MLPG
[09:41:59] [168/326] VRCK
[09:42:01] [169/326] SRIN
[09:42:02] [170/326] CXMK
[09:42:03] [171/326] SKAD
[09:42:04] [172/326] AVTR
[09:42:06] [173/326] PTAJ
[09:42:07] 🔄 Identity reset
[09:42:07] 🔄 Identity rotated (every 10 requests)
[09:42:07] [174/326] SCNK
[09:42:08] [175/326] STTI
[09:42:09] [176/326] KACR
[09:42:10] [177/326] SSDX
[09:42:11] [178/326] VRTJ
[09:42:12] [179/326] RAJD
[09:42:13] [180/326] SCIP
[09:42:14] [181/326] RJSL
[09:42:15] [182/326] ARRS
[09:42:16] [183/326] ASMS
[09:42:17] 🔄 Identity reset
[09:42:17] 🔄 Identity rotated (every 10 requests)
[09:42:17] [184/326] RDTS
[09:42:18] [185/326] DVMY
[09:42:19] [186/326] RASA
[09:42:23] [187/326] INOM
[09:42:25] [188/326] SPRS
[09:42:26] [189/326] SGCS
[09:42:27] [190/326] SALM
[09:42:29] [191/326] PKHC
[09:42:30] [192/326] RCSV
[09:42:31] [193/326] CPKC
[09:42:32] 🔄 Identity reset
[09:42:32] 🔄 Identity rotated (every 10 requests)
[09:42:32] 🔄 Retry 1/5 for CPKC in 2.5s
[09:42:32] 🔄 Identity reset
[09:42:35] 🧠 New identity created
[09:42:35] [194/326] AACD
[09:42:36] [195/326] GGCV
[09:42:37] [196/326] SMKD
[09:42:37] [197/326] NBCH
[09:42:39] [198/326] AMCB
[09:42:40] [199/326] OPCN
[09:42:41] [200/326] DCIN
[09:42:41] [201/326] INGW
[09:42:42] [202/326] PKKW
[09:42:43] 🔄 Identity reset
[09:42:43] 🔄 Identity rotated (every 10 requests)
[09:42:43] 🔄 Retry 1/5 for PKKW in 2.8s
[09:42:43] 🔄 Identity reset
[09:42:46] 🧠 New identity created
[09:42:46] 🔄 Retry 2/5 for PKKW in 4.5s
[09:42:46] 🔄 Identity reset
[09:42:51] 🧠 New identity created
[09:42:51] [203/326] FNGW
[09:42:52] [204/326] GCGD
[09:42:53] [205/326] MSTW
[09:42:54] [206/326] KCCG
[09:42:55] [207/326] MRSS
[09:42:56] [208/326] CLCF
[09:42:57] [209/326] EETS
[09:42:59] [210/326] AATR
[09:43:00] 🔄 Identity reset
[09:43:00] 🔄 Identity rotated (every 10 requests)
[09:43:00] [211/326] CMMN
[09:43:01] [212/326] SCCJ
[09:43:02] [213/326] CDTK
[09:43:03] [214/326] AICP
[09:43:04] [215/326] FNBP
[09:43:05] [216/326] CBPB
[09:43:06] [217/326] CPAS
[09:43:08] [218/326] MAPM
[09:43:09] [219/326] PASD
[09:43:10] [220/326] JCMN
[09:43:11] 🔄 Identity reset
[09:43:11] 🔄 Identity rotated (every 10 requests)
[09:43:11] [221/326] MALB
[09:43:12] [222/326] SACG
[09:43:20] [223/326] DDRX
[09:43:22] [224/326] DDXB
[09:43:24] [225/326] RAMC
[09:43:26] [226/326] SANC
[09:43:28] [227/326] BCBP
[09:43:28] [228/326] ALPC
[09:43:29] [229/326] RBAC
[09:43:30] [230/326] RAJL
[09:43:31] 🔄 Identity reset
[09:43:31] 🔄 Identity rotated (every 10 requests)
[09:43:32] [231/326] MPDX
[09:43:33] [232/326] MUSC
[09:43:34] [233/326] VKMK
[09:43:35] [234/326] SKCG
[09:43:36] [235/326] ANCN
[09:43:37] [236/326] MMCJ
[09:43:38] [237/326] DCAK
[09:43:40] [238/326] SCKG
[09:43:41] [239/326] LMCK
[09:43:42] [240/326] CKKX
[09:43:42] 🔄 Identity reset
[09:43:42] 🔄 Identity rotated (every 10 requests)
[09:43:43] [241/326] ANKU
[09:43:44] [242/326] CSMD
[09:43:45] [243/326] MKMP
[09:43:46] [244/326] SVBG
[09:43:47] [245/326] ROOP
[09:43:48] [246/326] GDMT
[09:43:49] [247/326] FPPF
[09:43:50] [248/326] SFUU
[09:43:51] [249/326] ANCB
[09:43:52] [250/326] SMMC
[09:43:52] 🔄 Identity reset
[09:43:52] 🔄 Identity rotated (every 10 requests)
[09:43:59] [251/326] UGKT
[09:44:00] [252/326] JVRM
[09:44:01] [253/326] BATG
[09:44:02] [254/326] RATE
[09:44:03] [255/326] SKME
[09:44:04] [256/326] LMTP
[09:44:05] [257/326] TCBD
[09:44:06] [258/326] ESBD
[09:44:06] [259/326] GDCU
[09:44:07] [260/326] SNKT
[09:44:08] 🔄 Identity reset
[09:44:08] 🔄 Identity rotated (every 10 requests)
[09:44:08] [261/326] SRNK
[09:44:09] [262/326] SMED
[09:44:10] [263/326] CSQS
[09:44:11] [264/326] ALCS
[09:44:12] [265/326] KCKN
[09:44:13] [266/326] VCCL
[09:44:14] [267/326] MCDA
[09:44:15] [268/326] SHMI
[09:44:16] [269/326] SKHA
[09:44:17] [270/326] SVFK
[09:44:17] 🔄 Identity reset
[09:44:17] 🔄 Identity rotated (every 10 requests)
[09:44:18] [271/326] INVB
[09:44:19] [272/326] MELD
[09:44:20] [273/326] JTYS
[09:44:21] [274/326] INCM
[09:44:22] [275/326] MCDV
[09:44:23] [276/326] KSGK
[09:44:24] [277/326] ICMG
[09:44:25] [278/326] CSCV
[09:44:26] [279/326] STMD
[09:44:27] [280/326] STTR
[09:44:27] 🔄 Identity reset
[09:44:27] 🔄 Identity rotated (every 10 requests)
[09:44:28] [281/326] INVC
[09:44:29] [282/326] JTBL
[09:44:30] [283/326] SRVV
[09:44:30] [284/326] MAVC
[09:44:32] [285/326] SRPP
[09:44:33] [286/326] JGDM
[09:44:34] [287/326] MBSJ
[09:44:35] [288/326] SSLL
[09:44:36] [289/326] SLKP
[09:44:38] [290/326] NSRV
[09:44:38] 🔄 Identity reset
[09:44:38] 🔄 Identity rotated (every 10 requests)
[09:44:39] [291/326] UTDV
[09:44:40] [292/326] KICM
[09:44:41] [293/326] KCMD
[09:44:42] [294/326] TTPP
[09:44:43] [295/326] KMPV
[09:44:45] [296/326] SKTV
[09:44:46] [297/326] STCV
[09:44:47] [298/326] SRDA
[09:44:48] [299/326] JTSX
[09:44:50] [300/326] STBV
[09:44:50] 🔄 Identity reset
[09:44:50] 🔄 Identity rotated (every 10 requests)
[09:44:51] [301/326] APVZ
[09:44:52] [302/326] GSTV
[09:44:54] [303/326] NMVS
[09:44:55] [304/326] SKRT
[09:44:55] [305/326] RMDV
[09:44:57] [306/326] RATG
[09:44:58] [307/326] SJYV
[09:44:59] [308/326] NDGP
[09:45:00] [309/326] SNDG
[09:45:01] [310/326] INSR
[09:45:01] 🔄 Identity reset
[09:45:01] 🔄 Identity rotated (every 10 requests)
[09:45:02] [311/326] INSO
[09:45:02] [312/326] CCSI
[09:45:03] [313/326] RASM
[09:45:04] [314/326] NEWC
[09:45:05] [315/326] VSHL
[09:45:06] [316/326] BISW
[09:45:07] [317/326] GCNG
[09:45:08] [318/326] CWSC
[09:45:08] [319/326] SKAN
[09:45:09] [320/326] CCOA
[09:45:10] 🔄 Identity reset
[09:45:10] 🔄 Identity rotated (every 10 requests)
[09:45:10] [321/326] MCAJ
[09:45:11] [322/326] ACDE
[09:45:12] [323/326] AACM
[09:45:14] [324/326] JJCK
[09:45:15] [325/326] RCMO
[09:45:16] [326/326] GDAW
[09:45:17] 🧹 Deduping shows
[09:45:17] ✅ DONE | Shows=458 | Movies=28
[16:33:41] 🚀 SCRIPT STARTED (enhanced anti‑detection)
[16:33:41] [1/326] VCHA
[16:33:41] 🧠 New identity created
[16:33:42] [2/326] SCKO
[16:33:43] [3/326] VKTK
[16:33:44] [4/326] DXEC
[16:33:44] [5/326] CDCA
[16:33:45] [6/326] VBCZ
[16:33:47] [7/326] MSDR
[16:33:48] [8/326] ACPV
[16:33:49] [9/326] PVHB
[16:33:49] [10/326] RCNH
[16:33:50] 🔄 Identity reset
[16:33:50] 🔄 Identity rotated (every 10 requests)
[16:33:50] [11/326] IOMH
[16:33:52] [12/326] ILKS
[16:33:53] [13/326] AMSN
[16:33:54] [14/326] ANTP
[16:33:55] [15/326] SSEK
[16:33:56] [16/326] PICP
[16:33:57] [17/326] SICO
[16:33:58] [18/326] SISP
[16:33:58] [19/326] SCPI
[16:33:59] [20/326] CRPR
[16:34:00] 🔄 Identity reset
[16:34:00] 🔄 Identity rotated (every 10 requests)
[16:34:00] [21/326] DCTW
[16:34:01] [22/326] DCSP
[16:34:03] [23/326] KRPM
[16:34:03] [24/326] THKK
[16:34:05] [25/326] SNMY
[16:34:06] [26/326] AKCC
[16:34:07] [27/326] PCAT
[16:34:08] [28/326] RFGO
[16:34:09] [29/326] GGCS
[16:34:10] [30/326] ACKR
[16:34:10] 🔄 Identity reset
[16:34:10] 🔄 Identity rotated (every 10 requests)
[16:34:11] [31/326] STDO
[16:34:12] [32/326] ACKB
[16:34:13] [33/326] ALUC
[16:34:14] [34/326] MNSR
[16:34:15] [35/326] CSSL
[16:34:16] [36/326] BGGM
[16:34:16] [37/326] MANT
[16:34:17] [38/326] SOOY
[16:34:18] [39/326] VPPK
[16:34:19] [40/326] MYHJ
[16:34:20] 🔄 Identity reset
[16:34:20] 🔄 Identity rotated (every 10 requests)
[16:34:20] [41/326] KSCK
[16:34:21] [42/326] KATK
[16:34:22] [43/326] RTRT
[16:34:23] [44/326] SSTT
[16:34:24] [45/326] SSTV
[16:34:25] [46/326] LACM
[16:34:26] [47/326] SGMG
[16:34:27] [48/326] KACX
[16:34:28] [49/326] GVCP
[16:34:29] [50/326] CSNC
[16:34:29] 🔄 Identity reset
[16:34:29] 🔄 Identity rotated (every 10 requests)
[16:34:30] [51/326] SXCB
[16:34:30] [52/326] BAHS
[16:34:31] [53/326] PCBI
[16:34:32] [54/326] PSSM
[16:34:33] [55/326] RCOK
[16:34:34] [56/326] SCPF
[16:34:35] [57/326] SSAS
[16:34:36] [58/326] EVMM
[16:34:37] [59/326] SYCB
[16:34:37] [60/326] GCKI
[16:34:38] 🔄 Identity reset
[16:34:38] 🔄 Identity rotated (every 10 requests)
[16:34:39] [61/326] IAET
[16:34:40] [62/326] DDTD
[16:34:41] [63/326] GMDH
[16:34:42] [64/326] STLE
[16:34:43] [65/326] JTRA
[16:34:44] [66/326] RPPA
[16:34:45] [67/326] ARUT
[16:34:46] [68/326] JTVM
[16:34:47] [69/326] SWRH
[16:34:48] [70/326] DCPC
[16:34:48] 🔄 Identity reset
[16:34:48] 🔄 Identity rotated (every 10 requests)
[16:34:49] [71/326] RAPR
[16:34:50] [72/326] GCRT
[16:34:51] [73/326] ATUN
[16:34:51] [74/326] LTRM
[16:34:52] [75/326] TASR
[16:34:53] [76/326] RLLC
[16:34:54] [77/326] MABI
[16:34:55] [78/326] SVHB
[16:34:56] [79/326] NVTB
[16:34:57] [80/326] KCKG
[16:34:58] 🔄 Identity reset
[16:34:58] 🔄 Identity rotated (every 10 requests)
[16:34:58] [81/326] SSRN
[16:35:00] [82/326] VDDC
[16:35:01] [83/326] GKTK
[16:35:02] [84/326] YFSN
[16:35:03] [85/326] GCSG
[16:35:03] [86/326] ESSM
[16:35:05] [87/326] KRIH
[16:35:06] [88/326] GCDS
[16:35:07] [89/326] CCSH
[16:35:08] [90/326] ACSK
[16:35:09] 🔄 Identity reset
[16:35:09] 🔄 Identity rotated (every 10 requests)
[16:35:09] [91/326] APRK
[16:35:10] [92/326] ADKM
[16:35:11] [93/326] SRDM
[16:35:12] [94/326] SJMY
[16:35:13] [95/326] PGGC
[16:35:14] [96/326] INGM
[16:35:15] [97/326] LSCB
[16:35:16] [98/326] STAD
[16:35:18] [99/326] MCCR
[16:35:19] [100/326] ABCC
[16:35:19] 🔄 Identity reset
[16:35:19] 🔄 Identity rotated (every 10 requests)
[16:35:20] [101/326] RKCC
[16:35:21] [102/326] RTCR
[16:35:21] [103/326] GGBC
[16:35:22] [104/326] GCSD
[16:35:23] [105/326] LPTY
[16:35:24] [106/326] MCFD
[16:35:25] [107/326] HENN
[16:35:26] [108/326] SMKU
[16:35:27] [109/326] TNZC
[16:35:29] [110/326] DRCD
[16:35:29] 🔄 Identity reset
[16:35:29] 🔄 Identity rotated (every 10 requests)
[16:35:30] [111/326] DLCD
[16:35:31] [112/326] RCDA
[16:35:31] [113/326] COSM
[16:35:33] [114/326] MCMJ
[16:35:34] [115/326] CSTR
[16:35:35] [116/326] CVDK
[16:35:36] [117/326] INRR
[16:35:37] [118/326] RJRT
[16:35:38] [119/326] IRMR
[16:35:39] [120/326] SRCF
[16:35:39] 🔄 Identity reset
[16:35:39] 🔄 Identity rotated (every 10 requests)
[16:35:40] [121/326] GRCR
[16:35:41] [122/326] SURC
[16:35:42] [123/326] NMNH
[16:35:43] [124/326] SVBL
[16:35:45] [125/326] KACI
[16:35:46] [126/326] TDGO
[16:35:46] [127/326] KTBR
[16:35:48] [128/326] PMAD
[16:35:48] [129/326] CCPN
[16:35:49] [130/326] SBTK
[16:35:50] 🔄 Identity reset
[16:35:50] 🔄 Identity rotated (every 10 requests)
[16:35:50] 🔄 Retry 1/5 for SBTK in 2.7s
[16:35:50] 🔄 Identity reset
[16:35:53] 🧠 New identity created
[16:35:53] [131/326] LMDK
[16:35:54] [132/326] PGDA
[16:35:55] [133/326] SRML
[16:35:55] [134/326] EVCK
[16:35:56] [135/326] RTTK
[16:35:57] [136/326] SRTU
[16:35:58] [137/326] VRSA
[16:35:59] [138/326] VARS
[16:36:00] [139/326] DSCZ
[16:36:00] 🔄 Identity reset
[16:36:00] 🔄 Identity rotated (every 10 requests)
[16:36:01] [140/326] GAGA
[16:36:02] [141/326] SARV
[16:36:03] [142/326] SEEG
[16:36:04] [143/326] GLCA
[16:36:05] [144/326] APAS
[16:36:05] [145/326] VCIA
[16:36:06] [146/326] SJTA
[16:36:08] [147/326] SABM
[16:36:09] [148/326] PPAG
[16:36:10] [149/326] RVCA
[16:36:10] 🔄 Identity reset
[16:36:10] 🔄 Identity rotated (every 10 requests)
[16:36:10] [150/326] CCIA
[16:36:11] [151/326] HTAG
[16:36:12] [152/326] SMBI
[16:36:14] [153/326] MCJR
[16:36:15] [154/326] CCJR
[16:36:15] [155/326] SINF
[16:36:16] [156/326] CPLX
[16:36:17] [157/326] KKTJ
[16:36:18] [158/326] GDBW
[16:36:19] [159/326] CSUB
[16:36:19] 🔄 Identity reset
[16:36:19] 🔄 Identity rotated (every 10 requests)
[16:36:20] [160/326] DABA
[16:36:21] [161/326] TITR
[16:36:22] [162/326] NYCR
[16:36:23] [163/326] RTRY
[16:36:23] [164/326] JTJL
[16:36:24] [165/326] SJCP
[16:36:26] [166/326] KCCA
[16:36:27] [167/326] MLPG
[16:36:28] [168/326] VRCK
[16:36:29] [169/326] SRIN
[16:36:30] 🔄 Identity reset
[16:36:30] 🔄 Identity rotated (every 10 requests)
[16:36:30] [170/326] CXMK
[16:36:31] [171/326] SKAD
[16:36:32] [172/326] AVTR
[16:36:33] [173/326] PTAJ
[16:36:33] [174/326] SCNK
[16:36:35] [175/326] STTI
[16:36:36] [176/326] KACR
[16:36:37] [177/326] SSDX
[16:36:39] [178/326] VRTJ
[16:36:40] [179/326] RAJD
[16:36:40] 🔄 Identity reset
[16:36:40] 🔄 Identity rotated (every 10 requests)
[16:36:41] [180/326] SCIP
[16:36:42] [181/326] RJSL
[16:36:43] [182/326] ARRS
[16:36:44] [183/326] ASMS
[16:36:45] [184/326] RDTS
[16:36:46] [185/326] DVMY
[16:36:47] [186/326] RASA
[16:36:48] [187/326] INOM
[16:36:50] [188/326] SPRS
[16:36:51] [189/326] SGCS
[16:36:52] 🔄 Identity reset
[16:36:52] 🔄 Identity rotated (every 10 requests)
[16:36:52] [190/326] SALM
[16:36:54] [191/326] PKHC
[16:36:54] [192/326] RCSV
[16:36:55] [193/326] CPKC
[16:36:56] [194/326] AACD
[16:36:57] [195/326] GGCV
[16:36:58] [196/326] SMKD
[16:37:00] [197/326] NBCH
[16:37:02] [198/326] AMCB
[16:37:02] [199/326] OPCN
[16:37:03] 🔄 Identity reset
[16:37:03] 🔄 Identity rotated (every 10 requests)
[16:37:03] 🔄 Retry 1/5 for OPCN in 2.5s
[16:37:03] 🔄 Identity reset
[16:37:06] 🧠 New identity created
[16:37:06] 🔄 Retry 2/5 for OPCN in 4.6s
[16:37:06] 🔄 Identity reset
[16:37:10] 🧠 New identity created
[16:37:11] [200/326] DCIN
[16:37:12] [201/326] INGW
[16:37:12] [202/326] PKKW
[16:37:13] [203/326] FNGW
[16:37:14] [204/326] GCGD
[16:37:15] [205/326] MSTW
[16:37:16] [206/326] KCCG
[16:37:17] [207/326] MRSS
[16:37:17] 🔄 Identity reset
[16:37:17] 🔄 Identity rotated (every 10 requests)
[16:37:18] [208/326] CLCF
[16:37:19] [209/326] EETS
[16:37:19] [210/326] AATR
[16:37:20] [211/326] CMMN
[16:37:21] [212/326] SCCJ
[16:37:22] [213/326] CDTK
[16:37:23] [214/326] AICP
[16:37:24] [215/326] FNBP
[16:37:25] [216/326] CBPB
[16:37:26] [217/326] CPAS
[16:37:26] 🔄 Identity reset
[16:37:26] 🔄 Identity rotated (every 10 requests)
[16:37:27] [218/326] MAPM
[16:37:28] [219/326] PASD
[16:37:29] [220/326] JCMN
[16:37:30] [221/326] MALB
[16:37:31] [222/326] SACG
[16:37:33] [223/326] DDRX
[16:37:33] [224/326] DDXB
[16:37:34] [225/326] RAMC
[16:37:35] [226/326] SANC
[16:37:36] [227/326] BCBP
[16:37:37] 🔄 Identity reset
[16:37:37] 🔄 Identity rotated (every 10 requests)
[16:37:37] [228/326] ALPC
[16:37:38] [229/326] RBAC
[16:37:39] [230/326] RAJL
[16:37:41] [231/326] MPDX
[16:37:41] [232/326] MUSC
[16:37:42] [233/326] VKMK
[16:37:43] [234/326] SKCG
[16:37:44] [235/326] ANCN
[16:37:45] [236/326] MMCJ
[16:37:46] [237/326] DCAK
[16:37:47] 🔄 Identity reset
[16:37:47] 🔄 Identity rotated (every 10 requests)
[16:37:47] [238/326] SCKG
[16:37:48] [239/326] LMCK
[16:37:49] [240/326] CKKX
[16:37:50] [241/326] ANKU
[16:37:51] [242/326] CSMD
[16:37:52] [243/326] MKMP
[16:37:52] [244/326] SVBG
[16:37:54] [245/326] ROOP
[16:37:55] [246/326] GDMT
[16:37:56] [247/326] FPPF
[16:37:56] 🔄 Identity reset
[16:37:56] 🔄 Identity rotated (every 10 requests)
[16:37:57] [248/326] SFUU
[16:37:57] [249/326] ANCB
[16:37:58] [250/326] SMMC
[16:37:59] [251/326] UGKT
[16:38:00] [252/326] JVRM
[16:38:01] [253/326] BATG
[16:38:02] [254/326] RATE
[16:38:03] [255/326] SKME
[16:38:05] [256/326] LMTP
[16:38:05] [257/326] TCBD
[16:38:06] 🔄 Identity reset
[16:38:06] 🔄 Identity rotated (every 10 requests)
[16:38:06] [258/326] ESBD
[16:38:07] [259/326] GDCU
[16:38:08] [260/326] SNKT
[16:38:09] [261/326] SRNK
[16:38:10] [262/326] SMED
[16:38:11] [263/326] CSQS
[16:38:12] [264/326] ALCS
[16:38:13] [265/326] KCKN
[16:38:14] [266/326] VCCL
[16:38:15] [267/326] MCDA
[16:38:15] 🔄 Identity reset
[16:38:15] 🔄 Identity rotated (every 10 requests)
[16:38:16] [268/326] SHMI
[16:38:16] [269/326] SKHA
[16:38:17] [270/326] SVFK
[16:38:18] [271/326] INVB
[16:38:19] [272/326] MELD
[16:38:20] [273/326] JTYS
[16:38:21] [274/326] INCM
[16:38:22] [275/326] MCDV
[16:38:23] [276/326] KSGK
[16:38:24] [277/326] ICMG
[16:38:25] 🔄 Identity reset
[16:38:25] 🔄 Identity rotated (every 10 requests)
[16:38:25] [278/326] CSCV
[16:38:26] [279/326] STMD
[16:38:27] [280/326] STTR
[16:38:28] [281/326] INVC
[16:38:29] [282/326] JTBL
[16:38:30] [283/326] SRVV
[16:38:31] [284/326] MAVC
[16:38:32] [285/326] SRPP
[16:38:33] [286/326] JGDM
[16:38:34] [287/326] MBSJ
[16:38:35] 🔄 Identity reset
[16:38:35] 🔄 Identity rotated (every 10 requests)
[16:38:35] [288/326] SSLL
[16:38:36] [289/326] SLKP
[16:38:37] [290/326] NSRV
[16:38:38] [291/326] UTDV
[16:38:39] [292/326] KICM
[16:38:40] [293/326] KCMD
[16:38:41] [294/326] TTPP
[16:38:41] [295/326] KMPV
[16:38:43] [296/326] SKTV
[16:38:44] [297/326] STCV
[16:38:44] 🔄 Identity reset
[16:38:44] 🔄 Identity rotated (every 10 requests)
[16:38:45] [298/326] SRDA
[16:38:46] [299/326] JTSX
[16:38:48] [300/326] STBV
[16:38:49] [301/326] APVZ
[16:38:49] [302/326] GSTV
[16:38:50] [303/326] NMVS
[16:38:51] [304/326] SKRT
[16:38:52] [305/326] RMDV
[16:38:54] [306/326] RATG
[16:38:55] [307/326] SJYV
[16:38:55] 🔄 Identity reset
[16:38:55] 🔄 Identity rotated (every 10 requests)
[16:38:56] [308/326] NDGP
[16:38:56] [309/326] SNDG
[16:38:57] [310/326] INSR
[16:38:58] [311/326] INSO
[16:38:59] [312/326] CCSI
[16:39:00] [313/326] RASM
[16:39:01] [314/326] NEWC
[16:39:02] [315/326] VSHL
[16:39:03] [316/326] BISW
[16:39:03] [317/326] GCNG
[16:39:04] 🔄 Identity reset
[16:39:04] 🔄 Identity rotated (every 10 requests)
[16:39:05] [318/326] CWSC
[16:39:05] [319/326] SKAN
[16:39:07] [320/326] CCOA
[16:39:08] [321/326] MCAJ
[16:39:10] [322/326] ACDE
[16:39:12] [323/326] AACM
[16:39:12] [324/326] JJCK
[16:39:13] [325/326] RCMO
[16:39:14] [326/326] GDAW
[16:39:15] 🧹 Deduping shows
[16:39:15] ✅ DONE | Shows=481 | Movies=28
[12:23:14] 🚀 SCRIPT STARTED (enhanced anti‑detection)
[12:23:14] [1/326] VCHA
[12:23:15] 🧠 New identity created
[12:23:16] [2/326] SCKO
[12:23:17] [3/326] VKTK
[12:23:18] [4/326] DXEC
[12:23:19] [5/326] CDCA
[12:23:20] [6/326] VBCZ
[12:23:21] [7/326] MSDR
[12:23:22] [8/326] ACPV
[12:23:24] [9/326] PVHB
[12:23:25] [10/326] RCNH
[12:23:25] 🔄 Identity reset
[12:23:25] 🔄 Identity rotated (every 10 requests)
[12:23:26] [11/326] IOMH
[12:23:27] [12/326] ILKS
[12:23:28] [13/326] AMSN
[12:23:29] [14/326] ANTP
[12:23:30] [15/326] SSEK
[12:23:31] [16/326] PICP
[12:23:32] [17/326] SICO
[12:23:33] [18/326] SISP
[12:23:34] [19/326] SCPI
[12:23:35] [20/326] CRPR
[12:23:36] 🔄 Identity reset
[12:23:36] 🔄 Identity rotated (every 10 requests)
[12:23:36] [21/326] DCTW
[12:23:37] [22/326] DCSP
[12:23:38] [23/326] KRPM
[12:23:39] [24/326] THKK
[12:23:40] [25/326] SNMY
[12:23:41] [26/326] AKCC
[12:23:42] [27/326] PCAT
[12:23:43] [28/326] RFGO
[12:23:44] [29/326] GGCS
[12:23:45] [30/326] ACKR
[12:23:46] 🔄 Identity reset
[12:23:46] 🔄 Identity rotated (every 10 requests)
[12:23:46] [31/326] STDO
[12:23:47] [32/326] ACKB
[12:23:48] [33/326] ALUC
[12:23:49] [34/326] MNSR
[12:23:50] [35/326] CSSL
[12:23:51] [36/326] BGGM
[12:23:52] [37/326] MANT
[12:23:53] [38/326] SOOY
[12:23:54] [39/326] VPPK
[12:23:55] [40/326] MYHJ
[12:23:55] 🔄 Identity reset
[12:23:55] 🔄 Identity rotated (every 10 requests)
[12:23:56] [41/326] KSCK
[12:23:57] [42/326] KATK
[12:23:58] [43/326] RTRT
[12:23:58] [44/326] SSTT
[12:23:59] [45/326] SSTV
[12:24:00] [46/326] LACM
[12:24:01] [47/326] SGMG
[12:24:03] [48/326] KACX
[12:24:04] [49/326] GVCP
[12:24:04] [50/326] CSNC
[12:24:05] 🔄 Identity reset
[12:24:05] 🔄 Identity rotated (every 10 requests)
[12:24:05] [51/326] SXCB
[12:24:06] [52/326] BAHS
[12:24:07] [53/326] PCBI
[12:24:08] [54/326] PSSM
[12:24:09] [55/326] RCOK
[12:24:10] [56/326] SCPF
[12:24:11] [57/326] SSAS
[12:24:12] [58/326] EVMM
[12:24:12] [59/326] SYCB
[12:24:13] [60/326] GCKI
[12:24:14] 🔄 Identity reset
[12:24:14] 🔄 Identity rotated (every 10 requests)
[12:24:15] [61/326] IAET
[12:24:16] [62/326] DDTD
[12:24:17] [63/326] GMDH
[12:24:18] [64/326] STLE
[12:24:19] [65/326] JTRA
[12:24:20] [66/326] RPPA
[12:24:21] [67/326] ARUT
[12:24:22] [68/326] JTVM
[12:24:23] [69/326] SWRH
[12:24:25] [70/326] DCPC
[12:24:25] 🔄 Identity reset
[12:24:25] 🔄 Identity rotated (every 10 requests)
[12:24:26] [71/326] RAPR
[12:24:28] [72/326] GCRT
[12:24:29] [73/326] ATUN
[12:24:30] [74/326] LTRM
[12:24:31] [75/326] TASR
[12:24:32] [76/326] RLLC
[12:24:33] [77/326] MABI
[12:24:34] [78/326] SVHB
[12:24:35] [79/326] NVTB
[12:24:36] [80/326] KCKG
[12:24:37] 🔄 Identity reset
[12:24:37] 🔄 Identity rotated (every 10 requests)
[12:24:38] [81/326] SSRN
[12:24:40] [82/326] VDDC
[12:24:40] [83/326] GKTK
[12:24:41] [84/326] YFSN
[12:24:42] [85/326] GCSG
[12:24:43] [86/326] ESSM
[12:24:44] [87/326] KRIH
[12:24:46] [88/326] GCDS
[12:24:47] [89/326] CCSH
[12:24:48] [90/326] ACSK
[12:24:48] 🔄 Identity reset
[12:24:48] 🔄 Identity rotated (every 10 requests)
[12:24:49] [91/326] APRK
[12:24:50] [92/326] ADKM
[12:24:50] [93/326] SRDM
[12:24:51] [94/326] SJMY
[12:24:52] [95/326] PGGC
[12:24:53] [96/326] INGM
[12:24:54] [97/326] LSCB
[12:24:56] [98/326] STAD
[12:24:57] [99/326] MCCR
[12:24:58] [100/326] ABCC
[12:24:58] 🔄 Identity reset
[12:24:58] 🔄 Identity rotated (every 10 requests)
[12:24:59] [101/326] RKCC
[12:25:00] [102/326] RTCR
[12:25:01] [103/326] GGBC
[12:25:02] [104/326] GCSD
[12:25:03] [105/326] LPTY
[12:25:04] [106/326] MCFD
[12:25:05] [107/326] HENN
[12:25:06] [108/326] SMKU
[12:25:06] [109/326] TNZC
[12:25:07] [110/326] DRCD
[12:25:08] 🔄 Identity reset
[12:25:08] 🔄 Identity rotated (every 10 requests)
[12:25:09] [111/326] DLCD
[12:25:10] [112/326] RCDA
[12:25:11] [113/326] COSM
[12:25:12] [114/326] MCMJ
[12:25:13] [115/326] CSTR
[12:25:15] [116/326] CVDK
[12:25:16] [117/326] INRR
[12:25:16] [118/326] RJRT
[12:25:17] [119/326] IRMR
[12:25:18] [120/326] SRCF
[12:25:19] 🔄 Identity reset
[12:25:19] 🔄 Identity rotated (every 10 requests)
[12:25:19] [121/326] GRCR
[12:25:20] [122/326] SURC
[12:25:21] [123/326] NMNH
[12:25:22] [124/326] SVBL
[12:25:24] [125/326] KACI
[12:25:25] [126/326] TDGO
[12:25:26] [127/326] KTBR
[12:25:28] [128/326] PMAD
[12:25:29] [129/326] CCPN
[12:25:30] [130/326] SBTK
[12:25:30] 🔄 Identity reset
[12:25:30] 🔄 Identity rotated (every 10 requests)
[12:25:30] 🔄 Retry 1/5 for SBTK in 2.2s
[12:25:30] 🔄 Identity reset
[12:25:33] 🧠 New identity created
[12:25:33] [131/326] LMDK
[12:25:34] [132/326] PGDA
[12:25:35] [133/326] SRML
[12:25:36] [134/326] EVCK
[12:25:37] [135/326] RTTK
[12:25:37] [136/326] SRTU
[12:25:39] [137/326] VRSA
[12:25:40] [138/326] VARS
[12:25:41] [139/326] DSCZ
[12:25:42] 🔄 Identity reset
[12:25:42] 🔄 Identity rotated (every 10 requests)
[12:25:42] [140/326] GAGA
[12:25:43] [141/326] SARV
[12:25:44] [142/326] SEEG
[12:25:46] [143/326] GLCA
[12:25:47] [144/326] APAS
[12:25:48] [145/326] VCIA
[12:25:48] [146/326] SJTA
[12:25:49] [147/326] SABM
[12:25:50] [148/326] PPAG
[12:25:51] [149/326] RVCA
[12:25:51] 🔄 Identity reset
[12:25:51] 🔄 Identity rotated (every 10 requests)
[12:25:52] [150/326] CCIA
[12:25:53] [151/326] HTAG
[12:25:54] [152/326] SMBI
[12:25:55] [153/326] MCJR
[12:25:56] [154/326] CCJR
[12:25:57] [155/326] SINF
[12:25:58] [156/326] CPLX
[12:25:58] [157/326] KKTJ
[12:25:59] [158/326] GDBW
[12:26:01] [159/326] CSUB
[12:26:02] 🔄 Identity reset
[12:26:02] 🔄 Identity rotated (every 10 requests)
[12:26:02] [160/326] DABA
[12:26:03] [161/326] TITR
[12:26:04] [162/326] NYCR
[12:26:05] [163/326] RTRY
[12:26:06] [164/326] JTJL
[12:26:07] [165/326] SJCP
[12:26:08] [166/326] KCCA
[12:26:08] [167/326] MLPG
[12:26:09] [168/326] VRCK
[12:26:10] [169/326] SRIN
[12:26:11] 🔄 Identity reset
[12:26:11] 🔄 Identity rotated (every 10 requests)
[12:26:11] [170/326] CXMK
[12:26:12] [171/326] SKAD
[12:26:13] [172/326] AVTR
[12:26:14] [173/326] PTAJ
[12:26:15] [174/326] SCNK
[12:26:16] [175/326] STTI
[12:26:17] [176/326] KACR
[12:26:18] [177/326] SSDX
[12:26:19] [178/326] VRTJ
[12:26:20] [179/326] RAJD
[12:26:20] 🔄 Identity reset
[12:26:20] 🔄 Identity rotated (every 10 requests)
[12:26:21] [180/326] SCIP
[12:26:22] [181/326] RJSL
[12:26:23] [182/326] ARRS
[12:26:24] [183/326] ASMS
[12:26:25] [184/326] RDTS
[12:26:26] [185/326] DVMY
[12:26:27] [186/326] RASA
[12:26:28] [187/326] INOM
[12:26:29] [188/326] SPRS
[12:26:30] [189/326] SGCS
[12:26:31] 🔄 Identity reset
[12:26:31] 🔄 Identity rotated (every 10 requests)
[12:26:31] [190/326] SALM
[12:26:33] [191/326] PKHC
[12:26:34] [192/326] RCSV
[12:26:35] [193/326] CPKC
[12:26:36] [194/326] AACD
[12:26:37] [195/326] GGCV
[12:26:38] [196/326] SMKD
[12:26:39] [197/326] NBCH
[12:26:40] [198/326] AMCB
[12:26:41] [199/326] OPCN
[12:26:41] 🔄 Identity reset
[12:26:41] 🔄 Identity rotated (every 10 requests)
[12:26:42] [200/326] DCIN
[12:26:43] [201/326] INGW
[12:26:44] [202/326] PKKW
[12:26:45] [203/326] FNGW
[12:26:46] [204/326] GCGD
[12:26:47] [205/326] MSTW
[12:26:48] [206/326] KCCG
[12:26:49] [207/326] MRSS
[12:26:51] [208/326] CLCF
[12:26:52] [209/326] EETS
[12:26:52] 🔄 Identity reset
[12:26:52] 🔄 Identity rotated (every 10 requests)
[12:26:53] [210/326] AATR
[12:26:54] [211/326] CMMN
[12:26:55] [212/326] SCCJ
[12:26:56] [213/326] CDTK
[12:26:57] [214/326] AICP
[12:26:58] [215/326] FNBP
[12:26:59] [216/326] CBPB
[12:27:00] [217/326] CPAS
[12:27:00] [218/326] MAPM
[12:27:01] [219/326] PASD
[12:27:02] 🔄 Identity reset
[12:27:02] 🔄 Identity rotated (every 10 requests)
[12:27:02] [220/326] JCMN
[12:27:03] [221/326] MALB
[12:27:04] [222/326] SACG
[12:27:05] [223/326] DDRX
[12:27:06] [224/326] DDXB
[12:27:07] [225/326] RAMC
[12:27:08] [226/326] SANC
[12:27:09] [227/326] BCBP
[12:27:11] [228/326] ALPC
[12:27:12] [229/326] RBAC
[12:27:13] 🔄 Identity reset
[12:27:13] 🔄 Identity rotated (every 10 requests)
[12:27:13] [230/326] RAJL
[12:27:14] [231/326] MPDX
[12:27:15] [232/326] MUSC
[12:27:16] [233/326] VKMK
[12:27:17] [234/326] SKCG
[12:27:18] [235/326] ANCN
[12:27:19] [236/326] MMCJ
[12:27:20] [237/326] DCAK
[12:27:21] [238/326] SCKG
[12:27:23] [239/326] LMCK
[12:27:23] 🔄 Identity reset
[12:27:23] 🔄 Identity rotated (every 10 requests)
[12:27:23] [240/326] CKKX
[12:27:24] [241/326] ANKU
[12:27:25] [242/326] CSMD
[12:27:26] [243/326] MKMP
[12:27:27] [244/326] SVBG
[12:27:28] [245/326] ROOP
[12:27:29] [246/326] GDMT
[12:27:30] [247/326] FPPF
[12:27:31] [248/326] SFUU
[12:27:32] [249/326] ANCB
[12:27:32] 🔄 Identity reset
[12:27:32] 🔄 Identity rotated (every 10 requests)
[12:27:33] [250/326] SMMC
[12:27:34] [251/326] UGKT
[12:27:35] [252/326] JVRM
[12:27:36] [253/326] BATG
[12:27:37] [254/326] RATE
[12:27:38] [255/326] SKME
[12:27:39] [256/326] LMTP
[12:27:40] [257/326] TCBD
[12:27:40] [258/326] ESBD
[12:27:41] [259/326] GDCU
[12:27:42] 🔄 Identity reset
[12:27:42] 🔄 Identity rotated (every 10 requests)
[12:27:42] [260/326] SNKT
[12:27:43] [261/326] SRNK
[12:27:44] [262/326] SMED
[12:27:45] [263/326] CSQS
[12:27:46] [264/326] ALCS
[12:27:47] [265/326] KCKN
[12:27:48] [266/326] VCCL
[12:27:49] [267/326] MCDA
[12:27:49] [268/326] SHMI
[12:27:50] [269/326] SKHA
[12:27:51] 🔄 Identity reset
[12:27:51] 🔄 Identity rotated (every 10 requests)
[12:27:51] 🔄 Retry 1/5 for SKHA in 2.9s
[12:27:51] 🔄 Identity reset
[12:27:54] 🧠 New identity created
[12:27:54] [270/326] SVFK
[12:27:55] [271/326] INVB
[12:27:56] [272/326] MELD
[12:27:57] [273/326] JTYS
[12:27:58] [274/326] INCM
[12:27:59] [275/326] MCDV
[12:28:00] [276/326] KSGK
[12:28:01] [277/326] ICMG
[12:28:02] [278/326] CSCV
[12:28:02] 🔄 Identity reset
[12:28:02] 🔄 Identity rotated (every 10 requests)
[12:28:02] 🔄 Retry 1/5 for CSCV in 2.7s
[12:28:02] 🔄 Identity reset
[12:28:05] 🧠 New identity created
[12:28:05] [279/326] STMD
[12:28:06] [280/326] STTR
[12:28:07] [281/326] INVC
[12:28:08] [282/326] JTBL
[12:28:10] [283/326] SRVV
[12:28:10] [284/326] MAVC
[12:28:12] [285/326] SRPP
[12:28:13] [286/326] JGDM
[12:28:13] [287/326] MBSJ
[12:28:14] 🔄 Identity reset
[12:28:14] 🔄 Identity rotated (every 10 requests)
[12:28:14] [288/326] SSLL
[12:28:15] [289/326] SLKP
[12:28:16] [290/326] NSRV
[12:28:17] [291/326] UTDV
[12:28:18] [292/326] KICM
[12:28:19] [293/326] KCMD
[12:28:20] [294/326] TTPP
[12:28:21] [295/326] KMPV
[12:28:22] [296/326] SKTV
[12:28:23] [297/326] STCV
[12:28:23] 🔄 Identity reset
[12:28:23] 🔄 Identity rotated (every 10 requests)
[12:28:24] [298/326] SRDA
[12:28:25] [299/326] JTSX
[12:28:26] [300/326] STBV
[12:28:27] [301/326] APVZ
[12:28:28] [302/326] GSTV
[12:28:29] [303/326] NMVS
[12:28:30] [304/326] SKRT
[12:28:31] [305/326] RMDV
[12:28:32] [306/326] RATG
[12:28:33] [307/326] SJYV
[12:28:33] 🔄 Identity reset
[12:28:33] 🔄 Identity rotated (every 10 requests)
[12:28:34] [308/326] NDGP
[12:28:35] [309/326] SNDG
[12:28:36] [310/326] INSR
[12:28:37] [311/326] INSO
[12:28:38] [312/326] CCSI
[12:28:39] [313/326] RASM
[12:28:39] [314/326] NEWC
[12:28:40] [315/326] VSHL
[12:28:41] [316/326] BISW
[12:28:42] [317/326] GCNG
[12:28:43] 🔄 Identity reset
[12:28:43] 🔄 Identity rotated (every 10 requests)
[12:28:43] [318/326] CWSC
[12:28:44] [319/326] SKAN
[12:28:45] [320/326] CCOA
[12:28:45] [321/326] MCAJ
[12:28:46] [322/326] ACDE
[12:28:47] [323/326] AACM
[12:28:48] [324/326] JJCK
[12:28:49] [325/326] RCMO
[12:28:50] [326/326] GDAW
[12:28:51] 🧹 Deduping shows
[12:28:51] ✅ DONE | Shows=511 | Movies=30
