[09:38:30] 🚀 DISTRICT → BMS9 CONVERTER STARTED
[09:38:30] 📅 Date: 2026-09-09
[09:38:30] 🚫 Worker logic: DISABLED
[09:38:30] 🔑 Venue matching: ID ONLY
[09:38:30] 🚫 alldistrictvenues.json: NOT USED
[09:38:30] 🚫 Venue-name matching: NOT USED
[09:38:30] 📍 Selected venue records: 756
[09:38:30] 🎯 Selected venue IDs: 756
[09:38:30] 📡 Fetching Detailed JSON:
[09:38:30]    https://districtdata2026.pages.dev/advance/2026-09-09_Detailed.json
[09:38:30] ❌ Source file not found (404) – will create empty outputs
[09:38:30] ⚠️ No source data – keeping existing output files unchanged
[09:38:30] 📄 Created empty detailed file: advance/data/20260909/detailed9.json
[09:38:30] 📄 Created empty summary file: advance/data/20260909/movie_summary9.json
[09:38:30] ✅ DONE | Existing data preserved
[16:33:25] 🚀 DISTRICT → BMS9 CONVERTER STARTED
[16:33:25] 📅 Date: 2026-09-09
[16:33:25] 🚫 Worker logic: DISABLED
[16:33:25] 🔑 Venue matching: ID ONLY
[16:33:25] 🚫 alldistrictvenues.json: NOT USED
[16:33:25] 🚫 Venue-name matching: NOT USED
[16:33:25] 📍 Selected venue records: 756
[16:33:25] 🎯 Selected venue IDs: 756
[16:33:25] 📡 Fetching Detailed JSON:
[16:33:25]    https://districtdata2026.pages.dev/advance/2026-09-09_Detailed.json
[16:33:25] ❌ Source file not found (404) – will create empty outputs
[16:33:25] ⚠️ No source data – keeping existing output files unchanged
[16:33:25] 📦 Existing detailed file preserved: advance/data/20260909/detailed9.json
[16:33:25] 📦 Existing summary file preserved: advance/data/20260909/movie_summary9.json
[16:33:25] ✅ DONE | Existing data preserved
[12:23:17] 🚀 DISTRICT → BMS9 CONVERTER STARTED
[12:23:17] 📅 Date: 2026-09-09
[12:23:17] 🚫 Worker logic: DISABLED
[12:23:17] 🔑 Venue matching: ID ONLY
[12:23:17] 🚫 alldistrictvenues.json: NOT USED
[12:23:17] 🚫 Venue-name matching: NOT USED
[12:23:17] 📍 Selected venue records: 756
[12:23:17] 🎯 Selected venue IDs: 756
[12:23:17] 📡 Fetching Detailed JSON:
[12:23:17]    https://districtdata2026.pages.dev/advance/2026-09-09_Detailed.json
[12:23:17] ❌ Source file not found (404) – will create empty outputs
[12:23:17] ⚠️ No source data – keeping existing output files unchanged
[12:23:17] 📦 Existing detailed file preserved: advance/data/20260909/detailed9.json
[12:23:17] 📦 Existing summary file preserved: advance/data/20260909/movie_summary9.json
[12:23:17] ✅ DONE | Existing data preserved
