[09:36:15] 🚀 SCRIPT STARTED (enhanced anti‑detection)
[09:36:15] [1/445] TGMR
[09:36:16] 🧠 New identity created
[09:36:16] [2/445] CXKR
[09:36:17] [3/445] SROP
[09:36:18] [4/445] GTSV
[09:36:19] [5/445] SNTY
[09:36:20] [6/445] SMYY
[09:36:21] [7/445] CNCS
[09:36:21] [8/445] CSTM
[09:36:22] [9/445] NUCD
[09:36:23] [10/445] SHCZ
[09:36:24] 🔄 Identity reset
[09:36:24] 🔄 Identity rotated (every 10 requests)
[09:36:24] [11/445] NJCT
[09:36:25] [12/445] COPC
[09:36:26] [13/445] STVV
[09:36:27] [14/445] SKRN
[09:36:28] [15/445] APPZ
[09:36:29] [16/445] YMGN
[09:36:30] [17/445] SVTU
[09:36:31] [18/445] GTAD
[09:36:32] [19/445] PSUS
[09:36:32] [20/445] SMCD
[09:36:33] 🔄 Identity reset
[09:36:33] 🔄 Identity rotated (every 10 requests)
[09:36:33] [21/445] CMCM
[09:36:34] [22/445] SYCT
[09:36:35] [23/445] STLY
[09:36:36] [24/445] CMHU
[09:36:37] [25/445] CMSA
[09:36:38] [26/445] CLCU
[09:36:39] [27/445] PPNT
[09:36:40] [28/445] JTAB
[09:36:40] [29/445] BUUC
[09:36:41] [30/445] BSVK
[09:36:42] 🔄 Identity reset
[09:36:42] 🔄 Identity rotated (every 10 requests)
[09:36:43] [31/445] VVVQ
[09:36:44] [32/445] TKMU
[09:36:45] [33/445] ESYL
[09:36:46] [34/445] ACHP
[09:36:47] [35/445] BTKD
[09:36:48] [36/445] DESA
[09:36:48] [37/445] GBCT
[09:36:49] [38/445] BLLD
[09:36:50] [39/445] SKNT
[09:36:51] [40/445] SSTE
[09:36:51] 🔄 Identity reset
[09:36:51] 🔄 Identity rotated (every 10 requests)
[09:36:52] [41/445] VJMR
[09:36:53] [42/445] NTPU
[09:36:55] [43/445] RDKN
[09:36:55] [44/445] ADGC
[09:36:57] [45/445] VRBP
[09:36:58] [46/445] NMNA
[09:36:58] [47/445] CMMX
[09:36:59] [48/445] PTKO
[09:37:00] [49/445] RBML
[09:37:01] [50/445] SAIC
[09:37:02] 🔄 Identity reset
[09:37:02] 🔄 Identity rotated (every 10 requests)
[09:37:02] [51/445] SVTJ
[09:37:03] [52/445] MRTE
[09:37:04] [53/445] RBTP
[09:37:04] [54/445] NLPS
[09:37:05] [55/445] GTNA
[09:37:06] [56/445] DGGC
[09:37:07] [57/445] SMCR
[09:37:08] [58/445] SCGD
[09:37:09] [59/445] SRRJ
[09:37:10] [60/445] CNRY
[09:37:10] 🔄 Identity reset
[09:37:10] 🔄 Identity rotated (every 10 requests)
[09:37:11] [61/445] KTDI
[09:37:12] [62/445] SNJL
[09:37:12] [63/445] RKMD
[09:37:13] [64/445] SMDC
[09:37:14] [65/445] TADG
[09:37:16] [66/445] MCGS
[09:37:17] [67/445] PETK
[09:37:18] [68/445] CHAG
[09:37:19] [69/445] KSTL
[09:37:20] [70/445] AADS
[09:37:21] 🔄 Identity reset
[09:37:21] 🔄 Identity rotated (every 10 requests)
[09:37:21] [71/445] NTHZ
[09:37:22] [72/445] HCKI
[09:37:24] [73/445] SSEF
[09:37:25] [74/445] MCGX
[09:37:25] [75/445] ERRA
[09:37:26] [76/445] SDTW
[09:37:28] [77/445] RMPK
[09:37:29] [78/445] PTHK
[09:37:30] [79/445] PXCS
[09:37:30] [80/445] SVLU
[09:37:31] 🔄 Identity reset
[09:37:31] 🔄 Identity rotated (every 10 requests)
[09:37:31] [81/445] STAH
[09:37:32] [82/445] JRGF
[09:37:34] [83/445] CDOK
[09:37:35] [84/445] CMSG
[09:37:35] [85/445] APTD
[09:37:36] [86/445] KMPG
[09:37:37] [87/445] MUTJ
[09:37:38] [88/445] VCCI
[09:37:39] [89/445] URBE
[09:37:39] [90/445] TCTS
[09:37:40] 🔄 Identity reset
[09:37:40] 🔄 Identity rotated (every 10 requests)
[09:37:40] [91/445] STSN
[09:37:41] [92/445] AKCH
[09:37:43] [93/445] APSC
[09:37:43] [94/445] VLTB
[09:37:44] [95/445] SANU
[09:37:45] [96/445] AXAM
[09:37:46] [97/445] MGMG
[09:37:47] [98/445] HTBY
[09:37:48] [99/445] MMZS
[09:37:49] [100/445] SUDR
[09:37:50] 🔄 Identity reset
[09:37:50] 🔄 Identity rotated (every 10 requests)
[09:37:50] [101/445] CCAD
[09:37:52] [102/445] SKKC
[09:37:53] [103/445] RMCD
[09:37:54] [104/445] SBCQ
[09:37:55] [105/445] DCCT
[09:37:56] [106/445] VTKP
[09:37:57] [107/445] MLAM
[09:37:58] [108/445] SAVT
[09:37:59] [109/445] GEPL
[09:38:00] [110/445] AMCD
[09:38:00] 🔄 Identity reset
[09:38:00] 🔄 Identity rotated (every 10 requests)
[09:38:02] [111/445] CCXR
[09:38:03] [112/445] GRNG
[09:38:03] [113/445] EBCA
[09:38:04] [114/445] CNVG
[09:38:05] [115/445] MWSS
[09:38:07] [116/445] VBOR
[09:38:08] [117/445] NEEB
[09:38:09] [118/445] SUTH
[09:38:10] [119/445] ANDB
[09:38:11] [120/445] MMXS
[09:38:12] 🔄 Identity reset
[09:38:12] 🔄 Identity rotated (every 10 requests)
[09:38:12] [121/445] CNPD
[09:38:13] [122/445] SDCE
[09:38:14] [123/445] DHCB
[09:38:15] [124/445] ODEN
[09:38:16] [125/445] TNTC
[09:38:17] [126/445] VBKM
[09:38:18] [127/445] RZYM
[09:38:19] [128/445] JEMC
[09:38:20] [129/445] CMAU
[09:38:20] [130/445] SIVP
[09:38:21] 🔄 Identity reset
[09:38:21] 🔄 Identity rotated (every 10 requests)
[09:38:21] [131/445] ATAG
[09:38:23] [132/445] CHTM
[09:38:23] [133/445] AAEE
[09:38:24] [134/445] IWPM
[09:38:25] [135/445] KCMW
[09:38:26] [136/445] MCTD
[09:38:27] [137/445] SPWR
[09:38:27] [138/445] SDPO
[09:38:29] [139/445] PCSK
[09:38:30] [140/445] ACHV
[09:38:31] 🔄 Identity reset
[09:38:31] 🔄 Identity rotated (every 10 requests)
[09:38:31] [141/445] SVLA
[09:38:32] [142/445] PICT
[09:38:33] [143/445] BXDR
[09:38:34] [144/445] SPWA
[09:38:35] [145/445] MCKO
[09:38:36] [146/445] RTHK
[09:38:36] [147/445] CCMF
[09:38:37] [148/445] MRGB
[09:38:38] [149/445] CPLC
[09:38:39] [150/445] RACD
[09:38:40] 🔄 Identity reset
[09:38:40] 🔄 Identity rotated (every 10 requests)
[09:38:40] [151/445] ATKT
[09:38:41] [152/445] SARN
[09:38:42] [153/445] KKUI
[09:38:43] [154/445] RGCM
[09:38:43] [155/445] BRVP
[09:38:44] [156/445] HRSR
[09:38:45] [157/445] GKGM
[09:38:46] [158/445] TTCD
[09:38:47] [159/445] PTTI
[09:38:48] [160/445] MPTT
[09:38:48] 🔄 Identity reset
[09:38:48] 🔄 Identity rotated (every 10 requests)
[09:38:49] [161/445] CVTT
[09:38:49] [162/445] PCXD
[09:38:50] [163/445] GCDC
[09:38:51] [164/445] CCCF
[09:38:52] [165/445] MRAD
[09:38:53] [166/445] CPLK
[09:38:54] [167/445] SATB
[09:38:55] [168/445] SNVG
[09:38:56] [169/445] JMBA
[09:38:57] [170/445] TEJA
[09:38:57] 🔄 Identity reset
[09:38:57] 🔄 Identity rotated (every 10 requests)
[09:38:58] [171/445] STYO
[09:38:58] [172/445] JTBP
[09:39:00] [173/445] KRGD
[09:39:01] [174/445] SLJJ
[09:39:02] [175/445] SPTJ
[09:39:03] [176/445] SWJG
[09:39:03] [177/445] LKRT
[09:39:04] [178/445] KCKA
[09:39:05] [179/445] SNCR
[09:39:06] [180/445] SMKL
[09:39:06] 🔄 Identity reset
[09:39:06] 🔄 Identity rotated (every 10 requests)
[09:39:07] [181/445] GCFA
[09:39:07] [182/445] DDCK
[09:39:08] [183/445] NCHJ
[09:39:09] [184/445] RDMA
[09:39:10] [185/445] SVSV
[09:39:11] [186/445] SCJG
[09:39:12] [187/445] VKLP
[09:39:13] [188/445] NWCC
[09:39:13] [189/445] VKNS
[09:39:14] [190/445] SDDP
[09:39:15] 🔄 Identity reset
[09:39:15] 🔄 Identity rotated (every 10 requests)
[09:39:15] [191/445] ACSI
[09:39:16] [192/445] SATG
[09:39:17] [193/445] SCMW
[09:39:18] [194/445] LKTK
[09:39:18] [195/445] VCKV
[09:39:19] [196/445] KKPE
[09:39:20] [197/445] KIGH
[09:39:21] [198/445] SRPM
[09:39:22] [199/445] SCAH
[09:39:23] [200/445] MUTA
[09:39:23] 🔄 Identity reset
[09:39:23] 🔄 Identity rotated (every 10 requests)
[09:39:24] [201/445] SEPU
[09:39:25] [202/445] INOA
[09:39:25] [203/445] BASK
[09:39:26] [204/445] NECB
[09:39:27] [205/445] GTTG
[09:39:28] [206/445] ASSA
[09:39:29] [207/445] ANCL
[09:39:30] [208/445] GCTI
[09:39:31] [209/445] RCTS
[09:39:32] [210/445] ACNL
[09:39:32] 🔄 Identity reset
[09:39:32] 🔄 Identity rotated (every 10 requests)
[09:39:33] [211/445] MYCT
[09:39:33] [212/445] NMHT
[09:39:34] [213/445] MDIT
[09:39:36] [214/445] LATG
[09:39:37] [215/445] SMTY
[09:39:38] [216/445] CVCT
[09:39:38] [217/445] RAMB
[09:39:39] [218/445] TGMS
[09:39:40] [219/445] BHEL
[09:39:41] [220/445] SHCT
[09:39:42] 🔄 Identity reset
[09:39:42] 🔄 Identity rotated (every 10 requests)
[09:39:43] [221/445] SVCT
[09:39:44] [222/445] MRIY
[09:39:45] [223/445] SARO
[09:39:45] [224/445] STCT
[09:39:46] [225/445] JKKC
[09:39:47] [226/445] PLTT
[09:39:48] [227/445] SRNT
[09:39:49] [228/445] YAST
[09:39:50] [229/445] PERL
[09:39:51] [230/445] CICM
[09:39:51] 🔄 Identity reset
[09:39:51] 🔄 Identity rotated (every 10 requests)
[09:39:52] [231/445] MMTR
[09:39:53] [232/445] ABTK
[09:39:53] [233/445] ATYY
[09:39:54] [234/445] ASTK
[09:39:55] [235/445] VVCK
[09:39:56] [236/445] ATKY
[09:39:57] [237/445] GWEK
[09:39:58] [238/445] SVFH
[09:39:59] [239/445] SLTA
[09:40:00] [240/445] AASH
[09:40:01] 🔄 Identity reset
[09:40:01] 🔄 Identity rotated (every 10 requests)
[09:40:01] [241/445] ACXB
[09:40:02] [242/445] SMTX
[09:40:03] [243/445] AZDH
[09:40:04] [244/445] CMMH
[09:40:06] [245/445] SCSZ
[09:40:07] [246/445] SCKP
[09:40:08] [247/445] NXTM
[09:40:09] [248/445] NWCS
[09:40:09] [249/445] CXMH
[09:40:10] [250/445] PCMA
[09:40:11] 🔄 Identity reset
[09:40:11] 🔄 Identity rotated (every 10 requests)
[09:40:11] [251/445] SGCM
[09:40:12] [252/445] SDTU
[09:40:13] [253/445] MMVI
[09:40:14] [254/445] JKCM
[09:40:15] [255/445] VCMM
[09:40:16] [256/445] SYEE
[09:40:17] [257/445] VASD
[09:40:18] [258/445] BDRB
[09:40:19] [259/445] LASM
[09:40:20] [260/445] DCRL
[09:40:20] 🔄 Identity reset
[09:40:20] 🔄 Identity rotated (every 10 requests)
[09:40:21] [261/445] DVPM
[09:40:21] [262/445] SBMJ
[09:40:22] [263/445] CBMU
[09:40:24] [264/445] IUBS
[09:40:26] [265/445] INAP
[09:40:26] [266/445] SRRC
[09:40:27] [267/445] SAGR
[09:40:28] [268/445] CPMJ
[09:40:29] [269/445] ATJL
[09:40:30] [270/445] NNTD
[09:40:30] 🔄 Identity reset
[09:40:30] 🔄 Identity rotated (every 10 requests)
[09:40:30] [271/445] JHCJ
[09:40:31] [272/445] CMMP
[09:40:32] [273/445] RSDR
[09:40:33] [274/445] AMTI
[09:40:33] [275/445] NYSG
[09:40:34] [276/445] AVSG
[09:40:35] [277/445] SYTP
[09:40:36] [278/445] LARC
[09:40:37] [279/445] RJTP
[09:40:39] [280/445] LAKC
[09:40:39] 🔄 Identity reset
[09:40:39] 🔄 Identity rotated (every 10 requests)
[09:40:40] [281/445] MCXE
[09:40:41] [282/445] CCZC
[09:40:42] [283/445] AVCH
[09:40:43] [284/445] CMBE
[09:40:43] [285/445] MRRC
[09:40:44] [286/445] PCPY
[09:40:45] [287/445] SRMH
[09:40:46] [288/445] SVGS
[09:40:47] [289/445] PCSE
[09:40:48] [290/445] SVFT
[09:40:49] 🔄 Identity reset
[09:40:49] 🔄 Identity rotated (every 10 requests)
[09:40:49] [291/445] TNZP
[09:40:50] [292/445] ICTP
[09:40:52] [293/445] ACTZ
[09:40:53] [294/445] GTUR
[09:40:53] [295/445] MAFC
[09:40:54] [296/445] MINL
[09:40:55] [297/445] MRCL
[09:40:56] [298/445] RCRP
[09:40:57] [299/445] RFFG
[09:40:58] [300/445] RMAS
[09:40:58] 🔄 Identity reset
[09:40:58] 🔄 Identity rotated (every 10 requests)
[09:40:59] [301/445] INVR
[09:41:00] [302/445] RMAR
[09:41:01] [303/445] CNIS
[09:41:01] [304/445] RHRJ
[09:41:02] [305/445] INXR
[09:41:03] [306/445] VALT
[09:41:04] [307/445] LCSH
[09:41:05] [308/445] CMVS
[09:41:06] [309/445] CNMS
[09:41:07] [310/445] ROOG
[09:41:08] 🔄 Identity reset
[09:41:08] 🔄 Identity rotated (every 10 requests)
[09:41:08] [311/445] ISRM
[09:41:09] [312/445] RCRM
[09:41:10] [313/445] ACJA
[09:41:11] [314/445] RCVS
[09:41:11] [315/445] CPUS
[09:41:12] [316/445] TGCS
[09:41:14] [317/445] RKCJ
[09:41:15] [318/445] MKSB
[09:41:16] [319/445] TCSJ
[09:41:16] [320/445] RMGP
[09:41:17] 🔄 Identity reset
[09:41:17] 🔄 Identity rotated (every 10 requests)
[09:41:17] [321/445] CLLP
[09:41:18] [322/445] RCMV
[09:41:19] [323/445] CCKS
[09:41:20] [324/445] RSRP
[09:41:21] [325/445] APLP
[09:41:22] [326/445] CNVS
[09:41:24] [327/445] RMVY
[09:41:24] [328/445] PGBD
[09:41:25] [329/445] KLMS
[09:41:26] [330/445] RUST
[09:41:27] 🔄 Identity reset
[09:41:27] 🔄 Identity rotated (every 10 requests)
[09:41:27] [331/445] MASM
[09:41:28] [332/445] BACS
[09:41:29] [333/445] BWST
[09:41:30] [334/445] RRFH
[09:41:31] [335/445] SJTM
[09:41:32] [336/445] BEMR
[09:41:33] [337/445] MCGR
[09:41:34] [338/445] SDSK
[09:41:34] [339/445] VBOL
[09:41:36] [340/445] RMGM
[09:41:36] 🔄 Identity reset
[09:41:36] 🔄 Identity rotated (every 10 requests)
[09:41:37] [341/445] NOPL
[09:41:38] [342/445] MKJK
[09:41:39] [343/445] CVRN
[09:41:40] [344/445] MMEN
[09:41:41] [345/445] AMNG
[09:41:42] [346/445] INTM
[09:41:43] [347/445] SLCZ
[09:41:44] [348/445] AMJN
[09:41:44] [349/445] ACJN
[09:41:45] [350/445] AMKN
[09:41:46] 🔄 Identity reset
[09:41:46] 🔄 Identity rotated (every 10 requests)
[09:41:46] [351/445] BTCN
[09:41:47] [352/445] AMBT
[09:41:48] [353/445] PACN
[09:41:49] [354/445] LCNS
[09:41:50] [355/445] PPKC
[09:41:51] [356/445] JYYN
[09:41:52] [357/445] JTNR
[09:41:52] [358/445] GTEE
[09:41:53] [359/445] SRNM
[09:41:54] [360/445] SDTC
[09:41:55] 🔄 Identity reset
[09:41:55] 🔄 Identity rotated (every 10 requests)
[09:41:55] [361/445] VPCA
[09:41:57] [362/445] VLRA
[09:41:57] [363/445] SHKR
[09:41:58] [364/445] SBKD
[09:41:59] [365/445] SAAD
[09:42:00] [366/445] JTGN
[09:42:01] [367/445] SLAM
[09:42:02] [368/445] VTPM
[09:42:02] [369/445] ANPT
[09:42:03] [370/445] PUNB
[09:42:04] 🔄 Identity reset
[09:42:04] 🔄 Identity rotated (every 10 requests)
[09:42:04] [371/445] CPKT
[09:42:05] [372/445] CNWE
[09:42:06] [373/445] ECPP
[09:42:07] [374/445] CPAR
[09:42:08] [375/445] ESBW
[09:42:09] [376/445] PKPU
[09:42:09] [377/445] CPRP
[09:42:11] [378/445] RAHU
[09:42:12] [379/445] RHMN
[09:42:13] [380/445] FMJP
[09:42:13] 🔄 Identity reset
[09:42:13] 🔄 Identity rotated (every 10 requests)
[09:42:13] [381/445] CTMP
[09:42:14] [382/445] INPN
[09:42:15] [383/445] STTG
[09:42:16] [384/445] CTRD
[09:42:17] [385/445] PUVB
[09:42:18] [386/445] ESVP
[09:42:20] [387/445] CPFT
[09:42:20] [388/445] LCPC
[09:42:21] [389/445] VBCT
[09:42:22] [390/445] FSCW
[09:42:23] 🔄 Identity reset
[09:42:23] 🔄 Identity rotated (every 10 requests)
[09:42:23] [391/445] VCMP
[09:42:24] [392/445] ASHC
[09:42:25] [393/445] VLCX
[09:42:26] [394/445] SHEV
[09:42:26] [395/445] APCO
[09:42:28] [396/445] SILC
[09:42:29] [397/445] SNMR
[09:42:30] [398/445] KYBO
[09:42:30] [399/445] SATK
[09:42:32] [400/445] SSCS
[09:42:33] 🔄 Identity reset
[09:42:33] 🔄 Identity rotated (every 10 requests)
[09:42:33] [401/445] CLSB
[09:42:34] [402/445] KMJR
[09:42:35] [403/445] FSCK
[09:42:36] [404/445] NNKA
[09:42:36] [405/445] CLMK
[09:42:37] [406/445] DMPZ
[09:42:38] [407/445] INQM
[09:42:39] [408/445] CAML
[09:42:40] [409/445] INRK
[09:42:41] [410/445] IMKN
[09:42:41] 🔄 Identity reset
[09:42:41] 🔄 Identity rotated (every 10 requests)
[09:42:42] [411/445] SVNR
[09:42:43] [412/445] INSL
[09:42:44] [413/445] MSMA
[09:42:45] [414/445] MCKK
[09:42:46] [415/445] FCHP
[09:42:47] [416/445] SFCR
[09:42:48] [417/445] NACK
[09:42:48] [418/445] PVAK
[09:42:49] [419/445] INER
[09:42:50] [420/445] RDBK
[09:42:50] 🔄 Identity reset
[09:42:51] 🔄 Identity rotated (every 10 requests)
[09:42:51] 🔄 Retry 1/5 for RDBK in 2.8s
[09:42:51] 🔄 Identity reset
[09:42:53] 🧠 New identity created
[09:42:54] [421/445] SVFN
[09:42:55] [422/445] IFRM
[09:42:55] [423/445] ATCK
[09:42:56] [424/445] ASKO
[09:42:57] [425/445] STKT
[09:42:58] [426/445] SVFB
[09:42:59] [427/445] INKS
[09:43:00] [428/445] PCRA
[09:43:01] [429/445] ATJA
[09:43:01] 🔄 Identity reset
[09:43:01] 🔄 Identity rotated (every 10 requests)
[09:43:02] [430/445] IMJN
[09:43:03] [431/445] INHD
[09:43:04] [432/445] BARA
[09:43:05] [433/445] MCSL
[09:43:06] [434/445] RTOY
[09:43:07] [435/445] MENO
[09:43:08] [436/445] PUDM
[09:43:09] [437/445] PRCN
[09:43:10] [438/445] JMJR
[09:43:11] [439/445] SSGK
[09:43:12] 🔄 Identity reset
[09:43:12] 🔄 Identity rotated (every 10 requests)
[09:43:12] [440/445] SSRL
[09:43:13] [441/445] JYKL
[09:43:14] [442/445] ACNB
[09:43:15] [443/445] SONP
[09:43:16] [444/445] EMCI
[09:43:17] [445/445] MRJH
[09:43:17] 🧹 Deduping shows
[09:43:17] ✅ DONE | Shows=148 | Movies=15
[16:35:04] 🚀 SCRIPT STARTED (enhanced anti‑detection)
[16:35:04] [1/445] TGMR
[16:35:05] 🧠 New identity created
[16:35:05] [2/445] CXKR
[16:35:06] [3/445] SROP
[16:35:08] [4/445] GTSV
[16:35:08] [5/445] SNTY
[16:35:09] [6/445] SMYY
[16:35:10] [7/445] CNCS
[16:35:11] [8/445] CSTM
[16:35:13] [9/445] NUCD
[16:35:14] [10/445] SHCZ
[16:35:15] 🔄 Identity reset
[16:35:15] 🔄 Identity rotated (every 10 requests)
[16:35:15] [11/445] NJCT
[16:35:16] [12/445] COPC
[16:35:17] [13/445] STVV
[16:35:18] [14/445] SKRN
[16:35:19] [15/445] APPZ
[16:35:20] [16/445] YMGN
[16:35:20] [17/445] SVTU
[16:35:21] [18/445] GTAD
[16:35:22] [19/445] PSUS
[16:35:23] [20/445] SMCD
[16:35:24] 🔄 Identity reset
[16:35:24] 🔄 Identity rotated (every 10 requests)
[16:35:24] [21/445] CMCM
[16:35:25] [22/445] SYCT
[16:35:26] [23/445] STLY
[16:35:27] [24/445] CMHU
[16:35:28] [25/445] CMSA
[16:35:29] [26/445] CLCU
[16:35:29] [27/445] PPNT
[16:35:30] [28/445] JTAB
[16:35:31] [29/445] BUUC
[16:35:32] [30/445] BSVK
[16:35:33] 🔄 Identity reset
[16:35:33] 🔄 Identity rotated (every 10 requests)
[16:35:33] [31/445] VVVQ
[16:35:34] [32/445] TKMU
[16:35:35] [33/445] ESYL
[16:35:36] [34/445] ACHP
[16:35:37] [35/445] BTKD
[16:35:38] [36/445] DESA
[16:35:39] [37/445] GBCT
[16:35:40] [38/445] BLLD
[16:35:41] [39/445] SKNT
[16:35:42] [40/445] SSTE
[16:35:43] 🔄 Identity reset
[16:35:43] 🔄 Identity rotated (every 10 requests)
[16:35:43] [41/445] VJMR
[16:35:44] [42/445] NTPU
[16:35:45] [43/445] RDKN
[16:35:46] [44/445] ADGC
[16:35:47] [45/445] VRBP
[16:35:47] [46/445] NMNA
[16:35:48] [47/445] CMMX
[16:35:49] [48/445] PTKO
[16:35:50] [49/445] RBML
[16:35:51] [50/445] SAIC
[16:35:51] 🔄 Identity reset
[16:35:52] 🔄 Identity rotated (every 10 requests)
[16:35:52] [51/445] SVTJ
[16:35:53] [52/445] MRTE
[16:35:54] [53/445] RBTP
[16:35:55] [54/445] NLPS
[16:35:56] [55/445] GTNA
[16:35:57] [56/445] DGGC
[16:35:58] [57/445] SMCR
[16:35:59] [58/445] SCGD
[16:36:00] [59/445] SRRJ
[16:36:01] [60/445] CNRY
[16:36:02] 🔄 Identity reset
[16:36:02] 🔄 Identity rotated (every 10 requests)
[16:36:02] [61/445] KTDI
[16:36:03] [62/445] SNJL
[16:36:04] [63/445] RKMD
[16:36:05] [64/445] SMDC
[16:36:06] [65/445] TADG
[16:36:07] [66/445] MCGS
[16:36:08] [67/445] PETK
[16:36:09] [68/445] CHAG
[16:36:10] [69/445] KSTL
[16:36:11] [70/445] AADS
[16:36:11] 🔄 Identity reset
[16:36:11] 🔄 Identity rotated (every 10 requests)
[16:36:12] [71/445] NTHZ
[16:36:13] [72/445] HCKI
[16:36:15] [73/445] SSEF
[16:36:16] [74/445] MCGX
[16:36:17] [75/445] ERRA
[16:36:18] [76/445] SDTW
[16:36:19] [77/445] RMPK
[16:36:20] [78/445] PTHK
[16:36:21] [79/445] PXCS
[16:36:22] [80/445] SVLU
[16:36:23] 🔄 Identity reset
[16:36:23] 🔄 Identity rotated (every 10 requests)
[16:36:23] [81/445] STAH
[16:36:24] [82/445] JRGF
[16:36:25] [83/445] CDOK
[16:36:26] [84/445] CMSG
[16:36:26] [85/445] APTD
[16:36:27] [86/445] KMPG
[16:36:28] [87/445] MUTJ
[16:36:29] [88/445] VCCI
[16:36:31] [89/445] URBE
[16:36:32] [90/445] TCTS
[16:36:32] 🔄 Identity reset
[16:36:32] 🔄 Identity rotated (every 10 requests)
[16:36:33] [91/445] STSN
[16:36:33] [92/445] AKCH
[16:36:34] [93/445] APSC
[16:36:35] [94/445] VLTB
[16:36:36] [95/445] SANU
[16:36:37] [96/445] AXAM
[16:36:38] [97/445] MGMG
[16:36:40] [98/445] HTBY
[16:36:40] [99/445] MMZS
[16:36:41] [100/445] SUDR
[16:36:42] 🔄 Identity reset
[16:36:42] 🔄 Identity rotated (every 10 requests)
[16:36:42] [101/445] CCAD
[16:36:43] [102/445] SKKC
[16:36:44] [103/445] RMCD
[16:36:45] [104/445] SBCQ
[16:36:46] [105/445] DCCT
[16:36:47] [106/445] VTKP
[16:36:48] [107/445] MLAM
[16:36:50] [108/445] SAVT
[16:36:51] [109/445] GEPL
[16:36:52] [110/445] AMCD
[16:36:52] 🔄 Identity reset
[16:36:52] 🔄 Identity rotated (every 10 requests)
[16:36:52] 🔄 Retry 1/5 for AMCD in 3.0s
[16:36:52] 🔄 Identity reset
[16:36:55] 🧠 New identity created
[16:36:56] [111/445] CCXR
[16:36:57] [112/445] GRNG
[16:36:57] [113/445] EBCA
[16:36:58] [114/445] CNVG
[16:36:59] [115/445] MWSS
[16:37:00] [116/445] VBOR
[16:37:01] [117/445] NEEB
[16:37:02] [118/445] SUTH
[16:37:03] [119/445] ANDB
[16:37:03] 🔄 Identity reset
[16:37:03] 🔄 Identity rotated (every 10 requests)
[16:37:04] [120/445] MMXS
[16:37:05] [121/445] CNPD
[16:37:06] [122/445] SDCE
[16:37:07] [123/445] DHCB
[16:37:08] [124/445] ODEN
[16:37:09] [125/445] TNTC
[16:37:10] [126/445] VBKM
[16:37:11] [127/445] RZYM
[16:37:12] [128/445] JEMC
[16:37:14] [129/445] CMAU
[16:37:14] 🔄 Identity reset
[16:37:14] 🔄 Identity rotated (every 10 requests)
[16:37:16] [130/445] SIVP
[16:37:17] [131/445] ATAG
[16:37:18] [132/445] CHTM
[16:37:19] [133/445] AAEE
[16:37:20] [134/445] IWPM
[16:37:21] [135/445] KCMW
[16:37:22] [136/445] MCTD
[16:37:23] [137/445] SPWR
[16:37:25] [138/445] SDPO
[16:37:26] [139/445] PCSK
[16:37:26] 🔄 Identity reset
[16:37:26] 🔄 Identity rotated (every 10 requests)
[16:37:26] [140/445] ACHV
[16:37:27] [141/445] SVLA
[16:37:29] [142/445] PICT
[16:37:30] [143/445] BXDR
[16:37:31] [144/445] SPWA
[16:37:31] [145/445] MCKO
[16:37:33] [146/445] RTHK
[16:37:34] [147/445] CCMF
[16:37:36] [148/445] MRGB
[16:37:36] [149/445] CPLC
[16:37:37] 🔄 Identity reset
[16:37:37] 🔄 Identity rotated (every 10 requests)
[16:37:37] [150/445] RACD
[16:37:38] [151/445] ATKT
[16:37:39] [152/445] SARN
[16:37:40] [153/445] KKUI
[16:37:41] [154/445] RGCM
[16:37:43] [155/445] BRVP
[16:37:44] [156/445] HRSR
[16:37:45] [157/445] GKGM
[16:37:46] [158/445] TTCD
[16:37:47] [159/445] PTTI
[16:37:48] 🔄 Identity reset
[16:37:48] 🔄 Identity rotated (every 10 requests)
[16:37:48] [160/445] MPTT
[16:37:49] [161/445] CVTT
[16:37:51] [162/445] PCXD
[16:37:52] [163/445] GCDC
[16:37:53] [164/445] CCCF
[16:37:54] [165/445] MRAD
[16:37:55] [166/445] CPLK
[16:37:56] [167/445] SATB
[16:37:57] [168/445] SNVG
[16:37:58] [169/445] JMBA
[16:37:59] 🔄 Identity reset
[16:37:59] 🔄 Identity rotated (every 10 requests)
[16:37:59] [170/445] TEJA
[16:38:01] [171/445] STYO
[16:38:03] [172/445] JTBP
[16:38:04] [173/445] KRGD
[16:38:05] [174/445] SLJJ
[16:38:06] [175/445] SPTJ
[16:38:06] [176/445] SWJG
[16:38:07] [177/445] LKRT
[16:38:08] [178/445] KCKA
[16:38:09] [179/445] SNCR
[16:38:10] 🔄 Identity reset
[16:38:10] 🔄 Identity rotated (every 10 requests)
[16:38:10] [180/445] SMKL
[16:38:11] [181/445] GCFA
[16:38:12] [182/445] DDCK
[16:38:14] [183/445] NCHJ
[16:38:15] [184/445] RDMA
[16:38:16] [185/445] SVSV
[16:38:17] [186/445] SCJG
[16:38:18] [187/445] VKLP
[16:38:18] [188/445] NWCC
[16:38:19] [189/445] VKNS
[16:38:20] 🔄 Identity reset
[16:38:20] 🔄 Identity rotated (every 10 requests)
[16:38:21] [190/445] SDDP
[16:38:22] [191/445] ACSI
[16:38:23] [192/445] SATG
[16:38:24] [193/445] SCMW
[16:38:25] [194/445] LKTK
[16:38:26] [195/445] VCKV
[16:38:27] [196/445] KKPE
[16:38:28] [197/445] KIGH
[16:38:28] [198/445] SRPM
[16:38:29] [199/445] SCAH
[16:38:30] 🔄 Identity reset
[16:38:30] 🔄 Identity rotated (every 10 requests)
[16:38:30] [200/445] MUTA
[16:38:31] [201/445] SEPU
[16:38:32] [202/445] INOA
[16:38:33] [203/445] BASK
[16:38:34] [204/445] NECB
[16:38:34] [205/445] GTTG
[16:38:36] [206/445] ASSA
[16:38:37] [207/445] ANCL
[16:38:38] [208/445] GCTI
[16:38:39] [209/445] RCTS
[16:38:39] 🔄 Identity reset
[16:38:39] 🔄 Identity rotated (every 10 requests)
[16:38:40] [210/445] ACNL
[16:38:40] [211/445] MYCT
[16:38:42] [212/445] NMHT
[16:38:43] [213/445] MDIT
[16:38:44] [214/445] LATG
[16:38:45] [215/445] SMTY
[16:38:47] [216/445] CVCT
[16:38:47] [217/445] RAMB
[16:38:48] [218/445] TGMS
[16:38:49] [219/445] BHEL
[16:38:50] 🔄 Identity reset
[16:38:50] 🔄 Identity rotated (every 10 requests)
[16:38:50] 🔄 Retry 1/5 for BHEL in 2.3s
[16:38:50] 🔄 Identity reset
[16:38:52] 🧠 New identity created
[16:38:53] [220/445] SHCT
[16:38:54] [221/445] SVCT
[16:38:55] [222/445] MRIY
[16:38:56] [223/445] SARO
[16:38:57] [224/445] STCT
[16:38:58] [225/445] JKKC
[16:38:59] [226/445] PLTT
[16:39:01] [227/445] SRNT
[16:39:02] [228/445] YAST
[16:39:02] 🔄 Identity reset
[16:39:02] 🔄 Identity rotated (every 10 requests)
[16:39:02] [229/445] PERL
[16:39:03] [230/445] CICM
[16:39:04] [231/445] MMTR
[16:39:05] [232/445] ABTK
[16:39:06] [233/445] ATYY
[16:39:07] [234/445] ASTK
[16:39:08] [235/445] VVCK
[16:39:09] [236/445] ATKY
[16:39:10] [237/445] GWEK
[16:39:11] [238/445] SVFH
[16:39:12] 🔄 Identity reset
[16:39:12] 🔄 Identity rotated (every 10 requests)
[16:39:13] [239/445] SLTA
[16:39:13] [240/445] AASH
[16:39:14] [241/445] ACXB
[16:39:16] [242/445] SMTX
[16:39:16] [243/445] AZDH
[16:39:17] [244/445] CMMH
[16:39:18] [245/445] SCSZ
[16:39:19] [246/445] SCKP
[16:39:20] [247/445] NXTM
[16:39:21] [248/445] NWCS
[16:39:22] 🔄 Identity reset
[16:39:22] 🔄 Identity rotated (every 10 requests)
[16:39:22] [249/445] CXMH
[16:39:23] [250/445] PCMA
[16:39:24] [251/445] SGCM
[16:39:25] [252/445] SDTU
[16:39:26] [253/445] MMVI
[16:39:27] [254/445] JKCM
[16:39:28] [255/445] VCMM
[16:39:29] [256/445] SYEE
[16:39:30] [257/445] VASD
[16:39:31] [258/445] BDRB
[16:39:32] 🔄 Identity reset
[16:39:32] 🔄 Identity rotated (every 10 requests)
[16:39:32] [259/445] LASM
[16:39:33] [260/445] DCRL
[16:39:34] [261/445] DVPM
[16:39:35] [262/445] SBMJ
[16:39:36] [263/445] CBMU
[16:39:37] [264/445] IUBS
[16:39:38] [265/445] INAP
[16:39:39] [266/445] SRRC
[16:39:40] [267/445] SAGR
[16:39:41] [268/445] CPMJ
[16:39:41] 🔄 Identity reset
[16:39:41] 🔄 Identity rotated (every 10 requests)
[16:39:42] [269/445] ATJL
[16:39:43] [270/445] NNTD
[16:39:44] [271/445] JHCJ
[16:39:45] [272/445] CMMP
[16:39:46] [273/445] RSDR
[16:39:47] [274/445] AMTI
[16:39:48] [275/445] NYSG
[16:39:49] [276/445] AVSG
[16:39:49] [277/445] SYTP
[16:39:50] [278/445] LARC
[16:39:51] 🔄 Identity reset
[16:39:51] 🔄 Identity rotated (every 10 requests)
[16:39:51] [279/445] RJTP
[16:39:52] [280/445] LAKC
[16:39:53] [281/445] MCXE
[16:39:54] [282/445] CCZC
[16:39:56] [283/445] AVCH
[16:39:57] [284/445] CMBE
[16:39:58] [285/445] MRRC
[16:39:58] [286/445] PCPY
[16:40:00] [287/445] SRMH
[16:40:00] [288/445] SVGS
[16:40:01] 🔄 Identity reset
[16:40:01] 🔄 Identity rotated (every 10 requests)
[16:40:01] [289/445] PCSE
[16:40:03] [290/445] SVFT
[16:40:04] [291/445] TNZP
[16:40:05] [292/445] ICTP
[16:40:06] [293/445] ACTZ
[16:40:07] [294/445] GTUR
[16:40:07] [295/445] MAFC
[16:40:08] [296/445] MINL
[16:40:09] [297/445] MRCL
[16:40:10] [298/445] RCRP
[16:40:11] 🔄 Identity reset
[16:40:11] 🔄 Identity rotated (every 10 requests)
[16:40:11] [299/445] RFFG
[16:40:12] [300/445] RMAS
[16:40:13] [301/445] INVR
[16:40:15] [302/445] RMAR
[16:40:16] [303/445] CNIS
[16:40:17] [304/445] RHRJ
[16:40:18] [305/445] INXR
[16:40:19] [306/445] VALT
[16:40:20] [307/445] LCSH
[16:40:21] [308/445] CMVS
[16:40:22] 🔄 Identity reset
[16:40:22] 🔄 Identity rotated (every 10 requests)
[16:40:22] [309/445] CNMS
[16:40:23] [310/445] ROOG
[16:40:24] [311/445] ISRM
[16:40:25] [312/445] RCRM
[16:40:26] [313/445] ACJA
[16:40:27] [314/445] RCVS
[16:40:28] [315/445] CPUS
[16:40:29] [316/445] TGCS
[16:40:30] [317/445] RKCJ
[16:40:31] [318/445] MKSB
[16:40:31] 🔄 Identity reset
[16:40:31] 🔄 Identity rotated (every 10 requests)
[16:40:31] 🔄 Retry 1/5 for MKSB in 2.4s
[16:40:31] 🔄 Identity reset
[16:40:34] 🧠 New identity created
[16:40:35] [319/445] TCSJ
[16:40:36] [320/445] RMGP
[16:40:37] [321/445] CLLP
[16:40:38] [322/445] RCMV
[16:40:39] [323/445] CCKS
[16:40:40] [324/445] RSRP
[16:40:41] [325/445] APLP
[16:40:42] [326/445] CNVS
[16:40:42] [327/445] RMVY
[16:40:43] 🔄 Identity reset
[16:40:43] 🔄 Identity rotated (every 10 requests)
[16:40:44] [328/445] PGBD
[16:40:44] [329/445] KLMS
[16:40:46] [330/445] RUST
[16:40:47] [331/445] MASM
[16:40:49] [332/445] BACS
[16:40:49] [333/445] BWST
[16:40:50] [334/445] RRFH
[16:40:51] [335/445] SJTM
[16:40:52] [336/445] BEMR
[16:40:53] [337/445] MCGR
[16:40:54] 🔄 Identity reset
[16:40:54] 🔄 Identity rotated (every 10 requests)
[16:40:54] [338/445] SDSK
[16:40:55] [339/445] VBOL
[16:40:56] [340/445] RMGM
[16:40:57] [341/445] NOPL
[16:40:58] [342/445] MKJK
[16:40:59] [343/445] CVRN
[16:41:00] [344/445] MMEN
[16:41:01] [345/445] AMNG
[16:41:02] [346/445] INTM
[16:41:03] [347/445] SLCZ
[16:41:03] 🔄 Identity reset
[16:41:03] 🔄 Identity rotated (every 10 requests)
[16:41:04] [348/445] AMJN
[16:41:05] [349/445] ACJN
[16:41:06] [350/445] AMKN
[16:41:07] [351/445] BTCN
[16:41:07] [352/445] AMBT
[16:41:08] [353/445] PACN
[16:41:09] [354/445] LCNS
[16:41:10] [355/445] PPKC
[16:41:11] [356/445] JYYN
[16:41:12] [357/445] JTNR
[16:41:13] 🔄 Identity reset
[16:41:13] 🔄 Identity rotated (every 10 requests)
[16:41:13] [358/445] GTEE
[16:41:15] [359/445] SRNM
[16:41:15] [360/445] SDTC
[16:41:16] [361/445] VPCA
[16:41:17] [362/445] VLRA
[16:41:18] [363/445] SHKR
[16:41:19] [364/445] SBKD
[16:41:20] [365/445] SAAD
[16:41:21] [366/445] JTGN
[16:41:22] [367/445] SLAM
[16:41:23] 🔄 Identity reset
[16:41:23] 🔄 Identity rotated (every 10 requests)
[16:41:23] [368/445] VTPM
[16:41:24] [369/445] ANPT
[16:41:25] [370/445] PUNB
[16:41:26] [371/445] CPKT
[16:41:27] [372/445] CNWE
[16:41:28] [373/445] ECPP
[16:41:29] [374/445] CPAR
[16:41:30] [375/445] ESBW
[16:41:30] [376/445] PKPU
[16:41:32] [377/445] CPRP
[16:41:33] 🔄 Identity reset
[16:41:33] 🔄 Identity rotated (every 10 requests)
[16:41:33] [378/445] RAHU
[16:41:34] [379/445] RHMN
[16:41:35] [380/445] FMJP
[16:41:36] [381/445] CTMP
[16:41:37] [382/445] INPN
[16:41:38] [383/445] STTG
[16:41:39] [384/445] CTRD
[16:41:40] [385/445] PUVB
[16:41:41] [386/445] ESVP
[16:41:42] [387/445] CPFT
[16:41:43] 🔄 Identity reset
[16:41:43] 🔄 Identity rotated (every 10 requests)
[16:41:43] [388/445] LCPC
[16:41:44] [389/445] VBCT
[16:41:45] [390/445] FSCW
[16:41:46] [391/445] VCMP
[16:41:47] [392/445] ASHC
[16:41:48] [393/445] VLCX
[16:41:49] [394/445] SHEV
[16:41:50] [395/445] APCO
[16:41:51] [396/445] SILC
[16:41:51] [397/445] SNMR
[16:41:52] 🔄 Identity reset
[16:41:52] 🔄 Identity rotated (every 10 requests)
[16:41:53] [398/445] KYBO
[16:41:54] [399/445] SATK
[16:41:55] [400/445] SSCS
[16:41:56] [401/445] CLSB
[16:41:57] [402/445] KMJR
[16:41:58] [403/445] FSCK
[16:41:59] [404/445] NNKA
[16:42:00] [405/445] CLMK
[16:42:00] [406/445] DMPZ
[16:42:02] [407/445] INQM
[16:42:03] 🔄 Identity reset
[16:42:03] 🔄 Identity rotated (every 10 requests)
[16:42:03] [408/445] CAML
[16:42:04] [409/445] INRK
[16:42:05] [410/445] IMKN
[16:42:06] [411/445] SVNR
[16:42:07] [412/445] INSL
[16:42:08] [413/445] MSMA
[16:42:09] [414/445] MCKK
[16:42:10] [415/445] FCHP
[16:42:11] [416/445] SFCR
[16:42:12] [417/445] NACK
[16:42:13] 🔄 Identity reset
[16:42:13] 🔄 Identity rotated (every 10 requests)
[16:42:13] [418/445] PVAK
[16:42:14] [419/445] INER
[16:42:15] [420/445] RDBK
[16:42:16] [421/445] SVFN
[16:42:17] [422/445] IFRM
[16:42:18] [423/445] ATCK
[16:42:19] [424/445] ASKO
[16:42:20] [425/445] STKT
[16:42:21] [426/445] SVFB
[16:42:22] [427/445] INKS
[16:42:23] 🔄 Identity reset
[16:42:23] 🔄 Identity rotated (every 10 requests)
[16:42:23] [428/445] PCRA
[16:42:24] [429/445] ATJA
[16:42:25] [430/445] IMJN
[16:42:26] [431/445] INHD
[16:42:27] [432/445] BARA
[16:42:28] [433/445] MCSL
[16:42:29] [434/445] RTOY
[16:42:30] [435/445] MENO
[16:42:31] [436/445] PUDM
[16:42:33] [437/445] PRCN
[16:42:33] 🔄 Identity reset
[16:42:34] 🔄 Identity rotated (every 10 requests)
[16:42:34] [438/445] JMJR
[16:42:35] [439/445] SSGK
[16:42:35] [440/445] SSRL
[16:42:36] [441/445] JYKL
[16:42:37] [442/445] ACNB
[16:42:38] [443/445] SONP
[16:42:39] [444/445] EMCI
[16:42:40] [445/445] MRJH
[16:42:41] 🧹 Deduping shows
[16:42:41] ✅ DONE | Shows=243 | Movies=22
[04:43:48] 🚀 SCRIPT STARTED (enhanced anti‑detection)
[04:43:48] [1/445] TGMR
[04:43:48] 🧠 New identity created
[04:43:49] [2/445] CXKR
[04:43:50] [3/445] SROP
[04:43:51] [4/445] GTSV
[04:43:52] [5/445] SNTY
[04:43:53] [6/445] SMYY
[04:43:54] [7/445] CNCS
[04:43:55] [8/445] CSTM
[04:43:56] [9/445] NUCD
[04:43:57] [10/445] SHCZ
[04:43:58] 🔄 Identity reset
[04:43:58] 🔄 Identity rotated (every 10 requests)
[04:43:59] [11/445] NJCT
[04:44:00] [12/445] COPC
[04:44:01] [13/445] STVV
[04:44:02] [14/445] SKRN
[04:44:14] 🔄 Retry 1/5 for SKRN in 2.6s
[04:44:14] 🔄 Identity reset
[04:44:17] 🧠 New identity created
[04:44:29] 🔄 Retry 2/5 for SKRN in 4.9s
[04:44:29] 🔄 Identity reset
[04:44:34] 🧠 New identity created
[04:44:43] [15/445] APPZ
[04:44:44] [16/445] YMGN
[04:44:44] [17/445] SVTU
[04:44:45] [18/445] GTAD
[04:44:46] 🔄 Identity reset
[04:44:46] 🔄 Identity rotated (every 10 requests)
[04:44:46] [19/445] PSUS
[04:44:47] [20/445] SMCD
[04:44:48] [21/445] CMCM
[04:44:49] [22/445] SYCT
[04:44:50] [23/445] STLY
[04:44:51] [24/445] CMHU
[04:44:52] [25/445] CMSA
[04:44:53] [26/445] CLCU
[04:44:54] [27/445] PPNT
[04:44:55] [28/445] JTAB
[04:44:55] 🔄 Identity reset
[04:44:55] 🔄 Identity rotated (every 10 requests)
[04:44:56] [29/445] BUUC
[04:44:57] [30/445] BSVK
[04:44:58] [31/445] VVVQ
[04:44:59] [32/445] TKMU
[04:45:00] [33/445] ESYL
[04:45:00] [34/445] ACHP
[04:45:01] [35/445] BTKD
[04:45:02] [36/445] DESA
[04:45:03] [37/445] GBCT
[04:45:04] [38/445] BLLD
[04:45:05] 🔄 Identity reset
[04:45:05] 🔄 Identity rotated (every 10 requests)
[04:45:05] [39/445] SKNT
[04:45:06] [40/445] SSTE
[04:45:07] [41/445] VJMR
[04:45:08] [42/445] NTPU
[04:45:09] [43/445] RDKN
[04:45:10] [44/445] ADGC
[04:45:12] [45/445] VRBP
[04:45:13] [46/445] NMNA
[04:45:14] [47/445] CMMX
[04:45:15] [48/445] PTKO
[04:45:16] 🔄 Identity reset
[04:45:16] 🔄 Identity rotated (every 10 requests)
[04:45:16] [49/445] RBML
[04:45:17] [50/445] SAIC
[04:45:19] [51/445] SVTJ
[04:45:20] [52/445] MRTE
[04:45:20] [53/445] RBTP
[04:45:21] [54/445] NLPS
[04:45:23] [55/445] GTNA
[04:45:23] [56/445] DGGC
[04:45:24] [57/445] SMCR
[04:45:25] [58/445] SCGD
[04:45:26] 🔄 Identity reset
[04:45:26] 🔄 Identity rotated (every 10 requests)
[04:45:27] [59/445] SRRJ
[04:45:28] [60/445] CNRY
[04:45:29] [61/445] KTDI
[04:45:29] [62/445] SNJL
[04:45:30] [63/445] RKMD
[04:45:31] [64/445] SMDC
[04:45:32] [65/445] TADG
[04:45:33] [66/445] MCGS
[04:45:35] [67/445] PETK
[04:45:35] [68/445] CHAG
[04:45:36] 🔄 Identity reset
[04:45:36] 🔄 Identity rotated (every 10 requests)
[04:45:36] [69/445] KSTL
[04:45:37] [70/445] AADS
[04:45:38] [71/445] NTHZ
[04:45:39] [72/445] HCKI
[04:45:40] [73/445] SSEF
[04:45:41] [74/445] MCGX
[04:45:42] [75/445] ERRA
[04:45:43] [76/445] SDTW
[04:45:44] [77/445] RMPK
[04:45:45] [78/445] PTHK
[04:45:45] 🔄 Identity reset
[04:45:45] 🔄 Identity rotated (every 10 requests)
[04:45:46] [79/445] PXCS
[04:45:47] [80/445] SVLU
[04:45:48] [81/445] STAH
[04:45:49] [82/445] JRGF
[04:45:50] [83/445] CDOK
[04:45:52] [84/445] CMSG
[04:45:52] [85/445] APTD
[04:45:53] [86/445] KMPG
[04:45:54] [87/445] MUTJ
[04:45:55] [88/445] VCCI
[04:45:56] 🔄 Identity reset
[04:45:56] 🔄 Identity rotated (every 10 requests)
[04:45:56] [89/445] URBE
[04:45:57] [90/445] TCTS
[04:45:58] [91/445] STSN
[04:45:59] [92/445] AKCH
[04:46:00] [93/445] APSC
[04:46:01] [94/445] VLTB
[04:46:02] [95/445] SANU
[04:46:03] [96/445] AXAM
[04:46:05] [97/445] MGMG
[04:46:05] [98/445] HTBY
[04:46:06] 🔄 Identity reset
[04:46:06] 🔄 Identity rotated (every 10 requests)
[04:46:07] [99/445] MMZS
[04:46:08] [100/445] SUDR
[04:46:09] [101/445] CCAD
[04:46:10] [102/445] SKKC
[04:46:11] [103/445] RMCD
[04:46:12] [104/445] SBCQ
[04:46:13] [105/445] DCCT
[04:46:14] [106/445] VTKP
[04:46:16] [107/445] MLAM
[04:46:16] [108/445] SAVT
[04:46:17] 🔄 Identity reset
[04:46:17] 🔄 Identity rotated (every 10 requests)
[04:46:17] [109/445] GEPL
[04:46:18] [110/445] AMCD
[04:46:19] [111/445] CCXR
[04:46:20] [112/445] GRNG
[04:46:21] [113/445] EBCA
[04:46:22] [114/445] CNVG
[04:46:23] [115/445] MWSS
[04:46:24] [116/445] VBOR
[04:46:24] [117/445] NEEB
[04:46:25] [118/445] SUTH
[04:46:26] 🔄 Identity reset
[04:46:26] 🔄 Identity rotated (every 10 requests)
[04:46:26] [119/445] ANDB
[04:46:27] [120/445] MMXS
[04:46:28] [121/445] CNPD
[04:46:29] [122/445] SDCE
[04:46:30] [123/445] DHCB
[04:46:31] [124/445] ODEN
[04:46:32] [125/445] TNTC
[04:46:33] [126/445] VBKM
[04:46:34] [127/445] RZYM
[04:46:35] [128/445] JEMC
[04:46:35] 🔄 Identity reset
[04:46:35] 🔄 Identity rotated (every 10 requests)
[04:46:36] [129/445] CMAU
[04:46:37] [130/445] SIVP
[04:46:38] [131/445] ATAG
[04:46:38] [132/445] CHTM
[04:46:39] [133/445] AAEE
[04:46:41] [134/445] IWPM
[04:46:42] [135/445] KCMW
[04:46:43] [136/445] MCTD
[04:46:44] [137/445] SPWR
[04:46:45] [138/445] SDPO
[04:46:45] 🔄 Identity reset
[04:46:45] 🔄 Identity rotated (every 10 requests)
[04:46:46] [139/445] PCSK
[04:46:47] [140/445] ACHV
[04:46:47] [141/445] SVLA
[04:46:48] [142/445] PICT
[04:46:49] [143/445] BXDR
[04:46:50] [144/445] SPWA
[04:46:51] [145/445] MCKO
[04:46:52] [146/445] RTHK
[04:46:53] [147/445] CCMF
[04:46:54] [148/445] MRGB
[04:46:54] 🔄 Identity reset
[04:46:54] 🔄 Identity rotated (every 10 requests)
[04:47:07] 🔄 Retry 1/5 for MRGB in 2.8s
[04:47:07] 🔄 Identity reset
[04:47:09] 🧠 New identity created
[04:47:15] [149/445] CPLC
[04:47:16] [150/445] RACD
[04:47:17] [151/445] ATKT
[04:47:18] [152/445] SARN
[04:47:19] [153/445] KKUI
[04:47:20] [154/445] RGCM
[04:47:20] [155/445] BRVP
[04:47:21] [156/445] HRSR
[04:47:22] [157/445] GKGM
[04:47:23] 🔄 Identity reset
[04:47:23] 🔄 Identity rotated (every 10 requests)
[04:47:23] [158/445] TTCD
[04:47:24] [159/445] PTTI
[04:47:25] [160/445] MPTT
[04:47:26] [161/445] CVTT
[04:47:27] [162/445] PCXD
[04:47:28] [163/445] GCDC
[04:47:29] [164/445] CCCF
[04:47:29] [165/445] MRAD
[04:47:30] [166/445] CPLK
[04:47:31] [167/445] SATB
[04:47:32] 🔄 Identity reset
[04:47:32] 🔄 Identity rotated (every 10 requests)
[04:47:32] [168/445] SNVG
[04:47:33] [169/445] JMBA
[04:47:34] [170/445] TEJA
[04:47:35] [171/445] STYO
[04:47:36] [172/445] JTBP
[04:47:36] [173/445] KRGD
[04:47:38] [174/445] SLJJ
[04:47:39] [175/445] SPTJ
[04:47:40] [176/445] SWJG
[04:47:41] [177/445] LKRT
[04:47:42] 🔄 Identity reset
[04:47:42] 🔄 Identity rotated (every 10 requests)
[04:47:42] [178/445] KCKA
[04:47:43] [179/445] SNCR
[04:47:44] [180/445] SMKL
[04:47:45] [181/445] GCFA
[04:47:46] [182/445] DDCK
[04:47:47] [183/445] NCHJ
[04:47:48] [184/445] RDMA
[04:47:49] [185/445] SVSV
[04:47:50] [186/445] SCJG
[04:47:52] [187/445] VKLP
[04:47:53] 🔄 Identity reset
[04:47:53] 🔄 Identity rotated (every 10 requests)
[04:47:53] [188/445] NWCC
[04:47:54] [189/445] VKNS
[04:47:55] [190/445] SDDP
[04:47:56] [191/445] ACSI
[04:47:57] [192/445] SATG
[04:47:58] [193/445] SCMW
[04:47:59] [194/445] LKTK
[04:47:59] [195/445] VCKV
[04:48:00] [196/445] KKPE
[04:48:01] [197/445] KIGH
[04:48:02] 🔄 Identity reset
[04:48:02] 🔄 Identity rotated (every 10 requests)
[04:48:02] [198/445] SRPM
[04:48:03] [199/445] SCAH
[04:48:04] [200/445] MUTA
[04:48:04] [201/445] SEPU
[04:48:05] [202/445] INOA
[04:48:06] [203/445] BASK
[04:48:07] [204/445] NECB
[04:48:08] [205/445] GTTG
[04:48:09] [206/445] ASSA
[04:48:10] [207/445] ANCL
[04:48:11] 🔄 Identity reset
[04:48:11] 🔄 Identity rotated (every 10 requests)
[04:48:11] [208/445] GCTI
[04:48:12] [209/445] RCTS
[04:48:13] [210/445] ACNL
[04:48:14] [211/445] MYCT
[04:48:15] [212/445] NMHT
[04:48:16] [213/445] MDIT
[04:48:17] [214/445] LATG
[04:48:18] [215/445] SMTY
[04:48:18] [216/445] CVCT
[04:48:19] [217/445] RAMB
[04:48:20] 🔄 Identity reset
[04:48:20] 🔄 Identity rotated (every 10 requests)
[04:48:20] [218/445] TGMS
[04:48:22] [219/445] BHEL
[04:48:23] [220/445] SHCT
[04:48:24] [221/445] SVCT
[04:48:25] [222/445] MRIY
[04:48:25] [223/445] SARO
[04:48:26] [224/445] STCT
[04:48:27] [225/445] JKKC
[04:48:28] [226/445] PLTT
[04:48:29] [227/445] SRNT
[04:48:30] 🔄 Identity reset
[04:48:30] 🔄 Identity rotated (every 10 requests)
[04:48:30] [228/445] YAST
[04:48:31] [229/445] PERL
[04:48:32] [230/445] CICM
[04:48:33] [231/445] MMTR
[04:48:34] [232/445] ABTK
[04:48:35] [233/445] ATYY
[04:48:36] [234/445] ASTK
[04:48:36] [235/445] VVCK
[04:48:37] [236/445] ATKY
[04:48:38] [237/445] GWEK
[04:48:39] 🔄 Identity reset
[04:48:39] 🔄 Identity rotated (every 10 requests)
[04:48:40] [238/445] SVFH
[04:48:41] [239/445] SLTA
[04:48:42] [240/445] AASH
[04:48:43] [241/445] ACXB
[04:48:44] [242/445] SMTX
[04:48:45] [243/445] AZDH
[04:48:46] [244/445] CMMH
[04:48:47] [245/445] SCSZ
[04:48:48] [246/445] SCKP
[04:48:49] [247/445] NXTM
[04:48:50] 🔄 Identity reset
[04:48:50] 🔄 Identity rotated (every 10 requests)
[04:48:50] [248/445] NWCS
[04:48:51] [249/445] CXMH
[04:48:52] [250/445] PCMA
[04:48:53] [251/445] SGCM
[04:48:54] [252/445] SDTU
[04:48:55] [253/445] MMVI
[04:48:56] [254/445] JKCM
[04:48:57] [255/445] VCMM
[04:48:57] [256/445] SYEE
[04:48:58] [257/445] VASD
[04:48:59] 🔄 Identity reset
[04:48:59] 🔄 Identity rotated (every 10 requests)
[04:48:59] [258/445] BDRB
[04:49:00] [259/445] LASM
[04:49:01] [260/445] DCRL
[04:49:02] [261/445] DVPM
[04:49:03] [262/445] SBMJ
[04:49:04] [263/445] CBMU
[04:49:05] [264/445] IUBS
[04:49:06] [265/445] INAP
[04:49:07] [266/445] SRRC
[04:49:08] [267/445] SAGR
[04:49:08] 🔄 Identity reset
[04:49:08] 🔄 Identity rotated (every 10 requests)
[04:49:09] [268/445] CPMJ
[04:49:09] [269/445] ATJL
[04:49:10] [270/445] NNTD
[04:49:11] [271/445] JHCJ
[04:49:12] [272/445] CMMP
[04:49:13] [273/445] RSDR
[04:49:14] [274/445] AMTI
[04:49:15] [275/445] NYSG
[04:49:16] [276/445] AVSG
[04:49:16] [277/445] SYTP
[04:49:17] 🔄 Identity reset
[04:49:17] 🔄 Identity rotated (every 10 requests)
[04:49:17] [278/445] LARC
[04:49:18] [279/445] RJTP
[04:49:19] [280/445] LAKC
[04:49:20] [281/445] MCXE
[04:49:21] [282/445] CCZC
[04:49:23] [283/445] AVCH
[04:49:24] [284/445] CMBE
[04:49:25] [285/445] MRRC
[04:49:26] [286/445] PCPY
[04:49:27] [287/445] SRMH
[04:49:27] 🔄 Identity reset
[04:49:27] 🔄 Identity rotated (every 10 requests)
[04:49:27] [288/445] SVGS
[04:49:28] [289/445] PCSE
[04:49:29] [290/445] SVFT
[04:49:30] [291/445] TNZP
[04:49:31] [292/445] ICTP
[04:49:32] [293/445] ACTZ
[04:49:33] [294/445] GTUR
[04:49:34] [295/445] MAFC
[04:49:35] [296/445] MINL
[04:49:35] [297/445] MRCL
[04:49:36] 🔄 Identity reset
[04:49:36] 🔄 Identity rotated (every 10 requests)
[04:49:36] [298/445] RCRP
[04:49:37] [299/445] RFFG
[04:49:38] [300/445] RMAS
[04:49:39] [301/445] INVR
[04:49:40] [302/445] RMAR
[04:49:41] [303/445] CNIS
[04:49:42] [304/445] RHRJ
[04:49:43] [305/445] INXR
[04:49:44] [306/445] VALT
[04:49:45] [307/445] LCSH
[04:49:45] 🔄 Identity reset
[04:49:45] 🔄 Identity rotated (every 10 requests)
[04:49:46] [308/445] CMVS
[04:49:47] [309/445] CNMS
[04:49:48] [310/445] ROOG
[04:49:48] [311/445] ISRM
[04:49:49] [312/445] RCRM
[04:49:50] [313/445] ACJA
[04:49:51] [314/445] RCVS
[04:49:52] [315/445] CPUS
[04:49:53] [316/445] TGCS
[04:49:54] [317/445] RKCJ
[04:49:55] 🔄 Identity reset
[04:49:55] 🔄 Identity rotated (every 10 requests)
[04:49:55] [318/445] MKSB
[04:49:56] [319/445] TCSJ
[04:49:58] [320/445] RMGP
[04:49:59] [321/445] CLLP
[04:50:00] [322/445] RCMV
[04:50:00] [323/445] CCKS
[04:50:01] [324/445] RSRP
[04:50:02] [325/445] APLP
[04:50:03] [326/445] CNVS
[04:50:04] [327/445] RMVY
[04:50:04] 🔄 Identity reset
[04:50:04] 🔄 Identity rotated (every 10 requests)
[04:50:05] [328/445] PGBD
[04:50:06] [329/445] KLMS
[04:50:07] [330/445] RUST
[04:50:08] [331/445] MASM
[04:50:09] [332/445] BACS
[04:50:10] [333/445] BWST
[04:50:10] [334/445] RRFH
[04:50:11] [335/445] SJTM
[04:50:12] [336/445] BEMR
[04:50:13] [337/445] MCGR
[04:50:14] 🔄 Identity reset
[04:50:14] 🔄 Identity rotated (every 10 requests)
[04:50:15] [338/445] SDSK
[04:50:16] [339/445] VBOL
[04:50:17] [340/445] RMGM
[04:50:18] [341/445] NOPL
[04:50:18] [342/445] MKJK
[04:50:19] [343/445] CVRN
[04:50:20] [344/445] MMEN
[04:50:21] [345/445] AMNG
[04:50:22] [346/445] INTM
[04:50:24] [347/445] SLCZ
[04:50:24] 🔄 Identity reset
[04:50:24] 🔄 Identity rotated (every 10 requests)
[04:50:25] [348/445] AMJN
[04:50:26] [349/445] ACJN
[04:50:26] [350/445] AMKN
[04:50:27] [351/445] BTCN
[04:50:28] [352/445] AMBT
[04:50:30] [353/445] PACN
[04:50:31] [354/445] LCNS
[04:50:32] [355/445] PPKC
[04:50:32] [356/445] JYYN
[04:50:33] [357/445] JTNR
[04:50:34] 🔄 Identity reset
[04:50:34] 🔄 Identity rotated (every 10 requests)
[04:50:34] [358/445] GTEE
[04:50:35] [359/445] SRNM
[04:50:36] [360/445] SDTC
[04:50:37] [361/445] VPCA
[04:50:38] [362/445] VLRA
[04:50:39] [363/445] SHKR
[04:50:40] [364/445] SBKD
[04:50:41] [365/445] SAAD
[04:50:42] [366/445] JTGN
[04:50:43] [367/445] SLAM
[04:50:44] 🔄 Identity reset
[04:50:44] 🔄 Identity rotated (every 10 requests)
[04:50:44] [368/445] VTPM
[04:50:45] [369/445] ANPT
[04:50:46] [370/445] PUNB
[04:50:48] [371/445] CPKT
[04:50:48] [372/445] CNWE
[04:50:49] [373/445] ECPP
[04:50:50] [374/445] CPAR
[04:50:51] [375/445] ESBW
[04:50:53] [376/445] PKPU
[04:50:53] [377/445] CPRP
[04:50:54] 🔄 Identity reset
[04:50:54] 🔄 Identity rotated (every 10 requests)
[04:50:55] [378/445] RAHU
[04:50:55] [379/445] RHMN
[04:50:56] [380/445] FMJP
[04:50:58] [381/445] CTMP
[04:50:59] [382/445] INPN
[04:51:00] [383/445] STTG
[04:51:01] [384/445] CTRD
[04:51:02] [385/445] PUVB
[04:51:03] [386/445] ESVP
[04:51:04] [387/445] CPFT
[04:51:05] 🔄 Identity reset
[04:51:05] 🔄 Identity rotated (every 10 requests)
[04:51:06] [388/445] LCPC
[04:51:07] [389/445] VBCT
[04:51:08] [390/445] FSCW
[04:51:21] 🔄 Retry 1/5 for FSCW in 2.8s
[04:51:21] 🔄 Identity reset
[04:51:24] 🧠 New identity created
[04:51:29] [391/445] VCMP
[04:51:30] [392/445] ASHC
[04:51:31] [393/445] VLCX
[04:51:32] [394/445] SHEV
[04:51:33] [395/445] APCO
[04:51:34] [396/445] SILC
[04:51:34] 🔄 Identity reset
[04:51:34] 🔄 Identity rotated (every 10 requests)
[04:51:35] [397/445] SNMR
[04:51:35] [398/445] KYBO
[04:51:36] [399/445] SATK
[04:51:38] [400/445] SSCS
[04:51:39] [401/445] CLSB
[04:51:40] [402/445] KMJR
[04:51:41] [403/445] FSCK
[04:51:42] [404/445] NNKA
[04:51:43] [405/445] CLMK
[04:51:44] [406/445] DMPZ
[04:51:44] 🔄 Identity reset
[04:51:45] 🔄 Identity rotated (every 10 requests)
[04:51:45] [407/445] INQM
[04:51:46] [408/445] CAML
[04:51:48] [409/445] INRK
[04:51:49] [410/445] IMKN
[04:51:50] [411/445] SVNR
[04:51:50] [412/445] INSL
[04:51:51] [413/445] MSMA
[04:51:53] [414/445] MCKK
[04:51:54] [415/445] FCHP
[04:51:55] [416/445] SFCR
[04:51:55] 🔄 Identity reset
[04:51:55] 🔄 Identity rotated (every 10 requests)
[04:51:55] [417/445] NACK
[04:51:56] [418/445] PVAK
[04:51:58] [419/445] INER
[04:51:59] [420/445] RDBK
[04:52:00] [421/445] SVFN
[04:52:01] [422/445] IFRM
[04:52:01] [423/445] ATCK
[04:52:02] [424/445] ASKO
[04:52:03] [425/445] STKT
[04:52:04] [426/445] SVFB
[04:52:05] 🔄 Identity reset
[04:52:05] 🔄 Identity rotated (every 10 requests)
[04:52:05] [427/445] INKS
[04:52:06] [428/445] PCRA
[04:52:07] [429/445] ATJA
[04:52:08] [430/445] IMJN
[04:52:09] [431/445] INHD
[04:52:10] [432/445] BARA
[04:52:10] [433/445] MCSL
[04:52:11] [434/445] RTOY
[04:52:12] [435/445] MENO
[04:52:13] [436/445] PUDM
[04:52:14] 🔄 Identity reset
[04:52:14] 🔄 Identity rotated (every 10 requests)
[04:52:14] [437/445] PRCN
[04:52:15] [438/445] JMJR
[04:52:16] [439/445] SSGK
[04:52:17] [440/445] SSRL
[04:52:17] [441/445] JYKL
[04:52:18] [442/445] ACNB
[04:52:19] [443/445] SONP
[04:52:21] [444/445] EMCI
[04:52:22] [445/445] MRJH
[04:52:23] 🧹 Deduping shows
[04:52:23] ✅ DONE | Shows=384 | Movies=28
[21:46:27] 🚀 SCRIPT STARTED (enhanced anti‑detection)
[21:46:27] [1/445] TGMR
[21:46:27] 🧠 New identity created
[21:46:28] [2/445] CXKR
[21:46:29] [3/445] SROP
[21:46:29] [4/445] GTSV
[21:46:30] [5/445] SNTY
[21:46:31] [6/445] SMYY
[21:46:32] [7/445] CNCS
[21:46:33] [8/445] CSTM
[21:46:35] [9/445] NUCD
[21:46:36] [10/445] SHCZ
[21:46:36] 🔄 Identity reset
[21:46:36] 🔄 Identity rotated (every 10 requests)
[21:46:36] 🔄 Retry 1/5 for SHCZ in 2.3s
[21:46:36] 🔄 Identity reset
[21:46:39] 🧠 New identity created
[21:46:39] [11/445] NJCT
[21:46:40] [12/445] COPC
[21:46:42] [13/445] STVV
[21:46:42] [14/445] SKRN
[21:46:43] [15/445] APPZ
[21:46:44] [16/445] YMGN
[21:46:45] [17/445] SVTU
[21:46:46] [18/445] GTAD
[21:46:47] [19/445] PSUS
[21:46:48] 🔄 Identity reset
[21:46:48] 🔄 Identity rotated (every 10 requests)
[21:46:48] [20/445] SMCD
[21:46:49] [21/445] CMCM
[21:46:50] [22/445] SYCT
[21:46:51] [23/445] STLY
[21:46:52] [24/445] CMHU
[21:46:52] [25/445] CMSA
[21:46:53] [26/445] CLCU
[21:46:54] [27/445] PPNT
[21:46:55] [28/445] JTAB
[21:46:56] [29/445] BUUC
[21:46:57] 🔄 Identity reset
[21:46:57] 🔄 Identity rotated (every 10 requests)
[21:46:57] [30/445] BSVK
[21:46:59] [31/445] VVVQ
[21:47:00] [32/445] TKMU
[21:47:01] [33/445] ESYL
[21:47:01] [34/445] ACHP
[21:47:02] [35/445] BTKD
[21:47:03] [36/445] DESA
[21:47:04] [37/445] GBCT
[21:47:05] [38/445] BLLD
[21:47:06] [39/445] SKNT
[21:47:06] 🔄 Identity reset
[21:47:06] 🔄 Identity rotated (every 10 requests)
[21:47:07] [40/445] SSTE
[21:47:08] [41/445] VJMR
[21:47:08] [42/445] NTPU
[21:47:09] [43/445] RDKN
[21:47:10] [44/445] ADGC
[21:47:12] [45/445] VRBP
[21:47:14] [46/445] NMNA
[21:47:14] [47/445] CMMX
[21:47:15] [48/445] PTKO
[21:47:17] [49/445] RBML
[21:47:18] 🔄 Identity reset
[21:47:18] 🔄 Identity rotated (every 10 requests)
[21:47:19] [50/445] SAIC
[21:47:20] [51/445] SVTJ
[21:47:21] [52/445] MRTE
[21:47:21] [53/445] RBTP
[21:47:22] [54/445] NLPS
[21:47:23] [55/445] GTNA
[21:47:24] [56/445] DGGC
[21:47:25] [57/445] SMCR
[21:47:26] [58/445] SCGD
[21:47:27] [59/445] SRRJ
[21:47:27] 🔄 Identity reset
[21:47:27] 🔄 Identity rotated (every 10 requests)
[21:47:28] [60/445] CNRY
[21:47:28] [61/445] KTDI
[21:47:29] [62/445] SNJL
[21:47:30] [63/445] RKMD
[21:47:31] [64/445] SMDC
[21:47:32] [65/445] TADG
[21:47:33] [66/445] MCGS
[21:47:34] [67/445] PETK
[21:47:34] [68/445] CHAG
[21:47:35] [69/445] KSTL
[21:47:36] 🔄 Identity reset
[21:47:36] 🔄 Identity rotated (every 10 requests)
[21:47:36] [70/445] AADS
[21:47:37] [71/445] NTHZ
[21:47:38] [72/445] HCKI
[21:47:39] [73/445] SSEF
[21:47:40] [74/445] MCGX
[21:47:40] [75/445] ERRA
[21:47:41] [76/445] SDTW
[21:47:42] [77/445] RMPK
[21:47:44] [78/445] PTHK
[21:47:45] [79/445] PXCS
[21:47:45] 🔄 Identity reset
[21:47:45] 🔄 Identity rotated (every 10 requests)
[21:47:46] [80/445] SVLU
[21:47:47] [81/445] STAH
[21:47:48] [82/445] JRGF
[21:47:48] [83/445] CDOK
[21:47:49] [84/445] CMSG
[21:47:50] [85/445] APTD
[21:47:51] [86/445] KMPG
[21:47:52] [87/445] MUTJ
[21:47:53] [88/445] VCCI
[21:47:54] [89/445] URBE
[21:47:54] 🔄 Identity reset
[21:47:55] 🔄 Identity rotated (every 10 requests)
[21:47:55] [90/445] TCTS
[21:47:56] [91/445] STSN
[21:47:57] [92/445] AKCH
[21:47:58] [93/445] APSC
[21:47:59] [94/445] VLTB
[21:48:00] [95/445] SANU
[21:48:00] [96/445] AXAM
[21:48:01] [97/445] MGMG
[21:48:02] [98/445] HTBY
[21:48:03] [99/445] MMZS
[21:48:03] 🔄 Identity reset
[21:48:03] 🔄 Identity rotated (every 10 requests)
[21:48:04] [100/445] SUDR
[21:48:05] [101/445] CCAD
[21:48:06] [102/445] SKKC
[21:48:06] [103/445] RMCD
[21:48:07] [104/445] SBCQ
[21:48:08] [105/445] DCCT
[21:48:09] [106/445] VTKP
[21:48:11] [107/445] MLAM
[21:48:12] [108/445] SAVT
[21:48:13] [109/445] GEPL
[21:48:13] 🔄 Identity reset
[21:48:13] 🔄 Identity rotated (every 10 requests)
[21:48:14] [110/445] AMCD
[21:48:15] [111/445] CCXR
[21:48:16] [112/445] GRNG
[21:48:17] [113/445] EBCA
[21:48:18] [114/445] CNVG
[21:48:18] [115/445] MWSS
[21:48:19] [116/445] VBOR
[21:48:20] [117/445] NEEB
[21:48:21] [118/445] SUTH
[21:48:22] [119/445] ANDB
[21:48:23] 🔄 Identity reset
[21:48:23] 🔄 Identity rotated (every 10 requests)
[21:48:23] [120/445] MMXS
[21:48:24] [121/445] CNPD
[21:48:25] [122/445] SDCE
[21:48:26] [123/445] DHCB
[21:48:27] [124/445] ODEN
[21:48:28] [125/445] TNTC
[21:48:29] [126/445] VBKM
[21:48:30] [127/445] RZYM
[21:48:31] [128/445] JEMC
[21:48:32] [129/445] CMAU
[21:48:33] 🔄 Identity reset
[21:48:33] 🔄 Identity rotated (every 10 requests)
[21:48:33] [130/445] SIVP
[21:48:34] [131/445] ATAG
[21:48:35] [132/445] CHTM
[21:48:36] [133/445] AAEE
[21:48:36] [134/445] IWPM
[21:48:37] [135/445] KCMW
[21:48:38] [136/445] MCTD
[21:48:39] [137/445] SPWR
[21:48:40] [138/445] SDPO
[21:48:41] [139/445] PCSK
[21:48:42] 🔄 Identity reset
[21:48:42] 🔄 Identity rotated (every 10 requests)
[21:48:42] [140/445] ACHV
[21:48:43] [141/445] SVLA
[21:48:44] [142/445] PICT
[21:48:45] [143/445] BXDR
[21:48:46] [144/445] SPWA
[21:48:47] [145/445] MCKO
[21:48:49] [146/445] RTHK
[21:48:49] [147/445] CCMF
[21:48:50] [148/445] MRGB
[21:48:51] [149/445] CPLC
[21:48:51] 🔄 Identity reset
[21:48:51] 🔄 Identity rotated (every 10 requests)
[21:48:52] 🔄 Retry 1/5 for CPLC in 2.5s
[21:48:52] 🔄 Identity reset
[21:48:54] 🧠 New identity created
[21:48:54] [150/445] RACD
[21:48:55] [151/445] ATKT
[21:48:56] [152/445] SARN
[21:48:57] [153/445] KKUI
[21:48:58] [154/445] RGCM
[21:48:59] [155/445] BRVP
[21:49:00] [156/445] HRSR
[21:49:01] [157/445] GKGM
[21:49:02] [158/445] TTCD
[21:49:02] 🔄 Identity reset
[21:49:02] 🔄 Identity rotated (every 10 requests)
[21:49:03] [159/445] PTTI
[21:49:03] [160/445] MPTT
[21:49:04] [161/445] CVTT
[21:49:05] [162/445] PCXD
[21:49:06] [163/445] GCDC
[21:49:07] [164/445] CCCF
[21:49:08] [165/445] MRAD
[21:49:08] [166/445] CPLK
[21:49:09] [167/445] SATB
[21:49:10] [168/445] SNVG
[21:49:11] 🔄 Identity reset
[21:49:11] 🔄 Identity rotated (every 10 requests)
[21:49:11] [169/445] JMBA
[21:49:12] [170/445] TEJA
[21:49:13] [171/445] STYO
[21:49:14] [172/445] JTBP
[21:49:14] [173/445] KRGD
[21:49:15] [174/445] SLJJ
[21:49:16] [175/445] SPTJ
[21:49:17] [176/445] SWJG
[21:49:18] [177/445] LKRT
[21:49:19] [178/445] KCKA
[21:49:19] 🔄 Identity reset
[21:49:20] 🔄 Identity rotated (every 10 requests)
[21:49:20] [179/445] SNCR
[21:49:21] [180/445] SMKL
[21:49:22] [181/445] GCFA
[21:49:23] [182/445] DDCK
[21:49:24] [183/445] NCHJ
[21:49:24] [184/445] RDMA
[21:49:26] [185/445] SVSV
[21:49:27] [186/445] SCJG
[21:49:28] [187/445] VKLP
[21:49:29] [188/445] NWCC
[21:49:29] 🔄 Identity reset
[21:49:29] 🔄 Identity rotated (every 10 requests)
[21:49:29] [189/445] VKNS
[21:49:30] [190/445] SDDP
[21:49:32] [191/445] ACSI
[21:49:32] [192/445] SATG
[21:49:33] [193/445] SCMW
[21:49:34] [194/445] LKTK
[21:49:35] [195/445] VCKV
[21:49:36] [196/445] KKPE
[21:49:37] [197/445] KIGH
[21:49:38] [198/445] SRPM
[21:49:39] 🔄 Identity reset
[21:49:39] 🔄 Identity rotated (every 10 requests)
[21:49:39] [199/445] SCAH
[21:49:40] [200/445] MUTA
[21:49:41] [201/445] SEPU
[21:49:42] [202/445] INOA
[21:49:43] [203/445] BASK
[21:49:45] [204/445] NECB
[21:49:46] [205/445] GTTG
[21:49:46] [206/445] ASSA
[21:49:47] [207/445] ANCL
[21:49:48] [208/445] GCTI
[21:49:49] 🔄 Identity reset
[21:49:49] 🔄 Identity rotated (every 10 requests)
[21:49:49] [209/445] RCTS
[21:49:50] [210/445] ACNL
[21:49:51] [211/445] MYCT
[21:49:52] [212/445] NMHT
[21:49:52] [213/445] MDIT
[21:49:53] [214/445] LATG
[21:49:54] [215/445] SMTY
[21:49:55] [216/445] CVCT
[21:49:56] [217/445] RAMB
[21:49:57] [218/445] TGMS
[21:49:57] 🔄 Identity reset
[21:49:57] 🔄 Identity rotated (every 10 requests)
[21:49:57] 🔄 Retry 1/5 for TGMS in 2.8s
[21:49:57] 🔄 Identity reset
[21:50:00] 🧠 New identity created
[21:50:00] [219/445] BHEL
[21:50:01] [220/445] SHCT
[21:50:03] [221/445] SVCT
[21:50:05] [222/445] MRIY
[21:50:05] [223/445] SARO
[21:50:07] [224/445] STCT
[21:50:08] [225/445] JKKC
[21:50:10] [226/445] PLTT
[21:50:11] [227/445] SRNT
[21:50:12] 🔄 Identity reset
[21:50:12] 🔄 Identity rotated (every 10 requests)
[21:50:12] [228/445] YAST
[21:50:13] [229/445] PERL
[21:50:14] [230/445] CICM
[21:50:15] [231/445] MMTR
[21:50:16] [232/445] ABTK
[21:50:17] [233/445] ATYY
[21:50:18] [234/445] ASTK
[21:50:19] [235/445] VVCK
[21:50:20] [236/445] ATKY
[21:50:21] [237/445] GWEK
[21:50:22] 🔄 Identity reset
[21:50:22] 🔄 Identity rotated (every 10 requests)
[21:50:22] 🔄 Retry 1/5 for GWEK in 2.9s
[21:50:22] 🔄 Identity reset
[21:50:25] 🧠 New identity created
[21:50:25] [238/445] SVFH
[21:50:26] [239/445] SLTA
[21:50:27] [240/445] AASH
[21:50:28] [241/445] ACXB
[21:50:28] [242/445] SMTX
[21:50:29] [243/445] AZDH
[21:50:30] [244/445] CMMH
[21:50:31] [245/445] SCSZ
[21:50:32] [246/445] SCKP
[21:50:33] 🔄 Identity reset
[21:50:33] 🔄 Identity rotated (every 10 requests)
[21:50:33] 🔄 Retry 1/5 for SCKP in 2.1s
[21:50:33] 🔄 Identity reset
[21:50:35] 🧠 New identity created
[21:50:35] [247/445] NXTM
[21:50:36] [248/445] NWCS
[21:50:37] [249/445] CXMH
[21:50:38] [250/445] PCMA
[21:50:39] [251/445] SGCM
[21:50:40] [252/445] SDTU
[21:50:41] [253/445] MMVI
[21:50:42] [254/445] JKCM
[21:50:42] [255/445] VCMM
[21:50:43] 🔄 Identity reset
[21:50:43] 🔄 Identity rotated (every 10 requests)
[21:50:43] [256/445] SYEE
[21:50:44] [257/445] VASD
[21:50:45] [258/445] BDRB
[21:50:46] [259/445] LASM
[21:50:47] [260/445] DCRL
[21:50:47] [261/445] DVPM
[21:50:48] [262/445] SBMJ
[21:50:50] [263/445] CBMU
[21:50:51] [264/445] IUBS
[21:50:52] [265/445] INAP
[21:50:52] 🔄 Identity reset
[21:50:52] 🔄 Identity rotated (every 10 requests)
[21:50:52] 🔄 Retry 1/5 for INAP in 2.6s
[21:50:52] 🔄 Identity reset
[21:50:55] 🧠 New identity created
[21:50:55] [266/445] SRRC
[21:50:56] [267/445] SAGR
[21:50:57] [268/445] CPMJ
[21:50:58] [269/445] ATJL
[21:50:59] [270/445] NNTD
[21:51:00] [271/445] JHCJ
[21:51:01] [272/445] CMMP
[21:51:03] [273/445] RSDR
[21:51:04] [274/445] AMTI
[21:51:04] 🔄 Identity reset
[21:51:04] 🔄 Identity rotated (every 10 requests)
[21:51:05] [275/445] NYSG
[21:51:06] [276/445] AVSG
[21:51:07] [277/445] SYTP
[21:51:07] [278/445] LARC
[21:51:08] [279/445] RJTP
[21:51:09] [280/445] LAKC
[21:51:10] [281/445] MCXE
[21:51:11] [282/445] CCZC
[21:51:12] [283/445] AVCH
[21:51:13] [284/445] CMBE
[21:51:14] 🔄 Identity reset
[21:51:14] 🔄 Identity rotated (every 10 requests)
[21:51:15] [285/445] MRRC
[21:51:16] [286/445] PCPY
[21:51:16] [287/445] SRMH
[21:51:17] [288/445] SVGS
[21:51:18] [289/445] PCSE
[21:51:19] [290/445] SVFT
[21:51:20] [291/445] TNZP
[21:51:21] [292/445] ICTP
[21:51:22] [293/445] ACTZ
[21:51:23] [294/445] GTUR
[21:51:24] 🔄 Identity reset
[21:51:24] 🔄 Identity rotated (every 10 requests)
[21:51:25] [295/445] MAFC
[21:51:25] [296/445] MINL
[21:51:26] [297/445] MRCL
[21:51:27] [298/445] RCRP
[21:51:28] [299/445] RFFG
[21:51:30] [300/445] RMAS
[21:51:30] [301/445] INVR
[21:51:31] [302/445] RMAR
[21:51:32] [303/445] CNIS
[21:51:33] [304/445] RHRJ
[21:51:34] 🔄 Identity reset
[21:51:34] 🔄 Identity rotated (every 10 requests)
[21:51:34] 🔄 Retry 1/5 for RHRJ in 2.8s
[21:51:34] 🔄 Identity reset
[21:51:37] 🧠 New identity created
[21:51:37] [305/445] INXR
[21:51:38] [306/445] VALT
[21:51:39] [307/445] LCSH
[21:51:40] [308/445] CMVS
[21:51:40] [309/445] CNMS
[21:51:41] [310/445] ROOG
[21:51:42] [311/445] ISRM
[21:51:43] [312/445] RCRM
[21:51:45] [313/445] ACJA
[21:51:45] 🔄 Identity reset
[21:51:45] 🔄 Identity rotated (every 10 requests)
[21:51:46] [314/445] RCVS
[21:51:47] [315/445] CPUS
[21:51:48] [316/445] TGCS
[21:51:49] [317/445] RKCJ
[21:51:49] [318/445] MKSB
[21:51:50] [319/445] TCSJ
[21:51:51] [320/445] RMGP
[21:51:52] [321/445] CLLP
[21:51:53] [322/445] RCMV
[21:51:54] [323/445] CCKS
[21:51:54] 🔄 Identity reset
[21:51:54] 🔄 Identity rotated (every 10 requests)
[21:51:56] [324/445] RSRP
[21:51:57] [325/445] APLP
[21:51:57] [326/445] CNVS
[21:51:58] [327/445] RMVY
[21:51:59] [328/445] PGBD
[21:52:00] [329/445] KLMS
[21:52:01] [330/445] RUST
[21:52:02] [331/445] MASM
[21:52:02] [332/445] BACS
[21:52:03] [333/445] BWST
[21:52:04] 🔄 Identity reset
[21:52:04] 🔄 Identity rotated (every 10 requests)
[21:52:05] [334/445] RRFH
[21:52:06] [335/445] SJTM
[21:52:07] [336/445] BEMR
[21:52:07] [337/445] MCGR
[21:52:08] [338/445] SDSK
[21:52:09] [339/445] VBOL
[21:52:10] [340/445] RMGM
[21:52:11] [341/445] NOPL
[21:52:12] [342/445] MKJK
[21:52:13] [343/445] CVRN
[21:52:13] 🔄 Identity reset
[21:52:13] 🔄 Identity rotated (every 10 requests)
[21:52:13] [344/445] MMEN
[21:52:14] [345/445] AMNG
[21:52:15] [346/445] INTM
[21:52:16] [347/445] SLCZ
[21:52:17] [348/445] AMJN
[21:52:18] [349/445] ACJN
[21:52:19] [350/445] AMKN
[21:52:20] [351/445] BTCN
[21:52:20] [352/445] AMBT
[21:52:21] [353/445] PACN
[21:52:22] 🔄 Identity reset
[21:52:22] 🔄 Identity rotated (every 10 requests)
[21:52:22] [354/445] LCNS
[21:52:23] [355/445] PPKC
[21:52:24] [356/445] JYYN
[21:52:25] [357/445] JTNR
[21:52:26] [358/445] GTEE
[21:52:27] [359/445] SRNM
[21:52:28] [360/445] SDTC
[21:52:29] [361/445] VPCA
[21:52:30] [362/445] VLRA
[21:52:30] [363/445] SHKR
[21:52:31] 🔄 Identity reset
[21:52:31] 🔄 Identity rotated (every 10 requests)
[21:52:31] [364/445] SBKD
[21:52:32] [365/445] SAAD
[21:52:33] [366/445] JTGN
[21:52:34] [367/445] SLAM
[21:52:35] [368/445] VTPM
[21:52:35] [369/445] ANPT
[21:52:36] [370/445] PUNB
[21:52:37] [371/445] CPKT
[21:52:38] [372/445] CNWE
[21:52:38] [373/445] ECPP
[21:52:39] 🔄 Identity reset
[21:52:39] 🔄 Identity rotated (every 10 requests)
[21:52:39] [374/445] CPAR
[21:52:40] [375/445] ESBW
[21:52:41] [376/445] PKPU
[21:52:42] [377/445] CPRP
[21:52:43] [378/445] RAHU
[21:52:44] [379/445] RHMN
[21:52:45] [380/445] FMJP
[21:52:46] [381/445] CTMP
[21:52:46] [382/445] INPN
[21:52:47] [383/445] STTG
[21:52:48] 🔄 Identity reset
[21:52:48] 🔄 Identity rotated (every 10 requests)
[21:52:48] [384/445] CTRD
[21:52:49] [385/445] PUVB
[21:52:50] [386/445] ESVP
[21:52:52] [387/445] CPFT
[21:52:53] [388/445] LCPC
[21:52:54] [389/445] VBCT
[21:52:56] [390/445] FSCW
[21:52:57] [391/445] VCMP
[21:52:58] [392/445] ASHC
[21:52:59] [393/445] VLCX
[21:53:00] 🔄 Identity reset
[21:53:00] 🔄 Identity rotated (every 10 requests)
[21:53:00] [394/445] SHEV
[21:53:01] [395/445] APCO
[21:53:02] [396/445] SILC
[21:53:03] [397/445] SNMR
[21:53:04] [398/445] KYBO
[21:53:05] [399/445] SATK
[21:53:06] [400/445] SSCS
[21:53:07] [401/445] CLSB
[21:53:08] [402/445] KMJR
[21:53:08] [403/445] FSCK
[21:53:09] 🔄 Identity reset
[21:53:09] 🔄 Identity rotated (every 10 requests)
[21:53:10] [404/445] NNKA
[21:53:11] [405/445] CLMK
[21:53:12] [406/445] DMPZ
[21:53:12] [407/445] INQM
[21:53:13] [408/445] CAML
[21:53:14] [409/445] INRK
[21:53:15] [410/445] IMKN
[21:53:16] [411/445] SVNR
[21:53:17] [412/445] INSL
[21:53:17] [413/445] MSMA
[21:53:18] 🔄 Identity reset
[21:53:18] 🔄 Identity rotated (every 10 requests)
[21:53:18] [414/445] MCKK
[21:53:19] [415/445] FCHP
[21:53:21] [416/445] SFCR
[21:53:22] [417/445] NACK
[21:53:22] [418/445] PVAK
[21:53:23] [419/445] INER
[21:53:24] [420/445] RDBK
[21:53:25] [421/445] SVFN
[21:53:26] [422/445] IFRM
[21:53:27] [423/445] ATCK
[21:53:27] 🔄 Identity reset
[21:53:27] 🔄 Identity rotated (every 10 requests)
[21:53:28] [424/445] ASKO
[21:53:28] [425/445] STKT
[21:53:29] [426/445] SVFB
[21:53:30] [427/445] INKS
[21:53:31] [428/445] PCRA
[21:53:32] [429/445] ATJA
[21:53:33] [430/445] IMJN
[21:53:34] [431/445] INHD
[21:53:35] [432/445] BARA
[21:53:35] [433/445] MCSL
[21:53:36] 🔄 Identity reset
[21:53:36] 🔄 Identity rotated (every 10 requests)
[21:53:36] [434/445] RTOY
[21:53:37] [435/445] MENO
[21:53:38] [436/445] PUDM
[21:53:39] [437/445] PRCN
[21:53:39] [438/445] JMJR
[21:53:40] [439/445] SSGK
[21:53:41] [440/445] SSRL
[21:53:42] [441/445] JYKL
[21:53:43] [442/445] ACNB
[21:53:44] [443/445] SONP
[21:53:45] 🔄 Identity reset
[21:53:45] 🔄 Identity rotated (every 10 requests)
[21:53:46] [444/445] EMCI
[21:53:47] [445/445] MRJH
[21:53:48] 🧹 Deduping shows
[21:53:48] ✅ DONE | Shows=669 | Movies=35
[06:20:24] 🚀 SCRIPT STARTED (enhanced anti‑detection)
[06:20:24] [1/445] TGMR
[06:20:24] 🧠 New identity created
[06:20:25] [2/445] CXKR
[06:20:27] [3/445] SROP
[06:20:27] [4/445] GTSV
[06:20:29] [5/445] SNTY
[06:20:30] [6/445] SMYY
[06:20:31] [7/445] CNCS
[06:20:32] [8/445] CSTM
[06:20:34] [9/445] NUCD
[06:20:36] [10/445] SHCZ
[06:20:36] 🔄 Identity reset
[06:20:36] 🔄 Identity rotated (every 10 requests)
[06:20:36] [11/445] NJCT
[06:20:37] [12/445] COPC
[06:20:38] [13/445] STVV
[06:20:39] [14/445] SKRN
[06:20:40] [15/445] APPZ
[06:20:41] [16/445] YMGN
[06:20:42] [17/445] SVTU
[06:20:43] [18/445] GTAD
[06:20:44] [19/445] PSUS
[06:20:45] [20/445] SMCD
[06:20:46] 🔄 Identity reset
[06:20:46] 🔄 Identity rotated (every 10 requests)
[06:20:46] [21/445] CMCM
[06:20:47] [22/445] SYCT
[06:20:48] [23/445] STLY
[06:20:48] [24/445] CMHU
[06:20:50] [25/445] CMSA
[06:20:51] [26/445] CLCU
[06:20:52] [27/445] PPNT
[06:20:53] [28/445] JTAB
[06:20:55] [29/445] BUUC
[06:20:56] [30/445] BSVK
[06:20:56] 🔄 Identity reset
[06:20:56] 🔄 Identity rotated (every 10 requests)
[06:20:57] [31/445] VVVQ
[06:20:58] [32/445] TKMU
[06:20:58] [33/445] ESYL
[06:20:59] [34/445] ACHP
[06:21:00] [35/445] BTKD
[06:21:01] [36/445] DESA
[06:21:03] [37/445] GBCT
[06:21:04] [38/445] BLLD
[06:21:05] [39/445] SKNT
[06:21:05] [40/445] SSTE
[06:21:06] 🔄 Identity reset
[06:21:06] 🔄 Identity rotated (every 10 requests)
[06:21:06] [41/445] VJMR
[06:21:07] [42/445] NTPU
[06:21:09] [43/445] RDKN
[06:21:10] [44/445] ADGC
[06:21:11] [45/445] VRBP
[06:21:13] [46/445] NMNA
[06:21:14] [47/445] CMMX
[06:21:15] [48/445] PTKO
[06:21:16] [49/445] RBML
[06:21:17] [50/445] SAIC
[06:21:18] 🔄 Identity reset
[06:21:18] 🔄 Identity rotated (every 10 requests)
[06:21:19] [51/445] SVTJ
[06:21:20] [52/445] MRTE
[06:21:21] [53/445] RBTP
[06:21:22] [54/445] NLPS
[06:21:23] [55/445] GTNA
[06:21:24] [56/445] DGGC
[06:21:25] [57/445] SMCR
[06:21:26] [58/445] SCGD
[06:21:28] [59/445] SRRJ
[06:21:29] [60/445] CNRY
[06:21:29] 🔄 Identity reset
[06:21:29] 🔄 Identity rotated (every 10 requests)
[06:21:29] [61/445] KTDI
[06:21:30] [62/445] SNJL
[06:21:32] [63/445] RKMD
[06:21:33] [64/445] SMDC
[06:21:34] [65/445] TADG
[06:21:35] [66/445] MCGS
[06:21:37] [67/445] PETK
[06:21:37] [68/445] CHAG
[06:21:38] [69/445] KSTL
[06:21:39] [70/445] AADS
[06:21:40] 🔄 Identity reset
[06:21:40] 🔄 Identity rotated (every 10 requests)
[06:21:40] 🔄 Retry 1/5 for AADS in 2.2s
[06:21:40] 🔄 Identity reset
[06:21:42] 🧠 New identity created
[06:21:43] [71/445] NTHZ
[06:21:44] [72/445] HCKI
[06:21:46] [73/445] SSEF
[06:21:47] [74/445] MCGX
[06:21:48] [75/445] ERRA
[06:21:49] [76/445] SDTW
[06:21:50] [77/445] RMPK
[06:21:51] [78/445] PTHK
[06:21:52] [79/445] PXCS
[06:21:53] 🔄 Identity reset
[06:21:53] 🔄 Identity rotated (every 10 requests)
[06:21:53] [80/445] SVLU
[06:21:54] [81/445] STAH
[06:21:54] [82/445] JRGF
[06:21:55] [83/445] CDOK
[06:21:56] [84/445] CMSG
[06:21:57] [85/445] APTD
[06:21:58] [86/445] KMPG
[06:21:59] [87/445] MUTJ
[06:22:01] [88/445] VCCI
[06:22:02] [89/445] URBE
[06:22:02] 🔄 Identity reset
[06:22:02] 🔄 Identity rotated (every 10 requests)
[06:22:02] [90/445] TCTS
[06:22:03] [91/445] STSN
[06:22:04] [92/445] AKCH
[06:22:04] [93/445] APSC
[06:22:05] [94/445] VLTB
[06:22:06] [95/445] SANU
[06:22:07] [96/445] AXAM
[06:22:08] [97/445] MGMG
[06:22:10] [98/445] HTBY
[06:22:11] [99/445] MMZS
[06:22:12] 🔄 Identity reset
[06:22:12] 🔄 Identity rotated (every 10 requests)
[06:22:12] [100/445] SUDR
[06:22:13] [101/445] CCAD
[06:22:14] [102/445] SKKC
[06:22:15] [103/445] RMCD
[06:22:17] [104/445] SBCQ
[06:22:18] [105/445] DCCT
[06:22:20] [106/445] VTKP
[06:22:21] [107/445] MLAM
[06:22:22] [108/445] SAVT
[06:22:24] [109/445] GEPL
[06:22:24] 🔄 Identity reset
[06:22:24] 🔄 Identity rotated (every 10 requests)
[06:22:25] [110/445] AMCD
[06:22:26] [111/445] CCXR
[06:22:27] [112/445] GRNG
[06:22:27] [113/445] EBCA
[06:22:29] [114/445] CNVG
[06:22:30] [115/445] MWSS
[06:22:31] [116/445] VBOR
[06:22:31] [117/445] NEEB
[06:22:33] [118/445] SUTH
[06:22:34] [119/445] ANDB
[06:22:34] 🔄 Identity reset
[06:22:34] 🔄 Identity rotated (every 10 requests)
[06:22:35] [120/445] MMXS
[06:22:36] [121/445] CNPD
[06:22:36] [122/445] SDCE
[06:22:37] [123/445] DHCB
[06:22:38] [124/445] ODEN
[06:22:39] [125/445] TNTC
[06:22:40] [126/445] VBKM
[06:22:41] [127/445] RZYM
[06:22:42] [128/445] JEMC
[06:22:43] [129/445] CMAU
[06:22:43] 🔄 Identity reset
[06:22:44] 🔄 Identity rotated (every 10 requests)
[06:22:44] [130/445] SIVP
[06:22:46] [131/445] ATAG
[06:22:47] [132/445] CHTM
[06:22:47] [133/445] AAEE
[06:22:48] [134/445] IWPM
[06:22:49] [135/445] KCMW
[06:22:50] [136/445] MCTD
[06:22:51] [137/445] SPWR
[06:22:52] [138/445] SDPO
[06:22:53] [139/445] PCSK
[06:22:53] 🔄 Identity reset
[06:22:53] 🔄 Identity rotated (every 10 requests)
[06:22:54] [140/445] ACHV
[06:22:55] [141/445] SVLA
[06:22:56] [142/445] PICT
[06:22:57] [143/445] BXDR
[06:22:58] [144/445] SPWA
[06:22:59] [145/445] MCKO
[06:23:00] [146/445] RTHK
[06:23:00] [147/445] CCMF
[06:23:01] [148/445] MRGB
[06:23:02] [149/445] CPLC
[06:23:03] 🔄 Identity reset
[06:23:03] 🔄 Identity rotated (every 10 requests)
[06:23:04] [150/445] RACD
[06:23:06] [151/445] ATKT
[06:23:07] [152/445] SARN
[06:23:08] [153/445] KKUI
[06:23:09] [154/445] RGCM
[06:23:10] [155/445] BRVP
[06:23:11] [156/445] HRSR
[06:23:12] [157/445] GKGM
[06:23:13] [158/445] TTCD
[06:23:15] [159/445] PTTI
[06:23:15] 🔄 Identity reset
[06:23:16] 🔄 Identity rotated (every 10 requests)
[06:23:16] [160/445] MPTT
[06:23:17] [161/445] CVTT
[06:23:18] [162/445] PCXD
[06:23:20] [163/445] GCDC
[06:23:22] [164/445] CCCF
[06:23:22] [165/445] MRAD
[06:23:24] [166/445] CPLK
[06:23:25] [167/445] SATB
[06:23:26] [168/445] SNVG
[06:23:28] [169/445] JMBA
[06:23:28] 🔄 Identity reset
[06:23:28] 🔄 Identity rotated (every 10 requests)
[06:23:29] [170/445] TEJA
[06:23:30] [171/445] STYO
[06:23:31] [172/445] JTBP
[06:23:32] [173/445] KRGD
[06:23:33] [174/445] SLJJ
[06:23:34] [175/445] SPTJ
[06:23:36] [176/445] SWJG
[06:23:36] [177/445] LKRT
[06:23:37] [178/445] KCKA
[06:23:38] [179/445] SNCR
[06:23:39] 🔄 Identity reset
[06:23:39] 🔄 Identity rotated (every 10 requests)
[06:23:40] [180/445] SMKL
[06:23:41] [181/445] GCFA
[06:23:42] [182/445] DDCK
[06:23:43] [183/445] NCHJ
[06:23:45] [184/445] RDMA
[06:23:46] [185/445] SVSV
[06:23:48] [186/445] SCJG
[06:23:49] [187/445] VKLP
[06:23:50] [188/445] NWCC
[06:23:52] [189/445] VKNS
[06:23:53] 🔄 Identity reset
[06:23:53] 🔄 Identity rotated (every 10 requests)
[06:23:53] [190/445] SDDP
[06:23:55] [191/445] ACSI
[06:23:56] [192/445] SATG
[06:23:57] [193/445] SCMW
[06:23:58] [194/445] LKTK
[06:24:00] [195/445] VCKV
[06:24:01] [196/445] KKPE
[06:24:03] [197/445] KIGH
[06:24:04] [198/445] SRPM
[06:24:06] [199/445] SCAH
[06:24:07] 🔄 Identity reset
[06:24:07] 🔄 Identity rotated (every 10 requests)
[06:24:07] [200/445] MUTA
[06:24:08] [201/445] SEPU
[06:24:09] [202/445] INOA
[06:24:10] [203/445] BASK
[06:24:11] [204/445] NECB
[06:24:13] [205/445] GTTG
[06:24:14] [206/445] ASSA
[06:24:15] [207/445] ANCL
[06:24:17] [208/445] GCTI
[06:24:18] [209/445] RCTS
[06:24:19] 🔄 Identity reset
[06:24:19] 🔄 Identity rotated (every 10 requests)
[06:24:19] [210/445] ACNL
[06:24:21] [211/445] MYCT
[06:24:22] [212/445] NMHT
[06:24:23] [213/445] MDIT
[06:24:25] [214/445] LATG
[06:24:26] [215/445] SMTY
[06:24:28] [216/445] CVCT
[06:24:29] [217/445] RAMB
[06:24:30] [218/445] TGMS
[06:24:31] [219/445] BHEL
[06:24:32] 🔄 Identity reset
[06:24:32] 🔄 Identity rotated (every 10 requests)
[06:24:33] [220/445] SHCT
[06:24:34] [221/445] SVCT
[06:24:35] [222/445] MRIY
[06:24:36] [223/445] SARO
[06:24:38] [224/445] STCT
[06:24:39] [225/445] JKKC
[06:24:39] [226/445] PLTT
[06:24:40] [227/445] SRNT
[06:24:41] [228/445] YAST
[06:24:42] [229/445] PERL
[06:24:43] 🔄 Identity reset
[06:24:43] 🔄 Identity rotated (every 10 requests)
[06:24:44] [230/445] CICM
[06:24:45] [231/445] MMTR
[06:24:46] [232/445] ABTK
[06:24:48] [233/445] ATYY
[06:24:49] [234/445] ASTK
[06:24:50] [235/445] VVCK
[06:24:51] [236/445] ATKY
[06:24:53] [237/445] GWEK
[06:24:55] [238/445] SVFH
[06:24:56] [239/445] SLTA
[06:24:56] 🔄 Identity reset
[06:24:56] 🔄 Identity rotated (every 10 requests)
[06:24:57] [240/445] AASH
[06:24:57] [241/445] ACXB
[06:24:58] [242/445] SMTX
[06:24:59] [243/445] AZDH
[06:25:01] [244/445] CMMH
[06:25:01] [245/445] SCSZ
[06:25:03] [246/445] SCKP
[06:25:05] [247/445] NXTM
[06:25:06] [248/445] NWCS
[06:25:07] [249/445] CXMH
[06:25:08] 🔄 Identity reset
[06:25:08] 🔄 Identity rotated (every 10 requests)
[06:25:08] [250/445] PCMA
[06:25:10] [251/445] SGCM
[06:25:11] [252/445] SDTU
[06:25:12] [253/445] MMVI
[06:25:13] [254/445] JKCM
[06:25:14] [255/445] VCMM
[06:25:16] [256/445] SYEE
[06:25:17] [257/445] VASD
[06:25:18] [258/445] BDRB
[06:25:19] [259/445] LASM
[06:25:20] 🔄 Identity reset
[06:25:20] 🔄 Identity rotated (every 10 requests)
[06:25:20] [260/445] DCRL
[06:25:21] [261/445] DVPM
[06:25:22] [262/445] SBMJ
[06:25:23] [263/445] CBMU
[06:25:24] [264/445] IUBS
[06:25:25] [265/445] INAP
[06:25:26] [266/445] SRRC
[06:25:27] [267/445] SAGR
[06:25:29] [268/445] CPMJ
[06:25:30] [269/445] ATJL
[06:25:31] 🔄 Identity reset
[06:25:31] 🔄 Identity rotated (every 10 requests)
[06:25:32] [270/445] NNTD
[06:25:33] [271/445] JHCJ
[06:25:35] [272/445] CMMP
[06:25:36] [273/445] RSDR
[06:25:37] [274/445] AMTI
[06:25:38] [275/445] NYSG
[06:25:39] [276/445] AVSG
[06:25:40] [277/445] SYTP
[06:25:41] [278/445] LARC
[06:25:43] [279/445] RJTP
[06:25:44] 🔄 Identity reset
[06:25:44] 🔄 Identity rotated (every 10 requests)
[06:25:44] [280/445] LAKC
[06:25:45] [281/445] MCXE
[06:25:46] [282/445] CCZC
[06:25:47] [283/445] AVCH
[06:25:49] [284/445] CMBE
[06:25:51] [285/445] MRRC
[06:25:51] [286/445] PCPY
[06:25:52] [287/445] SRMH
[06:25:53] [288/445] SVGS
[06:25:55] [289/445] PCSE
[06:25:56] 🔄 Identity reset
[06:25:56] 🔄 Identity rotated (every 10 requests)
[06:25:56] 🔄 Retry 1/5 for PCSE in 3.0s
[06:25:56] 🔄 Identity reset
[06:25:59] 🧠 New identity created
[06:25:59] [290/445] SVFT
[06:26:00] [291/445] TNZP
[06:26:01] [292/445] ICTP
[06:26:03] [293/445] ACTZ
[06:26:04] [294/445] GTUR
[06:26:05] [295/445] MAFC
[06:26:06] [296/445] MINL
[06:26:08] [297/445] MRCL
[06:26:08] [298/445] RCRP
[06:26:09] 🔄 Identity reset
[06:26:09] 🔄 Identity rotated (every 10 requests)
[06:26:10] [299/445] RFFG
[06:26:11] [300/445] RMAS
[06:26:12] [301/445] INVR
[06:26:13] [302/445] RMAR
[06:26:14] [303/445] CNIS
[06:26:16] [304/445] RHRJ
[06:26:17] [305/445] INXR
[06:26:18] [306/445] VALT
[06:26:19] [307/445] LCSH
[06:26:21] [308/445] CMVS
[06:26:21] 🔄 Identity reset
[06:26:21] 🔄 Identity rotated (every 10 requests)
[06:26:22] [309/445] CNMS
[06:26:24] [310/445] ROOG
[06:26:25] [311/445] ISRM
[06:26:26] [312/445] RCRM
[06:26:27] [313/445] ACJA
[06:26:28] [314/445] RCVS
[06:26:29] [315/445] CPUS
[06:26:30] [316/445] TGCS
[06:26:31] [317/445] RKCJ
[06:26:32] [318/445] MKSB
[06:26:33] 🔄 Identity reset
[06:26:33] 🔄 Identity rotated (every 10 requests)
[06:26:33] [319/445] TCSJ
[06:26:34] [320/445] RMGP
[06:26:35] [321/445] CLLP
[06:26:37] [322/445] RCMV
[06:26:38] [323/445] CCKS
[06:26:39] [324/445] RSRP
[06:26:40] [325/445] APLP
[06:26:41] [326/445] CNVS
[06:26:42] [327/445] RMVY
[06:26:44] [328/445] PGBD
[06:26:44] 🔄 Identity reset
[06:26:44] 🔄 Identity rotated (every 10 requests)
[06:26:45] [329/445] KLMS
[06:26:46] [330/445] RUST
[06:26:47] [331/445] MASM
[06:26:47] [332/445] BACS
[06:26:48] [333/445] BWST
[06:26:50] [334/445] RRFH
[06:26:51] [335/445] SJTM
[06:26:53] [336/445] BEMR
[06:26:54] [337/445] MCGR
[06:26:55] [338/445] SDSK
[06:26:56] 🔄 Identity reset
[06:26:56] 🔄 Identity rotated (every 10 requests)
[06:26:56] [339/445] VBOL
[06:26:57] [340/445] RMGM
[06:26:58] [341/445] NOPL
[06:26:59] [342/445] MKJK
[06:27:00] [343/445] CVRN
[06:27:01] [344/445] MMEN
[06:27:02] [345/445] AMNG
[06:27:03] [346/445] INTM
[06:27:04] [347/445] SLCZ
[06:27:05] [348/445] AMJN
[06:27:05] 🔄 Identity reset
[06:27:05] 🔄 Identity rotated (every 10 requests)
[06:27:06] [349/445] ACJN
[06:27:07] [350/445] AMKN
[06:27:08] [351/445] BTCN
[06:27:09] [352/445] AMBT
[06:27:10] [353/445] PACN
[06:27:11] [354/445] LCNS
[06:27:12] [355/445] PPKC
[06:27:13] [356/445] JYYN
[06:27:14] [357/445] JTNR
[06:27:15] [358/445] GTEE
[06:27:15] 🔄 Identity reset
[06:27:15] 🔄 Identity rotated (every 10 requests)
[06:27:16] [359/445] SRNM
[06:27:17] [360/445] SDTC
[06:27:18] [361/445] VPCA
[06:27:19] [362/445] VLRA
[06:27:19] [363/445] SHKR
[06:27:20] [364/445] SBKD
[06:27:21] [365/445] SAAD
[06:27:22] [366/445] JTGN
[06:27:24] [367/445] SLAM
[06:27:25] [368/445] VTPM
[06:27:25] 🔄 Identity reset
[06:27:25] 🔄 Identity rotated (every 10 requests)
[06:27:26] [369/445] ANPT
[06:27:27] [370/445] PUNB
[06:27:27] [371/445] CPKT
[06:27:28] [372/445] CNWE
[06:27:29] [373/445] ECPP
[06:27:30] [374/445] CPAR
[06:27:31] [375/445] ESBW
[06:27:32] [376/445] PKPU
[06:27:33] [377/445] CPRP
[06:27:34] [378/445] RAHU
[06:27:35] 🔄 Identity reset
[06:27:35] 🔄 Identity rotated (every 10 requests)
[06:27:36] [379/445] RHMN
[06:27:37] [380/445] FMJP
[06:27:38] [381/445] CTMP
[06:27:40] [382/445] INPN
[06:27:41] [383/445] STTG
[06:27:42] [384/445] CTRD
[06:27:43] [385/445] PUVB
[06:27:43] [386/445] ESVP
[06:27:44] [387/445] CPFT
[06:27:45] [388/445] LCPC
[06:27:46] 🔄 Identity reset
[06:27:46] 🔄 Identity rotated (every 10 requests)
[06:27:46] [389/445] VBCT
[06:27:47] [390/445] FSCW
[06:27:48] [391/445] VCMP
[06:27:49] [392/445] ASHC
[06:27:50] [393/445] VLCX
[06:27:51] [394/445] SHEV
[06:27:52] [395/445] APCO
[06:27:53] [396/445] SILC
[06:27:54] [397/445] SNMR
[06:27:55] [398/445] KYBO
[06:27:55] 🔄 Identity reset
[06:27:55] 🔄 Identity rotated (every 10 requests)
[06:27:56] [399/445] SATK
[06:27:58] [400/445] SSCS
[06:27:59] [401/445] CLSB
[06:28:00] [402/445] KMJR
[06:28:01] [403/445] FSCK
[06:28:02] [404/445] NNKA
[06:28:03] [405/445] CLMK
[06:28:04] [406/445] DMPZ
[06:28:06] [407/445] INQM
[06:28:07] [408/445] CAML
[06:28:07] 🔄 Identity reset
[06:28:07] 🔄 Identity rotated (every 10 requests)
[06:28:08] [409/445] INRK
[06:28:09] [410/445] IMKN
[06:28:10] [411/445] SVNR
[06:28:11] [412/445] INSL
[06:28:11] [413/445] MSMA
[06:28:12] [414/445] MCKK
[06:28:13] [415/445] FCHP
[06:28:14] [416/445] SFCR
[06:28:15] [417/445] NACK
[06:28:16] [418/445] PVAK
[06:28:17] 🔄 Identity reset
[06:28:17] 🔄 Identity rotated (every 10 requests)
[06:28:17] [419/445] INER
[06:28:18] [420/445] RDBK
[06:28:19] [421/445] SVFN
[06:28:21] [422/445] IFRM
[06:28:22] [423/445] ATCK
[06:28:23] [424/445] ASKO
[06:28:24] [425/445] STKT
[06:28:24] [426/445] SVFB
[06:28:25] [427/445] INKS
[06:28:26] [428/445] PCRA
[06:28:27] 🔄 Identity reset
[06:28:27] 🔄 Identity rotated (every 10 requests)
[06:28:27] [429/445] ATJA
[06:28:28] [430/445] IMJN
[06:28:30] [431/445] INHD
[06:28:31] [432/445] BARA
[06:28:33] [433/445] MCSL
[06:28:34] [434/445] RTOY
[06:28:35] [435/445] MENO
[06:28:35] [436/445] PUDM
[06:28:37] [437/445] PRCN
[06:28:38] [438/445] JMJR
[06:28:39] 🔄 Identity reset
[06:28:39] 🔄 Identity rotated (every 10 requests)
[06:28:39] [439/445] SSGK
[06:28:41] [440/445] SSRL
[06:28:42] [441/445] JYKL
[06:28:43] [442/445] ACNB
[06:28:45] [443/445] SONP
[06:28:46] [444/445] EMCI
[06:28:48] [445/445] MRJH
[06:28:49] 🧹 Deduping shows
[06:28:49] ✅ DONE | Shows=811 | Movies=38
[00:02:16] 🚀 SCRIPT STARTED
[00:02:16] [1/445] TGMR
[00:02:16] 🧠 New identity created
[00:02:17] [2/445] CXKR
[00:02:18] [3/445] SROP
[00:02:19] [4/445] GTSV
[00:02:20] [5/445] SNTY
[00:02:21] [6/445] SMYY
[00:02:22] [7/445] CNCS
[00:02:23] [8/445] CSTM
[00:02:24] [9/445] NUCD
[00:02:25] [10/445] SHCZ
[00:02:25] 🔄 Identity reset
[00:02:25] 🔄 Identity rotated (every 10 requests)
[00:02:25] 🔄 Retry 1/5 for SHCZ in 3.0s
[00:02:25] 🔄 Identity reset
[00:02:28] 🧠 New identity created
[00:02:29] [11/445] NJCT
[00:02:30] [12/445] COPC
[00:02:31] [13/445] STVV
[00:02:32] [14/445] SKRN
[00:02:32] [15/445] APPZ
[00:02:33] [16/445] YMGN
[00:02:34] [17/445] SVTU
[00:02:35] [18/445] GTAD
[00:02:36] [19/445] PSUS
[00:02:36] 🔄 Identity reset
[00:02:36] 🔄 Identity rotated (every 10 requests)
[00:02:37] [20/445] SMCD
[00:02:38] [21/445] CMCM
[00:02:39] [22/445] SYCT
[00:02:40] [23/445] STLY
[00:02:41] [24/445] CMHU
[00:02:42] [25/445] CMSA
[00:02:43] [26/445] CLCU
[00:02:44] [27/445] PPNT
[00:02:45] [28/445] JTAB
[00:02:46] [29/445] BUUC
[00:02:46] 🔄 Identity reset
[00:02:46] 🔄 Identity rotated (every 10 requests)
[00:02:46] [30/445] BSVK
[00:02:47] [31/445] VVVQ
[00:02:48] [32/445] TKMU
[00:02:49] [33/445] ESYL
[00:02:50] [34/445] ACHP
[00:02:51] [35/445] BTKD
[00:02:52] [36/445] DESA
[00:02:53] [37/445] GBCT
[00:02:53] [38/445] BLLD
[00:02:54] [39/445] SKNT
[00:02:54] 🔄 Identity reset
[00:02:54] 🔄 Identity rotated (every 10 requests)
[00:02:55] [40/445] SSTE
[00:02:56] [41/445] VJMR
[00:02:57] [42/445] NTPU
[00:02:58] [43/445] RDKN
[00:02:59] [44/445] ADGC
[00:03:00] [45/445] VRBP
[00:03:01] [46/445] NMNA
[00:03:02] [47/445] CMMX
[00:03:03] [48/445] PTKO
[00:03:04] [49/445] RBML
[00:03:04] 🔄 Identity reset
[00:03:04] 🔄 Identity rotated (every 10 requests)
[00:03:05] [50/445] SAIC
[00:03:06] [51/445] SVTJ
[00:03:06] [52/445] MRTE
[00:03:07] [53/445] RBTP
[00:03:09] [54/445] NLPS
[00:03:10] [55/445] GTNA
[00:03:10] [56/445] DGGC
[00:03:11] [57/445] SMCR
[00:03:12] [58/445] SCGD
[00:03:13] [59/445] SRRJ
[00:03:13] 🔄 Identity reset
[00:03:13] 🔄 Identity rotated (every 10 requests)
[00:03:14] [60/445] CNRY
[00:03:16] [61/445] KTDI
[00:03:17] [62/445] SNJL
[00:03:17] [63/445] RKMD
[00:03:18] [64/445] SMDC
[00:03:19] [65/445] TADG
[00:03:21] [66/445] MCGS
[00:03:22] [67/445] PETK
[00:03:23] [68/445] CHAG
[00:03:24] [69/445] KSTL
[00:03:24] 🔄 Identity reset
[00:03:24] 🔄 Identity rotated (every 10 requests)
[00:03:25] [70/445] AADS
[00:03:26] [71/445] NTHZ
[00:03:28] [72/445] HCKI
[00:03:28] [73/445] SSEF
[00:03:29] [74/445] MCGX
[00:03:30] [75/445] ERRA
[00:03:31] [76/445] SDTW
[00:03:32] [77/445] RMPK
[00:03:33] [78/445] PTHK
[00:03:33] [79/445] PXCS
[00:03:33] 🔄 Identity reset
[00:03:33] 🔄 Identity rotated (every 10 requests)
[00:03:34] [80/445] SVLU
[00:03:36] [81/445] STAH
[00:03:36] [82/445] JRGF
[00:03:37] [83/445] CDOK
[00:03:38] [84/445] CMSG
[00:03:40] [85/445] APTD
[00:03:41] [86/445] KMPG
[00:03:42] [87/445] MUTJ
[00:03:43] [88/445] VCCI
[00:03:43] [89/445] URBE
[00:03:43] 🔄 Identity reset
[00:03:43] 🔄 Identity rotated (every 10 requests)
[00:03:44] [90/445] TCTS
[00:03:45] [91/445] STSN
[00:03:46] [92/445] AKCH
[00:03:47] [93/445] APSC
[00:03:47] [94/445] VLTB
[00:03:48] [95/445] SANU
[00:03:49] [96/445] AXAM
[00:03:50] [97/445] MGMG
[00:03:52] [98/445] HTBY
[00:03:53] [99/445] MMZS
[00:03:53] 🔄 Identity reset
[00:03:53] 🔄 Identity rotated (every 10 requests)
[00:03:53] [100/445] SUDR
[00:03:54] [101/445] CCAD
[00:03:55] [102/445] SKKC
[00:03:57] [103/445] RMCD
[00:03:58] [104/445] SBCQ
[00:03:59] [105/445] DCCT
[00:04:00] [106/445] VTKP
[00:04:01] [107/445] MLAM
[00:04:01] [108/445] SAVT
[00:04:02] [109/445] GEPL
[00:04:02] 🔄 Identity reset
[00:04:02] 🔄 Identity rotated (every 10 requests)
[00:04:03] [110/445] AMCD
[00:04:04] [111/445] CCXR
[00:04:05] [112/445] GRNG
[00:04:06] [113/445] EBCA
[00:04:07] [114/445] CNVG
[00:04:08] [115/445] MWSS
[00:04:09] [116/445] VBOR
[00:04:10] [117/445] NEEB
[00:04:11] [118/445] SUTH
[00:04:12] [119/445] ANDB
[00:04:12] 🔄 Identity reset
[00:04:12] 🔄 Identity rotated (every 10 requests)
[00:04:13] [120/445] MMXS
[00:04:14] [121/445] CNPD
[00:04:15] [122/445] SDCE
[00:04:16] [123/445] DHCB
[00:04:17] [124/445] ODEN
[00:04:18] [125/445] TNTC
[00:04:19] [126/445] VBKM
[00:04:20] [127/445] RZYM
[00:04:20] [128/445] JEMC
[00:04:22] [129/445] CMAU
[00:04:22] 🔄 Identity reset
[00:04:22] 🔄 Identity rotated (every 10 requests)
[00:04:23] [130/445] SIVP
[00:04:24] [131/445] ATAG
[00:04:25] [132/445] CHTM
[00:04:26] [133/445] AAEE
[00:04:26] [134/445] IWPM
[00:04:27] [135/445] KCMW
[00:04:28] [136/445] MCTD
[00:04:29] [137/445] SPWR
[00:04:30] [138/445] SDPO
[00:04:31] [139/445] PCSK
[00:04:31] 🔄 Identity reset
[00:04:31] 🔄 Identity rotated (every 10 requests)
[00:04:32] [140/445] ACHV
[00:04:33] [141/445] SVLA
[00:04:34] [142/445] PICT
[00:04:35] [143/445] BXDR
[00:04:35] [144/445] SPWA
[00:04:36] [145/445] MCKO
[00:04:37] [146/445] RTHK
[00:04:38] [147/445] CCMF
[00:04:39] [148/445] MRGB
[00:04:40] [149/445] CPLC
[00:04:40] 🔄 Identity reset
[00:04:40] 🔄 Identity rotated (every 10 requests)
[00:04:40] 🔄 Retry 1/5 for CPLC in 2.1s
[00:04:40] 🔄 Identity reset
[00:04:42] 🧠 New identity created
[00:04:42] 🔄 Retry 2/5 for CPLC in 4.0s
[00:04:42] 🔄 Identity reset
[00:04:46] 🧠 New identity created
[00:04:47] [150/445] RACD
[00:04:48] [151/445] ATKT
[00:04:49] [152/445] SARN
[00:04:50] [153/445] KKUI
[00:04:51] [154/445] RGCM
[00:04:51] [155/445] BRVP
[00:04:52] [156/445] HRSR
[00:04:53] [157/445] GKGM
[00:04:53] 🔄 Identity reset
[00:04:53] 🔄 Identity rotated (every 10 requests)
[00:04:55] [158/445] TTCD
[00:04:56] [159/445] PTTI
[00:04:57] [160/445] MPTT
[00:04:57] [161/445] CVTT
[00:04:58] [162/445] PCXD
[00:04:59] [163/445] GCDC
[00:05:00] [164/445] CCCF
[00:05:01] [165/445] MRAD
[00:05:02] [166/445] CPLK
[00:05:03] [167/445] SATB
[00:05:03] 🔄 Identity reset
[00:05:03] 🔄 Identity rotated (every 10 requests)
[00:05:04] [168/445] SNVG
[00:05:05] [169/445] JMBA
[00:05:06] [170/445] TEJA
[00:05:06] [171/445] STYO
[00:05:07] [172/445] JTBP
[00:05:08] [173/445] KRGD
[00:05:09] [174/445] SLJJ
[00:05:10] [175/445] SPTJ
[00:05:10] [176/445] SWJG
[00:05:12] [177/445] LKRT
[00:05:12] 🔄 Identity reset
[00:05:12] 🔄 Identity rotated (every 10 requests)
[00:05:13] [178/445] KCKA
[00:05:14] [179/445] SNCR
[00:05:15] [180/445] SMKL
[00:05:16] [181/445] GCFA
[00:05:17] [182/445] DDCK
[00:05:17] [183/445] NCHJ
[00:05:18] [184/445] RDMA
[00:05:19] [185/445] SVSV
[00:05:20] [186/445] SCJG
[00:05:21] [187/445] VKLP
[00:05:21] 🔄 Identity reset
[00:05:21] 🔄 Identity rotated (every 10 requests)
[00:05:22] [188/445] NWCC
[00:05:23] [189/445] VKNS
[00:05:24] [190/445] SDDP
[00:05:25] [191/445] ACSI
[00:05:26] [192/445] SATG
[00:05:27] [193/445] SCMW
[00:05:28] [194/445] LKTK
[00:05:29] [195/445] VCKV
[00:05:29] [196/445] KKPE
[00:05:30] [197/445] KIGH
[00:05:30] 🔄 Identity reset
[00:05:30] 🔄 Identity rotated (every 10 requests)
[00:05:30] 🔄 Retry 1/5 for KIGH in 2.7s
[00:05:30] 🔄 Identity reset
[00:05:33] 🧠 New identity created
[00:05:34] [198/445] SRPM
[00:05:35] [199/445] SCAH
[00:05:36] [200/445] MUTA
[00:05:37] [201/445] SEPU
[00:05:38] [202/445] INOA
[00:05:39] [203/445] BASK
[00:05:40] [204/445] NECB
[00:05:41] [205/445] GTTG
[00:05:42] [206/445] ASSA
[00:05:42] 🔄 Identity reset
[00:05:42] 🔄 Identity rotated (every 10 requests)
[00:05:43] [207/445] ANCL
[00:05:43] [208/445] GCTI
[00:05:44] [209/445] RCTS
[00:05:46] [210/445] ACNL
[00:05:47] [211/445] MYCT
[00:05:48] [212/445] NMHT
[00:05:49] [213/445] MDIT
[00:05:50] [214/445] LATG
[00:05:51] [215/445] SMTY
[00:05:52] [216/445] CVCT
[00:05:52] 🔄 Identity reset
[00:05:52] 🔄 Identity rotated (every 10 requests)
[00:05:53] [217/445] RAMB
[00:05:54] [218/445] TGMS
[00:05:55] [219/445] BHEL
[00:05:55] [220/445] SHCT
[00:05:57] [221/445] SVCT
[00:05:58] [222/445] MRIY
[00:05:59] [223/445] SARO
[00:06:00] [224/445] STCT
[00:06:00] [225/445] JKKC
[00:06:02] [226/445] PLTT
[00:06:02] 🔄 Identity reset
[00:06:02] 🔄 Identity rotated (every 10 requests)
[00:06:03] [227/445] SRNT
[00:06:03] [228/445] YAST
[00:06:04] [229/445] PERL
[00:06:05] [230/445] CICM
[00:06:06] [231/445] MMTR
[00:06:07] [232/445] ABTK
[00:06:08] [233/445] ATYY
[00:06:09] [234/445] ASTK
[00:06:09] [235/445] VVCK
[00:06:10] [236/445] ATKY
[00:06:10] 🔄 Identity reset
[00:06:10] 🔄 Identity rotated (every 10 requests)
[00:06:11] [237/445] GWEK
[00:06:12] [238/445] SVFH
[00:06:13] [239/445] SLTA
[00:06:14] [240/445] AASH
[00:06:14] [241/445] ACXB
[00:06:15] [242/445] SMTX
[00:06:16] [243/445] AZDH
[00:06:17] [244/445] CMMH
[00:06:17] [245/445] SCSZ
[00:06:18] [246/445] SCKP
[00:06:18] 🔄 Identity reset
[00:06:18] 🔄 Identity rotated (every 10 requests)
[00:06:20] [247/445] NXTM
[00:06:21] [248/445] NWCS
[00:06:22] [249/445] CXMH
[00:06:22] [250/445] PCMA
[00:06:23] [251/445] SGCM
[00:06:24] [252/445] SDTU
[00:06:25] [253/445] MMVI
[00:06:26] [254/445] JKCM
[00:06:27] [255/445] VCMM
[00:06:27] [256/445] SYEE
[00:06:27] 🔄 Identity reset
[00:06:27] 🔄 Identity rotated (every 10 requests)
[00:06:28] [257/445] VASD
[00:06:30] [258/445] BDRB
[00:06:31] [259/445] LASM
[00:06:32] [260/445] DCRL
[00:06:33] [261/445] DVPM
[00:06:34] [262/445] SBMJ
[00:06:35] [263/445] CBMU
[00:06:36] [264/445] IUBS
[00:06:37] [265/445] INAP
[00:06:37] [266/445] SRRC
[00:06:37] 🔄 Identity reset
[00:06:37] 🔄 Identity rotated (every 10 requests)
[00:06:37] 🔄 Retry 1/5 for SRRC in 2.3s
[00:06:37] 🔄 Identity reset
[00:06:40] 🧠 New identity created
[00:06:41] [267/445] SAGR
[00:06:41] [268/445] CPMJ
[00:06:42] [269/445] ATJL
[00:06:43] [270/445] NNTD
[00:06:44] [271/445] JHCJ
[00:06:45] [272/445] CMMP
[00:06:45] [273/445] RSDR
[00:06:46] [274/445] AMTI
[00:06:47] [275/445] NYSG
[00:06:47] 🔄 Identity reset
[00:06:47] 🔄 Identity rotated (every 10 requests)
[00:06:48] [276/445] AVSG
[00:06:48] [277/445] SYTP
[00:06:49] [278/445] LARC
[00:06:50] [279/445] RJTP
[00:06:51] [280/445] LAKC
[00:06:52] [281/445] MCXE
[00:06:53] [282/445] CCZC
[00:06:53] [283/445] AVCH
[00:06:54] [284/445] CMBE
[00:06:55] [285/445] MRRC
[00:06:55] 🔄 Identity reset
[00:06:55] 🔄 Identity rotated (every 10 requests)
[00:06:56] [286/445] PCPY
[00:06:57] [287/445] SRMH
[00:06:58] [288/445] SVGS
[00:06:59] [289/445] PCSE
[00:07:00] [290/445] SVFT
[00:07:01] [291/445] TNZP
[00:07:02] [292/445] ICTP
[00:07:02] [293/445] ACTZ
[00:07:03] [294/445] GTUR
[00:07:04] [295/445] MAFC
[00:07:04] 🔄 Identity reset
[00:07:04] 🔄 Identity rotated (every 10 requests)
[00:07:05] [296/445] MINL
[00:07:06] [297/445] MRCL
[00:07:07] [298/445] RCRP
[00:07:08] [299/445] RFFG
[00:07:08] [300/445] RMAS
[00:07:09] [301/445] INVR
[00:07:10] [302/445] RMAR
[00:07:12] [303/445] CNIS
[00:07:13] [304/445] RHRJ
[00:07:14] [305/445] INXR
[00:07:14] 🔄 Identity reset
[00:07:14] 🔄 Identity rotated (every 10 requests)
[00:07:15] [306/445] VALT
[00:07:16] [307/445] LCSH
[00:07:17] [308/445] CMVS
[00:07:18] [309/445] CNMS
[00:07:19] [310/445] ROOG
[00:07:20] [311/445] ISRM
[00:07:20] [312/445] RCRM
[00:07:21] [313/445] ACJA
[00:07:22] [314/445] RCVS
[00:07:23] [315/445] CPUS
[00:07:23] 🔄 Identity reset
[00:07:23] 🔄 Identity rotated (every 10 requests)
[00:07:24] [316/445] TGCS
[00:07:25] [317/445] RKCJ
[00:07:25] [318/445] MKSB
[00:07:26] [319/445] TCSJ
[00:07:27] [320/445] RMGP
[00:07:28] [321/445] CLLP
[00:07:29] [322/445] RCMV
[00:07:29] [323/445] CCKS
[00:07:30] [324/445] RSRP
[00:07:31] [325/445] APLP
[00:07:31] 🔄 Identity reset
[00:07:31] 🔄 Identity rotated (every 10 requests)
[00:07:32] [326/445] CNVS
[00:07:33] [327/445] RMVY
[00:07:34] [328/445] PGBD
[00:07:35] [329/445] KLMS
[00:07:36] [330/445] RUST
[00:07:36] [331/445] MASM
[00:07:37] [332/445] BACS
[00:07:38] [333/445] BWST
[00:07:39] [334/445] RRFH
[00:07:40] [335/445] SJTM
[00:07:40] 🔄 Identity reset
[00:07:40] 🔄 Identity rotated (every 10 requests)
[00:07:40] [336/445] BEMR
[00:07:41] [337/445] MCGR
[00:07:42] [338/445] SDSK
[00:07:43] [339/445] VBOL
[00:07:44] [340/445] RMGM
[00:07:45] [341/445] NOPL
[00:07:46] [342/445] MKJK
[00:07:47] [343/445] CVRN
[00:07:48] [344/445] MMEN
[00:07:49] [345/445] AMNG
[00:07:49] 🔄 Identity reset
[00:07:49] 🔄 Identity rotated (every 10 requests)
[00:07:49] [346/445] INTM
[00:07:50] [347/445] SLCZ
[00:07:51] [348/445] AMJN
[00:07:52] [349/445] ACJN
[00:07:52] [350/445] AMKN
[00:07:54] [351/445] BTCN
[00:07:55] [352/445] AMBT
[00:07:55] [353/445] PACN
[00:07:56] [354/445] LCNS
[00:07:57] [355/445] PPKC
[00:07:57] 🔄 Identity reset
[00:07:57] 🔄 Identity rotated (every 10 requests)
[00:07:58] [356/445] JYYN
[00:07:59] [357/445] JTNR
[00:07:59] [358/445] GTEE
[00:08:00] [359/445] SRNM
[00:08:01] [360/445] SDTC
[00:08:01] [361/445] VPCA
[00:08:02] [362/445] VLRA
[00:08:03] [363/445] SHKR
[00:08:04] [364/445] SBKD
[00:08:05] [365/445] SAAD
[00:08:05] 🔄 Identity reset
[00:08:05] 🔄 Identity rotated (every 10 requests)
[00:08:06] [366/445] JTGN
[00:08:07] [367/445] SLAM
[00:08:08] [368/445] VTPM
[00:08:09] [369/445] ANPT
[00:08:10] [370/445] PUNB
[00:08:11] [371/445] CPKT
[00:08:11] [372/445] CNWE
[00:08:12] [373/445] ECPP
[00:08:13] [374/445] CPAR
[00:08:14] [375/445] ESBW
[00:08:14] 🔄 Identity reset
[00:08:14] 🔄 Identity rotated (every 10 requests)
[00:08:14] [376/445] PKPU
[00:08:15] [377/445] CPRP
[00:08:16] [378/445] RAHU
[00:08:17] [379/445] RHMN
[00:08:18] [380/445] FMJP
[00:08:18] [381/445] CTMP
[00:08:19] [382/445] INPN
[00:08:20] [383/445] STTG
[00:08:21] [384/445] CTRD
[00:08:21] [385/445] PUVB
[00:08:21] 🔄 Identity reset
[00:08:21] 🔄 Identity rotated (every 10 requests)
[00:08:22] [386/445] ESVP
[00:08:23] [387/445] CPFT
[00:08:24] [388/445] LCPC
[00:08:24] [389/445] VBCT
[00:08:25] [390/445] FSCW
[00:08:26] [391/445] VCMP
[00:08:27] [392/445] ASHC
[00:08:27] [393/445] VLCX
[00:08:29] [394/445] SHEV
[00:08:30] [395/445] APCO
[00:08:30] 🔄 Identity reset
[00:08:30] 🔄 Identity rotated (every 10 requests)
[00:08:31] [396/445] SILC
[00:08:32] [397/445] SNMR
[00:08:33] [398/445] KYBO
[00:08:34] [399/445] SATK
[00:08:35] [400/445] SSCS
[00:08:36] [401/445] CLSB
[00:08:36] [402/445] KMJR
[00:08:37] [403/445] FSCK
[00:08:37] [404/445] NNKA
[00:08:38] [405/445] CLMK
[00:08:38] 🔄 Identity reset
[00:08:38] 🔄 Identity rotated (every 10 requests)
[00:08:39] [406/445] DMPZ
[00:08:40] [407/445] INQM
[00:08:42] [408/445] CAML
[00:08:42] [409/445] INRK
[00:08:43] [410/445] IMKN
[00:08:44] [411/445] SVNR
[00:08:45] [412/445] INSL
[00:08:45] [413/445] MSMA
[00:08:46] [414/445] MCKK
[00:08:47] [415/445] FCHP
[00:08:47] 🔄 Identity reset
[00:08:47] 🔄 Identity rotated (every 10 requests)
[00:08:48] [416/445] SFCR
[00:08:48] [417/445] NACK
[00:08:49] [418/445] PVAK
[00:08:50] [419/445] INER
[00:08:51] [420/445] RDBK
[00:08:51] [421/445] SVFN
[00:08:52] [422/445] IFRM
[00:08:53] [423/445] ATCK
[00:08:53] [424/445] ASKO
[00:08:54] [425/445] STKT
[00:08:54] 🔄 Identity reset
[00:08:54] 🔄 Identity rotated (every 10 requests)
[00:08:56] [426/445] SVFB
[00:08:57] [427/445] INKS
[00:08:58] [428/445] PCRA
[00:08:59] [429/445] ATJA
[00:08:59] [430/445] IMJN
[00:09:00] [431/445] INHD
[00:09:01] [432/445] BARA
[00:09:02] [433/445] MCSL
[00:09:03] [434/445] RTOY
[00:09:04] [435/445] MENO
[00:09:04] 🔄 Identity reset
[00:09:04] 🔄 Identity rotated (every 10 requests)
[00:09:04] [436/445] PUDM
[00:09:05] [437/445] PRCN
[00:09:06] [438/445] JMJR
[00:09:07] [439/445] SSGK
[00:09:08] [440/445] SSRL
[00:09:08] [441/445] JYKL
[00:09:09] [442/445] ACNB
[00:09:10] [443/445] SONP
[00:09:11] [444/445] EMCI
[00:09:11] [445/445] MRJH
[00:09:11] 🔄 Identity reset
[00:09:11] 🔄 Identity rotated (every 10 requests)
[00:09:12] 🧹 Deduping shows
[00:09:12] ✅ DONE | Shows=1885 | Movies=69
