[09:36:18] 🚀 SCRIPT STARTED (enhanced anti‑detection)
[09:36:18] [1/456] FNDB
[09:36:19] 🧠 New identity created
[09:36:20] [2/456] AMBH
[09:36:21] [3/456] PRHN
[09:36:22] [4/456] ACPM
[09:36:23] [5/456] PVFS
[09:36:24] [6/456] AACN
[09:36:25] [7/456] ACAS
[09:36:25] [8/456] CTNR
[09:36:26] [9/456] MMAH
[09:36:27] [10/456] CPMH
[09:36:28] 🔄 Identity reset
[09:36:28] 🔄 Identity rotated (every 10 requests)
[09:36:28] [11/456] IGMH
[09:36:29] [12/456] ABCS
[09:36:30] [13/456] CMMA
[09:36:31] [14/456] GPRH
[09:36:32] [15/456] PNNG
[09:36:33] [16/456] AMCA
[09:36:34] [17/456] ISTN
[09:36:35] [18/456] PIIC
[09:36:36] [19/456] AHMH
[09:36:37] [20/456] ASHN
[09:36:37] 🔄 Identity reset
[09:36:37] 🔄 Identity rotated (every 10 requests)
[09:36:38] [21/456] INHY
[09:36:39] [22/456] SRMO
[09:36:40] [23/456] PIMH
[09:36:41] [24/456] PVTS
[09:36:42] [25/456] MMCA
[09:36:42] [26/456] AKYJ
[09:36:43] [27/456] BRKH
[09:36:44] [28/456] MAHM
[09:36:45] [29/456] CPHY
[09:36:46] [30/456] PVTP
[09:36:47] 🔄 Identity reset
[09:36:47] 🔄 Identity rotated (every 10 requests)
[09:36:47] [31/456] SMMR
[09:36:48] [32/456] PVHM
[09:36:49] [33/456] SNDY
[09:36:50] [34/456] GOKU
[09:36:51] [35/456] ACEV
[09:36:51] [36/456] PVUM
[09:36:53] [37/456] VSWA
[09:36:54] [38/456] IPRS
[09:36:55] [39/456] BKMV
[09:36:56] [40/456] PVYH
[09:36:56] 🔄 Identity reset
[09:36:56] 🔄 Identity rotated (every 10 requests)
[09:36:57] [41/456] INKM
[09:36:59] [42/456] ARJU
[09:37:00] [43/456] JJPP
[09:37:02] [44/456] SSRM
[09:37:03] [45/456] HMHD
[09:37:04] [46/456] SNKH
[09:37:05] [47/456] ACHI
[09:37:05] [48/456] MRAA
[09:37:06] [49/456] INMH
[09:37:07] [50/456] ARMH
[09:37:08] 🔄 Identity reset
[09:37:08] 🔄 Identity rotated (every 10 requests)
[09:37:08] [51/456] DVRR
[09:37:09] [52/456] SUDA
[09:37:10] [53/456] MCSS
[09:37:11] [54/456] VRKC
[09:37:11] [55/456] PRCX
[09:37:12] [56/456] ASJY
[09:37:13] [57/456] MTHY
[09:37:14] [58/456] SRCM
[09:37:15] [59/456] TVHY
[09:37:16] [60/456] STHD
[09:37:16] 🔄 Identity reset
[09:37:16] 🔄 Identity rotated (every 10 requests)
[09:37:16] [61/456] CPCL
[09:37:17] [62/456] PSMJ
[09:37:18] [63/456] MRGT
[09:37:19] [64/456] ARYH
[09:37:20] [65/456] VTRB
[09:37:21] [66/456] SCHC
[09:37:22] [67/456] MRRG
[09:37:23] [68/456] SPCB
[09:37:24] [69/456] AMCM
[09:37:25] [70/456] IVNM
[09:37:25] 🔄 Identity reset
[09:37:26] 🔄 Identity rotated (every 10 requests)
[09:37:26] [71/456] TRHY
[09:37:27] [72/456] PTTH
[09:37:28] [73/456] RKMH
[09:37:28] [74/456] PRCS
[09:37:29] [75/456] VAJA
[09:37:30] [76/456] BJNG
[09:37:32] [77/456] SCVM
[09:37:33] [78/456] GNHB
[09:37:34] [79/456] TLUR
[09:37:34] [80/456] UKCC
[09:37:35] 🔄 Identity reset
[09:37:35] 🔄 Identity rotated (every 10 requests)
[09:37:35] [81/456] SRKR
[09:37:37] [82/456] RMKN
[09:37:38] [83/456] SLRT
[09:37:38] [84/456] LKMT
[09:37:39] [85/456] SSRJ
[09:37:40] [86/456] SPHT
[09:37:41] [87/456] ANTT
[09:37:42] [88/456] SRCH
[09:37:43] [89/456] SRCA
[09:37:43] [90/456] ARTH
[09:37:44] 🔄 Identity reset
[09:37:44] 🔄 Identity rotated (every 10 requests)
[09:37:44] [91/456] MCBH
[09:37:45] [92/456] SNIB
[09:37:46] [93/456] SART
[09:37:47] [94/456] SKTA
[09:37:48] [95/456] YAKT
[09:37:49] [96/456] MLCK
[09:37:50] [97/456] ANTS
[09:37:51] [98/456] DGCA
[09:37:52] [99/456] SGMP
[09:37:53] [100/456] ASWN
[09:37:53] 🔄 Identity reset
[09:37:53] 🔄 Identity rotated (every 10 requests)
[09:37:54] [101/456] KFVU
[09:37:55] [102/456] POOR
[09:37:56] [103/456] GKDN
[09:37:57] [104/456] EOSE
[09:37:58] [105/456] GTTT
[09:37:59] [106/456] ARRO
[09:38:00] [107/456] CMMK
[09:38:01] [108/456] MSCN
[09:38:02] [109/456] GDKH
[09:38:02] [110/456] DLMT
[09:38:03] 🔄 Identity reset
[09:38:03] 🔄 Identity rotated (every 10 requests)
[09:38:03] [111/456] PVMF
[09:38:04] [112/456] CPCK
[09:38:05] [113/456] VMHE
[09:38:06] [114/456] PVLC
[09:38:07] [115/456] PCVB
[09:38:08] [116/456] SNYK
[09:38:09] [117/456] KTEK
[09:38:11] [118/456] PCNM
[09:38:12] [119/456] NTTR
[09:38:13] [120/456] CPSK
[09:38:14] 🔄 Identity reset
[09:38:14] 🔄 Identity rotated (every 10 requests)
[09:38:14] 🔄 Retry 1/5 for CPSK in 2.0s
[09:38:14] 🔄 Identity reset
[09:38:16] 🧠 New identity created
[09:38:16] [121/456] JMMA
[09:38:17] [122/456] GCFK
[09:38:18] [123/456] MYCA
[09:38:19] [124/456] KSNP
[09:38:20] [125/456] PMCE
[09:38:21] [126/456] SCKI
[09:38:22] [127/456] FSMA
[09:38:23] [128/456] CETA
[09:38:23] [129/456] MCIK
[09:38:24] 🔄 Identity reset
[09:38:24] 🔄 Identity rotated (every 10 requests)
[09:38:24] [130/456] MYCR
[09:38:25] [131/456] EVMP
[09:38:27] [132/456] SSGT
[09:38:28] [133/456] KCTK
[09:38:29] [134/456] ZTKC
[09:38:30] [135/456] MMTA
[09:38:31] [136/456] MAJT
[09:38:31] [137/456] ACPK
[09:38:32] [138/456] JMAX
[09:38:34] [139/456] SETK
[09:38:34] 🔄 Identity reset
[09:38:34] 🔄 Identity rotated (every 10 requests)
[09:38:35] [140/456] CAIS
[09:38:36] [141/456] AGCD
[09:38:36] [142/456] URCL
[09:38:38] [143/456] VTDS
[09:38:39] [144/456] JCNM
[09:38:40] [145/456] KCAM
[09:38:40] [146/456] ADCU
[09:38:41] [147/456] GXYN
[09:38:42] [148/456] SMJG
[09:38:43] [149/456] EYCJ
[09:38:43] 🔄 Identity reset
[09:38:43] 🔄 Identity rotated (every 10 requests)
[09:38:44] [150/456] CCEJ
[09:38:45] [151/456] MARS
[09:38:45] [152/456] CPVJ
[09:38:46] [153/456] INVP
[09:38:47] [154/456] CPOV
[09:38:48] [155/456] VIJK
[09:38:49] [156/456] LAIM
[09:38:50] [157/456] STHV
[09:38:50] [158/456] SVLJ
[09:38:51] [159/456] ATVJ
[09:38:52] 🔄 Identity reset
[09:38:52] 🔄 Identity rotated (every 10 requests)
[09:38:52] [160/456] JTSC
[09:38:53] [161/456] RMTV
[09:38:54] [162/456] MGGG
[09:38:55] [163/456] SWTH
[09:38:56] [164/456] INVJ
[09:38:57] [165/456] PRSV
[09:38:58] [166/456] JATV
[09:38:59] [167/456] RCVD
[09:38:59] [168/456] BDMA
[09:39:00] [169/456] BLJI
[09:39:01] 🔄 Identity reset
[09:39:01] 🔄 Identity rotated (every 10 requests)
[09:39:01] [170/456] SWOT
[09:39:02] [171/456] SWRN
[09:39:03] [172/456] TVRA
[09:39:04] [173/456] NVRN
[09:39:05] [174/456] SIKC
[09:39:06] [175/456] VAKR
[09:39:07] [176/456] SYLN
[09:39:07] [177/456] KLJL
[09:39:08] [178/456] LKMY
[09:39:09] [179/456] VSLY
[09:39:10] 🔄 Identity reset
[09:39:10] 🔄 Identity rotated (every 10 requests)
[09:39:10] [180/456] CIKO
[09:39:11] [181/456] GPBG
[09:39:12] [182/456] CECM
[09:39:13] [183/456] SLKB
[09:39:14] [184/456] MTBO
[09:39:15] [185/456] SSHB
[09:39:16] [186/456] VPCS
[09:39:17] [187/456] RCSR
[09:39:18] [188/456] RJRM
[09:39:19] [189/456] KPPB
[09:39:19] 🔄 Identity reset
[09:39:19] 🔄 Identity rotated (every 10 requests)
[09:39:20] [190/456] SEDC
[09:39:21] [191/456] SCAI
[09:39:22] [192/456] RMTR
[09:39:23] [193/456] ASST
[09:39:24] [194/456] GCAK
[09:39:24] [195/456] ANNK
[09:39:25] [196/456] KDDF
[09:39:26] [197/456] NRDP
[09:39:27] [198/456] PLAK
[09:39:28] [199/456] GCMC
[09:39:28] 🔄 Identity reset
[09:39:29] 🔄 Identity rotated (every 10 requests)
[09:39:29] [200/456] ALPY
[09:39:30] [201/456] SICE
[09:39:31] [202/456] SISR
[09:39:31] [203/456] SRPZ
[09:39:33] [204/456] SRSW
[09:39:34] [205/456] SUYA
[09:39:35] [206/456] AMMT
[09:39:36] [207/456] BHCU
[09:39:37] [208/456] KLPA
[09:39:38] [209/456] NVKH
[09:39:38] 🔄 Identity reset
[09:39:38] 🔄 Identity rotated (every 10 requests)
[09:39:39] [210/456] JMRC
[09:39:40] [211/456] KTTT
[09:39:40] [212/456] MAGH
[09:39:41] [213/456] MMMX
[09:39:42] [214/456] SALJ
[09:39:44] [215/456] GTJA
[09:39:45] [216/456] MAHT
[09:39:46] [217/456] SSNN
[09:39:47] [218/456] ARRP
[09:39:47] [219/456] ATNS
[09:39:48] 🔄 Identity reset
[09:39:48] 🔄 Identity rotated (every 10 requests)
[09:39:48] [220/456] SKDT
[09:39:49] [221/456] ACAT
[09:39:50] [222/456] APRC
[09:39:51] [223/456] SWAG
[09:39:52] [224/456] SDPT
[09:39:53] [225/456] STPS
[09:39:54] [226/456] WWCZ
[09:39:54] [227/456] LLCH
[09:39:56] [228/456] MZHA
[09:39:57] [229/456] CRJG
[09:39:58] 🔄 Identity reset
[09:39:58] 🔄 Identity rotated (every 10 requests)
[09:39:58] [230/456] JGTK
[09:39:59] [231/456] KCSR
[09:40:01] [232/456] CHTL
[09:40:03] [233/456] EDSR
[09:40:04] [234/456] CSWO
[09:40:05] [235/456] CPVM
[09:40:05] [236/456] MXBY
[09:40:06] [237/456] FMMA
[09:40:07] [238/456] POVI
[09:40:08] [239/456] MTHB
[09:40:09] 🔄 Identity reset
[09:40:09] 🔄 Identity rotated (every 10 requests)
[09:40:09] [240/456] INRC
[09:40:10] [241/456] PIPP
[09:40:11] [242/456] BMXC
[09:40:12] [243/456] PCMM
[09:40:13] [244/456] PMKM
[09:40:13] [245/456] GATY
[09:40:14] [246/456] IMCM
[09:40:15] [247/456] POPE
[09:40:16] [248/456] MTCR
[09:40:17] [249/456] PVAE
[09:40:17] 🔄 Identity reset
[09:40:17] 🔄 Identity rotated (every 10 requests)
[09:40:18] [250/456] PVMI
[09:40:19] [251/456] CPNM
[09:40:19] [252/456] FMRL
[09:40:20] [253/456] MCIW
[09:40:21] [254/456] MXBO
[09:40:22] [255/456] FMKY
[09:40:23] [256/456] FMDA
[09:40:24] [257/456] THAB
[09:40:25] [258/456] PRCW
[09:40:26] [259/456] PITI
[09:40:26] 🔄 Identity reset
[09:40:26] 🔄 Identity rotated (every 10 requests)
[09:40:27] [260/456] MCFF
[09:40:27] [261/456] PDDV
[09:40:28] [262/456] MCRM
[09:40:29] [263/456] KKMB
[09:40:30] [264/456] INKO
[09:40:31] [265/456] PLXP
[09:40:32] [266/456] MMHA
[09:40:32] [267/456] FMVS
[09:40:33] [268/456] POLM
[09:40:34] [269/456] STER
[09:40:35] 🔄 Identity reset
[09:40:35] 🔄 Identity rotated (every 10 requests)
[09:40:35] [270/456] PVWJ
[09:40:36] [271/456] IMJW
[09:40:37] [272/456] FNAN
[09:40:37] [273/456] CAGL
[09:40:38] [274/456] IPBG
[09:40:39] [275/456] SMFV
[09:40:40] [276/456] MMMR
[09:40:41] [277/456] MMWM
[09:40:42] [278/456] FNCM
[09:40:43] [279/456] MDVA
[09:40:44] 🔄 Identity reset
[09:40:44] 🔄 Identity rotated (every 10 requests)
[09:40:44] [280/456] MMET
[09:40:45] [281/456] MIDO
[09:40:46] [282/456] INNP
[09:40:47] [283/456] MIFU
[09:40:47] [284/456] MMSZ
[09:40:48] [285/456] BMXA
[09:40:49] [286/456] MCAA
[09:40:50] [287/456] SCVP
[09:40:51] [288/456] PLUS
[09:40:52] [289/456] MUCK
[09:40:53] 🔄 Identity reset
[09:40:53] 🔄 Identity rotated (every 10 requests)
[09:40:53] [290/456] MTMA
[09:40:54] [291/456] HPVR
[09:40:54] [292/456] PMPK
[09:40:55] [293/456] MAJB
[09:40:56] [294/456] CTRR
[09:40:57] [295/456] MCTG
[09:40:58] [296/456] MACE
[09:41:00] [297/456] AAAS
[09:41:00] [298/456] CPVV
[09:41:01] [299/456] RCHG
[09:41:02] 🔄 Identity reset
[09:41:02] 🔄 Identity rotated (every 10 requests)
[09:41:02] [300/456] MCNE
[09:41:03] [301/456] EMNC
[09:41:04] [302/456] MCAN
[09:41:05] [303/456] TCDM
[09:41:06] [304/456] IRGT
[09:41:06] [305/456] GCMG
[09:41:07] [306/456] MXSN
[09:41:08] [307/456] MXCK
[09:41:09] [308/456] MCRC
[09:41:10] [309/456] RSMI
[09:41:10] 🔄 Identity reset
[09:41:10] 🔄 Identity rotated (every 10 requests)
[09:41:11] [310/456] WAML
[09:41:12] [311/456] MTSC
[09:41:13] [312/456] FMDR
[09:41:14] [313/456] LEPV
[09:41:15] [314/456] MTGD
[09:41:16] [315/456] IMOB
[09:41:17] [316/456] CLMM
[09:41:18] [317/456] PZCD
[09:41:19] [318/456] GOCS
[09:41:20] [319/456] KCMA
[09:41:21] 🔄 Identity reset
[09:41:21] 🔄 Identity rotated (every 10 requests)
[09:41:22] [320/456] CCMP
[09:41:23] [321/456] MTSU
[09:41:23] [322/456] SNGL
[09:41:24] [323/456] MMMC
[09:41:25] [324/456] MMAA
[09:41:26] [325/456] GCDM
[09:41:27] [326/456] KTMV
[09:41:28] [327/456] AETE
[09:41:29] [328/456] OMCS
[09:41:29] [329/456] GDCD
[09:41:30] 🔄 Identity reset
[09:41:30] 🔄 Identity rotated (every 10 requests)
[09:41:31] [330/456] NYMD
[09:41:32] [331/456] RNCV
[09:41:33] [332/456] KKMT
[09:41:34] [333/456] GDTH
[09:41:35] [334/456] KMMV
[09:41:36] [335/456] NHCG
[09:41:36] [336/456] PJDW
[09:41:37] [337/456] MMCV
[09:41:38] [338/456] FQSA
[09:41:39] [339/456] KURL
[09:41:40] 🔄 Identity reset
[09:41:40] 🔄 Identity rotated (every 10 requests)
[09:41:40] [340/456] NNNX
[09:41:41] [341/456] AMAU
[09:41:43] [342/456] VVVM
[09:41:43] [343/456] VECU
[09:41:44] [344/456] WCVR
[09:41:46] [345/456] MTGG
[09:41:46] [346/456] SGTG
[09:41:47] [347/456] MNTG
[09:41:48] [348/456] JDDG
[09:41:49] [349/456] MBTK
[09:41:49] 🔄 Identity reset
[09:41:49] 🔄 Identity rotated (every 10 requests)
[09:41:50] [350/456] SGCD
[09:41:51] [351/456] MCTC
[09:41:51] [352/456] JTPC
[09:41:52] [353/456] SDKT
[09:41:53] [354/456] KRCC
[09:41:54] [355/456] RMMD
[09:41:55] [356/456] AAME
[09:41:56] [357/456] TMWC
[09:41:56] [358/456] NRWY
[09:41:57] [359/456] CITD
[09:41:58] 🔄 Identity reset
[09:41:58] 🔄 Identity rotated (every 10 requests)
[09:41:58] [360/456] VERD
[09:41:59] [361/456] MKSK
[09:42:00] [362/456] STSM
[09:42:01] [363/456] MJDG
[09:42:01] [364/456] RKPM
[09:42:02] [365/456] SSCE
[09:42:04] [366/456] VMAE
[09:42:05] [367/456] SBRU
[09:42:05] [368/456] AMBC
[09:42:06] [369/456] AMLU
[09:42:07] 🔄 Identity reset
[09:42:07] 🔄 Identity rotated (every 10 requests)
[09:42:07] [370/456] INVZ
[09:42:08] [371/456] LGTV
[09:42:09] [372/456] SVAD
[09:42:10] [373/456] SMSA
[09:42:11] [374/456] SPCZ
[09:42:13] [375/456] GTCX
[09:42:13] [376/456] SCSL
[09:42:14] [377/456] SAHU
[09:42:15] [378/456] NCDA
[09:42:16] [379/456] SCCG
[09:42:17] 🔄 Identity reset
[09:42:17] 🔄 Identity rotated (every 10 requests)
[09:42:17] [380/456] VKTL
[09:42:18] [381/456] PUUJ
[09:42:19] [382/456] STEJ
[09:42:20] [383/456] RJAL
[09:42:21] [384/456] ACJC
[09:42:22] [385/456] ARVB
[09:42:23] [386/456] AUBB
[09:42:24] [387/456] GDBR
[09:42:25] [388/456] PVND
[09:42:26] [389/456] BGRJ
[09:42:27] 🔄 Identity reset
[09:42:27] 🔄 Identity rotated (every 10 requests)
[09:42:27] [390/456] RJMM
[09:42:28] [391/456] MCSA
[09:42:29] [392/456] BODA
[09:42:30] [393/456] JAGG
[09:42:31] [394/456] SCGA
[09:42:32] [395/456] LRCM
[09:42:33] [396/456] CPCN
[09:42:34] [397/456] SSTF
[09:42:36] [398/456] SRXP
[09:42:36] [399/456] CNFX
[09:42:37] 🔄 Identity reset
[09:42:37] 🔄 Identity rotated (every 10 requests)
[09:42:37] [400/456] ANDI
[09:42:39] [401/456] SYEW
[09:42:40] [402/456] RCRE
[09:42:41] [403/456] SCRW
[09:42:41] [404/456] MBKR
[09:42:42] [405/456] ASNT
[09:42:43] [406/456] JTMT
[09:42:45] [407/456] SHAY
[09:42:46] [408/456] VRTH
[09:42:46] [409/456] SPTI
[09:42:47] 🔄 Identity reset
[09:42:47] 🔄 Identity rotated (every 10 requests)
[09:42:48] [410/456] DPTD
[09:42:49] [411/456] TGSN
[09:42:50] [412/456] RCWV
[09:42:50] [413/456] OCUR
[09:42:51] [414/456] KSTC
[09:42:52] [415/456] SANI
[09:42:53] [416/456] MLCA
[09:42:54] [417/456] EGCA
[09:42:54] [418/456] SYSN
[09:42:55] [419/456] PKTA
[09:42:56] 🔄 Identity reset
[09:42:56] 🔄 Identity rotated (every 10 requests)
[09:42:56] [420/456] PRCC
[09:42:57] [421/456] KSTR
[09:42:58] [422/456] SNTP
[09:42:59] [423/456] RCHA
[09:43:00] [424/456] SEEA
[09:43:01] [425/456] ALAT
[09:43:02] [426/456] AATV
[09:43:03] [427/456] RJTE
[09:43:04] [428/456] AAPP
[09:43:05] [429/456] PMMH
[09:43:05] 🔄 Identity reset
[09:43:05] 🔄 Identity rotated (every 10 requests)
[09:43:06] [430/456] INRJ
[09:43:07] [431/456] SARB
[09:43:08] [432/456] PCJL
[09:43:08] [433/456] PFJJ
[09:43:09] [434/456] GRDC
[09:43:10] [435/456] BCBA
[09:43:11] [436/456] VIXL
[09:43:12] [437/456] CSTL
[09:43:13] [438/456] MTDK
[09:43:13] [439/456] TDAC
[09:43:14] 🔄 Identity reset
[09:43:14] 🔄 Identity rotated (every 10 requests)
[09:43:14] [440/456] GTDN
[09:43:16] [441/456] TTDE
[09:43:17] [442/456] ASTS
[09:43:17] [443/456] CPNS
[09:43:18] [444/456] PVVW
[09:43:19] [445/456] USEB
[09:43:20] [446/456] DTYN
[09:43:22] [447/456] PVLE
[09:43:23] [448/456] CIPS
[09:43:23] [449/456] PAEG
[09:43:24] 🔄 Identity reset
[09:43:24] 🔄 Identity rotated (every 10 requests)
[09:43:24] [450/456] PTCW
[09:43:25] [451/456] G3SR
[09:43:26] [452/456] PGND
[09:43:27] [453/456] INVM
[09:43:28] [454/456] SPIA
[09:43:29] [455/456] PCSN
[09:43:30] [456/456] PPGV
[09:43:31] 🧹 Deduping shows
[09:43:31] ✅ DONE | Shows=184 | Movies=14
[16:35:00] 🚀 SCRIPT STARTED (enhanced anti‑detection)
[16:35:00] [1/456] FNDB
[16:35:01] 🧠 New identity created
[16:35:01] 🔄 Retry 1/5 for FNDB in 2.0s
[16:35:01] 🔄 Identity reset
[16:35:03] 🧠 New identity created
[16:35:04] [2/456] AMBH
[16:35:05] [3/456] PRHN
[16:35:06] [4/456] ACPM
[16:35:06] [5/456] PVFS
[16:35:07] [6/456] AACN
[16:35:08] [7/456] ACAS
[16:35:10] [8/456] CTNR
[16:35:11] [9/456] MMAH
[16:35:11] 🔄 Identity reset
[16:35:11] 🔄 Identity rotated (every 10 requests)
[16:35:12] [10/456] CPMH
[16:35:12] [11/456] IGMH
[16:35:13] [12/456] ABCS
[16:35:14] [13/456] CMMA
[16:35:15] [14/456] GPRH
[16:35:16] [15/456] PNNG
[16:35:17] [16/456] AMCA
[16:35:17] [17/456] ISTN
[16:35:18] [18/456] PIIC
[16:35:19] [19/456] AHMH
[16:35:20] 🔄 Identity reset
[16:35:20] 🔄 Identity rotated (every 10 requests)
[16:35:20] [20/456] ASHN
[16:35:21] [21/456] INHY
[16:35:22] [22/456] SRMO
[16:35:23] [23/456] PIMH
[16:35:24] [24/456] PVTS
[16:35:25] [25/456] MMCA
[16:35:26] [26/456] AKYJ
[16:35:27] [27/456] BRKH
[16:35:28] [28/456] MAHM
[16:35:28] [29/456] CPHY
[16:35:29] 🔄 Identity reset
[16:35:29] 🔄 Identity rotated (every 10 requests)
[16:35:30] [30/456] PVTP
[16:35:31] [31/456] SMMR
[16:35:32] [32/456] PVHM
[16:35:33] [33/456] SNDY
[16:35:34] [34/456] GOKU
[16:35:35] [35/456] ACEV
[16:35:36] [36/456] PVUM
[16:35:37] [37/456] VSWA
[16:35:38] [38/456] IPRS
[16:35:39] [39/456] BKMV
[16:35:40] 🔄 Identity reset
[16:35:40] 🔄 Identity rotated (every 10 requests)
[16:35:40] [40/456] PVYH
[16:35:41] [41/456] INKM
[16:35:42] [42/456] ARJU
[16:35:43] [43/456] JJPP
[16:35:44] [44/456] SSRM
[16:35:45] [45/456] HMHD
[16:35:46] [46/456] SNKH
[16:35:47] [47/456] ACHI
[16:35:47] [48/456] MRAA
[16:35:48] [49/456] INMH
[16:35:49] 🔄 Identity reset
[16:35:49] 🔄 Identity rotated (every 10 requests)
[16:35:49] 🔄 Retry 1/5 for INMH in 2.3s
[16:35:49] 🔄 Identity reset
[16:35:51] 🧠 New identity created
[16:35:51] [50/456] ARMH
[16:35:52] [51/456] DVRR
[16:35:53] [52/456] SUDA
[16:35:54] [53/456] MCSS
[16:35:55] [54/456] VRKC
[16:35:56] [55/456] PRCX
[16:35:56] [56/456] ASJY
[16:35:57] [57/456] MTHY
[16:35:59] [58/456] SRCM
[16:35:59] 🔄 Identity reset
[16:35:59] 🔄 Identity rotated (every 10 requests)
[16:36:00] [59/456] TVHY
[16:36:00] [60/456] STHD
[16:36:01] [61/456] CPCL
[16:36:02] [62/456] PSMJ
[16:36:03] [63/456] MRGT
[16:36:04] [64/456] ARYH
[16:36:05] [65/456] VTRB
[16:36:06] [66/456] SCHC
[16:36:07] [67/456] MRRG
[16:36:08] [68/456] SPCB
[16:36:09] 🔄 Identity reset
[16:36:09] 🔄 Identity rotated (every 10 requests)
[16:36:09] 🔄 Retry 1/5 for SPCB in 2.0s
[16:36:09] 🔄 Identity reset
[16:36:11] 🧠 New identity created
[16:36:11] [69/456] AMCM
[16:36:12] [70/456] IVNM
[16:36:13] [71/456] TRHY
[16:36:14] [72/456] PTTH
[16:36:14] [73/456] RKMH
[16:36:15] [74/456] PRCS
[16:36:16] [75/456] VAJA
[16:36:17] [76/456] BJNG
[16:36:18] [77/456] SCVM
[16:36:18] 🔄 Identity reset
[16:36:19] 🔄 Identity rotated (every 10 requests)
[16:36:19] [78/456] GNHB
[16:36:20] [79/456] TLUR
[16:36:20] [80/456] UKCC
[16:36:21] [81/456] SRKR
[16:36:22] [82/456] RMKN
[16:36:23] [83/456] SLRT
[16:36:24] [84/456] LKMT
[16:36:25] [85/456] SSRJ
[16:36:26] [86/456] SPHT
[16:36:27] [87/456] ANTT
[16:36:27] 🔄 Identity reset
[16:36:27] 🔄 Identity rotated (every 10 requests)
[16:36:27] [88/456] SRCH
[16:36:29] [89/456] SRCA
[16:36:30] [90/456] ARTH
[16:36:31] [91/456] MCBH
[16:36:32] [92/456] SNIB
[16:36:33] [93/456] SART
[16:36:34] [94/456] SKTA
[16:36:35] [95/456] YAKT
[16:36:35] [96/456] MLCK
[16:36:36] [97/456] ANTS
[16:36:37] 🔄 Identity reset
[16:36:37] 🔄 Identity rotated (every 10 requests)
[16:36:37] 🔄 Retry 1/5 for ANTS in 2.0s
[16:36:37] 🔄 Identity reset
[16:36:39] 🧠 New identity created
[16:36:39] 🔄 Retry 2/5 for ANTS in 4.9s
[16:36:39] 🔄 Identity reset
[16:36:44] 🧠 New identity created
[16:36:45] [98/456] DGCA
[16:36:45] [99/456] SGMP
[16:36:46] [100/456] ASWN
[16:36:47] [101/456] KFVU
[16:36:48] [102/456] POOR
[16:36:49] [103/456] GKDN
[16:36:50] [104/456] EOSE
[16:36:50] [105/456] GTTT
[16:36:51] 🔄 Identity reset
[16:36:51] 🔄 Identity rotated (every 10 requests)
[16:36:51] [106/456] ARRO
[16:36:52] [107/456] CMMK
[16:36:53] [108/456] MSCN
[16:36:54] [109/456] GDKH
[16:36:55] [110/456] DLMT
[16:36:56] [111/456] PVMF
[16:36:58] [112/456] CPCK
[16:36:59] [113/456] VMHE
[16:37:00] [114/456] PVLC
[16:37:01] [115/456] PCVB
[16:37:02] 🔄 Identity reset
[16:37:02] 🔄 Identity rotated (every 10 requests)
[16:37:02] [116/456] SNYK
[16:37:03] [117/456] KTEK
[16:37:04] [118/456] PCNM
[16:37:05] [119/456] NTTR
[16:37:05] [120/456] CPSK
[16:37:06] [121/456] JMMA
[16:37:07] [122/456] GCFK
[16:37:08] [123/456] MYCA
[16:37:09] [124/456] KSNP
[16:37:10] [125/456] PMCE
[16:37:10] 🔄 Identity reset
[16:37:10] 🔄 Identity rotated (every 10 requests)
[16:37:11] [126/456] SCKI
[16:37:11] [127/456] FSMA
[16:37:12] [128/456] CETA
[16:37:13] [129/456] MCIK
[16:37:14] [130/456] MYCR
[16:37:15] [131/456] EVMP
[16:37:16] [132/456] SSGT
[16:37:17] [133/456] KCTK
[16:37:19] [134/456] ZTKC
[16:37:20] [135/456] MMTA
[16:37:21] 🔄 Identity reset
[16:37:21] 🔄 Identity rotated (every 10 requests)
[16:37:21] [136/456] MAJT
[16:37:22] [137/456] ACPK
[16:37:23] [138/456] JMAX
[16:37:24] [139/456] SETK
[16:37:25] [140/456] CAIS
[16:37:26] [141/456] AGCD
[16:37:26] [142/456] URCL
[16:37:27] [143/456] VTDS
[16:37:28] [144/456] JCNM
[16:37:29] [145/456] KCAM
[16:37:30] 🔄 Identity reset
[16:37:30] 🔄 Identity rotated (every 10 requests)
[16:37:30] [146/456] ADCU
[16:37:31] [147/456] GXYN
[16:37:32] [148/456] SMJG
[16:37:33] [149/456] EYCJ
[16:37:34] [150/456] CCEJ
[16:37:35] [151/456] MARS
[16:37:35] [152/456] CPVJ
[16:37:36] [153/456] INVP
[16:37:37] [154/456] CPOV
[16:37:38] [155/456] VIJK
[16:37:39] 🔄 Identity reset
[16:37:39] 🔄 Identity rotated (every 10 requests)
[16:37:39] 🔄 Retry 1/5 for VIJK in 3.0s
[16:37:39] 🔄 Identity reset
[16:37:42] 🧠 New identity created
[16:37:42] [156/456] LAIM
[16:37:43] [157/456] STHV
[16:37:44] [158/456] SVLJ
[16:37:45] [159/456] ATVJ
[16:37:45] [160/456] JTSC
[16:37:46] [161/456] RMTV
[16:37:47] [162/456] MGGG
[16:37:48] [163/456] SWTH
[16:37:49] [164/456] INVJ
[16:37:50] 🔄 Identity reset
[16:37:50] 🔄 Identity rotated (every 10 requests)
[16:37:50] [165/456] PRSV
[16:37:51] [166/456] JATV
[16:37:52] [167/456] RCVD
[16:37:52] [168/456] BDMA
[16:37:53] [169/456] BLJI
[16:37:54] [170/456] SWOT
[16:37:55] [171/456] SWRN
[16:37:56] [172/456] TVRA
[16:37:57] [173/456] NVRN
[16:37:58] [174/456] SIKC
[16:37:59] 🔄 Identity reset
[16:37:59] 🔄 Identity rotated (every 10 requests)
[16:37:59] [175/456] VAKR
[16:38:00] [176/456] SYLN
[16:38:01] [177/456] KLJL
[16:38:02] [178/456] LKMY
[16:38:03] [179/456] VSLY
[16:38:04] [180/456] CIKO
[16:38:05] [181/456] GPBG
[16:38:06] [182/456] CECM
[16:38:07] [183/456] SLKB
[16:38:08] [184/456] MTBO
[16:38:08] 🔄 Identity reset
[16:38:08] 🔄 Identity rotated (every 10 requests)
[16:38:08] 🔄 Retry 1/5 for MTBO in 2.1s
[16:38:08] 🔄 Identity reset
[16:38:11] 🧠 New identity created
[16:38:11] [185/456] SSHB
[16:38:12] [186/456] VPCS
[16:38:13] [187/456] RCSR
[16:38:14] [188/456] RJRM
[16:38:14] [189/456] KPPB
[16:38:15] [190/456] SEDC
[16:38:16] [191/456] SCAI
[16:38:18] [192/456] RMTR
[16:38:19] [193/456] ASST
[16:38:19] 🔄 Identity reset
[16:38:19] 🔄 Identity rotated (every 10 requests)
[16:38:20] [194/456] GCAK
[16:38:21] [195/456] ANNK
[16:38:21] [196/456] KDDF
[16:38:22] [197/456] NRDP
[16:38:23] [198/456] PLAK
[16:38:24] [199/456] GCMC
[16:38:25] [200/456] ALPY
[16:38:26] [201/456] SICE
[16:38:26] [202/456] SISR
[16:38:27] [203/456] SRPZ
[16:38:28] 🔄 Identity reset
[16:38:28] 🔄 Identity rotated (every 10 requests)
[16:38:28] [204/456] SRSW
[16:38:29] [205/456] SUYA
[16:38:30] [206/456] AMMT
[16:38:31] [207/456] BHCU
[16:38:33] [208/456] KLPA
[16:38:34] [209/456] NVKH
[16:38:35] [210/456] JMRC
[16:38:36] [211/456] KTTT
[16:38:37] [212/456] MAGH
[16:38:38] [213/456] MMMX
[16:38:38] 🔄 Identity reset
[16:38:38] 🔄 Identity rotated (every 10 requests)
[16:38:39] [214/456] SALJ
[16:38:40] [215/456] GTJA
[16:38:40] [216/456] MAHT
[16:38:41] [217/456] SSNN
[16:38:42] [218/456] ARRP
[16:38:43] [219/456] ATNS
[16:38:44] [220/456] SKDT
[16:38:45] [221/456] ACAT
[16:38:46] [222/456] APRC
[16:38:47] [223/456] SWAG
[16:38:48] 🔄 Identity reset
[16:38:48] 🔄 Identity rotated (every 10 requests)
[16:38:48] [224/456] SDPT
[16:38:49] [225/456] STPS
[16:38:50] [226/456] WWCZ
[16:38:51] [227/456] LLCH
[16:38:52] [228/456] MZHA
[16:38:52] [229/456] CRJG
[16:38:53] [230/456] JGTK
[16:38:55] [231/456] KCSR
[16:38:56] [232/456] CHTL
[16:38:57] [233/456] EDSR
[16:38:57] 🔄 Identity reset
[16:38:57] 🔄 Identity rotated (every 10 requests)
[16:38:58] [234/456] CSWO
[16:38:59] [235/456] CPVM
[16:39:00] [236/456] MXBY
[16:39:01] [237/456] FMMA
[16:39:02] [238/456] POVI
[16:39:02] [239/456] MTHB
[16:39:03] [240/456] INRC
[16:39:04] [241/456] PIPP
[16:39:05] [242/456] BMXC
[16:39:06] [243/456] PCMM
[16:39:07] 🔄 Identity reset
[16:39:07] 🔄 Identity rotated (every 10 requests)
[16:39:07] [244/456] PMKM
[16:39:08] [245/456] GATY
[16:39:08] [246/456] IMCM
[16:39:09] [247/456] POPE
[16:39:11] [248/456] MTCR
[16:39:12] [249/456] PVAE
[16:39:13] [250/456] PVMI
[16:39:13] [251/456] CPNM
[16:39:14] [252/456] FMRL
[16:39:15] [253/456] MCIW
[16:39:16] 🔄 Identity reset
[16:39:16] 🔄 Identity rotated (every 10 requests)
[16:39:16] [254/456] MXBO
[16:39:17] [255/456] FMKY
[16:39:19] [256/456] FMDA
[16:39:20] [257/456] THAB
[16:39:20] [258/456] PRCW
[16:39:21] [259/456] PITI
[16:39:23] [260/456] MCFF
[16:39:24] [261/456] PDDV
[16:39:25] [262/456] MCRM
[16:39:26] [263/456] KKMB
[16:39:26] 🔄 Identity reset
[16:39:26] 🔄 Identity rotated (every 10 requests)
[16:39:27] [264/456] INKO
[16:39:27] [265/456] PLXP
[16:39:29] [266/456] MMHA
[16:39:30] [267/456] FMVS
[16:39:31] [268/456] POLM
[16:39:32] [269/456] STER
[16:39:33] [270/456] PVWJ
[16:39:33] [271/456] IMJW
[16:39:34] [272/456] FNAN
[16:39:35] [273/456] CAGL
[16:39:36] 🔄 Identity reset
[16:39:36] 🔄 Identity rotated (every 10 requests)
[16:39:36] [274/456] IPBG
[16:39:37] [275/456] SMFV
[16:39:39] [276/456] MMMR
[16:39:39] [277/456] MMWM
[16:39:40] [278/456] FNCM
[16:39:41] [279/456] MDVA
[16:39:42] [280/456] MMET
[16:39:43] [281/456] MIDO
[16:39:44] [282/456] INNP
[16:39:44] [283/456] MIFU
[16:39:45] 🔄 Identity reset
[16:39:45] 🔄 Identity rotated (every 10 requests)
[16:39:45] [284/456] MMSZ
[16:39:46] [285/456] BMXA
[16:39:47] [286/456] MCAA
[16:39:48] [287/456] SCVP
[16:39:49] [288/456] PLUS
[16:39:50] [289/456] MUCK
[16:39:51] [290/456] MTMA
[16:39:52] [291/456] HPVR
[16:39:53] [292/456] PMPK
[16:39:54] [293/456] MAJB
[16:39:55] 🔄 Identity reset
[16:39:55] 🔄 Identity rotated (every 10 requests)
[16:39:55] [294/456] CTRR
[16:39:56] [295/456] MCTG
[16:39:57] [296/456] MACE
[16:39:57] [297/456] AAAS
[16:39:58] [298/456] CPVV
[16:39:59] [299/456] RCHG
[16:40:00] [300/456] MCNE
[16:40:00] [301/456] EMNC
[16:40:01] [302/456] MCAN
[16:40:02] [303/456] TCDM
[16:40:03] 🔄 Identity reset
[16:40:03] 🔄 Identity rotated (every 10 requests)
[16:40:03] 🔄 Retry 1/5 for TCDM in 2.7s
[16:40:03] 🔄 Identity reset
[16:40:06] 🧠 New identity created
[16:40:06] [304/456] IRGT
[16:40:07] [305/456] GCMG
[16:40:08] [306/456] MXSN
[16:40:09] [307/456] MXCK
[16:40:10] [308/456] MCRC
[16:40:11] [309/456] RSMI
[16:40:12] [310/456] WAML
[16:40:12] [311/456] MTSC
[16:40:13] [312/456] FMDR
[16:40:14] 🔄 Identity reset
[16:40:14] 🔄 Identity rotated (every 10 requests)
[16:40:14] [313/456] LEPV
[16:40:15] [314/456] MTGD
[16:40:16] [315/456] IMOB
[16:40:17] [316/456] CLMM
[16:40:18] [317/456] PZCD
[16:40:19] [318/456] GOCS
[16:40:20] [319/456] KCMA
[16:40:20] [320/456] CCMP
[16:40:22] [321/456] MTSU
[16:40:23] [322/456] SNGL
[16:40:23] 🔄 Identity reset
[16:40:23] 🔄 Identity rotated (every 10 requests)
[16:40:24] [323/456] MMMC
[16:40:24] [324/456] MMAA
[16:40:25] [325/456] GCDM
[16:40:26] [326/456] KTMV
[16:40:27] [327/456] AETE
[16:40:28] [328/456] OMCS
[16:40:29] [329/456] GDCD
[16:40:30] [330/456] NYMD
[16:40:31] [331/456] RNCV
[16:40:33] [332/456] KKMT
[16:40:33] 🔄 Identity reset
[16:40:33] 🔄 Identity rotated (every 10 requests)
[16:40:34] [333/456] GDTH
[16:40:35] [334/456] KMMV
[16:40:36] [335/456] NHCG
[16:40:37] [336/456] PJDW
[16:40:38] [337/456] MMCV
[16:40:38] [338/456] FQSA
[16:40:39] [339/456] KURL
[16:40:40] [340/456] NNNX
[16:40:41] [341/456] AMAU
[16:40:42] [342/456] VVVM
[16:40:43] 🔄 Identity reset
[16:40:43] 🔄 Identity rotated (every 10 requests)
[16:40:43] [343/456] VECU
[16:40:44] [344/456] WCVR
[16:40:45] [345/456] MTGG
[16:40:46] [346/456] SGTG
[16:40:47] [347/456] MNTG
[16:40:49] [348/456] JDDG
[16:40:50] [349/456] MBTK
[16:40:51] [350/456] SGCD
[16:40:52] [351/456] MCTC
[16:40:52] [352/456] JTPC
[16:40:53] 🔄 Identity reset
[16:40:53] 🔄 Identity rotated (every 10 requests)
[16:40:54] [353/456] SDKT
[16:40:55] [354/456] KRCC
[16:40:56] [355/456] RMMD
[16:40:57] [356/456] AAME
[16:40:57] [357/456] TMWC
[16:40:58] [358/456] NRWY
[16:40:59] [359/456] CITD
[16:41:00] [360/456] VERD
[16:41:01] [361/456] MKSK
[16:41:02] [362/456] STSM
[16:41:02] 🔄 Identity reset
[16:41:02] 🔄 Identity rotated (every 10 requests)
[16:41:03] [363/456] MJDG
[16:41:04] [364/456] RKPM
[16:41:05] [365/456] SSCE
[16:41:06] [366/456] VMAE
[16:41:07] [367/456] SBRU
[16:41:08] [368/456] AMBC
[16:41:09] [369/456] AMLU
[16:41:09] [370/456] INVZ
[16:41:10] [371/456] LGTV
[16:41:11] [372/456] SVAD
[16:41:12] 🔄 Identity reset
[16:41:12] 🔄 Identity rotated (every 10 requests)
[16:41:12] [373/456] SMSA
[16:41:13] [374/456] SPCZ
[16:41:14] [375/456] GTCX
[16:41:15] [376/456] SCSL
[16:41:16] [377/456] SAHU
[16:41:16] [378/456] NCDA
[16:41:17] [379/456] SCCG
[16:41:18] [380/456] VKTL
[16:41:19] [381/456] PUUJ
[16:41:20] [382/456] STEJ
[16:41:21] 🔄 Identity reset
[16:41:21] 🔄 Identity rotated (every 10 requests)
[16:41:21] [383/456] RJAL
[16:41:22] [384/456] ACJC
[16:41:23] [385/456] ARVB
[16:41:24] [386/456] AUBB
[16:41:25] [387/456] GDBR
[16:41:26] [388/456] PVND
[16:41:27] [389/456] BGRJ
[16:41:28] [390/456] RJMM
[16:41:29] [391/456] MCSA
[16:41:30] [392/456] BODA
[16:41:31] 🔄 Identity reset
[16:41:31] 🔄 Identity rotated (every 10 requests)
[16:41:31] [393/456] JAGG
[16:41:32] [394/456] SCGA
[16:41:33] [395/456] LRCM
[16:41:34] [396/456] CPCN
[16:41:34] [397/456] SSTF
[16:41:35] [398/456] SRXP
[16:41:36] [399/456] CNFX
[16:41:37] [400/456] ANDI
[16:41:38] [401/456] SYEW
[16:41:39] [402/456] RCRE
[16:41:39] 🔄 Identity reset
[16:41:39] 🔄 Identity rotated (every 10 requests)
[16:41:40] [403/456] SCRW
[16:41:40] [404/456] MBKR
[16:41:41] [405/456] ASNT
[16:41:42] [406/456] JTMT
[16:41:44] [407/456] SHAY
[16:41:45] [408/456] VRTH
[16:41:45] [409/456] SPTI
[16:41:47] [410/456] DPTD
[16:41:47] [411/456] TGSN
[16:41:48] [412/456] RCWV
[16:41:49] 🔄 Identity reset
[16:41:49] 🔄 Identity rotated (every 10 requests)
[16:41:49] [413/456] OCUR
[16:41:50] [414/456] KSTC
[16:41:51] [415/456] SANI
[16:41:52] [416/456] MLCA
[16:41:53] [417/456] EGCA
[16:41:54] [418/456] SYSN
[16:41:55] [419/456] PKTA
[16:41:56] [420/456] PRCC
[16:41:57] [421/456] KSTR
[16:41:57] [422/456] SNTP
[16:41:58] 🔄 Identity reset
[16:41:58] 🔄 Identity rotated (every 10 requests)
[16:41:58] [423/456] RCHA
[16:41:59] [424/456] SEEA
[16:42:00] [425/456] ALAT
[16:42:01] [426/456] AATV
[16:42:02] [427/456] RJTE
[16:42:03] [428/456] AAPP
[16:42:04] [429/456] PMMH
[16:42:05] [430/456] INRJ
[16:42:06] [431/456] SARB
[16:42:07] [432/456] PCJL
[16:42:07] 🔄 Identity reset
[16:42:07] 🔄 Identity rotated (every 10 requests)
[16:42:08] [433/456] PFJJ
[16:42:08] [434/456] GRDC
[16:42:09] [435/456] BCBA
[16:42:11] [436/456] VIXL
[16:42:11] [437/456] CSTL
[16:42:12] [438/456] MTDK
[16:42:13] [439/456] TDAC
[16:42:14] [440/456] GTDN
[16:42:15] [441/456] TTDE
[16:42:16] [442/456] ASTS
[16:42:16] 🔄 Identity reset
[16:42:16] 🔄 Identity rotated (every 10 requests)
[16:42:17] [443/456] CPNS
[16:42:17] [444/456] PVVW
[16:42:18] [445/456] USEB
[16:42:20] [446/456] DTYN
[16:42:20] [447/456] PVLE
[16:42:21] [448/456] CIPS
[16:42:22] [449/456] PAEG
[16:42:23] [450/456] PTCW
[16:42:24] [451/456] G3SR
[16:42:25] [452/456] PGND
[16:42:26] 🔄 Identity reset
[16:42:26] 🔄 Identity rotated (every 10 requests)
[16:42:26] [453/456] INVM
[16:42:27] [454/456] SPIA
[16:42:28] [455/456] PCSN
[16:42:29] [456/456] PPGV
[16:42:30] 🧹 Deduping shows
[16:42:30] ✅ DONE | Shows=283 | Movies=24
[04:43:45] 🚀 SCRIPT STARTED (enhanced anti‑detection)
[04:43:45] [1/456] FNDB
[04:43:45] 🧠 New identity created
[04:43:46] [2/456] AMBH
[04:43:47] [3/456] PRHN
[04:43:48] [4/456] ACPM
[04:43:48] [5/456] PVFS
[04:43:49] [6/456] AACN
[04:43:50] [7/456] ACAS
[04:43:51] [8/456] CTNR
[04:43:52] [9/456] MMAH
[04:43:53] [10/456] CPMH
[04:43:53] 🔄 Identity reset
[04:43:53] 🔄 Identity rotated (every 10 requests)
[04:43:54] [11/456] IGMH
[04:43:55] [12/456] ABCS
[04:43:56] [13/456] CMMA
[04:43:57] [14/456] GPRH
[04:43:58] [15/456] PNNG
[04:43:59] [16/456] AMCA
[04:44:00] [17/456] ISTN
[04:44:01] [18/456] PIIC
[04:44:01] [19/456] AHMH
[04:44:02] [20/456] ASHN
[04:44:03] 🔄 Identity reset
[04:44:03] 🔄 Identity rotated (every 10 requests)
[04:44:03] [21/456] INHY
[04:44:04] [22/456] SRMO
[04:44:05] [23/456] PIMH
[04:44:06] [24/456] PVTS
[04:44:07] [25/456] MMCA
[04:44:07] [26/456] AKYJ
[04:44:08] [27/456] BRKH
[04:44:09] [28/456] MAHM
[04:44:10] [29/456] CPHY
[04:44:11] [30/456] PVTP
[04:44:11] 🔄 Identity reset
[04:44:11] 🔄 Identity rotated (every 10 requests)
[04:44:12] [31/456] SMMR
[04:44:13] [32/456] PVHM
[04:44:14] [33/456] SNDY
[04:44:15] [34/456] GOKU
[04:44:15] [35/456] ACEV
[04:44:16] [36/456] PVUM
[04:44:17] [37/456] VSWA
[04:44:18] [38/456] IPRS
[04:44:19] [39/456] BKMV
[04:44:20] [40/456] PVYH
[04:44:20] 🔄 Identity reset
[04:44:20] 🔄 Identity rotated (every 10 requests)
[04:44:21] [41/456] INKM
[04:44:22] [42/456] ARJU
[04:44:23] [43/456] JJPP
[04:44:23] [44/456] SSRM
[04:44:24] [45/456] HMHD
[04:44:25] [46/456] SNKH
[04:44:26] [47/456] ACHI
[04:44:27] [48/456] MRAA
[04:44:28] [49/456] INMH
[04:44:28] [50/456] ARMH
[04:44:29] 🔄 Identity reset
[04:44:29] 🔄 Identity rotated (every 10 requests)
[04:44:29] [51/456] DVRR
[04:44:30] [52/456] SUDA
[04:44:31] [53/456] MCSS
[04:44:32] [54/456] VRKC
[04:44:33] [55/456] PRCX
[04:44:34] [56/456] ASJY
[04:44:35] [57/456] MTHY
[04:44:36] [58/456] SRCM
[04:44:37] [59/456] TVHY
[04:44:37] [60/456] STHD
[04:44:38] 🔄 Identity reset
[04:44:38] 🔄 Identity rotated (every 10 requests)
[04:44:38] [61/456] CPCL
[04:44:39] [62/456] PSMJ
[04:44:40] [63/456] MRGT
[04:44:41] [64/456] ARYH
[04:44:42] [65/456] VTRB
[04:44:43] [66/456] SCHC
[04:44:44] [67/456] MRRG
[04:44:45] [68/456] SPCB
[04:44:46] [69/456] AMCM
[04:44:47] [70/456] IVNM
[04:44:48] 🔄 Identity reset
[04:44:48] 🔄 Identity rotated (every 10 requests)
[04:44:48] [71/456] TRHY
[04:44:49] [72/456] PTTH
[04:44:50] [73/456] RKMH
[04:44:50] [74/456] PRCS
[04:44:51] [75/456] VAJA
[04:44:53] [76/456] BJNG
[04:44:54] [77/456] SCVM
[04:44:55] [78/456] GNHB
[04:44:56] [79/456] TLUR
[04:44:57] [80/456] UKCC
[04:44:57] 🔄 Identity reset
[04:44:57] 🔄 Identity rotated (every 10 requests)
[04:44:58] [81/456] SRKR
[04:44:59] [82/456] RMKN
[04:44:59] [83/456] SLRT
[04:45:00] [84/456] LKMT
[04:45:01] [85/456] SSRJ
[04:45:02] [86/456] SPHT
[04:45:03] [87/456] ANTT
[04:45:04] [88/456] SRCH
[04:45:05] [89/456] SRCA
[04:45:06] [90/456] ARTH
[04:45:07] 🔄 Identity reset
[04:45:07] 🔄 Identity rotated (every 10 requests)
[04:45:07] [91/456] MCBH
[04:45:08] [92/456] SNIB
[04:45:09] [93/456] SART
[04:45:10] [94/456] SKTA
[04:45:11] [95/456] YAKT
[04:45:13] [96/456] MLCK
[04:45:14] [97/456] ANTS
[04:45:15] [98/456] DGCA
[04:45:16] [99/456] SGMP
[04:45:17] [100/456] ASWN
[04:45:17] 🔄 Identity reset
[04:45:17] 🔄 Identity rotated (every 10 requests)
[04:45:17] [101/456] KFVU
[04:45:18] [102/456] POOR
[04:45:19] [103/456] GKDN
[04:45:20] [104/456] EOSE
[04:45:21] [105/456] GTTT
[04:45:23] [106/456] ARRO
[04:45:24] [107/456] CMMK
[04:45:25] [108/456] MSCN
[04:45:25] [109/456] GDKH
[04:45:26] [110/456] DLMT
[04:45:27] 🔄 Identity reset
[04:45:27] 🔄 Identity rotated (every 10 requests)
[04:45:27] [111/456] PVMF
[04:45:28] [112/456] CPCK
[04:45:30] [113/456] VMHE
[04:45:31] [114/456] PVLC
[04:45:31] [115/456] PCVB
[04:45:32] [116/456] SNYK
[04:45:33] [117/456] KTEK
[04:45:34] [118/456] PCNM
[04:45:35] [119/456] NTTR
[04:45:36] [120/456] CPSK
[04:45:36] 🔄 Identity reset
[04:45:36] 🔄 Identity rotated (every 10 requests)
[04:45:37] [121/456] JMMA
[04:45:38] [122/456] GCFK
[04:45:39] [123/456] MYCA
[04:45:40] [124/456] KSNP
[04:45:41] [125/456] PMCE
[04:45:42] [126/456] SCKI
[04:45:43] [127/456] FSMA
[04:45:44] [128/456] CETA
[04:45:45] [129/456] MCIK
[04:45:46] [130/456] MYCR
[04:45:47] 🔄 Identity reset
[04:45:47] 🔄 Identity rotated (every 10 requests)
[04:45:47] [131/456] EVMP
[04:45:48] [132/456] SSGT
[04:45:50] [133/456] KCTK
[04:45:51] [134/456] ZTKC
[04:45:51] [135/456] MMTA
[04:45:52] [136/456] MAJT
[04:45:53] [137/456] ACPK
[04:45:55] [138/456] JMAX
[04:45:56] [139/456] SETK
[04:45:57] [140/456] CAIS
[04:45:57] 🔄 Identity reset
[04:45:57] 🔄 Identity rotated (every 10 requests)
[04:45:57] [141/456] AGCD
[04:45:58] [142/456] URCL
[04:46:00] [143/456] VTDS
[04:46:01] [144/456] JCNM
[04:46:02] [145/456] KCAM
[04:46:03] [146/456] ADCU
[04:46:04] [147/456] GXYN
[04:46:04] [148/456] SMJG
[04:46:05] [149/456] EYCJ
[04:46:07] [150/456] CCEJ
[04:46:08] 🔄 Identity reset
[04:46:08] 🔄 Identity rotated (every 10 requests)
[04:46:08] [151/456] MARS
[04:46:09] [152/456] CPVJ
[04:46:10] [153/456] INVP
[04:46:11] [154/456] CPOV
[04:46:12] [155/456] VIJK
[04:46:12] [156/456] LAIM
[04:46:14] [157/456] STHV
[04:46:15] [158/456] SVLJ
[04:46:16] [159/456] ATVJ
[04:46:17] [160/456] JTSC
[04:46:18] 🔄 Identity reset
[04:46:18] 🔄 Identity rotated (every 10 requests)
[04:46:18] [161/456] RMTV
[04:46:19] [162/456] MGGG
[04:46:20] [163/456] SWTH
[04:46:21] [164/456] INVJ
[04:46:22] [165/456] PRSV
[04:46:22] [166/456] JATV
[04:46:23] [167/456] RCVD
[04:46:24] [168/456] BDMA
[04:46:25] [169/456] BLJI
[04:46:26] [170/456] SWOT
[04:46:26] 🔄 Identity reset
[04:46:26] 🔄 Identity rotated (every 10 requests)
[04:46:27] [171/456] SWRN
[04:46:27] [172/456] TVRA
[04:46:28] [173/456] NVRN
[04:46:29] [174/456] SIKC
[04:46:30] [175/456] VAKR
[04:46:31] [176/456] SYLN
[04:46:32] [177/456] KLJL
[04:46:33] [178/456] LKMY
[04:46:34] [179/456] VSLY
[04:46:35] [180/456] CIKO
[04:46:36] 🔄 Identity reset
[04:46:36] 🔄 Identity rotated (every 10 requests)
[04:46:36] [181/456] GPBG
[04:46:38] [182/456] CECM
[04:46:39] [183/456] SLKB
[04:46:40] [184/456] MTBO
[04:46:40] [185/456] SSHB
[04:46:41] [186/456] VPCS
[04:46:42] [187/456] RCSR
[04:46:43] [188/456] RJRM
[04:46:44] [189/456] KPPB
[04:46:45] [190/456] SEDC
[04:46:45] 🔄 Identity reset
[04:46:45] 🔄 Identity rotated (every 10 requests)
[04:46:45] [191/456] SCAI
[04:46:46] [192/456] RMTR
[04:46:47] [193/456] ASST
[04:46:48] [194/456] GCAK
[04:46:49] [195/456] ANNK
[04:46:50] [196/456] KDDF
[04:46:50] [197/456] NRDP
[04:46:51] [198/456] PLAK
[04:46:52] [199/456] GCMC
[04:46:53] [200/456] ALPY
[04:46:54] 🔄 Identity reset
[04:46:54] 🔄 Identity rotated (every 10 requests)
[04:46:54] [201/456] SICE
[04:46:55] [202/456] SISR
[04:46:56] [203/456] SRPZ
[04:46:57] [204/456] SRSW
[04:46:58] [205/456] SUYA
[04:46:58] [206/456] AMMT
[04:46:59] [207/456] BHCU
[04:47:00] [208/456] KLPA
[04:47:01] [209/456] NVKH
[04:47:02] [210/456] JMRC
[04:47:02] 🔄 Identity reset
[04:47:03] 🔄 Identity rotated (every 10 requests)
[04:47:03] [211/456] KTTT
[04:47:04] [212/456] MAGH
[04:47:05] [213/456] MMMX
[04:47:06] [214/456] SALJ
[04:47:06] [215/456] GTJA
[04:47:07] [216/456] MAHT
[04:47:08] [217/456] SSNN
[04:47:09] [218/456] ARRP
[04:47:10] [219/456] ATNS
[04:47:11] [220/456] SKDT
[04:47:12] 🔄 Identity reset
[04:47:12] 🔄 Identity rotated (every 10 requests)
[04:47:13] [221/456] ACAT
[04:47:14] [222/456] APRC
[04:47:15] [223/456] SWAG
[04:47:16] [224/456] SDPT
[04:47:17] [225/456] STPS
[04:47:19] [226/456] WWCZ
[04:47:19] [227/456] LLCH
[04:47:20] [228/456] MZHA
[04:47:21] [229/456] CRJG
[04:47:22] [230/456] JGTK
[04:47:22] 🔄 Identity reset
[04:47:22] 🔄 Identity rotated (every 10 requests)
[04:47:23] [231/456] KCSR
[04:47:24] [232/456] CHTL
[04:47:25] [233/456] EDSR
[04:47:25] [234/456] CSWO
[04:47:26] [235/456] CPVM
[04:47:28] [236/456] MXBY
[04:47:29] [237/456] FMMA
[04:47:30] [238/456] POVI
[04:47:30] [239/456] MTHB
[04:47:31] [240/456] INRC
[04:47:32] 🔄 Identity reset
[04:47:32] 🔄 Identity rotated (every 10 requests)
[04:47:33] [241/456] PIPP
[04:47:34] [242/456] BMXC
[04:47:35] [243/456] PCMM
[04:47:36] [244/456] PMKM
[04:47:37] [245/456] GATY
[04:47:37] [246/456] IMCM
[04:47:38] [247/456] POPE
[04:47:39] [248/456] MTCR
[04:47:40] [249/456] PVAE
[04:47:41] [250/456] PVMI
[04:47:42] 🔄 Identity reset
[04:47:42] 🔄 Identity rotated (every 10 requests)
[04:47:42] [251/456] CPNM
[04:47:43] [252/456] FMRL
[04:47:44] [253/456] MCIW
[04:47:45] [254/456] MXBO
[04:47:45] [255/456] FMKY
[04:47:46] [256/456] FMDA
[04:47:47] [257/456] THAB
[04:47:48] [258/456] PRCW
[04:47:49] [259/456] PITI
[04:47:50] [260/456] MCFF
[04:47:51] 🔄 Identity reset
[04:47:51] 🔄 Identity rotated (every 10 requests)
[04:47:51] [261/456] PDDV
[04:47:52] [262/456] MCRM
[04:47:53] [263/456] KKMB
[04:47:54] [264/456] INKO
[04:47:55] [265/456] PLXP
[04:47:56] [266/456] MMHA
[04:47:57] [267/456] FMVS
[04:47:57] [268/456] POLM
[04:47:58] [269/456] STER
[04:47:59] [270/456] PVWJ
[04:47:59] 🔄 Identity reset
[04:48:00] 🔄 Identity rotated (every 10 requests)
[04:48:00] [271/456] IMJW
[04:48:01] [272/456] FNAN
[04:48:02] [273/456] CAGL
[04:48:03] [274/456] IPBG
[04:48:03] [275/456] SMFV
[04:48:04] [276/456] MMMR
[04:48:05] [277/456] MMWM
[04:48:06] [278/456] FNCM
[04:48:07] [279/456] MDVA
[04:48:08] [280/456] MMET
[04:48:09] 🔄 Identity reset
[04:48:09] 🔄 Identity rotated (every 10 requests)
[04:48:09] [281/456] MIDO
[04:48:10] [282/456] INNP
[04:48:11] [283/456] MIFU
[04:48:12] [284/456] MMSZ
[04:48:12] [285/456] BMXA
[04:48:13] [286/456] MCAA
[04:48:14] [287/456] SCVP
[04:48:16] [288/456] PLUS
[04:48:16] [289/456] MUCK
[04:48:17] [290/456] MTMA
[04:48:18] 🔄 Identity reset
[04:48:18] 🔄 Identity rotated (every 10 requests)
[04:48:18] [291/456] HPVR
[04:48:19] [292/456] PMPK
[04:48:20] [293/456] MAJB
[04:48:21] [294/456] CTRR
[04:48:23] [295/456] MCTG
[04:48:24] [296/456] MACE
[04:48:25] [297/456] AAAS
[04:48:26] [298/456] CPVV
[04:48:27] [299/456] RCHG
[04:48:28] [300/456] MCNE
[04:48:29] 🔄 Identity reset
[04:48:29] 🔄 Identity rotated (every 10 requests)
[04:48:29] [301/456] EMNC
[04:48:30] [302/456] MCAN
[04:48:31] [303/456] TCDM
[04:48:31] [304/456] IRGT
[04:48:32] [305/456] GCMG
[04:48:33] [306/456] MXSN
[04:48:34] [307/456] MXCK
[04:48:35] [308/456] MCRC
[04:48:36] [309/456] RSMI
[04:48:37] [310/456] WAML
[04:48:38] 🔄 Identity reset
[04:48:38] 🔄 Identity rotated (every 10 requests)
[04:48:38] [311/456] MTSC
[04:48:39] [312/456] FMDR
[04:48:40] [313/456] LEPV
[04:48:41] [314/456] MTGD
[04:48:42] [315/456] IMOB
[04:48:43] [316/456] CLMM
[04:48:44] [317/456] PZCD
[04:48:44] [318/456] GOCS
[04:48:45] [319/456] KCMA
[04:48:46] [320/456] CCMP
[04:48:47] 🔄 Identity reset
[04:48:47] 🔄 Identity rotated (every 10 requests)
[04:48:48] [321/456] MTSU
[04:48:48] [322/456] SNGL
[04:48:49] [323/456] MMMC
[04:48:50] [324/456] MMAA
[04:48:51] [325/456] GCDM
[04:48:52] [326/456] KTMV
[04:48:53] [327/456] AETE
[04:48:53] [328/456] OMCS
[04:48:54] [329/456] GDCD
[04:48:55] [330/456] NYMD
[04:48:56] 🔄 Identity reset
[04:48:56] 🔄 Identity rotated (every 10 requests)
[04:48:57] [331/456] RNCV
[04:48:58] [332/456] KKMT
[04:48:59] [333/456] GDTH
[04:49:00] [334/456] KMMV
[04:49:01] [335/456] NHCG
[04:49:02] [336/456] PJDW
[04:49:02] [337/456] MMCV
[04:49:03] [338/456] FQSA
[04:49:04] [339/456] KURL
[04:49:05] [340/456] NNNX
[04:49:05] 🔄 Identity reset
[04:49:05] 🔄 Identity rotated (every 10 requests)
[04:49:06] [341/456] AMAU
[04:49:07] [342/456] VVVM
[04:49:08] [343/456] VECU
[04:49:09] [344/456] WCVR
[04:49:10] [345/456] MTGG
[04:49:11] [346/456] SGTG
[04:49:12] [347/456] MNTG
[04:49:13] [348/456] JDDG
[04:49:14] [349/456] MBTK
[04:49:15] [350/456] SGCD
[04:49:16] 🔄 Identity reset
[04:49:16] 🔄 Identity rotated (every 10 requests)
[04:49:17] [351/456] MCTC
[04:49:18] [352/456] JTPC
[04:49:18] [353/456] SDKT
[04:49:19] [354/456] KRCC
[04:49:20] [355/456] RMMD
[04:49:21] [356/456] AAME
[04:49:22] [357/456] TMWC
[04:49:23] [358/456] NRWY
[04:49:23] [359/456] CITD
[04:49:24] [360/456] VERD
[04:49:25] 🔄 Identity reset
[04:49:25] 🔄 Identity rotated (every 10 requests)
[04:49:25] [361/456] MKSK
[04:49:26] [362/456] STSM
[04:49:27] [363/456] MJDG
[04:49:28] [364/456] RKPM
[04:49:29] [365/456] SSCE
[04:49:30] [366/456] VMAE
[04:49:31] [367/456] SBRU
[04:49:32] [368/456] AMBC
[04:49:32] [369/456] AMLU
[04:49:33] [370/456] INVZ
[04:49:34] 🔄 Identity reset
[04:49:34] 🔄 Identity rotated (every 10 requests)
[04:49:34] [371/456] LGTV
[04:49:35] [372/456] SVAD
[04:49:36] [373/456] SMSA
[04:49:37] [374/456] SPCZ
[04:49:38] [375/456] GTCX
[04:49:39] [376/456] SCSL
[04:49:40] [377/456] SAHU
[04:49:41] [378/456] NCDA
[04:49:42] [379/456] SCCG
[04:49:43] [380/456] VKTL
[04:49:44] 🔄 Identity reset
[04:49:44] 🔄 Identity rotated (every 10 requests)
[04:49:44] [381/456] PUUJ
[04:49:45] [382/456] STEJ
[04:49:46] [383/456] RJAL
[04:49:46] [384/456] ACJC
[04:49:47] [385/456] ARVB
[04:49:49] [386/456] AUBB
[04:49:50] [387/456] GDBR
[04:49:51] [388/456] PVND
[04:49:52] [389/456] BGRJ
[04:49:53] [390/456] RJMM
[04:49:54] 🔄 Identity reset
[04:49:54] 🔄 Identity rotated (every 10 requests)
[04:49:54] [391/456] MCSA
[04:49:55] [392/456] BODA
[04:49:56] [393/456] JAGG
[04:49:57] [394/456] SCGA
[04:49:58] [395/456] LRCM
[04:49:59] [396/456] CPCN
[04:50:00] [397/456] SSTF
[04:50:01] [398/456] SRXP
[04:50:02] [399/456] CNFX
[04:50:03] [400/456] ANDI
[04:50:03] 🔄 Identity reset
[04:50:03] 🔄 Identity rotated (every 10 requests)
[04:50:04] [401/456] SYEW
[04:50:05] [402/456] RCRE
[04:50:06] [403/456] SCRW
[04:50:07] [404/456] MBKR
[04:50:08] [405/456] ASNT
[04:50:08] [406/456] JTMT
[04:50:09] [407/456] SHAY
[04:50:10] [408/456] VRTH
[04:50:11] [409/456] SPTI
[04:50:12] [410/456] DPTD
[04:50:13] 🔄 Identity reset
[04:50:13] 🔄 Identity rotated (every 10 requests)
[04:50:13] [411/456] TGSN
[04:50:14] [412/456] RCWV
[04:50:16] [413/456] OCUR
[04:50:17] [414/456] KSTC
[04:50:18] [415/456] SANI
[04:50:19] [416/456] MLCA
[04:50:20] [417/456] EGCA
[04:50:21] [418/456] SYSN
[04:50:22] [419/456] PKTA
[04:50:22] [420/456] PRCC
[04:50:23] 🔄 Identity reset
[04:50:23] 🔄 Identity rotated (every 10 requests)
[04:50:24] [421/456] KSTR
[04:50:25] [422/456] SNTP
[04:50:26] [423/456] RCHA
[04:50:27] [424/456] SEEA
[04:50:28] [425/456] ALAT
[04:50:29] [426/456] AATV
[04:50:29] [427/456] RJTE
[04:50:30] [428/456] AAPP
[04:50:31] [429/456] PMMH
[04:50:32] [430/456] INRJ
[04:50:33] 🔄 Identity reset
[04:50:33] 🔄 Identity rotated (every 10 requests)
[04:50:33] [431/456] SARB
[04:50:34] [432/456] PCJL
[04:50:36] [433/456] PFJJ
[04:50:36] [434/456] GRDC
[04:50:37] [435/456] BCBA
[04:50:38] [436/456] VIXL
[04:50:39] [437/456] CSTL
[04:50:39] [438/456] MTDK
[04:50:41] [439/456] TDAC
[04:50:42] [440/456] GTDN
[04:50:42] 🔄 Identity reset
[04:50:42] 🔄 Identity rotated (every 10 requests)
[04:50:42] 🔄 Retry 1/5 for GTDN in 2.3s
[04:50:42] 🔄 Identity reset
[04:50:45] 🧠 New identity created
[04:50:45] 🔄 Retry 2/5 for GTDN in 4.8s
[04:50:45] 🔄 Identity reset
[04:50:50] 🧠 New identity created
[04:50:50] [441/456] TTDE
[04:50:51] [442/456] ASTS
[04:50:52] [443/456] CPNS
[04:50:53] [444/456] PVVW
[04:50:54] [445/456] USEB
[04:50:54] [446/456] DTYN
[04:50:55] [447/456] PVLE
[04:50:56] [448/456] CIPS
[04:50:57] 🔄 Identity reset
[04:50:57] 🔄 Identity rotated (every 10 requests)
[04:50:57] [449/456] PAEG
[04:50:58] [450/456] PTCW
[04:50:59] [451/456] G3SR
[04:51:00] [452/456] PGND
[04:51:02] [453/456] INVM
[04:51:03] [454/456] SPIA
[04:51:03] [455/456] PCSN
[04:51:04] [456/456] PPGV
[04:51:06] 🧹 Deduping shows
[04:51:06] ✅ DONE | Shows=369 | Movies=29
[21:46:14] 🚀 SCRIPT STARTED (enhanced anti‑detection)
[21:46:14] [1/456] FNDB
[21:46:15] 🧠 New identity created
[21:46:15] [2/456] AMBH
[21:46:16] [3/456] PRHN
[21:46:17] [4/456] ACPM
[21:46:18] [5/456] PVFS
[21:46:19] [6/456] AACN
[21:46:20] [7/456] ACAS
[21:46:20] [8/456] CTNR
[21:46:21] [9/456] MMAH
[21:46:22] [10/456] CPMH
[21:46:23] 🔄 Identity reset
[21:46:23] 🔄 Identity rotated (every 10 requests)
[21:46:23] [11/456] IGMH
[21:46:24] [12/456] ABCS
[21:46:25] [13/456] CMMA
[21:46:26] [14/456] GPRH
[21:46:27] [15/456] PNNG
[21:46:28] [16/456] AMCA
[21:46:29] [17/456] ISTN
[21:46:29] [18/456] PIIC
[21:46:30] [19/456] AHMH
[21:46:31] [20/456] ASHN
[21:46:32] 🔄 Identity reset
[21:46:32] 🔄 Identity rotated (every 10 requests)
[21:46:32] [21/456] INHY
[21:46:33] [22/456] SRMO
[21:46:34] [23/456] PIMH
[21:46:35] [24/456] PVTS
[21:46:36] [25/456] MMCA
[21:46:37] [26/456] AKYJ
[21:46:38] [27/456] BRKH
[21:46:40] [28/456] MAHM
[21:46:41] [29/456] CPHY
[21:46:42] [30/456] PVTP
[21:46:43] 🔄 Identity reset
[21:46:43] 🔄 Identity rotated (every 10 requests)
[21:46:43] [31/456] SMMR
[21:46:44] [32/456] PVHM
[21:46:45] [33/456] SNDY
[21:46:46] [34/456] GOKU
[21:46:47] [35/456] ACEV
[21:46:48] [36/456] PVUM
[21:46:49] [37/456] VSWA
[21:46:50] [38/456] IPRS
[21:46:51] [39/456] BKMV
[21:46:53] [40/456] PVYH
[21:46:54] 🔄 Identity reset
[21:46:54] 🔄 Identity rotated (every 10 requests)
[21:46:54] [41/456] INKM
[21:46:55] [42/456] ARJU
[21:46:56] [43/456] JJPP
[21:46:57] [44/456] SSRM
[21:46:58] [45/456] HMHD
[21:46:59] [46/456] SNKH
[21:47:00] [47/456] ACHI
[21:47:01] [48/456] MRAA
[21:47:03] [49/456] INMH
[21:47:04] [50/456] ARMH
[21:47:05] 🔄 Identity reset
[21:47:05] 🔄 Identity rotated (every 10 requests)
[21:47:05] [51/456] DVRR
[21:47:06] [52/456] SUDA
[21:47:07] [53/456] MCSS
[21:47:08] [54/456] VRKC
[21:47:09] [55/456] PRCX
[21:47:10] [56/456] ASJY
[21:47:12] [57/456] MTHY
[21:47:13] [58/456] SRCM
[21:47:14] [59/456] TVHY
[21:47:15] [60/456] STHD
[21:47:15] 🔄 Identity reset
[21:47:15] 🔄 Identity rotated (every 10 requests)
[21:47:16] [61/456] CPCL
[21:47:17] [62/456] PSMJ
[21:47:17] [63/456] MRGT
[21:47:18] [64/456] ARYH
[21:47:19] [65/456] VTRB
[21:47:20] [66/456] SCHC
[21:47:21] [67/456] MRRG
[21:47:22] [68/456] SPCB
[21:47:24] [69/456] AMCM
[21:47:25] [70/456] IVNM
[21:47:25] 🔄 Identity reset
[21:47:25] 🔄 Identity rotated (every 10 requests)
[21:47:26] [71/456] TRHY
[21:47:27] [72/456] PTTH
[21:47:27] [73/456] RKMH
[21:47:28] [74/456] PRCS
[21:47:29] [75/456] VAJA
[21:47:30] [76/456] BJNG
[21:47:31] [77/456] SCVM
[21:47:32] [78/456] GNHB
[21:47:33] [79/456] TLUR
[21:47:34] [80/456] UKCC
[21:47:34] 🔄 Identity reset
[21:47:34] 🔄 Identity rotated (every 10 requests)
[21:47:35] [81/456] SRKR
[21:47:36] [82/456] RMKN
[21:47:36] [83/456] SLRT
[21:47:37] [84/456] LKMT
[21:47:38] [85/456] SSRJ
[21:47:39] [86/456] SPHT
[21:47:40] [87/456] ANTT
[21:47:41] [88/456] SRCH
[21:47:42] [89/456] SRCA
[21:47:43] [90/456] ARTH
[21:47:43] 🔄 Identity reset
[21:47:43] 🔄 Identity rotated (every 10 requests)
[21:47:44] [91/456] MCBH
[21:47:46] [92/456] SNIB
[21:47:47] [93/456] SART
[21:47:48] [94/456] SKTA
[21:47:50] [95/456] YAKT
[21:47:51] [96/456] MLCK
[21:47:52] [97/456] ANTS
[21:47:53] [98/456] DGCA
[21:47:54] [99/456] SGMP
[21:47:56] [100/456] ASWN
[21:47:56] 🔄 Identity reset
[21:47:56] 🔄 Identity rotated (every 10 requests)
[21:47:57] [101/456] KFVU
[21:47:57] [102/456] POOR
[21:47:58] [103/456] GKDN
[21:47:59] [104/456] EOSE
[21:48:00] [105/456] GTTT
[21:48:01] [106/456] ARRO
[21:48:02] [107/456] CMMK
[21:48:03] [108/456] MSCN
[21:48:04] [109/456] GDKH
[21:48:05] [110/456] DLMT
[21:48:05] 🔄 Identity reset
[21:48:05] 🔄 Identity rotated (every 10 requests)
[21:48:06] [111/456] PVMF
[21:48:07] [112/456] CPCK
[21:48:07] [113/456] VMHE
[21:48:08] [114/456] PVLC
[21:48:09] [115/456] PCVB
[21:48:10] [116/456] SNYK
[21:48:11] [117/456] KTEK
[21:48:12] [118/456] PCNM
[21:48:13] [119/456] NTTR
[21:48:15] [120/456] CPSK
[21:48:15] 🔄 Identity reset
[21:48:15] 🔄 Identity rotated (every 10 requests)
[21:48:15] [121/456] JMMA
[21:48:17] [122/456] GCFK
[21:48:18] [123/456] MYCA
[21:48:19] [124/456] KSNP
[21:48:20] [125/456] PMCE
[21:48:21] [126/456] SCKI
[21:48:22] [127/456] FSMA
[21:48:23] [128/456] CETA
[21:48:24] [129/456] MCIK
[21:48:24] [130/456] MYCR
[21:48:25] 🔄 Identity reset
[21:48:25] 🔄 Identity rotated (every 10 requests)
[21:48:25] [131/456] EVMP
[21:48:26] [132/456] SSGT
[21:48:27] [133/456] KCTK
[21:48:28] [134/456] ZTKC
[21:48:29] [135/456] MMTA
[21:48:30] [136/456] MAJT
[21:48:31] [137/456] ACPK
[21:48:32] [138/456] JMAX
[21:48:33] [139/456] SETK
[21:48:34] [140/456] CAIS
[21:48:35] 🔄 Identity reset
[21:48:35] 🔄 Identity rotated (every 10 requests)
[21:48:35] [141/456] AGCD
[21:48:36] [142/456] URCL
[21:48:37] [143/456] VTDS
[21:48:39] [144/456] JCNM
[21:48:39] [145/456] KCAM
[21:48:40] [146/456] ADCU
[21:48:41] [147/456] GXYN
[21:48:42] [148/456] SMJG
[21:48:43] [149/456] EYCJ
[21:48:44] [150/456] CCEJ
[21:48:44] 🔄 Identity reset
[21:48:44] 🔄 Identity rotated (every 10 requests)
[21:48:45] [151/456] MARS
[21:48:46] [152/456] CPVJ
[21:48:48] [153/456] INVP
[21:48:48] [154/456] CPOV
[21:48:49] [155/456] VIJK
[21:48:50] [156/456] LAIM
[21:48:51] [157/456] STHV
[21:48:52] [158/456] SVLJ
[21:48:53] [159/456] ATVJ
[21:48:54] [160/456] JTSC
[21:48:54] 🔄 Identity reset
[21:48:54] 🔄 Identity rotated (every 10 requests)
[21:48:55] [161/456] RMTV
[21:48:56] [162/456] MGGG
[21:48:57] [163/456] SWTH
[21:48:57] [164/456] INVJ
[21:48:58] [165/456] PRSV
[21:48:59] [166/456] JATV
[21:49:01] [167/456] RCVD
[21:49:02] [168/456] BDMA
[21:49:03] [169/456] BLJI
[21:49:04] [170/456] SWOT
[21:49:05] 🔄 Identity reset
[21:49:05] 🔄 Identity rotated (every 10 requests)
[21:49:05] [171/456] SWRN
[21:49:06] [172/456] TVRA
[21:49:07] [173/456] NVRN
[21:49:08] [174/456] SIKC
[21:49:09] [175/456] VAKR
[21:49:10] [176/456] SYLN
[21:49:11] [177/456] KLJL
[21:49:12] [178/456] LKMY
[21:49:14] [179/456] VSLY
[21:49:15] [180/456] CIKO
[21:49:15] 🔄 Identity reset
[21:49:15] 🔄 Identity rotated (every 10 requests)
[21:49:16] [181/456] GPBG
[21:49:17] [182/456] CECM
[21:49:18] [183/456] SLKB
[21:49:19] [184/456] MTBO
[21:49:20] [185/456] SSHB
[21:49:20] [186/456] VPCS
[21:49:21] [187/456] RCSR
[21:49:22] [188/456] RJRM
[21:49:23] [189/456] KPPB
[21:49:24] [190/456] SEDC
[21:49:25] 🔄 Identity reset
[21:49:25] 🔄 Identity rotated (every 10 requests)
[21:49:25] [191/456] SCAI
[21:49:26] [192/456] RMTR
[21:49:27] [193/456] ASST
[21:49:27] [194/456] GCAK
[21:49:29] [195/456] ANNK
[21:49:30] [196/456] KDDF
[21:49:31] [197/456] NRDP
[21:49:32] [198/456] PLAK
[21:49:33] [199/456] GCMC
[21:49:34] [200/456] ALPY
[21:49:35] 🔄 Identity reset
[21:49:35] 🔄 Identity rotated (every 10 requests)
[21:49:35] [201/456] SICE
[21:49:37] [202/456] SISR
[21:49:37] [203/456] SRPZ
[21:49:38] [204/456] SRSW
[21:49:39] [205/456] SUYA
[21:49:40] [206/456] AMMT
[21:49:41] [207/456] BHCU
[21:49:42] [208/456] KLPA
[21:49:43] [209/456] NVKH
[21:49:45] [210/456] JMRC
[21:49:45] 🔄 Identity reset
[21:49:45] 🔄 Identity rotated (every 10 requests)
[21:49:46] [211/456] KTTT
[21:49:47] [212/456] MAGH
[21:49:49] [213/456] MMMX
[21:49:50] [214/456] SALJ
[21:49:50] [215/456] GTJA
[21:49:51] [216/456] MAHT
[21:49:52] [217/456] SSNN
[21:49:53] [218/456] ARRP
[21:49:54] [219/456] ATNS
[21:49:55] [220/456] SKDT
[21:49:56] 🔄 Identity reset
[21:49:56] 🔄 Identity rotated (every 10 requests)
[21:49:56] [221/456] ACAT
[21:49:57] [222/456] APRC
[21:49:58] [223/456] SWAG
[21:49:59] [224/456] SDPT
[21:50:00] [225/456] STPS
[21:50:01] [226/456] WWCZ
[21:50:02] [227/456] LLCH
[21:50:02] [228/456] MZHA
[21:50:03] [229/456] CRJG
[21:50:04] [230/456] JGTK
[21:50:05] 🔄 Identity reset
[21:50:05] 🔄 Identity rotated (every 10 requests)
[21:50:05] [231/456] KCSR
[21:50:06] [232/456] CHTL
[21:50:07] [233/456] EDSR
[21:50:08] [234/456] CSWO
[21:50:09] [235/456] CPVM
[21:50:10] [236/456] MXBY
[21:50:11] [237/456] FMMA
[21:50:11] [238/456] POVI
[21:50:12] [239/456] MTHB
[21:50:13] [240/456] INRC
[21:50:14] 🔄 Identity reset
[21:50:14] 🔄 Identity rotated (every 10 requests)
[21:50:14] [241/456] PIPP
[21:50:15] [242/456] BMXC
[21:50:16] [243/456] PCMM
[21:50:17] [244/456] PMKM
[21:50:18] [245/456] GATY
[21:50:19] [246/456] IMCM
[21:50:20] [247/456] POPE
[21:50:21] [248/456] MTCR
[21:50:22] [249/456] PVAE
[21:50:23] [250/456] PVMI
[21:50:24] 🔄 Identity reset
[21:50:24] 🔄 Identity rotated (every 10 requests)
[21:50:24] 🔄 Retry 1/5 for PVMI in 2.2s
[21:50:24] 🔄 Identity reset
[21:50:26] 🧠 New identity created
[21:50:27] [251/456] CPNM
[21:50:29] [252/456] FMRL
[21:50:30] [253/456] MCIW
[21:50:31] [254/456] MXBO
[21:50:32] [255/456] FMKY
[21:50:33] [256/456] FMDA
[21:50:34] [257/456] THAB
[21:50:34] [258/456] PRCW
[21:50:35] [259/456] PITI
[21:50:36] 🔄 Identity reset
[21:50:36] 🔄 Identity rotated (every 10 requests)
[21:50:36] [260/456] MCFF
[21:50:37] [261/456] PDDV
[21:50:38] [262/456] MCRM
[21:50:39] [263/456] KKMB
[21:50:40] [264/456] INKO
[21:50:41] [265/456] PLXP
[21:50:42] [266/456] MMHA
[21:50:43] [267/456] FMVS
[21:50:44] [268/456] POLM
[21:50:45] [269/456] STER
[21:50:46] 🔄 Identity reset
[21:50:46] 🔄 Identity rotated (every 10 requests)
[21:50:46] [270/456] PVWJ
[21:50:47] [271/456] IMJW
[21:50:48] [272/456] FNAN
[21:50:49] [273/456] CAGL
[21:50:50] [274/456] IPBG
[21:50:51] [275/456] SMFV
[21:50:52] [276/456] MMMR
[21:50:53] [277/456] MMWM
[21:50:54] [278/456] FNCM
[21:50:55] [279/456] MDVA
[21:50:56] 🔄 Identity reset
[21:50:56] 🔄 Identity rotated (every 10 requests)
[21:50:56] [280/456] MMET
[21:50:57] [281/456] MIDO
[21:50:58] [282/456] INNP
[21:50:59] [283/456] MIFU
[21:51:00] [284/456] MMSZ
[21:51:01] [285/456] BMXA
[21:51:02] [286/456] MCAA
[21:51:03] [287/456] SCVP
[21:51:04] [288/456] PLUS
[21:51:05] [289/456] MUCK
[21:51:05] 🔄 Identity reset
[21:51:05] 🔄 Identity rotated (every 10 requests)
[21:51:06] [290/456] MTMA
[21:51:07] [291/456] HPVR
[21:51:08] [292/456] PMPK
[21:51:09] [293/456] MAJB
[21:51:10] [294/456] CTRR
[21:51:11] [295/456] MCTG
[21:51:12] [296/456] MACE
[21:51:13] [297/456] AAAS
[21:51:14] [298/456] CPVV
[21:51:15] [299/456] RCHG
[21:51:15] 🔄 Identity reset
[21:51:15] 🔄 Identity rotated (every 10 requests)
[21:51:15] 🔄 Retry 1/5 for RCHG in 2.5s
[21:51:15] 🔄 Identity reset
[21:51:18] 🧠 New identity created
[21:51:18] [300/456] MCNE
[21:51:19] [301/456] EMNC
[21:51:20] [302/456] MCAN
[21:51:21] [303/456] TCDM
[21:51:22] [304/456] IRGT
[21:51:24] [305/456] GCMG
[21:51:24] [306/456] MXSN
[21:51:25] [307/456] MXCK
[21:51:27] [308/456] MCRC
[21:51:28] 🔄 Identity reset
[21:51:28] 🔄 Identity rotated (every 10 requests)
[21:51:28] [309/456] RSMI
[21:51:29] [310/456] WAML
[21:51:30] [311/456] MTSC
[21:51:31] [312/456] FMDR
[21:51:32] [313/456] LEPV
[21:51:33] [314/456] MTGD
[21:51:34] [315/456] IMOB
[21:51:35] [316/456] CLMM
[21:51:36] [317/456] PZCD
[21:51:37] [318/456] GOCS
[21:51:38] 🔄 Identity reset
[21:51:38] 🔄 Identity rotated (every 10 requests)
[21:51:38] [319/456] KCMA
[21:51:39] [320/456] CCMP
[21:51:41] [321/456] MTSU
[21:51:42] [322/456] SNGL
[21:51:44] [323/456] MMMC
[21:51:45] [324/456] MMAA
[21:51:46] [325/456] GCDM
[21:51:46] [326/456] KTMV
[21:51:47] [327/456] AETE
[21:51:48] [328/456] OMCS
[21:51:49] 🔄 Identity reset
[21:51:49] 🔄 Identity rotated (every 10 requests)
[21:51:49] [329/456] GDCD
[21:51:50] [330/456] NYMD
[21:51:51] [331/456] RNCV
[21:51:52] [332/456] KKMT
[21:51:53] [333/456] GDTH
[21:51:54] [334/456] KMMV
[21:51:55] [335/456] NHCG
[21:51:55] [336/456] PJDW
[21:51:57] [337/456] MMCV
[21:51:58] [338/456] FQSA
[21:51:59] 🔄 Identity reset
[21:51:59] 🔄 Identity rotated (every 10 requests)
[21:51:59] [339/456] KURL
[21:52:00] [340/456] NNNX
[21:52:01] [341/456] AMAU
[21:52:03] [342/456] VVVM
[21:52:04] [343/456] VECU
[21:52:05] [344/456] WCVR
[21:52:06] [345/456] MTGG
[21:52:07] [346/456] SGTG
[21:52:08] [347/456] MNTG
[21:52:09] [348/456] JDDG
[21:52:09] 🔄 Identity reset
[21:52:09] 🔄 Identity rotated (every 10 requests)
[21:52:10] [349/456] MBTK
[21:52:11] [350/456] SGCD
[21:52:12] [351/456] MCTC
[21:52:13] [352/456] JTPC
[21:52:14] [353/456] SDKT
[21:52:15] [354/456] KRCC
[21:52:16] [355/456] RMMD
[21:52:17] [356/456] AAME
[21:52:18] [357/456] TMWC
[21:52:19] [358/456] NRWY
[21:52:19] 🔄 Identity reset
[21:52:19] 🔄 Identity rotated (every 10 requests)
[21:52:20] [359/456] CITD
[21:52:21] [360/456] VERD
[21:52:22] [361/456] MKSK
[21:52:22] [362/456] STSM
[21:52:24] [363/456] MJDG
[21:52:25] [364/456] RKPM
[21:52:26] [365/456] SSCE
[21:52:27] [366/456] VMAE
[21:52:28] [367/456] SBRU
[21:52:29] [368/456] AMBC
[21:52:29] 🔄 Identity reset
[21:52:29] 🔄 Identity rotated (every 10 requests)
[21:52:30] [369/456] AMLU
[21:52:31] [370/456] INVZ
[21:52:32] [371/456] LGTV
[21:52:32] [372/456] SVAD
[21:52:34] [373/456] SMSA
[21:52:35] [374/456] SPCZ
[21:52:36] [375/456] GTCX
[21:52:37] [376/456] SCSL
[21:52:38] [377/456] SAHU
[21:52:39] [378/456] NCDA
[21:52:39] 🔄 Identity reset
[21:52:39] 🔄 Identity rotated (every 10 requests)
[21:52:40] [379/456] SCCG
[21:52:41] [380/456] VKTL
[21:52:41] [381/456] PUUJ
[21:52:43] [382/456] STEJ
[21:52:44] [383/456] RJAL
[21:52:46] [384/456] ACJC
[21:52:47] [385/456] ARVB
[21:52:48] [386/456] AUBB
[21:52:49] [387/456] GDBR
[21:52:49] [388/456] PVND
[21:52:50] 🔄 Identity reset
[21:52:50] 🔄 Identity rotated (every 10 requests)
[21:52:51] [389/456] BGRJ
[21:52:51] [390/456] RJMM
[21:52:53] [391/456] MCSA
[21:52:54] [392/456] BODA
[21:52:55] [393/456] JAGG
[21:52:56] [394/456] SCGA
[21:52:57] [395/456] LRCM
[21:52:58] [396/456] CPCN
[21:52:59] [397/456] SSTF
[21:53:00] [398/456] SRXP
[21:53:00] 🔄 Identity reset
[21:53:00] 🔄 Identity rotated (every 10 requests)
[21:53:01] [399/456] CNFX
[21:53:01] [400/456] ANDI
[21:53:02] [401/456] SYEW
[21:53:03] [402/456] RCRE
[21:53:04] [403/456] SCRW
[21:53:05] [404/456] MBKR
[21:53:06] [405/456] ASNT
[21:53:07] [406/456] JTMT
[21:53:08] [407/456] SHAY
[21:53:09] [408/456] VRTH
[21:53:09] 🔄 Identity reset
[21:53:09] 🔄 Identity rotated (every 10 requests)
[21:53:10] [409/456] SPTI
[21:53:11] [410/456] DPTD
[21:53:11] [411/456] TGSN
[21:53:12] [412/456] RCWV
[21:53:13] [413/456] OCUR
[21:53:14] [414/456] KSTC
[21:53:15] [415/456] SANI
[21:53:16] [416/456] MLCA
[21:53:16] [417/456] EGCA
[21:53:17] [418/456] SYSN
[21:53:18] 🔄 Identity reset
[21:53:18] 🔄 Identity rotated (every 10 requests)
[21:53:19] [419/456] PKTA
[21:53:20] [420/456] PRCC
[21:53:21] [421/456] KSTR
[21:53:22] [422/456] SNTP
[21:53:23] [423/456] RCHA
[21:53:24] [424/456] SEEA
[21:53:24] [425/456] ALAT
[21:53:25] [426/456] AATV
[21:53:26] [427/456] RJTE
[21:53:28] [428/456] AAPP
[21:53:29] 🔄 Identity reset
[21:53:29] 🔄 Identity rotated (every 10 requests)
[21:53:29] [429/456] PMMH
[21:53:31] [430/456] INRJ
[21:53:32] [431/456] SARB
[21:53:33] [432/456] PCJL
[21:53:34] [433/456] PFJJ
[21:53:35] [434/456] GRDC
[21:53:36] [435/456] BCBA
[21:53:37] [436/456] VIXL
[21:53:38] [437/456] CSTL
[21:53:39] [438/456] MTDK
[21:53:40] 🔄 Identity reset
[21:53:40] 🔄 Identity rotated (every 10 requests)
[21:53:40] [439/456] TDAC
[21:53:41] [440/456] GTDN
[21:53:42] [441/456] TTDE
[21:53:43] [442/456] ASTS
[21:53:45] [443/456] CPNS
[21:53:45] [444/456] PVVW
[21:53:46] [445/456] USEB
[21:53:47] [446/456] DTYN
[21:53:48] [447/456] PVLE
[21:53:49] [448/456] CIPS
[21:53:49] 🔄 Identity reset
[21:53:49] 🔄 Identity rotated (every 10 requests)
[21:53:50] [449/456] PAEG
[21:53:51] [450/456] PTCW
[21:53:52] [451/456] G3SR
[21:53:53] [452/456] PGND
[21:53:54] [453/456] INVM
[21:53:55] [454/456] SPIA
[21:53:56] [455/456] PCSN
[21:53:57] [456/456] PPGV
[21:53:58] 🧹 Deduping shows
[21:53:58] ✅ DONE | Shows=645 | Movies=40
[06:20:21] 🚀 SCRIPT STARTED (enhanced anti‑detection)
[06:20:21] [1/456] FNDB
[06:20:22] 🧠 New identity created
[06:20:22] [2/456] AMBH
[06:20:23] [3/456] PRHN
[06:20:24] [4/456] ACPM
[06:20:25] [5/456] PVFS
[06:20:26] [6/456] AACN
[06:20:27] [7/456] ACAS
[06:20:28] [8/456] CTNR
[06:20:29] [9/456] MMAH
[06:20:31] [10/456] CPMH
[06:20:31] 🔄 Identity reset
[06:20:31] 🔄 Identity rotated (every 10 requests)
[06:20:32] [11/456] IGMH
[06:20:34] [12/456] ABCS
[06:20:35] [13/456] CMMA
[06:20:36] [14/456] GPRH
[06:20:37] [15/456] PNNG
[06:20:38] [16/456] AMCA
[06:20:40] [17/456] ISTN
[06:20:41] [18/456] PIIC
[06:20:41] [19/456] AHMH
[06:20:43] [20/456] ASHN
[06:20:44] 🔄 Identity reset
[06:20:44] 🔄 Identity rotated (every 10 requests)
[06:20:44] [21/456] INHY
[06:20:45] [22/456] SRMO
[06:20:46] [23/456] PIMH
[06:20:48] [24/456] PVTS
[06:20:49] [25/456] MMCA
[06:20:50] [26/456] AKYJ
[06:20:51] [27/456] BRKH
[06:20:52] [28/456] MAHM
[06:20:54] [29/456] CPHY
[06:20:55] [30/456] PVTP
[06:20:55] 🔄 Identity reset
[06:20:55] 🔄 Identity rotated (every 10 requests)
[06:20:57] [31/456] SMMR
[06:20:57] [32/456] PVHM
[06:20:59] [33/456] SNDY
[06:21:00] [34/456] GOKU
[06:21:01] [35/456] ACEV
[06:21:02] [36/456] PVUM
[06:21:04] [37/456] VSWA
[06:21:05] [38/456] IPRS
[06:21:05] [39/456] BKMV
[06:21:06] [40/456] PVYH
[06:21:07] 🔄 Identity reset
[06:21:07] 🔄 Identity rotated (every 10 requests)
[06:21:07] [41/456] INKM
[06:21:09] [42/456] ARJU
[06:21:10] [43/456] JJPP
[06:21:11] [44/456] SSRM
[06:21:11] [45/456] HMHD
[06:21:13] [46/456] SNKH
[06:21:13] [47/456] ACHI
[06:21:14] [48/456] MRAA
[06:21:15] [49/456] INMH
[06:21:16] [50/456] ARMH
[06:21:17] 🔄 Identity reset
[06:21:17] 🔄 Identity rotated (every 10 requests)
[06:21:17] [51/456] DVRR
[06:21:18] [52/456] SUDA
[06:21:20] [53/456] MCSS
[06:21:20] [54/456] VRKC
[06:21:22] [55/456] PRCX
[06:21:24] [56/456] ASJY
[06:21:25] [57/456] MTHY
[06:21:26] [58/456] SRCM
[06:21:26] [59/456] TVHY
[06:21:27] [60/456] STHD
[06:21:28] 🔄 Identity reset
[06:21:28] 🔄 Identity rotated (every 10 requests)
[06:21:28] [61/456] CPCL
[06:21:29] [62/456] PSMJ
[06:21:30] [63/456] MRGT
[06:21:31] [64/456] ARYH
[06:21:32] [65/456] VTRB
[06:21:33] [66/456] SCHC
[06:21:34] [67/456] MRRG
[06:21:35] [68/456] SPCB
[06:21:36] [69/456] AMCM
[06:21:37] [70/456] IVNM
[06:21:37] 🔄 Identity reset
[06:21:37] 🔄 Identity rotated (every 10 requests)
[06:21:38] [71/456] TRHY
[06:21:40] [72/456] PTTH
[06:21:40] [73/456] RKMH
[06:21:42] [74/456] PRCS
[06:21:43] [75/456] VAJA
[06:21:44] [76/456] BJNG
[06:21:45] [77/456] SCVM
[06:21:46] [78/456] GNHB
[06:21:47] [79/456] TLUR
[06:21:47] [80/456] UKCC
[06:21:48] 🔄 Identity reset
[06:21:48] 🔄 Identity rotated (every 10 requests)
[06:21:49] [81/456] SRKR
[06:21:50] [82/456] RMKN
[06:21:51] [83/456] SLRT
[06:21:52] [84/456] LKMT
[06:21:53] [85/456] SSRJ
[06:21:54] [86/456] SPHT
[06:21:55] [87/456] ANTT
[06:21:57] [88/456] SRCH
[06:21:58] [89/456] SRCA
[06:21:59] [90/456] ARTH
[06:21:59] 🔄 Identity reset
[06:21:59] 🔄 Identity rotated (every 10 requests)
[06:22:00] [91/456] MCBH
[06:22:02] [92/456] SNIB
[06:22:03] [93/456] SART
[06:22:05] [94/456] SKTA
[06:22:06] [95/456] YAKT
[06:22:07] [96/456] MLCK
[06:22:08] [97/456] ANTS
[06:22:09] [98/456] DGCA
[06:22:10] [99/456] SGMP
[06:22:11] [100/456] ASWN
[06:22:12] 🔄 Identity reset
[06:22:12] 🔄 Identity rotated (every 10 requests)
[06:22:13] [101/456] KFVU
[06:22:14] [102/456] POOR
[06:22:15] [103/456] GKDN
[06:22:16] [104/456] EOSE
[06:22:18] [105/456] GTTT
[06:22:19] [106/456] ARRO
[06:22:20] [107/456] CMMK
[06:22:22] [108/456] MSCN
[06:22:23] [109/456] GDKH
[06:22:24] [110/456] DLMT
[06:22:24] 🔄 Identity reset
[06:22:24] 🔄 Identity rotated (every 10 requests)
[06:22:24] 🔄 Retry 1/5 for DLMT in 2.7s
[06:22:24] 🔄 Identity reset
[06:22:27] 🧠 New identity created
[06:22:27] [111/456] PVMF
[06:22:28] [112/456] CPCK
[06:22:29] [113/456] VMHE
[06:22:30] [114/456] PVLC
[06:22:31] [115/456] PCVB
[06:22:32] [116/456] SNYK
[06:22:34] [117/456] KTEK
[06:22:35] [118/456] PCNM
[06:22:35] [119/456] NTTR
[06:22:36] 🔄 Identity reset
[06:22:36] 🔄 Identity rotated (every 10 requests)
[06:22:37] [120/456] CPSK
[06:22:38] [121/456] JMMA
[06:22:40] [122/456] GCFK
[06:22:41] [123/456] MYCA
[06:22:42] [124/456] KSNP
[06:22:43] [125/456] PMCE
[06:22:44] [126/456] SCKI
[06:22:45] [127/456] FSMA
[06:22:47] [128/456] CETA
[06:22:48] [129/456] MCIK
[06:22:48] 🔄 Identity reset
[06:22:48] 🔄 Identity rotated (every 10 requests)
[06:22:48] [130/456] MYCR
[06:22:50] [131/456] EVMP
[06:22:51] [132/456] SSGT
[06:22:52] [133/456] KCTK
[06:22:53] [134/456] ZTKC
[06:22:54] [135/456] MMTA
[06:22:55] [136/456] MAJT
[06:22:57] [137/456] ACPK
[06:22:58] [138/456] JMAX
[06:22:59] [139/456] SETK
[06:23:00] 🔄 Identity reset
[06:23:00] 🔄 Identity rotated (every 10 requests)
[06:23:00] [140/456] CAIS
[06:23:01] [141/456] AGCD
[06:23:02] [142/456] URCL
[06:23:03] [143/456] VTDS
[06:23:04] [144/456] JCNM
[06:23:05] [145/456] KCAM
[06:23:06] [146/456] ADCU
[06:23:07] [147/456] GXYN
[06:23:08] [148/456] SMJG
[06:23:09] [149/456] EYCJ
[06:23:10] 🔄 Identity reset
[06:23:10] 🔄 Identity rotated (every 10 requests)
[06:23:10] [150/456] CCEJ
[06:23:11] [151/456] MARS
[06:23:12] [152/456] CPVJ
[06:23:13] [153/456] INVP
[06:23:14] [154/456] CPOV
[06:23:15] [155/456] VIJK
[06:23:16] [156/456] LAIM
[06:23:17] [157/456] STHV
[06:23:18] [158/456] SVLJ
[06:23:19] [159/456] ATVJ
[06:23:20] 🔄 Identity reset
[06:23:20] 🔄 Identity rotated (every 10 requests)
[06:23:21] [160/456] JTSC
[06:23:22] [161/456] RMTV
[06:23:23] [162/456] MGGG
[06:23:25] [163/456] SWTH
[06:23:26] [164/456] INVJ
[06:23:26] [165/456] PRSV
[06:23:27] [166/456] JATV
[06:23:28] [167/456] RCVD
[06:23:29] [168/456] BDMA
[06:23:30] [169/456] BLJI
[06:23:31] 🔄 Identity reset
[06:23:31] 🔄 Identity rotated (every 10 requests)
[06:23:32] [170/456] SWOT
[06:23:33] [171/456] SWRN
[06:23:34] [172/456] TVRA
[06:23:35] [173/456] NVRN
[06:23:36] [174/456] SIKC
[06:23:37] [175/456] VAKR
[06:23:38] [176/456] SYLN
[06:23:39] [177/456] KLJL
[06:23:40] [178/456] LKMY
[06:23:41] [179/456] VSLY
[06:23:42] 🔄 Identity reset
[06:23:42] 🔄 Identity rotated (every 10 requests)
[06:23:42] [180/456] CIKO
[06:23:43] [181/456] GPBG
[06:23:45] [182/456] CECM
[06:23:46] [183/456] SLKB
[06:23:47] [184/456] MTBO
[06:23:49] [185/456] SSHB
[06:23:50] [186/456] VPCS
[06:23:51] [187/456] RCSR
[06:23:52] [188/456] RJRM
[06:23:53] [189/456] KPPB
[06:23:54] 🔄 Identity reset
[06:23:54] 🔄 Identity rotated (every 10 requests)
[06:23:55] [190/456] SEDC
[06:23:56] [191/456] SCAI
[06:23:57] [192/456] RMTR
[06:23:59] [193/456] ASST
[06:24:00] [194/456] GCAK
[06:24:01] [195/456] ANNK
[06:24:02] [196/456] KDDF
[06:24:04] [197/456] NRDP
[06:24:05] [198/456] PLAK
[06:24:06] [199/456] GCMC
[06:24:07] 🔄 Identity reset
[06:24:07] 🔄 Identity rotated (every 10 requests)
[06:24:07] [200/456] ALPY
[06:24:08] [201/456] SICE
[06:24:09] [202/456] SISR
[06:24:10] [203/456] SRPZ
[06:24:11] [204/456] SRSW
[06:24:12] [205/456] SUYA
[06:24:13] [206/456] AMMT
[06:24:14] [207/456] BHCU
[06:24:15] [208/456] KLPA
[06:24:16] [209/456] NVKH
[06:24:16] 🔄 Identity reset
[06:24:16] 🔄 Identity rotated (every 10 requests)
[06:24:17] [210/456] JMRC
[06:24:18] [211/456] KTTT
[06:24:20] [212/456] MAGH
[06:24:21] [213/456] MMMX
[06:24:22] [214/456] SALJ
[06:24:23] [215/456] GTJA
[06:24:25] [216/456] MAHT
[06:24:25] [217/456] SSNN
[06:24:26] [218/456] ARRP
[06:24:27] [219/456] ATNS
[06:24:28] 🔄 Identity reset
[06:24:28] 🔄 Identity rotated (every 10 requests)
[06:24:28] [220/456] SKDT
[06:24:29] [221/456] ACAT
[06:24:30] [222/456] APRC
[06:24:31] [223/456] SWAG
[06:24:31] [224/456] SDPT
[06:24:32] [225/456] STPS
[06:24:34] [226/456] WWCZ
[06:24:35] [227/456] LLCH
[06:24:36] [228/456] MZHA
[06:24:36] [229/456] CRJG
[06:24:37] 🔄 Identity reset
[06:24:37] 🔄 Identity rotated (every 10 requests)
[06:24:37] [230/456] JGTK
[06:24:39] [231/456] KCSR
[06:24:40] [232/456] CHTL
[06:24:41] [233/456] EDSR
[06:24:42] [234/456] CSWO
[06:24:43] [235/456] CPVM
[06:24:45] [236/456] MXBY
[06:24:46] [237/456] FMMA
[06:24:47] [238/456] POVI
[06:24:48] [239/456] MTHB
[06:24:49] 🔄 Identity reset
[06:24:49] 🔄 Identity rotated (every 10 requests)
[06:24:50] [240/456] INRC
[06:24:51] [241/456] PIPP
[06:24:51] [242/456] BMXC
[06:24:52] [243/456] PCMM
[06:24:54] [244/456] PMKM
[06:24:55] [245/456] GATY
[06:24:57] [246/456] IMCM
[06:24:58] [247/456] POPE
[06:24:59] [248/456] MTCR
[06:25:00] [249/456] PVAE
[06:25:01] 🔄 Identity reset
[06:25:01] 🔄 Identity rotated (every 10 requests)
[06:25:01] [250/456] PVMI
[06:25:02] [251/456] CPNM
[06:25:03] [252/456] FMRL
[06:25:04] [253/456] MCIW
[06:25:06] [254/456] MXBO
[06:25:06] [255/456] FMKY
[06:25:07] [256/456] FMDA
[06:25:08] [257/456] THAB
[06:25:10] [258/456] PRCW
[06:25:11] [259/456] PITI
[06:25:12] 🔄 Identity reset
[06:25:12] 🔄 Identity rotated (every 10 requests)
[06:25:12] [260/456] MCFF
[06:25:13] [261/456] PDDV
[06:25:14] [262/456] MCRM
[06:25:15] [263/456] KKMB
[06:25:16] [264/456] INKO
[06:25:17] [265/456] PLXP
[06:25:18] [266/456] MMHA
[06:25:19] [267/456] FMVS
[06:25:20] [268/456] POLM
[06:25:22] [269/456] STER
[06:25:23] 🔄 Identity reset
[06:25:23] 🔄 Identity rotated (every 10 requests)
[06:25:24] [270/456] PVWJ
[06:25:25] [271/456] IMJW
[06:25:27] [272/456] FNAN
[06:25:28] [273/456] CAGL
[06:25:28] [274/456] IPBG
[06:25:29] [275/456] SMFV
[06:25:30] [276/456] MMMR
[06:25:32] [277/456] MMWM
[06:25:34] [278/456] FNCM
[06:25:35] [279/456] MDVA
[06:25:36] 🔄 Identity reset
[06:25:36] 🔄 Identity rotated (every 10 requests)
[06:25:36] [280/456] MMET
[06:25:37] [281/456] MIDO
[06:25:38] [282/456] INNP
[06:25:40] [283/456] MIFU
[06:25:40] [284/456] MMSZ
[06:25:41] [285/456] BMXA
[06:25:43] [286/456] MCAA
[06:25:44] [287/456] SCVP
[06:25:46] [288/456] PLUS
[06:25:47] [289/456] MUCK
[06:25:48] 🔄 Identity reset
[06:25:48] 🔄 Identity rotated (every 10 requests)
[06:25:49] [290/456] MTMA
[06:25:49] [291/456] HPVR
[06:25:50] [292/456] PMPK
[06:25:51] [293/456] MAJB
[06:25:53] [294/456] CTRR
[06:25:54] [295/456] MCTG
[06:25:56] [296/456] MACE
[06:25:57] [297/456] AAAS
[06:25:59] [298/456] CPVV
[06:25:59] [299/456] RCHG
[06:26:00] 🔄 Identity reset
[06:26:00] 🔄 Identity rotated (every 10 requests)
[06:26:00] 🔄 Retry 1/5 for RCHG in 2.6s
[06:26:00] 🔄 Identity reset
[06:26:03] 🧠 New identity created
[06:26:04] [300/456] MCNE
[06:26:04] [301/456] EMNC
[06:26:06] [302/456] MCAN
[06:26:08] [303/456] TCDM
[06:26:10] [304/456] IRGT
[06:26:10] [305/456] GCMG
[06:26:11] [306/456] MXSN
[06:26:12] [307/456] MXCK
[06:26:13] [308/456] MCRC
[06:26:14] 🔄 Identity reset
[06:26:14] 🔄 Identity rotated (every 10 requests)
[06:26:14] [309/456] RSMI
[06:26:16] [310/456] WAML
[06:26:17] [311/456] MTSC
[06:26:19] [312/456] FMDR
[06:26:20] [313/456] LEPV
[06:26:21] [314/456] MTGD
[06:26:22] [315/456] IMOB
[06:26:24] [316/456] CLMM
[06:26:24] [317/456] PZCD
[06:26:26] [318/456] GOCS
[06:26:26] 🔄 Identity reset
[06:26:26] 🔄 Identity rotated (every 10 requests)
[06:26:27] [319/456] KCMA
[06:26:29] [320/456] CCMP
[06:26:30] [321/456] MTSU
[06:26:31] [322/456] SNGL
[06:26:32] [323/456] MMMC
[06:26:34] [324/456] MMAA
[06:26:35] [325/456] GCDM
[06:26:35] [326/456] KTMV
[06:26:36] [327/456] AETE
[06:26:38] [328/456] OMCS
[06:26:38] 🔄 Identity reset
[06:26:38] 🔄 Identity rotated (every 10 requests)
[06:26:39] [329/456] GDCD
[06:26:40] [330/456] NYMD
[06:26:41] [331/456] RNCV
[06:26:42] [332/456] KKMT
[06:26:43] [333/456] GDTH
[06:26:44] [334/456] KMMV
[06:26:45] [335/456] NHCG
[06:26:46] [336/456] PJDW
[06:26:47] [337/456] MMCV
[06:26:48] [338/456] FQSA
[06:26:48] 🔄 Identity reset
[06:26:48] 🔄 Identity rotated (every 10 requests)
[06:26:49] [339/456] KURL
[06:26:51] [340/456] NNNX
[06:26:52] [341/456] AMAU
[06:26:53] [342/456] VVVM
[06:26:54] [343/456] VECU
[06:26:55] [344/456] WCVR
[06:26:56] [345/456] MTGG
[06:26:57] [346/456] SGTG
[06:26:59] [347/456] MNTG
[06:27:00] [348/456] JDDG
[06:27:00] 🔄 Identity reset
[06:27:00] 🔄 Identity rotated (every 10 requests)
[06:27:01] [349/456] MBTK
[06:27:02] [350/456] SGCD
[06:27:02] [351/456] MCTC
[06:27:03] [352/456] JTPC
[06:27:05] [353/456] SDKT
[06:27:06] [354/456] KRCC
[06:27:07] [355/456] RMMD
[06:27:08] [356/456] AAME
[06:27:08] [357/456] TMWC
[06:27:09] [358/456] NRWY
[06:27:10] 🔄 Identity reset
[06:27:10] 🔄 Identity rotated (every 10 requests)
[06:27:11] [359/456] CITD
[06:27:12] [360/456] VERD
[06:27:13] [361/456] MKSK
[06:27:14] [362/456] STSM
[06:27:16] [363/456] MJDG
[06:27:17] [364/456] RKPM
[06:27:19] [365/456] SSCE
[06:27:20] [366/456] VMAE
[06:27:21] [367/456] SBRU
[06:27:22] [368/456] AMBC
[06:27:23] 🔄 Identity reset
[06:27:23] 🔄 Identity rotated (every 10 requests)
[06:27:23] [369/456] AMLU
[06:27:24] [370/456] INVZ
[06:27:25] [371/456] LGTV
[06:27:26] [372/456] SVAD
[06:27:27] [373/456] SMSA
[06:27:29] [374/456] SPCZ
[06:27:30] [375/456] GTCX
[06:27:31] [376/456] SCSL
[06:27:32] [377/456] SAHU
[06:27:33] [378/456] NCDA
[06:27:34] 🔄 Identity reset
[06:27:34] 🔄 Identity rotated (every 10 requests)
[06:27:34] [379/456] SCCG
[06:27:36] [380/456] VKTL
[06:27:37] [381/456] PUUJ
[06:27:38] [382/456] STEJ
[06:27:39] [383/456] RJAL
[06:27:40] [384/456] ACJC
[06:27:40] [385/456] ARVB
[06:27:42] [386/456] AUBB
[06:27:43] [387/456] GDBR
[06:27:44] [388/456] PVND
[06:27:44] 🔄 Identity reset
[06:27:44] 🔄 Identity rotated (every 10 requests)
[06:27:45] [389/456] BGRJ
[06:27:46] [390/456] RJMM
[06:27:47] [391/456] MCSA
[06:27:48] [392/456] BODA
[06:27:50] [393/456] JAGG
[06:27:51] [394/456] SCGA
[06:27:52] [395/456] LRCM
[06:27:53] [396/456] CPCN
[06:27:54] [397/456] SSTF
[06:27:56] [398/456] SRXP
[06:27:57] 🔄 Identity reset
[06:27:57] 🔄 Identity rotated (every 10 requests)
[06:27:57] [399/456] CNFX
[06:27:58] [400/456] ANDI
[06:27:59] [401/456] SYEW
[06:28:00] [402/456] RCRE
[06:28:02] [403/456] SCRW
[06:28:03] [404/456] MBKR
[06:28:04] [405/456] ASNT
[06:28:05] [406/456] JTMT
[06:28:06] [407/456] SHAY
[06:28:07] [408/456] VRTH
[06:28:08] 🔄 Identity reset
[06:28:08] 🔄 Identity rotated (every 10 requests)
[06:28:09] [409/456] SPTI
[06:28:09] [410/456] DPTD
[06:28:10] [411/456] TGSN
[06:28:12] [412/456] RCWV
[06:28:13] [413/456] OCUR
[06:28:14] [414/456] KSTC
[06:28:15] [415/456] SANI
[06:28:17] [416/456] MLCA
[06:28:18] [417/456] EGCA
[06:28:19] [418/456] SYSN
[06:28:20] 🔄 Identity reset
[06:28:20] 🔄 Identity rotated (every 10 requests)
[06:28:20] [419/456] PKTA
[06:28:21] [420/456] PRCC
[06:28:22] [421/456] KSTR
[06:28:23] [422/456] SNTP
[06:28:24] [423/456] RCHA
[06:28:24] [424/456] SEEA
[06:28:25] [425/456] ALAT
[06:28:26] [426/456] AATV
[06:28:27] [427/456] RJTE
[06:28:29] [428/456] AAPP
[06:28:29] 🔄 Identity reset
[06:28:29] 🔄 Identity rotated (every 10 requests)
[06:28:30] [429/456] PMMH
[06:28:31] [430/456] INRJ
[06:28:32] [431/456] SARB
[06:28:32] [432/456] PCJL
[06:28:34] [433/456] PFJJ
[06:28:35] [434/456] GRDC
[06:28:36] [435/456] BCBA
[06:28:38] [436/456] VIXL
[06:28:38] [437/456] CSTL
[06:28:40] [438/456] MTDK
[06:28:41] 🔄 Identity reset
[06:28:41] 🔄 Identity rotated (every 10 requests)
[06:28:41] [439/456] TDAC
[06:28:42] [440/456] GTDN
[06:28:43] [441/456] TTDE
[06:28:44] [442/456] ASTS
[06:28:44] [443/456] CPNS
[06:28:45] [444/456] PVVW
[06:28:46] [445/456] USEB
[06:28:48] [446/456] DTYN
[06:28:49] [447/456] PVLE
[06:28:50] [448/456] CIPS
[06:28:51] 🔄 Identity reset
[06:28:51] 🔄 Identity rotated (every 10 requests)
[06:28:52] [449/456] PAEG
[06:28:53] [450/456] PTCW
[06:28:54] [451/456] G3SR
[06:28:55] [452/456] PGND
[06:28:56] [453/456] INVM
[06:28:57] [454/456] SPIA
[06:28:58] [455/456] PCSN
[06:28:59] [456/456] PPGV
[06:29:00] 🧹 Deduping shows
[06:29:00] ✅ DONE | Shows=1032 | Movies=51
