[09:36:15] 🚀 SCRIPT STARTED (enhanced anti‑detection)
[09:36:15] [1/322] CDCA
[09:36:16] 🧠 New identity created
[09:36:16] [2/322] VBCZ
[09:36:17] [3/322] MSDR
[09:36:18] [4/322] ACPV
[09:36:19] [5/322] PVHB
[09:36:20] [6/322] RCNH
[09:36:20] [7/322] IOMH
[09:36:21] [8/322] ILKS
[09:36:22] [9/322] AMSN
[09:36:23] [10/322] ANTP
[09:36:23] 🔄 Identity reset
[09:36:23] 🔄 Identity rotated (every 10 requests)
[09:36:24] [11/322] SSEK
[09:36:24] [12/322] PICP
[09:36:25] [13/322] SICO
[09:36:26] [14/322] SISP
[09:36:27] [15/322] SCPI
[09:36:28] [16/322] CRPR
[09:36:29] [17/322] DCTW
[09:36:30] [18/322] DCSP
[09:36:30] [19/322] KRPM
[09:36:31] [20/322] THKK
[09:36:32] 🔄 Identity reset
[09:36:32] 🔄 Identity rotated (every 10 requests)
[09:36:32] [21/322] SNMY
[09:36:33] [22/322] AKCC
[09:36:35] [23/322] PCAT
[09:36:36] [24/322] RFGO
[09:36:37] [25/322] GGCS
[09:36:37] [26/322] ACKR
[09:36:38] [27/322] STDO
[09:36:39] [28/322] ACKB
[09:36:41] [29/322] ALUC
[09:36:43] [30/322] MNSR
[09:36:43] 🔄 Identity reset
[09:36:43] 🔄 Identity rotated (every 10 requests)
[09:36:44] [31/322] CSSL
[09:36:45] [32/322] BGGM
[09:36:46] [33/322] MANT
[09:36:46] [34/322] SOOY
[09:36:47] [35/322] VPPK
[09:36:48] [36/322] MYHJ
[09:36:49] [37/322] KSCK
[09:36:50] [38/322] KATK
[09:36:51] [39/322] RTRT
[09:36:52] [40/322] SSTT
[09:36:52] 🔄 Identity reset
[09:36:52] 🔄 Identity rotated (every 10 requests)
[09:36:52] 🔄 Retry 1/5 for SSTT in 3.0s
[09:36:52] 🔄 Identity reset
[09:36:55] 🧠 New identity created
[09:36:56] [41/322] SSTV
[09:36:57] [42/322] LACM
[09:36:58] [43/322] SGMG
[09:36:58] [44/322] KACX
[09:36:59] [45/322] GVCP
[09:37:00] [46/322] CSNC
[09:37:01] [47/322] SXCB
[09:37:02] [48/322] BAHS
[09:37:03] [49/322] PCBI
[09:37:03] 🔄 Identity reset
[09:37:03] 🔄 Identity rotated (every 10 requests)
[09:37:04] [50/322] PSSM
[09:37:05] [51/322] RCOK
[09:37:06] [52/322] SCPF
[09:37:07] [53/322] SSAS
[09:37:08] [54/322] EVMM
[09:37:08] [55/322] SYCB
[09:37:09] [56/322] GCKI
[09:37:10] [57/322] IAET
[09:37:11] [58/322] DDTD
[09:37:12] [59/322] GMDH
[09:37:13] 🔄 Identity reset
[09:37:13] 🔄 Identity rotated (every 10 requests)
[09:37:13] [60/322] STLE
[09:37:14] [61/322] JTRA
[09:37:15] [62/322] RPPA
[09:37:16] [63/322] ARUT
[09:37:17] [64/322] JTVM
[09:37:18] [65/322] SWRH
[09:37:19] [66/322] DCPC
[09:37:20] [67/322] RAPR
[09:37:21] [68/322] GCRT
[09:37:22] [69/322] ATUN
[09:37:23] 🔄 Identity reset
[09:37:23] 🔄 Identity rotated (every 10 requests)
[09:37:23] [70/322] LTRM
[09:37:24] [71/322] TASR
[09:37:25] [72/322] RLLC
[09:37:26] [73/322] MABI
[09:37:27] [74/322] SVHB
[09:37:27] [75/322] NVTB
[09:37:29] [76/322] KCKG
[09:37:30] [77/322] SSRN
[09:37:31] [78/322] VDDC
[09:37:32] [79/322] GKTK
[09:37:32] 🔄 Identity reset
[09:37:32] 🔄 Identity rotated (every 10 requests)
[09:37:33] [80/322] YFSN
[09:37:34] [81/322] GCSG
[09:37:34] [82/322] ESSM
[09:37:35] [83/322] KRIH
[09:37:36] [84/322] GCDS
[09:37:37] [85/322] CCSH
[09:37:38] [86/322] ACSK
[09:37:39] [87/322] APRK
[09:37:40] [88/322] ADKM
[09:37:41] [89/322] SRDM
[09:37:42] 🔄 Identity reset
[09:37:42] 🔄 Identity rotated (every 10 requests)
[09:37:42] [90/322] SJMY
[09:37:43] [91/322] PGGC
[09:37:44] [92/322] INGM
[09:37:45] [93/322] LSCB
[09:37:46] [94/322] STAD
[09:37:47] [95/322] MCCR
[09:37:48] [96/322] ABCC
[09:37:49] [97/322] RKCC
[09:37:50] [98/322] RTCR
[09:37:50] [99/322] GGBC
[09:37:51] 🔄 Identity reset
[09:37:51] 🔄 Identity rotated (every 10 requests)
[09:37:51] [100/322] GCSD
[09:37:52] [101/322] LPTY
[09:37:53] [102/322] MCFD
[09:37:55] [103/322] HENN
[09:37:55] [104/322] SMKU
[09:37:57] [105/322] TNZC
[09:37:59] [106/322] DRCD
[09:38:00] [107/322] DLCD
[09:38:01] [108/322] RCDA
[09:38:02] [109/322] COSM
[09:38:03] 🔄 Identity reset
[09:38:03] 🔄 Identity rotated (every 10 requests)
[09:38:03] [110/322] MCMJ
[09:38:04] [111/322] CSTR
[09:38:05] [112/322] CVDK
[09:38:06] [113/322] INRR
[09:38:07] [114/322] RJRT
[09:38:08] [115/322] IRMR
[09:38:08] [116/322] SRCF
[09:38:09] [117/322] GRCR
[09:38:10] [118/322] SURC
[09:38:11] [119/322] NMNH
[09:38:12] 🔄 Identity reset
[09:38:12] 🔄 Identity rotated (every 10 requests)
[09:38:12] [120/322] SVBL
[09:38:13] [121/322] KACI
[09:38:14] [122/322] TDGO
[09:38:15] [123/322] KTBR
[09:38:15] [124/322] PMAD
[09:38:16] [125/322] CCPN
[09:38:17] [126/322] SBTK
[09:38:18] [127/322] LMDK
[09:38:19] [128/322] PGDA
[09:38:19] [129/322] SRML
[09:38:20] 🔄 Identity reset
[09:38:20] 🔄 Identity rotated (every 10 requests)
[09:38:20] [130/322] EVCK
[09:38:21] [131/322] RTTK
[09:38:22] [132/322] SRTU
[09:38:23] [133/322] VRSA
[09:38:24] [134/322] VARS
[09:38:25] [135/322] DSCZ
[09:38:26] [136/322] GAGA
[09:38:27] [137/322] SARV
[09:38:28] [138/322] SEEG
[09:38:29] [139/322] GLCA
[09:38:29] 🔄 Identity reset
[09:38:29] 🔄 Identity rotated (every 10 requests)
[09:38:30] [140/322] APAS
[09:38:30] [141/322] VCIA
[09:38:32] [142/322] SJTA
[09:38:33] [143/322] SABM
[09:38:33] [144/322] PPAG
[09:38:34] [145/322] RVCA
[09:38:35] [146/322] CCIA
[09:38:36] [147/322] HTAG
[09:38:37] [148/322] SMBI
[09:38:38] [149/322] MCJR
[09:38:38] 🔄 Identity reset
[09:38:38] 🔄 Identity rotated (every 10 requests)
[09:38:38] [150/322] CCJR
[09:38:39] [151/322] SINF
[09:38:40] [152/322] CPLX
[09:38:41] [153/322] KKTJ
[09:38:42] [154/322] GDBW
[09:38:43] [155/322] CSUB
[09:38:44] [156/322] DABA
[09:38:45] [157/322] TITR
[09:38:46] [158/322] NYCR
[09:38:47] [159/322] RTRY
[09:38:47] 🔄 Identity reset
[09:38:47] 🔄 Identity rotated (every 10 requests)
[09:38:48] [160/322] JTJL
[09:38:49] [161/322] SJCP
[09:38:49] [162/322] KCCA
[09:38:50] [163/322] MLPG
[09:38:51] [164/322] VRCK
[09:38:52] [165/322] SRIN
[09:38:53] [166/322] CXMK
[09:38:54] [167/322] SKAD
[09:38:55] [168/322] AVTR
[09:38:56] [169/322] PTAJ
[09:38:56] 🔄 Identity reset
[09:38:56] 🔄 Identity rotated (every 10 requests)
[09:38:57] [170/322] SCNK
[09:38:58] [171/322] STTI
[09:38:58] [172/322] KACR
[09:38:59] [173/322] SSDX
[09:39:00] [174/322] VRTJ
[09:39:01] [175/322] RAJD
[09:39:02] [176/322] SCIP
[09:39:03] [177/322] RJSL
[09:39:03] [178/322] ARRS
[09:39:04] [179/322] ASMS
[09:39:05] 🔄 Identity reset
[09:39:05] 🔄 Identity rotated (every 10 requests)
[09:39:05] [180/322] RDTS
[09:39:06] [181/322] DVMY
[09:39:07] [182/322] RASA
[09:39:08] [183/322] INOM
[09:39:09] [184/322] SPRS
[09:39:10] [185/322] SGCS
[09:39:11] [186/322] SALM
[09:39:12] [187/322] PKHC
[09:39:12] [188/322] RCSV
[09:39:13] [189/322] CPKC
[09:39:14] 🔄 Identity reset
[09:39:14] 🔄 Identity rotated (every 10 requests)
[09:39:14] [190/322] AACD
[09:39:16] [191/322] GGCV
[09:39:16] [192/322] SMKD
[09:39:17] [193/322] NBCH
[09:39:18] [194/322] AMCB
[09:39:19] [195/322] OPCN
[09:39:21] [196/322] DCIN
[09:39:21] [197/322] INGW
[09:39:22] [198/322] PKKW
[09:39:23] [199/322] FNGW
[09:39:24] 🔄 Identity reset
[09:39:24] 🔄 Identity rotated (every 10 requests)
[09:39:24] [200/322] GCGD
[09:39:25] [201/322] MSTW
[09:39:26] [202/322] KCCG
[09:39:27] [203/322] MRSS
[09:39:28] [204/322] CLCF
[09:39:29] [205/322] EETS
[09:39:30] [206/322] AATR
[09:39:31] [207/322] CMMN
[09:39:32] [208/322] SCCJ
[09:39:32] [209/322] CDTK
[09:39:33] 🔄 Identity reset
[09:39:33] 🔄 Identity rotated (every 10 requests)
[09:39:34] [210/322] AICP
[09:39:35] [211/322] FNBP
[09:39:36] [212/322] CBPB
[09:39:37] [213/322] CPAS
[09:39:38] [214/322] MAPM
[09:39:39] [215/322] PASD
[09:39:40] [216/322] JCMN
[09:39:41] [217/322] MALB
[09:39:42] [218/322] SACG
[09:39:42] [219/322] DDRX
[09:39:43] 🔄 Identity reset
[09:39:43] 🔄 Identity rotated (every 10 requests)
[09:39:43] [220/322] DDXB
[09:39:44] [221/322] RAMC
[09:39:45] [222/322] SANC
[09:39:46] [223/322] BCBP
[09:39:47] [224/322] ALPC
[09:39:48] [225/322] RBAC
[09:39:48] [226/322] RAJL
[09:39:49] [227/322] MPDX
[09:39:50] [228/322] MUSC
[09:39:51] [229/322] VKMK
[09:39:52] 🔄 Identity reset
[09:39:52] 🔄 Identity rotated (every 10 requests)
[09:39:52] [230/322] SKCG
[09:39:53] [231/322] ANCN
[09:39:54] [232/322] MMCJ
[09:39:55] [233/322] DCAK
[09:39:56] [234/322] SCKG
[09:39:57] [235/322] LMCK
[09:39:58] [236/322] CKKX
[09:40:00] [237/322] ANKU
[09:40:01] [238/322] CSMD
[09:40:02] [239/322] MKMP
[09:40:02] 🔄 Identity reset
[09:40:02] 🔄 Identity rotated (every 10 requests)
[09:40:03] [240/322] SVBG
[09:40:04] [241/322] ROOP
[09:40:05] [242/322] GDMT
[09:40:06] [243/322] FPPF
[09:40:07] [244/322] SFUU
[09:40:08] [245/322] ANCB
[09:40:09] [246/322] SMMC
[09:40:10] [247/322] UGKT
[09:40:11] [248/322] JVRM
[09:40:12] [249/322] BATG
[09:40:13] 🔄 Identity reset
[09:40:13] 🔄 Identity rotated (every 10 requests)
[09:40:13] [250/322] RATE
[09:40:14] [251/322] SKME
[09:40:15] [252/322] LMTP
[09:40:15] [253/322] TCBD
[09:40:16] [254/322] ESBD
[09:40:17] [255/322] GDCU
[09:40:18] [256/322] SNKT
[09:40:19] [257/322] SRNK
[09:40:20] [258/322] SMED
[09:40:21] [259/322] CSQS
[09:40:22] 🔄 Identity reset
[09:40:22] 🔄 Identity rotated (every 10 requests)
[09:40:22] [260/322] ALCS
[09:40:23] [261/322] KCKN
[09:40:24] [262/322] VCCL
[09:40:25] [263/322] MCDA
[09:40:26] [264/322] SHMI
[09:40:27] [265/322] SKHA
[09:40:28] [266/322] SVFK
[09:40:28] [267/322] INVB
[09:40:29] [268/322] MELD
[09:40:30] [269/322] JTYS
[09:40:31] 🔄 Identity reset
[09:40:31] 🔄 Identity rotated (every 10 requests)
[09:40:31] [270/322] INCM
[09:40:32] [271/322] MCDV
[09:40:33] [272/322] KSGK
[09:40:34] [273/322] ICMG
[09:40:34] [274/322] CSCV
[09:40:35] [275/322] STMD
[09:40:37] [276/322] STTR
[09:40:38] [277/322] INVC
[09:40:38] [278/322] JTBL
[09:40:39] [279/322] SRVV
[09:40:40] 🔄 Identity reset
[09:40:40] 🔄 Identity rotated (every 10 requests)
[09:40:40] [280/322] MAVC
[09:40:41] [281/322] SRPP
[09:40:42] [282/322] JGDM
[09:40:43] [283/322] MBSJ
[09:40:44] [284/322] SSLL
[09:40:45] [285/322] SLKP
[09:40:46] [286/322] NSRV
[09:40:47] [287/322] UTDV
[09:40:48] [288/322] KICM
[09:40:49] [289/322] KCMD
[09:40:49] 🔄 Identity reset
[09:40:49] 🔄 Identity rotated (every 10 requests)
[09:40:50] [290/322] TTPP
[09:40:50] [291/322] KMPV
[09:40:52] [292/322] SKTV
[09:40:53] [293/322] STCV
[09:40:54] [294/322] SRDA
[09:40:54] [295/322] JTSX
[09:40:55] [296/322] STBV
[09:40:56] [297/322] APVZ
[09:40:57] [298/322] GSTV
[09:40:58] [299/322] NMVS
[09:40:59] 🔄 Identity reset
[09:40:59] 🔄 Identity rotated (every 10 requests)
[09:40:59] [300/322] SKRT
[09:41:00] [301/322] RMDV
[09:41:00] [302/322] RATG
[09:41:01] [303/322] SJYV
[09:41:02] [304/322] NDGP
[09:41:03] [305/322] SNDG
[09:41:03] [306/322] INSR
[09:41:04] [307/322] INSO
[09:41:05] [308/322] CCSI
[09:41:06] [309/322] RASM
[09:41:07] 🔄 Identity reset
[09:41:07] 🔄 Identity rotated (every 10 requests)
[09:41:08] [310/322] NEWC
[09:41:09] [311/322] VSHL
[09:41:10] [312/322] BISW
[09:41:10] [313/322] GCNG
[09:41:11] [314/322] CWSC
[09:41:12] [315/322] SKAN
[09:41:13] [316/322] CCOA
[09:41:14] [317/322] MCAJ
[09:41:14] [318/322] ACDE
[09:41:15] [319/322] AACM
[09:41:16] 🔄 Identity reset
[09:41:16] 🔄 Identity rotated (every 10 requests)
[09:41:17] [320/322] JJCK
[09:41:18] [321/322] RCMO
[09:41:18] [322/322] GDAW
[09:41:20] 🧹 Deduping shows
[09:41:20] ✅ DONE | Shows=135 | Movies=10
[16:35:17] 🚀 SCRIPT STARTED (enhanced anti‑detection)
[16:35:17] [1/326] VCHA
[16:35:17] 🧠 New identity created
[16:35:17] [2/326] SCKO
[16:35:18] [3/326] VKTK
[16:35:20] [4/326] DXEC
[16:35:21] [5/326] CDCA
[16:35:22] [6/326] VBCZ
[16:35:23] [7/326] MSDR
[16:35:24] [8/326] ACPV
[16:35:24] [9/326] PVHB
[16:35:25] [10/326] RCNH
[16:35:26] 🔄 Identity reset
[16:35:26] 🔄 Identity rotated (every 10 requests)
[16:35:26] [11/326] IOMH
[16:35:27] [12/326] ILKS
[16:35:28] [13/326] AMSN
[16:35:29] [14/326] ANTP
[16:35:30] [15/326] SSEK
[16:35:31] [16/326] PICP
[16:35:31] [17/326] SICO
[16:35:32] [18/326] SISP
[16:35:33] [19/326] SCPI
[16:35:34] [20/326] CRPR
[16:35:34] 🔄 Identity reset
[16:35:34] 🔄 Identity rotated (every 10 requests)
[16:35:35] [21/326] DCTW
[16:35:36] [22/326] DCSP
[16:35:37] [23/326] KRPM
[16:35:37] [24/326] THKK
[16:35:38] [25/326] SNMY
[16:35:39] [26/326] AKCC
[16:35:40] [27/326] PCAT
[16:35:41] [28/326] RFGO
[16:35:42] [29/326] GGCS
[16:35:43] [30/326] ACKR
[16:35:44] 🔄 Identity reset
[16:35:44] 🔄 Identity rotated (every 10 requests)
[16:35:44] [31/326] STDO
[16:35:45] [32/326] ACKB
[16:35:46] [33/326] ALUC
[16:35:47] [34/326] MNSR
[16:35:48] [35/326] CSSL
[16:35:49] [36/326] BGGM
[16:35:49] [37/326] MANT
[16:35:50] [38/326] SOOY
[16:35:51] [39/326] VPPK
[16:35:52] [40/326] MYHJ
[16:35:52] 🔄 Identity reset
[16:35:52] 🔄 Identity rotated (every 10 requests)
[16:35:53] [41/326] KSCK
[16:35:54] [42/326] KATK
[16:35:55] [43/326] RTRT
[16:35:56] [44/326] SSTT
[16:35:57] [45/326] SSTV
[16:35:57] [46/326] LACM
[16:35:58] [47/326] SGMG
[16:35:59] [48/326] KACX
[16:36:00] [49/326] GVCP
[16:36:01] [50/326] CSNC
[16:36:01] 🔄 Identity reset
[16:36:02] 🔄 Identity rotated (every 10 requests)
[16:36:03] [51/326] SXCB
[16:36:04] [52/326] BAHS
[16:36:04] [53/326] PCBI
[16:36:05] [54/326] PSSM
[16:36:06] [55/326] RCOK
[16:36:07] [56/326] SCPF
[16:36:08] [57/326] SSAS
[16:36:09] [58/326] EVMM
[16:36:10] [59/326] SYCB
[16:36:11] [60/326] GCKI
[16:36:11] 🔄 Identity reset
[16:36:11] 🔄 Identity rotated (every 10 requests)
[16:36:12] [61/326] IAET
[16:36:13] [62/326] DDTD
[16:36:14] [63/326] GMDH
[16:36:14] [64/326] STLE
[16:36:15] [65/326] JTRA
[16:36:16] [66/326] RPPA
[16:36:17] [67/326] ARUT
[16:36:18] [68/326] JTVM
[16:36:19] [69/326] SWRH
[16:36:19] [70/326] DCPC
[16:36:20] 🔄 Identity reset
[16:36:20] 🔄 Identity rotated (every 10 requests)
[16:36:20] [71/326] RAPR
[16:36:21] [72/326] GCRT
[16:36:22] [73/326] ATUN
[16:36:23] [74/326] LTRM
[16:36:24] [75/326] TASR
[16:36:24] [76/326] RLLC
[16:36:25] [77/326] MABI
[16:36:26] [78/326] SVHB
[16:36:27] [79/326] NVTB
[16:36:28] [80/326] KCKG
[16:36:29] 🔄 Identity reset
[16:36:29] 🔄 Identity rotated (every 10 requests)
[16:36:29] [81/326] SSRN
[16:36:30] [82/326] VDDC
[16:36:31] [83/326] GKTK
[16:36:32] [84/326] YFSN
[16:36:33] [85/326] GCSG
[16:36:34] [86/326] ESSM
[16:36:35] [87/326] KRIH
[16:36:35] [88/326] GCDS
[16:36:36] [89/326] CCSH
[16:36:37] [90/326] ACSK
[16:36:38] 🔄 Identity reset
[16:36:38] 🔄 Identity rotated (every 10 requests)
[16:36:38] 🔄 Retry 1/5 for ACSK in 2.4s
[16:36:38] 🔄 Identity reset
[16:36:40] 🧠 New identity created
[16:36:41] [91/326] APRK
[16:36:41] [92/326] ADKM
[16:36:42] [93/326] SRDM
[16:36:43] [94/326] SJMY
[16:36:45] [95/326] PGGC
[16:36:47] [96/326] INGM
[16:36:48] [97/326] LSCB
[16:36:49] [98/326] STAD
[16:36:50] [99/326] MCCR
[16:36:51] 🔄 Identity reset
[16:36:51] 🔄 Identity rotated (every 10 requests)
[16:36:51] [100/326] ABCC
[16:36:52] [101/326] RKCC
[16:36:53] [102/326] RTCR
[16:36:54] [103/326] GGBC
[16:36:55] [104/326] GCSD
[16:36:56] [105/326] LPTY
[16:36:56] [106/326] MCFD
[16:36:57] [107/326] HENN
[16:36:58] [108/326] SMKU
[16:36:59] [109/326] TNZC
[16:37:00] 🔄 Identity reset
[16:37:00] 🔄 Identity rotated (every 10 requests)
[16:37:00] [110/326] DRCD
[16:37:01] [111/326] DLCD
[16:37:02] [112/326] RCDA
[16:37:03] [113/326] COSM
[16:37:04] [114/326] MCMJ
[16:37:04] [115/326] CSTR
[16:37:05] [116/326] CVDK
[16:37:07] [117/326] INRR
[16:37:08] [118/326] RJRT
[16:37:09] [119/326] IRMR
[16:37:09] 🔄 Identity reset
[16:37:09] 🔄 Identity rotated (every 10 requests)
[16:37:10] [120/326] SRCF
[16:37:11] [121/326] GRCR
[16:37:12] [122/326] SURC
[16:37:13] [123/326] NMNH
[16:37:13] [124/326] SVBL
[16:37:14] [125/326] KACI
[16:37:15] [126/326] TDGO
[16:37:16] [127/326] KTBR
[16:37:17] [128/326] PMAD
[16:37:18] [129/326] CCPN
[16:37:18] 🔄 Identity reset
[16:37:18] 🔄 Identity rotated (every 10 requests)
[16:37:18] 🔄 Retry 1/5 for CCPN in 2.2s
[16:37:18] 🔄 Identity reset
[16:37:20] 🧠 New identity created
[16:37:21] [130/326] SBTK
[16:37:22] [131/326] LMDK
[16:37:23] [132/326] PGDA
[16:37:24] [133/326] SRML
[16:37:24] [134/326] EVCK
[16:37:25] [135/326] RTTK
[16:37:27] [136/326] SRTU
[16:37:28] [137/326] VRSA
[16:37:29] [138/326] VARS
[16:37:30] 🔄 Identity reset
[16:37:30] 🔄 Identity rotated (every 10 requests)
[16:37:30] [139/326] DSCZ
[16:37:31] [140/326] GAGA
[16:37:32] [141/326] SARV
[16:37:33] [142/326] SEEG
[16:37:34] [143/326] GLCA
[16:37:35] [144/326] APAS
[16:37:36] [145/326] VCIA
[16:37:37] [146/326] SJTA
[16:37:39] [147/326] SABM
[16:37:40] [148/326] PPAG
[16:37:40] 🔄 Identity reset
[16:37:40] 🔄 Identity rotated (every 10 requests)
[16:37:40] 🔄 Retry 1/5 for PPAG in 2.6s
[16:37:40] 🔄 Identity reset
[16:37:43] 🧠 New identity created
[16:37:43] 🔄 Retry 2/5 for PPAG in 4.1s
[16:37:43] 🔄 Identity reset
[16:37:47] 🧠 New identity created
[16:37:47] [149/326] RVCA
[16:37:48] [150/326] CCIA
[16:37:49] [151/326] HTAG
[16:37:50] [152/326] SMBI
[16:37:51] [153/326] MCJR
[16:37:52] [154/326] CCJR
[16:37:54] [155/326] SINF
[16:37:54] [156/326] CPLX
[16:37:55] 🔄 Identity reset
[16:37:55] 🔄 Identity rotated (every 10 requests)
[16:37:55] [157/326] KKTJ
[16:37:56] [158/326] GDBW
[16:37:57] [159/326] CSUB
[16:37:58] [160/326] DABA
[16:37:59] [161/326] TITR
[16:38:00] [162/326] NYCR
[16:38:01] [163/326] RTRY
[16:38:02] [164/326] JTJL
[16:38:03] [165/326] SJCP
[16:38:04] [166/326] KCCA
[16:38:04] 🔄 Identity reset
[16:38:04] 🔄 Identity rotated (every 10 requests)
[16:38:05] [167/326] MLPG
[16:38:05] [168/326] VRCK
[16:38:07] [169/326] SRIN
[16:38:07] [170/326] CXMK
[16:38:08] [171/326] SKAD
[16:38:09] [172/326] AVTR
[16:38:10] [173/326] PTAJ
[16:38:11] [174/326] SCNK
[16:38:12] [175/326] STTI
[16:38:13] [176/326] KACR
[16:38:13] 🔄 Identity reset
[16:38:13] 🔄 Identity rotated (every 10 requests)
[16:38:14] [177/326] SSDX
[16:38:14] [178/326] VRTJ
[16:38:15] [179/326] RAJD
[16:38:16] [180/326] SCIP
[16:38:17] [181/326] RJSL
[16:38:18] [182/326] ARRS
[16:38:19] [183/326] ASMS
[16:38:20] [184/326] RDTS
[16:38:20] [185/326] DVMY
[16:38:21] [186/326] RASA
[16:38:22] 🔄 Identity reset
[16:38:22] 🔄 Identity rotated (every 10 requests)
[16:38:23] [187/326] INOM
[16:38:23] [188/326] SPRS
[16:38:24] [189/326] SGCS
[16:38:25] [190/326] SALM
[16:38:26] [191/326] PKHC
[16:38:27] [192/326] RCSV
[16:38:28] [193/326] CPKC
[16:38:29] [194/326] AACD
[16:38:30] [195/326] GGCV
[16:38:30] [196/326] SMKD
[16:38:31] 🔄 Identity reset
[16:38:31] 🔄 Identity rotated (every 10 requests)
[16:38:31] [197/326] NBCH
[16:38:32] [198/326] AMCB
[16:38:33] [199/326] OPCN
[16:38:35] [200/326] DCIN
[16:38:36] [201/326] INGW
[16:38:37] [202/326] PKKW
[16:38:38] [203/326] FNGW
[16:38:39] [204/326] GCGD
[16:38:40] [205/326] MSTW
[16:38:40] [206/326] KCCG
[16:38:41] 🔄 Identity reset
[16:38:41] 🔄 Identity rotated (every 10 requests)
[16:38:41] [207/326] MRSS
[16:38:42] [208/326] CLCF
[16:38:43] [209/326] EETS
[16:38:44] [210/326] AATR
[16:38:45] [211/326] CMMN
[16:38:46] [212/326] SCCJ
[16:38:47] [213/326] CDTK
[16:38:48] [214/326] AICP
[16:38:49] [215/326] FNBP
[16:38:50] [216/326] CBPB
[16:38:50] 🔄 Identity reset
[16:38:50] 🔄 Identity rotated (every 10 requests)
[16:38:51] [217/326] CPAS
[16:38:51] [218/326] MAPM
[16:38:52] [219/326] PASD
[16:38:53] [220/326] JCMN
[16:38:54] [221/326] MALB
[16:38:55] [222/326] SACG
[16:38:56] [223/326] DDRX
[16:38:57] [224/326] DDXB
[16:38:58] [225/326] RAMC
[16:38:59] [226/326] SANC
[16:38:59] 🔄 Identity reset
[16:38:59] 🔄 Identity rotated (every 10 requests)
[16:39:00] [227/326] BCBP
[16:39:01] [228/326] ALPC
[16:39:03] [229/326] RBAC
[16:39:04] [230/326] RAJL
[16:39:05] [231/326] MPDX
[16:39:06] [232/326] MUSC
[16:39:07] [233/326] VKMK
[16:39:08] [234/326] SKCG
[16:39:09] [235/326] ANCN
[16:39:10] [236/326] MMCJ
[16:39:10] 🔄 Identity reset
[16:39:10] 🔄 Identity rotated (every 10 requests)
[16:39:11] [237/326] DCAK
[16:39:12] [238/326] SCKG
[16:39:13] [239/326] LMCK
[16:39:14] [240/326] CKKX
[16:39:15] [241/326] ANKU
[16:39:16] [242/326] CSMD
[16:39:17] [243/326] MKMP
[16:39:18] [244/326] SVBG
[16:39:19] [245/326] ROOP
[16:39:20] [246/326] GDMT
[16:39:20] 🔄 Identity reset
[16:39:20] 🔄 Identity rotated (every 10 requests)
[16:39:21] [247/326] FPPF
[16:39:22] [248/326] SFUU
[16:39:22] [249/326] ANCB
[16:39:23] [250/326] SMMC
[16:39:24] [251/326] UGKT
[16:39:25] [252/326] JVRM
[16:39:26] [253/326] BATG
[16:39:27] [254/326] RATE
[16:39:28] [255/326] SKME
[16:39:29] [256/326] LMTP
[16:39:30] 🔄 Identity reset
[16:39:30] 🔄 Identity rotated (every 10 requests)
[16:39:30] [257/326] TCBD
[16:39:31] [258/326] ESBD
[16:39:32] [259/326] GDCU
[16:39:34] [260/326] SNKT
[16:39:35] [261/326] SRNK
[16:39:36] [262/326] SMED
[16:39:37] [263/326] CSQS
[16:39:38] [264/326] ALCS
[16:39:39] [265/326] KCKN
[16:39:40] [266/326] VCCL
[16:39:40] 🔄 Identity reset
[16:39:40] 🔄 Identity rotated (every 10 requests)
[16:39:41] [267/326] MCDA
[16:39:42] [268/326] SHMI
[16:39:42] [269/326] SKHA
[16:39:43] [270/326] SVFK
[16:39:44] [271/326] INVB
[16:39:45] [272/326] MELD
[16:39:46] [273/326] JTYS
[16:39:47] [274/326] INCM
[16:39:48] [275/326] MCDV
[16:39:49] [276/326] KSGK
[16:39:49] 🔄 Identity reset
[16:39:49] 🔄 Identity rotated (every 10 requests)
[16:39:50] [277/326] ICMG
[16:39:51] [278/326] CSCV
[16:39:51] [279/326] STMD
[16:39:52] [280/326] STTR
[16:39:53] [281/326] INVC
[16:39:54] [282/326] JTBL
[16:39:55] [283/326] SRVV
[16:39:56] [284/326] MAVC
[16:39:57] [285/326] SRPP
[16:39:59] [286/326] JGDM
[16:39:59] 🔄 Identity reset
[16:39:59] 🔄 Identity rotated (every 10 requests)
[16:40:00] [287/326] MBSJ
[16:40:00] [288/326] SSLL
[16:40:01] [289/326] SLKP
[16:40:02] [290/326] NSRV
[16:40:04] [291/326] UTDV
[16:40:05] [292/326] KICM
[16:40:06] [293/326] KCMD
[16:40:07] [294/326] TTPP
[16:40:08] [295/326] KMPV
[16:40:09] [296/326] SKTV
[16:40:09] 🔄 Identity reset
[16:40:09] 🔄 Identity rotated (every 10 requests)
[16:40:10] [297/326] STCV
[16:40:11] [298/326] SRDA
[16:40:12] [299/326] JTSX
[16:40:12] [300/326] STBV
[16:40:13] [301/326] APVZ
[16:40:14] [302/326] GSTV
[16:40:15] [303/326] NMVS
[16:40:16] [304/326] SKRT
[16:40:17] [305/326] RMDV
[16:40:18] [306/326] RATG
[16:40:18] 🔄 Identity reset
[16:40:18] 🔄 Identity rotated (every 10 requests)
[16:40:19] [307/326] SJYV
[16:40:20] [308/326] NDGP
[16:40:20] [309/326] SNDG
[16:40:21] [310/326] INSR
[16:40:22] [311/326] INSO
[16:40:23] [312/326] CCSI
[16:40:24] [313/326] RASM
[16:40:25] [314/326] NEWC
[16:40:25] [315/326] VSHL
[16:40:27] [316/326] BISW
[16:40:28] 🔄 Identity reset
[16:40:28] 🔄 Identity rotated (every 10 requests)
[16:40:28] [317/326] GCNG
[16:40:29] [318/326] CWSC
[16:40:30] [319/326] SKAN
[16:40:31] [320/326] CCOA
[16:40:33] [321/326] MCAJ
[16:40:33] [322/326] ACDE
[16:40:34] [323/326] AACM
[16:40:35] [324/326] JJCK
[16:40:36] [325/326] RCMO
[16:40:37] [326/326] GDAW
[16:40:38] 🔄 Identity reset
[16:40:38] 🔄 Identity rotated (every 10 requests)
[16:40:38] 🧹 Deduping shows
[16:40:38] ✅ DONE | Shows=223 | Movies=14
[04:43:45] 🚀 SCRIPT STARTED (enhanced anti‑detection)
[04:43:45] [1/326] VCHA
[04:43:46] 🧠 New identity created
[04:43:46] [2/326] SCKO
[04:43:47] [3/326] VKTK
[04:43:48] [4/326] DXEC
[04:43:49] [5/326] CDCA
[04:43:50] [6/326] VBCZ
[04:43:51] [7/326] MSDR
[04:43:53] [8/326] ACPV
[04:43:53] [9/326] PVHB
[04:43:54] [10/326] RCNH
[04:43:55] 🔄 Identity reset
[04:43:55] 🔄 Identity rotated (every 10 requests)
[04:43:55] [11/326] IOMH
[04:43:56] [12/326] ILKS
[04:43:57] [13/326] AMSN
[04:43:58] [14/326] ANTP
[04:43:59] [15/326] SSEK
[04:44:00] [16/326] PICP
[04:44:01] [17/326] SICO
[04:44:02] [18/326] SISP
[04:44:03] [19/326] SCPI
[04:44:04] [20/326] CRPR
[04:44:05] 🔄 Identity reset
[04:44:05] 🔄 Identity rotated (every 10 requests)
[04:44:05] [21/326] DCTW
[04:44:06] [22/326] DCSP
[04:44:07] [23/326] KRPM
[04:44:08] [24/326] THKK
[04:44:09] [25/326] SNMY
[04:44:10] [26/326] AKCC
[04:44:10] [27/326] PCAT
[04:44:11] [28/326] RFGO
[04:44:12] [29/326] GGCS
[04:44:13] [30/326] ACKR
[04:44:14] 🔄 Identity reset
[04:44:14] 🔄 Identity rotated (every 10 requests)
[04:44:14] [31/326] STDO
[04:44:15] [32/326] ACKB
[04:44:16] [33/326] ALUC
[04:44:17] [34/326] MNSR
[04:44:18] [35/326] CSSL
[04:44:19] [36/326] BGGM
[04:44:20] [37/326] MANT
[04:44:21] [38/326] SOOY
[04:44:22] [39/326] VPPK
[04:44:23] [40/326] MYHJ
[04:44:23] 🔄 Identity reset
[04:44:23] 🔄 Identity rotated (every 10 requests)
[04:44:24] [41/326] KSCK
[04:44:25] [42/326] KATK
[04:44:26] [43/326] RTRT
[04:44:27] [44/326] SSTT
[04:44:29] [45/326] SSTV
[04:44:29] [46/326] LACM
[04:44:30] [47/326] SGMG
[04:44:31] [48/326] KACX
[04:44:32] [49/326] GVCP
[04:44:33] [50/326] CSNC
[04:44:34] 🔄 Identity reset
[04:44:34] 🔄 Identity rotated (every 10 requests)
[04:44:34] [51/326] SXCB
[04:44:35] [52/326] BAHS
[04:44:36] [53/326] PCBI
[04:44:37] [54/326] PSSM
[04:44:38] [55/326] RCOK
[04:44:39] [56/326] SCPF
[04:44:41] [57/326] SSAS
[04:44:42] [58/326] EVMM
[04:44:42] [59/326] SYCB
[04:44:43] [60/326] GCKI
[04:44:44] 🔄 Identity reset
[04:44:44] 🔄 Identity rotated (every 10 requests)
[04:44:44] [61/326] IAET
[04:44:45] [62/326] DDTD
[04:44:46] [63/326] GMDH
[04:44:47] [64/326] STLE
[04:44:48] [65/326] JTRA
[04:44:49] [66/326] RPPA
[04:44:49] [67/326] ARUT
[04:44:50] [68/326] JTVM
[04:44:51] [69/326] SWRH
[04:44:52] [70/326] DCPC
[04:44:52] 🔄 Identity reset
[04:44:52] 🔄 Identity rotated (every 10 requests)
[04:44:53] [71/326] RAPR
[04:44:54] [72/326] GCRT
[04:44:55] [73/326] ATUN
[04:44:56] [74/326] LTRM
[04:44:57] [75/326] TASR
[04:44:59] [76/326] RLLC
[04:45:00] [77/326] MABI
[04:45:01] [78/326] SVHB
[04:45:03] [79/326] NVTB
[04:45:03] [80/326] KCKG
[04:45:04] 🔄 Identity reset
[04:45:04] 🔄 Identity rotated (every 10 requests)
[04:45:04] [81/326] SSRN
[04:45:05] [82/326] VDDC
[04:45:06] [83/326] GKTK
[04:45:08] [84/326] YFSN
[04:45:09] [85/326] GCSG
[04:45:10] [86/326] ESSM
[04:45:11] [87/326] KRIH
[04:45:12] [88/326] GCDS
[04:45:13] [89/326] CCSH
[04:45:14] [90/326] ACSK
[04:45:14] 🔄 Identity reset
[04:45:14] 🔄 Identity rotated (every 10 requests)
[04:45:16] [91/326] APRK
[04:45:17] [92/326] ADKM
[04:45:18] [93/326] SRDM
[04:45:19] [94/326] SJMY
[04:45:20] [95/326] PGGC
[04:45:20] [96/326] INGM
[04:45:21] [97/326] LSCB
[04:45:22] [98/326] STAD
[04:45:23] [99/326] MCCR
[04:45:25] [100/326] ABCC
[04:45:25] 🔄 Identity reset
[04:45:25] 🔄 Identity rotated (every 10 requests)
[04:45:26] [101/326] RKCC
[04:45:27] [102/326] RTCR
[04:45:28] [103/326] GGBC
[04:45:29] [104/326] GCSD
[04:45:29] [105/326] LPTY
[04:45:30] [106/326] MCFD
[04:45:31] [107/326] HENN
[04:45:32] [108/326] SMKU
[04:45:33] [109/326] TNZC
[04:45:34] [110/326] DRCD
[04:45:34] 🔄 Identity reset
[04:45:34] 🔄 Identity rotated (every 10 requests)
[04:45:36] [111/326] DLCD
[04:45:37] [112/326] RCDA
[04:45:38] [113/326] COSM
[04:45:38] [114/326] MCMJ
[04:45:39] [115/326] CSTR
[04:45:40] [116/326] CVDK
[04:45:41] [117/326] INRR
[04:45:42] [118/326] RJRT
[04:45:43] [119/326] IRMR
[04:45:44] [120/326] SRCF
[04:45:45] 🔄 Identity reset
[04:45:45] 🔄 Identity rotated (every 10 requests)
[04:45:46] [121/326] GRCR
[04:45:47] [122/326] SURC
[04:45:48] [123/326] NMNH
[04:45:49] [124/326] SVBL
[04:45:50] [125/326] KACI
[04:45:51] [126/326] TDGO
[04:45:51] [127/326] KTBR
[04:45:52] [128/326] PMAD
[04:45:53] [129/326] CCPN
[04:45:54] [130/326] SBTK
[04:45:55] 🔄 Identity reset
[04:45:55] 🔄 Identity rotated (every 10 requests)
[04:45:55] [131/326] LMDK
[04:45:56] [132/326] PGDA
[04:45:57] [133/326] SRML
[04:45:58] [134/326] EVCK
[04:45:59] [135/326] RTTK
[04:46:00] [136/326] SRTU
[04:46:01] [137/326] VRSA
[04:46:02] [138/326] VARS
[04:46:03] [139/326] DSCZ
[04:46:04] [140/326] GAGA
[04:46:04] 🔄 Identity reset
[04:46:04] 🔄 Identity rotated (every 10 requests)
[04:46:04] [141/326] SARV
[04:46:05] [142/326] SEEG
[04:46:06] [143/326] GLCA
[04:46:07] [144/326] APAS
[04:46:08] [145/326] VCIA
[04:46:09] [146/326] SJTA
[04:46:10] [147/326] SABM
[04:46:11] [148/326] PPAG
[04:46:12] [149/326] RVCA
[04:46:12] [150/326] CCIA
[04:46:13] 🔄 Identity reset
[04:46:13] 🔄 Identity rotated (every 10 requests)
[04:46:14] [151/326] HTAG
[04:46:14] [152/326] SMBI
[04:46:15] [153/326] MCJR
[04:46:16] [154/326] CCJR
[04:46:17] [155/326] SINF
[04:46:18] [156/326] CPLX
[04:46:19] [157/326] KKTJ
[04:46:20] [158/326] GDBW
[04:46:22] [159/326] CSUB
[04:46:22] [160/326] DABA
[04:46:23] 🔄 Identity reset
[04:46:23] 🔄 Identity rotated (every 10 requests)
[04:46:23] [161/326] TITR
[04:46:24] [162/326] NYCR
[04:46:25] [163/326] RTRY
[04:46:26] [164/326] JTJL
[04:46:27] [165/326] SJCP
[04:46:28] [166/326] KCCA
[04:46:29] [167/326] MLPG
[04:46:30] [168/326] VRCK
[04:46:31] [169/326] SRIN
[04:46:31] [170/326] CXMK
[04:46:32] 🔄 Identity reset
[04:46:32] 🔄 Identity rotated (every 10 requests)
[04:46:32] [171/326] SKAD
[04:46:33] [172/326] AVTR
[04:46:34] [173/326] PTAJ
[04:46:35] [174/326] SCNK
[04:46:36] [175/326] STTI
[04:46:37] [176/326] KACR
[04:46:37] [177/326] SSDX
[04:46:39] [178/326] VRTJ
[04:46:40] [179/326] RAJD
[04:46:41] [180/326] SCIP
[04:46:42] 🔄 Identity reset
[04:46:42] 🔄 Identity rotated (every 10 requests)
[04:46:42] [181/326] RJSL
[04:46:43] [182/326] ARRS
[04:46:44] [183/326] ASMS
[04:46:45] [184/326] RDTS
[04:46:46] [185/326] DVMY
[04:46:48] [186/326] RASA
[04:46:49] [187/326] INOM
[04:46:51] [188/326] SPRS
[04:46:52] [189/326] SGCS
[04:46:53] [190/326] SALM
[04:46:54] 🔄 Identity reset
[04:46:54] 🔄 Identity rotated (every 10 requests)
[04:46:54] [191/326] PKHC
[04:46:55] [192/326] RCSV
[04:46:56] [193/326] CPKC
[04:46:57] [194/326] AACD
[04:46:58] [195/326] GGCV
[04:46:59] [196/326] SMKD
[04:47:00] [197/326] NBCH
[04:47:00] [198/326] AMCB
[04:47:01] [199/326] OPCN
[04:47:02] [200/326] DCIN
[04:47:03] 🔄 Identity reset
[04:47:03] 🔄 Identity rotated (every 10 requests)
[04:47:03] [201/326] INGW
[04:47:04] [202/326] PKKW
[04:47:06] [203/326] FNGW
[04:47:07] [204/326] GCGD
[04:47:08] [205/326] MSTW
[04:47:08] [206/326] KCCG
[04:47:10] [207/326] MRSS
[04:47:11] [208/326] CLCF
[04:47:12] [209/326] EETS
[04:47:13] [210/326] AATR
[04:47:13] 🔄 Identity reset
[04:47:13] 🔄 Identity rotated (every 10 requests)
[04:47:13] [211/326] CMMN
[04:47:14] [212/326] SCCJ
[04:47:15] [213/326] CDTK
[04:47:16] [214/326] AICP
[04:47:17] [215/326] FNBP
[04:47:17] [216/326] CBPB
[04:47:18] [217/326] CPAS
[04:47:19] [218/326] MAPM
[04:47:20] [219/326] PASD
[04:47:21] [220/326] JCMN
[04:47:21] 🔄 Identity reset
[04:47:21] 🔄 Identity rotated (every 10 requests)
[04:47:22] [221/326] MALB
[04:47:23] [222/326] SACG
[04:47:24] [223/326] DDRX
[04:47:25] [224/326] DDXB
[04:47:26] [225/326] RAMC
[04:47:27] [226/326] SANC
[04:47:28] [227/326] BCBP
[04:47:29] [228/326] ALPC
[04:47:30] [229/326] RBAC
[04:47:31] [230/326] RAJL
[04:47:32] 🔄 Identity reset
[04:47:32] 🔄 Identity rotated (every 10 requests)
[04:47:32] [231/326] MPDX
[04:47:33] [232/326] MUSC
[04:47:34] [233/326] VKMK
[04:47:36] [234/326] SKCG
[04:47:37] [235/326] ANCN
[04:47:37] [236/326] MMCJ
[04:47:39] [237/326] DCAK
[04:47:40] [238/326] SCKG
[04:47:41] [239/326] LMCK
[04:47:42] [240/326] CKKX
[04:47:42] 🔄 Identity reset
[04:47:42] 🔄 Identity rotated (every 10 requests)
[04:47:43] [241/326] ANKU
[04:47:44] [242/326] CSMD
[04:47:44] [243/326] MKMP
[04:47:45] [244/326] SVBG
[04:47:46] [245/326] ROOP
[04:47:47] [246/326] GDMT
[04:47:48] [247/326] FPPF
[04:47:49] [248/326] SFUU
[04:47:50] [249/326] ANCB
[04:47:50] [250/326] SMMC
[04:47:51] 🔄 Identity reset
[04:47:51] 🔄 Identity rotated (every 10 requests)
[04:47:51] [251/326] UGKT
[04:47:52] [252/326] JVRM
[04:47:53] [253/326] BATG
[04:47:54] [254/326] RATE
[04:47:55] [255/326] SKME
[04:47:56] [256/326] LMTP
[04:47:57] [257/326] TCBD
[04:47:58] [258/326] ESBD
[04:47:59] [259/326] GDCU
[04:48:00] [260/326] SNKT
[04:48:00] 🔄 Identity reset
[04:48:01] 🔄 Identity rotated (every 10 requests)
[04:48:02] [261/326] SRNK
[04:48:02] [262/326] SMED
[04:48:03] [263/326] CSQS
[04:48:04] [264/326] ALCS
[04:48:05] [265/326] KCKN
[04:48:06] [266/326] VCCL
[04:48:07] [267/326] MCDA
[04:48:07] [268/326] SHMI
[04:48:09] [269/326] SKHA
[04:48:10] [270/326] SVFK
[04:48:10] 🔄 Identity reset
[04:48:10] 🔄 Identity rotated (every 10 requests)
[04:48:11] [271/326] INVB
[04:48:12] [272/326] MELD
[04:48:13] [273/326] JTYS
[04:48:13] [274/326] INCM
[04:48:14] [275/326] MCDV
[04:48:15] [276/326] KSGK
[04:48:16] [277/326] ICMG
[04:48:17] [278/326] CSCV
[04:48:18] [279/326] STMD
[04:48:19] [280/326] STTR
[04:48:19] 🔄 Identity reset
[04:48:19] 🔄 Identity rotated (every 10 requests)
[04:48:20] [281/326] INVC
[04:48:21] [282/326] JTBL
[04:48:21] [283/326] SRVV
[04:48:22] [284/326] MAVC
[04:48:23] [285/326] SRPP
[04:48:24] [286/326] JGDM
[04:48:25] [287/326] MBSJ
[04:48:26] [288/326] SSLL
[04:48:27] [289/326] SLKP
[04:48:28] [290/326] NSRV
[04:48:29] 🔄 Identity reset
[04:48:29] 🔄 Identity rotated (every 10 requests)
[04:48:29] [291/326] UTDV
[04:48:30] [292/326] KICM
[04:48:31] [293/326] KCMD
[04:48:32] [294/326] TTPP
[04:48:34] [295/326] KMPV
[04:48:35] [296/326] SKTV
[04:48:35] [297/326] STCV
[04:48:36] [298/326] SRDA
[04:48:37] [299/326] JTSX
[04:48:38] [300/326] STBV
[04:48:39] 🔄 Identity reset
[04:48:39] 🔄 Identity rotated (every 10 requests)
[04:48:39] [301/326] APVZ
[04:48:40] [302/326] GSTV
[04:48:41] [303/326] NMVS
[04:48:42] [304/326] SKRT
[04:48:43] [305/326] RMDV
[04:48:44] [306/326] RATG
[04:48:45] [307/326] SJYV
[04:48:46] [308/326] NDGP
[04:48:47] [309/326] SNDG
[04:48:47] [310/326] INSR
[04:48:48] 🔄 Identity reset
[04:48:48] 🔄 Identity rotated (every 10 requests)
[04:48:48] [311/326] INSO
[04:48:49] [312/326] CCSI
[04:48:50] [313/326] RASM
[04:48:51] [314/326] NEWC
[04:48:52] [315/326] VSHL
[04:48:53] [316/326] BISW
[04:48:54] [317/326] GCNG
[04:48:55] [318/326] CWSC
[04:48:56] [319/326] SKAN
[04:48:57] [320/326] CCOA
[04:48:57] 🔄 Identity reset
[04:48:57] 🔄 Identity rotated (every 10 requests)
[04:48:58] [321/326] MCAJ
[04:48:59] [322/326] ACDE
[04:49:00] [323/326] AACM
[04:49:01] [324/326] JJCK
[04:49:02] [325/326] RCMO
[04:49:03] [326/326] GDAW
[04:49:04] 🧹 Deduping shows
[04:49:04] ✅ DONE | Shows=277 | Movies=15
[21:46:14] 🚀 SCRIPT STARTED (enhanced anti‑detection)
[21:46:14] [1/326] VCHA
[21:46:14] 🧠 New identity created
[21:46:15] [2/326] SCKO
[21:46:16] [3/326] VKTK
[21:46:17] [4/326] DXEC
[21:46:18] [5/326] CDCA
[21:46:19] [6/326] VBCZ
[21:46:20] [7/326] MSDR
[21:46:21] [8/326] ACPV
[21:46:22] [9/326] PVHB
[21:46:23] [10/326] RCNH
[21:46:24] 🔄 Identity reset
[21:46:24] 🔄 Identity rotated (every 10 requests)
[21:46:24] [11/326] IOMH
[21:46:25] [12/326] ILKS
[21:46:26] [13/326] AMSN
[21:46:27] [14/326] ANTP
[21:46:28] [15/326] SSEK
[21:46:29] [16/326] PICP
[21:46:30] [17/326] SICO
[21:46:31] [18/326] SISP
[21:46:32] [19/326] SCPI
[21:46:33] [20/326] CRPR
[21:46:34] 🔄 Identity reset
[21:46:34] 🔄 Identity rotated (every 10 requests)
[21:46:34] [21/326] DCTW
[21:46:35] [22/326] DCSP
[21:46:35] [23/326] KRPM
[21:46:36] [24/326] THKK
[21:46:37] [25/326] SNMY
[21:46:38] [26/326] AKCC
[21:46:39] [27/326] PCAT
[21:46:40] [28/326] RFGO
[21:46:40] [29/326] GGCS
[21:46:41] [30/326] ACKR
[21:46:42] 🔄 Identity reset
[21:46:42] 🔄 Identity rotated (every 10 requests)
[21:46:42] [31/326] STDO
[21:46:43] [32/326] ACKB
[21:46:45] [33/326] ALUC
[21:46:46] [34/326] MNSR
[21:46:46] [35/326] CSSL
[21:46:47] [36/326] BGGM
[21:46:48] [37/326] MANT
[21:46:49] [38/326] SOOY
[21:46:50] [39/326] VPPK
[21:46:51] [40/326] MYHJ
[21:46:51] 🔄 Identity reset
[21:46:51] 🔄 Identity rotated (every 10 requests)
[21:46:51] 🔄 Retry 1/5 for MYHJ in 2.2s
[21:46:51] 🔄 Identity reset
[21:46:54] 🧠 New identity created
[21:46:54] [41/326] KSCK
[21:46:55] [42/326] KATK
[21:46:56] [43/326] RTRT
[21:46:57] [44/326] SSTT
[21:46:58] [45/326] SSTV
[21:46:59] [46/326] LACM
[21:47:00] [47/326] SGMG
[21:47:00] [48/326] KACX
[21:47:01] [49/326] GVCP
[21:47:02] 🔄 Identity reset
[21:47:02] 🔄 Identity rotated (every 10 requests)
[21:47:03] [50/326] CSNC
[21:47:04] [51/326] SXCB
[21:47:05] [52/326] BAHS
[21:47:06] [53/326] PCBI
[21:47:06] [54/326] PSSM
[21:47:07] [55/326] RCOK
[21:47:08] [56/326] SCPF
[21:47:09] [57/326] SSAS
[21:47:10] [58/326] EVMM
[21:47:11] [59/326] SYCB
[21:47:12] 🔄 Identity reset
[21:47:12] 🔄 Identity rotated (every 10 requests)
[21:47:12] [60/326] GCKI
[21:47:13] [61/326] IAET
[21:47:14] [62/326] DDTD
[21:47:14] [63/326] GMDH
[21:47:15] [64/326] STLE
[21:47:17] [65/326] JTRA
[21:47:17] [66/326] RPPA
[21:47:18] [67/326] ARUT
[21:47:19] [68/326] JTVM
[21:47:20] [69/326] SWRH
[21:47:21] 🔄 Identity reset
[21:47:21] 🔄 Identity rotated (every 10 requests)
[21:47:21] [70/326] DCPC
[21:47:22] [71/326] RAPR
[21:47:23] [72/326] GCRT
[21:47:24] [73/326] ATUN
[21:47:25] [74/326] LTRM
[21:47:25] [75/326] TASR
[21:47:27] [76/326] RLLC
[21:47:28] [77/326] MABI
[21:47:29] [78/326] SVHB
[21:47:30] [79/326] NVTB
[21:47:31] 🔄 Identity reset
[21:47:31] 🔄 Identity rotated (every 10 requests)
[21:47:31] [80/326] KCKG
[21:47:32] [81/326] SSRN
[21:47:33] [82/326] VDDC
[21:47:34] [83/326] GKTK
[21:47:35] [84/326] YFSN
[21:47:37] [85/326] GCSG
[21:47:37] [86/326] ESSM
[21:47:38] [87/326] KRIH
[21:47:39] [88/326] GCDS
[21:47:40] [89/326] CCSH
[21:47:41] 🔄 Identity reset
[21:47:41] 🔄 Identity rotated (every 10 requests)
[21:47:42] [90/326] ACSK
[21:47:43] [91/326] APRK
[21:47:44] [92/326] ADKM
[21:47:45] [93/326] SRDM
[21:47:46] [94/326] SJMY
[21:47:47] [95/326] PGGC
[21:47:47] [96/326] INGM
[21:47:48] [97/326] LSCB
[21:47:49] [98/326] STAD
[21:47:50] [99/326] MCCR
[21:47:51] 🔄 Identity reset
[21:47:51] 🔄 Identity rotated (every 10 requests)
[21:47:51] [100/326] ABCC
[21:47:52] [101/326] RKCC
[21:47:53] [102/326] RTCR
[21:47:53] [103/326] GGBC
[21:47:54] [104/326] GCSD
[21:47:55] [105/326] LPTY
[21:47:56] [106/326] MCFD
[21:47:57] [107/326] HENN
[21:47:58] [108/326] SMKU
[21:47:59] [109/326] TNZC
[21:47:59] 🔄 Identity reset
[21:47:59] 🔄 Identity rotated (every 10 requests)
[21:48:00] [110/326] DRCD
[21:48:01] [111/326] DLCD
[21:48:02] [112/326] RCDA
[21:48:03] [113/326] COSM
[21:48:04] [114/326] MCMJ
[21:48:05] [115/326] CSTR
[21:48:05] [116/326] CVDK
[21:48:06] [117/326] INRR
[21:48:07] [118/326] RJRT
[21:48:08] [119/326] IRMR
[21:48:09] 🔄 Identity reset
[21:48:09] 🔄 Identity rotated (every 10 requests)
[21:48:09] [120/326] SRCF
[21:48:10] [121/326] GRCR
[21:48:11] [122/326] SURC
[21:48:12] [123/326] NMNH
[21:48:12] [124/326] SVBL
[21:48:13] [125/326] KACI
[21:48:14] [126/326] TDGO
[21:48:15] [127/326] KTBR
[21:48:16] [128/326] PMAD
[21:48:17] [129/326] CCPN
[21:48:18] 🔄 Identity reset
[21:48:18] 🔄 Identity rotated (every 10 requests)
[21:48:18] [130/326] SBTK
[21:48:19] [131/326] LMDK
[21:48:20] [132/326] PGDA
[21:48:21] [133/326] SRML
[21:48:22] [134/326] EVCK
[21:48:23] [135/326] RTTK
[21:48:24] [136/326] SRTU
[21:48:25] [137/326] VRSA
[21:48:26] [138/326] VARS
[21:48:27] [139/326] DSCZ
[21:48:28] 🔄 Identity reset
[21:48:28] 🔄 Identity rotated (every 10 requests)
[21:48:28] [140/326] GAGA
[21:48:29] [141/326] SARV
[21:48:30] [142/326] SEEG
[21:48:31] [143/326] GLCA
[21:48:32] [144/326] APAS
[21:48:33] [145/326] VCIA
[21:48:33] [146/326] SJTA
[21:48:34] [147/326] SABM
[21:48:35] [148/326] PPAG
[21:48:36] [149/326] RVCA
[21:48:37] 🔄 Identity reset
[21:48:37] 🔄 Identity rotated (every 10 requests)
[21:48:37] [150/326] CCIA
[21:48:38] [151/326] HTAG
[21:48:39] [152/326] SMBI
[21:48:39] [153/326] MCJR
[21:48:40] [154/326] CCJR
[21:48:41] [155/326] SINF
[21:48:42] [156/326] CPLX
[21:48:43] [157/326] KKTJ
[21:48:44] [158/326] GDBW
[21:48:45] [159/326] CSUB
[21:48:46] 🔄 Identity reset
[21:48:46] 🔄 Identity rotated (every 10 requests)
[21:48:47] [160/326] DABA
[21:48:48] [161/326] TITR
[21:48:48] [162/326] NYCR
[21:48:49] [163/326] RTRY
[21:48:50] [164/326] JTJL
[21:48:51] [165/326] SJCP
[21:48:52] [166/326] KCCA
[21:48:53] [167/326] MLPG
[21:48:54] [168/326] VRCK
[21:48:55] [169/326] SRIN
[21:48:55] 🔄 Identity reset
[21:48:55] 🔄 Identity rotated (every 10 requests)
[21:48:55] [170/326] CXMK
[21:48:56] [171/326] SKAD
[21:48:57] [172/326] AVTR
[21:48:58] [173/326] PTAJ
[21:48:59] [174/326] SCNK
[21:49:00] [175/326] STTI
[21:49:01] [176/326] KACR
[21:49:01] [177/326] SSDX
[21:49:03] [178/326] VRTJ
[21:49:04] [179/326] RAJD
[21:49:05] 🔄 Identity reset
[21:49:05] 🔄 Identity rotated (every 10 requests)
[21:49:05] [180/326] SCIP
[21:49:06] [181/326] RJSL
[21:49:06] [182/326] ARRS
[21:49:07] [183/326] ASMS
[21:49:08] [184/326] RDTS
[21:49:09] [185/326] DVMY
[21:49:10] [186/326] RASA
[21:49:10] [187/326] INOM
[21:49:11] [188/326] SPRS
[21:49:12] [189/326] SGCS
[21:49:13] 🔄 Identity reset
[21:49:13] 🔄 Identity rotated (every 10 requests)
[21:49:13] [190/326] SALM
[21:49:15] [191/326] PKHC
[21:49:16] [192/326] RCSV
[21:49:16] [193/326] CPKC
[21:49:17] [194/326] AACD
[21:49:18] [195/326] GGCV
[21:49:19] [196/326] SMKD
[21:49:20] [197/326] NBCH
[21:49:21] [198/326] AMCB
[21:49:22] [199/326] OPCN
[21:49:22] 🔄 Identity reset
[21:49:22] 🔄 Identity rotated (every 10 requests)
[21:49:23] 🔄 Retry 1/5 for OPCN in 2.5s
[21:49:23] 🔄 Identity reset
[21:49:25] 🧠 New identity created
[21:49:25] 🔄 Retry 2/5 for OPCN in 4.4s
[21:49:25] 🔄 Identity reset
[21:49:30] 🧠 New identity created
[21:49:30] [200/326] DCIN
[21:49:31] [201/326] INGW
[21:49:32] [202/326] PKKW
[21:49:33] [203/326] FNGW
[21:49:34] [204/326] GCGD
[21:49:35] [205/326] MSTW
[21:49:36] [206/326] KCCG
[21:49:37] [207/326] MRSS
[21:49:37] 🔄 Identity reset
[21:49:37] 🔄 Identity rotated (every 10 requests)
[21:49:38] [208/326] CLCF
[21:49:39] [209/326] EETS
[21:49:39] [210/326] AATR
[21:49:40] [211/326] CMMN
[21:49:41] [212/326] SCCJ
[21:49:42] [213/326] CDTK
[21:49:43] [214/326] AICP
[21:49:44] [215/326] FNBP
[21:49:45] [216/326] CBPB
[21:49:45] [217/326] CPAS
[21:49:46] 🔄 Identity reset
[21:49:46] 🔄 Identity rotated (every 10 requests)
[21:49:46] 🔄 Retry 1/5 for CPAS in 2.3s
[21:49:46] 🔄 Identity reset
[21:49:48] 🧠 New identity created
[21:49:49] [218/326] MAPM
[21:49:49] [219/326] PASD
[21:49:50] [220/326] JCMN
[21:49:51] [221/326] MALB
[21:49:52] [222/326] SACG
[21:49:53] [223/326] DDRX
[21:49:54] [224/326] DDXB
[21:49:55] [225/326] RAMC
[21:49:56] [226/326] SANC
[21:49:57] 🔄 Identity reset
[21:49:57] 🔄 Identity rotated (every 10 requests)
[21:49:57] 🔄 Retry 1/5 for SANC in 2.8s
[21:49:57] 🔄 Identity reset
[21:50:00] 🧠 New identity created
[21:50:00] [227/326] BCBP
[21:50:01] [228/326] ALPC
[21:50:02] [229/326] RBAC
[21:50:02] [230/326] RAJL
[21:50:03] [231/326] MPDX
[21:50:04] [232/326] MUSC
[21:50:05] [233/326] VKMK
[21:50:07] [234/326] SKCG
[21:50:07] [235/326] ANCN
[21:50:08] 🔄 Identity reset
[21:50:08] 🔄 Identity rotated (every 10 requests)
[21:50:09] [236/326] MMCJ
[21:50:10] [237/326] DCAK
[21:50:11] [238/326] SCKG
[21:50:11] [239/326] LMCK
[21:50:12] [240/326] CKKX
[21:50:13] [241/326] ANKU
[21:50:14] [242/326] CSMD
[21:50:15] [243/326] MKMP
[21:50:16] [244/326] SVBG
[21:50:17] [245/326] ROOP
[21:50:17] 🔄 Identity reset
[21:50:17] 🔄 Identity rotated (every 10 requests)
[21:50:17] [246/326] GDMT
[21:50:18] [247/326] FPPF
[21:50:19] [248/326] SFUU
[21:50:20] [249/326] ANCB
[21:50:21] [250/326] SMMC
[21:50:22] [251/326] UGKT
[21:50:23] [252/326] JVRM
[21:50:24] [253/326] BATG
[21:50:26] [254/326] RATE
[21:50:27] [255/326] SKME
[21:50:27] 🔄 Identity reset
[21:50:27] 🔄 Identity rotated (every 10 requests)
[21:50:27] 🔄 Retry 1/5 for SKME in 2.6s
[21:50:27] 🔄 Identity reset
[21:50:30] 🧠 New identity created
[21:50:31] [256/326] LMTP
[21:50:32] [257/326] TCBD
[21:50:32] [258/326] ESBD
[21:50:34] [259/326] GDCU
[21:50:35] [260/326] SNKT
[21:50:36] [261/326] SRNK
[21:50:37] [262/326] SMED
[21:50:38] [263/326] CSQS
[21:50:39] [264/326] ALCS
[21:50:40] 🔄 Identity reset
[21:50:40] 🔄 Identity rotated (every 10 requests)
[21:50:40] 🔄 Retry 1/5 for ALCS in 2.5s
[21:50:40] 🔄 Identity reset
[21:50:42] 🧠 New identity created
[21:50:43] [265/326] KCKN
[21:50:43] [266/326] VCCL
[21:50:44] [267/326] MCDA
[21:50:45] [268/326] SHMI
[21:50:47] [269/326] SKHA
[21:50:47] [270/326] SVFK
[21:50:48] [271/326] INVB
[21:50:49] [272/326] MELD
[21:50:50] [273/326] JTYS
[21:50:51] 🔄 Identity reset
[21:50:51] 🔄 Identity rotated (every 10 requests)
[21:50:52] [274/326] INCM
[21:50:53] [275/326] MCDV
[21:50:54] [276/326] KSGK
[21:50:55] [277/326] ICMG
[21:50:56] [278/326] CSCV
[21:50:57] [279/326] STMD
[21:50:58] [280/326] STTR
[21:50:59] [281/326] INVC
[21:51:00] [282/326] JTBL
[21:51:01] [283/326] SRVV
[21:51:01] 🔄 Identity reset
[21:51:01] 🔄 Identity rotated (every 10 requests)
[21:51:02] 🔄 Retry 1/5 for SRVV in 2.2s
[21:51:02] 🔄 Identity reset
[21:51:04] 🧠 New identity created
[21:51:04] [284/326] MAVC
[21:51:05] [285/326] SRPP
[21:51:06] [286/326] JGDM
[21:51:07] [287/326] MBSJ
[21:51:08] [288/326] SSLL
[21:51:08] [289/326] SLKP
[21:51:10] [290/326] NSRV
[21:51:11] [291/326] UTDV
[21:51:12] [292/326] KICM
[21:51:12] 🔄 Identity reset
[21:51:12] 🔄 Identity rotated (every 10 requests)
[21:51:12] 🔄 Retry 1/5 for KICM in 2.5s
[21:51:12] 🔄 Identity reset
[21:51:15] 🧠 New identity created
[21:51:15] [293/326] KCMD
[21:51:17] [294/326] TTPP
[21:51:18] [295/326] KMPV
[21:51:19] [296/326] SKTV
[21:51:20] [297/326] STCV
[21:51:21] [298/326] SRDA
[21:51:21] [299/326] JTSX
[21:51:22] [300/326] STBV
[21:51:23] [301/326] APVZ
[21:51:24] 🔄 Identity reset
[21:51:24] 🔄 Identity rotated (every 10 requests)
[21:51:24] 🔄 Retry 1/5 for APVZ in 2.8s
[21:51:24] 🔄 Identity reset
[21:51:27] 🧠 New identity created
[21:51:27] [302/326] GSTV
[21:51:28] [303/326] NMVS
[21:51:28] [304/326] SKRT
[21:51:29] [305/326] RMDV
[21:51:30] [306/326] RATG
[21:51:32] [307/326] SJYV
[21:51:33] [308/326] NDGP
[21:51:34] [309/326] SNDG
[21:51:35] [310/326] INSR
[21:51:35] 🔄 Identity reset
[21:51:35] 🔄 Identity rotated (every 10 requests)
[21:51:36] [311/326] INSO
[21:51:37] [312/326] CCSI
[21:51:37] [313/326] RASM
[21:51:38] [314/326] NEWC
[21:51:39] [315/326] VSHL
[21:51:40] [316/326] BISW
[21:51:41] [317/326] GCNG
[21:51:42] [318/326] CWSC
[21:51:43] [319/326] SKAN
[21:51:44] [320/326] CCOA
[21:51:44] 🔄 Identity reset
[21:51:44] 🔄 Identity rotated (every 10 requests)
[21:51:44] [321/326] MCAJ
[21:51:46] [322/326] ACDE
[21:51:47] [323/326] AACM
[21:51:48] [324/326] JJCK
[21:51:49] [325/326] RCMO
[21:51:49] [326/326] GDAW
[21:51:50] 🧹 Deduping shows
[21:51:50] ✅ DONE | Shows=496 | Movies=27
[06:20:27] 🚀 SCRIPT STARTED (enhanced anti‑detection)
[06:20:27] [1/326] VCHA
[06:20:27] 🧠 New identity created
[06:20:28] [2/326] SCKO
[06:20:29] [3/326] VKTK
[06:20:30] [4/326] DXEC
[06:20:31] [5/326] CDCA
[06:20:32] [6/326] VBCZ
[06:20:33] [7/326] MSDR
[06:20:34] [8/326] ACPV
[06:20:36] [9/326] PVHB
[06:20:37] [10/326] RCNH
[06:20:38] 🔄 Identity reset
[06:20:38] 🔄 Identity rotated (every 10 requests)
[06:20:39] [11/326] IOMH
[06:20:40] [12/326] ILKS
[06:20:41] [13/326] AMSN
[06:20:42] [14/326] ANTP
[06:20:43] [15/326] SSEK
[06:20:45] [16/326] PICP
[06:20:46] [17/326] SICO
[06:20:46] [18/326] SISP
[06:20:47] [19/326] SCPI
[06:20:48] [20/326] CRPR
[06:20:49] 🔄 Identity reset
[06:20:49] 🔄 Identity rotated (every 10 requests)
[06:20:49] [21/326] DCTW
[06:20:50] [22/326] DCSP
[06:20:51] [23/326] KRPM
[06:20:52] [24/326] THKK
[06:20:52] [25/326] SNMY
[06:20:53] [26/326] AKCC
[06:20:55] [27/326] PCAT
[06:20:55] [28/326] RFGO
[06:20:57] [29/326] GGCS
[06:20:58] [30/326] ACKR
[06:20:59] 🔄 Identity reset
[06:20:59] 🔄 Identity rotated (every 10 requests)
[06:20:59] [31/326] STDO
[06:21:00] [32/326] ACKB
[06:21:01] [33/326] ALUC
[06:21:02] [34/326] MNSR
[06:21:03] [35/326] CSSL
[06:21:05] [36/326] BGGM
[06:21:06] [37/326] MANT
[06:21:06] [38/326] SOOY
[06:21:08] [39/326] VPPK
[06:21:09] [40/326] MYHJ
[06:21:10] 🔄 Identity reset
[06:21:10] 🔄 Identity rotated (every 10 requests)
[06:21:11] [41/326] KSCK
[06:21:12] [42/326] KATK
[06:21:13] [43/326] RTRT
[06:21:14] [44/326] SSTT
[06:21:15] [45/326] SSTV
[06:21:16] [46/326] LACM
[06:21:17] [47/326] SGMG
[06:21:19] [48/326] KACX
[06:21:20] [49/326] GVCP
[06:21:22] [50/326] CSNC
[06:21:23] 🔄 Identity reset
[06:21:23] 🔄 Identity rotated (every 10 requests)
[06:21:23] [51/326] SXCB
[06:21:24] [52/326] BAHS
[06:21:25] [53/326] PCBI
[06:21:26] [54/326] PSSM
[06:21:27] [55/326] RCOK
[06:21:28] [56/326] SCPF
[06:21:29] [57/326] SSAS
[06:21:29] [58/326] EVMM
[06:21:31] [59/326] SYCB
[06:21:32] [60/326] GCKI
[06:21:33] 🔄 Identity reset
[06:21:33] 🔄 Identity rotated (every 10 requests)
[06:21:33] [61/326] IAET
[06:21:34] [62/326] DDTD
[06:21:35] [63/326] GMDH
[06:21:36] [64/326] STLE
[06:21:37] [65/326] JTRA
[06:21:38] [66/326] RPPA
[06:21:39] [67/326] ARUT
[06:21:40] [68/326] JTVM
[06:21:42] [69/326] SWRH
[06:21:43] [70/326] DCPC
[06:21:44] 🔄 Identity reset
[06:21:44] 🔄 Identity rotated (every 10 requests)
[06:21:45] [71/326] RAPR
[06:21:46] [72/326] GCRT
[06:21:47] [73/326] ATUN
[06:21:48] [74/326] LTRM
[06:21:49] [75/326] TASR
[06:21:50] [76/326] RLLC
[06:21:51] [77/326] MABI
[06:21:53] [78/326] SVHB
[06:21:54] [79/326] NVTB
[06:21:55] [80/326] KCKG
[06:21:55] 🔄 Identity reset
[06:21:55] 🔄 Identity rotated (every 10 requests)
[06:21:56] [81/326] SSRN
[06:21:56] [82/326] VDDC
[06:21:57] [83/326] GKTK
[06:21:58] [84/326] YFSN
[06:21:59] [85/326] GCSG
[06:22:00] [86/326] ESSM
[06:22:02] [87/326] KRIH
[06:22:03] [88/326] GCDS
[06:22:04] [89/326] CCSH
[06:22:05] [90/326] ACSK
[06:22:06] 🔄 Identity reset
[06:22:06] 🔄 Identity rotated (every 10 requests)
[06:22:06] [91/326] APRK
[06:22:07] [92/326] ADKM
[06:22:08] [93/326] SRDM
[06:22:10] [94/326] SJMY
[06:22:11] [95/326] PGGC
[06:22:11] [96/326] INGM
[06:22:13] [97/326] LSCB
[06:22:14] [98/326] STAD
[06:22:16] [99/326] MCCR
[06:22:17] [100/326] ABCC
[06:22:17] 🔄 Identity reset
[06:22:17] 🔄 Identity rotated (every 10 requests)
[06:22:18] [101/326] RKCC
[06:22:19] [102/326] RTCR
[06:22:20] [103/326] GGBC
[06:22:21] [104/326] GCSD
[06:22:22] [105/326] LPTY
[06:22:23] [106/326] MCFD
[06:22:24] [107/326] HENN
[06:22:25] [108/326] SMKU
[06:22:26] [109/326] TNZC
[06:22:27] [110/326] DRCD
[06:22:28] 🔄 Identity reset
[06:22:28] 🔄 Identity rotated (every 10 requests)
[06:22:28] [111/326] DLCD
[06:22:29] [112/326] RCDA
[06:22:30] [113/326] COSM
[06:22:31] [114/326] MCMJ
[06:22:33] [115/326] CSTR
[06:22:34] [116/326] CVDK
[06:22:35] [117/326] INRR
[06:22:36] [118/326] RJRT
[06:22:37] [119/326] IRMR
[06:22:38] [120/326] SRCF
[06:22:38] 🔄 Identity reset
[06:22:38] 🔄 Identity rotated (every 10 requests)
[06:22:39] [121/326] GRCR
[06:22:40] [122/326] SURC
[06:22:40] [123/326] NMNH
[06:22:42] [124/326] SVBL
[06:22:44] [125/326] KACI
[06:22:45] [126/326] TDGO
[06:22:47] [127/326] KTBR
[06:22:48] [128/326] PMAD
[06:22:48] [129/326] CCPN
[06:22:50] [130/326] SBTK
[06:22:51] 🔄 Identity reset
[06:22:51] 🔄 Identity rotated (every 10 requests)
[06:22:52] [131/326] LMDK
[06:22:53] [132/326] PGDA
[06:22:55] [133/326] SRML
[06:22:56] [134/326] EVCK
[06:22:57] [135/326] RTTK
[06:22:59] [136/326] SRTU
[06:23:00] [137/326] VRSA
[06:23:02] [138/326] VARS
[06:23:04] [139/326] DSCZ
[06:23:05] [140/326] GAGA
[06:23:06] 🔄 Identity reset
[06:23:06] 🔄 Identity rotated (every 10 requests)
[06:23:07] [141/326] SARV
[06:23:07] [142/326] SEEG
[06:23:09] [143/326] GLCA
[06:23:10] [144/326] APAS
[06:23:12] [145/326] VCIA
[06:23:14] [146/326] SJTA
[06:23:15] [147/326] SABM
[06:23:16] [148/326] PPAG
[06:23:17] [149/326] RVCA
[06:23:17] [150/326] CCIA
[06:23:18] 🔄 Identity reset
[06:23:18] 🔄 Identity rotated (every 10 requests)
[06:23:19] [151/326] HTAG
[06:23:19] [152/326] SMBI
[06:23:20] [153/326] MCJR
[06:23:21] [154/326] CCJR
[06:23:22] [155/326] SINF
[06:23:23] [156/326] CPLX
[06:23:24] [157/326] KKTJ
[06:23:25] [158/326] GDBW
[06:23:26] [159/326] CSUB
[06:23:27] [160/326] DABA
[06:23:28] 🔄 Identity reset
[06:23:28] 🔄 Identity rotated (every 10 requests)
[06:23:29] [161/326] TITR
[06:23:30] [162/326] NYCR
[06:23:31] [163/326] RTRY
[06:23:32] [164/326] JTJL
[06:23:34] [165/326] SJCP
[06:23:36] [166/326] KCCA
[06:23:37] [167/326] MLPG
[06:23:37] [168/326] VRCK
[06:23:38] [169/326] SRIN
[06:23:40] [170/326] CXMK
[06:23:40] 🔄 Identity reset
[06:23:40] 🔄 Identity rotated (every 10 requests)
[06:23:41] [171/326] SKAD
[06:23:42] [172/326] AVTR
[06:23:44] [173/326] PTAJ
[06:23:45] [174/326] SCNK
[06:23:45] [175/326] STTI
[06:23:46] [176/326] KACR
[06:23:47] [177/326] SSDX
[06:23:49] [178/326] VRTJ
[06:23:50] [179/326] RAJD
[06:23:50] [180/326] SCIP
[06:23:51] 🔄 Identity reset
[06:23:51] 🔄 Identity rotated (every 10 requests)
[06:23:52] [181/326] RJSL
[06:23:54] [182/326] ARRS
[06:23:54] [183/326] ASMS
[06:23:56] [184/326] RDTS
[06:23:58] [185/326] DVMY
[06:23:59] [186/326] RASA
[06:24:00] [187/326] INOM
[06:24:01] [188/326] SPRS
[06:24:02] [189/326] SGCS
[06:24:04] [190/326] SALM
[06:24:05] 🔄 Identity reset
[06:24:05] 🔄 Identity rotated (every 10 requests)
[06:24:05] 🔄 Retry 1/5 for SALM in 2.4s
[06:24:05] 🔄 Identity reset
[06:24:07] 🧠 New identity created
[06:24:08] [191/326] PKHC
[06:24:09] [192/326] RCSV
[06:24:11] [193/326] CPKC
[06:24:11] [194/326] AACD
[06:24:12] [195/326] GGCV
[06:24:13] [196/326] SMKD
[06:24:14] [197/326] NBCH
[06:24:15] [198/326] AMCB
[06:24:17] [199/326] OPCN
[06:24:18] 🔄 Identity reset
[06:24:18] 🔄 Identity rotated (every 10 requests)
[06:24:18] [200/326] DCIN
[06:24:19] [201/326] INGW
[06:24:20] [202/326] PKKW
[06:24:21] [203/326] FNGW
[06:24:23] [204/326] GCGD
[06:24:25] [205/326] MSTW
[06:24:26] [206/326] KCCG
[06:24:28] [207/326] MRSS
[06:24:28] [208/326] CLCF
[06:24:29] [209/326] EETS
[06:24:30] 🔄 Identity reset
[06:24:30] 🔄 Identity rotated (every 10 requests)
[06:24:31] [210/326] AATR
[06:24:32] [211/326] CMMN
[06:24:33] [212/326] SCCJ
[06:24:34] [213/326] CDTK
[06:24:35] [214/326] AICP
[06:24:36] [215/326] FNBP
[06:24:38] [216/326] CBPB
[06:24:39] [217/326] CPAS
[06:24:40] [218/326] MAPM
[06:24:41] [219/326] PASD
[06:24:42] 🔄 Identity reset
[06:24:42] 🔄 Identity rotated (every 10 requests)
[06:24:43] [220/326] JCMN
[06:24:44] [221/326] MALB
[06:24:45] [222/326] SACG
[06:24:46] [223/326] DDRX
[06:24:47] [224/326] DDXB
[06:24:49] [225/326] RAMC
[06:24:50] [226/326] SANC
[06:24:51] [227/326] BCBP
[06:24:52] [228/326] ALPC
[06:24:54] [229/326] RBAC
[06:24:54] 🔄 Identity reset
[06:24:54] 🔄 Identity rotated (every 10 requests)
[06:24:55] [230/326] RAJL
[06:24:57] [231/326] MPDX
[06:24:58] [232/326] MUSC
[06:24:58] [233/326] VKMK
[06:24:59] [234/326] SKCG
[06:25:01] [235/326] ANCN
[06:25:02] [236/326] MMCJ
[06:25:03] [237/326] DCAK
[06:25:04] [238/326] SCKG
[06:25:05] [239/326] LMCK
[06:25:05] 🔄 Identity reset
[06:25:05] 🔄 Identity rotated (every 10 requests)
[06:25:07] [240/326] CKKX
[06:25:08] [241/326] ANKU
[06:25:10] [242/326] CSMD
[06:25:10] [243/326] MKMP
[06:25:11] [244/326] SVBG
[06:25:13] [245/326] ROOP
[06:25:14] [246/326] GDMT
[06:25:15] [247/326] FPPF
[06:25:16] [248/326] SFUU
[06:25:17] [249/326] ANCB
[06:25:18] 🔄 Identity reset
[06:25:18] 🔄 Identity rotated (every 10 requests)
[06:25:18] [250/326] SMMC
[06:25:19] [251/326] UGKT
[06:25:20] [252/326] JVRM
[06:25:20] [253/326] BATG
[06:25:22] [254/326] RATE
[06:25:23] [255/326] SKME
[06:25:24] [256/326] LMTP
[06:25:25] [257/326] TCBD
[06:25:25] [258/326] ESBD
[06:25:27] [259/326] GDCU
[06:25:28] 🔄 Identity reset
[06:25:28] 🔄 Identity rotated (every 10 requests)
[06:25:28] [260/326] SNKT
[06:25:29] [261/326] SRNK
[06:25:30] [262/326] SMED
[06:25:31] [263/326] CSQS
[06:25:32] [264/326] ALCS
[06:25:33] [265/326] KCKN
[06:25:34] [266/326] VCCL
[06:25:35] [267/326] MCDA
[06:25:37] [268/326] SHMI
[06:25:39] [269/326] SKHA
[06:25:40] 🔄 Identity reset
[06:25:40] 🔄 Identity rotated (every 10 requests)
[06:25:41] [270/326] SVFK
[06:25:41] [271/326] INVB
[06:25:42] [272/326] MELD
[06:25:43] [273/326] JTYS
[06:25:44] [274/326] INCM
[06:25:45] [275/326] MCDV
[06:25:46] [276/326] KSGK
[06:25:47] [277/326] ICMG
[06:25:48] [278/326] CSCV
[06:25:50] [279/326] STMD
[06:25:51] 🔄 Identity reset
[06:25:51] 🔄 Identity rotated (every 10 requests)
[06:25:52] [280/326] STTR
[06:25:52] [281/326] INVC
[06:25:53] [282/326] JTBL
[06:25:55] [283/326] SRVV
[06:25:56] [284/326] MAVC
[06:25:57] [285/326] SRPP
[06:25:58] [286/326] JGDM
[06:25:59] [287/326] MBSJ
[06:25:59] [288/326] SSLL
[06:26:01] [289/326] SLKP
[06:26:02] 🔄 Identity reset
[06:26:02] 🔄 Identity rotated (every 10 requests)
[06:26:02] [290/326] NSRV
[06:26:03] [291/326] UTDV
[06:26:05] [292/326] KICM
[06:26:06] [293/326] KCMD
[06:26:07] [294/326] TTPP
[06:26:07] [295/326] KMPV
[06:26:08] [296/326] SKTV
[06:26:09] [297/326] STCV
[06:26:10] [298/326] SRDA
[06:26:11] [299/326] JTSX
[06:26:11] 🔄 Identity reset
[06:26:11] 🔄 Identity rotated (every 10 requests)
[06:26:12] [300/326] STBV
[06:26:14] [301/326] APVZ
[06:26:15] [302/326] GSTV
[06:26:17] [303/326] NMVS
[06:26:19] [304/326] SKRT
[06:26:19] [305/326] RMDV
[06:26:21] [306/326] RATG
[06:26:22] [307/326] SJYV
[06:26:23] [308/326] NDGP
[06:26:23] [309/326] SNDG
[06:26:24] 🔄 Identity reset
[06:26:24] 🔄 Identity rotated (every 10 requests)
[06:26:25] [310/326] INSR
[06:26:26] [311/326] INSO
[06:26:27] [312/326] CCSI
[06:26:27] [313/326] RASM
[06:26:28] [314/326] NEWC
[06:26:30] [315/326] VSHL
[06:26:31] [316/326] BISW
[06:26:32] [317/326] GCNG
[06:26:33] [318/326] CWSC
[06:26:34] [319/326] SKAN
[06:26:35] 🔄 Identity reset
[06:26:35] 🔄 Identity rotated (every 10 requests)
[06:26:36] [320/326] CCOA
[06:26:37] [321/326] MCAJ
[06:26:38] [322/326] ACDE
[06:26:39] [323/326] AACM
[06:26:39] [324/326] JJCK
[06:26:40] [325/326] RCMO
[06:26:42] [326/326] GDAW
[06:26:43] 🧹 Deduping shows
[06:26:43] ✅ DONE | Shows=569 | Movies=31
[00:02:28] 🚀 SCRIPT STARTED
[00:02:28] [1/326] VCHA
[00:02:28] 🧠 New identity created
[00:02:29] [2/326] SCKO
[00:02:30] [3/326] VKTK
[00:02:31] [4/326] DXEC
[00:02:32] [5/326] CDCA
[00:02:33] [6/326] VBCZ
[00:02:34] [7/326] MSDR
[00:02:35] [8/326] ACPV
[00:02:36] [9/326] PVHB
[00:02:37] [10/326] RCNH
[00:02:37] 🔄 Identity reset
[00:02:37] 🔄 Identity rotated (every 10 requests)
[00:02:38] [11/326] IOMH
[00:02:39] [12/326] ILKS
[00:02:40] [13/326] AMSN
[00:02:41] [14/326] ANTP
[00:02:41] [15/326] SSEK
[00:02:42] [16/326] PICP
[00:02:43] [17/326] SICO
[00:02:44] [18/326] SISP
[00:02:45] [19/326] SCPI
[00:02:46] [20/326] CRPR
[00:02:46] 🔄 Identity reset
[00:02:46] 🔄 Identity rotated (every 10 requests)
[00:02:47] [21/326] DCTW
[00:02:48] [22/326] DCSP
[00:02:49] [23/326] KRPM
[00:02:50] [24/326] THKK
[00:02:51] [25/326] SNMY
[00:02:52] [26/326] AKCC
[00:02:53] [27/326] PCAT
[00:02:54] [28/326] RFGO
[00:02:55] [29/326] GGCS
[00:02:56] [30/326] ACKR
[00:02:56] 🔄 Identity reset
[00:02:56] 🔄 Identity rotated (every 10 requests)
[00:02:57] [31/326] STDO
[00:02:58] [32/326] ACKB
[00:02:59] [33/326] ALUC
[00:03:01] [34/326] MNSR
[00:03:02] [35/326] CSSL
[00:03:04] [36/326] BGGM
[00:03:04] [37/326] MANT
[00:03:05] [38/326] SOOY
[00:03:07] [39/326] VPPK
[00:03:08] [40/326] MYHJ
[00:03:08] 🔄 Identity reset
[00:03:08] 🔄 Identity rotated (every 10 requests)
[00:03:09] [41/326] KSCK
[00:03:11] [42/326] KATK
[00:03:12] [43/326] RTRT
[00:03:13] [44/326] SSTT
[00:03:14] [45/326] SSTV
[00:03:15] [46/326] LACM
[00:03:16] [47/326] SGMG
[00:03:18] [48/326] KACX
[00:03:19] [49/326] GVCP
[00:03:20] [50/326] CSNC
[00:03:20] 🔄 Identity reset
[00:03:20] 🔄 Identity rotated (every 10 requests)
[00:03:21] [51/326] SXCB
[00:03:22] [52/326] BAHS
[00:03:23] [53/326] PCBI
[00:03:24] [54/326] PSSM
[00:03:25] [55/326] RCOK
[00:03:27] [56/326] SCPF
[00:03:28] [57/326] SSAS
[00:03:29] [58/326] EVMM
[00:03:30] [59/326] SYCB
[00:03:31] [60/326] GCKI
[00:03:31] 🔄 Identity reset
[00:03:31] 🔄 Identity rotated (every 10 requests)
[00:03:32] [61/326] IAET
[00:03:33] [62/326] DDTD
[00:03:34] [63/326] GMDH
[00:03:35] [64/326] STLE
[00:03:36] [65/326] JTRA
[00:03:37] [66/326] RPPA
[00:03:38] [67/326] ARUT
[00:03:38] [68/326] JTVM
[00:03:39] [69/326] SWRH
[00:03:40] [70/326] DCPC
[00:03:40] 🔄 Identity reset
[00:03:40] 🔄 Identity rotated (every 10 requests)
[00:03:41] [71/326] RAPR
[00:03:42] [72/326] GCRT
[00:03:43] [73/326] ATUN
[00:03:44] [74/326] LTRM
[00:03:45] [75/326] TASR
[00:03:46] [76/326] RLLC
[00:03:47] [77/326] MABI
[00:03:48] [78/326] SVHB
[00:03:49] [79/326] NVTB
[00:03:50] [80/326] KCKG
[00:03:50] 🔄 Identity reset
[00:03:50] 🔄 Identity rotated (every 10 requests)
[00:03:51] [81/326] SSRN
[00:03:52] [82/326] VDDC
[00:03:54] [83/326] GKTK
[00:03:55] [84/326] YFSN
[00:03:56] [85/326] GCSG
[00:03:57] [86/326] ESSM
[00:03:57] [87/326] KRIH
[00:03:58] [88/326] GCDS
[00:03:59] [89/326] CCSH
[00:04:00] [90/326] ACSK
[00:04:00] 🔄 Identity reset
[00:04:00] 🔄 Identity rotated (every 10 requests)
[00:04:01] [91/326] APRK
[00:04:02] [92/326] ADKM
[00:04:03] [93/326] SRDM
[00:04:04] [94/326] SJMY
[00:04:05] [95/326] PGGC
[00:04:06] [96/326] INGM
[00:04:07] [97/326] LSCB
[00:04:08] [98/326] STAD
[00:04:09] [99/326] MCCR
[00:04:10] [100/326] ABCC
[00:04:10] 🔄 Identity reset
[00:04:10] 🔄 Identity rotated (every 10 requests)
[00:04:11] [101/326] RKCC
[00:04:12] [102/326] RTCR
[00:04:12] [103/326] GGBC
[00:04:13] [104/326] GCSD
[00:04:14] [105/326] LPTY
[00:04:15] [106/326] MCFD
[00:04:17] [107/326] HENN
[00:04:18] [108/326] SMKU
[00:04:19] [109/326] TNZC
[00:04:20] [110/326] DRCD
[00:04:20] 🔄 Identity reset
[00:04:20] 🔄 Identity rotated (every 10 requests)
[00:04:21] [111/326] DLCD
[00:04:22] [112/326] RCDA
[00:04:23] [113/326] COSM
[00:04:24] [114/326] MCMJ
[00:04:25] [115/326] CSTR
[00:04:26] [116/326] CVDK
[00:04:26] [117/326] INRR
[00:04:27] [118/326] RJRT
[00:04:28] [119/326] IRMR
[00:04:29] [120/326] SRCF
[00:04:29] 🔄 Identity reset
[00:04:29] 🔄 Identity rotated (every 10 requests)
[00:04:30] [121/326] GRCR
[00:04:31] [122/326] SURC
[00:04:32] [123/326] NMNH
[00:04:33] [124/326] SVBL
[00:04:34] [125/326] KACI
[00:04:35] [126/326] TDGO
[00:04:36] [127/326] KTBR
[00:04:37] [128/326] PMAD
[00:04:38] [129/326] CCPN
[00:04:39] [130/326] SBTK
[00:04:39] 🔄 Identity reset
[00:04:39] 🔄 Identity rotated (every 10 requests)
[00:04:40] [131/326] LMDK
[00:04:41] [132/326] PGDA
[00:04:41] [133/326] SRML
[00:04:43] [134/326] EVCK
[00:04:43] [135/326] RTTK
[00:04:44] [136/326] SRTU
[00:04:45] [137/326] VRSA
[00:04:47] [138/326] VARS
[00:04:47] [139/326] DSCZ
[00:04:48] [140/326] GAGA
[00:04:48] 🔄 Identity reset
[00:04:48] 🔄 Identity rotated (every 10 requests)
[00:04:49] [141/326] SARV
[00:04:50] [142/326] SEEG
[00:04:51] [143/326] GLCA
[00:04:52] [144/326] APAS
[00:04:54] [145/326] VCIA
[00:04:55] [146/326] SJTA
[00:04:57] [147/326] SABM
[00:04:58] [148/326] PPAG
[00:04:59] [149/326] RVCA
[00:05:00] [150/326] CCIA
[00:05:00] 🔄 Identity reset
[00:05:00] 🔄 Identity rotated (every 10 requests)
[00:05:02] [151/326] HTAG
[00:05:03] [152/326] SMBI
[00:05:04] [153/326] MCJR
[00:05:05] [154/326] CCJR
[00:05:06] [155/326] SINF
[00:05:07] [156/326] CPLX
[00:05:08] [157/326] KKTJ
[00:05:09] [158/326] GDBW
[00:05:10] [159/326] CSUB
[00:05:11] [160/326] DABA
[00:05:11] 🔄 Identity reset
[00:05:11] 🔄 Identity rotated (every 10 requests)
[00:05:12] [161/326] TITR
[00:05:13] [162/326] NYCR
[00:05:14] [163/326] RTRY
[00:05:15] [164/326] JTJL
[00:05:16] [165/326] SJCP
[00:05:17] [166/326] KCCA
[00:05:18] [167/326] MLPG
[00:05:20] [168/326] VRCK
[00:05:20] [169/326] SRIN
[00:05:21] [170/326] CXMK
[00:05:21] 🔄 Identity reset
[00:05:21] 🔄 Identity rotated (every 10 requests)
[00:05:23] [171/326] SKAD
[00:05:23] [172/326] AVTR
[00:05:24] [173/326] PTAJ
[00:05:26] [174/326] SCNK
[00:05:27] [175/326] STTI
[00:05:28] [176/326] KACR
[00:05:29] [177/326] SSDX
[00:05:30] [178/326] VRTJ
[00:05:31] [179/326] RAJD
[00:05:32] [180/326] SCIP
[00:05:32] 🔄 Identity reset
[00:05:32] 🔄 Identity rotated (every 10 requests)
[00:05:33] [181/326] RJSL
[00:05:34] [182/326] ARRS
[00:05:35] [183/326] ASMS
[00:05:36] [184/326] RDTS
[00:05:37] [185/326] DVMY
[00:05:38] [186/326] RASA
[00:05:39] [187/326] INOM
[00:05:40] [188/326] SPRS
[00:05:41] [189/326] SGCS
[00:05:42] [190/326] SALM
[00:05:42] 🔄 Identity reset
[00:05:42] 🔄 Identity rotated (every 10 requests)
[00:05:43] [191/326] PKHC
[00:05:44] [192/326] RCSV
[00:05:44] [193/326] CPKC
[00:05:45] [194/326] AACD
[00:05:46] [195/326] GGCV
[00:05:47] [196/326] SMKD
[00:05:48] [197/326] NBCH
[00:05:49] [198/326] AMCB
[00:05:50] [199/326] OPCN
[00:05:51] [200/326] DCIN
[00:05:51] 🔄 Identity reset
[00:05:51] 🔄 Identity rotated (every 10 requests)
[00:05:53] [201/326] INGW
[00:05:54] [202/326] PKKW
[00:05:55] [203/326] FNGW
[00:05:56] [204/326] GCGD
[00:05:57] [205/326] MSTW
[00:05:58] [206/326] KCCG
[00:05:59] [207/326] MRSS
[00:06:00] [208/326] CLCF
[00:06:01] [209/326] EETS
[00:06:02] [210/326] AATR
[00:06:02] 🔄 Identity reset
[00:06:02] 🔄 Identity rotated (every 10 requests)
[00:06:03] [211/326] CMMN
[00:06:04] [212/326] SCCJ
[00:06:05] [213/326] CDTK
[00:06:06] [214/326] AICP
[00:06:07] [215/326] FNBP
[00:06:08] [216/326] CBPB
[00:06:09] [217/326] CPAS
[00:06:10] [218/326] MAPM
[00:06:11] [219/326] PASD
[00:06:12] [220/326] JCMN
[00:06:12] 🔄 Identity reset
[00:06:12] 🔄 Identity rotated (every 10 requests)
[00:06:13] [221/326] MALB
[00:06:14] [222/326] SACG
[00:06:15] [223/326] DDRX
[00:06:16] [224/326] DDXB
[00:06:17] [225/326] RAMC
[00:06:18] [226/326] SANC
[00:06:19] [227/326] BCBP
[00:06:19] [228/326] ALPC
[00:06:20] [229/326] RBAC
[00:06:22] [230/326] RAJL
[00:06:22] 🔄 Identity reset
[00:06:22] 🔄 Identity rotated (every 10 requests)
[00:06:23] [231/326] MPDX
[00:06:23] [232/326] MUSC
[00:06:24] [233/326] VKMK
[00:06:25] [234/326] SKCG
[00:06:26] [235/326] ANCN
[00:06:27] [236/326] MMCJ
[00:06:28] [237/326] DCAK
[00:06:29] [238/326] SCKG
[00:06:31] [239/326] LMCK
[00:06:32] [240/326] CKKX
[00:06:32] 🔄 Identity reset
[00:06:32] 🔄 Identity rotated (every 10 requests)
[00:06:33] [241/326] ANKU
[00:06:34] [242/326] CSMD
[00:06:35] [243/326] MKMP
[00:06:36] [244/326] SVBG
[00:06:37] [245/326] ROOP
[00:06:38] [246/326] GDMT
[00:06:39] [247/326] FPPF
[00:06:39] [248/326] SFUU
[00:06:40] [249/326] ANCB
[00:06:41] [250/326] SMMC
[00:06:41] 🔄 Identity reset
[00:06:41] 🔄 Identity rotated (every 10 requests)
[00:06:42] [251/326] UGKT
[00:06:43] [252/326] JVRM
[00:06:44] [253/326] BATG
[00:06:45] [254/326] RATE
[00:06:46] [255/326] SKME
[00:06:47] [256/326] LMTP
[00:06:48] [257/326] TCBD
[00:06:49] [258/326] ESBD
[00:06:50] [259/326] GDCU
[00:06:51] [260/326] SNKT
[00:06:51] 🔄 Identity reset
[00:06:51] 🔄 Identity rotated (every 10 requests)
[00:06:52] [261/326] SRNK
[00:06:53] [262/326] SMED
[00:06:54] [263/326] CSQS
[00:06:54] [264/326] ALCS
[00:06:55] [265/326] KCKN
[00:06:56] [266/326] VCCL
[00:06:57] [267/326] MCDA
[00:06:58] [268/326] SHMI
[00:06:59] [269/326] SKHA
[00:07:00] [270/326] SVFK
[00:07:00] 🔄 Identity reset
[00:07:00] 🔄 Identity rotated (every 10 requests)
[00:07:01] [271/326] INVB
[00:07:02] [272/326] MELD
[00:07:04] [273/326] JTYS
[00:07:05] [274/326] INCM
[00:07:06] [275/326] MCDV
[00:07:07] [276/326] KSGK
[00:07:08] [277/326] ICMG
[00:07:09] [278/326] CSCV
[00:07:10] [279/326] STMD
[00:07:11] [280/326] STTR
[00:07:11] 🔄 Identity reset
[00:07:11] 🔄 Identity rotated (every 10 requests)
[00:07:12] [281/326] INVC
[00:07:13] [282/326] JTBL
[00:07:14] [283/326] SRVV
[00:07:15] [284/326] MAVC
[00:07:16] [285/326] SRPP
[00:07:17] [286/326] JGDM
[00:07:18] [287/326] MBSJ
[00:07:19] [288/326] SSLL
[00:07:20] [289/326] SLKP
[00:07:21] [290/326] NSRV
[00:07:21] 🔄 Identity reset
[00:07:21] 🔄 Identity rotated (every 10 requests)
[00:07:22] [291/326] UTDV
[00:07:23] [292/326] KICM
[00:07:25] [293/326] KCMD
[00:07:26] [294/326] TTPP
[00:07:27] [295/326] KMPV
[00:07:28] [296/326] SKTV
[00:07:29] [297/326] STCV
[00:07:29] [298/326] SRDA
[00:07:30] [299/326] JTSX
[00:07:31] [300/326] STBV
[00:07:31] 🔄 Identity reset
[00:07:31] 🔄 Identity rotated (every 10 requests)
[00:07:32] [301/326] APVZ
[00:07:33] [302/326] GSTV
[00:07:34] [303/326] NMVS
[00:07:36] [304/326] SKRT
[00:07:36] [305/326] RMDV
[00:07:37] [306/326] RATG
[00:07:38] [307/326] SJYV
[00:07:40] [308/326] NDGP
[00:07:40] [309/326] SNDG
[00:07:41] [310/326] INSR
[00:07:41] 🔄 Identity reset
[00:07:41] 🔄 Identity rotated (every 10 requests)
[00:07:42] [311/326] INSO
[00:07:43] [312/326] CCSI
[00:07:44] [313/326] RASM
[00:07:45] [314/326] NEWC
[00:07:46] [315/326] VSHL
[00:07:47] [316/326] BISW
[00:07:48] [317/326] GCNG
[00:07:49] [318/326] CWSC
[00:07:50] [319/326] SKAN
[00:07:51] [320/326] CCOA
[00:07:51] 🔄 Identity reset
[00:07:51] 🔄 Identity rotated (every 10 requests)
[00:07:53] [321/326] MCAJ
[00:07:54] [322/326] ACDE
[00:07:54] [323/326] AACM
[00:07:55] [324/326] JJCK
[00:07:56] [325/326] RCMO
[00:07:57] [326/326] GDAW
[00:07:59] 🧹 Deduping shows
[00:07:59] ✅ DONE | Shows=1436 | Movies=59
