[09:36:41] 🚀 SCRIPT STARTED (enhanced anti‑detection)
[09:36:41] [1/326] BSAT
[09:36:41] 🧠 New identity created
[09:36:42] [2/326] RSSM
[09:36:43] [3/326] GCTA
[09:36:44] [4/326] TOPN
[09:36:44] [5/326] MCUS
[09:36:45] [6/326] SHRL
[09:36:46] [7/326] UPTP
[09:36:47] [8/326] TMMP
[09:36:48] [9/326] DNRP
[09:36:48] [10/326] SRLT
[09:36:49] 🔄 Identity reset
[09:36:49] 🔄 Identity rotated (every 10 requests)
[09:36:50] [11/326] RCNS
[09:36:51] [12/326] DCBH
[09:36:51] [13/326] NAGJ
[09:36:53] [14/326] JVRC
[09:36:54] [15/326] KRJG
[09:36:54] [16/326] SRTJ
[09:36:55] [17/326] CMXM
[09:36:56] [18/326] STMI
[09:36:57] [19/326] SLST
[09:36:58] [20/326] DTCN
[09:36:59] 🔄 Identity reset
[09:36:59] 🔄 Identity rotated (every 10 requests)
[09:36:59] [21/326] STYN
[09:37:00] [22/326] SZVR
[09:37:01] [23/326] SRKO
[09:37:02] [24/326] JTGT
[09:37:03] [25/326] SVFD
[09:37:03] [26/326] SISD
[09:37:04] [27/326] ABDD
[09:37:05] [28/326] DRCA
[09:37:06] [29/326] AVCS
[09:37:07] [30/326] MVKH
[09:37:08] 🔄 Identity reset
[09:37:08] 🔄 Identity rotated (every 10 requests)
[09:37:08] [31/326] ACPR
[09:37:09] [32/326] STIP
[09:37:10] [33/326] MTRA
[09:37:10] [34/326] RMKH
[09:37:11] [35/326] NKRL
[09:37:12] [36/326] PCWN
[09:37:13] [37/326] BLMT
[09:37:14] [38/326] GDPG
[09:37:15] [39/326] SRMX
[09:37:16] [40/326] JACP
[09:37:16] 🔄 Identity reset
[09:37:16] 🔄 Identity rotated (every 10 requests)
[09:37:17] [41/326] CPSH
[09:37:18] [42/326] MCCD
[09:37:19] [43/326] ECGH
[09:37:20] [44/326] MKCK
[09:37:21] [45/326] SRMM
[09:37:22] [46/326] SKYR
[09:37:23] [47/326] PCKC
[09:37:24] [48/326] JCMA
[09:37:26] [49/326] BSMP
[09:37:27] [50/326] VSPA
[09:37:27] 🔄 Identity reset
[09:37:27] 🔄 Identity rotated (every 10 requests)
[09:37:28] [51/326] DJYA
[09:37:29] [52/326] DIMP
[09:37:29] [53/326] FXDR
[09:37:30] [54/326] SSRC
[09:37:31] [55/326] STHP
[09:37:32] [56/326] CPPD
[09:37:33] [57/326] FCLK
[09:37:34] [58/326] SCPP
[09:37:35] [59/326] DCMJ
[09:37:36] [60/326] RCCR
[09:37:37] 🔄 Identity reset
[09:37:37] 🔄 Identity rotated (every 10 requests)
[09:37:37] [61/326] INMT
[09:37:38] [62/326] LXTK
[09:37:39] [63/326] SRYK
[09:37:40] [64/326] SGDK
[09:37:41] [65/326] PPKA
[09:37:41] [66/326] SPKA
[09:37:42] [67/326] CGHH
[09:37:43] [68/326] DCJN
[09:37:44] [69/326] SRKV
[09:37:45] [70/326] SAJC
[09:37:45] 🔄 Identity reset
[09:37:46] 🔄 Identity rotated (every 10 requests)
[09:37:46] [71/326] SUSR
[09:37:47] [72/326] STYG
[09:37:48] [73/326] NTKP
[09:37:49] [74/326] AKTG
[09:37:49] [75/326] CGCM
[09:37:50] [76/326] TULC
[09:37:52] [77/326] NYYZ
[09:37:53] [78/326] NYBW
[09:37:54] [79/326] MACB
[09:37:56] [80/326] SLVT
[09:37:57] 🔄 Identity reset
[09:37:57] 🔄 Identity rotated (every 10 requests)
[09:37:57] [81/326] SANA
[09:37:58] [82/326] ACMR
[09:38:00] [83/326] CPKN
[09:38:01] [84/326] DLGK
[09:38:02] [85/326] CWCK
[09:38:03] [86/326] FDDH
[09:38:04] [87/326] MMMD
[09:38:05] [88/326] CMEH
[09:38:05] [89/326] GGGV
[09:38:07] [90/326] SPJL
[09:38:08] 🔄 Identity reset
[09:38:08] 🔄 Identity rotated (every 10 requests)
[09:38:08] [91/326] RCCD
[09:38:09] [92/326] STTZ
[09:38:10] [93/326] BTCF
[09:38:11] [94/326] TSTZ
[09:38:12] [95/326] IPMM
[09:38:12] [96/326] PMPW
[09:38:13] [97/326] PCMZ
[09:38:14] [98/326] ESEM
[09:38:15] [99/326] PIPO
[09:38:16] [100/326] MATK
[09:38:16] 🔄 Identity reset
[09:38:16] 🔄 Identity rotated (every 10 requests)
[09:38:17] [101/326] PGHM
[09:38:18] [102/326] CTSR
[09:38:19] [103/326] CYKR
[09:38:20] [104/326] MSCM
[09:38:21] [105/326] RFNP
[09:38:22] [106/326] PDCP
[09:38:23] [107/326] NPSE
[09:38:24] [108/326] MKML
[09:38:24] [109/326] FTDP
[09:38:25] [110/326] MMXA
[09:38:26] 🔄 Identity reset
[09:38:26] 🔄 Identity rotated (every 10 requests)
[09:38:27] [111/326] CEPO
[09:38:28] [112/326] CMVP
[09:38:29] [113/326] SGTH
[09:38:30] [114/326] SAYN
[09:38:31] [115/326] URVS
[09:38:32] [116/326] VJTN
[09:38:33] [117/326] BBYK
[09:38:34] [118/326] SHBO
[09:38:35] [119/326] VCMR
[09:38:35] [120/326] MACT
[09:38:36] 🔄 Identity reset
[09:38:36] 🔄 Identity rotated (every 10 requests)
[09:38:36] [121/326] JMNP
[09:38:37] [122/326] VICS
[09:38:38] [123/326] VCDA
[09:38:39] [124/326] GCMM
[09:38:40] [125/326] INVS
[09:38:41] [126/326] SCGM
[09:38:42] [127/326] PCDA
[09:38:44] [128/326] KDCT
[09:38:45] [129/326] JACS
[09:38:46] [130/326] GMMC
[09:38:46] 🔄 Identity reset
[09:38:46] 🔄 Identity rotated (every 10 requests)
[09:38:47] [131/326] AICM
[09:38:48] [132/326] TJCM
[09:38:49] [133/326] RMTI
[09:38:50] [134/326] SHAC
[09:38:51] [135/326] APJC
[09:38:52] [136/326] GCTG
[09:38:52] [137/326] SSMC
[09:38:53] [138/326] THRM
[09:38:54] [139/326] RBCT
[09:38:55] [140/326] DIKT
[09:38:55] 🔄 Identity reset
[09:38:55] 🔄 Identity rotated (every 10 requests)
[09:38:56] [141/326] MIDL
[09:38:57] [142/326] VCSN
[09:38:58] [143/326] SKTG
[09:38:58] [144/326] SMWC
[09:38:59] [145/326] MNKH
[09:39:00] [146/326] PIAT
[09:39:01] [147/326] LTTP
[09:39:02] [148/326] PTPU
[09:39:03] [149/326] ACMG
[09:39:04] [150/326] SHMM
[09:39:04] 🔄 Identity reset
[09:39:04] 🔄 Identity rotated (every 10 requests)
[09:39:05] [151/326] MCMN
[09:39:05] [152/326] GLDC
[09:39:06] [153/326] HOUT
[09:39:07] [154/326] SVRP
[09:39:08] [155/326] PVDN
[09:39:09] [156/326] SCPY
[09:39:10] [157/326] DTPY
[09:39:11] [158/326] GKCS
[09:39:12] [159/326] NCAM
[09:39:12] [160/326] BSRM
[09:39:13] 🔄 Identity reset
[09:39:13] 🔄 Identity rotated (every 10 requests)
[09:39:13] [161/326] RCLC
[09:39:14] [162/326] SKKD
[09:39:15] [163/326] ACHU
[09:39:16] [164/326] RSCF
[09:39:17] [165/326] IMSH
[09:39:17] [166/326] MACX
[09:39:18] [167/326] HMMW
[09:39:19] [168/326] JTCP
[09:39:20] [169/326] SREN
[09:39:21] [170/326] PJRR
[09:39:22] 🔄 Identity reset
[09:39:22] 🔄 Identity rotated (every 10 requests)
[09:39:22] [171/326] INAC
[09:39:23] [172/326] BMCA
[09:39:24] [173/326] SHCB
[09:39:26] [174/326] GABA
[09:39:27] [175/326] SBCT
[09:39:27] [176/326] GCMA
[09:39:28] [177/326] MYTK
[09:39:29] [178/326] INZS
[09:39:30] [179/326] RMIK
[09:39:31] [180/326] NYCH
[09:39:31] 🔄 Identity reset
[09:39:31] 🔄 Identity rotated (every 10 requests)
[09:39:32] [181/326] RAVE
[09:39:33] [182/326] PSXM
[09:39:34] [183/326] MCGP
[09:39:34] [184/326] PDDK
[09:39:35] [185/326] SPCK
[09:39:36] [186/326] MCRL
[09:39:37] [187/326] MHKT
[09:39:38] [188/326] ANRR
[09:39:39] [189/326] SAPK
[09:39:39] [190/326] NCUK
[09:39:40] 🔄 Identity reset
[09:39:40] 🔄 Identity rotated (every 10 requests)
[09:39:40] [191/326] JUGA
[09:39:41] [192/326] DBSC
[09:39:42] [193/326] LALK
[09:39:43] [194/326] GUCK
[09:39:44] [195/326] STSG
[09:39:45] [196/326] PPPZ
[09:39:46] [197/326] CNCY
[09:39:46] [198/326] MTAR
[09:39:47] [199/326] VNKD
[09:39:48] [200/326] KMAJ
[09:39:49] 🔄 Identity reset
[09:39:49] 🔄 Identity rotated (every 10 requests)
[09:39:50] [201/326] ACXK
[09:39:51] [202/326] UTKC
[09:39:51] [203/326] PBLK
[09:39:52] [204/326] ACBX
[09:39:53] [205/326] PTGM
[09:39:54] [206/326] BTDA
[09:39:56] [207/326] PJMB
[09:39:57] [208/326] TPDA
[09:39:58] [209/326] AMOE
[09:39:59] [210/326] PRHT
[09:39:59] 🔄 Identity reset
[09:39:59] 🔄 Identity rotated (every 10 requests)
[09:40:00] [211/326] PRTA
[09:40:01] [212/326] STAM
[09:40:02] [213/326] MSAA
[09:40:03] [214/326] SDLU
[09:40:04] [215/326] RCHH
[09:40:05] [216/326] KANT
[09:40:05] [217/326] FCRT
[09:40:07] [218/326] DNKM
[09:40:08] [219/326] RYCP
[09:40:08] [220/326] MYRP
[09:40:09] 🔄 Identity reset
[09:40:09] 🔄 Identity rotated (every 10 requests)
[09:40:09] [221/326] PPAK
[09:40:10] [222/326] NVPK
[09:40:11] [223/326] PRMC
[09:40:12] [224/326] JBCS
[09:40:13] [225/326] GXCK
[09:40:14] [226/326] USKO
[09:40:15] [227/326] GTEM
[09:40:16] [228/326] SMBU
[09:40:17] [229/326] VETC
[09:40:17] [230/326] LCDA
[09:40:18] 🔄 Identity reset
[09:40:18] 🔄 Identity rotated (every 10 requests)
[09:40:18] [231/326] MTVT
[09:40:19] [232/326] PYCP
[09:40:20] [233/326] PNSC
[09:40:21] [234/326] PPCC
[09:40:22] [235/326] TGRT
[09:40:23] [236/326] JYOT
[09:40:24] [237/326] SRCZ
[09:40:25] [238/326] SJTE
[09:40:26] [239/326] DESC
[09:40:27] [240/326] JHVN
[09:40:28] 🔄 Identity reset
[09:40:28] 🔄 Identity rotated (every 10 requests)
[09:40:28] [241/326] IPSG
[09:40:29] [242/326] IPCM
[09:40:30] [243/326] PDRS
[09:40:31] [244/326] ANCV
[09:40:32] [245/326] CMVV
[09:40:33] [246/326] SHYP
[09:40:34] [247/326] DNCS
[09:40:35] [248/326] GAJK
[09:40:37] [249/326] AKTN
[09:40:37] [250/326] KAYA
[09:40:38] 🔄 Identity reset
[09:40:38] 🔄 Identity rotated (every 10 requests)
[09:40:38] [251/326] SBRC
[09:40:39] [252/326] CHTP
[09:40:40] [253/326] SHRT
[09:40:41] [254/326] BCKU
[09:40:42] [255/326] FCPS
[09:40:43] [256/326] ARDD
[09:40:43] [257/326] CPCM
[09:40:44] [258/326] CGSM
[09:40:45] [259/326] PSMP
[09:40:46] [260/326] SDAL
[09:40:47] 🔄 Identity reset
[09:40:47] 🔄 Identity rotated (every 10 requests)
[09:40:47] [261/326] RTNB
[09:40:48] [262/326] LMCR
[09:40:50] [263/326] CIMA
[09:40:51] [264/326] RNAS
[09:40:52] [265/326] LITH
[09:40:53] [266/326] PBOX
[09:40:53] [267/326] FRTS
[09:40:54] [268/326] RKIC
[09:40:55] [269/326] PTAI
[09:40:56] [270/326] GCIC
[09:40:57] 🔄 Identity reset
[09:40:57] 🔄 Identity rotated (every 10 requests)
[09:40:57] [271/326] FNAS
[09:40:58] [272/326] SCAR
[09:40:59] [273/326] MTCA
[09:41:00] [274/326] SCTS
[09:41:01] [275/326] SYCS
[09:41:02] [276/326] RDMS
[09:41:02] [277/326] KAMP
[09:41:03] [278/326] ERSD
[09:41:04] [279/326] MJMJ
[09:41:05] [280/326] SRCJ
[09:41:06] 🔄 Identity reset
[09:41:06] 🔄 Identity rotated (every 10 requests)
[09:41:06] [281/326] SCXE
[09:41:07] [282/326] SVFR
[09:41:09] [283/326] BHCS
[09:41:10] [284/326] IMCC
[09:41:11] [285/326] PCBO
[09:41:11] [286/326] PRVN
[09:41:13] [287/326] AUPM
[09:41:14] [288/326] INBW
[09:41:15] [289/326] SVCW
[09:41:16] [290/326] RKCF
[09:41:16] 🔄 Identity reset
[09:41:16] 🔄 Identity rotated (every 10 requests)
[09:41:17] [291/326] UVBH
[09:41:18] [292/326] DNCY
[09:41:19] [293/326] ABCN
[09:41:20] [294/326] PRUR
[09:41:21] [295/326] PFMR
[09:41:22] [296/326] RKCN
[09:41:22] [297/326] CFEA
[09:41:23] [298/326] SDBG
[09:41:24] [299/326] SNAR
[09:41:25] [300/326] YISI
[09:41:26] 🔄 Identity reset
[09:41:26] 🔄 Identity rotated (every 10 requests)
[09:41:26] [301/326] JCFF
[09:41:27] [302/326] VTRK
[09:41:28] [303/326] PCLZ
[09:41:29] [304/326] DIMY
[09:41:30] [305/326] BBTS
[09:41:31] [306/326] GATH
[09:41:31] [307/326] GTMN
[09:41:32] [308/326] VTMH
[09:41:33] [309/326] CCKP
[09:41:34] [310/326] GPKA
[09:41:35] 🔄 Identity reset
[09:41:35] 🔄 Identity rotated (every 10 requests)
[09:41:35] [311/326] MHCL
[09:41:36] [312/326] ATCL
[09:41:37] [313/326] SBCK
[09:41:37] [314/326] AMMR
[09:41:38] [315/326] MADC
[09:41:39] [316/326] TMMA
[09:41:40] [317/326] CACC
[09:41:42] [318/326] CHAL
[09:41:43] [319/326] DURG
[09:41:44] [320/326] GMKU
[09:41:44] 🔄 Identity reset
[09:41:44] 🔄 Identity rotated (every 10 requests)
[09:41:44] [321/326] GECA
[09:41:45] [322/326] KYRR
[09:41:46] [323/326] KSDE
[09:41:47] [324/326] LMCI
[09:41:48] [325/326] NKCP
[09:41:49] [326/326] BGTC
[09:41:50] 🧹 Deduping shows
[09:41:50] ✅ DONE | Shows=60 | Movies=7
[16:34:51] 🚀 SCRIPT STARTED (enhanced anti‑detection)
[16:34:51] [1/326] BSAT
[16:34:52] 🧠 New identity created
[16:34:52] [2/326] RSSM
[16:34:53] [3/326] GCTA
[16:34:53] [4/326] TOPN
[16:34:54] [5/326] MCUS
[16:34:55] [6/326] SHRL
[16:34:56] [7/326] UPTP
[16:34:57] [8/326] TMMP
[16:34:58] [9/326] DNRP
[16:34:59] [10/326] SRLT
[16:35:00] 🔄 Identity reset
[16:35:00] 🔄 Identity rotated (every 10 requests)
[16:35:00] [11/326] RCNS
[16:35:01] [12/326] DCBH
[16:35:02] [13/326] NAGJ
[16:35:03] [14/326] JVRC
[16:35:04] [15/326] KRJG
[16:35:05] [16/326] SRTJ
[16:35:06] [17/326] CMXM
[16:35:06] [18/326] STMI
[16:35:07] [19/326] SLST
[16:35:08] [20/326] DTCN
[16:35:09] 🔄 Identity reset
[16:35:09] 🔄 Identity rotated (every 10 requests)
[16:35:09] [21/326] STYN
[16:35:10] [22/326] SZVR
[16:35:11] [23/326] SRKO
[16:35:12] [24/326] JTGT
[16:35:13] [25/326] SVFD
[16:35:14] [26/326] SISD
[16:35:15] [27/326] ABDD
[16:35:16] [28/326] DRCA
[16:35:17] [29/326] AVCS
[16:35:18] [30/326] MVKH
[16:35:19] 🔄 Identity reset
[16:35:19] 🔄 Identity rotated (every 10 requests)
[16:35:19] [31/326] ACPR
[16:35:20] [32/326] STIP
[16:35:21] [33/326] MTRA
[16:35:22] [34/326] RMKH
[16:35:23] [35/326] NKRL
[16:35:24] [36/326] PCWN
[16:35:25] [37/326] BLMT
[16:35:26] [38/326] GDPG
[16:35:27] [39/326] SRMX
[16:35:27] [40/326] JACP
[16:35:28] 🔄 Identity reset
[16:35:28] 🔄 Identity rotated (every 10 requests)
[16:35:28] [41/326] CPSH
[16:35:29] [42/326] MCCD
[16:35:30] [43/326] ECGH
[16:35:31] [44/326] MKCK
[16:35:32] [45/326] SRMM
[16:35:33] [46/326] SKYR
[16:35:34] [47/326] PCKC
[16:35:35] [48/326] JCMA
[16:35:35] [49/326] BSMP
[16:35:36] [50/326] VSPA
[16:35:37] 🔄 Identity reset
[16:35:37] 🔄 Identity rotated (every 10 requests)
[16:35:37] [51/326] DJYA
[16:35:38] [52/326] DIMP
[16:35:39] [53/326] FXDR
[16:35:40] [54/326] SSRC
[16:35:42] [55/326] STHP
[16:35:43] [56/326] CPPD
[16:35:44] [57/326] FCLK
[16:35:45] [58/326] SCPP
[16:35:46] [59/326] DCMJ
[16:35:47] [60/326] RCCR
[16:35:48] 🔄 Identity reset
[16:35:48] 🔄 Identity rotated (every 10 requests)
[16:35:48] [61/326] INMT
[16:35:49] [62/326] LXTK
[16:35:51] [63/326] SRYK
[16:35:52] [64/326] SGDK
[16:35:53] [65/326] PPKA
[16:35:54] [66/326] SPKA
[16:35:55] [67/326] CGHH
[16:35:57] [68/326] DCJN
[16:35:57] [69/326] SRKV
[16:35:58] [70/326] SAJC
[16:35:59] 🔄 Identity reset
[16:35:59] 🔄 Identity rotated (every 10 requests)
[16:35:59] [71/326] SUSR
[16:36:00] [72/326] STYG
[16:36:00] [73/326] NTKP
[16:36:01] [74/326] AKTG
[16:36:02] [75/326] CGCM
[16:36:03] [76/326] TULC
[16:36:04] [77/326] NYYZ
[16:36:05] [78/326] NYBW
[16:36:06] [79/326] MACB
[16:36:07] [80/326] SLVT
[16:36:08] 🔄 Identity reset
[16:36:08] 🔄 Identity rotated (every 10 requests)
[16:36:08] 🔄 Retry 1/5 for SLVT in 2.6s
[16:36:08] 🔄 Identity reset
[16:36:11] 🧠 New identity created
[16:36:11] [81/326] SANA
[16:36:12] [82/326] ACMR
[16:36:12] [83/326] CPKN
[16:36:13] [84/326] DLGK
[16:36:14] [85/326] CWCK
[16:36:15] [86/326] FDDH
[16:36:16] [87/326] MMMD
[16:36:17] [88/326] CMEH
[16:36:18] [89/326] GGGV
[16:36:19] 🔄 Identity reset
[16:36:19] 🔄 Identity rotated (every 10 requests)
[16:36:20] [90/326] SPJL
[16:36:21] [91/326] RCCD
[16:36:22] [92/326] STTZ
[16:36:23] [93/326] BTCF
[16:36:24] [94/326] TSTZ
[16:36:25] [95/326] IPMM
[16:36:25] [96/326] PMPW
[16:36:26] [97/326] PCMZ
[16:36:27] [98/326] ESEM
[16:36:28] [99/326] PIPO
[16:36:29] 🔄 Identity reset
[16:36:29] 🔄 Identity rotated (every 10 requests)
[16:36:29] [100/326] MATK
[16:36:30] [101/326] PGHM
[16:36:31] [102/326] CTSR
[16:36:32] [103/326] CYKR
[16:36:33] [104/326] MSCM
[16:36:34] [105/326] RFNP
[16:36:34] [106/326] PDCP
[16:36:36] [107/326] NPSE
[16:36:37] [108/326] MKML
[16:36:39] [109/326] FTDP
[16:36:39] 🔄 Identity reset
[16:36:39] 🔄 Identity rotated (every 10 requests)
[16:36:40] [110/326] MMXA
[16:36:40] [111/326] CEPO
[16:36:41] [112/326] CMVP
[16:36:42] [113/326] SGTH
[16:36:43] [114/326] SAYN
[16:36:44] [115/326] URVS
[16:36:45] [116/326] VJTN
[16:36:45] [117/326] BBYK
[16:36:46] [118/326] SHBO
[16:36:47] [119/326] VCMR
[16:36:48] 🔄 Identity reset
[16:36:48] 🔄 Identity rotated (every 10 requests)
[16:36:48] 🔄 Retry 1/5 for VCMR in 2.0s
[16:36:48] 🔄 Identity reset
[16:36:50] 🧠 New identity created
[16:36:50] [120/326] MACT
[16:36:51] [121/326] JMNP
[16:36:52] [122/326] VICS
[16:36:53] [123/326] VCDA
[16:36:54] [124/326] GCMM
[16:36:54] [125/326] INVS
[16:36:55] [126/326] SCGM
[16:36:56] [127/326] PCDA
[16:36:57] [128/326] KDCT
[16:36:58] 🔄 Identity reset
[16:36:58] 🔄 Identity rotated (every 10 requests)
[16:36:58] [129/326] JACS
[16:36:59] [130/326] GMMC
[16:37:00] [131/326] AICM
[16:37:01] [132/326] TJCM
[16:37:02] [133/326] RMTI
[16:37:03] [134/326] SHAC
[16:37:04] [135/326] APJC
[16:37:05] [136/326] GCTG
[16:37:06] [137/326] SSMC
[16:37:07] [138/326] THRM
[16:37:07] 🔄 Identity reset
[16:37:07] 🔄 Identity rotated (every 10 requests)
[16:37:07] 🔄 Retry 1/5 for THRM in 2.8s
[16:37:07] 🔄 Identity reset
[16:37:10] 🧠 New identity created
[16:37:10] [139/326] RBCT
[16:37:11] [140/326] DIKT
[16:37:13] [141/326] MIDL
[16:37:14] [142/326] VCSN
[16:37:15] [143/326] SKTG
[16:37:16] [144/326] SMWC
[16:37:17] [145/326] MNKH
[16:37:17] [146/326] PIAT
[16:37:18] [147/326] LTTP
[16:37:19] 🔄 Identity reset
[16:37:19] 🔄 Identity rotated (every 10 requests)
[16:37:19] [148/326] PTPU
[16:37:20] [149/326] ACMG
[16:37:21] [150/326] SHMM
[16:37:22] [151/326] MCMN
[16:37:23] [152/326] GLDC
[16:37:24] [153/326] HOUT
[16:37:24] [154/326] SVRP
[16:37:25] [155/326] PVDN
[16:37:26] [156/326] SCPY
[16:37:27] [157/326] DTPY
[16:37:28] 🔄 Identity reset
[16:37:28] 🔄 Identity rotated (every 10 requests)
[16:37:28] [158/326] GKCS
[16:37:29] [159/326] NCAM
[16:37:30] [160/326] BSRM
[16:37:30] [161/326] RCLC
[16:37:31] [162/326] SKKD
[16:37:32] [163/326] ACHU
[16:37:33] [164/326] RSCF
[16:37:34] [165/326] IMSH
[16:37:35] [166/326] MACX
[16:37:36] [167/326] HMMW
[16:37:37] 🔄 Identity reset
[16:37:37] 🔄 Identity rotated (every 10 requests)
[16:37:38] [168/326] JTCP
[16:37:38] [169/326] SREN
[16:37:39] [170/326] PJRR
[16:37:40] [171/326] INAC
[16:37:41] [172/326] BMCA
[16:37:43] [173/326] SHCB
[16:37:44] [174/326] GABA
[16:37:44] [175/326] SBCT
[16:37:45] [176/326] GCMA
[16:37:46] [177/326] MYTK
[16:37:47] 🔄 Identity reset
[16:37:47] 🔄 Identity rotated (every 10 requests)
[16:37:47] [178/326] INZS
[16:37:48] [179/326] RMIK
[16:37:49] [180/326] NYCH
[16:37:50] [181/326] RAVE
[16:37:50] [182/326] PSXM
[16:37:51] [183/326] MCGP
[16:37:53] [184/326] PDDK
[16:37:54] [185/326] SPCK
[16:37:55] [186/326] MCRL
[16:37:55] [187/326] MHKT
[16:37:56] 🔄 Identity reset
[16:37:56] 🔄 Identity rotated (every 10 requests)
[16:37:56] [188/326] ANRR
[16:37:57] [189/326] SAPK
[16:37:58] [190/326] NCUK
[16:37:59] [191/326] JUGA
[16:38:00] [192/326] DBSC
[16:38:00] [193/326] LALK
[16:38:01] [194/326] GUCK
[16:38:02] [195/326] STSG
[16:38:03] [196/326] PPPZ
[16:38:04] [197/326] CNCY
[16:38:05] 🔄 Identity reset
[16:38:05] 🔄 Identity rotated (every 10 requests)
[16:38:05] [198/326] MTAR
[16:38:06] [199/326] VNKD
[16:38:07] [200/326] KMAJ
[16:38:08] [201/326] ACXK
[16:38:09] [202/326] UTKC
[16:38:10] [203/326] PBLK
[16:38:10] [204/326] ACBX
[16:38:12] [205/326] PTGM
[16:38:13] [206/326] BTDA
[16:38:14] [207/326] PJMB
[16:38:15] 🔄 Identity reset
[16:38:15] 🔄 Identity rotated (every 10 requests)
[16:38:15] [208/326] TPDA
[16:38:16] [209/326] AMOE
[16:38:18] [210/326] PRHT
[16:38:18] [211/326] PRTA
[16:38:20] [212/326] STAM
[16:38:21] [213/326] MSAA
[16:38:22] [214/326] SDLU
[16:38:23] [215/326] RCHH
[16:38:24] [216/326] KANT
[16:38:25] [217/326] FCRT
[16:38:26] 🔄 Identity reset
[16:38:26] 🔄 Identity rotated (every 10 requests)
[16:38:26] [218/326] DNKM
[16:38:27] [219/326] RYCP
[16:38:28] [220/326] MYRP
[16:38:29] [221/326] PPAK
[16:38:30] [222/326] NVPK
[16:38:31] [223/326] PRMC
[16:38:32] [224/326] JBCS
[16:38:33] [225/326] GXCK
[16:38:33] [226/326] USKO
[16:38:34] [227/326] GTEM
[16:38:35] 🔄 Identity reset
[16:38:35] 🔄 Identity rotated (every 10 requests)
[16:38:35] [228/326] SMBU
[16:38:36] [229/326] VETC
[16:38:37] [230/326] LCDA
[16:38:37] [231/326] MTVT
[16:38:38] [232/326] PYCP
[16:38:39] [233/326] PNSC
[16:38:40] [234/326] PPCC
[16:38:41] [235/326] TGRT
[16:38:42] [236/326] JYOT
[16:38:43] [237/326] SRCZ
[16:38:44] 🔄 Identity reset
[16:38:44] 🔄 Identity rotated (every 10 requests)
[16:38:44] [238/326] SJTE
[16:38:45] [239/326] DESC
[16:38:46] [240/326] JHVN
[16:38:47] [241/326] IPSG
[16:38:48] [242/326] IPCM
[16:38:49] [243/326] PDRS
[16:38:50] [244/326] ANCV
[16:38:51] [245/326] CMVV
[16:38:52] [246/326] SHYP
[16:38:53] [247/326] DNCS
[16:38:54] 🔄 Identity reset
[16:38:54] 🔄 Identity rotated (every 10 requests)
[16:38:54] [248/326] GAJK
[16:38:56] [249/326] AKTN
[16:38:57] [250/326] KAYA
[16:38:57] [251/326] SBRC
[16:38:58] [252/326] CHTP
[16:38:59] [253/326] SHRT
[16:39:01] [254/326] BCKU
[16:39:02] [255/326] FCPS
[16:39:02] [256/326] ARDD
[16:39:03] [257/326] CPCM
[16:39:04] 🔄 Identity reset
[16:39:04] 🔄 Identity rotated (every 10 requests)
[16:39:04] [258/326] CGSM
[16:39:05] [259/326] PSMP
[16:39:07] [260/326] SDAL
[16:39:08] [261/326] RTNB
[16:39:09] [262/326] LMCR
[16:39:10] [263/326] CIMA
[16:39:11] [264/326] RNAS
[16:39:12] [265/326] LITH
[16:39:13] [266/326] PBOX
[16:39:14] [267/326] FRTS
[16:39:14] 🔄 Identity reset
[16:39:14] 🔄 Identity rotated (every 10 requests)
[16:39:15] [268/326] RKIC
[16:39:15] [269/326] PTAI
[16:39:16] [270/326] GCIC
[16:39:17] [271/326] FNAS
[16:39:18] [272/326] SCAR
[16:39:19] [273/326] MTCA
[16:39:20] [274/326] SCTS
[16:39:22] [275/326] SYCS
[16:39:23] [276/326] RDMS
[16:39:24] [277/326] KAMP
[16:39:24] 🔄 Identity reset
[16:39:24] 🔄 Identity rotated (every 10 requests)
[16:39:24] [278/326] ERSD
[16:39:25] [279/326] MJMJ
[16:39:26] [280/326] SRCJ
[16:39:27] [281/326] SCXE
[16:39:28] [282/326] SVFR
[16:39:29] [283/326] BHCS
[16:39:30] [284/326] IMCC
[16:39:30] [285/326] PCBO
[16:39:31] [286/326] PRVN
[16:39:32] [287/326] AUPM
[16:39:33] 🔄 Identity reset
[16:39:33] 🔄 Identity rotated (every 10 requests)
[16:39:33] [288/326] INBW
[16:39:34] [289/326] SVCW
[16:39:35] [290/326] RKCF
[16:39:36] [291/326] UVBH
[16:39:37] [292/326] DNCY
[16:39:38] [293/326] ABCN
[16:39:38] [294/326] PRUR
[16:39:39] [295/326] PFMR
[16:39:40] [296/326] RKCN
[16:39:41] [297/326] CFEA
[16:39:42] 🔄 Identity reset
[16:39:42] 🔄 Identity rotated (every 10 requests)
[16:39:42] [298/326] SDBG
[16:39:43] [299/326] SNAR
[16:39:44] [300/326] YISI
[16:39:45] [301/326] JCFF
[16:39:45] [302/326] VTRK
[16:39:46] [303/326] PCLZ
[16:39:47] [304/326] DIMY
[16:39:48] [305/326] BBTS
[16:39:49] [306/326] GATH
[16:39:50] [307/326] GTMN
[16:39:50] 🔄 Identity reset
[16:39:50] 🔄 Identity rotated (every 10 requests)
[16:39:51] [308/326] VTMH
[16:39:52] [309/326] CCKP
[16:39:52] [310/326] GPKA
[16:39:53] [311/326] MHCL
[16:39:54] [312/326] ATCL
[16:39:55] [313/326] SBCK
[16:39:56] [314/326] AMMR
[16:39:56] [315/326] MADC
[16:39:57] [316/326] TMMA
[16:39:58] [317/326] CACC
[16:39:59] 🔄 Identity reset
[16:39:59] 🔄 Identity rotated (every 10 requests)
[16:39:59] [318/326] CHAL
[16:40:00] [319/326] DURG
[16:40:01] [320/326] GMKU
[16:40:02] [321/326] GECA
[16:40:02] [322/326] KYRR
[16:40:03] [323/326] KSDE
[16:40:04] [324/326] LMCI
[16:40:05] [325/326] NKCP
[16:40:06] [326/326] BGTC
[16:40:07] 🧹 Deduping shows
[16:40:07] ✅ DONE | Shows=143 | Movies=12
[04:43:40] 🚀 SCRIPT STARTED (enhanced anti‑detection)
[04:43:40] [1/326] BSAT
[04:43:41] 🧠 New identity created
[04:43:41] [2/326] RSSM
[04:43:42] [3/326] GCTA
[04:43:43] [4/326] TOPN
[04:43:44] [5/326] MCUS
[04:43:45] [6/326] SHRL
[04:43:46] [7/326] UPTP
[04:43:46] [8/326] TMMP
[04:43:48] [9/326] DNRP
[04:43:49] [10/326] SRLT
[04:43:49] 🔄 Identity reset
[04:43:50] 🔄 Identity rotated (every 10 requests)
[04:43:50] [11/326] RCNS
[04:43:51] [12/326] DCBH
[04:43:52] [13/326] NAGJ
[04:43:53] [14/326] JVRC
[04:43:54] [15/326] KRJG
[04:43:55] [16/326] SRTJ
[04:43:56] [17/326] CMXM
[04:43:57] [18/326] STMI
[04:43:58] [19/326] SLST
[04:43:59] [20/326] DTCN
[04:44:00] 🔄 Identity reset
[04:44:00] 🔄 Identity rotated (every 10 requests)
[04:44:00] [21/326] STYN
[04:44:01] [22/326] SZVR
[04:44:01] [23/326] SRKO
[04:44:02] [24/326] JTGT
[04:44:04] [25/326] SVFD
[04:44:05] [26/326] SISD
[04:44:06] [27/326] ABDD
[04:44:07] [28/326] DRCA
[04:44:08] [29/326] AVCS
[04:44:09] [30/326] MVKH
[04:44:09] 🔄 Identity reset
[04:44:09] 🔄 Identity rotated (every 10 requests)
[04:44:10] [31/326] ACPR
[04:44:11] [32/326] STIP
[04:44:12] [33/326] MTRA
[04:44:12] [34/326] RMKH
[04:44:14] [35/326] NKRL
[04:44:15] [36/326] PCWN
[04:44:16] [37/326] BLMT
[04:44:17] [38/326] GDPG
[04:44:18] [39/326] SRMX
[04:44:19] [40/326] JACP
[04:44:19] 🔄 Identity reset
[04:44:19] 🔄 Identity rotated (every 10 requests)
[04:44:19] [41/326] CPSH
[04:44:20] [42/326] MCCD
[04:44:21] [43/326] ECGH
[04:44:22] [44/326] MKCK
[04:44:23] [45/326] SRMM
[04:44:24] [46/326] SKYR
[04:44:25] [47/326] PCKC
[04:44:26] [48/326] JCMA
[04:44:27] [49/326] BSMP
[04:44:28] [50/326] VSPA
[04:44:28] 🔄 Identity reset
[04:44:28] 🔄 Identity rotated (every 10 requests)
[04:44:29] [51/326] DJYA
[04:44:30] [52/326] DIMP
[04:44:31] [53/326] FXDR
[04:44:32] [54/326] SSRC
[04:44:33] [55/326] STHP
[04:44:34] [56/326] CPPD
[04:44:35] [57/326] FCLK
[04:44:36] [58/326] SCPP
[04:44:37] [59/326] DCMJ
[04:44:37] [60/326] RCCR
[04:44:38] 🔄 Identity reset
[04:44:38] 🔄 Identity rotated (every 10 requests)
[04:44:38] [61/326] INMT
[04:44:39] [62/326] LXTK
[04:44:41] [63/326] SRYK
[04:44:42] [64/326] SGDK
[04:44:43] [65/326] PPKA
[04:44:44] [66/326] SPKA
[04:44:45] [67/326] CGHH
[04:44:45] [68/326] DCJN
[04:44:46] [69/326] SRKV
[04:44:47] [70/326] SAJC
[04:44:48] 🔄 Identity reset
[04:44:48] 🔄 Identity rotated (every 10 requests)
[04:44:48] [71/326] SUSR
[04:44:49] [72/326] STYG
[04:44:50] [73/326] NTKP
[04:44:51] [74/326] AKTG
[04:44:52] [75/326] CGCM
[04:44:53] [76/326] TULC
[04:44:54] [77/326] NYYZ
[04:44:55] [78/326] NYBW
[04:44:56] [79/326] MACB
[04:44:57] [80/326] SLVT
[04:44:57] 🔄 Identity reset
[04:44:57] 🔄 Identity rotated (every 10 requests)
[04:44:57] [81/326] SANA
[04:44:58] [82/326] ACMR
[04:44:59] [83/326] CPKN
[04:45:00] [84/326] DLGK
[04:45:01] [85/326] CWCK
[04:45:02] [86/326] FDDH
[04:45:03] [87/326] MMMD
[04:45:04] [88/326] CMEH
[04:45:04] [89/326] GGGV
[04:45:05] [90/326] SPJL
[04:45:06] 🔄 Identity reset
[04:45:06] 🔄 Identity rotated (every 10 requests)
[04:45:06] [91/326] RCCD
[04:45:07] [92/326] STTZ
[04:45:08] [93/326] BTCF
[04:45:09] [94/326] TSTZ
[04:45:09] [95/326] IPMM
[04:45:10] [96/326] PMPW
[04:45:11] [97/326] PCMZ
[04:45:12] [98/326] ESEM
[04:45:13] [99/326] PIPO
[04:45:14] [100/326] MATK
[04:45:14] 🔄 Identity reset
[04:45:14] 🔄 Identity rotated (every 10 requests)
[04:45:15] [101/326] PGHM
[04:45:15] [102/326] CTSR
[04:45:16] [103/326] CYKR
[04:45:17] [104/326] MSCM
[04:45:18] [105/326] RFNP
[04:45:19] [106/326] PDCP
[04:45:20] [107/326] NPSE
[04:45:21] [108/326] MKML
[04:45:22] [109/326] FTDP
[04:45:23] [110/326] MMXA
[04:45:23] 🔄 Identity reset
[04:45:23] 🔄 Identity rotated (every 10 requests)
[04:45:24] [111/326] CEPO
[04:45:24] [112/326] CMVP
[04:45:26] [113/326] SGTH
[04:45:27] [114/326] SAYN
[04:45:28] [115/326] URVS
[04:45:29] [116/326] VJTN
[04:45:30] [117/326] BBYK
[04:45:31] [118/326] SHBO
[04:45:32] [119/326] VCMR
[04:45:33] [120/326] MACT
[04:45:34] 🔄 Identity reset
[04:45:34] 🔄 Identity rotated (every 10 requests)
[04:45:34] [121/326] JMNP
[04:45:35] [122/326] VICS
[04:45:36] [123/326] VCDA
[04:45:37] [124/326] GCMM
[04:45:38] [125/326] INVS
[04:45:40] [126/326] SCGM
[04:45:42] [127/326] PCDA
[04:45:42] [128/326] KDCT
[04:45:43] [129/326] JACS
[04:45:44] [130/326] GMMC
[04:45:45] 🔄 Identity reset
[04:45:45] 🔄 Identity rotated (every 10 requests)
[04:45:45] [131/326] AICM
[04:45:46] [132/326] TJCM
[04:45:47] [133/326] RMTI
[04:45:48] [134/326] SHAC
[04:45:48] [135/326] APJC
[04:45:50] [136/326] GCTG
[04:45:51] [137/326] SSMC
[04:45:52] [138/326] THRM
[04:45:53] [139/326] RBCT
[04:45:54] [140/326] DIKT
[04:45:54] 🔄 Identity reset
[04:45:54] 🔄 Identity rotated (every 10 requests)
[04:45:54] [141/326] MIDL
[04:45:55] [142/326] VCSN
[04:45:56] [143/326] SKTG
[04:45:57] [144/326] SMWC
[04:45:58] [145/326] MNKH
[04:45:59] [146/326] PIAT
[04:46:00] [147/326] LTTP
[04:46:01] [148/326] PTPU
[04:46:01] [149/326] ACMG
[04:46:02] [150/326] SHMM
[04:46:03] 🔄 Identity reset
[04:46:03] 🔄 Identity rotated (every 10 requests)
[04:46:03] [151/326] MCMN
[04:46:04] [152/326] GLDC
[04:46:05] [153/326] HOUT
[04:46:06] [154/326] SVRP
[04:46:07] [155/326] PVDN
[04:46:08] [156/326] SCPY
[04:46:09] [157/326] DTPY
[04:46:10] [158/326] GKCS
[04:46:11] [159/326] NCAM
[04:46:12] [160/326] BSRM
[04:46:13] 🔄 Identity reset
[04:46:13] 🔄 Identity rotated (every 10 requests)
[04:46:13] [161/326] RCLC
[04:46:14] [162/326] SKKD
[04:46:15] [163/326] ACHU
[04:46:16] [164/326] RSCF
[04:46:17] [165/326] IMSH
[04:46:17] [166/326] MACX
[04:46:18] [167/326] HMMW
[04:46:19] [168/326] JTCP
[04:46:20] [169/326] SREN
[04:46:21] [170/326] PJRR
[04:46:21] 🔄 Identity reset
[04:46:21] 🔄 Identity rotated (every 10 requests)
[04:46:22] [171/326] INAC
[04:46:22] [172/326] BMCA
[04:46:24] [173/326] SHCB
[04:46:25] [174/326] GABA
[04:46:25] [175/326] SBCT
[04:46:26] [176/326] GCMA
[04:46:27] [177/326] MYTK
[04:46:28] [178/326] INZS
[04:46:28] [179/326] RMIK
[04:46:30] [180/326] NYCH
[04:46:31] 🔄 Identity reset
[04:46:31] 🔄 Identity rotated (every 10 requests)
[04:46:31] [181/326] RAVE
[04:46:33] [182/326] PSXM
[04:46:33] [183/326] MCGP
[04:46:34] [184/326] PDDK
[04:46:35] [185/326] SPCK
[04:46:36] [186/326] MCRL
[04:46:37] [187/326] MHKT
[04:46:38] [188/326] ANRR
[04:46:39] [189/326] SAPK
[04:46:39] [190/326] NCUK
[04:46:40] 🔄 Identity reset
[04:46:40] 🔄 Identity rotated (every 10 requests)
[04:46:41] [191/326] JUGA
[04:46:41] [192/326] DBSC
[04:46:42] [193/326] LALK
[04:46:44] [194/326] GUCK
[04:46:45] [195/326] STSG
[04:46:46] [196/326] PPPZ
[04:46:47] [197/326] CNCY
[04:46:48] [198/326] MTAR
[04:46:49] [199/326] VNKD
[04:46:50] [200/326] KMAJ
[04:46:50] 🔄 Identity reset
[04:46:50] 🔄 Identity rotated (every 10 requests)
[04:46:50] [201/326] ACXK
[04:46:52] [202/326] UTKC
[04:46:53] [203/326] PBLK
[04:46:54] [204/326] ACBX
[04:46:55] [205/326] PTGM
[04:46:56] [206/326] BTDA
[04:46:57] [207/326] PJMB
[04:46:58] [208/326] TPDA
[04:46:59] [209/326] AMOE
[04:47:00] [210/326] PRHT
[04:47:01] 🔄 Identity reset
[04:47:01] 🔄 Identity rotated (every 10 requests)
[04:47:01] [211/326] PRTA
[04:47:02] [212/326] STAM
[04:47:03] [213/326] MSAA
[04:47:03] [214/326] SDLU
[04:47:04] [215/326] RCHH
[04:47:05] [216/326] KANT
[04:47:06] [217/326] FCRT
[04:47:07] [218/326] DNKM
[04:47:08] [219/326] RYCP
[04:47:08] [220/326] MYRP
[04:47:09] 🔄 Identity reset
[04:47:09] 🔄 Identity rotated (every 10 requests)
[04:47:10] [221/326] PPAK
[04:47:11] [222/326] NVPK
[04:47:12] [223/326] PRMC
[04:47:13] [224/326] JBCS
[04:47:13] [225/326] GXCK
[04:47:14] [226/326] USKO
[04:47:15] [227/326] GTEM
[04:47:16] [228/326] SMBU
[04:47:16] [229/326] VETC
[04:47:17] [230/326] LCDA
[04:47:18] 🔄 Identity reset
[04:47:18] 🔄 Identity rotated (every 10 requests)
[04:47:18] [231/326] MTVT
[04:47:19] [232/326] PYCP
[04:47:20] [233/326] PNSC
[04:47:21] [234/326] PPCC
[04:47:22] [235/326] TGRT
[04:47:23] [236/326] JYOT
[04:47:24] [237/326] SRCZ
[04:47:25] [238/326] SJTE
[04:47:26] [239/326] DESC
[04:47:27] [240/326] JHVN
[04:47:27] 🔄 Identity reset
[04:47:27] 🔄 Identity rotated (every 10 requests)
[04:47:27] [241/326] IPSG
[04:47:29] [242/326] IPCM
[04:47:30] [243/326] PDRS
[04:47:31] [244/326] ANCV
[04:47:32] [245/326] CMVV
[04:47:33] [246/326] SHYP
[04:47:34] [247/326] DNCS
[04:47:34] [248/326] GAJK
[04:47:36] [249/326] AKTN
[04:47:37] [250/326] KAYA
[04:47:38] 🔄 Identity reset
[04:47:38] 🔄 Identity rotated (every 10 requests)
[04:47:38] [251/326] SBRC
[04:47:39] [252/326] CHTP
[04:47:39] [253/326] SHRT
[04:47:40] [254/326] BCKU
[04:47:41] [255/326] FCPS
[04:47:42] [256/326] ARDD
[04:47:43] [257/326] CPCM
[04:47:44] [258/326] CGSM
[04:47:45] [259/326] PSMP
[04:47:46] [260/326] SDAL
[04:47:46] 🔄 Identity reset
[04:47:46] 🔄 Identity rotated (every 10 requests)
[04:47:46] [261/326] RTNB
[04:47:47] [262/326] LMCR
[04:47:48] [263/326] CIMA
[04:47:49] [264/326] RNAS
[04:47:50] [265/326] LITH
[04:47:51] [266/326] PBOX
[04:47:52] [267/326] FRTS
[04:47:53] [268/326] RKIC
[04:47:54] [269/326] PTAI
[04:47:55] [270/326] GCIC
[04:47:56] 🔄 Identity reset
[04:47:56] 🔄 Identity rotated (every 10 requests)
[04:47:56] [271/326] FNAS
[04:47:57] [272/326] SCAR
[04:47:59] [273/326] MTCA
[04:48:00] [274/326] SCTS
[04:48:00] [275/326] SYCS
[04:48:02] [276/326] RDMS
[04:48:03] [277/326] KAMP
[04:48:04] [278/326] ERSD
[04:48:05] [279/326] MJMJ
[04:48:06] [280/326] SRCJ
[04:48:06] 🔄 Identity reset
[04:48:07] 🔄 Identity rotated (every 10 requests)
[04:48:07] [281/326] SCXE
[04:48:08] [282/326] SVFR
[04:48:08] [283/326] BHCS
[04:48:09] [284/326] IMCC
[04:48:10] [285/326] PCBO
[04:48:11] [286/326] PRVN
[04:48:12] [287/326] AUPM
[04:48:12] [288/326] INBW
[04:48:13] [289/326] SVCW
[04:48:14] [290/326] RKCF
[04:48:15] 🔄 Identity reset
[04:48:15] 🔄 Identity rotated (every 10 requests)
[04:48:15] [291/326] UVBH
[04:48:16] [292/326] DNCY
[04:48:17] [293/326] ABCN
[04:48:18] [294/326] PRUR
[04:48:19] [295/326] PFMR
[04:48:20] [296/326] RKCN
[04:48:21] [297/326] CFEA
[04:48:22] [298/326] SDBG
[04:48:23] [299/326] SNAR
[04:48:24] [300/326] YISI
[04:48:24] 🔄 Identity reset
[04:48:24] 🔄 Identity rotated (every 10 requests)
[04:48:24] [301/326] JCFF
[04:48:25] [302/326] VTRK
[04:48:26] [303/326] PCLZ
[04:48:27] [304/326] DIMY
[04:48:28] [305/326] BBTS
[04:48:29] [306/326] GATH
[04:48:30] [307/326] GTMN
[04:48:32] [308/326] VTMH
[04:48:32] [309/326] CCKP
[04:48:33] [310/326] GPKA
[04:48:34] 🔄 Identity reset
[04:48:34] 🔄 Identity rotated (every 10 requests)
[04:48:34] 🔄 Retry 1/5 for GPKA in 2.2s
[04:48:34] 🔄 Identity reset
[04:48:36] 🧠 New identity created
[04:48:37] [311/326] MHCL
[04:48:37] [312/326] ATCL
[04:48:38] [313/326] SBCK
[04:48:39] [314/326] AMMR
[04:48:40] [315/326] MADC
[04:48:41] [316/326] TMMA
[04:48:42] [317/326] CACC
[04:48:43] [318/326] CHAL
[04:48:43] [319/326] DURG
[04:48:44] 🔄 Identity reset
[04:48:44] 🔄 Identity rotated (every 10 requests)
[04:48:44] [320/326] GMKU
[04:48:45] [321/326] GECA
[04:48:46] [322/326] KYRR
[04:48:47] [323/326] KSDE
[04:48:48] [324/326] LMCI
[04:48:49] [325/326] NKCP
[04:48:50] [326/326] BGTC
[04:48:51] 🧹 Deduping shows
[04:48:51] ✅ DONE | Shows=242 | Movies=21
[21:46:07] 🚀 SCRIPT STARTED (enhanced anti‑detection)
[21:46:07] [1/326] BSAT
[21:46:08] 🧠 New identity created
[21:46:08] [2/326] RSSM
[21:46:09] [3/326] GCTA
[21:46:10] [4/326] TOPN
[21:46:12] [5/326] MCUS
[21:46:12] [6/326] SHRL
[21:46:14] [7/326] UPTP
[21:46:15] [8/326] TMMP
[21:46:16] [9/326] DNRP
[21:46:17] [10/326] SRLT
[21:46:18] 🔄 Identity reset
[21:46:18] 🔄 Identity rotated (every 10 requests)
[21:46:19] [11/326] RCNS
[21:46:20] [12/326] DCBH
[21:46:21] [13/326] NAGJ
[21:46:21] [14/326] JVRC
[21:46:22] [15/326] KRJG
[21:46:23] [16/326] SRTJ
[21:46:24] [17/326] CMXM
[21:46:25] [18/326] STMI
[21:46:27] [19/326] SLST
[21:46:28] [20/326] DTCN
[21:46:28] 🔄 Identity reset
[21:46:28] 🔄 Identity rotated (every 10 requests)
[21:46:29] [21/326] STYN
[21:46:30] [22/326] SZVR
[21:46:31] [23/326] SRKO
[21:46:32] [24/326] JTGT
[21:46:33] [25/326] SVFD
[21:46:34] [26/326] SISD
[21:46:35] [27/326] ABDD
[21:46:36] [28/326] DRCA
[21:46:37] [29/326] AVCS
[21:46:38] [30/326] MVKH
[21:46:39] 🔄 Identity reset
[21:46:39] 🔄 Identity rotated (every 10 requests)
[21:46:39] [31/326] ACPR
[21:46:40] [32/326] STIP
[21:46:41] [33/326] MTRA
[21:46:42] [34/326] RMKH
[21:46:43] [35/326] NKRL
[21:46:44] [36/326] PCWN
[21:46:45] [37/326] BLMT
[21:46:46] [38/326] GDPG
[21:46:47] [39/326] SRMX
[21:46:48] [40/326] JACP
[21:46:48] 🔄 Identity reset
[21:46:48] 🔄 Identity rotated (every 10 requests)
[21:46:49] [41/326] CPSH
[21:46:50] [42/326] MCCD
[21:46:51] [43/326] ECGH
[21:46:52] [44/326] MKCK
[21:46:53] [45/326] SRMM
[21:46:54] [46/326] SKYR
[21:46:55] [47/326] PCKC
[21:46:56] [48/326] JCMA
[21:46:57] [49/326] BSMP
[21:46:58] [50/326] VSPA
[21:46:58] 🔄 Identity reset
[21:46:58] 🔄 Identity rotated (every 10 requests)
[21:46:59] [51/326] DJYA
[21:47:01] [52/326] DIMP
[21:47:02] [53/326] FXDR
[21:47:03] [54/326] SSRC
[21:47:04] [55/326] STHP
[21:47:05] [56/326] CPPD
[21:47:06] [57/326] FCLK
[21:47:07] [58/326] SCPP
[21:47:09] [59/326] DCMJ
[21:47:10] [60/326] RCCR
[21:47:10] 🔄 Identity reset
[21:47:10] 🔄 Identity rotated (every 10 requests)
[21:47:11] [61/326] INMT
[21:47:12] [62/326] LXTK
[21:47:13] [63/326] SRYK
[21:47:14] [64/326] SGDK
[21:47:15] [65/326] PPKA
[21:47:16] [66/326] SPKA
[21:47:17] [67/326] CGHH
[21:47:18] [68/326] DCJN
[21:47:19] [69/326] SRKV
[21:47:19] [70/326] SAJC
[21:47:20] 🔄 Identity reset
[21:47:20] 🔄 Identity rotated (every 10 requests)
[21:47:21] [71/326] SUSR
[21:47:21] [72/326] STYG
[21:47:22] [73/326] NTKP
[21:47:24] [74/326] AKTG
[21:47:25] [75/326] CGCM
[21:47:26] [76/326] TULC
[21:47:27] [77/326] NYYZ
[21:47:28] [78/326] NYBW
[21:47:28] [79/326] MACB
[21:47:29] [80/326] SLVT
[21:47:30] 🔄 Identity reset
[21:47:30] 🔄 Identity rotated (every 10 requests)
[21:47:30] [81/326] SANA
[21:47:31] [82/326] ACMR
[21:47:32] [83/326] CPKN
[21:47:33] [84/326] DLGK
[21:47:34] [85/326] CWCK
[21:47:35] [86/326] FDDH
[21:47:36] [87/326] MMMD
[21:47:37] [88/326] CMEH
[21:47:38] [89/326] GGGV
[21:47:39] [90/326] SPJL
[21:47:40] 🔄 Identity reset
[21:47:40] 🔄 Identity rotated (every 10 requests)
[21:47:40] [91/326] RCCD
[21:47:41] [92/326] STTZ
[21:47:42] [93/326] BTCF
[21:47:43] [94/326] TSTZ
[21:47:44] [95/326] IPMM
[21:47:45] [96/326] PMPW
[21:47:46] [97/326] PCMZ
[21:47:47] [98/326] ESEM
[21:47:48] [99/326] PIPO
[21:47:49] [100/326] MATK
[21:47:49] 🔄 Identity reset
[21:47:49] 🔄 Identity rotated (every 10 requests)
[21:47:49] [101/326] PGHM
[21:47:51] [102/326] CTSR
[21:47:52] [103/326] CYKR
[21:47:53] [104/326] MSCM
[21:47:53] [105/326] RFNP
[21:47:54] [106/326] PDCP
[21:47:55] [107/326] NPSE
[21:47:56] [108/326] MKML
[21:47:57] [109/326] FTDP
[21:47:58] [110/326] MMXA
[21:47:58] 🔄 Identity reset
[21:47:58] 🔄 Identity rotated (every 10 requests)
[21:47:59] [111/326] CEPO
[21:48:00] [112/326] CMVP
[21:48:01] [113/326] SGTH
[21:48:02] [114/326] SAYN
[21:48:03] [115/326] URVS
[21:48:04] [116/326] VJTN
[21:48:04] [117/326] BBYK
[21:48:05] [118/326] SHBO
[21:48:06] [119/326] VCMR
[21:48:07] [120/326] MACT
[21:48:08] 🔄 Identity reset
[21:48:08] 🔄 Identity rotated (every 10 requests)
[21:48:08] [121/326] JMNP
[21:48:09] [122/326] VICS
[21:48:11] [123/326] VCDA
[21:48:12] [124/326] GCMM
[21:48:12] [125/326] INVS
[21:48:13] [126/326] SCGM
[21:48:14] [127/326] PCDA
[21:48:15] [128/326] KDCT
[21:48:16] [129/326] JACS
[21:48:17] [130/326] GMMC
[21:48:18] 🔄 Identity reset
[21:48:18] 🔄 Identity rotated (every 10 requests)
[21:48:18] [131/326] AICM
[21:48:19] [132/326] TJCM
[21:48:20] [133/326] RMTI
[21:48:21] [134/326] SHAC
[21:48:22] [135/326] APJC
[21:48:23] [136/326] GCTG
[21:48:24] [137/326] SSMC
[21:48:24] [138/326] THRM
[21:48:25] [139/326] RBCT
[21:48:26] [140/326] DIKT
[21:48:27] 🔄 Identity reset
[21:48:27] 🔄 Identity rotated (every 10 requests)
[21:48:27] [141/326] MIDL
[21:48:28] [142/326] VCSN
[21:48:30] [143/326] SKTG
[21:48:31] [144/326] SMWC
[21:48:32] [145/326] MNKH
[21:48:33] [146/326] PIAT
[21:48:34] [147/326] LTTP
[21:48:35] [148/326] PTPU
[21:48:36] [149/326] ACMG
[21:48:37] [150/326] SHMM
[21:48:38] 🔄 Identity reset
[21:48:38] 🔄 Identity rotated (every 10 requests)
[21:48:39] [151/326] MCMN
[21:48:39] [152/326] GLDC
[21:48:40] [153/326] HOUT
[21:48:41] [154/326] SVRP
[21:48:42] [155/326] PVDN
[21:48:44] [156/326] SCPY
[21:48:45] [157/326] DTPY
[21:48:45] [158/326] GKCS
[21:48:47] [159/326] NCAM
[21:48:48] [160/326] BSRM
[21:48:49] 🔄 Identity reset
[21:48:49] 🔄 Identity rotated (every 10 requests)
[21:48:49] [161/326] RCLC
[21:48:50] [162/326] SKKD
[21:48:52] [163/326] ACHU
[21:48:53] [164/326] RSCF
[21:48:54] [165/326] IMSH
[21:48:54] [166/326] MACX
[21:48:55] [167/326] HMMW
[21:48:57] [168/326] JTCP
[21:48:58] [169/326] SREN
[21:48:58] [170/326] PJRR
[21:48:59] 🔄 Identity reset
[21:48:59] 🔄 Identity rotated (every 10 requests)
[21:49:00] [171/326] INAC
[21:49:01] [172/326] BMCA
[21:49:01] [173/326] SHCB
[21:49:02] [174/326] GABA
[21:49:03] [175/326] SBCT
[21:49:04] [176/326] GCMA
[21:49:05] [177/326] MYTK
[21:49:06] [178/326] INZS
[21:49:08] [179/326] RMIK
[21:49:09] [180/326] NYCH
[21:49:09] 🔄 Identity reset
[21:49:09] 🔄 Identity rotated (every 10 requests)
[21:49:10] [181/326] RAVE
[21:49:11] [182/326] PSXM
[21:49:12] [183/326] MCGP
[21:49:12] [184/326] PDDK
[21:49:13] [185/326] SPCK
[21:49:14] [186/326] MCRL
[21:49:16] [187/326] MHKT
[21:49:17] [188/326] ANRR
[21:49:18] [189/326] SAPK
[21:49:19] [190/326] NCUK
[21:49:19] 🔄 Identity reset
[21:49:19] 🔄 Identity rotated (every 10 requests)
[21:49:20] [191/326] JUGA
[21:49:21] [192/326] DBSC
[21:49:22] [193/326] LALK
[21:49:23] [194/326] GUCK
[21:49:24] [195/326] STSG
[21:49:25] [196/326] PPPZ
[21:49:26] [197/326] CNCY
[21:49:27] [198/326] MTAR
[21:49:28] [199/326] VNKD
[21:49:29] [200/326] KMAJ
[21:49:29] 🔄 Identity reset
[21:49:29] 🔄 Identity rotated (every 10 requests)
[21:49:29] 🔄 Retry 1/5 for KMAJ in 2.4s
[21:49:29] 🔄 Identity reset
[21:49:32] 🧠 New identity created
[21:49:32] [201/326] ACXK
[21:49:33] [202/326] UTKC
[21:49:35] [203/326] PBLK
[21:49:35] [204/326] ACBX
[21:49:36] [205/326] PTGM
[21:49:37] [206/326] BTDA
[21:49:38] [207/326] PJMB
[21:49:39] [208/326] TPDA
[21:49:40] [209/326] AMOE
[21:49:40] 🔄 Identity reset
[21:49:40] 🔄 Identity rotated (every 10 requests)
[21:49:41] [210/326] PRHT
[21:49:42] [211/326] PRTA
[21:49:43] [212/326] STAM
[21:49:45] [213/326] MSAA
[21:49:46] [214/326] SDLU
[21:49:47] [215/326] RCHH
[21:49:48] [216/326] KANT
[21:49:49] [217/326] FCRT
[21:49:50] [218/326] DNKM
[21:49:51] [219/326] RYCP
[21:49:52] 🔄 Identity reset
[21:49:52] 🔄 Identity rotated (every 10 requests)
[21:49:52] [220/326] MYRP
[21:49:53] [221/326] PPAK
[21:49:54] [222/326] NVPK
[21:49:56] [223/326] PRMC
[21:49:57] [224/326] JBCS
[21:49:59] [225/326] GXCK
[21:50:00] [226/326] USKO
[21:50:01] [227/326] GTEM
[21:50:01] [228/326] SMBU
[21:50:02] [229/326] VETC
[21:50:03] 🔄 Identity reset
[21:50:03] 🔄 Identity rotated (every 10 requests)
[21:50:03] [230/326] LCDA
[21:50:05] [231/326] MTVT
[21:50:06] [232/326] PYCP
[21:50:07] [233/326] PNSC
[21:50:08] [234/326] PPCC
[21:50:09] [235/326] TGRT
[21:50:10] [236/326] JYOT
[21:50:11] [237/326] SRCZ
[21:50:12] [238/326] SJTE
[21:50:13] [239/326] DESC
[21:50:14] 🔄 Identity reset
[21:50:14] 🔄 Identity rotated (every 10 requests)
[21:50:14] [240/326] JHVN
[21:50:15] [241/326] IPSG
[21:50:16] [242/326] IPCM
[21:50:17] [243/326] PDRS
[21:50:18] [244/326] ANCV
[21:50:19] [245/326] CMVV
[21:50:20] [246/326] SHYP
[21:50:21] [247/326] DNCS
[21:50:22] [248/326] GAJK
[21:50:23] [249/326] AKTN
[21:50:23] 🔄 Identity reset
[21:50:23] 🔄 Identity rotated (every 10 requests)
[21:50:24] [250/326] KAYA
[21:50:24] [251/326] SBRC
[21:50:25] [252/326] CHTP
[21:50:26] [253/326] SHRT
[21:50:27] [254/326] BCKU
[21:50:28] [255/326] FCPS
[21:50:29] [256/326] ARDD
[21:50:30] [257/326] CPCM
[21:50:31] [258/326] CGSM
[21:50:32] [259/326] PSMP
[21:50:32] 🔄 Identity reset
[21:50:32] 🔄 Identity rotated (every 10 requests)
[21:50:33] [260/326] SDAL
[21:50:34] [261/326] RTNB
[21:50:35] [262/326] LMCR
[21:50:35] [263/326] CIMA
[21:50:36] [264/326] RNAS
[21:50:37] [265/326] LITH
[21:50:38] [266/326] PBOX
[21:50:39] [267/326] FRTS
[21:50:40] [268/326] RKIC
[21:50:41] [269/326] PTAI
[21:50:41] 🔄 Identity reset
[21:50:41] 🔄 Identity rotated (every 10 requests)
[21:50:42] [270/326] GCIC
[21:50:43] [271/326] FNAS
[21:50:44] [272/326] SCAR
[21:50:45] [273/326] MTCA
[21:50:46] [274/326] SCTS
[21:50:47] [275/326] SYCS
[21:50:48] [276/326] RDMS
[21:50:49] [277/326] KAMP
[21:50:50] [278/326] ERSD
[21:50:51] [279/326] MJMJ
[21:50:51] 🔄 Identity reset
[21:50:51] 🔄 Identity rotated (every 10 requests)
[21:50:51] [280/326] SRCJ
[21:50:52] [281/326] SCXE
[21:50:53] [282/326] SVFR
[21:50:54] [283/326] BHCS
[21:50:55] [284/326] IMCC
[21:50:56] [285/326] PCBO
[21:50:57] [286/326] PRVN
[21:50:58] [287/326] AUPM
[21:50:59] [288/326] INBW
[21:51:00] [289/326] SVCW
[21:51:00] 🔄 Identity reset
[21:51:00] 🔄 Identity rotated (every 10 requests)
[21:51:01] [290/326] RKCF
[21:51:02] [291/326] UVBH
[21:51:03] [292/326] DNCY
[21:51:04] [293/326] ABCN
[21:51:05] [294/326] PRUR
[21:51:06] [295/326] PFMR
[21:51:07] [296/326] RKCN
[21:51:09] [297/326] CFEA
[21:51:09] [298/326] SDBG
[21:51:10] [299/326] SNAR
[21:51:11] 🔄 Identity reset
[21:51:11] 🔄 Identity rotated (every 10 requests)
[21:51:11] [300/326] YISI
[21:51:12] [301/326] JCFF
[21:51:13] [302/326] VTRK
[21:51:14] [303/326] PCLZ
[21:51:16] [304/326] DIMY
[21:51:17] [305/326] BBTS
[21:51:17] [306/326] GATH
[21:51:18] [307/326] GTMN
[21:51:19] [308/326] VTMH
[21:51:20] [309/326] CCKP
[21:51:21] 🔄 Identity reset
[21:51:21] 🔄 Identity rotated (every 10 requests)
[21:51:21] [310/326] GPKA
[21:51:22] [311/326] MHCL
[21:51:23] [312/326] ATCL
[21:51:24] [313/326] SBCK
[21:51:25] [314/326] AMMR
[21:51:26] [315/326] MADC
[21:51:27] [316/326] TMMA
[21:51:29] [317/326] CACC
[21:51:30] [318/326] CHAL
[21:51:31] [319/326] DURG
[21:51:31] 🔄 Identity reset
[21:51:31] 🔄 Identity rotated (every 10 requests)
[21:51:32] [320/326] GMKU
[21:51:33] [321/326] GECA
[21:51:34] [322/326] KYRR
[21:51:35] [323/326] KSDE
[21:51:36] [324/326] LMCI
[21:51:37] [325/326] NKCP
[21:51:38] [326/326] BGTC
[21:51:39] 🧹 Deduping shows
[21:51:39] ✅ DONE | Shows=512 | Movies=29
[06:20:32] 🚀 SCRIPT STARTED (enhanced anti‑detection)
[06:20:32] [1/326] BSAT
[06:20:33] 🧠 New identity created
[06:20:34] [2/326] RSSM
[06:20:34] [3/326] GCTA
[06:20:36] [4/326] TOPN
[06:20:37] [5/326] MCUS
[06:20:38] [6/326] SHRL
[06:20:39] [7/326] UPTP
[06:20:40] [8/326] TMMP
[06:20:42] [9/326] DNRP
[06:20:43] [10/326] SRLT
[06:20:44] 🔄 Identity reset
[06:20:44] 🔄 Identity rotated (every 10 requests)
[06:20:44] [11/326] RCNS
[06:20:46] [12/326] DCBH
[06:20:47] [13/326] NAGJ
[06:20:48] [14/326] JVRC
[06:20:49] [15/326] KRJG
[06:20:50] [16/326] SRTJ
[06:20:50] [17/326] CMXM
[06:20:52] [18/326] STMI
[06:20:53] [19/326] SLST
[06:20:55] [20/326] DTCN
[06:20:56] 🔄 Identity reset
[06:20:56] 🔄 Identity rotated (every 10 requests)
[06:20:57] [21/326] STYN
[06:20:58] [22/326] SZVR
[06:20:59] [23/326] SRKO
[06:21:00] [24/326] JTGT
[06:21:01] [25/326] SVFD
[06:21:01] [26/326] SISD
[06:21:02] [27/326] ABDD
[06:21:03] [28/326] DRCA
[06:21:04] [29/326] AVCS
[06:21:05] [30/326] MVKH
[06:21:05] 🔄 Identity reset
[06:21:05] 🔄 Identity rotated (every 10 requests)
[06:21:06] [31/326] ACPR
[06:21:07] [32/326] STIP
[06:21:09] [33/326] MTRA
[06:21:11] [34/326] RMKH
[06:21:12] [35/326] NKRL
[06:21:13] [36/326] PCWN
[06:21:14] [37/326] BLMT
[06:21:15] [38/326] GDPG
[06:21:17] [39/326] SRMX
[06:21:19] [40/326] JACP
[06:21:19] 🔄 Identity reset
[06:21:19] 🔄 Identity rotated (every 10 requests)
[06:21:19] 🔄 Retry 1/5 for JACP in 3.0s
[06:21:19] 🔄 Identity reset
[06:21:22] 🧠 New identity created
[06:21:23] [41/326] CPSH
[06:21:24] [42/326] MCCD
[06:21:25] [43/326] ECGH
[06:21:26] [44/326] MKCK
[06:21:27] [45/326] SRMM
[06:21:28] [46/326] SKYR
[06:21:29] [47/326] PCKC
[06:21:31] [48/326] JCMA
[06:21:32] [49/326] BSMP
[06:21:32] 🔄 Identity reset
[06:21:32] 🔄 Identity rotated (every 10 requests)
[06:21:33] [50/326] VSPA
[06:21:33] [51/326] DJYA
[06:21:34] [52/326] DIMP
[06:21:35] [53/326] FXDR
[06:21:36] [54/326] SSRC
[06:21:37] [55/326] STHP
[06:21:38] [56/326] CPPD
[06:21:39] [57/326] FCLK
[06:21:40] [58/326] SCPP
[06:21:42] [59/326] DCMJ
[06:21:42] 🔄 Identity reset
[06:21:42] 🔄 Identity rotated (every 10 requests)
[06:21:43] [60/326] RCCR
[06:21:44] [61/326] INMT
[06:21:45] [62/326] LXTK
[06:21:45] [63/326] SRYK
[06:21:46] [64/326] SGDK
[06:21:48] [65/326] PPKA
[06:21:48] [66/326] SPKA
[06:21:50] [67/326] CGHH
[06:21:51] [68/326] DCJN
[06:21:52] [69/326] SRKV
[06:21:53] 🔄 Identity reset
[06:21:53] 🔄 Identity rotated (every 10 requests)
[06:21:54] [70/326] SAJC
[06:21:55] [71/326] SUSR
[06:21:57] [72/326] STYG
[06:21:57] [73/326] NTKP
[06:21:58] [74/326] AKTG
[06:21:59] [75/326] CGCM
[06:22:00] [76/326] TULC
[06:22:01] [77/326] NYYZ
[06:22:03] [78/326] NYBW
[06:22:05] [79/326] MACB
[06:22:05] 🔄 Identity reset
[06:22:05] 🔄 Identity rotated (every 10 requests)
[06:22:05] 🔄 Retry 1/5 for MACB in 2.9s
[06:22:05] 🔄 Identity reset
[06:22:08] 🧠 New identity created
[06:22:09] [80/326] SLVT
[06:22:10] [81/326] SANA
[06:22:11] [82/326] ACMR
[06:22:13] [83/326] CPKN
[06:22:14] [84/326] DLGK
[06:22:16] [85/326] CWCK
[06:22:17] [86/326] FDDH
[06:22:19] [87/326] MMMD
[06:22:20] [88/326] CMEH
[06:22:20] 🔄 Identity reset
[06:22:20] 🔄 Identity rotated (every 10 requests)
[06:22:21] [89/326] GGGV
[06:22:22] [90/326] SPJL
[06:22:22] [91/326] RCCD
[06:22:23] [92/326] STTZ
[06:22:25] [93/326] BTCF
[06:22:27] [94/326] TSTZ
[06:22:28] [95/326] IPMM
[06:22:29] [96/326] PMPW
[06:22:30] [97/326] PCMZ
[06:22:32] [98/326] ESEM
[06:22:33] 🔄 Identity reset
[06:22:33] 🔄 Identity rotated (every 10 requests)
[06:22:33] [99/326] PIPO
[06:22:35] [100/326] MATK
[06:22:37] [101/326] PGHM
[06:22:38] [102/326] CTSR
[06:22:39] [103/326] CYKR
[06:22:40] [104/326] MSCM
[06:22:41] [105/326] RFNP
[06:22:42] [106/326] PDCP
[06:22:43] [107/326] NPSE
[06:22:44] [108/326] MKML
[06:22:45] 🔄 Identity reset
[06:22:45] 🔄 Identity rotated (every 10 requests)
[06:22:45] [109/326] FTDP
[06:22:46] [110/326] MMXA
[06:22:47] [111/326] CEPO
[06:22:49] [112/326] CMVP
[06:22:50] [113/326] SGTH
[06:22:51] [114/326] SAYN
[06:22:53] [115/326] URVS
[06:22:54] [116/326] VJTN
[06:22:55] [117/326] BBYK
[06:22:55] [118/326] SHBO
[06:22:56] 🔄 Identity reset
[06:22:56] 🔄 Identity rotated (every 10 requests)
[06:22:56] [119/326] VCMR
[06:22:57] [120/326] MACT
[06:22:59] [121/326] JMNP
[06:23:00] [122/326] VICS
[06:23:01] [123/326] VCDA
[06:23:03] [124/326] GCMM
[06:23:04] [125/326] INVS
[06:23:05] [126/326] SCGM
[06:23:06] [127/326] PCDA
[06:23:08] [128/326] KDCT
[06:23:08] 🔄 Identity reset
[06:23:08] 🔄 Identity rotated (every 10 requests)
[06:23:09] [129/326] JACS
[06:23:10] [130/326] GMMC
[06:23:11] [131/326] AICM
[06:23:13] [132/326] TJCM
[06:23:14] [133/326] RMTI
[06:23:14] [134/326] SHAC
[06:23:15] [135/326] APJC
[06:23:17] [136/326] GCTG
[06:23:18] [137/326] SSMC
[06:23:19] [138/326] THRM
[06:23:20] 🔄 Identity reset
[06:23:20] 🔄 Identity rotated (every 10 requests)
[06:23:20] [139/326] RBCT
[06:23:21] [140/326] DIKT
[06:23:23] [141/326] MIDL
[06:23:24] [142/326] VCSN
[06:23:25] [143/326] SKTG
[06:23:27] [144/326] SMWC
[06:23:28] [145/326] MNKH
[06:23:29] [146/326] PIAT
[06:23:30] [147/326] LTTP
[06:23:31] [148/326] PTPU
[06:23:32] 🔄 Identity reset
[06:23:32] 🔄 Identity rotated (every 10 requests)
[06:23:32] [149/326] ACMG
[06:23:33] [150/326] SHMM
[06:23:34] [151/326] MCMN
[06:23:35] [152/326] GLDC
[06:23:36] [153/326] HOUT
[06:23:37] [154/326] SVRP
[06:23:38] [155/326] PVDN
[06:23:39] [156/326] SCPY
[06:23:40] [157/326] DTPY
[06:23:41] [158/326] GKCS
[06:23:42] 🔄 Identity reset
[06:23:42] 🔄 Identity rotated (every 10 requests)
[06:23:42] 🔄 Retry 1/5 for GKCS in 2.5s
[06:23:42] 🔄 Identity reset
[06:23:44] 🧠 New identity created
[06:23:44] [159/326] NCAM
[06:23:45] [160/326] BSRM
[06:23:46] [161/326] RCLC
[06:23:47] [162/326] SKKD
[06:23:49] [163/326] ACHU
[06:23:49] [164/326] RSCF
[06:23:51] [165/326] IMSH
[06:23:52] [166/326] MACX
[06:23:53] [167/326] HMMW
[06:23:53] 🔄 Identity reset
[06:23:53] 🔄 Identity rotated (every 10 requests)
[06:23:54] [168/326] JTCP
[06:23:56] [169/326] SREN
[06:23:58] [170/326] PJRR
[06:23:59] [171/326] INAC
[06:24:00] [172/326] BMCA
[06:24:01] [173/326] SHCB
[06:24:03] [174/326] GABA
[06:24:04] [175/326] SBCT
[06:24:06] [176/326] GCMA
[06:24:07] [177/326] MYTK
[06:24:07] 🔄 Identity reset
[06:24:07] 🔄 Identity rotated (every 10 requests)
[06:24:08] [178/326] INZS
[06:24:09] [179/326] RMIK
[06:24:11] [180/326] NYCH
[06:24:12] [181/326] RAVE
[06:24:13] [182/326] PSXM
[06:24:14] [183/326] MCGP
[06:24:15] [184/326] PDDK
[06:24:16] [185/326] SPCK
[06:24:17] [186/326] MCRL
[06:24:18] [187/326] MHKT
[06:24:19] 🔄 Identity reset
[06:24:19] 🔄 Identity rotated (every 10 requests)
[06:24:19] [188/326] ANRR
[06:24:20] [189/326] SAPK
[06:24:21] [190/326] NCUK
[06:24:22] [191/326] JUGA
[06:24:23] [192/326] DBSC
[06:24:25] [193/326] LALK
[06:24:26] [194/326] GUCK
[06:24:27] [195/326] STSG
[06:24:28] [196/326] PPPZ
[06:24:30] [197/326] CNCY
[06:24:30] 🔄 Identity reset
[06:24:30] 🔄 Identity rotated (every 10 requests)
[06:24:31] [198/326] MTAR
[06:24:32] [199/326] VNKD
[06:24:34] [200/326] KMAJ
[06:24:35] [201/326] ACXK
[06:24:35] [202/326] UTKC
[06:24:36] [203/326] PBLK
[06:24:37] [204/326] ACBX
[06:24:39] [205/326] PTGM
[06:24:41] [206/326] BTDA
[06:24:41] [207/326] PJMB
[06:24:42] 🔄 Identity reset
[06:24:42] 🔄 Identity rotated (every 10 requests)
[06:24:42] 🔄 Retry 1/5 for PJMB in 2.0s
[06:24:42] 🔄 Identity reset
[06:24:44] 🧠 New identity created
[06:24:44] [208/326] TPDA
[06:24:46] [209/326] AMOE
[06:24:47] [210/326] PRHT
[06:24:48] [211/326] PRTA
[06:24:49] [212/326] STAM
[06:24:50] [213/326] MSAA
[06:24:51] [214/326] SDLU
[06:24:52] [215/326] RCHH
[06:24:54] [216/326] KANT
[06:24:55] 🔄 Identity reset
[06:24:55] 🔄 Identity rotated (every 10 requests)
[06:24:55] [217/326] FCRT
[06:24:56] [218/326] DNKM
[06:24:57] [219/326] RYCP
[06:24:59] [220/326] MYRP
[06:25:01] [221/326] PPAK
[06:25:02] [222/326] NVPK
[06:25:04] [223/326] PRMC
[06:25:04] [224/326] JBCS
[06:25:05] [225/326] GXCK
[06:25:06] [226/326] USKO
[06:25:07] 🔄 Identity reset
[06:25:07] 🔄 Identity rotated (every 10 requests)
[06:25:08] [227/326] GTEM
[06:25:09] [228/326] SMBU
[06:25:10] [229/326] VETC
[06:25:11] [230/326] LCDA
[06:25:13] [231/326] MTVT
[06:25:14] [232/326] PYCP
[06:25:15] [233/326] PNSC
[06:25:16] [234/326] PPCC
[06:25:17] [235/326] TGRT
[06:25:18] [236/326] JYOT
[06:25:18] 🔄 Identity reset
[06:25:18] 🔄 Identity rotated (every 10 requests)
[06:25:19] [237/326] SRCZ
[06:25:20] [238/326] SJTE
[06:25:21] [239/326] DESC
[06:25:22] [240/326] JHVN
[06:25:23] [241/326] IPSG
[06:25:24] [242/326] IPCM
[06:25:26] [243/326] PDRS
[06:25:27] [244/326] ANCV
[06:25:28] [245/326] CMVV
[06:25:29] [246/326] SHYP
[06:25:30] 🔄 Identity reset
[06:25:30] 🔄 Identity rotated (every 10 requests)
[06:25:30] [247/326] DNCS
[06:25:31] [248/326] GAJK
[06:25:32] [249/326] AKTN
[06:25:33] [250/326] KAYA
[06:25:34] [251/326] SBRC
[06:25:35] [252/326] CHTP
[06:25:36] [253/326] SHRT
[06:25:37] [254/326] BCKU
[06:25:38] [255/326] FCPS
[06:25:39] [256/326] ARDD
[06:25:40] 🔄 Identity reset
[06:25:40] 🔄 Identity rotated (every 10 requests)
[06:25:40] [257/326] CPCM
[06:25:42] [258/326] CGSM
[06:25:42] [259/326] PSMP
[06:25:44] [260/326] SDAL
[06:25:45] [261/326] RTNB
[06:25:45] [262/326] LMCR
[06:25:47] [263/326] CIMA
[06:25:48] [264/326] RNAS
[06:25:49] [265/326] LITH
[06:25:50] [266/326] PBOX
[06:25:51] 🔄 Identity reset
[06:25:51] 🔄 Identity rotated (every 10 requests)
[06:25:51] [267/326] FRTS
[06:25:53] [268/326] RKIC
[06:25:54] [269/326] PTAI
[06:25:55] [270/326] GCIC
[06:25:56] [271/326] FNAS
[06:25:57] [272/326] SCAR
[06:25:59] [273/326] MTCA
[06:25:59] [274/326] SCTS
[06:26:00] [275/326] SYCS
[06:26:02] [276/326] RDMS
[06:26:02] 🔄 Identity reset
[06:26:02] 🔄 Identity rotated (every 10 requests)
[06:26:04] [277/326] KAMP
[06:26:04] [278/326] ERSD
[06:26:05] [279/326] MJMJ
[06:26:06] [280/326] SRCJ
[06:26:07] [281/326] SCXE
[06:26:08] [282/326] SVFR
[06:26:10] [283/326] BHCS
[06:26:12] [284/326] IMCC
[06:26:13] [285/326] PCBO
[06:26:14] [286/326] PRVN
[06:26:15] 🔄 Identity reset
[06:26:15] 🔄 Identity rotated (every 10 requests)
[06:26:15] [287/326] AUPM
[06:26:17] [288/326] INBW
[06:26:18] [289/326] SVCW
[06:26:19] [290/326] RKCF
[06:26:20] [291/326] UVBH
[06:26:21] [292/326] DNCY
[06:26:23] [293/326] ABCN
[06:26:25] [294/326] PRUR
[06:26:26] [295/326] PFMR
[06:26:27] [296/326] RKCN
[06:26:28] 🔄 Identity reset
[06:26:28] 🔄 Identity rotated (every 10 requests)
[06:26:28] [297/326] CFEA
[06:26:29] [298/326] SDBG
[06:26:31] [299/326] SNAR
[06:26:33] [300/326] YISI
[06:26:34] [301/326] JCFF
[06:26:35] [302/326] VTRK
[06:26:36] [303/326] PCLZ
[06:26:38] [304/326] DIMY
[06:26:39] [305/326] BBTS
[06:26:40] [306/326] GATH
[06:26:41] 🔄 Identity reset
[06:26:41] 🔄 Identity rotated (every 10 requests)
[06:26:42] [307/326] GTMN
[06:26:42] [308/326] VTMH
[06:26:43] [309/326] CCKP
[06:26:45] [310/326] GPKA
[06:26:46] [311/326] MHCL
[06:26:48] [312/326] ATCL
[06:26:49] [313/326] SBCK
[06:26:49] [314/326] AMMR
[06:26:50] [315/326] MADC
[06:26:51] [316/326] TMMA
[06:26:52] 🔄 Identity reset
[06:26:52] 🔄 Identity rotated (every 10 requests)
[06:26:52] [317/326] CACC
[06:26:53] [318/326] CHAL
[06:26:54] [319/326] DURG
[06:26:54] [320/326] GMKU
[06:26:56] [321/326] GECA
[06:26:57] [322/326] KYRR
[06:26:58] [323/326] KSDE
[06:26:58] [324/326] LMCI
[06:26:59] [325/326] NKCP
[06:27:00] [326/326] BGTC
[06:27:01] 🔄 Identity reset
[06:27:01] 🔄 Identity rotated (every 10 requests)
[06:27:01] 🧹 Deduping shows
[06:27:01] ✅ DONE | Shows=662 | Movies=34
