[09:36:11] 🚀 DISTRICT → BMS9 CONVERTER STARTED
[09:36:11] 📅 Date: 2026-09-07
[09:36:11] 🚫 Worker logic: DISABLED
[09:36:11] 🔑 Venue matching: ID ONLY
[09:36:11] 🚫 alldistrictvenues.json: NOT USED
[09:36:11] 🚫 Venue-name matching: NOT USED
[09:36:11] 📍 Selected venue records: 755
[09:36:11] 🎯 Selected venue IDs: 755
[09:36:11] 📡 Fetching Detailed JSON:
[09:36:11]    https://districtdata2026.pages.dev/advance/2026-09-07_Detailed.json
[09:36:11] ❌ Source file not found (404) – will create empty outputs
[09:36:11] ⚠️ No source data – keeping existing output files unchanged
[09:36:11] 📄 Created empty detailed file: advance/data/20260907/detailed9.json
[09:36:11] 📄 Created empty summary file: advance/data/20260907/movie_summary9.json
[09:36:11] ✅ DONE | Existing data preserved
[16:35:06] 🚀 DISTRICT → BMS9 CONVERTER STARTED
[16:35:06] 📅 Date: 2026-09-07
[16:35:06] 🚫 Worker logic: DISABLED
[16:35:06] 🔑 Venue matching: ID ONLY
[16:35:06] 🚫 alldistrictvenues.json: NOT USED
[16:35:06] 🚫 Venue-name matching: NOT USED
[16:35:06] 📍 Selected venue records: 756
[16:35:06] 🎯 Selected venue IDs: 756
[16:35:06] 📡 Fetching Detailed JSON:
[16:35:06]    https://districtdata2026.pages.dev/advance/2026-09-07_Detailed.json
[16:35:06] ❌ Source file not found (404) – will create empty outputs
[16:35:06] ⚠️ No source data – keeping existing output files unchanged
[16:35:06] 📦 Existing detailed file preserved: advance/data/20260907/detailed9.json
[16:35:06] 📦 Existing summary file preserved: advance/data/20260907/movie_summary9.json
[16:35:06] ✅ DONE | Existing data preserved
[04:43:45] 🚀 DISTRICT → BMS9 CONVERTER STARTED
[04:43:45] 📅 Date: 2026-09-07
[04:43:45] 🚫 Worker logic: DISABLED
[04:43:45] 🔑 Venue matching: ID ONLY
[04:43:45] 🚫 alldistrictvenues.json: NOT USED
[04:43:45] 🚫 Venue-name matching: NOT USED
[04:43:45] 📍 Selected venue records: 756
[04:43:45] 🎯 Selected venue IDs: 756
[04:43:45] 📡 Fetching Detailed JSON:
[04:43:45]    https://districtdata2026.pages.dev/advance/2026-09-07_Detailed.json
[04:43:45] ❌ Source file not found (404) – will create empty outputs
[04:43:45] ⚠️ No source data – keeping existing output files unchanged
[04:43:45] 📦 Existing detailed file preserved: advance/data/20260907/detailed9.json
[04:43:45] 📦 Existing summary file preserved: advance/data/20260907/movie_summary9.json
[04:43:45] ✅ DONE | Existing data preserved
[21:46:02] 🚀 DISTRICT → BMS9 CONVERTER STARTED
[21:46:02] 📅 Date: 2026-09-07
[21:46:02] 🚫 Worker logic: DISABLED
[21:46:02] 🔑 Venue matching: ID ONLY
[21:46:02] 🚫 alldistrictvenues.json: NOT USED
[21:46:02] 🚫 Venue-name matching: NOT USED
[21:46:02] 📍 Selected venue records: 756
[21:46:02] 🎯 Selected venue IDs: 756
[21:46:02] 📡 Fetching Detailed JSON:
[21:46:02]    https://districtdata2026.pages.dev/advance/2026-09-07_Detailed.json
[21:46:02] ❌ Source file not found (404) – will create empty outputs
[21:46:02] ⚠️ No source data – keeping existing output files unchanged
[21:46:02] 📦 Existing detailed file preserved: advance/data/20260907/detailed9.json
[21:46:02] 📦 Existing summary file preserved: advance/data/20260907/movie_summary9.json
[21:46:02] ✅ DONE | Existing data preserved
[06:20:21] 🚀 DISTRICT → BMS9 CONVERTER STARTED
[06:20:21] 📅 Date: 2026-09-07
[06:20:21] 🚫 Worker logic: DISABLED
[06:20:21] 🔑 Venue matching: ID ONLY
[06:20:21] 🚫 alldistrictvenues.json: NOT USED
[06:20:21] 🚫 Venue-name matching: NOT USED
[06:20:21] 📍 Selected venue records: 756
[06:20:21] 🎯 Selected venue IDs: 756
[06:20:21] 📡 Fetching Detailed JSON:
[06:20:21]    https://districtdata2026.pages.dev/advance/2026-09-07_Detailed.json
[06:20:21] ❌ Source file not found (404) – will create empty outputs
[06:20:21] ⚠️ No source data – keeping existing output files unchanged
[06:20:21] 📦 Existing detailed file preserved: advance/data/20260907/detailed9.json
[06:20:21] 📦 Existing summary file preserved: advance/data/20260907/movie_summary9.json
[06:20:21] ✅ DONE | Existing data preserved
[20:29:50] 🚀 DISTRICT → BMS9 CONVERTER STARTED
[20:29:50] 📅 Date: 2026-09-07
[20:29:50] 🚫 Worker logic: DISABLED
[20:29:50] 🔑 Venue matching: ID ONLY
[20:29:50] 🚫 alldistrictvenues.json: NOT USED
[20:29:50] 🚫 Venue-name matching: NOT USED
[20:29:50] 📍 Selected venue records: 756
[20:29:50] 🎯 Selected venue IDs: 756
[20:29:50] 📡 Fetching Detailed JSON:
[20:29:50]    https://districtdata2026.pages.dev/advance/2026-09-07_Detailed.json
[20:29:50] ❌ Source file not found (404) – will create empty outputs
[20:29:50] ⚠️ No source data – keeping existing output files unchanged
[20:29:50] 📦 Existing detailed file preserved: advance/data/20260907/detailed9.json
[20:29:50] 📦 Existing summary file preserved: advance/data/20260907/movie_summary9.json
[20:29:50] ✅ DONE | Existing data preserved
[00:02:10] 🚀 DISTRICT → BMS9 CONVERTER STARTED
[00:02:10] 📅 Date: 2026-09-07
[00:02:10] 🚫 Worker logic: DISABLED
[00:02:10] 🔑 Venue matching: ID ONLY
[00:02:10] 🚫 alldistrictvenues.json: NOT USED
[00:02:10] 🚫 Venue-name matching: NOT USED
[00:02:10] 📍 Selected venue records: 756
[00:02:10] 🎯 Selected venue IDs: 756
[00:02:10] 📡 Fetching Detailed JSON:
[00:02:10]    https://districtdata2026.pages.dev/advance/2026-09-07_Detailed.json
[00:02:10] ❌ Source file not found (404) – will create empty outputs
[00:02:10] ⚠️ No source data – keeping existing output files unchanged
[00:02:10] 📦 Existing detailed file preserved: advance/data/20260907/detailed9.json
[00:02:10] 📦 Existing summary file preserved: advance/data/20260907/movie_summary9.json
[00:02:10] ✅ DONE | Existing data preserved
[10:29:08] 🚀 DISTRICT → BMS9 CONVERTER STARTED
[10:29:08] 📅 Date: 2026-09-07
[10:29:08] 🚫 Worker logic: DISABLED
[10:29:08] 🔑 Venue matching: ID ONLY
[10:29:08] 🚫 alldistrictvenues.json: NOT USED
[10:29:08] 🚫 Venue-name matching: NOT USED
[10:29:08] 📍 Selected venue records: 756
[10:29:08] 🎯 Selected venue IDs: 756
[10:29:08] 📡 Fetching Detailed JSON:
[10:29:08]    https://districtdata2026.pages.dev/advance/2026-09-07_Detailed.json
[10:29:09] ✅ Source loaded
[10:29:09]    Source date: 2026-09-07
[10:29:09]    Last updated: 10:21 AM, 06 September 2026
[10:29:09]    Movie keys: 83
[10:29:09] 🎬 Source movie keys: 83
[10:29:09] 🎟️ Selected-venue show rows: 2470
[10:29:09] 🚫 Non-selected show rows ignored: 11361
[10:29:09] ℹ️ Non-selected venue IDs encountered: 760
[10:29:09]    ⏭️ Source venue ID not selected: 1020720
[10:29:09]    ⏭️ Source venue ID not selected: 1024431
[10:29:09]    ⏭️ Source venue ID not selected: 32543
[10:29:09]    ⏭️ Source venue ID not selected: 1033183
[10:29:09]    ⏭️ Source venue ID not selected: 3084
[10:29:09]    ⏭️ Source venue ID not selected: 1050982
[10:29:09]    ⏭️ Source venue ID not selected: 1035745
[10:29:09]    ⏭️ Source venue ID not selected: 9724
[10:29:09]    ⏭️ Source venue ID not selected: 1100720
[10:29:09]    ⏭️ Source venue ID not selected: 1054782
[10:29:09]    ⏭️ Source venue ID not selected: 1037494
[10:29:09]    ⏭️ Source venue ID not selected: 1023470
[10:29:09]    ⏭️ Source venue ID not selected: 1022250
[10:29:09]    ⏭️ Source venue ID not selected: 1022305
[10:29:09]    ⏭️ Source venue ID not selected: 10183
[10:29:09]    ⏭️ Source venue ID not selected: 1003779
[10:29:09]    ⏭️ Source venue ID not selected: 1030077
[10:29:09]    ⏭️ Source venue ID not selected: 10223
[10:29:09]    ⏭️ Source venue ID not selected: 7134
[10:29:09]    ⏭️ Source venue ID not selected: 1019907
[10:29:09]    ... and 740 more
[10:29:09] 📦 Previous shows: 0
[10:29:09] 🆕 Fresh shows: 2470
[10:29:09] 📦 Final shows: 2470
[10:29:09] ✅ DONE | Shows=2470 | Movies=47
[10:29:09] 📄 Detailed: advance/data/20260907/detailed9.json
[10:29:09] 📄 Summary: advance/data/20260907/movie_summary9.json
[16:46:39] 🚀 DISTRICT → BMS9 CONVERTER STARTED
[16:46:39] 📅 Date: 2026-09-07
[16:46:39] 🚫 Worker logic: DISABLED
[16:46:39] 🔑 Venue matching: ID ONLY
[16:46:39] 🚫 alldistrictvenues.json: NOT USED
[16:46:39] 🚫 Venue-name matching: NOT USED
[16:46:39] 📍 Selected venue records: 756
[16:46:39] 🎯 Selected venue IDs: 756
[16:46:39] 📡 Fetching Detailed JSON:
[16:46:39]    https://districtdata2026.pages.dev/advance/2026-09-07_Detailed.json
[16:46:39] ✅ Source loaded
[16:46:39]    Source date: 2026-09-07
[16:46:39]    Last updated: 04:06 PM, 06 September 2026
[16:46:39]    Movie keys: 85
[16:46:39] 🎬 Source movie keys: 85
[16:46:39] 🎟️ Selected-venue show rows: 3189
[16:46:39] 🚫 Non-selected show rows ignored: 14708
[16:46:39] ℹ️ Non-selected venue IDs encountered: 988
[16:46:39]    ⏭️ Source venue ID not selected: 1018430
[16:46:39]    ⏭️ Source venue ID not selected: 1392
[16:46:39]    ⏭️ Source venue ID not selected: 7329
[16:46:39]    ⏭️ Source venue ID not selected: 9900
[16:46:39]    ⏭️ Source venue ID not selected: 916
[16:46:39]    ⏭️ Source venue ID not selected: 1022901
[16:46:39]    ⏭️ Source venue ID not selected: 20936
[16:46:39]    ⏭️ Source venue ID not selected: 45099
[16:46:39]    ⏭️ Source venue ID not selected: 6072
[16:46:39]    ⏭️ Source venue ID not selected: 24971
[16:46:39]    ⏭️ Source venue ID not selected: 1013612
[16:46:39]    ⏭️ Source venue ID not selected: 1065724
[16:46:39]    ⏭️ Source venue ID not selected: 122
[16:46:39]    ⏭️ Source venue ID not selected: 1036571
[16:46:39]    ⏭️ Source venue ID not selected: 1027123
[16:46:39]    ⏭️ Source venue ID not selected: 7397
[16:46:39]    ⏭️ Source venue ID not selected: 42079
[16:46:39]    ⏭️ Source venue ID not selected: 12939
[16:46:39]    ⏭️ Source venue ID not selected: 58725
[16:46:39]    ⏭️ Source venue ID not selected: 1020732
[16:46:39]    ... and 968 more
[16:46:39] 📦 Previous shows: 2470
[16:46:39] 🆕 Fresh shows: 3189
[16:46:39] 📦 Final shows: 3240
[16:46:39] ✅ DONE | Shows=3240 | Movies=49
[16:46:39] 📄 Detailed: advance/data/20260907/detailed9.json
[16:46:39] 📄 Summary: advance/data/20260907/movie_summary9.json
[21:11:04] 🚀 DISTRICT → BMS9 CONVERTER STARTED
[21:11:04] 📅 Date: 2026-09-07
[21:11:04] 🚫 Worker logic: DISABLED
[21:11:04] 🔑 Venue matching: ID ONLY
[21:11:04] 🚫 alldistrictvenues.json: NOT USED
[21:11:04] 🚫 Venue-name matching: NOT USED
[21:11:04] 📍 Selected venue records: 756
[21:11:04] 🎯 Selected venue IDs: 756
[21:11:04] 📡 Fetching Detailed JSON:
[21:11:04]    https://districtdata2026.pages.dev/advance/2026-09-07_Detailed.json
[21:11:04] ✅ Source loaded
[21:11:04]    Source date: 2026-09-07
[21:11:04]    Last updated: 04:06 PM, 06 September 2026
[21:11:04]    Movie keys: 85
[21:11:05] 🎬 Source movie keys: 85
[21:11:05] 🎟️ Selected-venue show rows: 3189
[21:11:05] 🚫 Non-selected show rows ignored: 14708
[21:11:05] ℹ️ Non-selected venue IDs encountered: 988
[21:11:05]    ⏭️ Source venue ID not selected: 1966
[21:11:05]    ⏭️ Source venue ID not selected: 1045235
[21:11:05]    ⏭️ Source venue ID not selected: 3064
[21:11:05]    ⏭️ Source venue ID not selected: 135
[21:11:05]    ⏭️ Source venue ID not selected: 9482
[21:11:05]    ⏭️ Source venue ID not selected: 1040399
[21:11:05]    ⏭️ Source venue ID not selected: 1007831
[21:11:05]    ⏭️ Source venue ID not selected: 10249
[21:11:05]    ⏭️ Source venue ID not selected: 10183
[21:11:05]    ⏭️ Source venue ID not selected: 1020709
[21:11:05]    ⏭️ Source venue ID not selected: 7540
[21:11:05]    ⏭️ Source venue ID not selected: 1083118
[21:11:05]    ⏭️ Source venue ID not selected: 175
[21:11:05]    ⏭️ Source venue ID not selected: 155
[21:11:05]    ⏭️ Source venue ID not selected: 1023490
[21:11:05]    ⏭️ Source venue ID not selected: 56451
[21:11:05]    ⏭️ Source venue ID not selected: 1010456
[21:11:05]    ⏭️ Source venue ID not selected: 132
[21:11:05]    ⏭️ Source venue ID not selected: 1010571
[21:11:05]    ⏭️ Source venue ID not selected: 1029765
[21:11:05]    ... and 968 more
[21:11:05] 📦 Previous shows: 3240
[21:11:05] 🆕 Fresh shows: 3189
[21:11:05] 📦 Final shows: 3240
[21:11:05] ✅ DONE | Shows=3240 | Movies=49
[21:11:05] 📄 Detailed: advance/data/20260907/detailed9.json
[21:11:05] 📄 Summary: advance/data/20260907/movie_summary9.json
