[04:43:45] 🚀 SCRIPT STARTED (enhanced anti‑detection)
[04:43:45] [1/445] TGMR
[04:43:46] 🧠 New identity created
[04:43:46] [2/445] CXKR
[04:43:47] [3/445] SROP
[04:43:48] [4/445] GTSV
[04:43:49] [5/445] SNTY
[04:43:50] [6/445] SMYY
[04:43:51] [7/445] CNCS
[04:43:53] [8/445] CSTM
[04:43:54] [9/445] NUCD
[04:43:55] [10/445] SHCZ
[04:43:55] 🔄 Identity reset
[04:43:55] 🔄 Identity rotated (every 10 requests)
[04:43:55] [11/445] NJCT
[04:43:57] [12/445] COPC
[04:43:58] [13/445] STVV
[04:43:59] [14/445] SKRN
[04:44:00] [15/445] APPZ
[04:44:01] [16/445] YMGN
[04:44:01] [17/445] SVTU
[04:44:02] [18/445] GTAD
[04:44:03] [19/445] PSUS
[04:44:04] [20/445] SMCD
[04:44:05] 🔄 Identity reset
[04:44:05] 🔄 Identity rotated (every 10 requests)
[04:44:05] [21/445] CMCM
[04:44:07] [22/445] SYCT
[04:44:08] [23/445] STLY
[04:44:09] [24/445] CMHU
[04:44:10] [25/445] CMSA
[04:44:10] [26/445] CLCU
[04:44:12] [27/445] PPNT
[04:44:13] [28/445] JTAB
[04:44:14] [29/445] BUUC
[04:44:15] [30/445] BSVK
[04:44:16] 🔄 Identity reset
[04:44:16] 🔄 Identity rotated (every 10 requests)
[04:44:16] [31/445] VVVQ
[04:44:17] [32/445] TKMU
[04:44:18] [33/445] ESYL
[04:44:19] [34/445] ACHP
[04:44:20] [35/445] BTKD
[04:44:20] [36/445] DESA
[04:44:21] [37/445] GBCT
[04:44:22] [38/445] BLLD
[04:44:23] [39/445] SKNT
[04:44:24] [40/445] SSTE
[04:44:25] 🔄 Identity reset
[04:44:25] 🔄 Identity rotated (every 10 requests)
[04:44:26] [41/445] VJMR
[04:44:26] [42/445] NTPU
[04:44:27] [43/445] RDKN
[04:44:28] [44/445] ADGC
[04:44:29] [45/445] VRBP
[04:44:30] [46/445] NMNA
[04:44:31] [47/445] CMMX
[04:44:32] [48/445] PTKO
[04:44:33] [49/445] RBML
[04:44:33] [50/445] SAIC
[04:44:34] 🔄 Identity reset
[04:44:34] 🔄 Identity rotated (every 10 requests)
[04:44:35] [51/445] SVTJ
[04:44:36] [52/445] MRTE
[04:44:37] [53/445] RBTP
[04:44:38] [54/445] NLPS
[04:44:39] [55/445] GTNA
[04:44:40] [56/445] DGGC
[04:44:40] [57/445] SMCR
[04:44:42] [58/445] SCGD
[04:44:44] [59/445] SRRJ
[04:44:45] [60/445] CNRY
[04:44:45] 🔄 Identity reset
[04:44:45] 🔄 Identity rotated (every 10 requests)
[04:44:46] [61/445] KTDI
[04:44:48] [62/445] SNJL
[04:44:48] [63/445] RKMD
[04:44:49] [64/445] SMDC
[04:44:50] [65/445] TADG
[04:44:51] [66/445] MCGS
[04:44:53] [67/445] PETK
[04:44:53] [68/445] CHAG
[04:44:54] [69/445] KSTL
[04:44:55] [70/445] AADS
[04:44:56] 🔄 Identity reset
[04:44:56] 🔄 Identity rotated (every 10 requests)
[04:44:56] [71/445] NTHZ
[04:44:58] [72/445] HCKI
[04:44:58] [73/445] SSEF
[04:44:59] [74/445] MCGX
[04:45:00] [75/445] ERRA
[04:45:01] [76/445] SDTW
[04:45:02] [77/445] RMPK
[04:45:03] [78/445] PTHK
[04:45:04] [79/445] PXCS
[04:45:05] [80/445] SVLU
[04:45:05] 🔄 Identity reset
[04:45:05] 🔄 Identity rotated (every 10 requests)
[04:45:06] [81/445] STAH
[04:45:06] [82/445] JRGF
[04:45:07] [83/445] CDOK
[04:45:08] [84/445] CMSG
[04:45:09] [85/445] APTD
[04:45:10] [86/445] KMPG
[04:45:11] [87/445] MUTJ
[04:45:12] [88/445] VCCI
[04:45:13] [89/445] URBE
[04:45:14] [90/445] TCTS
[04:45:14] 🔄 Identity reset
[04:45:14] 🔄 Identity rotated (every 10 requests)
[04:45:15] [91/445] STSN
[04:45:15] [92/445] AKCH
[04:45:17] [93/445] APSC
[04:45:18] [94/445] VLTB
[04:45:19] [95/445] SANU
[04:45:20] [96/445] AXAM
[04:45:21] [97/445] MGMG
[04:45:21] [98/445] HTBY
[04:45:22] [99/445] MMZS
[04:45:23] [100/445] SUDR
[04:45:24] 🔄 Identity reset
[04:45:24] 🔄 Identity rotated (every 10 requests)
[04:45:24] [101/445] CCAD
[04:45:25] [102/445] SKKC
[04:45:26] [103/445] RMCD
[04:45:27] [104/445] SBCQ
[04:45:27] [105/445] DCCT
[04:45:28] [106/445] VTKP
[04:45:29] [107/445] MLAM
[04:45:30] [108/445] SAVT
[04:45:31] [109/445] GEPL
[04:45:32] [110/445] AMCD
[04:45:33] 🔄 Identity reset
[04:45:33] 🔄 Identity rotated (every 10 requests)
[04:45:35] [111/445] CCXR
[04:45:35] [112/445] GRNG
[04:45:36] [113/445] EBCA
[04:45:37] [114/445] CNVG
[04:45:38] [115/445] MWSS
[04:45:39] [116/445] VBOR
[04:45:40] [117/445] NEEB
[04:45:41] [118/445] SUTH
[04:45:42] [119/445] ANDB
[04:45:44] [120/445] MMXS
[04:45:44] 🔄 Identity reset
[04:45:44] 🔄 Identity rotated (every 10 requests)
[04:45:45] [121/445] CNPD
[04:45:46] [122/445] SDCE
[04:45:48] [123/445] DHCB
[04:45:49] [124/445] ODEN
[04:45:49] [125/445] TNTC
[04:45:50] [126/445] VBKM
[04:45:51] [127/445] RZYM
[04:45:52] [128/445] JEMC
[04:45:53] [129/445] CMAU
[04:45:54] [130/445] SIVP
[04:45:54] 🔄 Identity reset
[04:45:54] 🔄 Identity rotated (every 10 requests)
[04:45:55] [131/445] ATAG
[04:45:56] [132/445] CHTM
[04:45:57] [133/445] AAEE
[04:45:57] [134/445] IWPM
[04:45:58] [135/445] KCMW
[04:45:59] [136/445] MCTD
[04:46:00] [137/445] SPWR
[04:46:01] [138/445] SDPO
[04:46:02] [139/445] PCSK
[04:46:03] [140/445] ACHV
[04:46:03] 🔄 Identity reset
[04:46:03] 🔄 Identity rotated (every 10 requests)
[04:46:04] [141/445] SVLA
[04:46:05] [142/445] PICT
[04:46:06] [143/445] BXDR
[04:46:06] [144/445] SPWA
[04:46:07] [145/445] MCKO
[04:46:08] [146/445] RTHK
[04:46:09] [147/445] CCMF
[04:46:10] [148/445] MRGB
[04:46:11] [149/445] CPLC
[04:46:12] [150/445] RACD
[04:46:12] 🔄 Identity reset
[04:46:12] 🔄 Identity rotated (every 10 requests)
[04:46:13] [151/445] ATKT
[04:46:13] [152/445] SARN
[04:46:14] [153/445] KKUI
[04:46:16] [154/445] RGCM
[04:46:17] [155/445] BRVP
[04:46:18] [156/445] HRSR
[04:46:19] [157/445] GKGM
[04:46:20] [158/445] TTCD
[04:46:20] [159/445] PTTI
[04:46:21] [160/445] MPTT
[04:46:22] 🔄 Identity reset
[04:46:22] 🔄 Identity rotated (every 10 requests)
[04:46:22] [161/445] CVTT
[04:46:23] [162/445] PCXD
[04:46:24] [163/445] GCDC
[04:46:24] [164/445] CCCF
[04:46:25] [165/445] MRAD
[04:46:26] [166/445] CPLK
[04:46:27] [167/445] SATB
[04:46:28] [168/445] SNVG
[04:46:29] [169/445] JMBA
[04:46:30] [170/445] TEJA
[04:46:30] 🔄 Identity reset
[04:46:30] 🔄 Identity rotated (every 10 requests)
[04:46:31] [171/445] STYO
[04:46:32] [172/445] JTBP
[04:46:33] [173/445] KRGD
[04:46:34] [174/445] SLJJ
[04:46:35] [175/445] SPTJ
[04:46:36] [176/445] SWJG
[04:46:37] [177/445] LKRT
[04:46:38] [178/445] KCKA
[04:46:39] [179/445] SNCR
[04:46:40] [180/445] SMKL
[04:46:40] 🔄 Identity reset
[04:46:40] 🔄 Identity rotated (every 10 requests)
[04:46:41] [181/445] GCFA
[04:46:42] [182/445] DDCK
[04:46:42] [183/445] NCHJ
[04:46:44] [184/445] RDMA
[04:46:45] [185/445] SVSV
[04:46:46] [186/445] SCJG
[04:46:46] [187/445] VKLP
[04:46:47] [188/445] NWCC
[04:46:48] [189/445] VKNS
[04:46:49] [190/445] SDDP
[04:46:50] 🔄 Identity reset
[04:46:50] 🔄 Identity rotated (every 10 requests)
[04:46:50] [191/445] ACSI
[04:46:51] [192/445] SATG
[04:46:52] [193/445] SCMW
[04:46:53] [194/445] LKTK
[04:46:53] [195/445] VCKV
[04:46:54] [196/445] KKPE
[04:46:55] [197/445] KIGH
[04:46:56] [198/445] SRPM
[04:46:57] [199/445] SCAH
[04:46:58] [200/445] MUTA
[04:46:59] 🔄 Identity reset
[04:46:59] 🔄 Identity rotated (every 10 requests)
[04:47:00] [201/445] SEPU
[04:47:02] [202/445] INOA
[04:47:03] [203/445] BASK
[04:47:04] [204/445] NECB
[04:47:05] [205/445] GTTG
[04:47:06] [206/445] ASSA
[04:47:07] [207/445] ANCL
[04:47:07] [208/445] GCTI
[04:47:08] [209/445] RCTS
[04:47:09] [210/445] ACNL
[04:47:10] 🔄 Identity reset
[04:47:10] 🔄 Identity rotated (every 10 requests)
[04:47:10] [211/445] MYCT
[04:47:11] [212/445] NMHT
[04:47:12] [213/445] MDIT
[04:47:13] [214/445] LATG
[04:47:14] [215/445] SMTY
[04:47:15] [216/445] CVCT
[04:47:16] [217/445] RAMB
[04:47:17] [218/445] TGMS
[04:47:18] [219/445] BHEL
[04:47:19] [220/445] SHCT
[04:47:19] 🔄 Identity reset
[04:47:19] 🔄 Identity rotated (every 10 requests)
[04:47:20] [221/445] SVCT
[04:47:20] [222/445] MRIY
[04:47:21] [223/445] SARO
[04:47:22] [224/445] STCT
[04:47:23] [225/445] JKKC
[04:47:24] [226/445] PLTT
[04:47:25] [227/445] SRNT
[04:47:26] [228/445] YAST
[04:47:27] [229/445] PERL
[04:47:28] [230/445] CICM
[04:47:29] 🔄 Identity reset
[04:47:29] 🔄 Identity rotated (every 10 requests)
[04:47:29] [231/445] MMTR
[04:47:30] [232/445] ABTK
[04:47:31] [233/445] ATYY
[04:47:32] [234/445] ASTK
[04:47:33] [235/445] VVCK
[04:47:34] [236/445] ATKY
[04:47:35] [237/445] GWEK
[04:47:36] [238/445] SVFH
[04:47:38] [239/445] SLTA
[04:47:39] [240/445] AASH
[04:47:39] 🔄 Identity reset
[04:47:39] 🔄 Identity rotated (every 10 requests)
[04:47:40] [241/445] ACXB
[04:47:41] [242/445] SMTX
[04:47:41] [243/445] AZDH
[04:47:42] [244/445] CMMH
[04:47:43] [245/445] SCSZ
[04:47:44] [246/445] SCKP
[04:47:45] [247/445] NXTM
[04:47:46] [248/445] NWCS
[04:47:47] [249/445] CXMH
[04:47:48] [250/445] PCMA
[04:47:48] 🔄 Identity reset
[04:47:48] 🔄 Identity rotated (every 10 requests)
[04:47:49] [251/445] SGCM
[04:47:50] [252/445] SDTU
[04:47:51] [253/445] MMVI
[04:47:52] [254/445] JKCM
[04:47:53] [255/445] VCMM
[04:47:54] [256/445] SYEE
[04:47:55] [257/445] VASD
[04:47:56] [258/445] BDRB
[04:47:57] [259/445] LASM
[04:47:58] [260/445] DCRL
[04:47:59] 🔄 Identity reset
[04:47:59] 🔄 Identity rotated (every 10 requests)
[04:47:59] [261/445] DVPM
[04:48:00] [262/445] SBMJ
[04:48:02] [263/445] CBMU
[04:48:03] [264/445] IUBS
[04:48:04] [265/445] INAP
[04:48:04] [266/445] SRRC
[04:48:05] [267/445] SAGR
[04:48:06] [268/445] CPMJ
[04:48:07] [269/445] ATJL
[04:48:08] [270/445] NNTD
[04:48:08] 🔄 Identity reset
[04:48:08] 🔄 Identity rotated (every 10 requests)
[04:48:09] [271/445] JHCJ
[04:48:10] [272/445] CMMP
[04:48:10] [273/445] RSDR
[04:48:11] [274/445] AMTI
[04:48:13] [275/445] NYSG
[04:48:14] [276/445] AVSG
[04:48:15] [277/445] SYTP
[04:48:16] [278/445] LARC
[04:48:17] [279/445] RJTP
[04:48:17] [280/445] LAKC
[04:48:18] 🔄 Identity reset
[04:48:18] 🔄 Identity rotated (every 10 requests)
[04:48:18] [281/445] MCXE
[04:48:19] [282/445] CCZC
[04:48:20] [283/445] AVCH
[04:48:21] [284/445] CMBE
[04:48:22] [285/445] MRRC
[04:48:22] [286/445] PCPY
[04:48:23] [287/445] SRMH
[04:48:24] [288/445] SVGS
[04:48:25] [289/445] PCSE
[04:48:26] [290/445] SVFT
[04:48:27] 🔄 Identity reset
[04:48:27] 🔄 Identity rotated (every 10 requests)
[04:48:27] [291/445] TNZP
[04:48:28] [292/445] ICTP
[04:48:29] [293/445] ACTZ
[04:48:30] [294/445] GTUR
[04:48:31] [295/445] MAFC
[04:48:32] [296/445] MINL
[04:48:33] [297/445] MRCL
[04:48:34] [298/445] RCRP
[04:48:35] [299/445] RFFG
[04:48:36] [300/445] RMAS
[04:48:37] 🔄 Identity reset
[04:48:37] 🔄 Identity rotated (every 10 requests)
[04:48:37] [301/445] INVR
[04:48:39] [302/445] RMAR
[04:48:41] [303/445] CNIS
[04:48:42] [304/445] RHRJ
[04:48:43] [305/445] INXR
[04:48:44] [306/445] VALT
[04:48:44] [307/445] LCSH
[04:48:46] [308/445] CMVS
[04:48:47] [309/445] CNMS
[04:48:48] [310/445] ROOG
[04:48:48] 🔄 Identity reset
[04:48:48] 🔄 Identity rotated (every 10 requests)
[04:48:49] [311/445] ISRM
[04:48:49] [312/445] RCRM
[04:48:50] [313/445] ACJA
[04:48:51] [314/445] RCVS
[04:48:52] [315/445] CPUS
[04:48:53] [316/445] TGCS
[04:48:54] [317/445] RKCJ
[04:48:55] [318/445] MKSB
[04:48:57] [319/445] TCSJ
[04:48:58] [320/445] RMGP
[04:48:58] 🔄 Identity reset
[04:48:58] 🔄 Identity rotated (every 10 requests)
[04:48:59] [321/445] CLLP
[04:49:01] [322/445] RCMV
[04:49:02] [323/445] CCKS
[04:49:03] [324/445] RSRP
[04:49:04] [325/445] APLP
[04:49:05] [326/445] CNVS
[04:49:06] [327/445] RMVY
[04:49:06] [328/445] PGBD
[04:49:07] [329/445] KLMS
[04:49:08] [330/445] RUST
[04:49:09] 🔄 Identity reset
[04:49:09] 🔄 Identity rotated (every 10 requests)
[04:49:09] [331/445] MASM
[04:49:10] [332/445] BACS
[04:49:11] [333/445] BWST
[04:49:11] [334/445] RRFH
[04:49:12] [335/445] SJTM
[04:49:13] [336/445] BEMR
[04:49:14] [337/445] MCGR
[04:49:15] [338/445] SDSK
[04:49:16] [339/445] VBOL
[04:49:17] [340/445] RMGM
[04:49:17] 🔄 Identity reset
[04:49:17] 🔄 Identity rotated (every 10 requests)
[04:49:18] [341/445] NOPL
[04:49:19] [342/445] MKJK
[04:49:20] [343/445] CVRN
[04:49:21] [344/445] MMEN
[04:49:21] [345/445] AMNG
[04:49:22] [346/445] INTM
[04:49:23] [347/445] SLCZ
[04:49:24] [348/445] AMJN
[04:49:25] [349/445] ACJN
[04:49:26] [350/445] AMKN
[04:49:26] 🔄 Identity reset
[04:49:26] 🔄 Identity rotated (every 10 requests)
[04:49:27] [351/445] BTCN
[04:49:28] [352/445] AMBT
[04:49:29] [353/445] PACN
[04:49:30] [354/445] LCNS
[04:49:31] [355/445] PPKC
[04:49:32] [356/445] JYYN
[04:49:33] [357/445] JTNR
[04:49:34] [358/445] GTEE
[04:49:35] [359/445] SRNM
[04:49:35] [360/445] SDTC
[04:49:36] 🔄 Identity reset
[04:49:36] 🔄 Identity rotated (every 10 requests)
[04:49:36] [361/445] VPCA
[04:49:37] [362/445] VLRA
[04:49:38] [363/445] SHKR
[04:49:39] [364/445] SBKD
[04:49:40] [365/445] SAAD
[04:49:42] [366/445] JTGN
[04:49:43] [367/445] SLAM
[04:49:43] [368/445] VTPM
[04:49:44] [369/445] ANPT
[04:49:45] [370/445] PUNB
[04:49:46] 🔄 Identity reset
[04:49:46] 🔄 Identity rotated (every 10 requests)
[04:49:46] [371/445] CPKT
[04:49:47] [372/445] CNWE
[04:49:48] [373/445] ECPP
[04:49:50] [374/445] CPAR
[04:49:50] [375/445] ESBW
[04:49:51] [376/445] PKPU
[04:49:52] [377/445] CPRP
[04:49:53] [378/445] RAHU
[04:49:54] [379/445] RHMN
[04:49:55] [380/445] FMJP
[04:49:55] 🔄 Identity reset
[04:49:55] 🔄 Identity rotated (every 10 requests)
[04:49:56] [381/445] CTMP
[04:49:57] [382/445] INPN
[04:49:58] [383/445] STTG
[04:49:59] [384/445] CTRD
[04:50:00] [385/445] PUVB
[04:50:01] [386/445] ESVP
[04:50:02] [387/445] CPFT
[04:50:03] [388/445] LCPC
[04:50:03] [389/445] VBCT
[04:50:04] [390/445] FSCW
[04:50:05] 🔄 Identity reset
[04:50:05] 🔄 Identity rotated (every 10 requests)
[04:50:05] [391/445] VCMP
[04:50:06] [392/445] ASHC
[04:50:07] [393/445] VLCX
[04:50:09] [394/445] SHEV
[04:50:10] [395/445] APCO
[04:50:11] [396/445] SILC
[04:50:11] [397/445] SNMR
[04:50:13] [398/445] KYBO
[04:50:14] [399/445] SATK
[04:50:14] [400/445] SSCS
[04:50:15] 🔄 Identity reset
[04:50:15] 🔄 Identity rotated (every 10 requests)
[04:50:15] [401/445] CLSB
[04:50:16] [402/445] KMJR
[04:50:17] [403/445] FSCK
[04:50:18] [404/445] NNKA
[04:50:18] [405/445] CLMK
[04:50:19] [406/445] DMPZ
[04:50:20] [407/445] INQM
[04:50:21] [408/445] CAML
[04:50:22] [409/445] INRK
[04:50:23] [410/445] IMKN
[04:50:24] 🔄 Identity reset
[04:50:24] 🔄 Identity rotated (every 10 requests)
[04:50:24] [411/445] SVNR
[04:50:25] [412/445] INSL
[04:50:26] [413/445] MSMA
[04:50:27] [414/445] MCKK
[04:50:28] [415/445] FCHP
[04:50:29] [416/445] SFCR
[04:50:29] [417/445] NACK
[04:50:30] [418/445] PVAK
[04:50:31] [419/445] INER
[04:50:32] [420/445] RDBK
[04:50:33] 🔄 Identity reset
[04:50:33] 🔄 Identity rotated (every 10 requests)
[04:50:33] [421/445] SVFN
[04:50:34] [422/445] IFRM
[04:50:35] [423/445] ATCK
[04:50:36] [424/445] ASKO
[04:50:37] [425/445] STKT
[04:50:38] [426/445] SVFB
[04:50:39] [427/445] INKS
[04:50:40] [428/445] PCRA
[04:50:40] [429/445] ATJA
[04:50:41] [430/445] IMJN
[04:50:42] 🔄 Identity reset
[04:50:42] 🔄 Identity rotated (every 10 requests)
[04:50:42] [431/445] INHD
[04:50:44] [432/445] BARA
[04:50:45] [433/445] MCSL
[04:50:45] [434/445] RTOY
[04:50:47] [435/445] MENO
[04:50:49] [436/445] PUDM
[04:50:49] [437/445] PRCN
[04:50:50] [438/445] JMJR
[04:50:51] [439/445] SSGK
[04:50:52] [440/445] SSRL
[04:50:53] 🔄 Identity reset
[04:50:53] 🔄 Identity rotated (every 10 requests)
[04:50:53] [441/445] JYKL
[04:50:54] [442/445] ACNB
[04:50:55] [443/445] SONP
[04:50:56] [444/445] EMCI
[04:50:56] [445/445] MRJH
[04:50:57] 🧹 Deduping shows
[04:50:57] ✅ DONE | Shows=648 | Movies=16
[21:55:45] 🚀 SCRIPT STARTED (enhanced anti‑detection)
[21:55:45] [1/445] TGMR
[21:55:46] 🧠 New identity created
[21:55:46] 🔄 Retry 1/5 for TGMR in 2.4s
[21:55:46] 🔄 Identity reset
[21:55:48] 🧠 New identity created
[21:55:49] [2/445] CXKR
[21:55:50] [3/445] SROP
[21:55:50] [4/445] GTSV
[21:55:51] [5/445] SNTY
[21:55:52] [6/445] SMYY
[21:55:54] [7/445] CNCS
[21:55:54] [8/445] CSTM
[21:55:55] [9/445] NUCD
[21:55:56] 🔄 Identity reset
[21:55:56] 🔄 Identity rotated (every 10 requests)
[21:55:56] [10/445] SHCZ
[21:55:57] [11/445] NJCT
[21:55:58] [12/445] COPC
[21:55:59] [13/445] STVV
[21:56:00] [14/445] SKRN
[21:56:01] [15/445] APPZ
[21:56:02] [16/445] YMGN
[21:56:03] [17/445] SVTU
[21:56:04] [18/445] GTAD
[21:56:05] [19/445] PSUS
[21:56:06] 🔄 Identity reset
[21:56:06] 🔄 Identity rotated (every 10 requests)
[21:56:06] [20/445] SMCD
[21:56:07] [21/445] CMCM
[21:56:08] [22/445] SYCT
[21:56:10] [23/445] STLY
[21:56:11] [24/445] CMHU
[21:56:12] [25/445] CMSA
[21:56:13] [26/445] CLCU
[21:56:14] [27/445] PPNT
[21:56:15] [28/445] JTAB
[21:56:17] [29/445] BUUC
[21:56:17] 🔄 Identity reset
[21:56:17] 🔄 Identity rotated (every 10 requests)
[21:56:18] [30/445] BSVK
[21:56:18] [31/445] VVVQ
[21:56:19] [32/445] TKMU
[21:56:20] [33/445] ESYL
[21:56:21] [34/445] ACHP
[21:56:22] [35/445] BTKD
[21:56:23] [36/445] DESA
[21:56:24] [37/445] GBCT
[21:56:25] [38/445] BLLD
[21:56:26] [39/445] SKNT
[21:56:26] 🔄 Identity reset
[21:56:26] 🔄 Identity rotated (every 10 requests)
[21:56:27] [40/445] SSTE
[21:56:27] [41/445] VJMR
[21:56:29] [42/445] NTPU
[21:56:29] [43/445] RDKN
[21:56:30] [44/445] ADGC
[21:56:31] [45/445] VRBP
[21:56:32] [46/445] NMNA
[21:56:33] [47/445] CMMX
[21:56:34] [48/445] PTKO
[21:56:35] [49/445] RBML
[21:56:35] 🔄 Identity reset
[21:56:35] 🔄 Identity rotated (every 10 requests)
[21:56:36] [50/445] SAIC
[21:56:37] [51/445] SVTJ
[21:56:38] [52/445] MRTE
[21:56:38] [53/445] RBTP
[21:56:39] [54/445] NLPS
[21:56:40] [55/445] GTNA
[21:56:41] [56/445] DGGC
[21:56:42] [57/445] SMCR
[21:56:43] [58/445] SCGD
[21:56:44] [59/445] SRRJ
[21:56:44] 🔄 Identity reset
[21:56:44] 🔄 Identity rotated (every 10 requests)
[21:56:45] [60/445] CNRY
[21:56:46] [61/445] KTDI
[21:56:46] [62/445] SNJL
[21:56:47] [63/445] RKMD
[21:56:48] [64/445] SMDC
[21:56:49] [65/445] TADG
[21:56:50] [66/445] MCGS
[21:56:51] [67/445] PETK
[21:56:52] [68/445] CHAG
[21:56:53] [69/445] KSTL
[21:56:53] 🔄 Identity reset
[21:56:53] 🔄 Identity rotated (every 10 requests)
[21:56:54] [70/445] AADS
[21:56:54] [71/445] NTHZ
[21:56:55] [72/445] HCKI
[21:56:56] [73/445] SSEF
[21:56:57] [74/445] MCGX
[21:56:58] [75/445] ERRA
[21:56:59] [76/445] SDTW
[21:57:00] [77/445] RMPK
[21:57:01] [78/445] PTHK
[21:57:02] [79/445] PXCS
[21:57:02] 🔄 Identity reset
[21:57:02] 🔄 Identity rotated (every 10 requests)
[21:57:03] [80/445] SVLU
[21:57:03] [81/445] STAH
[21:57:04] [82/445] JRGF
[21:57:05] [83/445] CDOK
[21:57:06] [84/445] CMSG
[21:57:07] [85/445] APTD
[21:57:08] [86/445] KMPG
[21:57:09] [87/445] MUTJ
[21:57:10] [88/445] VCCI
[21:57:11] [89/445] URBE
[21:57:12] 🔄 Identity reset
[21:57:12] 🔄 Identity rotated (every 10 requests)
[21:57:12] 🔄 Retry 1/5 for URBE in 2.0s
[21:57:12] 🔄 Identity reset
[21:57:14] 🧠 New identity created
[21:57:14] 🔄 Retry 2/5 for URBE in 4.6s
[21:57:14] 🔄 Identity reset
[21:57:19] 🧠 New identity created
[21:57:19] 🔄 Retry 3/5 for URBE in 8.9s
[21:57:19] 🔄 Identity reset
[21:57:28] 🧠 New identity created
[21:57:28] [90/445] TCTS
[21:57:29] [91/445] STSN
[21:57:30] [92/445] AKCH
[21:57:31] [93/445] APSC
[21:57:32] [94/445] VLTB
[21:57:33] [95/445] SANU
[21:57:34] [96/445] AXAM
[21:57:35] 🔄 Identity reset
[21:57:35] 🔄 Identity rotated (every 10 requests)
[21:57:35] [97/445] MGMG
[21:57:36] [98/445] HTBY
[21:57:37] [99/445] MMZS
[21:57:38] [100/445] SUDR
[21:57:39] [101/445] CCAD
[21:57:39] [102/445] SKKC
[21:57:40] [103/445] RMCD
[21:57:41] [104/445] SBCQ
[21:57:42] [105/445] DCCT
[21:57:43] [106/445] VTKP
[21:57:44] 🔄 Identity reset
[21:57:44] 🔄 Identity rotated (every 10 requests)
[21:57:44] 🔄 Retry 1/5 for VTKP in 2.7s
[21:57:44] 🔄 Identity reset
[21:57:46] 🧠 New identity created
[21:57:47] [107/445] MLAM
[21:57:48] [108/445] SAVT
[21:57:49] [109/445] GEPL
[21:57:49] [110/445] AMCD
[21:57:50] [111/445] CCXR
[21:57:51] [112/445] GRNG
[21:57:53] [113/445] EBCA
[21:57:54] [114/445] CNVG
[21:57:56] [115/445] MWSS
[21:57:56] 🔄 Identity reset
[21:57:56] 🔄 Identity rotated (every 10 requests)
[21:57:57] [116/445] VBOR
[21:57:57] [117/445] NEEB
[21:57:58] [118/445] SUTH
[21:57:59] [119/445] ANDB
[21:58:00] [120/445] MMXS
[21:58:01] [121/445] CNPD
[21:58:02] [122/445] SDCE
[21:58:03] [123/445] DHCB
[21:58:03] [124/445] ODEN
[21:58:04] [125/445] TNTC
[21:58:05] 🔄 Identity reset
[21:58:05] 🔄 Identity rotated (every 10 requests)
[21:58:05] [126/445] VBKM
[21:58:06] [127/445] RZYM
[21:58:08] [128/445] JEMC
[21:58:09] [129/445] CMAU
[21:58:10] [130/445] SIVP
[21:58:11] [131/445] ATAG
[21:58:12] [132/445] CHTM
[21:58:13] [133/445] AAEE
[21:58:13] [134/445] IWPM
[21:58:14] [135/445] KCMW
[21:58:15] 🔄 Identity reset
[21:58:15] 🔄 Identity rotated (every 10 requests)
[21:58:16] [136/445] MCTD
[21:58:18] [137/445] SPWR
[21:58:18] [138/445] SDPO
[21:58:19] [139/445] PCSK
[21:58:20] [140/445] ACHV
[21:58:21] [141/445] SVLA
[21:58:22] [142/445] PICT
[21:58:23] [143/445] BXDR
[21:58:24] [144/445] SPWA
[21:58:25] [145/445] MCKO
[21:58:26] 🔄 Identity reset
[21:58:26] 🔄 Identity rotated (every 10 requests)
[21:58:26] [146/445] RTHK
[21:58:27] [147/445] CCMF
[21:58:29] [148/445] MRGB
[21:58:30] [149/445] CPLC
[21:58:31] [150/445] RACD
[21:58:32] [151/445] ATKT
[21:58:33] [152/445] SARN
[21:58:34] [153/445] KKUI
[21:58:35] [154/445] RGCM
[21:58:36] [155/445] BRVP
[21:58:37] 🔄 Identity reset
[21:58:37] 🔄 Identity rotated (every 10 requests)
[21:58:37] 🔄 Retry 1/5 for BRVP in 2.3s
[21:58:37] 🔄 Identity reset
[21:58:39] 🧠 New identity created
[21:58:40] [156/445] HRSR
[21:58:40] [157/445] GKGM
[21:58:41] [158/445] TTCD
[21:58:42] [159/445] PTTI
[21:58:43] [160/445] MPTT
[21:58:44] [161/445] CVTT
[21:58:45] [162/445] PCXD
[21:58:45] [163/445] GCDC
[21:58:47] [164/445] CCCF
[21:58:47] 🔄 Identity reset
[21:58:47] 🔄 Identity rotated (every 10 requests)
[21:58:48] [165/445] MRAD
[21:58:49] [166/445] CPLK
[21:58:50] [167/445] SATB
[21:58:51] [168/445] SNVG
[21:58:52] [169/445] JMBA
[21:58:53] [170/445] TEJA
[21:58:53] [171/445] STYO
[21:58:55] [172/445] JTBP
[21:58:56] [173/445] KRGD
[21:58:57] [174/445] SLJJ
[21:58:58] 🔄 Identity reset
[21:58:58] 🔄 Identity rotated (every 10 requests)
[21:58:58] [175/445] SPTJ
[21:58:59] [176/445] SWJG
[21:59:00] [177/445] LKRT
[21:59:01] [178/445] KCKA
[21:59:02] [179/445] SNCR
[21:59:03] [180/445] SMKL
[21:59:03] [181/445] GCFA
[21:59:04] [182/445] DDCK
[21:59:05] [183/445] NCHJ
[21:59:06] [184/445] RDMA
[21:59:07] 🔄 Identity reset
[21:59:07] 🔄 Identity rotated (every 10 requests)
[21:59:07] 🔄 Retry 1/5 for RDMA in 2.4s
[21:59:07] 🔄 Identity reset
[21:59:09] 🧠 New identity created
[21:59:10] [185/445] SVSV
[21:59:11] [186/445] SCJG
[21:59:12] [187/445] VKLP
[21:59:13] [188/445] NWCC
[21:59:14] [189/445] VKNS
[21:59:15] [190/445] SDDP
[21:59:16] [191/445] ACSI
[21:59:18] [192/445] SATG
[21:59:19] [193/445] SCMW
[21:59:19] 🔄 Identity reset
[21:59:19] 🔄 Identity rotated (every 10 requests)
[21:59:20] [194/445] LKTK
[21:59:21] [195/445] VCKV
[21:59:22] [196/445] KKPE
[21:59:23] [197/445] KIGH
[21:59:24] [198/445] SRPM
[21:59:26] [199/445] SCAH
[21:59:27] [200/445] MUTA
[21:59:28] [201/445] SEPU
[21:59:28] [202/445] INOA
[21:59:29] [203/445] BASK
[21:59:30] 🔄 Identity reset
[21:59:30] 🔄 Identity rotated (every 10 requests)
[21:59:30] [204/445] NECB
[21:59:32] [205/445] GTTG
[21:59:33] [206/445] ASSA
[21:59:34] [207/445] ANCL
[21:59:35] [208/445] GCTI
[21:59:36] [209/445] RCTS
[21:59:37] [210/445] ACNL
[21:59:38] [211/445] MYCT
[21:59:39] [212/445] NMHT
[21:59:40] [213/445] MDIT
[21:59:40] 🔄 Identity reset
[21:59:40] 🔄 Identity rotated (every 10 requests)
[21:59:41] 🔄 Retry 1/5 for MDIT in 2.3s
[21:59:41] 🔄 Identity reset
[21:59:43] 🧠 New identity created
[21:59:43] [214/445] LATG
[21:59:44] [215/445] SMTY
[21:59:45] [216/445] CVCT
[21:59:46] [217/445] RAMB
[21:59:47] [218/445] TGMS
[21:59:48] [219/445] BHEL
[21:59:49] [220/445] SHCT
[21:59:50] [221/445] SVCT
[21:59:51] [222/445] MRIY
[21:59:51] 🔄 Identity reset
[21:59:51] 🔄 Identity rotated (every 10 requests)
[21:59:51] 🔄 Retry 1/5 for MRIY in 2.6s
[21:59:51] 🔄 Identity reset
[21:59:54] 🧠 New identity created
[21:59:54] 🔄 Retry 2/5 for MRIY in 4.1s
[21:59:54] 🔄 Identity reset
[21:59:58] 🧠 New identity created
[21:59:59] [223/445] SARO
[21:59:59] [224/445] STCT
[22:00:00] [225/445] JKKC
[22:00:01] [226/445] PLTT
[22:00:03] [227/445] SRNT
[22:00:04] [228/445] YAST
[22:00:05] [229/445] PERL
[22:00:06] [230/445] CICM
[22:00:07] 🔄 Identity reset
[22:00:07] 🔄 Identity rotated (every 10 requests)
[22:00:08] [231/445] MMTR
[22:00:09] [232/445] ABTK
[22:00:10] [233/445] ATYY
[22:00:10] [234/445] ASTK
[22:00:12] [235/445] VVCK
[22:00:12] [236/445] ATKY
[22:00:13] [237/445] GWEK
[22:00:14] [238/445] SVFH
[22:00:15] [239/445] SLTA
[22:00:16] [240/445] AASH
[22:00:17] 🔄 Identity reset
[22:00:17] 🔄 Identity rotated (every 10 requests)
[22:00:17] [241/445] ACXB
[22:00:18] [242/445] SMTX
[22:00:19] [243/445] AZDH
[22:00:21] [244/445] CMMH
[22:00:21] [245/445] SCSZ
[22:00:22] [246/445] SCKP
[22:00:23] [247/445] NXTM
[22:00:24] [248/445] NWCS
[22:00:25] [249/445] CXMH
[22:00:26] [250/445] PCMA
[22:00:27] 🔄 Identity reset
[22:00:27] 🔄 Identity rotated (every 10 requests)
[22:00:27] [251/445] SGCM
[22:00:28] [252/445] SDTU
[22:00:29] [253/445] MMVI
[22:00:30] [254/445] JKCM
[22:00:31] [255/445] VCMM
[22:00:32] [256/445] SYEE
[22:00:33] [257/445] VASD
[22:00:34] [258/445] BDRB
[22:00:35] [259/445] LASM
[22:00:36] [260/445] DCRL
[22:00:36] 🔄 Identity reset
[22:00:36] 🔄 Identity rotated (every 10 requests)
[22:00:37] [261/445] DVPM
[22:00:38] [262/445] SBMJ
[22:00:39] [263/445] CBMU
[22:00:40] [264/445] IUBS
[22:00:41] [265/445] INAP
[22:00:43] [266/445] SRRC
[22:00:43] [267/445] SAGR
[22:00:44] [268/445] CPMJ
[22:00:45] [269/445] ATJL
[22:00:46] [270/445] NNTD
[22:00:47] 🔄 Identity reset
[22:00:47] 🔄 Identity rotated (every 10 requests)
[22:00:48] [271/445] JHCJ
[22:00:49] [272/445] CMMP
[22:00:50] [273/445] RSDR
[22:00:51] [274/445] AMTI
[22:00:52] [275/445] NYSG
[22:00:53] [276/445] AVSG
[22:00:54] [277/445] SYTP
[22:00:54] [278/445] LARC
[22:00:55] [279/445] RJTP
[22:00:56] [280/445] LAKC
[22:00:57] 🔄 Identity reset
[22:00:57] 🔄 Identity rotated (every 10 requests)
[22:00:57] [281/445] MCXE
[22:00:58] [282/445] CCZC
[22:00:59] [283/445] AVCH
[22:01:00] [284/445] CMBE
[22:01:00] [285/445] MRRC
[22:01:01] [286/445] PCPY
[22:01:02] [287/445] SRMH
[22:01:03] [288/445] SVGS
[22:01:05] [289/445] PCSE
[22:01:06] [290/445] SVFT
[22:01:06] 🔄 Identity reset
[22:01:07] 🔄 Identity rotated (every 10 requests)
[22:01:07] [291/445] TNZP
[22:01:08] [292/445] ICTP
[22:01:09] [293/445] ACTZ
[22:01:10] [294/445] GTUR
[22:01:11] [295/445] MAFC
[22:01:12] [296/445] MINL
[22:01:13] [297/445] MRCL
[22:01:14] [298/445] RCRP
[22:01:15] [299/445] RFFG
[22:01:16] [300/445] RMAS
[22:01:16] 🔄 Identity reset
[22:01:16] 🔄 Identity rotated (every 10 requests)
[22:01:17] [301/445] INVR
[22:01:18] [302/445] RMAR
[22:01:19] [303/445] CNIS
[22:01:20] [304/445] RHRJ
[22:01:21] [305/445] INXR
[22:01:22] [306/445] VALT
[22:01:23] [307/445] LCSH
[22:01:24] [308/445] CMVS
[22:01:25] [309/445] CNMS
[22:01:26] [310/445] ROOG
[22:01:26] 🔄 Identity reset
[22:01:26] 🔄 Identity rotated (every 10 requests)
[22:01:27] [311/445] ISRM
[22:01:28] [312/445] RCRM
[22:01:29] [313/445] ACJA
[22:01:30] [314/445] RCVS
[22:01:31] [315/445] CPUS
[22:01:32] [316/445] TGCS
[22:01:33] [317/445] RKCJ
[22:01:34] [318/445] MKSB
[22:01:35] [319/445] TCSJ
[22:01:36] [320/445] RMGP
[22:01:36] 🔄 Identity reset
[22:01:36] 🔄 Identity rotated (every 10 requests)
[22:01:36] [321/445] CLLP
[22:01:37] [322/445] RCMV
[22:01:38] [323/445] CCKS
[22:01:39] [324/445] RSRP
[22:01:40] [325/445] APLP
[22:01:41] [326/445] CNVS
[22:01:41] [327/445] RMVY
[22:01:42] [328/445] PGBD
[22:01:43] [329/445] KLMS
[22:01:44] [330/445] RUST
[22:01:45] 🔄 Identity reset
[22:01:45] 🔄 Identity rotated (every 10 requests)
[22:01:45] [331/445] MASM
[22:01:46] [332/445] BACS
[22:01:47] [333/445] BWST
[22:01:48] [334/445] RRFH
[22:01:49] [335/445] SJTM
[22:01:50] [336/445] BEMR
[22:01:51] [337/445] MCGR
[22:01:52] [338/445] SDSK
[22:01:53] [339/445] VBOL
[22:01:54] [340/445] RMGM
[22:01:54] 🔄 Identity reset
[22:01:54] 🔄 Identity rotated (every 10 requests)
[22:01:55] [341/445] NOPL
[22:01:56] [342/445] MKJK
[22:01:57] [343/445] CVRN
[22:01:57] [344/445] MMEN
[22:01:58] [345/445] AMNG
[22:01:59] [346/445] INTM
[22:02:00] [347/445] SLCZ
[22:02:01] [348/445] AMJN
[22:02:02] [349/445] ACJN
[22:02:03] [350/445] AMKN
[22:02:03] 🔄 Identity reset
[22:02:03] 🔄 Identity rotated (every 10 requests)
[22:02:04] [351/445] BTCN
[22:02:05] [352/445] AMBT
[22:02:06] [353/445] PACN
[22:02:07] [354/445] LCNS
[22:02:08] [355/445] PPKC
[22:02:09] [356/445] JYYN
[22:02:10] [357/445] JTNR
[22:02:11] [358/445] GTEE
[22:02:12] [359/445] SRNM
[22:02:13] [360/445] SDTC
[22:02:13] 🔄 Identity reset
[22:02:13] 🔄 Identity rotated (every 10 requests)
[22:02:14] [361/445] VPCA
[22:02:15] [362/445] VLRA
[22:02:16] [363/445] SHKR
[22:02:17] [364/445] SBKD
[22:02:18] [365/445] SAAD
[22:02:19] [366/445] JTGN
[22:02:20] [367/445] SLAM
[22:02:21] [368/445] VTPM
[22:02:22] [369/445] ANPT
[22:02:22] [370/445] PUNB
[22:02:23] 🔄 Identity reset
[22:02:23] 🔄 Identity rotated (every 10 requests)
[22:02:24] [371/445] CPKT
[22:02:25] [372/445] CNWE
[22:02:25] [373/445] ECPP
[22:02:26] [374/445] CPAR
[22:02:28] [375/445] ESBW
[22:02:29] [376/445] PKPU
[22:02:30] [377/445] CPRP
[22:02:30] [378/445] RAHU
[22:02:31] [379/445] RHMN
[22:02:32] [380/445] FMJP
[22:02:33] 🔄 Identity reset
[22:02:33] 🔄 Identity rotated (every 10 requests)
[22:02:34] [381/445] CTMP
[22:02:34] [382/445] INPN
[22:02:35] [383/445] STTG
[22:02:36] [384/445] CTRD
[22:02:37] [385/445] PUVB
[22:02:38] [386/445] ESVP
[22:02:39] [387/445] CPFT
[22:02:40] [388/445] LCPC
[22:02:41] [389/445] VBCT
[22:02:42] [390/445] FSCW
[22:02:43] 🔄 Identity reset
[22:02:43] 🔄 Identity rotated (every 10 requests)
[22:02:43] [391/445] VCMP
[22:02:44] [392/445] ASHC
[22:02:45] [393/445] VLCX
[22:02:46] [394/445] SHEV
[22:02:47] [395/445] APCO
[22:02:48] [396/445] SILC
[22:02:49] [397/445] SNMR
[22:02:50] [398/445] KYBO
[22:02:51] [399/445] SATK
[22:02:51] [400/445] SSCS
[22:02:52] 🔄 Identity reset
[22:02:52] 🔄 Identity rotated (every 10 requests)
[22:02:52] [401/445] CLSB
[22:02:53] [402/445] KMJR
[22:02:54] [403/445] FSCK
[22:02:55] [404/445] NNKA
[22:02:56] [405/445] CLMK
[22:02:57] [406/445] DMPZ
[22:02:59] [407/445] INQM
[22:03:00] [408/445] CAML
[22:03:01] [409/445] INRK
[22:03:02] [410/445] IMKN
[22:03:03] 🔄 Identity reset
[22:03:03] 🔄 Identity rotated (every 10 requests)
[22:03:03] [411/445] SVNR
[22:03:04] [412/445] INSL
[22:03:05] [413/445] MSMA
[22:03:06] [414/445] MCKK
[22:03:07] [415/445] FCHP
[22:03:08] [416/445] SFCR
[22:03:09] [417/445] NACK
[22:03:10] [418/445] PVAK
[22:03:11] [419/445] INER
[22:03:12] [420/445] RDBK
[22:03:12] 🔄 Identity reset
[22:03:12] 🔄 Identity rotated (every 10 requests)
[22:03:13] [421/445] SVFN
[22:03:13] [422/445] IFRM
[22:03:14] [423/445] ATCK
[22:03:15] [424/445] ASKO
[22:03:16] [425/445] STKT
[22:03:17] [426/445] SVFB
[22:03:18] [427/445] INKS
[22:03:19] [428/445] PCRA
[22:03:20] [429/445] ATJA
[22:03:21] [430/445] IMJN
[22:03:21] 🔄 Identity reset
[22:03:21] 🔄 Identity rotated (every 10 requests)
[22:03:22] [431/445] INHD
[22:03:23] [432/445] BARA
[22:03:24] [433/445] MCSL
[22:03:25] [434/445] RTOY
[22:03:26] [435/445] MENO
[22:03:27] [436/445] PUDM
[22:03:27] [437/445] PRCN
[22:03:28] [438/445] JMJR
[22:03:29] [439/445] SSGK
[22:03:30] [440/445] SSRL
[22:03:31] 🔄 Identity reset
[22:03:31] 🔄 Identity rotated (every 10 requests)
[22:03:32] [441/445] JYKL
[22:03:33] [442/445] ACNB
[22:03:33] [443/445] SONP
[22:03:34] [444/445] EMCI
[22:03:35] [445/445] MRJH
[22:03:36] 🧹 Deduping shows
[22:03:36] ✅ DONE | Shows=1591 | Movies=60
[10:21:39] 🚀 SCRIPT STARTED
[10:21:39] [1/445] TGMR
[10:21:39] 🧠 New identity created
[10:21:41] [2/445] CXKR
[10:21:42] [3/445] SROP
[10:21:43] [4/445] GTSV
[10:21:43] [5/445] SNTY
[10:21:44] [6/445] SMYY
[10:21:45] [7/445] CNCS
[10:21:46] [8/445] CSTM
[10:21:47] [9/445] NUCD
[10:21:48] [10/445] SHCZ
[10:21:48] 🔄 Identity reset
[10:21:48] 🔄 Identity rotated (every 10 requests)
[10:21:49] [11/445] NJCT
[10:21:50] [12/445] COPC
[10:21:51] [13/445] STVV
[10:21:52] [14/445] SKRN
[10:21:53] [15/445] APPZ
[10:21:54] [16/445] YMGN
[10:21:55] [17/445] SVTU
[10:21:56] [18/445] GTAD
[10:21:57] [19/445] PSUS
[10:21:58] [20/445] SMCD
[10:21:58] 🔄 Identity reset
[10:21:58] 🔄 Identity rotated (every 10 requests)
[10:21:59] [21/445] CMCM
[10:22:00] [22/445] SYCT
[10:22:01] [23/445] STLY
[10:22:02] [24/445] CMHU
[10:22:02] [25/445] CMSA
[10:22:03] [26/445] CLCU
[10:22:04] [27/445] PPNT
[10:22:05] [28/445] JTAB
[10:22:06] [29/445] BUUC
[10:22:07] [30/445] BSVK
[10:22:07] 🔄 Identity reset
[10:22:07] 🔄 Identity rotated (every 10 requests)
[10:22:08] [31/445] VVVQ
[10:22:09] [32/445] TKMU
[10:22:10] [33/445] ESYL
[10:22:11] [34/445] ACHP
[10:22:12] [35/445] BTKD
[10:22:14] [36/445] DESA
[10:22:15] [37/445] GBCT
[10:22:16] [38/445] BLLD
[10:22:18] [39/445] SKNT
[10:22:19] [40/445] SSTE
[10:22:19] 🔄 Identity reset
[10:22:19] 🔄 Identity rotated (every 10 requests)
[10:22:20] [41/445] VJMR
[10:22:21] [42/445] NTPU
[10:22:23] [43/445] RDKN
[10:22:24] [44/445] ADGC
[10:22:25] [45/445] VRBP
[10:22:26] [46/445] NMNA
[10:22:27] [47/445] CMMX
[10:22:28] [48/445] PTKO
[10:22:29] [49/445] RBML
[10:22:30] [50/445] SAIC
[10:22:30] 🔄 Identity reset
[10:22:30] 🔄 Identity rotated (every 10 requests)
[10:22:32] [51/445] SVTJ
[10:22:33] [52/445] MRTE
[10:22:34] [53/445] RBTP
[10:22:35] [54/445] NLPS
[10:22:36] [55/445] GTNA
[10:22:37] [56/445] DGGC
[10:22:39] [57/445] SMCR
[10:22:40] [58/445] SCGD
[10:22:41] [59/445] SRRJ
[10:22:41] [60/445] CNRY
[10:22:41] 🔄 Identity reset
[10:22:41] 🔄 Identity rotated (every 10 requests)
[10:22:42] [61/445] KTDI
[10:22:43] [62/445] SNJL
[10:22:44] [63/445] RKMD
[10:22:45] [64/445] SMDC
[10:22:47] [65/445] TADG
[10:22:48] [66/445] MCGS
[10:22:49] [67/445] PETK
[10:22:50] [68/445] CHAG
[10:22:51] [69/445] KSTL
[10:22:52] [70/445] AADS
[10:22:52] 🔄 Identity reset
[10:22:52] 🔄 Identity rotated (every 10 requests)
[10:22:53] [71/445] NTHZ
[10:22:54] [72/445] HCKI
[10:22:54] [73/445] SSEF
[10:22:55] [74/445] MCGX
[10:22:56] [75/445] ERRA
[10:22:57] [76/445] SDTW
[10:22:58] [77/445] RMPK
[10:22:59] [78/445] PTHK
[10:23:00] [79/445] PXCS
[10:23:01] [80/445] SVLU
[10:23:01] 🔄 Identity reset
[10:23:01] 🔄 Identity rotated (every 10 requests)
[10:23:02] [81/445] STAH
[10:23:03] [82/445] JRGF
[10:23:03] [83/445] CDOK
[10:23:04] [84/445] CMSG
[10:23:05] [85/445] APTD
[10:23:06] [86/445] KMPG
[10:23:07] [87/445] MUTJ
[10:23:08] [88/445] VCCI
[10:23:09] [89/445] URBE
[10:23:10] [90/445] TCTS
[10:23:10] 🔄 Identity reset
[10:23:10] 🔄 Identity rotated (every 10 requests)
[10:23:11] [91/445] STSN
[10:23:12] [92/445] AKCH
[10:23:13] [93/445] APSC
[10:23:14] [94/445] VLTB
[10:23:15] [95/445] SANU
[10:23:16] [96/445] AXAM
[10:23:16] [97/445] MGMG
[10:23:17] [98/445] HTBY
[10:23:18] [99/445] MMZS
[10:23:19] [100/445] SUDR
[10:23:19] 🔄 Identity reset
[10:23:19] 🔄 Identity rotated (every 10 requests)
[10:23:20] [101/445] CCAD
[10:23:21] [102/445] SKKC
[10:23:22] [103/445] RMCD
[10:23:23] [104/445] SBCQ
[10:23:24] [105/445] DCCT
[10:23:25] [106/445] VTKP
[10:23:26] [107/445] MLAM
[10:23:27] [108/445] SAVT
[10:23:27] [109/445] GEPL
[10:23:28] [110/445] AMCD
[10:23:28] 🔄 Identity reset
[10:23:28] 🔄 Identity rotated (every 10 requests)
[10:23:28] 🔄 Retry 1/5 for AMCD in 2.1s
[10:23:28] 🔄 Identity reset
[10:23:30] 🧠 New identity created
[10:23:31] [111/445] CCXR
[10:23:33] [112/445] GRNG
[10:23:33] [113/445] EBCA
[10:23:34] [114/445] CNVG
[10:23:35] [115/445] MWSS
[10:23:36] [116/445] VBOR
[10:23:37] [117/445] NEEB
[10:23:39] [118/445] SUTH
[10:23:40] [119/445] ANDB
[10:23:40] 🔄 Identity reset
[10:23:40] 🔄 Identity rotated (every 10 requests)
[10:23:41] [120/445] MMXS
[10:23:42] [121/445] CNPD
[10:23:43] [122/445] SDCE
[10:23:45] [123/445] DHCB
[10:23:46] [124/445] ODEN
[10:23:47] [125/445] TNTC
[10:23:49] [126/445] VBKM
[10:23:50] [127/445] RZYM
[10:23:51] [128/445] JEMC
[10:23:52] [129/445] CMAU
[10:23:52] 🔄 Identity reset
[10:23:52] 🔄 Identity rotated (every 10 requests)
[10:23:53] [130/445] SIVP
[10:23:53] [131/445] ATAG
[10:23:55] [132/445] CHTM
[10:23:56] [133/445] AAEE
[10:23:58] [134/445] IWPM
[10:23:59] [135/445] KCMW
[10:24:01] [136/445] MCTD
[10:24:02] [137/445] SPWR
[10:24:03] [138/445] SDPO
[10:24:03] [139/445] PCSK
[10:24:03] 🔄 Identity reset
[10:24:03] 🔄 Identity rotated (every 10 requests)
[10:24:04] [140/445] ACHV
[10:24:05] [141/445] SVLA
[10:24:06] [142/445] PICT
[10:24:08] [143/445] BXDR
[10:24:09] [144/445] SPWA
[10:24:10] [145/445] MCKO
[10:24:11] [146/445] RTHK
[10:24:11] [147/445] CCMF
[10:24:12] [148/445] MRGB
[10:24:13] [149/445] CPLC
[10:24:13] 🔄 Identity reset
[10:24:13] 🔄 Identity rotated (every 10 requests)
[10:24:14] [150/445] RACD
[10:24:15] [151/445] ATKT
[10:24:16] [152/445] SARN
[10:24:17] [153/445] KKUI
[10:24:18] [154/445] RGCM
[10:24:20] [155/445] BRVP
[10:24:20] [156/445] HRSR
[10:24:21] [157/445] GKGM
[10:24:22] [158/445] TTCD
[10:24:23] [159/445] PTTI
[10:24:23] 🔄 Identity reset
[10:24:23] 🔄 Identity rotated (every 10 requests)
[10:24:24] [160/445] MPTT
[10:24:25] [161/445] CVTT
[10:24:26] [162/445] PCXD
[10:24:27] [163/445] GCDC
[10:24:28] [164/445] CCCF
[10:24:29] [165/445] MRAD
[10:24:30] [166/445] CPLK
[10:24:31] [167/445] SATB
[10:24:32] [168/445] SNVG
[10:24:33] [169/445] JMBA
[10:24:33] 🔄 Identity reset
[10:24:33] 🔄 Identity rotated (every 10 requests)
[10:24:34] [170/445] TEJA
[10:24:35] [171/445] STYO
[10:24:36] [172/445] JTBP
[10:24:37] [173/445] KRGD
[10:24:38] [174/445] SLJJ
[10:24:39] [175/445] SPTJ
[10:24:40] [176/445] SWJG
[10:24:41] [177/445] LKRT
[10:24:42] [178/445] KCKA
[10:24:43] [179/445] SNCR
[10:24:43] 🔄 Identity reset
[10:24:43] 🔄 Identity rotated (every 10 requests)
[10:24:44] [180/445] SMKL
[10:24:45] [181/445] GCFA
[10:24:46] [182/445] DDCK
[10:24:47] [183/445] NCHJ
[10:24:48] [184/445] RDMA
[10:24:49] [185/445] SVSV
[10:24:49] [186/445] SCJG
[10:24:50] [187/445] VKLP
[10:24:52] [188/445] NWCC
[10:24:53] [189/445] VKNS
[10:24:53] 🔄 Identity reset
[10:24:53] 🔄 Identity rotated (every 10 requests)
[10:24:55] [190/445] SDDP
[10:24:56] [191/445] ACSI
[10:24:58] [192/445] SATG
[10:24:59] [193/445] SCMW
[10:25:01] [194/445] LKTK
[10:25:01] [195/445] VCKV
[10:25:02] [196/445] KKPE
[10:25:03] [197/445] KIGH
[10:25:04] [198/445] SRPM
[10:25:05] [199/445] SCAH
[10:25:05] 🔄 Identity reset
[10:25:05] 🔄 Identity rotated (every 10 requests)
[10:25:06] [200/445] MUTA
[10:25:07] [201/445] SEPU
[10:25:08] [202/445] INOA
[10:25:10] [203/445] BASK
[10:25:10] [204/445] NECB
[10:25:11] [205/445] GTTG
[10:25:12] [206/445] ASSA
[10:25:13] [207/445] ANCL
[10:25:14] [208/445] GCTI
[10:25:15] [209/445] RCTS
[10:25:15] 🔄 Identity reset
[10:25:15] 🔄 Identity rotated (every 10 requests)
[10:25:16] [210/445] ACNL
[10:25:17] [211/445] MYCT
[10:25:18] [212/445] NMHT
[10:25:19] [213/445] MDIT
[10:25:19] [214/445] LATG
[10:25:20] [215/445] SMTY
[10:25:21] [216/445] CVCT
[10:25:22] [217/445] RAMB
[10:25:23] [218/445] TGMS
[10:25:25] [219/445] BHEL
[10:25:25] 🔄 Identity reset
[10:25:25] 🔄 Identity rotated (every 10 requests)
[10:25:26] [220/445] SHCT
[10:25:27] [221/445] SVCT
[10:25:28] [222/445] MRIY
[10:25:29] [223/445] SARO
[10:25:30] [224/445] STCT
[10:25:31] [225/445] JKKC
[10:25:32] [226/445] PLTT
[10:25:33] [227/445] SRNT
[10:25:34] [228/445] YAST
[10:25:35] [229/445] PERL
[10:25:35] 🔄 Identity reset
[10:25:35] 🔄 Identity rotated (every 10 requests)
[10:25:36] [230/445] CICM
[10:25:36] [231/445] MMTR
[10:25:37] [232/445] ABTK
[10:25:38] [233/445] ATYY
[10:25:40] [234/445] ASTK
[10:25:41] [235/445] VVCK
[10:25:42] [236/445] ATKY
[10:25:43] [237/445] GWEK
[10:25:45] [238/445] SVFH
[10:25:46] [239/445] SLTA
[10:25:46] 🔄 Identity reset
[10:25:46] 🔄 Identity rotated (every 10 requests)
[10:25:47] [240/445] AASH
[10:25:48] [241/445] ACXB
[10:25:49] [242/445] SMTX
[10:25:50] [243/445] AZDH
[10:25:51] [244/445] CMMH
[10:25:52] [245/445] SCSZ
[10:25:52] [246/445] SCKP
[10:25:53] [247/445] NXTM
[10:25:54] [248/445] NWCS
[10:25:55] [249/445] CXMH
[10:25:55] 🔄 Identity reset
[10:25:55] 🔄 Identity rotated (every 10 requests)
[10:25:55] 🔄 Retry 1/5 for CXMH in 2.7s
[10:25:55] 🔄 Identity reset
[10:25:58] 🧠 New identity created
[10:25:59] [250/445] PCMA
[10:26:00] [251/445] SGCM
[10:26:01] [252/445] SDTU
[10:26:01] [253/445] MMVI
[10:26:02] [254/445] JKCM
[10:26:03] [255/445] VCMM
[10:26:04] [256/445] SYEE
[10:26:05] [257/445] VASD
[10:26:07] [258/445] BDRB
[10:26:07] 🔄 Identity reset
[10:26:07] 🔄 Identity rotated (every 10 requests)
[10:26:08] [259/445] LASM
[10:26:09] [260/445] DCRL
[10:26:10] [261/445] DVPM
[10:26:10] [262/445] SBMJ
[10:26:11] [263/445] CBMU
[10:26:12] [264/445] IUBS
[10:26:13] [265/445] INAP
[10:26:14] [266/445] SRRC
[10:26:15] [267/445] SAGR
[10:26:16] [268/445] CPMJ
[10:26:16] 🔄 Identity reset
[10:26:16] 🔄 Identity rotated (every 10 requests)
[10:26:17] [269/445] ATJL
[10:26:18] [270/445] NNTD
[10:26:19] [271/445] JHCJ
[10:26:21] [272/445] CMMP
[10:26:22] [273/445] RSDR
[10:26:22] [274/445] AMTI
[10:26:23] [275/445] NYSG
[10:26:24] [276/445] AVSG
[10:26:25] [277/445] SYTP
[10:26:26] [278/445] LARC
[10:26:26] 🔄 Identity reset
[10:26:26] 🔄 Identity rotated (every 10 requests)
[10:26:27] [279/445] RJTP
[10:26:28] [280/445] LAKC
[10:26:29] [281/445] MCXE
[10:26:30] [282/445] CCZC
[10:26:31] [283/445] AVCH
[10:26:31] [284/445] CMBE
[10:26:32] [285/445] MRRC
[10:26:34] [286/445] PCPY
[10:26:35] [287/445] SRMH
[10:26:36] [288/445] SVGS
[10:26:36] 🔄 Identity reset
[10:26:36] 🔄 Identity rotated (every 10 requests)
[10:26:38] [289/445] PCSE
[10:26:39] [290/445] SVFT
[10:26:40] [291/445] TNZP
[10:26:41] [292/445] ICTP
[10:26:42] [293/445] ACTZ
[10:26:43] [294/445] GTUR
[10:26:44] [295/445] MAFC
[10:26:45] [296/445] MINL
[10:26:46] [297/445] MRCL
[10:26:47] [298/445] RCRP
[10:26:47] 🔄 Identity reset
[10:26:47] 🔄 Identity rotated (every 10 requests)
[10:26:49] [299/445] RFFG
[10:26:50] [300/445] RMAS
[10:26:51] [301/445] INVR
[10:26:53] [302/445] RMAR
[10:26:53] [303/445] CNIS
[10:26:54] [304/445] RHRJ
[10:26:55] [305/445] INXR
[10:26:56] [306/445] VALT
[10:26:57] [307/445] LCSH
[10:26:58] [308/445] CMVS
[10:26:58] 🔄 Identity reset
[10:26:58] 🔄 Identity rotated (every 10 requests)
[10:26:59] [309/445] CNMS
[10:27:00] [310/445] ROOG
[10:27:02] [311/445] ISRM
[10:27:03] [312/445] RCRM
[10:27:03] [313/445] ACJA
[10:27:04] [314/445] RCVS
[10:27:06] [315/445] CPUS
[10:27:07] [316/445] TGCS
[10:27:08] [317/445] RKCJ
[10:27:09] [318/445] MKSB
[10:27:09] 🔄 Identity reset
[10:27:09] 🔄 Identity rotated (every 10 requests)
[10:27:10] [319/445] TCSJ
[10:27:10] [320/445] RMGP
[10:27:11] [321/445] CLLP
[10:27:12] [322/445] RCMV
[10:27:14] [323/445] CCKS
[10:27:15] [324/445] RSRP
[10:27:16] [325/445] APLP
[10:27:17] [326/445] CNVS
[10:27:18] [327/445] RMVY
[10:27:19] [328/445] PGBD
[10:27:19] 🔄 Identity reset
[10:27:19] 🔄 Identity rotated (every 10 requests)
[10:27:19] [329/445] KLMS
[10:27:20] [330/445] RUST
[10:27:21] [331/445] MASM
[10:27:22] [332/445] BACS
[10:27:23] [333/445] BWST
[10:27:24] [334/445] RRFH
[10:27:25] [335/445] SJTM
[10:27:26] [336/445] BEMR
[10:27:27] [337/445] MCGR
[10:27:28] [338/445] SDSK
[10:27:28] 🔄 Identity reset
[10:27:28] 🔄 Identity rotated (every 10 requests)
[10:27:29] [339/445] VBOL
[10:27:30] [340/445] RMGM
[10:27:31] [341/445] NOPL
[10:27:31] [342/445] MKJK
[10:27:33] [343/445] CVRN
[10:27:33] [344/445] MMEN
[10:27:35] [345/445] AMNG
[10:27:37] [346/445] INTM
[10:27:38] [347/445] SLCZ
[10:27:38] [348/445] AMJN
[10:27:38] 🔄 Identity reset
[10:27:38] 🔄 Identity rotated (every 10 requests)
[10:27:40] [349/445] ACJN
[10:27:41] [350/445] AMKN
[10:27:42] [351/445] BTCN
[10:27:43] [352/445] AMBT
[10:27:44] [353/445] PACN
[10:27:46] [354/445] LCNS
[10:27:47] [355/445] PPKC
[10:27:48] [356/445] JYYN
[10:27:49] [357/445] JTNR
[10:27:50] [358/445] GTEE
[10:27:50] 🔄 Identity reset
[10:27:50] 🔄 Identity rotated (every 10 requests)
[10:27:50] [359/445] SRNM
[10:27:51] [360/445] SDTC
[10:27:52] [361/445] VPCA
[10:27:53] [362/445] VLRA
[10:27:54] [363/445] SHKR
[10:27:55] [364/445] SBKD
[10:27:56] [365/445] SAAD
[10:27:57] [366/445] JTGN
[10:27:59] [367/445] SLAM
[10:28:00] [368/445] VTPM
[10:28:00] 🔄 Identity reset
[10:28:00] 🔄 Identity rotated (every 10 requests)
[10:28:01] [369/445] ANPT
[10:28:02] [370/445] PUNB
[10:28:04] [371/445] CPKT
[10:28:05] [372/445] CNWE
[10:28:05] [373/445] ECPP
[10:28:06] [374/445] CPAR
[10:28:07] [375/445] ESBW
[10:28:08] [376/445] PKPU
[10:28:09] [377/445] CPRP
[10:28:10] [378/445] RAHU
[10:28:10] 🔄 Identity reset
[10:28:10] 🔄 Identity rotated (every 10 requests)
[10:28:11] [379/445] RHMN
[10:28:11] [380/445] FMJP
[10:28:12] [381/445] CTMP
[10:28:14] [382/445] INPN
[10:28:15] [383/445] STTG
[10:28:17] [384/445] CTRD
[10:28:18] [385/445] PUVB
[10:28:19] [386/445] ESVP
[10:28:20] [387/445] CPFT
[10:28:20] [388/445] LCPC
[10:28:20] 🔄 Identity reset
[10:28:20] 🔄 Identity rotated (every 10 requests)
[10:28:21] [389/445] VBCT
[10:28:22] [390/445] FSCW
[10:28:23] [391/445] VCMP
[10:28:24] [392/445] ASHC
[10:28:25] [393/445] VLCX
[10:28:26] [394/445] SHEV
[10:28:27] [395/445] APCO
[10:28:28] [396/445] SILC
[10:28:29] [397/445] SNMR
[10:28:30] [398/445] KYBO
[10:28:30] 🔄 Identity reset
[10:28:30] 🔄 Identity rotated (every 10 requests)
[10:28:31] [399/445] SATK
[10:28:32] [400/445] SSCS
[10:28:33] [401/445] CLSB
[10:28:34] [402/445] KMJR
[10:28:35] [403/445] FSCK
[10:28:36] [404/445] NNKA
[10:28:37] [405/445] CLMK
[10:28:38] [406/445] DMPZ
[10:28:39] [407/445] INQM
[10:28:40] [408/445] CAML
[10:28:40] 🔄 Identity reset
[10:28:40] 🔄 Identity rotated (every 10 requests)
[10:28:41] [409/445] INRK
[10:28:42] [410/445] IMKN
[10:28:43] [411/445] SVNR
[10:28:44] [412/445] INSL
[10:28:45] [413/445] MSMA
[10:28:46] [414/445] MCKK
[10:28:47] [415/445] FCHP
[10:28:48] [416/445] SFCR
[10:28:49] [417/445] NACK
[10:28:50] [418/445] PVAK
[10:28:50] 🔄 Identity reset
[10:28:50] 🔄 Identity rotated (every 10 requests)
[10:28:51] [419/445] INER
[10:28:52] [420/445] RDBK
[10:28:52] [421/445] SVFN
[10:28:53] [422/445] IFRM
[10:28:54] [423/445] ATCK
[10:28:55] [424/445] ASKO
[10:28:57] [425/445] STKT
[10:28:58] [426/445] SVFB
[10:28:59] [427/445] INKS
[10:28:59] [428/445] PCRA
[10:28:59] 🔄 Identity reset
[10:28:59] 🔄 Identity rotated (every 10 requests)
[10:29:00] [429/445] ATJA
[10:29:02] [430/445] IMJN
[10:29:03] [431/445] INHD
[10:29:04] [432/445] BARA
[10:29:06] [433/445] MCSL
[10:29:07] [434/445] RTOY
[10:29:08] [435/445] MENO
[10:29:09] [436/445] PUDM
[10:29:11] [437/445] PRCN
[10:29:11] [438/445] JMJR
[10:29:11] 🔄 Identity reset
[10:29:11] 🔄 Identity rotated (every 10 requests)
[10:29:12] [439/445] SSGK
[10:29:13] [440/445] SSRL
[10:29:14] [441/445] JYKL
[10:29:15] [442/445] ACNB
[10:29:17] [443/445] SONP
[10:29:18] [444/445] EMCI
[10:29:19] [445/445] MRJH
[10:29:20] 🧹 Deduping shows
[10:29:20] ✅ DONE | Shows=3443 | Movies=74
[16:21:32] 🚀 SCRIPT STARTED
[16:21:32] [1/445] TGMR
[16:21:32] 🧠 New identity created
[16:21:34] [2/445] CXKR
[16:21:35] [3/445] SROP
[16:21:36] [4/445] GTSV
[16:21:37] [5/445] SNTY
[16:21:38] [6/445] SMYY
[16:21:39] [7/445] CNCS
[16:21:40] [8/445] CSTM
[16:21:41] [9/445] NUCD
[16:21:42] [10/445] SHCZ
[16:21:42] 🔄 Identity reset
[16:21:42] 🔄 Identity rotated (every 10 requests)
[16:21:42] [11/445] NJCT
[16:21:43] [12/445] COPC
[16:21:45] [13/445] STVV
[16:21:46] [14/445] SKRN
[16:21:47] [15/445] APPZ
[16:21:48] [16/445] YMGN
[16:21:49] [17/445] SVTU
[16:21:50] [18/445] GTAD
[16:21:51] [19/445] PSUS
[16:21:51] [20/445] SMCD
[16:21:51] 🔄 Identity reset
[16:21:51] 🔄 Identity rotated (every 10 requests)
[16:21:53] [21/445] CMCM
[16:21:53] [22/445] SYCT
[16:21:54] [23/445] STLY
[16:21:55] [24/445] CMHU
[16:21:57] [25/445] CMSA
[16:21:58] [26/445] CLCU
[16:21:59] [27/445] PPNT
[16:22:00] [28/445] JTAB
[16:22:01] [29/445] BUUC
[16:22:01] [30/445] BSVK
[16:22:01] 🔄 Identity reset
[16:22:01] 🔄 Identity rotated (every 10 requests)
[16:22:02] [31/445] VVVQ
[16:22:03] [32/445] TKMU
[16:22:05] [33/445] ESYL
[16:22:06] [34/445] ACHP
[16:22:07] [35/445] BTKD
[16:22:08] [36/445] DESA
[16:22:09] [37/445] GBCT
[16:22:10] [38/445] BLLD
[16:22:11] [39/445] SKNT
[16:22:12] [40/445] SSTE
[16:22:12] 🔄 Identity reset
[16:22:12] 🔄 Identity rotated (every 10 requests)
[16:22:13] [41/445] VJMR
[16:22:13] [42/445] NTPU
[16:22:14] [43/445] RDKN
[16:22:15] [44/445] ADGC
[16:22:16] [45/445] VRBP
[16:22:17] [46/445] NMNA
[16:22:18] [47/445] CMMX
[16:22:19] [48/445] PTKO
[16:22:20] [49/445] RBML
[16:22:21] [50/445] SAIC
[16:22:21] 🔄 Identity reset
[16:22:21] 🔄 Identity rotated (every 10 requests)
[16:22:22] [51/445] SVTJ
[16:22:23] [52/445] MRTE
[16:22:24] [53/445] RBTP
[16:22:25] [54/445] NLPS
[16:22:27] [55/445] GTNA
[16:22:28] [56/445] DGGC
[16:22:29] [57/445] SMCR
[16:22:30] [58/445] SCGD
[16:22:32] [59/445] SRRJ
[16:22:33] [60/445] CNRY
[16:22:33] 🔄 Identity reset
[16:22:33] 🔄 Identity rotated (every 10 requests)
[16:22:35] [61/445] KTDI
[16:22:36] [62/445] SNJL
[16:22:37] [63/445] RKMD
[16:22:38] [64/445] SMDC
[16:22:39] [65/445] TADG
[16:22:40] [66/445] MCGS
[16:22:41] [67/445] PETK
[16:22:42] [68/445] CHAG
[16:22:42] [69/445] KSTL
[16:22:43] [70/445] AADS
[16:22:43] 🔄 Identity reset
[16:22:43] 🔄 Identity rotated (every 10 requests)
[16:22:44] [71/445] NTHZ
[16:22:45] [72/445] HCKI
[16:22:46] [73/445] SSEF
[16:22:47] [74/445] MCGX
[16:22:48] [75/445] ERRA
[16:22:50] [76/445] SDTW
[16:22:50] [77/445] RMPK
[16:22:51] [78/445] PTHK
[16:22:52] [79/445] PXCS
[16:22:53] [80/445] SVLU
[16:22:53] 🔄 Identity reset
[16:22:53] 🔄 Identity rotated (every 10 requests)
[16:22:55] [81/445] STAH
[16:22:56] [82/445] JRGF
[16:22:57] [83/445] CDOK
[16:22:58] [84/445] CMSG
[16:22:59] [85/445] APTD
[16:23:00] [86/445] KMPG
[16:23:00] [87/445] MUTJ
[16:23:01] [88/445] VCCI
[16:23:02] [89/445] URBE
[16:23:04] [90/445] TCTS
[16:23:04] 🔄 Identity reset
[16:23:04] 🔄 Identity rotated (every 10 requests)
[16:23:04] [91/445] STSN
[16:23:05] [92/445] AKCH
[16:23:06] [93/445] APSC
[16:23:07] [94/445] VLTB
[16:23:08] [95/445] SANU
[16:23:09] [96/445] AXAM
[16:23:10] [97/445] MGMG
[16:23:11] [98/445] HTBY
[16:23:13] [99/445] MMZS
[16:23:14] [100/445] SUDR
[16:23:14] 🔄 Identity reset
[16:23:14] 🔄 Identity rotated (every 10 requests)
[16:23:15] [101/445] CCAD
[16:23:16] [102/445] SKKC
[16:23:17] [103/445] RMCD
[16:23:17] [104/445] SBCQ
[16:23:18] [105/445] DCCT
[16:23:19] [106/445] VTKP
[16:23:20] [107/445] MLAM
[16:23:21] [108/445] SAVT
[16:23:23] [109/445] GEPL
[16:23:24] [110/445] AMCD
[16:23:24] 🔄 Identity reset
[16:23:24] 🔄 Identity rotated (every 10 requests)
[16:23:25] [111/445] CCXR
[16:23:26] [112/445] GRNG
[16:23:27] [113/445] EBCA
[16:23:28] [114/445] CNVG
[16:23:30] [115/445] MWSS
[16:23:31] [116/445] VBOR
[16:23:33] [117/445] NEEB
[16:23:34] [118/445] SUTH
[16:23:35] [119/445] ANDB
[16:23:36] [120/445] MMXS
[16:23:36] 🔄 Identity reset
[16:23:36] 🔄 Identity rotated (every 10 requests)
[16:23:37] [121/445] CNPD
[16:23:39] [122/445] SDCE
[16:23:40] [123/445] DHCB
[16:23:41] [124/445] ODEN
[16:23:41] [125/445] TNTC
[16:23:43] [126/445] VBKM
[16:23:44] [127/445] RZYM
[16:23:46] [128/445] JEMC
[16:23:47] [129/445] CMAU
[16:23:48] [130/445] SIVP
[16:23:48] 🔄 Identity reset
[16:23:48] 🔄 Identity rotated (every 10 requests)
[16:23:48] [131/445] ATAG
[16:23:50] [132/445] CHTM
[16:23:51] [133/445] AAEE
[16:23:52] [134/445] IWPM
[16:23:53] [135/445] KCMW
[16:23:54] [136/445] MCTD
[16:23:55] [137/445] SPWR
[16:23:56] [138/445] SDPO
[16:23:57] [139/445] PCSK
[16:23:57] [140/445] ACHV
[16:23:57] 🔄 Identity reset
[16:23:58] 🔄 Identity rotated (every 10 requests)
[16:23:58] [141/445] SVLA
[16:23:59] [142/445] PICT
[16:24:01] [143/445] BXDR
[16:24:02] [144/445] SPWA
[16:24:03] [145/445] MCKO
[16:24:03] [146/445] RTHK
[16:24:04] [147/445] CCMF
[16:24:05] [148/445] MRGB
[16:24:06] [149/445] CPLC
[16:24:07] [150/445] RACD
[16:24:07] 🔄 Identity reset
[16:24:07] 🔄 Identity rotated (every 10 requests)
[16:24:08] [151/445] ATKT
[16:24:09] [152/445] SARN
[16:24:10] [153/445] KKUI
[16:24:11] [154/445] RGCM
[16:24:12] [155/445] BRVP
[16:24:14] [156/445] HRSR
[16:24:14] [157/445] GKGM
[16:24:16] [158/445] TTCD
[16:24:17] [159/445] PTTI
[16:24:18] [160/445] MPTT
[16:24:18] 🔄 Identity reset
[16:24:18] 🔄 Identity rotated (every 10 requests)
[16:24:19] [161/445] CVTT
[16:24:20] [162/445] PCXD
[16:24:21] [163/445] GCDC
[16:24:22] [164/445] CCCF
[16:24:23] [165/445] MRAD
[16:24:24] [166/445] CPLK
[16:24:25] [167/445] SATB
[16:24:26] [168/445] SNVG
[16:24:27] [169/445] JMBA
[16:24:27] [170/445] TEJA
[16:24:27] 🔄 Identity reset
[16:24:28] 🔄 Identity rotated (every 10 requests)
[16:24:28] [171/445] STYO
[16:24:30] [172/445] JTBP
[16:24:31] [173/445] KRGD
[16:24:32] [174/445] SLJJ
[16:24:33] [175/445] SPTJ
[16:24:34] [176/445] SWJG
[16:24:35] [177/445] LKRT
[16:24:36] [178/445] KCKA
[16:24:37] [179/445] SNCR
[16:24:38] [180/445] SMKL
[16:24:38] 🔄 Identity reset
[16:24:38] 🔄 Identity rotated (every 10 requests)
[16:24:39] [181/445] GCFA
[16:24:40] [182/445] DDCK
[16:24:41] [183/445] NCHJ
[16:24:43] [184/445] RDMA
[16:24:43] [185/445] SVSV
[16:24:44] [186/445] SCJG
[16:24:45] [187/445] VKLP
[16:24:46] [188/445] NWCC
[16:24:47] [189/445] VKNS
[16:24:48] [190/445] SDDP
[16:24:48] 🔄 Identity reset
[16:24:48] 🔄 Identity rotated (every 10 requests)
[16:24:50] [191/445] ACSI
[16:24:51] [192/445] SATG
[16:24:52] [193/445] SCMW
[16:24:53] [194/445] LKTK
[16:24:54] [195/445] VCKV
[16:24:55] [196/445] KKPE
[16:24:56] [197/445] KIGH
[16:24:57] [198/445] SRPM
[16:24:58] [199/445] SCAH
[16:24:59] [200/445] MUTA
[16:24:59] 🔄 Identity reset
[16:24:59] 🔄 Identity rotated (every 10 requests)
[16:25:00] [201/445] SEPU
[16:25:01] [202/445] INOA
[16:25:02] [203/445] BASK
[16:25:03] [204/445] NECB
[16:25:04] [205/445] GTTG
[16:25:05] [206/445] ASSA
[16:25:06] [207/445] ANCL
[16:25:07] [208/445] GCTI
[16:25:08] [209/445] RCTS
[16:25:09] [210/445] ACNL
[16:25:09] 🔄 Identity reset
[16:25:09] 🔄 Identity rotated (every 10 requests)
[16:25:10] [211/445] MYCT
[16:25:11] [212/445] NMHT
[16:25:12] [213/445] MDIT
[16:25:12] [214/445] LATG
[16:25:13] [215/445] SMTY
[16:25:14] [216/445] CVCT
[16:25:15] [217/445] RAMB
[16:25:16] [218/445] TGMS
[16:25:17] [219/445] BHEL
[16:25:18] [220/445] SHCT
[16:25:18] 🔄 Identity reset
[16:25:18] 🔄 Identity rotated (every 10 requests)
[16:25:19] [221/445] SVCT
[16:25:20] [222/445] MRIY
[16:25:21] [223/445] SARO
[16:25:22] [224/445] STCT
[16:25:23] [225/445] JKKC
[16:25:25] [226/445] PLTT
[16:25:25] [227/445] SRNT
[16:25:26] [228/445] YAST
[16:25:27] [229/445] PERL
[16:25:28] [230/445] CICM
[16:25:28] 🔄 Identity reset
[16:25:28] 🔄 Identity rotated (every 10 requests)
[16:25:29] [231/445] MMTR
[16:25:30] [232/445] ABTK
[16:25:31] [233/445] ATYY
[16:25:32] [234/445] ASTK
[16:25:33] [235/445] VVCK
[16:25:35] [236/445] ATKY
[16:25:36] [237/445] GWEK
[16:25:38] [238/445] SVFH
[16:25:39] [239/445] SLTA
[16:25:40] [240/445] AASH
[16:25:40] 🔄 Identity reset
[16:25:40] 🔄 Identity rotated (every 10 requests)
[16:25:41] [241/445] ACXB
[16:25:42] [242/445] SMTX
[16:25:42] [243/445] AZDH
[16:25:43] [244/445] CMMH
[16:25:44] [245/445] SCSZ
[16:25:45] [246/445] SCKP
[16:25:47] [247/445] NXTM
[16:25:48] [248/445] NWCS
[16:25:49] [249/445] CXMH
[16:25:50] [250/445] PCMA
[16:25:50] 🔄 Identity reset
[16:25:50] 🔄 Identity rotated (every 10 requests)
[16:25:51] [251/445] SGCM
[16:25:53] [252/445] SDTU
[16:25:54] [253/445] MMVI
[16:25:55] [254/445] JKCM
[16:25:56] [255/445] VCMM
[16:25:57] [256/445] SYEE
[16:25:58] [257/445] VASD
[16:25:59] [258/445] BDRB
[16:26:00] [259/445] LASM
[16:26:02] [260/445] DCRL
[16:26:02] 🔄 Identity reset
[16:26:02] 🔄 Identity rotated (every 10 requests)
[16:26:03] [261/445] DVPM
[16:26:04] [262/445] SBMJ
[16:26:05] [263/445] CBMU
[16:26:06] [264/445] IUBS
[16:26:07] [265/445] INAP
[16:26:08] [266/445] SRRC
[16:26:09] [267/445] SAGR
[16:26:10] [268/445] CPMJ
[16:26:11] [269/445] ATJL
[16:26:12] [270/445] NNTD
[16:26:12] 🔄 Identity reset
[16:26:12] 🔄 Identity rotated (every 10 requests)
[16:26:13] [271/445] JHCJ
[16:26:14] [272/445] CMMP
[16:26:15] [273/445] RSDR
[16:26:16] [274/445] AMTI
[16:26:17] [275/445] NYSG
[16:26:18] [276/445] AVSG
[16:26:19] [277/445] SYTP
[16:26:21] [278/445] LARC
[16:26:22] [279/445] RJTP
[16:26:23] [280/445] LAKC
[16:26:23] 🔄 Identity reset
[16:26:23] 🔄 Identity rotated (every 10 requests)
[16:26:24] [281/445] MCXE
[16:26:25] [282/445] CCZC
[16:26:26] [283/445] AVCH
[16:26:27] [284/445] CMBE
[16:26:28] [285/445] MRRC
[16:26:29] [286/445] PCPY
[16:26:30] [287/445] SRMH
[16:26:30] [288/445] SVGS
[16:26:32] [289/445] PCSE
[16:26:32] [290/445] SVFT
[16:26:32] 🔄 Identity reset
[16:26:32] 🔄 Identity rotated (every 10 requests)
[16:26:33] [291/445] TNZP
[16:26:34] [292/445] ICTP
[16:26:36] [293/445] ACTZ
[16:26:37] [294/445] GTUR
[16:26:38] [295/445] MAFC
[16:26:39] [296/445] MINL
[16:26:40] [297/445] MRCL
[16:26:41] [298/445] RCRP
[16:26:41] [299/445] RFFG
[16:26:42] [300/445] RMAS
[16:26:42] 🔄 Identity reset
[16:26:42] 🔄 Identity rotated (every 10 requests)
[16:26:44] [301/445] INVR
[16:26:44] [302/445] RMAR
[16:26:45] [303/445] CNIS
[16:26:47] [304/445] RHRJ
[16:26:48] [305/445] INXR
[16:26:49] [306/445] VALT
[16:26:50] [307/445] LCSH
[16:26:51] [308/445] CMVS
[16:26:52] [309/445] CNMS
[16:26:53] [310/445] ROOG
[16:26:53] 🔄 Identity reset
[16:26:53] 🔄 Identity rotated (every 10 requests)
[16:26:54] [311/445] ISRM
[16:26:55] [312/445] RCRM
[16:26:56] [313/445] ACJA
[16:26:57] [314/445] RCVS
[16:26:58] [315/445] CPUS
[16:26:59] [316/445] TGCS
[16:27:01] [317/445] RKCJ
[16:27:03] [318/445] MKSB
[16:27:03] [319/445] TCSJ
[16:27:05] [320/445] RMGP
[16:27:05] 🔄 Identity reset
[16:27:05] 🔄 Identity rotated (every 10 requests)
[16:27:06] [321/445] CLLP
[16:27:07] [322/445] RCMV
[16:27:09] [323/445] CCKS
[16:27:09] [324/445] RSRP
[16:27:10] [325/445] APLP
[16:27:11] [326/445] CNVS
[16:27:12] [327/445] RMVY
[16:27:13] [328/445] PGBD
[16:27:15] [329/445] KLMS
[16:27:16] [330/445] RUST
[16:27:16] 🔄 Identity reset
[16:27:16] 🔄 Identity rotated (every 10 requests)
[16:27:17] [331/445] MASM
[16:27:18] [332/445] BACS
[16:27:19] [333/445] BWST
[16:27:20] [334/445] RRFH
[16:27:21] [335/445] SJTM
[16:27:22] [336/445] BEMR
[16:27:23] [337/445] MCGR
[16:27:23] [338/445] SDSK
[16:27:24] [339/445] VBOL
[16:27:25] [340/445] RMGM
[16:27:25] 🔄 Identity reset
[16:27:25] 🔄 Identity rotated (every 10 requests)
[16:27:26] [341/445] NOPL
[16:27:27] [342/445] MKJK
[16:27:28] [343/445] CVRN
[16:27:29] [344/445] MMEN
[16:27:31] [345/445] AMNG
[16:27:32] [346/445] INTM
[16:27:33] [347/445] SLCZ
[16:27:34] [348/445] AMJN
[16:27:34] [349/445] ACJN
[16:27:36] [350/445] AMKN
[16:27:36] 🔄 Identity reset
[16:27:36] 🔄 Identity rotated (every 10 requests)
[16:27:37] [351/445] BTCN
[16:27:38] [352/445] AMBT
[16:27:39] [353/445] PACN
[16:27:40] [354/445] LCNS
[16:27:41] [355/445] PPKC
[16:27:42] [356/445] JYYN
[16:27:43] [357/445] JTNR
[16:27:44] [358/445] GTEE
[16:27:45] [359/445] SRNM
[16:27:46] [360/445] SDTC
[16:27:46] 🔄 Identity reset
[16:27:46] 🔄 Identity rotated (every 10 requests)
[16:27:46] [361/445] VPCA
[16:27:48] [362/445] VLRA
[16:27:50] [363/445] SHKR
[16:27:51] [364/445] SBKD
[16:27:52] [365/445] SAAD
[16:27:53] [366/445] JTGN
[16:27:54] [367/445] SLAM
[16:27:55] [368/445] VTPM
[16:27:56] [369/445] ANPT
[16:27:57] [370/445] PUNB
[16:27:57] 🔄 Identity reset
[16:27:57] 🔄 Identity rotated (every 10 requests)
[16:27:58] [371/445] CPKT
[16:27:59] [372/445] CNWE
[16:28:00] [373/445] ECPP
[16:28:02] [374/445] CPAR
[16:28:02] [375/445] ESBW
[16:28:03] [376/445] PKPU
[16:28:04] [377/445] CPRP
[16:28:05] [378/445] RAHU
[16:28:06] [379/445] RHMN
[16:28:07] [380/445] FMJP
[16:28:07] 🔄 Identity reset
[16:28:07] 🔄 Identity rotated (every 10 requests)
[16:28:08] [381/445] CTMP
[16:28:09] [382/445] INPN
[16:28:10] [383/445] STTG
[16:28:11] [384/445] CTRD
[16:28:12] [385/445] PUVB
[16:28:13] [386/445] ESVP
[16:28:14] [387/445] CPFT
[16:28:15] [388/445] LCPC
[16:28:16] [389/445] VBCT
[16:28:17] [390/445] FSCW
[16:28:17] 🔄 Identity reset
[16:28:17] 🔄 Identity rotated (every 10 requests)
[16:28:18] [391/445] VCMP
[16:28:19] [392/445] ASHC
[16:28:20] [393/445] VLCX
[16:28:21] [394/445] SHEV
[16:28:22] [395/445] APCO
[16:28:23] [396/445] SILC
[16:28:24] [397/445] SNMR
[16:28:26] [398/445] KYBO
[16:28:26] [399/445] SATK
[16:28:27] [400/445] SSCS
[16:28:27] 🔄 Identity reset
[16:28:27] 🔄 Identity rotated (every 10 requests)
[16:28:28] [401/445] CLSB
[16:28:29] [402/445] KMJR
[16:28:30] [403/445] FSCK
[16:28:31] [404/445] NNKA
[16:28:32] [405/445] CLMK
[16:28:33] [406/445] DMPZ
[16:28:34] [407/445] INQM
[16:28:35] [408/445] CAML
[16:28:35] [409/445] INRK
[16:28:36] [410/445] IMKN
[16:28:36] 🔄 Identity reset
[16:28:36] 🔄 Identity rotated (every 10 requests)
[16:28:37] [411/445] SVNR
[16:28:38] [412/445] INSL
[16:28:39] [413/445] MSMA
[16:28:40] [414/445] MCKK
[16:28:41] [415/445] FCHP
[16:28:42] [416/445] SFCR
[16:28:43] [417/445] NACK
[16:28:44] [418/445] PVAK
[16:28:45] [419/445] INER
[16:28:46] [420/445] RDBK
[16:28:46] 🔄 Identity reset
[16:28:46] 🔄 Identity rotated (every 10 requests)
[16:28:47] [421/445] SVFN
[16:28:48] [422/445] IFRM
[16:28:49] [423/445] ATCK
[16:28:51] [424/445] ASKO
[16:28:52] [425/445] STKT
[16:28:53] [426/445] SVFB
[16:28:54] [427/445] INKS
[16:28:55] [428/445] PCRA
[16:28:56] [429/445] ATJA
[16:28:57] [430/445] IMJN
[16:28:57] 🔄 Identity reset
[16:28:57] 🔄 Identity rotated (every 10 requests)
[16:28:59] [431/445] INHD
[16:29:00] [432/445] BARA
[16:29:01] [433/445] MCSL
[16:29:02] [434/445] RTOY
[16:29:03] [435/445] MENO
[16:29:04] [436/445] PUDM
[16:29:05] [437/445] PRCN
[16:29:06] [438/445] JMJR
[16:29:07] [439/445] SSGK
[16:29:08] [440/445] SSRL
[16:29:08] 🔄 Identity reset
[16:29:08] 🔄 Identity rotated (every 10 requests)
[16:29:09] [441/445] JYKL
[16:29:09] [442/445] ACNB
[16:29:11] [443/445] SONP
[16:29:11] [444/445] EMCI
[16:29:12] [445/445] MRJH
[16:29:13] 🧹 Deduping shows
[16:29:13] ✅ DONE | Shows=3585 | Movies=74
[20:21:50] 🚀 SCRIPT STARTED
[20:21:50] [1/445] TGMR
[20:21:50] 🧠 New identity created
[20:21:51] [2/445] CXKR
[20:21:52] [3/445] SROP
[20:21:53] [4/445] GTSV
[20:21:54] [5/445] SNTY
[20:21:56] [6/445] SMYY
[20:21:57] [7/445] CNCS
[20:21:58] [8/445] CSTM
[20:21:59] [9/445] NUCD
[20:21:59] [10/445] SHCZ
[20:21:59] 🔄 Identity reset
[20:21:59] 🔄 Identity rotated (every 10 requests)
[20:21:59] 🔄 Retry 1/5 for SHCZ in 2.4s
[20:21:59] 🔄 Identity reset
[20:22:02] 🧠 New identity created
[20:22:03] [11/445] NJCT
[20:22:04] [12/445] COPC
[20:22:05] [13/445] STVV
[20:22:06] [14/445] SKRN
[20:22:07] [15/445] APPZ
[20:22:08] [16/445] YMGN
[20:22:09] [17/445] SVTU
[20:22:10] [18/445] GTAD
[20:22:11] [19/445] PSUS
[20:22:11] 🔄 Identity reset
[20:22:11] 🔄 Identity rotated (every 10 requests)
[20:22:11] [20/445] SMCD
[20:22:12] [21/445] CMCM
[20:22:13] [22/445] SYCT
[20:22:14] [23/445] STLY
[20:22:15] [24/445] CMHU
[20:22:16] [25/445] CMSA
[20:22:16] [26/445] CLCU
[20:22:18] [27/445] PPNT
[20:22:20] [28/445] JTAB
[20:22:20] [29/445] BUUC
[20:22:20] 🔄 Identity reset
[20:22:20] 🔄 Identity rotated (every 10 requests)
[20:22:22] [30/445] BSVK
[20:22:23] [31/445] VVVQ
[20:22:24] [32/445] TKMU
[20:22:25] [33/445] ESYL
[20:22:26] [34/445] ACHP
[20:22:26] [35/445] BTKD
[20:22:27] [36/445] DESA
[20:22:28] [37/445] GBCT
[20:22:29] [38/445] BLLD
[20:22:30] [39/445] SKNT
[20:22:30] 🔄 Identity reset
[20:22:30] 🔄 Identity rotated (every 10 requests)
[20:22:30] 🔄 Retry 1/5 for SKNT in 2.9s
[20:22:30] 🔄 Identity reset
[20:22:33] 🧠 New identity created
[20:22:34] [40/445] SSTE
[20:22:35] [41/445] VJMR
[20:22:36] [42/445] NTPU
[20:22:37] [43/445] RDKN
[20:22:39] [44/445] ADGC
[20:22:40] [45/445] VRBP
[20:22:41] [46/445] NMNA
[20:22:42] [47/445] CMMX
[20:22:43] [48/445] PTKO
[20:22:43] 🔄 Identity reset
[20:22:43] 🔄 Identity rotated (every 10 requests)
[20:22:45] [49/445] RBML
[20:22:45] [50/445] SAIC
[20:22:46] [51/445] SVTJ
[20:22:47] [52/445] MRTE
[20:22:48] [53/445] RBTP
[20:22:50] [54/445] NLPS
[20:22:51] [55/445] GTNA
[20:22:52] [56/445] DGGC
[20:22:53] [57/445] SMCR
[20:22:54] [58/445] SCGD
[20:22:54] 🔄 Identity reset
[20:22:54] 🔄 Identity rotated (every 10 requests)
[20:22:55] [59/445] SRRJ
[20:22:56] [60/445] CNRY
[20:22:57] [61/445] KTDI
[20:22:57] [62/445] SNJL
[20:22:58] [63/445] RKMD
[20:22:59] [64/445] SMDC
[20:23:00] [65/445] TADG
[20:23:01] [66/445] MCGS
[20:23:02] [67/445] PETK
[20:23:03] [68/445] CHAG
[20:23:03] 🔄 Identity reset
[20:23:03] 🔄 Identity rotated (every 10 requests)
[20:23:04] [69/445] KSTL
[20:23:05] [70/445] AADS
[20:23:06] [71/445] NTHZ
[20:23:06] [72/445] HCKI
[20:23:07] [73/445] SSEF
[20:23:08] [74/445] MCGX
[20:23:09] [75/445] ERRA
[20:23:10] [76/445] SDTW
[20:23:11] [77/445] RMPK
[20:23:12] [78/445] PTHK
[20:23:12] 🔄 Identity reset
[20:23:12] 🔄 Identity rotated (every 10 requests)
[20:23:13] [79/445] PXCS
[20:23:14] [80/445] SVLU
[20:23:15] [81/445] STAH
[20:23:16] [82/445] JRGF
[20:23:16] [83/445] CDOK
[20:23:17] [84/445] CMSG
[20:23:18] [85/445] APTD
[20:23:19] [86/445] KMPG
[20:23:20] [87/445] MUTJ
[20:23:22] [88/445] VCCI
[20:23:22] 🔄 Identity reset
[20:23:22] 🔄 Identity rotated (every 10 requests)
[20:23:23] [89/445] URBE
[20:23:24] [90/445] TCTS
[20:23:25] [91/445] STSN
[20:23:26] [92/445] AKCH
[20:23:26] [93/445] APSC
[20:23:27] [94/445] VLTB
[20:23:28] [95/445] SANU
[20:23:29] [96/445] AXAM
[20:23:31] [97/445] MGMG
[20:23:32] [98/445] HTBY
[20:23:32] 🔄 Identity reset
[20:23:32] 🔄 Identity rotated (every 10 requests)
[20:23:33] [99/445] MMZS
[20:23:34] [100/445] SUDR
[20:23:35] [101/445] CCAD
[20:23:36] [102/445] SKKC
[20:23:37] [103/445] RMCD
[20:23:38] [104/445] SBCQ
[20:23:39] [105/445] DCCT
[20:23:40] [106/445] VTKP
[20:23:41] [107/445] MLAM
[20:23:41] [108/445] SAVT
[20:23:41] 🔄 Identity reset
[20:23:41] 🔄 Identity rotated (every 10 requests)
[20:23:42] [109/445] GEPL
[20:23:43] [110/445] AMCD
[20:23:44] [111/445] CCXR
[20:23:46] [112/445] GRNG
[20:23:47] [113/445] EBCA
[20:23:47] [114/445] CNVG
[20:23:48] [115/445] MWSS
[20:23:49] [116/445] VBOR
[20:23:50] [117/445] NEEB
[20:23:51] [118/445] SUTH
[20:23:51] 🔄 Identity reset
[20:23:51] 🔄 Identity rotated (every 10 requests)
[20:23:51] 🔄 Retry 1/5 for SUTH in 2.1s
[20:23:51] 🔄 Identity reset
[20:23:53] 🧠 New identity created
[20:23:54] [119/445] ANDB
[20:23:55] [120/445] MMXS
[20:23:56] [121/445] CNPD
[20:23:57] [122/445] SDCE
[20:23:58] [123/445] DHCB
[20:23:59] [124/445] ODEN
[20:24:00] [125/445] TNTC
[20:24:01] [126/445] VBKM
[20:24:02] [127/445] RZYM
[20:24:02] 🔄 Identity reset
[20:24:02] 🔄 Identity rotated (every 10 requests)
[20:24:02] [128/445] JEMC
[20:24:03] [129/445] CMAU
[20:24:04] [130/445] SIVP
[20:24:05] [131/445] ATAG
[20:24:06] [132/445] CHTM
[20:24:07] [133/445] AAEE
[20:24:08] [134/445] IWPM
[20:24:09] [135/445] KCMW
[20:24:10] [136/445] MCTD
[20:24:11] [137/445] SPWR
[20:24:11] 🔄 Identity reset
[20:24:11] 🔄 Identity rotated (every 10 requests)
[20:24:12] [138/445] SDPO
[20:24:13] [139/445] PCSK
[20:24:14] [140/445] ACHV
[20:24:15] [141/445] SVLA
[20:24:16] [142/445] PICT
[20:24:17] [143/445] BXDR
[20:24:18] [144/445] SPWA
[20:24:20] [145/445] MCKO
[20:24:21] [146/445] RTHK
[20:24:22] [147/445] CCMF
[20:24:22] 🔄 Identity reset
[20:24:22] 🔄 Identity rotated (every 10 requests)
[20:24:22] 🔄 Retry 1/5 for CCMF in 2.9s
[20:24:22] 🔄 Identity reset
[20:24:25] 🧠 New identity created
[20:24:25] 🔄 Retry 2/5 for CCMF in 5.0s
[20:24:25] 🔄 Identity reset
[20:24:30] 🧠 New identity created
[20:24:30] 🔄 Retry 3/5 for CCMF in 8.4s
[20:24:30] 🔄 Identity reset
[20:24:38] 🧠 New identity created
[20:24:39] [148/445] MRGB
[20:24:40] [149/445] CPLC
[20:24:41] [150/445] RACD
[20:24:42] [151/445] ATKT
[20:24:43] [152/445] SARN
[20:24:44] [153/445] KKUI
[20:24:45] [154/445] RGCM
[20:24:45] 🔄 Identity reset
[20:24:45] 🔄 Identity rotated (every 10 requests)
[20:24:45] 🔄 Retry 1/5 for RGCM in 2.1s
[20:24:45] 🔄 Identity reset
[20:24:47] 🧠 New identity created
[20:24:48] [155/445] BRVP
[20:24:49] [156/445] HRSR
[20:24:50] [157/445] GKGM
[20:24:51] [158/445] TTCD
[20:24:52] [159/445] PTTI
[20:24:53] [160/445] MPTT
[20:24:54] [161/445] CVTT
[20:24:55] [162/445] PCXD
[20:24:56] [163/445] GCDC
[20:24:56] 🔄 Identity reset
[20:24:56] 🔄 Identity rotated (every 10 requests)
[20:24:58] [164/445] CCCF
[20:24:59] [165/445] MRAD
[20:25:00] [166/445] CPLK
[20:25:01] [167/445] SATB
[20:25:02] [168/445] SNVG
[20:25:04] [169/445] JMBA
[20:25:05] [170/445] TEJA
[20:25:06] [171/445] STYO
[20:25:07] [172/445] JTBP
[20:25:08] [173/445] KRGD
[20:25:08] 🔄 Identity reset
[20:25:08] 🔄 Identity rotated (every 10 requests)
[20:25:09] [174/445] SLJJ
[20:25:10] [175/445] SPTJ
[20:25:11] [176/445] SWJG
[20:25:12] [177/445] LKRT
[20:25:13] [178/445] KCKA
[20:25:14] [179/445] SNCR
[20:25:15] [180/445] SMKL
[20:25:16] [181/445] GCFA
[20:25:17] [182/445] DDCK
[20:25:19] [183/445] NCHJ
[20:25:19] 🔄 Identity reset
[20:25:19] 🔄 Identity rotated (every 10 requests)
[20:25:20] [184/445] RDMA
[20:25:21] [185/445] SVSV
[20:25:22] [186/445] SCJG
[20:25:22] [187/445] VKLP
[20:25:24] [188/445] NWCC
[20:25:25] [189/445] VKNS
[20:25:26] [190/445] SDDP
[20:25:27] [191/445] ACSI
[20:25:28] [192/445] SATG
[20:25:29] [193/445] SCMW
[20:25:29] 🔄 Identity reset
[20:25:29] 🔄 Identity rotated (every 10 requests)
[20:25:30] [194/445] LKTK
[20:25:31] [195/445] VCKV
[20:25:32] [196/445] KKPE
[20:25:33] [197/445] KIGH
[20:25:34] [198/445] SRPM
[20:25:35] [199/445] SCAH
[20:25:35] [200/445] MUTA
[20:25:36] [201/445] SEPU
[20:25:37] [202/445] INOA
[20:25:38] [203/445] BASK
[20:25:38] 🔄 Identity reset
[20:25:38] 🔄 Identity rotated (every 10 requests)
[20:25:39] [204/445] NECB
[20:25:40] [205/445] GTTG
[20:25:41] [206/445] ASSA
[20:25:42] [207/445] ANCL
[20:25:43] [208/445] GCTI
[20:25:43] [209/445] RCTS
[20:25:45] [210/445] ACNL
[20:25:46] [211/445] MYCT
[20:25:47] [212/445] NMHT
[20:25:49] [213/445] MDIT
[20:25:49] 🔄 Identity reset
[20:25:49] 🔄 Identity rotated (every 10 requests)
[20:25:50] [214/445] LATG
[20:25:51] [215/445] SMTY
[20:25:51] [216/445] CVCT
[20:25:52] [217/445] RAMB
[20:25:53] [218/445] TGMS
[20:25:54] [219/445] BHEL
[20:25:55] [220/445] SHCT
[20:25:56] [221/445] SVCT
[20:25:57] [222/445] MRIY
[20:25:58] [223/445] SARO
[20:25:58] 🔄 Identity reset
[20:25:58] 🔄 Identity rotated (every 10 requests)
[20:25:59] [224/445] STCT
[20:26:00] [225/445] JKKC
[20:26:01] [226/445] PLTT
[20:26:01] [227/445] SRNT
[20:26:02] [228/445] YAST
[20:26:03] [229/445] PERL
[20:26:04] [230/445] CICM
[20:26:05] [231/445] MMTR
[20:26:06] [232/445] ABTK
[20:26:07] [233/445] ATYY
[20:26:07] 🔄 Identity reset
[20:26:07] 🔄 Identity rotated (every 10 requests)
[20:26:08] [234/445] ASTK
[20:26:09] [235/445] VVCK
[20:26:10] [236/445] ATKY
[20:26:12] [237/445] GWEK
[20:26:13] [238/445] SVFH
[20:26:13] [239/445] SLTA
[20:26:14] [240/445] AASH
[20:26:16] [241/445] ACXB
[20:26:17] [242/445] SMTX
[20:26:18] [243/445] AZDH
[20:26:18] 🔄 Identity reset
[20:26:18] 🔄 Identity rotated (every 10 requests)
[20:26:19] [244/445] CMMH
[20:26:19] [245/445] SCSZ
[20:26:20] [246/445] SCKP
[20:26:21] [247/445] NXTM
[20:26:22] [248/445] NWCS
[20:26:23] [249/445] CXMH
[20:26:24] [250/445] PCMA
[20:26:25] [251/445] SGCM
[20:26:26] [252/445] SDTU
[20:26:26] [253/445] MMVI
[20:26:26] 🔄 Identity reset
[20:26:26] 🔄 Identity rotated (every 10 requests)
[20:26:27] [254/445] JKCM
[20:26:28] [255/445] VCMM
[20:26:29] [256/445] SYEE
[20:26:30] [257/445] VASD
[20:26:31] [258/445] BDRB
[20:26:31] [259/445] LASM
[20:26:32] [260/445] DCRL
[20:26:33] [261/445] DVPM
[20:26:34] [262/445] SBMJ
[20:26:34] [263/445] CBMU
[20:26:34] 🔄 Identity reset
[20:26:34] 🔄 Identity rotated (every 10 requests)
[20:26:35] [264/445] IUBS
[20:26:36] [265/445] INAP
[20:26:37] [266/445] SRRC
[20:26:39] [267/445] SAGR
[20:26:40] [268/445] CPMJ
[20:26:41] [269/445] ATJL
[20:26:41] [270/445] NNTD
[20:26:42] [271/445] JHCJ
[20:26:44] [272/445] CMMP
[20:26:45] [273/445] RSDR
[20:26:45] 🔄 Identity reset
[20:26:45] 🔄 Identity rotated (every 10 requests)
[20:26:46] [274/445] AMTI
[20:26:47] [275/445] NYSG
[20:26:48] [276/445] AVSG
[20:26:49] [277/445] SYTP
[20:26:51] [278/445] LARC
[20:26:51] [279/445] RJTP
[20:26:52] [280/445] LAKC
[20:26:54] [281/445] MCXE
[20:26:55] [282/445] CCZC
[20:26:56] [283/445] AVCH
[20:26:56] 🔄 Identity reset
[20:26:56] 🔄 Identity rotated (every 10 requests)
[20:26:57] [284/445] CMBE
[20:26:58] [285/445] MRRC
[20:26:59] [286/445] PCPY
[20:27:00] [287/445] SRMH
[20:27:00] [288/445] SVGS
[20:27:01] [289/445] PCSE
[20:27:02] [290/445] SVFT
[20:27:03] [291/445] TNZP
[20:27:04] [292/445] ICTP
[20:27:05] [293/445] ACTZ
[20:27:05] 🔄 Identity reset
[20:27:05] 🔄 Identity rotated (every 10 requests)
[20:27:07] [294/445] GTUR
[20:27:07] [295/445] MAFC
[20:27:09] [296/445] MINL
[20:27:10] [297/445] MRCL
[20:27:11] [298/445] RCRP
[20:27:12] [299/445] RFFG
[20:27:12] [300/445] RMAS
[20:27:13] [301/445] INVR
[20:27:15] [302/445] RMAR
[20:27:16] [303/445] CNIS
[20:27:16] 🔄 Identity reset
[20:27:16] 🔄 Identity rotated (every 10 requests)
[20:27:17] [304/445] RHRJ
[20:27:18] [305/445] INXR
[20:27:19] [306/445] VALT
[20:27:20] [307/445] LCSH
[20:27:21] [308/445] CMVS
[20:27:22] [309/445] CNMS
[20:27:23] [310/445] ROOG
[20:27:24] [311/445] ISRM
[20:27:25] [312/445] RCRM
[20:27:25] [313/445] ACJA
[20:27:25] 🔄 Identity reset
[20:27:25] 🔄 Identity rotated (every 10 requests)
[20:27:26] [314/445] RCVS
[20:27:27] [315/445] CPUS
[20:27:28] [316/445] TGCS
[20:27:29] [317/445] RKCJ
[20:27:30] [318/445] MKSB
[20:27:31] [319/445] TCSJ
[20:27:32] [320/445] RMGP
[20:27:32] [321/445] CLLP
[20:27:33] [322/445] RCMV
[20:27:34] [323/445] CCKS
[20:27:34] 🔄 Identity reset
[20:27:34] 🔄 Identity rotated (every 10 requests)
[20:27:35] [324/445] RSRP
[20:27:36] [325/445] APLP
[20:27:37] [326/445] CNVS
[20:27:38] [327/445] RMVY
[20:27:39] [328/445] PGBD
[20:27:40] [329/445] KLMS
[20:27:41] [330/445] RUST
[20:27:42] [331/445] MASM
[20:27:43] [332/445] BACS
[20:27:43] [333/445] BWST
[20:27:43] 🔄 Identity reset
[20:27:43] 🔄 Identity rotated (every 10 requests)
[20:27:43] 🔄 Retry 1/5 for BWST in 2.3s
[20:27:43] 🔄 Identity reset
[20:27:46] 🧠 New identity created
[20:27:47] [334/445] RRFH
[20:27:47] [335/445] SJTM
[20:27:48] [336/445] BEMR
[20:27:49] [337/445] MCGR
[20:27:50] [338/445] SDSK
[20:27:52] [339/445] VBOL
[20:27:53] [340/445] RMGM
[20:27:54] [341/445] NOPL
[20:27:54] [342/445] MKJK
[20:27:54] 🔄 Identity reset
[20:27:54] 🔄 Identity rotated (every 10 requests)
[20:27:55] [343/445] CVRN
[20:27:56] [344/445] MMEN
[20:27:57] [345/445] AMNG
[20:27:58] [346/445] INTM
[20:28:00] [347/445] SLCZ
[20:28:01] [348/445] AMJN
[20:28:02] [349/445] ACJN
[20:28:02] [350/445] AMKN
[20:28:03] [351/445] BTCN
[20:28:04] [352/445] AMBT
[20:28:04] 🔄 Identity reset
[20:28:04] 🔄 Identity rotated (every 10 requests)
[20:28:05] [353/445] PACN
[20:28:06] [354/445] LCNS
[20:28:08] [355/445] PPKC
[20:28:09] [356/445] JYYN
[20:28:10] [357/445] JTNR
[20:28:11] [358/445] GTEE
[20:28:12] [359/445] SRNM
[20:28:13] [360/445] SDTC
[20:28:14] [361/445] VPCA
[20:28:14] [362/445] VLRA
[20:28:14] 🔄 Identity reset
[20:28:15] 🔄 Identity rotated (every 10 requests)
[20:28:16] [363/445] SHKR
[20:28:16] [364/445] SBKD
[20:28:18] [365/445] SAAD
[20:28:19] [366/445] JTGN
[20:28:20] [367/445] SLAM
[20:28:21] [368/445] VTPM
[20:28:22] [369/445] ANPT
[20:28:23] [370/445] PUNB
[20:28:24] [371/445] CPKT
[20:28:25] [372/445] CNWE
[20:28:25] 🔄 Identity reset
[20:28:25] 🔄 Identity rotated (every 10 requests)
[20:28:26] [373/445] ECPP
[20:28:27] [374/445] CPAR
[20:28:28] [375/445] ESBW
[20:28:30] [376/445] PKPU
[20:28:31] [377/445] CPRP
[20:28:31] [378/445] RAHU
[20:28:32] [379/445] RHMN
[20:28:33] [380/445] FMJP
[20:28:34] [381/445] CTMP
[20:28:35] [382/445] INPN
[20:28:35] 🔄 Identity reset
[20:28:35] 🔄 Identity rotated (every 10 requests)
[20:28:35] 🔄 Retry 1/5 for INPN in 2.5s
[20:28:35] 🔄 Identity reset
[20:28:38] 🧠 New identity created
[20:28:38] [383/445] STTG
[20:28:39] [384/445] CTRD
[20:28:40] [385/445] PUVB
[20:28:41] [386/445] ESVP
[20:28:42] [387/445] CPFT
[20:28:43] [388/445] LCPC
[20:28:43] [389/445] VBCT
[20:28:44] [390/445] FSCW
[20:28:45] [391/445] VCMP
[20:28:45] 🔄 Identity reset
[20:28:45] 🔄 Identity rotated (every 10 requests)
[20:28:46] [392/445] ASHC
[20:28:47] [393/445] VLCX
[20:28:47] [394/445] SHEV
[20:28:49] [395/445] APCO
[20:28:50] [396/445] SILC
[20:28:50] [397/445] SNMR
[20:28:51] [398/445] KYBO
[20:28:52] [399/445] SATK
[20:28:53] [400/445] SSCS
[20:28:54] [401/445] CLSB
[20:28:54] 🔄 Identity reset
[20:28:54] 🔄 Identity rotated (every 10 requests)
[20:28:55] [402/445] KMJR
[20:28:56] [403/445] FSCK
[20:28:57] [404/445] NNKA
[20:28:58] [405/445] CLMK
[20:28:59] [406/445] DMPZ
[20:29:00] [407/445] INQM
[20:29:01] [408/445] CAML
[20:29:02] [409/445] INRK
[20:29:03] [410/445] IMKN
[20:29:04] [411/445] SVNR
[20:29:04] 🔄 Identity reset
[20:29:04] 🔄 Identity rotated (every 10 requests)
[20:29:06] [412/445] INSL
[20:29:07] [413/445] MSMA
[20:29:08] [414/445] MCKK
[20:29:09] [415/445] FCHP
[20:29:11] [416/445] SFCR
[20:29:11] [417/445] NACK
[20:29:12] [418/445] PVAK
[20:29:13] [419/445] INER
[20:29:14] [420/445] RDBK
[20:29:15] [421/445] SVFN
[20:29:15] 🔄 Identity reset
[20:29:15] 🔄 Identity rotated (every 10 requests)
[20:29:16] [422/445] IFRM
[20:29:16] [423/445] ATCK
[20:29:17] [424/445] ASKO
[20:29:19] [425/445] STKT
[20:29:20] [426/445] SVFB
[20:29:21] [427/445] INKS
[20:29:22] [428/445] PCRA
[20:29:23] [429/445] ATJA
[20:29:24] [430/445] IMJN
[20:29:24] [431/445] INHD
[20:29:24] 🔄 Identity reset
[20:29:24] 🔄 Identity rotated (every 10 requests)
[20:29:26] [432/445] BARA
[20:29:26] [433/445] MCSL
[20:29:28] [434/445] RTOY
[20:29:29] [435/445] MENO
[20:29:30] [436/445] PUDM
[20:29:31] [437/445] PRCN
[20:29:32] [438/445] JMJR
[20:29:33] [439/445] SSGK
[20:29:34] [440/445] SSRL
[20:29:35] [441/445] JYKL
[20:29:35] 🔄 Identity reset
[20:29:35] 🔄 Identity rotated (every 10 requests)
[20:29:36] [442/445] ACNB
[20:29:37] [443/445] SONP
[20:29:38] [444/445] EMCI
[20:29:39] [445/445] MRJH
[20:29:40] 🧹 Deduping shows
[20:29:40] ✅ DONE | Shows=3628 | Movies=73
