[04:43:50] 🚀 SCRIPT STARTED (enhanced anti‑detection)
[04:43:50] [1/459] NECA
[04:43:51] 🧠 New identity created
[04:43:51] [2/459] BJLC
[04:43:52] [3/459] BASU
[04:43:53] [4/459] RUPI
[04:43:54] [5/459] LCBK
[04:43:55] [6/459] PMAC
[04:43:56] [7/459] AMLC
[04:43:57] [8/459] LICL
[04:43:58] [9/459] UDMM
[04:44:00] [10/459] STBZ
[04:44:00] 🔄 Identity reset
[04:44:00] 🔄 Identity rotated (every 10 requests)
[04:44:01] [11/459] UUBT
[04:44:02] [12/459] SJKC
[04:44:03] [13/459] TUAL
[04:44:04] [14/459] MRSE
[04:44:05] [15/459] RMRK
[04:44:06] [16/459] TTKP
[04:44:07] [17/459] KTKO
[04:44:08] [18/459] SDBK
[04:44:09] [19/459] MCPR
[04:44:10] [20/459] CHTI
[04:44:11] 🔄 Identity reset
[04:44:11] 🔄 Identity rotated (every 10 requests)
[04:44:11] [21/459] GCCP
[04:44:12] [22/459] SRMY
[04:44:13] [23/459] NYST
[04:44:14] [24/459] NYAG
[04:44:15] [25/459] SBMT
[04:44:16] [26/459] INGA
[04:44:17] [27/459] WSIC
[04:44:18] [28/459] SCSS
[04:44:18] [29/459] COPG
[04:44:19] [30/459] RCGR
[04:44:20] 🔄 Identity reset
[04:44:20] 🔄 Identity rotated (every 10 requests)
[04:44:20] [31/459] TCZA
[04:44:21] [32/459] CNLP
[04:44:22] [33/459] CLKN
[04:44:23] [34/459] LHDF
[04:44:24] [35/459] ELKC
[04:44:25] [36/459] VCEM
[04:44:26] [37/459] SSZA
[04:44:27] [38/459] KRMT
[04:44:29] [39/459] LCMV
[04:44:30] [40/459] AYCZ
[04:44:30] 🔄 Identity reset
[04:44:30] 🔄 Identity rotated (every 10 requests)
[04:44:30] [41/459] CUMS
[04:44:31] [42/459] BOCK
[04:44:32] [43/459] PNMR
[04:44:33] [44/459] PJCP
[04:44:34] [45/459] JDDD
[04:44:35] [46/459] STMS
[04:44:36] [47/459] FLMB
[04:44:36] [48/459] PKCM
[04:44:37] [49/459] SPPR
[04:44:38] [50/459] EYLH
[04:44:39] 🔄 Identity reset
[04:44:39] 🔄 Identity rotated (every 10 requests)
[04:44:39] [51/459] RJCC
[04:44:40] [52/459] MMPS
[04:44:41] [53/459] SHMX
[04:44:42] [54/459] CCNL
[04:44:42] [55/459] RCNV
[04:44:43] [56/459] MAAG
[04:44:44] [57/459] LXCM
[04:44:45] [58/459] RCNI
[04:44:46] [59/459] SNNI
[04:44:46] [60/459] LALC
[04:44:47] 🔄 Identity reset
[04:44:47] 🔄 Identity rotated (every 10 requests)
[04:44:48] [61/459] SOCN
[04:44:49] [62/459] JHTP
[04:44:50] [63/459] PITP
[04:44:51] [64/459] CCKW
[04:44:52] [65/459] MCMC
[04:44:53] [66/459] DEES
[04:44:54] [67/459] SABT
[04:44:55] [68/459] VSPP
[04:44:56] [69/459] ABCT
[04:44:57] [70/459] JVTB
[04:44:58] 🔄 Identity reset
[04:44:58] 🔄 Identity rotated (every 10 requests)
[04:44:58] [71/459] VCBD
[04:44:59] [72/459] RMGG
[04:45:00] [73/459] RNMH
[04:45:01] [74/459] SPGL
[04:45:02] [75/459] JTTR
[04:45:03] [76/459] SICS
[04:45:04] [77/459] SRMI
[04:45:05] [78/459] SSIJ
[04:45:07] [79/459] KFMT
[04:45:08] [80/459] VBIT
[04:45:08] 🔄 Identity reset
[04:45:08] 🔄 Identity rotated (every 10 requests)
[04:45:09] [81/459] JKCT
[04:45:11] [82/459] GCGP
[04:45:12] [83/459] GDCS
[04:45:14] [84/459] TRBA
[04:45:15] [85/459] QUST
[04:45:16] [86/459] VSHM
[04:45:17] [87/459] SDCP
[04:45:19] [88/459] SNVS
[04:45:19] [89/459] NYTO
[04:45:21] [90/459] URWC
[04:45:22] 🔄 Identity reset
[04:45:22] 🔄 Identity rotated (every 10 requests)
[04:45:22] [91/459] GTWH
[04:45:23] [92/459] PFCM
[04:45:24] [93/459] KRTA
[04:45:25] [94/459] AXMC
[04:45:26] [95/459] EVMC
[04:45:27] [96/459] HGSM
[04:45:28] [97/459] ACVM
[04:45:29] [98/459] PSKL
[04:45:30] [99/459] RDMP
[04:45:31] [100/459] RHGH
[04:45:31] 🔄 Identity reset
[04:45:31] 🔄 Identity rotated (every 10 requests)
[04:45:31] [101/459] OMCM
[04:45:32] [102/459] DCCP
[04:45:34] [103/459] MCPB
[04:45:35] [104/459] ALCI
[04:45:37] [105/459] BLMX
[04:45:38] [106/459] BTMV
[04:45:39] [107/459] FVPN
[04:45:41] [108/459] CMAR
[04:45:42] [109/459] CEIM
[04:45:43] [110/459] CMVA
[04:45:44] 🔄 Identity reset
[04:45:44] 🔄 Identity rotated (every 10 requests)
[04:45:44] [111/459] CPIV
[04:45:45] [112/459] CNPE
[04:45:46] [113/459] COLV
[04:45:47] [114/459] DNNV
[04:45:47] [115/459] HCAD
[04:45:48] [116/459] TAKA
[04:45:49] [117/459] INVD
[04:45:50] [118/459] IRMM
[04:45:51] [119/459] INSE
[04:45:52] [120/459] MRSW
[04:45:53] 🔄 Identity reset
[04:45:53] 🔄 Identity rotated (every 10 requests)
[04:45:53] [121/459] MCVD
[04:45:54] [122/459] MCSO
[04:45:56] [123/459] PEVM
[04:45:56] [124/459] PVNL
[04:45:58] [125/459] PTCV
[04:45:59] [126/459] PRTC
[04:45:59] [127/459] RCVA
[04:46:00] [128/459] MTBN
[04:46:01] [129/459] LUCP
[04:46:02] [130/459] FMPT
[04:46:03] 🔄 Identity reset
[04:46:03] 🔄 Identity rotated (every 10 requests)
[04:46:03] [131/459] JLSL
[04:46:05] [132/459] SBHA
[04:46:06] [133/459] SHRC
[04:46:07] [134/459] AVPS
[04:46:08] [135/459] STPM
[04:46:09] [136/459] ATRD
[04:46:10] [137/459] VTED
[04:46:11] [138/459] ACAI
[04:46:12] [139/459] SMAE
[04:46:13] [140/459] VMAT
[04:46:14] 🔄 Identity reset
[04:46:14] 🔄 Identity rotated (every 10 requests)
[04:46:14] [141/459] LKCT
[04:46:15] [142/459] JTVK
[04:46:16] [143/459] PRTY
[04:46:17] [144/459] GETT
[04:46:18] [145/459] ESAP
[04:46:19] [146/459] NCPM
[04:46:20] [147/459] PCPA
[04:46:21] [148/459] MMOM
[04:46:22] [149/459] PHUP
[04:46:23] [150/459] CCPI
[04:46:24] 🔄 Identity reset
[04:46:24] 🔄 Identity rotated (every 10 requests)
[04:46:24] [151/459] CNTD
[04:46:25] [152/459] NLJR
[04:46:25] [153/459] SRNG
[04:46:26] [154/459] MHAL
[04:46:27] [155/459] PNSM
[04:46:29] [156/459] DRMY
[04:46:30] [157/459] CCMU
[04:46:31] [158/459] SCMY
[04:46:31] [159/459] PVSY
[04:46:32] [160/459] SDLM
[04:46:33] 🔄 Identity reset
[04:46:33] 🔄 Identity rotated (every 10 requests)
[04:46:33] [161/459] ICCM
[04:46:35] [162/459] PYSU
[04:46:35] [163/459] GATM
[04:46:36] [164/459] WOTM
[04:46:37] [165/459] RKTS
[04:46:38] [166/459] PMTY
[04:46:39] [167/459] LYMS
[04:46:40] [168/459] TGCA
[04:46:41] [169/459] DSTA
[04:46:42] [170/459] CNGE
[04:46:43] 🔄 Identity reset
[04:46:43] 🔄 Identity rotated (every 10 requests)
[04:46:43] [171/459] VSTG
[04:46:44] [172/459] GTCK
[04:46:45] [173/459] TGNT
[04:46:46] [174/459] ASLC
[04:46:47] [175/459] SSST
[04:46:47] [176/459] KBTT
[04:46:48] [177/459] HKCP
[04:46:49] [178/459] SWLC
[04:46:50] [179/459] RTND
[04:46:51] [180/459] PKKT
[04:46:52] 🔄 Identity reset
[04:46:52] 🔄 Identity rotated (every 10 requests)
[04:46:52] [181/459] HSTK
[04:46:53] [182/459] SPTT
[04:46:54] [183/459] IMPM
[04:46:55] [184/459] SCMV
[04:46:56] [185/459] SPCT
[04:46:57] [186/459] JBCA
[04:46:58] [187/459] ATTR
[04:46:59] [188/459] SPMT
[04:47:00] [189/459] LCTM
[04:47:02] [190/459] SCVL
[04:47:02] 🔄 Identity reset
[04:47:02] 🔄 Identity rotated (every 10 requests)
[04:47:03] [191/459] SCVT
[04:47:03] [192/459] KRIC
[04:47:04] [193/459] CTMG
[04:47:05] [194/459] ACNC
[04:47:06] [195/459] DMCK
[04:47:07] [196/459] KMTV
[04:47:08] [197/459] PFCJ
[04:47:09] [198/459] VNMD
[04:47:10] [199/459] VPCZ
[04:47:11] [200/459] SRYR
[04:47:12] 🔄 Identity reset
[04:47:12] 🔄 Identity rotated (every 10 requests)
[04:47:12] [201/459] SYTR
[04:47:13] [202/459] GATR
[04:47:14] [203/459] URTR
[04:47:15] [204/459] MKSM
[04:47:16] [205/459] VSMH
[04:47:17] [206/459] SKRJ
[04:47:18] [207/459] SSJR
[04:47:19] [208/459] SVSM
[04:47:20] [209/459] RUCM
[04:47:20] [210/459] PRKN
[04:47:21] 🔄 Identity reset
[04:47:21] 🔄 Identity rotated (every 10 requests)
[04:47:22] [211/459] RROH
[04:47:23] [212/459] SCTN
[04:47:25] [213/459] RTDM
[04:47:25] [214/459] ASRM
[04:47:26] [215/459] SKMD
[04:47:28] [216/459] SUTD
[04:47:29] [217/459] SADM
[04:47:31] [218/459] WCNR
[04:47:31] [219/459] CNED
[04:47:32] [220/459] MPDB
[04:47:33] 🔄 Identity reset
[04:47:33] 🔄 Identity rotated (every 10 requests)
[04:47:33] [221/459] KTBH
[04:47:34] [222/459] IDRM
[04:47:35] [223/459] PJJT
[04:47:36] [224/459] PFCV
[04:47:37] [225/459] AACT
[04:47:38] [226/459] AAAD
[04:47:39] [227/459] ANES
[04:47:40] [228/459] MNCA
[04:47:41] [229/459] RMGU
[04:47:42] [230/459] DLCN
[04:47:43] 🔄 Identity reset
[04:47:43] 🔄 Identity rotated (every 10 requests)
[04:47:43] [231/459] LJWT
[04:47:44] [232/459] MCBG
[04:47:45] [233/459] MYBG
[04:47:46] [234/459] GCCA
[04:47:46] [235/459] GCGA
[04:47:47] [236/459] ECGN
[04:47:48] [237/459] PRAB
[04:47:49] [238/459] PNMP
[04:47:50] [239/459] GCPT
[04:47:51] [240/459] ROYN
[04:47:52] 🔄 Identity reset
[04:47:52] 🔄 Identity rotated (every 10 requests)
[04:47:52] [241/459] VATM
[04:47:53] [242/459] KSNT
[04:47:54] [243/459] ACTC
[04:47:55] [244/459] PLTD
[04:47:56] [245/459] SKMK
[04:47:56] [246/459] CMTT
[04:47:57] [247/459] SMXP
[04:47:58] [248/459] SCMX
[04:47:59] [249/459] ACXN
[04:48:01] [250/459] ASWT
[04:48:01] 🔄 Identity reset
[04:48:01] 🔄 Identity rotated (every 10 requests)
[04:48:02] [251/459] VVVL
[04:48:03] [252/459] NAGO
[04:48:04] [253/459] SNCN
[04:48:05] [254/459] MCKP
[04:48:06] [255/459] SAMO
[04:48:07] [256/459] JBTV
[04:48:08] [257/459] DCVV
[04:48:09] [258/459] KMSV
[04:48:10] [259/459] KDCN
[04:48:11] [260/459] CNCP
[04:48:11] 🔄 Identity reset
[04:48:11] 🔄 Identity rotated (every 10 requests)
[04:48:12] [261/459] HAMC
[04:48:13] [262/459] CCVZ
[04:48:14] [263/459] NCCK
[04:48:15] [264/459] MCHR
[04:48:15] [265/459] SCHT
[04:48:16] [266/459] ESSH
[04:48:17] [267/459] CUJC
[04:48:18] [268/459] PECP
[04:48:19] [269/459] PMMI
[04:48:20] [270/459] PCCH
[04:48:21] 🔄 Identity reset
[04:48:21] 🔄 Identity rotated (every 10 requests)
[04:48:22] [271/459] PRPM
[04:48:23] [272/459] PVKL
[04:48:24] [273/459] CBSM
[04:48:25] [274/459] PVCZ
[04:48:26] [275/459] PCVV
[04:48:27] [276/459] CTMJ
[04:48:28] [277/459] RCPS
[04:48:29] [278/459] PCIT
[04:48:30] [279/459] FNCH
[04:48:31] [280/459] INZD
[04:48:32] 🔄 Identity reset
[04:48:32] 🔄 Identity rotated (every 10 requests)
[04:48:33] [281/459] INPC
[04:48:34] [282/459] LCZP
[04:48:34] [283/459] SMCB
[04:48:35] [284/459] PTSB
[04:48:36] [285/459] TPSI
[04:48:37] [286/459] KHMJ
[04:48:38] [287/459] RCCJ
[04:48:40] [288/459] NCJA
[04:48:40] [289/459] NCJN
[04:48:42] [290/459] BTDP
[04:48:43] 🔄 Identity reset
[04:48:43] 🔄 Identity rotated (every 10 requests)
[04:48:43] [291/459] PADY
[04:48:45] [292/459] NYBH
[04:48:46] [293/459] MTBR
[04:48:47] [294/459] KRBC
[04:48:48] [295/459] DKTI
[04:48:49] [296/459] ANAN
[04:48:50] [297/459] INBP
[04:48:51] [298/459] PATB
[04:48:52] [299/459] RGNT
[04:48:53] [300/459] CGPM
[04:48:53] 🔄 Identity reset
[04:48:53] 🔄 Identity rotated (every 10 requests)
[04:48:54] [301/459] INTN
[04:48:54] [302/459] MCMP
[04:48:55] [303/459] ASRG
[04:48:56] [304/459] CXJD
[04:48:58] [305/459] SPCP
[04:48:58] [306/459] CSTP
[04:48:59] [307/459] PKVC
[04:49:00] [308/459] ESCP
[04:49:01] [309/459] CAEP
[04:49:02] [310/459] CCSP
[04:49:03] 🔄 Identity reset
[04:49:03] 🔄 Identity rotated (every 10 requests)
[04:49:03] [311/459] KTPC
[04:49:04] [312/459] DACA
[04:49:05] [313/459] NVKY
[04:49:06] [314/459] PTIN
[04:49:07] [315/459] SCIN
[04:49:08] [316/459] MCTY
[04:49:08] [317/459] PCMX
[04:49:09] [318/459] INIC
[04:49:10] [319/459] MMZM
[04:49:11] [320/459] SSLP
[04:49:12] 🔄 Identity reset
[04:49:12] 🔄 Identity rotated (every 10 requests)
[04:49:12] [321/459] DTDT
[04:49:13] [322/459] FFCX
[04:49:13] [323/459] RCMM
[04:49:14] [324/459] KYID
[04:49:15] [325/459] CSCI
[04:49:17] [326/459] FCMC
[04:49:18] [327/459] MMXI
[04:49:19] [328/459] ASTC
[04:49:20] [329/459] CMRA
[04:49:21] [330/459] DICI
[04:49:21] 🔄 Identity reset
[04:49:21] 🔄 Identity rotated (every 10 requests)
[04:49:22] [331/459] KDIN
[04:49:22] [332/459] PRFI
[04:49:23] [333/459] SVFC
[04:49:24] [334/459] UCPL
[04:49:25] [335/459] COOC
[04:49:26] [336/459] SCAL
[04:49:27] [337/459] SVFF
[04:49:28] [338/459] VCMG
[04:49:29] [339/459] UUCT
[04:49:29] [340/459] GCSE
[04:49:30] 🔄 Identity reset
[04:49:30] 🔄 Identity rotated (every 10 requests)
[04:49:30] [341/459] SUSC
[04:49:31] [342/459] MISC
[04:49:32] [343/459] RMBL
[04:49:33] [344/459] CMXN
[04:49:34] [345/459] PVBK
[04:49:35] [346/459] HHCG
[04:49:35] [347/459] SCAG
[04:49:36] [348/459] CNPR
[04:49:38] [349/459] CSER
[04:49:39] [350/459] HLWD
[04:49:40] 🔄 Identity reset
[04:49:40] 🔄 Identity rotated (every 10 requests)
[04:49:41] [351/459] BOLY
[04:49:42] [352/459] SSPG
[04:49:43] [353/459] MUPX
[04:49:45] [354/459] HAMR
[04:49:46] [355/459] SDNC
[04:49:47] [356/459] RTEN
[04:49:48] [357/459] SDTD
[04:49:48] [358/459] KAWS
[04:49:49] [359/459] CMZX
[04:49:50] [360/459] DCDD
[04:49:51] 🔄 Identity reset
[04:49:51] 🔄 Identity rotated (every 10 requests)
[04:49:51] [361/459] ALSN
[04:49:52] [362/459] IMXS
[04:49:54] [363/459] PVFF
[04:49:54] [364/459] PVOO
[04:49:55] [365/459] CFBS
[04:49:57] [366/459] PVER
[04:49:58] [367/459] PPNX
[04:49:59] [368/459] CNRM
[04:49:59] [369/459] PVWW
[04:50:00] [370/459] INMB
[04:50:01] 🔄 Identity reset
[04:50:01] 🔄 Identity rotated (every 10 requests)
[04:50:02] [371/459] CPJR
[04:50:03] [372/459] INRZ
[04:50:04] [373/459] PMSR
[04:50:05] [374/459] GPGM
[04:50:06] [375/459] PGWB
[04:50:06] [376/459] PMBR
[04:50:07] [377/459] GPAM
[04:50:08] [378/459] INBC
[04:50:10] [379/459] PZVK
[04:50:11] [380/459] CPEB
[04:50:12] 🔄 Identity reset
[04:50:12] 🔄 Identity rotated (every 10 requests)
[04:50:12] [381/459] FMLB
[04:50:14] [382/459] INBG
[04:50:14] [383/459] GPBR
[04:50:15] [384/459] PAAS
[04:50:16] [385/459] VTBR
[04:50:17] [386/459] GPMY
[04:50:18] [387/459] GYBU
[04:50:20] [388/459] INBJ
[04:50:21] [389/459] LKTH
[04:50:21] [390/459] NSBR
[04:50:22] 🔄 Identity reset
[04:50:22] 🔄 Identity rotated (every 10 requests)
[04:50:22] [391/459] PDRD
[04:50:23] [392/459] VRBL
[04:50:24] [393/459] VTGB
[04:50:25] [394/459] VTSK
[04:50:26] [395/459] BKDV
[04:50:27] [396/459] SVTB
[04:50:28] [397/459] MLDT
[04:50:29] [398/459] NRBL
[04:50:30] [399/459] SLTR
[04:50:31] [400/459] VNKA
[04:50:32] 🔄 Identity reset
[04:50:32] 🔄 Identity rotated (every 10 requests)
[04:50:32] [401/459] TDCA
[04:50:33] [402/459] INBM
[04:50:34] [403/459] SSNR
[04:50:34] [404/459] BHAC
[04:50:35] [405/459] SDSD
[04:50:36] [406/459] SAMP
[04:50:37] [407/459] RATK
[04:50:38] [408/459] KCBI
[04:50:39] [409/459] URBL
[04:50:41] [410/459] MKBG
[04:50:41] 🔄 Identity reset
[04:50:41] 🔄 Identity rotated (every 10 requests)
[04:50:42] [411/459] ASTB
[04:50:43] [412/459] VBWT
[04:50:43] [413/459] GPSM
[04:50:44] [414/459] ROON
[04:50:46] [415/459] CHTH
[04:50:47] [416/459] SSPA
[04:50:48] [417/459] ANBL
[04:50:48] [418/459] VTBE
[04:50:49] [419/459] SVKT
[04:50:50] [420/459] SVYK
[04:50:51] 🔄 Identity reset
[04:50:51] 🔄 Identity rotated (every 10 requests)
[04:50:52] [421/459] PTBK
[04:50:53] [422/459] RKTB
[04:50:54] [423/459] BALT
[04:50:55] [424/459] STSV
[04:50:56] [425/459] VCCB
[04:50:57] [426/459] SLTB
[04:50:58] [427/459] SBCR
[04:51:00] [428/459] VDCS
[04:51:01] [429/459] MDKI
[04:51:02] [430/459] SMRN
[04:51:03] 🔄 Identity reset
[04:51:03] 🔄 Identity rotated (every 10 requests)
[04:51:03] [431/459] PTBC
[04:51:04] [432/459] RADI
[04:51:05] [433/459] ADCR
[04:51:06] [434/459] SDCS
[04:51:07] [435/459] SRPJ
[04:51:07] [436/459] ARTS
[04:51:08] [437/459] SRHK
[04:51:10] [438/459] SPAY
[04:51:11] [439/459] GPTB
[04:51:12] [440/459] SNNN
[04:51:12] 🔄 Identity reset
[04:51:12] 🔄 Identity rotated (every 10 requests)
[04:51:13] [441/459] BALJ
[04:51:14] [442/459] TRIG
[04:51:15] [443/459] GTYT
[04:51:15] [444/459] ATGN
[04:51:17] [445/459] ANTE
[04:51:18] [446/459] BDCG
[04:51:19] [447/459] VECI
[04:51:20] [448/459] SCPR
[04:51:22] [449/459] RTEA
[04:51:23] [450/459] JSAI
[04:51:23] 🔄 Identity reset
[04:51:23] 🔄 Identity rotated (every 10 requests)
[04:51:23] [451/459] VJTP
[04:51:24] [452/459] GNDS
[04:51:25] [453/459] PAXA
[04:51:26] [454/459] CGGM
[04:51:27] [455/459] ACKZ
[04:51:28] [456/459] EMCC
[04:51:29] [457/459] KLSK
[04:51:30] [458/459] AVCK
[04:51:31] [459/459] JTCK
[04:51:32] 🧹 Deduping shows
[04:51:32] ✅ DONE | Shows=626 | Movies=22
[21:55:48] 🚀 SCRIPT STARTED (enhanced anti‑detection)
[21:55:48] [1/459] NECA
[21:55:49] 🧠 New identity created
[21:55:50] [2/459] BJLC
[21:55:51] [3/459] BASU
[21:55:51] [4/459] RUPI
[21:55:53] [5/459] LCBK
[21:55:54] [6/459] PMAC
[21:55:55] [7/459] AMLC
[21:55:56] [8/459] LICL
[21:55:57] [9/459] UDMM
[21:55:58] [10/459] STBZ
[21:55:58] 🔄 Identity reset
[21:55:58] 🔄 Identity rotated (every 10 requests)
[21:55:59] [11/459] UUBT
[21:55:59] [12/459] SJKC
[21:56:00] [13/459] TUAL
[21:56:01] [14/459] MRSE
[21:56:02] [15/459] RMRK
[21:56:03] [16/459] TTKP
[21:56:04] [17/459] KTKO
[21:56:05] [18/459] SDBK
[21:56:06] [19/459] MCPR
[21:56:07] [20/459] CHTI
[21:56:07] 🔄 Identity reset
[21:56:07] 🔄 Identity rotated (every 10 requests)
[21:56:08] [21/459] GCCP
[21:56:08] [22/459] SRMY
[21:56:10] [23/459] NYST
[21:56:11] [24/459] NYAG
[21:56:12] [25/459] SBMT
[21:56:13] [26/459] INGA
[21:56:14] [27/459] WSIC
[21:56:15] [28/459] SCSS
[21:56:16] [29/459] COPG
[21:56:17] [30/459] RCGR
[21:56:17] 🔄 Identity reset
[21:56:17] 🔄 Identity rotated (every 10 requests)
[21:56:18] [31/459] TCZA
[21:56:19] [32/459] CNLP
[21:56:20] [33/459] CLKN
[21:56:21] [34/459] LHDF
[21:56:22] [35/459] ELKC
[21:56:23] [36/459] VCEM
[21:56:24] [37/459] SSZA
[21:56:25] [38/459] KRMT
[21:56:26] [39/459] LCMV
[21:56:27] [40/459] AYCZ
[21:56:27] 🔄 Identity reset
[21:56:27] 🔄 Identity rotated (every 10 requests)
[21:56:28] [41/459] CUMS
[21:56:29] [42/459] BOCK
[21:56:30] [43/459] PNMR
[21:56:31] [44/459] PJCP
[21:56:32] [45/459] JDDD
[21:56:33] [46/459] STMS
[21:56:35] [47/459] FLMB
[21:56:36] [48/459] PKCM
[21:56:36] [49/459] SPPR
[21:56:37] [50/459] EYLH
[21:56:38] 🔄 Identity reset
[21:56:38] 🔄 Identity rotated (every 10 requests)
[21:56:38] [51/459] RJCC
[21:56:39] [52/459] MMPS
[21:56:40] [53/459] SHMX
[21:56:42] [54/459] CCNL
[21:56:43] [55/459] RCNV
[21:56:44] [56/459] MAAG
[21:56:45] [57/459] LXCM
[21:56:46] [58/459] RCNI
[21:56:47] [59/459] SNNI
[21:56:48] [60/459] LALC
[21:56:49] 🔄 Identity reset
[21:56:49] 🔄 Identity rotated (every 10 requests)
[21:56:49] 🔄 Retry 1/5 for LALC in 2.3s
[21:56:49] 🔄 Identity reset
[21:56:51] 🧠 New identity created
[21:56:51] 🔄 Retry 2/5 for LALC in 4.1s
[21:56:51] 🔄 Identity reset
[21:56:55] 🧠 New identity created
[21:56:56] [61/459] SOCN
[21:56:57] [62/459] JHTP
[21:56:58] [63/459] PITP
[21:56:59] [64/459] CCKW
[21:57:00] [65/459] MCMC
[21:57:00] [66/459] DEES
[21:57:02] [67/459] SABT
[21:57:03] [68/459] VSPP
[21:57:03] 🔄 Identity reset
[21:57:03] 🔄 Identity rotated (every 10 requests)
[21:57:03] 🔄 Retry 1/5 for VSPP in 2.2s
[21:57:03] 🔄 Identity reset
[21:57:06] 🧠 New identity created
[21:57:06] [69/459] ABCT
[21:57:07] [70/459] JVTB
[21:57:08] [71/459] VCBD
[21:57:09] [72/459] RMGG
[21:57:10] [73/459] RNMH
[21:57:11] [74/459] SPGL
[21:57:12] [75/459] JTTR
[21:57:13] [76/459] SICS
[21:57:14] [77/459] SRMI
[21:57:14] 🔄 Identity reset
[21:57:14] 🔄 Identity rotated (every 10 requests)
[21:57:15] [78/459] SSIJ
[21:57:16] [79/459] KFMT
[21:57:17] [80/459] VBIT
[21:57:17] [81/459] JKCT
[21:57:19] [82/459] GCGP
[21:57:20] [83/459] GDCS
[21:57:21] [84/459] TRBA
[21:57:22] [85/459] QUST
[21:57:23] [86/459] VSHM
[21:57:24] [87/459] SDCP
[21:57:24] 🔄 Identity reset
[21:57:24] 🔄 Identity rotated (every 10 requests)
[21:57:25] [88/459] SNVS
[21:57:26] [89/459] NYTO
[21:57:27] [90/459] URWC
[21:57:28] [91/459] GTWH
[21:57:30] [92/459] PFCM
[21:57:31] [93/459] KRTA
[21:57:32] [94/459] AXMC
[21:57:34] [95/459] EVMC
[21:57:35] [96/459] HGSM
[21:57:36] [97/459] ACVM
[21:57:36] 🔄 Identity reset
[21:57:36] 🔄 Identity rotated (every 10 requests)
[21:57:37] [98/459] PSKL
[21:57:37] [99/459] RDMP
[21:57:38] [100/459] RHGH
[21:57:39] [101/459] OMCM
[21:57:40] [102/459] DCCP
[21:57:41] [103/459] MCPB
[21:57:43] [104/459] ALCI
[21:57:44] [105/459] BLMX
[21:57:45] [106/459] BTMV
[21:57:46] [107/459] FVPN
[21:57:46] 🔄 Identity reset
[21:57:46] 🔄 Identity rotated (every 10 requests)
[21:57:47] [108/459] CMAR
[21:57:47] [109/459] CEIM
[21:57:49] [110/459] CMVA
[21:57:50] [111/459] CPIV
[21:57:51] [112/459] CNPE
[21:57:52] [113/459] COLV
[21:57:53] [114/459] DNNV
[21:57:53] [115/459] HCAD
[21:57:54] [116/459] TAKA
[21:57:56] [117/459] INVD
[21:57:57] 🔄 Identity reset
[21:57:57] 🔄 Identity rotated (every 10 requests)
[21:57:57] [118/459] IRMM
[21:57:58] [119/459] INSE
[21:57:59] [120/459] MRSW
[21:58:00] [121/459] MCVD
[21:58:01] [122/459] MCSO
[21:58:02] [123/459] PEVM
[21:58:03] [124/459] PVNL
[21:58:04] [125/459] PTCV
[21:58:05] [126/459] PRTC
[21:58:06] [127/459] RCVA
[21:58:06] 🔄 Identity reset
[21:58:06] 🔄 Identity rotated (every 10 requests)
[21:58:07] [128/459] MTBN
[21:58:08] [129/459] LUCP
[21:58:09] [130/459] FMPT
[21:58:11] [131/459] JLSL
[21:58:12] [132/459] SBHA
[21:58:13] [133/459] SHRC
[21:58:14] [134/459] AVPS
[21:58:15] [135/459] STPM
[21:58:16] [136/459] ATRD
[21:58:17] [137/459] VTED
[21:58:18] 🔄 Identity reset
[21:58:18] 🔄 Identity rotated (every 10 requests)
[21:58:19] [138/459] ACAI
[21:58:19] [139/459] SMAE
[21:58:20] [140/459] VMAT
[21:58:21] [141/459] LKCT
[21:58:22] [142/459] JTVK
[21:58:23] [143/459] PRTY
[21:58:24] [144/459] GETT
[21:58:25] [145/459] ESAP
[21:58:26] [146/459] NCPM
[21:58:27] [147/459] PCPA
[21:58:28] 🔄 Identity reset
[21:58:28] 🔄 Identity rotated (every 10 requests)
[21:58:28] [148/459] MMOM
[21:58:29] [149/459] PHUP
[21:58:30] [150/459] CCPI
[21:58:32] [151/459] CNTD
[21:58:33] [152/459] NLJR
[21:58:33] [153/459] SRNG
[21:58:35] [154/459] MHAL
[21:58:35] [155/459] PNSM
[21:58:36] [156/459] DRMY
[21:58:37] [157/459] CCMU
[21:58:38] 🔄 Identity reset
[21:58:38] 🔄 Identity rotated (every 10 requests)
[21:58:38] 🔄 Retry 1/5 for CCMU in 2.8s
[21:58:38] 🔄 Identity reset
[21:58:41] 🧠 New identity created
[21:58:41] [158/459] SCMY
[21:58:42] [159/459] PVSY
[21:58:43] [160/459] SDLM
[21:58:44] [161/459] ICCM
[21:58:45] [162/459] PYSU
[21:58:46] [163/459] GATM
[21:58:47] [164/459] WOTM
[21:58:48] [165/459] RKTS
[21:58:49] [166/459] PMTY
[21:58:49] 🔄 Identity reset
[21:58:49] 🔄 Identity rotated (every 10 requests)
[21:58:50] [167/459] LYMS
[21:58:51] [168/459] TGCA
[21:58:51] [169/459] DSTA
[21:58:52] [170/459] CNGE
[21:58:53] [171/459] VSTG
[21:58:54] [172/459] GTCK
[21:58:55] [173/459] TGNT
[21:58:56] [174/459] ASLC
[21:58:57] [175/459] SSST
[21:58:58] [176/459] KBTT
[21:58:59] 🔄 Identity reset
[21:58:59] 🔄 Identity rotated (every 10 requests)
[21:59:00] [177/459] HKCP
[21:59:01] [178/459] SWLC
[21:59:03] [179/459] RTND
[21:59:03] [180/459] PKKT
[21:59:04] [181/459] HSTK
[21:59:05] [182/459] SPTT
[21:59:06] [183/459] IMPM
[21:59:07] [184/459] SCMV
[21:59:08] [185/459] SPCT
[21:59:10] [186/459] JBCA
[21:59:10] 🔄 Identity reset
[21:59:10] 🔄 Identity rotated (every 10 requests)
[21:59:11] [187/459] ATTR
[21:59:12] [188/459] SPMT
[21:59:13] [189/459] LCTM
[21:59:14] [190/459] SCVL
[21:59:15] [191/459] SCVT
[21:59:16] [192/459] KRIC
[21:59:17] [193/459] CTMG
[21:59:17] [194/459] ACNC
[21:59:18] [195/459] DMCK
[21:59:19] [196/459] KMTV
[21:59:20] 🔄 Identity reset
[21:59:20] 🔄 Identity rotated (every 10 requests)
[21:59:20] [197/459] PFCJ
[21:59:21] [198/459] VNMD
[21:59:22] [199/459] VPCZ
[21:59:23] [200/459] SRYR
[21:59:24] [201/459] SYTR
[21:59:25] [202/459] GATR
[21:59:26] [203/459] URTR
[21:59:27] [204/459] MKSM
[21:59:27] [205/459] VSMH
[21:59:28] [206/459] SKRJ
[21:59:29] 🔄 Identity reset
[21:59:29] 🔄 Identity rotated (every 10 requests)
[21:59:29] [207/459] SSJR
[21:59:30] [208/459] SVSM
[21:59:31] [209/459] RUCM
[21:59:32] [210/459] PRKN
[21:59:33] [211/459] RROH
[21:59:35] [212/459] SCTN
[21:59:36] [213/459] RTDM
[21:59:37] [214/459] ASRM
[21:59:39] [215/459] SKMD
[21:59:39] [216/459] SUTD
[21:59:40] 🔄 Identity reset
[21:59:40] 🔄 Identity rotated (every 10 requests)
[21:59:40] [217/459] SADM
[21:59:41] [218/459] WCNR
[21:59:42] [219/459] CNED
[21:59:43] [220/459] MPDB
[21:59:44] [221/459] KTBH
[21:59:45] [222/459] IDRM
[21:59:46] [223/459] PJJT
[21:59:47] [224/459] PFCV
[21:59:48] [225/459] AACT
[21:59:49] [226/459] AAAD
[21:59:49] 🔄 Identity reset
[21:59:49] 🔄 Identity rotated (every 10 requests)
[21:59:50] 🔄 Retry 1/5 for AAAD in 2.5s
[21:59:50] 🔄 Identity reset
[21:59:52] 🧠 New identity created
[21:59:52] [227/459] ANES
[21:59:53] [228/459] MNCA
[21:59:54] [229/459] RMGU
[21:59:55] [230/459] DLCN
[21:59:56] [231/459] LJWT
[21:59:57] [232/459] MCBG
[21:59:58] [233/459] MYBG
[21:59:59] [234/459] GCCA
[22:00:01] [235/459] GCGA
[22:00:01] 🔄 Identity reset
[22:00:01] 🔄 Identity rotated (every 10 requests)
[22:00:02] [236/459] ECGN
[22:00:03] [237/459] PRAB
[22:00:04] [238/459] PNMP
[22:00:05] [239/459] GCPT
[22:00:05] [240/459] ROYN
[22:00:07] [241/459] VATM
[22:00:09] [242/459] KSNT
[22:00:10] [243/459] ACTC
[22:00:11] [244/459] PLTD
[22:00:12] [245/459] SKMK
[22:00:12] 🔄 Identity reset
[22:00:12] 🔄 Identity rotated (every 10 requests)
[22:00:13] [246/459] CMTT
[22:00:14] [247/459] SMXP
[22:00:14] [248/459] SCMX
[22:00:15] [249/459] ACXN
[22:00:16] [250/459] ASWT
[22:00:17] [251/459] VVVL
[22:00:18] [252/459] NAGO
[22:00:19] [253/459] SNCN
[22:00:20] [254/459] MCKP
[22:00:21] [255/459] SAMO
[22:00:21] 🔄 Identity reset
[22:00:21] 🔄 Identity rotated (every 10 requests)
[22:00:22] [256/459] JBTV
[22:00:23] [257/459] DCVV
[22:00:24] [258/459] KMSV
[22:00:25] [259/459] KDCN
[22:00:25] [260/459] CNCP
[22:00:26] [261/459] HAMC
[22:00:27] [262/459] CCVZ
[22:00:29] [263/459] NCCK
[22:00:30] [264/459] MCHR
[22:00:31] [265/459] SCHT
[22:00:31] 🔄 Identity reset
[22:00:31] 🔄 Identity rotated (every 10 requests)
[22:00:32] [266/459] ESSH
[22:00:33] [267/459] CUJC
[22:00:34] [268/459] PECP
[22:00:35] [269/459] PMMI
[22:00:36] [270/459] PCCH
[22:00:37] [271/459] PRPM
[22:00:38] [272/459] PVKL
[22:00:39] [273/459] CBSM
[22:00:40] [274/459] PVCZ
[22:00:42] [275/459] PCVV
[22:00:42] 🔄 Identity reset
[22:00:43] 🔄 Identity rotated (every 10 requests)
[22:00:43] 🔄 Retry 1/5 for PCVV in 2.6s
[22:00:43] 🔄 Identity reset
[22:00:45] 🧠 New identity created
[22:00:46] [276/459] CTMJ
[22:00:46] [277/459] RCPS
[22:00:47] [278/459] PCIT
[22:00:48] [279/459] FNCH
[22:00:49] [280/459] INZD
[22:00:50] [281/459] INPC
[22:00:51] [282/459] LCZP
[22:00:52] [283/459] SMCB
[22:00:53] [284/459] PTSB
[22:00:54] 🔄 Identity reset
[22:00:54] 🔄 Identity rotated (every 10 requests)
[22:00:54] [285/459] TPSI
[22:00:55] [286/459] KHMJ
[22:00:56] [287/459] RCCJ
[22:00:57] [288/459] NCJA
[22:00:58] [289/459] NCJN
[22:00:59] [290/459] BTDP
[22:01:00] [291/459] PADY
[22:01:01] [292/459] NYBH
[22:01:02] [293/459] MTBR
[22:01:03] [294/459] KRBC
[22:01:04] 🔄 Identity reset
[22:01:04] 🔄 Identity rotated (every 10 requests)
[22:01:04] [295/459] DKTI
[22:01:05] [296/459] ANAN
[22:01:06] [297/459] INBP
[22:01:07] [298/459] PATB
[22:01:08] [299/459] RGNT
[22:01:09] [300/459] CGPM
[22:01:10] [301/459] INTN
[22:01:11] [302/459] MCMP
[22:01:12] [303/459] ASRG
[22:01:13] [304/459] CXJD
[22:01:13] 🔄 Identity reset
[22:01:13] 🔄 Identity rotated (every 10 requests)
[22:01:14] [305/459] SPCP
[22:01:15] [306/459] CSTP
[22:01:16] [307/459] PKVC
[22:01:17] [308/459] ESCP
[22:01:18] [309/459] CAEP
[22:01:19] [310/459] CCSP
[22:01:20] [311/459] KTPC
[22:01:21] [312/459] DACA
[22:01:22] [313/459] NVKY
[22:01:23] [314/459] PTIN
[22:01:23] 🔄 Identity reset
[22:01:23] 🔄 Identity rotated (every 10 requests)
[22:01:24] [315/459] SCIN
[22:01:25] [316/459] MCTY
[22:01:26] [317/459] PCMX
[22:01:27] [318/459] INIC
[22:01:28] [319/459] MMZM
[22:01:29] [320/459] SSLP
[22:01:29] [321/459] DTDT
[22:01:30] [322/459] FFCX
[22:01:32] [323/459] RCMM
[22:01:33] [324/459] KYID
[22:01:33] 🔄 Identity reset
[22:01:33] 🔄 Identity rotated (every 10 requests)
[22:01:34] [325/459] CSCI
[22:01:35] [326/459] FCMC
[22:01:36] [327/459] MMXI
[22:01:37] [328/459] ASTC
[22:01:38] [329/459] CMRA
[22:01:39] [330/459] DICI
[22:01:41] [331/459] KDIN
[22:01:42] [332/459] PRFI
[22:01:43] [333/459] SVFC
[22:01:43] [334/459] UCPL
[22:01:44] 🔄 Identity reset
[22:01:44] 🔄 Identity rotated (every 10 requests)
[22:01:45] [335/459] COOC
[22:01:46] [336/459] SCAL
[22:01:46] [337/459] SVFF
[22:01:47] [338/459] VCMG
[22:01:48] [339/459] UUCT
[22:01:49] [340/459] GCSE
[22:01:50] [341/459] SUSC
[22:01:51] [342/459] MISC
[22:01:52] [343/459] RMBL
[22:01:53] [344/459] CMXN
[22:01:54] 🔄 Identity reset
[22:01:54] 🔄 Identity rotated (every 10 requests)
[22:01:54] [345/459] PVBK
[22:01:55] [346/459] HHCG
[22:01:56] [347/459] SCAG
[22:01:58] [348/459] CNPR
[22:01:58] [349/459] CSER
[22:01:59] [350/459] HLWD
[22:02:00] [351/459] BOLY
[22:02:01] [352/459] SSPG
[22:02:02] [353/459] MUPX
[22:02:03] [354/459] HAMR
[22:02:03] 🔄 Identity reset
[22:02:03] 🔄 Identity rotated (every 10 requests)
[22:02:04] [355/459] SDNC
[22:02:05] [356/459] RTEN
[22:02:06] [357/459] SDTD
[22:02:07] [358/459] KAWS
[22:02:07] [359/459] CMZX
[22:02:08] [360/459] DCDD
[22:02:09] [361/459] ALSN
[22:02:10] [362/459] IMXS
[22:02:11] [363/459] PVFF
[22:02:12] [364/459] PVOO
[22:02:12] 🔄 Identity reset
[22:02:12] 🔄 Identity rotated (every 10 requests)
[22:02:13] [365/459] CFBS
[22:02:14] [366/459] PVER
[22:02:15] [367/459] PPNX
[22:02:17] [368/459] CNRM
[22:02:18] [369/459] PVWW
[22:02:19] [370/459] INMB
[22:02:20] [371/459] CPJR
[22:02:21] [372/459] INRZ
[22:02:21] [373/459] PMSR
[22:02:22] [374/459] GPGM
[22:02:23] 🔄 Identity reset
[22:02:23] 🔄 Identity rotated (every 10 requests)
[22:02:23] [375/459] PGWB
[22:02:24] [376/459] PMBR
[22:02:25] [377/459] GPAM
[22:02:26] [378/459] INBC
[22:02:27] [379/459] PZVK
[22:02:28] [380/459] CPEB
[22:02:29] [381/459] FMLB
[22:02:29] [382/459] INBG
[22:02:30] [383/459] GPBR
[22:02:31] [384/459] PAAS
[22:02:32] 🔄 Identity reset
[22:02:32] 🔄 Identity rotated (every 10 requests)
[22:02:32] 🔄 Retry 1/5 for PAAS in 2.9s
[22:02:32] 🔄 Identity reset
[22:02:35] 🧠 New identity created
[22:02:35] 🔄 Retry 2/5 for PAAS in 4.0s
[22:02:35] 🔄 Identity reset
[22:02:39] 🧠 New identity created
[22:02:39] [385/459] VTBR
[22:02:40] [386/459] GPMY
[22:02:41] [387/459] GYBU
[22:02:42] [388/459] INBJ
[22:02:43] [389/459] LKTH
[22:02:44] [390/459] NSBR
[22:02:45] [391/459] PDRD
[22:02:46] [392/459] VRBL
[22:02:46] 🔄 Identity reset
[22:02:46] 🔄 Identity rotated (every 10 requests)
[22:02:47] [393/459] VTGB
[22:02:48] [394/459] VTSK
[22:02:49] [395/459] BKDV
[22:02:51] [396/459] SVTB
[22:02:52] [397/459] MLDT
[22:02:53] [398/459] NRBL
[22:02:54] [399/459] SLTR
[22:02:54] [400/459] VNKA
[22:02:55] [401/459] TDCA
[22:02:57] [402/459] INBM
[22:02:57] 🔄 Identity reset
[22:02:57] 🔄 Identity rotated (every 10 requests)
[22:02:58] [403/459] SSNR
[22:02:58] [404/459] BHAC
[22:02:59] [405/459] SDSD
[22:03:00] [406/459] SAMP
[22:03:01] [407/459] RATK
[22:03:02] [408/459] KCBI
[22:03:03] [409/459] URBL
[22:03:04] [410/459] MKBG
[22:03:06] [411/459] ASTB
[22:03:07] [412/459] VBWT
[22:03:07] 🔄 Identity reset
[22:03:07] 🔄 Identity rotated (every 10 requests)
[22:03:08] [413/459] GPSM
[22:03:08] [414/459] ROON
[22:03:09] [415/459] CHTH
[22:03:11] [416/459] SSPA
[22:03:11] [417/459] ANBL
[22:03:12] [418/459] VTBE
[22:03:13] [419/459] SVKT
[22:03:14] [420/459] SVYK
[22:03:15] [421/459] PTBK
[22:03:16] [422/459] RKTB
[22:03:17] 🔄 Identity reset
[22:03:17] 🔄 Identity rotated (every 10 requests)
[22:03:17] [423/459] BALT
[22:03:18] [424/459] STSV
[22:03:19] [425/459] VCCB
[22:03:20] [426/459] SLTB
[22:03:21] [427/459] SBCR
[22:03:22] [428/459] VDCS
[22:03:23] [429/459] MDKI
[22:03:24] [430/459] SMRN
[22:03:25] [431/459] PTBC
[22:03:26] [432/459] RADI
[22:03:26] 🔄 Identity reset
[22:03:26] 🔄 Identity rotated (every 10 requests)
[22:03:27] [433/459] ADCR
[22:03:28] [434/459] SDCS
[22:03:29] [435/459] SRPJ
[22:03:30] [436/459] ARTS
[22:03:30] [437/459] SRHK
[22:03:31] [438/459] SPAY
[22:03:32] [439/459] GPTB
[22:03:33] [440/459] SNNN
[22:03:34] [441/459] BALJ
[22:03:35] [442/459] TRIG
[22:03:35] 🔄 Identity reset
[22:03:35] 🔄 Identity rotated (every 10 requests)
[22:03:36] [443/459] GTYT
[22:03:37] [444/459] ATGN
[22:03:38] [445/459] ANTE
[22:03:40] [446/459] BDCG
[22:03:41] [447/459] VECI
[22:03:42] [448/459] SCPR
[22:03:43] [449/459] RTEA
[22:03:43] [450/459] JSAI
[22:03:44] [451/459] VJTP
[22:03:45] [452/459] GNDS
[22:03:46] 🔄 Identity reset
[22:03:46] 🔄 Identity rotated (every 10 requests)
[22:03:46] [453/459] PAXA
[22:03:47] [454/459] CGGM
[22:03:48] [455/459] ACKZ
[22:03:49] [456/459] EMCC
[22:03:50] [457/459] KLSK
[22:03:51] [458/459] AVCK
[22:03:52] [459/459] JTCK
[22:03:53] 🧹 Deduping shows
[22:03:53] ✅ DONE | Shows=1404 | Movies=46
[10:21:10] 🚀 SCRIPT STARTED
[10:21:10] [1/459] NECA
[10:21:10] 🧠 New identity created
[10:21:12] [2/459] BJLC
[10:21:13] [3/459] BASU
[10:21:15] [4/459] RUPI
[10:21:16] [5/459] LCBK
[10:21:17] [6/459] PMAC
[10:21:19] [7/459] AMLC
[10:21:20] [8/459] LICL
[10:21:21] [9/459] UDMM
[10:21:22] [10/459] STBZ
[10:21:22] 🔄 Identity reset
[10:21:22] 🔄 Identity rotated (every 10 requests)
[10:21:23] [11/459] UUBT
[10:21:25] [12/459] SJKC
[10:21:26] [13/459] TUAL
[10:21:27] [14/459] MRSE
[10:21:29] [15/459] RMRK
[10:21:30] [16/459] TTKP
[10:21:31] [17/459] KTKO
[10:21:31] [18/459] SDBK
[10:21:32] [19/459] MCPR
[10:21:33] [20/459] CHTI
[10:21:33] 🔄 Identity reset
[10:21:33] 🔄 Identity rotated (every 10 requests)
[10:21:34] [21/459] GCCP
[10:21:35] [22/459] SRMY
[10:21:36] [23/459] NYST
[10:21:37] [24/459] NYAG
[10:21:38] [25/459] SBMT
[10:21:40] [26/459] INGA
[10:21:42] [27/459] WSIC
[10:21:42] [28/459] SCSS
[10:21:44] [29/459] COPG
[10:21:46] [30/459] RCGR
[10:21:46] 🔄 Identity reset
[10:21:46] 🔄 Identity rotated (every 10 requests)
[10:21:46] [31/459] TCZA
[10:21:48] [32/459] CNLP
[10:21:50] [33/459] CLKN
[10:21:52] [34/459] LHDF
[10:21:53] [35/459] ELKC
[10:21:55] [36/459] VCEM
[10:21:56] [37/459] SSZA
[10:21:57] [38/459] KRMT
[10:21:58] [39/459] LCMV
[10:21:59] [40/459] AYCZ
[10:21:59] 🔄 Identity reset
[10:21:59] 🔄 Identity rotated (every 10 requests)
[10:22:00] [41/459] CUMS
[10:22:01] [42/459] BOCK
[10:22:02] [43/459] PNMR
[10:22:03] [44/459] PJCP
[10:22:05] [45/459] JDDD
[10:22:06] [46/459] STMS
[10:22:07] [47/459] FLMB
[10:22:08] [48/459] PKCM
[10:22:09] [49/459] SPPR
[10:22:10] [50/459] EYLH
[10:22:10] 🔄 Identity reset
[10:22:10] 🔄 Identity rotated (every 10 requests)
[10:22:11] [51/459] RJCC
[10:22:12] [52/459] MMPS
[10:22:13] [53/459] SHMX
[10:22:14] [54/459] CCNL
[10:22:15] [55/459] RCNV
[10:22:16] [56/459] MAAG
[10:22:17] [57/459] LXCM
[10:22:19] [58/459] RCNI
[10:22:20] [59/459] SNNI
[10:22:21] [60/459] LALC
[10:22:21] 🔄 Identity reset
[10:22:21] 🔄 Identity rotated (every 10 requests)
[10:22:21] 🔄 Retry 1/5 for LALC in 2.3s
[10:22:21] 🔄 Identity reset
[10:22:24] 🧠 New identity created
[10:22:25] [61/459] SOCN
[10:22:26] [62/459] JHTP
[10:22:27] [63/459] PITP
[10:22:28] [64/459] CCKW
[10:22:30] [65/459] MCMC
[10:22:31] [66/459] DEES
[10:22:32] [67/459] SABT
[10:22:33] [68/459] VSPP
[10:22:34] [69/459] ABCT
[10:22:34] 🔄 Identity reset
[10:22:34] 🔄 Identity rotated (every 10 requests)
[10:22:35] [70/459] JVTB
[10:22:36] [71/459] VCBD
[10:22:37] [72/459] RMGG
[10:22:38] [73/459] RNMH
[10:22:39] [74/459] SPGL
[10:22:40] [75/459] JTTR
[10:22:41] [76/459] SICS
[10:22:43] [77/459] SRMI
[10:22:44] [78/459] SSIJ
[10:22:44] [79/459] KFMT
[10:22:44] 🔄 Identity reset
[10:22:44] 🔄 Identity rotated (every 10 requests)
[10:22:45] [80/459] VBIT
[10:22:47] [81/459] JKCT
[10:22:48] [82/459] GCGP
[10:22:50] [83/459] GDCS
[10:22:51] [84/459] TRBA
[10:22:53] [85/459] QUST
[10:22:54] [86/459] VSHM
[10:22:56] [87/459] SDCP
[10:22:57] [88/459] SNVS
[10:22:59] [89/459] NYTO
[10:22:59] 🔄 Identity reset
[10:22:59] 🔄 Identity rotated (every 10 requests)
[10:23:00] [90/459] URWC
[10:23:01] [91/459] GTWH
[10:23:02] [92/459] PFCM
[10:23:03] [93/459] KRTA
[10:23:04] [94/459] AXMC
[10:23:05] [95/459] EVMC
[10:23:06] [96/459] HGSM
[10:23:07] [97/459] ACVM
[10:23:09] [98/459] PSKL
[10:23:10] [99/459] RDMP
[10:23:10] 🔄 Identity reset
[10:23:10] 🔄 Identity rotated (every 10 requests)
[10:23:12] [100/459] RHGH
[10:23:14] [101/459] OMCM
[10:23:15] [102/459] DCCP
[10:23:15] [103/459] MCPB
[10:23:16] [104/459] ALCI
[10:23:18] [105/459] BLMX
[10:23:20] [106/459] BTMV
[10:23:21] [107/459] FVPN
[10:23:23] [108/459] CMAR
[10:23:24] [109/459] CEIM
[10:23:24] 🔄 Identity reset
[10:23:24] 🔄 Identity rotated (every 10 requests)
[10:23:25] [110/459] CMVA
[10:23:26] [111/459] CPIV
[10:23:27] [112/459] CNPE
[10:23:28] [113/459] COLV
[10:23:29] [114/459] DNNV
[10:23:30] [115/459] HCAD
[10:23:31] [116/459] TAKA
[10:23:32] [117/459] INVD
[10:23:34] [118/459] IRMM
[10:23:34] [119/459] INSE
[10:23:34] 🔄 Identity reset
[10:23:34] 🔄 Identity rotated (every 10 requests)
[10:23:35] [120/459] MRSW
[10:23:36] [121/459] MCVD
[10:23:37] [122/459] MCSO
[10:23:38] [123/459] PEVM
[10:23:40] [124/459] PVNL
[10:23:41] [125/459] PTCV
[10:23:42] [126/459] PRTC
[10:23:43] [127/459] RCVA
[10:23:44] [128/459] MTBN
[10:23:45] [129/459] LUCP
[10:23:45] 🔄 Identity reset
[10:23:45] 🔄 Identity rotated (every 10 requests)
[10:23:47] [130/459] FMPT
[10:23:48] [131/459] JLSL
[10:23:49] [132/459] SBHA
[10:23:50] [133/459] SHRC
[10:23:51] [134/459] AVPS
[10:23:53] [135/459] STPM
[10:23:54] [136/459] ATRD
[10:23:55] [137/459] VTED
[10:23:55] [138/459] ACAI
[10:23:57] [139/459] SMAE
[10:23:57] 🔄 Identity reset
[10:23:57] 🔄 Identity rotated (every 10 requests)
[10:23:57] [140/459] VMAT
[10:23:59] [141/459] LKCT
[10:24:00] [142/459] JTVK
[10:24:02] [143/459] PRTY
[10:24:03] [144/459] GETT
[10:24:04] [145/459] ESAP
[10:24:05] [146/459] NCPM
[10:24:06] [147/459] PCPA
[10:24:07] [148/459] MMOM
[10:24:09] [149/459] PHUP
[10:24:09] 🔄 Identity reset
[10:24:09] 🔄 Identity rotated (every 10 requests)
[10:24:09] [150/459] CCPI
[10:24:10] [151/459] CNTD
[10:24:11] [152/459] NLJR
[10:24:12] [153/459] SRNG
[10:24:13] [154/459] MHAL
[10:24:14] [155/459] PNSM
[10:24:15] [156/459] DRMY
[10:24:16] [157/459] CCMU
[10:24:18] [158/459] SCMY
[10:24:20] [159/459] PVSY
[10:24:20] 🔄 Identity reset
[10:24:20] 🔄 Identity rotated (every 10 requests)
[10:24:21] [160/459] SDLM
[10:24:23] [161/459] ICCM
[10:24:24] [162/459] PYSU
[10:24:25] [163/459] GATM
[10:24:26] [164/459] WOTM
[10:24:28] [165/459] RKTS
[10:24:29] [166/459] PMTY
[10:24:30] [167/459] LYMS
[10:24:31] [168/459] TGCA
[10:24:32] [169/459] DSTA
[10:24:32] 🔄 Identity reset
[10:24:32] 🔄 Identity rotated (every 10 requests)
[10:24:33] [170/459] CNGE
[10:24:34] [171/459] VSTG
[10:24:35] [172/459] GTCK
[10:24:36] [173/459] TGNT
[10:24:38] [174/459] ASLC
[10:24:39] [175/459] SSST
[10:24:40] [176/459] KBTT
[10:24:41] [177/459] HKCP
[10:24:42] [178/459] SWLC
[10:24:44] [179/459] RTND
[10:24:44] 🔄 Identity reset
[10:24:44] 🔄 Identity rotated (every 10 requests)
[10:24:45] [180/459] PKKT
[10:24:46] [181/459] HSTK
[10:24:47] [182/459] SPTT
[10:24:49] [183/459] IMPM
[10:24:49] [184/459] SCMV
[10:24:51] [185/459] SPCT
[10:24:52] [186/459] JBCA
[10:24:54] [187/459] ATTR
[10:24:55] [188/459] SPMT
[10:24:56] [189/459] LCTM
[10:24:56] 🔄 Identity reset
[10:24:56] 🔄 Identity rotated (every 10 requests)
[10:24:57] [190/459] SCVL
[10:24:58] [191/459] SCVT
[10:24:59] [192/459] KRIC
[10:25:00] [193/459] CTMG
[10:25:02] [194/459] ACNC
[10:25:03] [195/459] DMCK
[10:25:04] [196/459] KMTV
[10:25:05] [197/459] PFCJ
[10:25:07] [198/459] VNMD
[10:25:07] [199/459] VPCZ
[10:25:07] 🔄 Identity reset
[10:25:08] 🔄 Identity rotated (every 10 requests)
[10:25:08] [200/459] SRYR
[10:25:10] [201/459] SYTR
[10:25:11] [202/459] GATR
[10:25:12] [203/459] URTR
[10:25:13] [204/459] MKSM
[10:25:14] [205/459] VSMH
[10:25:16] [206/459] SKRJ
[10:25:17] [207/459] SSJR
[10:25:19] [208/459] SVSM
[10:25:19] [209/459] RUCM
[10:25:19] 🔄 Identity reset
[10:25:20] 🔄 Identity rotated (every 10 requests)
[10:25:21] [210/459] PRKN
[10:25:22] [211/459] RROH
[10:25:23] [212/459] SCTN
[10:25:25] [213/459] RTDM
[10:25:26] [214/459] ASRM
[10:25:26] [215/459] SKMD
[10:25:28] [216/459] SUTD
[10:25:29] [217/459] SADM
[10:25:30] [218/459] WCNR
[10:25:31] [219/459] CNED
[10:25:31] 🔄 Identity reset
[10:25:31] 🔄 Identity rotated (every 10 requests)
[10:25:32] [220/459] MPDB
[10:25:33] [221/459] KTBH
[10:25:34] [222/459] IDRM
[10:25:35] [223/459] PJJT
[10:25:36] [224/459] PFCV
[10:25:37] [225/459] AACT
[10:25:38] [226/459] AAAD
[10:25:40] [227/459] ANES
[10:25:41] [228/459] MNCA
[10:25:42] [229/459] RMGU
[10:25:42] 🔄 Identity reset
[10:25:42] 🔄 Identity rotated (every 10 requests)
[10:25:44] [230/459] DLCN
[10:25:45] [231/459] LJWT
[10:25:46] [232/459] MCBG
[10:25:48] [233/459] MYBG
[10:25:49] [234/459] GCCA
[10:25:50] [235/459] GCGA
[10:25:51] [236/459] ECGN
[10:25:53] [237/459] PRAB
[10:25:53] [238/459] PNMP
[10:25:54] [239/459] GCPT
[10:25:54] 🔄 Identity reset
[10:25:54] 🔄 Identity rotated (every 10 requests)
[10:25:56] [240/459] ROYN
[10:25:57] [241/459] VATM
[10:25:58] [242/459] KSNT
[10:25:59] [243/459] ACTC
[10:26:00] [244/459] PLTD
[10:26:00] [245/459] SKMK
[10:26:02] [246/459] CMTT
[10:26:03] [247/459] SMXP
[10:26:04] [248/459] SCMX
[10:26:04] [249/459] ACXN
[10:26:04] 🔄 Identity reset
[10:26:04] 🔄 Identity rotated (every 10 requests)
[10:26:06] [250/459] ASWT
[10:26:07] [251/459] VVVL
[10:26:08] [252/459] NAGO
[10:26:09] [253/459] SNCN
[10:26:09] [254/459] MCKP
[10:26:10] [255/459] SAMO
[10:26:11] [256/459] JBTV
[10:26:12] [257/459] DCVV
[10:26:13] [258/459] KMSV
[10:26:15] [259/459] KDCN
[10:26:15] 🔄 Identity reset
[10:26:15] 🔄 Identity rotated (every 10 requests)
[10:26:15] [260/459] CNCP
[10:26:16] [261/459] HAMC
[10:26:18] [262/459] CCVZ
[10:26:19] [263/459] NCCK
[10:26:20] [264/459] MCHR
[10:26:21] [265/459] SCHT
[10:26:22] [266/459] ESSH
[10:26:23] [267/459] CUJC
[10:26:25] [268/459] PECP
[10:26:26] [269/459] PMMI
[10:26:26] 🔄 Identity reset
[10:26:26] 🔄 Identity rotated (every 10 requests)
[10:26:27] [270/459] PCCH
[10:26:29] [271/459] PRPM
[10:26:30] [272/459] PVKL
[10:26:32] [273/459] CBSM
[10:26:33] [274/459] PVCZ
[10:26:34] [275/459] PCVV
[10:26:35] [276/459] CTMJ
[10:26:36] [277/459] RCPS
[10:26:37] [278/459] PCIT
[10:26:38] [279/459] FNCH
[10:26:38] 🔄 Identity reset
[10:26:38] 🔄 Identity rotated (every 10 requests)
[10:26:39] [280/459] INZD
[10:26:40] [281/459] INPC
[10:26:42] [282/459] LCZP
[10:26:43] [283/459] SMCB
[10:26:44] [284/459] PTSB
[10:26:44] [285/459] TPSI
[10:26:46] [286/459] KHMJ
[10:26:47] [287/459] RCCJ
[10:26:48] [288/459] NCJA
[10:26:49] [289/459] NCJN
[10:26:49] 🔄 Identity reset
[10:26:49] 🔄 Identity rotated (every 10 requests)
[10:26:50] [290/459] BTDP
[10:26:51] [291/459] PADY
[10:26:52] [292/459] NYBH
[10:26:53] [293/459] MTBR
[10:26:54] [294/459] KRBC
[10:26:55] [295/459] DKTI
[10:26:56] [296/459] ANAN
[10:26:57] [297/459] INBP
[10:26:58] [298/459] PATB
[10:26:58] [299/459] RGNT
[10:26:58] 🔄 Identity reset
[10:26:58] 🔄 Identity rotated (every 10 requests)
[10:27:00] [300/459] CGPM
[10:27:01] [301/459] INTN
[10:27:02] [302/459] MCMP
[10:27:03] [303/459] ASRG
[10:27:04] [304/459] CXJD
[10:27:05] [305/459] SPCP
[10:27:06] [306/459] CSTP
[10:27:06] [307/459] PKVC
[10:27:08] [308/459] ESCP
[10:27:09] [309/459] CAEP
[10:27:09] 🔄 Identity reset
[10:27:09] 🔄 Identity rotated (every 10 requests)
[10:27:10] [310/459] CCSP
[10:27:11] [311/459] KTPC
[10:27:12] [312/459] DACA
[10:27:14] [313/459] NVKY
[10:27:15] [314/459] PTIN
[10:27:16] [315/459] SCIN
[10:27:17] [316/459] MCTY
[10:27:18] [317/459] PCMX
[10:27:19] [318/459] INIC
[10:27:21] [319/459] MMZM
[10:27:21] 🔄 Identity reset
[10:27:21] 🔄 Identity rotated (every 10 requests)
[10:27:22] [320/459] SSLP
[10:27:24] [321/459] DTDT
[10:27:24] [322/459] FFCX
[10:27:25] [323/459] RCMM
[10:27:26] [324/459] KYID
[10:27:27] [325/459] CSCI
[10:27:28] [326/459] FCMC
[10:27:29] [327/459] MMXI
[10:27:31] [328/459] ASTC
[10:27:32] [329/459] CMRA
[10:27:32] 🔄 Identity reset
[10:27:32] 🔄 Identity rotated (every 10 requests)
[10:27:33] [330/459] DICI
[10:27:34] [331/459] KDIN
[10:27:35] [332/459] PRFI
[10:27:37] [333/459] SVFC
[10:27:37] [334/459] UCPL
[10:27:38] [335/459] COOC
[10:27:39] [336/459] SCAL
[10:27:40] [337/459] SVFF
[10:27:41] [338/459] VCMG
[10:27:42] [339/459] UUCT
[10:27:42] 🔄 Identity reset
[10:27:42] 🔄 Identity rotated (every 10 requests)
[10:27:44] [340/459] GCSE
[10:27:45] [341/459] SUSC
[10:27:45] [342/459] MISC
[10:27:46] [343/459] RMBL
[10:27:48] [344/459] CMXN
[10:27:49] [345/459] PVBK
[10:27:50] [346/459] HHCG
[10:27:51] [347/459] SCAG
[10:27:52] [348/459] CNPR
[10:27:53] [349/459] CSER
[10:27:53] 🔄 Identity reset
[10:27:53] 🔄 Identity rotated (every 10 requests)
[10:27:54] [350/459] HLWD
[10:27:55] [351/459] BOLY
[10:27:56] [352/459] SSPG
[10:27:57] [353/459] MUPX
[10:27:58] [354/459] HAMR
[10:27:59] [355/459] SDNC
[10:27:59] [356/459] RTEN
[10:28:00] [357/459] SDTD
[10:28:01] [358/459] KAWS
[10:28:03] [359/459] CMZX
[10:28:03] 🔄 Identity reset
[10:28:03] 🔄 Identity rotated (every 10 requests)
[10:28:04] [360/459] DCDD
[10:28:04] [361/459] ALSN
[10:28:05] [362/459] IMXS
[10:28:06] [363/459] PVFF
[10:28:07] [364/459] PVOO
[10:28:08] [365/459] CFBS
[10:28:10] [366/459] PVER
[10:28:11] [367/459] PPNX
[10:28:13] [368/459] CNRM
[10:28:13] [369/459] PVWW
[10:28:13] 🔄 Identity reset
[10:28:13] 🔄 Identity rotated (every 10 requests)
[10:28:14] [370/459] INMB
[10:28:15] [371/459] CPJR
[10:28:17] [372/459] INRZ
[10:28:18] [373/459] PMSR
[10:28:19] [374/459] GPGM
[10:28:20] [375/459] PGWB
[10:28:22] [376/459] PMBR
[10:28:23] [377/459] GPAM
[10:28:25] [378/459] INBC
[10:28:27] [379/459] PZVK
[10:28:27] 🔄 Identity reset
[10:28:27] 🔄 Identity rotated (every 10 requests)
[10:28:27] [380/459] CPEB
[10:28:28] [381/459] FMLB
[10:28:30] [382/459] INBG
[10:28:31] [383/459] GPBR
[10:28:32] [384/459] PAAS
[10:28:33] [385/459] VTBR
[10:28:34] [386/459] GPMY
[10:28:35] [387/459] GYBU
[10:28:35] [388/459] INBJ
[10:28:36] [389/459] LKTH
[10:28:36] 🔄 Identity reset
[10:28:36] 🔄 Identity rotated (every 10 requests)
[10:28:37] [390/459] NSBR
[10:28:38] [391/459] PDRD
[10:28:39] [392/459] VRBL
[10:28:41] [393/459] VTGB
[10:28:43] [394/459] VTSK
[10:28:44] [395/459] BKDV
[10:28:45] [396/459] SVTB
[10:28:46] [397/459] MLDT
[10:28:47] [398/459] NRBL
[10:28:48] [399/459] SLTR
[10:28:48] 🔄 Identity reset
[10:28:48] 🔄 Identity rotated (every 10 requests)
[10:28:49] [400/459] VNKA
[10:28:50] [401/459] TDCA
[10:28:51] [402/459] INBM
[10:28:52] [403/459] SSNR
[10:28:53] [404/459] BHAC
[10:28:54] [405/459] SDSD
[10:28:55] [406/459] SAMP
[10:28:56] [407/459] RATK
[10:28:58] [408/459] KCBI
[10:28:58] [409/459] URBL
[10:28:58] 🔄 Identity reset
[10:28:59] 🔄 Identity rotated (every 10 requests)
[10:28:59] [410/459] MKBG
[10:29:00] [411/459] ASTB
[10:29:01] [412/459] VBWT
[10:29:02] [413/459] GPSM
[10:29:04] [414/459] ROON
[10:29:05] [415/459] CHTH
[10:29:06] [416/459] SSPA
[10:29:07] [417/459] ANBL
[10:29:09] [418/459] VTBE
[10:29:11] [419/459] SVKT
[10:29:11] 🔄 Identity reset
[10:29:11] 🔄 Identity rotated (every 10 requests)
[10:29:11] [420/459] SVYK
[10:29:13] [421/459] PTBK
[10:29:13] [422/459] RKTB
[10:29:14] [423/459] BALT
[10:29:16] [424/459] STSV
[10:29:17] [425/459] VCCB
[10:29:18] [426/459] SLTB
[10:29:18] [427/459] SBCR
[10:29:20] [428/459] VDCS
[10:29:21] [429/459] MDKI
[10:29:21] 🔄 Identity reset
[10:29:21] 🔄 Identity rotated (every 10 requests)
[10:29:22] [430/459] SMRN
[10:29:23] [431/459] PTBC
[10:29:23] [432/459] RADI
[10:29:24] [433/459] ADCR
[10:29:25] [434/459] SDCS
[10:29:26] [435/459] SRPJ
[10:29:28] [436/459] ARTS
[10:29:30] [437/459] SRHK
[10:29:31] [438/459] SPAY
[10:29:32] [439/459] GPTB
[10:29:32] 🔄 Identity reset
[10:29:32] 🔄 Identity rotated (every 10 requests)
[10:29:33] [440/459] SNNN
[10:29:34] [441/459] BALJ
[10:29:34] [442/459] TRIG
[10:29:36] [443/459] GTYT
[10:29:37] [444/459] ATGN
[10:29:39] [445/459] ANTE
[10:29:40] [446/459] BDCG
[10:29:41] [447/459] VECI
[10:29:41] [448/459] SCPR
[10:29:42] [449/459] RTEA
[10:29:42] 🔄 Identity reset
[10:29:42] 🔄 Identity rotated (every 10 requests)
[10:29:43] [450/459] JSAI
[10:29:44] [451/459] VJTP
[10:29:45] [452/459] GNDS
[10:29:46] [453/459] PAXA
[10:29:47] [454/459] CGGM
[10:29:48] [455/459] ACKZ
[10:29:49] [456/459] EMCC
[10:29:50] [457/459] KLSK
[10:29:51] [458/459] AVCK
[10:29:52] [459/459] JTCK
[10:29:52] 🔄 Identity reset
[10:29:52] 🔄 Identity rotated (every 10 requests)
[10:29:54] 🧹 Deduping shows
[10:29:54] ✅ DONE | Shows=4302 | Movies=74
[16:21:35] 🚀 SCRIPT STARTED
[16:21:35] [1/459] NECA
[16:21:35] 🧠 New identity created
[16:21:36] [2/459] BJLC
[16:21:37] [3/459] BASU
[16:21:38] [4/459] RUPI
[16:21:38] [5/459] LCBK
[16:21:39] [6/459] PMAC
[16:21:40] [7/459] AMLC
[16:21:41] [8/459] LICL
[16:21:42] [9/459] UDMM
[16:21:43] [10/459] STBZ
[16:21:43] 🔄 Identity reset
[16:21:43] 🔄 Identity rotated (every 10 requests)
[16:21:44] [11/459] UUBT
[16:21:45] [12/459] SJKC
[16:21:47] [13/459] TUAL
[16:21:47] [14/459] MRSE
[16:21:48] [15/459] RMRK
[16:21:49] [16/459] TTKP
[16:21:50] [17/459] KTKO
[16:21:51] [18/459] SDBK
[16:21:52] [19/459] MCPR
[16:21:53] [20/459] CHTI
[16:21:53] 🔄 Identity reset
[16:21:53] 🔄 Identity rotated (every 10 requests)
[16:21:54] [21/459] GCCP
[16:21:55] [22/459] SRMY
[16:21:56] [23/459] NYST
[16:21:57] [24/459] NYAG
[16:21:58] [25/459] SBMT
[16:22:00] [26/459] INGA
[16:22:01] [27/459] WSIC
[16:22:02] [28/459] SCSS
[16:22:03] [29/459] COPG
[16:22:04] [30/459] RCGR
[16:22:04] 🔄 Identity reset
[16:22:04] 🔄 Identity rotated (every 10 requests)
[16:22:05] [31/459] TCZA
[16:22:06] [32/459] CNLP
[16:22:06] [33/459] CLKN
[16:22:08] [34/459] LHDF
[16:22:09] [35/459] ELKC
[16:22:11] [36/459] VCEM
[16:22:12] [37/459] SSZA
[16:22:12] [38/459] KRMT
[16:22:14] [39/459] LCMV
[16:22:14] [40/459] AYCZ
[16:22:14] 🔄 Identity reset
[16:22:14] 🔄 Identity rotated (every 10 requests)
[16:22:15] [41/459] CUMS
[16:22:16] [42/459] BOCK
[16:22:17] [43/459] PNMR
[16:22:19] [44/459] PJCP
[16:22:20] [45/459] JDDD
[16:22:21] [46/459] STMS
[16:22:22] [47/459] FLMB
[16:22:23] [48/459] PKCM
[16:22:24] [49/459] SPPR
[16:22:25] [50/459] EYLH
[16:22:25] 🔄 Identity reset
[16:22:25] 🔄 Identity rotated (every 10 requests)
[16:22:26] [51/459] RJCC
[16:22:27] [52/459] MMPS
[16:22:28] [53/459] SHMX
[16:22:29] [54/459] CCNL
[16:22:29] [55/459] RCNV
[16:22:30] [56/459] MAAG
[16:22:32] [57/459] LXCM
[16:22:33] [58/459] RCNI
[16:22:34] [59/459] SNNI
[16:22:34] [60/459] LALC
[16:22:34] 🔄 Identity reset
[16:22:34] 🔄 Identity rotated (every 10 requests)
[16:22:35] [61/459] SOCN
[16:22:37] [62/459] JHTP
[16:22:37] [63/459] PITP
[16:22:38] [64/459] CCKW
[16:22:39] [65/459] MCMC
[16:22:41] [66/459] DEES
[16:22:42] [67/459] SABT
[16:22:43] [68/459] VSPP
[16:22:44] [69/459] ABCT
[16:22:45] [70/459] JVTB
[16:22:45] 🔄 Identity reset
[16:22:45] 🔄 Identity rotated (every 10 requests)
[16:22:46] [71/459] VCBD
[16:22:47] [72/459] RMGG
[16:22:48] [73/459] RNMH
[16:22:49] [74/459] SPGL
[16:22:50] [75/459] JTTR
[16:22:52] [76/459] SICS
[16:22:53] [77/459] SRMI
[16:22:54] [78/459] SSIJ
[16:22:55] [79/459] KFMT
[16:22:55] [80/459] VBIT
[16:22:55] 🔄 Identity reset
[16:22:55] 🔄 Identity rotated (every 10 requests)
[16:22:56] [81/459] JKCT
[16:22:57] [82/459] GCGP
[16:22:58] [83/459] GDCS
[16:22:59] [84/459] TRBA
[16:23:00] [85/459] QUST
[16:23:01] [86/459] VSHM
[16:23:02] [87/459] SDCP
[16:23:03] [88/459] SNVS
[16:23:04] [89/459] NYTO
[16:23:05] [90/459] URWC
[16:23:05] 🔄 Identity reset
[16:23:05] 🔄 Identity rotated (every 10 requests)
[16:23:06] [91/459] GTWH
[16:23:07] [92/459] PFCM
[16:23:08] [93/459] KRTA
[16:23:10] [94/459] AXMC
[16:23:11] [95/459] EVMC
[16:23:12] [96/459] HGSM
[16:23:13] [97/459] ACVM
[16:23:14] [98/459] PSKL
[16:23:15] [99/459] RDMP
[16:23:15] [100/459] RHGH
[16:23:15] 🔄 Identity reset
[16:23:15] 🔄 Identity rotated (every 10 requests)
[16:23:17] [101/459] OMCM
[16:23:17] [102/459] DCCP
[16:23:18] [103/459] MCPB
[16:23:19] [104/459] ALCI
[16:23:20] [105/459] BLMX
[16:23:21] [106/459] BTMV
[16:23:22] [107/459] FVPN
[16:23:23] [108/459] CMAR
[16:23:24] [109/459] CEIM
[16:23:25] [110/459] CMVA
[16:23:25] 🔄 Identity reset
[16:23:25] 🔄 Identity rotated (every 10 requests)
[16:23:26] [111/459] CPIV
[16:23:27] [112/459] CNPE
[16:23:28] [113/459] COLV
[16:23:29] [114/459] DNNV
[16:23:29] [115/459] HCAD
[16:23:30] [116/459] TAKA
[16:23:31] [117/459] INVD
[16:23:32] [118/459] IRMM
[16:23:34] [119/459] INSE
[16:23:35] [120/459] MRSW
[16:23:35] 🔄 Identity reset
[16:23:35] 🔄 Identity rotated (every 10 requests)
[16:23:36] [121/459] MCVD
[16:23:37] [122/459] MCSO
[16:23:38] [123/459] PEVM
[16:23:39] [124/459] PVNL
[16:23:40] [125/459] PTCV
[16:23:41] [126/459] PRTC
[16:23:42] [127/459] RCVA
[16:23:43] [128/459] MTBN
[16:23:44] [129/459] LUCP
[16:23:45] [130/459] FMPT
[16:23:45] 🔄 Identity reset
[16:23:45] 🔄 Identity rotated (every 10 requests)
[16:23:46] [131/459] JLSL
[16:23:47] [132/459] SBHA
[16:23:48] [133/459] SHRC
[16:23:49] [134/459] AVPS
[16:23:50] [135/459] STPM
[16:23:51] [136/459] ATRD
[16:23:52] [137/459] VTED
[16:23:53] [138/459] ACAI
[16:23:53] [139/459] SMAE
[16:23:54] [140/459] VMAT
[16:23:54] 🔄 Identity reset
[16:23:54] 🔄 Identity rotated (every 10 requests)
[16:23:56] [141/459] LKCT
[16:23:56] [142/459] JTVK
[16:23:57] [143/459] PRTY
[16:23:58] [144/459] GETT
[16:23:59] [145/459] ESAP
[16:24:00] [146/459] NCPM
[16:24:01] [147/459] PCPA
[16:24:02] [148/459] MMOM
[16:24:03] [149/459] PHUP
[16:24:04] [150/459] CCPI
[16:24:04] 🔄 Identity reset
[16:24:04] 🔄 Identity rotated (every 10 requests)
[16:24:05] [151/459] CNTD
[16:24:07] [152/459] NLJR
[16:24:08] [153/459] SRNG
[16:24:09] [154/459] MHAL
[16:24:10] [155/459] PNSM
[16:24:11] [156/459] DRMY
[16:24:12] [157/459] CCMU
[16:24:13] [158/459] SCMY
[16:24:14] [159/459] PVSY
[16:24:15] [160/459] SDLM
[16:24:15] 🔄 Identity reset
[16:24:15] 🔄 Identity rotated (every 10 requests)
[16:24:16] [161/459] ICCM
[16:24:17] [162/459] PYSU
[16:24:18] [163/459] GATM
[16:24:19] [164/459] WOTM
[16:24:19] [165/459] RKTS
[16:24:20] [166/459] PMTY
[16:24:21] [167/459] LYMS
[16:24:22] [168/459] TGCA
[16:24:23] [169/459] DSTA
[16:24:24] [170/459] CNGE
[16:24:24] 🔄 Identity reset
[16:24:24] 🔄 Identity rotated (every 10 requests)
[16:24:25] [171/459] VSTG
[16:24:26] [172/459] GTCK
[16:24:27] [173/459] TGNT
[16:24:28] [174/459] ASLC
[16:24:29] [175/459] SSST
[16:24:30] [176/459] KBTT
[16:24:31] [177/459] HKCP
[16:24:33] [178/459] SWLC
[16:24:34] [179/459] RTND
[16:24:35] [180/459] PKKT
[16:24:35] 🔄 Identity reset
[16:24:35] 🔄 Identity rotated (every 10 requests)
[16:24:36] [181/459] HSTK
[16:24:37] [182/459] SPTT
[16:24:38] [183/459] IMPM
[16:24:39] [184/459] SCMV
[16:24:40] [185/459] SPCT
[16:24:41] [186/459] JBCA
[16:24:42] [187/459] ATTR
[16:24:43] [188/459] SPMT
[16:24:44] [189/459] LCTM
[16:24:45] [190/459] SCVL
[16:24:45] 🔄 Identity reset
[16:24:45] 🔄 Identity rotated (every 10 requests)
[16:24:47] [191/459] SCVT
[16:24:48] [192/459] KRIC
[16:24:49] [193/459] CTMG
[16:24:51] [194/459] ACNC
[16:24:52] [195/459] DMCK
[16:24:53] [196/459] KMTV
[16:24:55] [197/459] PFCJ
[16:24:55] [198/459] VNMD
[16:24:56] [199/459] VPCZ
[16:24:57] [200/459] SRYR
[16:24:57] 🔄 Identity reset
[16:24:57] 🔄 Identity rotated (every 10 requests)
[16:24:58] [201/459] SYTR
[16:25:00] [202/459] GATR
[16:25:00] [203/459] URTR
[16:25:01] [204/459] MKSM
[16:25:02] [205/459] VSMH
[16:25:03] [206/459] SKRJ
[16:25:04] [207/459] SSJR
[16:25:05] [208/459] SVSM
[16:25:06] [209/459] RUCM
[16:25:07] [210/459] PRKN
[16:25:07] 🔄 Identity reset
[16:25:07] 🔄 Identity rotated (every 10 requests)
[16:25:08] [211/459] RROH
[16:25:09] [212/459] SCTN
[16:25:10] [213/459] RTDM
[16:25:10] [214/459] ASRM
[16:25:11] [215/459] SKMD
[16:25:12] [216/459] SUTD
[16:25:13] [217/459] SADM
[16:25:14] [218/459] WCNR
[16:25:15] [219/459] CNED
[16:25:16] [220/459] MPDB
[16:25:16] 🔄 Identity reset
[16:25:16] 🔄 Identity rotated (every 10 requests)
[16:25:18] [221/459] KTBH
[16:25:19] [222/459] IDRM
[16:25:20] [223/459] PJJT
[16:25:21] [224/459] PFCV
[16:25:22] [225/459] AACT
[16:25:24] [226/459] AAAD
[16:25:25] [227/459] ANES
[16:25:26] [228/459] MNCA
[16:25:27] [229/459] RMGU
[16:25:28] [230/459] DLCN
[16:25:28] 🔄 Identity reset
[16:25:28] 🔄 Identity rotated (every 10 requests)
[16:25:29] [231/459] LJWT
[16:25:30] [232/459] MCBG
[16:25:31] [233/459] MYBG
[16:25:31] [234/459] GCCA
[16:25:33] [235/459] GCGA
[16:25:34] [236/459] ECGN
[16:25:35] [237/459] PRAB
[16:25:36] [238/459] PNMP
[16:25:38] [239/459] GCPT
[16:25:38] [240/459] ROYN
[16:25:38] 🔄 Identity reset
[16:25:39] 🔄 Identity rotated (every 10 requests)
[16:25:40] [241/459] VATM
[16:25:41] [242/459] KSNT
[16:25:42] [243/459] ACTC
[16:25:43] [244/459] PLTD
[16:25:44] [245/459] SKMK
[16:25:45] [246/459] CMTT
[16:25:47] [247/459] SMXP
[16:25:48] [248/459] SCMX
[16:25:49] [249/459] ACXN
[16:25:50] [250/459] ASWT
[16:25:50] 🔄 Identity reset
[16:25:50] 🔄 Identity rotated (every 10 requests)
[16:25:51] [251/459] VVVL
[16:25:52] [252/459] NAGO
[16:25:54] [253/459] SNCN
[16:25:55] [254/459] MCKP
[16:25:56] [255/459] SAMO
[16:25:57] [256/459] JBTV
[16:25:57] [257/459] DCVV
[16:25:59] [258/459] KMSV
[16:26:00] [259/459] KDCN
[16:26:01] [260/459] CNCP
[16:26:01] 🔄 Identity reset
[16:26:01] 🔄 Identity rotated (every 10 requests)
[16:26:01] 🔄 Retry 1/5 for CNCP in 2.4s
[16:26:01] 🔄 Identity reset
[16:26:03] 🧠 New identity created
[16:26:04] [261/459] HAMC
[16:26:05] [262/459] CCVZ
[16:26:06] [263/459] NCCK
[16:26:07] [264/459] MCHR
[16:26:08] [265/459] SCHT
[16:26:09] [266/459] ESSH
[16:26:10] [267/459] CUJC
[16:26:10] [268/459] PECP
[16:26:11] [269/459] PMMI
[16:26:11] 🔄 Identity reset
[16:26:11] 🔄 Identity rotated (every 10 requests)
[16:26:12] [270/459] PCCH
[16:26:13] [271/459] PRPM
[16:26:14] [272/459] PVKL
[16:26:15] [273/459] CBSM
[16:26:16] [274/459] PVCZ
[16:26:17] [275/459] PCVV
[16:26:18] [276/459] CTMJ
[16:26:19] [277/459] RCPS
[16:26:19] [278/459] PCIT
[16:26:20] [279/459] FNCH
[16:26:20] 🔄 Identity reset
[16:26:21] 🔄 Identity rotated (every 10 requests)
[16:26:22] [280/459] INZD
[16:26:22] [281/459] INPC
[16:26:23] [282/459] LCZP
[16:26:25] [283/459] SMCB
[16:26:26] [284/459] PTSB
[16:26:27] [285/459] TPSI
[16:26:28] [286/459] KHMJ
[16:26:28] [287/459] RCCJ
[16:26:29] [288/459] NCJA
[16:26:31] [289/459] NCJN
[16:26:31] 🔄 Identity reset
[16:26:31] 🔄 Identity rotated (every 10 requests)
[16:26:32] [290/459] BTDP
[16:26:33] [291/459] PADY
[16:26:34] [292/459] NYBH
[16:26:35] [293/459] MTBR
[16:26:36] [294/459] KRBC
[16:26:37] [295/459] DKTI
[16:26:38] [296/459] ANAN
[16:26:39] [297/459] INBP
[16:26:40] [298/459] PATB
[16:26:41] [299/459] RGNT
[16:26:41] 🔄 Identity reset
[16:26:41] 🔄 Identity rotated (every 10 requests)
[16:26:42] [300/459] CGPM
[16:26:43] [301/459] INTN
[16:26:45] [302/459] MCMP
[16:26:46] [303/459] ASRG
[16:26:46] [304/459] CXJD
[16:26:47] [305/459] SPCP
[16:26:48] [306/459] CSTP
[16:26:50] [307/459] PKVC
[16:26:51] [308/459] ESCP
[16:26:52] [309/459] CAEP
[16:26:52] 🔄 Identity reset
[16:26:52] 🔄 Identity rotated (every 10 requests)
[16:26:53] [310/459] CCSP
[16:26:54] [311/459] KTPC
[16:26:55] [312/459] DACA
[16:26:56] [313/459] NVKY
[16:26:57] [314/459] PTIN
[16:26:57] [315/459] SCIN
[16:26:58] [316/459] MCTY
[16:26:59] [317/459] PCMX
[16:27:00] [318/459] INIC
[16:27:02] [319/459] MMZM
[16:27:02] 🔄 Identity reset
[16:27:02] 🔄 Identity rotated (every 10 requests)
[16:27:03] [320/459] SSLP
[16:27:04] [321/459] DTDT
[16:27:05] [322/459] FFCX
[16:27:07] [323/459] RCMM
[16:27:08] [324/459] KYID
[16:27:09] [325/459] CSCI
[16:27:10] [326/459] FCMC
[16:27:11] [327/459] MMXI
[16:27:12] [328/459] ASTC
[16:27:13] [329/459] CMRA
[16:27:13] 🔄 Identity reset
[16:27:13] 🔄 Identity rotated (every 10 requests)
[16:27:14] [330/459] DICI
[16:27:15] [331/459] KDIN
[16:27:16] [332/459] PRFI
[16:27:16] [333/459] SVFC
[16:27:17] [334/459] UCPL
[16:27:18] [335/459] COOC
[16:27:19] [336/459] SCAL
[16:27:20] [337/459] SVFF
[16:27:21] [338/459] VCMG
[16:27:22] [339/459] UUCT
[16:27:22] 🔄 Identity reset
[16:27:22] 🔄 Identity rotated (every 10 requests)
[16:27:24] [340/459] GCSE
[16:27:25] [341/459] SUSC
[16:27:26] [342/459] MISC
[16:27:27] [343/459] RMBL
[16:27:27] [344/459] CMXN
[16:27:28] [345/459] PVBK
[16:27:29] [346/459] HHCG
[16:27:30] [347/459] SCAG
[16:27:32] [348/459] CNPR
[16:27:34] [349/459] CSER
[16:27:34] 🔄 Identity reset
[16:27:34] 🔄 Identity rotated (every 10 requests)
[16:27:35] [350/459] HLWD
[16:27:36] [351/459] BOLY
[16:27:37] [352/459] SSPG
[16:27:38] [353/459] MUPX
[16:27:39] [354/459] HAMR
[16:27:40] [355/459] SDNC
[16:27:41] [356/459] RTEN
[16:27:42] [357/459] SDTD
[16:27:43] [358/459] KAWS
[16:27:44] [359/459] CMZX
[16:27:44] 🔄 Identity reset
[16:27:44] 🔄 Identity rotated (every 10 requests)
[16:27:45] [360/459] DCDD
[16:27:46] [361/459] ALSN
[16:27:47] [362/459] IMXS
[16:27:48] [363/459] PVFF
[16:27:49] [364/459] PVOO
[16:27:50] [365/459] CFBS
[16:27:52] [366/459] PVER
[16:27:52] [367/459] PPNX
[16:27:54] [368/459] CNRM
[16:27:55] [369/459] PVWW
[16:27:55] 🔄 Identity reset
[16:27:55] 🔄 Identity rotated (every 10 requests)
[16:27:56] [370/459] INMB
[16:27:57] [371/459] CPJR
[16:27:58] [372/459] INRZ
[16:27:59] [373/459] PMSR
[16:28:00] [374/459] GPGM
[16:28:01] [375/459] PGWB
[16:28:02] [376/459] PMBR
[16:28:03] [377/459] GPAM
[16:28:04] [378/459] INBC
[16:28:06] [379/459] PZVK
[16:28:06] 🔄 Identity reset
[16:28:06] 🔄 Identity rotated (every 10 requests)
[16:28:07] [380/459] CPEB
[16:28:08] [381/459] FMLB
[16:28:09] [382/459] INBG
[16:28:10] [383/459] GPBR
[16:28:11] [384/459] PAAS
[16:28:12] [385/459] VTBR
[16:28:13] [386/459] GPMY
[16:28:14] [387/459] GYBU
[16:28:15] [388/459] INBJ
[16:28:16] [389/459] LKTH
[16:28:16] 🔄 Identity reset
[16:28:16] 🔄 Identity rotated (every 10 requests)
[16:28:17] [390/459] NSBR
[16:28:18] [391/459] PDRD
[16:28:19] [392/459] VRBL
[16:28:20] [393/459] VTGB
[16:28:22] [394/459] VTSK
[16:28:23] [395/459] BKDV
[16:28:24] [396/459] SVTB
[16:28:25] [397/459] MLDT
[16:28:26] [398/459] NRBL
[16:28:28] [399/459] SLTR
[16:28:28] 🔄 Identity reset
[16:28:28] 🔄 Identity rotated (every 10 requests)
[16:28:29] [400/459] VNKA
[16:28:29] [401/459] TDCA
[16:28:30] [402/459] INBM
[16:28:32] [403/459] SSNR
[16:28:33] [404/459] BHAC
[16:28:34] [405/459] SDSD
[16:28:35] [406/459] SAMP
[16:28:36] [407/459] RATK
[16:28:38] [408/459] KCBI
[16:28:39] [409/459] URBL
[16:28:39] 🔄 Identity reset
[16:28:39] 🔄 Identity rotated (every 10 requests)
[16:28:40] [410/459] MKBG
[16:28:41] [411/459] ASTB
[16:28:41] [412/459] VBWT
[16:28:42] [413/459] GPSM
[16:28:43] [414/459] ROON
[16:28:44] [415/459] CHTH
[16:28:45] [416/459] SSPA
[16:28:46] [417/459] ANBL
[16:28:47] [418/459] VTBE
[16:28:47] [419/459] SVKT
[16:28:47] 🔄 Identity reset
[16:28:47] 🔄 Identity rotated (every 10 requests)
[16:28:49] [420/459] SVYK
[16:28:49] [421/459] PTBK
[16:28:50] [422/459] RKTB
[16:28:51] [423/459] BALT
[16:28:52] [424/459] STSV
[16:28:53] [425/459] VCCB
[16:28:54] [426/459] SLTB
[16:28:55] [427/459] SBCR
[16:28:56] [428/459] VDCS
[16:28:57] [429/459] MDKI
[16:28:57] 🔄 Identity reset
[16:28:57] 🔄 Identity rotated (every 10 requests)
[16:28:58] [430/459] SMRN
[16:29:00] [431/459] PTBC
[16:29:01] [432/459] RADI
[16:29:02] [433/459] ADCR
[16:29:03] [434/459] SDCS
[16:29:03] [435/459] SRPJ
[16:29:04] [436/459] ARTS
[16:29:05] [437/459] SRHK
[16:29:07] [438/459] SPAY
[16:29:08] [439/459] GPTB
[16:29:08] 🔄 Identity reset
[16:29:08] 🔄 Identity rotated (every 10 requests)
[16:29:09] [440/459] SNNN
[16:29:10] [441/459] BALJ
[16:29:11] [442/459] TRIG
[16:29:12] [443/459] GTYT
[16:29:13] [444/459] ATGN
[16:29:15] [445/459] ANTE
[16:29:16] [446/459] BDCG
[16:29:17] [447/459] VECI
[16:29:18] [448/459] SCPR
[16:29:19] [449/459] RTEA
[16:29:19] 🔄 Identity reset
[16:29:19] 🔄 Identity rotated (every 10 requests)
[16:29:19] [450/459] JSAI
[16:29:21] [451/459] VJTP
[16:29:23] [452/459] GNDS
[16:29:24] [453/459] PAXA
[16:29:25] [454/459] CGGM
[16:29:26] [455/459] ACKZ
[16:29:27] [456/459] EMCC
[16:29:29] [457/459] KLSK
[16:29:30] [458/459] AVCK
[16:29:31] [459/459] JTCK
[16:29:31] 🔄 Identity reset
[16:29:31] 🔄 Identity rotated (every 10 requests)
[16:29:32] 🧹 Deduping shows
[16:29:32] ✅ DONE | Shows=4489 | Movies=73
[20:21:44] 🚀 SCRIPT STARTED
[20:21:44] [1/459] NECA
[20:21:44] 🧠 New identity created
[20:21:44] 🔄 Retry 1/5 for NECA in 2.8s
[20:21:44] 🔄 Identity reset
[20:21:47] 🧠 New identity created
[20:21:47] 🔄 Retry 2/5 for NECA in 4.2s
[20:21:47] 🔄 Identity reset
[20:21:51] 🧠 New identity created
[20:21:51] 🔄 Retry 3/5 for NECA in 8.9s
[20:21:51] 🔄 Identity reset
[20:22:00] 🧠 New identity created
[20:22:01] [2/459] BJLC
[20:22:02] [3/459] BASU
[20:22:03] [4/459] RUPI
[20:22:04] [5/459] LCBK
[20:22:05] [6/459] PMAC
[20:22:06] [7/459] AMLC
[20:22:06] 🔄 Identity reset
[20:22:06] 🔄 Identity rotated (every 10 requests)
[20:22:07] [8/459] LICL
[20:22:08] [9/459] UDMM
[20:22:09] [10/459] STBZ
[20:22:10] [11/459] UUBT
[20:22:11] [12/459] SJKC
[20:22:13] [13/459] TUAL
[20:22:13] [14/459] MRSE
[20:22:14] [15/459] RMRK
[20:22:15] [16/459] TTKP
[20:22:16] [17/459] KTKO
[20:22:16] 🔄 Identity reset
[20:22:16] 🔄 Identity rotated (every 10 requests)
[20:22:16] 🔄 Retry 1/5 for KTKO in 2.5s
[20:22:16] 🔄 Identity reset
[20:22:19] 🧠 New identity created
[20:22:20] [18/459] SDBK
[20:22:20] [19/459] MCPR
[20:22:21] [20/459] CHTI
[20:22:22] [21/459] GCCP
[20:22:23] [22/459] SRMY
[20:22:25] [23/459] NYST
[20:22:25] [24/459] NYAG
[20:22:26] [25/459] SBMT
[20:22:27] [26/459] INGA
[20:22:27] 🔄 Identity reset
[20:22:27] 🔄 Identity rotated (every 10 requests)
[20:22:28] [27/459] WSIC
[20:22:29] [28/459] SCSS
[20:22:30] [29/459] COPG
[20:22:31] [30/459] RCGR
[20:22:32] [31/459] TCZA
[20:22:33] [32/459] CNLP
[20:22:34] [33/459] CLKN
[20:22:35] [34/459] LHDF
[20:22:36] [35/459] ELKC
[20:22:37] [36/459] VCEM
[20:22:37] 🔄 Identity reset
[20:22:37] 🔄 Identity rotated (every 10 requests)
[20:22:38] [37/459] SSZA
[20:22:39] [38/459] KRMT
[20:22:40] [39/459] LCMV
[20:22:41] [40/459] AYCZ
[20:22:42] [41/459] CUMS
[20:22:43] [42/459] BOCK
[20:22:45] [43/459] PNMR
[20:22:45] [44/459] PJCP
[20:22:46] [45/459] JDDD
[20:22:47] [46/459] STMS
[20:22:47] 🔄 Identity reset
[20:22:47] 🔄 Identity rotated (every 10 requests)
[20:22:48] [47/459] FLMB
[20:22:49] [48/459] PKCM
[20:22:50] [49/459] SPPR
[20:22:51] [50/459] EYLH
[20:22:52] [51/459] RJCC
[20:22:52] [52/459] MMPS
[20:22:53] [53/459] SHMX
[20:22:54] [54/459] CCNL
[20:22:55] [55/459] RCNV
[20:22:56] [56/459] MAAG
[20:22:56] 🔄 Identity reset
[20:22:56] 🔄 Identity rotated (every 10 requests)
[20:22:57] [57/459] LXCM
[20:22:58] [58/459] RCNI
[20:22:58] [59/459] SNNI
[20:23:00] [60/459] LALC
[20:23:00] [61/459] SOCN
[20:23:01] [62/459] JHTP
[20:23:02] [63/459] PITP
[20:23:03] [64/459] CCKW
[20:23:04] [65/459] MCMC
[20:23:05] [66/459] DEES
[20:23:05] 🔄 Identity reset
[20:23:05] 🔄 Identity rotated (every 10 requests)
[20:23:05] 🔄 Retry 1/5 for DEES in 2.1s
[20:23:05] 🔄 Identity reset
[20:23:07] 🧠 New identity created
[20:23:08] [67/459] SABT
[20:23:09] [68/459] VSPP
[20:23:10] [69/459] ABCT
[20:23:11] [70/459] JVTB
[20:23:12] [71/459] VCBD
[20:23:12] [72/459] RMGG
[20:23:13] [73/459] RNMH
[20:23:14] [74/459] SPGL
[20:23:16] [75/459] JTTR
[20:23:16] 🔄 Identity reset
[20:23:16] 🔄 Identity rotated (every 10 requests)
[20:23:17] [76/459] SICS
[20:23:18] [77/459] SRMI
[20:23:19] [78/459] SSIJ
[20:23:19] [79/459] KFMT
[20:23:20] [80/459] VBIT
[20:23:21] [81/459] JKCT
[20:23:22] [82/459] GCGP
[20:23:23] [83/459] GDCS
[20:23:24] [84/459] TRBA
[20:23:24] [85/459] QUST
[20:23:24] 🔄 Identity reset
[20:23:24] 🔄 Identity rotated (every 10 requests)
[20:23:25] [86/459] VSHM
[20:23:26] [87/459] SDCP
[20:23:27] [88/459] SNVS
[20:23:28] [89/459] NYTO
[20:23:29] [90/459] URWC
[20:23:30] [91/459] GTWH
[20:23:32] [92/459] PFCM
[20:23:32] [93/459] KRTA
[20:23:33] [94/459] AXMC
[20:23:34] [95/459] EVMC
[20:23:34] 🔄 Identity reset
[20:23:34] 🔄 Identity rotated (every 10 requests)
[20:23:36] [96/459] HGSM
[20:23:37] [97/459] ACVM
[20:23:38] [98/459] PSKL
[20:23:39] [99/459] RDMP
[20:23:39] [100/459] RHGH
[20:23:40] [101/459] OMCM
[20:23:41] [102/459] DCCP
[20:23:42] [103/459] MCPB
[20:23:43] [104/459] ALCI
[20:23:44] [105/459] BLMX
[20:23:44] 🔄 Identity reset
[20:23:44] 🔄 Identity rotated (every 10 requests)
[20:23:45] [106/459] BTMV
[20:23:46] [107/459] FVPN
[20:23:47] [108/459] CMAR
[20:23:47] [109/459] CEIM
[20:23:48] [110/459] CMVA
[20:23:50] [111/459] CPIV
[20:23:50] [112/459] CNPE
[20:23:52] [113/459] COLV
[20:23:54] [114/459] DNNV
[20:23:54] [115/459] HCAD
[20:23:54] 🔄 Identity reset
[20:23:54] 🔄 Identity rotated (every 10 requests)
[20:23:55] [116/459] TAKA
[20:23:56] [117/459] INVD
[20:23:57] [118/459] IRMM
[20:23:58] [119/459] INSE
[20:23:59] [120/459] MRSW
[20:24:00] [121/459] MCVD
[20:24:01] [122/459] MCSO
[20:24:02] [123/459] PEVM
[20:24:03] [124/459] PVNL
[20:24:04] [125/459] PTCV
[20:24:04] 🔄 Identity reset
[20:24:04] 🔄 Identity rotated (every 10 requests)
[20:24:05] [126/459] PRTC
[20:24:05] [127/459] RCVA
[20:24:06] [128/459] MTBN
[20:24:07] [129/459] LUCP
[20:24:08] [130/459] FMPT
[20:24:09] [131/459] JLSL
[20:24:10] [132/459] SBHA
[20:24:11] [133/459] SHRC
[20:24:11] [134/459] AVPS
[20:24:13] [135/459] STPM
[20:24:13] 🔄 Identity reset
[20:24:13] 🔄 Identity rotated (every 10 requests)
[20:24:13] 🔄 Retry 1/5 for STPM in 2.9s
[20:24:13] 🔄 Identity reset
[20:24:16] 🧠 New identity created
[20:24:17] [136/459] ATRD
[20:24:18] [137/459] VTED
[20:24:19] [138/459] ACAI
[20:24:20] [139/459] SMAE
[20:24:21] [140/459] VMAT
[20:24:22] [141/459] LKCT
[20:24:23] [142/459] JTVK
[20:24:23] [143/459] PRTY
[20:24:24] [144/459] GETT
[20:24:24] 🔄 Identity reset
[20:24:25] 🔄 Identity rotated (every 10 requests)
[20:24:25] [145/459] ESAP
[20:24:26] [146/459] NCPM
[20:24:27] [147/459] PCPA
[20:24:28] [148/459] MMOM
[20:24:29] [149/459] PHUP
[20:24:29] [150/459] CCPI
[20:24:30] [151/459] CNTD
[20:24:31] [152/459] NLJR
[20:24:32] [153/459] SRNG
[20:24:33] [154/459] MHAL
[20:24:33] 🔄 Identity reset
[20:24:33] 🔄 Identity rotated (every 10 requests)
[20:24:34] [155/459] PNSM
[20:24:36] [156/459] DRMY
[20:24:37] [157/459] CCMU
[20:24:37] [158/459] SCMY
[20:24:38] [159/459] PVSY
[20:24:39] [160/459] SDLM
[20:24:40] [161/459] ICCM
[20:24:41] [162/459] PYSU
[20:24:42] [163/459] GATM
[20:24:43] [164/459] WOTM
[20:24:43] 🔄 Identity reset
[20:24:43] 🔄 Identity rotated (every 10 requests)
[20:24:44] [165/459] RKTS
[20:24:45] [166/459] PMTY
[20:24:46] [167/459] LYMS
[20:24:47] [168/459] TGCA
[20:24:47] [169/459] DSTA
[20:24:48] [170/459] CNGE
[20:24:49] [171/459] VSTG
[20:24:50] [172/459] GTCK
[20:24:51] [173/459] TGNT
[20:24:52] [174/459] ASLC
[20:24:52] 🔄 Identity reset
[20:24:52] 🔄 Identity rotated (every 10 requests)
[20:24:53] [175/459] SSST
[20:24:54] [176/459] KBTT
[20:24:54] [177/459] HKCP
[20:24:55] [178/459] SWLC
[20:24:56] [179/459] RTND
[20:24:57] [180/459] PKKT
[20:24:58] [181/459] HSTK
[20:24:59] [182/459] SPTT
[20:25:00] [183/459] IMPM
[20:25:01] [184/459] SCMV
[20:25:01] 🔄 Identity reset
[20:25:01] 🔄 Identity rotated (every 10 requests)
[20:25:02] [185/459] SPCT
[20:25:03] [186/459] JBCA
[20:25:04] [187/459] ATTR
[20:25:05] [188/459] SPMT
[20:25:05] [189/459] LCTM
[20:25:06] [190/459] SCVL
[20:25:07] [191/459] SCVT
[20:25:08] [192/459] KRIC
[20:25:10] [193/459] CTMG
[20:25:10] [194/459] ACNC
[20:25:10] 🔄 Identity reset
[20:25:10] 🔄 Identity rotated (every 10 requests)
[20:25:11] [195/459] DMCK
[20:25:12] [196/459] KMTV
[20:25:13] [197/459] PFCJ
[20:25:14] [198/459] VNMD
[20:25:15] [199/459] VPCZ
[20:25:15] [200/459] SRYR
[20:25:16] [201/459] SYTR
[20:25:17] [202/459] GATR
[20:25:18] [203/459] URTR
[20:25:19] [204/459] MKSM
[20:25:19] 🔄 Identity reset
[20:25:19] 🔄 Identity rotated (every 10 requests)
[20:25:19] 🔄 Retry 1/5 for MKSM in 2.8s
[20:25:19] 🔄 Identity reset
[20:25:22] 🧠 New identity created
[20:25:22] 🔄 Retry 2/5 for MKSM in 4.5s
[20:25:22] 🔄 Identity reset
[20:25:26] 🧠 New identity created
[20:25:27] [205/459] VSMH
[20:25:28] [206/459] SKRJ
[20:25:29] [207/459] SSJR
[20:25:30] [208/459] SVSM
[20:25:31] [209/459] RUCM
[20:25:33] [210/459] PRKN
[20:25:33] [211/459] RROH
[20:25:35] [212/459] SCTN
[20:25:35] 🔄 Identity reset
[20:25:35] 🔄 Identity rotated (every 10 requests)
[20:25:35] 🔄 Retry 1/5 for SCTN in 2.0s
[20:25:35] 🔄 Identity reset
[20:25:37] 🧠 New identity created
[20:25:39] [213/459] RTDM
[20:25:40] [214/459] ASRM
[20:25:40] [215/459] SKMD
[20:25:41] [216/459] SUTD
[20:25:42] [217/459] SADM
[20:25:44] [218/459] WCNR
[20:25:45] [219/459] CNED
[20:25:46] [220/459] MPDB
[20:25:47] [221/459] KTBH
[20:25:47] 🔄 Identity reset
[20:25:47] 🔄 Identity rotated (every 10 requests)
[20:25:48] [222/459] IDRM
[20:25:49] [223/459] PJJT
[20:25:50] [224/459] PFCV
[20:25:50] [225/459] AACT
[20:25:51] [226/459] AAAD
[20:25:52] [227/459] ANES
[20:25:53] [228/459] MNCA
[20:25:54] [229/459] RMGU
[20:25:55] [230/459] DLCN
[20:25:57] [231/459] LJWT
[20:25:57] 🔄 Identity reset
[20:25:57] 🔄 Identity rotated (every 10 requests)
[20:25:58] [232/459] MCBG
[20:25:59] [233/459] MYBG
[20:26:00] [234/459] GCCA
[20:26:02] [235/459] GCGA
[20:26:02] [236/459] ECGN
[20:26:03] [237/459] PRAB
[20:26:04] [238/459] PNMP
[20:26:05] [239/459] GCPT
[20:26:06] [240/459] ROYN
[20:26:07] [241/459] VATM
[20:26:07] 🔄 Identity reset
[20:26:07] 🔄 Identity rotated (every 10 requests)
[20:26:08] [242/459] KSNT
[20:26:09] [243/459] ACTC
[20:26:10] [244/459] PLTD
[20:26:11] [245/459] SKMK
[20:26:12] [246/459] CMTT
[20:26:13] [247/459] SMXP
[20:26:14] [248/459] SCMX
[20:26:15] [249/459] ACXN
[20:26:16] [250/459] ASWT
[20:26:17] [251/459] VVVL
[20:26:17] 🔄 Identity reset
[20:26:17] 🔄 Identity rotated (every 10 requests)
[20:26:18] [252/459] NAGO
[20:26:19] [253/459] SNCN
[20:26:20] [254/459] MCKP
[20:26:21] [255/459] SAMO
[20:26:22] [256/459] JBTV
[20:26:23] [257/459] DCVV
[20:26:24] [258/459] KMSV
[20:26:24] [259/459] KDCN
[20:26:25] [260/459] CNCP
[20:26:26] [261/459] HAMC
[20:26:26] 🔄 Identity reset
[20:26:26] 🔄 Identity rotated (every 10 requests)
[20:26:27] [262/459] CCVZ
[20:26:28] [263/459] NCCK
[20:26:29] [264/459] MCHR
[20:26:30] [265/459] SCHT
[20:26:31] [266/459] ESSH
[20:26:32] [267/459] CUJC
[20:26:33] [268/459] PECP
[20:26:33] [269/459] PMMI
[20:26:34] [270/459] PCCH
[20:26:35] [271/459] PRPM
[20:26:35] 🔄 Identity reset
[20:26:35] 🔄 Identity rotated (every 10 requests)
[20:26:36] [272/459] PVKL
[20:26:37] [273/459] CBSM
[20:26:38] [274/459] PVCZ
[20:26:39] [275/459] PCVV
[20:26:39] [276/459] CTMJ
[20:26:40] [277/459] RCPS
[20:26:42] [278/459] PCIT
[20:26:43] [279/459] FNCH
[20:26:44] [280/459] INZD
[20:26:44] [281/459] INPC
[20:26:44] 🔄 Identity reset
[20:26:44] 🔄 Identity rotated (every 10 requests)
[20:26:45] [282/459] LCZP
[20:26:47] [283/459] SMCB
[20:26:48] [284/459] PTSB
[20:26:49] [285/459] TPSI
[20:26:50] [286/459] KHMJ
[20:26:51] [287/459] RCCJ
[20:26:52] [288/459] NCJA
[20:26:53] [289/459] NCJN
[20:26:53] [290/459] BTDP
[20:26:54] [291/459] PADY
[20:26:54] 🔄 Identity reset
[20:26:54] 🔄 Identity rotated (every 10 requests)
[20:26:56] [292/459] NYBH
[20:26:57] [293/459] MTBR
[20:26:58] [294/459] KRBC
[20:26:59] [295/459] DKTI
[20:27:00] [296/459] ANAN
[20:27:01] [297/459] INBP
[20:27:02] [298/459] PATB
[20:27:03] [299/459] RGNT
[20:27:04] [300/459] CGPM
[20:27:05] [301/459] INTN
[20:27:05] 🔄 Identity reset
[20:27:05] 🔄 Identity rotated (every 10 requests)
[20:27:05] 🔄 Retry 1/5 for INTN in 2.3s
[20:27:05] 🔄 Identity reset
[20:27:07] 🧠 New identity created
[20:27:08] [302/459] MCMP
[20:27:09] [303/459] ASRG
[20:27:10] [304/459] CXJD
[20:27:11] [305/459] SPCP
[20:27:12] [306/459] CSTP
[20:27:13] [307/459] PKVC
[20:27:14] [308/459] ESCP
[20:27:15] [309/459] CAEP
[20:27:17] [310/459] CCSP
[20:27:17] 🔄 Identity reset
[20:27:17] 🔄 Identity rotated (every 10 requests)
[20:27:18] [311/459] KTPC
[20:27:18] [312/459] DACA
[20:27:19] [313/459] NVKY
[20:27:20] [314/459] PTIN
[20:27:21] [315/459] SCIN
[20:27:22] [316/459] MCTY
[20:27:22] [317/459] PCMX
[20:27:24] [318/459] INIC
[20:27:26] [319/459] MMZM
[20:27:27] [320/459] SSLP
[20:27:27] 🔄 Identity reset
[20:27:27] 🔄 Identity rotated (every 10 requests)
[20:27:28] [321/459] DTDT
[20:27:29] [322/459] FFCX
[20:27:31] [323/459] RCMM
[20:27:31] [324/459] KYID
[20:27:32] [325/459] CSCI
[20:27:33] [326/459] FCMC
[20:27:34] [327/459] MMXI
[20:27:36] [328/459] ASTC
[20:27:37] [329/459] CMRA
[20:27:38] [330/459] DICI
[20:27:38] 🔄 Identity reset
[20:27:38] 🔄 Identity rotated (every 10 requests)
[20:27:39] [331/459] KDIN
[20:27:40] [332/459] PRFI
[20:27:41] [333/459] SVFC
[20:27:42] [334/459] UCPL
[20:27:43] [335/459] COOC
[20:27:44] [336/459] SCAL
[20:27:45] [337/459] SVFF
[20:27:46] [338/459] VCMG
[20:27:47] [339/459] UUCT
[20:27:48] [340/459] GCSE
[20:27:48] 🔄 Identity reset
[20:27:48] 🔄 Identity rotated (every 10 requests)
[20:27:48] [341/459] SUSC
[20:27:49] [342/459] MISC
[20:27:50] [343/459] RMBL
[20:27:51] [344/459] CMXN
[20:27:52] [345/459] PVBK
[20:27:53] [346/459] HHCG
[20:27:54] [347/459] SCAG
[20:27:55] [348/459] CNPR
[20:27:56] [349/459] CSER
[20:27:57] [350/459] HLWD
[20:27:57] 🔄 Identity reset
[20:27:57] 🔄 Identity rotated (every 10 requests)
[20:27:57] 🔄 Retry 1/5 for HLWD in 2.6s
[20:27:57] 🔄 Identity reset
[20:28:00] 🧠 New identity created
[20:28:00] [351/459] BOLY
[20:28:01] [352/459] SSPG
[20:28:02] [353/459] MUPX
[20:28:03] [354/459] HAMR
[20:28:04] [355/459] SDNC
[20:28:05] [356/459] RTEN
[20:28:06] [357/459] SDTD
[20:28:07] [358/459] KAWS
[20:28:08] [359/459] CMZX
[20:28:08] 🔄 Identity reset
[20:28:08] 🔄 Identity rotated (every 10 requests)
[20:28:09] [360/459] DCDD
[20:28:10] [361/459] ALSN
[20:28:11] [362/459] IMXS
[20:28:12] [363/459] PVFF
[20:28:12] [364/459] PVOO
[20:28:13] [365/459] CFBS
[20:28:15] [366/459] PVER
[20:28:16] [367/459] PPNX
[20:28:17] [368/459] CNRM
[20:28:18] [369/459] PVWW
[20:28:18] 🔄 Identity reset
[20:28:18] 🔄 Identity rotated (every 10 requests)
[20:28:19] [370/459] INMB
[20:28:20] [371/459] CPJR
[20:28:21] [372/459] INRZ
[20:28:21] [373/459] PMSR
[20:28:22] [374/459] GPGM
[20:28:23] [375/459] PGWB
[20:28:24] [376/459] PMBR
[20:28:25] [377/459] GPAM
[20:28:26] [378/459] INBC
[20:28:27] [379/459] PZVK
[20:28:27] 🔄 Identity reset
[20:28:27] 🔄 Identity rotated (every 10 requests)
[20:28:28] [380/459] CPEB
[20:28:29] [381/459] FMLB
[20:28:30] [382/459] INBG
[20:28:31] [383/459] GPBR
[20:28:32] [384/459] PAAS
[20:28:33] [385/459] VTBR
[20:28:33] [386/459] GPMY
[20:28:34] [387/459] GYBU
[20:28:35] [388/459] INBJ
[20:28:36] [389/459] LKTH
[20:28:36] 🔄 Identity reset
[20:28:36] 🔄 Identity rotated (every 10 requests)
[20:28:37] [390/459] NSBR
[20:28:38] [391/459] PDRD
[20:28:39] [392/459] VRBL
[20:28:40] [393/459] VTGB
[20:28:41] [394/459] VTSK
[20:28:42] [395/459] BKDV
[20:28:43] [396/459] SVTB
[20:28:44] [397/459] MLDT
[20:28:45] [398/459] NRBL
[20:28:46] [399/459] SLTR
[20:28:46] 🔄 Identity reset
[20:28:46] 🔄 Identity rotated (every 10 requests)
[20:28:47] [400/459] VNKA
[20:28:47] [401/459] TDCA
[20:28:48] [402/459] INBM
[20:28:49] [403/459] SSNR
[20:28:50] [404/459] BHAC
[20:28:51] [405/459] SDSD
[20:28:52] [406/459] SAMP
[20:28:53] [407/459] RATK
[20:28:54] [408/459] KCBI
[20:28:55] [409/459] URBL
[20:28:55] 🔄 Identity reset
[20:28:55] 🔄 Identity rotated (every 10 requests)
[20:28:56] [410/459] MKBG
[20:28:57] [411/459] ASTB
[20:28:58] [412/459] VBWT
[20:28:59] [413/459] GPSM
[20:28:59] [414/459] ROON
[20:29:00] [415/459] CHTH
[20:29:01] [416/459] SSPA
[20:29:02] [417/459] ANBL
[20:29:03] [418/459] VTBE
[20:29:04] [419/459] SVKT
[20:29:04] 🔄 Identity reset
[20:29:04] 🔄 Identity rotated (every 10 requests)
[20:29:04] 🔄 Retry 1/5 for SVKT in 2.3s
[20:29:04] 🔄 Identity reset
[20:29:06] 🧠 New identity created
[20:29:07] [420/459] SVYK
[20:29:08] [421/459] PTBK
[20:29:09] [422/459] RKTB
[20:29:11] [423/459] BALT
[20:29:12] [424/459] STSV
[20:29:13] [425/459] VCCB
[20:29:14] [426/459] SLTB
[20:29:15] [427/459] SBCR
[20:29:16] [428/459] VDCS
[20:29:16] 🔄 Identity reset
[20:29:16] 🔄 Identity rotated (every 10 requests)
[20:29:17] [429/459] MDKI
[20:29:18] [430/459] SMRN
[20:29:19] [431/459] PTBC
[20:29:20] [432/459] RADI
[20:29:21] [433/459] ADCR
[20:29:22] [434/459] SDCS
[20:29:23] [435/459] SRPJ
[20:29:24] [436/459] ARTS
[20:29:26] [437/459] SRHK
[20:29:26] [438/459] SPAY
[20:29:26] 🔄 Identity reset
[20:29:26] 🔄 Identity rotated (every 10 requests)
[20:29:26] 🔄 Retry 1/5 for SPAY in 2.4s
[20:29:26] 🔄 Identity reset
[20:29:29] 🧠 New identity created
[20:29:30] [439/459] GPTB
[20:29:30] [440/459] SNNN
[20:29:32] [441/459] BALJ
[20:29:33] [442/459] TRIG
[20:29:34] [443/459] GTYT
[20:29:35] [444/459] ATGN
[20:29:36] [445/459] ANTE
[20:29:37] [446/459] BDCG
[20:29:38] [447/459] VECI
[20:29:38] 🔄 Identity reset
[20:29:38] 🔄 Identity rotated (every 10 requests)
[20:29:39] [448/459] SCPR
[20:29:40] [449/459] RTEA
[20:29:41] [450/459] JSAI
[20:29:42] [451/459] VJTP
[20:29:43] [452/459] GNDS
[20:29:45] [453/459] PAXA
[20:29:46] [454/459] CGGM
[20:29:46] [455/459] ACKZ
[20:29:47] [456/459] EMCC
[20:29:48] [457/459] KLSK
[20:29:48] 🔄 Identity reset
[20:29:48] 🔄 Identity rotated (every 10 requests)
[20:29:49] [458/459] AVCK
[20:29:50] [459/459] JTCK
[20:29:51] 🧹 Deduping shows
[20:29:51] ✅ DONE | Shows=4619 | Movies=74
