[04:43:50] 🚀 SCRIPT STARTED (enhanced anti‑detection)
[04:43:50] [1/455] MXGN
[04:43:51] 🧠 New identity created
[04:43:51] [2/455] PGGM
[04:43:53] [3/455] IPMJ
[04:43:54] [4/455] M2PP
[04:43:55] [5/455] PMMS
[04:43:55] [6/455] SCJN
[04:43:56] [7/455] CPUM
[04:43:58] [8/455] SCND
[04:43:59] [9/455] INWM
[04:44:00] [10/455] DVDC
[04:44:00] 🔄 Identity reset
[04:44:00] 🔄 Identity rotated (every 10 requests)
[04:44:01] [11/455] WVND
[04:44:02] [12/455] LBDL
[04:44:02] [13/455] CRGM
[04:44:03] [14/455] PVKS
[04:44:04] [15/455] PBLL
[04:44:05] [16/455] FNLN
[04:44:06] [17/455] PPDA
[04:44:07] [18/455] SCPT
[04:44:07] [19/455] IAJS
[04:44:08] [20/455] MMZG
[04:44:09] 🔄 Identity reset
[04:44:09] 🔄 Identity rotated (every 10 requests)
[04:44:09] [21/455] MCTI
[04:44:10] [22/455] PPMF
[04:44:11] [23/455] FNSD
[04:44:12] [24/455] M2RH
[04:44:13] [25/455] CPGV
[04:44:14] [26/455] PECD
[04:44:15] [27/455] CTEE
[04:44:16] [28/455] IOMG
[04:44:17] [29/455] CIJA
[04:44:18] [30/455] NYCG
[04:44:18] 🔄 Identity reset
[04:44:18] 🔄 Identity rotated (every 10 requests)
[04:44:19] [31/455] CEST
[04:44:19] [32/455] WVRG
[04:44:20] [33/455] DPDC
[04:44:21] [34/455] PDIV
[04:44:22] [35/455] MTPP
[04:44:23] [36/455] MHNU
[04:44:24] [37/455] WUPG
[04:44:24] [38/455] USCO
[04:44:25] [39/455] INFR
[04:44:26] [40/455] PVPD
[04:44:27] 🔄 Identity reset
[04:44:27] 🔄 Identity rotated (every 10 requests)
[04:44:27] [41/455] RONC
[04:44:28] [42/455] IOCP
[04:44:29] [43/455] EMPS
[04:44:30] [44/455] PNAD
[04:44:31] [45/455] VVGZ
[04:44:32] [46/455] MDDC
[04:44:33] [47/455] MMAP
[04:44:34] [48/455] GPDC
[04:44:35] [49/455] PVPU
[04:44:36] [50/455] DCMV
[04:44:36] 🔄 Identity reset
[04:44:36] 🔄 Identity rotated (every 10 requests)
[04:44:37] [51/455] PCCF
[04:44:38] [52/455] MCEF
[04:44:39] [53/455] INRD
[04:44:39] [54/455] CCPZ
[04:44:40] [55/455] BCWG
[04:44:41] [56/455] PMGU
[04:44:42] [57/455] MCVM
[04:44:43] [58/455] MCDE
[04:44:44] [59/455] IEFM
[04:44:45] [60/455] MXCS
[04:44:45] 🔄 Identity reset
[04:44:45] 🔄 Identity rotated (every 10 requests)
[04:44:46] [61/455] RNMT
[04:44:47] [62/455] PSDD
[04:44:47] [63/455] PETA
[04:44:48] [64/455] IZOP
[04:44:49] [65/455] PDEI
[04:44:50] [66/455] MTND
[04:44:51] [67/455] PCPL
[04:44:52] [68/455] LSCM
[04:44:53] [69/455] BTFD
[04:44:54] [70/455] MERM
[04:44:54] 🔄 Identity reset
[04:44:54] 🔄 Identity rotated (every 10 requests)
[04:44:55] [71/455] PVMS
[04:44:56] [72/455] CIGK
[04:44:56] [73/455] INSG
[04:44:57] [74/455] IDEN
[04:44:58] [75/455] MCGN
[04:45:00] [76/455] IGAM
[04:45:01] [77/455] SLCU
[04:45:02] [78/455] MIMU
[04:45:03] [79/455] QLAC
[04:45:04] [80/455] MENL
[04:45:05] 🔄 Identity reset
[04:45:05] 🔄 Identity rotated (every 10 requests)
[04:45:05] [81/455] SCUR
[04:45:06] [82/455] MDGD
[04:45:07] [83/455] LSRS
[04:45:08] [84/455] KMLG
[04:45:09] [85/455] MKLJ
[04:45:10] [86/455] IBYG
[04:45:11] [87/455] ISML
[04:45:12] [88/455] MJMM
[04:45:13] [89/455] RCGD
[04:45:14] [90/455] MMOC
[04:45:14] 🔄 Identity reset
[04:45:15] 🔄 Identity rotated (every 10 requests)
[04:45:15] [91/455] RRCO
[04:45:16] [92/455] MEDM
[04:45:17] [93/455] MCAZ
[04:45:17] [94/455] STWA
[04:45:18] [95/455] PFFG
[04:45:19] [96/455] GAGC
[04:45:20] [97/455] PMPM
[04:45:21] [98/455] HVCD
[04:45:22] [99/455] AKRF
[04:45:23] [100/455] AKRC
[04:45:24] 🔄 Identity reset
[04:45:24] 🔄 Identity rotated (every 10 requests)
[04:45:24] [101/455] MIDA
[04:45:25] [102/455] MAGX
[04:45:26] [103/455] ESOS
[04:45:28] [104/455] BBCL
[04:45:29] [105/455] LYAS
[04:45:30] [106/455] NRMS
[04:45:31] [107/455] BHUC
[04:45:32] [108/455] SRIC
[04:45:33] [109/455] PDME
[04:45:34] [110/455] MJCS
[04:45:35] 🔄 Identity reset
[04:45:35] 🔄 Identity rotated (every 10 requests)
[04:45:35] [111/455] NRAA
[04:45:36] [112/455] VATA
[04:45:37] [113/455] MNKC
[04:45:38] [114/455] DHCL
[04:45:39] [115/455] JCPC
[04:45:40] [116/455] CTML
[04:45:41] [117/455] RMMR
[04:45:42] [118/455] STTL
[04:45:43] [119/455] CNPS
[04:45:44] [120/455] ACKL
[04:45:45] 🔄 Identity reset
[04:45:45] 🔄 Identity rotated (every 10 requests)
[04:45:45] [121/455] SCAU
[04:45:46] [122/455] RMIA
[04:45:47] [123/455] MANU
[04:45:48] [124/455] ARDC
[04:45:50] [125/455] GLDA
[04:45:50] [126/455] KVSW
[04:45:51] [127/455] CGCA
[04:45:52] [128/455] CMLO
[04:45:53] [129/455] CECB
[04:45:54] [130/455] RCPN
[04:45:55] 🔄 Identity reset
[04:45:55] 🔄 Identity rotated (every 10 requests)
[04:45:55] [131/455] ASMW
[04:45:56] [132/455] PWLM
[04:45:57] [133/455] ASGM
[04:45:58] [134/455] ACWH
[04:45:59] [135/455] AAPW
[04:46:00] [136/455] RTWA
[04:46:01] [137/455] RAMW
[04:46:02] [138/455] VKTR
[04:46:03] [139/455] SMBH
[04:46:03] [140/455] BVDR
[04:46:04] 🔄 Identity reset
[04:46:04] 🔄 Identity rotated (every 10 requests)
[04:46:04] [141/455] MRTP
[04:46:05] [142/455] BLBR
[04:46:06] [143/455] LPIN
[04:46:07] [144/455] SNPC
[04:46:08] [145/455] PDCB
[04:46:09] [146/455] DYPK
[04:46:09] [147/455] INMK
[04:46:10] [148/455] PDCK
[04:46:12] [149/455] PCKR
[04:46:13] [150/455] SHUA
[04:46:13] 🔄 Identity reset
[04:46:13] 🔄 Identity rotated (every 10 requests)
[04:46:14] [151/455] SCVK
[04:46:15] [152/455] STPA
[04:46:16] [153/455] WVHD
[04:46:17] [154/455] MRCH
[04:46:18] [155/455] MCNP
[04:46:19] [156/455] RCAG
[04:46:20] [157/455] JTSN
[04:46:20] [158/455] AANS
[04:46:21] [159/455] GDDR
[04:46:22] [160/455] SRER
[04:46:23] 🔄 Identity reset
[04:46:23] 🔄 Identity rotated (every 10 requests)
[04:46:23] [161/455] JKMA
[04:46:24] [162/455] ARAN
[04:46:25] [163/455] ALCT
[04:46:26] [164/455] CCTA
[04:46:27] [165/455] CNCT
[04:46:28] [166/455] NZBL
[04:46:29] [167/455] SRRA
[04:46:30] [168/455] SVPW
[04:46:31] [169/455] SRTW
[04:46:32] [170/455] XMTD
[04:46:32] 🔄 Identity reset
[04:46:32] 🔄 Identity rotated (every 10 requests)
[04:46:33] [171/455] SCCZ
[04:46:34] [172/455] PBCR
[04:46:35] [173/455] RTSC
[04:46:36] [174/455] TLSV
[04:46:36] [175/455] RMTK
[04:46:37] [176/455] SRAT
[04:46:38] [177/455] GCYC
[04:46:39] [178/455] HCAJ
[04:46:40] [179/455] LCXA
[04:46:41] [180/455] BINT
[04:46:42] 🔄 Identity reset
[04:46:42] 🔄 Identity rotated (every 10 requests)
[04:46:42] [181/455] IXIM
[04:46:43] [182/455] MBCR
[04:46:44] [183/455] BMCJ
[04:46:44] [184/455] NICJ
[04:46:45] [185/455] SCAJ
[04:46:46] [186/455] CMXS
[04:46:47] [187/455] MMSR
[04:46:48] [188/455] PRKT
[04:46:49] [189/455] LPTH
[04:46:50] [190/455] SARP
[04:46:50] 🔄 Identity reset
[04:46:50] 🔄 Identity rotated (every 10 requests)
[04:46:51] [191/455] MNPP
[04:46:51] [192/455] PRLR
[04:46:52] [193/455] RCMW
[04:46:54] [194/455] FCMG
[04:46:55] [195/455] RTNK
[04:46:56] [196/455] LRCP
[04:46:56] [197/455] DBJR
[04:46:57] [198/455] CACN
[04:46:58] [199/455] AMRL
[04:46:59] [200/455] SBBC
[04:47:00] 🔄 Identity reset
[04:47:00] 🔄 Identity rotated (every 10 requests)
[04:47:00] [201/455] VENN
[04:47:01] [202/455] STSS
[04:47:02] [203/455] SMRB
[04:47:03] [204/455] CCMX
[04:47:04] [205/455] KCMR
[04:47:05] [206/455] SALH
[04:47:06] [207/455] CGTT
[04:47:08] [208/455] PMDR
[04:47:09] [209/455] VCPM
[04:47:10] [210/455] RZMX
[04:47:11] 🔄 Identity reset
[04:47:11] 🔄 Identity rotated (every 10 requests)
[04:47:11] [211/455] TMSY
[04:47:12] [212/455] NTMS
[04:47:13] [213/455] VTAG
[04:47:14] [214/455] REMA
[04:47:15] [215/455] NXCC
[04:47:16] [216/455] SKYM
[04:47:17] [217/455] CCMO
[04:47:18] [218/455] DMXM
[04:47:19] [219/455] SPPM
[04:47:20] [220/455] PTKL
[04:47:20] 🔄 Identity reset
[04:47:20] 🔄 Identity rotated (every 10 requests)
[04:47:21] [221/455] SLVO
[04:47:21] [222/455] VASL
[04:47:22] [223/455] CBCM
[04:47:23] [224/455] STMA
[04:47:24] [225/455] LASK
[04:47:26] [226/455] VITE
[04:47:28] [227/455] AAST
[04:47:29] [228/455] JTPT
[04:47:29] [229/455] RRSH
[04:47:30] [230/455] CINL
[04:47:31] 🔄 Identity reset
[04:47:31] 🔄 Identity rotated (every 10 requests)
[04:47:31] [231/455] MCSR
[04:47:32] [232/455] SBCF
[04:47:33] [233/455] GCDU
[04:47:34] [234/455] PSPR
[04:47:35] [235/455] IMMO
[04:47:36] [236/455] CLGM
[04:47:37] [237/455] PBMM
[04:47:38] [238/455] CEHR
[04:47:39] [239/455] CPOE
[04:47:40] [240/455] PGFD
[04:47:41] 🔄 Identity reset
[04:47:41] 🔄 Identity rotated (every 10 requests)
[04:47:41] [241/455] PSLC
[04:47:42] [242/455] MSMD
[04:47:43] [243/455] FMFB
[04:47:44] [244/455] RKCL
[04:47:44] [245/455] PMMC
[04:47:45] [246/455] SKMM
[04:47:46] [247/455] VOIB
[04:47:47] [248/455] KINO
[04:47:48] [249/455] VCTP
[04:47:49] [250/455] PDWR
[04:47:49] 🔄 Identity reset
[04:47:49] 🔄 Identity rotated (every 10 requests)
[04:47:50] [251/455] SAED
[04:47:51] [252/455] SRRT
[04:47:52] [253/455] CVLG
[04:47:53] [254/455] SNGN
[04:47:53] [255/455] SIDA
[04:47:54] [256/455] IMCB
[04:47:56] [257/455] SMHP
[04:47:57] [258/455] GDTY
[04:47:58] [259/455] VYCH
[04:47:59] [260/455] PDYA
[04:48:00] 🔄 Identity reset
[04:48:00] 🔄 Identity rotated (every 10 requests)
[04:48:00] [261/455] RKDO
[04:48:01] [262/455] VECG
[04:48:02] [263/455] NFGD
[04:48:03] [264/455] SNDC
[04:48:04] [265/455] SDJH
[04:48:05] [266/455] HASV
[04:48:06] [267/455] PTYK
[04:48:06] [268/455] MUTB
[04:48:07] [269/455] AMRT
[04:48:08] [270/455] VACD
[04:48:08] 🔄 Identity reset
[04:48:08] 🔄 Identity rotated (every 10 requests)
[04:48:09] [271/455] SKDD
[04:48:10] [272/455] STGR
[04:48:11] [273/455] GDAK
[04:48:12] [274/455] SKHK
[04:48:13] [275/455] SLND
[04:48:13] [276/455] APAP
[04:48:14] [277/455] AYYA
[04:48:15] [278/455] VCCZ
[04:48:16] [279/455] MEML
[04:48:17] [280/455] MAOU
[04:48:17] 🔄 Identity reset
[04:48:17] 🔄 Identity rotated (every 10 requests)
[04:48:18] [281/455] ESND
[04:48:18] [282/455] PTBZ
[04:48:19] [283/455] LBCN
[04:48:20] [284/455] PAWA
[04:48:21] [285/455] ZEIC
[04:48:22] [286/455] CGMM
[04:48:23] [287/455] PJPM
[04:48:24] [288/455] ECMR
[04:48:24] [289/455] SHMZ
[04:48:25] [290/455] STCA
[04:48:26] 🔄 Identity reset
[04:48:26] 🔄 Identity rotated (every 10 requests)
[04:48:26] [291/455] VDRC
[04:48:27] [292/455] SEEM
[04:48:28] [293/455] MKNS
[04:48:29] [294/455] KPPP
[04:48:31] [295/455] CCML
[04:48:31] [296/455] CIBA
[04:48:32] [297/455] NACS
[04:48:33] [298/455] CTMK
[04:48:34] [299/455] CTCT
[04:48:35] [300/455] MCSN
[04:48:36] 🔄 Identity reset
[04:48:36] 🔄 Identity rotated (every 10 requests)
[04:48:36] [301/455] MAXX
[04:48:37] [302/455] MECB
[04:48:38] [303/455] NTBY
[04:48:39] [304/455] UTBI
[04:48:40] [305/455] RADK
[04:48:41] [306/455] STBY
[04:48:42] [307/455] GTBY
[04:48:43] [308/455] RRMB
[04:48:44] [309/455] ABRN
[04:48:44] [310/455] GTSG
[04:48:45] 🔄 Identity reset
[04:48:45] 🔄 Identity rotated (every 10 requests)
[04:48:45] [311/455] GBTG
[04:48:46] [312/455] SBGS
[04:48:48] [313/455] KBPM
[04:48:49] [314/455] SMHT
[04:48:50] [315/455] VTDM
[04:48:51] [316/455] ASCT
[04:48:52] [317/455] AWCT
[04:48:52] [318/455] DCCU
[04:48:53] [319/455] PSCE
[04:48:54] [320/455] KSNY
[04:48:55] 🔄 Identity reset
[04:48:55] 🔄 Identity rotated (every 10 requests)
[04:48:55] [321/455] ACID
[04:48:56] [322/455] LVCD
[04:48:57] [323/455] KSSB
[04:48:58] [324/455] SWTD
[04:48:59] [325/455] RBMR
[04:49:00] [326/455] SCBC
[04:49:01] [327/455] RKME
[04:49:01] [328/455] GALX
[04:49:02] [329/455] GCCH
[04:49:03] [330/455] RATR
[04:49:04] 🔄 Identity reset
[04:49:04] 🔄 Identity rotated (every 10 requests)
[04:49:04] [331/455] GTGA
[04:49:06] [332/455] LTTR
[04:49:07] [333/455] TTAA
[04:49:08] [334/455] TVHP
[04:49:09] [335/455] KVCS
[04:49:09] [336/455] CBMC
[04:49:10] [337/455] MAYJ
[04:49:11] [338/455] INPR
[04:49:12] [339/455] RSSC
[04:49:13] [340/455] PCAN
[04:49:13] 🔄 Identity reset
[04:49:13] 🔄 Identity rotated (every 10 requests)
[04:49:14] [341/455] PVHR
[04:49:14] [342/455] AGSM
[04:49:15] [343/455] PVES
[04:49:17] [344/455] INTO
[04:49:18] [345/455] ACON
[04:49:19] [346/455] PVPZ
[04:49:20] [347/455] PVHC
[04:49:21] [348/455] KSTK
[04:49:22] [349/455] PVSR
[04:49:22] [350/455] ACTN
[04:49:23] 🔄 Identity reset
[04:49:23] 🔄 Identity rotated (every 10 requests)
[04:49:24] [351/455] FMCN
[04:49:24] [352/455] PABC
[04:49:25] [353/455] SUTC
[04:49:26] [354/455] PGMV
[04:49:28] [355/455] GKCP
[04:49:29] [356/455] INCH
[04:49:31] [357/455] MLMT
[04:49:31] [358/455] SSCC
[04:49:32] [359/455] SLMP
[04:49:33] [360/455] VVTN
[04:49:34] 🔄 Identity reset
[04:49:34] 🔄 Identity rotated (every 10 requests)
[04:49:34] [361/455] SBTR
[04:49:36] [362/455] PGRA
[04:49:37] [363/455] PBRM
[04:49:38] [364/455] GCRP
[04:49:38] [365/455] MCSK
[04:49:39] [366/455] NLTC
[04:49:40] [367/455] MTLM
[04:49:41] [368/455] VECT
[04:49:42] [369/455] KMRM
[04:49:43] [370/455] RACM
[04:49:43] 🔄 Identity reset
[04:49:43] 🔄 Identity rotated (every 10 requests)
[04:49:44] [371/455] WSTC
[04:49:45] [372/455] PVTJ
[04:49:46] [373/455] MMKC
[04:49:47] [374/455] SVWT
[04:49:48] [375/455] JOTG
[04:49:49] [376/455] VCDK
[04:49:50] [377/455] ANAC
[04:49:51] [378/455] GRTC
[04:49:52] [379/455] JTPL
[04:49:53] [380/455] VRCP
[04:49:54] 🔄 Identity reset
[04:49:54] 🔄 Identity rotated (every 10 requests)
[04:49:55] [381/455] REMC
[04:49:56] [382/455] ATMG
[04:49:57] [383/455] GAHC
[04:49:57] [384/455] JTMV
[04:49:58] [385/455] OMTT
[04:49:59] [386/455] GKKC
[04:50:00] [387/455] BBPO
[04:50:01] [388/455] ZCBB
[04:50:02] [389/455] DCGO
[04:50:03] [390/455] STOP
[04:50:03] 🔄 Identity reset
[04:50:03] 🔄 Identity rotated (every 10 requests)
[04:50:03] [391/455] BSPC
[04:50:04] [392/455] SOND
[04:50:05] [393/455] GCKG
[04:50:06] [394/455] PCDB
[04:50:07] [395/455] PGRC
[04:50:08] [396/455] CSCT
[04:50:09] [397/455] STDA
[04:50:10] [398/455] JAYD
[04:50:10] [399/455] PPPD
[04:50:11] [400/455] KRTT
[04:50:12] 🔄 Identity reset
[04:50:12] 🔄 Identity rotated (every 10 requests)
[04:50:12] [401/455] PTDT
[04:50:13] [402/455] TRSV
[04:50:15] [403/455] VELR
[04:50:16] [404/455] STDT
[04:50:16] [405/455] SATT
[04:50:17] [406/455] KCPM
[04:50:18] [407/455] MFCP
[04:50:19] [408/455] AXMP
[04:50:20] [409/455] LTVB
[04:50:20] [410/455] APST
[04:50:21] 🔄 Identity reset
[04:50:21] 🔄 Identity rotated (every 10 requests)
[04:50:21] [411/455] DTVP
[04:50:22] [412/455] AAVB
[04:50:24] [413/455] PMBL
[04:50:25] [414/455] STKC
[04:50:26] [415/455] KKMA
[04:50:27] [416/455] NMXS
[04:50:28] [417/455] DECX
[04:50:28] [418/455] MAPJ
[04:50:29] [419/455] SMLK
[04:50:31] [420/455] PMPU
[04:50:31] 🔄 Identity reset
[04:50:31] 🔄 Identity rotated (every 10 requests)
[04:50:32] [421/455] AFST
[04:50:32] [422/455] SRSY
[04:50:33] [423/455] RMKT
[04:50:34] [424/455] RAJX
[04:50:35] [425/455] UVCD
[04:50:36] [426/455] LISA
[04:50:37] [427/455] LMSR
[04:50:38] [428/455] PMCA
[04:50:39] [429/455] INPO
[04:50:40] [430/455] INGO
[04:50:40] 🔄 Identity reset
[04:50:40] 🔄 Identity rotated (every 10 requests)
[04:50:41] [431/455] HFSQ
[04:50:41] [432/455] INMG
[04:50:43] [433/455] NYCP
[04:50:44] [434/455] HFSV
[04:50:44] [435/455] MMZP
[04:50:45] [436/455] KSES
[04:50:47] [437/455] HFSA
[04:50:48] [438/455] ACMM
[04:50:49] [439/455] RCKD
[04:50:49] [440/455] BCKR
[04:50:50] 🔄 Identity reset
[04:50:50] 🔄 Identity rotated (every 10 requests)
[04:50:50] [441/455] SFCO
[04:50:52] [442/455] JCCB
[04:50:53] [443/455] BCCR
[04:50:54] [444/455] NWCB
[04:50:55] [445/455] SAMT
[04:50:55] [446/455] TMST
[04:50:56] [447/455] SJCN
[04:50:57] [448/455] MCBS
[04:50:58] [449/455] CMKR
[04:50:59] [450/455] INPM
[04:50:59] 🔄 Identity reset
[04:50:59] 🔄 Identity rotated (every 10 requests)
[04:51:00] [451/455] WVMT
[04:51:01] [452/455] NYSM
[04:51:02] [453/455] RCMA
[04:51:03] [454/455] RECM
[04:51:03] [455/455] CYCM
[04:51:04] 🧹 Deduping shows
[04:51:04] ✅ DONE | Shows=889 | Movies=33
[21:55:38] 🚀 SCRIPT STARTED (enhanced anti‑detection)
[21:55:38] [1/455] MXGN
[21:55:39] 🧠 New identity created
[21:55:39] [2/455] PGGM
[21:55:40] [3/455] IPMJ
[21:55:41] [4/455] M2PP
[21:55:42] [5/455] PMMS
[21:55:43] [6/455] SCJN
[21:55:44] [7/455] CPUM
[21:55:45] [8/455] SCND
[21:55:46] [9/455] INWM
[21:55:46] [10/455] DVDC
[21:55:47] 🔄 Identity reset
[21:55:47] 🔄 Identity rotated (every 10 requests)
[21:55:47] [11/455] WVND
[21:55:48] [12/455] LBDL
[21:55:49] [13/455] CRGM
[21:55:50] [14/455] PVKS
[21:55:51] [15/455] PBLL
[21:55:52] [16/455] FNLN
[21:55:53] [17/455] PPDA
[21:55:54] [18/455] SCPT
[21:55:55] [19/455] IAJS
[21:55:56] [20/455] MMZG
[21:55:57] 🔄 Identity reset
[21:55:57] 🔄 Identity rotated (every 10 requests)
[21:55:57] 🔄 Retry 1/5 for MMZG in 2.8s
[21:55:57] 🔄 Identity reset
[21:56:00] 🧠 New identity created
[21:56:00] [21/455] MCTI
[21:56:01] [22/455] PPMF
[21:56:02] [23/455] FNSD
[21:56:03] [24/455] M2RH
[21:56:04] [25/455] CPGV
[21:56:05] [26/455] PECD
[21:56:06] [27/455] CTEE
[21:56:07] [28/455] IOMG
[21:56:08] [29/455] CIJA
[21:56:08] 🔄 Identity reset
[21:56:09] 🔄 Identity rotated (every 10 requests)
[21:56:09] [30/455] NYCG
[21:56:10] [31/455] CEST
[21:56:11] [32/455] WVRG
[21:56:12] [33/455] DPDC
[21:56:13] [34/455] PDIV
[21:56:14] [35/455] MTPP
[21:56:15] [36/455] MHNU
[21:56:16] [37/455] WUPG
[21:56:17] [38/455] USCO
[21:56:18] [39/455] INFR
[21:56:19] 🔄 Identity reset
[21:56:19] 🔄 Identity rotated (every 10 requests)
[21:56:19] [40/455] PVPD
[21:56:20] [41/455] RONC
[21:56:21] [42/455] IOCP
[21:56:22] [43/455] EMPS
[21:56:23] [44/455] PNAD
[21:56:24] [45/455] VVGZ
[21:56:25] [46/455] MDDC
[21:56:26] [47/455] MMAP
[21:56:27] [48/455] GPDC
[21:56:28] [49/455] PVPU
[21:56:28] 🔄 Identity reset
[21:56:28] 🔄 Identity rotated (every 10 requests)
[21:56:29] [50/455] DCMV
[21:56:29] [51/455] PCCF
[21:56:30] [52/455] MCEF
[21:56:32] [53/455] INRD
[21:56:33] [54/455] CCPZ
[21:56:34] [55/455] BCWG
[21:56:35] [56/455] PMGU
[21:56:36] [57/455] MCVM
[21:56:37] [58/455] MCDE
[21:56:38] [59/455] IEFM
[21:56:39] 🔄 Identity reset
[21:56:39] 🔄 Identity rotated (every 10 requests)
[21:56:39] [60/455] MXCS
[21:56:40] [61/455] RNMT
[21:56:41] [62/455] PSDD
[21:56:42] [63/455] PETA
[21:56:43] [64/455] IZOP
[21:56:44] [65/455] PDEI
[21:56:45] [66/455] MTND
[21:56:46] [67/455] PCPL
[21:56:47] [68/455] LSCM
[21:56:48] [69/455] BTFD
[21:56:49] 🔄 Identity reset
[21:56:49] 🔄 Identity rotated (every 10 requests)
[21:56:49] [70/455] MERM
[21:56:50] [71/455] PVMS
[21:56:52] [72/455] CIGK
[21:56:53] [73/455] INSG
[21:56:54] [74/455] IDEN
[21:56:55] [75/455] MCGN
[21:56:56] [76/455] IGAM
[21:56:57] [77/455] SLCU
[21:56:58] [78/455] MIMU
[21:56:59] [79/455] QLAC
[21:57:00] 🔄 Identity reset
[21:57:00] 🔄 Identity rotated (every 10 requests)
[21:57:00] [80/455] MENL
[21:57:01] [81/455] SCUR
[21:57:02] [82/455] MDGD
[21:57:03] [83/455] LSRS
[21:57:04] [84/455] KMLG
[21:57:05] [85/455] MKLJ
[21:57:06] [86/455] IBYG
[21:57:07] [87/455] ISML
[21:57:08] [88/455] MJMM
[21:57:09] [89/455] RCGD
[21:57:09] 🔄 Identity reset
[21:57:09] 🔄 Identity rotated (every 10 requests)
[21:57:10] [90/455] MMOC
[21:57:11] [91/455] RRCO
[21:57:11] [92/455] MEDM
[21:57:12] [93/455] MCAZ
[21:57:14] [94/455] STWA
[21:57:15] [95/455] PFFG
[21:57:16] [96/455] GAGC
[21:57:17] [97/455] PMPM
[21:57:19] [98/455] HVCD
[21:57:20] [99/455] AKRF
[21:57:20] 🔄 Identity reset
[21:57:20] 🔄 Identity rotated (every 10 requests)
[21:57:21] [100/455] AKRC
[21:57:22] [101/455] MIDA
[21:57:23] [102/455] MAGX
[21:57:24] [103/455] ESOS
[21:57:25] [104/455] BBCL
[21:57:26] [105/455] LYAS
[21:57:27] [106/455] NRMS
[21:57:28] [107/455] BHUC
[21:57:29] [108/455] SRIC
[21:57:31] [109/455] PDME
[21:57:31] 🔄 Identity reset
[21:57:31] 🔄 Identity rotated (every 10 requests)
[21:57:32] [110/455] MJCS
[21:57:33] [111/455] NRAA
[21:57:34] [112/455] VATA
[21:57:34] [113/455] MNKC
[21:57:35] [114/455] DHCL
[21:57:36] [115/455] JCPC
[21:57:37] [116/455] CTML
[21:57:38] [117/455] RMMR
[21:57:40] [118/455] STTL
[21:57:41] [119/455] CNPS
[21:57:42] 🔄 Identity reset
[21:57:42] 🔄 Identity rotated (every 10 requests)
[21:57:42] [120/455] ACKL
[21:57:43] [121/455] SCAU
[21:57:44] [122/455] RMIA
[21:57:45] [123/455] MANU
[21:57:46] [124/455] ARDC
[21:57:48] [125/455] GLDA
[21:57:49] [126/455] KVSW
[21:57:50] [127/455] CGCA
[21:57:51] [128/455] CMLO
[21:57:52] [129/455] CECB
[21:57:52] 🔄 Identity reset
[21:57:52] 🔄 Identity rotated (every 10 requests)
[21:57:53] [130/455] RCPN
[21:57:54] [131/455] ASMW
[21:57:55] [132/455] PWLM
[21:57:56] [133/455] ASGM
[21:57:57] [134/455] ACWH
[21:57:58] [135/455] AAPW
[21:58:00] [136/455] RTWA
[21:58:01] [137/455] RAMW
[21:58:03] [138/455] VKTR
[21:58:04] [139/455] SMBH
[21:58:04] 🔄 Identity reset
[21:58:04] 🔄 Identity rotated (every 10 requests)
[21:58:05] 🔄 Retry 1/5 for SMBH in 2.2s
[21:58:05] 🔄 Identity reset
[21:58:07] 🧠 New identity created
[21:58:08] [140/455] BVDR
[21:58:09] [141/455] MRTP
[21:58:10] [142/455] BLBR
[21:58:11] [143/455] LPIN
[21:58:12] [144/455] SNPC
[21:58:12] [145/455] PDCB
[21:58:13] [146/455] DYPK
[21:58:15] [147/455] INMK
[21:58:16] [148/455] PDCK
[21:58:17] 🔄 Identity reset
[21:58:17] 🔄 Identity rotated (every 10 requests)
[21:58:17] [149/455] PCKR
[21:58:18] [150/455] SHUA
[21:58:19] [151/455] SCVK
[21:58:21] [152/455] STPA
[21:58:22] [153/455] WVHD
[21:58:23] [154/455] MRCH
[21:58:24] [155/455] MCNP
[21:58:25] [156/455] RCAG
[21:58:26] [157/455] JTSN
[21:58:27] [158/455] AANS
[21:58:28] 🔄 Identity reset
[21:58:28] 🔄 Identity rotated (every 10 requests)
[21:58:28] [159/455] GDDR
[21:58:29] [160/455] SRER
[21:58:30] [161/455] JKMA
[21:58:31] [162/455] ARAN
[21:58:32] [163/455] ALCT
[21:58:33] [164/455] CCTA
[21:58:34] [165/455] CNCT
[21:58:35] [166/455] NZBL
[21:58:36] [167/455] SRRA
[21:58:38] [168/455] SVPW
[21:58:38] 🔄 Identity reset
[21:58:38] 🔄 Identity rotated (every 10 requests)
[21:58:39] [169/455] SRTW
[21:58:40] [170/455] XMTD
[21:58:41] [171/455] SCCZ
[21:58:42] [172/455] PBCR
[21:58:43] [173/455] RTSC
[21:58:44] [174/455] TLSV
[21:58:45] [175/455] RMTK
[21:58:46] [176/455] SRAT
[21:58:47] [177/455] GCYC
[21:58:48] [178/455] HCAJ
[21:58:49] 🔄 Identity reset
[21:58:49] 🔄 Identity rotated (every 10 requests)
[21:58:49] [179/455] LCXA
[21:58:51] [180/455] BINT
[21:58:52] [181/455] IXIM
[21:58:53] [182/455] MBCR
[21:58:54] [183/455] BMCJ
[21:58:55] [184/455] NICJ
[21:58:57] [185/455] SCAJ
[21:58:58] [186/455] CMXS
[21:58:58] [187/455] MMSR
[21:59:00] [188/455] PRKT
[21:59:00] 🔄 Identity reset
[21:59:00] 🔄 Identity rotated (every 10 requests)
[21:59:01] [189/455] LPTH
[21:59:02] [190/455] SARP
[21:59:03] [191/455] MNPP
[21:59:04] [192/455] PRLR
[21:59:05] [193/455] RCMW
[21:59:06] [194/455] FCMG
[21:59:07] [195/455] RTNK
[21:59:08] [196/455] LRCP
[21:59:09] [197/455] DBJR
[21:59:10] [198/455] CACN
[21:59:10] 🔄 Identity reset
[21:59:11] 🔄 Identity rotated (every 10 requests)
[21:59:11] [199/455] AMRL
[21:59:12] [200/455] SBBC
[21:59:13] [201/455] VENN
[21:59:14] [202/455] STSS
[21:59:15] [203/455] SMRB
[21:59:16] [204/455] CCMX
[21:59:16] [205/455] KCMR
[21:59:17] [206/455] SALH
[21:59:19] [207/455] CGTT
[21:59:20] [208/455] PMDR
[21:59:20] 🔄 Identity reset
[21:59:20] 🔄 Identity rotated (every 10 requests)
[21:59:21] [209/455] VCPM
[21:59:22] [210/455] RZMX
[21:59:23] [211/455] TMSY
[21:59:23] [212/455] NTMS
[21:59:24] [213/455] VTAG
[21:59:25] [214/455] REMA
[21:59:26] [215/455] NXCC
[21:59:27] [216/455] SKYM
[21:59:28] [217/455] CCMO
[21:59:29] [218/455] DMXM
[21:59:30] 🔄 Identity reset
[21:59:30] 🔄 Identity rotated (every 10 requests)
[21:59:30] [219/455] SPPM
[21:59:32] [220/455] PTKL
[21:59:33] [221/455] SLVO
[21:59:33] [222/455] VASL
[21:59:34] [223/455] CBCM
[21:59:35] [224/455] STMA
[21:59:36] [225/455] LASK
[21:59:37] [226/455] VITE
[21:59:38] [227/455] AAST
[21:59:39] [228/455] JTPT
[21:59:40] 🔄 Identity reset
[21:59:40] 🔄 Identity rotated (every 10 requests)
[21:59:40] [229/455] RRSH
[21:59:41] [230/455] CINL
[21:59:42] [231/455] MCSR
[21:59:43] [232/455] SBCF
[21:59:43] [233/455] GCDU
[21:59:44] [234/455] PSPR
[21:59:45] [235/455] IMMO
[21:59:46] [236/455] CLGM
[21:59:47] [237/455] PBMM
[21:59:48] [238/455] CEHR
[21:59:49] 🔄 Identity reset
[21:59:49] 🔄 Identity rotated (every 10 requests)
[21:59:49] [239/455] CPOE
[21:59:50] [240/455] PGFD
[21:59:51] [241/455] PSLC
[21:59:52] [242/455] MSMD
[21:59:53] [243/455] FMFB
[21:59:54] [244/455] RKCL
[21:59:55] [245/455] PMMC
[21:59:56] [246/455] SKMM
[21:59:57] [247/455] VOIB
[21:59:57] [248/455] KINO
[21:59:58] 🔄 Identity reset
[21:59:58] 🔄 Identity rotated (every 10 requests)
[21:59:59] [249/455] VCTP
[21:59:59] [250/455] PDWR
[22:00:00] [251/455] SAED
[22:00:01] [252/455] SRRT
[22:00:02] [253/455] CVLG
[22:00:03] [254/455] SNGN
[22:00:04] [255/455] SIDA
[22:00:05] [256/455] IMCB
[22:00:06] [257/455] SMHP
[22:00:07] [258/455] GDTY
[22:00:07] 🔄 Identity reset
[22:00:07] 🔄 Identity rotated (every 10 requests)
[22:00:08] [259/455] VYCH
[22:00:09] [260/455] PDYA
[22:00:10] [261/455] RKDO
[22:00:11] [262/455] VECG
[22:00:12] [263/455] NFGD
[22:00:13] [264/455] SNDC
[22:00:14] [265/455] SDJH
[22:00:15] [266/455] HASV
[22:00:16] [267/455] PTYK
[22:00:17] [268/455] MUTB
[22:00:18] 🔄 Identity reset
[22:00:18] 🔄 Identity rotated (every 10 requests)
[22:00:18] [269/455] AMRT
[22:00:19] [270/455] VACD
[22:00:20] [271/455] SKDD
[22:00:21] [272/455] STGR
[22:00:22] [273/455] GDAK
[22:00:23] [274/455] SKHK
[22:00:24] [275/455] SLND
[22:00:25] [276/455] APAP
[22:00:26] [277/455] AYYA
[22:00:27] [278/455] VCCZ
[22:00:27] 🔄 Identity reset
[22:00:27] 🔄 Identity rotated (every 10 requests)
[22:00:28] [279/455] MEML
[22:00:29] [280/455] MAOU
[22:00:30] [281/455] ESND
[22:00:30] [282/455] PTBZ
[22:00:31] [283/455] LBCN
[22:00:32] [284/455] PAWA
[22:00:33] [285/455] ZEIC
[22:00:35] [286/455] CGMM
[22:00:36] [287/455] PJPM
[22:00:37] [288/455] ECMR
[22:00:38] 🔄 Identity reset
[22:00:38] 🔄 Identity rotated (every 10 requests)
[22:00:38] [289/455] SHMZ
[22:00:39] [290/455] STCA
[22:00:40] [291/455] VDRC
[22:00:41] [292/455] SEEM
[22:00:42] [293/455] MKNS
[22:00:43] [294/455] KPPP
[22:00:44] [295/455] CCML
[22:00:45] [296/455] CIBA
[22:00:46] [297/455] NACS
[22:00:47] [298/455] CTMK
[22:00:48] 🔄 Identity reset
[22:00:48] 🔄 Identity rotated (every 10 requests)
[22:00:48] [299/455] CTCT
[22:00:49] [300/455] MCSN
[22:00:50] [301/455] MAXX
[22:00:51] [302/455] MECB
[22:00:52] [303/455] NTBY
[22:00:53] [304/455] UTBI
[22:00:54] [305/455] RADK
[22:00:55] [306/455] STBY
[22:00:56] [307/455] GTBY
[22:00:56] [308/455] RRMB
[22:00:57] 🔄 Identity reset
[22:00:57] 🔄 Identity rotated (every 10 requests)
[22:00:58] [309/455] ABRN
[22:00:59] [310/455] GTSG
[22:01:00] [311/455] GBTG
[22:01:01] [312/455] SBGS
[22:01:03] [313/455] KBPM
[22:01:04] [314/455] SMHT
[22:01:05] [315/455] VTDM
[22:01:07] [316/455] ASCT
[22:01:08] [317/455] AWCT
[22:01:09] [318/455] DCCU
[22:01:09] 🔄 Identity reset
[22:01:10] 🔄 Identity rotated (every 10 requests)
[22:01:10] [319/455] PSCE
[22:01:11] [320/455] KSNY
[22:01:12] [321/455] ACID
[22:01:13] [322/455] LVCD
[22:01:14] [323/455] KSSB
[22:01:15] [324/455] SWTD
[22:01:16] [325/455] RBMR
[22:01:17] [326/455] SCBC
[22:01:19] [327/455] RKME
[22:01:20] [328/455] GALX
[22:01:20] 🔄 Identity reset
[22:01:20] 🔄 Identity rotated (every 10 requests)
[22:01:21] [329/455] GCCH
[22:01:22] [330/455] RATR
[22:01:23] [331/455] GTGA
[22:01:24] [332/455] LTTR
[22:01:25] [333/455] TTAA
[22:01:25] [334/455] TVHP
[22:01:26] [335/455] KVCS
[22:01:27] [336/455] CBMC
[22:01:28] [337/455] MAYJ
[22:01:30] [338/455] INPR
[22:01:31] 🔄 Identity reset
[22:01:31] 🔄 Identity rotated (every 10 requests)
[22:01:31] [339/455] RSSC
[22:01:32] [340/455] PCAN
[22:01:33] [341/455] PVHR
[22:01:34] [342/455] AGSM
[22:01:35] [343/455] PVES
[22:01:36] [344/455] INTO
[22:01:37] [345/455] ACON
[22:01:38] [346/455] PVPZ
[22:01:39] [347/455] PVHC
[22:01:40] [348/455] KSTK
[22:01:40] 🔄 Identity reset
[22:01:40] 🔄 Identity rotated (every 10 requests)
[22:01:41] [349/455] PVSR
[22:01:42] [350/455] ACTN
[22:01:43] [351/455] FMCN
[22:01:44] [352/455] PABC
[22:01:46] [353/455] SUTC
[22:01:46] [354/455] PGMV
[22:01:48] [355/455] GKCP
[22:01:49] [356/455] INCH
[22:01:50] [357/455] MLMT
[22:01:51] [358/455] SSCC
[22:01:52] 🔄 Identity reset
[22:01:52] 🔄 Identity rotated (every 10 requests)
[22:01:53] [359/455] SLMP
[22:01:54] [360/455] VVTN
[22:01:56] [361/455] SBTR
[22:01:56] [362/455] PGRA
[22:01:57] [363/455] PBRM
[22:01:58] [364/455] GCRP
[22:01:59] [365/455] MCSK
[22:02:00] [366/455] NLTC
[22:02:01] [367/455] MTLM
[22:02:02] [368/455] VECT
[22:02:02] 🔄 Identity reset
[22:02:02] 🔄 Identity rotated (every 10 requests)
[22:02:03] [369/455] KMRM
[22:02:04] [370/455] RACM
[22:02:05] [371/455] WSTC
[22:02:06] [372/455] PVTJ
[22:02:07] [373/455] MMKC
[22:02:09] [374/455] SVWT
[22:02:10] [375/455] JOTG
[22:02:10] [376/455] VCDK
[22:02:12] [377/455] ANAC
[22:02:12] [378/455] GRTC
[22:02:13] 🔄 Identity reset
[22:02:13] 🔄 Identity rotated (every 10 requests)
[22:02:13] [379/455] JTPL
[22:02:14] [380/455] VRCP
[22:02:15] [381/455] REMC
[22:02:16] [382/455] ATMG
[22:02:17] [383/455] GAHC
[22:02:18] [384/455] JTMV
[22:02:19] [385/455] OMTT
[22:02:20] [386/455] GKKC
[22:02:21] [387/455] BBPO
[22:02:22] [388/455] ZCBB
[22:02:22] 🔄 Identity reset
[22:02:22] 🔄 Identity rotated (every 10 requests)
[22:02:23] [389/455] DCGO
[22:02:24] [390/455] STOP
[22:02:25] [391/455] BSPC
[22:02:26] [392/455] SOND
[22:02:27] [393/455] GCKG
[22:02:28] [394/455] PCDB
[22:02:29] [395/455] PGRC
[22:02:30] [396/455] CSCT
[22:02:31] [397/455] STDA
[22:02:32] [398/455] JAYD
[22:02:33] 🔄 Identity reset
[22:02:33] 🔄 Identity rotated (every 10 requests)
[22:02:33] [399/455] PPPD
[22:02:34] [400/455] KRTT
[22:02:35] [401/455] PTDT
[22:02:36] [402/455] TRSV
[22:02:37] [403/455] VELR
[22:02:38] [404/455] STDT
[22:02:39] [405/455] SATT
[22:02:41] [406/455] KCPM
[22:02:42] [407/455] MFCP
[22:02:43] [408/455] AXMP
[22:02:44] 🔄 Identity reset
[22:02:44] 🔄 Identity rotated (every 10 requests)
[22:02:44] [409/455] LTVB
[22:02:45] [410/455] APST
[22:02:46] [411/455] DTVP
[22:02:47] [412/455] AAVB
[22:02:48] [413/455] PMBL
[22:02:49] [414/455] STKC
[22:02:50] [415/455] KKMA
[22:02:50] [416/455] NMXS
[22:02:51] [417/455] DECX
[22:02:52] [418/455] MAPJ
[22:02:53] 🔄 Identity reset
[22:02:53] 🔄 Identity rotated (every 10 requests)
[22:02:53] [419/455] SMLK
[22:02:54] [420/455] PMPU
[22:02:55] [421/455] AFST
[22:02:56] [422/455] SRSY
[22:02:58] [423/455] RMKT
[22:02:59] [424/455] RAJX
[22:03:00] [425/455] UVCD
[22:03:01] [426/455] LISA
[22:03:02] [427/455] LMSR
[22:03:03] [428/455] PMCA
[22:03:03] 🔄 Identity reset
[22:03:03] 🔄 Identity rotated (every 10 requests)
[22:03:03] [429/455] INPO
[22:03:05] [430/455] INGO
[22:03:06] [431/455] HFSQ
[22:03:07] [432/455] INMG
[22:03:08] [433/455] NYCP
[22:03:10] [434/455] HFSV
[22:03:10] [435/455] MMZP
[22:03:11] [436/455] KSES
[22:03:12] [437/455] HFSA
[22:03:13] [438/455] ACMM
[22:03:14] 🔄 Identity reset
[22:03:14] 🔄 Identity rotated (every 10 requests)
[22:03:14] [439/455] RCKD
[22:03:15] [440/455] BCKR
[22:03:17] [441/455] SFCO
[22:03:17] [442/455] JCCB
[22:03:18] [443/455] BCCR
[22:03:19] [444/455] NWCB
[22:03:20] [445/455] SAMT
[22:03:21] [446/455] TMST
[22:03:22] [447/455] SJCN
[22:03:23] [448/455] MCBS
[22:03:24] 🔄 Identity reset
[22:03:24] 🔄 Identity rotated (every 10 requests)
[22:03:24] [449/455] CMKR
[22:03:25] [450/455] INPM
[22:03:26] [451/455] WVMT
[22:03:27] [452/455] NYSM
[22:03:28] [453/455] RCMA
[22:03:29] [454/455] RECM
[22:03:30] [455/455] CYCM
[22:03:31] 🧹 Deduping shows
[22:03:31] ✅ DONE | Shows=2058 | Movies=52
[10:21:12] 🚀 SCRIPT STARTED
[10:21:12] [1/455] MXGN
[10:21:12] 🧠 New identity created
[10:21:13] [2/455] PGGM
[10:21:15] [3/455] IPMJ
[10:21:16] [4/455] M2PP
[10:21:18] [5/455] PMMS
[10:21:19] [6/455] SCJN
[10:21:20] [7/455] CPUM
[10:21:21] [8/455] SCND
[10:21:23] [9/455] INWM
[10:21:24] [10/455] DVDC
[10:21:24] 🔄 Identity reset
[10:21:24] 🔄 Identity rotated (every 10 requests)
[10:21:26] [11/455] WVND
[10:21:27] [12/455] LBDL
[10:21:28] [13/455] CRGM
[10:21:28] [14/455] PVKS
[10:21:30] [15/455] PBLL
[10:21:32] [16/455] FNLN
[10:21:33] [17/455] PPDA
[10:21:35] [18/455] SCPT
[10:21:36] [19/455] IAJS
[10:21:37] [20/455] MMZG
[10:21:37] 🔄 Identity reset
[10:21:37] 🔄 Identity rotated (every 10 requests)
[10:21:39] [21/455] MCTI
[10:21:40] [22/455] PPMF
[10:21:41] [23/455] FNSD
[10:21:42] [24/455] M2RH
[10:21:43] [25/455] CPGV
[10:21:44] [26/455] PECD
[10:21:45] [27/455] CTEE
[10:21:46] [28/455] IOMG
[10:21:47] [29/455] CIJA
[10:21:49] [30/455] NYCG
[10:21:49] 🔄 Identity reset
[10:21:49] 🔄 Identity rotated (every 10 requests)
[10:21:51] [31/455] CEST
[10:21:52] [32/455] WVRG
[10:21:53] [33/455] DPDC
[10:21:54] [34/455] PDIV
[10:21:56] [35/455] MTPP
[10:21:57] [36/455] MHNU
[10:21:58] [37/455] WUPG
[10:22:00] [38/455] USCO
[10:22:01] [39/455] INFR
[10:22:03] [40/455] PVPD
[10:22:03] 🔄 Identity reset
[10:22:03] 🔄 Identity rotated (every 10 requests)
[10:22:04] [41/455] RONC
[10:22:06] [42/455] IOCP
[10:22:07] [43/455] EMPS
[10:22:08] [44/455] PNAD
[10:22:09] [45/455] VVGZ
[10:22:10] [46/455] MDDC
[10:22:12] [47/455] MMAP
[10:22:12] [48/455] GPDC
[10:22:14] [49/455] PVPU
[10:22:15] [50/455] DCMV
[10:22:15] 🔄 Identity reset
[10:22:15] 🔄 Identity rotated (every 10 requests)
[10:22:16] [51/455] PCCF
[10:22:18] [52/455] MCEF
[10:22:19] [53/455] INRD
[10:22:21] [54/455] CCPZ
[10:22:22] [55/455] BCWG
[10:22:23] [56/455] PMGU
[10:22:25] [57/455] MCVM
[10:22:26] [58/455] MCDE
[10:22:27] [59/455] IEFM
[10:22:28] [60/455] MXCS
[10:22:28] 🔄 Identity reset
[10:22:28] 🔄 Identity rotated (every 10 requests)
[10:22:29] [61/455] RNMT
[10:22:29] [62/455] PSDD
[10:22:30] [63/455] PETA
[10:22:31] [64/455] IZOP
[10:22:32] [65/455] PDEI
[10:22:34] [66/455] MTND
[10:22:35] [67/455] PCPL
[10:22:36] [68/455] LSCM
[10:22:37] [69/455] BTFD
[10:22:38] [70/455] MERM
[10:22:38] 🔄 Identity reset
[10:22:38] 🔄 Identity rotated (every 10 requests)
[10:22:39] [71/455] PVMS
[10:22:40] [72/455] CIGK
[10:22:40] [73/455] INSG
[10:22:41] [74/455] IDEN
[10:22:42] [75/455] MCGN
[10:22:43] [76/455] IGAM
[10:22:45] [77/455] SLCU
[10:22:45] [78/455] MIMU
[10:22:47] [79/455] QLAC
[10:22:48] [80/455] MENL
[10:22:48] 🔄 Identity reset
[10:22:48] 🔄 Identity rotated (every 10 requests)
[10:22:49] [81/455] SCUR
[10:22:50] [82/455] MDGD
[10:22:51] [83/455] LSRS
[10:22:52] [84/455] KMLG
[10:22:53] [85/455] MKLJ
[10:22:54] [86/455] IBYG
[10:22:55] [87/455] ISML
[10:22:56] [88/455] MJMM
[10:22:58] [89/455] RCGD
[10:23:00] [90/455] MMOC
[10:23:00] 🔄 Identity reset
[10:23:00] 🔄 Identity rotated (every 10 requests)
[10:23:01] [91/455] RRCO
[10:23:02] [92/455] MEDM
[10:23:03] [93/455] MCAZ
[10:23:03] [94/455] STWA
[10:23:04] [95/455] PFFG
[10:23:05] [96/455] GAGC
[10:23:06] [97/455] PMPM
[10:23:07] [98/455] HVCD
[10:23:08] [99/455] AKRF
[10:23:09] [100/455] AKRC
[10:23:09] 🔄 Identity reset
[10:23:09] 🔄 Identity rotated (every 10 requests)
[10:23:10] [101/455] MIDA
[10:23:11] [102/455] MAGX
[10:23:13] [103/455] ESOS
[10:23:14] [104/455] BBCL
[10:23:15] [105/455] LYAS
[10:23:16] [106/455] NRMS
[10:23:17] [107/455] BHUC
[10:23:18] [108/455] SRIC
[10:23:19] [109/455] PDME
[10:23:20] [110/455] MJCS
[10:23:20] 🔄 Identity reset
[10:23:20] 🔄 Identity rotated (every 10 requests)
[10:23:21] [111/455] NRAA
[10:23:22] [112/455] VATA
[10:23:23] [113/455] MNKC
[10:23:23] [114/455] DHCL
[10:23:24] [115/455] JCPC
[10:23:26] [116/455] CTML
[10:23:27] [117/455] RMMR
[10:23:28] [118/455] STTL
[10:23:29] [119/455] CNPS
[10:23:30] [120/455] ACKL
[10:23:30] 🔄 Identity reset
[10:23:30] 🔄 Identity rotated (every 10 requests)
[10:23:31] [121/455] SCAU
[10:23:32] [122/455] RMIA
[10:23:33] [123/455] MANU
[10:23:34] [124/455] ARDC
[10:23:35] [125/455] GLDA
[10:23:36] [126/455] KVSW
[10:23:38] [127/455] CGCA
[10:23:39] [128/455] CMLO
[10:23:40] [129/455] CECB
[10:23:41] [130/455] RCPN
[10:23:41] 🔄 Identity reset
[10:23:41] 🔄 Identity rotated (every 10 requests)
[10:23:43] [131/455] ASMW
[10:23:44] [132/455] PWLM
[10:23:45] [133/455] ASGM
[10:23:46] [134/455] ACWH
[10:23:47] [135/455] AAPW
[10:23:48] [136/455] RTWA
[10:23:49] [137/455] RAMW
[10:23:51] [138/455] VKTR
[10:23:53] [139/455] SMBH
[10:23:54] [140/455] BVDR
[10:23:54] 🔄 Identity reset
[10:23:54] 🔄 Identity rotated (every 10 requests)
[10:23:55] [141/455] MRTP
[10:23:56] [142/455] BLBR
[10:23:57] [143/455] LPIN
[10:23:58] [144/455] SNPC
[10:23:59] [145/455] PDCB
[10:24:00] [146/455] DYPK
[10:24:02] [147/455] INMK
[10:24:03] [148/455] PDCK
[10:24:05] [149/455] PCKR
[10:24:06] [150/455] SHUA
[10:24:06] 🔄 Identity reset
[10:24:06] 🔄 Identity rotated (every 10 requests)
[10:24:07] [151/455] SCVK
[10:24:09] [152/455] STPA
[10:24:09] [153/455] WVHD
[10:24:10] [154/455] MRCH
[10:24:11] [155/455] MCNP
[10:24:13] [156/455] RCAG
[10:24:13] [157/455] JTSN
[10:24:14] [158/455] AANS
[10:24:16] [159/455] GDDR
[10:24:17] [160/455] SRER
[10:24:17] 🔄 Identity reset
[10:24:17] 🔄 Identity rotated (every 10 requests)
[10:24:18] [161/455] JKMA
[10:24:19] [162/455] ARAN
[10:24:21] [163/455] ALCT
[10:24:23] [164/455] CCTA
[10:24:24] [165/455] CNCT
[10:24:25] [166/455] NZBL
[10:24:27] [167/455] SRRA
[10:24:28] [168/455] SVPW
[10:24:29] [169/455] SRTW
[10:24:29] [170/455] XMTD
[10:24:29] 🔄 Identity reset
[10:24:29] 🔄 Identity rotated (every 10 requests)
[10:24:31] [171/455] SCCZ
[10:24:31] [172/455] PBCR
[10:24:33] [173/455] RTSC
[10:24:34] [174/455] TLSV
[10:24:35] [175/455] RMTK
[10:24:37] [176/455] SRAT
[10:24:38] [177/455] GCYC
[10:24:39] [178/455] HCAJ
[10:24:40] [179/455] LCXA
[10:24:41] [180/455] BINT
[10:24:41] 🔄 Identity reset
[10:24:41] 🔄 Identity rotated (every 10 requests)
[10:24:42] [181/455] IXIM
[10:24:43] [182/455] MBCR
[10:24:44] [183/455] BMCJ
[10:24:45] [184/455] NICJ
[10:24:47] [185/455] SCAJ
[10:24:48] [186/455] CMXS
[10:24:49] [187/455] MMSR
[10:24:50] [188/455] PRKT
[10:24:51] [189/455] LPTH
[10:24:52] [190/455] SARP
[10:24:52] 🔄 Identity reset
[10:24:52] 🔄 Identity rotated (every 10 requests)
[10:24:53] [191/455] MNPP
[10:24:54] [192/455] PRLR
[10:24:55] [193/455] RCMW
[10:24:57] [194/455] FCMG
[10:24:58] [195/455] RTNK
[10:24:59] [196/455] LRCP
[10:25:00] [197/455] DBJR
[10:25:01] [198/455] CACN
[10:25:02] [199/455] AMRL
[10:25:03] [200/455] SBBC
[10:25:03] 🔄 Identity reset
[10:25:03] 🔄 Identity rotated (every 10 requests)
[10:25:04] [201/455] VENN
[10:25:05] [202/455] STSS
[10:25:07] [203/455] SMRB
[10:25:09] [204/455] CCMX
[10:25:10] [205/455] KCMR
[10:25:11] [206/455] SALH
[10:25:13] [207/455] CGTT
[10:25:14] [208/455] PMDR
[10:25:15] [209/455] VCPM
[10:25:16] [210/455] RZMX
[10:25:16] 🔄 Identity reset
[10:25:16] 🔄 Identity rotated (every 10 requests)
[10:25:17] [211/455] TMSY
[10:25:18] [212/455] NTMS
[10:25:19] [213/455] VTAG
[10:25:20] [214/455] REMA
[10:25:22] [215/455] NXCC
[10:25:23] [216/455] SKYM
[10:25:25] [217/455] CCMO
[10:25:26] [218/455] DMXM
[10:25:27] [219/455] SPPM
[10:25:28] [220/455] PTKL
[10:25:28] 🔄 Identity reset
[10:25:28] 🔄 Identity rotated (every 10 requests)
[10:25:28] 🔄 Retry 1/5 for PTKL in 2.3s
[10:25:28] 🔄 Identity reset
[10:25:31] 🧠 New identity created
[10:25:31] [221/455] SLVO
[10:25:32] [222/455] VASL
[10:25:33] [223/455] CBCM
[10:25:34] [224/455] STMA
[10:25:35] [225/455] LASK
[10:25:36] [226/455] VITE
[10:25:37] [227/455] AAST
[10:25:38] [228/455] JTPT
[10:25:40] [229/455] RRSH
[10:25:40] 🔄 Identity reset
[10:25:40] 🔄 Identity rotated (every 10 requests)
[10:25:41] [230/455] CINL
[10:25:42] [231/455] MCSR
[10:25:43] [232/455] SBCF
[10:25:45] [233/455] GCDU
[10:25:47] [234/455] PSPR
[10:25:48] [235/455] IMMO
[10:25:49] [236/455] CLGM
[10:25:50] [237/455] PBMM
[10:25:52] [238/455] CEHR
[10:25:53] [239/455] CPOE
[10:25:53] 🔄 Identity reset
[10:25:53] 🔄 Identity rotated (every 10 requests)
[10:25:54] [240/455] PGFD
[10:25:55] [241/455] PSLC
[10:25:56] [242/455] MSMD
[10:25:57] [243/455] FMFB
[10:25:58] [244/455] RKCL
[10:26:00] [245/455] PMMC
[10:26:01] [246/455] SKMM
[10:26:02] [247/455] VOIB
[10:26:03] [248/455] KINO
[10:26:04] [249/455] VCTP
[10:26:04] 🔄 Identity reset
[10:26:04] 🔄 Identity rotated (every 10 requests)
[10:26:05] [250/455] PDWR
[10:26:06] [251/455] SAED
[10:26:07] [252/455] SRRT
[10:26:08] [253/455] CVLG
[10:26:09] [254/455] SNGN
[10:26:10] [255/455] SIDA
[10:26:11] [256/455] IMCB
[10:26:12] [257/455] SMHP
[10:26:14] [258/455] GDTY
[10:26:15] [259/455] VYCH
[10:26:15] 🔄 Identity reset
[10:26:15] 🔄 Identity rotated (every 10 requests)
[10:26:17] [260/455] PDYA
[10:26:18] [261/455] RKDO
[10:26:19] [262/455] VECG
[10:26:20] [263/455] NFGD
[10:26:21] [264/455] SNDC
[10:26:23] [265/455] SDJH
[10:26:24] [266/455] HASV
[10:26:25] [267/455] PTYK
[10:26:27] [268/455] MUTB
[10:26:27] [269/455] AMRT
[10:26:27] 🔄 Identity reset
[10:26:27] 🔄 Identity rotated (every 10 requests)
[10:26:28] [270/455] VACD
[10:26:29] [271/455] SKDD
[10:26:31] [272/455] STGR
[10:26:32] [273/455] GDAK
[10:26:33] [274/455] SKHK
[10:26:34] [275/455] SLND
[10:26:35] [276/455] APAP
[10:26:37] [277/455] AYYA
[10:26:38] [278/455] VCCZ
[10:26:39] [279/455] MEML
[10:26:39] 🔄 Identity reset
[10:26:39] 🔄 Identity rotated (every 10 requests)
[10:26:40] [280/455] MAOU
[10:26:41] [281/455] ESND
[10:26:42] [282/455] PTBZ
[10:26:44] [283/455] LBCN
[10:26:45] [284/455] PAWA
[10:26:46] [285/455] ZEIC
[10:26:47] [286/455] CGMM
[10:26:48] [287/455] PJPM
[10:26:49] [288/455] ECMR
[10:26:50] [289/455] SHMZ
[10:26:50] 🔄 Identity reset
[10:26:50] 🔄 Identity rotated (every 10 requests)
[10:26:51] [290/455] STCA
[10:26:53] [291/455] VDRC
[10:26:54] [292/455] SEEM
[10:26:56] [293/455] MKNS
[10:26:57] [294/455] KPPP
[10:26:58] [295/455] CCML
[10:26:59] [296/455] CIBA
[10:27:00] [297/455] NACS
[10:27:01] [298/455] CTMK
[10:27:02] [299/455] CTCT
[10:27:02] 🔄 Identity reset
[10:27:02] 🔄 Identity rotated (every 10 requests)
[10:27:03] [300/455] MCSN
[10:27:04] [301/455] MAXX
[10:27:05] [302/455] MECB
[10:27:06] [303/455] NTBY
[10:27:07] [304/455] UTBI
[10:27:08] [305/455] RADK
[10:27:09] [306/455] STBY
[10:27:10] [307/455] GTBY
[10:27:11] [308/455] RRMB
[10:27:13] [309/455] ABRN
[10:27:13] 🔄 Identity reset
[10:27:13] 🔄 Identity rotated (every 10 requests)
[10:27:14] [310/455] GTSG
[10:27:16] [311/455] GBTG
[10:27:17] [312/455] SBGS
[10:27:18] [313/455] KBPM
[10:27:19] [314/455] SMHT
[10:27:20] [315/455] VTDM
[10:27:21] [316/455] ASCT
[10:27:23] [317/455] AWCT
[10:27:24] [318/455] DCCU
[10:27:26] [319/455] PSCE
[10:27:26] 🔄 Identity reset
[10:27:26] 🔄 Identity rotated (every 10 requests)
[10:27:27] [320/455] KSNY
[10:27:29] [321/455] ACID
[10:27:31] [322/455] LVCD
[10:27:32] [323/455] KSSB
[10:27:34] [324/455] SWTD
[10:27:36] [325/455] RBMR
[10:27:36] [326/455] SCBC
[10:27:37] [327/455] RKME
[10:27:39] [328/455] GALX
[10:27:40] [329/455] GCCH
[10:27:40] 🔄 Identity reset
[10:27:40] 🔄 Identity rotated (every 10 requests)
[10:27:41] [330/455] RATR
[10:27:42] [331/455] GTGA
[10:27:44] [332/455] LTTR
[10:27:45] [333/455] TTAA
[10:27:46] [334/455] TVHP
[10:27:47] [335/455] KVCS
[10:27:48] [336/455] CBMC
[10:27:49] [337/455] MAYJ
[10:27:50] [338/455] INPR
[10:27:51] [339/455] RSSC
[10:27:51] 🔄 Identity reset
[10:27:51] 🔄 Identity rotated (every 10 requests)
[10:27:52] [340/455] PCAN
[10:27:53] [341/455] PVHR
[10:27:54] [342/455] AGSM
[10:27:54] [343/455] PVES
[10:27:55] [344/455] INTO
[10:27:56] [345/455] ACON
[10:27:57] [346/455] PVPZ
[10:27:59] [347/455] PVHC
[10:28:00] [348/455] KSTK
[10:28:01] [349/455] PVSR
[10:28:01] 🔄 Identity reset
[10:28:01] 🔄 Identity rotated (every 10 requests)
[10:28:02] [350/455] ACTN
[10:28:03] [351/455] FMCN
[10:28:04] [352/455] PABC
[10:28:06] [353/455] SUTC
[10:28:07] [354/455] PGMV
[10:28:08] [355/455] GKCP
[10:28:09] [356/455] INCH
[10:28:10] [357/455] MLMT
[10:28:11] [358/455] SSCC
[10:28:12] [359/455] SLMP
[10:28:12] 🔄 Identity reset
[10:28:12] 🔄 Identity rotated (every 10 requests)
[10:28:13] [360/455] VVTN
[10:28:15] [361/455] SBTR
[10:28:16] [362/455] PGRA
[10:28:17] [363/455] PBRM
[10:28:18] [364/455] GCRP
[10:28:20] [365/455] MCSK
[10:28:21] [366/455] NLTC
[10:28:22] [367/455] MTLM
[10:28:23] [368/455] VECT
[10:28:24] [369/455] KMRM
[10:28:24] 🔄 Identity reset
[10:28:24] 🔄 Identity rotated (every 10 requests)
[10:28:24] 🔄 Retry 1/5 for KMRM in 2.1s
[10:28:24] 🔄 Identity reset
[10:28:26] 🧠 New identity created
[10:28:28] [370/455] RACM
[10:28:29] [371/455] WSTC
[10:28:30] [372/455] PVTJ
[10:28:31] [373/455] MMKC
[10:28:32] [374/455] SVWT
[10:28:33] [375/455] JOTG
[10:28:34] [376/455] VCDK
[10:28:35] [377/455] ANAC
[10:28:37] [378/455] GRTC
[10:28:37] 🔄 Identity reset
[10:28:37] 🔄 Identity rotated (every 10 requests)
[10:28:38] [379/455] JTPL
[10:28:39] [380/455] VRCP
[10:28:40] [381/455] REMC
[10:28:41] [382/455] ATMG
[10:28:42] [383/455] GAHC
[10:28:43] [384/455] JTMV
[10:28:44] [385/455] OMTT
[10:28:46] [386/455] GKKC
[10:28:47] [387/455] BBPO
[10:28:48] [388/455] ZCBB
[10:28:48] 🔄 Identity reset
[10:28:48] 🔄 Identity rotated (every 10 requests)
[10:28:50] [389/455] DCGO
[10:28:51] [390/455] STOP
[10:28:51] [391/455] BSPC
[10:28:53] [392/455] SOND
[10:28:54] [393/455] GCKG
[10:28:54] [394/455] PCDB
[10:28:55] [395/455] PGRC
[10:28:56] [396/455] CSCT
[10:28:58] [397/455] STDA
[10:28:59] [398/455] JAYD
[10:28:59] 🔄 Identity reset
[10:28:59] 🔄 Identity rotated (every 10 requests)
[10:29:00] [399/455] PPPD
[10:29:02] [400/455] KRTT
[10:29:02] [401/455] PTDT
[10:29:03] [402/455] TRSV
[10:29:04] [403/455] VELR
[10:29:05] [404/455] STDT
[10:29:06] [405/455] SATT
[10:29:07] [406/455] KCPM
[10:29:08] [407/455] MFCP
[10:29:09] [408/455] AXMP
[10:29:09] 🔄 Identity reset
[10:29:09] 🔄 Identity rotated (every 10 requests)
[10:29:11] [409/455] LTVB
[10:29:12] [410/455] APST
[10:29:13] [411/455] DTVP
[10:29:15] [412/455] AAVB
[10:29:16] [413/455] PMBL
[10:29:17] [414/455] STKC
[10:29:18] [415/455] KKMA
[10:29:19] [416/455] NMXS
[10:29:19] [417/455] DECX
[10:29:20] [418/455] MAPJ
[10:29:20] 🔄 Identity reset
[10:29:20] 🔄 Identity rotated (every 10 requests)
[10:29:21] [419/455] SMLK
[10:29:22] [420/455] PMPU
[10:29:23] [421/455] AFST
[10:29:24] [422/455] SRSY
[10:29:24] [423/455] RMKT
[10:29:25] [424/455] RAJX
[10:29:27] [425/455] UVCD
[10:29:28] [426/455] LISA
[10:29:29] [427/455] LMSR
[10:29:30] [428/455] PMCA
[10:29:30] 🔄 Identity reset
[10:29:30] 🔄 Identity rotated (every 10 requests)
[10:29:31] [429/455] INPO
[10:29:32] [430/455] INGO
[10:29:33] [431/455] HFSQ
[10:29:34] [432/455] INMG
[10:29:35] [433/455] NYCP
[10:29:36] [434/455] HFSV
[10:29:37] [435/455] MMZP
[10:29:39] [436/455] KSES
[10:29:39] [437/455] HFSA
[10:29:40] [438/455] ACMM
[10:29:40] 🔄 Identity reset
[10:29:40] 🔄 Identity rotated (every 10 requests)
[10:29:41] [439/455] RCKD
[10:29:43] [440/455] BCKR
[10:29:44] [441/455] SFCO
[10:29:45] [442/455] JCCB
[10:29:47] [443/455] BCCR
[10:29:48] [444/455] NWCB
[10:29:49] [445/455] SAMT
[10:29:51] [446/455] TMST
[10:29:52] [447/455] SJCN
[10:29:53] [448/455] MCBS
[10:29:53] 🔄 Identity reset
[10:29:53] 🔄 Identity rotated (every 10 requests)
[10:29:54] [449/455] CMKR
[10:29:55] [450/455] INPM
[10:29:56] [451/455] WVMT
[10:29:57] [452/455] NYSM
[10:29:58] [453/455] RCMA
[10:30:00] [454/455] RECM
[10:30:01] [455/455] CYCM
[10:30:03] 🧹 Deduping shows
[10:30:03] ✅ DONE | Shows=4711 | Movies=83
[16:21:43] 🚀 SCRIPT STARTED
[16:21:43] [1/455] MXGN
[16:21:43] 🧠 New identity created
[16:21:44] [2/455] PGGM
[16:21:45] [3/455] IPMJ
[16:21:46] [4/455] M2PP
[16:21:46] [5/455] PMMS
[16:21:47] [6/455] SCJN
[16:21:48] [7/455] CPUM
[16:21:49] [8/455] SCND
[16:21:50] [9/455] INWM
[16:21:51] [10/455] DVDC
[16:21:51] 🔄 Identity reset
[16:21:51] 🔄 Identity rotated (every 10 requests)
[16:21:53] [11/455] WVND
[16:21:54] [12/455] LBDL
[16:21:55] [13/455] CRGM
[16:21:56] [14/455] PVKS
[16:21:57] [15/455] PBLL
[16:21:58] [16/455] FNLN
[16:21:59] [17/455] PPDA
[16:22:00] [18/455] SCPT
[16:22:01] [19/455] IAJS
[16:22:02] [20/455] MMZG
[16:22:02] 🔄 Identity reset
[16:22:02] 🔄 Identity rotated (every 10 requests)
[16:22:03] [21/455] MCTI
[16:22:04] [22/455] PPMF
[16:22:05] [23/455] FNSD
[16:22:06] [24/455] M2RH
[16:22:07] [25/455] CPGV
[16:22:08] [26/455] PECD
[16:22:09] [27/455] CTEE
[16:22:10] [28/455] IOMG
[16:22:11] [29/455] CIJA
[16:22:12] [30/455] NYCG
[16:22:12] 🔄 Identity reset
[16:22:12] 🔄 Identity rotated (every 10 requests)
[16:22:13] [31/455] CEST
[16:22:14] [32/455] WVRG
[16:22:15] [33/455] DPDC
[16:22:16] [34/455] PDIV
[16:22:17] [35/455] MTPP
[16:22:18] [36/455] MHNU
[16:22:19] [37/455] WUPG
[16:22:20] [38/455] USCO
[16:22:21] [39/455] INFR
[16:22:22] [40/455] PVPD
[16:22:22] 🔄 Identity reset
[16:22:22] 🔄 Identity rotated (every 10 requests)
[16:22:23] [41/455] RONC
[16:22:24] [42/455] IOCP
[16:22:25] [43/455] EMPS
[16:22:26] [44/455] PNAD
[16:22:27] [45/455] VVGZ
[16:22:28] [46/455] MDDC
[16:22:29] [47/455] MMAP
[16:22:31] [48/455] GPDC
[16:22:32] [49/455] PVPU
[16:22:33] [50/455] DCMV
[16:22:33] 🔄 Identity reset
[16:22:33] 🔄 Identity rotated (every 10 requests)
[16:22:34] [51/455] PCCF
[16:22:35] [52/455] MCEF
[16:22:36] [53/455] INRD
[16:22:36] [54/455] CCPZ
[16:22:37] [55/455] BCWG
[16:22:38] [56/455] PMGU
[16:22:39] [57/455] MCVM
[16:22:40] [58/455] MCDE
[16:22:41] [59/455] IEFM
[16:22:42] [60/455] MXCS
[16:22:42] 🔄 Identity reset
[16:22:42] 🔄 Identity rotated (every 10 requests)
[16:22:43] [61/455] RNMT
[16:22:43] [62/455] PSDD
[16:22:44] [63/455] PETA
[16:22:45] [64/455] IZOP
[16:22:46] [65/455] PDEI
[16:22:47] [66/455] MTND
[16:22:48] [67/455] PCPL
[16:22:49] [68/455] LSCM
[16:22:50] [69/455] BTFD
[16:22:51] [70/455] MERM
[16:22:51] 🔄 Identity reset
[16:22:51] 🔄 Identity rotated (every 10 requests)
[16:22:52] [71/455] PVMS
[16:22:53] [72/455] CIGK
[16:22:54] [73/455] INSG
[16:22:55] [74/455] IDEN
[16:22:55] [75/455] MCGN
[16:22:56] [76/455] IGAM
[16:22:57] [77/455] SLCU
[16:22:58] [78/455] MIMU
[16:23:00] [79/455] QLAC
[16:23:01] [80/455] MENL
[16:23:01] 🔄 Identity reset
[16:23:01] 🔄 Identity rotated (every 10 requests)
[16:23:02] [81/455] SCUR
[16:23:03] [82/455] MDGD
[16:23:04] [83/455] LSRS
[16:23:05] [84/455] KMLG
[16:23:06] [85/455] MKLJ
[16:23:07] [86/455] IBYG
[16:23:08] [87/455] ISML
[16:23:09] [88/455] MJMM
[16:23:10] [89/455] RCGD
[16:23:11] [90/455] MMOC
[16:23:11] 🔄 Identity reset
[16:23:11] 🔄 Identity rotated (every 10 requests)
[16:23:12] [91/455] RRCO
[16:23:13] [92/455] MEDM
[16:23:14] [93/455] MCAZ
[16:23:16] [94/455] STWA
[16:23:17] [95/455] PFFG
[16:23:18] [96/455] GAGC
[16:23:18] [97/455] PMPM
[16:23:20] [98/455] HVCD
[16:23:21] [99/455] AKRF
[16:23:22] [100/455] AKRC
[16:23:22] 🔄 Identity reset
[16:23:22] 🔄 Identity rotated (every 10 requests)
[16:23:22] 🔄 Retry 1/5 for AKRC in 2.0s
[16:23:22] 🔄 Identity reset
[16:23:24] 🧠 New identity created
[16:23:25] [101/455] MIDA
[16:23:27] [102/455] MAGX
[16:23:28] [103/455] ESOS
[16:23:30] [104/455] BBCL
[16:23:31] [105/455] LYAS
[16:23:32] [106/455] NRMS
[16:23:32] [107/455] BHUC
[16:23:33] [108/455] SRIC
[16:23:34] [109/455] PDME
[16:23:34] 🔄 Identity reset
[16:23:34] 🔄 Identity rotated (every 10 requests)
[16:23:36] [110/455] MJCS
[16:23:37] [111/455] NRAA
[16:23:39] [112/455] VATA
[16:23:40] [113/455] MNKC
[16:23:41] [114/455] DHCL
[16:23:42] [115/455] JCPC
[16:23:42] [116/455] CTML
[16:23:43] [117/455] RMMR
[16:23:44] [118/455] STTL
[16:23:46] [119/455] CNPS
[16:23:46] 🔄 Identity reset
[16:23:46] 🔄 Identity rotated (every 10 requests)
[16:23:46] [120/455] ACKL
[16:23:47] [121/455] SCAU
[16:23:49] [122/455] RMIA
[16:23:50] [123/455] MANU
[16:23:50] [124/455] ARDC
[16:23:51] [125/455] GLDA
[16:23:52] [126/455] KVSW
[16:23:53] [127/455] CGCA
[16:23:54] [128/455] CMLO
[16:23:55] [129/455] CECB
[16:23:55] 🔄 Identity reset
[16:23:55] 🔄 Identity rotated (every 10 requests)
[16:23:56] [130/455] RCPN
[16:23:56] [131/455] ASMW
[16:23:57] [132/455] PWLM
[16:23:58] [133/455] ASGM
[16:24:00] [134/455] ACWH
[16:24:01] [135/455] AAPW
[16:24:02] [136/455] RTWA
[16:24:03] [137/455] RAMW
[16:24:04] [138/455] VKTR
[16:24:05] [139/455] SMBH
[16:24:05] 🔄 Identity reset
[16:24:05] 🔄 Identity rotated (every 10 requests)
[16:24:06] [140/455] BVDR
[16:24:07] [141/455] MRTP
[16:24:08] [142/455] BLBR
[16:24:10] [143/455] LPIN
[16:24:10] [144/455] SNPC
[16:24:12] [145/455] PDCB
[16:24:13] [146/455] DYPK
[16:24:13] [147/455] INMK
[16:24:14] [148/455] PDCK
[16:24:16] [149/455] PCKR
[16:24:16] 🔄 Identity reset
[16:24:16] 🔄 Identity rotated (every 10 requests)
[16:24:17] [150/455] SHUA
[16:24:18] [151/455] SCVK
[16:24:19] [152/455] STPA
[16:24:20] [153/455] WVHD
[16:24:21] [154/455] MRCH
[16:24:22] [155/455] MCNP
[16:24:23] [156/455] RCAG
[16:24:24] [157/455] JTSN
[16:24:25] [158/455] AANS
[16:24:25] [159/455] GDDR
[16:24:25] 🔄 Identity reset
[16:24:25] 🔄 Identity rotated (every 10 requests)
[16:24:26] [160/455] SRER
[16:24:27] [161/455] JKMA
[16:24:28] [162/455] ARAN
[16:24:30] [163/455] ALCT
[16:24:31] [164/455] CCTA
[16:24:32] [165/455] CNCT
[16:24:33] [166/455] NZBL
[16:24:34] [167/455] SRRA
[16:24:34] [168/455] SVPW
[16:24:35] [169/455] SRTW
[16:24:35] 🔄 Identity reset
[16:24:35] 🔄 Identity rotated (every 10 requests)
[16:24:37] [170/455] XMTD
[16:24:37] [171/455] SCCZ
[16:24:39] [172/455] PBCR
[16:24:39] [173/455] RTSC
[16:24:40] [174/455] TLSV
[16:24:41] [175/455] RMTK
[16:24:42] [176/455] SRAT
[16:24:43] [177/455] GCYC
[16:24:44] [178/455] HCAJ
[16:24:45] [179/455] LCXA
[16:24:45] 🔄 Identity reset
[16:24:45] 🔄 Identity rotated (every 10 requests)
[16:24:46] [180/455] BINT
[16:24:47] [181/455] IXIM
[16:24:48] [182/455] MBCR
[16:24:49] [183/455] BMCJ
[16:24:50] [184/455] NICJ
[16:24:51] [185/455] SCAJ
[16:24:52] [186/455] CMXS
[16:24:53] [187/455] MMSR
[16:24:54] [188/455] PRKT
[16:24:55] [189/455] LPTH
[16:24:55] 🔄 Identity reset
[16:24:55] 🔄 Identity rotated (every 10 requests)
[16:24:57] [190/455] SARP
[16:24:57] [191/455] MNPP
[16:24:59] [192/455] PRLR
[16:25:01] [193/455] RCMW
[16:25:01] [194/455] FCMG
[16:25:02] [195/455] RTNK
[16:25:03] [196/455] LRCP
[16:25:05] [197/455] DBJR
[16:25:05] [198/455] CACN
[16:25:06] [199/455] AMRL
[16:25:06] 🔄 Identity reset
[16:25:06] 🔄 Identity rotated (every 10 requests)
[16:25:07] [200/455] SBBC
[16:25:08] [201/455] VENN
[16:25:09] [202/455] STSS
[16:25:10] [203/455] SMRB
[16:25:11] [204/455] CCMX
[16:25:13] [205/455] KCMR
[16:25:14] [206/455] SALH
[16:25:15] [207/455] CGTT
[16:25:16] [208/455] PMDR
[16:25:17] [209/455] VCPM
[16:25:17] 🔄 Identity reset
[16:25:17] 🔄 Identity rotated (every 10 requests)
[16:25:18] [210/455] RZMX
[16:25:19] [211/455] TMSY
[16:25:21] [212/455] NTMS
[16:25:22] [213/455] VTAG
[16:25:23] [214/455] REMA
[16:25:23] [215/455] NXCC
[16:25:24] [216/455] SKYM
[16:25:25] [217/455] CCMO
[16:25:26] [218/455] DMXM
[16:25:27] [219/455] SPPM
[16:25:27] 🔄 Identity reset
[16:25:27] 🔄 Identity rotated (every 10 requests)
[16:25:28] [220/455] PTKL
[16:25:29] [221/455] SLVO
[16:25:30] [222/455] VASL
[16:25:30] [223/455] CBCM
[16:25:31] [224/455] STMA
[16:25:32] [225/455] LASK
[16:25:33] [226/455] VITE
[16:25:34] [227/455] AAST
[16:25:35] [228/455] JTPT
[16:25:36] [229/455] RRSH
[16:25:36] 🔄 Identity reset
[16:25:36] 🔄 Identity rotated (every 10 requests)
[16:25:37] [230/455] CINL
[16:25:38] [231/455] MCSR
[16:25:39] [232/455] SBCF
[16:25:40] [233/455] GCDU
[16:25:41] [234/455] PSPR
[16:25:42] [235/455] IMMO
[16:25:42] [236/455] CLGM
[16:25:43] [237/455] PBMM
[16:25:44] [238/455] CEHR
[16:25:45] [239/455] CPOE
[16:25:45] 🔄 Identity reset
[16:25:45] 🔄 Identity rotated (every 10 requests)
[16:25:46] [240/455] PGFD
[16:25:47] [241/455] PSLC
[16:25:48] [242/455] MSMD
[16:25:49] [243/455] FMFB
[16:25:50] [244/455] RKCL
[16:25:51] [245/455] PMMC
[16:25:52] [246/455] SKMM
[16:25:53] [247/455] VOIB
[16:25:54] [248/455] KINO
[16:25:54] [249/455] VCTP
[16:25:54] 🔄 Identity reset
[16:25:54] 🔄 Identity rotated (every 10 requests)
[16:25:55] [250/455] PDWR
[16:25:56] [251/455] SAED
[16:25:58] [252/455] SRRT
[16:25:59] [253/455] CVLG
[16:26:00] [254/455] SNGN
[16:26:01] [255/455] SIDA
[16:26:02] [256/455] IMCB
[16:26:03] [257/455] SMHP
[16:26:04] [258/455] GDTY
[16:26:05] [259/455] VYCH
[16:26:05] 🔄 Identity reset
[16:26:05] 🔄 Identity rotated (every 10 requests)
[16:26:05] [260/455] PDYA
[16:26:06] [261/455] RKDO
[16:26:07] [262/455] VECG
[16:26:08] [263/455] NFGD
[16:26:09] [264/455] SNDC
[16:26:10] [265/455] SDJH
[16:26:11] [266/455] HASV
[16:26:12] [267/455] PTYK
[16:26:13] [268/455] MUTB
[16:26:14] [269/455] AMRT
[16:26:14] 🔄 Identity reset
[16:26:14] 🔄 Identity rotated (every 10 requests)
[16:26:15] [270/455] VACD
[16:26:16] [271/455] SKDD
[16:26:17] [272/455] STGR
[16:26:18] [273/455] GDAK
[16:26:19] [274/455] SKHK
[16:26:20] [275/455] SLND
[16:26:22] [276/455] APAP
[16:26:23] [277/455] AYYA
[16:26:24] [278/455] VCCZ
[16:26:25] [279/455] MEML
[16:26:25] 🔄 Identity reset
[16:26:25] 🔄 Identity rotated (every 10 requests)
[16:26:25] [280/455] MAOU
[16:26:27] [281/455] ESND
[16:26:28] [282/455] PTBZ
[16:26:29] [283/455] LBCN
[16:26:30] [284/455] PAWA
[16:26:31] [285/455] ZEIC
[16:26:32] [286/455] CGMM
[16:26:33] [287/455] PJPM
[16:26:33] [288/455] ECMR
[16:26:35] [289/455] SHMZ
[16:26:35] 🔄 Identity reset
[16:26:35] 🔄 Identity rotated (every 10 requests)
[16:26:36] [290/455] STCA
[16:26:37] [291/455] VDRC
[16:26:38] [292/455] SEEM
[16:26:39] [293/455] MKNS
[16:26:40] [294/455] KPPP
[16:26:41] [295/455] CCML
[16:26:42] [296/455] CIBA
[16:26:44] [297/455] NACS
[16:26:44] [298/455] CTMK
[16:26:45] [299/455] CTCT
[16:26:45] 🔄 Identity reset
[16:26:45] 🔄 Identity rotated (every 10 requests)
[16:26:46] [300/455] MCSN
[16:26:47] [301/455] MAXX
[16:26:48] [302/455] MECB
[16:26:49] [303/455] NTBY
[16:26:50] [304/455] UTBI
[16:26:51] [305/455] RADK
[16:26:52] [306/455] STBY
[16:26:52] [307/455] GTBY
[16:26:53] [308/455] RRMB
[16:26:54] [309/455] ABRN
[16:26:54] 🔄 Identity reset
[16:26:54] 🔄 Identity rotated (every 10 requests)
[16:26:56] [310/455] GTSG
[16:26:57] [311/455] GBTG
[16:26:58] [312/455] SBGS
[16:26:59] [313/455] KBPM
[16:27:01] [314/455] SMHT
[16:27:01] [315/455] VTDM
[16:27:02] [316/455] ASCT
[16:27:03] [317/455] AWCT
[16:27:04] [318/455] DCCU
[16:27:05] [319/455] PSCE
[16:27:05] 🔄 Identity reset
[16:27:05] 🔄 Identity rotated (every 10 requests)
[16:27:07] [320/455] KSNY
[16:27:08] [321/455] ACID
[16:27:09] [322/455] LVCD
[16:27:10] [323/455] KSSB
[16:27:10] [324/455] SWTD
[16:27:11] [325/455] RBMR
[16:27:12] [326/455] SCBC
[16:27:13] [327/455] RKME
[16:27:14] [328/455] GALX
[16:27:15] [329/455] GCCH
[16:27:15] 🔄 Identity reset
[16:27:15] 🔄 Identity rotated (every 10 requests)
[16:27:15] 🔄 Retry 1/5 for GCCH in 2.8s
[16:27:15] 🔄 Identity reset
[16:27:18] 🧠 New identity created
[16:27:19] [330/455] RATR
[16:27:20] [331/455] GTGA
[16:27:21] [332/455] LTTR
[16:27:22] [333/455] TTAA
[16:27:23] [334/455] TVHP
[16:27:24] [335/455] KVCS
[16:27:25] [336/455] CBMC
[16:27:26] [337/455] MAYJ
[16:27:27] [338/455] INPR
[16:27:27] 🔄 Identity reset
[16:27:27] 🔄 Identity rotated (every 10 requests)
[16:27:28] [339/455] RSSC
[16:27:29] [340/455] PCAN
[16:27:30] [341/455] PVHR
[16:27:31] [342/455] AGSM
[16:27:33] [343/455] PVES
[16:27:34] [344/455] INTO
[16:27:34] [345/455] ACON
[16:27:35] [346/455] PVPZ
[16:27:36] [347/455] PVHC
[16:27:37] [348/455] KSTK
[16:27:37] 🔄 Identity reset
[16:27:37] 🔄 Identity rotated (every 10 requests)
[16:27:38] [349/455] PVSR
[16:27:40] [350/455] ACTN
[16:27:41] [351/455] FMCN
[16:27:42] [352/455] PABC
[16:27:43] [353/455] SUTC
[16:27:43] [354/455] PGMV
[16:27:44] [355/455] GKCP
[16:27:45] [356/455] INCH
[16:27:46] [357/455] MLMT
[16:27:47] [358/455] SSCC
[16:27:47] 🔄 Identity reset
[16:27:47] 🔄 Identity rotated (every 10 requests)
[16:27:48] [359/455] SLMP
[16:27:48] [360/455] VVTN
[16:27:49] [361/455] SBTR
[16:27:50] [362/455] PGRA
[16:27:51] [363/455] PBRM
[16:27:52] [364/455] GCRP
[16:27:53] [365/455] MCSK
[16:27:54] [366/455] NLTC
[16:27:55] [367/455] MTLM
[16:27:56] [368/455] VECT
[16:27:56] 🔄 Identity reset
[16:27:56] 🔄 Identity rotated (every 10 requests)
[16:27:58] [369/455] KMRM
[16:27:59] [370/455] RACM
[16:28:01] [371/455] WSTC
[16:28:01] [372/455] PVTJ
[16:28:02] [373/455] MMKC
[16:28:03] [374/455] SVWT
[16:28:04] [375/455] JOTG
[16:28:05] [376/455] VCDK
[16:28:06] [377/455] ANAC
[16:28:07] [378/455] GRTC
[16:28:07] 🔄 Identity reset
[16:28:07] 🔄 Identity rotated (every 10 requests)
[16:28:08] [379/455] JTPL
[16:28:10] [380/455] VRCP
[16:28:10] [381/455] REMC
[16:28:11] [382/455] ATMG
[16:28:12] [383/455] GAHC
[16:28:13] [384/455] JTMV
[16:28:14] [385/455] OMTT
[16:28:15] [386/455] GKKC
[16:28:16] [387/455] BBPO
[16:28:17] [388/455] ZCBB
[16:28:17] 🔄 Identity reset
[16:28:17] 🔄 Identity rotated (every 10 requests)
[16:28:18] [389/455] DCGO
[16:28:19] [390/455] STOP
[16:28:20] [391/455] BSPC
[16:28:21] [392/455] SOND
[16:28:22] [393/455] GCKG
[16:28:23] [394/455] PCDB
[16:28:24] [395/455] PGRC
[16:28:26] [396/455] CSCT
[16:28:27] [397/455] STDA
[16:28:28] [398/455] JAYD
[16:28:28] 🔄 Identity reset
[16:28:28] 🔄 Identity rotated (every 10 requests)
[16:28:40] 🔄 Retry 1/5 for JAYD in 2.1s
[16:28:40] 🔄 Identity reset
[16:28:42] 🧠 New identity created
[16:28:43] [399/455] PPPD
[16:28:44] [400/455] KRTT
[16:28:45] [401/455] PTDT
[16:28:46] [402/455] TRSV
[16:28:47] [403/455] VELR
[16:28:48] [404/455] STDT
[16:28:49] [405/455] SATT
[16:28:50] [406/455] KCPM
[16:28:51] [407/455] MFCP
[16:28:51] 🔄 Identity reset
[16:28:51] 🔄 Identity rotated (every 10 requests)
[16:28:52] [408/455] AXMP
[16:28:53] [409/455] LTVB
[16:28:54] [410/455] APST
[16:28:55] [411/455] DTVP
[16:28:56] [412/455] AAVB
[16:28:57] [413/455] PMBL
[16:28:58] [414/455] STKC
[16:29:00] [415/455] KKMA
[16:29:01] [416/455] NMXS
[16:29:02] [417/455] DECX
[16:29:02] 🔄 Identity reset
[16:29:02] 🔄 Identity rotated (every 10 requests)
[16:29:03] [418/455] MAPJ
[16:29:04] [419/455] SMLK
[16:29:05] [420/455] PMPU
[16:29:06] [421/455] AFST
[16:29:07] [422/455] SRSY
[16:29:08] [423/455] RMKT
[16:29:08] [424/455] RAJX
[16:29:09] [425/455] UVCD
[16:29:10] [426/455] LISA
[16:29:11] [427/455] LMSR
[16:29:11] 🔄 Identity reset
[16:29:11] 🔄 Identity rotated (every 10 requests)
[16:29:13] [428/455] PMCA
[16:29:13] [429/455] INPO
[16:29:14] [430/455] INGO
[16:29:15] [431/455] HFSQ
[16:29:16] [432/455] INMG
[16:29:17] [433/455] NYCP
[16:29:19] [434/455] HFSV
[16:29:20] [435/455] MMZP
[16:29:21] [436/455] KSES
[16:29:21] [437/455] HFSA
[16:29:21] 🔄 Identity reset
[16:29:21] 🔄 Identity rotated (every 10 requests)
[16:29:22] [438/455] ACMM
[16:29:23] [439/455] RCKD
[16:29:25] [440/455] BCKR
[16:29:26] [441/455] SFCO
[16:29:27] [442/455] JCCB
[16:29:27] [443/455] BCCR
[16:29:28] [444/455] NWCB
[16:29:29] [445/455] SAMT
[16:29:30] [446/455] TMST
[16:29:31] [447/455] SJCN
[16:29:31] 🔄 Identity reset
[16:29:31] 🔄 Identity rotated (every 10 requests)
[16:29:32] [448/455] MCBS
[16:29:33] [449/455] CMKR
[16:29:34] [450/455] INPM
[16:29:35] [451/455] WVMT
[16:29:36] [452/455] NYSM
[16:29:38] [453/455] RCMA
[16:29:39] [454/455] RECM
[16:29:41] [455/455] CYCM
[16:29:41] 🧹 Deduping shows
[16:29:41] ✅ DONE | Shows=4865 | Movies=86
[20:21:48] 🚀 SCRIPT STARTED
[20:21:48] [1/455] MXGN
[20:21:48] 🧠 New identity created
[20:21:49] [2/455] PGGM
[20:21:50] [3/455] IPMJ
[20:21:51] [4/455] M2PP
[20:21:53] [5/455] PMMS
[20:21:54] [6/455] SCJN
[20:21:55] [7/455] CPUM
[20:21:56] [8/455] SCND
[20:21:57] [9/455] INWM
[20:21:59] [10/455] DVDC
[20:21:59] 🔄 Identity reset
[20:21:59] 🔄 Identity rotated (every 10 requests)
[20:22:00] [11/455] WVND
[20:22:01] [12/455] LBDL
[20:22:02] [13/455] CRGM
[20:22:03] [14/455] PVKS
[20:22:04] [15/455] PBLL
[20:22:05] [16/455] FNLN
[20:22:06] [17/455] PPDA
[20:22:07] [18/455] SCPT
[20:22:08] [19/455] IAJS
[20:22:10] [20/455] MMZG
[20:22:10] 🔄 Identity reset
[20:22:10] 🔄 Identity rotated (every 10 requests)
[20:22:11] [21/455] MCTI
[20:22:12] [22/455] PPMF
[20:22:13] [23/455] FNSD
[20:22:14] [24/455] M2RH
[20:22:15] [25/455] CPGV
[20:22:15] [26/455] PECD
[20:22:16] [27/455] CTEE
[20:22:17] [28/455] IOMG
[20:22:18] [29/455] CIJA
[20:22:19] [30/455] NYCG
[20:22:19] 🔄 Identity reset
[20:22:19] 🔄 Identity rotated (every 10 requests)
[20:22:20] [31/455] CEST
[20:22:21] [32/455] WVRG
[20:22:22] [33/455] DPDC
[20:22:23] [34/455] PDIV
[20:22:24] [35/455] MTPP
[20:22:25] [36/455] MHNU
[20:22:26] [37/455] WUPG
[20:22:28] [38/455] USCO
[20:22:29] [39/455] INFR
[20:22:29] [40/455] PVPD
[20:22:29] 🔄 Identity reset
[20:22:29] 🔄 Identity rotated (every 10 requests)
[20:22:30] [41/455] RONC
[20:22:31] [42/455] IOCP
[20:22:32] [43/455] EMPS
[20:22:33] [44/455] PNAD
[20:22:34] [45/455] VVGZ
[20:22:35] [46/455] MDDC
[20:22:36] [47/455] MMAP
[20:22:37] [48/455] GPDC
[20:22:38] [49/455] PVPU
[20:22:39] [50/455] DCMV
[20:22:39] 🔄 Identity reset
[20:22:39] 🔄 Identity rotated (every 10 requests)
[20:22:39] 🔄 Retry 1/5 for DCMV in 2.4s
[20:22:39] 🔄 Identity reset
[20:22:41] 🧠 New identity created
[20:22:42] [51/455] PCCF
[20:22:43] [52/455] MCEF
[20:22:44] [53/455] INRD
[20:22:45] [54/455] CCPZ
[20:22:46] [55/455] BCWG
[20:22:47] [56/455] PMGU
[20:22:48] [57/455] MCVM
[20:22:49] [58/455] MCDE
[20:22:50] [59/455] IEFM
[20:22:50] 🔄 Identity reset
[20:22:50] 🔄 Identity rotated (every 10 requests)
[20:22:51] [60/455] MXCS
[20:22:52] [61/455] RNMT
[20:22:53] [62/455] PSDD
[20:22:54] [63/455] PETA
[20:22:55] [64/455] IZOP
[20:22:56] [65/455] PDEI
[20:22:57] [66/455] MTND
[20:22:58] [67/455] PCPL
[20:22:59] [68/455] LSCM
[20:23:00] [69/455] BTFD
[20:23:00] 🔄 Identity reset
[20:23:00] 🔄 Identity rotated (every 10 requests)
[20:23:00] 🔄 Retry 1/5 for BTFD in 2.8s
[20:23:00] 🔄 Identity reset
[20:23:03] 🧠 New identity created
[20:23:04] [70/455] MERM
[20:23:05] [71/455] PVMS
[20:23:07] [72/455] CIGK
[20:23:08] [73/455] INSG
[20:23:08] [74/455] IDEN
[20:23:09] [75/455] MCGN
[20:23:10] [76/455] IGAM
[20:23:12] [77/455] SLCU
[20:23:14] [78/455] MIMU
[20:23:14] 🔄 Identity reset
[20:23:14] 🔄 Identity rotated (every 10 requests)
[20:23:15] [79/455] QLAC
[20:23:15] [80/455] MENL
[20:23:17] [81/455] SCUR
[20:23:18] [82/455] MDGD
[20:23:18] [83/455] LSRS
[20:23:19] [84/455] KMLG
[20:23:20] [85/455] MKLJ
[20:23:22] [86/455] IBYG
[20:23:23] [87/455] ISML
[20:23:24] [88/455] MJMM
[20:23:24] 🔄 Identity reset
[20:23:24] 🔄 Identity rotated (every 10 requests)
[20:23:24] 🔄 Retry 1/5 for MJMM in 2.3s
[20:23:24] 🔄 Identity reset
[20:23:26] 🧠 New identity created
[20:23:27] [89/455] RCGD
[20:23:29] [90/455] MMOC
[20:23:30] [91/455] RRCO
[20:23:31] [92/455] MEDM
[20:23:32] [93/455] MCAZ
[20:23:33] [94/455] STWA
[20:23:34] [95/455] PFFG
[20:23:35] [96/455] GAGC
[20:23:36] [97/455] PMPM
[20:23:36] 🔄 Identity reset
[20:23:36] 🔄 Identity rotated (every 10 requests)
[20:23:37] [98/455] HVCD
[20:23:38] [99/455] AKRF
[20:23:39] [100/455] AKRC
[20:23:41] [101/455] MIDA
[20:23:42] [102/455] MAGX
[20:23:43] [103/455] ESOS
[20:23:44] [104/455] BBCL
[20:23:45] [105/455] LYAS
[20:23:46] [106/455] NRMS
[20:23:47] [107/455] BHUC
[20:23:47] 🔄 Identity reset
[20:23:47] 🔄 Identity rotated (every 10 requests)
[20:23:48] [108/455] SRIC
[20:23:49] [109/455] PDME
[20:23:50] [110/455] MJCS
[20:23:51] [111/455] NRAA
[20:23:52] [112/455] VATA
[20:23:53] [113/455] MNKC
[20:23:54] [114/455] DHCL
[20:23:55] [115/455] JCPC
[20:23:55] [116/455] CTML
[20:23:56] [117/455] RMMR
[20:23:56] 🔄 Identity reset
[20:23:56] 🔄 Identity rotated (every 10 requests)
[20:23:57] [118/455] STTL
[20:23:58] [119/455] CNPS
[20:23:59] [120/455] ACKL
[20:24:00] [121/455] SCAU
[20:24:01] [122/455] RMIA
[20:24:03] [123/455] MANU
[20:24:04] [124/455] ARDC
[20:24:05] [125/455] GLDA
[20:24:06] [126/455] KVSW
[20:24:06] [127/455] CGCA
[20:24:06] 🔄 Identity reset
[20:24:07] 🔄 Identity rotated (every 10 requests)
[20:24:08] [128/455] CMLO
[20:24:08] [129/455] CECB
[20:24:09] [130/455] RCPN
[20:24:10] [131/455] ASMW
[20:24:11] [132/455] PWLM
[20:24:12] [133/455] ASGM
[20:24:14] [134/455] ACWH
[20:24:14] [135/455] AAPW
[20:24:15] [136/455] RTWA
[20:24:17] [137/455] RAMW
[20:24:17] 🔄 Identity reset
[20:24:17] 🔄 Identity rotated (every 10 requests)
[20:24:18] [138/455] VKTR
[20:24:20] [139/455] SMBH
[20:24:22] [140/455] BVDR
[20:24:23] [141/455] MRTP
[20:24:24] [142/455] BLBR
[20:24:25] [143/455] LPIN
[20:24:27] [144/455] SNPC
[20:24:28] [145/455] PDCB
[20:24:29] [146/455] DYPK
[20:24:30] [147/455] INMK
[20:24:30] 🔄 Identity reset
[20:24:30] 🔄 Identity rotated (every 10 requests)
[20:24:31] 🔄 Retry 1/5 for INMK in 2.9s
[20:24:31] 🔄 Identity reset
[20:24:34] 🧠 New identity created
[20:24:35] [148/455] PDCK
[20:24:36] [149/455] PCKR
[20:24:36] [150/455] SHUA
[20:24:37] [151/455] SCVK
[20:24:38] [152/455] STPA
[20:24:39] [153/455] WVHD
[20:24:40] [154/455] MRCH
[20:24:41] [155/455] MCNP
[20:24:42] [156/455] RCAG
[20:24:42] 🔄 Identity reset
[20:24:42] 🔄 Identity rotated (every 10 requests)
[20:24:43] [157/455] JTSN
[20:24:43] [158/455] AANS
[20:24:44] [159/455] GDDR
[20:24:45] [160/455] SRER
[20:24:46] [161/455] JKMA
[20:24:47] [162/455] ARAN
[20:24:48] [163/455] ALCT
[20:24:49] [164/455] CCTA
[20:24:50] [165/455] CNCT
[20:24:51] [166/455] NZBL
[20:24:51] 🔄 Identity reset
[20:24:51] 🔄 Identity rotated (every 10 requests)
[20:24:52] [167/455] SRRA
[20:24:53] [168/455] SVPW
[20:24:54] [169/455] SRTW
[20:24:55] [170/455] XMTD
[20:24:56] [171/455] SCCZ
[20:24:58] [172/455] PBCR
[20:24:59] [173/455] RTSC
[20:25:00] [174/455] TLSV
[20:25:01] [175/455] RMTK
[20:25:02] [176/455] SRAT
[20:25:02] 🔄 Identity reset
[20:25:02] 🔄 Identity rotated (every 10 requests)
[20:25:03] [177/455] GCYC
[20:25:04] [178/455] HCAJ
[20:25:05] [179/455] LCXA
[20:25:07] [180/455] BINT
[20:25:08] [181/455] IXIM
[20:25:09] [182/455] MBCR
[20:25:10] [183/455] BMCJ
[20:25:11] [184/455] NICJ
[20:25:12] [185/455] SCAJ
[20:25:13] [186/455] CMXS
[20:25:13] 🔄 Identity reset
[20:25:13] 🔄 Identity rotated (every 10 requests)
[20:25:14] [187/455] MMSR
[20:25:15] [188/455] PRKT
[20:25:16] [189/455] LPTH
[20:25:17] [190/455] SARP
[20:25:18] [191/455] MNPP
[20:25:18] [192/455] PRLR
[20:25:19] [193/455] RCMW
[20:25:21] [194/455] FCMG
[20:25:22] [195/455] RTNK
[20:25:23] [196/455] LRCP
[20:25:23] 🔄 Identity reset
[20:25:23] 🔄 Identity rotated (every 10 requests)
[20:25:24] [197/455] DBJR
[20:25:25] [198/455] CACN
[20:25:27] [199/455] AMRL
[20:25:28] [200/455] SBBC
[20:25:29] [201/455] VENN
[20:25:30] [202/455] STSS
[20:25:31] [203/455] SMRB
[20:25:32] [204/455] CCMX
[20:25:33] [205/455] KCMR
[20:25:34] [206/455] SALH
[20:25:34] 🔄 Identity reset
[20:25:34] 🔄 Identity rotated (every 10 requests)
[20:25:35] [207/455] CGTT
[20:25:36] [208/455] PMDR
[20:25:37] [209/455] VCPM
[20:25:38] [210/455] RZMX
[20:25:39] [211/455] TMSY
[20:25:40] [212/455] NTMS
[20:25:42] [213/455] VTAG
[20:25:43] [214/455] REMA
[20:25:44] [215/455] NXCC
[20:25:45] [216/455] SKYM
[20:25:45] 🔄 Identity reset
[20:25:45] 🔄 Identity rotated (every 10 requests)
[20:25:46] [217/455] CCMO
[20:25:47] [218/455] DMXM
[20:25:48] [219/455] SPPM
[20:25:49] [220/455] PTKL
[20:25:50] [221/455] SLVO
[20:25:51] [222/455] VASL
[20:25:52] [223/455] CBCM
[20:25:53] [224/455] STMA
[20:25:54] [225/455] LASK
[20:25:55] [226/455] VITE
[20:25:55] 🔄 Identity reset
[20:25:55] 🔄 Identity rotated (every 10 requests)
[20:25:57] [227/455] AAST
[20:25:58] [228/455] JTPT
[20:25:59] [229/455] RRSH
[20:26:00] [230/455] CINL
[20:26:01] [231/455] MCSR
[20:26:02] [232/455] SBCF
[20:26:03] [233/455] GCDU
[20:26:04] [234/455] PSPR
[20:26:05] [235/455] IMMO
[20:26:06] [236/455] CLGM
[20:26:06] 🔄 Identity reset
[20:26:06] 🔄 Identity rotated (every 10 requests)
[20:26:08] [237/455] PBMM
[20:26:09] [238/455] CEHR
[20:26:10] [239/455] CPOE
[20:26:11] [240/455] PGFD
[20:26:12] [241/455] PSLC
[20:26:13] [242/455] MSMD
[20:26:14] [243/455] FMFB
[20:26:14] [244/455] RKCL
[20:26:15] [245/455] PMMC
[20:26:16] [246/455] SKMM
[20:26:16] 🔄 Identity reset
[20:26:16] 🔄 Identity rotated (every 10 requests)
[20:26:17] [247/455] VOIB
[20:26:18] [248/455] KINO
[20:26:19] [249/455] VCTP
[20:26:20] [250/455] PDWR
[20:26:21] [251/455] SAED
[20:26:23] [252/455] SRRT
[20:26:24] [253/455] CVLG
[20:26:25] [254/455] SNGN
[20:26:26] [255/455] SIDA
[20:26:27] [256/455] IMCB
[20:26:27] 🔄 Identity reset
[20:26:27] 🔄 Identity rotated (every 10 requests)
[20:26:29] [257/455] SMHP
[20:26:30] [258/455] GDTY
[20:26:31] [259/455] VYCH
[20:26:32] [260/455] PDYA
[20:26:33] [261/455] RKDO
[20:26:34] [262/455] VECG
[20:26:35] [263/455] NFGD
[20:26:37] [264/455] SNDC
[20:26:38] [265/455] SDJH
[20:26:39] [266/455] HASV
[20:26:39] 🔄 Identity reset
[20:26:39] 🔄 Identity rotated (every 10 requests)
[20:26:41] [267/455] PTYK
[20:26:42] [268/455] MUTB
[20:26:43] [269/455] AMRT
[20:26:44] [270/455] VACD
[20:26:45] [271/455] SKDD
[20:26:46] [272/455] STGR
[20:26:47] [273/455] GDAK
[20:26:47] [274/455] SKHK
[20:26:48] [275/455] SLND
[20:26:50] [276/455] APAP
[20:26:50] 🔄 Identity reset
[20:26:50] 🔄 Identity rotated (every 10 requests)
[20:26:51] [277/455] AYYA
[20:26:52] [278/455] VCCZ
[20:26:53] [279/455] MEML
[20:26:54] [280/455] MAOU
[20:26:56] [281/455] ESND
[20:26:57] [282/455] PTBZ
[20:26:58] [283/455] LBCN
[20:26:59] [284/455] PAWA
[20:27:00] [285/455] ZEIC
[20:27:01] [286/455] CGMM
[20:27:01] 🔄 Identity reset
[20:27:01] 🔄 Identity rotated (every 10 requests)
[20:27:02] [287/455] PJPM
[20:27:03] [288/455] ECMR
[20:27:04] [289/455] SHMZ
[20:27:05] [290/455] STCA
[20:27:06] [291/455] VDRC
[20:27:07] [292/455] SEEM
[20:27:08] [293/455] MKNS
[20:27:09] [294/455] KPPP
[20:27:10] [295/455] CCML
[20:27:11] [296/455] CIBA
[20:27:11] 🔄 Identity reset
[20:27:11] 🔄 Identity rotated (every 10 requests)
[20:27:12] [297/455] NACS
[20:27:13] [298/455] CTMK
[20:27:14] [299/455] CTCT
[20:27:15] [300/455] MCSN
[20:27:16] [301/455] MAXX
[20:27:17] [302/455] MECB
[20:27:18] [303/455] NTBY
[20:27:19] [304/455] UTBI
[20:27:20] [305/455] RADK
[20:27:21] [306/455] STBY
[20:27:21] 🔄 Identity reset
[20:27:21] 🔄 Identity rotated (every 10 requests)
[20:27:22] [307/455] GTBY
[20:27:23] [308/455] RRMB
[20:27:24] [309/455] ABRN
[20:27:25] [310/455] GTSG
[20:27:25] [311/455] GBTG
[20:27:26] [312/455] SBGS
[20:27:28] [313/455] KBPM
[20:27:29] [314/455] SMHT
[20:27:29] [315/455] VTDM
[20:27:30] [316/455] ASCT
[20:27:30] 🔄 Identity reset
[20:27:30] 🔄 Identity rotated (every 10 requests)
[20:27:31] [317/455] AWCT
[20:27:32] [318/455] DCCU
[20:27:33] [319/455] PSCE
[20:27:34] [320/455] KSNY
[20:27:35] [321/455] ACID
[20:27:36] [322/455] LVCD
[20:27:37] [323/455] KSSB
[20:27:38] [324/455] SWTD
[20:27:39] [325/455] RBMR
[20:27:40] [326/455] SCBC
[20:27:40] 🔄 Identity reset
[20:27:40] 🔄 Identity rotated (every 10 requests)
[20:27:41] [327/455] RKME
[20:27:42] [328/455] GALX
[20:27:43] [329/455] GCCH
[20:27:44] [330/455] RATR
[20:27:45] [331/455] GTGA
[20:27:46] [332/455] LTTR
[20:27:46] [333/455] TTAA
[20:27:47] [334/455] TVHP
[20:27:48] [335/455] KVCS
[20:27:49] [336/455] CBMC
[20:27:49] 🔄 Identity reset
[20:27:49] 🔄 Identity rotated (every 10 requests)
[20:27:49] 🔄 Retry 1/5 for CBMC in 2.0s
[20:27:49] 🔄 Identity reset
[20:27:51] 🧠 New identity created
[20:27:53] [337/455] MAYJ
[20:27:54] [338/455] INPR
[20:27:55] [339/455] RSSC
[20:27:56] [340/455] PCAN
[20:27:57] [341/455] PVHR
[20:27:58] [342/455] AGSM
[20:27:59] [343/455] PVES
[20:28:01] [344/455] INTO
[20:28:02] [345/455] ACON
[20:28:02] 🔄 Identity reset
[20:28:02] 🔄 Identity rotated (every 10 requests)
[20:28:03] [346/455] PVPZ
[20:28:04] [347/455] PVHC
[20:28:05] [348/455] KSTK
[20:28:06] [349/455] PVSR
[20:28:07] [350/455] ACTN
[20:28:09] [351/455] FMCN
[20:28:10] [352/455] PABC
[20:28:11] [353/455] SUTC
[20:28:12] [354/455] PGMV
[20:28:14] [355/455] GKCP
[20:28:14] 🔄 Identity reset
[20:28:14] 🔄 Identity rotated (every 10 requests)
[20:28:15] [356/455] INCH
[20:28:16] [357/455] MLMT
[20:28:17] [358/455] SSCC
[20:28:18] [359/455] SLMP
[20:28:19] [360/455] VVTN
[20:28:20] [361/455] SBTR
[20:28:20] [362/455] PGRA
[20:28:21] [363/455] PBRM
[20:28:22] [364/455] GCRP
[20:28:23] [365/455] MCSK
[20:28:23] 🔄 Identity reset
[20:28:23] 🔄 Identity rotated (every 10 requests)
[20:28:24] [366/455] NLTC
[20:28:25] [367/455] MTLM
[20:28:26] [368/455] VECT
[20:28:27] [369/455] KMRM
[20:28:28] [370/455] RACM
[20:28:30] [371/455] WSTC
[20:28:31] [372/455] PVTJ
[20:28:32] [373/455] MMKC
[20:28:33] [374/455] SVWT
[20:28:34] [375/455] JOTG
[20:28:34] 🔄 Identity reset
[20:28:34] 🔄 Identity rotated (every 10 requests)
[20:28:35] [376/455] VCDK
[20:28:36] [377/455] ANAC
[20:28:38] [378/455] GRTC
[20:28:39] [379/455] JTPL
[20:28:40] [380/455] VRCP
[20:28:41] [381/455] REMC
[20:28:42] [382/455] ATMG
[20:28:43] [383/455] GAHC
[20:28:44] [384/455] JTMV
[20:28:45] [385/455] OMTT
[20:28:45] 🔄 Identity reset
[20:28:45] 🔄 Identity rotated (every 10 requests)
[20:28:46] [386/455] GKKC
[20:28:47] [387/455] BBPO
[20:28:48] [388/455] ZCBB
[20:28:49] [389/455] DCGO
[20:28:50] [390/455] STOP
[20:28:51] [391/455] BSPC
[20:28:52] [392/455] SOND
[20:28:53] [393/455] GCKG
[20:28:54] [394/455] PCDB
[20:28:55] [395/455] PGRC
[20:28:55] 🔄 Identity reset
[20:28:55] 🔄 Identity rotated (every 10 requests)
[20:28:55] 🔄 Retry 1/5 for PGRC in 2.4s
[20:28:55] 🔄 Identity reset
[20:28:57] 🧠 New identity created
[20:28:58] [396/455] CSCT
[20:28:59] [397/455] STDA
[20:29:00] [398/455] JAYD
[20:29:01] [399/455] PPPD
[20:29:02] [400/455] KRTT
[20:29:04] [401/455] PTDT
[20:29:05] [402/455] TRSV
[20:29:06] [403/455] VELR
[20:29:08] [404/455] STDT
[20:29:08] 🔄 Identity reset
[20:29:08] 🔄 Identity rotated (every 10 requests)
[20:29:09] [405/455] SATT
[20:29:10] [406/455] KCPM
[20:29:11] [407/455] MFCP
[20:29:12] [408/455] AXMP
[20:29:13] [409/455] LTVB
[20:29:14] [410/455] APST
[20:29:15] [411/455] DTVP
[20:29:16] [412/455] AAVB
[20:29:17] [413/455] PMBL
[20:29:19] [414/455] STKC
[20:29:19] 🔄 Identity reset
[20:29:19] 🔄 Identity rotated (every 10 requests)
[20:29:20] [415/455] KKMA
[20:29:21] [416/455] NMXS
[20:29:22] [417/455] DECX
[20:29:22] [418/455] MAPJ
[20:29:23] [419/455] SMLK
[20:29:24] [420/455] PMPU
[20:29:25] [421/455] AFST
[20:29:26] [422/455] SRSY
[20:29:27] [423/455] RMKT
[20:29:28] [424/455] RAJX
[20:29:28] 🔄 Identity reset
[20:29:28] 🔄 Identity rotated (every 10 requests)
[20:29:29] [425/455] UVCD
[20:29:30] [426/455] LISA
[20:29:31] [427/455] LMSR
[20:29:32] [428/455] PMCA
[20:29:33] [429/455] INPO
[20:29:34] [430/455] INGO
[20:29:34] [431/455] HFSQ
[20:29:35] [432/455] INMG
[20:29:36] [433/455] NYCP
[20:29:37] [434/455] HFSV
[20:29:37] 🔄 Identity reset
[20:29:37] 🔄 Identity rotated (every 10 requests)
[20:29:38] [435/455] MMZP
[20:29:39] [436/455] KSES
[20:29:40] [437/455] HFSA
[20:29:41] [438/455] ACMM
[20:29:42] [439/455] RCKD
[20:29:43] [440/455] BCKR
[20:29:44] [441/455] SFCO
[20:29:45] [442/455] JCCB
[20:29:45] [443/455] BCCR
[20:29:46] [444/455] NWCB
[20:29:46] 🔄 Identity reset
[20:29:46] 🔄 Identity rotated (every 10 requests)
[20:29:48] [445/455] SAMT
[20:29:49] [446/455] TMST
[20:29:49] [447/455] SJCN
[20:29:51] [448/455] MCBS
[20:29:52] [449/455] CMKR
[20:29:53] [450/455] INPM
[20:29:54] [451/455] WVMT
[20:29:54] [452/455] NYSM
[20:29:55] [453/455] RCMA
[20:29:56] [454/455] RECM
[20:29:56] 🔄 Identity reset
[20:29:56] 🔄 Identity rotated (every 10 requests)
[20:29:57] [455/455] CYCM
[20:29:58] 🧹 Deduping shows
[20:29:58] ✅ DONE | Shows=4908 | Movies=86
[20:59:17] 🚀 SCRIPT STARTED
[20:59:17] [1/455] MXGN
[20:59:17] 🧠 New identity created
[20:59:17] 🔄 Retry 1/5 for MXGN in 3.0s
[20:59:17] 🔄 Identity reset
[20:59:20] 🧠 New identity created
[20:59:21] [2/455] PGGM
[20:59:22] [3/455] IPMJ
[20:59:23] [4/455] M2PP
[20:59:25] [5/455] PMMS
[20:59:26] [6/455] SCJN
[20:59:27] [7/455] CPUM
[20:59:28] [8/455] SCND
[20:59:29] [9/455] INWM
[20:59:29] 🔄 Identity reset
[20:59:29] 🔄 Identity rotated (every 10 requests)
[20:59:29] 🔄 Retry 1/5 for INWM in 2.1s
[20:59:29] 🔄 Identity reset
[20:59:31] 🧠 New identity created
[20:59:32] [10/455] DVDC
[20:59:33] [11/455] WVND
[20:59:34] [12/455] LBDL
[20:59:35] [13/455] CRGM
[20:59:37] [14/455] PVKS
[20:59:38] [15/455] PBLL
[20:59:40] [16/455] FNLN
[20:59:41] [17/455] PPDA
[20:59:42] [18/455] SCPT
[20:59:42] 🔄 Identity reset
[20:59:42] 🔄 Identity rotated (every 10 requests)
[20:59:43] [19/455] IAJS
[20:59:44] [20/455] MMZG
[20:59:45] [21/455] MCTI
[20:59:46] [22/455] PPMF
[20:59:47] [23/455] FNSD
[20:59:48] [24/455] M2RH
[20:59:49] [25/455] CPGV
[20:59:50] [26/455] PECD
[20:59:51] [27/455] CTEE
[20:59:52] [28/455] IOMG
[20:59:52] 🔄 Identity reset
[20:59:52] 🔄 Identity rotated (every 10 requests)
[20:59:52] [29/455] CIJA
[20:59:54] [30/455] NYCG
[20:59:54] [31/455] CEST
[20:59:55] [32/455] WVRG
[20:59:56] [33/455] DPDC
[20:59:57] [34/455] PDIV
[20:59:58] [35/455] MTPP
[20:59:59] [36/455] MHNU
[21:00:00] [37/455] WUPG
[21:00:01] [38/455] USCO
[21:00:01] 🔄 Identity reset
[21:00:01] 🔄 Identity rotated (every 10 requests)
[21:00:02] [39/455] INFR
[21:00:02] [40/455] PVPD
[21:00:03] [41/455] RONC
[21:00:04] [42/455] IOCP
[21:00:05] [43/455] EMPS
[21:00:06] [44/455] PNAD
[21:00:07] [45/455] VVGZ
[21:00:08] [46/455] MDDC
[21:00:09] [47/455] MMAP
[21:00:10] [48/455] GPDC
[21:00:10] 🔄 Identity reset
[21:00:10] 🔄 Identity rotated (every 10 requests)
[21:00:11] [49/455] PVPU
[21:00:12] [50/455] DCMV
[21:00:13] [51/455] PCCF
[21:00:14] [52/455] MCEF
[21:00:15] [53/455] INRD
[21:00:16] [54/455] CCPZ
[21:00:16] [55/455] BCWG
[21:00:17] [56/455] PMGU
[21:00:18] [57/455] MCVM
[21:00:19] [58/455] MCDE
[21:00:19] 🔄 Identity reset
[21:00:19] 🔄 Identity rotated (every 10 requests)
[21:00:21] [59/455] IEFM
[21:00:22] [60/455] MXCS
[21:00:23] [61/455] RNMT
[21:00:24] [62/455] PSDD
[21:00:25] [63/455] PETA
[21:00:25] [64/455] IZOP
[21:00:26] [65/455] PDEI
[21:00:27] [66/455] MTND
[21:00:28] [67/455] PCPL
[21:00:29] [68/455] LSCM
[21:00:29] 🔄 Identity reset
[21:00:29] 🔄 Identity rotated (every 10 requests)
[21:00:30] [69/455] BTFD
[21:00:31] [70/455] MERM
[21:00:32] [71/455] PVMS
[21:00:33] [72/455] CIGK
[21:00:34] [73/455] INSG
[21:00:35] [74/455] IDEN
[21:00:36] [75/455] MCGN
[21:00:37] [76/455] IGAM
[21:00:38] [77/455] SLCU
[21:00:40] [78/455] MIMU
[21:00:40] 🔄 Identity reset
[21:00:40] 🔄 Identity rotated (every 10 requests)
[21:00:41] [79/455] QLAC
[21:00:43] [80/455] MENL
[21:00:44] [81/455] SCUR
[21:00:45] [82/455] MDGD
[21:00:45] [83/455] LSRS
[21:00:46] [84/455] KMLG
[21:00:47] [85/455] MKLJ
[21:00:48] [86/455] IBYG
[21:00:49] [87/455] ISML
[21:00:50] [88/455] MJMM
[21:00:50] 🔄 Identity reset
[21:00:50] 🔄 Identity rotated (every 10 requests)
[21:00:51] [89/455] RCGD
[21:00:52] [90/455] MMOC
[21:00:53] [91/455] RRCO
[21:00:54] [92/455] MEDM
[21:00:54] [93/455] MCAZ
[21:00:55] [94/455] STWA
[21:00:56] [95/455] PFFG
[21:00:57] [96/455] GAGC
[21:00:58] [97/455] PMPM
[21:00:59] [98/455] HVCD
[21:00:59] 🔄 Identity reset
[21:00:59] 🔄 Identity rotated (every 10 requests)
[21:00:59] 🔄 Retry 1/5 for HVCD in 2.1s
[21:00:59] 🔄 Identity reset
[21:01:01] 🧠 New identity created
[21:01:02] [99/455] AKRF
[21:01:03] [100/455] AKRC
[21:01:04] [101/455] MIDA
[21:01:05] [102/455] MAGX
[21:01:06] [103/455] ESOS
[21:01:07] [104/455] BBCL
[21:01:08] [105/455] LYAS
[21:01:08] [106/455] NRMS
[21:01:09] [107/455] BHUC
[21:01:09] 🔄 Identity reset
[21:01:09] 🔄 Identity rotated (every 10 requests)
[21:01:09] 🔄 Retry 1/5 for BHUC in 2.3s
[21:01:09] 🔄 Identity reset
[21:01:12] 🧠 New identity created
[21:01:12] 🔄 Retry 2/5 for BHUC in 4.8s
[21:01:12] 🔄 Identity reset
[21:01:17] 🧠 New identity created
[21:01:18] [108/455] SRIC
[21:01:19] [109/455] PDME
[21:01:20] [110/455] MJCS
[21:01:21] [111/455] NRAA
[21:01:22] [112/455] VATA
[21:01:22] [113/455] MNKC
[21:01:23] [114/455] DHCL
[21:01:24] [115/455] JCPC
[21:01:24] 🔄 Identity reset
[21:01:24] 🔄 Identity rotated (every 10 requests)
[21:01:25] [116/455] CTML
[21:01:26] [117/455] RMMR
[21:01:27] [118/455] STTL
[21:01:27] [119/455] CNPS
[21:01:28] [120/455] ACKL
[21:01:29] [121/455] SCAU
[21:01:30] [122/455] RMIA
[21:01:31] [123/455] MANU
[21:01:32] [124/455] ARDC
[21:01:33] [125/455] GLDA
[21:01:33] 🔄 Identity reset
[21:01:33] 🔄 Identity rotated (every 10 requests)
[21:01:33] 🔄 Retry 1/5 for GLDA in 2.4s
[21:01:33] 🔄 Identity reset
[21:01:36] 🧠 New identity created
[21:01:37] [126/455] KVSW
[21:01:38] [127/455] CGCA
[21:01:38] [128/455] CMLO
[21:01:39] [129/455] CECB
[21:01:40] [130/455] RCPN
[21:01:41] [131/455] ASMW
[21:01:41] [132/455] PWLM
[21:01:42] [133/455] ASGM
[21:01:43] [134/455] ACWH
[21:01:43] 🔄 Identity reset
[21:01:43] 🔄 Identity rotated (every 10 requests)
[21:01:45] [135/455] AAPW
[21:01:46] [136/455] RTWA
[21:01:46] [137/455] RAMW
[21:01:48] [138/455] VKTR
[21:01:48] [139/455] SMBH
[21:01:49] [140/455] BVDR
[21:01:50] [141/455] MRTP
[21:01:51] [142/455] BLBR
[21:01:52] [143/455] LPIN
[21:01:53] [144/455] SNPC
[21:01:53] 🔄 Identity reset
[21:01:53] 🔄 Identity rotated (every 10 requests)
[21:01:54] [145/455] PDCB
[21:01:55] [146/455] DYPK
[21:01:56] [147/455] INMK
[21:01:57] [148/455] PDCK
[21:01:58] [149/455] PCKR
[21:01:59] [150/455] SHUA
[21:02:00] [151/455] SCVK
[21:02:00] [152/455] STPA
[21:02:01] [153/455] WVHD
[21:02:02] [154/455] MRCH
[21:02:02] 🔄 Identity reset
[21:02:02] 🔄 Identity rotated (every 10 requests)
[21:02:02] 🔄 Retry 1/5 for MRCH in 2.6s
[21:02:02] 🔄 Identity reset
[21:02:05] 🧠 New identity created
[21:02:06] [155/455] MCNP
[21:02:07] [156/455] RCAG
[21:02:09] [157/455] JTSN
[21:02:10] [158/455] AANS
[21:02:10] [159/455] GDDR
[21:02:11] [160/455] SRER
[21:02:12] [161/455] JKMA
[21:02:13] [162/455] ARAN
[21:02:14] [163/455] ALCT
[21:02:14] 🔄 Identity reset
[21:02:14] 🔄 Identity rotated (every 10 requests)
[21:02:14] 🔄 Retry 1/5 for ALCT in 2.2s
[21:02:14] 🔄 Identity reset
[21:02:16] 🧠 New identity created
[21:02:16] 🔄 Retry 2/5 for ALCT in 4.2s
[21:02:16] 🔄 Identity reset
[21:02:21] 🧠 New identity created
[21:02:21] [164/455] CCTA
[21:02:22] [165/455] CNCT
[21:02:23] [166/455] NZBL
[21:02:24] [167/455] SRRA
[21:02:25] [168/455] SVPW
[21:02:27] [169/455] SRTW
[21:02:28] [170/455] XMTD
[21:02:29] [171/455] SCCZ
[21:02:29] 🔄 Identity reset
[21:02:29] 🔄 Identity rotated (every 10 requests)
[21:02:30] [172/455] PBCR
[21:02:31] [173/455] RTSC
[21:02:32] [174/455] TLSV
[21:02:33] [175/455] RMTK
[21:02:33] [176/455] SRAT
[21:02:35] [177/455] GCYC
[21:02:35] [178/455] HCAJ
[21:02:36] [179/455] LCXA
[21:02:37] [180/455] BINT
[21:02:37] [181/455] IXIM
[21:02:37] 🔄 Identity reset
[21:02:37] 🔄 Identity rotated (every 10 requests)
[21:02:38] [182/455] MBCR
[21:02:39] [183/455] BMCJ
[21:02:40] [184/455] NICJ
[21:02:41] [185/455] SCAJ
[21:02:43] [186/455] CMXS
[21:02:43] [187/455] MMSR
[21:02:45] [188/455] PRKT
[21:02:46] [189/455] LPTH
[21:02:47] [190/455] SARP
[21:02:48] [191/455] MNPP
[21:02:48] 🔄 Identity reset
[21:02:48] 🔄 Identity rotated (every 10 requests)
[21:02:48] 🔄 Retry 1/5 for MNPP in 2.6s
[21:02:48] 🔄 Identity reset
[21:02:51] 🧠 New identity created
[21:02:52] [192/455] PRLR
[21:02:52] [193/455] RCMW
[21:02:53] [194/455] FCMG
[21:02:54] [195/455] RTNK
[21:02:55] [196/455] LRCP
[21:02:56] [197/455] DBJR
[21:02:57] [198/455] CACN
[21:02:58] [199/455] AMRL
[21:02:59] [200/455] SBBC
[21:02:59] 🔄 Identity reset
[21:02:59] 🔄 Identity rotated (every 10 requests)
[21:03:00] [201/455] VENN
[21:03:01] [202/455] STSS
[21:03:02] [203/455] SMRB
[21:03:03] [204/455] CCMX
[21:03:03] [205/455] KCMR
[21:03:04] [206/455] SALH
[21:03:05] [207/455] CGTT
[21:03:06] [208/455] PMDR
[21:03:08] [209/455] VCPM
[21:03:09] [210/455] RZMX
[21:03:09] 🔄 Identity reset
[21:03:09] 🔄 Identity rotated (every 10 requests)
[21:03:10] [211/455] TMSY
[21:03:11] [212/455] NTMS
[21:03:12] [213/455] VTAG
[21:03:13] [214/455] REMA
[21:03:14] [215/455] NXCC
[21:03:15] [216/455] SKYM
[21:03:16] [217/455] CCMO
[21:03:17] [218/455] DMXM
[21:03:18] [219/455] SPPM
[21:03:19] [220/455] PTKL
[21:03:19] 🔄 Identity reset
[21:03:19] 🔄 Identity rotated (every 10 requests)
[21:03:19] 🔄 Retry 1/5 for PTKL in 2.8s
[21:03:19] 🔄 Identity reset
[21:03:22] 🧠 New identity created
[21:03:22] 🔄 Retry 2/5 for PTKL in 4.5s
[21:03:22] 🔄 Identity reset
[21:03:26] 🧠 New identity created
[21:03:27] [221/455] SLVO
[21:03:28] [222/455] VASL
[21:03:29] [223/455] CBCM
[21:03:30] [224/455] STMA
[21:03:31] [225/455] LASK
[21:03:32] [226/455] VITE
[21:03:33] [227/455] AAST
[21:03:34] [228/455] JTPT
[21:03:34] 🔄 Identity reset
[21:03:34] 🔄 Identity rotated (every 10 requests)
[21:03:35] [229/455] RRSH
[21:03:36] [230/455] CINL
[21:03:36] [231/455] MCSR
[21:03:37] [232/455] SBCF
[21:03:38] [233/455] GCDU
[21:03:38] [234/455] PSPR
[21:03:39] [235/455] IMMO
[21:03:40] [236/455] CLGM
[21:03:41] [237/455] PBMM
[21:03:42] [238/455] CEHR
[21:03:42] 🔄 Identity reset
[21:03:42] 🔄 Identity rotated (every 10 requests)
[21:03:44] [239/455] CPOE
[21:03:44] [240/455] PGFD
[21:03:45] [241/455] PSLC
[21:03:47] [242/455] MSMD
[21:03:48] [243/455] FMFB
[21:03:49] [244/455] RKCL
[21:03:50] [245/455] PMMC
[21:03:51] [246/455] SKMM
[21:03:52] [247/455] VOIB
[21:03:53] [248/455] KINO
[21:03:53] 🔄 Identity reset
[21:03:53] 🔄 Identity rotated (every 10 requests)
[21:03:54] [249/455] VCTP
[21:03:55] [250/455] PDWR
[21:03:55] [251/455] SAED
[21:03:56] [252/455] SRRT
[21:03:57] [253/455] CVLG
[21:03:58] [254/455] SNGN
[21:03:59] [255/455] SIDA
[21:04:00] [256/455] IMCB
[21:04:00] [257/455] SMHP
[21:04:01] [258/455] GDTY
[21:04:01] 🔄 Identity reset
[21:04:01] 🔄 Identity rotated (every 10 requests)
[21:04:02] [259/455] VYCH
[21:04:03] [260/455] PDYA
[21:04:04] [261/455] RKDO
[21:04:05] [262/455] VECG
[21:04:06] [263/455] NFGD
[21:04:07] [264/455] SNDC
[21:04:08] [265/455] SDJH
[21:04:09] [266/455] HASV
[21:04:10] [267/455] PTYK
[21:04:10] [268/455] MUTB
[21:04:10] 🔄 Identity reset
[21:04:10] 🔄 Identity rotated (every 10 requests)
[21:04:11] [269/455] AMRT
[21:04:12] [270/455] VACD
[21:04:14] [271/455] SKDD
[21:04:15] [272/455] STGR
[21:04:16] [273/455] GDAK
[21:04:17] [274/455] SKHK
[21:04:18] [275/455] SLND
[21:04:18] [276/455] APAP
[21:04:19] [277/455] AYYA
[21:04:20] [278/455] VCCZ
[21:04:20] 🔄 Identity reset
[21:04:20] 🔄 Identity rotated (every 10 requests)
[21:04:21] [279/455] MEML
[21:04:21] [280/455] MAOU
[21:04:22] [281/455] ESND
[21:04:23] [282/455] PTBZ
[21:04:24] [283/455] LBCN
[21:04:25] [284/455] PAWA
[21:04:26] [285/455] ZEIC
[21:04:26] [286/455] CGMM
[21:04:27] [287/455] PJPM
[21:04:28] [288/455] ECMR
[21:04:28] 🔄 Identity reset
[21:04:28] 🔄 Identity rotated (every 10 requests)
[21:04:29] [289/455] SHMZ
[21:04:30] [290/455] STCA
[21:04:31] [291/455] VDRC
[21:04:31] [292/455] SEEM
[21:04:32] [293/455] MKNS
[21:04:33] [294/455] KPPP
[21:04:34] [295/455] CCML
[21:04:35] [296/455] CIBA
[21:04:36] [297/455] NACS
[21:04:37] [298/455] CTMK
[21:04:37] 🔄 Identity reset
[21:04:37] 🔄 Identity rotated (every 10 requests)
[21:04:37] [299/455] CTCT
[21:04:38] [300/455] MCSN
[21:04:39] [301/455] MAXX
[21:04:40] [302/455] MECB
[21:04:41] [303/455] NTBY
[21:04:42] [304/455] UTBI
[21:04:42] [305/455] RADK
[21:04:43] [306/455] STBY
[21:04:44] [307/455] GTBY
[21:04:44] [308/455] RRMB
[21:04:44] 🔄 Identity reset
[21:04:44] 🔄 Identity rotated (every 10 requests)
[21:04:45] [309/455] ABRN
[21:04:46] [310/455] GTSG
[21:04:47] [311/455] GBTG
[21:04:47] [312/455] SBGS
[21:04:48] [313/455] KBPM
[21:04:50] [314/455] SMHT
[21:04:50] [315/455] VTDM
[21:04:52] [316/455] ASCT
[21:04:53] [317/455] AWCT
[21:04:53] [318/455] DCCU
[21:04:53] 🔄 Identity reset
[21:04:53] 🔄 Identity rotated (every 10 requests)
[21:04:54] [319/455] PSCE
[21:04:54] [320/455] KSNY
[21:04:55] [321/455] ACID
[21:04:56] [322/455] LVCD
[21:04:57] [323/455] KSSB
[21:04:58] [324/455] SWTD
[21:05:00] [325/455] RBMR
[21:05:00] [326/455] SCBC
[21:05:01] [327/455] RKME
[21:05:02] [328/455] GALX
[21:05:02] 🔄 Identity reset
[21:05:02] 🔄 Identity rotated (every 10 requests)
[21:05:02] [329/455] GCCH
[21:05:03] [330/455] RATR
[21:05:04] [331/455] GTGA
[21:05:04] [332/455] LTTR
[21:05:05] [333/455] TTAA
[21:05:06] [334/455] TVHP
[21:05:07] [335/455] KVCS
[21:05:08] [336/455] CBMC
[21:05:08] [337/455] MAYJ
[21:05:09] [338/455] INPR
[21:05:09] 🔄 Identity reset
[21:05:09] 🔄 Identity rotated (every 10 requests)
[21:05:09] [339/455] RSSC
[21:05:10] [340/455] PCAN
[21:05:11] [341/455] PVHR
[21:05:12] [342/455] AGSM
[21:05:13] [343/455] PVES
[21:05:14] [344/455] INTO
[21:05:14] [345/455] ACON
[21:05:15] [346/455] PVPZ
[21:05:16] [347/455] PVHC
[21:05:16] [348/455] KSTK
[21:05:16] 🔄 Identity reset
[21:05:16] 🔄 Identity rotated (every 10 requests)
[21:05:16] 🔄 Retry 1/5 for KSTK in 2.3s
[21:05:16] 🔄 Identity reset
[21:05:19] 🧠 New identity created
[21:05:20] [349/455] PVSR
[21:05:21] [350/455] ACTN
[21:05:22] [351/455] FMCN
[21:05:22] [352/455] PABC
[21:05:23] [353/455] SUTC
[21:05:24] [354/455] PGMV
[21:05:25] [355/455] GKCP
[21:05:26] [356/455] INCH
[21:05:26] [357/455] MLMT
[21:05:26] 🔄 Identity reset
[21:05:26] 🔄 Identity rotated (every 10 requests)
[21:05:27] [358/455] SSCC
[21:05:28] [359/455] SLMP
[21:05:29] [360/455] VVTN
[21:05:30] [361/455] SBTR
[21:05:31] [362/455] PGRA
[21:05:31] [363/455] PBRM
[21:05:32] [364/455] GCRP
[21:05:33] [365/455] MCSK
[21:05:34] [366/455] NLTC
[21:05:35] [367/455] MTLM
[21:05:35] 🔄 Identity reset
[21:05:35] 🔄 Identity rotated (every 10 requests)
[21:05:36] [368/455] VECT
[21:05:36] [369/455] KMRM
[21:05:37] [370/455] RACM
[21:05:38] [371/455] WSTC
[21:05:39] [372/455] PVTJ
[21:05:40] [373/455] MMKC
[21:05:41] [374/455] SVWT
[21:05:42] [375/455] JOTG
[21:05:43] [376/455] VCDK
[21:05:44] [377/455] ANAC
[21:05:44] 🔄 Identity reset
[21:05:44] 🔄 Identity rotated (every 10 requests)
[21:05:44] 🔄 Retry 1/5 for ANAC in 2.6s
[21:05:44] 🔄 Identity reset
[21:05:46] 🧠 New identity created
[21:05:47] [378/455] GRTC
[21:05:48] [379/455] JTPL
[21:05:49] [380/455] VRCP
[21:05:50] [381/455] REMC
[21:05:50] [382/455] ATMG
[21:05:51] [383/455] GAHC
[21:05:52] [384/455] JTMV
[21:05:53] [385/455] OMTT
[21:05:54] [386/455] GKKC
[21:05:54] 🔄 Identity reset
[21:05:54] 🔄 Identity rotated (every 10 requests)
[21:05:54] [387/455] BBPO
[21:05:55] [388/455] ZCBB
[21:05:56] [389/455] DCGO
[21:05:57] [390/455] STOP
[21:05:58] [391/455] BSPC
[21:05:59] [392/455] SOND
[21:06:00] [393/455] GCKG
[21:06:01] [394/455] PCDB
[21:06:02] [395/455] PGRC
[21:06:03] [396/455] CSCT
[21:06:03] 🔄 Identity reset
[21:06:03] 🔄 Identity rotated (every 10 requests)
[21:06:03] 🔄 Retry 1/5 for CSCT in 2.9s
[21:06:03] 🔄 Identity reset
[21:06:06] 🧠 New identity created
[21:06:06] [397/455] STDA
[21:06:07] [398/455] JAYD
[21:06:08] [399/455] PPPD
[21:06:08] [400/455] KRTT
[21:06:09] [401/455] PTDT
[21:06:10] [402/455] TRSV
[21:06:11] [403/455] VELR
[21:06:11] [404/455] STDT
[21:06:12] [405/455] SATT
[21:06:12] 🔄 Identity reset
[21:06:12] 🔄 Identity rotated (every 10 requests)
[21:06:13] [406/455] KCPM
[21:06:13] [407/455] MFCP
[21:06:15] [408/455] AXMP
[21:06:15] [409/455] LTVB
[21:06:16] [410/455] APST
[21:06:17] [411/455] DTVP
[21:06:18] [412/455] AAVB
[21:06:19] [413/455] PMBL
[21:06:20] [414/455] STKC
[21:06:21] [415/455] KKMA
[21:06:21] 🔄 Identity reset
[21:06:21] 🔄 Identity rotated (every 10 requests)
[21:06:22] [416/455] NMXS
[21:06:23] [417/455] DECX
[21:06:24] [418/455] MAPJ
[21:06:26] [419/455] SMLK
[21:06:26] [420/455] PMPU
[21:06:27] [421/455] AFST
[21:06:28] [422/455] SRSY
[21:06:29] [423/455] RMKT
[21:06:29] [424/455] RAJX
[21:06:30] [425/455] UVCD
[21:06:30] 🔄 Identity reset
[21:06:30] 🔄 Identity rotated (every 10 requests)
[21:06:31] [426/455] LISA
[21:06:32] [427/455] LMSR
[21:06:32] [428/455] PMCA
[21:06:33] [429/455] INPO
[21:06:34] [430/455] INGO
[21:06:35] [431/455] HFSQ
[21:06:36] [432/455] INMG
[21:06:36] [433/455] NYCP
[21:06:37] [434/455] HFSV
[21:06:38] [435/455] MMZP
[21:06:38] 🔄 Identity reset
[21:06:38] 🔄 Identity rotated (every 10 requests)
[21:06:39] [436/455] KSES
[21:06:40] [437/455] HFSA
[21:06:40] [438/455] ACMM
[21:06:41] [439/455] RCKD
[21:06:42] [440/455] BCKR
[21:06:43] [441/455] SFCO
[21:06:44] [442/455] JCCB
[21:06:44] [443/455] BCCR
[21:06:45] [444/455] NWCB
[21:06:46] [445/455] SAMT
[21:06:46] 🔄 Identity reset
[21:06:46] 🔄 Identity rotated (every 10 requests)
[21:06:47] [446/455] TMST
[21:06:47] [447/455] SJCN
[21:06:48] [448/455] MCBS
[21:06:49] [449/455] CMKR
[21:06:50] [450/455] INPM
[21:06:51] [451/455] WVMT
[21:06:52] [452/455] NYSM
[21:06:53] [453/455] RCMA
[21:06:53] [454/455] RECM
[21:06:54] [455/455] CYCM
[21:06:54] 🔄 Identity reset
[21:06:54] 🔄 Identity rotated (every 10 requests)
[21:06:55] 🧹 Deduping shows
[21:06:55] ✅ DONE | Shows=4907 | Movies=86
