[04:43:50] 🚀 SCRIPT STARTED (enhanced anti‑detection)
[04:43:50] [1/459] MCCZ
[04:43:50] 🧠 New identity created
[04:43:51] [2/459] FRPU
[04:43:52] [3/459] SKSI
[04:43:53] [4/459] SSCK
[04:43:53] [5/459] SRDC
[04:43:54] [6/459] RSCZ
[04:43:55] [7/459] PRVT
[04:43:56] [8/459] GAGJ
[04:43:57] [9/459] SMHG
[04:43:58] [10/459] JTST
[04:43:58] 🔄 Identity reset
[04:43:58] 🔄 Identity rotated (every 10 requests)
[04:44:00] [11/459] MYTH
[04:44:00] [12/459] JPCC
[04:44:01] [13/459] ACDC
[04:44:03] [14/459] SVFP
[04:44:04] [15/459] SFCM
[04:44:05] [16/459] RUPK
[04:44:06] [17/459] NTCR
[04:44:06] [18/459] RTCH
[04:44:07] [19/459] SCMH
[04:44:08] [20/459] SVYM
[04:44:09] 🔄 Identity reset
[04:44:09] 🔄 Identity rotated (every 10 requests)
[04:44:09] [21/459] SPYM
[04:44:10] [22/459] SMMF
[04:44:11] [23/459] CLLB
[04:44:11] [24/459] FMCB
[04:44:12] [25/459] BBTC
[04:44:13] [26/459] NTHS
[04:44:14] [27/459] PKKJ
[04:44:16] [28/459] MTJA
[04:44:16] [29/459] PMSJ
[04:44:17] [30/459] JMJU
[04:44:18] 🔄 Identity reset
[04:44:18] 🔄 Identity rotated (every 10 requests)
[04:44:18] [31/459] SRAD
[04:44:20] [32/459] MJMC
[04:44:21] [33/459] DFRM
[04:44:22] [34/459] PMRS
[04:44:23] [35/459] RKPP
[04:44:24] [36/459] BMBK
[04:44:25] [37/459] NEWS
[04:44:25] [38/459] SALB
[04:44:27] [39/459] SCPW
[04:44:28] [40/459] RAYL
[04:44:29] 🔄 Identity reset
[04:44:29] 🔄 Identity rotated (every 10 requests)
[04:44:29] [41/459] CMGJ
[04:44:30] [42/459] JRCR
[04:44:31] [43/459] SRTB
[04:44:32] [44/459] ETPB
[04:44:33] [45/459] MXBN
[04:44:34] [46/459] TOPE
[04:44:35] [47/459] SNLJ
[04:44:36] [48/459] CDDP
[04:44:37] [49/459] APCX
[04:44:37] [50/459] TALP
[04:44:38] 🔄 Identity reset
[04:44:38] 🔄 Identity rotated (every 10 requests)
[04:44:38] [51/459] RRMP
[04:44:39] [52/459] MAHB
[04:44:41] [53/459] MTKR
[04:44:42] [54/459] KSKL
[04:44:43] [55/459] RJLT
[04:44:44] [56/459] ATAS
[04:44:45] [57/459] AMHR
[04:44:46] [58/459] RSRM
[04:44:47] [59/459] GCAT
[04:44:49] [60/459] SMML
[04:44:49] 🔄 Identity reset
[04:44:50] 🔄 Identity rotated (every 10 requests)
[04:44:50] [61/459] ACCD
[04:44:51] [62/459] VYDA
[04:44:51] [63/459] MSKT
[04:44:52] [64/459] AVDM
[04:44:53] [65/459] ASMH
[04:44:55] [66/459] VTMB
[04:44:56] [67/459] WVMB
[04:44:57] [68/459] PPMN
[04:44:57] [69/459] MTMD
[04:44:58] [70/459] SMMO
[04:44:59] 🔄 Identity reset
[04:44:59] 🔄 Identity rotated (every 10 requests)
[04:44:59] [71/459] DLPB
[04:45:00] [72/459] AKMD
[04:45:01] [73/459] SHRR
[04:45:02] [74/459] ASCO
[04:45:03] [75/459] CZVX
[04:45:04] [76/459] GCBB
[04:45:05] [77/459] ATBM
[04:45:05] [78/459] TCGM
[04:45:06] [79/459] UMSE
[04:45:07] [80/459] NKCL
[04:45:08] 🔄 Identity reset
[04:45:08] 🔄 Identity rotated (every 10 requests)
[04:45:08] [81/459] BTLR
[04:45:09] [82/459] GOCL
[04:45:10] [83/459] MIRN
[04:45:11] [84/459] THEC
[04:45:12] [85/459] SPPB
[04:45:13] [86/459] PMMM
[04:45:14] [87/459] GGMC
[04:45:15] [88/459] AVSR
[04:45:15] [89/459] RDMH
[04:45:16] [90/459] JSRS
[04:45:17] 🔄 Identity reset
[04:45:17] 🔄 Identity rotated (every 10 requests)
[04:45:17] [91/459] VKGP
[04:45:18] [92/459] ACRT
[04:45:19] [93/459] GCBA
[04:45:20] [94/459] GTCP
[04:45:20] [95/459] AKFC
[04:45:21] [96/459] INCS
[04:45:22] [97/459] SMCK
[04:45:23] [98/459] BRUN
[04:45:24] [99/459] RPPC
[04:45:25] [100/459] PAYD
[04:45:25] 🔄 Identity reset
[04:45:25] 🔄 Identity rotated (every 10 requests)
[04:45:26] [101/459] SVVT
[04:45:27] [102/459] RNCC
[04:45:28] [103/459] PCRC
[04:45:28] [104/459] PMRM
[04:45:29] [105/459] CCRP
[04:45:30] [106/459] INCR
[04:45:31] [107/459] ZTMP
[04:45:32] [108/459] MCNR
[04:45:33] [109/459] INRP
[04:45:33] [110/459] STRC
[04:45:34] 🔄 Identity reset
[04:45:34] 🔄 Identity rotated (every 10 requests)
[04:45:34] [111/459] RATI
[04:45:35] [112/459] PBTR
[04:45:37] [113/459] CMHP
[04:45:38] [114/459] ZECJ
[04:45:39] [115/459] CCCB
[04:45:39] [116/459] BWCB
[04:45:40] [117/459] CCAT
[04:45:41] [118/459] KGCM
[04:45:43] [119/459] INPT
[04:45:44] [120/459] FNCO
[04:45:45] 🔄 Identity reset
[04:45:45] 🔄 Identity rotated (every 10 requests)
[04:45:45] [121/459] SRMJ
[04:45:46] [122/459] PFSC
[04:45:47] [123/459] PBMC
[04:45:48] [124/459] KARP
[04:45:49] [125/459] KOVI
[04:45:49] [126/459] ACXL
[04:45:50] [127/459] GKCC
[04:45:51] [128/459] ASCC
[04:45:52] [129/459] SETC
[04:45:53] [130/459] KACC
[04:45:54] 🔄 Identity reset
[04:45:54] 🔄 Identity rotated (every 10 requests)
[04:45:55] [131/459] KAVE
[04:45:56] [132/459] CNTC
[04:45:56] [133/459] MEEN
[04:45:57] [134/459] BMRV
[04:45:58] [135/459] SVAM
[04:45:59] [136/459] VTBP
[04:46:00] [137/459] VCKN
[04:46:01] [138/459] SGTK
[04:46:02] [139/459] RCGS
[04:46:03] [140/459] RCCB
[04:46:04] 🔄 Identity reset
[04:46:04] 🔄 Identity rotated (every 10 requests)
[04:46:04] [141/459] RKSR
[04:46:05] [142/459] RKCU
[04:46:06] [143/459] GIBH
[04:46:07] [144/459] CXBS
[04:46:08] [145/459] GGCB
[04:46:09] [146/459] SCPB
[04:46:09] [147/459] AKTB
[04:46:10] [148/459] SRBU
[04:46:11] [149/459] CSSA
[04:46:12] [150/459] MYAN
[04:46:13] 🔄 Identity reset
[04:46:13] 🔄 Identity rotated (every 10 requests)
[04:46:13] [151/459] EXCA
[04:46:14] [152/459] CKSA
[04:46:15] [153/459] JTNM
[04:46:16] [154/459] CXKT
[04:46:17] [155/459] NCLM
[04:46:18] [156/459] JAAD
[04:46:18] [157/459] RDCR
[04:46:19] [158/459] MEER
[04:46:20] [159/459] SIBT
[04:46:21] [160/459] PVVB
[04:46:21] 🔄 Identity reset
[04:46:21] 🔄 Identity rotated (every 10 requests)
[04:46:22] [161/459] FNPN
[04:46:23] [162/459] CRPX
[04:46:23] [163/459] STET
[04:46:24] [164/459] METE
[04:46:25] [165/459] BJML
[04:46:26] [166/459] MAVT
[04:46:28] [167/459] MSRM
[04:46:29] [168/459] TJMP
[04:46:30] [169/459] MHCK
[04:46:31] [170/459] SVGP
[04:46:32] 🔄 Identity reset
[04:46:32] 🔄 Identity rotated (every 10 requests)
[04:46:32] [171/459] KRRC
[04:46:33] [172/459] IMCH
[04:46:34] [173/459] CMCS
[04:46:35] [174/459] SGND
[04:46:36] [175/459] RNAT
[04:46:37] [176/459] PRTN
[04:46:38] [177/459] MPTN
[04:46:38] [178/459] ARCC
[04:46:39] [179/459] NTTE
[04:46:41] [180/459] ABND
[04:46:41] 🔄 Identity reset
[04:46:42] 🔄 Identity rotated (every 10 requests)
[04:46:42] [181/459] KCSN
[04:46:43] [182/459] KCSA
[04:46:44] [183/459] DCKT
[04:46:45] [184/459] MBBR
[04:46:46] [185/459] RAMU
[04:46:47] [186/459] RACW
[04:46:48] [187/459] MCHP
[04:46:49] [188/459] TMHM
[04:46:50] [189/459] STXH
[04:46:51] [190/459] AGSG
[04:46:51] 🔄 Identity reset
[04:46:51] 🔄 Identity rotated (every 10 requests)
[04:46:54] [191/459] SIRA
[04:46:55] [192/459] RCAN
[04:46:56] [193/459] CWTB
[04:46:57] [194/459] VTYM
[04:46:58] [195/459] RRPP
[04:47:00] [196/459] ASMR
[04:47:00] [197/459] RONO
[04:47:01] [198/459] MEMR
[04:47:02] [199/459] CTMR
[04:47:03] [200/459] PMTT
[04:47:04] 🔄 Identity reset
[04:47:04] 🔄 Identity rotated (every 10 requests)
[04:47:04] [201/459] PSLX
[04:47:05] [202/459] IPPL
[04:47:07] [203/459] MMSG
[04:47:08] [204/459] INEL
[04:47:09] [205/459] COAC
[04:47:10] [206/459] WVLK
[04:47:11] [207/459] PPXL
[04:47:12] [208/459] PSML
[04:47:12] [209/459] FNLK
[04:47:13] [210/459] ILUM
[04:47:14] 🔄 Identity reset
[04:47:14] 🔄 Identity rotated (every 10 requests)
[04:47:14] [211/459] ILCM
[04:47:15] [212/459] MSNL
[04:47:16] [213/459] VINB
[04:47:17] [214/459] SALW
[04:47:18] [215/459] PRTB
[04:47:19] [216/459] NCIL
[04:47:20] [217/459] PSUL
[04:47:21] [218/459] SCLK
[04:47:22] [219/459] ADDC
[04:47:22] [220/459] OACL
[04:47:23] 🔄 Identity reset
[04:47:23] 🔄 Identity rotated (every 10 requests)
[04:47:24] [221/459] OOCF
[04:47:26] [222/459] GPMF
[04:47:27] [223/459] SSDG
[04:47:28] [224/459] SKRS
[04:47:29] [225/459] NTTP
[04:47:30] [226/459] SLTP
[04:47:31] [227/459] JTLC
[04:47:31] [228/459] POON
[04:47:33] [229/459] CCPC
[04:47:34] [230/459] DCKC
[04:47:35] 🔄 Identity reset
[04:47:35] 🔄 Identity rotated (every 10 requests)
[04:47:35] [231/459] CPRT
[04:47:36] [232/459] EYHZ
[04:47:37] [233/459] ARBL
[04:47:38] [234/459] SBTB
[04:47:39] [235/459] MMCK
[04:47:41] [236/459] PLMR
[04:47:41] [237/459] BIJH
[04:47:42] [238/459] SDRT
[04:47:44] [239/459] PRDC
[04:47:44] [240/459] OMJA
[04:47:45] 🔄 Identity reset
[04:47:45] 🔄 Identity rotated (every 10 requests)
[04:47:45] [241/459] VKCR
[04:47:46] [242/459] ATRT
[04:47:47] [243/459] WVRP
[04:47:48] [244/459] MVRP
[04:47:49] [245/459] FCAX
[04:47:50] [246/459] CTLC
[04:47:50] [247/459] JCHB
[04:47:51] [248/459] SELP
[04:47:52] [249/459] VCPG
[04:47:53] [250/459] ASCX
[04:47:54] 🔄 Identity reset
[04:47:54] 🔄 Identity rotated (every 10 requests)
[04:47:54] [251/459] EOCS
[04:47:55] [252/459] RCPH
[04:47:56] [253/459] RJTM
[04:47:57] [254/459] SGMD
[04:47:58] [255/459] SVJT
[04:47:59] [256/459] SPPO
[04:48:00] [257/459] MNRL
[04:48:01] [258/459] KNOX
[04:48:02] [259/459] GIER
[04:48:04] [260/459] PJMS
[04:48:04] 🔄 Identity reset
[04:48:04] 🔄 Identity rotated (every 10 requests)
[04:48:05] [261/459] UNSP
[04:48:06] [262/459] JETP
[04:48:06] [263/459] VTWA
[04:48:07] [264/459] SCJI
[04:48:08] [265/459] CBZZ
[04:48:09] [266/459] SDCJ
[04:48:10] [267/459] RRCC
[04:48:11] [268/459] VNKG
[04:48:12] [269/459] LKTO
[04:48:13] [270/459] PJRM
[04:48:13] 🔄 Identity reset
[04:48:13] 🔄 Identity rotated (every 10 requests)
[04:48:14] [271/459] NVRM
[04:48:14] [272/459] SJCS
[04:48:16] [273/459] VIGK
[04:48:16] [274/459] ANST
[04:48:17] [275/459] JTTS
[04:48:18] [276/459] NTST
[04:48:19] [277/459] PREB
[04:48:20] [278/459] TSCZ
[04:48:22] [279/459] CDCM
[04:48:23] [280/459] ELYE
[04:48:23] 🔄 Identity reset
[04:48:23] 🔄 Identity rotated (every 10 requests)
[04:48:23] [281/459] INBS
[04:48:24] [282/459] SMGC
[04:48:25] [283/459] UTMP
[04:48:26] [284/459] INTA
[04:48:27] [285/459] OMPT
[04:48:28] [286/459] SCIR
[04:48:29] [287/459] GCKJ
[04:48:30] [288/459] INOG
[04:48:32] [289/459] SMGB
[04:48:32] [290/459] MCSG
[04:48:33] 🔄 Identity reset
[04:48:33] 🔄 Identity rotated (every 10 requests)
[04:48:33] [291/459] STKG
[04:48:34] [292/459] TTKG
[04:48:35] [293/459] SRTR
[04:48:36] [294/459] ETTR
[04:48:37] [295/459] GGGZ
[04:48:38] [296/459] IPGM
[04:48:39] [297/459] FCDH
[04:48:40] [298/459] DESB
[04:48:41] [299/459] VNTP
[04:48:42] [300/459] ANNT
[04:48:42] 🔄 Identity reset
[04:48:42] 🔄 Identity rotated (every 10 requests)
[04:48:43] [301/459] SLTI
[04:48:44] [302/459] MAJU
[04:48:45] [303/459] JCXP
[04:48:46] [304/459] HARK
[04:48:47] [305/459] JPCJ
[04:48:48] [306/459] RXBD
[04:48:49] [307/459] PTKJ
[04:48:50] [308/459] CMTU
[04:48:50] [309/459] SWOR
[04:48:51] [310/459] JMEX
[04:48:52] 🔄 Identity reset
[04:48:52] 🔄 Identity rotated (every 10 requests)
[04:48:52] [311/459] DTPT
[04:48:53] [312/459] VGMM
[04:48:54] [313/459] VCSG
[04:48:55] [314/459] CVCG
[04:48:56] [315/459] TNTT
[04:48:57] [316/459] SHRM
[04:48:58] [317/459] CGKD
[04:48:58] [318/459] EKCM
[04:49:00] [319/459] SDCX
[04:49:01] [320/459] SBTE
[04:49:01] 🔄 Identity reset
[04:49:01] 🔄 Identity rotated (every 10 requests)
[04:49:02] [321/459] STKJ
[04:49:03] [322/459] TPCE
[04:49:04] [323/459] JTNP
[04:49:04] [324/459] LPCH
[04:49:05] [325/459] CPUO
[04:49:06] [326/459] APSU
[04:49:07] [327/459] RTHC
[04:49:08] [328/459] PTBU
[04:49:09] [329/459] CUCC
[04:49:10] [330/459] CPSA
[04:49:10] 🔄 Identity reset
[04:49:10] 🔄 Identity rotated (every 10 requests)
[04:49:10] [331/459] SUAY
[04:49:11] [332/459] AYAA
[04:49:12] [333/459] MUCH
[04:49:13] [334/459] PCIN
[04:49:14] [335/459] JRRM
[04:49:15] [336/459] KATS
[04:49:16] [337/459] MHFF
[04:49:17] [338/459] ESYM
[04:49:18] [339/459] STYV
[04:49:18] [340/459] SDKG
[04:49:19] 🔄 Identity reset
[04:49:19] 🔄 Identity rotated (every 10 requests)
[04:49:19] [341/459] SMTI
[04:49:21] [342/459] NYCS
[04:49:22] [343/459] MTBG
[04:49:23] [344/459] RHCA
[04:49:24] [345/459] PCKH
[04:49:25] [346/459] ARCR
[04:49:26] [347/459] NCMB
[04:49:27] [348/459] SHYC
[04:49:28] [349/459] LACK
[04:49:30] [350/459] MTCM
[04:49:30] 🔄 Identity reset
[04:49:30] 🔄 Identity rotated (every 10 requests)
[04:49:31] [351/459] RRBN
[04:49:32] [352/459] MYDC
[04:49:33] [353/459] STCS
[04:49:34] [354/459] CONN
[04:49:35] [355/459] SIPS
[04:49:36] [356/459] SMMX
[04:49:37] [357/459] SCBY
[04:49:38] [358/459] SUAP
[04:49:39] [359/459] RSMK
[04:49:40] [360/459] STKP
[04:49:41] 🔄 Identity reset
[04:49:41] 🔄 Identity rotated (every 10 requests)
[04:49:41] [361/459] CIPC
[04:49:42] [362/459] KKCI
[04:49:43] [363/459] CTNK
[04:49:44] [364/459] MMTZ
[04:49:45] [365/459] DCCO
[04:49:46] [366/459] VNMN
[04:49:47] [367/459] RLCN
[04:49:48] [368/459] CMMS
[04:49:49] [369/459] AYOU
[04:49:50] [370/459] SSCN
[04:49:50] 🔄 Identity reset
[04:49:50] 🔄 Identity rotated (every 10 requests)
[04:49:50] [371/459] SMXN
[04:49:51] [372/459] ASSK
[04:49:52] [373/459] VCKM
[04:49:53] [374/459] PCPH
[04:49:54] [375/459] PADM
[04:49:55] [376/459] IESA
[04:49:55] [377/459] VCSP
[04:49:56] [378/459] AEST
[04:49:58] [379/459] VTNR
[04:49:59] [380/459] GTTA
[04:49:59] 🔄 Identity reset
[04:49:59] 🔄 Identity rotated (every 10 requests)
[04:50:00] [381/459] CMMM
[04:50:02] [382/459] AHKT
[04:50:02] [383/459] SIJI
[04:50:03] [384/459] VCEI
[04:50:04] [385/459] SAKR
[04:50:05] [386/459] VSMT
[04:50:06] [387/459] SSCT
[04:50:07] [388/459] USTR
[04:50:07] [389/459] MTKT
[04:50:08] [390/459] TGMP
[04:50:09] 🔄 Identity reset
[04:50:09] 🔄 Identity rotated (every 10 requests)
[04:50:09] [391/459] SIVC
[04:50:10] [392/459] KICT
[04:50:12] [393/459] DAMD
[04:50:13] [394/459] CNPT
[04:50:14] [395/459] RVTT
[04:50:15] [396/459] SNCM
[04:50:16] [397/459] GHTE
[04:50:17] [398/459] PPAM
[04:50:17] [399/459] PVAA
[04:50:18] [400/459] CPAO
[04:50:19] 🔄 Identity reset
[04:50:19] 🔄 Identity rotated (every 10 requests)
[04:50:19] [401/459] HAMD
[04:50:20] [402/459] RCCA
[04:50:21] [403/459] MPCH
[04:50:22] [404/459] ARED
[04:50:23] [405/459] RRCV
[04:50:24] [406/459] MTRB
[04:50:25] [407/459] CKUA
[04:50:26] [408/459] ABMP
[04:50:27] [409/459] RCWA
[04:50:28] [410/459] CGAR
[04:50:28] 🔄 Identity reset
[04:50:28] 🔄 Identity rotated (every 10 requests)
[04:50:29] [411/459] METH
[04:50:29] [412/459] WAGA
[04:50:30] [413/459] MCMA
[04:50:31] [414/459] CSMP
[04:50:32] [415/459] RCNK
[04:50:33] [416/459] PSTM
[04:50:34] [417/459] CSEP
[04:50:35] [418/459] AMGD
[04:50:36] [419/459] CSTE
[04:50:37] [420/459] CONS
[04:50:38] 🔄 Identity reset
[04:50:38] 🔄 Identity rotated (every 10 requests)
[04:50:38] [421/459] APPX
[04:50:39] [422/459] MABC
[04:50:40] [423/459] CXST
[04:50:41] [424/459] MATN
[04:50:42] [425/459] MACZ
[04:50:43] [426/459] MASA
[04:50:44] [427/459] MBSX
[04:50:45] [428/459] CSST
[04:50:46] [429/459] APCL
[04:50:47] [430/459] CGOS
[04:50:48] 🔄 Identity reset
[04:50:48] 🔄 Identity rotated (every 10 requests)
[04:50:49] [431/459] CPEC
[04:50:49] [432/459] MCCP
[04:50:50] [433/459] BSSO
[04:50:51] [434/459] SJKA
[04:50:52] [435/459] CGBO
[04:50:53] [436/459] MVSK
[04:50:54] [437/459] HVCA
[04:50:55] [438/459] NAMD
[04:50:56] [439/459] DEVI
[04:50:57] [440/459] SCSV
[04:50:57] 🔄 Identity reset
[04:50:57] 🔄 Identity rotated (every 10 requests)
[04:50:58] [441/459] PSMA
[04:50:59] [442/459] CLDJ
[04:50:59] [443/459] NMAD
[04:51:00] [444/459] CGMO
[04:51:01] [445/459] MCNA
[04:51:02] [446/459] OCBN
[04:51:03] [447/459] CPEM
[04:51:04] [448/459] CPSM
[04:51:05] [449/459] RCAD
[04:51:06] [450/459] CPMU
[04:51:07] 🔄 Identity reset
[04:51:07] 🔄 Identity rotated (every 10 requests)
[04:51:08] [451/459] DICD
[04:51:09] [452/459] CHOE
[04:51:10] [453/459] PDJM
[04:51:11] [454/459] SSTU
[04:51:12] [455/459] VNRN
[04:51:12] [456/459] PVLG
[04:51:13] [457/459] SWBL
[04:51:14] [458/459] SCAB
[04:51:15] [459/459] RDDA
[04:51:16] 🧹 Deduping shows
[04:51:16] ✅ DONE | Shows=678 | Movies=19
[21:55:43] 🚀 SCRIPT STARTED (enhanced anti‑detection)
[21:55:43] [1/459] MCCZ
[21:55:44] 🧠 New identity created
[21:55:44] [2/459] FRPU
[21:55:45] [3/459] SKSI
[21:55:46] [4/459] SSCK
[21:55:47] [5/459] SRDC
[21:55:48] [6/459] RSCZ
[21:55:50] [7/459] PRVT
[21:55:51] [8/459] GAGJ
[21:55:52] [9/459] SMHG
[21:55:53] [10/459] JTST
[21:55:54] 🔄 Identity reset
[21:55:54] 🔄 Identity rotated (every 10 requests)
[21:55:54] [11/459] MYTH
[21:55:55] [12/459] JPCC
[21:55:56] [13/459] ACDC
[21:55:57] [14/459] SVFP
[21:55:58] [15/459] SFCM
[21:55:59] [16/459] RUPK
[21:56:00] [17/459] NTCR
[21:56:01] [18/459] RTCH
[21:56:01] [19/459] SCMH
[21:56:02] [20/459] SVYM
[21:56:03] 🔄 Identity reset
[21:56:03] 🔄 Identity rotated (every 10 requests)
[21:56:04] [21/459] SPYM
[21:56:05] [22/459] SMMF
[21:56:06] [23/459] CLLB
[21:56:07] [24/459] FMCB
[21:56:08] [25/459] BBTC
[21:56:08] [26/459] NTHS
[21:56:09] [27/459] PKKJ
[21:56:10] [28/459] MTJA
[21:56:11] [29/459] PMSJ
[21:56:12] [30/459] JMJU
[21:56:13] 🔄 Identity reset
[21:56:13] 🔄 Identity rotated (every 10 requests)
[21:56:13] [31/459] SRAD
[21:56:14] [32/459] MJMC
[21:56:15] [33/459] DFRM
[21:56:17] [34/459] PMRS
[21:56:18] [35/459] RKPP
[21:56:19] [36/459] BMBK
[21:56:20] [37/459] NEWS
[21:56:21] [38/459] SALB
[21:56:22] [39/459] SCPW
[21:56:23] [40/459] RAYL
[21:56:24] 🔄 Identity reset
[21:56:24] 🔄 Identity rotated (every 10 requests)
[21:56:24] [41/459] CMGJ
[21:56:26] [42/459] JRCR
[21:56:27] [43/459] SRTB
[21:56:28] [44/459] ETPB
[21:56:29] [45/459] MXBN
[21:56:30] [46/459] TOPE
[21:56:31] [47/459] SNLJ
[21:56:32] [48/459] CDDP
[21:56:33] [49/459] APCX
[21:56:34] [50/459] TALP
[21:56:35] 🔄 Identity reset
[21:56:35] 🔄 Identity rotated (every 10 requests)
[21:56:35] [51/459] RRMP
[21:56:36] [52/459] MAHB
[21:56:37] [53/459] MTKR
[21:56:38] [54/459] KSKL
[21:56:39] [55/459] RJLT
[21:56:40] [56/459] ATAS
[21:56:40] [57/459] AMHR
[21:56:41] [58/459] RSRM
[21:56:42] [59/459] GCAT
[21:56:43] [60/459] SMML
[21:56:44] 🔄 Identity reset
[21:56:44] 🔄 Identity rotated (every 10 requests)
[21:56:45] [61/459] ACCD
[21:56:46] [62/459] VYDA
[21:56:47] [63/459] MSKT
[21:56:48] [64/459] AVDM
[21:56:49] [65/459] ASMH
[21:56:49] [66/459] VTMB
[21:56:50] [67/459] WVMB
[21:56:51] [68/459] PPMN
[21:56:52] [69/459] MTMD
[21:56:53] [70/459] SMMO
[21:56:54] 🔄 Identity reset
[21:56:54] 🔄 Identity rotated (every 10 requests)
[21:56:54] [71/459] DLPB
[21:56:55] [72/459] AKMD
[21:56:56] [73/459] SHRR
[21:56:58] [74/459] ASCO
[21:56:59] [75/459] CZVX
[21:56:59] [76/459] GCBB
[21:57:00] [77/459] ATBM
[21:57:01] [78/459] TCGM
[21:57:02] [79/459] UMSE
[21:57:03] [80/459] NKCL
[21:57:03] 🔄 Identity reset
[21:57:03] 🔄 Identity rotated (every 10 requests)
[21:57:03] 🔄 Retry 1/5 for NKCL in 3.0s
[21:57:03] 🔄 Identity reset
[21:57:06] 🧠 New identity created
[21:57:07] [81/459] BTLR
[21:57:08] [82/459] GOCL
[21:57:08] [83/459] MIRN
[21:57:09] [84/459] THEC
[21:57:10] [85/459] SPPB
[21:57:11] [86/459] PMMM
[21:57:12] [87/459] GGMC
[21:57:13] [88/459] AVSR
[21:57:14] [89/459] RDMH
[21:57:15] 🔄 Identity reset
[21:57:15] 🔄 Identity rotated (every 10 requests)
[21:57:15] [90/459] JSRS
[21:57:16] [91/459] VKGP
[21:57:18] [92/459] ACRT
[21:57:19] [93/459] GCBA
[21:57:19] [94/459] GTCP
[21:57:20] [95/459] AKFC
[21:57:21] [96/459] INCS
[21:57:22] [97/459] SMCK
[21:57:23] [98/459] BRUN
[21:57:24] [99/459] RPPC
[21:57:25] 🔄 Identity reset
[21:57:25] 🔄 Identity rotated (every 10 requests)
[21:57:26] [100/459] PAYD
[21:57:27] [101/459] SVVT
[21:57:27] [102/459] RNCC
[21:57:28] [103/459] PCRC
[21:57:29] [104/459] PMRM
[21:57:30] [105/459] CCRP
[21:57:31] [106/459] INCR
[21:57:32] [107/459] ZTMP
[21:57:33] [108/459] MCNR
[21:57:34] [109/459] INRP
[21:57:35] 🔄 Identity reset
[21:57:35] 🔄 Identity rotated (every 10 requests)
[21:57:36] [110/459] STRC
[21:57:37] [111/459] RATI
[21:57:38] [112/459] PBTR
[21:57:38] [113/459] CMHP
[21:57:39] [114/459] ZECJ
[21:57:40] [115/459] CCCB
[21:57:41] [116/459] BWCB
[21:57:42] [117/459] CCAT
[21:57:43] [118/459] KGCM
[21:57:44] [119/459] INPT
[21:57:45] 🔄 Identity reset
[21:57:45] 🔄 Identity rotated (every 10 requests)
[21:57:45] [120/459] FNCO
[21:57:46] [121/459] SRMJ
[21:57:47] [122/459] PFSC
[21:57:48] [123/459] PBMC
[21:57:49] [124/459] KARP
[21:57:50] [125/459] KOVI
[21:57:51] [126/459] ACXL
[21:57:52] [127/459] GKCC
[21:57:54] [128/459] ASCC
[21:57:55] [129/459] SETC
[21:57:56] 🔄 Identity reset
[21:57:56] 🔄 Identity rotated (every 10 requests)
[21:57:56] [130/459] KACC
[21:57:57] [131/459] KAVE
[21:57:58] [132/459] CNTC
[21:57:59] [133/459] MEEN
[21:58:00] [134/459] BMRV
[21:58:01] [135/459] SVAM
[21:58:02] [136/459] VTBP
[21:58:03] [137/459] VCKN
[21:58:04] [138/459] SGTK
[21:58:05] [139/459] RCGS
[21:58:06] 🔄 Identity reset
[21:58:06] 🔄 Identity rotated (every 10 requests)
[21:58:06] [140/459] RCCB
[21:58:07] [141/459] RKSR
[21:58:08] [142/459] RKCU
[21:58:09] [143/459] GIBH
[21:58:10] [144/459] CXBS
[21:58:10] [145/459] GGCB
[21:58:11] [146/459] SCPB
[21:58:12] [147/459] AKTB
[21:58:13] [148/459] SRBU
[21:58:14] [149/459] CSSA
[21:58:15] 🔄 Identity reset
[21:58:15] 🔄 Identity rotated (every 10 requests)
[21:58:15] 🔄 Retry 1/5 for CSSA in 2.7s
[21:58:15] 🔄 Identity reset
[21:58:17] 🧠 New identity created
[21:58:18] 🔄 Retry 2/5 for CSSA in 4.4s
[21:58:18] 🔄 Identity reset
[21:58:22] 🧠 New identity created
[21:58:22] [150/459] MYAN
[21:58:23] [151/459] EXCA
[21:58:24] [152/459] CKSA
[21:58:26] [153/459] JTNM
[21:58:27] [154/459] CXKT
[21:58:28] [155/459] NCLM
[21:58:28] [156/459] JAAD
[21:58:29] [157/459] RDCR
[21:58:30] 🔄 Identity reset
[21:58:30] 🔄 Identity rotated (every 10 requests)
[21:58:31] [158/459] MEER
[21:58:31] [159/459] SIBT
[21:58:32] [160/459] PVVB
[21:58:33] [161/459] FNPN
[21:58:34] [162/459] CRPX
[21:58:35] [163/459] STET
[21:58:36] [164/459] METE
[21:58:37] [165/459] BJML
[21:58:38] [166/459] MAVT
[21:58:39] [167/459] MSRM
[21:58:39] 🔄 Identity reset
[21:58:39] 🔄 Identity rotated (every 10 requests)
[21:58:39] [168/459] TJMP
[21:58:40] [169/459] MHCK
[21:58:41] [170/459] SVGP
[21:58:42] [171/459] KRRC
[21:58:44] [172/459] IMCH
[21:58:45] [173/459] CMCS
[21:58:46] [174/459] SGND
[21:58:46] [175/459] RNAT
[21:58:48] [176/459] PRTN
[21:58:49] [177/459] MPTN
[21:58:50] 🔄 Identity reset
[21:58:50] 🔄 Identity rotated (every 10 requests)
[21:58:50] 🔄 Retry 1/5 for MPTN in 2.1s
[21:58:50] 🔄 Identity reset
[21:58:52] 🧠 New identity created
[21:58:52] 🔄 Retry 2/5 for MPTN in 4.9s
[21:58:52] 🔄 Identity reset
[21:58:57] 🧠 New identity created
[21:58:57] [178/459] ARCC
[21:58:58] [179/459] NTTE
[21:58:59] [180/459] ABND
[21:59:00] [181/459] KCSN
[21:59:01] [182/459] KCSA
[21:59:01] [183/459] DCKT
[21:59:02] [184/459] MBBR
[21:59:03] [185/459] RAMU
[21:59:04] 🔄 Identity reset
[21:59:04] 🔄 Identity rotated (every 10 requests)
[21:59:04] [186/459] RACW
[21:59:05] [187/459] MCHP
[21:59:06] [188/459] TMHM
[21:59:07] [189/459] STXH
[21:59:08] [190/459] AGSG
[21:59:09] [191/459] SIRA
[21:59:10] [192/459] RCAN
[21:59:11] [193/459] CWTB
[21:59:12] [194/459] VTYM
[21:59:12] [195/459] RRPP
[21:59:13] 🔄 Identity reset
[21:59:13] 🔄 Identity rotated (every 10 requests)
[21:59:14] [196/459] ASMR
[21:59:15] [197/459] RONO
[21:59:16] [198/459] MEMR
[21:59:17] [199/459] CTMR
[21:59:18] [200/459] PMTT
[21:59:19] [201/459] PSLX
[21:59:19] [202/459] IPPL
[21:59:20] [203/459] MMSG
[21:59:21] [204/459] INEL
[21:59:22] [205/459] COAC
[21:59:23] 🔄 Identity reset
[21:59:23] 🔄 Identity rotated (every 10 requests)
[21:59:23] [206/459] WVLK
[21:59:24] [207/459] PPXL
[21:59:25] [208/459] PSML
[21:59:26] [209/459] FNLK
[21:59:27] [210/459] ILUM
[21:59:28] [211/459] ILCM
[21:59:29] [212/459] MSNL
[21:59:29] [213/459] VINB
[21:59:31] [214/459] SALW
[21:59:33] [215/459] PRTB
[21:59:34] 🔄 Identity reset
[21:59:34] 🔄 Identity rotated (every 10 requests)
[21:59:34] [216/459] NCIL
[21:59:35] [217/459] PSUL
[21:59:36] [218/459] SCLK
[21:59:37] [219/459] ADDC
[21:59:37] [220/459] OACL
[21:59:38] [221/459] OOCF
[21:59:39] [222/459] GPMF
[21:59:40] [223/459] SSDG
[21:59:41] [224/459] SKRS
[21:59:42] [225/459] NTTP
[21:59:42] 🔄 Identity reset
[21:59:42] 🔄 Identity rotated (every 10 requests)
[21:59:43] [226/459] SLTP
[21:59:44] [227/459] JTLC
[21:59:45] [228/459] POON
[21:59:46] [229/459] CCPC
[21:59:46] [230/459] DCKC
[21:59:47] [231/459] CPRT
[21:59:48] [232/459] EYHZ
[21:59:49] [233/459] ARBL
[21:59:50] [234/459] SBTB
[21:59:51] [235/459] MMCK
[21:59:52] 🔄 Identity reset
[21:59:52] 🔄 Identity rotated (every 10 requests)
[21:59:52] [236/459] PLMR
[21:59:53] [237/459] BIJH
[21:59:54] [238/459] SDRT
[21:59:56] [239/459] PRDC
[21:59:56] [240/459] OMJA
[21:59:57] [241/459] VKCR
[21:59:58] [242/459] ATRT
[21:59:59] [243/459] WVRP
[22:00:00] [244/459] MVRP
[22:00:01] [245/459] FCAX
[22:00:02] 🔄 Identity reset
[22:00:02] 🔄 Identity rotated (every 10 requests)
[22:00:02] 🔄 Retry 1/5 for FCAX in 2.7s
[22:00:02] 🔄 Identity reset
[22:00:05] 🧠 New identity created
[22:00:05] [246/459] CTLC
[22:00:06] [247/459] JCHB
[22:00:07] [248/459] SELP
[22:00:08] [249/459] VCPG
[22:00:09] [250/459] ASCX
[22:00:10] [251/459] EOCS
[22:00:11] [252/459] RCPH
[22:00:12] [253/459] RJTM
[22:00:13] [254/459] SGMD
[22:00:14] 🔄 Identity reset
[22:00:14] 🔄 Identity rotated (every 10 requests)
[22:00:14] 🔄 Retry 1/5 for SGMD in 2.6s
[22:00:14] 🔄 Identity reset
[22:00:16] 🧠 New identity created
[22:00:17] [255/459] SVJT
[22:00:18] [256/459] SPPO
[22:00:19] [257/459] MNRL
[22:00:20] [258/459] KNOX
[22:00:21] [259/459] GIER
[22:00:23] [260/459] PJMS
[22:00:24] [261/459] UNSP
[22:00:24] [262/459] JETP
[22:00:25] [263/459] VTWA
[22:00:26] 🔄 Identity reset
[22:00:26] 🔄 Identity rotated (every 10 requests)
[22:00:26] [264/459] SCJI
[22:00:27] [265/459] CBZZ
[22:00:28] [266/459] SDCJ
[22:00:29] [267/459] RRCC
[22:00:30] [268/459] VNKG
[22:00:31] [269/459] LKTO
[22:00:33] [270/459] PJRM
[22:00:34] [271/459] NVRM
[22:00:35] [272/459] SJCS
[22:00:36] [273/459] VIGK
[22:00:36] 🔄 Identity reset
[22:00:36] 🔄 Identity rotated (every 10 requests)
[22:00:37] [274/459] ANST
[22:00:38] [275/459] JTTS
[22:00:38] [276/459] NTST
[22:00:39] [277/459] PREB
[22:00:40] [278/459] TSCZ
[22:00:41] [279/459] CDCM
[22:00:42] [280/459] ELYE
[22:00:43] [281/459] INBS
[22:00:44] [282/459] SMGC
[22:00:45] [283/459] UTMP
[22:00:46] 🔄 Identity reset
[22:00:46] 🔄 Identity rotated (every 10 requests)
[22:00:46] [284/459] INTA
[22:00:47] [285/459] OMPT
[22:00:49] [286/459] SCIR
[22:00:50] [287/459] GCKJ
[22:00:50] [288/459] INOG
[22:00:51] [289/459] SMGB
[22:00:52] [290/459] MCSG
[22:00:53] [291/459] STKG
[22:00:54] [292/459] TTKG
[22:00:55] [293/459] SRTR
[22:00:56] 🔄 Identity reset
[22:00:56] 🔄 Identity rotated (every 10 requests)
[22:00:56] [294/459] ETTR
[22:00:57] [295/459] GGGZ
[22:00:58] [296/459] IPGM
[22:00:59] [297/459] FCDH
[22:01:00] [298/459] DESB
[22:01:01] [299/459] VNTP
[22:01:02] [300/459] ANNT
[22:01:03] [301/459] SLTI
[22:01:03] [302/459] MAJU
[22:01:04] [303/459] JCXP
[22:01:05] 🔄 Identity reset
[22:01:05] 🔄 Identity rotated (every 10 requests)
[22:01:05] [304/459] HARK
[22:01:07] [305/459] JPCJ
[22:01:08] [306/459] RXBD
[22:01:09] [307/459] PTKJ
[22:01:10] [308/459] CMTU
[22:01:12] [309/459] SWOR
[22:01:12] [310/459] JMEX
[22:01:14] [311/459] DTPT
[22:01:15] [312/459] VGMM
[22:01:16] [313/459] VCSG
[22:01:16] 🔄 Identity reset
[22:01:16] 🔄 Identity rotated (every 10 requests)
[22:01:17] [314/459] CVCG
[22:01:18] [315/459] TNTT
[22:01:19] [316/459] SHRM
[22:01:20] [317/459] CGKD
[22:01:21] [318/459] EKCM
[22:01:22] [319/459] SDCX
[22:01:23] [320/459] SBTE
[22:01:24] [321/459] STKJ
[22:01:25] [322/459] TPCE
[22:01:25] [323/459] JTNP
[22:01:26] 🔄 Identity reset
[22:01:26] 🔄 Identity rotated (every 10 requests)
[22:01:27] [324/459] LPCH
[22:01:28] [325/459] CPUO
[22:01:29] [326/459] APSU
[22:01:30] [327/459] RTHC
[22:01:31] [328/459] PTBU
[22:01:32] [329/459] CUCC
[22:01:33] [330/459] CPSA
[22:01:34] [331/459] SUAY
[22:01:34] [332/459] AYAA
[22:01:35] [333/459] MUCH
[22:01:36] 🔄 Identity reset
[22:01:36] 🔄 Identity rotated (every 10 requests)
[22:01:36] [334/459] PCIN
[22:01:37] [335/459] JRRM
[22:01:38] [336/459] KATS
[22:01:39] [337/459] MHFF
[22:01:40] [338/459] ESYM
[22:01:41] [339/459] STYV
[22:01:42] [340/459] SDKG
[22:01:44] [341/459] SMTI
[22:01:45] [342/459] NYCS
[22:01:46] [343/459] MTBG
[22:01:47] 🔄 Identity reset
[22:01:47] 🔄 Identity rotated (every 10 requests)
[22:01:47] 🔄 Retry 1/5 for MTBG in 2.7s
[22:01:47] 🔄 Identity reset
[22:01:49] 🧠 New identity created
[22:01:50] [344/459] RHCA
[22:01:51] [345/459] PCKH
[22:01:51] [346/459] ARCR
[22:01:52] [347/459] NCMB
[22:01:54] [348/459] SHYC
[22:01:55] [349/459] LACK
[22:01:56] [350/459] MTCM
[22:01:57] [351/459] RRBN
[22:01:58] [352/459] MYDC
[22:01:58] 🔄 Identity reset
[22:01:58] 🔄 Identity rotated (every 10 requests)
[22:01:59] [353/459] STCS
[22:02:00] [354/459] CONN
[22:02:01] [355/459] SIPS
[22:02:02] [356/459] SMMX
[22:02:03] [357/459] SCBY
[22:02:04] [358/459] SUAP
[22:02:05] [359/459] RSMK
[22:02:06] [360/459] STKP
[22:02:07] [361/459] CIPC
[22:02:08] [362/459] KKCI
[22:02:08] 🔄 Identity reset
[22:02:08] 🔄 Identity rotated (every 10 requests)
[22:02:09] [363/459] CTNK
[22:02:10] [364/459] MMTZ
[22:02:11] [365/459] DCCO
[22:02:12] [366/459] VNMN
[22:02:13] [367/459] RLCN
[22:02:14] [368/459] CMMS
[22:02:15] [369/459] AYOU
[22:02:16] [370/459] SSCN
[22:02:17] [371/459] SMXN
[22:02:18] [372/459] ASSK
[22:02:18] 🔄 Identity reset
[22:02:18] 🔄 Identity rotated (every 10 requests)
[22:02:19] [373/459] VCKM
[22:02:20] [374/459] PCPH
[22:02:21] [375/459] PADM
[22:02:21] [376/459] IESA
[22:02:22] [377/459] VCSP
[22:02:24] [378/459] AEST
[22:02:25] [379/459] VTNR
[22:02:26] [380/459] GTTA
[22:02:27] [381/459] CMMM
[22:02:28] [382/459] AHKT
[22:02:29] 🔄 Identity reset
[22:02:29] 🔄 Identity rotated (every 10 requests)
[22:02:29] [383/459] SIJI
[22:02:30] [384/459] VCEI
[22:02:31] [385/459] SAKR
[22:02:32] [386/459] VSMT
[22:02:33] [387/459] SSCT
[22:02:33] [388/459] USTR
[22:02:34] [389/459] MTKT
[22:02:35] [390/459] TGMP
[22:02:36] [391/459] SIVC
[22:02:37] [392/459] KICT
[22:02:37] 🔄 Identity reset
[22:02:37] 🔄 Identity rotated (every 10 requests)
[22:02:37] [393/459] DAMD
[22:02:38] [394/459] CNPT
[22:02:39] [395/459] RVTT
[22:02:40] [396/459] SNCM
[22:02:41] [397/459] GHTE
[22:02:42] [398/459] PPAM
[22:02:43] [399/459] PVAA
[22:02:43] [400/459] CPAO
[22:02:45] [401/459] HAMD
[22:02:46] [402/459] RCCA
[22:02:47] 🔄 Identity reset
[22:02:47] 🔄 Identity rotated (every 10 requests)
[22:02:47] [403/459] MPCH
[22:02:48] [404/459] ARED
[22:02:49] [405/459] RRCV
[22:02:50] [406/459] MTRB
[22:02:51] [407/459] CKUA
[22:02:52] [408/459] ABMP
[22:02:53] [409/459] RCWA
[22:02:54] [410/459] CGAR
[22:02:55] [411/459] METH
[22:02:56] [412/459] WAGA
[22:02:56] 🔄 Identity reset
[22:02:56] 🔄 Identity rotated (every 10 requests)
[22:02:57] [413/459] MCMA
[22:02:57] [414/459] CSMP
[22:02:58] [415/459] RCNK
[22:03:00] [416/459] PSTM
[22:03:01] [417/459] CSEP
[22:03:02] [418/459] AMGD
[22:03:03] [419/459] CSTE
[22:03:04] [420/459] CONS
[22:03:05] [421/459] APPX
[22:03:06] [422/459] MABC
[22:03:07] 🔄 Identity reset
[22:03:07] 🔄 Identity rotated (every 10 requests)
[22:03:07] [423/459] CXST
[22:03:08] [424/459] MATN
[22:03:09] [425/459] MACZ
[22:03:10] [426/459] MASA
[22:03:11] [427/459] MBSX
[22:03:12] [428/459] CSST
[22:03:13] [429/459] APCL
[22:03:14] [430/459] CGOS
[22:03:15] [431/459] CPEC
[22:03:16] [432/459] MCCP
[22:03:16] 🔄 Identity reset
[22:03:16] 🔄 Identity rotated (every 10 requests)
[22:03:17] [433/459] BSSO
[22:03:18] [434/459] SJKA
[22:03:19] [435/459] CGBO
[22:03:20] [436/459] MVSK
[22:03:21] [437/459] HVCA
[22:03:22] [438/459] NAMD
[22:03:23] [439/459] DEVI
[22:03:23] [440/459] SCSV
[22:03:24] [441/459] PSMA
[22:03:25] [442/459] CLDJ
[22:03:26] 🔄 Identity reset
[22:03:26] 🔄 Identity rotated (every 10 requests)
[22:03:26] [443/459] NMAD
[22:03:27] [444/459] CGMO
[22:03:28] [445/459] MCNA
[22:03:30] [446/459] OCBN
[22:03:31] [447/459] CPEM
[22:03:32] [448/459] CPSM
[22:03:32] [449/459] RCAD
[22:03:33] [450/459] CPMU
[22:03:34] [451/459] DICD
[22:03:35] [452/459] CHOE
[22:03:36] 🔄 Identity reset
[22:03:36] 🔄 Identity rotated (every 10 requests)
[22:03:36] [453/459] PDJM
[22:03:37] [454/459] SSTU
[22:03:39] [455/459] VNRN
[22:03:40] [456/459] PVLG
[22:03:41] [457/459] SWBL
[22:03:42] [458/459] SCAB
[22:03:43] [459/459] RDDA
[22:03:44] 🧹 Deduping shows
[22:03:44] ✅ DONE | Shows=1753 | Movies=48
[10:21:10] 🚀 SCRIPT STARTED
[10:21:10] [1/459] MCCZ
[10:21:10] 🧠 New identity created
[10:21:11] [2/459] FRPU
[10:21:12] [3/459] SKSI
[10:21:13] [4/459] SSCK
[10:21:14] [5/459] SRDC
[10:21:14] [6/459] RSCZ
[10:21:15] [7/459] PRVT
[10:21:16] [8/459] GAGJ
[10:21:18] [9/459] SMHG
[10:21:19] [10/459] JTST
[10:21:19] 🔄 Identity reset
[10:21:19] 🔄 Identity rotated (every 10 requests)
[10:21:20] [11/459] MYTH
[10:21:21] [12/459] JPCC
[10:21:23] [13/459] ACDC
[10:21:24] [14/459] SVFP
[10:21:26] [15/459] SFCM
[10:21:27] [16/459] RUPK
[10:21:28] [17/459] NTCR
[10:21:29] [18/459] RTCH
[10:21:30] [19/459] SCMH
[10:21:31] [20/459] SVYM
[10:21:31] 🔄 Identity reset
[10:21:31] 🔄 Identity rotated (every 10 requests)
[10:21:32] [21/459] SPYM
[10:21:33] [22/459] SMMF
[10:21:33] [23/459] CLLB
[10:21:34] [24/459] FMCB
[10:21:35] [25/459] BBTC
[10:21:36] [26/459] NTHS
[10:21:37] [27/459] PKKJ
[10:21:39] [28/459] MTJA
[10:21:41] [29/459] PMSJ
[10:21:42] [30/459] JMJU
[10:21:42] 🔄 Identity reset
[10:21:42] 🔄 Identity rotated (every 10 requests)
[10:21:43] [31/459] SRAD
[10:21:44] [32/459] MJMC
[10:21:45] [33/459] DFRM
[10:21:45] [34/459] PMRS
[10:21:46] [35/459] RKPP
[10:21:47] [36/459] BMBK
[10:21:49] [37/459] NEWS
[10:21:49] [38/459] SALB
[10:21:50] [39/459] SCPW
[10:21:52] [40/459] RAYL
[10:21:52] 🔄 Identity reset
[10:21:52] 🔄 Identity rotated (every 10 requests)
[10:21:53] [41/459] CMGJ
[10:21:54] [42/459] JRCR
[10:21:55] [43/459] SRTB
[10:21:56] [44/459] ETPB
[10:21:56] [45/459] MXBN
[10:21:57] [46/459] TOPE
[10:21:58] [47/459] SNLJ
[10:21:59] [48/459] CDDP
[10:22:01] [49/459] APCX
[10:22:02] [50/459] TALP
[10:22:02] 🔄 Identity reset
[10:22:02] 🔄 Identity rotated (every 10 requests)
[10:22:04] [51/459] RRMP
[10:22:05] [52/459] MAHB
[10:22:06] [53/459] MTKR
[10:22:07] [54/459] KSKL
[10:22:08] [55/459] RJLT
[10:22:09] [56/459] ATAS
[10:22:09] [57/459] AMHR
[10:22:10] [58/459] RSRM
[10:22:12] [59/459] GCAT
[10:22:13] [60/459] SMML
[10:22:13] 🔄 Identity reset
[10:22:13] 🔄 Identity rotated (every 10 requests)
[10:22:14] [61/459] ACCD
[10:22:15] [62/459] VYDA
[10:22:16] [63/459] MSKT
[10:22:17] [64/459] AVDM
[10:22:18] [65/459] ASMH
[10:22:19] [66/459] VTMB
[10:22:20] [67/459] WVMB
[10:22:22] [68/459] PPMN
[10:22:23] [69/459] MTMD
[10:22:24] [70/459] SMMO
[10:22:24] 🔄 Identity reset
[10:22:24] 🔄 Identity rotated (every 10 requests)
[10:22:25] [71/459] DLPB
[10:22:26] [72/459] AKMD
[10:22:27] [73/459] SHRR
[10:22:28] [74/459] ASCO
[10:22:30] [75/459] CZVX
[10:22:30] [76/459] GCBB
[10:22:31] [77/459] ATBM
[10:22:32] [78/459] TCGM
[10:22:33] [79/459] UMSE
[10:22:34] [80/459] NKCL
[10:22:34] 🔄 Identity reset
[10:22:34] 🔄 Identity rotated (every 10 requests)
[10:22:35] [81/459] BTLR
[10:22:36] [82/459] GOCL
[10:22:37] [83/459] MIRN
[10:22:38] [84/459] THEC
[10:22:39] [85/459] SPPB
[10:22:40] [86/459] PMMM
[10:22:41] [87/459] GGMC
[10:22:42] [88/459] AVSR
[10:22:43] [89/459] RDMH
[10:22:44] [90/459] JSRS
[10:22:44] 🔄 Identity reset
[10:22:44] 🔄 Identity rotated (every 10 requests)
[10:22:45] [91/459] VKGP
[10:22:46] [92/459] ACRT
[10:22:47] [93/459] GCBA
[10:22:48] [94/459] GTCP
[10:22:50] [95/459] AKFC
[10:22:51] [96/459] INCS
[10:22:52] [97/459] SMCK
[10:22:52] [98/459] BRUN
[10:22:53] [99/459] RPPC
[10:22:54] [100/459] PAYD
[10:22:54] 🔄 Identity reset
[10:22:54] 🔄 Identity rotated (every 10 requests)
[10:22:55] [101/459] SVVT
[10:22:56] [102/459] RNCC
[10:22:58] [103/459] PCRC
[10:22:59] [104/459] PMRM
[10:23:00] [105/459] CCRP
[10:23:01] [106/459] INCR
[10:23:02] [107/459] ZTMP
[10:23:02] [108/459] MCNR
[10:23:03] [109/459] INRP
[10:23:04] [110/459] STRC
[10:23:04] 🔄 Identity reset
[10:23:04] 🔄 Identity rotated (every 10 requests)
[10:23:05] [111/459] RATI
[10:23:06] [112/459] PBTR
[10:23:08] [113/459] CMHP
[10:23:09] [114/459] ZECJ
[10:23:10] [115/459] CCCB
[10:23:11] [116/459] BWCB
[10:23:12] [117/459] CCAT
[10:23:14] [118/459] KGCM
[10:23:15] [119/459] INPT
[10:23:16] [120/459] FNCO
[10:23:16] 🔄 Identity reset
[10:23:16] 🔄 Identity rotated (every 10 requests)
[10:23:17] [121/459] SRMJ
[10:23:18] [122/459] PFSC
[10:23:19] [123/459] PBMC
[10:23:20] [124/459] KARP
[10:23:21] [125/459] KOVI
[10:23:22] [126/459] ACXL
[10:23:23] [127/459] GKCC
[10:23:23] [128/459] ASCC
[10:23:24] [129/459] SETC
[10:23:25] [130/459] KACC
[10:23:25] 🔄 Identity reset
[10:23:25] 🔄 Identity rotated (every 10 requests)
[10:23:27] [131/459] KAVE
[10:23:28] [132/459] CNTC
[10:23:29] [133/459] MEEN
[10:23:30] [134/459] BMRV
[10:23:31] [135/459] SVAM
[10:23:32] [136/459] VTBP
[10:23:33] [137/459] VCKN
[10:23:34] [138/459] SGTK
[10:23:35] [139/459] RCGS
[10:23:36] [140/459] RCCB
[10:23:36] 🔄 Identity reset
[10:23:36] 🔄 Identity rotated (every 10 requests)
[10:23:37] [141/459] RKSR
[10:23:38] [142/459] RKCU
[10:23:40] [143/459] GIBH
[10:23:41] [144/459] CXBS
[10:23:41] [145/459] GGCB
[10:23:42] [146/459] SCPB
[10:23:43] [147/459] AKTB
[10:23:44] [148/459] SRBU
[10:23:45] [149/459] CSSA
[10:23:46] [150/459] MYAN
[10:23:46] 🔄 Identity reset
[10:23:46] 🔄 Identity rotated (every 10 requests)
[10:23:47] [151/459] EXCA
[10:23:47] [152/459] CKSA
[10:23:48] [153/459] JTNM
[10:23:49] [154/459] CXKT
[10:23:50] [155/459] NCLM
[10:23:52] [156/459] JAAD
[10:23:53] [157/459] RDCR
[10:23:54] [158/459] MEER
[10:23:55] [159/459] SIBT
[10:23:55] [160/459] PVVB
[10:23:55] 🔄 Identity reset
[10:23:55] 🔄 Identity rotated (every 10 requests)
[10:23:56] [161/459] FNPN
[10:23:57] [162/459] CRPX
[10:23:59] [163/459] STET
[10:23:59] [164/459] METE
[10:24:00] [165/459] BJML
[10:24:02] [166/459] MAVT
[10:24:02] [167/459] MSRM
[10:24:04] [168/459] TJMP
[10:24:05] [169/459] MHCK
[10:24:06] [170/459] SVGP
[10:24:06] 🔄 Identity reset
[10:24:06] 🔄 Identity rotated (every 10 requests)
[10:24:07] [171/459] KRRC
[10:24:08] [172/459] IMCH
[10:24:09] [173/459] CMCS
[10:24:10] [174/459] SGND
[10:24:11] [175/459] RNAT
[10:24:12] [176/459] PRTN
[10:24:12] [177/459] MPTN
[10:24:14] [178/459] ARCC
[10:24:15] [179/459] NTTE
[10:24:16] [180/459] ABND
[10:24:16] 🔄 Identity reset
[10:24:16] 🔄 Identity rotated (every 10 requests)
[10:24:17] [181/459] KCSN
[10:24:18] [182/459] KCSA
[10:24:19] [183/459] DCKT
[10:24:20] [184/459] MBBR
[10:24:20] [185/459] RAMU
[10:24:21] [186/459] RACW
[10:24:22] [187/459] MCHP
[10:24:23] [188/459] TMHM
[10:24:24] [189/459] STXH
[10:24:26] [190/459] AGSG
[10:24:26] 🔄 Identity reset
[10:24:26] 🔄 Identity rotated (every 10 requests)
[10:24:27] [191/459] SIRA
[10:24:28] [192/459] RCAN
[10:24:28] [193/459] CWTB
[10:24:30] [194/459] VTYM
[10:24:31] [195/459] RRPP
[10:24:32] [196/459] ASMR
[10:24:32] [197/459] RONO
[10:24:33] [198/459] MEMR
[10:24:34] [199/459] CTMR
[10:24:35] [200/459] PMTT
[10:24:35] 🔄 Identity reset
[10:24:35] 🔄 Identity rotated (every 10 requests)
[10:24:36] [201/459] PSLX
[10:24:37] [202/459] IPPL
[10:24:38] [203/459] MMSG
[10:24:39] [204/459] INEL
[10:24:40] [205/459] COAC
[10:24:41] [206/459] WVLK
[10:24:42] [207/459] PPXL
[10:24:43] [208/459] PSML
[10:24:44] [209/459] FNLK
[10:24:45] [210/459] ILUM
[10:24:45] 🔄 Identity reset
[10:24:45] 🔄 Identity rotated (every 10 requests)
[10:24:46] [211/459] ILCM
[10:24:47] [212/459] MSNL
[10:24:48] [213/459] VINB
[10:24:49] [214/459] SALW
[10:24:49] [215/459] PRTB
[10:24:50] [216/459] NCIL
[10:24:51] [217/459] PSUL
[10:24:52] [218/459] SCLK
[10:24:53] [219/459] ADDC
[10:24:54] [220/459] OACL
[10:24:54] 🔄 Identity reset
[10:24:54] 🔄 Identity rotated (every 10 requests)
[10:24:55] [221/459] OOCF
[10:24:56] [222/459] GPMF
[10:24:57] [223/459] SSDG
[10:24:58] [224/459] SKRS
[10:24:59] [225/459] NTTP
[10:25:00] [226/459] SLTP
[10:25:01] [227/459] JTLC
[10:25:02] [228/459] POON
[10:25:03] [229/459] CCPC
[10:25:04] [230/459] DCKC
[10:25:04] 🔄 Identity reset
[10:25:04] 🔄 Identity rotated (every 10 requests)
[10:25:05] [231/459] CPRT
[10:25:06] [232/459] EYHZ
[10:25:07] [233/459] ARBL
[10:25:08] [234/459] SBTB
[10:25:09] [235/459] MMCK
[10:25:10] [236/459] PLMR
[10:25:11] [237/459] BIJH
[10:25:13] [238/459] SDRT
[10:25:14] [239/459] PRDC
[10:25:15] [240/459] OMJA
[10:25:15] 🔄 Identity reset
[10:25:15] 🔄 Identity rotated (every 10 requests)
[10:25:16] [241/459] VKCR
[10:25:17] [242/459] ATRT
[10:25:18] [243/459] WVRP
[10:25:19] [244/459] MVRP
[10:25:20] [245/459] FCAX
[10:25:21] [246/459] CTLC
[10:25:22] [247/459] JCHB
[10:25:23] [248/459] SELP
[10:25:24] [249/459] VCPG
[10:25:25] [250/459] ASCX
[10:25:25] 🔄 Identity reset
[10:25:25] 🔄 Identity rotated (every 10 requests)
[10:25:26] [251/459] EOCS
[10:25:28] [252/459] RCPH
[10:25:28] [253/459] RJTM
[10:25:29] [254/459] SGMD
[10:25:31] [255/459] SVJT
[10:25:32] [256/459] SPPO
[10:25:33] [257/459] MNRL
[10:25:34] [258/459] KNOX
[10:25:35] [259/459] GIER
[10:25:36] [260/459] PJMS
[10:25:36] 🔄 Identity reset
[10:25:36] 🔄 Identity rotated (every 10 requests)
[10:25:37] [261/459] UNSP
[10:25:38] [262/459] JETP
[10:25:39] [263/459] VTWA
[10:25:40] [264/459] SCJI
[10:25:40] [265/459] CBZZ
[10:25:41] [266/459] SDCJ
[10:25:42] [267/459] RRCC
[10:25:43] [268/459] VNKG
[10:25:44] [269/459] LKTO
[10:25:45] [270/459] PJRM
[10:25:45] 🔄 Identity reset
[10:25:45] 🔄 Identity rotated (every 10 requests)
[10:25:47] [271/459] NVRM
[10:25:48] [272/459] SJCS
[10:25:48] [273/459] VIGK
[10:25:49] [274/459] ANST
[10:25:50] [275/459] JTTS
[10:25:52] [276/459] NTST
[10:25:53] [277/459] PREB
[10:25:54] [278/459] TSCZ
[10:25:55] [279/459] CDCM
[10:25:56] [280/459] ELYE
[10:25:56] 🔄 Identity reset
[10:25:56] 🔄 Identity rotated (every 10 requests)
[10:25:57] [281/459] INBS
[10:25:58] [282/459] SMGC
[10:25:59] [283/459] UTMP
[10:26:00] [284/459] INTA
[10:26:01] [285/459] OMPT
[10:26:02] [286/459] SCIR
[10:26:03] [287/459] GCKJ
[10:26:03] [288/459] INOG
[10:26:04] [289/459] SMGB
[10:26:05] [290/459] MCSG
[10:26:05] 🔄 Identity reset
[10:26:05] 🔄 Identity rotated (every 10 requests)
[10:26:05] 🔄 Retry 1/5 for MCSG in 3.0s
[10:26:05] 🔄 Identity reset
[10:26:08] 🧠 New identity created
[10:26:09] [291/459] STKG
[10:26:10] [292/459] TTKG
[10:26:12] [293/459] SRTR
[10:26:13] [294/459] ETTR
[10:26:14] [295/459] GGGZ
[10:26:14] [296/459] IPGM
[10:26:15] [297/459] FCDH
[10:26:16] [298/459] DESB
[10:26:17] [299/459] VNTP
[10:26:17] 🔄 Identity reset
[10:26:17] 🔄 Identity rotated (every 10 requests)
[10:26:18] [300/459] ANNT
[10:26:19] [301/459] SLTI
[10:26:20] [302/459] MAJU
[10:26:21] [303/459] JCXP
[10:26:22] [304/459] HARK
[10:26:23] [305/459] JPCJ
[10:26:24] [306/459] RXBD
[10:26:25] [307/459] PTKJ
[10:26:26] [308/459] CMTU
[10:26:27] [309/459] SWOR
[10:26:27] 🔄 Identity reset
[10:26:27] 🔄 Identity rotated (every 10 requests)
[10:26:28] [310/459] JMEX
[10:26:29] [311/459] DTPT
[10:26:31] [312/459] VGMM
[10:26:32] [313/459] VCSG
[10:26:33] [314/459] CVCG
[10:26:34] [315/459] TNTT
[10:26:35] [316/459] SHRM
[10:26:36] [317/459] CGKD
[10:26:37] [318/459] EKCM
[10:26:38] [319/459] SDCX
[10:26:38] 🔄 Identity reset
[10:26:38] 🔄 Identity rotated (every 10 requests)
[10:26:39] [320/459] SBTE
[10:26:40] [321/459] STKJ
[10:26:41] [322/459] TPCE
[10:26:42] [323/459] JTNP
[10:26:43] [324/459] LPCH
[10:26:45] [325/459] CPUO
[10:26:46] [326/459] APSU
[10:26:46] [327/459] RTHC
[10:26:48] [328/459] PTBU
[10:26:49] [329/459] CUCC
[10:26:49] 🔄 Identity reset
[10:26:49] 🔄 Identity rotated (every 10 requests)
[10:26:49] 🔄 Retry 1/5 for CUCC in 2.8s
[10:26:49] 🔄 Identity reset
[10:26:52] 🧠 New identity created
[10:26:53] [330/459] CPSA
[10:26:54] [331/459] SUAY
[10:26:55] [332/459] AYAA
[10:26:56] [333/459] MUCH
[10:26:57] [334/459] PCIN
[10:26:58] [335/459] JRRM
[10:26:59] [336/459] KATS
[10:27:01] [337/459] MHFF
[10:27:02] [338/459] ESYM
[10:27:02] 🔄 Identity reset
[10:27:02] 🔄 Identity rotated (every 10 requests)
[10:27:03] [339/459] STYV
[10:27:04] [340/459] SDKG
[10:27:05] [341/459] SMTI
[10:27:06] [342/459] NYCS
[10:27:07] [343/459] MTBG
[10:27:08] [344/459] RHCA
[10:27:08] [345/459] PCKH
[10:27:10] [346/459] ARCR
[10:27:10] [347/459] NCMB
[10:27:11] [348/459] SHYC
[10:27:11] 🔄 Identity reset
[10:27:11] 🔄 Identity rotated (every 10 requests)
[10:27:12] [349/459] LACK
[10:27:13] [350/459] MTCM
[10:27:15] [351/459] RRBN
[10:27:16] [352/459] MYDC
[10:27:16] [353/459] STCS
[10:27:17] [354/459] CONN
[10:27:19] [355/459] SIPS
[10:27:20] [356/459] SMMX
[10:27:21] [357/459] SCBY
[10:27:22] [358/459] SUAP
[10:27:22] 🔄 Identity reset
[10:27:22] 🔄 Identity rotated (every 10 requests)
[10:27:23] [359/459] RSMK
[10:27:24] [360/459] STKP
[10:27:25] [361/459] CIPC
[10:27:26] [362/459] KKCI
[10:27:26] [363/459] CTNK
[10:27:27] [364/459] MMTZ
[10:27:28] [365/459] DCCO
[10:27:29] [366/459] VNMN
[10:27:30] [367/459] RLCN
[10:27:31] [368/459] CMMS
[10:27:31] 🔄 Identity reset
[10:27:31] 🔄 Identity rotated (every 10 requests)
[10:27:32] [369/459] AYOU
[10:27:33] [370/459] SSCN
[10:27:34] [371/459] SMXN
[10:27:35] [372/459] ASSK
[10:27:36] [373/459] VCKM
[10:27:37] [374/459] PCPH
[10:27:38] [375/459] PADM
[10:27:39] [376/459] IESA
[10:27:40] [377/459] VCSP
[10:27:41] [378/459] AEST
[10:27:41] 🔄 Identity reset
[10:27:41] 🔄 Identity rotated (every 10 requests)
[10:27:43] [379/459] VTNR
[10:27:44] [380/459] GTTA
[10:27:45] [381/459] CMMM
[10:27:47] [382/459] AHKT
[10:27:48] [383/459] SIJI
[10:27:49] [384/459] VCEI
[10:27:49] [385/459] SAKR
[10:27:50] [386/459] VSMT
[10:27:51] [387/459] SSCT
[10:27:52] [388/459] USTR
[10:27:52] 🔄 Identity reset
[10:27:52] 🔄 Identity rotated (every 10 requests)
[10:27:53] [389/459] MTKT
[10:27:54] [390/459] TGMP
[10:27:55] [391/459] SIVC
[10:27:56] [392/459] KICT
[10:27:57] [393/459] DAMD
[10:27:59] [394/459] CNPT
[10:28:00] [395/459] RVTT
[10:28:01] [396/459] SNCM
[10:28:02] [397/459] GHTE
[10:28:03] [398/459] PPAM
[10:28:03] 🔄 Identity reset
[10:28:03] 🔄 Identity rotated (every 10 requests)
[10:28:04] [399/459] PVAA
[10:28:05] [400/459] CPAO
[10:28:06] [401/459] HAMD
[10:28:07] [402/459] RCCA
[10:28:08] [403/459] MPCH
[10:28:09] [404/459] ARED
[10:28:10] [405/459] RRCV
[10:28:11] [406/459] MTRB
[10:28:13] [407/459] CKUA
[10:28:14] [408/459] ABMP
[10:28:14] 🔄 Identity reset
[10:28:14] 🔄 Identity rotated (every 10 requests)
[10:28:15] [409/459] RCWA
[10:28:16] [410/459] CGAR
[10:28:17] [411/459] METH
[10:28:18] [412/459] WAGA
[10:28:19] [413/459] MCMA
[10:28:20] [414/459] CSMP
[10:28:21] [415/459] RCNK
[10:28:22] [416/459] PSTM
[10:28:23] [417/459] CSEP
[10:28:24] [418/459] AMGD
[10:28:24] 🔄 Identity reset
[10:28:24] 🔄 Identity rotated (every 10 requests)
[10:28:25] [419/459] CSTE
[10:28:26] [420/459] CONS
[10:28:28] [421/459] APPX
[10:28:29] [422/459] MABC
[10:28:30] [423/459] CXST
[10:28:31] [424/459] MATN
[10:28:32] [425/459] MACZ
[10:28:33] [426/459] MASA
[10:28:34] [427/459] MBSX
[10:28:35] [428/459] CSST
[10:28:35] 🔄 Identity reset
[10:28:35] 🔄 Identity rotated (every 10 requests)
[10:28:36] [429/459] APCL
[10:28:37] [430/459] CGOS
[10:28:38] [431/459] CPEC
[10:28:39] [432/459] MCCP
[10:28:40] [433/459] BSSO
[10:28:42] [434/459] SJKA
[10:28:43] [435/459] CGBO
[10:28:44] [436/459] MVSK
[10:28:45] [437/459] HVCA
[10:28:46] [438/459] NAMD
[10:28:46] 🔄 Identity reset
[10:28:46] 🔄 Identity rotated (every 10 requests)
[10:28:47] [439/459] DEVI
[10:28:48] [440/459] SCSV
[10:28:49] [441/459] PSMA
[10:28:50] [442/459] CLDJ
[10:28:50] [443/459] NMAD
[10:28:51] [444/459] CGMO
[10:28:52] [445/459] MCNA
[10:28:53] [446/459] OCBN
[10:28:54] [447/459] CPEM
[10:28:55] [448/459] CPSM
[10:28:55] 🔄 Identity reset
[10:28:55] 🔄 Identity rotated (every 10 requests)
[10:28:56] [449/459] RCAD
[10:28:57] [450/459] CPMU
[10:28:58] [451/459] DICD
[10:28:59] [452/459] CHOE
[10:29:00] [453/459] PDJM
[10:29:01] [454/459] SSTU
[10:29:02] [455/459] VNRN
[10:29:03] [456/459] PVLG
[10:29:04] [457/459] SWBL
[10:29:05] [458/459] SCAB
[10:29:05] 🔄 Identity reset
[10:29:05] 🔄 Identity rotated (every 10 requests)
[10:29:06] [459/459] RDDA
[10:29:07] 🧹 Deduping shows
[10:29:07] ✅ DONE | Shows=3920 | Movies=82
[16:22:03] 🚀 SCRIPT STARTED
[16:22:03] [1/459] MCCZ
[16:22:03] 🧠 New identity created
[16:22:05] [2/459] FRPU
[16:22:06] [3/459] SKSI
[16:22:07] [4/459] SSCK
[16:22:08] [5/459] SRDC
[16:22:09] [6/459] RSCZ
[16:22:10] [7/459] PRVT
[16:22:11] [8/459] GAGJ
[16:22:11] [9/459] SMHG
[16:22:12] [10/459] JTST
[16:22:12] 🔄 Identity reset
[16:22:12] 🔄 Identity rotated (every 10 requests)
[16:22:13] [11/459] MYTH
[16:22:15] [12/459] JPCC
[16:22:16] [13/459] ACDC
[16:22:17] [14/459] SVFP
[16:22:18] [15/459] SFCM
[16:22:19] [16/459] RUPK
[16:22:19] [17/459] NTCR
[16:22:20] [18/459] RTCH
[16:22:21] [19/459] SCMH
[16:22:23] [20/459] SVYM
[16:22:23] 🔄 Identity reset
[16:22:23] 🔄 Identity rotated (every 10 requests)
[16:22:23] [21/459] SPYM
[16:22:25] [22/459] SMMF
[16:22:26] [23/459] CLLB
[16:22:27] [24/459] FMCB
[16:22:28] [25/459] BBTC
[16:22:29] [26/459] NTHS
[16:22:30] [27/459] PKKJ
[16:22:31] [28/459] MTJA
[16:22:32] [29/459] PMSJ
[16:22:34] [30/459] JMJU
[16:22:34] 🔄 Identity reset
[16:22:34] 🔄 Identity rotated (every 10 requests)
[16:22:36] [31/459] SRAD
[16:22:37] [32/459] MJMC
[16:22:38] [33/459] DFRM
[16:22:39] [34/459] PMRS
[16:22:40] [35/459] RKPP
[16:22:41] [36/459] BMBK
[16:22:42] [37/459] NEWS
[16:22:43] [38/459] SALB
[16:22:44] [39/459] SCPW
[16:22:45] [40/459] RAYL
[16:22:45] 🔄 Identity reset
[16:22:45] 🔄 Identity rotated (every 10 requests)
[16:22:46] [41/459] CMGJ
[16:22:47] [42/459] JRCR
[16:22:48] [43/459] SRTB
[16:22:49] [44/459] ETPB
[16:22:50] [45/459] MXBN
[16:22:50] [46/459] TOPE
[16:22:51] [47/459] SNLJ
[16:22:53] [48/459] CDDP
[16:22:54] [49/459] APCX
[16:22:55] [50/459] TALP
[16:22:55] 🔄 Identity reset
[16:22:55] 🔄 Identity rotated (every 10 requests)
[16:22:56] [51/459] RRMP
[16:22:57] [52/459] MAHB
[16:22:58] [53/459] MTKR
[16:22:59] [54/459] KSKL
[16:23:00] [55/459] RJLT
[16:23:01] [56/459] ATAS
[16:23:02] [57/459] AMHR
[16:23:03] [58/459] RSRM
[16:23:04] [59/459] GCAT
[16:23:05] [60/459] SMML
[16:23:05] 🔄 Identity reset
[16:23:05] 🔄 Identity rotated (every 10 requests)
[16:23:07] [61/459] ACCD
[16:23:08] [62/459] VYDA
[16:23:08] [63/459] MSKT
[16:23:09] [64/459] AVDM
[16:23:10] [65/459] ASMH
[16:23:11] [66/459] VTMB
[16:23:12] [67/459] WVMB
[16:23:13] [68/459] PPMN
[16:23:14] [69/459] MTMD
[16:23:15] [70/459] SMMO
[16:23:15] 🔄 Identity reset
[16:23:15] 🔄 Identity rotated (every 10 requests)
[16:23:16] [71/459] DLPB
[16:23:17] [72/459] AKMD
[16:23:18] [73/459] SHRR
[16:23:18] [74/459] ASCO
[16:23:19] [75/459] CZVX
[16:23:20] [76/459] GCBB
[16:23:21] [77/459] ATBM
[16:23:22] [78/459] TCGM
[16:23:23] [79/459] UMSE
[16:23:24] [80/459] NKCL
[16:23:24] 🔄 Identity reset
[16:23:24] 🔄 Identity rotated (every 10 requests)
[16:23:25] [81/459] BTLR
[16:23:26] [82/459] GOCL
[16:23:27] [83/459] MIRN
[16:23:28] [84/459] THEC
[16:23:29] [85/459] SPPB
[16:23:30] [86/459] PMMM
[16:23:31] [87/459] GGMC
[16:23:32] [88/459] AVSR
[16:23:33] [89/459] RDMH
[16:23:34] [90/459] JSRS
[16:23:34] 🔄 Identity reset
[16:23:34] 🔄 Identity rotated (every 10 requests)
[16:23:35] [91/459] VKGP
[16:23:35] [92/459] ACRT
[16:23:36] [93/459] GCBA
[16:23:37] [94/459] GTCP
[16:23:38] [95/459] AKFC
[16:23:40] [96/459] INCS
[16:23:41] [97/459] SMCK
[16:23:43] [98/459] BRUN
[16:23:43] [99/459] RPPC
[16:23:44] [100/459] PAYD
[16:23:44] 🔄 Identity reset
[16:23:44] 🔄 Identity rotated (every 10 requests)
[16:23:45] [101/459] SVVT
[16:23:46] [102/459] RNCC
[16:23:47] [103/459] PCRC
[16:23:49] [104/459] PMRM
[16:23:50] [105/459] CCRP
[16:23:51] [106/459] INCR
[16:23:52] [107/459] ZTMP
[16:23:53] [108/459] MCNR
[16:23:54] [109/459] INRP
[16:23:55] [110/459] STRC
[16:23:55] 🔄 Identity reset
[16:23:55] 🔄 Identity rotated (every 10 requests)
[16:23:56] [111/459] RATI
[16:23:57] [112/459] PBTR
[16:23:57] [113/459] CMHP
[16:23:59] [114/459] ZECJ
[16:24:00] [115/459] CCCB
[16:24:02] [116/459] BWCB
[16:24:03] [117/459] CCAT
[16:24:04] [118/459] KGCM
[16:24:04] [119/459] INPT
[16:24:05] [120/459] FNCO
[16:24:05] 🔄 Identity reset
[16:24:05] 🔄 Identity rotated (every 10 requests)
[16:24:06] [121/459] SRMJ
[16:24:07] [122/459] PFSC
[16:24:08] [123/459] PBMC
[16:24:09] [124/459] KARP
[16:24:10] [125/459] KOVI
[16:24:11] [126/459] ACXL
[16:24:12] [127/459] GKCC
[16:24:13] [128/459] ASCC
[16:24:14] [129/459] SETC
[16:24:15] [130/459] KACC
[16:24:15] 🔄 Identity reset
[16:24:15] 🔄 Identity rotated (every 10 requests)
[16:24:16] [131/459] KAVE
[16:24:17] [132/459] CNTC
[16:24:18] [133/459] MEEN
[16:24:20] [134/459] BMRV
[16:24:21] [135/459] SVAM
[16:24:22] [136/459] VTBP
[16:24:23] [137/459] VCKN
[16:24:24] [138/459] SGTK
[16:24:25] [139/459] RCGS
[16:24:26] [140/459] RCCB
[16:24:26] 🔄 Identity reset
[16:24:26] 🔄 Identity rotated (every 10 requests)
[16:24:27] [141/459] RKSR
[16:24:28] [142/459] RKCU
[16:24:30] [143/459] GIBH
[16:24:31] [144/459] CXBS
[16:24:32] [145/459] GGCB
[16:24:33] [146/459] SCPB
[16:24:33] [147/459] AKTB
[16:24:34] [148/459] SRBU
[16:24:35] [149/459] CSSA
[16:24:36] [150/459] MYAN
[16:24:36] 🔄 Identity reset
[16:24:36] 🔄 Identity rotated (every 10 requests)
[16:24:36] 🔄 Retry 1/5 for MYAN in 2.5s
[16:24:36] 🔄 Identity reset
[16:24:39] 🧠 New identity created
[16:24:40] [151/459] EXCA
[16:24:41] [152/459] CKSA
[16:24:41] [153/459] JTNM
[16:24:42] [154/459] CXKT
[16:24:43] [155/459] NCLM
[16:24:44] [156/459] JAAD
[16:24:45] [157/459] RDCR
[16:24:46] [158/459] MEER
[16:24:47] [159/459] SIBT
[16:24:47] 🔄 Identity reset
[16:24:47] 🔄 Identity rotated (every 10 requests)
[16:24:48] [160/459] PVVB
[16:24:48] [161/459] FNPN
[16:24:49] [162/459] CRPX
[16:24:50] [163/459] STET
[16:24:51] [164/459] METE
[16:24:52] [165/459] BJML
[16:24:54] [166/459] MAVT
[16:24:55] [167/459] MSRM
[16:24:55] [168/459] TJMP
[16:24:56] [169/459] MHCK
[16:24:56] 🔄 Identity reset
[16:24:56] 🔄 Identity rotated (every 10 requests)
[16:24:57] [170/459] SVGP
[16:24:58] [171/459] KRRC
[16:24:59] [172/459] IMCH
[16:25:00] [173/459] CMCS
[16:25:01] [174/459] SGND
[16:25:02] [175/459] RNAT
[16:25:03] [176/459] PRTN
[16:25:04] [177/459] MPTN
[16:25:05] [178/459] ARCC
[16:25:06] [179/459] NTTE
[16:25:06] 🔄 Identity reset
[16:25:06] 🔄 Identity rotated (every 10 requests)
[16:25:07] [180/459] ABND
[16:25:08] [181/459] KCSN
[16:25:09] [182/459] KCSA
[16:25:10] [183/459] DCKT
[16:25:11] [184/459] MBBR
[16:25:11] [185/459] RAMU
[16:25:12] [186/459] RACW
[16:25:13] [187/459] MCHP
[16:25:14] [188/459] TMHM
[16:25:15] [189/459] STXH
[16:25:15] 🔄 Identity reset
[16:25:15] 🔄 Identity rotated (every 10 requests)
[16:25:16] [190/459] AGSG
[16:25:18] [191/459] SIRA
[16:25:19] [192/459] RCAN
[16:25:20] [193/459] CWTB
[16:25:21] [194/459] VTYM
[16:25:22] [195/459] RRPP
[16:25:23] [196/459] ASMR
[16:25:24] [197/459] RONO
[16:25:25] [198/459] MEMR
[16:25:26] [199/459] CTMR
[16:25:26] 🔄 Identity reset
[16:25:26] 🔄 Identity rotated (every 10 requests)
[16:25:26] [200/459] PMTT
[16:25:27] [201/459] PSLX
[16:25:28] [202/459] IPPL
[16:25:29] [203/459] MMSG
[16:25:30] [204/459] INEL
[16:25:31] [205/459] COAC
[16:25:32] [206/459] WVLK
[16:25:33] [207/459] PPXL
[16:25:33] [208/459] PSML
[16:25:35] [209/459] FNLK
[16:25:35] 🔄 Identity reset
[16:25:35] 🔄 Identity rotated (every 10 requests)
[16:25:36] [210/459] ILUM
[16:25:37] [211/459] ILCM
[16:25:38] [212/459] MSNL
[16:25:39] [213/459] VINB
[16:25:40] [214/459] SALW
[16:25:42] [215/459] PRTB
[16:25:42] [216/459] NCIL
[16:25:43] [217/459] PSUL
[16:25:45] [218/459] SCLK
[16:25:46] [219/459] ADDC
[16:25:46] 🔄 Identity reset
[16:25:46] 🔄 Identity rotated (every 10 requests)
[16:25:47] [220/459] OACL
[16:25:48] [221/459] OOCF
[16:25:48] [222/459] GPMF
[16:25:49] [223/459] SSDG
[16:25:50] [224/459] SKRS
[16:25:51] [225/459] NTTP
[16:25:52] [226/459] SLTP
[16:25:53] [227/459] JTLC
[16:25:53] [228/459] POON
[16:25:54] [229/459] CCPC
[16:25:54] 🔄 Identity reset
[16:25:54] 🔄 Identity rotated (every 10 requests)
[16:25:54] 🔄 Retry 1/5 for CCPC in 2.3s
[16:25:54] 🔄 Identity reset
[16:25:57] 🧠 New identity created
[16:25:58] [230/459] DCKC
[16:25:58] [231/459] CPRT
[16:25:59] [232/459] EYHZ
[16:26:00] [233/459] ARBL
[16:26:01] [234/459] SBTB
[16:26:02] [235/459] MMCK
[16:26:03] [236/459] PLMR
[16:26:04] [237/459] BIJH
[16:26:05] [238/459] SDRT
[16:26:05] 🔄 Identity reset
[16:26:05] 🔄 Identity rotated (every 10 requests)
[16:26:06] [239/459] PRDC
[16:26:07] [240/459] OMJA
[16:26:08] [241/459] VKCR
[16:26:09] [242/459] ATRT
[16:26:10] [243/459] WVRP
[16:26:12] [244/459] MVRP
[16:26:13] [245/459] FCAX
[16:26:14] [246/459] CTLC
[16:26:15] [247/459] JCHB
[16:26:16] [248/459] SELP
[16:26:16] 🔄 Identity reset
[16:26:16] 🔄 Identity rotated (every 10 requests)
[16:26:17] [249/459] VCPG
[16:26:18] [250/459] ASCX
[16:26:19] [251/459] EOCS
[16:26:20] [252/459] RCPH
[16:26:22] [253/459] RJTM
[16:26:23] [254/459] SGMD
[16:26:23] [255/459] SVJT
[16:26:25] [256/459] SPPO
[16:26:26] [257/459] MNRL
[16:26:27] [258/459] KNOX
[16:26:27] 🔄 Identity reset
[16:26:27] 🔄 Identity rotated (every 10 requests)
[16:26:28] [259/459] GIER
[16:26:29] [260/459] PJMS
[16:26:30] [261/459] UNSP
[16:26:31] [262/459] JETP
[16:26:31] [263/459] VTWA
[16:26:32] [264/459] SCJI
[16:26:33] [265/459] CBZZ
[16:26:34] [266/459] SDCJ
[16:26:35] [267/459] RRCC
[16:26:36] [268/459] VNKG
[16:26:36] 🔄 Identity reset
[16:26:36] 🔄 Identity rotated (every 10 requests)
[16:26:37] [269/459] LKTO
[16:26:38] [270/459] PJRM
[16:26:39] [271/459] NVRM
[16:26:40] [272/459] SJCS
[16:26:41] [273/459] VIGK
[16:26:42] [274/459] ANST
[16:26:43] [275/459] JTTS
[16:26:45] [276/459] NTST
[16:26:45] [277/459] PREB
[16:26:46] [278/459] TSCZ
[16:26:46] 🔄 Identity reset
[16:26:46] 🔄 Identity rotated (every 10 requests)
[16:26:47] [279/459] CDCM
[16:26:48] [280/459] ELYE
[16:26:49] [281/459] INBS
[16:26:50] [282/459] SMGC
[16:26:51] [283/459] UTMP
[16:26:52] [284/459] INTA
[16:26:54] [285/459] OMPT
[16:26:55] [286/459] SCIR
[16:26:57] [287/459] GCKJ
[16:26:58] [288/459] INOG
[16:26:58] 🔄 Identity reset
[16:26:58] 🔄 Identity rotated (every 10 requests)
[16:26:59] [289/459] SMGB
[16:27:00] [290/459] MCSG
[16:27:01] [291/459] STKG
[16:27:02] [292/459] TTKG
[16:27:03] [293/459] SRTR
[16:27:03] [294/459] ETTR
[16:27:05] [295/459] GGGZ
[16:27:06] [296/459] IPGM
[16:27:07] [297/459] FCDH
[16:27:08] [298/459] DESB
[16:27:08] 🔄 Identity reset
[16:27:08] 🔄 Identity rotated (every 10 requests)
[16:27:09] [299/459] VNTP
[16:27:10] [300/459] ANNT
[16:27:11] [301/459] SLTI
[16:27:11] [302/459] MAJU
[16:27:12] [303/459] JCXP
[16:27:14] [304/459] HARK
[16:27:14] [305/459] JPCJ
[16:27:15] [306/459] RXBD
[16:27:16] [307/459] PTKJ
[16:27:17] [308/459] CMTU
[16:27:17] 🔄 Identity reset
[16:27:17] 🔄 Identity rotated (every 10 requests)
[16:27:18] [309/459] SWOR
[16:27:19] [310/459] JMEX
[16:27:20] [311/459] DTPT
[16:27:21] [312/459] VGMM
[16:27:22] [313/459] VCSG
[16:27:23] [314/459] CVCG
[16:27:24] [315/459] TNTT
[16:27:25] [316/459] SHRM
[16:27:26] [317/459] CGKD
[16:27:27] [318/459] EKCM
[16:27:27] 🔄 Identity reset
[16:27:27] 🔄 Identity rotated (every 10 requests)
[16:27:28] [319/459] SDCX
[16:27:29] [320/459] SBTE
[16:27:30] [321/459] STKJ
[16:27:31] [322/459] TPCE
[16:27:32] [323/459] JTNP
[16:27:33] [324/459] LPCH
[16:27:34] [325/459] CPUO
[16:27:34] [326/459] APSU
[16:27:35] [327/459] RTHC
[16:27:36] [328/459] PTBU
[16:27:36] 🔄 Identity reset
[16:27:36] 🔄 Identity rotated (every 10 requests)
[16:27:37] [329/459] CUCC
[16:27:38] [330/459] CPSA
[16:27:39] [331/459] SUAY
[16:27:41] [332/459] AYAA
[16:27:42] [333/459] MUCH
[16:27:43] [334/459] PCIN
[16:27:44] [335/459] JRRM
[16:27:45] [336/459] KATS
[16:27:46] [337/459] MHFF
[16:27:47] [338/459] ESYM
[16:27:47] 🔄 Identity reset
[16:27:47] 🔄 Identity rotated (every 10 requests)
[16:27:48] [339/459] STYV
[16:27:49] [340/459] SDKG
[16:27:50] [341/459] SMTI
[16:27:50] [342/459] NYCS
[16:27:51] [343/459] MTBG
[16:27:52] [344/459] RHCA
[16:27:53] [345/459] PCKH
[16:27:54] [346/459] ARCR
[16:27:55] [347/459] NCMB
[16:27:56] [348/459] SHYC
[16:27:56] 🔄 Identity reset
[16:27:56] 🔄 Identity rotated (every 10 requests)
[16:27:57] [349/459] LACK
[16:27:58] [350/459] MTCM
[16:27:58] [351/459] RRBN
[16:27:59] [352/459] MYDC
[16:28:00] [353/459] STCS
[16:28:01] [354/459] CONN
[16:28:02] [355/459] SIPS
[16:28:03] [356/459] SMMX
[16:28:04] [357/459] SCBY
[16:28:05] [358/459] SUAP
[16:28:05] 🔄 Identity reset
[16:28:05] 🔄 Identity rotated (every 10 requests)
[16:28:06] [359/459] RSMK
[16:28:07] [360/459] STKP
[16:28:08] [361/459] CIPC
[16:28:09] [362/459] KKCI
[16:28:10] [363/459] CTNK
[16:28:11] [364/459] MMTZ
[16:28:12] [365/459] DCCO
[16:28:13] [366/459] VNMN
[16:28:14] [367/459] RLCN
[16:28:15] [368/459] CMMS
[16:28:15] 🔄 Identity reset
[16:28:15] 🔄 Identity rotated (every 10 requests)
[16:28:17] [369/459] AYOU
[16:28:18] [370/459] SSCN
[16:28:18] [371/459] SMXN
[16:28:19] [372/459] ASSK
[16:28:20] [373/459] VCKM
[16:28:21] [374/459] PCPH
[16:28:22] [375/459] PADM
[16:28:23] [376/459] IESA
[16:28:24] [377/459] VCSP
[16:28:25] [378/459] AEST
[16:28:25] 🔄 Identity reset
[16:28:25] 🔄 Identity rotated (every 10 requests)
[16:28:26] [379/459] VTNR
[16:28:27] [380/459] GTTA
[16:28:28] [381/459] CMMM
[16:28:29] [382/459] AHKT
[16:28:30] [383/459] SIJI
[16:28:31] [384/459] VCEI
[16:28:32] [385/459] SAKR
[16:28:33] [386/459] VSMT
[16:28:34] [387/459] SSCT
[16:28:35] [388/459] USTR
[16:28:35] 🔄 Identity reset
[16:28:35] 🔄 Identity rotated (every 10 requests)
[16:28:36] [389/459] MTKT
[16:28:37] [390/459] TGMP
[16:28:37] [391/459] SIVC
[16:28:38] [392/459] KICT
[16:28:39] [393/459] DAMD
[16:28:40] [394/459] CNPT
[16:28:42] [395/459] RVTT
[16:28:43] [396/459] SNCM
[16:28:44] [397/459] GHTE
[16:28:45] [398/459] PPAM
[16:28:45] 🔄 Identity reset
[16:28:45] 🔄 Identity rotated (every 10 requests)
[16:28:46] [399/459] PVAA
[16:28:47] [400/459] CPAO
[16:28:48] [401/459] HAMD
[16:28:49] [402/459] RCCA
[16:28:50] [403/459] MPCH
[16:28:51] [404/459] ARED
[16:28:52] [405/459] RRCV
[16:28:53] [406/459] MTRB
[16:28:55] [407/459] CKUA
[16:28:56] [408/459] ABMP
[16:28:56] 🔄 Identity reset
[16:28:56] 🔄 Identity rotated (every 10 requests)
[16:28:57] [409/459] RCWA
[16:28:58] [410/459] CGAR
[16:28:59] [411/459] METH
[16:29:00] [412/459] WAGA
[16:29:01] [413/459] MCMA
[16:29:02] [414/459] CSMP
[16:29:03] [415/459] RCNK
[16:29:04] [416/459] PSTM
[16:29:05] [417/459] CSEP
[16:29:06] [418/459] AMGD
[16:29:06] 🔄 Identity reset
[16:29:06] 🔄 Identity rotated (every 10 requests)
[16:29:07] [419/459] CSTE
[16:29:08] [420/459] CONS
[16:29:09] [421/459] APPX
[16:29:10] [422/459] MABC
[16:29:10] [423/459] CXST
[16:29:12] [424/459] MATN
[16:29:13] [425/459] MACZ
[16:29:14] [426/459] MASA
[16:29:15] [427/459] MBSX
[16:29:17] [428/459] CSST
[16:29:17] 🔄 Identity reset
[16:29:17] 🔄 Identity rotated (every 10 requests)
[16:29:17] 🔄 Retry 1/5 for CSST in 2.8s
[16:29:17] 🔄 Identity reset
[16:29:19] 🧠 New identity created
[16:29:21] [429/459] APCL
[16:29:22] [430/459] CGOS
[16:29:23] [431/459] CPEC
[16:29:24] [432/459] MCCP
[16:29:25] [433/459] BSSO
[16:29:26] [434/459] SJKA
[16:29:27] [435/459] CGBO
[16:29:28] [436/459] MVSK
[16:29:29] [437/459] HVCA
[16:29:29] 🔄 Identity reset
[16:29:29] 🔄 Identity rotated (every 10 requests)
[16:29:30] [438/459] NAMD
[16:29:31] [439/459] DEVI
[16:29:32] [440/459] SCSV
[16:29:33] [441/459] PSMA
[16:29:34] [442/459] CLDJ
[16:29:35] [443/459] NMAD
[16:29:36] [444/459] CGMO
[16:29:37] [445/459] MCNA
[16:29:38] [446/459] OCBN
[16:29:38] [447/459] CPEM
[16:29:38] 🔄 Identity reset
[16:29:38] 🔄 Identity rotated (every 10 requests)
[16:29:39] [448/459] CPSM
[16:29:40] [449/459] RCAD
[16:29:41] [450/459] CPMU
[16:29:42] [451/459] DICD
[16:29:43] [452/459] CHOE
[16:29:45] [453/459] PDJM
[16:29:46] [454/459] SSTU
[16:29:47] [455/459] VNRN
[16:29:48] [456/459] PVLG
[16:29:49] [457/459] SWBL
[16:29:49] 🔄 Identity reset
[16:29:49] 🔄 Identity rotated (every 10 requests)
[16:29:50] [458/459] SCAB
[16:29:51] [459/459] RDDA
[16:29:52] 🧹 Deduping shows
[16:29:52] ✅ DONE | Shows=4125 | Movies=81
[20:21:46] 🚀 SCRIPT STARTED
[20:21:46] [1/459] MCCZ
[20:21:46] 🧠 New identity created
[20:21:47] [2/459] FRPU
[20:21:47] [3/459] SKSI
[20:21:48] [4/459] SSCK
[20:21:49] [5/459] SRDC
[20:21:51] [6/459] RSCZ
[20:21:52] [7/459] PRVT
[20:21:53] [8/459] GAGJ
[20:21:53] [9/459] SMHG
[20:21:54] [10/459] JTST
[20:21:54] 🔄 Identity reset
[20:21:55] 🔄 Identity rotated (every 10 requests)
[20:21:55] [11/459] MYTH
[20:21:57] [12/459] JPCC
[20:21:58] [13/459] ACDC
[20:21:59] [14/459] SVFP
[20:21:59] [15/459] SFCM
[20:22:00] [16/459] RUPK
[20:22:02] [17/459] NTCR
[20:22:04] [18/459] RTCH
[20:22:05] [19/459] SCMH
[20:22:06] [20/459] SVYM
[20:22:06] 🔄 Identity reset
[20:22:06] 🔄 Identity rotated (every 10 requests)
[20:22:07] [21/459] SPYM
[20:22:07] [22/459] SMMF
[20:22:08] [23/459] CLLB
[20:22:10] [24/459] FMCB
[20:22:10] [25/459] BBTC
[20:22:11] [26/459] NTHS
[20:22:12] [27/459] PKKJ
[20:22:13] [28/459] MTJA
[20:22:14] [29/459] PMSJ
[20:22:15] [30/459] JMJU
[20:22:15] 🔄 Identity reset
[20:22:15] 🔄 Identity rotated (every 10 requests)
[20:22:16] [31/459] SRAD
[20:22:18] [32/459] MJMC
[20:22:18] [33/459] DFRM
[20:22:19] [34/459] PMRS
[20:22:20] [35/459] RKPP
[20:22:22] [36/459] BMBK
[20:22:23] [37/459] NEWS
[20:22:24] [38/459] SALB
[20:22:25] [39/459] SCPW
[20:22:26] [40/459] RAYL
[20:22:26] 🔄 Identity reset
[20:22:26] 🔄 Identity rotated (every 10 requests)
[20:22:27] [41/459] CMGJ
[20:22:28] [42/459] JRCR
[20:22:30] [43/459] SRTB
[20:22:31] [44/459] ETPB
[20:22:32] [45/459] MXBN
[20:22:32] [46/459] TOPE
[20:22:33] [47/459] SNLJ
[20:22:34] [48/459] CDDP
[20:22:35] [49/459] APCX
[20:22:36] [50/459] TALP
[20:22:36] 🔄 Identity reset
[20:22:36] 🔄 Identity rotated (every 10 requests)
[20:22:37] [51/459] RRMP
[20:22:38] [52/459] MAHB
[20:22:39] [53/459] MTKR
[20:22:40] [54/459] KSKL
[20:22:41] [55/459] RJLT
[20:22:42] [56/459] ATAS
[20:22:43] [57/459] AMHR
[20:22:44] [58/459] RSRM
[20:22:44] [59/459] GCAT
[20:22:45] [60/459] SMML
[20:22:45] 🔄 Identity reset
[20:22:45] 🔄 Identity rotated (every 10 requests)
[20:22:47] [61/459] ACCD
[20:22:48] [62/459] VYDA
[20:22:49] [63/459] MSKT
[20:22:50] [64/459] AVDM
[20:22:51] [65/459] ASMH
[20:22:53] [66/459] VTMB
[20:22:54] [67/459] WVMB
[20:22:54] [68/459] PPMN
[20:22:55] [69/459] MTMD
[20:22:57] [70/459] SMMO
[20:22:57] 🔄 Identity reset
[20:22:57] 🔄 Identity rotated (every 10 requests)
[20:22:57] 🔄 Retry 1/5 for SMMO in 2.5s
[20:22:57] 🔄 Identity reset
[20:23:00] 🧠 New identity created
[20:23:01] [71/459] DLPB
[20:23:02] [72/459] AKMD
[20:23:03] [73/459] SHRR
[20:23:05] [74/459] ASCO
[20:23:06] [75/459] CZVX
[20:23:07] [76/459] GCBB
[20:23:08] [77/459] ATBM
[20:23:09] [78/459] TCGM
[20:23:10] [79/459] UMSE
[20:23:10] 🔄 Identity reset
[20:23:10] 🔄 Identity rotated (every 10 requests)
[20:23:11] [80/459] NKCL
[20:23:12] [81/459] BTLR
[20:23:14] [82/459] GOCL
[20:23:15] [83/459] MIRN
[20:23:15] [84/459] THEC
[20:23:17] [85/459] SPPB
[20:23:17] [86/459] PMMM
[20:23:18] [87/459] GGMC
[20:23:19] [88/459] AVSR
[20:23:20] [89/459] RDMH
[20:23:20] 🔄 Identity reset
[20:23:20] 🔄 Identity rotated (every 10 requests)
[20:23:21] [90/459] JSRS
[20:23:22] [91/459] VKGP
[20:23:24] [92/459] ACRT
[20:23:25] [93/459] GCBA
[20:23:26] [94/459] GTCP
[20:23:27] [95/459] AKFC
[20:23:28] [96/459] INCS
[20:23:29] [97/459] SMCK
[20:23:30] [98/459] BRUN
[20:23:31] [99/459] RPPC
[20:23:31] 🔄 Identity reset
[20:23:31] 🔄 Identity rotated (every 10 requests)
[20:23:33] [100/459] PAYD
[20:23:34] [101/459] SVVT
[20:23:34] [102/459] RNCC
[20:23:35] [103/459] PCRC
[20:23:36] [104/459] PMRM
[20:23:37] [105/459] CCRP
[20:23:38] [106/459] INCR
[20:23:39] [107/459] ZTMP
[20:23:40] [108/459] MCNR
[20:23:41] [109/459] INRP
[20:23:41] 🔄 Identity reset
[20:23:41] 🔄 Identity rotated (every 10 requests)
[20:23:42] [110/459] STRC
[20:23:43] [111/459] RATI
[20:23:44] [112/459] PBTR
[20:23:45] [113/459] CMHP
[20:23:46] [114/459] ZECJ
[20:23:47] [115/459] CCCB
[20:23:48] [116/459] BWCB
[20:23:49] [117/459] CCAT
[20:23:50] [118/459] KGCM
[20:23:51] [119/459] INPT
[20:23:51] 🔄 Identity reset
[20:23:51] 🔄 Identity rotated (every 10 requests)
[20:23:52] [120/459] FNCO
[20:23:53] [121/459] SRMJ
[20:23:54] [122/459] PFSC
[20:23:56] [123/459] PBMC
[20:23:56] [124/459] KARP
[20:23:57] [125/459] KOVI
[20:23:58] [126/459] ACXL
[20:23:59] [127/459] GKCC
[20:24:00] [128/459] ASCC
[20:24:01] [129/459] SETC
[20:24:01] 🔄 Identity reset
[20:24:01] 🔄 Identity rotated (every 10 requests)
[20:24:02] [130/459] KACC
[20:24:02] [131/459] KAVE
[20:24:03] [132/459] CNTC
[20:24:04] [133/459] MEEN
[20:24:05] [134/459] BMRV
[20:24:06] [135/459] SVAM
[20:24:07] [136/459] VTBP
[20:24:08] [137/459] VCKN
[20:24:09] [138/459] SGTK
[20:24:10] [139/459] RCGS
[20:24:10] 🔄 Identity reset
[20:24:10] 🔄 Identity rotated (every 10 requests)
[20:24:11] [140/459] RCCB
[20:24:12] [141/459] RKSR
[20:24:13] [142/459] RKCU
[20:24:14] [143/459] GIBH
[20:24:15] [144/459] CXBS
[20:24:16] [145/459] GGCB
[20:24:17] [146/459] SCPB
[20:24:18] [147/459] AKTB
[20:24:19] [148/459] SRBU
[20:24:20] [149/459] CSSA
[20:24:20] 🔄 Identity reset
[20:24:20] 🔄 Identity rotated (every 10 requests)
[20:24:21] [150/459] MYAN
[20:24:22] [151/459] EXCA
[20:24:22] [152/459] CKSA
[20:24:24] [153/459] JTNM
[20:24:24] [154/459] CXKT
[20:24:25] [155/459] NCLM
[20:24:26] [156/459] JAAD
[20:24:27] [157/459] RDCR
[20:24:28] [158/459] MEER
[20:24:29] [159/459] SIBT
[20:24:29] 🔄 Identity reset
[20:24:29] 🔄 Identity rotated (every 10 requests)
[20:24:30] [160/459] PVVB
[20:24:31] [161/459] FNPN
[20:24:32] [162/459] CRPX
[20:24:33] [163/459] STET
[20:24:34] [164/459] METE
[20:24:35] [165/459] BJML
[20:24:36] [166/459] MAVT
[20:24:37] [167/459] MSRM
[20:24:39] [168/459] TJMP
[20:24:40] [169/459] MHCK
[20:24:40] 🔄 Identity reset
[20:24:40] 🔄 Identity rotated (every 10 requests)
[20:24:41] [170/459] SVGP
[20:24:42] [171/459] KRRC
[20:24:43] [172/459] IMCH
[20:24:44] [173/459] CMCS
[20:24:44] [174/459] SGND
[20:24:45] [175/459] RNAT
[20:24:46] [176/459] PRTN
[20:24:47] [177/459] MPTN
[20:24:48] [178/459] ARCC
[20:24:49] [179/459] NTTE
[20:24:49] 🔄 Identity reset
[20:24:49] 🔄 Identity rotated (every 10 requests)
[20:24:49] 🔄 Retry 1/5 for NTTE in 2.1s
[20:24:49] 🔄 Identity reset
[20:24:51] 🧠 New identity created
[20:24:52] [180/459] ABND
[20:24:54] [181/459] KCSN
[20:24:54] [182/459] KCSA
[20:24:55] [183/459] DCKT
[20:24:56] [184/459] MBBR
[20:24:57] [185/459] RAMU
[20:24:58] [186/459] RACW
[20:24:59] [187/459] MCHP
[20:25:00] [188/459] TMHM
[20:25:00] 🔄 Identity reset
[20:25:00] 🔄 Identity rotated (every 10 requests)
[20:25:01] [189/459] STXH
[20:25:02] [190/459] AGSG
[20:25:03] [191/459] SIRA
[20:25:05] [192/459] RCAN
[20:25:07] [193/459] CWTB
[20:25:08] [194/459] VTYM
[20:25:09] [195/459] RRPP
[20:25:10] [196/459] ASMR
[20:25:11] [197/459] RONO
[20:25:12] [198/459] MEMR
[20:25:12] 🔄 Identity reset
[20:25:12] 🔄 Identity rotated (every 10 requests)
[20:25:13] [199/459] CTMR
[20:25:14] [200/459] PMTT
[20:25:15] [201/459] PSLX
[20:25:16] [202/459] IPPL
[20:25:17] [203/459] MMSG
[20:25:18] [204/459] INEL
[20:25:19] [205/459] COAC
[20:25:20] [206/459] WVLK
[20:25:20] [207/459] PPXL
[20:25:21] [208/459] PSML
[20:25:21] 🔄 Identity reset
[20:25:21] 🔄 Identity rotated (every 10 requests)
[20:25:23] [209/459] FNLK
[20:25:24] [210/459] ILUM
[20:25:25] [211/459] ILCM
[20:25:26] [212/459] MSNL
[20:25:27] [213/459] VINB
[20:25:28] [214/459] SALW
[20:25:29] [215/459] PRTB
[20:25:30] [216/459] NCIL
[20:25:31] [217/459] PSUL
[20:25:32] [218/459] SCLK
[20:25:32] 🔄 Identity reset
[20:25:32] 🔄 Identity rotated (every 10 requests)
[20:25:33] [219/459] ADDC
[20:25:35] [220/459] OACL
[20:25:36] [221/459] OOCF
[20:25:37] [222/459] GPMF
[20:25:39] [223/459] SSDG
[20:25:40] [224/459] SKRS
[20:25:40] [225/459] NTTP
[20:25:41] [226/459] SLTP
[20:25:42] [227/459] JTLC
[20:25:44] [228/459] POON
[20:25:44] 🔄 Identity reset
[20:25:44] 🔄 Identity rotated (every 10 requests)
[20:25:45] [229/459] CCPC
[20:25:47] [230/459] DCKC
[20:25:48] [231/459] CPRT
[20:25:48] [232/459] EYHZ
[20:25:49] [233/459] ARBL
[20:25:50] [234/459] SBTB
[20:25:51] [235/459] MMCK
[20:25:52] [236/459] PLMR
[20:25:53] [237/459] BIJH
[20:25:54] [238/459] SDRT
[20:25:54] 🔄 Identity reset
[20:25:54] 🔄 Identity rotated (every 10 requests)
[20:25:55] [239/459] PRDC
[20:25:56] [240/459] OMJA
[20:25:57] [241/459] VKCR
[20:25:59] [242/459] ATRT
[20:26:00] [243/459] WVRP
[20:26:01] [244/459] MVRP
[20:26:02] [245/459] FCAX
[20:26:03] [246/459] CTLC
[20:26:04] [247/459] JCHB
[20:26:05] [248/459] SELP
[20:26:05] 🔄 Identity reset
[20:26:05] 🔄 Identity rotated (every 10 requests)
[20:26:06] [249/459] VCPG
[20:26:07] [250/459] ASCX
[20:26:08] [251/459] EOCS
[20:26:09] [252/459] RCPH
[20:26:10] [253/459] RJTM
[20:26:11] [254/459] SGMD
[20:26:12] [255/459] SVJT
[20:26:13] [256/459] SPPO
[20:26:14] [257/459] MNRL
[20:26:15] [258/459] KNOX
[20:26:15] 🔄 Identity reset
[20:26:15] 🔄 Identity rotated (every 10 requests)
[20:26:16] [259/459] GIER
[20:26:17] [260/459] PJMS
[20:26:18] [261/459] UNSP
[20:26:19] [262/459] JETP
[20:26:19] [263/459] VTWA
[20:26:20] [264/459] SCJI
[20:26:21] [265/459] CBZZ
[20:26:23] [266/459] SDCJ
[20:26:24] [267/459] RRCC
[20:26:25] [268/459] VNKG
[20:26:25] 🔄 Identity reset
[20:26:25] 🔄 Identity rotated (every 10 requests)
[20:26:26] [269/459] LKTO
[20:26:27] [270/459] PJRM
[20:26:28] [271/459] NVRM
[20:26:28] [272/459] SJCS
[20:26:30] [273/459] VIGK
[20:26:31] [274/459] ANST
[20:26:31] [275/459] JTTS
[20:26:32] [276/459] NTST
[20:26:33] [277/459] PREB
[20:26:34] [278/459] TSCZ
[20:26:34] 🔄 Identity reset
[20:26:34] 🔄 Identity rotated (every 10 requests)
[20:26:35] [279/459] CDCM
[20:26:36] [280/459] ELYE
[20:26:37] [281/459] INBS
[20:26:38] [282/459] SMGC
[20:26:39] [283/459] UTMP
[20:26:40] [284/459] INTA
[20:26:40] [285/459] OMPT
[20:26:41] [286/459] SCIR
[20:26:42] [287/459] GCKJ
[20:26:44] [288/459] INOG
[20:26:44] 🔄 Identity reset
[20:26:44] 🔄 Identity rotated (every 10 requests)
[20:26:45] [289/459] SMGB
[20:26:46] [290/459] MCSG
[20:26:47] [291/459] STKG
[20:26:48] [292/459] TTKG
[20:26:48] [293/459] SRTR
[20:26:49] [294/459] ETTR
[20:26:50] [295/459] GGGZ
[20:26:51] [296/459] IPGM
[20:26:52] [297/459] FCDH
[20:26:53] [298/459] DESB
[20:26:53] 🔄 Identity reset
[20:26:53] 🔄 Identity rotated (every 10 requests)
[20:26:54] [299/459] VNTP
[20:26:55] [300/459] ANNT
[20:26:56] [301/459] SLTI
[20:26:56] [302/459] MAJU
[20:26:57] [303/459] JCXP
[20:26:58] [304/459] HARK
[20:26:59] [305/459] JPCJ
[20:27:00] [306/459] RXBD
[20:27:01] [307/459] PTKJ
[20:27:02] [308/459] CMTU
[20:27:02] 🔄 Identity reset
[20:27:02] 🔄 Identity rotated (every 10 requests)
[20:27:03] [309/459] SWOR
[20:27:04] [310/459] JMEX
[20:27:05] [311/459] DTPT
[20:27:06] [312/459] VGMM
[20:27:07] [313/459] VCSG
[20:27:08] [314/459] CVCG
[20:27:09] [315/459] TNTT
[20:27:10] [316/459] SHRM
[20:27:11] [317/459] CGKD
[20:27:13] [318/459] EKCM
[20:27:13] 🔄 Identity reset
[20:27:13] 🔄 Identity rotated (every 10 requests)
[20:27:14] [319/459] SDCX
[20:27:15] [320/459] SBTE
[20:27:15] [321/459] STKJ
[20:27:16] [322/459] TPCE
[20:27:18] [323/459] JTNP
[20:27:19] [324/459] LPCH
[20:27:20] [325/459] CPUO
[20:27:21] [326/459] APSU
[20:27:22] [327/459] RTHC
[20:27:23] [328/459] PTBU
[20:27:23] 🔄 Identity reset
[20:27:23] 🔄 Identity rotated (every 10 requests)
[20:27:24] [329/459] CUCC
[20:27:25] [330/459] CPSA
[20:27:26] [331/459] SUAY
[20:27:27] [332/459] AYAA
[20:27:28] [333/459] MUCH
[20:27:29] [334/459] PCIN
[20:27:30] [335/459] JRRM
[20:27:31] [336/459] KATS
[20:27:32] [337/459] MHFF
[20:27:33] [338/459] ESYM
[20:27:33] 🔄 Identity reset
[20:27:33] 🔄 Identity rotated (every 10 requests)
[20:27:34] [339/459] STYV
[20:27:35] [340/459] SDKG
[20:27:36] [341/459] SMTI
[20:27:37] [342/459] NYCS
[20:27:38] [343/459] MTBG
[20:27:38] [344/459] RHCA
[20:27:39] [345/459] PCKH
[20:27:40] [346/459] ARCR
[20:27:41] [347/459] NCMB
[20:27:42] [348/459] SHYC
[20:27:42] 🔄 Identity reset
[20:27:42] 🔄 Identity rotated (every 10 requests)
[20:27:43] [349/459] LACK
[20:27:44] [350/459] MTCM
[20:27:45] [351/459] RRBN
[20:27:46] [352/459] MYDC
[20:27:47] [353/459] STCS
[20:27:48] [354/459] CONN
[20:27:49] [355/459] SIPS
[20:27:50] [356/459] SMMX
[20:27:51] [357/459] SCBY
[20:27:52] [358/459] SUAP
[20:27:52] 🔄 Identity reset
[20:27:52] 🔄 Identity rotated (every 10 requests)
[20:27:53] [359/459] RSMK
[20:27:54] [360/459] STKP
[20:27:55] [361/459] CIPC
[20:27:56] [362/459] KKCI
[20:27:57] [363/459] CTNK
[20:27:58] [364/459] MMTZ
[20:27:59] [365/459] DCCO
[20:28:00] [366/459] VNMN
[20:28:02] [367/459] RLCN
[20:28:02] [368/459] CMMS
[20:28:02] 🔄 Identity reset
[20:28:03] 🔄 Identity rotated (every 10 requests)
[20:28:03] [369/459] AYOU
[20:28:04] [370/459] SSCN
[20:28:05] [371/459] SMXN
[20:28:06] [372/459] ASSK
[20:28:07] [373/459] VCKM
[20:28:08] [374/459] PCPH
[20:28:09] [375/459] PADM
[20:28:10] [376/459] IESA
[20:28:11] [377/459] VCSP
[20:28:12] [378/459] AEST
[20:28:12] 🔄 Identity reset
[20:28:12] 🔄 Identity rotated (every 10 requests)
[20:28:13] [379/459] VTNR
[20:28:14] [380/459] GTTA
[20:28:15] [381/459] CMMM
[20:28:16] [382/459] AHKT
[20:28:17] [383/459] SIJI
[20:28:18] [384/459] VCEI
[20:28:19] [385/459] SAKR
[20:28:20] [386/459] VSMT
[20:28:21] [387/459] SSCT
[20:28:22] [388/459] USTR
[20:28:22] 🔄 Identity reset
[20:28:22] 🔄 Identity rotated (every 10 requests)
[20:28:23] [389/459] MTKT
[20:28:24] [390/459] TGMP
[20:28:25] [391/459] SIVC
[20:28:26] [392/459] KICT
[20:28:27] [393/459] DAMD
[20:28:27] [394/459] CNPT
[20:28:28] [395/459] RVTT
[20:28:29] [396/459] SNCM
[20:28:30] [397/459] GHTE
[20:28:31] [398/459] PPAM
[20:28:31] 🔄 Identity reset
[20:28:31] 🔄 Identity rotated (every 10 requests)
[20:28:32] [399/459] PVAA
[20:28:33] [400/459] CPAO
[20:28:34] [401/459] HAMD
[20:28:35] [402/459] RCCA
[20:28:36] [403/459] MPCH
[20:28:37] [404/459] ARED
[20:28:39] [405/459] RRCV
[20:28:39] [406/459] MTRB
[20:28:40] [407/459] CKUA
[20:28:42] [408/459] ABMP
[20:28:42] 🔄 Identity reset
[20:28:42] 🔄 Identity rotated (every 10 requests)
[20:28:42] [409/459] RCWA
[20:28:43] [410/459] CGAR
[20:28:44] [411/459] METH
[20:28:45] [412/459] WAGA
[20:28:47] [413/459] MCMA
[20:28:48] [414/459] CSMP
[20:28:48] [415/459] RCNK
[20:28:49] [416/459] PSTM
[20:28:50] [417/459] CSEP
[20:28:51] [418/459] AMGD
[20:28:51] 🔄 Identity reset
[20:28:51] 🔄 Identity rotated (every 10 requests)
[20:28:52] [419/459] CSTE
[20:28:53] [420/459] CONS
[20:28:54] [421/459] APPX
[20:28:55] [422/459] MABC
[20:28:56] [423/459] CXST
[20:28:57] [424/459] MATN
[20:28:58] [425/459] MACZ
[20:28:59] [426/459] MASA
[20:29:00] [427/459] MBSX
[20:29:01] [428/459] CSST
[20:29:01] 🔄 Identity reset
[20:29:01] 🔄 Identity rotated (every 10 requests)
[20:29:01] 🔄 Retry 1/5 for CSST in 2.0s
[20:29:01] 🔄 Identity reset
[20:29:03] 🧠 New identity created
[20:29:03] 🔄 Retry 2/5 for CSST in 4.8s
[20:29:03] 🔄 Identity reset
[20:29:08] 🧠 New identity created
[20:29:09] [429/459] APCL
[20:29:10] [430/459] CGOS
[20:29:12] [431/459] CPEC
[20:29:13] [432/459] MCCP
[20:29:14] [433/459] BSSO
[20:29:15] [434/459] SJKA
[20:29:17] [435/459] CGBO
[20:29:18] [436/459] MVSK
[20:29:18] 🔄 Identity reset
[20:29:18] 🔄 Identity rotated (every 10 requests)
[20:29:20] [437/459] HVCA
[20:29:21] [438/459] NAMD
[20:29:21] [439/459] DEVI
[20:29:22] [440/459] SCSV
[20:29:24] [441/459] PSMA
[20:29:25] [442/459] CLDJ
[20:29:26] [443/459] NMAD
[20:29:27] [444/459] CGMO
[20:29:28] [445/459] MCNA
[20:29:30] [446/459] OCBN
[20:29:30] 🔄 Identity reset
[20:29:30] 🔄 Identity rotated (every 10 requests)
[20:29:31] [447/459] CPEM
[20:29:32] [448/459] CPSM
[20:29:33] [449/459] RCAD
[20:29:34] [450/459] CPMU
[20:29:34] [451/459] DICD
[20:29:36] [452/459] CHOE
[20:29:36] [453/459] PDJM
[20:29:38] [454/459] SSTU
[20:29:40] [455/459] VNRN
[20:29:40] [456/459] PVLG
[20:29:40] 🔄 Identity reset
[20:29:40] 🔄 Identity rotated (every 10 requests)
[20:29:41] [457/459] SWBL
[20:29:42] [458/459] SCAB
[20:29:43] [459/459] RDDA
[20:29:44] 🧹 Deduping shows
[20:29:45] ✅ DONE | Shows=4199 | Movies=82
[20:59:10] 🚀 SCRIPT STARTED
[20:59:10] [1/459] MCCZ
[20:59:10] 🧠 New identity created
[20:59:11] [2/459] FRPU
[20:59:12] [3/459] SKSI
[20:59:13] [4/459] SSCK
[20:59:14] [5/459] SRDC
[20:59:15] [6/459] RSCZ
[20:59:16] [7/459] PRVT
[20:59:16] [8/459] GAGJ
[20:59:17] [9/459] SMHG
[20:59:18] [10/459] JTST
[20:59:18] 🔄 Identity reset
[20:59:18] 🔄 Identity rotated (every 10 requests)
[20:59:19] [11/459] MYTH
[20:59:20] [12/459] JPCC
[20:59:21] [13/459] ACDC
[20:59:22] [14/459] SVFP
[20:59:23] [15/459] SFCM
[20:59:24] [16/459] RUPK
[20:59:25] [17/459] NTCR
[20:59:26] [18/459] RTCH
[20:59:27] [19/459] SCMH
[20:59:28] [20/459] SVYM
[20:59:28] 🔄 Identity reset
[20:59:28] 🔄 Identity rotated (every 10 requests)
[20:59:28] 🔄 Retry 1/5 for SVYM in 3.0s
[20:59:28] 🔄 Identity reset
[20:59:31] 🧠 New identity created
[20:59:32] [21/459] SPYM
[20:59:33] [22/459] SMMF
[20:59:34] [23/459] CLLB
[20:59:34] [24/459] FMCB
[20:59:36] [25/459] BBTC
[20:59:37] [26/459] NTHS
[20:59:38] [27/459] PKKJ
[20:59:38] [28/459] MTJA
[20:59:39] [29/459] PMSJ
[20:59:39] 🔄 Identity reset
[20:59:39] 🔄 Identity rotated (every 10 requests)
[20:59:41] [30/459] JMJU
[20:59:41] [31/459] SRAD
[20:59:42] [32/459] MJMC
[20:59:44] [33/459] DFRM
[20:59:45] [34/459] PMRS
[20:59:47] [35/459] RKPP
[20:59:48] [36/459] BMBK
[20:59:49] [37/459] NEWS
[20:59:50] [38/459] SALB
[20:59:50] [39/459] SCPW
[20:59:50] 🔄 Identity reset
[20:59:50] 🔄 Identity rotated (every 10 requests)
[20:59:51] [40/459] RAYL
[20:59:52] [41/459] CMGJ
[20:59:53] [42/459] JRCR
[20:59:54] [43/459] SRTB
[20:59:55] [44/459] ETPB
[20:59:56] [45/459] MXBN
[20:59:57] [46/459] TOPE
[20:59:58] [47/459] SNLJ
[20:59:59] [48/459] CDDP
[21:00:00] [49/459] APCX
[21:00:00] 🔄 Identity reset
[21:00:00] 🔄 Identity rotated (every 10 requests)
[21:00:01] [50/459] TALP
[21:00:02] [51/459] RRMP
[21:00:03] [52/459] MAHB
[21:00:03] [53/459] MTKR
[21:00:04] [54/459] KSKL
[21:00:05] [55/459] RJLT
[21:00:06] [56/459] ATAS
[21:00:07] [57/459] AMHR
[21:00:07] [58/459] RSRM
[21:00:09] [59/459] GCAT
[21:00:09] 🔄 Identity reset
[21:00:09] 🔄 Identity rotated (every 10 requests)
[21:00:10] [60/459] SMML
[21:00:11] [61/459] ACCD
[21:00:11] [62/459] VYDA
[21:00:12] [63/459] MSKT
[21:00:13] [64/459] AVDM
[21:00:14] [65/459] ASMH
[21:00:15] [66/459] VTMB
[21:00:16] [67/459] WVMB
[21:00:17] [68/459] PPMN
[21:00:18] [69/459] MTMD
[21:00:18] 🔄 Identity reset
[21:00:18] 🔄 Identity rotated (every 10 requests)
[21:00:19] [70/459] SMMO
[21:00:20] [71/459] DLPB
[21:00:21] [72/459] AKMD
[21:00:23] [73/459] SHRR
[21:00:23] [74/459] ASCO
[21:00:24] [75/459] CZVX
[21:00:25] [76/459] GCBB
[21:00:27] [77/459] ATBM
[21:00:28] [78/459] TCGM
[21:00:28] [79/459] UMSE
[21:00:28] 🔄 Identity reset
[21:00:28] 🔄 Identity rotated (every 10 requests)
[21:00:29] [80/459] NKCL
[21:00:31] [81/459] BTLR
[21:00:33] [82/459] GOCL
[21:00:34] [83/459] MIRN
[21:00:35] [84/459] THEC
[21:00:37] [85/459] SPPB
[21:00:37] [86/459] PMMM
[21:00:39] [87/459] GGMC
[21:00:40] [88/459] AVSR
[21:00:41] [89/459] RDMH
[21:00:41] 🔄 Identity reset
[21:00:41] 🔄 Identity rotated (every 10 requests)
[21:00:42] [90/459] JSRS
[21:00:43] [91/459] VKGP
[21:00:43] [92/459] ACRT
[21:00:44] [93/459] GCBA
[21:00:45] [94/459] GTCP
[21:00:46] [95/459] AKFC
[21:00:47] [96/459] INCS
[21:00:48] [97/459] SMCK
[21:00:49] [98/459] BRUN
[21:00:49] [99/459] RPPC
[21:00:49] 🔄 Identity reset
[21:00:50] 🔄 Identity rotated (every 10 requests)
[21:00:51] [100/459] PAYD
[21:00:52] [101/459] SVVT
[21:00:53] [102/459] RNCC
[21:00:54] [103/459] PCRC
[21:00:54] [104/459] PMRM
[21:00:55] [105/459] CCRP
[21:00:56] [106/459] INCR
[21:00:57] [107/459] ZTMP
[21:00:58] [108/459] MCNR
[21:00:59] [109/459] INRP
[21:00:59] 🔄 Identity reset
[21:00:59] 🔄 Identity rotated (every 10 requests)
[21:01:00] [110/459] STRC
[21:01:01] [111/459] RATI
[21:01:02] [112/459] PBTR
[21:01:03] [113/459] CMHP
[21:01:04] [114/459] ZECJ
[21:01:04] [115/459] CCCB
[21:01:05] [116/459] BWCB
[21:01:06] [117/459] CCAT
[21:01:07] [118/459] KGCM
[21:01:08] [119/459] INPT
[21:01:08] 🔄 Identity reset
[21:01:08] 🔄 Identity rotated (every 10 requests)
[21:01:08] 🔄 Retry 1/5 for INPT in 2.6s
[21:01:08] 🔄 Identity reset
[21:01:10] 🧠 New identity created
[21:01:11] [120/459] FNCO
[21:01:12] [121/459] SRMJ
[21:01:13] [122/459] PFSC
[21:01:14] [123/459] PBMC
[21:01:15] [124/459] KARP
[21:01:16] [125/459] KOVI
[21:01:17] [126/459] ACXL
[21:01:18] [127/459] GKCC
[21:01:19] [128/459] ASCC
[21:01:19] 🔄 Identity reset
[21:01:19] 🔄 Identity rotated (every 10 requests)
[21:01:20] [129/459] SETC
[21:01:20] [130/459] KACC
[21:01:21] [131/459] KAVE
[21:01:22] [132/459] CNTC
[21:01:24] [133/459] MEEN
[21:01:25] [134/459] BMRV
[21:01:25] [135/459] SVAM
[21:01:26] [136/459] VTBP
[21:01:27] [137/459] VCKN
[21:01:28] [138/459] SGTK
[21:01:28] 🔄 Identity reset
[21:01:28] 🔄 Identity rotated (every 10 requests)
[21:01:28] 🔄 Retry 1/5 for SGTK in 2.9s
[21:01:28] 🔄 Identity reset
[21:01:31] 🧠 New identity created
[21:01:32] [139/459] RCGS
[21:01:33] [140/459] RCCB
[21:01:34] [141/459] RKSR
[21:01:35] [142/459] RKCU
[21:01:36] [143/459] GIBH
[21:01:36] [144/459] CXBS
[21:01:37] [145/459] GGCB
[21:01:38] [146/459] SCPB
[21:01:39] [147/459] AKTB
[21:01:39] 🔄 Identity reset
[21:01:39] 🔄 Identity rotated (every 10 requests)
[21:01:39] 🔄 Retry 1/5 for AKTB in 2.8s
[21:01:39] 🔄 Identity reset
[21:01:42] 🧠 New identity created
[21:01:43] [148/459] SRBU
[21:01:44] [149/459] CSSA
[21:01:44] [150/459] MYAN
[21:01:45] [151/459] EXCA
[21:01:46] [152/459] CKSA
[21:01:47] [153/459] JTNM
[21:01:48] [154/459] CXKT
[21:01:50] [155/459] NCLM
[21:01:51] [156/459] JAAD
[21:01:51] 🔄 Identity reset
[21:01:51] 🔄 Identity rotated (every 10 requests)
[21:01:52] [157/459] RDCR
[21:01:53] [158/459] MEER
[21:01:54] [159/459] SIBT
[21:01:55] [160/459] PVVB
[21:01:56] [161/459] FNPN
[21:01:58] [162/459] CRPX
[21:01:58] [163/459] STET
[21:01:59] [164/459] METE
[21:02:00] [165/459] BJML
[21:02:01] [166/459] MAVT
[21:02:01] 🔄 Identity reset
[21:02:01] 🔄 Identity rotated (every 10 requests)
[21:02:02] [167/459] MSRM
[21:02:03] [168/459] TJMP
[21:02:05] [169/459] MHCK
[21:02:05] [170/459] SVGP
[21:02:06] [171/459] KRRC
[21:02:07] [172/459] IMCH
[21:02:08] [173/459] CMCS
[21:02:09] [174/459] SGND
[21:02:10] [175/459] RNAT
[21:02:11] [176/459] PRTN
[21:02:11] 🔄 Identity reset
[21:02:11] 🔄 Identity rotated (every 10 requests)
[21:02:12] [177/459] MPTN
[21:02:13] [178/459] ARCC
[21:02:14] [179/459] NTTE
[21:02:15] [180/459] ABND
[21:02:16] [181/459] KCSN
[21:02:17] [182/459] KCSA
[21:02:18] [183/459] DCKT
[21:02:19] [184/459] MBBR
[21:02:20] [185/459] RAMU
[21:02:22] [186/459] RACW
[21:02:22] 🔄 Identity reset
[21:02:22] 🔄 Identity rotated (every 10 requests)
[21:02:23] [187/459] MCHP
[21:02:25] [188/459] TMHM
[21:02:26] [189/459] STXH
[21:02:27] [190/459] AGSG
[21:02:27] [191/459] SIRA
[21:02:29] [192/459] RCAN
[21:02:30] [193/459] CWTB
[21:02:31] [194/459] VTYM
[21:02:32] [195/459] RRPP
[21:02:33] [196/459] ASMR
[21:02:33] 🔄 Identity reset
[21:02:33] 🔄 Identity rotated (every 10 requests)
[21:02:33] [197/459] RONO
[21:02:35] [198/459] MEMR
[21:02:36] [199/459] CTMR
[21:02:36] [200/459] PMTT
[21:02:38] [201/459] PSLX
[21:02:39] [202/459] IPPL
[21:02:41] [203/459] MMSG
[21:02:42] [204/459] INEL
[21:02:42] [205/459] COAC
[21:02:43] [206/459] WVLK
[21:02:43] 🔄 Identity reset
[21:02:43] 🔄 Identity rotated (every 10 requests)
[21:02:44] [207/459] PPXL
[21:02:45] [208/459] PSML
[21:02:46] [209/459] FNLK
[21:02:47] [210/459] ILUM
[21:02:48] [211/459] ILCM
[21:02:49] [212/459] MSNL
[21:02:50] [213/459] VINB
[21:02:51] [214/459] SALW
[21:02:51] [215/459] PRTB
[21:02:52] [216/459] NCIL
[21:02:52] 🔄 Identity reset
[21:02:52] 🔄 Identity rotated (every 10 requests)
[21:02:52] 🔄 Retry 1/5 for NCIL in 2.3s
[21:02:52] 🔄 Identity reset
[21:02:55] 🧠 New identity created
[21:02:55] 🔄 Retry 2/5 for NCIL in 4.0s
[21:02:55] 🔄 Identity reset
[21:02:59] 🧠 New identity created
[21:03:00] [217/459] PSUL
[21:03:00] [218/459] SCLK
[21:03:01] [219/459] ADDC
[21:03:02] [220/459] OACL
[21:03:03] [221/459] OOCF
[21:03:04] [222/459] GPMF
[21:03:04] [223/459] SSDG
[21:03:06] [224/459] SKRS
[21:03:06] 🔄 Identity reset
[21:03:06] 🔄 Identity rotated (every 10 requests)
[21:03:07] [225/459] NTTP
[21:03:08] [226/459] SLTP
[21:03:09] [227/459] JTLC
[21:03:10] [228/459] POON
[21:03:11] [229/459] CCPC
[21:03:12] [230/459] DCKC
[21:03:13] [231/459] CPRT
[21:03:13] [232/459] EYHZ
[21:03:14] [233/459] ARBL
[21:03:15] [234/459] SBTB
[21:03:15] 🔄 Identity reset
[21:03:15] 🔄 Identity rotated (every 10 requests)
[21:03:16] [235/459] MMCK
[21:03:17] [236/459] PLMR
[21:03:18] [237/459] BIJH
[21:03:18] [238/459] SDRT
[21:03:19] [239/459] PRDC
[21:03:20] [240/459] OMJA
[21:03:21] [241/459] VKCR
[21:03:22] [242/459] ATRT
[21:03:23] [243/459] WVRP
[21:03:24] [244/459] MVRP
[21:03:24] 🔄 Identity reset
[21:03:24] 🔄 Identity rotated (every 10 requests)
[21:03:25] [245/459] FCAX
[21:03:26] [246/459] CTLC
[21:03:26] [247/459] JCHB
[21:03:27] [248/459] SELP
[21:03:28] [249/459] VCPG
[21:03:29] [250/459] ASCX
[21:03:30] [251/459] EOCS
[21:03:30] [252/459] RCPH
[21:03:32] [253/459] RJTM
[21:03:33] [254/459] SGMD
[21:03:33] 🔄 Identity reset
[21:03:33] 🔄 Identity rotated (every 10 requests)
[21:03:33] 🔄 Retry 1/5 for SGMD in 2.8s
[21:03:33] 🔄 Identity reset
[21:03:35] 🧠 New identity created
[21:03:35] 🔄 Retry 2/5 for SGMD in 4.2s
[21:03:35] 🔄 Identity reset
[21:03:40] 🧠 New identity created
[21:03:40] 🔄 Retry 3/5 for SGMD in 8.7s
[21:03:40] 🔄 Identity reset
[21:03:48] 🧠 New identity created
[21:03:49] [255/459] SVJT
[21:03:50] [256/459] SPPO
[21:03:51] [257/459] MNRL
[21:03:52] [258/459] KNOX
[21:03:52] [259/459] GIER
[21:03:53] [260/459] PJMS
[21:03:54] [261/459] UNSP
[21:03:54] 🔄 Identity reset
[21:03:54] 🔄 Identity rotated (every 10 requests)
[21:03:55] [262/459] JETP
[21:03:55] [263/459] VTWA
[21:03:56] [264/459] SCJI
[21:03:57] [265/459] CBZZ
[21:03:58] [266/459] SDCJ
[21:03:59] [267/459] RRCC
[21:04:00] [268/459] VNKG
[21:04:01] [269/459] LKTO
[21:04:01] [270/459] PJRM
[21:04:02] [271/459] NVRM
[21:04:02] 🔄 Identity reset
[21:04:02] 🔄 Identity rotated (every 10 requests)
[21:04:03] [272/459] SJCS
[21:04:04] [273/459] VIGK
[21:04:05] [274/459] ANST
[21:04:06] [275/459] JTTS
[21:04:07] [276/459] NTST
[21:04:07] [277/459] PREB
[21:04:08] [278/459] TSCZ
[21:04:10] [279/459] CDCM
[21:04:10] [280/459] ELYE
[21:04:11] [281/459] INBS
[21:04:11] 🔄 Identity reset
[21:04:11] 🔄 Identity rotated (every 10 requests)
[21:04:12] [282/459] SMGC
[21:04:13] [283/459] UTMP
[21:04:14] [284/459] INTA
[21:04:15] [285/459] OMPT
[21:04:16] [286/459] SCIR
[21:04:17] [287/459] GCKJ
[21:04:19] [288/459] INOG
[21:04:19] [289/459] SMGB
[21:04:20] [290/459] MCSG
[21:04:21] [291/459] STKG
[21:04:21] 🔄 Identity reset
[21:04:21] 🔄 Identity rotated (every 10 requests)
[21:04:21] 🔄 Retry 1/5 for STKG in 2.4s
[21:04:21] 🔄 Identity reset
[21:04:23] 🧠 New identity created
[21:04:23] 🔄 Retry 2/5 for STKG in 4.6s
[21:04:23] 🔄 Identity reset
[21:04:28] 🧠 New identity created
[21:04:29] [292/459] TTKG
[21:04:29] [293/459] SRTR
[21:04:30] [294/459] ETTR
[21:04:31] [295/459] GGGZ
[21:04:32] [296/459] IPGM
[21:04:32] [297/459] FCDH
[21:04:33] [298/459] DESB
[21:04:34] [299/459] VNTP
[21:04:34] 🔄 Identity reset
[21:04:34] 🔄 Identity rotated (every 10 requests)
[21:04:34] 🔄 Retry 1/5 for VNTP in 2.8s
[21:04:34] 🔄 Identity reset
[21:04:37] 🧠 New identity created
[21:04:38] [300/459] ANNT
[21:04:38] [301/459] SLTI
[21:04:39] [302/459] MAJU
[21:04:40] [303/459] JCXP
[21:04:41] [304/459] HARK
[21:04:42] [305/459] JPCJ
[21:04:43] [306/459] RXBD
[21:04:43] [307/459] PTKJ
[21:04:44] [308/459] CMTU
[21:04:44] 🔄 Identity reset
[21:04:44] 🔄 Identity rotated (every 10 requests)
[21:04:46] [309/459] SWOR
[21:04:47] [310/459] JMEX
[21:04:47] [311/459] DTPT
[21:04:48] [312/459] VGMM
[21:04:49] [313/459] VCSG
[21:04:50] [314/459] CVCG
[21:04:51] [315/459] TNTT
[21:04:51] [316/459] SHRM
[21:04:52] [317/459] CGKD
[21:04:52] [318/459] EKCM
[21:04:52] 🔄 Identity reset
[21:04:53] 🔄 Identity rotated (every 10 requests)
[21:04:53] [319/459] SDCX
[21:04:55] [320/459] SBTE
[21:04:56] [321/459] STKJ
[21:04:56] [322/459] TPCE
[21:04:57] [323/459] JTNP
[21:04:58] [324/459] LPCH
[21:04:59] [325/459] CPUO
[21:05:00] [326/459] APSU
[21:05:01] [327/459] RTHC
[21:05:02] [328/459] PTBU
[21:05:02] 🔄 Identity reset
[21:05:02] 🔄 Identity rotated (every 10 requests)
[21:05:02] [329/459] CUCC
[21:05:03] [330/459] CPSA
[21:05:03] [331/459] SUAY
[21:05:04] [332/459] AYAA
[21:05:05] [333/459] MUCH
[21:05:06] [334/459] PCIN
[21:05:06] [335/459] JRRM
[21:05:07] [336/459] KATS
[21:05:08] [337/459] MHFF
[21:05:09] [338/459] ESYM
[21:05:09] 🔄 Identity reset
[21:05:09] 🔄 Identity rotated (every 10 requests)
[21:05:10] [339/459] STYV
[21:05:10] [340/459] SDKG
[21:05:11] [341/459] SMTI
[21:05:12] [342/459] NYCS
[21:05:13] [343/459] MTBG
[21:05:14] [344/459] RHCA
[21:05:14] [345/459] PCKH
[21:05:15] [346/459] ARCR
[21:05:16] [347/459] NCMB
[21:05:16] [348/459] SHYC
[21:05:16] 🔄 Identity reset
[21:05:16] 🔄 Identity rotated (every 10 requests)
[21:05:17] [349/459] LACK
[21:05:18] [350/459] MTCM
[21:05:19] [351/459] RRBN
[21:05:20] [352/459] MYDC
[21:05:20] [353/459] STCS
[21:05:21] [354/459] CONN
[21:05:21] [355/459] SIPS
[21:05:22] [356/459] SMMX
[21:05:23] [357/459] SCBY
[21:05:23] [358/459] SUAP
[21:05:23] 🔄 Identity reset
[21:05:23] 🔄 Identity rotated (every 10 requests)
[21:05:24] [359/459] RSMK
[21:05:25] [360/459] STKP
[21:05:25] [361/459] CIPC
[21:05:26] [362/459] KKCI
[21:05:27] [363/459] CTNK
[21:05:28] [364/459] MMTZ
[21:05:28] [365/459] DCCO
[21:05:29] [366/459] VNMN
[21:05:30] [367/459] RLCN
[21:05:30] [368/459] CMMS
[21:05:30] 🔄 Identity reset
[21:05:31] 🔄 Identity rotated (every 10 requests)
[21:05:31] [369/459] AYOU
[21:05:32] [370/459] SSCN
[21:05:32] [371/459] SMXN
[21:05:33] [372/459] ASSK
[21:05:34] [373/459] VCKM
[21:05:35] [374/459] PCPH
[21:05:36] [375/459] PADM
[21:05:36] [376/459] IESA
[21:05:37] [377/459] VCSP
[21:05:38] [378/459] AEST
[21:05:38] 🔄 Identity reset
[21:05:38] 🔄 Identity rotated (every 10 requests)
[21:05:39] [379/459] VTNR
[21:05:40] [380/459] GTTA
[21:05:41] [381/459] CMMM
[21:05:42] [382/459] AHKT
[21:05:43] [383/459] SIJI
[21:05:44] [384/459] VCEI
[21:05:46] [385/459] SAKR
[21:05:47] [386/459] VSMT
[21:05:47] [387/459] SSCT
[21:05:48] [388/459] USTR
[21:05:48] 🔄 Identity reset
[21:05:48] 🔄 Identity rotated (every 10 requests)
[21:05:49] [389/459] MTKT
[21:05:50] [390/459] TGMP
[21:05:50] [391/459] SIVC
[21:05:51] [392/459] KICT
[21:05:52] [393/459] DAMD
[21:05:53] [394/459] CNPT
[21:05:54] [395/459] RVTT
[21:05:54] [396/459] SNCM
[21:05:55] [397/459] GHTE
[21:05:56] [398/459] PPAM
[21:05:56] 🔄 Identity reset
[21:05:56] 🔄 Identity rotated (every 10 requests)
[21:05:57] [399/459] PVAA
[21:05:58] [400/459] CPAO
[21:05:58] [401/459] HAMD
[21:05:59] [402/459] RCCA
[21:06:00] [403/459] MPCH
[21:06:00] [404/459] ARED
[21:06:01] [405/459] RRCV
[21:06:02] [406/459] MTRB
[21:06:03] [407/459] CKUA
[21:06:04] [408/459] ABMP
[21:06:04] 🔄 Identity reset
[21:06:04] 🔄 Identity rotated (every 10 requests)
[21:06:05] [409/459] RCWA
[21:06:05] [410/459] CGAR
[21:06:06] [411/459] METH
[21:06:07] [412/459] WAGA
[21:06:09] [413/459] MCMA
[21:06:09] [414/459] CSMP
[21:06:10] [415/459] RCNK
[21:06:11] [416/459] PSTM
[21:06:12] [417/459] CSEP
[21:06:12] [418/459] AMGD
[21:06:12] 🔄 Identity reset
[21:06:12] 🔄 Identity rotated (every 10 requests)
[21:06:13] [419/459] CSTE
[21:06:14] [420/459] CONS
[21:06:15] [421/459] APPX
[21:06:16] [422/459] MABC
[21:06:16] [423/459] CXST
[21:06:17] [424/459] MATN
[21:06:18] [425/459] MACZ
[21:06:19] [426/459] MASA
[21:06:20] [427/459] MBSX
[21:06:20] [428/459] CSST
[21:06:20] 🔄 Identity reset
[21:06:20] 🔄 Identity rotated (every 10 requests)
[21:06:21] [429/459] APCL
[21:06:22] [430/459] CGOS
[21:06:23] [431/459] CPEC
[21:06:24] [432/459] MCCP
[21:06:25] [433/459] BSSO
[21:06:26] [434/459] SJKA
[21:06:26] [435/459] CGBO
[21:06:28] [436/459] MVSK
[21:06:29] [437/459] HVCA
[21:06:30] [438/459] NAMD
[21:06:30] 🔄 Identity reset
[21:06:30] 🔄 Identity rotated (every 10 requests)
[21:06:31] [439/459] DEVI
[21:06:32] [440/459] SCSV
[21:06:33] [441/459] PSMA
[21:06:34] [442/459] CLDJ
[21:06:35] [443/459] NMAD
[21:06:36] [444/459] CGMO
[21:06:37] [445/459] MCNA
[21:06:37] [446/459] OCBN
[21:06:38] [447/459] CPEM
[21:06:39] [448/459] CPSM
[21:06:39] 🔄 Identity reset
[21:06:39] 🔄 Identity rotated (every 10 requests)
[21:06:40] [449/459] RCAD
[21:06:41] [450/459] CPMU
[21:06:41] [451/459] DICD
[21:06:42] [452/459] CHOE
[21:06:43] [453/459] PDJM
[21:06:44] [454/459] SSTU
[21:06:45] [455/459] VNRN
[21:06:45] [456/459] PVLG
[21:06:46] [457/459] SWBL
[21:06:47] [458/459] SCAB
[21:06:47] 🔄 Identity reset
[21:06:47] 🔄 Identity rotated (every 10 requests)
[21:06:48] [459/459] RDDA
[21:06:48] 🧹 Deduping shows
[21:06:48] ✅ DONE | Shows=4207 | Movies=82
