[04:43:56] 🚀 SCRIPT STARTED (enhanced anti‑detection)
[04:43:56] [1/322] CDCA
[04:43:57] 🧠 New identity created
[04:43:57] [2/322] VBCZ
[04:43:58] [3/322] MSDR
[04:43:59] [4/322] ACPV
[04:44:00] [5/322] PVHB
[04:44:01] [6/322] RCNH
[04:44:02] [7/322] IOMH
[04:44:03] [8/322] ILKS
[04:44:04] [9/322] AMSN
[04:44:05] [10/322] ANTP
[04:44:05] 🔄 Identity reset
[04:44:05] 🔄 Identity rotated (every 10 requests)
[04:44:06] [11/322] SSEK
[04:44:07] [12/322] PICP
[04:44:08] [13/322] SICO
[04:44:08] [14/322] SISP
[04:44:09] [15/322] SCPI
[04:44:10] [16/322] CRPR
[04:44:11] [17/322] DCTW
[04:44:12] [18/322] DCSP
[04:44:13] [19/322] KRPM
[04:44:14] [20/322] THKK
[04:44:15] 🔄 Identity reset
[04:44:15] 🔄 Identity rotated (every 10 requests)
[04:44:15] [21/322] SNMY
[04:44:16] [22/322] AKCC
[04:44:17] [23/322] PCAT
[04:44:18] [24/322] RFGO
[04:44:19] [25/322] GGCS
[04:44:20] [26/322] ACKR
[04:44:21] [27/322] STDO
[04:44:22] [28/322] ACKB
[04:44:22] [29/322] ALUC
[04:44:23] [30/322] MNSR
[04:44:24] 🔄 Identity reset
[04:44:24] 🔄 Identity rotated (every 10 requests)
[04:44:25] [31/322] CSSL
[04:44:26] [32/322] BGGM
[04:44:27] [33/322] MANT
[04:44:27] [34/322] SOOY
[04:44:28] [35/322] VPPK
[04:44:30] [36/322] MYHJ
[04:44:31] [37/322] KSCK
[04:44:32] [38/322] KATK
[04:44:32] [39/322] RTRT
[04:44:33] [40/322] SSTT
[04:44:34] 🔄 Identity reset
[04:44:34] 🔄 Identity rotated (every 10 requests)
[04:44:34] [41/322] SSTV
[04:44:35] [42/322] LACM
[04:44:36] [43/322] SGMG
[04:44:37] [44/322] KACX
[04:44:38] [45/322] GVCP
[04:44:39] [46/322] CSNC
[04:44:41] [47/322] SXCB
[04:44:42] [48/322] BAHS
[04:44:42] [49/322] PCBI
[04:44:43] [50/322] PSSM
[04:44:44] 🔄 Identity reset
[04:44:44] 🔄 Identity rotated (every 10 requests)
[04:44:44] [51/322] RCOK
[04:44:45] [52/322] SCPF
[04:44:46] [53/322] SSAS
[04:44:47] [54/322] EVMM
[04:44:48] [55/322] SYCB
[04:44:49] [56/322] GCKI
[04:44:50] [57/322] IAET
[04:44:51] [58/322] DDTD
[04:44:52] [59/322] GMDH
[04:44:53] [60/322] STLE
[04:44:54] 🔄 Identity reset
[04:44:54] 🔄 Identity rotated (every 10 requests)
[04:44:54] [61/322] JTRA
[04:44:55] [62/322] RPPA
[04:44:56] [63/322] ARUT
[04:44:57] [64/322] JTVM
[04:44:58] [65/322] SWRH
[04:44:59] [66/322] DCPC
[04:45:00] [67/322] RAPR
[04:45:01] [68/322] GCRT
[04:45:02] [69/322] ATUN
[04:45:03] [70/322] LTRM
[04:45:04] 🔄 Identity reset
[04:45:04] 🔄 Identity rotated (every 10 requests)
[04:45:04] [71/322] TASR
[04:45:05] [72/322] RLLC
[04:45:06] [73/322] MABI
[04:45:07] [74/322] SVHB
[04:45:08] [75/322] NVTB
[04:45:08] [76/322] KCKG
[04:45:09] [77/322] SSRN
[04:45:10] [78/322] VDDC
[04:45:11] [79/322] GKTK
[04:45:12] [80/322] YFSN
[04:45:13] 🔄 Identity reset
[04:45:13] 🔄 Identity rotated (every 10 requests)
[04:45:13] [81/322] GCSG
[04:45:14] [82/322] ESSM
[04:45:15] [83/322] KRIH
[04:45:16] [84/322] GCDS
[04:45:17] [85/322] CCSH
[04:45:18] [86/322] ACSK
[04:45:19] [87/322] APRK
[04:45:20] [88/322] ADKM
[04:45:22] [89/322] SRDM
[04:45:23] [90/322] SJMY
[04:45:23] 🔄 Identity reset
[04:45:23] 🔄 Identity rotated (every 10 requests)
[04:45:24] [91/322] PGGC
[04:45:25] [92/322] INGM
[04:45:26] [93/322] LSCB
[04:45:27] [94/322] STAD
[04:45:28] [95/322] MCCR
[04:45:29] [96/322] ABCC
[04:45:29] [97/322] RKCC
[04:45:30] [98/322] RTCR
[04:45:31] [99/322] GGBC
[04:45:32] [100/322] GCSD
[04:45:33] 🔄 Identity reset
[04:45:33] 🔄 Identity rotated (every 10 requests)
[04:45:33] [101/322] LPTY
[04:45:34] [102/322] MCFD
[04:45:35] [103/322] HENN
[04:45:36] [104/322] SMKU
[04:45:37] [105/322] TNZC
[04:45:39] [106/322] DRCD
[04:45:40] [107/322] DLCD
[04:45:41] [108/322] RCDA
[04:45:41] [109/322] COSM
[04:45:42] [110/322] MCMJ
[04:45:43] 🔄 Identity reset
[04:45:43] 🔄 Identity rotated (every 10 requests)
[04:45:43] [111/322] CSTR
[04:45:44] [112/322] CVDK
[04:45:45] [113/322] INRR
[04:45:47] [114/322] RJRT
[04:45:48] [115/322] IRMR
[04:45:49] [116/322] SRCF
[04:45:50] [117/322] GRCR
[04:45:50] [118/322] SURC
[04:45:51] [119/322] NMNH
[04:45:52] [120/322] SVBL
[04:45:53] 🔄 Identity reset
[04:45:53] 🔄 Identity rotated (every 10 requests)
[04:45:53] [121/322] KACI
[04:45:54] [122/322] TDGO
[04:45:55] [123/322] KTBR
[04:45:56] [124/322] PMAD
[04:45:57] [125/322] CCPN
[04:45:58] [126/322] SBTK
[04:45:59] [127/322] LMDK
[04:46:00] [128/322] PGDA
[04:46:01] [129/322] SRML
[04:46:02] [130/322] EVCK
[04:46:03] 🔄 Identity reset
[04:46:03] 🔄 Identity rotated (every 10 requests)
[04:46:03] [131/322] RTTK
[04:46:04] [132/322] SRTU
[04:46:05] [133/322] VRSA
[04:46:06] [134/322] VARS
[04:46:07] [135/322] DSCZ
[04:46:08] [136/322] GAGA
[04:46:09] [137/322] SARV
[04:46:09] [138/322] SEEG
[04:46:10] [139/322] GLCA
[04:46:11] [140/322] APAS
[04:46:12] 🔄 Identity reset
[04:46:12] 🔄 Identity rotated (every 10 requests)
[04:46:12] [141/322] VCIA
[04:46:13] [142/322] SJTA
[04:46:14] [143/322] SABM
[04:46:15] [144/322] PPAG
[04:46:16] [145/322] RVCA
[04:46:17] [146/322] CCIA
[04:46:18] [147/322] HTAG
[04:46:19] [148/322] SMBI
[04:46:19] [149/322] MCJR
[04:46:20] [150/322] CCJR
[04:46:21] 🔄 Identity reset
[04:46:21] 🔄 Identity rotated (every 10 requests)
[04:46:21] [151/322] SINF
[04:46:22] [152/322] CPLX
[04:46:23] [153/322] KKTJ
[04:46:24] [154/322] GDBW
[04:46:25] [155/322] CSUB
[04:46:26] [156/322] DABA
[04:46:27] [157/322] TITR
[04:46:28] [158/322] NYCR
[04:46:29] [159/322] RTRY
[04:46:30] [160/322] JTJL
[04:46:30] 🔄 Identity reset
[04:46:30] 🔄 Identity rotated (every 10 requests)
[04:46:31] [161/322] SJCP
[04:46:31] [162/322] KCCA
[04:46:32] [163/322] MLPG
[04:46:33] [164/322] VRCK
[04:46:34] [165/322] SRIN
[04:46:35] [166/322] CXMK
[04:46:36] [167/322] SKAD
[04:46:37] [168/322] AVTR
[04:46:37] [169/322] PTAJ
[04:46:38] [170/322] SCNK
[04:46:39] 🔄 Identity reset
[04:46:39] 🔄 Identity rotated (every 10 requests)
[04:46:39] [171/322] STTI
[04:46:40] [172/322] KACR
[04:46:41] [173/322] SSDX
[04:46:42] [174/322] VRTJ
[04:46:44] [175/322] RAJD
[04:46:45] [176/322] SCIP
[04:46:46] [177/322] RJSL
[04:46:47] [178/322] ARRS
[04:46:48] [179/322] ASMS
[04:46:49] [180/322] RDTS
[04:46:49] 🔄 Identity reset
[04:46:49] 🔄 Identity rotated (every 10 requests)
[04:46:50] [181/322] DVMY
[04:46:51] [182/322] RASA
[04:46:53] [183/322] INOM
[04:46:54] [184/322] SPRS
[04:46:55] [185/322] SGCS
[04:46:56] [186/322] SALM
[04:46:57] [187/322] PKHC
[04:46:58] [188/322] RCSV
[04:46:59] [189/322] CPKC
[04:47:00] [190/322] AACD
[04:47:01] 🔄 Identity reset
[04:47:01] 🔄 Identity rotated (every 10 requests)
[04:47:01] [191/322] GGCV
[04:47:02] [192/322] SMKD
[04:47:03] [193/322] NBCH
[04:47:04] [194/322] AMCB
[04:47:05] [195/322] OPCN
[04:47:06] [196/322] DCIN
[04:47:07] [197/322] INGW
[04:47:08] [198/322] PKKW
[04:47:08] [199/322] FNGW
[04:47:09] [200/322] GCGD
[04:47:10] 🔄 Identity reset
[04:47:10] 🔄 Identity rotated (every 10 requests)
[04:47:10] [201/322] MSTW
[04:47:12] [202/322] KCCG
[04:47:12] [203/322] MRSS
[04:47:13] [204/322] CLCF
[04:47:15] [205/322] EETS
[04:47:16] [206/322] AATR
[04:47:17] [207/322] CMMN
[04:47:18] [208/322] SCCJ
[04:47:19] [209/322] CDTK
[04:47:20] [210/322] AICP
[04:47:20] 🔄 Identity reset
[04:47:20] 🔄 Identity rotated (every 10 requests)
[04:47:20] [211/322] FNBP
[04:47:22] [212/322] CBPB
[04:47:24] [213/322] CPAS
[04:47:25] [214/322] MAPM
[04:47:26] [215/322] PASD
[04:47:27] [216/322] JCMN
[04:47:28] [217/322] MALB
[04:47:28] [218/322] SACG
[04:47:29] [219/322] DDRX
[04:47:30] [220/322] DDXB
[04:47:31] 🔄 Identity reset
[04:47:31] 🔄 Identity rotated (every 10 requests)
[04:47:31] [221/322] RAMC
[04:47:32] [222/322] SANC
[04:47:33] [223/322] BCBP
[04:47:35] [224/322] ALPC
[04:47:36] [225/322] RBAC
[04:47:37] [226/322] RAJL
[04:47:37] [227/322] MPDX
[04:47:38] [228/322] MUSC
[04:47:39] [229/322] VKMK
[04:47:40] [230/322] SKCG
[04:47:41] 🔄 Identity reset
[04:47:41] 🔄 Identity rotated (every 10 requests)
[04:47:41] [231/322] ANCN
[04:47:42] [232/322] MMCJ
[04:47:43] [233/322] DCAK
[04:47:44] [234/322] SCKG
[04:47:45] [235/322] LMCK
[04:47:46] [236/322] CKKX
[04:47:47] [237/322] ANKU
[04:47:48] [238/322] CSMD
[04:47:48] [239/322] MKMP
[04:47:50] [240/322] SVBG
[04:47:51] 🔄 Identity reset
[04:47:51] 🔄 Identity rotated (every 10 requests)
[04:47:51] [241/322] ROOP
[04:47:52] [242/322] GDMT
[04:47:53] [243/322] FPPF
[04:47:54] [244/322] SFUU
[04:47:55] [245/322] ANCB
[04:47:55] [246/322] SMMC
[04:47:56] [247/322] UGKT
[04:47:58] [248/322] JVRM
[04:47:59] [249/322] BATG
[04:47:59] [250/322] RATE
[04:48:00] 🔄 Identity reset
[04:48:00] 🔄 Identity rotated (every 10 requests)
[04:48:01] [251/322] SKME
[04:48:01] [252/322] LMTP
[04:48:02] [253/322] TCBD
[04:48:03] [254/322] ESBD
[04:48:04] [255/322] GDCU
[04:48:05] [256/322] SNKT
[04:48:06] [257/322] SRNK
[04:48:07] [258/322] SMED
[04:48:08] [259/322] CSQS
[04:48:09] [260/322] ALCS
[04:48:10] 🔄 Identity reset
[04:48:10] 🔄 Identity rotated (every 10 requests)
[04:48:10] [261/322] KCKN
[04:48:11] [262/322] VCCL
[04:48:12] [263/322] MCDA
[04:48:14] [264/322] SHMI
[04:48:15] [265/322] SKHA
[04:48:16] [266/322] SVFK
[04:48:16] [267/322] INVB
[04:48:17] [268/322] MELD
[04:48:18] [269/322] JTYS
[04:48:19] [270/322] INCM
[04:48:19] 🔄 Identity reset
[04:48:19] 🔄 Identity rotated (every 10 requests)
[04:48:20] [271/322] MCDV
[04:48:20] [272/322] KSGK
[04:48:22] [273/322] ICMG
[04:48:23] [274/322] CSCV
[04:48:24] [275/322] STMD
[04:48:25] [276/322] STTR
[04:48:26] [277/322] INVC
[04:48:27] [278/322] JTBL
[04:48:28] [279/322] SRVV
[04:48:29] [280/322] MAVC
[04:48:29] 🔄 Identity reset
[04:48:29] 🔄 Identity rotated (every 10 requests)
[04:48:30] [281/322] SRPP
[04:48:31] [282/322] JGDM
[04:48:31] [283/322] MBSJ
[04:48:32] [284/322] SSLL
[04:48:34] [285/322] SLKP
[04:48:35] [286/322] NSRV
[04:48:36] [287/322] UTDV
[04:48:37] [288/322] KICM
[04:48:38] [289/322] KCMD
[04:48:40] [290/322] TTPP
[04:48:41] 🔄 Identity reset
[04:48:41] 🔄 Identity rotated (every 10 requests)
[04:48:41] [291/322] KMPV
[04:48:42] [292/322] SKTV
[04:48:43] [293/322] STCV
[04:48:44] [294/322] SRDA
[04:48:45] [295/322] JTSX
[04:48:47] [296/322] STBV
[04:48:48] [297/322] APVZ
[04:48:48] [298/322] GSTV
[04:48:49] [299/322] NMVS
[04:48:50] [300/322] SKRT
[04:48:51] 🔄 Identity reset
[04:48:51] 🔄 Identity rotated (every 10 requests)
[04:48:51] [301/322] RMDV
[04:48:52] [302/322] RATG
[04:48:53] [303/322] SJYV
[04:48:54] [304/322] NDGP
[04:48:55] [305/322] SNDG
[04:48:55] [306/322] INSR
[04:48:56] [307/322] INSO
[04:48:57] [308/322] CCSI
[04:48:58] [309/322] RASM
[04:48:59] [310/322] NEWC
[04:49:00] 🔄 Identity reset
[04:49:00] 🔄 Identity rotated (every 10 requests)
[04:49:00] [311/322] VSHL
[04:49:01] [312/322] BISW
[04:49:02] [313/322] GCNG
[04:49:03] [314/322] CWSC
[04:49:04] [315/322] SKAN
[04:49:05] [316/322] CCOA
[04:49:06] [317/322] MCAJ
[04:49:07] [318/322] ACDE
[04:49:08] [319/322] AACM
[04:49:09] [320/322] JJCK
[04:49:10] 🔄 Identity reset
[04:49:10] 🔄 Identity rotated (every 10 requests)
[04:49:11] [321/322] RCMO
[04:49:12] [322/322] GDAW
[04:49:13] 🧹 Deduping shows
[04:49:13] ✅ DONE | Shows=380 | Movies=11
[21:55:45] 🚀 SCRIPT STARTED (enhanced anti‑detection)
[21:55:45] [1/326] VCHA
[21:55:46] 🧠 New identity created
[21:55:46] [2/326] SCKO
[21:55:47] [3/326] VKTK
[21:55:48] [4/326] DXEC
[21:55:49] [5/326] CDCA
[21:55:50] [6/326] VBCZ
[21:55:51] [7/326] MSDR
[21:55:52] [8/326] ACPV
[21:55:53] [9/326] PVHB
[21:55:54] [10/326] RCNH
[21:55:54] 🔄 Identity reset
[21:55:54] 🔄 Identity rotated (every 10 requests)
[21:55:55] [11/326] IOMH
[21:55:56] [12/326] ILKS
[21:55:56] [13/326] AMSN
[21:55:58] [14/326] ANTP
[21:55:59] [15/326] SSEK
[21:56:00] [16/326] PICP
[21:56:00] [17/326] SICO
[21:56:01] [18/326] SISP
[21:56:02] [19/326] SCPI
[21:56:03] [20/326] CRPR
[21:56:04] 🔄 Identity reset
[21:56:04] 🔄 Identity rotated (every 10 requests)
[21:56:04] [21/326] DCTW
[21:56:05] [22/326] DCSP
[21:56:06] [23/326] KRPM
[21:56:07] [24/326] THKK
[21:56:08] [25/326] SNMY
[21:56:09] [26/326] AKCC
[21:56:09] [27/326] PCAT
[21:56:10] [28/326] RFGO
[21:56:11] [29/326] GGCS
[21:56:12] [30/326] ACKR
[21:56:13] 🔄 Identity reset
[21:56:13] 🔄 Identity rotated (every 10 requests)
[21:56:13] [31/326] STDO
[21:56:14] [32/326] ACKB
[21:56:16] [33/326] ALUC
[21:56:17] [34/326] MNSR
[21:56:18] [35/326] CSSL
[21:56:19] [36/326] BGGM
[21:56:20] [37/326] MANT
[21:56:21] [38/326] SOOY
[21:56:22] [39/326] VPPK
[21:56:23] [40/326] MYHJ
[21:56:23] 🔄 Identity reset
[21:56:23] 🔄 Identity rotated (every 10 requests)
[21:56:23] [41/326] KSCK
[21:56:24] [42/326] KATK
[21:56:25] [43/326] RTRT
[21:56:26] [44/326] SSTT
[21:56:27] [45/326] SSTV
[21:56:28] [46/326] LACM
[21:56:29] [47/326] SGMG
[21:56:30] [48/326] KACX
[21:56:31] [49/326] GVCP
[21:56:32] [50/326] CSNC
[21:56:32] 🔄 Identity reset
[21:56:32] 🔄 Identity rotated (every 10 requests)
[21:56:33] [51/326] SXCB
[21:56:34] [52/326] BAHS
[21:56:34] [53/326] PCBI
[21:56:36] [54/326] PSSM
[21:56:37] [55/326] RCOK
[21:56:38] [56/326] SCPF
[21:56:39] [57/326] SSAS
[21:56:40] [58/326] EVMM
[21:56:40] [59/326] SYCB
[21:56:42] [60/326] GCKI
[21:56:43] 🔄 Identity reset
[21:56:43] 🔄 Identity rotated (every 10 requests)
[21:56:43] [61/326] IAET
[21:56:44] [62/326] DDTD
[21:56:45] [63/326] GMDH
[21:56:46] [64/326] STLE
[21:56:47] [65/326] JTRA
[21:56:48] [66/326] RPPA
[21:56:49] [67/326] ARUT
[21:56:50] [68/326] JTVM
[21:56:52] [69/326] SWRH
[21:56:53] [70/326] DCPC
[21:56:53] 🔄 Identity reset
[21:56:53] 🔄 Identity rotated (every 10 requests)
[21:56:54] [71/326] RAPR
[21:56:54] [72/326] GCRT
[21:56:55] [73/326] ATUN
[21:56:56] [74/326] LTRM
[21:56:58] [75/326] TASR
[21:56:59] [76/326] RLLC
[21:56:59] [77/326] MABI
[21:57:01] [78/326] SVHB
[21:57:02] [79/326] NVTB
[21:57:04] [80/326] KCKG
[21:57:04] 🔄 Identity reset
[21:57:04] 🔄 Identity rotated (every 10 requests)
[21:57:05] [81/326] SSRN
[21:57:06] [82/326] VDDC
[21:57:07] [83/326] GKTK
[21:57:07] [84/326] YFSN
[21:57:08] [85/326] GCSG
[21:57:09] [86/326] ESSM
[21:57:10] [87/326] KRIH
[21:57:11] [88/326] GCDS
[21:57:12] [89/326] CCSH
[21:57:13] [90/326] ACSK
[21:57:13] 🔄 Identity reset
[21:57:13] 🔄 Identity rotated (every 10 requests)
[21:57:14] [91/326] APRK
[21:57:14] [92/326] ADKM
[21:57:15] [93/326] SRDM
[21:57:16] [94/326] SJMY
[21:57:17] [95/326] PGGC
[21:57:18] [96/326] INGM
[21:57:19] [97/326] LSCB
[21:57:21] [98/326] STAD
[21:57:21] [99/326] MCCR
[21:57:22] [100/326] ABCC
[21:57:23] 🔄 Identity reset
[21:57:23] 🔄 Identity rotated (every 10 requests)
[21:57:23] [101/326] RKCC
[21:57:24] [102/326] RTCR
[21:57:25] [103/326] GGBC
[21:57:26] [104/326] GCSD
[21:57:27] [105/326] LPTY
[21:57:27] [106/326] MCFD
[21:57:28] [107/326] HENN
[21:57:29] [108/326] SMKU
[21:57:30] [109/326] TNZC
[21:57:31] [110/326] DRCD
[21:57:32] 🔄 Identity reset
[21:57:32] 🔄 Identity rotated (every 10 requests)
[21:57:32] [111/326] DLCD
[21:57:33] [112/326] RCDA
[21:57:34] [113/326] COSM
[21:57:35] [114/326] MCMJ
[21:57:36] [115/326] CSTR
[21:57:37] [116/326] CVDK
[21:57:37] [117/326] INRR
[21:57:38] [118/326] RJRT
[21:57:39] [119/326] IRMR
[21:57:41] [120/326] SRCF
[21:57:42] 🔄 Identity reset
[21:57:42] 🔄 Identity rotated (every 10 requests)
[21:57:42] [121/326] GRCR
[21:57:44] [122/326] SURC
[21:57:45] [123/326] NMNH
[21:57:46] [124/326] SVBL
[21:57:47] [125/326] KACI
[21:57:48] [126/326] TDGO
[21:57:49] [127/326] KTBR
[21:57:50] [128/326] PMAD
[21:57:51] [129/326] CCPN
[21:57:52] [130/326] SBTK
[21:57:53] 🔄 Identity reset
[21:57:53] 🔄 Identity rotated (every 10 requests)
[21:57:53] [131/326] LMDK
[21:57:54] [132/326] PGDA
[21:57:55] [133/326] SRML
[21:57:56] [134/326] EVCK
[21:57:57] [135/326] RTTK
[21:57:57] [136/326] SRTU
[21:57:59] [137/326] VRSA
[21:58:00] [138/326] VARS
[21:58:01] [139/326] DSCZ
[21:58:01] [140/326] GAGA
[21:58:02] 🔄 Identity reset
[21:58:02] 🔄 Identity rotated (every 10 requests)
[21:58:02] [141/326] SARV
[21:58:03] [142/326] SEEG
[21:58:04] [143/326] GLCA
[21:58:05] [144/326] APAS
[21:58:06] [145/326] VCIA
[21:58:07] [146/326] SJTA
[21:58:08] [147/326] SABM
[21:58:10] [148/326] PPAG
[21:58:11] [149/326] RVCA
[21:58:12] [150/326] CCIA
[21:58:12] 🔄 Identity reset
[21:58:12] 🔄 Identity rotated (every 10 requests)
[21:58:13] [151/326] HTAG
[21:58:13] [152/326] SMBI
[21:58:14] [153/326] MCJR
[21:58:15] [154/326] CCJR
[21:58:16] [155/326] SINF
[21:58:17] [156/326] CPLX
[21:58:18] [157/326] KKTJ
[21:58:19] [158/326] GDBW
[21:58:19] [159/326] CSUB
[21:58:20] [160/326] DABA
[21:58:21] 🔄 Identity reset
[21:58:21] 🔄 Identity rotated (every 10 requests)
[21:58:21] [161/326] TITR
[21:58:23] [162/326] NYCR
[21:58:24] [163/326] RTRY
[21:58:25] [164/326] JTJL
[21:58:26] [165/326] SJCP
[21:58:26] [166/326] KCCA
[21:58:27] [167/326] MLPG
[21:58:28] [168/326] VRCK
[21:58:29] [169/326] SRIN
[21:58:31] [170/326] CXMK
[21:58:32] 🔄 Identity reset
[21:58:32] 🔄 Identity rotated (every 10 requests)
[21:58:32] [171/326] SKAD
[21:58:33] [172/326] AVTR
[21:58:34] [173/326] PTAJ
[21:58:35] [174/326] SCNK
[21:58:36] [175/326] STTI
[21:58:36] [176/326] KACR
[21:58:37] [177/326] SSDX
[21:58:38] [178/326] VRTJ
[21:58:39] [179/326] RAJD
[21:58:40] [180/326] SCIP
[21:58:41] 🔄 Identity reset
[21:58:41] 🔄 Identity rotated (every 10 requests)
[21:58:41] [181/326] RJSL
[21:58:43] [182/326] ARRS
[21:58:44] [183/326] ASMS
[21:58:45] [184/326] RDTS
[21:58:46] [185/326] DVMY
[21:58:47] [186/326] RASA
[21:58:48] [187/326] INOM
[21:58:49] [188/326] SPRS
[21:58:50] [189/326] SGCS
[21:58:52] [190/326] SALM
[21:58:53] 🔄 Identity reset
[21:58:53] 🔄 Identity rotated (every 10 requests)
[21:58:53] [191/326] PKHC
[21:58:54] [192/326] RCSV
[21:58:55] [193/326] CPKC
[21:58:56] [194/326] AACD
[21:58:57] [195/326] GGCV
[21:58:57] [196/326] SMKD
[21:58:58] [197/326] NBCH
[21:58:59] [198/326] AMCB
[21:59:00] [199/326] OPCN
[21:59:01] [200/326] DCIN
[21:59:02] 🔄 Identity reset
[21:59:02] 🔄 Identity rotated (every 10 requests)
[21:59:02] [201/326] INGW
[21:59:03] [202/326] PKKW
[21:59:04] [203/326] FNGW
[21:59:05] [204/326] GCGD
[21:59:06] [205/326] MSTW
[21:59:06] [206/326] KCCG
[21:59:07] [207/326] MRSS
[21:59:08] [208/326] CLCF
[21:59:09] [209/326] EETS
[21:59:11] [210/326] AATR
[21:59:11] 🔄 Identity reset
[21:59:11] 🔄 Identity rotated (every 10 requests)
[21:59:12] [211/326] CMMN
[21:59:13] [212/326] SCCJ
[21:59:13] [213/326] CDTK
[21:59:14] [214/326] AICP
[21:59:15] [215/326] FNBP
[21:59:16] [216/326] CBPB
[21:59:17] [217/326] CPAS
[21:59:18] [218/326] MAPM
[21:59:19] [219/326] PASD
[21:59:20] [220/326] JCMN
[21:59:20] 🔄 Identity reset
[21:59:20] 🔄 Identity rotated (every 10 requests)
[21:59:21] [221/326] MALB
[21:59:22] [222/326] SACG
[21:59:23] [223/326] DDRX
[21:59:24] [224/326] DDXB
[21:59:25] [225/326] RAMC
[21:59:26] [226/326] SANC
[21:59:27] [227/326] BCBP
[21:59:28] [228/326] ALPC
[21:59:28] [229/326] RBAC
[21:59:29] [230/326] RAJL
[21:59:30] 🔄 Identity reset
[21:59:30] 🔄 Identity rotated (every 10 requests)
[21:59:30] [231/326] MPDX
[21:59:31] [232/326] MUSC
[21:59:32] [233/326] VKMK
[21:59:33] [234/326] SKCG
[21:59:34] [235/326] ANCN
[21:59:35] [236/326] MMCJ
[21:59:36] [237/326] DCAK
[21:59:37] [238/326] SCKG
[21:59:38] [239/326] LMCK
[21:59:38] [240/326] CKKX
[21:59:39] 🔄 Identity reset
[21:59:39] 🔄 Identity rotated (every 10 requests)
[21:59:39] [241/326] ANKU
[21:59:40] [242/326] CSMD
[21:59:41] [243/326] MKMP
[21:59:42] [244/326] SVBG
[21:59:43] [245/326] ROOP
[21:59:44] [246/326] GDMT
[21:59:45] [247/326] FPPF
[21:59:46] [248/326] SFUU
[21:59:47] [249/326] ANCB
[21:59:48] [250/326] SMMC
[21:59:49] 🔄 Identity reset
[21:59:49] 🔄 Identity rotated (every 10 requests)
[21:59:49] [251/326] UGKT
[21:59:50] [252/326] JVRM
[21:59:51] [253/326] BATG
[21:59:52] [254/326] RATE
[21:59:53] [255/326] SKME
[21:59:54] [256/326] LMTP
[21:59:55] [257/326] TCBD
[21:59:56] [258/326] ESBD
[21:59:57] [259/326] GDCU
[21:59:58] [260/326] SNKT
[21:59:59] 🔄 Identity reset
[21:59:59] 🔄 Identity rotated (every 10 requests)
[21:59:59] [261/326] SRNK
[22:00:00] [262/326] SMED
[22:00:01] [263/326] CSQS
[22:00:02] [264/326] ALCS
[22:00:03] [265/326] KCKN
[22:00:04] [266/326] VCCL
[22:00:04] [267/326] MCDA
[22:00:05] [268/326] SHMI
[22:00:07] [269/326] SKHA
[22:00:08] [270/326] SVFK
[22:00:08] 🔄 Identity reset
[22:00:08] 🔄 Identity rotated (every 10 requests)
[22:00:09] [271/326] INVB
[22:00:10] [272/326] MELD
[22:00:11] [273/326] JTYS
[22:00:11] [274/326] INCM
[22:00:12] [275/326] MCDV
[22:00:13] [276/326] KSGK
[22:00:14] [277/326] ICMG
[22:00:15] [278/326] CSCV
[22:00:16] [279/326] STMD
[22:00:17] [280/326] STTR
[22:00:18] 🔄 Identity reset
[22:00:18] 🔄 Identity rotated (every 10 requests)
[22:00:19] [281/326] INVC
[22:00:19] [282/326] JTBL
[22:00:20] [283/326] SRVV
[22:00:21] [284/326] MAVC
[22:00:22] [285/326] SRPP
[22:00:23] [286/326] JGDM
[22:00:24] [287/326] MBSJ
[22:00:24] [288/326] SSLL
[22:00:25] [289/326] SLKP
[22:00:26] [290/326] NSRV
[22:00:27] 🔄 Identity reset
[22:00:27] 🔄 Identity rotated (every 10 requests)
[22:00:27] 🔄 Retry 1/5 for NSRV in 2.6s
[22:00:27] 🔄 Identity reset
[22:00:30] 🧠 New identity created
[22:00:30] [291/326] UTDV
[22:00:31] [292/326] KICM
[22:00:32] [293/326] KCMD
[22:00:32] [294/326] TTPP
[22:00:33] [295/326] KMPV
[22:00:34] [296/326] SKTV
[22:00:35] [297/326] STCV
[22:00:36] [298/326] SRDA
[22:00:38] [299/326] JTSX
[22:00:38] 🔄 Identity reset
[22:00:38] 🔄 Identity rotated (every 10 requests)
[22:00:38] 🔄 Retry 1/5 for JTSX in 2.9s
[22:00:38] 🔄 Identity reset
[22:00:41] 🧠 New identity created
[22:00:41] 🔄 Retry 2/5 for JTSX in 4.2s
[22:00:41] 🔄 Identity reset
[22:00:45] 🧠 New identity created
[22:00:46] [300/326] STBV
[22:00:47] [301/326] APVZ
[22:00:47] [302/326] GSTV
[22:00:48] [303/326] NMVS
[22:00:49] [304/326] SKRT
[22:00:51] [305/326] RMDV
[22:00:52] [306/326] RATG
[22:00:53] [307/326] SJYV
[22:00:53] 🔄 Identity reset
[22:00:54] 🔄 Identity rotated (every 10 requests)
[22:00:54] [308/326] NDGP
[22:00:55] [309/326] SNDG
[22:00:56] [310/326] INSR
[22:00:57] [311/326] INSO
[22:00:58] [312/326] CCSI
[22:00:59] [313/326] RASM
[22:01:00] [314/326] NEWC
[22:01:02] [315/326] VSHL
[22:01:03] [316/326] BISW
[22:01:03] [317/326] GCNG
[22:01:04] 🔄 Identity reset
[22:01:04] 🔄 Identity rotated (every 10 requests)
[22:01:04] 🔄 Retry 1/5 for GCNG in 2.1s
[22:01:04] 🔄 Identity reset
[22:01:06] 🧠 New identity created
[22:01:07] [318/326] CWSC
[22:01:08] [319/326] SKAN
[22:01:09] [320/326] CCOA
[22:01:10] [321/326] MCAJ
[22:01:11] [322/326] ACDE
[22:01:12] [323/326] AACM
[22:01:13] [324/326] JJCK
[22:01:14] [325/326] RCMO
[22:01:15] [326/326] GDAW
[22:01:16] 🔄 Identity reset
[22:01:16] 🔄 Identity rotated (every 10 requests)
[22:01:16] 🧹 Deduping shows
[22:01:16] ✅ DONE | Shows=869 | Movies=40
[10:21:23] 🚀 SCRIPT STARTED
[10:21:23] [1/326] VCHA
[10:21:23] 🧠 New identity created
[10:21:25] [2/326] SCKO
[10:21:26] [3/326] VKTK
[10:21:27] [4/326] DXEC
[10:21:27] [5/326] CDCA
[10:21:28] [6/326] VBCZ
[10:21:29] [7/326] MSDR
[10:21:30] [8/326] ACPV
[10:21:31] [9/326] PVHB
[10:21:32] [10/326] RCNH
[10:21:32] 🔄 Identity reset
[10:21:32] 🔄 Identity rotated (every 10 requests)
[10:21:33] [11/326] IOMH
[10:21:34] [12/326] ILKS
[10:21:35] [13/326] AMSN
[10:21:36] [14/326] ANTP
[10:21:37] [15/326] SSEK
[10:21:38] [16/326] PICP
[10:21:39] [17/326] SICO
[10:21:40] [18/326] SISP
[10:21:41] [19/326] SCPI
[10:21:43] [20/326] CRPR
[10:21:43] 🔄 Identity reset
[10:21:43] 🔄 Identity rotated (every 10 requests)
[10:21:44] [21/326] DCTW
[10:21:45] [22/326] DCSP
[10:21:46] [23/326] KRPM
[10:21:47] [24/326] THKK
[10:21:48] [25/326] SNMY
[10:21:49] [26/326] AKCC
[10:21:51] [27/326] PCAT
[10:21:52] [28/326] RFGO
[10:21:53] [29/326] GGCS
[10:21:54] [30/326] ACKR
[10:21:54] 🔄 Identity reset
[10:21:54] 🔄 Identity rotated (every 10 requests)
[10:21:55] [31/326] STDO
[10:21:56] [32/326] ACKB
[10:21:57] [33/326] ALUC
[10:21:58] [34/326] MNSR
[10:21:59] [35/326] CSSL
[10:22:00] [36/326] BGGM
[10:22:01] [37/326] MANT
[10:22:02] [38/326] SOOY
[10:22:04] [39/326] VPPK
[10:22:05] [40/326] MYHJ
[10:22:05] 🔄 Identity reset
[10:22:05] 🔄 Identity rotated (every 10 requests)
[10:22:06] [41/326] KSCK
[10:22:07] [42/326] KATK
[10:22:09] [43/326] RTRT
[10:22:10] [44/326] SSTT
[10:22:11] [45/326] SSTV
[10:22:12] [46/326] LACM
[10:22:14] [47/326] SGMG
[10:22:15] [48/326] KACX
[10:22:16] [49/326] GVCP
[10:22:17] [50/326] CSNC
[10:22:17] 🔄 Identity reset
[10:22:17] 🔄 Identity rotated (every 10 requests)
[10:22:19] [51/326] SXCB
[10:22:20] [52/326] BAHS
[10:22:21] [53/326] PCBI
[10:22:22] [54/326] PSSM
[10:22:23] [55/326] RCOK
[10:22:23] [56/326] SCPF
[10:22:25] [57/326] SSAS
[10:22:26] [58/326] EVMM
[10:22:27] [59/326] SYCB
[10:22:29] [60/326] GCKI
[10:22:29] 🔄 Identity reset
[10:22:29] 🔄 Identity rotated (every 10 requests)
[10:22:31] [61/326] IAET
[10:22:32] [62/326] DDTD
[10:22:33] [63/326] GMDH
[10:22:34] [64/326] STLE
[10:22:35] [65/326] JTRA
[10:22:36] [66/326] RPPA
[10:22:37] [67/326] ARUT
[10:22:37] [68/326] JTVM
[10:22:39] [69/326] SWRH
[10:22:39] [70/326] DCPC
[10:22:39] 🔄 Identity reset
[10:22:39] 🔄 Identity rotated (every 10 requests)
[10:22:41] [71/326] RAPR
[10:22:42] [72/326] GCRT
[10:22:43] [73/326] ATUN
[10:22:44] [74/326] LTRM
[10:22:45] [75/326] TASR
[10:22:46] [76/326] RLLC
[10:22:47] [77/326] MABI
[10:22:48] [78/326] SVHB
[10:22:49] [79/326] NVTB
[10:22:50] [80/326] KCKG
[10:22:50] 🔄 Identity reset
[10:22:50] 🔄 Identity rotated (every 10 requests)
[10:22:51] [81/326] SSRN
[10:22:52] [82/326] VDDC
[10:22:53] [83/326] GKTK
[10:22:55] [84/326] YFSN
[10:22:57] [85/326] GCSG
[10:22:58] [86/326] ESSM
[10:22:58] [87/326] KRIH
[10:22:59] [88/326] GCDS
[10:23:01] [89/326] CCSH
[10:23:01] [90/326] ACSK
[10:23:01] 🔄 Identity reset
[10:23:01] 🔄 Identity rotated (every 10 requests)
[10:23:02] [91/326] APRK
[10:23:03] [92/326] ADKM
[10:23:05] [93/326] SRDM
[10:23:06] [94/326] SJMY
[10:23:07] [95/326] PGGC
[10:23:08] [96/326] INGM
[10:23:09] [97/326] LSCB
[10:23:10] [98/326] STAD
[10:23:11] [99/326] MCCR
[10:23:12] [100/326] ABCC
[10:23:12] 🔄 Identity reset
[10:23:12] 🔄 Identity rotated (every 10 requests)
[10:23:13] [101/326] RKCC
[10:23:14] [102/326] RTCR
[10:23:14] [103/326] GGBC
[10:23:16] [104/326] GCSD
[10:23:17] [105/326] LPTY
[10:23:18] [106/326] MCFD
[10:23:18] [107/326] HENN
[10:23:19] [108/326] SMKU
[10:23:20] [109/326] TNZC
[10:23:21] [110/326] DRCD
[10:23:21] 🔄 Identity reset
[10:23:21] 🔄 Identity rotated (every 10 requests)
[10:23:22] [111/326] DLCD
[10:23:23] [112/326] RCDA
[10:23:24] [113/326] COSM
[10:23:25] [114/326] MCMJ
[10:23:26] [115/326] CSTR
[10:23:27] [116/326] CVDK
[10:23:28] [117/326] INRR
[10:23:29] [118/326] RJRT
[10:23:31] [119/326] IRMR
[10:23:32] [120/326] SRCF
[10:23:32] 🔄 Identity reset
[10:23:32] 🔄 Identity rotated (every 10 requests)
[10:23:33] [121/326] GRCR
[10:23:33] [122/326] SURC
[10:23:35] [123/326] NMNH
[10:23:35] [124/326] SVBL
[10:23:37] [125/326] KACI
[10:23:38] [126/326] TDGO
[10:23:39] [127/326] KTBR
[10:23:40] [128/326] PMAD
[10:23:41] [129/326] CCPN
[10:23:42] [130/326] SBTK
[10:23:42] 🔄 Identity reset
[10:23:42] 🔄 Identity rotated (every 10 requests)
[10:23:44] [131/326] LMDK
[10:23:44] [132/326] PGDA
[10:23:45] [133/326] SRML
[10:23:46] [134/326] EVCK
[10:23:47] [135/326] RTTK
[10:23:48] [136/326] SRTU
[10:23:49] [137/326] VRSA
[10:23:50] [138/326] VARS
[10:23:51] [139/326] DSCZ
[10:23:52] [140/326] GAGA
[10:23:52] 🔄 Identity reset
[10:23:52] 🔄 Identity rotated (every 10 requests)
[10:23:54] [141/326] SARV
[10:23:55] [142/326] SEEG
[10:23:56] [143/326] GLCA
[10:23:57] [144/326] APAS
[10:23:59] [145/326] VCIA
[10:24:00] [146/326] SJTA
[10:24:01] [147/326] SABM
[10:24:01] [148/326] PPAG
[10:24:02] [149/326] RVCA
[10:24:03] [150/326] CCIA
[10:24:03] 🔄 Identity reset
[10:24:03] 🔄 Identity rotated (every 10 requests)
[10:24:04] [151/326] HTAG
[10:24:05] [152/326] SMBI
[10:24:06] [153/326] MCJR
[10:24:07] [154/326] CCJR
[10:24:08] [155/326] SINF
[10:24:10] [156/326] CPLX
[10:24:11] [157/326] KKTJ
[10:24:12] [158/326] GDBW
[10:24:13] [159/326] CSUB
[10:24:14] [160/326] DABA
[10:24:14] 🔄 Identity reset
[10:24:14] 🔄 Identity rotated (every 10 requests)
[10:24:15] [161/326] TITR
[10:24:15] [162/326] NYCR
[10:24:16] [163/326] RTRY
[10:24:17] [164/326] JTJL
[10:24:19] [165/326] SJCP
[10:24:20] [166/326] KCCA
[10:24:21] [167/326] MLPG
[10:24:22] [168/326] VRCK
[10:24:24] [169/326] SRIN
[10:24:25] [170/326] CXMK
[10:24:25] 🔄 Identity reset
[10:24:25] 🔄 Identity rotated (every 10 requests)
[10:24:26] [171/326] SKAD
[10:24:27] [172/326] AVTR
[10:24:28] [173/326] PTAJ
[10:24:29] [174/326] SCNK
[10:24:30] [175/326] STTI
[10:24:32] [176/326] KACR
[10:24:33] [177/326] SSDX
[10:24:34] [178/326] VRTJ
[10:24:35] [179/326] RAJD
[10:24:36] [180/326] SCIP
[10:24:36] 🔄 Identity reset
[10:24:36] 🔄 Identity rotated (every 10 requests)
[10:24:37] [181/326] RJSL
[10:24:38] [182/326] ARRS
[10:24:40] [183/326] ASMS
[10:24:40] [184/326] RDTS
[10:24:41] [185/326] DVMY
[10:24:42] [186/326] RASA
[10:24:43] [187/326] INOM
[10:24:44] [188/326] SPRS
[10:24:45] [189/326] SGCS
[10:24:46] [190/326] SALM
[10:24:46] 🔄 Identity reset
[10:24:46] 🔄 Identity rotated (every 10 requests)
[10:24:47] [191/326] PKHC
[10:24:49] [192/326] RCSV
[10:24:50] [193/326] CPKC
[10:24:51] [194/326] AACD
[10:24:52] [195/326] GGCV
[10:24:53] [196/326] SMKD
[10:24:53] [197/326] NBCH
[10:24:54] [198/326] AMCB
[10:24:56] [199/326] OPCN
[10:24:57] [200/326] DCIN
[10:24:57] 🔄 Identity reset
[10:24:57] 🔄 Identity rotated (every 10 requests)
[10:24:58] [201/326] INGW
[10:24:59] [202/326] PKKW
[10:25:00] [203/326] FNGW
[10:25:01] [204/326] GCGD
[10:25:02] [205/326] MSTW
[10:25:03] [206/326] KCCG
[10:25:05] [207/326] MRSS
[10:25:06] [208/326] CLCF
[10:25:07] [209/326] EETS
[10:25:08] [210/326] AATR
[10:25:08] 🔄 Identity reset
[10:25:08] 🔄 Identity rotated (every 10 requests)
[10:25:09] [211/326] CMMN
[10:25:10] [212/326] SCCJ
[10:25:11] [213/326] CDTK
[10:25:12] [214/326] AICP
[10:25:14] [215/326] FNBP
[10:25:15] [216/326] CBPB
[10:25:16] [217/326] CPAS
[10:25:17] [218/326] MAPM
[10:25:17] [219/326] PASD
[10:25:18] [220/326] JCMN
[10:25:18] 🔄 Identity reset
[10:25:18] 🔄 Identity rotated (every 10 requests)
[10:25:19] [221/326] MALB
[10:25:20] [222/326] SACG
[10:25:21] [223/326] DDRX
[10:25:22] [224/326] DDXB
[10:25:24] [225/326] RAMC
[10:25:25] [226/326] SANC
[10:25:26] [227/326] BCBP
[10:25:27] [228/326] ALPC
[10:25:28] [229/326] RBAC
[10:25:30] [230/326] RAJL
[10:25:30] 🔄 Identity reset
[10:25:30] 🔄 Identity rotated (every 10 requests)
[10:25:32] [231/326] MPDX
[10:25:32] [232/326] MUSC
[10:25:33] [233/326] VKMK
[10:25:34] [234/326] SKCG
[10:25:35] [235/326] ANCN
[10:25:36] [236/326] MMCJ
[10:25:37] [237/326] DCAK
[10:25:38] [238/326] SCKG
[10:25:40] [239/326] LMCK
[10:25:40] [240/326] CKKX
[10:25:40] 🔄 Identity reset
[10:25:40] 🔄 Identity rotated (every 10 requests)
[10:25:41] [241/326] ANKU
[10:25:42] [242/326] CSMD
[10:25:43] [243/326] MKMP
[10:25:44] [244/326] SVBG
[10:25:45] [245/326] ROOP
[10:25:46] [246/326] GDMT
[10:25:47] [247/326] FPPF
[10:25:48] [248/326] SFUU
[10:25:49] [249/326] ANCB
[10:25:50] [250/326] SMMC
[10:25:50] 🔄 Identity reset
[10:25:50] 🔄 Identity rotated (every 10 requests)
[10:25:51] [251/326] UGKT
[10:25:52] [252/326] JVRM
[10:25:53] [253/326] BATG
[10:25:54] [254/326] RATE
[10:25:55] [255/326] SKME
[10:25:56] [256/326] LMTP
[10:25:57] [257/326] TCBD
[10:25:57] [258/326] ESBD
[10:25:58] [259/326] GDCU
[10:25:59] [260/326] SNKT
[10:25:59] 🔄 Identity reset
[10:25:59] 🔄 Identity rotated (every 10 requests)
[10:26:00] [261/326] SRNK
[10:26:01] [262/326] SMED
[10:26:02] [263/326] CSQS
[10:26:03] [264/326] ALCS
[10:26:04] [265/326] KCKN
[10:26:05] [266/326] VCCL
[10:26:06] [267/326] MCDA
[10:26:07] [268/326] SHMI
[10:26:08] [269/326] SKHA
[10:26:09] [270/326] SVFK
[10:26:09] 🔄 Identity reset
[10:26:09] 🔄 Identity rotated (every 10 requests)
[10:26:10] [271/326] INVB
[10:26:11] [272/326] MELD
[10:26:12] [273/326] JTYS
[10:26:13] [274/326] INCM
[10:26:13] [275/326] MCDV
[10:26:14] [276/326] KSGK
[10:26:15] [277/326] ICMG
[10:26:16] [278/326] CSCV
[10:26:17] [279/326] STMD
[10:26:18] [280/326] STTR
[10:26:18] 🔄 Identity reset
[10:26:18] 🔄 Identity rotated (every 10 requests)
[10:26:19] [281/326] INVC
[10:26:20] [282/326] JTBL
[10:26:21] [283/326] SRVV
[10:26:22] [284/326] MAVC
[10:26:23] [285/326] SRPP
[10:26:24] [286/326] JGDM
[10:26:25] [287/326] MBSJ
[10:26:27] [288/326] SSLL
[10:26:28] [289/326] SLKP
[10:26:29] [290/326] NSRV
[10:26:29] 🔄 Identity reset
[10:26:29] 🔄 Identity rotated (every 10 requests)
[10:26:31] [291/326] UTDV
[10:26:32] [292/326] KICM
[10:26:33] [293/326] KCMD
[10:26:34] [294/326] TTPP
[10:26:36] [295/326] KMPV
[10:26:36] [296/326] SKTV
[10:26:37] [297/326] STCV
[10:26:38] [298/326] SRDA
[10:26:39] [299/326] JTSX
[10:26:40] [300/326] STBV
[10:26:40] 🔄 Identity reset
[10:26:40] 🔄 Identity rotated (every 10 requests)
[10:26:41] [301/326] APVZ
[10:26:42] [302/326] GSTV
[10:26:43] [303/326] NMVS
[10:26:44] [304/326] SKRT
[10:26:45] [305/326] RMDV
[10:26:46] [306/326] RATG
[10:26:47] [307/326] SJYV
[10:26:48] [308/326] NDGP
[10:26:49] [309/326] SNDG
[10:26:50] [310/326] INSR
[10:26:50] 🔄 Identity reset
[10:26:50] 🔄 Identity rotated (every 10 requests)
[10:26:52] [311/326] INSO
[10:26:53] [312/326] CCSI
[10:26:54] [313/326] RASM
[10:26:55] [314/326] NEWC
[10:26:56] [315/326] VSHL
[10:26:57] [316/326] BISW
[10:26:59] [317/326] GCNG
[10:27:00] [318/326] CWSC
[10:27:01] [319/326] SKAN
[10:27:02] [320/326] CCOA
[10:27:02] 🔄 Identity reset
[10:27:02] 🔄 Identity rotated (every 10 requests)
[10:27:03] [321/326] MCAJ
[10:27:03] [322/326] ACDE
[10:27:04] [323/326] AACM
[10:27:05] [324/326] JJCK
[10:27:06] [325/326] RCMO
[10:27:07] [326/326] GDAW
[10:27:08] 🧹 Deduping shows
[10:27:08] ✅ DONE | Shows=2349 | Movies=64
[16:21:30] 🚀 SCRIPT STARTED
[16:21:30] [1/326] VCHA
[16:21:30] 🧠 New identity created
[16:21:31] [2/326] SCKO
[16:21:32] [3/326] VKTK
[16:21:33] [4/326] DXEC
[16:21:34] [5/326] CDCA
[16:21:35] [6/326] VBCZ
[16:21:36] [7/326] MSDR
[16:21:36] [8/326] ACPV
[16:21:37] [9/326] PVHB
[16:21:38] [10/326] RCNH
[16:21:38] 🔄 Identity reset
[16:21:38] 🔄 Identity rotated (every 10 requests)
[16:21:40] [11/326] IOMH
[16:21:41] [12/326] ILKS
[16:21:42] [13/326] AMSN
[16:21:43] [14/326] ANTP
[16:21:44] [15/326] SSEK
[16:21:45] [16/326] PICP
[16:21:46] [17/326] SICO
[16:21:47] [18/326] SISP
[16:21:48] [19/326] SCPI
[16:21:49] [20/326] CRPR
[16:21:49] 🔄 Identity reset
[16:21:49] 🔄 Identity rotated (every 10 requests)
[16:21:50] [21/326] DCTW
[16:21:51] [22/326] DCSP
[16:21:52] [23/326] KRPM
[16:21:54] [24/326] THKK
[16:21:56] [25/326] SNMY
[16:21:56] [26/326] AKCC
[16:21:57] [27/326] PCAT
[16:21:58] [28/326] RFGO
[16:21:59] [29/326] GGCS
[16:22:00] [30/326] ACKR
[16:22:00] 🔄 Identity reset
[16:22:00] 🔄 Identity rotated (every 10 requests)
[16:22:01] [31/326] STDO
[16:22:02] [32/326] ACKB
[16:22:03] [33/326] ALUC
[16:22:04] [34/326] MNSR
[16:22:05] [35/326] CSSL
[16:22:06] [36/326] BGGM
[16:22:08] [37/326] MANT
[16:22:10] [38/326] SOOY
[16:22:11] [39/326] VPPK
[16:22:12] [40/326] MYHJ
[16:22:12] 🔄 Identity reset
[16:22:12] 🔄 Identity rotated (every 10 requests)
[16:22:14] [41/326] KSCK
[16:22:15] [42/326] KATK
[16:22:15] [43/326] RTRT
[16:22:17] [44/326] SSTT
[16:22:19] [45/326] SSTV
[16:22:19] [46/326] LACM
[16:22:20] [47/326] SGMG
[16:22:21] [48/326] KACX
[16:22:22] [49/326] GVCP
[16:22:23] [50/326] CSNC
[16:22:23] 🔄 Identity reset
[16:22:23] 🔄 Identity rotated (every 10 requests)
[16:22:24] [51/326] SXCB
[16:22:25] [52/326] BAHS
[16:22:26] [53/326] PCBI
[16:22:27] [54/326] PSSM
[16:22:28] [55/326] RCOK
[16:22:29] [56/326] SCPF
[16:22:30] [57/326] SSAS
[16:22:31] [58/326] EVMM
[16:22:32] [59/326] SYCB
[16:22:32] [60/326] GCKI
[16:22:32] 🔄 Identity reset
[16:22:33] 🔄 Identity rotated (every 10 requests)
[16:22:34] [61/326] IAET
[16:22:36] [62/326] DDTD
[16:22:37] [63/326] GMDH
[16:22:37] [64/326] STLE
[16:22:38] [65/326] JTRA
[16:22:39] [66/326] RPPA
[16:22:40] [67/326] ARUT
[16:22:41] [68/326] JTVM
[16:22:42] [69/326] SWRH
[16:22:43] [70/326] DCPC
[16:22:43] 🔄 Identity reset
[16:22:43] 🔄 Identity rotated (every 10 requests)
[16:22:45] [71/326] RAPR
[16:22:46] [72/326] GCRT
[16:22:47] [73/326] ATUN
[16:22:48] [74/326] LTRM
[16:22:49] [75/326] TASR
[16:22:50] [76/326] RLLC
[16:22:51] [77/326] MABI
[16:22:52] [78/326] SVHB
[16:22:53] [79/326] NVTB
[16:22:54] [80/326] KCKG
[16:22:54] 🔄 Identity reset
[16:22:54] 🔄 Identity rotated (every 10 requests)
[16:22:54] [81/326] SSRN
[16:22:55] [82/326] VDDC
[16:22:56] [83/326] GKTK
[16:22:57] [84/326] YFSN
[16:22:59] [85/326] GCSG
[16:23:00] [86/326] ESSM
[16:23:00] [87/326] KRIH
[16:23:01] [88/326] GCDS
[16:23:03] [89/326] CCSH
[16:23:04] [90/326] ACSK
[16:23:04] 🔄 Identity reset
[16:23:04] 🔄 Identity rotated (every 10 requests)
[16:23:05] [91/326] APRK
[16:23:06] [92/326] ADKM
[16:23:07] [93/326] SRDM
[16:23:08] [94/326] SJMY
[16:23:09] [95/326] PGGC
[16:23:10] [96/326] INGM
[16:23:11] [97/326] LSCB
[16:23:12] [98/326] STAD
[16:23:13] [99/326] MCCR
[16:23:14] [100/326] ABCC
[16:23:14] 🔄 Identity reset
[16:23:14] 🔄 Identity rotated (every 10 requests)
[16:23:15] [101/326] RKCC
[16:23:16] [102/326] RTCR
[16:23:17] [103/326] GGBC
[16:23:18] [104/326] GCSD
[16:23:18] [105/326] LPTY
[16:23:19] [106/326] MCFD
[16:23:21] [107/326] HENN
[16:23:22] [108/326] SMKU
[16:23:22] [109/326] TNZC
[16:23:24] [110/326] DRCD
[16:23:24] 🔄 Identity reset
[16:23:24] 🔄 Identity rotated (every 10 requests)
[16:23:25] [111/326] DLCD
[16:23:26] [112/326] RCDA
[16:23:26] [113/326] COSM
[16:23:27] [114/326] MCMJ
[16:23:29] [115/326] CSTR
[16:23:30] [116/326] CVDK
[16:23:31] [117/326] INRR
[16:23:31] [118/326] RJRT
[16:23:33] [119/326] IRMR
[16:23:34] [120/326] SRCF
[16:23:34] 🔄 Identity reset
[16:23:34] 🔄 Identity rotated (every 10 requests)
[16:23:35] [121/326] GRCR
[16:23:36] [122/326] SURC
[16:23:37] [123/326] NMNH
[16:23:38] [124/326] SVBL
[16:23:39] [125/326] KACI
[16:23:40] [126/326] TDGO
[16:23:41] [127/326] KTBR
[16:23:42] [128/326] PMAD
[16:23:44] [129/326] CCPN
[16:23:44] [130/326] SBTK
[16:23:44] 🔄 Identity reset
[16:23:44] 🔄 Identity rotated (every 10 requests)
[16:23:45] [131/326] LMDK
[16:23:47] [132/326] PGDA
[16:23:48] [133/326] SRML
[16:23:49] [134/326] EVCK
[16:23:50] [135/326] RTTK
[16:23:51] [136/326] SRTU
[16:23:52] [137/326] VRSA
[16:23:54] [138/326] VARS
[16:23:55] [139/326] DSCZ
[16:23:56] [140/326] GAGA
[16:23:56] 🔄 Identity reset
[16:23:56] 🔄 Identity rotated (every 10 requests)
[16:23:57] [141/326] SARV
[16:23:58] [142/326] SEEG
[16:24:00] [143/326] GLCA
[16:24:01] [144/326] APAS
[16:24:02] [145/326] VCIA
[16:24:03] [146/326] SJTA
[16:24:04] [147/326] SABM
[16:24:06] [148/326] PPAG
[16:24:07] [149/326] RVCA
[16:24:08] [150/326] CCIA
[16:24:08] 🔄 Identity reset
[16:24:08] 🔄 Identity rotated (every 10 requests)
[16:24:09] [151/326] HTAG
[16:24:09] [152/326] SMBI
[16:24:11] [153/326] MCJR
[16:24:13] [154/326] CCJR
[16:24:14] [155/326] SINF
[16:24:15] [156/326] CPLX
[16:24:15] [157/326] KKTJ
[16:24:16] [158/326] GDBW
[16:24:17] [159/326] CSUB
[16:24:19] [160/326] DABA
[16:24:19] 🔄 Identity reset
[16:24:19] 🔄 Identity rotated (every 10 requests)
[16:24:20] [161/326] TITR
[16:24:21] [162/326] NYCR
[16:24:21] [163/326] RTRY
[16:24:22] [164/326] JTJL
[16:24:24] [165/326] SJCP
[16:24:25] [166/326] KCCA
[16:24:27] [167/326] MLPG
[16:24:28] [168/326] VRCK
[16:24:30] [169/326] SRIN
[16:24:31] [170/326] CXMK
[16:24:31] 🔄 Identity reset
[16:24:31] 🔄 Identity rotated (every 10 requests)
[16:24:31] [171/326] SKAD
[16:24:32] [172/326] AVTR
[16:24:34] [173/326] PTAJ
[16:24:35] [174/326] SCNK
[16:24:36] [175/326] STTI
[16:24:37] [176/326] KACR
[16:24:39] [177/326] SSDX
[16:24:41] [178/326] VRTJ
[16:24:42] [179/326] RAJD
[16:24:43] [180/326] SCIP
[16:24:43] 🔄 Identity reset
[16:24:43] 🔄 Identity rotated (every 10 requests)
[16:24:45] [181/326] RJSL
[16:24:46] [182/326] ARRS
[16:24:47] [183/326] ASMS
[16:24:48] [184/326] RDTS
[16:24:49] [185/326] DVMY
[16:24:51] [186/326] RASA
[16:24:52] [187/326] INOM
[16:24:53] [188/326] SPRS
[16:24:54] [189/326] SGCS
[16:24:55] [190/326] SALM
[16:24:55] 🔄 Identity reset
[16:24:55] 🔄 Identity rotated (every 10 requests)
[16:24:56] [191/326] PKHC
[16:24:57] [192/326] RCSV
[16:24:57] [193/326] CPKC
[16:24:59] [194/326] AACD
[16:25:00] [195/326] GGCV
[16:25:01] [196/326] SMKD
[16:25:02] [197/326] NBCH
[16:25:03] [198/326] AMCB
[16:25:04] [199/326] OPCN
[16:25:04] [200/326] DCIN
[16:25:04] 🔄 Identity reset
[16:25:04] 🔄 Identity rotated (every 10 requests)
[16:25:05] [201/326] INGW
[16:25:06] [202/326] PKKW
[16:25:07] [203/326] FNGW
[16:25:09] [204/326] GCGD
[16:25:10] [205/326] MSTW
[16:25:11] [206/326] KCCG
[16:25:13] [207/326] MRSS
[16:25:14] [208/326] CLCF
[16:25:15] [209/326] EETS
[16:25:16] [210/326] AATR
[16:25:16] 🔄 Identity reset
[16:25:16] 🔄 Identity rotated (every 10 requests)
[16:25:17] [211/326] CMMN
[16:25:19] [212/326] SCCJ
[16:25:20] [213/326] CDTK
[16:25:21] [214/326] AICP
[16:25:21] [215/326] FNBP
[16:25:22] [216/326] CBPB
[16:25:23] [217/326] CPAS
[16:25:24] [218/326] MAPM
[16:25:25] [219/326] PASD
[16:25:26] [220/326] JCMN
[16:25:26] 🔄 Identity reset
[16:25:26] 🔄 Identity rotated (every 10 requests)
[16:25:27] [221/326] MALB
[16:25:28] [222/326] SACG
[16:25:29] [223/326] DDRX
[16:25:30] [224/326] DDXB
[16:25:31] [225/326] RAMC
[16:25:32] [226/326] SANC
[16:25:34] [227/326] BCBP
[16:25:35] [228/326] ALPC
[16:25:36] [229/326] RBAC
[16:25:36] [230/326] RAJL
[16:25:36] 🔄 Identity reset
[16:25:37] 🔄 Identity rotated (every 10 requests)
[16:25:38] [231/326] MPDX
[16:25:39] [232/326] MUSC
[16:25:41] [233/326] VKMK
[16:25:42] [234/326] SKCG
[16:25:43] [235/326] ANCN
[16:25:45] [236/326] MMCJ
[16:25:46] [237/326] DCAK
[16:25:47] [238/326] SCKG
[16:25:49] [239/326] LMCK
[16:25:51] [240/326] CKKX
[16:25:51] 🔄 Identity reset
[16:25:51] 🔄 Identity rotated (every 10 requests)
[16:25:51] [241/326] ANKU
[16:25:52] [242/326] CSMD
[16:25:53] [243/326] MKMP
[16:25:54] [244/326] SVBG
[16:25:55] [245/326] ROOP
[16:25:56] [246/326] GDMT
[16:25:58] [247/326] FPPF
[16:25:58] [248/326] SFUU
[16:25:59] [249/326] ANCB
[16:26:00] [250/326] SMMC
[16:26:00] 🔄 Identity reset
[16:26:00] 🔄 Identity rotated (every 10 requests)
[16:26:01] [251/326] UGKT
[16:26:02] [252/326] JVRM
[16:26:03] [253/326] BATG
[16:26:04] [254/326] RATE
[16:26:05] [255/326] SKME
[16:26:06] [256/326] LMTP
[16:26:07] [257/326] TCBD
[16:26:08] [258/326] ESBD
[16:26:09] [259/326] GDCU
[16:26:10] [260/326] SNKT
[16:26:10] 🔄 Identity reset
[16:26:10] 🔄 Identity rotated (every 10 requests)
[16:26:10] 🔄 Retry 1/5 for SNKT in 2.7s
[16:26:10] 🔄 Identity reset
[16:26:13] 🧠 New identity created
[16:26:14] [261/326] SRNK
[16:26:15] [262/326] SMED
[16:26:17] [263/326] CSQS
[16:26:18] [264/326] ALCS
[16:26:19] [265/326] KCKN
[16:26:21] [266/326] VCCL
[16:26:22] [267/326] MCDA
[16:26:23] [268/326] SHMI
[16:26:23] [269/326] SKHA
[16:26:23] 🔄 Identity reset
[16:26:23] 🔄 Identity rotated (every 10 requests)
[16:26:23] 🔄 Retry 1/5 for SKHA in 2.3s
[16:26:23] 🔄 Identity reset
[16:26:26] 🧠 New identity created
[16:26:27] [270/326] SVFK
[16:26:27] [271/326] INVB
[16:26:28] [272/326] MELD
[16:26:29] [273/326] JTYS
[16:26:31] [274/326] INCM
[16:26:32] [275/326] MCDV
[16:26:33] [276/326] KSGK
[16:26:34] [277/326] ICMG
[16:26:35] [278/326] CSCV
[16:26:35] 🔄 Identity reset
[16:26:35] 🔄 Identity rotated (every 10 requests)
[16:26:36] [279/326] STMD
[16:26:36] [280/326] STTR
[16:26:37] [281/326] INVC
[16:26:38] [282/326] JTBL
[16:26:39] [283/326] SRVV
[16:26:41] [284/326] MAVC
[16:26:42] [285/326] SRPP
[16:26:43] [286/326] JGDM
[16:26:44] [287/326] MBSJ
[16:26:46] [288/326] SSLL
[16:26:46] 🔄 Identity reset
[16:26:46] 🔄 Identity rotated (every 10 requests)
[16:26:47] [289/326] SLKP
[16:26:48] [290/326] NSRV
[16:26:50] [291/326] UTDV
[16:26:51] [292/326] KICM
[16:26:53] [293/326] KCMD
[16:26:54] [294/326] TTPP
[16:26:55] [295/326] KMPV
[16:26:55] [296/326] SKTV
[16:26:56] [297/326] STCV
[16:26:58] [298/326] SRDA
[16:26:58] 🔄 Identity reset
[16:26:58] 🔄 Identity rotated (every 10 requests)
[16:26:59] [299/326] JTSX
[16:27:00] [300/326] STBV
[16:27:01] [301/326] APVZ
[16:27:02] [302/326] GSTV
[16:27:03] [303/326] NMVS
[16:27:04] [304/326] SKRT
[16:27:05] [305/326] RMDV
[16:27:06] [306/326] RATG
[16:27:07] [307/326] SJYV
[16:27:08] [308/326] NDGP
[16:27:08] 🔄 Identity reset
[16:27:08] 🔄 Identity rotated (every 10 requests)
[16:27:10] [309/326] SNDG
[16:27:11] [310/326] INSR
[16:27:12] [311/326] INSO
[16:27:13] [312/326] CCSI
[16:27:14] [313/326] RASM
[16:27:15] [314/326] NEWC
[16:27:16] [315/326] VSHL
[16:27:17] [316/326] BISW
[16:27:18] [317/326] GCNG
[16:27:20] [318/326] CWSC
[16:27:20] 🔄 Identity reset
[16:27:20] 🔄 Identity rotated (every 10 requests)
[16:27:22] [319/326] SKAN
[16:27:23] [320/326] CCOA
[16:27:24] [321/326] MCAJ
[16:27:25] [322/326] ACDE
[16:27:26] [323/326] AACM
[16:27:26] [324/326] JJCK
[16:27:27] [325/326] RCMO
[16:27:28] [326/326] GDAW
[16:27:29] 🧹 Deduping shows
[16:27:29] ✅ DONE | Shows=2466 | Movies=67
[20:21:43] 🚀 SCRIPT STARTED
[20:21:43] [1/326] VCHA
[20:21:43] 🧠 New identity created
[20:21:43] 🔄 Retry 1/5 for VCHA in 2.6s
[20:21:43] 🔄 Identity reset
[20:21:46] 🧠 New identity created
[20:21:46] 🔄 Retry 2/5 for VCHA in 4.5s
[20:21:46] 🔄 Identity reset
[20:21:50] 🧠 New identity created
[20:21:50] 🔄 Retry 3/5 for VCHA in 8.9s
[20:21:50] 🔄 Identity reset
[20:21:59] 🧠 New identity created
[20:22:00] [2/326] SCKO
[20:22:01] [3/326] VKTK
[20:22:03] [4/326] DXEC
[20:22:04] [5/326] CDCA
[20:22:04] [6/326] VBCZ
[20:22:05] [7/326] MSDR
[20:22:05] 🔄 Identity reset
[20:22:05] 🔄 Identity rotated (every 10 requests)
[20:22:07] [8/326] ACPV
[20:22:08] [9/326] PVHB
[20:22:09] [10/326] RCNH
[20:22:10] [11/326] IOMH
[20:22:11] [12/326] ILKS
[20:22:12] [13/326] AMSN
[20:22:13] [14/326] ANTP
[20:22:14] [15/326] SSEK
[20:22:15] [16/326] PICP
[20:22:16] [17/326] SICO
[20:22:16] 🔄 Identity reset
[20:22:16] 🔄 Identity rotated (every 10 requests)
[20:22:16] 🔄 Retry 1/5 for SICO in 2.3s
[20:22:16] 🔄 Identity reset
[20:22:18] 🧠 New identity created
[20:22:18] 🔄 Retry 2/5 for SICO in 4.3s
[20:22:18] 🔄 Identity reset
[20:22:22] 🧠 New identity created
[20:22:23] [18/326] SISP
[20:22:24] [19/326] SCPI
[20:22:25] [20/326] CRPR
[20:22:26] [21/326] DCTW
[20:22:27] [22/326] DCSP
[20:22:28] [23/326] KRPM
[20:22:29] [24/326] THKK
[20:22:30] [25/326] SNMY
[20:22:30] 🔄 Identity reset
[20:22:30] 🔄 Identity rotated (every 10 requests)
[20:22:31] [26/326] AKCC
[20:22:31] [27/326] PCAT
[20:22:33] [28/326] RFGO
[20:22:34] [29/326] GGCS
[20:22:35] [30/326] ACKR
[20:22:36] [31/326] STDO
[20:22:37] [32/326] ACKB
[20:22:39] [33/326] ALUC
[20:22:40] [34/326] MNSR
[20:22:41] [35/326] CSSL
[20:22:41] 🔄 Identity reset
[20:22:41] 🔄 Identity rotated (every 10 requests)
[20:22:41] [36/326] BGGM
[20:22:43] [37/326] MANT
[20:22:44] [38/326] SOOY
[20:22:44] [39/326] VPPK
[20:22:45] [40/326] MYHJ
[20:22:47] [41/326] KSCK
[20:22:48] [42/326] KATK
[20:22:49] [43/326] RTRT
[20:22:50] [44/326] SSTT
[20:22:50] [45/326] SSTV
[20:22:50] 🔄 Identity reset
[20:22:50] 🔄 Identity rotated (every 10 requests)
[20:22:51] [46/326] LACM
[20:22:52] [47/326] SGMG
[20:22:53] [48/326] KACX
[20:22:54] [49/326] GVCP
[20:22:55] [50/326] CSNC
[20:22:56] [51/326] SXCB
[20:22:57] [52/326] BAHS
[20:22:58] [53/326] PCBI
[20:22:59] [54/326] PSSM
[20:22:59] [55/326] RCOK
[20:22:59] 🔄 Identity reset
[20:23:00] 🔄 Identity rotated (every 10 requests)
[20:23:00] [56/326] SCPF
[20:23:01] [57/326] SSAS
[20:23:02] [58/326] EVMM
[20:23:03] [59/326] SYCB
[20:23:04] [60/326] GCKI
[20:23:06] [61/326] IAET
[20:23:06] [62/326] DDTD
[20:23:07] [63/326] GMDH
[20:23:08] [64/326] STLE
[20:23:09] [65/326] JTRA
[20:23:09] 🔄 Identity reset
[20:23:09] 🔄 Identity rotated (every 10 requests)
[20:23:09] 🔄 Retry 1/5 for JTRA in 2.8s
[20:23:09] 🔄 Identity reset
[20:23:12] 🧠 New identity created
[20:23:13] [66/326] RPPA
[20:23:13] [67/326] ARUT
[20:23:14] [68/326] JTVM
[20:23:15] [69/326] SWRH
[20:23:16] [70/326] DCPC
[20:23:17] [71/326] RAPR
[20:23:18] [72/326] GCRT
[20:23:19] [73/326] ATUN
[20:23:20] [74/326] LTRM
[20:23:20] 🔄 Identity reset
[20:23:20] 🔄 Identity rotated (every 10 requests)
[20:23:21] [75/326] TASR
[20:23:22] [76/326] RLLC
[20:23:23] [77/326] MABI
[20:23:24] [78/326] SVHB
[20:23:25] [79/326] NVTB
[20:23:26] [80/326] KCKG
[20:23:27] [81/326] SSRN
[20:23:28] [82/326] VDDC
[20:23:29] [83/326] GKTK
[20:23:30] [84/326] YFSN
[20:23:30] 🔄 Identity reset
[20:23:30] 🔄 Identity rotated (every 10 requests)
[20:23:30] 🔄 Retry 1/5 for YFSN in 2.7s
[20:23:30] 🔄 Identity reset
[20:23:33] 🧠 New identity created
[20:23:34] [85/326] GCSG
[20:23:35] [86/326] ESSM
[20:23:37] [87/326] KRIH
[20:23:38] [88/326] GCDS
[20:23:39] [89/326] CCSH
[20:23:40] [90/326] ACSK
[20:23:41] [91/326] APRK
[20:23:42] [92/326] ADKM
[20:23:43] [93/326] SRDM
[20:23:43] 🔄 Identity reset
[20:23:43] 🔄 Identity rotated (every 10 requests)
[20:23:43] [94/326] SJMY
[20:23:44] [95/326] PGGC
[20:23:45] [96/326] INGM
[20:23:46] [97/326] LSCB
[20:23:47] [98/326] STAD
[20:23:48] [99/326] MCCR
[20:23:49] [100/326] ABCC
[20:23:50] [101/326] RKCC
[20:23:51] [102/326] RTCR
[20:23:52] [103/326] GGBC
[20:23:52] 🔄 Identity reset
[20:23:52] 🔄 Identity rotated (every 10 requests)
[20:23:53] [104/326] GCSD
[20:23:53] [105/326] LPTY
[20:23:55] [106/326] MCFD
[20:23:55] [107/326] HENN
[20:23:57] [108/326] SMKU
[20:23:58] [109/326] TNZC
[20:23:59] [110/326] DRCD
[20:24:00] [111/326] DLCD
[20:24:01] [112/326] RCDA
[20:24:02] [113/326] COSM
[20:24:02] 🔄 Identity reset
[20:24:02] 🔄 Identity rotated (every 10 requests)
[20:24:02] 🔄 Retry 1/5 for COSM in 2.6s
[20:24:02] 🔄 Identity reset
[20:24:05] 🧠 New identity created
[20:24:06] [114/326] MCMJ
[20:24:07] [115/326] CSTR
[20:24:08] [116/326] CVDK
[20:24:09] [117/326] INRR
[20:24:10] [118/326] RJRT
[20:24:11] [119/326] IRMR
[20:24:12] [120/326] SRCF
[20:24:13] [121/326] GRCR
[20:24:14] [122/326] SURC
[20:24:14] 🔄 Identity reset
[20:24:14] 🔄 Identity rotated (every 10 requests)
[20:24:15] [123/326] NMNH
[20:24:16] [124/326] SVBL
[20:24:17] [125/326] KACI
[20:24:18] [126/326] TDGO
[20:24:20] [127/326] KTBR
[20:24:21] [128/326] PMAD
[20:24:21] [129/326] CCPN
[20:24:22] [130/326] SBTK
[20:24:23] [131/326] LMDK
[20:24:24] [132/326] PGDA
[20:24:24] 🔄 Identity reset
[20:24:24] 🔄 Identity rotated (every 10 requests)
[20:24:24] 🔄 Retry 1/5 for PGDA in 2.7s
[20:24:24] 🔄 Identity reset
[20:24:27] 🧠 New identity created
[20:24:27] 🔄 Retry 2/5 for PGDA in 4.6s
[20:24:27] 🔄 Identity reset
[20:24:32] 🧠 New identity created
[20:24:33] [133/326] SRML
[20:24:34] [134/326] EVCK
[20:24:35] [135/326] RTTK
[20:24:35] [136/326] SRTU
[20:24:36] [137/326] VRSA
[20:24:37] [138/326] VARS
[20:24:39] [139/326] DSCZ
[20:24:40] [140/326] GAGA
[20:24:40] 🔄 Identity reset
[20:24:40] 🔄 Identity rotated (every 10 requests)
[20:24:41] [141/326] SARV
[20:24:42] [142/326] SEEG
[20:24:43] [143/326] GLCA
[20:24:44] [144/326] APAS
[20:24:45] [145/326] VCIA
[20:24:46] [146/326] SJTA
[20:24:47] [147/326] SABM
[20:24:47] [148/326] PPAG
[20:24:48] [149/326] RVCA
[20:24:49] [150/326] CCIA
[20:24:49] 🔄 Identity reset
[20:24:49] 🔄 Identity rotated (every 10 requests)
[20:24:49] 🔄 Retry 1/5 for CCIA in 2.2s
[20:24:49] 🔄 Identity reset
[20:24:52] 🧠 New identity created
[20:24:53] [151/326] HTAG
[20:24:53] [152/326] SMBI
[20:24:54] [153/326] MCJR
[20:24:55] [154/326] CCJR
[20:24:56] [155/326] SINF
[20:24:57] [156/326] CPLX
[20:24:58] [157/326] KKTJ
[20:24:59] [158/326] GDBW
[20:25:00] [159/326] CSUB
[20:25:00] 🔄 Identity reset
[20:25:00] 🔄 Identity rotated (every 10 requests)
[20:25:01] [160/326] DABA
[20:25:01] [161/326] TITR
[20:25:02] [162/326] NYCR
[20:25:03] [163/326] RTRY
[20:25:04] [164/326] JTJL
[20:25:05] [165/326] SJCP
[20:25:06] [166/326] KCCA
[20:25:07] [167/326] MLPG
[20:25:08] [168/326] VRCK
[20:25:09] [169/326] SRIN
[20:25:09] 🔄 Identity reset
[20:25:09] 🔄 Identity rotated (every 10 requests)
[20:25:10] [170/326] CXMK
[20:25:10] [171/326] SKAD
[20:25:11] [172/326] AVTR
[20:25:12] [173/326] PTAJ
[20:25:14] [174/326] SCNK
[20:25:15] [175/326] STTI
[20:25:17] [176/326] KACR
[20:25:18] [177/326] SSDX
[20:25:19] [178/326] VRTJ
[20:25:20] [179/326] RAJD
[20:25:20] 🔄 Identity reset
[20:25:20] 🔄 Identity rotated (every 10 requests)
[20:25:21] [180/326] SCIP
[20:25:22] [181/326] RJSL
[20:25:23] [182/326] ARRS
[20:25:23] [183/326] ASMS
[20:25:24] [184/326] RDTS
[20:25:26] [185/326] DVMY
[20:25:28] [186/326] RASA
[20:25:29] [187/326] INOM
[20:25:30] [188/326] SPRS
[20:25:32] [189/326] SGCS
[20:25:32] 🔄 Identity reset
[20:25:32] 🔄 Identity rotated (every 10 requests)
[20:25:33] [190/326] SALM
[20:25:34] [191/326] PKHC
[20:25:35] [192/326] RCSV
[20:25:36] [193/326] CPKC
[20:25:37] [194/326] AACD
[20:25:37] [195/326] GGCV
[20:25:38] [196/326] SMKD
[20:25:39] [197/326] NBCH
[20:25:40] [198/326] AMCB
[20:25:40] [199/326] OPCN
[20:25:40] 🔄 Identity reset
[20:25:40] 🔄 Identity rotated (every 10 requests)
[20:25:41] [200/326] DCIN
[20:25:42] [201/326] INGW
[20:25:43] [202/326] PKKW
[20:25:44] [203/326] FNGW
[20:25:45] [204/326] GCGD
[20:25:46] [205/326] MSTW
[20:25:47] [206/326] KCCG
[20:25:48] [207/326] MRSS
[20:25:49] [208/326] CLCF
[20:25:50] [209/326] EETS
[20:25:50] 🔄 Identity reset
[20:25:50] 🔄 Identity rotated (every 10 requests)
[20:25:50] 🔄 Retry 1/5 for EETS in 2.3s
[20:25:50] 🔄 Identity reset
[20:25:52] 🧠 New identity created
[20:25:53] [210/326] AATR
[20:25:54] [211/326] CMMN
[20:25:55] [212/326] SCCJ
[20:25:55] [213/326] CDTK
[20:25:56] [214/326] AICP
[20:25:58] [215/326] FNBP
[20:25:58] [216/326] CBPB
[20:26:00] [217/326] CPAS
[20:26:01] [218/326] MAPM
[20:26:01] 🔄 Identity reset
[20:26:01] 🔄 Identity rotated (every 10 requests)
[20:26:01] [219/326] PASD
[20:26:02] [220/326] JCMN
[20:26:03] [221/326] MALB
[20:26:04] [222/326] SACG
[20:26:05] [223/326] DDRX
[20:26:06] [224/326] DDXB
[20:26:07] [225/326] RAMC
[20:26:08] [226/326] SANC
[20:26:09] [227/326] BCBP
[20:26:10] [228/326] ALPC
[20:26:10] 🔄 Identity reset
[20:26:10] 🔄 Identity rotated (every 10 requests)
[20:26:10] [229/326] RBAC
[20:26:12] [230/326] RAJL
[20:26:13] [231/326] MPDX
[20:26:14] [232/326] MUSC
[20:26:15] [233/326] VKMK
[20:26:16] [234/326] SKCG
[20:26:17] [235/326] ANCN
[20:26:18] [236/326] MMCJ
[20:26:19] [237/326] DCAK
[20:26:19] [238/326] SCKG
[20:26:19] 🔄 Identity reset
[20:26:19] 🔄 Identity rotated (every 10 requests)
[20:26:20] [239/326] LMCK
[20:26:21] [240/326] CKKX
[20:26:22] [241/326] ANKU
[20:26:23] [242/326] CSMD
[20:26:24] [243/326] MKMP
[20:26:25] [244/326] SVBG
[20:26:26] [245/326] ROOP
[20:26:27] [246/326] GDMT
[20:26:28] [247/326] FPPF
[20:26:29] [248/326] SFUU
[20:26:29] 🔄 Identity reset
[20:26:29] 🔄 Identity rotated (every 10 requests)
[20:26:30] [249/326] ANCB
[20:26:30] [250/326] SMMC
[20:26:31] [251/326] UGKT
[20:26:33] [252/326] JVRM
[20:26:33] [253/326] BATG
[20:26:34] [254/326] RATE
[20:26:35] [255/326] SKME
[20:26:36] [256/326] LMTP
[20:26:37] [257/326] TCBD
[20:26:38] [258/326] ESBD
[20:26:38] 🔄 Identity reset
[20:26:38] 🔄 Identity rotated (every 10 requests)
[20:26:39] [259/326] GDCU
[20:26:40] [260/326] SNKT
[20:26:41] [261/326] SRNK
[20:26:43] [262/326] SMED
[20:26:44] [263/326] CSQS
[20:26:45] [264/326] ALCS
[20:26:46] [265/326] KCKN
[20:26:47] [266/326] VCCL
[20:26:47] [267/326] MCDA
[20:26:48] [268/326] SHMI
[20:26:48] 🔄 Identity reset
[20:26:48] 🔄 Identity rotated (every 10 requests)
[20:26:49] [269/326] SKHA
[20:26:50] [270/326] SVFK
[20:26:51] [271/326] INVB
[20:26:52] [272/326] MELD
[20:26:53] [273/326] JTYS
[20:26:54] [274/326] INCM
[20:26:55] [275/326] MCDV
[20:26:56] [276/326] KSGK
[20:26:57] [277/326] ICMG
[20:26:58] [278/326] CSCV
[20:26:58] 🔄 Identity reset
[20:26:58] 🔄 Identity rotated (every 10 requests)
[20:26:58] 🔄 Retry 1/5 for CSCV in 2.6s
[20:26:58] 🔄 Identity reset
[20:27:01] 🧠 New identity created
[20:27:02] [279/326] STMD
[20:27:03] [280/326] STTR
[20:27:04] [281/326] INVC
[20:27:06] [282/326] JTBL
[20:27:07] [283/326] SRVV
[20:27:08] [284/326] MAVC
[20:27:09] [285/326] SRPP
[20:27:10] [286/326] JGDM
[20:27:11] [287/326] MBSJ
[20:27:11] 🔄 Identity reset
[20:27:11] 🔄 Identity rotated (every 10 requests)
[20:27:12] [288/326] SSLL
[20:27:13] [289/326] SLKP
[20:27:14] [290/326] NSRV
[20:27:15] [291/326] UTDV
[20:27:16] [292/326] KICM
[20:27:17] [293/326] KCMD
[20:27:19] [294/326] TTPP
[20:27:20] [295/326] KMPV
[20:27:20] [296/326] SKTV
[20:27:21] [297/326] STCV
[20:27:21] 🔄 Identity reset
[20:27:21] 🔄 Identity rotated (every 10 requests)
[20:27:23] [298/326] SRDA
[20:27:24] [299/326] JTSX
[20:27:25] [300/326] STBV
[20:27:26] [301/326] APVZ
[20:27:27] [302/326] GSTV
[20:27:28] [303/326] NMVS
[20:27:29] [304/326] SKRT
[20:27:29] [305/326] RMDV
[20:27:30] [306/326] RATG
[20:27:31] [307/326] SJYV
[20:27:31] 🔄 Identity reset
[20:27:31] 🔄 Identity rotated (every 10 requests)
[20:27:32] [308/326] NDGP
[20:27:33] [309/326] SNDG
[20:27:34] [310/326] INSR
[20:27:35] [311/326] INSO
[20:27:36] [312/326] CCSI
[20:27:37] [313/326] RASM
[20:27:38] [314/326] NEWC
[20:27:39] [315/326] VSHL
[20:27:40] [316/326] BISW
[20:27:41] [317/326] GCNG
[20:27:41] 🔄 Identity reset
[20:27:41] 🔄 Identity rotated (every 10 requests)
[20:27:41] 🔄 Retry 1/5 for GCNG in 2.3s
[20:27:41] 🔄 Identity reset
[20:27:43] 🧠 New identity created
[20:27:44] [318/326] CWSC
[20:27:45] [319/326] SKAN
[20:27:46] [320/326] CCOA
[20:27:47] [321/326] MCAJ
[20:27:48] [322/326] ACDE
[20:27:49] [323/326] AACM
[20:27:50] [324/326] JJCK
[20:27:51] [325/326] RCMO
[20:27:52] [326/326] GDAW
[20:27:52] 🔄 Identity reset
[20:27:52] 🔄 Identity rotated (every 10 requests)
[20:27:53] 🧹 Deduping shows
[20:27:53] ✅ DONE | Shows=2520 | Movies=67
[20:59:14] 🚀 SCRIPT STARTED
[20:59:14] [1/326] VCHA
[20:59:14] 🧠 New identity created
[20:59:15] [2/326] SCKO
[20:59:16] [3/326] VKTK
[20:59:17] [4/326] DXEC
[20:59:18] [5/326] CDCA
[20:59:19] [6/326] VBCZ
[20:59:20] [7/326] MSDR
[20:59:21] [8/326] ACPV
[20:59:22] [9/326] PVHB
[20:59:23] [10/326] RCNH
[20:59:23] 🔄 Identity reset
[20:59:24] 🔄 Identity rotated (every 10 requests)
[20:59:25] [11/326] IOMH
[20:59:26] [12/326] ILKS
[20:59:27] [13/326] AMSN
[20:59:28] [14/326] ANTP
[20:59:29] [15/326] SSEK
[20:59:30] [16/326] PICP
[20:59:31] [17/326] SICO
[20:59:31] [18/326] SISP
[20:59:32] [19/326] SCPI
[20:59:33] [20/326] CRPR
[20:59:33] 🔄 Identity reset
[20:59:33] 🔄 Identity rotated (every 10 requests)
[20:59:34] [21/326] DCTW
[20:59:35] [22/326] DCSP
[20:59:36] [23/326] KRPM
[20:59:37] [24/326] THKK
[20:59:38] [25/326] SNMY
[20:59:39] [26/326] AKCC
[20:59:40] [27/326] PCAT
[20:59:41] [28/326] RFGO
[20:59:42] [29/326] GGCS
[20:59:43] [30/326] ACKR
[20:59:43] 🔄 Identity reset
[20:59:43] 🔄 Identity rotated (every 10 requests)
[20:59:45] [31/326] STDO
[20:59:46] [32/326] ACKB
[20:59:47] [33/326] ALUC
[20:59:48] [34/326] MNSR
[20:59:50] [35/326] CSSL
[20:59:51] [36/326] BGGM
[20:59:52] [37/326] MANT
[20:59:53] [38/326] SOOY
[20:59:54] [39/326] VPPK
[20:59:55] [40/326] MYHJ
[20:59:55] 🔄 Identity reset
[20:59:55] 🔄 Identity rotated (every 10 requests)
[20:59:56] [41/326] KSCK
[20:59:57] [42/326] KATK
[20:59:58] [43/326] RTRT
[21:00:00] [44/326] SSTT
[21:00:01] [45/326] SSTV
[21:00:02] [46/326] LACM
[21:00:03] [47/326] SGMG
[21:00:05] [48/326] KACX
[21:00:06] [49/326] GVCP
[21:00:07] [50/326] CSNC
[21:00:07] 🔄 Identity reset
[21:00:07] 🔄 Identity rotated (every 10 requests)
[21:00:08] [51/326] SXCB
[21:00:09] [52/326] BAHS
[21:00:10] [53/326] PCBI
[21:00:11] [54/326] PSSM
[21:00:11] [55/326] RCOK
[21:00:12] [56/326] SCPF
[21:00:13] [57/326] SSAS
[21:00:14] [58/326] EVMM
[21:00:15] [59/326] SYCB
[21:00:16] [60/326] GCKI
[21:00:16] 🔄 Identity reset
[21:00:16] 🔄 Identity rotated (every 10 requests)
[21:00:16] 🔄 Retry 1/5 for GCKI in 2.5s
[21:00:16] 🔄 Identity reset
[21:00:18] 🧠 New identity created
[21:00:19] [61/326] IAET
[21:00:20] [62/326] DDTD
[21:00:21] [63/326] GMDH
[21:00:22] [64/326] STLE
[21:00:23] [65/326] JTRA
[21:00:23] [66/326] RPPA
[21:00:24] [67/326] ARUT
[21:00:25] [68/326] JTVM
[21:00:26] [69/326] SWRH
[21:00:26] 🔄 Identity reset
[21:00:26] 🔄 Identity rotated (every 10 requests)
[21:00:27] [70/326] DCPC
[21:00:28] [71/326] RAPR
[21:00:29] [72/326] GCRT
[21:00:31] [73/326] ATUN
[21:00:32] [74/326] LTRM
[21:00:33] [75/326] TASR
[21:00:33] [76/326] RLLC
[21:00:34] [77/326] MABI
[21:00:35] [78/326] SVHB
[21:00:36] [79/326] NVTB
[21:00:36] 🔄 Identity reset
[21:00:36] 🔄 Identity rotated (every 10 requests)
[21:00:37] [80/326] KCKG
[21:00:38] [81/326] SSRN
[21:00:39] [82/326] VDDC
[21:00:40] [83/326] GKTK
[21:00:41] [84/326] YFSN
[21:00:41] [85/326] GCSG
[21:00:42] [86/326] ESSM
[21:00:43] [87/326] KRIH
[21:00:44] [88/326] GCDS
[21:00:45] [89/326] CCSH
[21:00:45] 🔄 Identity reset
[21:00:45] 🔄 Identity rotated (every 10 requests)
[21:00:46] [90/326] ACSK
[21:00:47] [91/326] APRK
[21:00:47] [92/326] ADKM
[21:00:48] [93/326] SRDM
[21:00:49] [94/326] SJMY
[21:00:50] [95/326] PGGC
[21:00:51] [96/326] INGM
[21:00:52] [97/326] LSCB
[21:00:52] [98/326] STAD
[21:00:54] [99/326] MCCR
[21:00:54] 🔄 Identity reset
[21:00:54] 🔄 Identity rotated (every 10 requests)
[21:00:56] [100/326] ABCC
[21:00:56] [101/326] RKCC
[21:00:57] [102/326] RTCR
[21:00:58] [103/326] GGBC
[21:00:59] [104/326] GCSD
[21:01:00] [105/326] LPTY
[21:01:01] [106/326] MCFD
[21:01:02] [107/326] HENN
[21:01:03] [108/326] SMKU
[21:01:04] [109/326] TNZC
[21:01:04] 🔄 Identity reset
[21:01:04] 🔄 Identity rotated (every 10 requests)
[21:01:05] [110/326] DRCD
[21:01:06] [111/326] DLCD
[21:01:07] [112/326] RCDA
[21:01:08] [113/326] COSM
[21:01:08] [114/326] MCMJ
[21:01:09] [115/326] CSTR
[21:01:10] [116/326] CVDK
[21:01:11] [117/326] INRR
[21:01:12] [118/326] RJRT
[21:01:13] [119/326] IRMR
[21:01:13] 🔄 Identity reset
[21:01:13] 🔄 Identity rotated (every 10 requests)
[21:01:14] [120/326] SRCF
[21:01:15] [121/326] GRCR
[21:01:16] [122/326] SURC
[21:01:17] [123/326] NMNH
[21:01:18] [124/326] SVBL
[21:01:18] [125/326] KACI
[21:01:20] [126/326] TDGO
[21:01:21] [127/326] KTBR
[21:01:22] [128/326] PMAD
[21:01:23] [129/326] CCPN
[21:01:23] 🔄 Identity reset
[21:01:23] 🔄 Identity rotated (every 10 requests)
[21:01:23] [130/326] SBTK
[21:01:24] [131/326] LMDK
[21:01:25] [132/326] PGDA
[21:01:26] [133/326] SRML
[21:01:28] [134/326] EVCK
[21:01:28] [135/326] RTTK
[21:01:29] [136/326] SRTU
[21:01:30] [137/326] VRSA
[21:01:31] [138/326] VARS
[21:01:32] [139/326] DSCZ
[21:01:32] 🔄 Identity reset
[21:01:32] 🔄 Identity rotated (every 10 requests)
[21:01:33] [140/326] GAGA
[21:01:33] [141/326] SARV
[21:01:34] [142/326] SEEG
[21:01:35] [143/326] GLCA
[21:01:36] [144/326] APAS
[21:01:36] [145/326] VCIA
[21:01:38] [146/326] SJTA
[21:01:38] [147/326] SABM
[21:01:39] [148/326] PPAG
[21:01:40] [149/326] RVCA
[21:01:40] 🔄 Identity reset
[21:01:40] 🔄 Identity rotated (every 10 requests)
[21:01:42] [150/326] CCIA
[21:01:43] [151/326] HTAG
[21:01:44] [152/326] SMBI
[21:01:45] [153/326] MCJR
[21:01:46] [154/326] CCJR
[21:01:46] [155/326] SINF
[21:01:47] [156/326] CPLX
[21:01:48] [157/326] KKTJ
[21:01:49] [158/326] GDBW
[21:01:49] [159/326] CSUB
[21:01:49] 🔄 Identity reset
[21:01:49] 🔄 Identity rotated (every 10 requests)
[21:01:50] [160/326] DABA
[21:01:51] [161/326] TITR
[21:01:52] [162/326] NYCR
[21:01:53] [163/326] RTRY
[21:01:54] [164/326] JTJL
[21:01:55] [165/326] SJCP
[21:01:56] [166/326] KCCA
[21:01:57] [167/326] MLPG
[21:01:58] [168/326] VRCK
[21:01:59] [169/326] SRIN
[21:01:59] 🔄 Identity reset
[21:01:59] 🔄 Identity rotated (every 10 requests)
[21:01:59] 🔄 Retry 1/5 for SRIN in 2.3s
[21:01:59] 🔄 Identity reset
[21:02:01] 🧠 New identity created
[21:02:01] 🔄 Retry 2/5 for SRIN in 4.4s
[21:02:01] 🔄 Identity reset
[21:02:05] 🧠 New identity created
[21:02:06] [170/326] CXMK
[21:02:07] [171/326] SKAD
[21:02:08] [172/326] AVTR
[21:02:09] [173/326] PTAJ
[21:02:11] [174/326] SCNK
[21:02:12] [175/326] STTI
[21:02:13] [176/326] KACR
[21:02:14] [177/326] SSDX
[21:02:14] 🔄 Identity reset
[21:02:14] 🔄 Identity rotated (every 10 requests)
[21:02:16] [178/326] VRTJ
[21:02:17] [179/326] RAJD
[21:02:18] [180/326] SCIP
[21:02:19] [181/326] RJSL
[21:02:20] [182/326] ARRS
[21:02:21] [183/326] ASMS
[21:02:21] [184/326] RDTS
[21:02:22] [185/326] DVMY
[21:02:23] [186/326] RASA
[21:02:24] [187/326] INOM
[21:02:24] 🔄 Identity reset
[21:02:24] 🔄 Identity rotated (every 10 requests)
[21:02:25] [188/326] SPRS
[21:02:25] [189/326] SGCS
[21:02:26] [190/326] SALM
[21:02:27] [191/326] PKHC
[21:02:28] [192/326] RCSV
[21:02:29] [193/326] CPKC
[21:02:29] [194/326] AACD
[21:02:30] [195/326] GGCV
[21:02:31] [196/326] SMKD
[21:02:32] [197/326] NBCH
[21:02:32] 🔄 Identity reset
[21:02:32] 🔄 Identity rotated (every 10 requests)
[21:02:32] 🔄 Retry 1/5 for NBCH in 2.7s
[21:02:32] 🔄 Identity reset
[21:02:35] 🧠 New identity created
[21:02:35] 🔄 Retry 2/5 for NBCH in 4.9s
[21:02:35] 🔄 Identity reset
[21:02:39] 🧠 New identity created
[21:02:41] [198/326] AMCB
[21:02:41] [199/326] OPCN
[21:02:42] [200/326] DCIN
[21:02:43] [201/326] INGW
[21:02:44] [202/326] PKKW
[21:02:45] [203/326] FNGW
[21:02:45] [204/326] GCGD
[21:02:46] [205/326] MSTW
[21:02:46] 🔄 Identity reset
[21:02:46] 🔄 Identity rotated (every 10 requests)
[21:02:47] [206/326] KCCG
[21:02:48] [207/326] MRSS
[21:02:50] [208/326] CLCF
[21:02:51] [209/326] EETS
[21:02:51] [210/326] AATR
[21:02:52] [211/326] CMMN
[21:02:53] [212/326] SCCJ
[21:02:54] [213/326] CDTK
[21:02:54] [214/326] AICP
[21:02:55] [215/326] FNBP
[21:02:55] 🔄 Identity reset
[21:02:55] 🔄 Identity rotated (every 10 requests)
[21:02:55] 🔄 Retry 1/5 for FNBP in 2.8s
[21:02:55] 🔄 Identity reset
[21:02:58] 🧠 New identity created
[21:02:59] [216/326] CBPB
[21:03:00] [217/326] CPAS
[21:03:00] [218/326] MAPM
[21:03:01] [219/326] PASD
[21:03:02] [220/326] JCMN
[21:03:03] [221/326] MALB
[21:03:03] [222/326] SACG
[21:03:04] [223/326] DDRX
[21:03:05] [224/326] DDXB
[21:03:05] 🔄 Identity reset
[21:03:05] 🔄 Identity rotated (every 10 requests)
[21:03:06] [225/326] RAMC
[21:03:06] [226/326] SANC
[21:03:07] [227/326] BCBP
[21:03:08] [228/326] ALPC
[21:03:09] [229/326] RBAC
[21:03:09] [230/326] RAJL
[21:03:10] [231/326] MPDX
[21:03:11] [232/326] MUSC
[21:03:12] [233/326] VKMK
[21:03:12] [234/326] SKCG
[21:03:12] 🔄 Identity reset
[21:03:12] 🔄 Identity rotated (every 10 requests)
[21:03:13] [235/326] ANCN
[21:03:14] [236/326] MMCJ
[21:03:15] [237/326] DCAK
[21:03:15] [238/326] SCKG
[21:03:16] [239/326] LMCK
[21:03:17] [240/326] CKKX
[21:03:18] [241/326] ANKU
[21:03:18] [242/326] CSMD
[21:03:19] [243/326] MKMP
[21:03:21] [244/326] SVBG
[21:03:21] 🔄 Identity reset
[21:03:21] 🔄 Identity rotated (every 10 requests)
[21:03:22] [245/326] ROOP
[21:03:22] [246/326] GDMT
[21:03:23] [247/326] FPPF
[21:03:24] [248/326] SFUU
[21:03:25] [249/326] ANCB
[21:03:26] [250/326] SMMC
[21:03:27] [251/326] UGKT
[21:03:27] [252/326] JVRM
[21:03:28] [253/326] BATG
[21:03:29] [254/326] RATE
[21:03:29] 🔄 Identity reset
[21:03:29] 🔄 Identity rotated (every 10 requests)
[21:03:30] [255/326] SKME
[21:03:30] [256/326] LMTP
[21:03:31] [257/326] TCBD
[21:03:32] [258/326] ESBD
[21:03:33] [259/326] GDCU
[21:03:34] [260/326] SNKT
[21:03:35] [261/326] SRNK
[21:03:36] [262/326] SMED
[21:03:36] [263/326] CSQS
[21:03:37] [264/326] ALCS
[21:03:37] 🔄 Identity reset
[21:03:37] 🔄 Identity rotated (every 10 requests)
[21:03:38] [265/326] KCKN
[21:03:39] [266/326] VCCL
[21:03:40] [267/326] MCDA
[21:03:40] [268/326] SHMI
[21:03:41] [269/326] SKHA
[21:03:42] [270/326] SVFK
[21:03:43] [271/326] INVB
[21:03:44] [272/326] MELD
[21:03:45] [273/326] JTYS
[21:03:45] [274/326] INCM
[21:03:45] 🔄 Identity reset
[21:03:45] 🔄 Identity rotated (every 10 requests)
[21:03:46] [275/326] MCDV
[21:03:47] [276/326] KSGK
[21:03:48] [277/326] ICMG
[21:03:48] [278/326] CSCV
[21:03:49] [279/326] STMD
[21:03:50] [280/326] STTR
[21:03:51] [281/326] INVC
[21:03:52] [282/326] JTBL
[21:03:52] [283/326] SRVV
[21:03:53] [284/326] MAVC
[21:03:53] 🔄 Identity reset
[21:03:53] 🔄 Identity rotated (every 10 requests)
[21:03:54] [285/326] SRPP
[21:03:55] [286/326] JGDM
[21:03:56] [287/326] MBSJ
[21:03:57] [288/326] SSLL
[21:03:57] [289/326] SLKP
[21:03:58] [290/326] NSRV
[21:03:59] [291/326] UTDV
[21:04:01] [292/326] KICM
[21:04:01] [293/326] KCMD
[21:04:02] [294/326] TTPP
[21:04:02] 🔄 Identity reset
[21:04:02] 🔄 Identity rotated (every 10 requests)
[21:04:03] [295/326] KMPV
[21:04:04] [296/326] SKTV
[21:04:05] [297/326] STCV
[21:04:06] [298/326] SRDA
[21:04:07] [299/326] JTSX
[21:04:08] [300/326] STBV
[21:04:09] [301/326] APVZ
[21:04:10] [302/326] GSTV
[21:04:10] [303/326] NMVS
[21:04:11] [304/326] SKRT
[21:04:11] 🔄 Identity reset
[21:04:11] 🔄 Identity rotated (every 10 requests)
[21:04:11] 🔄 Retry 1/5 for SKRT in 3.0s
[21:04:11] 🔄 Identity reset
[21:04:14] 🧠 New identity created
[21:04:15] [305/326] RMDV
[21:04:17] [306/326] RATG
[21:04:18] [307/326] SJYV
[21:04:18] [308/326] NDGP
[21:04:19] [309/326] SNDG
[21:04:20] [310/326] INSR
[21:04:20] [311/326] INSO
[21:04:21] [312/326] CCSI
[21:04:22] [313/326] RASM
[21:04:22] 🔄 Identity reset
[21:04:22] 🔄 Identity rotated (every 10 requests)
[21:04:23] [314/326] NEWC
[21:04:23] [315/326] VSHL
[21:04:25] [316/326] BISW
[21:04:25] [317/326] GCNG
[21:04:26] [318/326] CWSC
[21:04:28] [319/326] SKAN
[21:04:29] [320/326] CCOA
[21:04:30] [321/326] MCAJ
[21:04:30] [322/326] ACDE
[21:04:31] [323/326] AACM
[21:04:31] 🔄 Identity reset
[21:04:31] 🔄 Identity rotated (every 10 requests)
[21:04:32] [324/326] JJCK
[21:04:32] [325/326] RCMO
[21:04:33] [326/326] GDAW
[21:04:34] 🧹 Deduping shows
[21:04:34] ✅ DONE | Shows=2528 | Movies=67
[23:32:46] 🚀 SCRIPT STARTED
[23:32:46] [1/326] VCHA
[23:32:46] 🧠 New identity created
[23:32:47] [2/326] SCKO
[23:32:48] [3/326] VKTK
[23:32:49] [4/326] DXEC
[23:32:50] [5/326] CDCA
[23:32:51] [6/326] VBCZ
[23:32:52] [7/326] MSDR
[23:32:53] [8/326] ACPV
[23:32:54] [9/326] PVHB
[23:32:55] [10/326] RCNH
[23:32:55] 🔄 Identity reset
[23:32:55] 🔄 Identity rotated (every 10 requests)
[23:32:56] [11/326] IOMH
[23:32:57] [12/326] ILKS
[23:32:58] [13/326] AMSN
[23:32:59] [14/326] ANTP
[23:33:00] [15/326] SSEK
[23:33:01] [16/326] PICP
[23:33:02] [17/326] SICO
[23:33:03] [18/326] SISP
[23:33:04] [19/326] SCPI
[23:33:05] [20/326] CRPR
[23:33:05] 🔄 Identity reset
[23:33:05] 🔄 Identity rotated (every 10 requests)
[23:33:06] [21/326] DCTW
[23:33:07] [22/326] DCSP
[23:33:07] [23/326] KRPM
[23:33:08] [24/326] THKK
[23:33:09] [25/326] SNMY
[23:33:11] [26/326] AKCC
[23:33:11] [27/326] PCAT
[23:33:12] [28/326] RFGO
[23:33:13] [29/326] GGCS
[23:33:14] [30/326] ACKR
[23:33:14] 🔄 Identity reset
[23:33:14] 🔄 Identity rotated (every 10 requests)
[23:33:15] [31/326] STDO
[23:33:16] [32/326] ACKB
[23:33:16] [33/326] ALUC
[23:33:17] [34/326] MNSR
[23:33:18] [35/326] CSSL
[23:33:19] [36/326] BGGM
[23:33:20] [37/326] MANT
[23:33:21] [38/326] SOOY
[23:33:22] [39/326] VPPK
[23:33:23] [40/326] MYHJ
[23:33:23] 🔄 Identity reset
[23:33:23] 🔄 Identity rotated (every 10 requests)
[23:33:24] [41/326] KSCK
[23:33:25] [42/326] KATK
[23:33:26] [43/326] RTRT
[23:33:27] [44/326] SSTT
[23:33:27] [45/326] SSTV
[23:33:28] [46/326] LACM
[23:33:29] [47/326] SGMG
[23:33:30] [48/326] KACX
[23:33:31] [49/326] GVCP
[23:33:31] [50/326] CSNC
[23:33:31] 🔄 Identity reset
[23:33:31] 🔄 Identity rotated (every 10 requests)
[23:33:32] [51/326] SXCB
[23:33:33] [52/326] BAHS
[23:33:34] [53/326] PCBI
[23:33:35] [54/326] PSSM
[23:33:36] [55/326] RCOK
[23:33:36] [56/326] SCPF
[23:33:37] [57/326] SSAS
[23:33:38] [58/326] EVMM
[23:33:39] [59/326] SYCB
[23:33:40] [60/326] GCKI
[23:33:40] 🔄 Identity reset
[23:33:40] 🔄 Identity rotated (every 10 requests)
[23:33:40] [61/326] IAET
[23:33:41] [62/326] DDTD
[23:33:42] [63/326] GMDH
[23:33:42] [64/326] STLE
[23:33:44] [65/326] JTRA
[23:33:45] [66/326] RPPA
[23:33:46] [67/326] ARUT
[23:33:46] [68/326] JTVM
[23:33:47] [69/326] SWRH
[23:33:48] [70/326] DCPC
[23:33:48] 🔄 Identity reset
[23:33:48] 🔄 Identity rotated (every 10 requests)
[23:33:49] [71/326] RAPR
[23:33:50] [72/326] GCRT
[23:33:50] [73/326] ATUN
[23:33:51] [74/326] LTRM
[23:33:52] [75/326] TASR
[23:33:52] [76/326] RLLC
[23:33:53] [77/326] MABI
[23:33:54] [78/326] SVHB
[23:33:55] [79/326] NVTB
[23:33:56] [80/326] KCKG
[23:33:56] 🔄 Identity reset
[23:33:56] 🔄 Identity rotated (every 10 requests)
[23:33:57] [81/326] SSRN
[23:33:58] [82/326] VDDC
[23:33:59] [83/326] GKTK
[23:34:00] [84/326] YFSN
[23:34:01] [85/326] GCSG
[23:34:02] [86/326] ESSM
[23:34:03] [87/326] KRIH
[23:34:04] [88/326] GCDS
[23:34:04] [89/326] CCSH
[23:34:05] [90/326] ACSK
[23:34:05] 🔄 Identity reset
[23:34:05] 🔄 Identity rotated (every 10 requests)
[23:34:06] [91/326] APRK
[23:34:06] [92/326] ADKM
[23:34:07] [93/326] SRDM
[23:34:08] [94/326] SJMY
[23:34:09] [95/326] PGGC
[23:34:09] [96/326] INGM
[23:34:10] [97/326] LSCB
[23:34:11] [98/326] STAD
[23:34:12] [99/326] MCCR
[23:34:13] [100/326] ABCC
[23:34:13] 🔄 Identity reset
[23:34:13] 🔄 Identity rotated (every 10 requests)
[23:34:14] [101/326] RKCC
[23:34:14] [102/326] RTCR
[23:34:15] [103/326] GGBC
[23:34:16] [104/326] GCSD
[23:34:17] [105/326] LPTY
[23:34:19] [106/326] MCFD
[23:34:19] [107/326] HENN
[23:34:21] [108/326] SMKU
[23:34:22] [109/326] TNZC
[23:34:23] [110/326] DRCD
[23:34:23] 🔄 Identity reset
[23:34:23] 🔄 Identity rotated (every 10 requests)
[23:34:23] [111/326] DLCD
[23:34:24] [112/326] RCDA
[23:34:25] [113/326] COSM
[23:34:25] [114/326] MCMJ
[23:34:26] [115/326] CSTR
[23:34:27] [116/326] CVDK
[23:34:28] [117/326] INRR
[23:34:29] [118/326] RJRT
[23:34:30] [119/326] IRMR
[23:34:30] [120/326] SRCF
[23:34:30] 🔄 Identity reset
[23:34:30] 🔄 Identity rotated (every 10 requests)
[23:34:31] [121/326] GRCR
[23:34:32] [122/326] SURC
[23:34:33] [123/326] NMNH
[23:34:33] [124/326] SVBL
[23:34:34] [125/326] KACI
[23:34:35] [126/326] TDGO
[23:34:36] [127/326] KTBR
[23:34:36] [128/326] PMAD
[23:34:37] [129/326] CCPN
[23:34:38] [130/326] SBTK
[23:34:38] 🔄 Identity reset
[23:34:38] 🔄 Identity rotated (every 10 requests)
[23:34:38] [131/326] LMDK
[23:34:39] [132/326] PGDA
[23:34:41] [133/326] SRML
[23:34:42] [134/326] EVCK
[23:34:43] [135/326] RTTK
[23:34:44] [136/326] SRTU
[23:34:45] [137/326] VRSA
[23:34:45] [138/326] VARS
[23:34:46] [139/326] DSCZ
[23:34:47] [140/326] GAGA
[23:34:47] 🔄 Identity reset
[23:34:47] 🔄 Identity rotated (every 10 requests)
[23:34:47] [141/326] SARV
[23:34:48] [142/326] SEEG
[23:34:49] [143/326] GLCA
[23:34:50] [144/326] APAS
[23:34:50] [145/326] VCIA
[23:34:51] [146/326] SJTA
[23:34:52] [147/326] SABM
[23:34:53] [148/326] PPAG
[23:34:54] [149/326] RVCA
[23:34:54] [150/326] CCIA
[23:34:54] 🔄 Identity reset
[23:34:55] 🔄 Identity rotated (every 10 requests)
[23:34:56] [151/326] HTAG
[23:34:56] [152/326] SMBI
[23:34:57] [153/326] MCJR
[23:34:58] [154/326] CCJR
[23:34:59] [155/326] SINF
[23:35:00] [156/326] CPLX
[23:35:01] [157/326] KKTJ
[23:35:02] [158/326] GDBW
[23:35:02] [159/326] CSUB
[23:35:03] [160/326] DABA
[23:35:03] 🔄 Identity reset
[23:35:03] 🔄 Identity rotated (every 10 requests)
[23:35:04] [161/326] TITR
[23:35:05] [162/326] NYCR
[23:35:05] [163/326] RTRY
[23:35:06] [164/326] JTJL
[23:35:07] [165/326] SJCP
[23:35:08] [166/326] KCCA
[23:35:09] [167/326] MLPG
[23:35:10] [168/326] VRCK
[23:35:11] [169/326] SRIN
[23:35:13] [170/326] CXMK
[23:35:13] 🔄 Identity reset
[23:35:13] 🔄 Identity rotated (every 10 requests)
[23:35:14] [171/326] SKAD
[23:35:14] [172/326] AVTR
[23:35:15] [173/326] PTAJ
[23:35:16] [174/326] SCNK
[23:35:17] [175/326] STTI
[23:35:18] [176/326] KACR
[23:35:19] [177/326] SSDX
[23:35:20] [178/326] VRTJ
[23:35:21] [179/326] RAJD
[23:35:22] [180/326] SCIP
[23:35:22] 🔄 Identity reset
[23:35:22] 🔄 Identity rotated (every 10 requests)
[23:35:23] [181/326] RJSL
[23:35:24] [182/326] ARRS
[23:35:24] [183/326] ASMS
[23:35:25] [184/326] RDTS
[23:35:26] [185/326] DVMY
[23:35:27] [186/326] RASA
[23:35:28] [187/326] INOM
[23:35:28] [188/326] SPRS
[23:35:29] [189/326] SGCS
[23:35:30] [190/326] SALM
[23:35:30] 🔄 Identity reset
[23:35:30] 🔄 Identity rotated (every 10 requests)
[23:35:31] [191/326] PKHC
[23:35:32] [192/326] RCSV
[23:35:32] [193/326] CPKC
[23:35:33] [194/326] AACD
[23:35:34] [195/326] GGCV
[23:35:34] [196/326] SMKD
[23:35:36] [197/326] NBCH
[23:35:37] [198/326] AMCB
[23:35:37] [199/326] OPCN
[23:35:38] [200/326] DCIN
[23:35:38] 🔄 Identity reset
[23:35:38] 🔄 Identity rotated (every 10 requests)
[23:35:39] [201/326] INGW
[23:35:40] [202/326] PKKW
[23:35:40] [203/326] FNGW
[23:35:41] [204/326] GCGD
[23:35:42] [205/326] MSTW
[23:35:42] [206/326] KCCG
[23:35:43] [207/326] MRSS
[23:35:44] [208/326] CLCF
[23:35:45] [209/326] EETS
[23:35:46] [210/326] AATR
[23:35:46] 🔄 Identity reset
[23:35:46] 🔄 Identity rotated (every 10 requests)
[23:35:47] [211/326] CMMN
[23:35:48] [212/326] SCCJ
[23:35:49] [213/326] CDTK
[23:35:50] [214/326] AICP
[23:35:51] [215/326] FNBP
[23:35:52] [216/326] CBPB
[23:35:53] [217/326] CPAS
[23:35:54] [218/326] MAPM
[23:35:54] [219/326] PASD
[23:35:56] [220/326] JCMN
[23:35:56] 🔄 Identity reset
[23:35:56] 🔄 Identity rotated (every 10 requests)
[23:35:56] [221/326] MALB
[23:35:57] [222/326] SACG
[23:35:58] [223/326] DDRX
[23:35:58] [224/326] DDXB
[23:35:59] [225/326] RAMC
[23:35:59] [226/326] SANC
[23:36:00] [227/326] BCBP
[23:36:01] [228/326] ALPC
[23:36:03] [229/326] RBAC
[23:36:03] [230/326] RAJL
[23:36:03] 🔄 Identity reset
[23:36:03] 🔄 Identity rotated (every 10 requests)
[23:36:04] [231/326] MPDX
[23:36:05] [232/326] MUSC
[23:36:06] [233/326] VKMK
[23:36:07] [234/326] SKCG
[23:36:07] [235/326] ANCN
[23:36:08] [236/326] MMCJ
[23:36:10] [237/326] DCAK
[23:36:11] [238/326] SCKG
[23:36:12] [239/326] LMCK
[23:36:13] [240/326] CKKX
[23:36:13] 🔄 Identity reset
[23:36:13] 🔄 Identity rotated (every 10 requests)
[23:36:14] [241/326] ANKU
[23:36:14] [242/326] CSMD
[23:36:15] [243/326] MKMP
[23:36:16] [244/326] SVBG
[23:36:17] [245/326] ROOP
[23:36:17] [246/326] GDMT
[23:36:18] [247/326] FPPF
[23:36:19] [248/326] SFUU
[23:36:20] [249/326] ANCB
[23:36:21] [250/326] SMMC
[23:36:21] 🔄 Identity reset
[23:36:21] 🔄 Identity rotated (every 10 requests)
[23:36:22] [251/326] UGKT
[23:36:23] [252/326] JVRM
[23:36:24] [253/326] BATG
[23:36:24] [254/326] RATE
[23:36:25] [255/326] SKME
[23:36:26] [256/326] LMTP
[23:36:27] [257/326] TCBD
[23:36:27] [258/326] ESBD
[23:36:28] [259/326] GDCU
[23:36:29] [260/326] SNKT
[23:36:29] 🔄 Identity reset
[23:36:29] 🔄 Identity rotated (every 10 requests)
[23:36:30] [261/326] SRNK
[23:36:31] [262/326] SMED
[23:36:31] [263/326] CSQS
[23:36:32] [264/326] ALCS
[23:36:33] [265/326] KCKN
[23:36:34] [266/326] VCCL
[23:36:35] [267/326] MCDA
[23:36:36] [268/326] SHMI
[23:36:37] [269/326] SKHA
[23:36:37] [270/326] SVFK
[23:36:37] 🔄 Identity reset
[23:36:37] 🔄 Identity rotated (every 10 requests)
[23:36:38] [271/326] INVB
[23:36:39] [272/326] MELD
[23:36:40] [273/326] JTYS
[23:36:41] [274/326] INCM
[23:36:41] [275/326] MCDV
[23:36:42] [276/326] KSGK
[23:36:43] [277/326] ICMG
[23:36:44] [278/326] CSCV
[23:36:45] [279/326] STMD
[23:36:45] [280/326] STTR
[23:36:45] 🔄 Identity reset
[23:36:45] 🔄 Identity rotated (every 10 requests)
[23:36:47] [281/326] INVC
[23:36:47] [282/326] JTBL
[23:36:48] [283/326] SRVV
[23:36:49] [284/326] MAVC
[23:36:50] [285/326] SRPP
[23:36:51] [286/326] JGDM
[23:36:51] [287/326] MBSJ
[23:36:52] [288/326] SSLL
[23:36:53] [289/326] SLKP
[23:36:54] [290/326] NSRV
[23:36:54] 🔄 Identity reset
[23:36:54] 🔄 Identity rotated (every 10 requests)
[23:36:54] [291/326] UTDV
[23:36:55] [292/326] KICM
[23:36:56] [293/326] KCMD
[23:36:57] [294/326] TTPP
[23:36:57] [295/326] KMPV
[23:36:58] [296/326] SKTV
[23:37:00] [297/326] STCV
[23:37:01] [298/326] SRDA
[23:37:01] [299/326] JTSX
[23:37:02] [300/326] STBV
[23:37:02] 🔄 Identity reset
[23:37:02] 🔄 Identity rotated (every 10 requests)
[23:37:03] [301/326] APVZ
[23:37:04] [302/326] GSTV
[23:37:05] [303/326] NMVS
[23:37:06] [304/326] SKRT
[23:37:06] [305/326] RMDV
[23:37:08] [306/326] RATG
[23:37:08] [307/326] SJYV
[23:37:09] [308/326] NDGP
[23:37:10] [309/326] SNDG
[23:37:11] [310/326] INSR
[23:37:11] 🔄 Identity reset
[23:37:11] 🔄 Identity rotated (every 10 requests)
[23:37:12] [311/326] INSO
[23:37:13] [312/326] CCSI
[23:37:14] [313/326] RASM
[23:37:15] [314/326] NEWC
[23:37:16] [315/326] VSHL
[23:37:16] [316/326] BISW
[23:37:17] [317/326] GCNG
[23:37:18] [318/326] CWSC
[23:37:19] [319/326] SKAN
[23:37:19] [320/326] CCOA
[23:37:19] 🔄 Identity reset
[23:37:20] 🔄 Identity rotated (every 10 requests)
[23:37:21] [321/326] MCAJ
[23:37:22] [322/326] ACDE
[23:37:23] [323/326] AACM
[23:37:24] [324/326] JJCK
[23:37:24] [325/326] RCMO
[23:37:25] [326/326] GDAW
[23:37:26] 🧹 Deduping shows
[23:37:26] ✅ DONE | Shows=2537 | Movies=67
