[04:43:45] 🚀 SCRIPT STARTED (enhanced anti‑detection)
[04:43:45] [1/326] BSAT
[04:43:46] 🧠 New identity created
[04:43:46] [2/326] RSSM
[04:43:47] [3/326] GCTA
[04:43:48] [4/326] TOPN
[04:43:49] [5/326] MCUS
[04:43:51] [6/326] SHRL
[04:43:52] [7/326] UPTP
[04:43:52] [8/326] TMMP
[04:43:53] [9/326] DNRP
[04:43:54] [10/326] SRLT
[04:43:55] 🔄 Identity reset
[04:43:55] 🔄 Identity rotated (every 10 requests)
[04:43:55] [11/326] RCNS
[04:43:56] [12/326] DCBH
[04:43:58] [13/326] NAGJ
[04:43:59] [14/326] JVRC
[04:43:59] [15/326] KRJG
[04:44:00] [16/326] SRTJ
[04:44:01] [17/326] CMXM
[04:44:02] [18/326] STMI
[04:44:03] [19/326] SLST
[04:44:04] [20/326] DTCN
[04:44:05] 🔄 Identity reset
[04:44:05] 🔄 Identity rotated (every 10 requests)
[04:44:05] [21/326] STYN
[04:44:06] [22/326] SZVR
[04:44:07] [23/326] SRKO
[04:44:08] [24/326] JTGT
[04:44:09] [25/326] SVFD
[04:44:10] [26/326] SISD
[04:44:11] [27/326] ABDD
[04:44:12] [28/326] DRCA
[04:44:13] [29/326] AVCS
[04:44:14] [30/326] MVKH
[04:44:15] 🔄 Identity reset
[04:44:15] 🔄 Identity rotated (every 10 requests)
[04:44:15] [31/326] ACPR
[04:44:16] [32/326] STIP
[04:44:17] [33/326] MTRA
[04:44:18] [34/326] RMKH
[04:44:18] [35/326] NKRL
[04:44:19] [36/326] PCWN
[04:44:20] [37/326] BLMT
[04:44:21] [38/326] GDPG
[04:44:22] [39/326] SRMX
[04:44:23] [40/326] JACP
[04:44:23] 🔄 Identity reset
[04:44:23] 🔄 Identity rotated (every 10 requests)
[04:44:24] [41/326] CPSH
[04:44:24] [42/326] MCCD
[04:44:25] [43/326] ECGH
[04:44:26] [44/326] MKCK
[04:44:27] [45/326] SRMM
[04:44:28] [46/326] SKYR
[04:44:29] [47/326] PCKC
[04:44:30] [48/326] JCMA
[04:44:31] [49/326] BSMP
[04:44:32] [50/326] VSPA
[04:44:33] 🔄 Identity reset
[04:44:33] 🔄 Identity rotated (every 10 requests)
[04:44:33] [51/326] DJYA
[04:44:34] [52/326] DIMP
[04:44:36] [53/326] FXDR
[04:44:37] [54/326] SSRC
[04:44:38] [55/326] STHP
[04:44:40] [56/326] CPPD
[04:44:41] [57/326] FCLK
[04:44:41] [58/326] SCPP
[04:44:42] [59/326] DCMJ
[04:44:43] [60/326] RCCR
[04:44:44] 🔄 Identity reset
[04:44:44] 🔄 Identity rotated (every 10 requests)
[04:44:44] [61/326] INMT
[04:44:45] [62/326] LXTK
[04:44:46] [63/326] SRYK
[04:44:47] [64/326] SGDK
[04:44:48] [65/326] PPKA
[04:44:49] [66/326] SPKA
[04:44:51] [67/326] CGHH
[04:44:52] [68/326] DCJN
[04:44:52] [69/326] SRKV
[04:44:53] [70/326] SAJC
[04:44:54] 🔄 Identity reset
[04:44:54] 🔄 Identity rotated (every 10 requests)
[04:44:54] [71/326] SUSR
[04:44:56] [72/326] STYG
[04:44:57] [73/326] NTKP
[04:44:58] [74/326] AKTG
[04:44:59] [75/326] CGCM
[04:44:59] [76/326] TULC
[04:45:00] [77/326] NYYZ
[04:45:01] [78/326] NYBW
[04:45:02] [79/326] MACB
[04:45:03] [80/326] SLVT
[04:45:03] 🔄 Identity reset
[04:45:03] 🔄 Identity rotated (every 10 requests)
[04:45:04] [81/326] SANA
[04:45:05] [82/326] ACMR
[04:45:07] [83/326] CPKN
[04:45:08] [84/326] DLGK
[04:45:09] [85/326] CWCK
[04:45:10] [86/326] FDDH
[04:45:11] [87/326] MMMD
[04:45:12] [88/326] CMEH
[04:45:12] [89/326] GGGV
[04:45:13] [90/326] SPJL
[04:45:14] 🔄 Identity reset
[04:45:14] 🔄 Identity rotated (every 10 requests)
[04:45:14] [91/326] RCCD
[04:45:15] [92/326] STTZ
[04:45:16] [93/326] BTCF
[04:45:17] [94/326] TSTZ
[04:45:18] [95/326] IPMM
[04:45:19] [96/326] PMPW
[04:45:20] [97/326] PCMZ
[04:45:21] [98/326] ESEM
[04:45:22] [99/326] PIPO
[04:45:23] [100/326] MATK
[04:45:24] 🔄 Identity reset
[04:45:24] 🔄 Identity rotated (every 10 requests)
[04:45:24] [101/326] PGHM
[04:45:25] [102/326] CTSR
[04:45:26] [103/326] CYKR
[04:45:27] [104/326] MSCM
[04:45:28] [105/326] RFNP
[04:45:29] [106/326] PDCP
[04:45:31] [107/326] NPSE
[04:45:31] [108/326] MKML
[04:45:32] [109/326] FTDP
[04:45:33] [110/326] MMXA
[04:45:34] 🔄 Identity reset
[04:45:34] 🔄 Identity rotated (every 10 requests)
[04:45:34] [111/326] CEPO
[04:45:35] [112/326] CMVP
[04:45:36] [113/326] SGTH
[04:45:37] [114/326] SAYN
[04:45:38] [115/326] URVS
[04:45:39] [116/326] VJTN
[04:45:40] [117/326] BBYK
[04:45:40] [118/326] SHBO
[04:45:41] [119/326] VCMR
[04:45:42] [120/326] MACT
[04:45:43] 🔄 Identity reset
[04:45:43] 🔄 Identity rotated (every 10 requests)
[04:45:43] [121/326] JMNP
[04:45:44] [122/326] VICS
[04:45:45] [123/326] VCDA
[04:45:46] [124/326] GCMM
[04:45:47] [125/326] INVS
[04:45:48] [126/326] SCGM
[04:45:49] [127/326] PCDA
[04:45:50] [128/326] KDCT
[04:45:51] [129/326] JACS
[04:45:52] [130/326] GMMC
[04:45:52] 🔄 Identity reset
[04:45:52] 🔄 Identity rotated (every 10 requests)
[04:45:53] [131/326] AICM
[04:45:54] [132/326] TJCM
[04:45:54] [133/326] RMTI
[04:45:55] [134/326] SHAC
[04:45:56] [135/326] APJC
[04:45:57] [136/326] GCTG
[04:45:58] [137/326] SSMC
[04:45:59] [138/326] THRM
[04:46:00] [139/326] RBCT
[04:46:01] [140/326] DIKT
[04:46:01] 🔄 Identity reset
[04:46:01] 🔄 Identity rotated (every 10 requests)
[04:46:02] [141/326] MIDL
[04:46:02] [142/326] VCSN
[04:46:03] [143/326] SKTG
[04:46:04] [144/326] SMWC
[04:46:05] [145/326] MNKH
[04:46:06] [146/326] PIAT
[04:46:07] [147/326] LTTP
[04:46:08] [148/326] PTPU
[04:46:09] [149/326] ACMG
[04:46:10] [150/326] SHMM
[04:46:10] 🔄 Identity reset
[04:46:11] 🔄 Identity rotated (every 10 requests)
[04:46:11] [151/326] MCMN
[04:46:12] [152/326] GLDC
[04:46:13] [153/326] HOUT
[04:46:14] [154/326] SVRP
[04:46:15] [155/326] PVDN
[04:46:16] [156/326] SCPY
[04:46:16] [157/326] DTPY
[04:46:18] [158/326] GKCS
[04:46:20] [159/326] NCAM
[04:46:21] [160/326] BSRM
[04:46:21] 🔄 Identity reset
[04:46:21] 🔄 Identity rotated (every 10 requests)
[04:46:21] [161/326] RCLC
[04:46:23] [162/326] SKKD
[04:46:24] [163/326] ACHU
[04:46:25] [164/326] RSCF
[04:46:26] [165/326] IMSH
[04:46:27] [166/326] MACX
[04:46:28] [167/326] HMMW
[04:46:29] [168/326] JTCP
[04:46:29] [169/326] SREN
[04:46:30] [170/326] PJRR
[04:46:31] 🔄 Identity reset
[04:46:31] 🔄 Identity rotated (every 10 requests)
[04:46:31] [171/326] INAC
[04:46:32] [172/326] BMCA
[04:46:33] [173/326] SHCB
[04:46:34] [174/326] GABA
[04:46:35] [175/326] SBCT
[04:46:36] [176/326] GCMA
[04:46:36] [177/326] MYTK
[04:46:37] [178/326] INZS
[04:46:38] [179/326] RMIK
[04:46:39] [180/326] NYCH
[04:46:40] 🔄 Identity reset
[04:46:40] 🔄 Identity rotated (every 10 requests)
[04:46:40] [181/326] RAVE
[04:46:41] [182/326] PSXM
[04:46:42] [183/326] MCGP
[04:46:43] [184/326] PDDK
[04:46:44] [185/326] SPCK
[04:46:44] [186/326] MCRL
[04:46:45] [187/326] MHKT
[04:46:46] [188/326] ANRR
[04:46:47] [189/326] SAPK
[04:46:48] [190/326] NCUK
[04:46:48] 🔄 Identity reset
[04:46:48] 🔄 Identity rotated (every 10 requests)
[04:46:48] [191/326] JUGA
[04:46:49] [192/326] DBSC
[04:46:50] [193/326] LALK
[04:46:51] [194/326] GUCK
[04:46:52] [195/326] STSG
[04:46:53] [196/326] PPPZ
[04:46:54] [197/326] CNCY
[04:46:54] [198/326] MTAR
[04:46:55] [199/326] VNKD
[04:46:56] [200/326] KMAJ
[04:46:57] 🔄 Identity reset
[04:46:57] 🔄 Identity rotated (every 10 requests)
[04:46:57] [201/326] ACXK
[04:46:59] [202/326] UTKC
[04:46:59] [203/326] PBLK
[04:47:00] [204/326] ACBX
[04:47:01] [205/326] PTGM
[04:47:02] [206/326] BTDA
[04:47:03] [207/326] PJMB
[04:47:04] [208/326] TPDA
[04:47:05] [209/326] AMOE
[04:47:06] [210/326] PRHT
[04:47:07] 🔄 Identity reset
[04:47:07] 🔄 Identity rotated (every 10 requests)
[04:47:07] [211/326] PRTA
[04:47:08] [212/326] STAM
[04:47:09] [213/326] MSAA
[04:47:09] [214/326] SDLU
[04:47:10] [215/326] RCHH
[04:47:11] [216/326] KANT
[04:47:12] [217/326] FCRT
[04:47:13] [218/326] DNKM
[04:47:14] [219/326] RYCP
[04:47:15] [220/326] MYRP
[04:47:15] 🔄 Identity reset
[04:47:15] 🔄 Identity rotated (every 10 requests)
[04:47:16] [221/326] PPAK
[04:47:17] [222/326] NVPK
[04:47:18] [223/326] PRMC
[04:47:19] [224/326] JBCS
[04:47:20] [225/326] GXCK
[04:47:21] [226/326] USKO
[04:47:22] [227/326] GTEM
[04:47:23] [228/326] SMBU
[04:47:23] [229/326] VETC
[04:47:24] [230/326] LCDA
[04:47:25] 🔄 Identity reset
[04:47:25] 🔄 Identity rotated (every 10 requests)
[04:47:25] [231/326] MTVT
[04:47:26] [232/326] PYCP
[04:47:27] [233/326] PNSC
[04:47:28] [234/326] PPCC
[04:47:29] [235/326] TGRT
[04:47:30] [236/326] JYOT
[04:47:31] [237/326] SRCZ
[04:47:32] [238/326] SJTE
[04:47:33] [239/326] DESC
[04:47:34] [240/326] JHVN
[04:47:34] 🔄 Identity reset
[04:47:34] 🔄 Identity rotated (every 10 requests)
[04:47:35] [241/326] IPSG
[04:47:35] [242/326] IPCM
[04:47:36] [243/326] PDRS
[04:47:38] [244/326] ANCV
[04:47:39] [245/326] CMVV
[04:47:40] [246/326] SHYP
[04:47:41] [247/326] DNCS
[04:47:42] [248/326] GAJK
[04:47:44] [249/326] AKTN
[04:47:44] [250/326] KAYA
[04:47:45] 🔄 Identity reset
[04:47:45] 🔄 Identity rotated (every 10 requests)
[04:47:45] [251/326] SBRC
[04:47:46] [252/326] CHTP
[04:47:47] [253/326] SHRT
[04:47:48] [254/326] BCKU
[04:47:49] [255/326] FCPS
[04:47:50] [256/326] ARDD
[04:47:51] [257/326] CPCM
[04:47:53] [258/326] CGSM
[04:47:54] [259/326] PSMP
[04:47:54] [260/326] SDAL
[04:47:55] 🔄 Identity reset
[04:47:55] 🔄 Identity rotated (every 10 requests)
[04:47:55] [261/326] RTNB
[04:47:57] [262/326] LMCR
[04:47:58] [263/326] CIMA
[04:47:59] [264/326] RNAS
[04:48:01] [265/326] LITH
[04:48:02] [266/326] PBOX
[04:48:04] [267/326] FRTS
[04:48:04] [268/326] RKIC
[04:48:05] [269/326] PTAI
[04:48:06] [270/326] GCIC
[04:48:06] 🔄 Identity reset
[04:48:06] 🔄 Identity rotated (every 10 requests)
[04:48:07] [271/326] FNAS
[04:48:08] [272/326] SCAR
[04:48:08] [273/326] MTCA
[04:48:09] [274/326] SCTS
[04:48:10] [275/326] SYCS
[04:48:11] [276/326] RDMS
[04:48:12] [277/326] KAMP
[04:48:14] [278/326] ERSD
[04:48:14] [279/326] MJMJ
[04:48:16] [280/326] SRCJ
[04:48:17] 🔄 Identity reset
[04:48:17] 🔄 Identity rotated (every 10 requests)
[04:48:17] [281/326] SCXE
[04:48:18] [282/326] SVFR
[04:48:19] [283/326] BHCS
[04:48:20] [284/326] IMCC
[04:48:21] [285/326] PCBO
[04:48:22] [286/326] PRVN
[04:48:23] [287/326] AUPM
[04:48:24] [288/326] INBW
[04:48:25] [289/326] SVCW
[04:48:25] [290/326] RKCF
[04:48:26] 🔄 Identity reset
[04:48:26] 🔄 Identity rotated (every 10 requests)
[04:48:26] [291/326] UVBH
[04:48:27] [292/326] DNCY
[04:48:28] [293/326] ABCN
[04:48:29] [294/326] PRUR
[04:48:29] [295/326] PFMR
[04:48:30] [296/326] RKCN
[04:48:32] [297/326] CFEA
[04:48:34] [298/326] SDBG
[04:48:34] [299/326] SNAR
[04:48:35] [300/326] YISI
[04:48:36] 🔄 Identity reset
[04:48:36] 🔄 Identity rotated (every 10 requests)
[04:48:37] [301/326] JCFF
[04:48:37] [302/326] VTRK
[04:48:38] [303/326] PCLZ
[04:48:39] [304/326] DIMY
[04:48:40] [305/326] BBTS
[04:48:41] [306/326] GATH
[04:48:42] [307/326] GTMN
[04:48:43] [308/326] VTMH
[04:48:44] [309/326] CCKP
[04:48:45] [310/326] GPKA
[04:48:46] 🔄 Identity reset
[04:48:46] 🔄 Identity rotated (every 10 requests)
[04:48:46] [311/326] MHCL
[04:48:47] [312/326] ATCL
[04:48:49] [313/326] SBCK
[04:48:50] [314/326] AMMR
[04:48:51] [315/326] MADC
[04:48:52] [316/326] TMMA
[04:48:53] [317/326] CACC
[04:48:54] [318/326] CHAL
[04:48:55] [319/326] DURG
[04:48:56] [320/326] GMKU
[04:48:56] 🔄 Identity reset
[04:48:56] 🔄 Identity rotated (every 10 requests)
[04:48:57] [321/326] GECA
[04:48:57] [322/326] KYRR
[04:48:59] [323/326] KSDE
[04:49:00] [324/326] LMCI
[04:49:01] [325/326] NKCP
[04:49:02] [326/326] BGTC
[04:49:03] 🧹 Deduping shows
[04:49:03] ✅ DONE | Shows=403 | Movies=22
[21:55:48] 🚀 SCRIPT STARTED (enhanced anti‑detection)
[21:55:48] [1/326] BSAT
[21:55:49] 🧠 New identity created
[21:55:49] [2/326] RSSM
[21:55:50] [3/326] GCTA
[21:55:51] [4/326] TOPN
[21:55:52] [5/326] MCUS
[21:55:53] [6/326] SHRL
[21:55:54] [7/326] UPTP
[21:55:55] [8/326] TMMP
[21:55:56] [9/326] DNRP
[21:55:58] [10/326] SRLT
[21:55:58] 🔄 Identity reset
[21:55:58] 🔄 Identity rotated (every 10 requests)
[21:55:58] [11/326] RCNS
[21:55:59] [12/326] DCBH
[21:56:00] [13/326] NAGJ
[21:56:01] [14/326] JVRC
[21:56:02] [15/326] KRJG
[21:56:03] [16/326] SRTJ
[21:56:04] [17/326] CMXM
[21:56:05] [18/326] STMI
[21:56:06] [19/326] SLST
[21:56:07] [20/326] DTCN
[21:56:07] 🔄 Identity reset
[21:56:07] 🔄 Identity rotated (every 10 requests)
[21:56:08] [21/326] STYN
[21:56:08] [22/326] SZVR
[21:56:09] [23/326] SRKO
[21:56:10] [24/326] JTGT
[21:56:12] [25/326] SVFD
[21:56:13] [26/326] SISD
[21:56:14] [27/326] ABDD
[21:56:14] [28/326] DRCA
[21:56:15] [29/326] AVCS
[21:56:17] [30/326] MVKH
[21:56:17] 🔄 Identity reset
[21:56:17] 🔄 Identity rotated (every 10 requests)
[21:56:18] [31/326] ACPR
[21:56:19] [32/326] STIP
[21:56:20] [33/326] MTRA
[21:56:22] [34/326] RMKH
[21:56:23] [35/326] NKRL
[21:56:24] [36/326] PCWN
[21:56:25] [37/326] BLMT
[21:56:25] [38/326] GDPG
[21:56:26] [39/326] SRMX
[21:56:27] [40/326] JACP
[21:56:28] 🔄 Identity reset
[21:56:28] 🔄 Identity rotated (every 10 requests)
[21:56:28] [41/326] CPSH
[21:56:29] [42/326] MCCD
[21:56:30] [43/326] ECGH
[21:56:31] [44/326] MKCK
[21:56:32] [45/326] SRMM
[21:56:33] [46/326] SKYR
[21:56:34] [47/326] PCKC
[21:56:36] [48/326] JCMA
[21:56:37] [49/326] BSMP
[21:56:38] [50/326] VSPA
[21:56:39] 🔄 Identity reset
[21:56:39] 🔄 Identity rotated (every 10 requests)
[21:56:40] [51/326] DJYA
[21:56:41] [52/326] DIMP
[21:56:42] [53/326] FXDR
[21:56:43] [54/326] SSRC
[21:56:44] [55/326] STHP
[21:56:45] [56/326] CPPD
[21:56:46] [57/326] FCLK
[21:56:47] [58/326] SCPP
[21:56:48] [59/326] DCMJ
[21:56:49] [60/326] RCCR
[21:56:49] 🔄 Identity reset
[21:56:49] 🔄 Identity rotated (every 10 requests)
[21:56:50] [61/326] INMT
[21:56:51] [62/326] LXTK
[21:56:52] [63/326] SRYK
[21:56:53] [64/326] SGDK
[21:56:54] [65/326] PPKA
[21:56:55] [66/326] SPKA
[21:56:55] [67/326] CGHH
[21:56:56] [68/326] DCJN
[21:56:58] [69/326] SRKV
[21:56:59] [70/326] SAJC
[21:57:00] 🔄 Identity reset
[21:57:00] 🔄 Identity rotated (every 10 requests)
[21:57:00] [71/326] SUSR
[21:57:01] [72/326] STYG
[21:57:02] [73/326] NTKP
[21:57:03] [74/326] AKTG
[21:57:04] [75/326] CGCM
[21:57:05] [76/326] TULC
[21:57:06] [77/326] NYYZ
[21:57:06] [78/326] NYBW
[21:57:07] [79/326] MACB
[21:57:08] [80/326] SLVT
[21:57:09] 🔄 Identity reset
[21:57:09] 🔄 Identity rotated (every 10 requests)
[21:57:09] [81/326] SANA
[21:57:10] [82/326] ACMR
[21:57:11] [83/326] CPKN
[21:57:11] [84/326] DLGK
[21:57:12] [85/326] CWCK
[21:57:13] [86/326] FDDH
[21:57:14] [87/326] MMMD
[21:57:15] [88/326] CMEH
[21:57:16] [89/326] GGGV
[21:57:17] [90/326] SPJL
[21:57:17] 🔄 Identity reset
[21:57:17] 🔄 Identity rotated (every 10 requests)
[21:57:17] [91/326] RCCD
[21:57:18] [92/326] STTZ
[21:57:19] [93/326] BTCF
[21:57:20] [94/326] TSTZ
[21:57:21] [95/326] IPMM
[21:57:22] [96/326] PMPW
[21:57:23] [97/326] PCMZ
[21:57:24] [98/326] ESEM
[21:57:25] [99/326] PIPO
[21:57:26] [100/326] MATK
[21:57:27] 🔄 Identity reset
[21:57:27] 🔄 Identity rotated (every 10 requests)
[21:57:27] [101/326] PGHM
[21:57:28] [102/326] CTSR
[21:57:29] [103/326] CYKR
[21:57:30] [104/326] MSCM
[21:57:31] [105/326] RFNP
[21:57:32] [106/326] PDCP
[21:57:33] [107/326] NPSE
[21:57:34] [108/326] MKML
[21:57:35] [109/326] FTDP
[21:57:36] [110/326] MMXA
[21:57:36] 🔄 Identity reset
[21:57:36] 🔄 Identity rotated (every 10 requests)
[21:57:37] [111/326] CEPO
[21:57:37] [112/326] CMVP
[21:57:39] [113/326] SGTH
[21:57:40] [114/326] SAYN
[21:57:41] [115/326] URVS
[21:57:41] [116/326] VJTN
[21:57:42] [117/326] BBYK
[21:57:43] [118/326] SHBO
[21:57:44] [119/326] VCMR
[21:57:45] [120/326] MACT
[21:57:45] 🔄 Identity reset
[21:57:45] 🔄 Identity rotated (every 10 requests)
[21:57:46] [121/326] JMNP
[21:57:47] [122/326] VICS
[21:57:48] [123/326] VCDA
[21:57:49] [124/326] GCMM
[21:57:49] [125/326] INVS
[21:57:50] [126/326] SCGM
[21:57:51] [127/326] PCDA
[21:57:52] [128/326] KDCT
[21:57:53] [129/326] JACS
[21:57:53] [130/326] GMMC
[21:57:54] 🔄 Identity reset
[21:57:54] 🔄 Identity rotated (every 10 requests)
[21:57:54] [131/326] AICM
[21:57:55] [132/326] TJCM
[21:57:56] [133/326] RMTI
[21:57:57] [134/326] SHAC
[21:57:58] [135/326] APJC
[21:57:58] [136/326] GCTG
[21:57:59] [137/326] SSMC
[21:58:00] [138/326] THRM
[21:58:01] [139/326] RBCT
[21:58:02] [140/326] DIKT
[21:58:03] 🔄 Identity reset
[21:58:03] 🔄 Identity rotated (every 10 requests)
[21:58:03] [141/326] MIDL
[21:58:04] [142/326] VCSN
[21:58:05] [143/326] SKTG
[21:58:05] [144/326] SMWC
[21:58:06] [145/326] MNKH
[21:58:07] [146/326] PIAT
[21:58:08] [147/326] LTTP
[21:58:10] [148/326] PTPU
[21:58:11] [149/326] ACMG
[21:58:12] [150/326] SHMM
[21:58:12] 🔄 Identity reset
[21:58:12] 🔄 Identity rotated (every 10 requests)
[21:58:13] [151/326] MCMN
[21:58:14] [152/326] GLDC
[21:58:15] [153/326] HOUT
[21:58:16] [154/326] SVRP
[21:58:17] [155/326] PVDN
[21:58:18] [156/326] SCPY
[21:58:19] [157/326] DTPY
[21:58:20] [158/326] GKCS
[21:58:21] [159/326] NCAM
[21:58:22] [160/326] BSRM
[21:58:23] 🔄 Identity reset
[21:58:23] 🔄 Identity rotated (every 10 requests)
[21:58:23] [161/326] RCLC
[21:58:24] [162/326] SKKD
[21:58:26] [163/326] ACHU
[21:58:27] [164/326] RSCF
[21:58:28] [165/326] IMSH
[21:58:28] [166/326] MACX
[21:58:29] [167/326] HMMW
[21:58:30] [168/326] JTCP
[21:58:31] [169/326] SREN
[21:58:32] [170/326] PJRR
[21:58:33] 🔄 Identity reset
[21:58:33] 🔄 Identity rotated (every 10 requests)
[21:58:33] 🔄 Retry 1/5 for PJRR in 2.6s
[21:58:33] 🔄 Identity reset
[21:58:36] 🧠 New identity created
[21:58:37] [171/326] INAC
[21:58:38] [172/326] BMCA
[21:58:38] [173/326] SHCB
[21:58:39] [174/326] GABA
[21:58:40] [175/326] SBCT
[21:58:41] [176/326] GCMA
[21:58:42] [177/326] MYTK
[21:58:43] [178/326] INZS
[21:58:43] [179/326] RMIK
[21:58:44] 🔄 Identity reset
[21:58:44] 🔄 Identity rotated (every 10 requests)
[21:58:44] [180/326] NYCH
[21:58:46] [181/326] RAVE
[21:58:47] [182/326] PSXM
[21:58:48] [183/326] MCGP
[21:58:49] [184/326] PDDK
[21:58:50] [185/326] SPCK
[21:58:51] [186/326] MCRL
[21:58:53] [187/326] MHKT
[21:58:54] [188/326] ANRR
[21:58:55] [189/326] SAPK
[21:58:56] 🔄 Identity reset
[21:58:56] 🔄 Identity rotated (every 10 requests)
[21:58:56] [190/326] NCUK
[21:58:57] [191/326] JUGA
[21:58:58] [192/326] DBSC
[21:58:59] [193/326] LALK
[21:59:00] [194/326] GUCK
[21:59:00] [195/326] STSG
[21:59:01] [196/326] PPPZ
[21:59:02] [197/326] CNCY
[21:59:03] [198/326] MTAR
[21:59:04] [199/326] VNKD
[21:59:04] 🔄 Identity reset
[21:59:04] 🔄 Identity rotated (every 10 requests)
[21:59:05] [200/326] KMAJ
[21:59:05] [201/326] ACXK
[21:59:06] [202/326] UTKC
[21:59:08] [203/326] PBLK
[21:59:09] [204/326] ACBX
[21:59:10] [205/326] PTGM
[21:59:11] [206/326] BTDA
[21:59:11] [207/326] PJMB
[21:59:12] [208/326] TPDA
[21:59:13] [209/326] AMOE
[21:59:14] 🔄 Identity reset
[21:59:14] 🔄 Identity rotated (every 10 requests)
[21:59:14] [210/326] PRHT
[21:59:15] [211/326] PRTA
[21:59:16] [212/326] STAM
[21:59:17] [213/326] MSAA
[21:59:18] [214/326] SDLU
[21:59:19] [215/326] RCHH
[21:59:21] [216/326] KANT
[21:59:22] [217/326] FCRT
[21:59:23] [218/326] DNKM
[21:59:24] [219/326] RYCP
[21:59:24] 🔄 Identity reset
[21:59:24] 🔄 Identity rotated (every 10 requests)
[21:59:24] 🔄 Retry 1/5 for RYCP in 2.6s
[21:59:24] 🔄 Identity reset
[21:59:27] 🧠 New identity created
[21:59:27] [220/326] MYRP
[21:59:28] [221/326] PPAK
[21:59:29] [222/326] NVPK
[21:59:30] [223/326] PRMC
[21:59:31] [224/326] JBCS
[21:59:32] [225/326] GXCK
[21:59:32] [226/326] USKO
[21:59:33] [227/326] GTEM
[21:59:34] [228/326] SMBU
[21:59:35] 🔄 Identity reset
[21:59:35] 🔄 Identity rotated (every 10 requests)
[21:59:35] 🔄 Retry 1/5 for SMBU in 2.6s
[21:59:35] 🔄 Identity reset
[21:59:37] 🧠 New identity created
[21:59:38] [229/326] VETC
[21:59:38] [230/326] LCDA
[21:59:39] [231/326] MTVT
[21:59:40] [232/326] PYCP
[21:59:42] [233/326] PNSC
[21:59:42] [234/326] PPCC
[21:59:44] [235/326] TGRT
[21:59:46] [236/326] JYOT
[21:59:47] [237/326] SRCZ
[21:59:47] 🔄 Identity reset
[21:59:47] 🔄 Identity rotated (every 10 requests)
[21:59:48] [238/326] SJTE
[21:59:49] [239/326] DESC
[21:59:50] [240/326] JHVN
[21:59:51] [241/326] IPSG
[21:59:52] [242/326] IPCM
[21:59:52] [243/326] PDRS
[21:59:53] [244/326] ANCV
[21:59:54] [245/326] CMVV
[21:59:55] [246/326] SHYP
[21:59:56] [247/326] DNCS
[21:59:57] 🔄 Identity reset
[21:59:57] 🔄 Identity rotated (every 10 requests)
[21:59:57] [248/326] GAJK
[21:59:58] [249/326] AKTN
[21:59:59] [250/326] KAYA
[22:00:00] [251/326] SBRC
[22:00:01] [252/326] CHTP
[22:00:02] [253/326] SHRT
[22:00:02] [254/326] BCKU
[22:00:03] [255/326] FCPS
[22:00:04] [256/326] ARDD
[22:00:05] [257/326] CPCM
[22:00:06] 🔄 Identity reset
[22:00:06] 🔄 Identity rotated (every 10 requests)
[22:00:06] 🔄 Retry 1/5 for CPCM in 2.1s
[22:00:06] 🔄 Identity reset
[22:00:08] 🧠 New identity created
[22:00:08] 🔄 Retry 2/5 for CPCM in 4.2s
[22:00:08] 🔄 Identity reset
[22:00:12] 🧠 New identity created
[22:00:13] [258/326] CGSM
[22:00:13] [259/326] PSMP
[22:00:14] [260/326] SDAL
[22:00:15] [261/326] RTNB
[22:00:16] [262/326] LMCR
[22:00:18] [263/326] CIMA
[22:00:19] [264/326] RNAS
[22:00:20] [265/326] LITH
[22:00:20] 🔄 Identity reset
[22:00:20] 🔄 Identity rotated (every 10 requests)
[22:00:21] [266/326] PBOX
[22:00:22] [267/326] FRTS
[22:00:23] [268/326] RKIC
[22:00:23] [269/326] PTAI
[22:00:24] [270/326] GCIC
[22:00:25] [271/326] FNAS
[22:00:26] [272/326] SCAR
[22:00:27] [273/326] MTCA
[22:00:28] [274/326] SCTS
[22:00:29] [275/326] SYCS
[22:00:29] 🔄 Identity reset
[22:00:29] 🔄 Identity rotated (every 10 requests)
[22:00:30] [276/326] RDMS
[22:00:31] [277/326] KAMP
[22:00:32] [278/326] ERSD
[22:00:33] [279/326] MJMJ
[22:00:34] [280/326] SRCJ
[22:00:35] [281/326] SCXE
[22:00:35] [282/326] SVFR
[22:00:36] [283/326] BHCS
[22:00:37] [284/326] IMCC
[22:00:38] [285/326] PCBO
[22:00:39] 🔄 Identity reset
[22:00:39] 🔄 Identity rotated (every 10 requests)
[22:00:39] [286/326] PRVN
[22:00:40] [287/326] AUPM
[22:00:41] [288/326] INBW
[22:00:41] [289/326] SVCW
[22:00:42] [290/326] RKCF
[22:00:43] [291/326] UVBH
[22:00:44] [292/326] DNCY
[22:00:46] [293/326] ABCN
[22:00:46] [294/326] PRUR
[22:00:47] [295/326] PFMR
[22:00:48] 🔄 Identity reset
[22:00:48] 🔄 Identity rotated (every 10 requests)
[22:00:48] 🔄 Retry 1/5 for PFMR in 2.4s
[22:00:48] 🔄 Identity reset
[22:00:51] 🧠 New identity created
[22:00:51] [296/326] RKCN
[22:00:52] [297/326] CFEA
[22:00:53] [298/326] SDBG
[22:00:54] [299/326] SNAR
[22:00:54] [300/326] YISI
[22:00:55] [301/326] JCFF
[22:00:56] [302/326] VTRK
[22:00:57] [303/326] PCLZ
[22:00:58] [304/326] DIMY
[22:00:59] 🔄 Identity reset
[22:00:59] 🔄 Identity rotated (every 10 requests)
[22:00:59] [305/326] BBTS
[22:01:00] [306/326] GATH
[22:01:01] [307/326] GTMN
[22:01:02] [308/326] VTMH
[22:01:03] [309/326] CCKP
[22:01:05] [310/326] GPKA
[22:01:05] [311/326] MHCL
[22:01:06] [312/326] ATCL
[22:01:07] [313/326] SBCK
[22:01:08] [314/326] AMMR
[22:01:09] 🔄 Identity reset
[22:01:09] 🔄 Identity rotated (every 10 requests)
[22:01:09] [315/326] MADC
[22:01:10] [316/326] TMMA
[22:01:11] [317/326] CACC
[22:01:12] [318/326] CHAL
[22:01:13] [319/326] DURG
[22:01:14] [320/326] GMKU
[22:01:16] [321/326] GECA
[22:01:17] [322/326] KYRR
[22:01:17] [323/326] KSDE
[22:01:19] [324/326] LMCI
[22:01:20] 🔄 Identity reset
[22:01:20] 🔄 Identity rotated (every 10 requests)
[22:01:20] [325/326] NKCP
[22:01:22] [326/326] BGTC
[22:01:22] 🧹 Deduping shows
[22:01:22] ✅ DONE | Shows=868 | Movies=43
[10:21:13] 🚀 SCRIPT STARTED
[10:21:13] [1/326] BSAT
[10:21:14] 🧠 New identity created
[10:21:14] [2/326] RSSM
[10:21:15] [3/326] GCTA
[10:21:17] [4/326] TOPN
[10:21:18] [5/326] MCUS
[10:21:19] [6/326] SHRL
[10:21:20] [7/326] UPTP
[10:21:21] [8/326] TMMP
[10:21:22] [9/326] DNRP
[10:21:23] [10/326] SRLT
[10:21:23] 🔄 Identity reset
[10:21:23] 🔄 Identity rotated (every 10 requests)
[10:21:24] [11/326] RCNS
[10:21:24] [12/326] DCBH
[10:21:26] [13/326] NAGJ
[10:21:26] [14/326] JVRC
[10:21:27] [15/326] KRJG
[10:21:28] [16/326] SRTJ
[10:21:29] [17/326] CMXM
[10:21:30] [18/326] STMI
[10:21:31] [19/326] SLST
[10:21:32] [20/326] DTCN
[10:21:32] 🔄 Identity reset
[10:21:32] 🔄 Identity rotated (every 10 requests)
[10:21:34] [21/326] STYN
[10:21:35] [22/326] SZVR
[10:21:37] [23/326] SRKO
[10:21:38] [24/326] JTGT
[10:21:38] [25/326] SVFD
[10:21:39] [26/326] SISD
[10:21:40] [27/326] ABDD
[10:21:41] [28/326] DRCA
[10:21:42] [29/326] AVCS
[10:21:44] [30/326] MVKH
[10:21:44] 🔄 Identity reset
[10:21:44] 🔄 Identity rotated (every 10 requests)
[10:21:45] [31/326] ACPR
[10:21:45] [32/326] STIP
[10:21:46] [33/326] MTRA
[10:21:47] [34/326] RMKH
[10:21:48] [35/326] NKRL
[10:21:50] [36/326] PCWN
[10:21:51] [37/326] BLMT
[10:21:52] [38/326] GDPG
[10:21:53] [39/326] SRMX
[10:21:54] [40/326] JACP
[10:21:54] 🔄 Identity reset
[10:21:54] 🔄 Identity rotated (every 10 requests)
[10:21:55] [41/326] CPSH
[10:21:56] [42/326] MCCD
[10:21:57] [43/326] ECGH
[10:21:58] [44/326] MKCK
[10:21:59] [45/326] SRMM
[10:22:00] [46/326] SKYR
[10:22:01] [47/326] PCKC
[10:22:02] [48/326] JCMA
[10:22:03] [49/326] BSMP
[10:22:04] [50/326] VSPA
[10:22:04] 🔄 Identity reset
[10:22:04] 🔄 Identity rotated (every 10 requests)
[10:22:05] [51/326] DJYA
[10:22:06] [52/326] DIMP
[10:22:07] [53/326] FXDR
[10:22:08] [54/326] SSRC
[10:22:09] [55/326] STHP
[10:22:10] [56/326] CPPD
[10:22:11] [57/326] FCLK
[10:22:12] [58/326] SCPP
[10:22:13] [59/326] DCMJ
[10:22:14] [60/326] RCCR
[10:22:14] 🔄 Identity reset
[10:22:14] 🔄 Identity rotated (every 10 requests)
[10:22:15] [61/326] INMT
[10:22:16] [62/326] LXTK
[10:22:17] [63/326] SRYK
[10:22:18] [64/326] SGDK
[10:22:19] [65/326] PPKA
[10:22:20] [66/326] SPKA
[10:22:21] [67/326] CGHH
[10:22:22] [68/326] DCJN
[10:22:23] [69/326] SRKV
[10:22:24] [70/326] SAJC
[10:22:24] 🔄 Identity reset
[10:22:24] 🔄 Identity rotated (every 10 requests)
[10:22:25] [71/326] SUSR
[10:22:26] [72/326] STYG
[10:22:27] [73/326] NTKP
[10:22:29] [74/326] AKTG
[10:22:30] [75/326] CGCM
[10:22:31] [76/326] TULC
[10:22:32] [77/326] NYYZ
[10:22:33] [78/326] NYBW
[10:22:34] [79/326] MACB
[10:22:35] [80/326] SLVT
[10:22:35] 🔄 Identity reset
[10:22:35] 🔄 Identity rotated (every 10 requests)
[10:22:36] [81/326] SANA
[10:22:37] [82/326] ACMR
[10:22:38] [83/326] CPKN
[10:22:39] [84/326] DLGK
[10:22:40] [85/326] CWCK
[10:22:41] [86/326] FDDH
[10:22:42] [87/326] MMMD
[10:22:42] [88/326] CMEH
[10:22:43] [89/326] GGGV
[10:22:44] [90/326] SPJL
[10:22:44] 🔄 Identity reset
[10:22:44] 🔄 Identity rotated (every 10 requests)
[10:22:45] [91/326] RCCD
[10:22:47] [92/326] STTZ
[10:22:48] [93/326] BTCF
[10:22:48] [94/326] TSTZ
[10:22:49] [95/326] IPMM
[10:22:50] [96/326] PMPW
[10:22:51] [97/326] PCMZ
[10:22:52] [98/326] ESEM
[10:22:53] [99/326] PIPO
[10:22:54] [100/326] MATK
[10:22:54] 🔄 Identity reset
[10:22:54] 🔄 Identity rotated (every 10 requests)
[10:22:55] [101/326] PGHM
[10:22:56] [102/326] CTSR
[10:22:57] [103/326] CYKR
[10:22:58] [104/326] MSCM
[10:22:59] [105/326] RFNP
[10:23:01] [106/326] PDCP
[10:23:02] [107/326] NPSE
[10:23:03] [108/326] MKML
[10:23:04] [109/326] FTDP
[10:23:05] [110/326] MMXA
[10:23:05] 🔄 Identity reset
[10:23:05] 🔄 Identity rotated (every 10 requests)
[10:23:06] [111/326] CEPO
[10:23:07] [112/326] CMVP
[10:23:07] [113/326] SGTH
[10:23:09] [114/326] SAYN
[10:23:10] [115/326] URVS
[10:23:11] [116/326] VJTN
[10:23:11] [117/326] BBYK
[10:23:12] [118/326] SHBO
[10:23:13] [119/326] VCMR
[10:23:14] [120/326] MACT
[10:23:14] 🔄 Identity reset
[10:23:14] 🔄 Identity rotated (every 10 requests)
[10:23:15] [121/326] JMNP
[10:23:17] [122/326] VICS
[10:23:18] [123/326] VCDA
[10:23:19] [124/326] GCMM
[10:23:20] [125/326] INVS
[10:23:20] [126/326] SCGM
[10:23:22] [127/326] PCDA
[10:23:23] [128/326] KDCT
[10:23:23] [129/326] JACS
[10:23:24] [130/326] GMMC
[10:23:24] 🔄 Identity reset
[10:23:24] 🔄 Identity rotated (every 10 requests)
[10:23:26] [131/326] AICM
[10:23:27] [132/326] TJCM
[10:23:28] [133/326] RMTI
[10:23:29] [134/326] SHAC
[10:23:30] [135/326] APJC
[10:23:30] [136/326] GCTG
[10:23:31] [137/326] SSMC
[10:23:32] [138/326] THRM
[10:23:33] [139/326] RBCT
[10:23:34] [140/326] DIKT
[10:23:34] 🔄 Identity reset
[10:23:34] 🔄 Identity rotated (every 10 requests)
[10:23:35] [141/326] MIDL
[10:23:37] [142/326] VCSN
[10:23:38] [143/326] SKTG
[10:23:39] [144/326] SMWC
[10:23:40] [145/326] MNKH
[10:23:41] [146/326] PIAT
[10:23:41] [147/326] LTTP
[10:23:42] [148/326] PTPU
[10:23:43] [149/326] ACMG
[10:23:44] [150/326] SHMM
[10:23:44] 🔄 Identity reset
[10:23:44] 🔄 Identity rotated (every 10 requests)
[10:23:45] [151/326] MCMN
[10:23:46] [152/326] GLDC
[10:23:48] [153/326] HOUT
[10:23:49] [154/326] SVRP
[10:23:50] [155/326] PVDN
[10:23:51] [156/326] SCPY
[10:23:52] [157/326] DTPY
[10:23:53] [158/326] GKCS
[10:23:54] [159/326] NCAM
[10:23:55] [160/326] BSRM
[10:23:55] 🔄 Identity reset
[10:23:55] 🔄 Identity rotated (every 10 requests)
[10:23:56] [161/326] RCLC
[10:23:57] [162/326] SKKD
[10:23:58] [163/326] ACHU
[10:23:58] [164/326] RSCF
[10:23:59] [165/326] IMSH
[10:24:00] [166/326] MACX
[10:24:01] [167/326] HMMW
[10:24:02] [168/326] JTCP
[10:24:03] [169/326] SREN
[10:24:04] [170/326] PJRR
[10:24:04] 🔄 Identity reset
[10:24:04] 🔄 Identity rotated (every 10 requests)
[10:24:05] [171/326] INAC
[10:24:06] [172/326] BMCA
[10:24:07] [173/326] SHCB
[10:24:08] [174/326] GABA
[10:24:09] [175/326] SBCT
[10:24:10] [176/326] GCMA
[10:24:11] [177/326] MYTK
[10:24:12] [178/326] INZS
[10:24:13] [179/326] RMIK
[10:24:13] [180/326] NYCH
[10:24:13] 🔄 Identity reset
[10:24:13] 🔄 Identity rotated (every 10 requests)
[10:24:14] [181/326] RAVE
[10:24:15] [182/326] PSXM
[10:24:16] [183/326] MCGP
[10:24:17] [184/326] PDDK
[10:24:18] [185/326] SPCK
[10:24:19] [186/326] MCRL
[10:24:20] [187/326] MHKT
[10:24:21] [188/326] ANRR
[10:24:22] [189/326] SAPK
[10:24:23] [190/326] NCUK
[10:24:23] 🔄 Identity reset
[10:24:23] 🔄 Identity rotated (every 10 requests)
[10:24:24] [191/326] JUGA
[10:24:25] [192/326] DBSC
[10:24:25] [193/326] LALK
[10:24:27] [194/326] GUCK
[10:24:28] [195/326] STSG
[10:24:29] [196/326] PPPZ
[10:24:30] [197/326] CNCY
[10:24:31] [198/326] MTAR
[10:24:32] [199/326] VNKD
[10:24:33] [200/326] KMAJ
[10:24:33] 🔄 Identity reset
[10:24:33] 🔄 Identity rotated (every 10 requests)
[10:24:34] [201/326] ACXK
[10:24:35] [202/326] UTKC
[10:24:36] [203/326] PBLK
[10:24:37] [204/326] ACBX
[10:24:38] [205/326] PTGM
[10:24:39] [206/326] BTDA
[10:24:40] [207/326] PJMB
[10:24:41] [208/326] TPDA
[10:24:42] [209/326] AMOE
[10:24:43] [210/326] PRHT
[10:24:43] 🔄 Identity reset
[10:24:43] 🔄 Identity rotated (every 10 requests)
[10:24:43] 🔄 Retry 1/5 for PRHT in 3.0s
[10:24:43] 🔄 Identity reset
[10:24:46] 🧠 New identity created
[10:24:47] [211/326] PRTA
[10:24:48] [212/326] STAM
[10:24:49] [213/326] MSAA
[10:24:50] [214/326] SDLU
[10:24:51] [215/326] RCHH
[10:24:52] [216/326] KANT
[10:24:53] [217/326] FCRT
[10:24:54] [218/326] DNKM
[10:24:55] [219/326] RYCP
[10:24:55] 🔄 Identity reset
[10:24:55] 🔄 Identity rotated (every 10 requests)
[10:24:56] [220/326] MYRP
[10:24:57] [221/326] PPAK
[10:24:58] [222/326] NVPK
[10:24:59] [223/326] PRMC
[10:25:00] [224/326] JBCS
[10:25:01] [225/326] GXCK
[10:25:01] [226/326] USKO
[10:25:02] [227/326] GTEM
[10:25:04] [228/326] SMBU
[10:25:04] [229/326] VETC
[10:25:04] 🔄 Identity reset
[10:25:04] 🔄 Identity rotated (every 10 requests)
[10:25:05] [230/326] LCDA
[10:25:07] [231/326] MTVT
[10:25:08] [232/326] PYCP
[10:25:09] [233/326] PNSC
[10:25:10] [234/326] PPCC
[10:25:11] [235/326] TGRT
[10:25:12] [236/326] JYOT
[10:25:13] [237/326] SRCZ
[10:25:14] [238/326] SJTE
[10:25:15] [239/326] DESC
[10:25:15] 🔄 Identity reset
[10:25:15] 🔄 Identity rotated (every 10 requests)
[10:25:17] [240/326] JHVN
[10:25:18] [241/326] IPSG
[10:25:18] [242/326] IPCM
[10:25:19] [243/326] PDRS
[10:25:20] [244/326] ANCV
[10:25:21] [245/326] CMVV
[10:25:22] [246/326] SHYP
[10:25:23] [247/326] DNCS
[10:25:24] [248/326] GAJK
[10:25:25] [249/326] AKTN
[10:25:25] 🔄 Identity reset
[10:25:25] 🔄 Identity rotated (every 10 requests)
[10:25:26] [250/326] KAYA
[10:25:27] [251/326] SBRC
[10:25:29] [252/326] CHTP
[10:25:30] [253/326] SHRT
[10:25:31] [254/326] BCKU
[10:25:32] [255/326] FCPS
[10:25:32] [256/326] ARDD
[10:25:33] [257/326] CPCM
[10:25:34] [258/326] CGSM
[10:25:35] [259/326] PSMP
[10:25:35] 🔄 Identity reset
[10:25:35] 🔄 Identity rotated (every 10 requests)
[10:25:36] [260/326] SDAL
[10:25:37] [261/326] RTNB
[10:25:39] [262/326] LMCR
[10:25:39] [263/326] CIMA
[10:25:40] [264/326] RNAS
[10:25:42] [265/326] LITH
[10:25:43] [266/326] PBOX
[10:25:44] [267/326] FRTS
[10:25:45] [268/326] RKIC
[10:25:46] [269/326] PTAI
[10:25:46] 🔄 Identity reset
[10:25:46] 🔄 Identity rotated (every 10 requests)
[10:25:47] [270/326] GCIC
[10:25:48] [271/326] FNAS
[10:25:49] [272/326] SCAR
[10:25:49] [273/326] MTCA
[10:25:50] [274/326] SCTS
[10:25:51] [275/326] SYCS
[10:25:52] [276/326] RDMS
[10:25:53] [277/326] KAMP
[10:25:54] [278/326] ERSD
[10:25:55] [279/326] MJMJ
[10:25:55] 🔄 Identity reset
[10:25:55] 🔄 Identity rotated (every 10 requests)
[10:25:56] [280/326] SRCJ
[10:25:57] [281/326] SCXE
[10:25:58] [282/326] SVFR
[10:25:59] [283/326] BHCS
[10:26:00] [284/326] IMCC
[10:26:01] [285/326] PCBO
[10:26:02] [286/326] PRVN
[10:26:03] [287/326] AUPM
[10:26:04] [288/326] INBW
[10:26:05] [289/326] SVCW
[10:26:05] 🔄 Identity reset
[10:26:05] 🔄 Identity rotated (every 10 requests)
[10:26:06] [290/326] RKCF
[10:26:07] [291/326] UVBH
[10:26:08] [292/326] DNCY
[10:26:08] [293/326] ABCN
[10:26:09] [294/326] PRUR
[10:26:10] [295/326] PFMR
[10:26:12] [296/326] RKCN
[10:26:13] [297/326] CFEA
[10:26:14] [298/326] SDBG
[10:26:15] [299/326] SNAR
[10:26:15] 🔄 Identity reset
[10:26:15] 🔄 Identity rotated (every 10 requests)
[10:26:16] [300/326] YISI
[10:26:18] [301/326] JCFF
[10:26:19] [302/326] VTRK
[10:26:20] [303/326] PCLZ
[10:26:21] [304/326] DIMY
[10:26:22] [305/326] BBTS
[10:26:23] [306/326] GATH
[10:26:24] [307/326] GTMN
[10:26:25] [308/326] VTMH
[10:26:26] [309/326] CCKP
[10:26:26] 🔄 Identity reset
[10:26:27] 🔄 Identity rotated (every 10 requests)
[10:26:28] [310/326] GPKA
[10:26:29] [311/326] MHCL
[10:26:30] [312/326] ATCL
[10:26:31] [313/326] SBCK
[10:26:32] [314/326] AMMR
[10:26:33] [315/326] MADC
[10:26:34] [316/326] TMMA
[10:26:35] [317/326] CACC
[10:26:36] [318/326] CHAL
[10:26:37] [319/326] DURG
[10:26:37] 🔄 Identity reset
[10:26:37] 🔄 Identity rotated (every 10 requests)
[10:26:38] [320/326] GMKU
[10:26:39] [321/326] GECA
[10:26:40] [322/326] KYRR
[10:26:41] [323/326] KSDE
[10:26:42] [324/326] LMCI
[10:26:43] [325/326] NKCP
[10:26:44] [326/326] BGTC
[10:26:45] 🧹 Deduping shows
[10:26:45] ✅ DONE | Shows=2466 | Movies=74
[16:21:33] 🚀 SCRIPT STARTED
[16:21:33] [1/326] BSAT
[16:21:33] 🧠 New identity created
[16:21:34] [2/326] RSSM
[16:21:35] [3/326] GCTA
[16:21:36] [4/326] TOPN
[16:21:37] [5/326] MCUS
[16:21:39] [6/326] SHRL
[16:21:40] [7/326] UPTP
[16:21:41] [8/326] TMMP
[16:21:42] [9/326] DNRP
[16:21:43] [10/326] SRLT
[16:21:43] 🔄 Identity reset
[16:21:44] 🔄 Identity rotated (every 10 requests)
[16:21:45] [11/326] RCNS
[16:21:45] [12/326] DCBH
[16:21:46] [13/326] NAGJ
[16:21:47] [14/326] JVRC
[16:21:48] [15/326] KRJG
[16:21:49] [16/326] SRTJ
[16:21:50] [17/326] CMXM
[16:21:51] [18/326] STMI
[16:21:52] [19/326] SLST
[16:21:54] [20/326] DTCN
[16:21:54] 🔄 Identity reset
[16:21:54] 🔄 Identity rotated (every 10 requests)
[16:21:55] [21/326] STYN
[16:21:56] [22/326] SZVR
[16:21:57] [23/326] SRKO
[16:21:58] [24/326] JTGT
[16:21:59] [25/326] SVFD
[16:22:00] [26/326] SISD
[16:22:01] [27/326] ABDD
[16:22:02] [28/326] DRCA
[16:22:03] [29/326] AVCS
[16:22:04] [30/326] MVKH
[16:22:04] 🔄 Identity reset
[16:22:04] 🔄 Identity rotated (every 10 requests)
[16:22:05] [31/326] ACPR
[16:22:06] [32/326] STIP
[16:22:07] [33/326] MTRA
[16:22:08] [34/326] RMKH
[16:22:09] [35/326] NKRL
[16:22:10] [36/326] PCWN
[16:22:11] [37/326] BLMT
[16:22:12] [38/326] GDPG
[16:22:13] [39/326] SRMX
[16:22:14] [40/326] JACP
[16:22:14] 🔄 Identity reset
[16:22:14] 🔄 Identity rotated (every 10 requests)
[16:22:15] [41/326] CPSH
[16:22:16] [42/326] MCCD
[16:22:18] [43/326] ECGH
[16:22:19] [44/326] MKCK
[16:22:20] [45/326] SRMM
[16:22:20] [46/326] SKYR
[16:22:21] [47/326] PCKC
[16:22:23] [48/326] JCMA
[16:22:24] [49/326] BSMP
[16:22:26] [50/326] VSPA
[16:22:26] 🔄 Identity reset
[16:22:26] 🔄 Identity rotated (every 10 requests)
[16:22:27] [51/326] DJYA
[16:22:27] [52/326] DIMP
[16:22:28] [53/326] FXDR
[16:22:29] [54/326] SSRC
[16:22:30] [55/326] STHP
[16:22:31] [56/326] CPPD
[16:22:31] [57/326] FCLK
[16:22:33] [58/326] SCPP
[16:22:34] [59/326] DCMJ
[16:22:35] [60/326] RCCR
[16:22:35] 🔄 Identity reset
[16:22:35] 🔄 Identity rotated (every 10 requests)
[16:22:36] [61/326] INMT
[16:22:37] [62/326] LXTK
[16:22:38] [63/326] SRYK
[16:22:40] [64/326] SGDK
[16:22:41] [65/326] PPKA
[16:22:41] [66/326] SPKA
[16:22:42] [67/326] CGHH
[16:22:43] [68/326] DCJN
[16:22:44] [69/326] SRKV
[16:22:45] [70/326] SAJC
[16:22:45] 🔄 Identity reset
[16:22:45] 🔄 Identity rotated (every 10 requests)
[16:22:46] [71/326] SUSR
[16:22:48] [72/326] STYG
[16:22:50] [73/326] NTKP
[16:22:51] [74/326] AKTG
[16:22:52] [75/326] CGCM
[16:22:53] [76/326] TULC
[16:22:54] [77/326] NYYZ
[16:22:55] [78/326] NYBW
[16:22:56] [79/326] MACB
[16:22:57] [80/326] SLVT
[16:22:57] 🔄 Identity reset
[16:22:57] 🔄 Identity rotated (every 10 requests)
[16:22:58] [81/326] SANA
[16:22:59] [82/326] ACMR
[16:23:00] [83/326] CPKN
[16:23:01] [84/326] DLGK
[16:23:02] [85/326] CWCK
[16:23:03] [86/326] FDDH
[16:23:04] [87/326] MMMD
[16:23:05] [88/326] CMEH
[16:23:07] [89/326] GGGV
[16:23:08] [90/326] SPJL
[16:23:08] 🔄 Identity reset
[16:23:08] 🔄 Identity rotated (every 10 requests)
[16:23:08] 🔄 Retry 1/5 for SPJL in 2.7s
[16:23:08] 🔄 Identity reset
[16:23:10] 🧠 New identity created
[16:23:11] [91/326] RCCD
[16:23:12] [92/326] STTZ
[16:23:13] [93/326] BTCF
[16:23:14] [94/326] TSTZ
[16:23:16] [95/326] IPMM
[16:23:17] [96/326] PMPW
[16:23:19] [97/326] PCMZ
[16:23:20] [98/326] ESEM
[16:23:20] [99/326] PIPO
[16:23:20] 🔄 Identity reset
[16:23:20] 🔄 Identity rotated (every 10 requests)
[16:23:21] [100/326] MATK
[16:23:23] [101/326] PGHM
[16:23:23] [102/326] CTSR
[16:23:24] [103/326] CYKR
[16:23:25] [104/326] MSCM
[16:23:26] [105/326] RFNP
[16:23:27] [106/326] PDCP
[16:23:28] [107/326] NPSE
[16:23:29] [108/326] MKML
[16:23:30] [109/326] FTDP
[16:23:30] 🔄 Identity reset
[16:23:30] 🔄 Identity rotated (every 10 requests)
[16:23:31] [110/326] MMXA
[16:23:32] [111/326] CEPO
[16:23:33] [112/326] CMVP
[16:23:34] [113/326] SGTH
[16:23:35] [114/326] SAYN
[16:23:36] [115/326] URVS
[16:23:37] [116/326] VJTN
[16:23:39] [117/326] BBYK
[16:23:40] [118/326] SHBO
[16:23:41] [119/326] VCMR
[16:23:41] 🔄 Identity reset
[16:23:41] 🔄 Identity rotated (every 10 requests)
[16:23:41] 🔄 Retry 1/5 for VCMR in 2.2s
[16:23:41] 🔄 Identity reset
[16:23:44] 🧠 New identity created
[16:23:45] [120/326] MACT
[16:23:45] [121/326] JMNP
[16:23:47] [122/326] VICS
[16:23:48] [123/326] VCDA
[16:23:49] [124/326] GCMM
[16:23:50] [125/326] INVS
[16:23:51] [126/326] SCGM
[16:23:53] [127/326] PCDA
[16:23:54] [128/326] KDCT
[16:23:54] 🔄 Identity reset
[16:23:54] 🔄 Identity rotated (every 10 requests)
[16:23:55] [129/326] JACS
[16:23:56] [130/326] GMMC
[16:23:57] [131/326] AICM
[16:23:58] [132/326] TJCM
[16:23:59] [133/326] RMTI
[16:24:00] [134/326] SHAC
[16:24:01] [135/326] APJC
[16:24:03] [136/326] GCTG
[16:24:04] [137/326] SSMC
[16:24:06] [138/326] THRM
[16:24:06] 🔄 Identity reset
[16:24:06] 🔄 Identity rotated (every 10 requests)
[16:24:06] [139/326] RBCT
[16:24:07] [140/326] DIKT
[16:24:08] [141/326] MIDL
[16:24:09] [142/326] VCSN
[16:24:10] [143/326] SKTG
[16:24:11] [144/326] SMWC
[16:24:12] [145/326] MNKH
[16:24:13] [146/326] PIAT
[16:24:14] [147/326] LTTP
[16:24:15] [148/326] PTPU
[16:24:15] 🔄 Identity reset
[16:24:15] 🔄 Identity rotated (every 10 requests)
[16:24:16] [149/326] ACMG
[16:24:17] [150/326] SHMM
[16:24:18] [151/326] MCMN
[16:24:19] [152/326] GLDC
[16:24:20] [153/326] HOUT
[16:24:21] [154/326] SVRP
[16:24:22] [155/326] PVDN
[16:24:23] [156/326] SCPY
[16:24:24] [157/326] DTPY
[16:24:26] [158/326] GKCS
[16:24:26] 🔄 Identity reset
[16:24:26] 🔄 Identity rotated (every 10 requests)
[16:24:27] [159/326] NCAM
[16:24:29] [160/326] BSRM
[16:24:30] [161/326] RCLC
[16:24:30] [162/326] SKKD
[16:24:31] [163/326] ACHU
[16:24:32] [164/326] RSCF
[16:24:33] [165/326] IMSH
[16:24:34] [166/326] MACX
[16:24:35] [167/326] HMMW
[16:24:36] [168/326] JTCP
[16:24:36] 🔄 Identity reset
[16:24:36] 🔄 Identity rotated (every 10 requests)
[16:24:37] [169/326] SREN
[16:24:39] [170/326] PJRR
[16:24:40] [171/326] INAC
[16:24:42] [172/326] BMCA
[16:24:43] [173/326] SHCB
[16:24:44] [174/326] GABA
[16:24:45] [175/326] SBCT
[16:24:46] [176/326] GCMA
[16:24:47] [177/326] MYTK
[16:24:48] [178/326] INZS
[16:24:48] 🔄 Identity reset
[16:24:48] 🔄 Identity rotated (every 10 requests)
[16:24:49] [179/326] RMIK
[16:24:50] [180/326] NYCH
[16:24:51] [181/326] RAVE
[16:24:51] [182/326] PSXM
[16:24:52] [183/326] MCGP
[16:24:54] [184/326] PDDK
[16:24:55] [185/326] SPCK
[16:24:56] [186/326] MCRL
[16:24:57] [187/326] MHKT
[16:24:58] [188/326] ANRR
[16:24:58] 🔄 Identity reset
[16:24:58] 🔄 Identity rotated (every 10 requests)
[16:24:59] [189/326] SAPK
[16:25:00] [190/326] NCUK
[16:25:01] [191/326] JUGA
[16:25:02] [192/326] DBSC
[16:25:03] [193/326] LALK
[16:25:04] [194/326] GUCK
[16:25:05] [195/326] STSG
[16:25:06] [196/326] PPPZ
[16:25:07] [197/326] CNCY
[16:25:08] [198/326] MTAR
[16:25:08] 🔄 Identity reset
[16:25:08] 🔄 Identity rotated (every 10 requests)
[16:25:10] [199/326] VNKD
[16:25:11] [200/326] KMAJ
[16:25:13] [201/326] ACXK
[16:25:14] [202/326] UTKC
[16:25:15] [203/326] PBLK
[16:25:17] [204/326] ACBX
[16:25:17] [205/326] PTGM
[16:25:18] [206/326] BTDA
[16:25:19] [207/326] PJMB
[16:25:21] [208/326] TPDA
[16:25:21] 🔄 Identity reset
[16:25:21] 🔄 Identity rotated (every 10 requests)
[16:25:22] [209/326] AMOE
[16:25:23] [210/326] PRHT
[16:25:24] [211/326] PRTA
[16:25:25] [212/326] STAM
[16:25:27] [213/326] MSAA
[16:25:28] [214/326] SDLU
[16:25:29] [215/326] RCHH
[16:25:30] [216/326] KANT
[16:25:31] [217/326] FCRT
[16:25:32] [218/326] DNKM
[16:25:32] 🔄 Identity reset
[16:25:32] 🔄 Identity rotated (every 10 requests)
[16:25:33] [219/326] RYCP
[16:25:34] [220/326] MYRP
[16:25:34] [221/326] PPAK
[16:25:36] [222/326] NVPK
[16:25:37] [223/326] PRMC
[16:25:38] [224/326] JBCS
[16:25:39] [225/326] GXCK
[16:25:41] [226/326] USKO
[16:25:41] [227/326] GTEM
[16:25:43] [228/326] SMBU
[16:25:43] 🔄 Identity reset
[16:25:43] 🔄 Identity rotated (every 10 requests)
[16:25:44] [229/326] VETC
[16:25:45] [230/326] LCDA
[16:25:46] [231/326] MTVT
[16:25:47] [232/326] PYCP
[16:25:48] [233/326] PNSC
[16:25:49] [234/326] PPCC
[16:25:50] [235/326] TGRT
[16:25:51] [236/326] JYOT
[16:25:52] [237/326] SRCZ
[16:25:53] [238/326] SJTE
[16:25:53] 🔄 Identity reset
[16:25:53] 🔄 Identity rotated (every 10 requests)
[16:25:55] [239/326] DESC
[16:25:56] [240/326] JHVN
[16:25:56] [241/326] IPSG
[16:25:57] [242/326] IPCM
[16:25:58] [243/326] PDRS
[16:26:00] [244/326] ANCV
[16:26:01] [245/326] CMVV
[16:26:02] [246/326] SHYP
[16:26:03] [247/326] DNCS
[16:26:04] [248/326] GAJK
[16:26:04] 🔄 Identity reset
[16:26:04] 🔄 Identity rotated (every 10 requests)
[16:26:05] [249/326] AKTN
[16:26:06] [250/326] KAYA
[16:26:07] [251/326] SBRC
[16:26:08] [252/326] CHTP
[16:26:09] [253/326] SHRT
[16:26:09] [254/326] BCKU
[16:26:10] [255/326] FCPS
[16:26:11] [256/326] ARDD
[16:26:12] [257/326] CPCM
[16:26:13] [258/326] CGSM
[16:26:13] 🔄 Identity reset
[16:26:13] 🔄 Identity rotated (every 10 requests)
[16:26:15] [259/326] PSMP
[16:26:16] [260/326] SDAL
[16:26:17] [261/326] RTNB
[16:26:19] [262/326] LMCR
[16:26:19] [263/326] CIMA
[16:26:20] [264/326] RNAS
[16:26:21] [265/326] LITH
[16:26:22] [266/326] PBOX
[16:26:23] [267/326] FRTS
[16:26:24] [268/326] RKIC
[16:26:24] 🔄 Identity reset
[16:26:24] 🔄 Identity rotated (every 10 requests)
[16:26:25] [269/326] PTAI
[16:26:26] [270/326] GCIC
[16:26:26] [271/326] FNAS
[16:26:27] [272/326] SCAR
[16:26:29] [273/326] MTCA
[16:26:30] [274/326] SCTS
[16:26:32] [275/326] SYCS
[16:26:33] [276/326] RDMS
[16:26:33] [277/326] KAMP
[16:26:34] [278/326] ERSD
[16:26:34] 🔄 Identity reset
[16:26:34] 🔄 Identity rotated (every 10 requests)
[16:26:35] [279/326] MJMJ
[16:26:36] [280/326] SRCJ
[16:26:37] [281/326] SCXE
[16:26:39] [282/326] SVFR
[16:26:40] [283/326] BHCS
[16:26:40] [284/326] IMCC
[16:26:41] [285/326] PCBO
[16:26:42] [286/326] PRVN
[16:26:43] [287/326] AUPM
[16:26:44] [288/326] INBW
[16:26:44] 🔄 Identity reset
[16:26:44] 🔄 Identity rotated (every 10 requests)
[16:26:45] [289/326] SVCW
[16:26:46] [290/326] RKCF
[16:26:47] [291/326] UVBH
[16:26:49] [292/326] DNCY
[16:26:51] [293/326] ABCN
[16:26:52] [294/326] PRUR
[16:26:53] [295/326] PFMR
[16:26:54] [296/326] RKCN
[16:26:55] [297/326] CFEA
[16:26:55] [298/326] SDBG
[16:26:55] 🔄 Identity reset
[16:26:55] 🔄 Identity rotated (every 10 requests)
[16:26:57] [299/326] SNAR
[16:26:58] [300/326] YISI
[16:26:59] [301/326] JCFF
[16:27:00] [302/326] VTRK
[16:27:01] [303/326] PCLZ
[16:27:02] [304/326] DIMY
[16:27:03] [305/326] BBTS
[16:27:04] [306/326] GATH
[16:27:04] [307/326] GTMN
[16:27:06] [308/326] VTMH
[16:27:06] 🔄 Identity reset
[16:27:06] 🔄 Identity rotated (every 10 requests)
[16:27:08] [309/326] CCKP
[16:27:09] [310/326] GPKA
[16:27:10] [311/326] MHCL
[16:27:11] [312/326] ATCL
[16:27:11] [313/326] SBCK
[16:27:12] [314/326] AMMR
[16:27:13] [315/326] MADC
[16:27:14] [316/326] TMMA
[16:27:15] [317/326] CACC
[16:27:16] [318/326] CHAL
[16:27:16] 🔄 Identity reset
[16:27:16] 🔄 Identity rotated (every 10 requests)
[16:27:16] 🔄 Retry 1/5 for CHAL in 2.2s
[16:27:16] 🔄 Identity reset
[16:27:19] 🧠 New identity created
[16:27:20] [319/326] DURG
[16:27:21] [320/326] GMKU
[16:27:22] [321/326] GECA
[16:27:24] [322/326] KYRR
[16:27:25] [323/326] KSDE
[16:27:26] [324/326] LMCI
[16:27:27] [325/326] NKCP
[16:27:29] [326/326] BGTC
[16:27:30] 🧹 Deduping shows
[16:27:30] ✅ DONE | Shows=2564 | Movies=73
[20:21:41] 🚀 SCRIPT STARTED
[20:21:41] [1/326] BSAT
[20:21:41] 🧠 New identity created
[20:21:42] [2/326] RSSM
[20:21:43] [3/326] GCTA
[20:21:43] [4/326] TOPN
[20:21:44] [5/326] MCUS
[20:21:45] [6/326] SHRL
[20:21:46] [7/326] UPTP
[20:21:47] [8/326] TMMP
[20:21:49] [9/326] DNRP
[20:21:49] [10/326] SRLT
[20:21:49] 🔄 Identity reset
[20:21:49] 🔄 Identity rotated (every 10 requests)
[20:21:50] [11/326] RCNS
[20:21:51] [12/326] DCBH
[20:21:52] [13/326] NAGJ
[20:21:53] [14/326] JVRC
[20:21:54] [15/326] KRJG
[20:21:56] [16/326] SRTJ
[20:21:56] [17/326] CMXM
[20:21:57] [18/326] STMI
[20:21:58] [19/326] SLST
[20:21:59] [20/326] DTCN
[20:21:59] 🔄 Identity reset
[20:21:59] 🔄 Identity rotated (every 10 requests)
[20:22:00] [21/326] STYN
[20:22:01] [22/326] SZVR
[20:22:02] [23/326] SRKO
[20:22:02] [24/326] JTGT
[20:22:04] [25/326] SVFD
[20:22:05] [26/326] SISD
[20:22:06] [27/326] ABDD
[20:22:06] [28/326] DRCA
[20:22:07] [29/326] AVCS
[20:22:08] [30/326] MVKH
[20:22:08] 🔄 Identity reset
[20:22:08] 🔄 Identity rotated (every 10 requests)
[20:22:09] [31/326] ACPR
[20:22:10] [32/326] STIP
[20:22:11] [33/326] MTRA
[20:22:12] [34/326] RMKH
[20:22:13] [35/326] NKRL
[20:22:14] [36/326] PCWN
[20:22:15] [37/326] BLMT
[20:22:16] [38/326] GDPG
[20:22:17] [39/326] SRMX
[20:22:17] [40/326] JACP
[20:22:17] 🔄 Identity reset
[20:22:17] 🔄 Identity rotated (every 10 requests)
[20:22:18] [41/326] CPSH
[20:22:19] [42/326] MCCD
[20:22:20] [43/326] ECGH
[20:22:21] [44/326] MKCK
[20:22:22] [45/326] SRMM
[20:22:23] [46/326] SKYR
[20:22:24] [47/326] PCKC
[20:22:25] [48/326] JCMA
[20:22:25] [49/326] BSMP
[20:22:26] [50/326] VSPA
[20:22:26] 🔄 Identity reset
[20:22:26] 🔄 Identity rotated (every 10 requests)
[20:22:27] [51/326] DJYA
[20:22:29] [52/326] DIMP
[20:22:30] [53/326] FXDR
[20:22:30] [54/326] SSRC
[20:22:31] [55/326] STHP
[20:22:32] [56/326] CPPD
[20:22:34] [57/326] FCLK
[20:22:35] [58/326] SCPP
[20:22:36] [59/326] DCMJ
[20:22:37] [60/326] RCCR
[20:22:37] 🔄 Identity reset
[20:22:37] 🔄 Identity rotated (every 10 requests)
[20:22:38] [61/326] INMT
[20:22:39] [62/326] LXTK
[20:22:40] [63/326] SRYK
[20:22:41] [64/326] SGDK
[20:22:42] [65/326] PPKA
[20:22:44] [66/326] SPKA
[20:22:45] [67/326] CGHH
[20:22:46] [68/326] DCJN
[20:22:47] [69/326] SRKV
[20:22:48] [70/326] SAJC
[20:22:48] 🔄 Identity reset
[20:22:48] 🔄 Identity rotated (every 10 requests)
[20:22:49] [71/326] SUSR
[20:22:50] [72/326] STYG
[20:22:51] [73/326] NTKP
[20:22:52] [74/326] AKTG
[20:22:53] [75/326] CGCM
[20:22:54] [76/326] TULC
[20:22:55] [77/326] NYYZ
[20:22:56] [78/326] NYBW
[20:22:56] [79/326] MACB
[20:22:57] [80/326] SLVT
[20:22:57] 🔄 Identity reset
[20:22:57] 🔄 Identity rotated (every 10 requests)
[20:22:58] [81/326] SANA
[20:22:59] [82/326] ACMR
[20:23:00] [83/326] CPKN
[20:23:01] [84/326] DLGK
[20:23:02] [85/326] CWCK
[20:23:03] [86/326] FDDH
[20:23:04] [87/326] MMMD
[20:23:05] [88/326] CMEH
[20:23:06] [89/326] GGGV
[20:23:06] [90/326] SPJL
[20:23:06] 🔄 Identity reset
[20:23:06] 🔄 Identity rotated (every 10 requests)
[20:23:07] [91/326] RCCD
[20:23:08] [92/326] STTZ
[20:23:09] [93/326] BTCF
[20:23:11] [94/326] TSTZ
[20:23:12] [95/326] IPMM
[20:23:13] [96/326] PMPW
[20:23:14] [97/326] PCMZ
[20:23:15] [98/326] ESEM
[20:23:16] [99/326] PIPO
[20:23:17] [100/326] MATK
[20:23:17] 🔄 Identity reset
[20:23:17] 🔄 Identity rotated (every 10 requests)
[20:23:17] 🔄 Retry 1/5 for MATK in 2.9s
[20:23:17] 🔄 Identity reset
[20:23:20] 🧠 New identity created
[20:23:20] 🔄 Retry 2/5 for MATK in 4.2s
[20:23:20] 🔄 Identity reset
[20:23:24] 🧠 New identity created
[20:23:25] [101/326] PGHM
[20:23:25] [102/326] CTSR
[20:23:27] [103/326] CYKR
[20:23:28] [104/326] MSCM
[20:23:29] [105/326] RFNP
[20:23:30] [106/326] PDCP
[20:23:31] [107/326] NPSE
[20:23:33] [108/326] MKML
[20:23:33] 🔄 Identity reset
[20:23:33] 🔄 Identity rotated (every 10 requests)
[20:23:34] [109/326] FTDP
[20:23:35] [110/326] MMXA
[20:23:36] [111/326] CEPO
[20:23:37] [112/326] CMVP
[20:23:37] [113/326] SGTH
[20:23:39] [114/326] SAYN
[20:23:40] [115/326] URVS
[20:23:41] [116/326] VJTN
[20:23:42] [117/326] BBYK
[20:23:43] [118/326] SHBO
[20:23:43] 🔄 Identity reset
[20:23:44] 🔄 Identity rotated (every 10 requests)
[20:23:45] [119/326] VCMR
[20:23:46] [120/326] MACT
[20:23:47] [121/326] JMNP
[20:23:47] [122/326] VICS
[20:23:48] [123/326] VCDA
[20:23:49] [124/326] GCMM
[20:23:50] [125/326] INVS
[20:23:51] [126/326] SCGM
[20:23:52] [127/326] PCDA
[20:23:53] [128/326] KDCT
[20:23:53] 🔄 Identity reset
[20:23:53] 🔄 Identity rotated (every 10 requests)
[20:23:54] [129/326] JACS
[20:23:55] [130/326] GMMC
[20:23:56] [131/326] AICM
[20:23:57] [132/326] TJCM
[20:23:58] [133/326] RMTI
[20:23:59] [134/326] SHAC
[20:24:00] [135/326] APJC
[20:24:01] [136/326] GCTG
[20:24:02] [137/326] SSMC
[20:24:03] [138/326] THRM
[20:24:03] 🔄 Identity reset
[20:24:03] 🔄 Identity rotated (every 10 requests)
[20:24:03] 🔄 Retry 1/5 for THRM in 2.8s
[20:24:03] 🔄 Identity reset
[20:24:05] 🧠 New identity created
[20:24:06] [139/326] RBCT
[20:24:07] [140/326] DIKT
[20:24:09] [141/326] MIDL
[20:24:10] [142/326] VCSN
[20:24:11] [143/326] SKTG
[20:24:12] [144/326] SMWC
[20:24:13] [145/326] MNKH
[20:24:13] [146/326] PIAT
[20:24:14] [147/326] LTTP
[20:24:14] 🔄 Identity reset
[20:24:14] 🔄 Identity rotated (every 10 requests)
[20:24:15] 🔄 Retry 1/5 for LTTP in 2.6s
[20:24:15] 🔄 Identity reset
[20:24:17] 🧠 New identity created
[20:24:18] [148/326] PTPU
[20:24:19] [149/326] ACMG
[20:24:20] [150/326] SHMM
[20:24:21] [151/326] MCMN
[20:24:22] [152/326] GLDC
[20:24:23] [153/326] HOUT
[20:24:24] [154/326] SVRP
[20:24:24] [155/326] PVDN
[20:24:25] [156/326] SCPY
[20:24:25] 🔄 Identity reset
[20:24:25] 🔄 Identity rotated (every 10 requests)
[20:24:26] [157/326] DTPY
[20:24:27] [158/326] GKCS
[20:24:28] [159/326] NCAM
[20:24:29] [160/326] BSRM
[20:24:30] [161/326] RCLC
[20:24:31] [162/326] SKKD
[20:24:32] [163/326] ACHU
[20:24:33] [164/326] RSCF
[20:24:34] [165/326] IMSH
[20:24:36] [166/326] MACX
[20:24:36] 🔄 Identity reset
[20:24:36] 🔄 Identity rotated (every 10 requests)
[20:24:36] [167/326] HMMW
[20:24:37] [168/326] JTCP
[20:24:38] [169/326] SREN
[20:24:39] [170/326] PJRR
[20:24:40] [171/326] INAC
[20:24:41] [172/326] BMCA
[20:24:42] [173/326] SHCB
[20:24:44] [174/326] GABA
[20:24:44] [175/326] SBCT
[20:24:45] [176/326] GCMA
[20:24:45] 🔄 Identity reset
[20:24:45] 🔄 Identity rotated (every 10 requests)
[20:24:47] [177/326] MYTK
[20:24:48] [178/326] INZS
[20:24:49] [179/326] RMIK
[20:24:49] [180/326] NYCH
[20:24:50] [181/326] RAVE
[20:24:51] [182/326] PSXM
[20:24:52] [183/326] MCGP
[20:24:53] [184/326] PDDK
[20:24:54] [185/326] SPCK
[20:24:54] [186/326] MCRL
[20:24:54] 🔄 Identity reset
[20:24:54] 🔄 Identity rotated (every 10 requests)
[20:24:55] [187/326] MHKT
[20:24:56] [188/326] ANRR
[20:24:57] [189/326] SAPK
[20:24:58] [190/326] NCUK
[20:24:59] [191/326] JUGA
[20:25:00] [192/326] DBSC
[20:25:01] [193/326] LALK
[20:25:02] [194/326] GUCK
[20:25:03] [195/326] STSG
[20:25:04] [196/326] PPPZ
[20:25:04] 🔄 Identity reset
[20:25:04] 🔄 Identity rotated (every 10 requests)
[20:25:04] 🔄 Retry 1/5 for PPPZ in 2.3s
[20:25:04] 🔄 Identity reset
[20:25:06] 🧠 New identity created
[20:25:07] [197/326] CNCY
[20:25:08] [198/326] MTAR
[20:25:09] [199/326] VNKD
[20:25:10] [200/326] KMAJ
[20:25:11] [201/326] ACXK
[20:25:11] [202/326] UTKC
[20:25:12] [203/326] PBLK
[20:25:13] [204/326] ACBX
[20:25:14] [205/326] PTGM
[20:25:14] 🔄 Identity reset
[20:25:14] 🔄 Identity rotated (every 10 requests)
[20:25:14] 🔄 Retry 1/5 for PTGM in 2.9s
[20:25:14] 🔄 Identity reset
[20:25:17] 🧠 New identity created
[20:25:17] 🔄 Retry 2/5 for PTGM in 4.6s
[20:25:17] 🔄 Identity reset
[20:25:22] 🧠 New identity created
[20:25:23] [206/326] BTDA
[20:25:24] [207/326] PJMB
[20:25:24] [208/326] TPDA
[20:25:25] [209/326] AMOE
[20:25:26] [210/326] PRHT
[20:25:27] [211/326] PRTA
[20:25:28] [212/326] STAM
[20:25:29] [213/326] MSAA
[20:25:29] 🔄 Identity reset
[20:25:29] 🔄 Identity rotated (every 10 requests)
[20:25:29] 🔄 Retry 1/5 for MSAA in 2.5s
[20:25:29] 🔄 Identity reset
[20:25:31] 🧠 New identity created
[20:25:31] 🔄 Retry 2/5 for MSAA in 4.6s
[20:25:31] 🔄 Identity reset
[20:25:36] 🧠 New identity created
[20:25:37] [214/326] SDLU
[20:25:38] [215/326] RCHH
[20:25:39] [216/326] KANT
[20:25:40] [217/326] FCRT
[20:25:41] [218/326] DNKM
[20:25:42] [219/326] RYCP
[20:25:42] [220/326] MYRP
[20:25:44] [221/326] PPAK
[20:25:44] 🔄 Identity reset
[20:25:44] 🔄 Identity rotated (every 10 requests)
[20:25:44] 🔄 Retry 1/5 for PPAK in 2.7s
[20:25:44] 🔄 Identity reset
[20:25:47] 🧠 New identity created
[20:25:48] [222/326] NVPK
[20:25:50] [223/326] PRMC
[20:25:50] [224/326] JBCS
[20:25:51] [225/326] GXCK
[20:25:52] [226/326] USKO
[20:25:53] [227/326] GTEM
[20:25:54] [228/326] SMBU
[20:25:55] [229/326] VETC
[20:25:56] [230/326] LCDA
[20:25:56] 🔄 Identity reset
[20:25:56] 🔄 Identity rotated (every 10 requests)
[20:25:57] [231/326] MTVT
[20:25:58] [232/326] PYCP
[20:25:59] [233/326] PNSC
[20:26:00] [234/326] PPCC
[20:26:00] [235/326] TGRT
[20:26:01] [236/326] JYOT
[20:26:02] [237/326] SRCZ
[20:26:04] [238/326] SJTE
[20:26:05] [239/326] DESC
[20:26:06] [240/326] JHVN
[20:26:06] 🔄 Identity reset
[20:26:06] 🔄 Identity rotated (every 10 requests)
[20:26:06] [241/326] IPSG
[20:26:07] [242/326] IPCM
[20:26:08] [243/326] PDRS
[20:26:10] [244/326] ANCV
[20:26:11] [245/326] CMVV
[20:26:12] [246/326] SHYP
[20:26:13] [247/326] DNCS
[20:26:14] [248/326] GAJK
[20:26:15] [249/326] AKTN
[20:26:16] [250/326] KAYA
[20:26:16] 🔄 Identity reset
[20:26:16] 🔄 Identity rotated (every 10 requests)
[20:26:17] [251/326] SBRC
[20:26:18] [252/326] CHTP
[20:26:20] [253/326] SHRT
[20:26:21] [254/326] BCKU
[20:26:22] [255/326] FCPS
[20:26:23] [256/326] ARDD
[20:26:24] [257/326] CPCM
[20:26:25] [258/326] CGSM
[20:26:26] [259/326] PSMP
[20:26:27] [260/326] SDAL
[20:26:27] 🔄 Identity reset
[20:26:27] 🔄 Identity rotated (every 10 requests)
[20:26:27] 🔄 Retry 1/5 for SDAL in 2.9s
[20:26:27] 🔄 Identity reset
[20:26:30] 🧠 New identity created
[20:26:31] [261/326] RTNB
[20:26:32] [262/326] LMCR
[20:26:33] [263/326] CIMA
[20:26:34] [264/326] RNAS
[20:26:35] [265/326] LITH
[20:26:35] [266/326] PBOX
[20:26:36] [267/326] FRTS
[20:26:38] [268/326] RKIC
[20:26:39] [269/326] PTAI
[20:26:39] 🔄 Identity reset
[20:26:39] 🔄 Identity rotated (every 10 requests)
[20:26:40] [270/326] GCIC
[20:26:41] [271/326] FNAS
[20:26:42] [272/326] SCAR
[20:26:43] [273/326] MTCA
[20:26:44] [274/326] SCTS
[20:26:45] [275/326] SYCS
[20:26:46] [276/326] RDMS
[20:26:47] [277/326] KAMP
[20:26:47] [278/326] ERSD
[20:26:48] [279/326] MJMJ
[20:26:48] 🔄 Identity reset
[20:26:48] 🔄 Identity rotated (every 10 requests)
[20:26:49] [280/326] SRCJ
[20:26:51] [281/326] SCXE
[20:26:52] [282/326] SVFR
[20:26:53] [283/326] BHCS
[20:26:54] [284/326] IMCC
[20:26:55] [285/326] PCBO
[20:26:56] [286/326] PRVN
[20:26:56] [287/326] AUPM
[20:26:57] [288/326] INBW
[20:26:58] [289/326] SVCW
[20:26:58] 🔄 Identity reset
[20:26:58] 🔄 Identity rotated (every 10 requests)
[20:26:59] [290/326] RKCF
[20:27:00] [291/326] UVBH
[20:27:01] [292/326] DNCY
[20:27:02] [293/326] ABCN
[20:27:03] [294/326] PRUR
[20:27:04] [295/326] PFMR
[20:27:04] [296/326] RKCN
[20:27:05] [297/326] CFEA
[20:27:06] [298/326] SDBG
[20:27:07] [299/326] SNAR
[20:27:07] 🔄 Identity reset
[20:27:08] 🔄 Identity rotated (every 10 requests)
[20:27:09] [300/326] YISI
[20:27:10] [301/326] JCFF
[20:27:11] [302/326] VTRK
[20:27:12] [303/326] PCLZ
[20:27:13] [304/326] DIMY
[20:27:14] [305/326] BBTS
[20:27:15] [306/326] GATH
[20:27:16] [307/326] GTMN
[20:27:17] [308/326] VTMH
[20:27:17] [309/326] CCKP
[20:27:17] 🔄 Identity reset
[20:27:17] 🔄 Identity rotated (every 10 requests)
[20:27:18] [310/326] GPKA
[20:27:19] [311/326] MHCL
[20:27:21] [312/326] ATCL
[20:27:22] [313/326] SBCK
[20:27:23] [314/326] AMMR
[20:27:24] [315/326] MADC
[20:27:24] [316/326] TMMA
[20:27:26] [317/326] CACC
[20:27:27] [318/326] CHAL
[20:27:27] [319/326] DURG
[20:27:27] 🔄 Identity reset
[20:27:27] 🔄 Identity rotated (every 10 requests)
[20:27:28] [320/326] GMKU
[20:27:30] [321/326] GECA
[20:27:31] [322/326] KYRR
[20:27:31] [323/326] KSDE
[20:27:32] [324/326] LMCI
[20:27:33] [325/326] NKCP
[20:27:34] [326/326] BGTC
[20:27:35] 🧹 Deduping shows
[20:27:35] ✅ DONE | Shows=2609 | Movies=73
[20:59:47] 🚀 SCRIPT STARTED
[20:59:47] [1/326] BSAT
[20:59:47] 🧠 New identity created
[20:59:48] [2/326] RSSM
[20:59:50] [3/326] GCTA
[20:59:51] [4/326] TOPN
[20:59:52] [5/326] MCUS
[20:59:54] [6/326] SHRL
[20:59:54] [7/326] UPTP
[20:59:55] [8/326] TMMP
[20:59:56] [9/326] DNRP
[20:59:57] [10/326] SRLT
[20:59:57] 🔄 Identity reset
[20:59:57] 🔄 Identity rotated (every 10 requests)
[20:59:57] 🔄 Retry 1/5 for SRLT in 2.7s
[20:59:57] 🔄 Identity reset
[21:00:00] 🧠 New identity created
[21:00:01] [11/326] RCNS
[21:00:01] [12/326] DCBH
[21:00:02] [13/326] NAGJ
[21:00:03] [14/326] JVRC
[21:00:04] [15/326] KRJG
[21:00:05] [16/326] SRTJ
[21:00:06] [17/326] CMXM
[21:00:07] [18/326] STMI
[21:00:08] [19/326] SLST
[21:00:08] 🔄 Identity reset
[21:00:08] 🔄 Identity rotated (every 10 requests)
[21:00:08] 🔄 Retry 1/5 for SLST in 2.1s
[21:00:08] 🔄 Identity reset
[21:00:10] 🧠 New identity created
[21:00:11] [20/326] DTCN
[21:00:12] [21/326] STYN
[21:00:13] [22/326] SZVR
[21:00:13] [23/326] SRKO
[21:00:14] [24/326] JTGT
[21:00:15] [25/326] SVFD
[21:00:16] [26/326] SISD
[21:00:17] [27/326] ABDD
[21:00:18] [28/326] DRCA
[21:00:18] 🔄 Identity reset
[21:00:18] 🔄 Identity rotated (every 10 requests)
[21:00:20] [29/326] AVCS
[21:00:21] [30/326] MVKH
[21:00:21] [31/326] ACPR
[21:00:22] [32/326] STIP
[21:00:23] [33/326] MTRA
[21:00:24] [34/326] RMKH
[21:00:26] [35/326] NKRL
[21:00:27] [36/326] PCWN
[21:00:27] [37/326] BLMT
[21:00:28] [38/326] GDPG
[21:00:28] 🔄 Identity reset
[21:00:28] 🔄 Identity rotated (every 10 requests)
[21:00:28] 🔄 Retry 1/5 for GDPG in 2.7s
[21:00:28] 🔄 Identity reset
[21:00:31] 🧠 New identity created
[21:00:31] 🔄 Retry 2/5 for GDPG in 4.7s
[21:00:31] 🔄 Identity reset
[21:00:36] 🧠 New identity created
[21:00:36] 🔄 Retry 3/5 for GDPG in 8.9s
[21:00:36] 🔄 Identity reset
[21:00:45] 🧠 New identity created
[21:00:46] [39/326] SRMX
[21:00:47] [40/326] JACP
[21:00:48] [41/326] CPSH
[21:00:49] [42/326] MCCD
[21:00:50] [43/326] ECGH
[21:00:51] [44/326] MKCK
[21:00:52] [45/326] SRMM
[21:00:52] 🔄 Identity reset
[21:00:52] 🔄 Identity rotated (every 10 requests)
[21:00:54] [46/326] SKYR
[21:00:55] [47/326] PCKC
[21:00:56] [48/326] JCMA
[21:00:57] [49/326] BSMP
[21:00:57] [50/326] VSPA
[21:00:58] [51/326] DJYA
[21:01:00] [52/326] DIMP
[21:01:01] [53/326] FXDR
[21:01:02] [54/326] SSRC
[21:01:03] [55/326] STHP
[21:01:03] 🔄 Identity reset
[21:01:03] 🔄 Identity rotated (every 10 requests)
[21:01:03] 🔄 Retry 1/5 for STHP in 2.5s
[21:01:03] 🔄 Identity reset
[21:01:05] 🧠 New identity created
[21:01:05] 🔄 Retry 2/5 for STHP in 4.2s
[21:01:05] 🔄 Identity reset
[21:01:09] 🧠 New identity created
[21:01:09] 🔄 Retry 3/5 for STHP in 8.1s
[21:01:09] 🔄 Identity reset
[21:01:18] 🧠 New identity created
[21:01:19] [56/326] CPPD
[21:01:20] [57/326] FCLK
[21:01:20] [58/326] SCPP
[21:01:21] [59/326] DCMJ
[21:01:23] [60/326] RCCR
[21:01:23] [61/326] INMT
[21:01:24] [62/326] LXTK
[21:01:24] 🔄 Identity reset
[21:01:24] 🔄 Identity rotated (every 10 requests)
[21:01:25] [63/326] SRYK
[21:01:26] [64/326] SGDK
[21:01:27] [65/326] PPKA
[21:01:29] [66/326] SPKA
[21:01:30] [67/326] CGHH
[21:01:31] [68/326] DCJN
[21:01:32] [69/326] SRKV
[21:01:33] [70/326] SAJC
[21:01:34] [71/326] SUSR
[21:01:35] [72/326] STYG
[21:01:35] 🔄 Identity reset
[21:01:36] 🔄 Identity rotated (every 10 requests)
[21:01:37] [73/326] NTKP
[21:01:38] [74/326] AKTG
[21:01:39] [75/326] CGCM
[21:01:40] [76/326] TULC
[21:01:40] [77/326] NYYZ
[21:01:41] [78/326] NYBW
[21:01:42] [79/326] MACB
[21:01:44] [80/326] SLVT
[21:01:45] [81/326] SANA
[21:01:46] [82/326] ACMR
[21:01:46] 🔄 Identity reset
[21:01:46] 🔄 Identity rotated (every 10 requests)
[21:01:46] 🔄 Retry 1/5 for ACMR in 2.7s
[21:01:46] 🔄 Identity reset
[21:01:48] 🧠 New identity created
[21:01:49] [83/326] CPKN
[21:01:50] [84/326] DLGK
[21:01:51] [85/326] CWCK
[21:01:51] [86/326] FDDH
[21:01:52] [87/326] MMMD
[21:01:53] [88/326] CMEH
[21:01:54] [89/326] GGGV
[21:01:54] [90/326] SPJL
[21:01:55] [91/326] RCCD
[21:01:55] 🔄 Identity reset
[21:01:55] 🔄 Identity rotated (every 10 requests)
[21:01:56] [92/326] STTZ
[21:01:58] [93/326] BTCF
[21:01:59] [94/326] TSTZ
[21:02:00] [95/326] IPMM
[21:02:01] [96/326] PMPW
[21:02:01] [97/326] PCMZ
[21:02:02] [98/326] ESEM
[21:02:03] [99/326] PIPO
[21:02:04] [100/326] MATK
[21:02:06] [101/326] PGHM
[21:02:06] 🔄 Identity reset
[21:02:06] 🔄 Identity rotated (every 10 requests)
[21:02:07] [102/326] CTSR
[21:02:08] [103/326] CYKR
[21:02:08] [104/326] MSCM
[21:02:09] [105/326] RFNP
[21:02:10] [106/326] PDCP
[21:02:11] [107/326] NPSE
[21:02:12] [108/326] MKML
[21:02:13] [109/326] FTDP
[21:02:14] [110/326] MMXA
[21:02:15] [111/326] CEPO
[21:02:15] 🔄 Identity reset
[21:02:15] 🔄 Identity rotated (every 10 requests)
[21:02:16] [112/326] CMVP
[21:02:16] [113/326] SGTH
[21:02:17] [114/326] SAYN
[21:02:18] [115/326] URVS
[21:02:19] [116/326] VJTN
[21:02:20] [117/326] BBYK
[21:02:21] [118/326] SHBO
[21:02:22] [119/326] VCMR
[21:02:23] [120/326] MACT
[21:02:24] [121/326] JMNP
[21:02:24] 🔄 Identity reset
[21:02:24] 🔄 Identity rotated (every 10 requests)
[21:02:25] [122/326] VICS
[21:02:26] [123/326] VCDA
[21:02:27] [124/326] GCMM
[21:02:28] [125/326] INVS
[21:02:28] [126/326] SCGM
[21:02:29] [127/326] PCDA
[21:02:30] [128/326] KDCT
[21:02:31] [129/326] JACS
[21:02:32] [130/326] GMMC
[21:02:33] [131/326] AICM
[21:02:33] 🔄 Identity reset
[21:02:33] 🔄 Identity rotated (every 10 requests)
[21:02:34] [132/326] TJCM
[21:02:34] [133/326] RMTI
[21:02:35] [134/326] SHAC
[21:02:36] [135/326] APJC
[21:02:37] [136/326] GCTG
[21:02:37] [137/326] SSMC
[21:02:38] [138/326] THRM
[21:02:39] [139/326] RBCT
[21:02:40] [140/326] DIKT
[21:02:41] [141/326] MIDL
[21:02:41] 🔄 Identity reset
[21:02:41] 🔄 Identity rotated (every 10 requests)
[21:02:42] [142/326] VCSN
[21:02:43] [143/326] SKTG
[21:02:43] [144/326] SMWC
[21:02:45] [145/326] MNKH
[21:02:46] [146/326] PIAT
[21:02:47] [147/326] LTTP
[21:02:47] [148/326] PTPU
[21:02:48] [149/326] ACMG
[21:02:49] [150/326] SHMM
[21:02:50] [151/326] MCMN
[21:02:50] 🔄 Identity reset
[21:02:50] 🔄 Identity rotated (every 10 requests)
[21:02:51] [152/326] GLDC
[21:02:52] [153/326] HOUT
[21:02:53] [154/326] SVRP
[21:02:54] [155/326] PVDN
[21:02:55] [156/326] SCPY
[21:02:56] [157/326] DTPY
[21:02:57] [158/326] GKCS
[21:02:57] [159/326] NCAM
[21:02:59] [160/326] BSRM
[21:02:59] [161/326] RCLC
[21:02:59] 🔄 Identity reset
[21:02:59] 🔄 Identity rotated (every 10 requests)
[21:03:00] [162/326] SKKD
[21:03:01] [163/326] ACHU
[21:03:02] [164/326] RSCF
[21:03:03] [165/326] IMSH
[21:03:04] [166/326] MACX
[21:03:04] [167/326] HMMW
[21:03:05] [168/326] JTCP
[21:03:07] [169/326] SREN
[21:03:08] [170/326] PJRR
[21:03:09] [171/326] INAC
[21:03:09] 🔄 Identity reset
[21:03:09] 🔄 Identity rotated (every 10 requests)
[21:03:09] [172/326] BMCA
[21:03:10] [173/326] SHCB
[21:03:11] [174/326] GABA
[21:03:12] [175/326] SBCT
[21:03:13] [176/326] GCMA
[21:03:14] [177/326] MYTK
[21:03:14] [178/326] INZS
[21:03:15] [179/326] RMIK
[21:03:16] [180/326] NYCH
[21:03:17] [181/326] RAVE
[21:03:17] 🔄 Identity reset
[21:03:17] 🔄 Identity rotated (every 10 requests)
[21:03:18] [182/326] PSXM
[21:03:19] [183/326] MCGP
[21:03:19] [184/326] PDDK
[21:03:20] [185/326] SPCK
[21:03:21] [186/326] MCRL
[21:03:21] [187/326] MHKT
[21:03:22] [188/326] ANRR
[21:03:23] [189/326] SAPK
[21:03:24] [190/326] NCUK
[21:03:25] [191/326] JUGA
[21:03:25] 🔄 Identity reset
[21:03:25] 🔄 Identity rotated (every 10 requests)
[21:03:26] [192/326] DBSC
[21:03:26] [193/326] LALK
[21:03:27] [194/326] GUCK
[21:03:27] [195/326] STSG
[21:03:28] [196/326] PPPZ
[21:03:29] [197/326] CNCY
[21:03:30] [198/326] MTAR
[21:03:31] [199/326] VNKD
[21:03:32] [200/326] KMAJ
[21:03:32] [201/326] ACXK
[21:03:32] 🔄 Identity reset
[21:03:32] 🔄 Identity rotated (every 10 requests)
[21:03:32] 🔄 Retry 1/5 for ACXK in 3.0s
[21:03:32] 🔄 Identity reset
[21:03:35] 🧠 New identity created
[21:03:36] [202/326] UTKC
[21:03:37] [203/326] PBLK
[21:03:38] [204/326] ACBX
[21:03:39] [205/326] PTGM
[21:03:40] [206/326] BTDA
[21:03:40] [207/326] PJMB
[21:03:41] [208/326] TPDA
[21:03:43] [209/326] AMOE
[21:03:44] [210/326] PRHT
[21:03:44] 🔄 Identity reset
[21:03:44] 🔄 Identity rotated (every 10 requests)
[21:03:44] [211/326] PRTA
[21:03:45] [212/326] STAM
[21:03:46] [213/326] MSAA
[21:03:48] [214/326] SDLU
[21:03:48] [215/326] RCHH
[21:03:49] [216/326] KANT
[21:03:50] [217/326] FCRT
[21:03:51] [218/326] DNKM
[21:03:52] [219/326] RYCP
[21:03:53] [220/326] MYRP
[21:03:53] 🔄 Identity reset
[21:03:53] 🔄 Identity rotated (every 10 requests)
[21:03:54] [221/326] PPAK
[21:03:55] [222/326] NVPK
[21:03:56] [223/326] PRMC
[21:03:57] [224/326] JBCS
[21:03:58] [225/326] GXCK
[21:03:58] [226/326] USKO
[21:03:59] [227/326] GTEM
[21:04:00] [228/326] SMBU
[21:04:01] [229/326] VETC
[21:04:02] [230/326] LCDA
[21:04:02] 🔄 Identity reset
[21:04:02] 🔄 Identity rotated (every 10 requests)
[21:04:03] [231/326] MTVT
[21:04:04] [232/326] PYCP
[21:04:05] [233/326] PNSC
[21:04:06] [234/326] PPCC
[21:04:07] [235/326] TGRT
[21:04:07] [236/326] JYOT
[21:04:08] [237/326] SRCZ
[21:04:09] [238/326] SJTE
[21:04:10] [239/326] DESC
[21:04:11] [240/326] JHVN
[21:04:11] 🔄 Identity reset
[21:04:11] 🔄 Identity rotated (every 10 requests)
[21:04:11] [241/326] IPSG
[21:04:12] [242/326] IPCM
[21:04:13] [243/326] PDRS
[21:04:14] [244/326] ANCV
[21:04:15] [245/326] CMVV
[21:04:16] [246/326] SHYP
[21:04:17] [247/326] DNCS
[21:04:18] [248/326] GAJK
[21:04:19] [249/326] AKTN
[21:04:19] [250/326] KAYA
[21:04:19] 🔄 Identity reset
[21:04:19] 🔄 Identity rotated (every 10 requests)
[21:04:20] [251/326] SBRC
[21:04:21] [252/326] CHTP
[21:04:22] [253/326] SHRT
[21:04:23] [254/326] BCKU
[21:04:23] [255/326] FCPS
[21:04:24] [256/326] ARDD
[21:04:25] [257/326] CPCM
[21:04:26] [258/326] CGSM
[21:04:27] [259/326] PSMP
[21:04:27] [260/326] SDAL
[21:04:27] 🔄 Identity reset
[21:04:27] 🔄 Identity rotated (every 10 requests)
[21:04:28] [261/326] RTNB
[21:04:30] [262/326] LMCR
[21:04:31] [263/326] CIMA
[21:04:31] [264/326] RNAS
[21:04:32] [265/326] LITH
[21:04:33] [266/326] PBOX
[21:04:34] [267/326] FRTS
[21:04:34] [268/326] RKIC
[21:04:36] [269/326] PTAI
[21:04:37] [270/326] GCIC
[21:04:37] 🔄 Identity reset
[21:04:37] 🔄 Identity rotated (every 10 requests)
[21:04:38] [271/326] FNAS
[21:04:39] [272/326] SCAR
[21:04:40] [273/326] MTCA
[21:04:40] [274/326] SCTS
[21:04:41] [275/326] SYCS
[21:04:42] [276/326] RDMS
[21:04:43] [277/326] KAMP
[21:04:44] [278/326] ERSD
[21:04:45] [279/326] MJMJ
[21:04:46] [280/326] SRCJ
[21:04:46] 🔄 Identity reset
[21:04:46] 🔄 Identity rotated (every 10 requests)
[21:04:46] 🔄 Retry 1/5 for SRCJ in 2.9s
[21:04:46] 🔄 Identity reset
[21:04:49] 🧠 New identity created
[21:04:49] [281/326] SCXE
[21:04:50] [282/326] SVFR
[21:04:51] [283/326] BHCS
[21:04:52] [284/326] IMCC
[21:04:53] [285/326] PCBO
[21:04:53] [286/326] PRVN
[21:04:54] [287/326] AUPM
[21:04:55] [288/326] INBW
[21:04:56] [289/326] SVCW
[21:04:56] 🔄 Identity reset
[21:04:56] 🔄 Identity rotated (every 10 requests)
[21:04:56] [290/326] RKCF
[21:04:57] [291/326] UVBH
[21:04:58] [292/326] DNCY
[21:04:59] [293/326] ABCN
[21:05:00] [294/326] PRUR
[21:05:00] [295/326] PFMR
[21:05:01] [296/326] RKCN
[21:05:02] [297/326] CFEA
[21:05:03] [298/326] SDBG
[21:05:04] [299/326] SNAR
[21:05:04] 🔄 Identity reset
[21:05:04] 🔄 Identity rotated (every 10 requests)
[21:05:05] [300/326] YISI
[21:05:06] [301/326] JCFF
[21:05:06] [302/326] VTRK
[21:05:07] [303/326] PCLZ
[21:05:08] [304/326] DIMY
[21:05:10] [305/326] BBTS
[21:05:10] [306/326] GATH
[21:05:11] [307/326] GTMN
[21:05:12] [308/326] VTMH
[21:05:13] [309/326] CCKP
[21:05:13] 🔄 Identity reset
[21:05:13] 🔄 Identity rotated (every 10 requests)
[21:05:14] [310/326] GPKA
[21:05:15] [311/326] MHCL
[21:05:16] [312/326] ATCL
[21:05:17] [313/326] SBCK
[21:05:17] [314/326] AMMR
[21:05:18] [315/326] MADC
[21:05:19] [316/326] TMMA
[21:05:20] [317/326] CACC
[21:05:21] [318/326] CHAL
[21:05:21] [319/326] DURG
[21:05:21] 🔄 Identity reset
[21:05:21] 🔄 Identity rotated (every 10 requests)
[21:05:21] 🔄 Retry 1/5 for DURG in 2.5s
[21:05:21] 🔄 Identity reset
[21:05:24] 🧠 New identity created
[21:05:25] [320/326] GMKU
[21:05:26] [321/326] GECA
[21:05:26] [322/326] KYRR
[21:05:27] [323/326] KSDE
[21:05:28] [324/326] LMCI
[21:05:29] [325/326] NKCP
[21:05:30] [326/326] BGTC
[21:05:30] 🧹 Deduping shows
[21:05:30] ✅ DONE | Shows=2601 | Movies=73
