[04:44:00] 🚀 DISTRICT → BMS9 CONVERTER STARTED
[04:44:00] 📅 Date: 2026-09-06
[04:44:00] 🚫 Worker logic: DISABLED
[04:44:00] 🔑 Venue matching: ID ONLY
[04:44:00] 🚫 alldistrictvenues.json: NOT USED
[04:44:00] 🚫 Venue-name matching: NOT USED
[04:44:00] 📍 Selected venue records: 755
[04:44:00] 🎯 Selected venue IDs: 755
[04:44:00] 📡 Fetching Detailed JSON:
[04:44:00]    https://districtdata2026.pages.dev/advance/2026-09-06_Detailed.json
[04:44:00] ❌ Source file not found (404) – will create empty outputs
[04:44:00] ⚠️ No source data – keeping existing output files unchanged
[04:44:00] 📄 Created empty detailed file: advance/data/20260906/detailed9.json
[04:44:00] 📄 Created empty summary file: advance/data/20260906/movie_summary9.json
[04:44:00] ✅ DONE | Existing data preserved
[21:55:53] 🚀 DISTRICT → BMS9 CONVERTER STARTED
[21:55:53] 📅 Date: 2026-09-06
[21:55:53] 🚫 Worker logic: DISABLED
[21:55:53] 🔑 Venue matching: ID ONLY
[21:55:53] 🚫 alldistrictvenues.json: NOT USED
[21:55:53] 🚫 Venue-name matching: NOT USED
[21:55:53] 📍 Selected venue records: 756
[21:55:53] 🎯 Selected venue IDs: 756
[21:55:53] 📡 Fetching Detailed JSON:
[21:55:53]    https://districtdata2026.pages.dev/advance/2026-09-06_Detailed.json
[21:55:53] ❌ Source file not found (404) – will create empty outputs
[21:55:53] ⚠️ No source data – keeping existing output files unchanged
[21:55:53] 📦 Existing detailed file preserved: advance/data/20260906/detailed9.json
[21:55:53] 📦 Existing summary file preserved: advance/data/20260906/movie_summary9.json
[21:55:53] ✅ DONE | Existing data preserved
[10:21:16] 🚀 DISTRICT → BMS9 CONVERTER STARTED
[10:21:16] 📅 Date: 2026-09-06
[10:21:16] 🚫 Worker logic: DISABLED
[10:21:16] 🔑 Venue matching: ID ONLY
[10:21:16] 🚫 alldistrictvenues.json: NOT USED
[10:21:16] 🚫 Venue-name matching: NOT USED
[10:21:16] 📍 Selected venue records: 756
[10:21:16] 🎯 Selected venue IDs: 756
[10:21:16] 📡 Fetching Detailed JSON:
[10:21:16]    https://districtdata2026.pages.dev/advance/2026-09-06_Detailed.json
[10:21:16] ✅ Source loaded
[10:21:16]    Source date: 2026-09-06
[10:21:16]    Last updated: 10:06 AM, 05 September 2026
[10:21:16]    Movie keys: 91
[10:21:16] 🎬 Source movie keys: 91
[10:21:16] 🎟️ Selected-venue show rows: 3750
[10:21:16] 🚫 Non-selected show rows ignored: 16562
[10:21:16] ℹ️ Non-selected venue IDs encountered: 1106
[10:21:16]    ⏭️ Source venue ID not selected: 60207
[10:21:16]    ⏭️ Source venue ID not selected: 1035745
[10:21:16]    ⏭️ Source venue ID not selected: 1054545
[10:21:16]    ⏭️ Source venue ID not selected: 1032362
[10:21:16]    ⏭️ Source venue ID not selected: 1022246
[10:21:16]    ⏭️ Source venue ID not selected: 1031492
[10:21:16]    ⏭️ Source venue ID not selected: 1025907
[10:21:16]    ⏭️ Source venue ID not selected: 10279
[10:21:16]    ⏭️ Source venue ID not selected: 3803
[10:21:16]    ⏭️ Source venue ID not selected: 1020698
[10:21:16]    ⏭️ Source venue ID not selected: 1050995
[10:21:16]    ⏭️ Source venue ID not selected: 1010456
[10:21:16]    ⏭️ Source venue ID not selected: 2594
[10:21:16]    ⏭️ Source venue ID not selected: 1025898
[10:21:16]    ⏭️ Source venue ID not selected: 913
[10:21:16]    ⏭️ Source venue ID not selected: 1022299
[10:21:16]    ⏭️ Source venue ID not selected: 1024232
[10:21:16]    ⏭️ Source venue ID not selected: 1077007
[10:21:16]    ⏭️ Source venue ID not selected: 27765
[10:21:16]    ⏭️ Source venue ID not selected: 9637
[10:21:16]    ... and 1086 more
[10:21:16] 📦 Previous shows: 0
[10:21:16] 🆕 Fresh shows: 3750
[10:21:16] 📦 Final shows: 3750
[10:21:16] ✅ DONE | Shows=3750 | Movies=57
[10:21:16] 📄 Detailed: advance/data/20260906/detailed9.json
[10:21:16] 📄 Summary: advance/data/20260906/movie_summary9.json
[16:21:35] 🚀 DISTRICT → BMS9 CONVERTER STARTED
[16:21:35] 📅 Date: 2026-09-06
[16:21:35] 🚫 Worker logic: DISABLED
[16:21:35] 🔑 Venue matching: ID ONLY
[16:21:35] 🚫 alldistrictvenues.json: NOT USED
[16:21:35] 🚫 Venue-name matching: NOT USED
[16:21:35] 📍 Selected venue records: 756
[16:21:35] 🎯 Selected venue IDs: 756
[16:21:35] 📡 Fetching Detailed JSON:
[16:21:35]    https://districtdata2026.pages.dev/advance/2026-09-06_Detailed.json
[16:21:35] ✅ Source loaded
[16:21:35]    Source date: 2026-09-06
[16:21:35]    Last updated: 04:06 PM, 05 September 2026
[16:21:35]    Movie keys: 91
[16:21:35] 🎬 Source movie keys: 91
[16:21:35] 🎟️ Selected-venue show rows: 3956
[16:21:35] 🚫 Non-selected show rows ignored: 17069
[16:21:35] ℹ️ Non-selected venue IDs encountered: 1132
[16:21:35]    ⏭️ Source venue ID not selected: 1011225
[16:21:35]    ⏭️ Source venue ID not selected: 1037340
[16:21:35]    ⏭️ Source venue ID not selected: 1029237
[16:21:35]    ⏭️ Source venue ID not selected: 1100726
[16:21:35]    ⏭️ Source venue ID not selected: 3864
[16:21:35]    ⏭️ Source venue ID not selected: 1037509
[16:21:35]    ⏭️ Source venue ID not selected: 2490
[16:21:35]    ⏭️ Source venue ID not selected: 1058536
[16:21:35]    ⏭️ Source venue ID not selected: 1011683
[16:21:35]    ⏭️ Source venue ID not selected: 1056569
[16:21:35]    ⏭️ Source venue ID not selected: 1008406
[16:21:35]    ⏭️ Source venue ID not selected: 1018965
[16:21:35]    ⏭️ Source venue ID not selected: 119
[16:21:35]    ⏭️ Source venue ID not selected: 1017734
[16:21:35]    ⏭️ Source venue ID not selected: 1018430
[16:21:35]    ⏭️ Source venue ID not selected: 1013614
[16:21:35]    ⏭️ Source venue ID not selected: 1042335
[16:21:35]    ⏭️ Source venue ID not selected: 1053807
[16:21:35]    ⏭️ Source venue ID not selected: 1977
[16:21:35]    ⏭️ Source venue ID not selected: 1016459
[16:21:35]    ... and 1112 more
[16:21:35] 📦 Previous shows: 3750
[16:21:35] 🆕 Fresh shows: 3956
[16:21:35] 📦 Final shows: 4191
[16:21:35] ✅ DONE | Shows=4191 | Movies=57
[16:21:35] 📄 Detailed: advance/data/20260906/detailed9.json
[16:21:35] 📄 Summary: advance/data/20260906/movie_summary9.json
[20:21:52] 🚀 DISTRICT → BMS9 CONVERTER STARTED
[20:21:52] 📅 Date: 2026-09-06
[20:21:52] 🚫 Worker logic: DISABLED
[20:21:52] 🔑 Venue matching: ID ONLY
[20:21:52] 🚫 alldistrictvenues.json: NOT USED
[20:21:52] 🚫 Venue-name matching: NOT USED
[20:21:52] 📍 Selected venue records: 756
[20:21:52] 🎯 Selected venue IDs: 756
[20:21:52] 📡 Fetching Detailed JSON:
[20:21:52]    https://districtdata2026.pages.dev/advance/2026-09-06_Detailed.json
[20:21:52] ✅ Source loaded
[20:21:52]    Source date: 2026-09-06
[20:21:52]    Last updated: 04:06 PM, 05 September 2026
[20:21:52]    Movie keys: 91
[20:21:52] 🎬 Source movie keys: 91
[20:21:52] 🎟️ Selected-venue show rows: 3956
[20:21:52] 🚫 Non-selected show rows ignored: 17069
[20:21:52] ℹ️ Non-selected venue IDs encountered: 1132
[20:21:52]    ⏭️ Source venue ID not selected: 7397
[20:21:52]    ⏭️ Source venue ID not selected: 1102110
[20:21:52]    ⏭️ Source venue ID not selected: 9557
[20:21:52]    ⏭️ Source venue ID not selected: 1037447
[20:21:52]    ⏭️ Source venue ID not selected: 1050994
[20:21:52]    ⏭️ Source venue ID not selected: 1019928
[20:21:52]    ⏭️ Source venue ID not selected: 170
[20:21:52]    ⏭️ Source venue ID not selected: 9369
[20:21:52]    ⏭️ Source venue ID not selected: 1048401
[20:21:52]    ⏭️ Source venue ID not selected: 516
[20:21:52]    ⏭️ Source venue ID not selected: 1020731
[20:21:52]    ⏭️ Source venue ID not selected: 1013537
[20:21:52]    ⏭️ Source venue ID not selected: 1020677
[20:21:52]    ⏭️ Source venue ID not selected: 1083874
[20:21:52]    ⏭️ Source venue ID not selected: 1023469
[20:21:52]    ⏭️ Source venue ID not selected: 1041425
[20:21:52]    ⏭️ Source venue ID not selected: 1020787
[20:21:52]    ⏭️ Source venue ID not selected: 1016746
[20:21:52]    ⏭️ Source venue ID not selected: 45099
[20:21:52]    ⏭️ Source venue ID not selected: 4204
[20:21:52]    ... and 1112 more
[20:21:52] 📦 Previous shows: 4191
[20:21:52] 🆕 Fresh shows: 3956
[20:21:52] 📦 Final shows: 4191
[20:21:52] ✅ DONE | Shows=4191 | Movies=57
[20:21:52] 📄 Detailed: advance/data/20260906/detailed9.json
[20:21:52] 📄 Summary: advance/data/20260906/movie_summary9.json
