[03:44:12] 🚀 SCRIPT STARTED (enhanced anti‑detection)
[03:44:12] [1/445] TGMR
[03:44:12] 🧠 New identity created
[03:44:12] 🔄 Retry 1/5 for TGMR in 2.8s
[03:44:12] 🔄 Identity reset
[03:44:15] 🧠 New identity created
[03:44:16] [2/445] CXKR
[03:44:17] [3/445] SROP
[03:44:18] [4/445] GTSV
[03:44:20] [5/445] SNTY
[03:44:21] [6/445] SMYY
[03:44:22] [7/445] CNCS
[03:44:23] [8/445] CSTM
[03:44:24] [9/445] NUCD
[03:44:24] 🔄 Identity reset
[03:44:24] 🔄 Identity rotated (every 10 requests)
[03:44:24] 🔄 Retry 1/5 for NUCD in 2.2s
[03:44:24] 🔄 Identity reset
[03:44:27] 🧠 New identity created
[03:44:27] 🔄 Retry 2/5 for NUCD in 4.3s
[03:44:27] 🔄 Identity reset
[03:44:31] 🧠 New identity created
[03:44:31] 🔄 Retry 3/5 for NUCD in 8.8s
[03:44:31] 🔄 Identity reset
[03:44:40] 🧠 New identity created
[03:44:41] 🔄 Retry 4/5 for NUCD in 16.0s
[03:44:41] 🔄 Identity reset
[03:44:57] 🧠 New identity created
[03:44:57] [10/445] SHCZ
[03:44:59] [11/445] NJCT
[03:45:00] [12/445] COPC
[03:45:01] [13/445] STVV
[03:45:02] [14/445] SKRN
[03:45:03] [15/445] APPZ
[03:45:03] 🔄 Identity reset
[03:45:03] 🔄 Identity rotated (every 10 requests)
[03:45:04] 🔄 Retry 1/5 for APPZ in 3.0s
[03:45:04] 🔄 Identity reset
[03:45:07] 🧠 New identity created
[03:45:08] [16/445] YMGN
[03:45:09] [17/445] SVTU
[03:45:10] [18/445] GTAD
[03:45:10] [19/445] PSUS
[03:45:11] [20/445] SMCD
[03:45:12] [21/445] CMCM
[03:45:13] [22/445] SYCT
[03:45:14] [23/445] STLY
[03:45:15] [24/445] CMHU
[03:45:16] 🔄 Identity reset
[03:45:16] 🔄 Identity rotated (every 10 requests)
[03:45:16] [25/445] CMSA
[03:45:17] [26/445] CLCU
[03:45:18] [27/445] PPNT
[03:45:19] [28/445] JTAB
[03:45:20] [29/445] BUUC
[03:45:22] [30/445] BSVK
[03:45:23] [31/445] VVVQ
[03:45:25] [32/445] TKMU
[03:45:27] [33/445] ESYL
[03:45:28] [34/445] ACHP
[03:45:28] 🔄 Identity reset
[03:45:28] 🔄 Identity rotated (every 10 requests)
[03:45:29] [35/445] BTKD
[03:45:30] [36/445] DESA
[03:45:31] [37/445] GBCT
[03:45:32] [38/445] BLLD
[03:45:33] [39/445] SKNT
[03:45:34] [40/445] SSTE
[03:45:36] [41/445] VJMR
[03:45:38] [42/445] NTPU
[03:45:39] [43/445] RDKN
[03:45:40] [44/445] ADGC
[03:45:40] 🔄 Identity reset
[03:45:40] 🔄 Identity rotated (every 10 requests)
[03:45:41] 🔄 Retry 1/5 for ADGC in 2.2s
[03:45:41] 🔄 Identity reset
[03:45:43] 🧠 New identity created
[03:45:43] [45/445] VRBP
[03:45:45] [46/445] NMNA
[03:45:46] [47/445] CMMX
[03:45:47] [48/445] PTKO
[03:45:48] [49/445] RBML
[03:45:49] [50/445] SAIC
[03:45:51] [51/445] SVTJ
[03:45:52] [52/445] MRTE
[03:45:53] [53/445] RBTP
[03:45:54] 🔄 Identity reset
[03:45:54] 🔄 Identity rotated (every 10 requests)
[03:45:54] 🔄 Retry 1/5 for RBTP in 3.0s
[03:45:54] 🔄 Identity reset
[03:45:57] 🧠 New identity created
[03:45:57] 🔄 Retry 2/5 for RBTP in 4.7s
[03:45:57] 🔄 Identity reset
[03:46:02] 🧠 New identity created
[03:46:03] [54/445] NLPS
[03:46:04] [55/445] GTNA
[03:46:05] [56/445] DGGC
[03:46:06] [57/445] SMCR
[03:46:07] [58/445] SCGD
[03:46:08] [59/445] SRRJ
[03:46:09] [60/445] CNRY
[03:46:10] [61/445] KTDI
[03:46:11] 🔄 Identity reset
[03:46:11] 🔄 Identity rotated (every 10 requests)
[03:46:11] 🔄 Retry 1/5 for KTDI in 2.5s
[03:46:11] 🔄 Identity reset
[03:46:13] 🧠 New identity created
[03:46:14] [62/445] SNJL
[03:46:15] [63/445] RKMD
[03:46:16] [64/445] SMDC
[03:46:17] [65/445] TADG
[03:46:18] [66/445] MCGS
[03:46:19] [67/445] PETK
[03:46:20] [68/445] CHAG
[03:46:21] [69/445] KSTL
[03:46:22] [70/445] AADS
[03:46:22] 🔄 Identity reset
[03:46:22] 🔄 Identity rotated (every 10 requests)
[03:46:23] [71/445] NTHZ
[03:46:25] [72/445] HCKI
[03:46:26] [73/445] SSEF
[03:46:27] [74/445] MCGX
[03:46:28] [75/445] ERRA
[03:46:29] [76/445] SDTW
[03:46:30] [77/445] RMPK
[03:46:31] [78/445] PTHK
[03:46:32] [79/445] PXCS
[03:46:33] [80/445] SVLU
[03:46:34] 🔄 Identity reset
[03:46:34] 🔄 Identity rotated (every 10 requests)
[03:46:34] 🔄 Retry 1/5 for SVLU in 2.5s
[03:46:34] 🔄 Identity reset
[03:46:36] 🧠 New identity created
[03:46:38] [81/445] STAH
[03:46:39] [82/445] JRGF
[03:46:40] [83/445] CDOK
[03:46:42] [84/445] CMSG
[03:46:43] [85/445] APTD
[03:46:44] [86/445] KMPG
[03:46:45] [87/445] MUTJ
[03:46:45] [88/445] VCCI
[03:46:47] [89/445] URBE
[03:46:47] 🔄 Identity reset
[03:46:47] 🔄 Identity rotated (every 10 requests)
[03:46:47] 🔄 Retry 1/5 for URBE in 2.0s
[03:46:47] 🔄 Identity reset
[03:46:49] 🧠 New identity created
[03:46:50] 🔄 Retry 2/5 for URBE in 4.5s
[03:46:50] 🔄 Identity reset
[03:46:54] 🧠 New identity created
[03:46:54] 🔄 Retry 3/5 for URBE in 8.4s
[03:46:54] 🔄 Identity reset
[03:47:03] 🧠 New identity created
[03:47:04] [90/445] TCTS
[03:47:05] [91/445] STSN
[03:47:06] [92/445] AKCH
[03:47:07] [93/445] APSC
[03:47:08] [94/445] VLTB
[03:47:09] [95/445] SANU
[03:47:10] [96/445] AXAM
[03:47:10] 🔄 Identity reset
[03:47:10] 🔄 Identity rotated (every 10 requests)
[03:47:11] [97/445] MGMG
[03:47:12] [98/445] HTBY
[03:47:14] [99/445] MMZS
[03:47:14] [100/445] SUDR
[03:47:15] [101/445] CCAD
[03:47:16] [102/445] SKKC
[03:47:17] [103/445] RMCD
[03:47:18] [104/445] SBCQ
[03:47:19] [105/445] DCCT
[03:47:20] [106/445] VTKP
[03:47:21] 🔄 Identity reset
[03:47:21] 🔄 Identity rotated (every 10 requests)
[03:47:21] 🔄 Retry 1/5 for VTKP in 2.8s
[03:47:21] 🔄 Identity reset
[03:47:24] 🧠 New identity created
[03:47:24] [107/445] MLAM
[03:47:25] [108/445] SAVT
[03:47:26] [109/445] GEPL
[03:47:27] [110/445] AMCD
[03:47:29] [111/445] CCXR
[03:47:30] [112/445] GRNG
[03:47:31] [113/445] EBCA
[03:47:32] [114/445] CNVG
[03:47:33] [115/445] MWSS
[03:47:33] 🔄 Identity reset
[03:47:33] 🔄 Identity rotated (every 10 requests)
[03:47:34] [116/445] VBOR
[03:47:35] [117/445] NEEB
[03:47:36] [118/445] SUTH
[03:47:37] [119/445] ANDB
[03:47:38] [120/445] MMXS
[03:47:39] [121/445] CNPD
[03:47:40] [122/445] SDCE
[03:47:41] [123/445] DHCB
[03:47:43] [124/445] ODEN
[03:47:44] [125/445] TNTC
[03:47:44] 🔄 Identity reset
[03:47:44] 🔄 Identity rotated (every 10 requests)
[03:47:45] [126/445] VBKM
[03:47:46] [127/445] RZYM
[03:47:47] [128/445] JEMC
[03:47:48] [129/445] CMAU
[03:47:49] [130/445] SIVP
[03:47:50] [131/445] ATAG
[03:47:51] [132/445] CHTM
[03:47:53] [133/445] AAEE
[03:47:54] [134/445] IWPM
[03:47:55] [135/445] KCMW
[03:47:55] 🔄 Identity reset
[03:47:55] 🔄 Identity rotated (every 10 requests)
[03:47:56] 🔄 Retry 1/5 for KCMW in 2.8s
[03:47:56] 🔄 Identity reset
[03:47:58] 🧠 New identity created
[03:47:59] 🔄 Retry 2/5 for KCMW in 4.3s
[03:47:59] 🔄 Identity reset
[03:48:03] 🧠 New identity created
[03:48:03] [136/445] MCTD
[03:48:04] [137/445] SPWR
[03:48:05] [138/445] SDPO
[03:48:06] [139/445] PCSK
[03:48:07] [140/445] ACHV
[03:48:08] [141/445] SVLA
[03:48:09] [142/445] PICT
[03:48:10] [143/445] BXDR
[03:48:11] 🔄 Identity reset
[03:48:11] 🔄 Identity rotated (every 10 requests)
[03:48:12] [144/445] SPWA
[03:48:13] [145/445] MCKO
[03:48:15] [146/445] RTHK
[03:48:16] [147/445] CCMF
[03:48:17] [148/445] MRGB
[03:48:18] [149/445] CPLC
[03:48:19] [150/445] RACD
[03:48:20] [151/445] ATKT
[03:48:21] [152/445] SARN
[03:48:22] [153/445] KKUI
[03:48:23] 🔄 Identity reset
[03:48:23] 🔄 Identity rotated (every 10 requests)
[03:48:23] 🔄 Retry 1/5 for KKUI in 2.8s
[03:48:23] 🔄 Identity reset
[03:48:26] 🧠 New identity created
[03:48:26] [154/445] RGCM
[03:48:27] [155/445] BRVP
[03:48:28] [156/445] HRSR
[03:48:29] [157/445] GKGM
[03:48:31] [158/445] TTCD
[03:48:32] [159/445] PTTI
[03:48:33] [160/445] MPTT
[03:48:34] [161/445] CVTT
[03:48:35] [162/445] PCXD
[03:48:35] 🔄 Identity reset
[03:48:35] 🔄 Identity rotated (every 10 requests)
[03:48:36] [163/445] GCDC
[03:48:37] [164/445] CCCF
[03:48:39] [165/445] MRAD
[03:48:40] [166/445] CPLK
[03:48:41] [167/445] SATB
[03:48:43] [168/445] SNVG
[03:48:44] [169/445] JMBA
[03:48:45] [170/445] TEJA
[03:48:46] [171/445] STYO
[03:48:47] [172/445] JTBP
[03:48:48] 🔄 Identity reset
[03:48:48] 🔄 Identity rotated (every 10 requests)
[03:48:48] [173/445] KRGD
[03:48:49] [174/445] SLJJ
[03:48:50] [175/445] SPTJ
[03:48:51] [176/445] SWJG
[03:48:52] [177/445] LKRT
[03:48:53] [178/445] KCKA
[03:48:54] [179/445] SNCR
[03:48:55] [180/445] SMKL
[03:48:56] [181/445] GCFA
[03:48:57] [182/445] DDCK
[03:48:57] 🔄 Identity reset
[03:48:57] 🔄 Identity rotated (every 10 requests)
[03:48:58] [183/445] NCHJ
[03:48:59] [184/445] RDMA
[03:49:00] [185/445] SVSV
[03:49:00] [186/445] SCJG
[03:49:01] [187/445] VKLP
[03:49:02] [188/445] NWCC
[03:49:03] [189/445] VKNS
[03:49:04] [190/445] SDDP
[03:49:05] [191/445] ACSI
[03:49:06] [192/445] SATG
[03:49:07] 🔄 Identity reset
[03:49:07] 🔄 Identity rotated (every 10 requests)
[03:49:07] 🔄 Retry 1/5 for SATG in 2.4s
[03:49:07] 🔄 Identity reset
[03:49:09] 🧠 New identity created
[03:49:10] [193/445] SCMW
[03:49:11] [194/445] LKTK
[03:49:12] [195/445] VCKV
[03:49:13] [196/445] KKPE
[03:49:14] [197/445] KIGH
[03:49:14] [198/445] SRPM
[03:49:16] [199/445] SCAH
[03:49:17] [200/445] MUTA
[03:49:19] [201/445] SEPU
[03:49:19] 🔄 Identity reset
[03:49:20] 🔄 Identity rotated (every 10 requests)
[03:49:20] [202/445] INOA
[03:49:22] [203/445] BASK
[03:49:23] [204/445] NECB
[03:49:25] [205/445] GTTG
[03:49:25] [206/445] ASSA
[03:49:26] [207/445] ANCL
[03:49:27] [208/445] GCTI
[03:49:28] [209/445] RCTS
[03:49:30] [210/445] ACNL
[03:49:31] [211/445] MYCT
[03:49:32] 🔄 Identity reset
[03:49:32] 🔄 Identity rotated (every 10 requests)
[03:49:32] [212/445] NMHT
[03:49:34] [213/445] MDIT
[03:49:35] [214/445] LATG
[03:49:36] [215/445] SMTY
[03:49:37] [216/445] CVCT
[03:49:39] [217/445] RAMB
[03:49:40] [218/445] TGMS
[03:49:41] [219/445] BHEL
[03:49:42] [220/445] SHCT
[03:49:42] [221/445] SVCT
[03:49:43] 🔄 Identity reset
[03:49:43] 🔄 Identity rotated (every 10 requests)
[03:49:43] 🔄 Retry 1/5 for SVCT in 2.1s
[03:49:43] 🔄 Identity reset
[03:49:45] 🧠 New identity created
[03:49:45] 🔄 Retry 2/5 for SVCT in 4.6s
[03:49:45] 🔄 Identity reset
[03:49:50] 🧠 New identity created
[03:49:51] [222/445] MRIY
[03:49:52] [223/445] SARO
[03:49:53] [224/445] STCT
[03:49:54] [225/445] JKKC
[03:49:56] [226/445] PLTT
[03:49:58] [227/445] SRNT
[03:49:59] [228/445] YAST
[03:50:00] [229/445] PERL
[03:50:00] 🔄 Identity reset
[03:50:00] 🔄 Identity rotated (every 10 requests)
[03:50:02] [230/445] CICM
[03:50:03] [231/445] MMTR
[03:50:04] [232/445] ABTK
[03:50:05] [233/445] ATYY
[03:50:06] [234/445] ASTK
[03:50:07] [235/445] VVCK
[03:50:08] [236/445] ATKY
[03:50:09] [237/445] GWEK
[03:50:11] [238/445] SVFH
[03:50:13] [239/445] SLTA
[03:50:13] 🔄 Identity reset
[03:50:13] 🔄 Identity rotated (every 10 requests)
[03:50:14] [240/445] AASH
[03:50:15] [241/445] ACXB
[03:50:16] [242/445] SMTX
[03:50:17] [243/445] AZDH
[03:50:18] [244/445] CMMH
[03:50:19] [245/445] SCSZ
[03:50:20] [246/445] SCKP
[03:50:21] [247/445] NXTM
[03:50:21] [248/445] NWCS
[03:50:22] [249/445] CXMH
[03:50:23] 🔄 Identity reset
[03:50:23] 🔄 Identity rotated (every 10 requests)
[03:50:23] 🔄 Retry 1/5 for CXMH in 3.0s
[03:50:23] 🔄 Identity reset
[03:50:26] 🧠 New identity created
[03:50:27] [250/445] PCMA
[03:50:28] [251/445] SGCM
[03:50:29] [252/445] SDTU
[03:50:30] [253/445] MMVI
[03:50:31] [254/445] JKCM
[03:50:32] [255/445] VCMM
[03:50:33] [256/445] SYEE
[03:50:34] [257/445] VASD
[03:50:35] [258/445] BDRB
[03:50:36] 🔄 Identity reset
[03:50:36] 🔄 Identity rotated (every 10 requests)
[03:50:36] [259/445] LASM
[03:50:37] [260/445] DCRL
[03:50:38] [261/445] DVPM
[03:50:39] [262/445] SBMJ
[03:50:41] [263/445] CBMU
[03:50:42] [264/445] IUBS
[03:50:43] [265/445] INAP
[03:50:44] [266/445] SRRC
[03:50:45] [267/445] SAGR
[03:50:46] [268/445] CPMJ
[03:50:47] 🔄 Identity reset
[03:50:47] 🔄 Identity rotated (every 10 requests)
[03:50:47] 🔄 Retry 1/5 for CPMJ in 2.3s
[03:50:47] 🔄 Identity reset
[03:50:49] 🧠 New identity created
[03:50:50] [269/445] ATJL
[03:50:51] [270/445] NNTD
[03:50:52] [271/445] JHCJ
[03:50:53] [272/445] CMMP
[03:50:54] [273/445] RSDR
[03:50:55] [274/445] AMTI
[03:50:56] [275/445] NYSG
[03:50:57] [276/445] AVSG
[03:50:58] [277/445] SYTP
[03:50:58] 🔄 Identity reset
[03:50:58] 🔄 Identity rotated (every 10 requests)
[03:50:59] 🔄 Retry 1/5 for SYTP in 2.4s
[03:50:59] 🔄 Identity reset
[03:51:01] 🧠 New identity created
[03:51:02] [278/445] LARC
[03:51:02] [279/445] RJTP
[03:51:03] [280/445] LAKC
[03:51:04] [281/445] MCXE
[03:51:05] [282/445] CCZC
[03:51:06] [283/445] AVCH
[03:51:07] [284/445] CMBE
[03:51:08] [285/445] MRRC
[03:51:10] [286/445] PCPY
[03:51:10] 🔄 Identity reset
[03:51:10] 🔄 Identity rotated (every 10 requests)
[03:51:11] 🔄 Retry 1/5 for PCPY in 2.1s
[03:51:11] 🔄 Identity reset
[03:51:13] 🧠 New identity created
[03:51:13] [287/445] SRMH
[03:51:14] [288/445] SVGS
[03:51:15] [289/445] PCSE
[03:51:16] [290/445] SVFT
[03:51:17] [291/445] TNZP
[03:51:18] [292/445] ICTP
[03:51:20] [293/445] ACTZ
[03:51:20] [294/445] GTUR
[03:51:21] [295/445] MAFC
[03:51:22] 🔄 Identity reset
[03:51:22] 🔄 Identity rotated (every 10 requests)
[03:51:22] [296/445] MINL
[03:51:24] [297/445] MRCL
[03:51:25] [298/445] RCRP
[03:51:26] [299/445] RFFG
[03:51:27] [300/445] RMAS
[03:51:27] [301/445] INVR
[03:51:28] [302/445] RMAR
[03:51:30] [303/445] CNIS
[03:51:32] [304/445] RHRJ
[03:51:33] [305/445] INXR
[03:51:34] 🔄 Identity reset
[03:51:34] 🔄 Identity rotated (every 10 requests)
[03:51:34] 🔄 Retry 1/5 for INXR in 3.0s
[03:51:34] 🔄 Identity reset
[03:51:37] 🧠 New identity created
[03:51:37] [306/445] VALT
[03:51:38] [307/445] LCSH
[03:51:39] [308/445] CMVS
[03:51:40] [309/445] CNMS
[03:51:41] [310/445] ROOG
[03:51:42] [311/445] ISRM
[03:51:43] [312/445] RCRM
[03:51:44] [313/445] ACJA
[03:51:46] [314/445] RCVS
[03:51:46] 🔄 Identity reset
[03:51:46] 🔄 Identity rotated (every 10 requests)
[03:51:47] [315/445] CPUS
[03:51:48] [316/445] TGCS
[03:51:49] [317/445] RKCJ
[03:51:50] [318/445] MKSB
[03:51:51] [319/445] TCSJ
[03:51:52] [320/445] RMGP
[03:51:53] [321/445] CLLP
[03:51:54] [322/445] RCMV
[03:51:55] [323/445] CCKS
[03:51:56] [324/445] RSRP
[03:51:57] 🔄 Identity reset
[03:51:57] 🔄 Identity rotated (every 10 requests)
[03:51:57] [325/445] APLP
[03:51:58] [326/445] CNVS
[03:51:59] [327/445] RMVY
[03:52:00] [328/445] PGBD
[03:52:01] [329/445] KLMS
[03:52:02] [330/445] RUST
[03:52:04] [331/445] MASM
[03:52:06] [332/445] BACS
[03:52:07] [333/445] BWST
[03:52:08] [334/445] RRFH
[03:52:09] 🔄 Identity reset
[03:52:09] 🔄 Identity rotated (every 10 requests)
[03:52:09] [335/445] SJTM
[03:52:10] [336/445] BEMR
[03:52:11] [337/445] MCGR
[03:52:12] [338/445] SDSK
[03:52:13] [339/445] VBOL
[03:52:14] [340/445] RMGM
[03:52:15] [341/445] NOPL
[03:52:16] [342/445] MKJK
[03:52:17] [343/445] CVRN
[03:52:18] [344/445] MMEN
[03:52:18] 🔄 Identity reset
[03:52:18] 🔄 Identity rotated (every 10 requests)
[03:52:19] [345/445] AMNG
[03:52:20] [346/445] INTM
[03:52:21] [347/445] SLCZ
[03:52:22] [348/445] AMJN
[03:52:23] [349/445] ACJN
[03:52:25] [350/445] AMKN
[03:52:26] [351/445] BTCN
[03:52:27] [352/445] AMBT
[03:52:28] [353/445] PACN
[03:52:29] [354/445] LCNS
[03:52:29] 🔄 Identity reset
[03:52:29] 🔄 Identity rotated (every 10 requests)
[03:52:30] [355/445] PPKC
[03:52:30] [356/445] JYYN
[03:52:31] [357/445] JTNR
[03:52:32] [358/445] GTEE
[03:52:33] [359/445] SRNM
[03:52:35] [360/445] SDTC
[03:52:36] [361/445] VPCA
[03:52:37] [362/445] VLRA
[03:52:38] [363/445] SHKR
[03:52:39] [364/445] SBKD
[03:52:39] 🔄 Identity reset
[03:52:39] 🔄 Identity rotated (every 10 requests)
[03:52:40] 🔄 Retry 1/5 for SBKD in 2.8s
[03:52:40] 🔄 Identity reset
[03:52:42] 🧠 New identity created
[03:52:43] 🔄 Retry 2/5 for SBKD in 4.7s
[03:52:43] 🔄 Identity reset
[03:52:47] 🧠 New identity created
[03:52:48] [365/445] SAAD
[03:52:49] [366/445] JTGN
[03:52:51] [367/445] SLAM
[03:52:52] [368/445] VTPM
[03:52:54] [369/445] ANPT
[03:52:55] [370/445] PUNB
[03:52:56] [371/445] CPKT
[03:52:57] [372/445] CNWE
[03:52:57] 🔄 Identity reset
[03:52:57] 🔄 Identity rotated (every 10 requests)
[03:52:58] 🔄 Retry 1/5 for CNWE in 2.4s
[03:52:58] 🔄 Identity reset
[03:53:00] 🧠 New identity created
[03:53:00] 🔄 Retry 2/5 for CNWE in 4.2s
[03:53:00] 🔄 Identity reset
[03:53:04] 🧠 New identity created
[03:53:05] 🔄 Retry 3/5 for CNWE in 8.9s
[03:53:05] 🔄 Identity reset
[03:53:14] 🧠 New identity created
[03:53:14] [373/445] ECPP
[03:53:15] [374/445] CPAR
[03:53:16] [375/445] ESBW
[03:53:17] [376/445] PKPU
[03:53:18] [377/445] CPRP
[03:53:19] [378/445] RAHU
[03:53:20] [379/445] RHMN
[03:53:20] 🔄 Identity reset
[03:53:20] 🔄 Identity rotated (every 10 requests)
[03:53:21] [380/445] FMJP
[03:53:22] [381/445] CTMP
[03:53:23] [382/445] INPN
[03:53:24] [383/445] STTG
[03:53:26] [384/445] CTRD
[03:53:27] [385/445] PUVB
[03:53:28] [386/445] ESVP
[03:53:29] [387/445] CPFT
[03:53:31] [388/445] LCPC
[03:53:31] [389/445] VBCT
[03:53:32] 🔄 Identity reset
[03:53:32] 🔄 Identity rotated (every 10 requests)
[03:53:32] 🔄 Retry 1/5 for VBCT in 2.4s
[03:53:32] 🔄 Identity reset
[03:53:35] 🧠 New identity created
[03:53:36] [390/445] FSCW
[03:53:37] [391/445] VCMP
[03:53:38] [392/445] ASHC
[03:53:39] [393/445] VLCX
[03:53:40] [394/445] SHEV
[03:53:41] [395/445] APCO
[03:53:42] [396/445] SILC
[03:53:43] [397/445] SNMR
[03:53:44] [398/445] KYBO
[03:53:45] 🔄 Identity reset
[03:53:45] 🔄 Identity rotated (every 10 requests)
[03:53:46] [399/445] SATK
[03:53:47] [400/445] SSCS
[03:53:48] [401/445] CLSB
[03:53:49] [402/445] KMJR
[03:53:50] [403/445] FSCK
[03:53:50] [404/445] NNKA
[03:53:52] [405/445] CLMK
[03:53:53] [406/445] DMPZ
[03:53:54] [407/445] INQM
[03:53:55] [408/445] CAML
[03:53:55] 🔄 Identity reset
[03:53:55] 🔄 Identity rotated (every 10 requests)
[03:53:56] [409/445] INRK
[03:53:57] [410/445] IMKN
[03:53:58] [411/445] SVNR
[03:53:58] [412/445] INSL
[03:54:00] [413/445] MSMA
[03:54:00] [414/445] MCKK
[03:54:01] [415/445] FCHP
[03:54:02] [416/445] SFCR
[03:54:03] [417/445] NACK
[03:54:04] [418/445] PVAK
[03:54:04] 🔄 Identity reset
[03:54:04] 🔄 Identity rotated (every 10 requests)
[03:54:06] [419/445] INER
[03:54:07] [420/445] RDBK
[03:54:08] [421/445] SVFN
[03:54:09] [422/445] IFRM
[03:54:10] [423/445] ATCK
[03:54:11] [424/445] ASKO
[03:54:12] [425/445] STKT
[03:54:13] [426/445] SVFB
[03:54:14] [427/445] INKS
[03:54:15] [428/445] PCRA
[03:54:15] 🔄 Identity reset
[03:54:15] 🔄 Identity rotated (every 10 requests)
[03:54:16] [429/445] ATJA
[03:54:18] [430/445] IMJN
[03:54:19] [431/445] INHD
[03:54:20] [432/445] BARA
[03:54:21] [433/445] MCSL
[03:54:22] [434/445] RTOY
[03:54:23] [435/445] MENO
[03:54:24] [436/445] PUDM
[03:54:25] [437/445] PRCN
[03:54:26] [438/445] JMJR
[03:54:27] 🔄 Identity reset
[03:54:27] 🔄 Identity rotated (every 10 requests)
[03:54:28] [439/445] SSGK
[03:54:29] [440/445] SSRL
[03:54:30] [441/445] JYKL
[03:54:31] [442/445] ACNB
[03:54:32] [443/445] SONP
[03:54:33] [444/445] EMCI
[03:54:34] [445/445] MRJH
[03:54:35] 🧹 Deduping shows
[03:54:35] ✅ DONE | Shows=816 | Movies=62
[11:12:52] 🚀 SCRIPT STARTED (enhanced anti‑detection)
[11:12:52] [1/445] TGMR
[11:12:53] 🧠 New identity created
[11:12:53] [2/445] CXKR
[11:12:54] [3/445] SROP
[11:12:54] [4/445] GTSV
[11:12:55] [5/445] SNTY
[11:12:56] [6/445] SMYY
[11:12:56] [7/445] CNCS
[11:12:57] [8/445] CSTM
[11:12:58] [9/445] NUCD
[11:12:58] [10/445] SHCZ
[11:12:59] 🔄 Identity reset
[11:12:59] 🔄 Identity rotated (every 10 requests)
[11:12:59] 🔄 Retry 1/5 for SHCZ in 2.2s
[11:12:59] 🔄 Identity reset
[11:13:01] 🧠 New identity created
[11:13:01] [11/445] NJCT
[11:13:02] [12/445] COPC
[11:13:03] [13/445] STVV
[11:13:04] [14/445] SKRN
[11:13:04] [15/445] APPZ
[11:13:05] [16/445] YMGN
[11:13:05] [17/445] SVTU
[11:13:06] [18/445] GTAD
[11:13:07] [19/445] PSUS
[11:13:08] 🔄 Identity reset
[11:13:08] 🔄 Identity rotated (every 10 requests)
[11:13:08] [20/445] SMCD
[11:13:08] [21/445] CMCM
[11:13:09] [22/445] SYCT
[11:13:10] [23/445] STLY
[11:13:11] [24/445] CMHU
[11:13:11] [25/445] CMSA
[11:13:12] [26/445] CLCU
[11:13:13] [27/445] PPNT
[11:13:15] [28/445] JTAB
[11:13:16] [29/445] BUUC
[11:13:17] 🔄 Identity reset
[11:13:17] 🔄 Identity rotated (every 10 requests)
[11:13:17] [30/445] BSVK
[11:13:18] [31/445] VVVQ
[11:13:19] [32/445] TKMU
[11:13:19] [33/445] ESYL
[11:13:20] [34/445] ACHP
[11:13:21] [35/445] BTKD
[11:13:22] [36/445] DESA
[11:13:23] [37/445] GBCT
[11:13:24] [38/445] BLLD
[11:13:25] [39/445] SKNT
[11:13:26] 🔄 Identity reset
[11:13:26] 🔄 Identity rotated (every 10 requests)
[11:13:26] [40/445] SSTE
[11:13:26] [41/445] VJMR
[11:13:27] [42/445] NTPU
[11:13:28] [43/445] RDKN
[11:13:29] [44/445] ADGC
[11:13:30] [45/445] VRBP
[11:13:30] [46/445] NMNA
[11:13:31] [47/445] CMMX
[11:13:32] [48/445] PTKO
[11:13:32] [49/445] RBML
[11:13:33] 🔄 Identity reset
[11:13:33] 🔄 Identity rotated (every 10 requests)
[11:13:33] [50/445] SAIC
[11:13:34] [51/445] SVTJ
[11:13:35] [52/445] MRTE
[11:13:36] [53/445] RBTP
[11:13:36] [54/445] NLPS
[11:13:37] [55/445] GTNA
[11:13:38] [56/445] DGGC
[11:13:38] [57/445] SMCR
[11:13:39] [58/445] SCGD
[11:13:40] [59/445] SRRJ
[11:13:40] 🔄 Identity reset
[11:13:40] 🔄 Identity rotated (every 10 requests)
[11:13:40] [60/445] CNRY
[11:13:41] [61/445] KTDI
[11:13:42] [62/445] SNJL
[11:13:43] [63/445] RKMD
[11:13:44] [64/445] SMDC
[11:13:45] [65/445] TADG
[11:13:45] [66/445] MCGS
[11:13:46] [67/445] PETK
[11:13:47] [68/445] CHAG
[11:13:48] [69/445] KSTL
[11:13:48] 🔄 Identity reset
[11:13:48] 🔄 Identity rotated (every 10 requests)
[11:13:49] [70/445] AADS
[11:13:50] [71/445] NTHZ
[11:13:51] [72/445] HCKI
[11:13:52] [73/445] SSEF
[11:13:52] [74/445] MCGX
[11:13:53] [75/445] ERRA
[11:13:54] [76/445] SDTW
[11:13:55] [77/445] RMPK
[11:13:55] [78/445] PTHK
[11:13:56] [79/445] PXCS
[11:13:57] 🔄 Identity reset
[11:13:57] 🔄 Identity rotated (every 10 requests)
[11:13:57] [80/445] SVLU
[11:13:58] [81/445] STAH
[11:13:58] [82/445] JRGF
[11:14:00] [83/445] CDOK
[11:14:01] [84/445] CMSG
[11:14:02] [85/445] APTD
[11:14:03] [86/445] KMPG
[11:14:05] [87/445] MUTJ
[11:14:05] [88/445] VCCI
[11:14:06] [89/445] URBE
[11:14:07] 🔄 Identity reset
[11:14:07] 🔄 Identity rotated (every 10 requests)
[11:14:07] [90/445] TCTS
[11:14:08] [91/445] STSN
[11:14:08] [92/445] AKCH
[11:14:09] [93/445] APSC
[11:14:10] [94/445] VLTB
[11:14:11] [95/445] SANU
[11:14:11] [96/445] AXAM
[11:14:12] [97/445] MGMG
[11:14:13] [98/445] HTBY
[11:14:14] [99/445] MMZS
[11:14:14] 🔄 Identity reset
[11:14:14] 🔄 Identity rotated (every 10 requests)
[11:14:15] [100/445] SUDR
[11:14:15] [101/445] CCAD
[11:14:16] [102/445] SKKC
[11:14:17] [103/445] RMCD
[11:14:18] [104/445] SBCQ
[11:14:18] [105/445] DCCT
[11:14:19] [106/445] VTKP
[11:14:19] [107/445] MLAM
[11:14:20] [108/445] SAVT
[11:14:21] [109/445] GEPL
[11:14:22] 🔄 Identity reset
[11:14:22] 🔄 Identity rotated (every 10 requests)
[11:14:23] [110/445] AMCD
[11:14:24] [111/445] CCXR
[11:14:25] [112/445] GRNG
[11:14:26] [113/445] EBCA
[11:14:27] [114/445] CNVG
[11:14:28] [115/445] MWSS
[11:14:29] [116/445] VBOR
[11:14:29] [117/445] NEEB
[11:14:30] [118/445] SUTH
[11:14:31] [119/445] ANDB
[11:14:32] 🔄 Identity reset
[11:14:32] 🔄 Identity rotated (every 10 requests)
[11:14:32] [120/445] MMXS
[11:14:33] [121/445] CNPD
[11:14:34] [122/445] SDCE
[11:14:34] [123/445] DHCB
[11:14:35] [124/445] ODEN
[11:14:36] [125/445] TNTC
[11:14:36] [126/445] VBKM
[11:14:37] [127/445] RZYM
[11:14:38] [128/445] JEMC
[11:14:39] [129/445] CMAU
[11:14:39] 🔄 Identity reset
[11:14:39] 🔄 Identity rotated (every 10 requests)
[11:14:39] 🔄 Retry 1/5 for CMAU in 2.9s
[11:14:39] 🔄 Identity reset
[11:14:42] 🧠 New identity created
[11:14:42] [130/445] SIVP
[11:14:43] [131/445] ATAG
[11:14:44] [132/445] CHTM
[11:14:45] [133/445] AAEE
[11:14:46] [134/445] IWPM
[11:14:46] [135/445] KCMW
[11:14:47] [136/445] MCTD
[11:14:48] [137/445] SPWR
[11:14:49] [138/445] SDPO
[11:14:49] 🔄 Identity reset
[11:14:49] 🔄 Identity rotated (every 10 requests)
[11:14:49] [139/445] PCSK
[11:14:50] [140/445] ACHV
[11:14:51] [141/445] SVLA
[11:14:52] [142/445] PICT
[11:14:53] [143/445] BXDR
[11:14:54] [144/445] SPWA
[11:14:54] [145/445] MCKO
[11:14:55] [146/445] RTHK
[11:14:56] [147/445] CCMF
[11:14:57] [148/445] MRGB
[11:14:57] 🔄 Identity reset
[11:14:57] 🔄 Identity rotated (every 10 requests)
[11:14:57] [149/445] CPLC
[11:14:58] [150/445] RACD
[11:14:59] [151/445] ATKT
[11:15:00] [152/445] SARN
[11:15:01] [153/445] KKUI
[11:15:02] [154/445] RGCM
[11:15:03] [155/445] BRVP
[11:15:04] [156/445] HRSR
[11:15:05] [157/445] GKGM
[11:15:06] [158/445] TTCD
[11:15:06] 🔄 Identity reset
[11:15:06] 🔄 Identity rotated (every 10 requests)
[11:15:06] [159/445] PTTI
[11:15:07] [160/445] MPTT
[11:15:08] [161/445] CVTT
[11:15:09] [162/445] PCXD
[11:15:09] [163/445] GCDC
[11:15:10] [164/445] CCCF
[11:15:11] [165/445] MRAD
[11:15:12] [166/445] CPLK
[11:15:13] [167/445] SATB
[11:15:14] [168/445] SNVG
[11:15:15] 🔄 Identity reset
[11:15:15] 🔄 Identity rotated (every 10 requests)
[11:15:15] 🔄 Retry 1/5 for SNVG in 2.4s
[11:15:15] 🔄 Identity reset
[11:15:17] 🧠 New identity created
[11:15:17] [169/445] JMBA
[11:15:18] [170/445] TEJA
[11:15:18] [171/445] STYO
[11:15:19] [172/445] JTBP
[11:15:20] [173/445] KRGD
[11:15:21] [174/445] SLJJ
[11:15:22] [175/445] SPTJ
[11:15:23] [176/445] SWJG
[11:15:23] [177/445] LKRT
[11:15:24] 🔄 Identity reset
[11:15:24] 🔄 Identity rotated (every 10 requests)
[11:15:25] [178/445] KCKA
[11:15:26] [179/445] SNCR
[11:15:27] [180/445] SMKL
[11:15:27] [181/445] GCFA
[11:15:28] [182/445] DDCK
[11:15:29] [183/445] NCHJ
[11:15:30] [184/445] RDMA
[11:15:31] [185/445] SVSV
[11:15:31] [186/445] SCJG
[11:15:32] [187/445] VKLP
[11:15:33] 🔄 Identity reset
[11:15:33] 🔄 Identity rotated (every 10 requests)
[11:15:33] [188/445] NWCC
[11:15:34] [189/445] VKNS
[11:15:34] [190/445] SDDP
[11:15:35] [191/445] ACSI
[11:15:36] [192/445] SATG
[11:15:37] [193/445] SCMW
[11:15:38] [194/445] LKTK
[11:15:39] [195/445] VCKV
[11:15:40] [196/445] KKPE
[11:15:41] [197/445] KIGH
[11:15:41] 🔄 Identity reset
[11:15:41] 🔄 Identity rotated (every 10 requests)
[11:15:41] 🔄 Retry 1/5 for KIGH in 2.7s
[11:15:41] 🔄 Identity reset
[11:15:44] 🧠 New identity created
[11:15:44] [198/445] SRPM
[11:15:45] [199/445] SCAH
[11:15:46] [200/445] MUTA
[11:15:47] [201/445] SEPU
[11:15:48] [202/445] INOA
[11:15:49] [203/445] BASK
[11:15:49] [204/445] NECB
[11:15:51] [205/445] GTTG
[11:15:52] [206/445] ASSA
[11:15:52] 🔄 Identity reset
[11:15:52] 🔄 Identity rotated (every 10 requests)
[11:15:53] [207/445] ANCL
[11:15:54] [208/445] GCTI
[11:15:55] [209/445] RCTS
[11:15:56] [210/445] ACNL
[11:15:56] [211/445] MYCT
[11:15:58] [212/445] NMHT
[11:15:58] [213/445] MDIT
[11:15:59] [214/445] LATG
[11:16:00] [215/445] SMTY
[11:16:01] [216/445] CVCT
[11:16:02] 🔄 Identity reset
[11:16:02] 🔄 Identity rotated (every 10 requests)
[11:16:02] [217/445] RAMB
[11:16:03] [218/445] TGMS
[11:16:04] [219/445] BHEL
[11:16:05] [220/445] SHCT
[11:16:06] [221/445] SVCT
[11:16:07] [222/445] MRIY
[11:16:07] [223/445] SARO
[11:16:08] [224/445] STCT
[11:16:09] [225/445] JKKC
[11:16:10] [226/445] PLTT
[11:16:10] 🔄 Identity reset
[11:16:10] 🔄 Identity rotated (every 10 requests)
[11:16:11] [227/445] SRNT
[11:16:11] [228/445] YAST
[11:16:12] [229/445] PERL
[11:16:14] [230/445] CICM
[11:16:15] [231/445] MMTR
[11:16:16] [232/445] ABTK
[11:16:17] [233/445] ATYY
[11:16:18] [234/445] ASTK
[11:16:19] [235/445] VVCK
[11:16:19] [236/445] ATKY
[11:16:20] 🔄 Identity reset
[11:16:20] 🔄 Identity rotated (every 10 requests)
[11:16:20] [237/445] GWEK
[11:16:21] [238/445] SVFH
[11:16:22] [239/445] SLTA
[11:16:23] [240/445] AASH
[11:16:24] [241/445] ACXB
[11:16:25] [242/445] SMTX
[11:16:26] [243/445] AZDH
[11:16:27] [244/445] CMMH
[11:16:28] [245/445] SCSZ
[11:16:29] [246/445] SCKP
[11:16:30] 🔄 Identity reset
[11:16:30] 🔄 Identity rotated (every 10 requests)
[11:16:30] [247/445] NXTM
[11:16:31] [248/445] NWCS
[11:16:32] [249/445] CXMH
[11:16:32] [250/445] PCMA
[11:16:33] [251/445] SGCM
[11:16:34] [252/445] SDTU
[11:16:35] [253/445] MMVI
[11:16:36] [254/445] JKCM
[11:16:36] [255/445] VCMM
[11:16:38] [256/445] SYEE
[11:16:39] 🔄 Identity reset
[11:16:39] 🔄 Identity rotated (every 10 requests)
[11:16:39] [257/445] VASD
[11:16:41] [258/445] BDRB
[11:16:42] [259/445] LASM
[11:16:42] [260/445] DCRL
[11:16:44] [261/445] DVPM
[11:16:45] [262/445] SBMJ
[11:16:46] [263/445] CBMU
[11:16:46] [264/445] IUBS
[11:16:47] [265/445] INAP
[11:16:48] [266/445] SRRC
[11:16:49] 🔄 Identity reset
[11:16:49] 🔄 Identity rotated (every 10 requests)
[11:16:50] [267/445] SAGR
[11:16:51] [268/445] CPMJ
[11:16:52] [269/445] ATJL
[11:16:53] [270/445] NNTD
[11:16:53] [271/445] JHCJ
[11:16:54] [272/445] CMMP
[11:16:55] [273/445] RSDR
[11:16:56] [274/445] AMTI
[11:16:57] [275/445] NYSG
[11:16:58] [276/445] AVSG
[11:16:58] 🔄 Identity reset
[11:16:58] 🔄 Identity rotated (every 10 requests)
[11:16:59] [277/445] SYTP
[11:17:00] [278/445] LARC
[11:17:01] [279/445] RJTP
[11:17:02] [280/445] LAKC
[11:17:02] [281/445] MCXE
[11:17:03] [282/445] CCZC
[11:17:04] [283/445] AVCH
[11:17:05] [284/445] CMBE
[11:17:06] [285/445] MRRC
[11:17:07] [286/445] PCPY
[11:17:07] 🔄 Identity reset
[11:17:07] 🔄 Identity rotated (every 10 requests)
[11:17:07] [287/445] SRMH
[11:17:09] [288/445] SVGS
[11:17:10] [289/445] PCSE
[11:17:11] [290/445] SVFT
[11:17:12] [291/445] TNZP
[11:17:12] [292/445] ICTP
[11:17:13] [293/445] ACTZ
[11:17:15] [294/445] GTUR
[11:17:16] [295/445] MAFC
[11:17:17] [296/445] MINL
[11:17:17] 🔄 Identity reset
[11:17:17] 🔄 Identity rotated (every 10 requests)
[11:17:18] [297/445] MRCL
[11:17:19] [298/445] RCRP
[11:17:20] [299/445] RFFG
[11:17:21] [300/445] RMAS
[11:17:21] [301/445] INVR
[11:17:22] [302/445] RMAR
[11:17:23] [303/445] CNIS
[11:17:24] [304/445] RHRJ
[11:17:25] [305/445] INXR
[11:17:25] [306/445] VALT
[11:17:26] 🔄 Identity reset
[11:17:26] 🔄 Identity rotated (every 10 requests)
[11:17:26] [307/445] LCSH
[11:17:27] [308/445] CMVS
[11:17:28] [309/445] CNMS
[11:17:30] [310/445] ROOG
[11:17:31] [311/445] ISRM
[11:17:32] [312/445] RCRM
[11:17:32] [313/445] ACJA
[11:17:33] [314/445] RCVS
[11:17:34] [315/445] CPUS
[11:17:35] [316/445] TGCS
[11:17:36] 🔄 Identity reset
[11:17:36] 🔄 Identity rotated (every 10 requests)
[11:17:36] [317/445] RKCJ
[11:17:37] [318/445] MKSB
[11:17:37] [319/445] TCSJ
[11:17:38] [320/445] RMGP
[11:17:39] [321/445] CLLP
[11:17:40] [322/445] RCMV
[11:17:41] [323/445] CCKS
[11:17:43] [324/445] RSRP
[11:17:43] [325/445] APLP
[11:17:44] [326/445] CNVS
[11:17:45] 🔄 Identity reset
[11:17:45] 🔄 Identity rotated (every 10 requests)
[11:17:45] [327/445] RMVY
[11:17:46] [328/445] PGBD
[11:17:47] [329/445] KLMS
[11:17:48] [330/445] RUST
[11:17:49] [331/445] MASM
[11:17:50] [332/445] BACS
[11:17:51] [333/445] BWST
[11:17:51] [334/445] RRFH
[11:17:53] [335/445] SJTM
[11:17:54] [336/445] BEMR
[11:17:55] 🔄 Identity reset
[11:17:55] 🔄 Identity rotated (every 10 requests)
[11:17:55] [337/445] MCGR
[11:17:56] [338/445] SDSK
[11:17:57] [339/445] VBOL
[11:17:58] [340/445] RMGM
[11:17:58] [341/445] NOPL
[11:17:59] [342/445] MKJK
[11:18:00] [343/445] CVRN
[11:18:01] [344/445] MMEN
[11:18:03] [345/445] AMNG
[11:18:04] [346/445] INTM
[11:18:04] 🔄 Identity reset
[11:18:04] 🔄 Identity rotated (every 10 requests)
[11:18:05] [347/445] SLCZ
[11:18:05] [348/445] AMJN
[11:18:06] [349/445] ACJN
[11:18:07] [350/445] AMKN
[11:18:08] [351/445] BTCN
[11:18:10] [352/445] AMBT
[11:18:10] [353/445] PACN
[11:18:11] [354/445] LCNS
[11:18:12] [355/445] PPKC
[11:18:13] [356/445] JYYN
[11:18:13] 🔄 Identity reset
[11:18:13] 🔄 Identity rotated (every 10 requests)
[11:18:14] [357/445] JTNR
[11:18:15] [358/445] GTEE
[11:18:17] [359/445] SRNM
[11:18:18] [360/445] SDTC
[11:18:18] [361/445] VPCA
[11:18:19] [362/445] VLRA
[11:18:20] [363/445] SHKR
[11:18:21] [364/445] SBKD
[11:18:22] [365/445] SAAD
[11:18:23] [366/445] JTGN
[11:18:23] 🔄 Identity reset
[11:18:23] 🔄 Identity rotated (every 10 requests)
[11:18:23] [367/445] SLAM
[11:18:24] [368/445] VTPM
[11:18:25] [369/445] ANPT
[11:18:26] [370/445] PUNB
[11:18:28] [371/445] CPKT
[11:18:29] [372/445] CNWE
[11:18:30] [373/445] ECPP
[11:18:31] [374/445] CPAR
[11:18:33] [375/445] ESBW
[11:18:34] [376/445] PKPU
[11:18:34] 🔄 Identity reset
[11:18:34] 🔄 Identity rotated (every 10 requests)
[11:18:34] [377/445] CPRP
[11:18:35] [378/445] RAHU
[11:18:36] [379/445] RHMN
[11:18:37] [380/445] FMJP
[11:18:38] [381/445] CTMP
[11:18:39] [382/445] INPN
[11:18:39] [383/445] STTG
[11:18:41] [384/445] CTRD
[11:18:42] [385/445] PUVB
[11:18:42] [386/445] ESVP
[11:18:43] 🔄 Identity reset
[11:18:43] 🔄 Identity rotated (every 10 requests)
[11:18:43] [387/445] CPFT
[11:18:44] [388/445] LCPC
[11:18:45] [389/445] VBCT
[11:18:46] [390/445] FSCW
[11:18:47] [391/445] VCMP
[11:18:48] [392/445] ASHC
[11:18:48] [393/445] VLCX
[11:18:49] [394/445] SHEV
[11:18:50] [395/445] APCO
[11:18:51] [396/445] SILC
[11:18:51] 🔄 Identity reset
[11:18:51] 🔄 Identity rotated (every 10 requests)
[11:18:52] [397/445] SNMR
[11:18:52] [398/445] KYBO
[11:18:53] [399/445] SATK
[11:18:54] [400/445] SSCS
[11:18:55] [401/445] CLSB
[11:18:56] [402/445] KMJR
[11:18:57] [403/445] FSCK
[11:18:58] [404/445] NNKA
[11:18:58] [405/445] CLMK
[11:18:59] [406/445] DMPZ
[11:19:00] 🔄 Identity reset
[11:19:00] 🔄 Identity rotated (every 10 requests)
[11:19:00] 🔄 Retry 1/5 for DMPZ in 2.8s
[11:19:00] 🔄 Identity reset
[11:19:03] 🧠 New identity created
[11:19:03] 🔄 Retry 2/5 for DMPZ in 4.1s
[11:19:03] 🔄 Identity reset
[11:19:07] 🧠 New identity created
[11:19:07] 🔄 Retry 3/5 for DMPZ in 8.0s
[11:19:07] 🔄 Identity reset
[11:19:15] 🧠 New identity created
[11:19:15] [407/445] INQM
[11:19:16] [408/445] CAML
[11:19:17] [409/445] INRK
[11:19:18] [410/445] IMKN
[11:19:19] [411/445] SVNR
[11:19:20] [412/445] INSL
[11:19:20] [413/445] MSMA
[11:19:21] 🔄 Identity reset
[11:19:21] 🔄 Identity rotated (every 10 requests)
[11:19:22] [414/445] MCKK
[11:19:23] [415/445] FCHP
[11:19:24] [416/445] SFCR
[11:19:25] [417/445] NACK
[11:19:25] [418/445] PVAK
[11:19:26] [419/445] INER
[11:19:27] [420/445] RDBK
[11:19:28] [421/445] SVFN
[11:19:29] [422/445] IFRM
[11:19:30] [423/445] ATCK
[11:19:31] 🔄 Identity reset
[11:19:31] 🔄 Identity rotated (every 10 requests)
[11:19:31] [424/445] ASKO
[11:19:32] [425/445] STKT
[11:19:33] [426/445] SVFB
[11:19:34] [427/445] INKS
[11:19:34] [428/445] PCRA
[11:19:35] [429/445] ATJA
[11:19:36] [430/445] IMJN
[11:19:38] [431/445] INHD
[11:19:39] [432/445] BARA
[11:19:39] [433/445] MCSL
[11:19:40] 🔄 Identity reset
[11:19:40] 🔄 Identity rotated (every 10 requests)
[11:19:40] [434/445] RTOY
[11:19:41] [435/445] MENO
[11:19:43] [436/445] PUDM
[11:19:44] [437/445] PRCN
[11:19:44] [438/445] JMJR
[11:19:45] [439/445] SSGK
[11:19:46] [440/445] SSRL
[11:19:47] [441/445] JYKL
[11:19:48] [442/445] ACNB
[11:19:48] [443/445] SONP
[11:19:49] 🔄 Identity reset
[11:19:49] 🔄 Identity rotated (every 10 requests)
[11:19:49] [444/445] EMCI
[11:19:50] [445/445] MRJH
[11:19:51] 🧹 Deduping shows
[11:19:51] ✅ DONE | Shows=767 | Movies=62
