[03:44:25] 🚀 SCRIPT STARTED
[03:44:25] [1/459] NECA
[03:44:25] 🧠 New identity created
[03:44:26] [2/459] BJLC
[03:44:28] [3/459] BASU
[03:44:29] [4/459] RUPI
[03:44:30] [5/459] LCBK
[03:44:31] [6/459] PMAC
[03:44:32] [7/459] AMLC
[03:44:33] [8/459] LICL
[03:44:34] [9/459] UDMM
[03:44:35] [10/459] STBZ
[03:44:36] [11/459] UUBT
[03:44:36] [12/459] SJKC
[03:44:37] [13/459] TUAL
[03:44:38] [14/459] MRSE
[03:44:39] [15/459] RMRK
[03:44:40] [16/459] TTKP
[03:44:41] [17/459] KTKO
[03:44:42] [18/459] SDBK
[03:44:42] [19/459] MCPR
[03:44:43] [20/459] CHTI
[03:44:44] [21/459] GCCP
[03:44:45] [22/459] SRMY
[03:44:46] [23/459] NYST
[03:44:46] [24/459] NYAG
[03:44:48] [25/459] SBMT
[03:44:48] [26/459] INGA
[03:44:49] [27/459] WSIC
[03:44:50] [28/459] SCSS
[03:44:51] [29/459] COPG
[03:44:51] [30/459] RCGR
[03:44:53] [31/459] TCZA
[03:44:54] [32/459] CNLP
[03:44:56] [33/459] CLKN
[03:44:57] [34/459] LHDF
[03:44:58] [35/459] ELKC
[03:44:59] [36/459] VCEM
[03:45:00] [37/459] SSZA
[03:45:00] [38/459] KRMT
[03:45:01] [39/459] LCMV
[03:45:02] [40/459] AYCZ
[03:45:03] [41/459] CUMS
[03:45:03] [42/459] BOCK
[03:45:04] [43/459] PNMR
[03:45:05] [44/459] PJCP
[03:45:07] [45/459] JDDD
[03:45:08] [46/459] STMS
[03:45:10] [47/459] FLMB
[03:45:10] [48/459] PKCM
[03:45:11] [49/459] SPPR
[03:45:12] [50/459] EYLH
[03:45:13] [51/459] RJCC
[03:45:14] [52/459] MMPS
[03:45:14] [53/459] SHMX
[03:45:15] [54/459] CCNL
[03:45:16] [55/459] RCNV
[03:45:17] [56/459] MAAG
[03:45:18] [57/459] LXCM
[03:45:19] [58/459] RCNI
[03:45:20] [59/459] SNNI
[03:45:20] [60/459] LALC
[03:45:21] [61/459] SOCN
[03:45:22] [62/459] JHTP
[03:45:24] [63/459] PITP
[03:45:24] [64/459] CCKW
[03:45:26] [65/459] MCMC
[03:45:27] [66/459] DEES
[03:45:28] [67/459] SABT
[03:45:29] [68/459] VSPP
[03:45:30] [69/459] ABCT
[03:45:31] [70/459] JVTB
[03:45:32] [71/459] VCBD
[03:45:33] [72/459] RMGG
[03:45:33] [73/459] RNMH
[03:45:34] [74/459] SPGL
[03:45:35] [75/459] JTTR
[03:45:36] [76/459] SICS
[03:45:37] [77/459] SRMI
[03:45:38] [78/459] SSIJ
[03:45:39] [79/459] KFMT
[03:45:40] [80/459] VBIT
[03:45:41] [81/459] JKCT
[03:45:42] [82/459] GCGP
[03:45:43] [83/459] GDCS
[03:45:43] [84/459] TRBA
[03:45:44] [85/459] QUST
[03:45:45] [86/459] VSHM
[03:45:46] [87/459] SDCP
[03:45:47] [88/459] SNVS
[03:45:48] [89/459] NYTO
[03:45:50] [90/459] URWC
[03:45:51] [91/459] GTWH
[03:45:52] [92/459] PFCM
[03:45:53] [93/459] KRTA
[03:45:54] [94/459] AXMC
[03:45:55] [95/459] EVMC
[03:45:55] [96/459] HGSM
[03:45:56] [97/459] ACVM
[03:45:57] [98/459] PSKL
[03:45:58] [99/459] RDMP
[03:45:59] [100/459] RHGH
[03:46:00] [101/459] OMCM
[03:46:01] [102/459] DCCP
[03:46:02] [103/459] MCPB
[03:46:03] [104/459] ALCI
[03:46:04] [105/459] BLMX
[03:46:05] [106/459] BTMV
[03:46:06] [107/459] FVPN
[03:46:07] [108/459] CMAR
[03:46:08] [109/459] CEIM
[03:46:08] [110/459] CMVA
[03:46:10] [111/459] CPIV
[03:46:11] [112/459] CNPE
[03:46:12] [113/459] COLV
[03:46:14] [114/459] DNNV
[03:46:15] [115/459] HCAD
[03:46:16] [116/459] TAKA
[03:46:18] [117/459] INVD
[03:46:19] [118/459] IRMM
[03:46:20] [119/459] INSE
[03:46:21] [120/459] MRSW
[03:46:22] [121/459] MCVD
[03:46:23] [122/459] MCSO
[03:46:24] [123/459] PEVM
[03:46:25] [124/459] PVNL
[03:46:26] [125/459] PTCV
[03:46:27] [126/459] PRTC
[03:46:28] [127/459] RCVA
[03:46:28] [128/459] MTBN
[03:46:29] [129/459] LUCP
[03:46:30] [130/459] FMPT
[03:46:31] [131/459] JLSL
[03:46:32] [132/459] SBHA
[03:46:32] [133/459] SHRC
[03:46:33] [134/459] AVPS
[03:46:34] [135/459] STPM
[03:46:35] [136/459] ATRD
[03:46:36] [137/459] VTED
[03:46:38] [138/459] ACAI
[03:46:39] [139/459] SMAE
[03:46:40] [140/459] VMAT
[03:46:41] [141/459] LKCT
[03:46:42] [142/459] JTVK
[03:46:43] [143/459] PRTY
[03:46:44] [144/459] GETT
[03:46:45] [145/459] ESAP
[03:46:46] [146/459] NCPM
[03:46:46] [147/459] PCPA
[03:46:47] [148/459] MMOM
[03:46:48] [149/459] PHUP
[03:46:50] [150/459] CCPI
[03:46:51] [151/459] CNTD
[03:46:52] [152/459] NLJR
[03:46:52] [153/459] SRNG
[03:46:53] [154/459] MHAL
[03:46:54] [155/459] PNSM
[03:46:55] [156/459] DRMY
[03:46:56] [157/459] CCMU
[03:46:57] [158/459] SCMY
[03:46:58] [159/459] PVSY
[03:46:59] [160/459] SDLM
[03:47:00] [161/459] ICCM
[03:47:01] [162/459] PYSU
[03:47:02] [163/459] GATM
[03:47:03] [164/459] WOTM
[03:47:04] [165/459] RKTS
[03:47:04] [166/459] PMTY
[03:47:05] [167/459] LYMS
[03:47:06] [168/459] TGCA
[03:47:07] [169/459] DSTA
[03:47:09] [170/459] CNGE
[03:47:10] [171/459] VSTG
[03:47:10] [172/459] GTCK
[03:47:11] [173/459] TGNT
[03:47:12] [174/459] ASLC
[03:47:13] [175/459] SSST
[03:47:13] [176/459] KBTT
[03:47:14] [177/459] HKCP
[03:47:15] [178/459] SWLC
[03:47:16] [179/459] RTND
[03:47:18] [180/459] PKKT
[03:47:18] [181/459] HSTK
[03:47:19] [182/459] SPTT
[03:47:20] [183/459] IMPM
[03:47:21] [184/459] SCMV
[03:47:22] [185/459] SPCT
[03:47:23] [186/459] JBCA
[03:47:24] [187/459] ATTR
[03:47:25] [188/459] SPMT
[03:47:26] [189/459] LCTM
[03:47:26] [190/459] SCVL
[03:47:27] [191/459] SCVT
[03:47:28] [192/459] KRIC
[03:47:29] [193/459] CTMG
[03:47:30] [194/459] ACNC
[03:47:31] [195/459] DMCK
[03:47:32] [196/459] KMTV
[03:47:32] [197/459] PFCJ
[03:47:34] [198/459] VNMD
[03:47:35] [199/459] VPCZ
[03:47:35] [200/459] SRYR
[03:47:37] [201/459] SYTR
[03:47:38] [202/459] GATR
[03:47:40] [203/459] URTR
[03:47:41] [204/459] MKSM
[03:47:42] [205/459] VSMH
[03:47:43] [206/459] SKRJ
[03:47:43] [207/459] SSJR
[03:47:44] [208/459] SVSM
[03:47:45] [209/459] RUCM
[03:47:46] [210/459] PRKN
[03:47:47] [211/459] RROH
[03:47:47] [212/459] SCTN
[03:47:48] [213/459] RTDM
[03:47:49] [214/459] ASRM
[03:47:50] [215/459] SKMD
[03:47:50] [216/459] SUTD
[03:47:51] [217/459] SADM
[03:47:52] [218/459] WCNR
[03:47:53] [219/459] CNED
[03:47:53] [220/459] MPDB
[03:47:54] [221/459] KTBH
[03:47:56] [222/459] IDRM
[03:47:57] [223/459] PJJT
[03:47:57] [224/459] PFCV
[03:47:58] [225/459] AACT
[03:47:59] [226/459] AAAD
[03:48:00] [227/459] ANES
[03:48:01] [228/459] MNCA
[03:48:02] [229/459] RMGU
[03:48:03] [230/459] DLCN
[03:48:04] [231/459] LJWT
[03:48:05] [232/459] MCBG
[03:48:06] [233/459] MYBG
[03:48:06] [234/459] GCCA
[03:48:07] [235/459] GCGA
[03:48:08] [236/459] ECGN
[03:48:10] [237/459] PRAB
[03:48:11] [238/459] PNMP
[03:48:11] [239/459] GCPT
[03:48:13] [240/459] ROYN
[03:48:14] [241/459] VATM
[03:48:14] [242/459] KSNT
[03:48:15] [243/459] ACTC
[03:48:16] [244/459] PLTD
[03:48:17] [245/459] SKMK
[03:48:17] [246/459] CMTT
[03:48:18] [247/459] SMXP
[03:48:19] [248/459] SCMX
[03:48:20] [249/459] ACXN
[03:48:21] [250/459] ASWT
[03:48:21] [251/459] VVVL
[03:48:22] [252/459] NAGO
[03:48:23] [253/459] SNCN
[03:48:24] [254/459] MCKP
[03:48:25] [255/459] SAMO
[03:48:26] [256/459] JBTV
[03:48:27] [257/459] DCVV
[03:48:27] [258/459] KMSV
[03:48:29] [259/459] KDCN
[03:48:30] [260/459] CNCP
[03:48:31] [261/459] HAMC
[03:48:32] [262/459] CCVZ
[03:48:32] [263/459] NCCK
[03:48:33] [264/459] MCHR
[03:48:35] [265/459] SCHT
[03:48:35] [266/459] ESSH
[03:48:37] [267/459] CUJC
[03:48:38] [268/459] PECP
[03:48:39] [269/459] PMMI
[03:48:39] [270/459] PCCH
[03:48:40] [271/459] PRPM
[03:48:41] [272/459] PVKL
[03:48:42] [273/459] CBSM
[03:48:42] [274/459] PVCZ
[03:48:43] [275/459] PCVV
[03:48:44] [276/459] CTMJ
[03:48:45] [277/459] RCPS
[03:48:47] [278/459] PCIT
[03:48:48] [279/459] FNCH
[03:48:49] [280/459] INZD
[03:48:50] [281/459] INPC
[03:48:51] [282/459] LCZP
[03:48:51] [283/459] SMCB
[03:48:52] [284/459] PTSB
[03:48:54] [285/459] TPSI
[03:48:54] [286/459] KHMJ
[03:48:55] [287/459] RCCJ
[03:48:57] [288/459] NCJA
[03:48:58] [289/459] NCJN
[03:48:59] [290/459] BTDP
[03:49:00] [291/459] PADY
[03:49:00] [292/459] NYBH
[03:49:01] [293/459] MTBR
[03:49:02] [294/459] KRBC
[03:49:03] [295/459] DKTI
[03:49:03] [296/459] ANAN
[03:49:04] [297/459] INBP
[03:49:05] [298/459] PATB
[03:49:07] [299/459] RGNT
[03:49:07] [300/459] CGPM
[03:49:08] [301/459] INTN
[03:49:09] [302/459] MCMP
[03:49:10] [303/459] ASRG
[03:49:10] [304/459] CXJD
[03:49:11] [305/459] SPCP
[03:49:12] [306/459] CSTP
[03:49:13] [307/459] PKVC
[03:49:14] [308/459] ESCP
[03:49:15] [309/459] CAEP
[03:49:16] [310/459] CCSP
[03:49:16] [311/459] KTPC
[03:49:17] [312/459] DACA
[03:49:18] [313/459] NVKY
[03:49:19] [314/459] PTIN
[03:49:20] [315/459] SCIN
[03:49:21] [316/459] MCTY
[03:49:22] [317/459] PCMX
[03:49:24] [318/459] INIC
[03:49:24] [319/459] MMZM
[03:49:25] [320/459] SSLP
[03:49:26] [321/459] DTDT
[03:49:27] [322/459] FFCX
[03:49:28] [323/459] RCMM
[03:49:29] [324/459] KYID
[03:49:31] [325/459] CSCI
[03:49:31] [326/459] FCMC
[03:49:32] [327/459] MMXI
[03:49:33] [328/459] ASTC
[03:49:34] [329/459] CMRA
[03:49:35] [330/459] DICI
[03:49:37] [331/459] KDIN
[03:49:38] [332/459] PRFI
[03:49:40] [333/459] SVFC
[03:49:41] [334/459] UCPL
[03:49:42] [335/459] COOC
[03:49:43] [336/459] SCAL
[03:49:45] [337/459] SVFF
[03:49:45] [338/459] VCMG
[03:49:47] [339/459] UUCT
[03:49:48] [340/459] GCSE
[03:49:49] [341/459] SUSC
[03:49:49] [342/459] MISC
[03:49:51] [343/459] RMBL
[03:49:51] [344/459] CMXN
[03:49:52] [345/459] PVBK
[03:49:53] [346/459] HHCG
[03:49:55] [347/459] SCAG
[03:49:55] [348/459] CNPR
[03:49:56] [349/459] CSER
[03:49:57] [350/459] HLWD
[03:49:58] [351/459] BOLY
[03:49:59] [352/459] SSPG
[03:50:00] [353/459] MUPX
[03:50:01] [354/459] HAMR
[03:50:02] [355/459] SDNC
[03:50:03] [356/459] RTEN
[03:50:04] [357/459] SDTD
[03:50:04] [358/459] KAWS
[03:50:05] [359/459] CMZX
[03:50:06] [360/459] DCDD
[03:50:07] [361/459] ALSN
[03:50:07] [362/459] IMXS
[03:50:08] [363/459] PVFF
[03:50:09] [364/459] PVOO
[03:50:11] [365/459] CFBS
[03:50:12] [366/459] PVER
[03:50:14] [367/459] PPNX
[03:50:14] [368/459] CNRM
[03:50:16] [369/459] PVWW
[03:50:17] [370/459] INMB
[03:50:18] [371/459] CPJR
[03:50:19] [372/459] INRZ
[03:50:21] [373/459] PMSR
[03:50:22] [374/459] GPGM
[03:50:23] [375/459] PGWB
[03:50:25] [376/459] PMBR
[03:50:26] [377/459] GPAM
[03:50:27] [378/459] INBC
[03:50:28] [379/459] PZVK
[03:50:29] [380/459] CPEB
[03:50:29] [381/459] FMLB
[03:50:30] [382/459] INBG
[03:50:31] [383/459] GPBR
[03:50:32] [384/459] PAAS
[03:50:33] [385/459] VTBR
[03:50:33] [386/459] GPMY
[03:50:34] [387/459] GYBU
[03:50:35] [388/459] INBJ
[03:50:36] [389/459] LKTH
[03:50:37] [390/459] NSBR
[03:50:38] [391/459] PDRD
[03:50:40] [392/459] VRBL
[03:50:41] [393/459] VTGB
[03:50:42] [394/459] VTSK
[03:50:42] [395/459] BKDV
[03:50:44] [396/459] SVTB
[03:50:45] [397/459] MLDT
[03:50:46] [398/459] NRBL
[03:50:46] [399/459] SLTR
[03:50:47] [400/459] VNKA
[03:50:48] [401/459] TDCA
[03:50:49] [402/459] INBM
[03:50:50] [403/459] SSNR
[03:50:51] [404/459] BHAC
[03:50:52] [405/459] SDSD
[03:50:53] [406/459] SAMP
[03:50:54] [407/459] RATK
[03:50:55] [408/459] KCBI
[03:50:56] [409/459] URBL
[03:50:57] [410/459] MKBG
[03:50:58] [411/459] ASTB
[03:50:58] [412/459] VBWT
[03:50:59] [413/459] GPSM
[03:51:00] [414/459] ROON
[03:51:01] [415/459] CHTH
[03:51:01] [416/459] SSPA
[03:51:02] [417/459] ANBL
[03:51:03] [418/459] VTBE
[03:51:04] [419/459] SVKT
[03:51:05] [420/459] SVYK
[03:51:05] [421/459] PTBK
[03:51:06] [422/459] RKTB
[03:51:08] [423/459] BALT
[03:51:08] [424/459] STSV
[03:51:09] [425/459] VCCB
[03:51:10] [426/459] SLTB
[03:51:11] [427/459] SBCR
[03:51:12] [428/459] VDCS
[03:51:12] [429/459] MDKI
[03:51:13] [430/459] SMRN
[03:51:14] [431/459] PTBC
[03:51:15] [432/459] RADI
[03:51:16] [433/459] ADCR
[03:51:17] [434/459] SDCS
[03:51:17] [435/459] SRPJ
[03:51:18] [436/459] ARTS
[03:51:19] [437/459] SRHK
[03:51:21] [438/459] SPAY
[03:51:21] [439/459] GPTB
[03:51:22] [440/459] SNNN
[03:51:23] [441/459] BALJ
[03:51:24] [442/459] TRIG
[03:51:26] [443/459] GTYT
[03:51:26] [444/459] ATGN
[03:51:28] [445/459] ANTE
[03:51:29] [446/459] BDCG
[03:51:30] [447/459] VECI
[03:51:31] [448/459] SCPR
[03:51:32] [449/459] RTEA
[03:51:32] [450/459] JSAI
[03:51:33] [451/459] VJTP
[03:51:34] [452/459] GNDS
[03:51:36] [453/459] PAXA
[03:51:36] [454/459] CGGM
[03:51:37] [455/459] ACKZ
[03:51:38] [456/459] EMCC
[03:51:39] [457/459] KLSK
[03:51:39] [458/459] AVCK
[03:51:40] [459/459] JTCK
[03:51:41] 🧹 Deduping shows
[03:51:41] ✅ DONE | Shows=781 | Movies=60
[11:12:52] 🚀 SCRIPT STARTED
[11:12:52] [1/459] NECA
[11:12:52] 🧠 New identity created
[11:12:53] [2/459] BJLC
[11:12:54] [3/459] BASU
[11:12:55] [4/459] RUPI
[11:12:55] [5/459] LCBK
[11:12:56] [6/459] PMAC
[11:12:57] [7/459] AMLC
[11:12:58] [8/459] LICL
[11:12:59] [9/459] UDMM
[11:13:00] [10/459] STBZ
[11:13:00] [11/459] UUBT
[11:13:01] [12/459] SJKC
[11:13:02] [13/459] TUAL
[11:13:02] [14/459] MRSE
[11:13:03] [15/459] RMRK
[11:13:03] [16/459] TTKP
[11:13:04] [17/459] KTKO
[11:13:05] [18/459] SDBK
[11:13:05] [19/459] MCPR
[11:13:06] [20/459] CHTI
[11:13:07] [21/459] GCCP
[11:13:08] [22/459] SRMY
[11:13:08] [23/459] NYST
[11:13:09] [24/459] NYAG
[11:13:10] [25/459] SBMT
[11:13:11] [26/459] INGA
[11:13:11] [27/459] WSIC
[11:13:12] [28/459] SCSS
[11:13:12] [29/459] COPG
[11:13:13] [30/459] RCGR
[11:13:14] [31/459] TCZA
[11:13:14] [32/459] CNLP
[11:13:15] [33/459] CLKN
[11:13:16] [34/459] LHDF
[11:13:16] [35/459] ELKC
[11:13:17] [36/459] VCEM
[11:13:18] [37/459] SSZA
[11:13:18] [38/459] KRMT
[11:13:19] [39/459] LCMV
[11:13:20] [40/459] AYCZ
[11:13:21] [41/459] CUMS
[11:13:22] [42/459] BOCK
[11:13:23] [43/459] PNMR
[11:13:23] [44/459] PJCP
[11:13:24] [45/459] JDDD
[11:13:24] [46/459] STMS
[11:13:25] [47/459] FLMB
[11:13:26] [48/459] PKCM
[11:13:27] [49/459] SPPR
[11:13:27] [50/459] EYLH
[11:13:28] [51/459] RJCC
[11:13:28] [52/459] MMPS
[11:13:29] [53/459] SHMX
[11:13:29] [54/459] CCNL
[11:13:31] [55/459] RCNV
[11:13:31] [56/459] MAAG
[11:13:33] [57/459] LXCM
[11:13:34] [58/459] RCNI
[11:13:35] [59/459] SNNI
[11:13:36] [60/459] LALC
[11:13:37] [61/459] SOCN
[11:13:37] [62/459] JHTP
[11:13:38] [63/459] PITP
[11:13:39] [64/459] CCKW
[11:13:39] [65/459] MCMC
[11:13:41] [66/459] DEES
[11:13:42] [67/459] SABT
[11:13:42] [68/459] VSPP
[11:13:43] [69/459] ABCT
[11:13:44] [70/459] JVTB
[11:13:45] [71/459] VCBD
[11:13:45] [72/459] RMGG
[11:13:46] [73/459] RNMH
[11:13:46] [74/459] SPGL
[11:13:47] [75/459] JTTR
[11:13:48] [76/459] SICS
[11:13:48] [77/459] SRMI
[11:13:49] [78/459] SSIJ
[11:13:50] [79/459] KFMT
[11:13:51] [80/459] VBIT
[11:13:52] [81/459] JKCT
[11:13:52] [82/459] GCGP
[11:13:53] [83/459] GDCS
[11:13:54] [84/459] TRBA
[11:13:54] [85/459] QUST
[11:13:55] [86/459] VSHM
[11:13:56] [87/459] SDCP
[11:13:57] [88/459] SNVS
[11:13:57] [89/459] NYTO
[11:13:58] [90/459] URWC
[11:13:59] [91/459] GTWH
[11:14:00] [92/459] PFCM
[11:14:00] [93/459] KRTA
[11:14:01] [94/459] AXMC
[11:14:02] [95/459] EVMC
[11:14:03] [96/459] HGSM
[11:14:04] [97/459] ACVM
[11:14:05] [98/459] PSKL
[11:14:06] [99/459] RDMP
[11:14:06] [100/459] RHGH
[11:14:07] [101/459] OMCM
[11:14:08] [102/459] DCCP
[11:14:09] [103/459] MCPB
[11:14:10] [104/459] ALCI
[11:14:10] [105/459] BLMX
[11:14:11] [106/459] BTMV
[11:14:12] [107/459] FVPN
[11:14:13] [108/459] CMAR
[11:14:14] [109/459] CEIM
[11:14:14] [110/459] CMVA
[11:14:15] [111/459] CPIV
[11:14:16] [112/459] CNPE
[11:14:17] [113/459] COLV
[11:14:17] [114/459] DNNV
[11:14:18] [115/459] HCAD
[11:14:19] [116/459] TAKA
[11:14:19] [117/459] INVD
[11:14:20] [118/459] IRMM
[11:14:22] [119/459] INSE
[11:14:23] [120/459] MRSW
[11:14:23] [121/459] MCVD
[11:14:24] [122/459] MCSO
[11:14:25] [123/459] PEVM
[11:14:25] [124/459] PVNL
[11:14:26] [125/459] PTCV
[11:14:27] [126/459] PRTC
[11:14:27] [127/459] RCVA
[11:14:28] [128/459] MTBN
[11:14:29] [129/459] LUCP
[11:14:29] [130/459] FMPT
[11:14:30] [131/459] JLSL
[11:14:31] [132/459] SBHA
[11:14:32] [133/459] SHRC
[11:14:32] [134/459] AVPS
[11:14:33] [135/459] STPM
[11:14:33] [136/459] ATRD
[11:14:34] [137/459] VTED
[11:14:35] [138/459] ACAI
[11:14:36] [139/459] SMAE
[11:14:36] [140/459] VMAT
[11:14:37] [141/459] LKCT
[11:14:37] [142/459] JTVK
[11:14:38] [143/459] PRTY
[11:14:39] [144/459] GETT
[11:14:39] [145/459] ESAP
[11:14:40] [146/459] NCPM
[11:14:41] [147/459] PCPA
[11:14:42] [148/459] MMOM
[11:14:42] [149/459] PHUP
[11:14:43] [150/459] CCPI
[11:14:44] [151/459] CNTD
[11:14:45] [152/459] NLJR
[11:14:46] [153/459] SRNG
[11:14:46] [154/459] MHAL
[11:14:47] [155/459] PNSM
[11:14:48] [156/459] DRMY
[11:14:49] [157/459] CCMU
[11:14:49] [158/459] SCMY
[11:14:50] [159/459] PVSY
[11:14:50] [160/459] SDLM
[11:14:51] [161/459] ICCM
[11:14:52] [162/459] PYSU
[11:14:53] [163/459] GATM
[11:14:54] [164/459] WOTM
[11:14:55] [165/459] RKTS
[11:14:56] [166/459] PMTY
[11:14:57] [167/459] LYMS
[11:14:58] [168/459] TGCA
[11:14:58] [169/459] DSTA
[11:14:59] [170/459] CNGE
[11:15:00] [171/459] VSTG
[11:15:01] [172/459] GTCK
[11:15:02] [173/459] TGNT
[11:15:02] [174/459] ASLC
[11:15:03] [175/459] SSST
[11:15:04] [176/459] KBTT
[11:15:05] [177/459] HKCP
[11:15:06] [178/459] SWLC
[11:15:07] [179/459] RTND
[11:15:08] [180/459] PKKT
[11:15:09] [181/459] HSTK
[11:15:10] [182/459] SPTT
[11:15:10] [183/459] IMPM
[11:15:11] [184/459] SCMV
[11:15:12] [185/459] SPCT
[11:15:13] [186/459] JBCA
[11:15:14] [187/459] ATTR
[11:15:14] [188/459] SPMT
[11:15:15] [189/459] LCTM
[11:15:16] [190/459] SCVL
[11:15:16] [191/459] SCVT
[11:15:18] [192/459] KRIC
[11:15:19] [193/459] CTMG
[11:15:20] [194/459] ACNC
[11:15:21] [195/459] DMCK
[11:15:22] [196/459] KMTV
[11:15:23] [197/459] PFCJ
[11:15:24] [198/459] VNMD
[11:15:24] [199/459] VPCZ
[11:15:25] [200/459] SRYR
[11:15:26] [201/459] SYTR
[11:15:26] [202/459] GATR
[11:15:27] [203/459] URTR
[11:15:28] [204/459] MKSM
[11:15:28] [205/459] VSMH
[11:15:29] [206/459] SKRJ
[11:15:30] [207/459] SSJR
[11:15:30] [208/459] SVSM
[11:15:31] [209/459] RUCM
[11:15:31] [210/459] PRKN
[11:15:32] [211/459] RROH
[11:15:33] [212/459] SCTN
[11:15:34] [213/459] RTDM
[11:15:34] [214/459] ASRM
[11:15:35] [215/459] SKMD
[11:15:36] [216/459] SUTD
[11:15:37] [217/459] SADM
[11:15:37] [218/459] WCNR
[11:15:38] [219/459] CNED
[11:15:38] [220/459] MPDB
[11:15:40] [221/459] KTBH
[11:15:40] [222/459] IDRM
[11:15:41] [223/459] PJJT
[11:15:42] [224/459] PFCV
[11:15:43] [225/459] AACT
[11:15:44] [226/459] AAAD
[11:15:45] [227/459] ANES
[11:15:45] [228/459] MNCA
[11:15:46] [229/459] RMGU
[11:15:47] [230/459] DLCN
[11:15:48] [231/459] LJWT
[11:15:48] [232/459] MCBG
[11:15:49] [233/459] MYBG
[11:15:50] [234/459] GCCA
[11:15:51] [235/459] GCGA
[11:15:52] [236/459] ECGN
[11:15:53] [237/459] PRAB
[11:15:54] [238/459] PNMP
[11:15:55] [239/459] GCPT
[11:15:56] [240/459] ROYN
[11:15:57] [241/459] VATM
[11:15:57] [242/459] KSNT
[11:15:58] [243/459] ACTC
[11:15:59] [244/459] PLTD
[11:16:00] [245/459] SKMK
[11:16:01] [246/459] CMTT
[11:16:02] [247/459] SMXP
[11:16:03] [248/459] SCMX
[11:16:04] [249/459] ACXN
[11:16:05] [250/459] ASWT
[11:16:06] [251/459] VVVL
[11:16:06] [252/459] NAGO
[11:16:07] [253/459] SNCN
[11:16:08] [254/459] MCKP
[11:16:09] [255/459] SAMO
[11:16:10] [256/459] JBTV
[11:16:11] [257/459] DCVV
[11:16:11] [258/459] KMSV
[11:16:12] [259/459] KDCN
[11:16:13] [260/459] CNCP
[11:16:14] [261/459] HAMC
[11:16:15] [262/459] CCVZ
[11:16:16] [263/459] NCCK
[11:16:17] [264/459] MCHR
[11:16:18] [265/459] SCHT
[11:16:19] [266/459] ESSH
[11:16:20] [267/459] CUJC
[11:16:20] [268/459] PECP
[11:16:21] [269/459] PMMI
[11:16:22] [270/459] PCCH
[11:16:23] [271/459] PRPM
[11:16:24] [272/459] PVKL
[11:16:24] [273/459] CBSM
[11:16:25] [274/459] PVCZ
[11:16:26] [275/459] PCVV
[11:16:27] [276/459] CTMJ
[11:16:28] [277/459] RCPS
[11:16:28] [278/459] PCIT
[11:16:29] [279/459] FNCH
[11:16:30] [280/459] INZD
[11:16:31] [281/459] INPC
[11:16:32] [282/459] LCZP
[11:16:33] [283/459] SMCB
[11:16:34] [284/459] PTSB
[11:16:35] [285/459] TPSI
[11:16:36] [286/459] KHMJ
[11:16:36] [287/459] RCCJ
[11:16:38] [288/459] NCJA
[11:16:38] [289/459] NCJN
[11:16:39] [290/459] BTDP
[11:16:39] [291/459] PADY
[11:16:40] [292/459] NYBH
[11:16:41] [293/459] MTBR
[11:16:42] [294/459] KRBC
[11:16:42] [295/459] DKTI
[11:16:43] [296/459] ANAN
[11:16:44] [297/459] INBP
[11:16:44] [298/459] PATB
[11:16:45] [299/459] RGNT
[11:16:46] [300/459] CGPM
[11:16:47] [301/459] INTN
[11:16:48] [302/459] MCMP
[11:16:48] [303/459] ASRG
[11:16:49] [304/459] CXJD
[11:16:50] [305/459] SPCP
[11:16:51] [306/459] CSTP
[11:16:52] [307/459] PKVC
[11:16:53] [308/459] ESCP
[11:16:53] [309/459] CAEP
[11:16:54] [310/459] CCSP
[11:16:55] [311/459] KTPC
[11:16:56] [312/459] DACA
[11:16:56] [313/459] NVKY
[11:16:57] [314/459] PTIN
[11:16:59] [315/459] SCIN
[11:16:59] [316/459] MCTY
[11:17:00] [317/459] PCMX
[11:17:02] [318/459] INIC
[11:17:03] [319/459] MMZM
[11:17:03] [320/459] SSLP
[11:17:04] [321/459] DTDT
[11:17:05] [322/459] FFCX
[11:17:06] [323/459] RCMM
[11:17:06] [324/459] KYID
[11:17:07] [325/459] CSCI
[11:17:08] [326/459] FCMC
[11:17:09] [327/459] MMXI
[11:17:10] [328/459] ASTC
[11:17:10] [329/459] CMRA
[11:17:12] [330/459] DICI
[11:17:13] [331/459] KDIN
[11:17:14] [332/459] PRFI
[11:17:15] [333/459] SVFC
[11:17:16] [334/459] UCPL
[11:17:16] [335/459] COOC
[11:17:17] [336/459] SCAL
[11:17:19] [337/459] SVFF
[11:17:19] [338/459] VCMG
[11:17:20] [339/459] UUCT
[11:17:21] [340/459] GCSE
[11:17:21] [341/459] SUSC
[11:17:22] [342/459] MISC
[11:17:23] [343/459] RMBL
[11:17:24] [344/459] CMXN
[11:17:24] [345/459] PVBK
[11:17:26] [346/459] HHCG
[11:17:26] [347/459] SCAG
[11:17:27] [348/459] CNPR
[11:17:28] [349/459] CSER
[11:17:29] [350/459] HLWD
[11:17:30] [351/459] BOLY
[11:17:30] [352/459] SSPG
[11:17:31] [353/459] MUPX
[11:17:32] [354/459] HAMR
[11:17:33] [355/459] SDNC
[11:17:33] [356/459] RTEN
[11:17:34] [357/459] SDTD
[11:17:35] [358/459] KAWS
[11:17:35] [359/459] CMZX
[11:17:36] [360/459] DCDD
[11:17:37] [361/459] ALSN
[11:17:38] [362/459] IMXS
[11:17:38] [363/459] PVFF
[11:17:39] [364/459] PVOO
[11:17:40] [365/459] CFBS
[11:17:41] [366/459] PVER
[11:17:42] [367/459] PPNX
[11:17:43] [368/459] CNRM
[11:17:44] [369/459] PVWW
[11:17:44] [370/459] INMB
[11:17:45] [371/459] CPJR
[11:17:46] [372/459] INRZ
[11:17:47] [373/459] PMSR
[11:17:48] [374/459] GPGM
[11:17:49] [375/459] PGWB
[11:17:49] [376/459] PMBR
[11:17:51] [377/459] GPAM
[11:17:52] [378/459] INBC
[11:17:53] [379/459] PZVK
[11:17:54] [380/459] CPEB
[11:17:55] [381/459] FMLB
[11:17:56] [382/459] INBG
[11:17:57] [383/459] GPBR
[11:17:57] [384/459] PAAS
[11:17:58] [385/459] VTBR
[11:17:59] [386/459] GPMY
[11:18:00] [387/459] GYBU
[11:18:01] [388/459] INBJ
[11:18:01] [389/459] LKTH
[11:18:02] [390/459] NSBR
[11:18:04] [391/459] PDRD
[11:18:04] [392/459] VRBL
[11:18:05] [393/459] VTGB
[11:18:06] [394/459] VTSK
[11:18:06] [395/459] BKDV
[11:18:07] [396/459] SVTB
[11:18:08] [397/459] MLDT
[11:18:09] [398/459] NRBL
[11:18:10] [399/459] SLTR
[11:18:10] [400/459] VNKA
[11:18:11] [401/459] TDCA
[11:18:12] [402/459] INBM
[11:18:13] [403/459] SSNR
[11:18:14] [404/459] BHAC
[11:18:14] [405/459] SDSD
[11:18:16] [406/459] SAMP
[11:18:17] [407/459] RATK
[11:18:18] [408/459] KCBI
[11:18:18] [409/459] URBL
[11:18:19] [410/459] MKBG
[11:18:20] [411/459] ASTB
[11:18:20] [412/459] VBWT
[11:18:21] [413/459] GPSM
[11:18:22] [414/459] ROON
[11:18:22] [415/459] CHTH
[11:18:23] [416/459] SSPA
[11:18:24] [417/459] ANBL
[11:18:25] [418/459] VTBE
[11:18:26] [419/459] SVKT
[11:18:27] [420/459] SVYK
[11:18:28] [421/459] PTBK
[11:18:29] [422/459] RKTB
[11:18:30] [423/459] BALT
[11:18:30] [424/459] STSV
[11:18:31] [425/459] VCCB
[11:18:32] [426/459] SLTB
[11:18:34] [427/459] SBCR
[11:18:34] [428/459] VDCS
[11:18:36] [429/459] MDKI
[11:18:36] [430/459] SMRN
[11:18:37] [431/459] PTBC
[11:18:38] [432/459] RADI
[11:18:38] [433/459] ADCR
[11:18:40] [434/459] SDCS
[11:18:40] [435/459] SRPJ
[11:18:41] [436/459] ARTS
[11:18:42] [437/459] SRHK
[11:18:43] [438/459] SPAY
[11:18:43] [439/459] GPTB
[11:18:44] [440/459] SNNN
[11:18:45] [441/459] BALJ
[11:18:46] [442/459] TRIG
[11:18:47] [443/459] GTYT
[11:18:47] [444/459] ATGN
[11:18:48] [445/459] ANTE
[11:18:49] [446/459] BDCG
[11:18:50] [447/459] VECI
[11:18:51] [448/459] SCPR
[11:18:51] [449/459] RTEA
[11:18:52] [450/459] JSAI
[11:18:53] [451/459] VJTP
[11:18:54] [452/459] GNDS
[11:18:55] [453/459] PAXA
[11:18:56] [454/459] CGGM
[11:18:57] [455/459] ACKZ
[11:18:57] [456/459] EMCC
[11:18:58] [457/459] KLSK
[11:18:59] [458/459] AVCK
[11:19:00] [459/459] JTCK
[11:19:01] 🧹 Deduping shows
[11:19:01] ✅ DONE | Shows=804 | Movies=61
