[03:44:14] 🚀 SCRIPT STARTED (enhanced anti‑detection)
[03:44:14] [1/458] MBDC
[03:44:15] 🧠 New identity created
[03:44:15] 🔄 Retry 1/5 for MBDC in 2.1s
[03:44:15] 🔄 Identity reset
[03:44:17] 🧠 New identity created
[03:44:17] 🔄 Retry 2/5 for MBDC in 4.0s
[03:44:17] 🔄 Identity reset
[03:44:21] 🧠 New identity created
[03:44:22] [2/458] CHKM
[03:44:22] [3/458] JTKZ
[03:44:23] [4/458] CMCT
[03:44:24] [5/458] ASHO
[03:44:25] [6/458] ECDG
[03:44:26] [7/458] SPAT
[03:44:27] [8/458] HILC
[03:44:28] 🔄 Identity reset
[03:44:28] 🔄 Identity rotated (every 10 requests)
[03:44:28] [9/458] SPPH
[03:44:29] [10/458] SBHN
[03:44:30] [11/458] RRCA
[03:44:31] [12/458] APAA
[03:44:32] [13/458] RAME
[03:44:34] [14/458] TMMS
[03:44:35] [15/458] BATK
[03:44:36] [16/458] LKOP
[03:44:37] [17/458] AMTT
[03:44:38] [18/458] PTGK
[03:44:39] 🔄 Identity reset
[03:44:39] 🔄 Identity rotated (every 10 requests)
[03:44:39] [19/458] ANRS
[03:44:40] [20/458] VWBW
[03:44:41] [21/458] SVFG
[03:44:42] [22/458] STAT
[03:44:43] [23/458] GDCV
[03:44:44] [24/458] VEBI
[03:44:45] [25/458] VDSS
[03:44:46] [26/458] NTHV
[03:44:47] [27/458] AOCH
[03:44:48] [28/458] KASR
[03:44:48] 🔄 Identity reset
[03:44:48] 🔄 Identity rotated (every 10 requests)
[03:44:49] [29/458] AYCS
[03:44:50] [30/458] SHAI
[03:44:51] [31/458] SKPE
[03:44:51] [32/458] SBTA
[03:44:52] [33/458] RTTD
[03:44:53] [34/458] CCJD
[03:44:54] [35/458] RSJJ
[03:44:55] [36/458] RKND
[03:44:57] [37/458] SVTX
[03:44:57] [38/458] BAKM
[03:44:58] 🔄 Identity reset
[03:44:58] 🔄 Identity rotated (every 10 requests)
[03:44:58] [39/458] SVDC
[03:45:00] [40/458] MNCV
[03:45:00] [41/458] SJGC
[03:45:01] [42/458] MTPK
[03:45:02] [43/458] GATP
[03:45:03] [44/458] ABTS
[03:45:04] [45/458] ABDE
[03:45:05] [46/458] RCNM
[03:45:06] [47/458] KTHV
[03:45:07] [48/458] MDGJ
[03:45:08] 🔄 Identity reset
[03:45:08] 🔄 Identity rotated (every 10 requests)
[03:45:08] [49/458] SMLM
[03:45:09] [50/458] JTMA
[03:45:10] [51/458] ACKP
[03:45:11] [52/458] SRTA
[03:45:12] [53/458] STAY
[03:45:13] [54/458] MAVO
[03:45:14] [55/458] APTS
[03:45:14] [56/458] OMEA
[03:45:15] [57/458] TTFD
[03:45:16] [58/458] MJCU
[03:45:17] 🔄 Identity reset
[03:45:17] 🔄 Identity rotated (every 10 requests)
[03:45:17] [59/458] CXTE
[03:45:19] [60/458] CTPX
[03:45:20] [61/458] ASSL
[03:45:21] [62/458] CMVB
[03:45:22] [63/458] VPUR
[03:45:23] [64/458] JJDA
[03:45:24] [65/458] INBL
[03:45:25] [66/458] BIKB
[03:45:25] [67/458] NTBB
[03:45:26] [68/458] GLOB
[03:45:27] 🔄 Identity reset
[03:45:27] 🔄 Identity rotated (every 10 requests)
[03:45:27] [69/458] SNTB
[03:45:28] [70/458] CHGV
[03:45:29] [71/458] SSBZ
[03:45:30] [72/458] PRDB
[03:45:31] [73/458] ISMT
[03:45:32] [74/458] MCSD
[03:45:33] [75/458] JBTT
[03:45:34] [76/458] GEKR
[03:45:35] [77/458] PVUN
[03:45:35] [78/458] NRTB
[03:45:36] 🔄 Identity reset
[03:45:36] 🔄 Identity rotated (every 10 requests)
[03:45:36] [79/458] PRAA
[03:45:37] [80/458] PCBL
[03:45:38] [81/458] PTCM
[03:45:39] [82/458] KHNN
[03:45:40] [83/458] OMJE
[03:45:41] [84/458] STGN
[03:45:42] [85/458] RPMS
[03:45:44] [86/458] NWAD
[03:45:45] [87/458] BLCK
[03:45:46] [88/458] SVAA
[03:45:47] 🔄 Identity reset
[03:45:47] 🔄 Identity rotated (every 10 requests)
[03:45:47] [89/458] URVM
[03:45:50] [90/458] ANTM
[03:45:51] [91/458] VJYM
[03:45:52] [92/458] MAZZ
[03:45:52] [93/458] CSHM
[03:45:54] [94/458] WGMH
[03:45:56] [95/458] SALN
[03:45:57] [96/458] BRTP
[03:45:58] [97/458] SVTA
[03:45:59] [98/458] SBTP
[03:46:00] 🔄 Identity reset
[03:46:00] 🔄 Identity rotated (every 10 requests)
[03:46:00] [99/458] VLSS
[03:46:01] [100/458] SRJA
[03:46:02] [101/458] ANCG
[03:46:03] [102/458] CGGC
[03:46:04] [103/458] CRJA
[03:46:05] [104/458] USCR
[03:46:06] [105/458] MMEF
[03:46:07] [106/458] JCRJ
[03:46:08] [107/458] ADCM
[03:46:09] [108/458] BMYK
[03:46:10] 🔄 Identity reset
[03:46:10] 🔄 Identity rotated (every 10 requests)
[03:46:10] [109/458] KICS
[03:46:11] [110/458] MBBT
[03:46:12] [111/458] MACK
[03:46:14] [112/458] CLDR
[03:46:15] [113/458] JYCR
[03:46:16] [114/458] DCRP
[03:46:17] [115/458] RAHT
[03:46:18] [116/458] CSSM
[03:46:19] [117/458] ATPK
[03:46:20] [118/458] KLRT
[03:46:20] 🔄 Identity reset
[03:46:20] 🔄 Identity rotated (every 10 requests)
[03:46:21] [119/458] SRDD
[03:46:22] [120/458] CKMC
[03:46:22] [121/458] KRVM
[03:46:23] [122/458] AKCP
[03:46:24] [123/458] CNCV
[03:46:25] [124/458] PACT
[03:46:26] [125/458] NATP
[03:46:27] [126/458] PCPK
[03:46:28] [127/458] SMHO
[03:46:29] [128/458] CWTK
[03:46:30] 🔄 Identity reset
[03:46:30] 🔄 Identity rotated (every 10 requests)
[03:46:30] 🔄 Retry 1/5 for CWTK in 2.1s
[03:46:30] 🔄 Identity reset
[03:46:32] 🧠 New identity created
[03:46:32] 🔄 Retry 2/5 for CWTK in 4.1s
[03:46:32] 🔄 Identity reset
[03:46:36] 🧠 New identity created
[03:46:37] [129/458] RVKZ
[03:46:38] [130/458] ASPD
[03:46:39] [131/458] VTKZ
[03:46:40] [132/458] LCSO
[03:46:41] [133/458] PRDY
[03:46:42] [134/458] RCAP
[03:46:43] [135/458] RGAR
[03:46:45] [136/458] RCAC
[03:46:45] 🔄 Identity reset
[03:46:45] 🔄 Identity rotated (every 10 requests)
[03:46:46] [137/458] PMOD
[03:46:46] [138/458] PVCN
[03:46:47] [139/458] SCRZ
[03:46:48] [140/458] PVPC
[03:46:49] [141/458] STID
[03:46:50] [142/458] NEDD
[03:46:51] [143/458] BNBA
[03:46:52] [144/458] NTCD
[03:46:53] [145/458] OCDE
[03:46:54] [146/458] CCDU
[03:46:55] 🔄 Identity reset
[03:46:55] 🔄 Identity rotated (every 10 requests)
[03:46:56] [147/458] CRXH
[03:46:57] [148/458] VLVT
[03:46:58] [149/458] CICI
[03:46:58] [150/458] SUCB
[03:47:00] [151/458] TCBP
[03:47:01] [152/458] SCCY
[03:47:01] [153/458] LXCY
[03:47:02] [154/458] NCMD
[03:47:03] [155/458] PHCS
[03:47:04] [156/458] DUXR
[03:47:05] 🔄 Identity reset
[03:47:05] 🔄 Identity rotated (every 10 requests)
[03:47:05] [157/458] VNKS
[03:47:06] [158/458] SEDP
[03:47:07] [159/458] SVEN
[03:47:08] [160/458] SRKM
[03:47:09] [161/458] JTLT
[03:47:09] [162/458] SVSS
[03:47:10] [163/458] AMDE
[03:47:11] [164/458] WVRN
[03:47:12] [165/458] ISMG
[03:47:13] [166/458] WVKS
[03:47:14] 🔄 Identity reset
[03:47:14] 🔄 Identity rotated (every 10 requests)
[03:47:14] 🔄 Retry 1/5 for WVKS in 2.6s
[03:47:14] 🔄 Identity reset
[03:47:16] 🧠 New identity created
[03:47:17] [167/458] USCG
[03:47:17] [168/458] IOTG
[03:47:18] [169/458] RRJM
[03:47:19] [170/458] EDMP
[03:47:20] [171/458] SCGZ
[03:47:21] [172/458] GMGX
[03:47:22] [173/458] OMTP
[03:47:23] [174/458] MITD
[03:47:24] [175/458] SMMD
[03:47:24] 🔄 Identity reset
[03:47:24] 🔄 Identity rotated (every 10 requests)
[03:47:25] [176/458] STML
[03:47:26] [177/458] MCFS
[03:47:26] [178/458] FPKA
[03:47:27] [179/458] OMLR
[03:47:29] [180/458] KKSC
[03:47:30] [181/458] RVMA
[03:47:31] [182/458] SCLL
[03:47:32] [183/458] SCDK
[03:47:33] [184/458] SXMI
[03:47:33] [185/458] SHDN
[03:47:34] 🔄 Identity reset
[03:47:34] 🔄 Identity rotated (every 10 requests)
[03:47:34] [186/458] PAAD
[03:47:35] [187/458] UUCB
[03:47:36] [188/458] JHOL
[03:47:37] [189/458] SGWT
[03:47:39] [190/458] SRII
[03:47:40] [191/458] SGCK
[03:47:41] [192/458] SVVB
[03:47:41] [193/458] DMHA
[03:47:42] [194/458] PPNL
[03:47:43] [195/458] CPNL
[03:47:43] 🔄 Identity reset
[03:47:43] 🔄 Identity rotated (every 10 requests)
[03:47:44] [196/458] WVLD
[03:47:45] [197/458] PSLV
[03:47:45] [198/458] VTTL
[03:47:46] [199/458] NPAD
[03:47:47] [200/458] PVCS
[03:47:49] [201/458] MCHL
[03:47:50] [202/458] PPLL
[03:47:51] [203/458] MALO
[03:47:52] [204/458] SWBH
[03:47:52] [205/458] PUGB
[03:47:53] 🔄 Identity reset
[03:47:53] 🔄 Identity rotated (every 10 requests)
[03:47:54] [206/458] INBB
[03:47:54] [207/458] INNS
[03:47:55] [208/458] MCPT
[03:47:57] [209/458] SCMI
[03:47:59] [210/458] OCON
[03:48:00] [211/458] SCSM
[03:48:01] [212/458] RJVN
[03:48:02] [213/458] AMDK
[03:48:03] [214/458] ISMR
[03:48:04] [215/458] SMTD
[03:48:04] 🔄 Identity reset
[03:48:04] 🔄 Identity rotated (every 10 requests)
[03:48:06] [216/458] VTDD
[03:48:06] [217/458] PDDZ
[03:48:08] [218/458] PCCK
[03:48:09] [219/458] INAM
[03:48:10] [220/458] FNKT
[03:48:10] [221/458] GDKA
[03:48:11] [222/458] MAYU
[03:48:13] [223/458] TCGU
[03:48:15] [224/458] KDCA
[03:48:16] [225/458] DOMY
[03:48:17] 🔄 Identity reset
[03:48:17] 🔄 Identity rotated (every 10 requests)
[03:48:17] [226/458] PDDD
[03:48:18] [227/458] BJTS
[03:48:19] [228/458] VTCA
[03:48:20] [229/458] SBTM
[03:48:21] [230/458] SEET
[03:48:21] [231/458] SSTJ
[03:48:23] [232/458] SVNT
[03:48:24] [233/458] PPPR
[03:48:25] [234/458] PVYS
[03:48:26] [235/458] IOSE
[03:48:27] 🔄 Identity reset
[03:48:27] 🔄 Identity rotated (every 10 requests)
[03:48:27] [236/458] ACTV
[03:48:28] [237/458] APVE
[03:48:30] [238/458] TCCL
[03:48:31] [239/458] SCMO
[03:48:32] [240/458] SAUM
[03:48:33] [241/458] KCJS
[03:48:35] [242/458] NJCJ
[03:48:36] [243/458] NECF
[03:48:37] [244/458] CCGW
[03:48:38] [245/458] CCMG
[03:48:39] 🔄 Identity reset
[03:48:39] 🔄 Identity rotated (every 10 requests)
[03:48:39] [246/458] NYRG
[03:48:40] [247/458] NCSQ
[03:48:41] [248/458] GRCG
[03:48:42] [249/458] CCBT
[03:48:43] [250/458] ACGA
[03:48:44] [251/458] INAG
[03:48:45] [252/458] FUCG
[03:48:46] [253/458] AICF
[03:48:47] [254/458] GRGA
[03:48:48] [255/458] GDCN
[03:48:49] 🔄 Identity reset
[03:48:49] 🔄 Identity rotated (every 10 requests)
[03:48:49] [256/458] RRCG
[03:48:50] [257/458] SDCH
[03:48:51] [258/458] WVJM
[03:48:52] [259/458] JCCZ
[03:48:54] [260/458] CNCL
[03:48:55] [261/458] TMLV
[03:48:56] [262/458] MEMB
[03:48:57] [263/458] SGTD
[03:48:58] [264/458] CONX
[03:48:59] [265/458] CCMH
[03:49:00] 🔄 Identity reset
[03:49:00] 🔄 Identity rotated (every 10 requests)
[03:49:00] [266/458] ACMC
[03:49:01] [267/458] DTPD
[03:49:03] [268/458] POJA
[03:49:04] [269/458] FNBH
[03:49:04] [270/458] CGCB
[03:49:05] [271/458] RACN
[03:49:06] [272/458] JTSM
[03:49:07] [273/458] SCDN
[03:49:08] [274/458] AACK
[03:49:09] [275/458] RMCE
[03:49:09] 🔄 Identity reset
[03:49:09] 🔄 Identity rotated (every 10 requests)
[03:49:10] [276/458] BSGB
[03:49:11] [277/458] MRCB
[03:49:11] [278/458] SRVR
[03:49:12] [279/458] VTKK
[03:49:13] [280/458] AMST
[03:49:14] [281/458] APCY
[03:49:15] [282/458] LMHO
[03:49:16] [283/458] MTZH
[03:49:17] [284/458] AMZB
[03:49:18] [285/458] SUVT
[03:49:18] 🔄 Identity reset
[03:49:18] 🔄 Identity rotated (every 10 requests)
[03:49:18] 🔄 Retry 1/5 for SUVT in 2.6s
[03:49:18] 🔄 Identity reset
[03:49:21] 🧠 New identity created
[03:49:21] [286/458] RCIP
[03:49:22] [287/458] KESR
[03:49:23] [288/458] SNKC
[03:49:25] [289/458] SCED
[03:49:26] [290/458] DVCA
[03:49:27] [291/458] VCDT
[03:49:28] [292/458] RRDI
[03:49:28] [293/458] DFCH
[03:49:29] [294/458] INSC
[03:49:30] 🔄 Identity reset
[03:49:30] 🔄 Identity rotated (every 10 requests)
[03:49:30] [295/458] RGTR
[03:49:31] [296/458] FMOT
[03:49:33] [297/458] SCPM
[03:49:34] [298/458] GCDT
[03:49:35] [299/458] BRKT
[03:49:36] [300/458] DEMP
[03:49:36] [301/458] SRLC
[03:49:38] [302/458] KSTT
[03:49:39] [303/458] SMMT
[03:49:40] [304/458] SILM
[03:49:40] 🔄 Identity reset
[03:49:40] 🔄 Identity rotated (every 10 requests)
[03:49:40] 🔄 Retry 1/5 for SILM in 2.4s
[03:49:40] 🔄 Identity reset
[03:49:43] 🧠 New identity created
[03:49:44] [305/458] JCVM
[03:49:45] [306/458] KCSV
[03:49:46] [307/458] MHLK
[03:49:47] [308/458] SLVL
[03:49:48] [309/458] RJKP
[03:49:48] [310/458] BBPC
[03:49:49] [311/458] MXCB
[03:49:50] [312/458] TCPK
[03:49:51] [313/458] RTBR
[03:49:52] 🔄 Identity reset
[03:49:52] 🔄 Identity rotated (every 10 requests)
[03:49:52] [314/458] GAUT
[03:49:53] [315/458] DVCF
[03:49:54] [316/458] JTSB
[03:49:55] [317/458] SBLS
[03:49:56] [318/458] UDAY
[03:49:57] [319/458] PTNP
[03:49:58] [320/458] DMKT
[03:49:59] [321/458] NTDT
[03:50:00] [322/458] SHDJ
[03:50:01] [323/458] OTNC
[03:50:01] 🔄 Identity reset
[03:50:01] 🔄 Identity rotated (every 10 requests)
[03:50:01] [324/458] RNTW
[03:50:02] [325/458] GCMI
[03:50:03] [326/458] CRCM
[03:50:04] [327/458] NNCZ
[03:50:05] [328/458] OEMO
[03:50:06] [329/458] PVJM
[03:50:07] [330/458] CPJI
[03:50:08] [331/458] RMCJ
[03:50:10] [332/458] CNWJ
[03:50:12] [333/458] EPJM
[03:50:12] 🔄 Identity reset
[03:50:12] 🔄 Identity rotated (every 10 requests)
[03:50:12] 🔄 Retry 1/5 for EPJM in 2.7s
[03:50:12] 🔄 Identity reset
[03:50:15] 🧠 New identity created
[03:50:15] [334/458] FNJJ
[03:50:16] [335/458] GCMJ
[03:50:17] [336/458] INPS
[03:50:18] [337/458] BICJ
[03:50:19] [338/458] ISTJ
[03:50:20] [339/458] INJC
[03:50:21] [340/458] GLXJ
[03:50:22] [341/458] INEM
[03:50:22] [342/458] JTMN
[03:50:23] 🔄 Identity reset
[03:50:23] 🔄 Identity rotated (every 10 requests)
[03:50:23] [343/458] FRCJ
[03:50:25] [344/458] DDJP
[03:50:25] [345/458] INJV
[03:50:26] [346/458] GOLC
[03:50:27] [347/458] KOCI
[03:50:28] [348/458] FSTD
[03:50:29] [349/458] PACJ
[03:50:31] [350/458] GMCN
[03:50:32] [351/458] MMDJ
[03:50:32] [352/458] GODH
[03:50:33] 🔄 Identity reset
[03:50:33] 🔄 Identity rotated (every 10 requests)
[03:50:33] 🔄 Retry 1/5 for GODH in 2.8s
[03:50:33] 🔄 Identity reset
[03:50:36] 🧠 New identity created
[03:50:36] [353/458] SKYN
[03:50:38] [354/458] NCTH
[03:50:39] [355/458] SKVZ
[03:50:40] [356/458] SVML
[03:50:42] [357/458] ACVZ
[03:50:42] [358/458] SURA
[03:50:43] [359/458] RTRB
[03:50:44] [360/458] LLCT
[03:50:45] [361/458] ATTS
[03:50:46] 🔄 Identity reset
[03:50:46] 🔄 Identity rotated (every 10 requests)
[03:50:46] [362/458] JYCM
[03:50:47] [363/458] CTKR
[03:50:48] [364/458] LCKR
[03:50:49] [365/458] NYCV
[03:50:50] [366/458] NYOH
[03:50:52] [367/458] NOVX
[03:50:53] [368/458] MRGK
[03:50:53] [369/458] MOON
[03:50:54] [370/458] SBUC
[03:50:56] [371/458] GSVA
[03:50:56] 🔄 Identity reset
[03:50:56] 🔄 Identity rotated (every 10 requests)
[03:50:57] [372/458] VIAK
[03:50:58] [373/458] SMVZ
[03:50:59] [374/458] MATE
[03:51:01] [375/458] RDCN
[03:51:02] [376/458] ASBL
[03:51:03] [377/458] ASVS
[03:51:04] [378/458] ASSR
[03:51:05] [379/458] SSKN
[03:51:05] [380/458] DRPV
[03:51:06] [381/458] MRHT
[03:51:07] 🔄 Identity reset
[03:51:07] 🔄 Identity rotated (every 10 requests)
[03:51:07] [382/458] BSCN
[03:51:08] [383/458] RKNX
[03:51:10] [384/458] MSMC
[03:51:11] [385/458] MSCJ
[03:51:11] [386/458] BTBJ
[03:51:12] [387/458] MJCC
[03:51:13] [388/458] IOMM
[03:51:14] [389/458] ADGR
[03:51:15] [390/458] MYCP
[03:51:16] [391/458] IGCM
[03:51:17] 🔄 Identity reset
[03:51:17] 🔄 Identity rotated (every 10 requests)
[03:51:17] [392/458] PGRK
[03:51:18] [393/458] VPGO
[03:51:19] [394/458] KOMS
[03:51:21] [395/458] URGG
[03:51:21] [396/458] GOST
[03:51:23] [397/458] LACT
[03:51:24] [398/458] BWCM
[03:51:25] [399/458] NCCW
[03:51:26] [400/458] SKYC
[03:51:27] [401/458] CCPM
[03:51:27] 🔄 Identity reset
[03:51:27] 🔄 Identity rotated (every 10 requests)
[03:51:27] 🔄 Retry 1/5 for CCPM in 2.5s
[03:51:27] 🔄 Identity reset
[03:51:30] 🧠 New identity created
[03:51:30] [402/458] VCBT
[03:51:32] [403/458] SDKR
[03:51:34] [404/458] CTYB
[03:51:35] [405/458] SHCX
[03:51:35] [406/458] RCUN
[03:51:36] [407/458] CNRA
[03:51:37] [408/458] RFCA
[03:51:38] [409/458] RDCU
[03:51:39] [410/458] SARK
[03:51:39] 🔄 Identity reset
[03:51:39] 🔄 Identity rotated (every 10 requests)
[03:51:40] [411/458] SPPP
[03:51:41] [412/458] ADMB
[03:51:42] [413/458] JYOE
[03:51:42] [414/458] SRMD
[03:51:43] [415/458] RJDH
[03:51:44] [416/458] SSTD
[03:51:45] [417/458] AACV
[03:51:46] [418/458] PPVD
[03:51:47] [419/458] STCP
[03:51:48] [420/458] ANLS
[03:51:48] 🔄 Identity reset
[03:51:48] 🔄 Identity rotated (every 10 requests)
[03:51:49] [421/458] BIJO
[03:51:51] [422/458] AVAB
[03:51:51] [423/458] SPMD
[03:51:52] [424/458] SVJL
[03:51:53] [425/458] SDDJ
[03:51:54] [426/458] SLTU
[03:51:55] [427/458] SAKA
[03:51:56] [428/458] PMAM
[03:51:57] [429/458] FNAM
[03:51:58] [430/458] ACAM
[03:51:58] 🔄 Identity reset
[03:51:58] 🔄 Identity rotated (every 10 requests)
[03:51:59] [431/458] SCMM
[03:52:00] [432/458] PMAK
[03:52:00] [433/458] NYSA
[03:52:02] [434/458] FCPA
[03:52:03] [435/458] GDAN
[03:52:05] [436/458] RSCA
[03:52:06] [437/458] DMAN
[03:52:07] [438/458] DZCM
[03:52:08] [439/458] NSGL
[03:52:09] [440/458] CCPP
[03:52:09] 🔄 Identity reset
[03:52:09] 🔄 Identity rotated (every 10 requests)
[03:52:09] [441/458] PSMG
[03:52:10] [442/458] GSER
[03:52:11] [443/458] FCCT
[03:52:13] [444/458] FCTB
[03:52:14] [445/458] LCNK
[03:52:15] [446/458] SKTY
[03:52:16] [447/458] INAA
[03:52:16] [448/458] RCWN
[03:52:18] [449/458] VAIS
[03:52:19] [450/458] CVMN
[03:52:20] 🔄 Identity reset
[03:52:20] 🔄 Identity rotated (every 10 requests)
[03:52:20] 🔄 Retry 1/5 for CVMN in 2.1s
[03:52:20] 🔄 Identity reset
[03:52:22] 🧠 New identity created
[03:52:22] 🔄 Retry 2/5 for CVMN in 4.6s
[03:52:22] 🔄 Identity reset
[03:52:26] 🧠 New identity created
[03:52:27] [451/458] INTS
[03:52:28] [452/458] FRGS
[03:52:29] [453/458] DTCK
[03:52:29] [454/458] MCMH
[03:52:30] [455/458] ECRR
[03:52:31] [456/458] RLLP
[03:52:32] [457/458] CCSN
[03:52:33] [458/458] CCBA
[03:52:34] 🔄 Identity reset
[03:52:34] 🔄 Identity rotated (every 10 requests)
[03:52:34] 🧹 Deduping shows
[03:52:34] ✅ DONE | Shows=964 | Movies=52
[11:12:59] 🚀 SCRIPT STARTED (enhanced anti‑detection)
[11:12:59] [1/458] MBDC
[11:13:00] 🧠 New identity created
[11:13:00] 🔄 Retry 1/5 for MBDC in 2.7s
[11:13:00] 🔄 Identity reset
[11:13:03] 🧠 New identity created
[11:13:03] [2/458] CHKM
[11:13:04] [3/458] JTKZ
[11:13:05] [4/458] CMCT
[11:13:05] [5/458] ASHO
[11:13:06] [6/458] ECDG
[11:13:08] [7/458] SPAT
[11:13:09] [8/458] HILC
[11:13:10] [9/458] SPPH
[11:13:11] 🔄 Identity reset
[11:13:11] 🔄 Identity rotated (every 10 requests)
[11:13:11] 🔄 Retry 1/5 for SPPH in 2.7s
[11:13:11] 🔄 Identity reset
[11:13:14] 🧠 New identity created
[11:13:14] 🔄 Retry 2/5 for SPPH in 4.4s
[11:13:14] 🔄 Identity reset
[11:13:18] 🧠 New identity created
[11:13:18] 🔄 Retry 3/5 for SPPH in 8.7s
[11:13:18] 🔄 Identity reset
[11:13:27] 🧠 New identity created
[11:13:27] [10/458] SBHN
[11:13:29] [11/458] RRCA
[11:13:30] [12/458] APAA
[11:13:31] [13/458] RAME
[11:13:32] [14/458] TMMS
[11:13:33] [15/458] BATK
[11:13:33] [16/458] LKOP
[11:13:34] 🔄 Identity reset
[11:13:34] 🔄 Identity rotated (every 10 requests)
[11:13:34] 🔄 Retry 1/5 for LKOP in 2.5s
[11:13:34] 🔄 Identity reset
[11:13:37] 🧠 New identity created
[11:13:37] 🔄 Retry 2/5 for LKOP in 4.8s
[11:13:37] 🔄 Identity reset
[11:13:41] 🧠 New identity created
[11:13:42] [17/458] AMTT
[11:13:44] [18/458] PTGK
[11:13:44] [19/458] ANRS
[11:13:45] [20/458] VWBW
[11:13:46] [21/458] SVFG
[11:13:47] [22/458] STAT
[11:13:48] [23/458] GDCV
[11:13:48] [24/458] VEBI
[11:13:49] 🔄 Identity reset
[11:13:49] 🔄 Identity rotated (every 10 requests)
[11:13:49] 🔄 Retry 1/5 for VEBI in 2.8s
[11:13:49] 🔄 Identity reset
[11:13:52] 🧠 New identity created
[11:13:52] [25/458] VDSS
[11:13:53] [26/458] NTHV
[11:13:55] [27/458] AOCH
[11:13:55] [28/458] KASR
[11:13:56] [29/458] AYCS
[11:13:57] [30/458] SHAI
[11:13:58] [31/458] SKPE
[11:13:59] [32/458] SBTA
[11:14:00] [33/458] RTTD
[11:14:00] 🔄 Identity reset
[11:14:00] 🔄 Identity rotated (every 10 requests)
[11:14:00] 🔄 Retry 1/5 for RTTD in 2.2s
[11:14:00] 🔄 Identity reset
[11:14:02] 🧠 New identity created
[11:14:02] [34/458] CCJD
[11:14:04] [35/458] RSJJ
[11:14:04] [36/458] RKND
[11:14:06] [37/458] SVTX
[11:14:07] [38/458] BAKM
[11:14:09] [39/458] SVDC
[11:14:09] [40/458] MNCV
[11:14:10] [41/458] SJGC
[11:14:11] [42/458] MTPK
[11:14:12] 🔄 Identity reset
[11:14:12] 🔄 Identity rotated (every 10 requests)
[11:14:12] 🔄 Retry 1/5 for MTPK in 2.2s
[11:14:12] 🔄 Identity reset
[11:14:14] 🧠 New identity created
[11:14:14] [43/458] GATP
[11:14:15] [44/458] ABTS
[11:14:16] [45/458] ABDE
[11:14:18] [46/458] RCNM
[11:14:19] [47/458] KTHV
[11:14:20] [48/458] MDGJ
[11:14:21] [49/458] SMLM
[11:14:21] [50/458] JTMA
[11:14:22] [51/458] ACKP
[11:14:23] 🔄 Identity reset
[11:14:23] 🔄 Identity rotated (every 10 requests)
[11:14:23] [52/458] SRTA
[11:14:24] [53/458] STAY
[11:14:25] [54/458] MAVO
[11:14:26] [55/458] APTS
[11:14:27] [56/458] OMEA
[11:14:28] [57/458] TTFD
[11:14:28] [58/458] MJCU
[11:14:29] [59/458] CXTE
[11:14:30] [60/458] CTPX
[11:14:31] [61/458] ASSL
[11:14:32] 🔄 Identity reset
[11:14:32] 🔄 Identity rotated (every 10 requests)
[11:14:32] 🔄 Retry 1/5 for ASSL in 2.4s
[11:14:32] 🔄 Identity reset
[11:14:34] 🧠 New identity created
[11:14:34] 🔄 Retry 2/5 for ASSL in 4.5s
[11:14:34] 🔄 Identity reset
[11:14:39] 🧠 New identity created
[11:14:39] [62/458] CMVB
[11:14:40] [63/458] VPUR
[11:14:41] [64/458] JJDA
[11:14:42] [65/458] INBL
[11:14:43] [66/458] BIKB
[11:14:45] [67/458] NTBB
[11:14:46] [68/458] GLOB
[11:14:47] [69/458] SNTB
[11:14:48] 🔄 Identity reset
[11:14:48] 🔄 Identity rotated (every 10 requests)
[11:14:48] 🔄 Retry 1/5 for SNTB in 2.2s
[11:14:48] 🔄 Identity reset
[11:14:50] 🧠 New identity created
[11:14:50] 🔄 Retry 2/5 for SNTB in 4.8s
[11:14:50] 🔄 Identity reset
[11:14:55] 🧠 New identity created
[11:14:55] [70/458] CHGV
[11:14:56] [71/458] SSBZ
[11:14:57] [72/458] PRDB
[11:14:58] [73/458] ISMT
[11:14:59] [74/458] MCSD
[11:15:00] [75/458] JBTT
[11:15:01] [76/458] GEKR
[11:15:02] [77/458] PVUN
[11:15:03] 🔄 Identity reset
[11:15:03] 🔄 Identity rotated (every 10 requests)
[11:15:03] 🔄 Retry 1/5 for PVUN in 2.6s
[11:15:03] 🔄 Identity reset
[11:15:06] 🧠 New identity created
[11:15:06] [78/458] NRTB
[11:15:07] [79/458] PRAA
[11:15:08] [80/458] PCBL
[11:15:09] [81/458] PTCM
[11:15:10] [82/458] KHNN
[11:15:11] [83/458] OMJE
[11:15:12] [84/458] STGN
[11:15:12] [85/458] RPMS
[11:15:14] [86/458] NWAD
[11:15:15] 🔄 Identity reset
[11:15:15] 🔄 Identity rotated (every 10 requests)
[11:15:15] 🔄 Retry 1/5 for NWAD in 2.8s
[11:15:15] 🔄 Identity reset
[11:15:18] 🧠 New identity created
[11:15:18] 🔄 Retry 2/5 for NWAD in 4.3s
[11:15:18] 🔄 Identity reset
[11:15:22] 🧠 New identity created
[11:15:23] [87/458] BLCK
[11:15:24] [88/458] SVAA
[11:15:25] [89/458] URVM
[11:15:26] [90/458] ANTM
[11:15:27] [91/458] VJYM
[11:15:28] [92/458] MAZZ
[11:15:29] [93/458] CSHM
[11:15:30] [94/458] WGMH
[11:15:31] 🔄 Identity reset
[11:15:31] 🔄 Identity rotated (every 10 requests)
[11:15:31] [95/458] SALN
[11:15:32] [96/458] BRTP
[11:15:33] [97/458] SVTA
[11:15:35] [98/458] SBTP
[11:15:36] [99/458] VLSS
[11:15:36] [100/458] SRJA
[11:15:37] [101/458] ANCG
[11:15:38] [102/458] CGGC
[11:15:39] [103/458] CRJA
[11:15:40] [104/458] USCR
[11:15:41] 🔄 Identity reset
[11:15:41] 🔄 Identity rotated (every 10 requests)
[11:15:41] 🔄 Retry 1/5 for USCR in 2.8s
[11:15:41] 🔄 Identity reset
[11:15:43] 🧠 New identity created
[11:15:43] 🔄 Retry 2/5 for USCR in 4.3s
[11:15:43] 🔄 Identity reset
[11:15:48] 🧠 New identity created
[11:15:48] 🔄 Retry 3/5 for USCR in 8.3s
[11:15:48] 🔄 Identity reset
[11:15:56] 🧠 New identity created
[11:15:57] [105/458] MMEF
[11:15:57] [106/458] JCRJ
[11:15:59] [107/458] ADCM
[11:16:00] [108/458] BMYK
[11:16:01] [109/458] KICS
[11:16:02] [110/458] MBBT
[11:16:03] [111/458] MACK
[11:16:03] 🔄 Identity reset
[11:16:03] 🔄 Identity rotated (every 10 requests)
[11:16:04] [112/458] CLDR
[11:16:05] [113/458] JYCR
[11:16:06] [114/458] DCRP
[11:16:07] [115/458] RAHT
[11:16:07] [116/458] CSSM
[11:16:08] [117/458] ATPK
[11:16:09] [118/458] KLRT
[11:16:10] [119/458] SRDD
[11:16:11] [120/458] CKMC
[11:16:12] [121/458] KRVM
[11:16:13] 🔄 Identity reset
[11:16:13] 🔄 Identity rotated (every 10 requests)
[11:16:13] 🔄 Retry 1/5 for KRVM in 2.3s
[11:16:13] 🔄 Identity reset
[11:16:15] 🧠 New identity created
[11:16:16] [122/458] AKCP
[11:16:17] [123/458] CNCV
[11:16:18] [124/458] PACT
[11:16:19] [125/458] NATP
[11:16:20] [126/458] PCPK
[11:16:20] [127/458] SMHO
[11:16:22] [128/458] CWTK
[11:16:23] [129/458] RVKZ
[11:16:24] [130/458] ASPD
[11:16:25] 🔄 Identity reset
[11:16:25] 🔄 Identity rotated (every 10 requests)
[11:16:26] [131/458] VTKZ
[11:16:26] [132/458] LCSO
[11:16:27] [133/458] PRDY
[11:16:28] [134/458] RCAP
[11:16:28] [135/458] RGAR
[11:16:29] [136/458] RCAC
[11:16:31] [137/458] PMOD
[11:16:32] [138/458] PVCN
[11:16:33] [139/458] SCRZ
[11:16:34] [140/458] PVPC
[11:16:34] 🔄 Identity reset
[11:16:34] 🔄 Identity rotated (every 10 requests)
[11:16:35] [141/458] STID
[11:16:36] [142/458] NEDD
[11:16:37] [143/458] BNBA
[11:16:37] [144/458] NTCD
[11:16:38] [145/458] OCDE
[11:16:39] [146/458] CCDU
[11:16:40] [147/458] CRXH
[11:16:41] [148/458] VLVT
[11:16:42] [149/458] CICI
[11:16:42] [150/458] SUCB
[11:16:43] 🔄 Identity reset
[11:16:43] 🔄 Identity rotated (every 10 requests)
[11:16:43] 🔄 Retry 1/5 for SUCB in 2.3s
[11:16:43] 🔄 Identity reset
[11:16:45] 🧠 New identity created
[11:16:46] 🔄 Retry 2/5 for SUCB in 4.7s
[11:16:46] 🔄 Identity reset
[11:16:50] 🧠 New identity created
[11:16:51] [151/458] TCBP
[11:16:52] [152/458] SCCY
[11:16:53] [153/458] LXCY
[11:16:54] [154/458] NCMD
[11:16:54] [155/458] PHCS
[11:16:55] [156/458] DUXR
[11:16:56] [157/458] VNKS
[11:16:58] [158/458] SEDP
[11:16:58] 🔄 Identity reset
[11:16:58] 🔄 Identity rotated (every 10 requests)
[11:16:58] 🔄 Retry 1/5 for SEDP in 2.7s
[11:16:58] 🔄 Identity reset
[11:17:01] 🧠 New identity created
[11:17:02] [159/458] SVEN
[11:17:03] [160/458] SRKM
[11:17:03] [161/458] JTLT
[11:17:04] [162/458] SVSS
[11:17:05] [163/458] AMDE
[11:17:06] [164/458] WVRN
[11:17:07] [165/458] ISMG
[11:17:09] [166/458] WVKS
[11:17:10] [167/458] USCG
[11:17:10] 🔄 Identity reset
[11:17:10] 🔄 Identity rotated (every 10 requests)
[11:17:11] [168/458] IOTG
[11:17:12] [169/458] RRJM
[11:17:13] [170/458] EDMP
[11:17:14] [171/458] SCGZ
[11:17:15] [172/458] GMGX
[11:17:16] [173/458] OMTP
[11:17:17] [174/458] MITD
[11:17:18] [175/458] SMMD
[11:17:19] [176/458] STML
[11:17:20] [177/458] MCFS
[11:17:20] 🔄 Identity reset
[11:17:20] 🔄 Identity rotated (every 10 requests)
[11:17:21] 🔄 Retry 1/5 for MCFS in 2.8s
[11:17:21] 🔄 Identity reset
[11:17:23] 🧠 New identity created
[11:17:23] 🔄 Retry 2/5 for MCFS in 4.7s
[11:17:23] 🔄 Identity reset
[11:17:28] 🧠 New identity created
[11:17:28] 🔄 Retry 3/5 for MCFS in 8.2s
[11:17:28] 🔄 Identity reset
[11:17:36] 🧠 New identity created
[11:17:37] [178/458] FPKA
[11:17:38] [179/458] OMLR
[11:17:39] [180/458] KKSC
[11:17:40] [181/458] RVMA
[11:17:41] [182/458] SCLL
[11:17:42] [183/458] SCDK
[11:17:43] [184/458] SXMI
[11:17:44] 🔄 Identity reset
[11:17:44] 🔄 Identity rotated (every 10 requests)
[11:17:44] [185/458] SHDN
[11:17:45] [186/458] PAAD
[11:17:47] [187/458] UUCB
[11:17:48] [188/458] JHOL
[11:17:49] [189/458] SGWT
[11:17:50] [190/458] SRII
[11:17:51] [191/458] SGCK
[11:17:52] [192/458] SVVB
[11:17:52] [193/458] DMHA
[11:17:53] [194/458] PPNL
[11:17:54] 🔄 Identity reset
[11:17:54] 🔄 Identity rotated (every 10 requests)
[11:17:54] [195/458] CPNL
[11:17:55] [196/458] WVLD
[11:17:56] [197/458] PSLV
[11:17:57] [198/458] VTTL
[11:17:59] [199/458] NPAD
[11:17:59] [200/458] PVCS
[11:18:00] [201/458] MCHL
[11:18:01] [202/458] PPLL
[11:18:02] [203/458] MALO
[11:18:03] [204/458] SWBH
[11:18:03] 🔄 Identity reset
[11:18:04] 🔄 Identity rotated (every 10 requests)
[11:18:04] [205/458] PUGB
[11:18:06] [206/458] INBB
[11:18:06] [207/458] INNS
[11:18:07] [208/458] MCPT
[11:18:09] [209/458] SCMI
[11:18:10] [210/458] OCON
[11:18:11] [211/458] SCSM
[11:18:11] [212/458] RJVN
[11:18:12] [213/458] AMDK
[11:18:13] [214/458] ISMR
[11:18:14] 🔄 Identity reset
[11:18:14] 🔄 Identity rotated (every 10 requests)
[11:18:14] 🔄 Retry 1/5 for ISMR in 2.8s
[11:18:14] 🔄 Identity reset
[11:18:16] 🧠 New identity created
[11:18:16] 🔄 Retry 2/5 for ISMR in 4.9s
[11:18:16] 🔄 Identity reset
[11:18:21] 🧠 New identity created
[11:18:21] [215/458] SMTD
[11:18:22] [216/458] VTDD
[11:18:23] [217/458] PDDZ
[11:18:24] [218/458] PCCK
[11:18:25] [219/458] INAM
[11:18:26] [220/458] FNKT
[11:18:28] [221/458] GDKA
[11:18:29] [222/458] MAYU
[11:18:30] 🔄 Identity reset
[11:18:30] 🔄 Identity rotated (every 10 requests)
[11:18:30] 🔄 Retry 1/5 for MAYU in 2.6s
[11:18:30] 🔄 Identity reset
[11:18:32] 🧠 New identity created
[11:18:32] 🔄 Retry 2/5 for MAYU in 4.3s
[11:18:32] 🔄 Identity reset
[11:18:37] 🧠 New identity created
[11:18:37] 🔄 Retry 3/5 for MAYU in 8.4s
[11:18:37] 🔄 Identity reset
[11:18:45] 🧠 New identity created
[11:18:46] [223/458] TCGU
[11:18:46] [224/458] KDCA
[11:18:47] [225/458] DOMY
[11:18:48] [226/458] PDDD
[11:18:49] [227/458] BJTS
[11:18:50] [228/458] VTCA
[11:18:51] [229/458] SBTM
[11:18:51] 🔄 Identity reset
[11:18:51] 🔄 Identity rotated (every 10 requests)
[11:18:51] 🔄 Retry 1/5 for SBTM in 2.7s
[11:18:51] 🔄 Identity reset
[11:18:54] 🧠 New identity created
[11:18:54] 🔄 Retry 2/5 for SBTM in 4.9s
[11:18:54] 🔄 Identity reset
[11:18:59] 🧠 New identity created
[11:18:59] [230/458] SEET
[11:19:00] [231/458] SSTJ
[11:19:01] [232/458] SVNT
[11:19:02] [233/458] PPPR
[11:19:03] [234/458] PVYS
[11:19:05] [235/458] IOSE
[11:19:06] [236/458] ACTV
[11:19:08] [237/458] APVE
[11:19:08] 🔄 Identity reset
[11:19:08] 🔄 Identity rotated (every 10 requests)
[11:19:08] 🔄 Retry 1/5 for APVE in 2.4s
[11:19:08] 🔄 Identity reset
[11:19:11] 🧠 New identity created
[11:19:11] [238/458] TCCL
[11:19:12] [239/458] SCMO
[11:19:13] [240/458] SAUM
[11:19:14] [241/458] KCJS
[11:19:15] [242/458] NJCJ
[11:19:16] [243/458] NECF
[11:19:17] [244/458] CCGW
[11:19:18] [245/458] CCMG
[11:19:19] [246/458] NYRG
[11:19:19] 🔄 Identity reset
[11:19:19] 🔄 Identity rotated (every 10 requests)
[11:19:20] [247/458] NCSQ
[11:19:21] [248/458] GRCG
[11:19:21] [249/458] CCBT
[11:19:22] [250/458] ACGA
[11:19:23] [251/458] INAG
[11:19:24] [252/458] FUCG
[11:19:25] [253/458] AICF
[11:19:26] [254/458] GRGA
[11:19:27] [255/458] GDCN
[11:19:28] [256/458] RRCG
[11:19:29] 🔄 Identity reset
[11:19:29] 🔄 Identity rotated (every 10 requests)
[11:19:29] 🔄 Retry 1/5 for RRCG in 2.8s
[11:19:29] 🔄 Identity reset
[11:19:32] 🧠 New identity created
[11:19:32] 🔄 Retry 2/5 for RRCG in 5.0s
[11:19:32] 🔄 Identity reset
[11:19:37] 🧠 New identity created
[11:19:37] [257/458] SDCH
[11:19:38] [258/458] WVJM
[11:19:39] [259/458] JCCZ
[11:19:41] [260/458] CNCL
[11:19:42] [261/458] TMLV
[11:19:42] [262/458] MEMB
[11:19:43] [263/458] SGTD
[11:19:44] [264/458] CONX
[11:19:45] 🔄 Identity reset
[11:19:45] 🔄 Identity rotated (every 10 requests)
[11:19:45] 🔄 Retry 1/5 for CONX in 2.2s
[11:19:45] 🔄 Identity reset
[11:19:47] 🧠 New identity created
[11:19:47] [265/458] CCMH
[11:19:48] [266/458] ACMC
[11:19:49] [267/458] DTPD
[11:19:50] [268/458] POJA
[11:19:51] [269/458] FNBH
[11:19:52] [270/458] CGCB
[11:19:53] [271/458] RACN
[11:19:54] [272/458] JTSM
[11:19:55] [273/458] SCDN
[11:19:55] 🔄 Identity reset
[11:19:55] 🔄 Identity rotated (every 10 requests)
[11:19:56] [274/458] AACK
[11:19:56] [275/458] RMCE
[11:19:58] [276/458] BSGB
[11:20:00] [277/458] MRCB
[11:20:01] [278/458] SRVR
[11:20:02] [279/458] VTKK
[11:20:03] [280/458] AMST
[11:20:03] [281/458] APCY
[11:20:04] [282/458] LMHO
[11:20:05] [283/458] MTZH
[11:20:06] 🔄 Identity reset
[11:20:06] 🔄 Identity rotated (every 10 requests)
[11:20:06] [284/458] AMZB
[11:20:07] [285/458] SUVT
[11:20:08] [286/458] RCIP
[11:20:09] [287/458] KESR
[11:20:11] [288/458] SNKC
[11:20:12] [289/458] SCED
[11:20:14] [290/458] DVCA
[11:20:15] [291/458] VCDT
[11:20:15] [292/458] RRDI
[11:20:16] [293/458] DFCH
[11:20:17] 🔄 Identity reset
[11:20:17] 🔄 Identity rotated (every 10 requests)
[11:20:18] [294/458] INSC
[11:20:19] [295/458] RGTR
[11:20:20] [296/458] FMOT
[11:20:21] [297/458] SCPM
[11:20:21] [298/458] GCDT
[11:20:23] [299/458] BRKT
[11:20:23] [300/458] DEMP
[11:20:24] [301/458] SRLC
[11:20:25] [302/458] KSTT
[11:20:26] [303/458] SMMT
[11:20:27] 🔄 Identity reset
[11:20:27] 🔄 Identity rotated (every 10 requests)
[11:20:27] [304/458] SILM
[11:20:29] [305/458] JCVM
[11:20:30] [306/458] KCSV
[11:20:31] [307/458] MHLK
[11:20:32] [308/458] SLVL
[11:20:33] [309/458] RJKP
[11:20:34] [310/458] BBPC
[11:20:35] [311/458] MXCB
[11:20:35] [312/458] TCPK
[11:20:36] [313/458] RTBR
[11:20:37] 🔄 Identity reset
[11:20:37] 🔄 Identity rotated (every 10 requests)
[11:20:37] [314/458] GAUT
[11:20:38] [315/458] DVCF
[11:20:39] [316/458] JTSB
[11:20:40] [317/458] SBLS
[11:20:41] [318/458] UDAY
[11:20:42] [319/458] PTNP
[11:20:43] [320/458] DMKT
[11:20:44] [321/458] NTDT
[11:20:45] [322/458] SHDJ
[11:20:46] [323/458] OTNC
[11:20:46] 🔄 Identity reset
[11:20:46] 🔄 Identity rotated (every 10 requests)
[11:20:46] 🔄 Retry 1/5 for OTNC in 2.8s
[11:20:46] 🔄 Identity reset
[11:20:49] 🧠 New identity created
[11:20:49] 🔄 Retry 2/5 for OTNC in 4.5s
[11:20:49] 🔄 Identity reset
[11:20:54] 🧠 New identity created
[11:20:55] [324/458] RNTW
[11:20:56] [325/458] GCMI
[11:20:57] [326/458] CRCM
[11:20:58] [327/458] NNCZ
[11:20:59] [328/458] OEMO
[11:21:00] [329/458] PVJM
[11:21:01] [330/458] CPJI
[11:21:02] [331/458] RMCJ
[11:21:03] 🔄 Identity reset
[11:21:03] 🔄 Identity rotated (every 10 requests)
[11:21:03] [332/458] CNWJ
[11:21:04] [333/458] EPJM
[11:21:05] [334/458] FNJJ
[11:21:06] [335/458] GCMJ
[11:21:07] [336/458] INPS
[11:21:07] [337/458] BICJ
[11:21:08] [338/458] ISTJ
[11:21:09] [339/458] INJC
[11:21:10] [340/458] GLXJ
[11:21:11] [341/458] INEM
[11:21:12] 🔄 Identity reset
[11:21:12] 🔄 Identity rotated (every 10 requests)
[11:21:12] 🔄 Retry 1/5 for INEM in 2.8s
[11:21:12] 🔄 Identity reset
[11:21:15] 🧠 New identity created
[11:21:15] [342/458] JTMN
[11:21:16] [343/458] FRCJ
[11:21:17] [344/458] DDJP
[11:21:18] [345/458] INJV
[11:21:18] [346/458] GOLC
[11:21:19] [347/458] KOCI
[11:21:20] [348/458] FSTD
[11:21:21] [349/458] PACJ
[11:21:23] [350/458] GMCN
[11:21:23] 🔄 Identity reset
[11:21:23] 🔄 Identity rotated (every 10 requests)
[11:21:23] [351/458] MMDJ
[11:21:24] [352/458] GODH
[11:21:25] [353/458] SKYN
[11:21:27] [354/458] NCTH
[11:21:28] [355/458] SKVZ
[11:21:29] [356/458] SVML
[11:21:30] [357/458] ACVZ
[11:21:31] [358/458] SURA
[11:21:31] [359/458] RTRB
[11:21:32] [360/458] LLCT
[11:21:33] 🔄 Identity reset
[11:21:33] 🔄 Identity rotated (every 10 requests)
[11:21:33] [361/458] ATTS
[11:21:34] [362/458] JYCM
[11:21:35] [363/458] CTKR
[11:21:36] [364/458] LCKR
[11:21:37] [365/458] NYCV
[11:21:38] [366/458] NYOH
[11:21:39] [367/458] NOVX
[11:21:40] [368/458] MRGK
[11:21:40] [369/458] MOON
[11:21:41] [370/458] SBUC
[11:21:42] 🔄 Identity reset
[11:21:42] 🔄 Identity rotated (every 10 requests)
[11:21:43] [371/458] GSVA
[11:21:44] [372/458] VIAK
[11:21:45] [373/458] SMVZ
[11:21:46] [374/458] MATE
[11:21:47] [375/458] RDCN
[11:21:49] [376/458] ASBL
[11:21:50] [377/458] ASVS
[11:21:51] [378/458] ASSR
[11:21:52] [379/458] SSKN
[11:21:52] [380/458] DRPV
[11:21:53] 🔄 Identity reset
[11:21:53] 🔄 Identity rotated (every 10 requests)
[11:21:53] [381/458] MRHT
[11:21:54] [382/458] BSCN
[11:21:55] [383/458] RKNX
[11:21:56] [384/458] MSMC
[11:21:57] [385/458] MSCJ
[11:21:58] [386/458] BTBJ
[11:21:59] [387/458] MJCC
[11:22:00] [388/458] IOMM
[11:22:01] [389/458] ADGR
[11:22:02] [390/458] MYCP
[11:22:03] 🔄 Identity reset
[11:22:03] 🔄 Identity rotated (every 10 requests)
[11:22:03] 🔄 Retry 1/5 for MYCP in 2.5s
[11:22:03] 🔄 Identity reset
[11:22:05] 🧠 New identity created
[11:22:06] [391/458] IGCM
[11:22:07] [392/458] PGRK
[11:22:08] [393/458] VPGO
[11:22:10] [394/458] KOMS
[11:22:11] [395/458] URGG
[11:22:12] [396/458] GOST
[11:22:14] [397/458] LACT
[11:22:15] [398/458] BWCM
[11:22:15] [399/458] NCCW
[11:22:16] 🔄 Identity reset
[11:22:16] 🔄 Identity rotated (every 10 requests)
[11:22:16] 🔄 Retry 1/5 for NCCW in 2.8s
[11:22:16] 🔄 Identity reset
[11:22:19] 🧠 New identity created
[11:22:19] [400/458] SKYC
[11:22:20] [401/458] CCPM
[11:22:21] [402/458] VCBT
[11:22:22] [403/458] SDKR
[11:22:23] [404/458] CTYB
[11:22:24] [405/458] SHCX
[11:22:24] [406/458] RCUN
[11:22:25] [407/458] CNRA
[11:22:26] [408/458] RFCA
[11:22:27] 🔄 Identity reset
[11:22:27] 🔄 Identity rotated (every 10 requests)
[11:22:27] 🔄 Retry 1/5 for RFCA in 2.7s
[11:22:27] 🔄 Identity reset
[11:22:29] 🧠 New identity created
[11:22:30] [409/458] RDCU
[11:22:32] [410/458] SARK
[11:22:33] [411/458] SPPP
[11:22:33] [412/458] ADMB
[11:22:34] [413/458] JYOE
[11:22:35] [414/458] SRMD
[11:22:37] [415/458] RJDH
[11:22:38] [416/458] SSTD
[11:22:38] [417/458] AACV
[11:22:39] 🔄 Identity reset
[11:22:39] 🔄 Identity rotated (every 10 requests)
[11:22:39] 🔄 Retry 1/5 for AACV in 2.4s
[11:22:39] 🔄 Identity reset
[11:22:41] 🧠 New identity created
[11:22:41] 🔄 Retry 2/5 for AACV in 4.3s
[11:22:41] 🔄 Identity reset
[11:22:46] 🧠 New identity created
[11:22:47] [418/458] PPVD
[11:22:47] [419/458] STCP
[11:22:48] [420/458] ANLS
[11:22:49] [421/458] BIJO
[11:22:50] [422/458] AVAB
[11:22:51] [423/458] SPMD
[11:22:52] [424/458] SVJL
[11:22:52] [425/458] SDDJ
[11:22:53] 🔄 Identity reset
[11:22:53] 🔄 Identity rotated (every 10 requests)
[11:22:53] [426/458] SLTU
[11:22:54] [427/458] SAKA
[11:22:55] [428/458] PMAM
[11:22:56] [429/458] FNAM
[11:22:57] [430/458] ACAM
[11:22:59] [431/458] SCMM
[11:23:00] [432/458] PMAK
[11:23:00] [433/458] NYSA
[11:23:01] [434/458] FCPA
[11:23:02] [435/458] GDAN
[11:23:03] 🔄 Identity reset
[11:23:03] 🔄 Identity rotated (every 10 requests)
[11:23:03] [436/458] RSCA
[11:23:04] [437/458] DMAN
[11:23:05] [438/458] DZCM
[11:23:06] [439/458] NSGL
[11:23:07] [440/458] CCPP
[11:23:08] [441/458] PSMG
[11:23:09] [442/458] GSER
[11:23:10] [443/458] FCCT
[11:23:11] [444/458] FCTB
[11:23:12] [445/458] LCNK
[11:23:13] 🔄 Identity reset
[11:23:13] 🔄 Identity rotated (every 10 requests)
[11:23:13] [446/458] SKTY
[11:23:14] [447/458] INAA
[11:23:15] [448/458] RCWN
[11:23:16] [449/458] VAIS
[11:23:17] [450/458] CVMN
[11:23:18] [451/458] INTS
[11:23:19] [452/458] FRGS
[11:23:20] [453/458] DTCK
[11:23:20] [454/458] MCMH
[11:23:21] [455/458] ECRR
[11:23:22] 🔄 Identity reset
[11:23:22] 🔄 Identity rotated (every 10 requests)
[11:23:22] [456/458] RLLP
[11:23:23] [457/458] CCSN
[11:23:24] [458/458] CCBA
[11:23:25] 🧹 Deduping shows
[11:23:25] ✅ DONE | Shows=1000 | Movies=53
