[03:44:13] 🚀 SCRIPT STARTED (enhanced anti‑detection)
[03:44:13] [1/456] FNDB
[03:44:14] 🧠 New identity created
[03:44:14] [2/456] AMBH
[03:44:15] [3/456] PRHN
[03:44:16] [4/456] ACPM
[03:44:17] [5/456] PVFS
[03:44:18] [6/456] AACN
[03:44:19] [7/456] ACAS
[03:44:20] [8/456] CTNR
[03:44:20] [9/456] MMAH
[03:44:21] [10/456] CPMH
[03:44:22] 🔄 Identity reset
[03:44:22] 🔄 Identity rotated (every 10 requests)
[03:44:22] 🔄 Retry 1/5 for CPMH in 2.3s
[03:44:22] 🔄 Identity reset
[03:44:24] 🧠 New identity created
[03:44:25] [11/456] IGMH
[03:44:26] [12/456] ABCS
[03:44:26] [13/456] CMMA
[03:44:27] [14/456] GPRH
[03:44:28] [15/456] PNNG
[03:44:29] [16/456] AMCA
[03:44:31] [17/456] ISTN
[03:44:32] [18/456] PIIC
[03:44:33] [19/456] AHMH
[03:44:33] 🔄 Identity reset
[03:44:33] 🔄 Identity rotated (every 10 requests)
[03:44:34] [20/456] ASHN
[03:44:35] [21/456] INHY
[03:44:35] [22/456] SRMO
[03:44:36] [23/456] PIMH
[03:44:37] [24/456] PVTS
[03:44:38] [25/456] MMCA
[03:44:39] [26/456] AKYJ
[03:44:40] [27/456] BRKH
[03:44:41] [28/456] MAHM
[03:44:43] [29/456] CPHY
[03:44:43] 🔄 Identity reset
[03:44:43] 🔄 Identity rotated (every 10 requests)
[03:44:43] 🔄 Retry 1/5 for CPHY in 2.3s
[03:44:43] 🔄 Identity reset
[03:44:46] 🧠 New identity created
[03:44:46] 🔄 Retry 2/5 for CPHY in 4.7s
[03:44:46] 🔄 Identity reset
[03:44:51] 🧠 New identity created
[03:44:51] 🔄 Retry 3/5 for CPHY in 8.7s
[03:44:51] 🔄 Identity reset
[03:44:59] 🧠 New identity created
[03:44:59] 🔄 Retry 4/5 for CPHY in 16.7s
[03:44:59] 🔄 Identity reset
[03:45:16] 🧠 New identity created
[03:45:17] [30/456] PVTP
[03:45:18] [31/456] SMMR
[03:45:18] [32/456] PVHM
[03:45:19] [33/456] SNDY
[03:45:20] [34/456] GOKU
[03:45:22] [35/456] ACEV
[03:45:22] 🔄 Identity reset
[03:45:22] 🔄 Identity rotated (every 10 requests)
[03:45:22] 🔄 Retry 1/5 for ACEV in 2.5s
[03:45:22] 🔄 Identity reset
[03:45:25] 🧠 New identity created
[03:45:25] [36/456] PVUM
[03:45:26] [37/456] VSWA
[03:45:27] [38/456] IPRS
[03:45:28] [39/456] BKMV
[03:45:29] [40/456] PVYH
[03:45:30] [41/456] INKM
[03:45:31] [42/456] ARJU
[03:45:32] [43/456] JJPP
[03:45:33] [44/456] SSRM
[03:45:33] 🔄 Identity reset
[03:45:33] 🔄 Identity rotated (every 10 requests)
[03:45:34] [45/456] HMHD
[03:45:35] [46/456] SNKH
[03:45:36] [47/456] ACHI
[03:45:37] [48/456] MRAA
[03:45:38] [49/456] INMH
[03:45:39] [50/456] ARMH
[03:45:39] [51/456] DVRR
[03:45:40] [52/456] SUDA
[03:45:41] [53/456] MCSS
[03:45:42] [54/456] VRKC
[03:45:43] 🔄 Identity reset
[03:45:43] 🔄 Identity rotated (every 10 requests)
[03:45:43] 🔄 Retry 1/5 for VRKC in 2.3s
[03:45:43] 🔄 Identity reset
[03:45:45] 🧠 New identity created
[03:45:46] [55/456] PRCX
[03:45:47] [56/456] ASJY
[03:45:48] [57/456] MTHY
[03:45:50] [58/456] SRCM
[03:45:51] [59/456] TVHY
[03:45:52] [60/456] STHD
[03:45:53] [61/456] CPCL
[03:45:54] [62/456] PSMJ
[03:45:55] [63/456] MRGT
[03:45:56] 🔄 Identity reset
[03:45:56] 🔄 Identity rotated (every 10 requests)
[03:45:56] [64/456] ARYH
[03:45:57] [65/456] VTRB
[03:45:58] [66/456] SCHC
[03:45:59] [67/456] MRRG
[03:46:00] [68/456] SPCB
[03:46:01] [69/456] AMCM
[03:46:02] [70/456] IVNM
[03:46:02] [71/456] TRHY
[03:46:04] [72/456] PTTH
[03:46:05] [73/456] RKMH
[03:46:06] 🔄 Identity reset
[03:46:06] 🔄 Identity rotated (every 10 requests)
[03:46:06] [74/456] PRCS
[03:46:07] [75/456] VAJA
[03:46:08] [76/456] BJNG
[03:46:09] [77/456] SCVM
[03:46:10] [78/456] GNHB
[03:46:11] [79/456] TLUR
[03:46:12] [80/456] UKCC
[03:46:13] [81/456] SRKR
[03:46:14] [82/456] RMKN
[03:46:14] [83/456] SLRT
[03:46:15] 🔄 Identity reset
[03:46:15] 🔄 Identity rotated (every 10 requests)
[03:46:15] 🔄 Retry 1/5 for SLRT in 2.4s
[03:46:15] 🔄 Identity reset
[03:46:18] 🧠 New identity created
[03:46:18] [84/456] LKMT
[03:46:19] [85/456] SSRJ
[03:46:20] [86/456] SPHT
[03:46:21] [87/456] ANTT
[03:46:22] [88/456] SRCH
[03:46:23] [89/456] SRCA
[03:46:23] [90/456] ARTH
[03:46:25] [91/456] MCBH
[03:46:27] [92/456] SNIB
[03:46:27] 🔄 Identity reset
[03:46:27] 🔄 Identity rotated (every 10 requests)
[03:46:29] [93/456] SART
[03:46:30] [94/456] SKTA
[03:46:30] [95/456] YAKT
[03:46:31] [96/456] MLCK
[03:46:32] [97/456] ANTS
[03:46:34] [98/456] DGCA
[03:46:35] [99/456] SGMP
[03:46:36] [100/456] ASWN
[03:46:37] [101/456] KFVU
[03:46:38] [102/456] POOR
[03:46:38] 🔄 Identity reset
[03:46:38] 🔄 Identity rotated (every 10 requests)
[03:46:39] [103/456] GKDN
[03:46:40] [104/456] EOSE
[03:46:41] [105/456] GTTT
[03:46:41] [106/456] ARRO
[03:46:42] [107/456] CMMK
[03:46:43] [108/456] MSCN
[03:46:44] [109/456] GDKH
[03:46:45] [110/456] DLMT
[03:46:46] [111/456] PVMF
[03:46:47] [112/456] CPCK
[03:46:47] 🔄 Identity reset
[03:46:47] 🔄 Identity rotated (every 10 requests)
[03:46:48] [113/456] VMHE
[03:46:49] [114/456] PVLC
[03:46:50] [115/456] PCVB
[03:46:51] [116/456] SNYK
[03:46:52] [117/456] KTEK
[03:46:53] [118/456] PCNM
[03:46:54] [119/456] NTTR
[03:46:54] [120/456] CPSK
[03:46:55] [121/456] JMMA
[03:46:56] [122/456] GCFK
[03:46:57] 🔄 Identity reset
[03:46:57] 🔄 Identity rotated (every 10 requests)
[03:46:57] [123/456] MYCA
[03:46:59] [124/456] KSNP
[03:47:00] [125/456] PMCE
[03:47:00] [126/456] SCKI
[03:47:01] [127/456] FSMA
[03:47:02] [128/456] CETA
[03:47:03] [129/456] MCIK
[03:47:04] [130/456] MYCR
[03:47:05] [131/456] EVMP
[03:47:06] [132/456] SSGT
[03:47:07] 🔄 Identity reset
[03:47:07] 🔄 Identity rotated (every 10 requests)
[03:47:07] [133/456] KCTK
[03:47:08] [134/456] ZTKC
[03:47:09] [135/456] MMTA
[03:47:10] [136/456] MAJT
[03:47:11] [137/456] ACPK
[03:47:12] [138/456] JMAX
[03:47:13] [139/456] SETK
[03:47:15] [140/456] CAIS
[03:47:16] [141/456] AGCD
[03:47:17] [142/456] URCL
[03:47:17] 🔄 Identity reset
[03:47:17] 🔄 Identity rotated (every 10 requests)
[03:47:18] [143/456] VTDS
[03:47:19] [144/456] JCNM
[03:47:20] [145/456] KCAM
[03:47:21] [146/456] ADCU
[03:47:21] [147/456] GXYN
[03:47:22] [148/456] SMJG
[03:47:23] [149/456] EYCJ
[03:47:25] [150/456] CCEJ
[03:47:25] [151/456] MARS
[03:47:27] [152/456] CPVJ
[03:47:27] 🔄 Identity reset
[03:47:27] 🔄 Identity rotated (every 10 requests)
[03:47:27] 🔄 Retry 1/5 for CPVJ in 2.9s
[03:47:27] 🔄 Identity reset
[03:47:30] 🧠 New identity created
[03:47:31] [153/456] INVP
[03:47:31] [154/456] CPOV
[03:47:32] [155/456] VIJK
[03:47:33] [156/456] LAIM
[03:47:34] [157/456] STHV
[03:47:35] [158/456] SVLJ
[03:47:36] [159/456] ATVJ
[03:47:38] [160/456] JTSC
[03:47:39] [161/456] RMTV
[03:47:39] 🔄 Identity reset
[03:47:39] 🔄 Identity rotated (every 10 requests)
[03:47:40] [162/456] MGGG
[03:47:41] [163/456] SWTH
[03:47:42] [164/456] INVJ
[03:47:44] [165/456] PRSV
[03:47:45] [166/456] JATV
[03:47:46] [167/456] RCVD
[03:47:48] [168/456] BDMA
[03:47:48] [169/456] BLJI
[03:47:50] [170/456] SWOT
[03:47:51] [171/456] SWRN
[03:47:52] 🔄 Identity reset
[03:47:52] 🔄 Identity rotated (every 10 requests)
[03:47:53] [172/456] TVRA
[03:47:54] [173/456] NVRN
[03:47:55] [174/456] SIKC
[03:47:56] [175/456] VAKR
[03:47:57] [176/456] SYLN
[03:47:57] [177/456] KLJL
[03:47:58] [178/456] LKMY
[03:47:59] [179/456] VSLY
[03:48:00] [180/456] CIKO
[03:48:01] [181/456] GPBG
[03:48:02] 🔄 Identity reset
[03:48:02] 🔄 Identity rotated (every 10 requests)
[03:48:02] [182/456] CECM
[03:48:03] [183/456] SLKB
[03:48:05] [184/456] MTBO
[03:48:05] [185/456] SSHB
[03:48:06] [186/456] VPCS
[03:48:07] [187/456] RCSR
[03:48:08] [188/456] RJRM
[03:48:09] [189/456] KPPB
[03:48:11] [190/456] SEDC
[03:48:12] [191/456] SCAI
[03:48:13] 🔄 Identity reset
[03:48:13] 🔄 Identity rotated (every 10 requests)
[03:48:13] [192/456] RMTR
[03:48:14] [193/456] ASST
[03:48:15] [194/456] GCAK
[03:48:16] [195/456] ANNK
[03:48:17] [196/456] KDDF
[03:48:18] [197/456] NRDP
[03:48:19] [198/456] PLAK
[03:48:20] [199/456] GCMC
[03:48:21] [200/456] ALPY
[03:48:22] [201/456] SICE
[03:48:23] 🔄 Identity reset
[03:48:23] 🔄 Identity rotated (every 10 requests)
[03:48:23] 🔄 Retry 1/5 for SICE in 2.2s
[03:48:23] 🔄 Identity reset
[03:48:25] 🧠 New identity created
[03:48:26] [202/456] SISR
[03:48:27] [203/456] SRPZ
[03:48:28] [204/456] SRSW
[03:48:29] [205/456] SUYA
[03:48:30] [206/456] AMMT
[03:48:31] [207/456] BHCU
[03:48:32] [208/456] KLPA
[03:48:33] [209/456] NVKH
[03:48:34] [210/456] JMRC
[03:48:35] 🔄 Identity reset
[03:48:35] 🔄 Identity rotated (every 10 requests)
[03:48:35] [211/456] KTTT
[03:48:36] [212/456] MAGH
[03:48:37] [213/456] MMMX
[03:48:38] [214/456] SALJ
[03:48:39] [215/456] GTJA
[03:48:40] [216/456] MAHT
[03:48:41] [217/456] SSNN
[03:48:42] [218/456] ARRP
[03:48:43] [219/456] ATNS
[03:48:44] [220/456] SKDT
[03:48:45] 🔄 Identity reset
[03:48:45] 🔄 Identity rotated (every 10 requests)
[03:48:45] 🔄 Retry 1/5 for SKDT in 2.8s
[03:48:45] 🔄 Identity reset
[03:48:48] 🧠 New identity created
[03:48:48] 🔄 Retry 2/5 for SKDT in 4.7s
[03:48:48] 🔄 Identity reset
[03:48:52] 🧠 New identity created
[03:48:53] 🔄 Retry 3/5 for SKDT in 8.7s
[03:48:53] 🔄 Identity reset
[03:49:01] 🧠 New identity created
[03:49:02] [221/456] ACAT
[03:49:03] [222/456] APRC
[03:49:05] [223/456] SWAG
[03:49:06] [224/456] SDPT
[03:49:07] [225/456] STPS
[03:49:09] [226/456] WWCZ
[03:49:09] [227/456] LLCH
[03:49:10] 🔄 Identity reset
[03:49:10] 🔄 Identity rotated (every 10 requests)
[03:49:10] [228/456] MZHA
[03:49:11] [229/456] CRJG
[03:49:12] [230/456] JGTK
[03:49:13] [231/456] KCSR
[03:49:14] [232/456] CHTL
[03:49:15] [233/456] EDSR
[03:49:16] [234/456] CSWO
[03:49:17] [235/456] CPVM
[03:49:19] [236/456] MXBY
[03:49:20] [237/456] FMMA
[03:49:21] 🔄 Identity reset
[03:49:21] 🔄 Identity rotated (every 10 requests)
[03:49:21] [238/456] POVI
[03:49:22] [239/456] MTHB
[03:49:23] [240/456] INRC
[03:49:24] [241/456] PIPP
[03:49:25] [242/456] BMXC
[03:49:27] [243/456] PCMM
[03:49:28] [244/456] PMKM
[03:49:29] [245/456] GATY
[03:49:30] [246/456] IMCM
[03:49:31] [247/456] POPE
[03:49:31] 🔄 Identity reset
[03:49:31] 🔄 Identity rotated (every 10 requests)
[03:49:32] [248/456] MTCR
[03:49:33] [249/456] PVAE
[03:49:33] [250/456] PVMI
[03:49:34] [251/456] CPNM
[03:49:35] [252/456] FMRL
[03:49:36] [253/456] MCIW
[03:49:37] [254/456] MXBO
[03:49:38] [255/456] FMKY
[03:49:39] [256/456] FMDA
[03:49:40] [257/456] THAB
[03:49:41] 🔄 Identity reset
[03:49:41] 🔄 Identity rotated (every 10 requests)
[03:49:41] 🔄 Retry 1/5 for THAB in 2.8s
[03:49:41] 🔄 Identity reset
[03:49:44] 🧠 New identity created
[03:49:44] [258/456] PRCW
[03:49:45] [259/456] PITI
[03:49:46] [260/456] MCFF
[03:49:47] [261/456] PDDV
[03:49:49] [262/456] MCRM
[03:49:50] [263/456] KKMB
[03:49:51] [264/456] INKO
[03:49:52] [265/456] PLXP
[03:49:53] [266/456] MMHA
[03:49:53] 🔄 Identity reset
[03:49:53] 🔄 Identity rotated (every 10 requests)
[03:49:54] [267/456] FMVS
[03:49:55] [268/456] POLM
[03:49:56] [269/456] STER
[03:49:57] [270/456] PVWJ
[03:49:58] [271/456] IMJW
[03:49:59] [272/456] FNAN
[03:50:00] [273/456] CAGL
[03:50:01] [274/456] IPBG
[03:50:02] [275/456] SMFV
[03:50:03] [276/456] MMMR
[03:50:04] 🔄 Identity reset
[03:50:04] 🔄 Identity rotated (every 10 requests)
[03:50:04] [277/456] MMWM
[03:50:05] [278/456] FNCM
[03:50:06] [279/456] MDVA
[03:50:08] [280/456] MMET
[03:50:09] [281/456] MIDO
[03:50:09] [282/456] INNP
[03:50:10] [283/456] MIFU
[03:50:11] [284/456] MMSZ
[03:50:12] [285/456] BMXA
[03:50:13] [286/456] MCAA
[03:50:14] 🔄 Identity reset
[03:50:14] 🔄 Identity rotated (every 10 requests)
[03:50:14] 🔄 Retry 1/5 for MCAA in 2.1s
[03:50:14] 🔄 Identity reset
[03:50:16] 🧠 New identity created
[03:50:17] [287/456] SCVP
[03:50:18] [288/456] PLUS
[03:50:19] [289/456] MUCK
[03:50:20] [290/456] MTMA
[03:50:21] [291/456] HPVR
[03:50:23] [292/456] PMPK
[03:50:24] [293/456] MAJB
[03:50:25] [294/456] CTRR
[03:50:26] [295/456] MCTG
[03:50:27] 🔄 Identity reset
[03:50:27] 🔄 Identity rotated (every 10 requests)
[03:50:27] [296/456] MACE
[03:50:28] [297/456] AAAS
[03:50:29] [298/456] CPVV
[03:50:30] [299/456] RCHG
[03:50:31] [300/456] MCNE
[03:50:32] [301/456] EMNC
[03:50:34] [302/456] MCAN
[03:50:35] [303/456] TCDM
[03:50:36] [304/456] IRGT
[03:50:37] [305/456] GCMG
[03:50:38] 🔄 Identity reset
[03:50:38] 🔄 Identity rotated (every 10 requests)
[03:50:38] 🔄 Retry 1/5 for GCMG in 2.3s
[03:50:38] 🔄 Identity reset
[03:50:41] 🧠 New identity created
[03:50:41] 🔄 Retry 2/5 for GCMG in 4.0s
[03:50:41] 🔄 Identity reset
[03:50:45] 🧠 New identity created
[03:50:45] 🔄 Retry 3/5 for GCMG in 8.6s
[03:50:45] 🔄 Identity reset
[03:50:53] 🧠 New identity created
[03:50:55] [306/456] MXSN
[03:50:55] [307/456] MXCK
[03:50:56] [308/456] MCRC
[03:50:57] [309/456] RSMI
[03:50:58] [310/456] WAML
[03:51:00] [311/456] MTSC
[03:51:01] [312/456] FMDR
[03:51:01] 🔄 Identity reset
[03:51:01] 🔄 Identity rotated (every 10 requests)
[03:51:02] [313/456] LEPV
[03:51:03] [314/456] MTGD
[03:51:05] [315/456] IMOB
[03:51:07] [316/456] CLMM
[03:51:08] [317/456] PZCD
[03:51:09] [318/456] GOCS
[03:51:10] [319/456] KCMA
[03:51:10] [320/456] CCMP
[03:51:11] [321/456] MTSU
[03:51:12] [322/456] SNGL
[03:51:13] 🔄 Identity reset
[03:51:13] 🔄 Identity rotated (every 10 requests)
[03:51:13] [323/456] MMMC
[03:51:15] [324/456] MMAA
[03:51:16] [325/456] GCDM
[03:51:17] [326/456] KTMV
[03:51:19] [327/456] AETE
[03:51:20] [328/456] OMCS
[03:51:20] [329/456] GDCD
[03:51:22] [330/456] NYMD
[03:51:22] [331/456] RNCV
[03:51:24] [332/456] KKMT
[03:51:25] 🔄 Identity reset
[03:51:25] 🔄 Identity rotated (every 10 requests)
[03:51:25] [333/456] GDTH
[03:51:26] [334/456] KMMV
[03:51:27] [335/456] NHCG
[03:51:28] [336/456] PJDW
[03:51:29] [337/456] MMCV
[03:51:30] [338/456] FQSA
[03:51:30] [339/456] KURL
[03:51:31] [340/456] NNNX
[03:51:32] [341/456] AMAU
[03:51:33] [342/456] VVVM
[03:51:34] 🔄 Identity reset
[03:51:34] 🔄 Identity rotated (every 10 requests)
[03:51:34] [343/456] VECU
[03:51:35] [344/456] WCVR
[03:51:36] [345/456] MTGG
[03:51:37] [346/456] SGTG
[03:51:38] [347/456] MNTG
[03:51:39] [348/456] JDDG
[03:51:40] [349/456] MBTK
[03:51:41] [350/456] SGCD
[03:51:43] [351/456] MCTC
[03:51:44] [352/456] JTPC
[03:51:44] 🔄 Identity reset
[03:51:44] 🔄 Identity rotated (every 10 requests)
[03:51:45] [353/456] SDKT
[03:51:46] [354/456] KRCC
[03:51:48] [355/456] RMMD
[03:51:48] [356/456] AAME
[03:51:50] [357/456] TMWC
[03:51:52] [358/456] NRWY
[03:51:53] [359/456] CITD
[03:51:54] [360/456] VERD
[03:51:54] [361/456] MKSK
[03:51:56] [362/456] STSM
[03:51:57] 🔄 Identity reset
[03:51:57] 🔄 Identity rotated (every 10 requests)
[03:51:57] [363/456] MJDG
[03:51:58] [364/456] RKPM
[03:51:59] [365/456] SSCE
[03:52:00] [366/456] VMAE
[03:52:01] [367/456] SBRU
[03:52:02] [368/456] AMBC
[03:52:03] [369/456] AMLU
[03:52:04] [370/456] INVZ
[03:52:05] [371/456] LGTV
[03:52:06] [372/456] SVAD
[03:52:07] 🔄 Identity reset
[03:52:07] 🔄 Identity rotated (every 10 requests)
[03:52:07] [373/456] SMSA
[03:52:08] [374/456] SPCZ
[03:52:10] [375/456] GTCX
[03:52:11] [376/456] SCSL
[03:52:12] [377/456] SAHU
[03:52:13] [378/456] NCDA
[03:52:14] [379/456] SCCG
[03:52:15] [380/456] VKTL
[03:52:16] [381/456] PUUJ
[03:52:17] [382/456] STEJ
[03:52:17] 🔄 Identity reset
[03:52:18] 🔄 Identity rotated (every 10 requests)
[03:52:18] [383/456] RJAL
[03:52:19] [384/456] ACJC
[03:52:20] [385/456] ARVB
[03:52:21] [386/456] AUBB
[03:52:22] [387/456] GDBR
[03:52:23] [388/456] PVND
[03:52:24] [389/456] BGRJ
[03:52:25] [390/456] RJMM
[03:52:26] [391/456] MCSA
[03:52:27] [392/456] BODA
[03:52:27] 🔄 Identity reset
[03:52:27] 🔄 Identity rotated (every 10 requests)
[03:52:28] [393/456] JAGG
[03:52:29] [394/456] SCGA
[03:52:30] [395/456] LRCM
[03:52:31] [396/456] CPCN
[03:52:32] [397/456] SSTF
[03:52:33] [398/456] SRXP
[03:52:34] [399/456] CNFX
[03:52:35] [400/456] ANDI
[03:52:36] [401/456] SYEW
[03:52:38] [402/456] RCRE
[03:52:38] 🔄 Identity reset
[03:52:38] 🔄 Identity rotated (every 10 requests)
[03:52:39] [403/456] SCRW
[03:52:40] [404/456] MBKR
[03:52:41] [405/456] ASNT
[03:52:42] [406/456] JTMT
[03:52:43] [407/456] SHAY
[03:52:44] [408/456] VRTH
[03:52:45] [409/456] SPTI
[03:52:46] [410/456] DPTD
[03:52:47] [411/456] TGSN
[03:52:48] [412/456] RCWV
[03:52:48] 🔄 Identity reset
[03:52:48] 🔄 Identity rotated (every 10 requests)
[03:52:49] [413/456] OCUR
[03:52:50] [414/456] KSTC
[03:52:51] [415/456] SANI
[03:52:52] [416/456] MLCA
[03:52:53] [417/456] EGCA
[03:52:54] [418/456] SYSN
[03:52:56] [419/456] PKTA
[03:52:57] [420/456] PRCC
[03:52:59] [421/456] KSTR
[03:53:00] [422/456] SNTP
[03:53:01] 🔄 Identity reset
[03:53:01] 🔄 Identity rotated (every 10 requests)
[03:53:01] [423/456] RCHA
[03:53:02] [424/456] SEEA
[03:53:03] [425/456] ALAT
[03:53:05] [426/456] AATV
[03:53:06] [427/456] RJTE
[03:53:07] [428/456] AAPP
[03:53:08] [429/456] PMMH
[03:53:10] [430/456] INRJ
[03:53:11] [431/456] SARB
[03:53:12] [432/456] PCJL
[03:53:12] 🔄 Identity reset
[03:53:12] 🔄 Identity rotated (every 10 requests)
[03:53:13] [433/456] PFJJ
[03:53:14] [434/456] GRDC
[03:53:14] [435/456] BCBA
[03:53:15] [436/456] VIXL
[03:53:16] [437/456] CSTL
[03:53:17] [438/456] MTDK
[03:53:18] [439/456] TDAC
[03:53:19] [440/456] GTDN
[03:53:20] [441/456] TTDE
[03:53:21] [442/456] ASTS
[03:53:22] 🔄 Identity reset
[03:53:22] 🔄 Identity rotated (every 10 requests)
[03:53:23] [443/456] CPNS
[03:53:24] [444/456] PVVW
[03:53:25] [445/456] USEB
[03:53:26] [446/456] DTYN
[03:53:27] [447/456] PVLE
[03:53:29] [448/456] CIPS
[03:53:30] [449/456] PAEG
[03:53:31] [450/456] PTCW
[03:53:33] [451/456] G3SR
[03:53:34] [452/456] PGND
[03:53:35] 🔄 Identity reset
[03:53:35] 🔄 Identity rotated (every 10 requests)
[03:53:36] [453/456] INVM
[03:53:37] [454/456] SPIA
[03:53:38] [455/456] PCSN
[03:53:39] [456/456] PPGV
[03:53:40] 🧹 Deduping shows
[03:53:40] ✅ DONE | Shows=900 | Movies=51
[11:12:48] 🚀 SCRIPT STARTED (enhanced anti‑detection)
[11:12:48] [1/456] FNDB
[11:12:48] 🧠 New identity created
[11:12:49] [2/456] AMBH
[11:12:50] [3/456] PRHN
[11:12:50] [4/456] ACPM
[11:12:51] [5/456] PVFS
[11:12:52] [6/456] AACN
[11:12:53] [7/456] ACAS
[11:12:54] [8/456] CTNR
[11:12:55] [9/456] MMAH
[11:12:56] [10/456] CPMH
[11:12:56] 🔄 Identity reset
[11:12:56] 🔄 Identity rotated (every 10 requests)
[11:12:57] [11/456] IGMH
[11:12:58] [12/456] ABCS
[11:12:58] [13/456] CMMA
[11:13:00] [14/456] GPRH
[11:13:01] [15/456] PNNG
[11:13:01] [16/456] AMCA
[11:13:02] [17/456] ISTN
[11:13:03] [18/456] PIIC
[11:13:04] [19/456] AHMH
[11:13:05] [20/456] ASHN
[11:13:05] 🔄 Identity reset
[11:13:05] 🔄 Identity rotated (every 10 requests)
[11:13:06] 🔄 Retry 1/5 for ASHN in 2.9s
[11:13:06] 🔄 Identity reset
[11:13:08] 🧠 New identity created
[11:13:08] 🔄 Retry 2/5 for ASHN in 4.1s
[11:13:08] 🔄 Identity reset
[11:13:13] 🧠 New identity created
[11:13:13] [21/456] INHY
[11:13:14] [22/456] SRMO
[11:13:14] [23/456] PIMH
[11:13:15] [24/456] PVTS
[11:13:15] [25/456] MMCA
[11:13:16] [26/456] AKYJ
[11:13:17] [27/456] BRKH
[11:13:18] [28/456] MAHM
[11:13:18] 🔄 Identity reset
[11:13:18] 🔄 Identity rotated (every 10 requests)
[11:13:18] 🔄 Retry 1/5 for MAHM in 2.5s
[11:13:18] 🔄 Identity reset
[11:13:21] 🧠 New identity created
[11:13:21] [29/456] CPHY
[11:13:23] [30/456] PVTP
[11:13:23] [31/456] SMMR
[11:13:24] [32/456] PVHM
[11:13:25] [33/456] SNDY
[11:13:25] [34/456] GOKU
[11:13:26] [35/456] ACEV
[11:13:27] [36/456] PVUM
[11:13:28] [37/456] VSWA
[11:13:28] 🔄 Identity reset
[11:13:28] 🔄 Identity rotated (every 10 requests)
[11:13:29] [38/456] IPRS
[11:13:30] [39/456] BKMV
[11:13:30] [40/456] PVYH
[11:13:31] [41/456] INKM
[11:13:32] [42/456] ARJU
[11:13:33] [43/456] JJPP
[11:13:33] [44/456] SSRM
[11:13:34] [45/456] HMHD
[11:13:35] [46/456] SNKH
[11:13:36] [47/456] ACHI
[11:13:37] 🔄 Identity reset
[11:13:37] 🔄 Identity rotated (every 10 requests)
[11:13:37] [48/456] MRAA
[11:13:38] [49/456] INMH
[11:13:38] [50/456] ARMH
[11:13:39] [51/456] DVRR
[11:13:40] [52/456] SUDA
[11:13:40] [53/456] MCSS
[11:13:41] [54/456] VRKC
[11:13:42] [55/456] PRCX
[11:13:43] [56/456] ASJY
[11:13:43] [57/456] MTHY
[11:13:44] 🔄 Identity reset
[11:13:44] 🔄 Identity rotated (every 10 requests)
[11:13:45] [58/456] SRCM
[11:13:45] [59/456] TVHY
[11:13:46] [60/456] STHD
[11:13:47] [61/456] CPCL
[11:13:48] [62/456] PSMJ
[11:13:48] [63/456] MRGT
[11:13:49] [64/456] ARYH
[11:13:50] [65/456] VTRB
[11:13:51] [66/456] SCHC
[11:13:51] [67/456] MRRG
[11:13:52] 🔄 Identity reset
[11:13:52] 🔄 Identity rotated (every 10 requests)
[11:13:52] [68/456] SPCB
[11:13:53] [69/456] AMCM
[11:13:54] [70/456] IVNM
[11:13:55] [71/456] TRHY
[11:13:55] [72/456] PTTH
[11:13:56] [73/456] RKMH
[11:13:57] [74/456] PRCS
[11:13:58] [75/456] VAJA
[11:13:58] [76/456] BJNG
[11:13:59] [77/456] SCVM
[11:14:00] 🔄 Identity reset
[11:14:00] 🔄 Identity rotated (every 10 requests)
[11:14:00] [78/456] GNHB
[11:14:00] [79/456] TLUR
[11:14:01] [80/456] UKCC
[11:14:02] [81/456] SRKR
[11:14:03] [82/456] RMKN
[11:14:03] [83/456] SLRT
[11:14:04] [84/456] LKMT
[11:14:05] [85/456] SSRJ
[11:14:05] [86/456] SPHT
[11:14:06] [87/456] ANTT
[11:14:07] 🔄 Identity reset
[11:14:07] 🔄 Identity rotated (every 10 requests)
[11:14:07] [88/456] SRCH
[11:14:08] [89/456] SRCA
[11:14:09] [90/456] ARTH
[11:14:09] [91/456] MCBH
[11:14:11] [92/456] SNIB
[11:14:11] [93/456] SART
[11:14:12] [94/456] SKTA
[11:14:14] [95/456] YAKT
[11:14:14] [96/456] MLCK
[11:14:15] [97/456] ANTS
[11:14:16] 🔄 Identity reset
[11:14:16] 🔄 Identity rotated (every 10 requests)
[11:14:16] [98/456] DGCA
[11:14:17] [99/456] SGMP
[11:14:18] [100/456] ASWN
[11:14:19] [101/456] KFVU
[11:14:20] [102/456] POOR
[11:14:21] [103/456] GKDN
[11:14:22] [104/456] EOSE
[11:14:24] [105/456] GTTT
[11:14:24] [106/456] ARRO
[11:14:25] [107/456] CMMK
[11:14:26] 🔄 Identity reset
[11:14:26] 🔄 Identity rotated (every 10 requests)
[11:14:26] [108/456] MSCN
[11:14:27] [109/456] GDKH
[11:14:28] [110/456] DLMT
[11:14:29] [111/456] PVMF
[11:14:30] [112/456] CPCK
[11:14:31] [113/456] VMHE
[11:14:32] [114/456] PVLC
[11:14:33] [115/456] PCVB
[11:14:34] [116/456] SNYK
[11:14:35] [117/456] KTEK
[11:14:35] 🔄 Identity reset
[11:14:35] 🔄 Identity rotated (every 10 requests)
[11:14:35] [118/456] PCNM
[11:14:36] [119/456] NTTR
[11:14:37] [120/456] CPSK
[11:14:38] [121/456] JMMA
[11:14:39] [122/456] GCFK
[11:14:40] [123/456] MYCA
[11:14:41] [124/456] KSNP
[11:14:42] [125/456] PMCE
[11:14:42] [126/456] SCKI
[11:14:43] [127/456] FSMA
[11:14:44] 🔄 Identity reset
[11:14:44] 🔄 Identity rotated (every 10 requests)
[11:14:44] 🔄 Retry 1/5 for FSMA in 2.5s
[11:14:44] 🔄 Identity reset
[11:14:47] 🧠 New identity created
[11:14:47] [128/456] CETA
[11:14:48] [129/456] MCIK
[11:14:48] [130/456] MYCR
[11:14:49] [131/456] EVMP
[11:14:51] [132/456] SSGT
[11:14:51] [133/456] KCTK
[11:14:53] [134/456] ZTKC
[11:14:54] [135/456] MMTA
[11:14:54] [136/456] MAJT
[11:14:55] 🔄 Identity reset
[11:14:55] 🔄 Identity rotated (every 10 requests)
[11:14:55] 🔄 Retry 1/5 for MAJT in 2.7s
[11:14:55] 🔄 Identity reset
[11:14:58] 🧠 New identity created
[11:14:58] [137/456] ACPK
[11:14:59] [138/456] JMAX
[11:15:00] [139/456] SETK
[11:15:01] [140/456] CAIS
[11:15:02] [141/456] AGCD
[11:15:03] [142/456] URCL
[11:15:04] [143/456] VTDS
[11:15:04] [144/456] JCNM
[11:15:05] [145/456] KCAM
[11:15:06] 🔄 Identity reset
[11:15:06] 🔄 Identity rotated (every 10 requests)
[11:15:06] [146/456] ADCU
[11:15:07] [147/456] GXYN
[11:15:08] [148/456] SMJG
[11:15:08] [149/456] EYCJ
[11:15:09] [150/456] CCEJ
[11:15:10] [151/456] MARS
[11:15:11] [152/456] CPVJ
[11:15:12] [153/456] INVP
[11:15:13] [154/456] CPOV
[11:15:13] [155/456] VIJK
[11:15:14] 🔄 Identity reset
[11:15:14] 🔄 Identity rotated (every 10 requests)
[11:15:14] [156/456] LAIM
[11:15:15] [157/456] STHV
[11:15:16] [158/456] SVLJ
[11:15:16] [159/456] ATVJ
[11:15:18] [160/456] JTSC
[11:15:19] [161/456] RMTV
[11:15:20] [162/456] MGGG
[11:15:21] [163/456] SWTH
[11:15:22] [164/456] INVJ
[11:15:23] [165/456] PRSV
[11:15:23] 🔄 Identity reset
[11:15:23] 🔄 Identity rotated (every 10 requests)
[11:15:24] [166/456] JATV
[11:15:24] [167/456] RCVD
[11:15:25] [168/456] BDMA
[11:15:26] [169/456] BLJI
[11:15:27] [170/456] SWOT
[11:15:28] [171/456] SWRN
[11:15:29] [172/456] TVRA
[11:15:29] [173/456] NVRN
[11:15:31] [174/456] SIKC
[11:15:32] [175/456] VAKR
[11:15:32] 🔄 Identity reset
[11:15:32] 🔄 Identity rotated (every 10 requests)
[11:15:33] [176/456] SYLN
[11:15:33] [177/456] KLJL
[11:15:34] [178/456] LKMY
[11:15:35] [179/456] VSLY
[11:15:35] [180/456] CIKO
[11:15:37] [181/456] GPBG
[11:15:38] [182/456] CECM
[11:15:39] [183/456] SLKB
[11:15:40] [184/456] MTBO
[11:15:41] [185/456] SSHB
[11:15:41] 🔄 Identity reset
[11:15:41] 🔄 Identity rotated (every 10 requests)
[11:15:41] 🔄 Retry 1/5 for SSHB in 2.2s
[11:15:41] 🔄 Identity reset
[11:15:43] 🧠 New identity created
[11:15:44] [186/456] VPCS
[11:15:44] [187/456] RCSR
[11:15:45] [188/456] RJRM
[11:15:46] [189/456] KPPB
[11:15:47] [190/456] SEDC
[11:15:48] [191/456] SCAI
[11:15:49] [192/456] RMTR
[11:15:50] [193/456] ASST
[11:15:51] [194/456] GCAK
[11:15:51] 🔄 Identity reset
[11:15:51] 🔄 Identity rotated (every 10 requests)
[11:15:52] [195/456] ANNK
[11:15:52] [196/456] KDDF
[11:15:53] [197/456] NRDP
[11:15:54] [198/456] PLAK
[11:15:55] [199/456] GCMC
[11:15:56] [200/456] ALPY
[11:15:57] [201/456] SICE
[11:15:58] [202/456] SISR
[11:15:59] [203/456] SRPZ
[11:16:00] [204/456] SRSW
[11:16:00] 🔄 Identity reset
[11:16:01] 🔄 Identity rotated (every 10 requests)
[11:16:01] [205/456] SUYA
[11:16:02] [206/456] AMMT
[11:16:03] [207/456] BHCU
[11:16:04] [208/456] KLPA
[11:16:05] [209/456] NVKH
[11:16:06] [210/456] JMRC
[11:16:07] [211/456] KTTT
[11:16:07] [212/456] MAGH
[11:16:08] [213/456] MMMX
[11:16:09] [214/456] SALJ
[11:16:10] 🔄 Identity reset
[11:16:10] 🔄 Identity rotated (every 10 requests)
[11:16:10] 🔄 Retry 1/5 for SALJ in 2.2s
[11:16:10] 🔄 Identity reset
[11:16:12] 🧠 New identity created
[11:16:12] [215/456] GTJA
[11:16:13] [216/456] MAHT
[11:16:15] [217/456] SSNN
[11:16:16] [218/456] ARRP
[11:16:17] [219/456] ATNS
[11:16:17] [220/456] SKDT
[11:16:18] [221/456] ACAT
[11:16:20] [222/456] APRC
[11:16:20] [223/456] SWAG
[11:16:21] 🔄 Identity reset
[11:16:21] 🔄 Identity rotated (every 10 requests)
[11:16:21] [224/456] SDPT
[11:16:22] [225/456] STPS
[11:16:23] [226/456] WWCZ
[11:16:24] [227/456] LLCH
[11:16:24] [228/456] MZHA
[11:16:25] [229/456] CRJG
[11:16:26] [230/456] JGTK
[11:16:27] [231/456] KCSR
[11:16:28] [232/456] CHTL
[11:16:29] [233/456] EDSR
[11:16:30] 🔄 Identity reset
[11:16:30] 🔄 Identity rotated (every 10 requests)
[11:16:30] [234/456] CSWO
[11:16:31] [235/456] CPVM
[11:16:32] [236/456] MXBY
[11:16:33] [237/456] FMMA
[11:16:33] [238/456] POVI
[11:16:34] [239/456] MTHB
[11:16:36] [240/456] INRC
[11:16:37] [241/456] PIPP
[11:16:37] [242/456] BMXC
[11:16:38] [243/456] PCMM
[11:16:39] 🔄 Identity reset
[11:16:39] 🔄 Identity rotated (every 10 requests)
[11:16:39] [244/456] PMKM
[11:16:41] [245/456] GATY
[11:16:42] [246/456] IMCM
[11:16:43] [247/456] POPE
[11:16:44] [248/456] MTCR
[11:16:44] [249/456] PVAE
[11:16:45] [250/456] PVMI
[11:16:46] [251/456] CPNM
[11:16:47] [252/456] FMRL
[11:16:48] [253/456] MCIW
[11:16:49] 🔄 Identity reset
[11:16:49] 🔄 Identity rotated (every 10 requests)
[11:16:49] [254/456] MXBO
[11:16:50] [255/456] FMKY
[11:16:51] [256/456] FMDA
[11:16:52] [257/456] THAB
[11:16:53] [258/456] PRCW
[11:16:54] [259/456] PITI
[11:16:55] [260/456] MCFF
[11:16:56] [261/456] PDDV
[11:16:57] [262/456] MCRM
[11:16:57] [263/456] KKMB
[11:16:58] 🔄 Identity reset
[11:16:58] 🔄 Identity rotated (every 10 requests)
[11:16:58] 🔄 Retry 1/5 for KKMB in 2.6s
[11:16:58] 🔄 Identity reset
[11:17:01] 🧠 New identity created
[11:17:01] 🔄 Retry 2/5 for KKMB in 4.4s
[11:17:01] 🔄 Identity reset
[11:17:05] 🧠 New identity created
[11:17:05] 🔄 Retry 3/5 for KKMB in 8.9s
[11:17:05] 🔄 Identity reset
[11:17:14] 🧠 New identity created
[11:17:15] [264/456] INKO
[11:17:15] [265/456] PLXP
[11:17:16] [266/456] MMHA
[11:17:17] [267/456] FMVS
[11:17:18] [268/456] POLM
[11:17:19] [269/456] STER
[11:17:19] [270/456] PVWJ
[11:17:20] 🔄 Identity reset
[11:17:20] 🔄 Identity rotated (every 10 requests)
[11:17:20] [271/456] IMJW
[11:17:21] [272/456] FNAN
[11:17:22] [273/456] CAGL
[11:17:23] [274/456] IPBG
[11:17:24] [275/456] SMFV
[11:17:25] [276/456] MMMR
[11:17:26] [277/456] MMWM
[11:17:27] [278/456] FNCM
[11:17:28] [279/456] MDVA
[11:17:29] [280/456] MMET
[11:17:29] 🔄 Identity reset
[11:17:30] 🔄 Identity rotated (every 10 requests)
[11:17:30] [281/456] MIDO
[11:17:31] [282/456] INNP
[11:17:31] [283/456] MIFU
[11:17:32] [284/456] MMSZ
[11:17:33] [285/456] BMXA
[11:17:34] [286/456] MCAA
[11:17:35] [287/456] SCVP
[11:17:36] [288/456] PLUS
[11:17:37] [289/456] MUCK
[11:17:37] [290/456] MTMA
[11:17:38] 🔄 Identity reset
[11:17:38] 🔄 Identity rotated (every 10 requests)
[11:17:38] 🔄 Retry 1/5 for MTMA in 3.0s
[11:17:38] 🔄 Identity reset
[11:17:41] 🧠 New identity created
[11:17:41] [291/456] HPVR
[11:17:42] [292/456] PMPK
[11:17:43] [293/456] MAJB
[11:17:44] [294/456] CTRR
[11:17:45] [295/456] MCTG
[11:17:46] [296/456] MACE
[11:17:47] [297/456] AAAS
[11:17:48] [298/456] CPVV
[11:17:49] [299/456] RCHG
[11:17:50] 🔄 Identity reset
[11:17:50] 🔄 Identity rotated (every 10 requests)
[11:17:50] [300/456] MCNE
[11:17:51] [301/456] EMNC
[11:17:52] [302/456] MCAN
[11:17:53] [303/456] TCDM
[11:17:54] [304/456] IRGT
[11:17:55] [305/456] GCMG
[11:17:56] [306/456] MXSN
[11:17:57] [307/456] MXCK
[11:17:57] [308/456] MCRC
[11:17:58] [309/456] RSMI
[11:17:59] 🔄 Identity reset
[11:17:59] 🔄 Identity rotated (every 10 requests)
[11:17:59] 🔄 Retry 1/5 for RSMI in 2.5s
[11:17:59] 🔄 Identity reset
[11:18:01] 🧠 New identity created
[11:18:02] [310/456] WAML
[11:18:03] [311/456] MTSC
[11:18:03] [312/456] FMDR
[11:18:04] [313/456] LEPV
[11:18:05] [314/456] MTGD
[11:18:06] [315/456] IMOB
[11:18:07] [316/456] CLMM
[11:18:08] [317/456] PZCD
[11:18:08] [318/456] GOCS
[11:18:09] 🔄 Identity reset
[11:18:09] 🔄 Identity rotated (every 10 requests)
[11:18:09] 🔄 Retry 1/5 for GOCS in 2.0s
[11:18:09] 🔄 Identity reset
[11:18:11] 🧠 New identity created
[11:18:11] [319/456] KCMA
[11:18:12] [320/456] CCMP
[11:18:13] [321/456] MTSU
[11:18:13] [322/456] SNGL
[11:18:14] [323/456] MMMC
[11:18:15] [324/456] MMAA
[11:18:16] [325/456] GCDM
[11:18:17] [326/456] KTMV
[11:18:18] [327/456] AETE
[11:18:19] 🔄 Identity reset
[11:18:19] 🔄 Identity rotated (every 10 requests)
[11:18:19] [328/456] OMCS
[11:18:20] [329/456] GDCD
[11:18:22] [330/456] NYMD
[11:18:23] [331/456] RNCV
[11:18:24] [332/456] KKMT
[11:18:25] [333/456] GDTH
[11:18:26] [334/456] KMMV
[11:18:27] [335/456] NHCG
[11:18:28] [336/456] PJDW
[11:18:29] [337/456] MMCV
[11:18:29] 🔄 Identity reset
[11:18:29] 🔄 Identity rotated (every 10 requests)
[11:18:30] [338/456] FQSA
[11:18:30] [339/456] KURL
[11:18:32] [340/456] NNNX
[11:18:32] [341/456] AMAU
[11:18:33] [342/456] VVVM
[11:18:34] [343/456] VECU
[11:18:35] [344/456] WCVR
[11:18:36] [345/456] MTGG
[11:18:37] [346/456] SGTG
[11:18:38] [347/456] MNTG
[11:18:38] 🔄 Identity reset
[11:18:38] 🔄 Identity rotated (every 10 requests)
[11:18:39] [348/456] JDDG
[11:18:39] [349/456] MBTK
[11:18:41] [350/456] SGCD
[11:18:42] [351/456] MCTC
[11:18:43] [352/456] JTPC
[11:18:44] [353/456] SDKT
[11:18:45] [354/456] KRCC
[11:18:46] [355/456] RMMD
[11:18:47] [356/456] AAME
[11:18:48] [357/456] TMWC
[11:18:49] 🔄 Identity reset
[11:18:49] 🔄 Identity rotated (every 10 requests)
[11:18:49] [358/456] NRWY
[11:18:50] [359/456] CITD
[11:18:50] [360/456] VERD
[11:18:51] [361/456] MKSK
[11:18:52] [362/456] STSM
[11:18:53] [363/456] MJDG
[11:18:54] [364/456] RKPM
[11:18:55] [365/456] SSCE
[11:18:56] [366/456] VMAE
[11:18:56] [367/456] SBRU
[11:18:57] 🔄 Identity reset
[11:18:57] 🔄 Identity rotated (every 10 requests)
[11:18:57] 🔄 Retry 1/5 for SBRU in 2.1s
[11:18:57] 🔄 Identity reset
[11:18:59] 🧠 New identity created
[11:18:59] 🔄 Retry 2/5 for SBRU in 4.2s
[11:18:59] 🔄 Identity reset
[11:19:03] 🧠 New identity created
[11:19:04] [368/456] AMBC
[11:19:05] [369/456] AMLU
[11:19:05] [370/456] INVZ
[11:19:06] [371/456] LGTV
[11:19:07] [372/456] SVAD
[11:19:08] [373/456] SMSA
[11:19:09] [374/456] SPCZ
[11:19:10] [375/456] GTCX
[11:19:10] 🔄 Identity reset
[11:19:10] 🔄 Identity rotated (every 10 requests)
[11:19:11] [376/456] SCSL
[11:19:12] [377/456] SAHU
[11:19:12] [378/456] NCDA
[11:19:13] [379/456] SCCG
[11:19:14] [380/456] VKTL
[11:19:15] [381/456] PUUJ
[11:19:16] [382/456] STEJ
[11:19:17] [383/456] RJAL
[11:19:17] [384/456] ACJC
[11:19:18] [385/456] ARVB
[11:19:19] 🔄 Identity reset
[11:19:19] 🔄 Identity rotated (every 10 requests)
[11:19:19] 🔄 Retry 1/5 for ARVB in 2.8s
[11:19:19] 🔄 Identity reset
[11:19:22] 🧠 New identity created
[11:19:22] [386/456] AUBB
[11:19:23] [387/456] GDBR
[11:19:25] [388/456] PVND
[11:19:26] [389/456] BGRJ
[11:19:26] [390/456] RJMM
[11:19:27] [391/456] MCSA
[11:19:28] [392/456] BODA
[11:19:29] [393/456] JAGG
[11:19:30] [394/456] SCGA
[11:19:30] 🔄 Identity reset
[11:19:30] 🔄 Identity rotated (every 10 requests)
[11:19:31] [395/456] LRCM
[11:19:31] [396/456] CPCN
[11:19:32] [397/456] SSTF
[11:19:33] [398/456] SRXP
[11:19:34] [399/456] CNFX
[11:19:35] [400/456] ANDI
[11:19:35] [401/456] SYEW
[11:19:37] [402/456] RCRE
[11:19:38] [403/456] SCRW
[11:19:38] [404/456] MBKR
[11:19:39] 🔄 Identity reset
[11:19:39] 🔄 Identity rotated (every 10 requests)
[11:19:39] [405/456] ASNT
[11:19:40] [406/456] JTMT
[11:19:41] [407/456] SHAY
[11:19:42] [408/456] VRTH
[11:19:43] [409/456] SPTI
[11:19:44] [410/456] DPTD
[11:19:45] [411/456] TGSN
[11:19:45] [412/456] RCWV
[11:19:46] [413/456] OCUR
[11:19:47] [414/456] KSTC
[11:19:48] 🔄 Identity reset
[11:19:48] 🔄 Identity rotated (every 10 requests)
[11:19:48] [415/456] SANI
[11:19:49] [416/456] MLCA
[11:19:50] [417/456] EGCA
[11:19:51] [418/456] SYSN
[11:19:51] [419/456] PKTA
[11:19:52] [420/456] PRCC
[11:19:53] [421/456] KSTR
[11:19:55] [422/456] SNTP
[11:19:56] [423/456] RCHA
[11:19:56] [424/456] SEEA
[11:19:57] 🔄 Identity reset
[11:19:57] 🔄 Identity rotated (every 10 requests)
[11:19:57] [425/456] ALAT
[11:19:58] [426/456] AATV
[11:19:59] [427/456] RJTE
[11:20:00] [428/456] AAPP
[11:20:01] [429/456] PMMH
[11:20:02] [430/456] INRJ
[11:20:02] [431/456] SARB
[11:20:03] [432/456] PCJL
[11:20:04] [433/456] PFJJ
[11:20:05] [434/456] GRDC
[11:20:06] 🔄 Identity reset
[11:20:06] 🔄 Identity rotated (every 10 requests)
[11:20:06] [435/456] BCBA
[11:20:07] [436/456] VIXL
[11:20:07] [437/456] CSTL
[11:20:08] [438/456] MTDK
[11:20:09] [439/456] TDAC
[11:20:10] [440/456] GTDN
[11:20:11] [441/456] TTDE
[11:20:12] [442/456] ASTS
[11:20:14] [443/456] CPNS
[11:20:15] [444/456] PVVW
[11:20:15] 🔄 Identity reset
[11:20:15] 🔄 Identity rotated (every 10 requests)
[11:20:16] [445/456] USEB
[11:20:16] [446/456] DTYN
[11:20:17] [447/456] PVLE
[11:20:19] [448/456] CIPS
[11:20:19] [449/456] PAEG
[11:20:20] [450/456] PTCW
[11:20:21] [451/456] G3SR
[11:20:22] [452/456] PGND
[11:20:23] [453/456] INVM
[11:20:24] [454/456] SPIA
[11:20:24] 🔄 Identity reset
[11:20:24] 🔄 Identity rotated (every 10 requests)
[11:20:25] [455/456] PCSN
[11:20:26] [456/456] PPGV
[11:20:27] 🧹 Deduping shows
[11:20:27] ✅ DONE | Shows=932 | Movies=51
