[03:44:09] 🚀 SCRIPT STARTED (enhanced anti‑detection)
[03:44:09] [1/455] MXGN
[03:44:10] 🧠 New identity created
[03:44:11] [2/455] PGGM
[03:44:12] [3/455] IPMJ
[03:44:12] [4/455] M2PP
[03:44:13] [5/455] PMMS
[03:44:15] [6/455] SCJN
[03:44:15] [7/455] CPUM
[03:44:16] [8/455] SCND
[03:44:17] [9/455] INWM
[03:44:19] [10/455] DVDC
[03:44:20] 🔄 Identity reset
[03:44:20] 🔄 Identity rotated (every 10 requests)
[03:44:20] [11/455] WVND
[03:44:21] [12/455] LBDL
[03:44:22] [13/455] CRGM
[03:44:23] [14/455] PVKS
[03:44:24] [15/455] PBLL
[03:44:25] [16/455] FNLN
[03:44:26] [17/455] PPDA
[03:44:27] [18/455] SCPT
[03:44:29] [19/455] IAJS
[03:44:29] [20/455] MMZG
[03:44:30] 🔄 Identity reset
[03:44:30] 🔄 Identity rotated (every 10 requests)
[03:44:30] 🔄 Retry 1/5 for MMZG in 2.0s
[03:44:30] 🔄 Identity reset
[03:44:32] 🧠 New identity created
[03:44:32] 🔄 Retry 2/5 for MMZG in 4.7s
[03:44:32] 🔄 Identity reset
[03:44:37] 🧠 New identity created
[03:44:38] [21/455] MCTI
[03:44:39] [22/455] PPMF
[03:44:40] [23/455] FNSD
[03:44:41] [24/455] M2RH
[03:44:42] [25/455] CPGV
[03:44:43] [26/455] PECD
[03:44:44] [27/455] CTEE
[03:44:45] [28/455] IOMG
[03:44:46] 🔄 Identity reset
[03:44:46] 🔄 Identity rotated (every 10 requests)
[03:44:47] [29/455] CIJA
[03:44:48] [30/455] NYCG
[03:44:49] [31/455] CEST
[03:44:50] [32/455] WVRG
[03:44:51] [33/455] DPDC
[03:44:52] [34/455] PDIV
[03:44:53] [35/455] MTPP
[03:44:54] [36/455] MHNU
[03:44:55] [37/455] WUPG
[03:44:56] [38/455] USCO
[03:44:56] 🔄 Identity reset
[03:44:56] 🔄 Identity rotated (every 10 requests)
[03:44:56] 🔄 Retry 1/5 for USCO in 2.1s
[03:44:56] 🔄 Identity reset
[03:44:58] 🧠 New identity created
[03:44:59] 🔄 Retry 2/5 for USCO in 4.4s
[03:44:59] 🔄 Identity reset
[03:45:03] 🧠 New identity created
[03:45:03] 🔄 Retry 3/5 for USCO in 8.4s
[03:45:03] 🔄 Identity reset
[03:45:12] 🧠 New identity created
[03:45:12] 🔄 Retry 4/5 for USCO in 16.7s
[03:45:12] 🔄 Identity reset
[03:45:28] 🧠 New identity created
[03:45:29] ❌ USCO failed after 5 attempts
[03:45:29] 🔄 Identity reset
[03:45:29] ❌ USCO final failure | RuntimeError | HTTP 403
[03:45:29] [39/455] INFR
[03:45:29] 🧠 New identity created
[03:45:30] [40/455] PVPD
[03:45:31] [41/455] RONC
[03:45:32] [42/455] IOCP
[03:45:33] [43/455] EMPS
[03:45:34] [44/455] PNAD
[03:45:35] 🔄 Identity reset
[03:45:35] 🔄 Identity rotated (every 10 requests)
[03:45:36] [45/455] VVGZ
[03:45:36] [46/455] MDDC
[03:45:37] [47/455] MMAP
[03:45:38] [48/455] GPDC
[03:45:39] [49/455] PVPU
[03:45:40] [50/455] DCMV
[03:45:41] [51/455] PCCF
[03:45:42] [52/455] MCEF
[03:45:43] [53/455] INRD
[03:45:44] [54/455] CCPZ
[03:45:45] 🔄 Identity reset
[03:45:45] 🔄 Identity rotated (every 10 requests)
[03:45:45] 🔄 Retry 1/5 for CCPZ in 2.4s
[03:45:45] 🔄 Identity reset
[03:45:47] 🧠 New identity created
[03:45:48] [55/455] BCWG
[03:45:49] [56/455] PMGU
[03:45:50] [57/455] MCVM
[03:45:51] [58/455] MCDE
[03:45:52] [59/455] IEFM
[03:45:54] [60/455] MXCS
[03:45:55] [61/455] RNMT
[03:45:57] [62/455] PSDD
[03:45:58] [63/455] PETA
[03:45:58] 🔄 Identity reset
[03:45:58] 🔄 Identity rotated (every 10 requests)
[03:45:59] [64/455] IZOP
[03:46:00] [65/455] PDEI
[03:46:00] [66/455] MTND
[03:46:02] [67/455] PCPL
[03:46:03] [68/455] LSCM
[03:46:04] [69/455] BTFD
[03:46:05] [70/455] MERM
[03:46:06] [71/455] PVMS
[03:46:07] [72/455] CIGK
[03:46:08] [73/455] INSG
[03:46:08] 🔄 Identity reset
[03:46:08] 🔄 Identity rotated (every 10 requests)
[03:46:09] [74/455] IDEN
[03:46:10] [75/455] MCGN
[03:46:11] [76/455] IGAM
[03:46:12] [77/455] SLCU
[03:46:12] [78/455] MIMU
[03:46:14] [79/455] QLAC
[03:46:15] [80/455] MENL
[03:46:16] [81/455] SCUR
[03:46:17] [82/455] MDGD
[03:46:18] [83/455] LSRS
[03:46:19] 🔄 Identity reset
[03:46:19] 🔄 Identity rotated (every 10 requests)
[03:46:19] [84/455] KMLG
[03:46:20] [85/455] MKLJ
[03:46:21] [86/455] IBYG
[03:46:22] [87/455] ISML
[03:46:23] [88/455] MJMM
[03:46:24] [89/455] RCGD
[03:46:25] [90/455] MMOC
[03:46:26] [91/455] RRCO
[03:46:27] [92/455] MEDM
[03:46:28] [93/455] MCAZ
[03:46:28] 🔄 Identity reset
[03:46:28] 🔄 Identity rotated (every 10 requests)
[03:46:29] [94/455] STWA
[03:46:30] [95/455] PFFG
[03:46:30] [96/455] GAGC
[03:46:31] [97/455] PMPM
[03:46:32] [98/455] HVCD
[03:46:34] [99/455] AKRF
[03:46:35] [100/455] AKRC
[03:46:36] [101/455] MIDA
[03:46:38] [102/455] MAGX
[03:46:39] [103/455] ESOS
[03:46:39] 🔄 Identity reset
[03:46:39] 🔄 Identity rotated (every 10 requests)
[03:46:40] [104/455] BBCL
[03:46:42] [105/455] LYAS
[03:46:42] [106/455] NRMS
[03:46:43] [107/455] BHUC
[03:46:44] [108/455] SRIC
[03:46:46] [109/455] PDME
[03:46:47] [110/455] MJCS
[03:46:48] [111/455] NRAA
[03:46:49] [112/455] VATA
[03:46:50] [113/455] MNKC
[03:46:51] 🔄 Identity reset
[03:46:51] 🔄 Identity rotated (every 10 requests)
[03:46:51] [114/455] DHCL
[03:46:52] [115/455] JCPC
[03:46:53] [116/455] CTML
[03:46:54] [117/455] RMMR
[03:46:55] [118/455] STTL
[03:46:56] [119/455] CNPS
[03:46:58] [120/455] ACKL
[03:46:59] [121/455] SCAU
[03:47:00] [122/455] RMIA
[03:47:00] [123/455] MANU
[03:47:01] 🔄 Identity reset
[03:47:01] 🔄 Identity rotated (every 10 requests)
[03:47:01] [124/455] ARDC
[03:47:02] [125/455] GLDA
[03:47:03] [126/455] KVSW
[03:47:04] [127/455] CGCA
[03:47:05] [128/455] CMLO
[03:47:06] [129/455] CECB
[03:47:07] [130/455] RCPN
[03:47:09] [131/455] ASMW
[03:47:10] [132/455] PWLM
[03:47:11] [133/455] ASGM
[03:47:12] 🔄 Identity reset
[03:47:12] 🔄 Identity rotated (every 10 requests)
[03:47:13] [134/455] ACWH
[03:47:13] [135/455] AAPW
[03:47:14] [136/455] RTWA
[03:47:16] [137/455] RAMW
[03:47:18] [138/455] VKTR
[03:47:19] [139/455] SMBH
[03:47:20] [140/455] BVDR
[03:47:21] [141/455] MRTP
[03:47:22] [142/455] BLBR
[03:47:23] [143/455] LPIN
[03:47:24] 🔄 Identity reset
[03:47:24] 🔄 Identity rotated (every 10 requests)
[03:47:24] [144/455] SNPC
[03:47:26] [145/455] PDCB
[03:47:27] [146/455] DYPK
[03:47:28] [147/455] INMK
[03:47:29] [148/455] PDCK
[03:47:31] [149/455] PCKR
[03:47:31] [150/455] SHUA
[03:47:33] [151/455] SCVK
[03:47:34] [152/455] STPA
[03:47:35] [153/455] WVHD
[03:47:36] 🔄 Identity reset
[03:47:36] 🔄 Identity rotated (every 10 requests)
[03:47:36] 🔄 Retry 1/5 for WVHD in 2.7s
[03:47:36] 🔄 Identity reset
[03:47:39] 🧠 New identity created
[03:47:40] [154/455] MRCH
[03:47:41] [155/455] MCNP
[03:47:42] [156/455] RCAG
[03:47:43] [157/455] JTSN
[03:47:44] [158/455] AANS
[03:47:46] [159/455] GDDR
[03:47:46] [160/455] SRER
[03:47:48] [161/455] JKMA
[03:47:49] [162/455] ARAN
[03:47:50] 🔄 Identity reset
[03:47:50] 🔄 Identity rotated (every 10 requests)
[03:47:50] [163/455] ALCT
[03:47:52] [164/455] CCTA
[03:47:52] [165/455] CNCT
[03:47:53] [166/455] NZBL
[03:47:54] [167/455] SRRA
[03:47:55] [168/455] SVPW
[03:47:57] [169/455] SRTW
[03:47:58] [170/455] XMTD
[03:47:59] [171/455] SCCZ
[03:48:00] [172/455] PBCR
[03:48:00] 🔄 Identity reset
[03:48:00] 🔄 Identity rotated (every 10 requests)
[03:48:01] [173/455] RTSC
[03:48:02] [174/455] TLSV
[03:48:03] [175/455] RMTK
[03:48:04] [176/455] SRAT
[03:48:05] [177/455] GCYC
[03:48:06] [178/455] HCAJ
[03:48:07] [179/455] LCXA
[03:48:08] [180/455] BINT
[03:48:09] [181/455] IXIM
[03:48:10] [182/455] MBCR
[03:48:11] 🔄 Identity reset
[03:48:11] 🔄 Identity rotated (every 10 requests)
[03:48:11] [183/455] BMCJ
[03:48:13] [184/455] NICJ
[03:48:15] [185/455] SCAJ
[03:48:16] [186/455] CMXS
[03:48:17] [187/455] MMSR
[03:48:18] [188/455] PRKT
[03:48:19] [189/455] LPTH
[03:48:20] [190/455] SARP
[03:48:22] [191/455] MNPP
[03:48:23] [192/455] PRLR
[03:48:24] 🔄 Identity reset
[03:48:24] 🔄 Identity rotated (every 10 requests)
[03:48:24] [193/455] RCMW
[03:48:25] [194/455] FCMG
[03:48:26] [195/455] RTNK
[03:48:27] [196/455] LRCP
[03:48:29] [197/455] DBJR
[03:48:30] [198/455] CACN
[03:48:31] [199/455] AMRL
[03:48:32] [200/455] SBBC
[03:48:33] [201/455] VENN
[03:48:34] [202/455] STSS
[03:48:35] 🔄 Identity reset
[03:48:35] 🔄 Identity rotated (every 10 requests)
[03:48:35] [203/455] SMRB
[03:48:36] [204/455] CCMX
[03:48:37] [205/455] KCMR
[03:48:38] [206/455] SALH
[03:48:39] [207/455] CGTT
[03:48:40] [208/455] PMDR
[03:48:41] [209/455] VCPM
[03:48:42] [210/455] RZMX
[03:48:43] [211/455] TMSY
[03:48:44] [212/455] NTMS
[03:48:45] 🔄 Identity reset
[03:48:45] 🔄 Identity rotated (every 10 requests)
[03:48:45] [213/455] VTAG
[03:48:46] [214/455] REMA
[03:48:47] [215/455] NXCC
[03:48:49] [216/455] SKYM
[03:48:50] [217/455] CCMO
[03:48:52] [218/455] DMXM
[03:48:53] [219/455] SPPM
[03:48:54] [220/455] PTKL
[03:48:55] [221/455] SLVO
[03:48:56] [222/455] VASL
[03:48:56] 🔄 Identity reset
[03:48:56] 🔄 Identity rotated (every 10 requests)
[03:48:57] [223/455] CBCM
[03:48:58] [224/455] STMA
[03:48:59] [225/455] LASK
[03:49:00] [226/455] VITE
[03:49:01] [227/455] AAST
[03:49:03] [228/455] JTPT
[03:49:04] [229/455] RRSH
[03:49:05] [230/455] CINL
[03:49:06] [231/455] MCSR
[03:49:06] [232/455] SBCF
[03:49:07] 🔄 Identity reset
[03:49:07] 🔄 Identity rotated (every 10 requests)
[03:49:07] [233/455] GCDU
[03:49:08] [234/455] PSPR
[03:49:09] [235/455] IMMO
[03:49:10] [236/455] CLGM
[03:49:11] [237/455] PBMM
[03:49:13] [238/455] CEHR
[03:49:14] [239/455] CPOE
[03:49:15] [240/455] PGFD
[03:49:16] [241/455] PSLC
[03:49:17] [242/455] MSMD
[03:49:18] 🔄 Identity reset
[03:49:18] 🔄 Identity rotated (every 10 requests)
[03:49:18] 🔄 Retry 1/5 for MSMD in 3.0s
[03:49:18] 🔄 Identity reset
[03:49:21] 🧠 New identity created
[03:49:21] 🔄 Retry 2/5 for MSMD in 4.9s
[03:49:21] 🔄 Identity reset
[03:49:26] 🧠 New identity created
[03:49:27] [243/455] FMFB
[03:49:28] [244/455] RKCL
[03:49:29] [245/455] PMMC
[03:49:30] [246/455] SKMM
[03:49:31] [247/455] VOIB
[03:49:32] [248/455] KINO
[03:49:33] [249/455] VCTP
[03:49:34] [250/455] PDWR
[03:49:35] 🔄 Identity reset
[03:49:35] 🔄 Identity rotated (every 10 requests)
[03:49:35] [251/455] SAED
[03:49:36] [252/455] SRRT
[03:49:37] [253/455] CVLG
[03:49:38] [254/455] SNGN
[03:49:39] [255/455] SIDA
[03:49:40] [256/455] IMCB
[03:49:41] [257/455] SMHP
[03:49:43] [258/455] GDTY
[03:49:44] [259/455] VYCH
[03:49:45] [260/455] PDYA
[03:49:46] 🔄 Identity reset
[03:49:46] 🔄 Identity rotated (every 10 requests)
[03:49:46] [261/455] RKDO
[03:49:47] [262/455] VECG
[03:49:48] [263/455] NFGD
[03:49:49] [264/455] SNDC
[03:49:50] [265/455] SDJH
[03:49:51] [266/455] HASV
[03:49:52] [267/455] PTYK
[03:49:53] [268/455] MUTB
[03:49:54] [269/455] AMRT
[03:49:55] [270/455] VACD
[03:49:55] 🔄 Identity reset
[03:49:55] 🔄 Identity rotated (every 10 requests)
[03:49:56] [271/455] SKDD
[03:49:57] [272/455] STGR
[03:49:58] [273/455] GDAK
[03:49:59] [274/455] SKHK
[03:50:00] [275/455] SLND
[03:50:01] [276/455] APAP
[03:50:02] [277/455] AYYA
[03:50:03] [278/455] VCCZ
[03:50:04] [279/455] MEML
[03:50:05] [280/455] MAOU
[03:50:06] 🔄 Identity reset
[03:50:06] 🔄 Identity rotated (every 10 requests)
[03:50:06] [281/455] ESND
[03:50:08] [282/455] PTBZ
[03:50:09] [283/455] LBCN
[03:50:10] [284/455] PAWA
[03:50:11] [285/455] ZEIC
[03:50:12] [286/455] CGMM
[03:50:14] [287/455] PJPM
[03:50:14] [288/455] ECMR
[03:50:15] [289/455] SHMZ
[03:50:16] [290/455] STCA
[03:50:17] 🔄 Identity reset
[03:50:17] 🔄 Identity rotated (every 10 requests)
[03:50:17] [291/455] VDRC
[03:50:18] [292/455] SEEM
[03:50:19] [293/455] MKNS
[03:50:20] [294/455] KPPP
[03:50:20] [295/455] CCML
[03:50:21] [296/455] CIBA
[03:50:22] [297/455] NACS
[03:50:23] [298/455] CTMK
[03:50:24] [299/455] CTCT
[03:50:25] [300/455] MCSN
[03:50:26] 🔄 Identity reset
[03:50:26] 🔄 Identity rotated (every 10 requests)
[03:50:26] [301/455] MAXX
[03:50:27] [302/455] MECB
[03:50:28] [303/455] NTBY
[03:50:30] [304/455] UTBI
[03:50:31] [305/455] RADK
[03:50:32] [306/455] STBY
[03:50:33] [307/455] GTBY
[03:50:34] [308/455] RRMB
[03:50:35] [309/455] ABRN
[03:50:36] [310/455] GTSG
[03:50:37] 🔄 Identity reset
[03:50:37] 🔄 Identity rotated (every 10 requests)
[03:50:37] [311/455] GBTG
[03:50:38] [312/455] SBGS
[03:50:39] [313/455] KBPM
[03:50:40] [314/455] SMHT
[03:50:41] [315/455] VTDM
[03:50:42] [316/455] ASCT
[03:50:43] [317/455] AWCT
[03:50:44] [318/455] DCCU
[03:50:45] [319/455] PSCE
[03:50:46] [320/455] KSNY
[03:50:47] 🔄 Identity reset
[03:50:47] 🔄 Identity rotated (every 10 requests)
[03:50:47] [321/455] ACID
[03:50:49] [322/455] LVCD
[03:50:50] [323/455] KSSB
[03:50:51] [324/455] SWTD
[03:50:52] [325/455] RBMR
[03:50:53] [326/455] SCBC
[03:50:54] [327/455] RKME
[03:50:55] [328/455] GALX
[03:50:56] [329/455] GCCH
[03:50:58] [330/455] RATR
[03:50:58] 🔄 Identity reset
[03:50:58] 🔄 Identity rotated (every 10 requests)
[03:50:59] [331/455] GTGA
[03:51:00] [332/455] LTTR
[03:51:01] [333/455] TTAA
[03:51:02] [334/455] TVHP
[03:51:03] [335/455] KVCS
[03:51:04] [336/455] CBMC
[03:51:05] [337/455] MAYJ
[03:51:06] [338/455] INPR
[03:51:07] [339/455] RSSC
[03:51:08] [340/455] PCAN
[03:51:08] 🔄 Identity reset
[03:51:09] 🔄 Identity rotated (every 10 requests)
[03:51:09] [341/455] PVHR
[03:51:11] [342/455] AGSM
[03:51:12] [343/455] PVES
[03:51:13] [344/455] INTO
[03:51:14] [345/455] ACON
[03:51:15] [346/455] PVPZ
[03:51:16] [347/455] PVHC
[03:51:17] [348/455] KSTK
[03:51:18] [349/455] PVSR
[03:51:18] [350/455] ACTN
[03:51:19] 🔄 Identity reset
[03:51:19] 🔄 Identity rotated (every 10 requests)
[03:51:20] [351/455] FMCN
[03:51:20] [352/455] PABC
[03:51:21] [353/455] SUTC
[03:51:22] [354/455] PGMV
[03:51:23] [355/455] GKCP
[03:51:24] [356/455] INCH
[03:51:25] [357/455] MLMT
[03:51:26] [358/455] SSCC
[03:51:27] [359/455] SLMP
[03:51:27] [360/455] VVTN
[03:51:28] 🔄 Identity reset
[03:51:28] 🔄 Identity rotated (every 10 requests)
[03:51:28] 🔄 Retry 1/5 for VVTN in 2.6s
[03:51:28] 🔄 Identity reset
[03:51:31] 🧠 New identity created
[03:51:31] [361/455] SBTR
[03:51:32] [362/455] PGRA
[03:51:33] [363/455] PBRM
[03:51:34] [364/455] GCRP
[03:51:35] [365/455] MCSK
[03:51:36] [366/455] NLTC
[03:51:38] [367/455] MTLM
[03:51:39] [368/455] VECT
[03:51:40] [369/455] KMRM
[03:51:40] 🔄 Identity reset
[03:51:40] 🔄 Identity rotated (every 10 requests)
[03:51:41] [370/455] RACM
[03:51:43] [371/455] WSTC
[03:51:43] [372/455] PVTJ
[03:51:44] [373/455] MMKC
[03:51:46] [374/455] SVWT
[03:51:47] [375/455] JOTG
[03:51:48] [376/455] VCDK
[03:51:49] [377/455] ANAC
[03:51:50] [378/455] GRTC
[03:51:51] [379/455] JTPL
[03:51:51] 🔄 Identity reset
[03:51:51] 🔄 Identity rotated (every 10 requests)
[03:51:53] [380/455] VRCP
[03:51:54] [381/455] REMC
[03:51:55] [382/455] ATMG
[03:51:56] [383/455] GAHC
[03:51:57] [384/455] JTMV
[03:51:58] [385/455] OMTT
[03:52:00] [386/455] GKKC
[03:52:01] [387/455] BBPO
[03:52:02] [388/455] ZCBB
[03:52:03] [389/455] DCGO
[03:52:04] 🔄 Identity reset
[03:52:04] 🔄 Identity rotated (every 10 requests)
[03:52:04] 🔄 Retry 1/5 for DCGO in 2.3s
[03:52:04] 🔄 Identity reset
[03:52:06] 🧠 New identity created
[03:52:07] [390/455] STOP
[03:52:08] [391/455] BSPC
[03:52:09] [392/455] SOND
[03:52:10] [393/455] GCKG
[03:52:11] [394/455] PCDB
[03:52:12] [395/455] PGRC
[03:52:13] [396/455] CSCT
[03:52:15] [397/455] STDA
[03:52:16] [398/455] JAYD
[03:52:16] 🔄 Identity reset
[03:52:17] 🔄 Identity rotated (every 10 requests)
[03:52:17] 🔄 Retry 1/5 for JAYD in 2.1s
[03:52:17] 🔄 Identity reset
[03:52:19] 🧠 New identity created
[03:52:19] [399/455] PPPD
[03:52:20] [400/455] KRTT
[03:52:21] [401/455] PTDT
[03:52:22] [402/455] TRSV
[03:52:23] [403/455] VELR
[03:52:24] [404/455] STDT
[03:52:25] [405/455] SATT
[03:52:26] [406/455] KCPM
[03:52:27] [407/455] MFCP
[03:52:27] 🔄 Identity reset
[03:52:27] 🔄 Identity rotated (every 10 requests)
[03:52:28] 🔄 Retry 1/5 for MFCP in 3.0s
[03:52:28] 🔄 Identity reset
[03:52:31] 🧠 New identity created
[03:52:31] [408/455] AXMP
[03:52:32] [409/455] LTVB
[03:52:33] [410/455] APST
[03:52:34] [411/455] DTVP
[03:52:35] [412/455] AAVB
[03:52:36] [413/455] PMBL
[03:52:38] [414/455] STKC
[03:52:39] [415/455] KKMA
[03:52:40] [416/455] NMXS
[03:52:40] 🔄 Identity reset
[03:52:40] 🔄 Identity rotated (every 10 requests)
[03:52:41] [417/455] DECX
[03:52:43] [418/455] MAPJ
[03:52:44] [419/455] SMLK
[03:52:45] [420/455] PMPU
[03:52:46] [421/455] AFST
[03:52:47] [422/455] SRSY
[03:52:48] [423/455] RMKT
[03:52:49] [424/455] RAJX
[03:52:50] [425/455] UVCD
[03:52:50] [426/455] LISA
[03:52:51] 🔄 Identity reset
[03:52:51] 🔄 Identity rotated (every 10 requests)
[03:52:51] [427/455] LMSR
[03:52:52] [428/455] PMCA
[03:52:53] [429/455] INPO
[03:52:55] [430/455] INGO
[03:52:55] [431/455] HFSQ
[03:52:57] [432/455] INMG
[03:52:58] [433/455] NYCP
[03:52:59] [434/455] HFSV
[03:53:00] [435/455] MMZP
[03:53:01] [436/455] KSES
[03:53:02] 🔄 Identity reset
[03:53:02] 🔄 Identity rotated (every 10 requests)
[03:53:02] 🔄 Retry 1/5 for KSES in 2.0s
[03:53:02] 🔄 Identity reset
[03:53:04] 🧠 New identity created
[03:53:04] [437/455] HFSA
[03:53:05] [438/455] ACMM
[03:53:07] [439/455] RCKD
[03:53:07] [440/455] BCKR
[03:53:08] [441/455] SFCO
[03:53:10] [442/455] JCCB
[03:53:11] [443/455] BCCR
[03:53:12] [444/455] NWCB
[03:53:13] [445/455] SAMT
[03:53:14] 🔄 Identity reset
[03:53:14] 🔄 Identity rotated (every 10 requests)
[03:53:14] [446/455] TMST
[03:53:16] [447/455] SJCN
[03:53:17] [448/455] MCBS
[03:53:18] [449/455] CMKR
[03:53:18] [450/455] INPM
[03:53:19] [451/455] WVMT
[03:53:20] [452/455] NYSM
[03:53:22] [453/455] RCMA
[03:53:23] [454/455] RECM
[03:53:24] [455/455] CYCM
[03:53:24] 🔄 Identity reset
[03:53:24] 🔄 Identity rotated (every 10 requests)
[03:53:25] 🔁 RETRY ROUND 1 | Remaining: 1
[03:53:25] [RETRY-1] USCO
[03:53:27] 🧹 Deduping shows
[03:53:27] ✅ DONE | Shows=744 | Movies=55
[11:12:51] 🚀 SCRIPT STARTED (enhanced anti‑detection)
[11:12:51] [1/455] MXGN
[11:12:52] 🧠 New identity created
[11:12:52] 🔄 Retry 1/5 for MXGN in 2.4s
[11:12:52] 🔄 Identity reset
[11:12:54] 🧠 New identity created
[11:12:54] 🔄 Retry 2/5 for MXGN in 4.6s
[11:12:54] 🔄 Identity reset
[11:12:59] 🧠 New identity created
[11:12:59] 🔄 Retry 3/5 for MXGN in 8.1s
[11:12:59] 🔄 Identity reset
[11:13:07] 🧠 New identity created
[11:13:07] 🔄 Retry 4/5 for MXGN in 16.1s
[11:13:07] 🔄 Identity reset
[11:13:24] 🧠 New identity created
[11:13:24] ❌ MXGN failed after 5 attempts
[11:13:24] 🔄 Identity reset
[11:13:24] ❌ MXGN final failure | RuntimeError | HTTP 403
[11:13:24] [2/455] PGGM
[11:13:24] 🧠 New identity created
[11:13:24] 🔄 Retry 1/5 for PGGM in 2.4s
[11:13:24] 🔄 Identity reset
[11:13:27] 🧠 New identity created
[11:13:27] 🔄 Retry 2/5 for PGGM in 4.6s
[11:13:27] 🔄 Identity reset
[11:13:32] 🧠 New identity created
[11:13:32] 🔄 Retry 3/5 for PGGM in 8.2s
[11:13:32] 🔄 Identity reset
[11:13:40] 🧠 New identity created
[11:13:40] 🔄 Retry 4/5 for PGGM in 16.2s
[11:13:40] 🔄 Identity reset
[11:13:56] 🧠 New identity created
[11:13:56] 🔄 Identity reset
[11:13:56] 🔄 Identity rotated (every 10 requests)
[11:13:56] ❌ PGGM failed after 5 attempts
[11:13:56] 🔄 Identity reset
[11:13:56] ❌ PGGM final failure | RuntimeError | HTTP 403
[11:13:56] [3/455] IPMJ
[11:13:57] 🧠 New identity created
[11:13:57] 🔄 Retry 1/5 for IPMJ in 2.1s
[11:13:57] 🔄 Identity reset
[11:13:59] 🧠 New identity created
[11:13:59] 🔄 Retry 2/5 for IPMJ in 4.2s
[11:13:59] 🔄 Identity reset
[11:14:04] 🧠 New identity created
[11:14:04] [4/455] M2PP
[11:14:05] [5/455] PMMS
[11:14:06] [6/455] SCJN
[11:14:07] [7/455] CPUM
[11:14:07] [8/455] SCND
[11:14:08] [9/455] INWM
[11:14:09] [10/455] DVDC
[11:14:10] 🔄 Identity reset
[11:14:10] 🔄 Identity rotated (every 10 requests)
[11:14:10] 🔄 Retry 1/5 for DVDC in 2.2s
[11:14:10] 🔄 Identity reset
[11:14:12] 🧠 New identity created
[11:14:12] [11/455] WVND
[11:14:13] [12/455] LBDL
[11:14:14] [13/455] CRGM
[11:14:15] [14/455] PVKS
[11:14:15] [15/455] PBLL
[11:14:16] [16/455] FNLN
[11:14:18] [17/455] PPDA
[11:14:19] [18/455] SCPT
[11:14:19] [19/455] IAJS
[11:14:20] 🔄 Identity reset
[11:14:20] 🔄 Identity rotated (every 10 requests)
[11:14:20] 🔄 Retry 1/5 for IAJS in 2.8s
[11:14:20] 🔄 Identity reset
[11:14:23] 🧠 New identity created
[11:14:23] 🔄 Retry 2/5 for IAJS in 4.5s
[11:14:23] 🔄 Identity reset
[11:14:28] 🧠 New identity created
[11:14:28] [20/455] MMZG
[11:14:29] [21/455] MCTI
[11:14:30] [22/455] PPMF
[11:14:30] [23/455] FNSD
[11:14:31] [24/455] M2RH
[11:14:32] [25/455] CPGV
[11:14:33] [26/455] PECD
[11:14:34] [27/455] CTEE
[11:14:34] 🔄 Identity reset
[11:14:34] 🔄 Identity rotated (every 10 requests)
[11:14:34] 🔄 Retry 1/5 for CTEE in 3.0s
[11:14:34] 🔄 Identity reset
[11:14:37] 🧠 New identity created
[11:14:38] [28/455] IOMG
[11:14:39] [29/455] CIJA
[11:14:39] [30/455] NYCG
[11:14:40] [31/455] CEST
[11:14:41] [32/455] WVRG
[11:14:42] [33/455] DPDC
[11:14:43] [34/455] PDIV
[11:14:44] [35/455] MTPP
[11:14:44] [36/455] MHNU
[11:14:45] 🔄 Identity reset
[11:14:45] 🔄 Identity rotated (every 10 requests)
[11:14:45] [37/455] WUPG
[11:14:46] [38/455] USCO
[11:14:47] [39/455] INFR
[11:14:49] [40/455] PVPD
[11:14:50] [41/455] RONC
[11:14:51] [42/455] IOCP
[11:14:52] [43/455] EMPS
[11:14:53] [44/455] PNAD
[11:14:54] [45/455] VVGZ
[11:14:55] [46/455] MDDC
[11:14:55] 🔄 Identity reset
[11:14:55] 🔄 Identity rotated (every 10 requests)
[11:14:55] 🔄 Retry 1/5 for MDDC in 2.0s
[11:14:55] 🔄 Identity reset
[11:14:57] 🧠 New identity created
[11:14:58] [47/455] MMAP
[11:14:58] [48/455] GPDC
[11:14:59] [49/455] PVPU
[11:15:00] [50/455] DCMV
[11:15:01] [51/455] PCCF
[11:15:02] [52/455] MCEF
[11:15:03] [53/455] INRD
[11:15:04] [54/455] CCPZ
[11:15:05] [55/455] BCWG
[11:15:06] 🔄 Identity reset
[11:15:06] 🔄 Identity rotated (every 10 requests)
[11:15:06] 🔄 Retry 1/5 for BCWG in 2.1s
[11:15:06] 🔄 Identity reset
[11:15:08] 🧠 New identity created
[11:15:08] [56/455] PMGU
[11:15:09] [57/455] MCVM
[11:15:10] [58/455] MCDE
[11:15:11] [59/455] IEFM
[11:15:11] [60/455] MXCS
[11:15:12] [61/455] RNMT
[11:15:13] [62/455] PSDD
[11:15:14] [63/455] PETA
[11:15:15] [64/455] IZOP
[11:15:16] 🔄 Identity reset
[11:15:16] 🔄 Identity rotated (every 10 requests)
[11:15:16] [65/455] PDEI
[11:15:17] [66/455] MTND
[11:15:18] [67/455] PCPL
[11:15:19] [68/455] LSCM
[11:15:20] [69/455] BTFD
[11:15:21] [70/455] MERM
[11:15:22] [71/455] PVMS
[11:15:23] [72/455] CIGK
[11:15:24] [73/455] INSG
[11:15:25] [74/455] IDEN
[11:15:26] 🔄 Identity reset
[11:15:26] 🔄 Identity rotated (every 10 requests)
[11:15:26] 🔄 Retry 1/5 for IDEN in 3.0s
[11:15:26] 🔄 Identity reset
[11:15:29] 🧠 New identity created
[11:15:29] 🔄 Retry 2/5 for IDEN in 4.1s
[11:15:29] 🔄 Identity reset
[11:15:33] 🧠 New identity created
[11:15:33] 🔄 Retry 3/5 for IDEN in 8.7s
[11:15:33] 🔄 Identity reset
[11:15:41] 🧠 New identity created
[11:15:42] 🔄 Retry 4/5 for IDEN in 16.2s
[11:15:42] 🔄 Identity reset
[11:15:58] 🧠 New identity created
[11:15:59] [75/455] MCGN
[11:16:00] [76/455] IGAM
[11:16:01] [77/455] SLCU
[11:16:03] [78/455] MIMU
[11:16:04] [79/455] QLAC
[11:16:05] [80/455] MENL
[11:16:06] 🔄 Identity reset
[11:16:06] 🔄 Identity rotated (every 10 requests)
[11:16:06] 🔄 Retry 1/5 for MENL in 2.9s
[11:16:06] 🔄 Identity reset
[11:16:09] 🧠 New identity created
[11:16:09] 🔄 Retry 2/5 for MENL in 4.8s
[11:16:09] 🔄 Identity reset
[11:16:14] 🧠 New identity created
[11:16:14] [81/455] SCUR
[11:16:15] [82/455] MDGD
[11:16:16] [83/455] LSRS
[11:16:17] [84/455] KMLG
[11:16:18] [85/455] MKLJ
[11:16:20] [86/455] IBYG
[11:16:21] [87/455] ISML
[11:16:22] [88/455] MJMM
[11:16:22] 🔄 Identity reset
[11:16:22] 🔄 Identity rotated (every 10 requests)
[11:16:22] 🔄 Retry 1/5 for MJMM in 2.5s
[11:16:22] 🔄 Identity reset
[11:16:25] 🧠 New identity created
[11:16:26] [89/455] RCGD
[11:16:27] [90/455] MMOC
[11:16:28] [91/455] RRCO
[11:16:29] [92/455] MEDM
[11:16:30] [93/455] MCAZ
[11:16:31] [94/455] STWA
[11:16:32] [95/455] PFFG
[11:16:33] [96/455] GAGC
[11:16:34] [97/455] PMPM
[11:16:35] 🔄 Identity reset
[11:16:35] 🔄 Identity rotated (every 10 requests)
[11:16:35] 🔄 Retry 1/5 for PMPM in 2.9s
[11:16:35] 🔄 Identity reset
[11:16:38] 🧠 New identity created
[11:16:38] 🔄 Retry 2/5 for PMPM in 4.4s
[11:16:38] 🔄 Identity reset
[11:16:42] 🧠 New identity created
[11:16:42] 🔄 Retry 3/5 for PMPM in 8.6s
[11:16:42] 🔄 Identity reset
[11:16:51] 🧠 New identity created
[11:16:51] 🔄 Retry 4/5 for PMPM in 16.1s
[11:16:51] 🔄 Identity reset
[11:17:07] 🧠 New identity created
[11:17:07] ❌ PMPM failed after 5 attempts
[11:17:07] 🔄 Identity reset
[11:17:07] ❌ PMPM final failure | RuntimeError | HTTP 403
[11:17:07] [98/455] HVCD
[11:17:08] 🧠 New identity created
[11:17:08] 🔄 Retry 1/5 for HVCD in 2.9s
[11:17:08] 🔄 Identity reset
[11:17:11] 🧠 New identity created
[11:17:11] 🔄 Retry 2/5 for HVCD in 4.9s
[11:17:11] 🔄 Identity reset
[11:17:16] 🧠 New identity created
[11:17:16] 🔄 Retry 3/5 for HVCD in 8.8s
[11:17:16] 🔄 Identity reset
[11:17:25] 🧠 New identity created
[11:17:25] 🔄 Retry 4/5 for HVCD in 16.5s
[11:17:25] 🔄 Identity reset
[11:17:41] 🧠 New identity created
[11:17:41] ❌ HVCD failed after 5 attempts
[11:17:41] 🔄 Identity reset
[11:17:41] ❌ HVCD final failure | RuntimeError | HTTP 403
[11:17:41] [99/455] AKRF
[11:17:42] 🧠 New identity created
[11:17:42] 🔄 Identity reset
[11:17:42] 🔄 Identity rotated (every 10 requests)
[11:17:43] [100/455] AKRC
[11:17:43] [101/455] MIDA
[11:17:44] [102/455] MAGX
[11:17:45] [103/455] ESOS
[11:17:46] [104/455] BBCL
[11:17:47] [105/455] LYAS
[11:17:47] [106/455] NRMS
[11:17:48] [107/455] BHUC
[11:17:49] [108/455] SRIC
[11:17:50] [109/455] PDME
[11:17:51] 🔄 Identity reset
[11:17:51] 🔄 Identity rotated (every 10 requests)
[11:17:51] 🔄 Retry 1/5 for PDME in 2.5s
[11:17:51] 🔄 Identity reset
[11:17:53] 🧠 New identity created
[11:17:54] [110/455] MJCS
[11:17:55] [111/455] NRAA
[11:17:56] [112/455] VATA
[11:17:56] [113/455] MNKC
[11:17:57] [114/455] DHCL
[11:17:58] [115/455] JCPC
[11:18:00] [116/455] CTML
[11:18:01] [117/455] RMMR
[11:18:01] [118/455] STTL
[11:18:02] 🔄 Identity reset
[11:18:02] 🔄 Identity rotated (every 10 requests)
[11:18:02] 🔄 Retry 1/5 for STTL in 2.9s
[11:18:02] 🔄 Identity reset
[11:18:05] 🧠 New identity created
[11:18:05] [119/455] CNPS
[11:18:06] [120/455] ACKL
[11:18:07] [121/455] SCAU
[11:18:08] [122/455] RMIA
[11:18:09] [123/455] MANU
[11:18:09] [124/455] ARDC
[11:18:10] [125/455] GLDA
[11:18:11] [126/455] KVSW
[11:18:12] [127/455] CGCA
[11:18:13] 🔄 Identity reset
[11:18:13] 🔄 Identity rotated (every 10 requests)
[11:18:13] [128/455] CMLO
[11:18:14] [129/455] CECB
[11:18:15] [130/455] RCPN
[11:18:16] [131/455] ASMW
[11:18:17] [132/455] PWLM
[11:18:18] [133/455] ASGM
[11:18:19] [134/455] ACWH
[11:18:20] [135/455] AAPW
[11:18:21] [136/455] RTWA
[11:18:22] [137/455] RAMW
[11:18:22] 🔄 Identity reset
[11:18:22] 🔄 Identity rotated (every 10 requests)
[11:18:23] [138/455] VKTR
[11:18:24] [139/455] SMBH
[11:18:25] [140/455] BVDR
[11:18:26] [141/455] MRTP
[11:18:27] [142/455] BLBR
[11:18:28] [143/455] LPIN
[11:18:30] [144/455] SNPC
[11:18:31] [145/455] PDCB
[11:18:32] [146/455] DYPK
[11:18:33] [147/455] INMK
[11:18:33] 🔄 Identity reset
[11:18:33] 🔄 Identity rotated (every 10 requests)
[11:18:33] 🔄 Retry 1/5 for INMK in 2.8s
[11:18:33] 🔄 Identity reset
[11:18:36] 🧠 New identity created
[11:18:36] 🔄 Retry 2/5 for INMK in 4.9s
[11:18:36] 🔄 Identity reset
[11:18:41] 🧠 New identity created
[11:18:41] 🔄 Retry 3/5 for INMK in 8.1s
[11:18:41] 🔄 Identity reset
[11:18:49] 🧠 New identity created
[11:18:49] 🔄 Retry 4/5 for INMK in 16.3s
[11:18:49] 🔄 Identity reset
[11:19:06] 🧠 New identity created
[11:19:06] ❌ INMK failed after 5 attempts
[11:19:06] 🔄 Identity reset
[11:19:06] ❌ INMK final failure | RuntimeError | HTTP 403
[11:19:06] [148/455] PDCK
[11:19:07] 🧠 New identity created
[11:19:07] 🔄 Retry 1/5 for PDCK in 2.8s
[11:19:07] 🔄 Identity reset
[11:19:09] 🧠 New identity created
[11:19:10] [149/455] PCKR
[11:19:11] [150/455] SHUA
[11:19:12] [151/455] SCVK
[11:19:13] [152/455] STPA
[11:19:13] 🔄 Identity reset
[11:19:13] 🔄 Identity rotated (every 10 requests)
[11:19:13] 🔄 Retry 1/5 for STPA in 2.5s
[11:19:13] 🔄 Identity reset
[11:19:16] 🧠 New identity created
[11:19:16] 🔄 Retry 2/5 for STPA in 4.3s
[11:19:16] 🔄 Identity reset
[11:19:20] 🧠 New identity created
[11:19:20] [153/455] WVHD
[11:19:21] [154/455] MRCH
[11:19:22] [155/455] MCNP
[11:19:23] [156/455] RCAG
[11:19:24] [157/455] JTSN
[11:19:25] [158/455] AANS
[11:19:26] [159/455] GDDR
[11:19:27] [160/455] SRER
[11:19:27] 🔄 Identity reset
[11:19:27] 🔄 Identity rotated (every 10 requests)
[11:19:27] [161/455] JKMA
[11:19:28] [162/455] ARAN
[11:19:29] [163/455] ALCT
[11:19:30] [164/455] CCTA
[11:19:31] [165/455] CNCT
[11:19:32] [166/455] NZBL
[11:19:33] [167/455] SRRA
[11:19:34] [168/455] SVPW
[11:19:35] [169/455] SRTW
[11:19:36] [170/455] XMTD
[11:19:36] 🔄 Identity reset
[11:19:36] 🔄 Identity rotated (every 10 requests)
[11:19:36] 🔄 Retry 1/5 for XMTD in 2.5s
[11:19:36] 🔄 Identity reset
[11:19:39] 🧠 New identity created
[11:19:39] 🔄 Retry 2/5 for XMTD in 4.5s
[11:19:39] 🔄 Identity reset
[11:19:43] 🧠 New identity created
[11:19:43] 🔄 Retry 3/5 for XMTD in 8.1s
[11:19:43] 🔄 Identity reset
[11:19:51] 🧠 New identity created
[11:19:52] [171/455] SCCZ
[11:19:53] [172/455] PBCR
[11:19:54] [173/455] RTSC
[11:19:55] [174/455] TLSV
[11:19:55] [175/455] RMTK
[11:19:56] [176/455] SRAT
[11:19:57] [177/455] GCYC
[11:19:58] 🔄 Identity reset
[11:19:58] 🔄 Identity rotated (every 10 requests)
[11:19:58] [178/455] HCAJ
[11:19:59] [179/455] LCXA
[11:20:00] [180/455] BINT
[11:20:01] [181/455] IXIM
[11:20:02] [182/455] MBCR
[11:20:03] [183/455] BMCJ
[11:20:03] [184/455] NICJ
[11:20:04] [185/455] SCAJ
[11:20:05] [186/455] CMXS
[11:20:06] [187/455] MMSR
[11:20:07] 🔄 Identity reset
[11:20:07] 🔄 Identity rotated (every 10 requests)
[11:20:07] 🔄 Retry 1/5 for MMSR in 2.6s
[11:20:07] 🔄 Identity reset
[11:20:09] 🧠 New identity created
[11:20:09] 🔄 Retry 2/5 for MMSR in 4.3s
[11:20:09] 🔄 Identity reset
[11:20:14] 🧠 New identity created
[11:20:14] 🔄 Retry 3/5 for MMSR in 8.7s
[11:20:14] 🔄 Identity reset
[11:20:22] 🧠 New identity created
[11:20:23] [188/455] PRKT
[11:20:24] [189/455] LPTH
[11:20:25] [190/455] SARP
[11:20:26] [191/455] MNPP
[11:20:27] [192/455] PRLR
[11:20:28] [193/455] RCMW
[11:20:29] [194/455] FCMG
[11:20:29] 🔄 Identity reset
[11:20:29] 🔄 Identity rotated (every 10 requests)
[11:20:30] [195/455] RTNK
[11:20:31] [196/455] LRCP
[11:20:32] [197/455] DBJR
[11:20:33] [198/455] CACN
[11:20:34] [199/455] AMRL
[11:20:34] [200/455] SBBC
[11:20:35] [201/455] VENN
[11:20:36] [202/455] STSS
[11:20:37] [203/455] SMRB
[11:20:38] [204/455] CCMX
[11:20:38] 🔄 Identity reset
[11:20:38] 🔄 Identity rotated (every 10 requests)
[11:20:40] [205/455] KCMR
[11:20:40] [206/455] SALH
[11:20:41] [207/455] CGTT
[11:20:42] [208/455] PMDR
[11:20:43] [209/455] VCPM
[11:20:44] [210/455] RZMX
[11:20:45] [211/455] TMSY
[11:20:46] [212/455] NTMS
[11:20:46] [213/455] VTAG
[11:20:47] [214/455] REMA
[11:20:48] 🔄 Identity reset
[11:20:48] 🔄 Identity rotated (every 10 requests)
[11:20:48] 🔄 Retry 1/5 for REMA in 2.4s
[11:20:48] 🔄 Identity reset
[11:20:50] 🧠 New identity created
[11:20:50] 🔄 Retry 2/5 for REMA in 5.0s
[11:20:50] 🔄 Identity reset
[11:20:55] 🧠 New identity created
[11:20:56] [215/455] NXCC
[11:20:57] [216/455] SKYM
[11:20:58] [217/455] CCMO
[11:20:59] [218/455] DMXM
[11:21:01] [219/455] SPPM
[11:21:01] [220/455] PTKL
[11:21:02] [221/455] SLVO
[11:21:03] [222/455] VASL
[11:21:04] 🔄 Identity reset
[11:21:04] 🔄 Identity rotated (every 10 requests)
[11:21:04] 🔄 Retry 1/5 for VASL in 2.8s
[11:21:04] 🔄 Identity reset
[11:21:07] 🧠 New identity created
[11:21:07] [223/455] CBCM
[11:21:08] [224/455] STMA
[11:21:09] [225/455] LASK
[11:21:10] [226/455] VITE
[11:21:11] [227/455] AAST
[11:21:12] [228/455] JTPT
[11:21:12] [229/455] RRSH
[11:21:13] [230/455] CINL
[11:21:14] [231/455] MCSR
[11:21:14] 🔄 Identity reset
[11:21:14] 🔄 Identity rotated (every 10 requests)
[11:21:15] [232/455] SBCF
[11:21:16] [233/455] GCDU
[11:21:16] [234/455] PSPR
[11:21:18] [235/455] IMMO
[11:21:20] [236/455] CLGM
[11:21:20] [237/455] PBMM
[11:21:22] [238/455] CEHR
[11:21:23] [239/455] CPOE
[11:21:24] [240/455] PGFD
[11:21:25] [241/455] PSLC
[11:21:25] 🔄 Identity reset
[11:21:25] 🔄 Identity rotated (every 10 requests)
[11:21:26] [242/455] MSMD
[11:21:27] [243/455] FMFB
[11:21:27] [244/455] RKCL
[11:21:28] [245/455] PMMC
[11:21:29] [246/455] SKMM
[11:21:30] [247/455] VOIB
[11:21:31] [248/455] KINO
[11:21:32] [249/455] VCTP
[11:21:34] [250/455] PDWR
[11:21:34] [251/455] SAED
[11:21:35] 🔄 Identity reset
[11:21:35] 🔄 Identity rotated (every 10 requests)
[11:21:35] 🔄 Retry 1/5 for SAED in 2.0s
[11:21:35] 🔄 Identity reset
[11:21:37] 🧠 New identity created
[11:21:37] [252/455] SRRT
[11:21:38] [253/455] CVLG
[11:21:39] [254/455] SNGN
[11:21:41] [255/455] SIDA
[11:21:42] [256/455] IMCB
[11:21:42] [257/455] SMHP
[11:21:43] [258/455] GDTY
[11:21:44] [259/455] VYCH
[11:21:45] [260/455] PDYA
[11:21:46] 🔄 Identity reset
[11:21:46] 🔄 Identity rotated (every 10 requests)
[11:21:46] 🔄 Retry 1/5 for PDYA in 2.5s
[11:21:46] 🔄 Identity reset
[11:21:48] 🧠 New identity created
[11:21:49] [261/455] RKDO
[11:21:49] [262/455] VECG
[11:21:50] [263/455] NFGD
[11:21:51] [264/455] SNDC
[11:21:52] [265/455] SDJH
[11:21:53] [266/455] HASV
[11:21:53] [267/455] PTYK
[11:21:54] [268/455] MUTB
[11:21:55] [269/455] AMRT
[11:21:56] 🔄 Identity reset
[11:21:56] 🔄 Identity rotated (every 10 requests)
[11:21:56] [270/455] VACD
[11:21:57] [271/455] SKDD
[11:21:58] [272/455] STGR
[11:21:59] [273/455] GDAK
[11:22:00] [274/455] SKHK
[11:22:01] [275/455] SLND
[11:22:01] [276/455] APAP
[11:22:02] [277/455] AYYA
[11:22:03] [278/455] VCCZ
[11:22:05] [279/455] MEML
[11:22:05] 🔄 Identity reset
[11:22:05] 🔄 Identity rotated (every 10 requests)
[11:22:06] [280/455] MAOU
[11:22:06] [281/455] ESND
[11:22:07] [282/455] PTBZ
[11:22:08] [283/455] LBCN
[11:22:09] [284/455] PAWA
[11:22:10] [285/455] ZEIC
[11:22:11] [286/455] CGMM
[11:22:12] [287/455] PJPM
[11:22:13] [288/455] ECMR
[11:22:14] [289/455] SHMZ
[11:22:15] 🔄 Identity reset
[11:22:15] 🔄 Identity rotated (every 10 requests)
[11:22:15] 🔄 Retry 1/5 for SHMZ in 2.7s
[11:22:15] 🔄 Identity reset
[11:22:17] 🧠 New identity created
[11:22:18] [290/455] STCA
[11:22:19] [291/455] VDRC
[11:22:20] [292/455] SEEM
[11:22:22] [293/455] MKNS
[11:22:23] [294/455] KPPP
[11:22:24] [295/455] CCML
[11:22:25] [296/455] CIBA
[11:22:25] [297/455] NACS
[11:22:26] [298/455] CTMK
[11:22:27] 🔄 Identity reset
[11:22:27] 🔄 Identity rotated (every 10 requests)
[11:22:27] 🔄 Retry 1/5 for CTMK in 2.2s
[11:22:27] 🔄 Identity reset
[11:22:29] 🧠 New identity created
[11:22:30] [299/455] CTCT
[11:22:30] [300/455] MCSN
[11:22:31] [301/455] MAXX
[11:22:32] [302/455] MECB
[11:22:34] [303/455] NTBY
[11:22:35] [304/455] UTBI
[11:22:35] [305/455] RADK
[11:22:36] [306/455] STBY
[11:22:37] [307/455] GTBY
[11:22:37] 🔄 Identity reset
[11:22:38] 🔄 Identity rotated (every 10 requests)
[11:22:38] [308/455] RRMB
[11:22:39] [309/455] ABRN
[11:22:40] [310/455] GTSG
[11:22:41] [311/455] GBTG
[11:22:41] [312/455] SBGS
[11:22:42] [313/455] KBPM
[11:22:43] [314/455] SMHT
[11:22:44] [315/455] VTDM
[11:22:45] [316/455] ASCT
[11:22:47] [317/455] AWCT
[11:22:47] 🔄 Identity reset
[11:22:47] 🔄 Identity rotated (every 10 requests)
[11:22:47] 🔄 Retry 1/5 for AWCT in 2.9s
[11:22:47] 🔄 Identity reset
[11:22:50] 🧠 New identity created
[11:22:50] [318/455] DCCU
[11:22:51] [319/455] PSCE
[11:22:53] [320/455] KSNY
[11:22:54] [321/455] ACID
[11:22:55] [322/455] LVCD
[11:22:55] [323/455] KSSB
[11:22:56] [324/455] SWTD
[11:22:57] [325/455] RBMR
[11:22:58] [326/455] SCBC
[11:22:59] 🔄 Identity reset
[11:22:59] 🔄 Identity rotated (every 10 requests)
[11:22:59] [327/455] RKME
[11:23:00] [328/455] GALX
[11:23:01] [329/455] GCCH
[11:23:02] [330/455] RATR
[11:23:02] [331/455] GTGA
[11:23:04] [332/455] LTTR
[11:23:05] [333/455] TTAA
[11:23:06] [334/455] TVHP
[11:23:07] [335/455] KVCS
[11:23:08] [336/455] CBMC
[11:23:08] 🔄 Identity reset
[11:23:08] 🔄 Identity rotated (every 10 requests)
[11:23:09] [337/455] MAYJ
[11:23:10] [338/455] INPR
[11:23:10] [339/455] RSSC
[11:23:11] [340/455] PCAN
[11:23:12] [341/455] PVHR
[11:23:13] [342/455] AGSM
[11:23:14] [343/455] PVES
[11:23:15] [344/455] INTO
[11:23:16] [345/455] ACON
[11:23:16] [346/455] PVPZ
[11:23:17] 🔄 Identity reset
[11:23:17] 🔄 Identity rotated (every 10 requests)
[11:23:18] [347/455] PVHC
[11:23:19] [348/455] KSTK
[11:23:20] [349/455] PVSR
[11:23:21] [350/455] ACTN
[11:23:22] [351/455] FMCN
[11:23:23] [352/455] PABC
[11:23:24] [353/455] SUTC
[11:23:25] [354/455] PGMV
[11:23:26] [355/455] GKCP
[11:23:27] [356/455] INCH
[11:23:27] 🔄 Identity reset
[11:23:27] 🔄 Identity rotated (every 10 requests)
[11:23:28] 🔄 Retry 1/5 for INCH in 2.5s
[11:23:28] 🔄 Identity reset
[11:23:30] 🧠 New identity created
[11:23:30] 🔄 Retry 2/5 for INCH in 4.8s
[11:23:30] 🔄 Identity reset
[11:23:35] 🧠 New identity created
[11:23:36] [357/455] MLMT
[11:23:37] [358/455] SSCC
[11:23:38] [359/455] SLMP
[11:23:39] [360/455] VVTN
[11:23:40] [361/455] SBTR
[11:23:42] [362/455] PGRA
[11:23:43] [363/455] PBRM
[11:23:43] [364/455] GCRP
[11:23:44] 🔄 Identity reset
[11:23:44] 🔄 Identity rotated (every 10 requests)
[11:23:44] [365/455] MCSK
[11:23:45] [366/455] NLTC
[11:23:46] [367/455] MTLM
[11:23:47] [368/455] VECT
[11:23:48] [369/455] KMRM
[11:23:49] [370/455] RACM
[11:23:50] [371/455] WSTC
[11:23:50] [372/455] PVTJ
[11:23:51] [373/455] MMKC
[11:23:52] [374/455] SVWT
[11:23:53] 🔄 Identity reset
[11:23:53] 🔄 Identity rotated (every 10 requests)
[11:23:53] 🔄 Retry 1/5 for SVWT in 2.8s
[11:23:53] 🔄 Identity reset
[11:23:55] 🧠 New identity created
[11:23:56] 🔄 Retry 2/5 for SVWT in 4.5s
[11:23:56] 🔄 Identity reset
[11:24:00] 🧠 New identity created
[11:24:00] [375/455] JOTG
[11:24:01] [376/455] VCDK
[11:24:02] [377/455] ANAC
[11:24:03] [378/455] GRTC
[11:24:04] [379/455] JTPL
[11:24:05] [380/455] VRCP
[11:24:07] [381/455] REMC
[11:24:08] [382/455] ATMG
[11:24:08] 🔄 Identity reset
[11:24:08] 🔄 Identity rotated (every 10 requests)
[11:24:09] [383/455] GAHC
[11:24:09] [384/455] JTMV
[11:24:10] [385/455] OMTT
[11:24:11] [386/455] GKKC
[11:24:12] [387/455] BBPO
[11:24:13] [388/455] ZCBB
[11:24:14] [389/455] DCGO
[11:24:15] [390/455] STOP
[11:24:17] [391/455] BSPC
[11:24:18] [392/455] SOND
[11:24:18] 🔄 Identity reset
[11:24:18] 🔄 Identity rotated (every 10 requests)
[11:24:19] [393/455] GCKG
[11:24:19] [394/455] PCDB
[11:24:20] [395/455] PGRC
[11:24:21] [396/455] CSCT
[11:24:22] [397/455] STDA
[11:24:23] [398/455] JAYD
[11:24:24] [399/455] PPPD
[11:24:26] [400/455] KRTT
[11:24:26] [401/455] PTDT
[11:24:27] [402/455] TRSV
[11:24:28] 🔄 Identity reset
[11:24:28] 🔄 Identity rotated (every 10 requests)
[11:24:28] [403/455] VELR
[11:24:29] [404/455] STDT
[11:24:30] [405/455] SATT
[11:24:31] [406/455] KCPM
[11:24:32] [407/455] MFCP
[11:24:32] [408/455] AXMP
[11:24:33] [409/455] LTVB
[11:24:34] [410/455] APST
[11:24:35] [411/455] DTVP
[11:24:36] [412/455] AAVB
[11:24:37] 🔄 Identity reset
[11:24:37] 🔄 Identity rotated (every 10 requests)
[11:24:37] [413/455] PMBL
[11:24:38] [414/455] STKC
[11:24:39] [415/455] KKMA
[11:24:40] [416/455] NMXS
[11:24:40] [417/455] DECX
[11:24:41] [418/455] MAPJ
[11:24:42] [419/455] SMLK
[11:24:43] [420/455] PMPU
[11:24:44] [421/455] AFST
[11:24:45] [422/455] SRSY
[11:24:45] 🔄 Identity reset
[11:24:45] 🔄 Identity rotated (every 10 requests)
[11:24:45] 🔄 Retry 1/5 for SRSY in 2.5s
[11:24:45] 🔄 Identity reset
[11:24:48] 🧠 New identity created
[11:24:48] 🔄 Retry 2/5 for SRSY in 4.4s
[11:24:48] 🔄 Identity reset
[11:24:52] 🧠 New identity created
[11:24:52] [423/455] RMKT
[11:24:53] [424/455] RAJX
[11:24:54] [425/455] UVCD
[11:24:55] [426/455] LISA
[11:24:56] [427/455] LMSR
[11:24:56] [428/455] PMCA
[11:24:58] [429/455] INPO
[11:24:59] [430/455] INGO
[11:25:00] 🔄 Identity reset
[11:25:00] 🔄 Identity rotated (every 10 requests)
[11:25:00] 🔄 Retry 1/5 for INGO in 2.6s
[11:25:00] 🔄 Identity reset
[11:25:03] 🧠 New identity created
[11:25:03] [431/455] HFSQ
[11:25:04] [432/455] INMG
[11:25:04] [433/455] NYCP
[11:25:05] [434/455] HFSV
[11:25:06] [435/455] MMZP
[11:25:07] [436/455] KSES
[11:25:08] [437/455] HFSA
[11:25:09] [438/455] ACMM
[11:25:10] [439/455] RCKD
[11:25:10] 🔄 Identity reset
[11:25:10] 🔄 Identity rotated (every 10 requests)
[11:25:10] 🔄 Retry 1/5 for RCKD in 2.4s
[11:25:10] 🔄 Identity reset
[11:25:13] 🧠 New identity created
[11:25:13] [440/455] BCKR
[11:25:14] [441/455] SFCO
[11:25:15] [442/455] JCCB
[11:25:16] [443/455] BCCR
[11:25:17] [444/455] NWCB
[11:25:18] [445/455] SAMT
[11:25:19] [446/455] TMST
[11:25:19] [447/455] SJCN
[11:25:20] [448/455] MCBS
[11:25:21] 🔄 Identity reset
[11:25:21] 🔄 Identity rotated (every 10 requests)
[11:25:21] 🔄 Retry 1/5 for MCBS in 2.8s
[11:25:21] 🔄 Identity reset
[11:25:24] 🧠 New identity created
[11:25:24] [449/455] CMKR
[11:25:25] [450/455] INPM
[11:25:26] [451/455] WVMT
[11:25:27] [452/455] NYSM
[11:25:28] [453/455] RCMA
[11:25:29] [454/455] RECM
[11:25:30] [455/455] CYCM
[11:25:31] 🔁 RETRY ROUND 1 | Remaining: 5
[11:25:31] [RETRY-1] MXGN
[11:25:34] [RETRY-1] INMK
[11:25:35] 🔄 Identity reset
[11:25:35] 🔄 Identity rotated (every 10 requests)
[11:25:36] [RETRY-1] HVCD
[11:25:39] [RETRY-1] PMPM
[11:25:41] [RETRY-1] PGGM
[11:25:44] 🧹 Deduping shows
[11:25:44] ✅ DONE | Shows=845 | Movies=59
