[03:44:16] 🚀 SCRIPT STARTED (enhanced anti‑detection)
[03:44:16] [1/459] MCCZ
[03:44:16] 🧠 New identity created
[03:44:16] 🔄 Retry 1/5 for MCCZ in 2.6s
[03:44:16] 🔄 Identity reset
[03:44:19] 🧠 New identity created
[03:44:20] [2/459] FRPU
[03:44:21] [3/459] SKSI
[03:44:23] [4/459] SSCK
[03:44:24] [5/459] SRDC
[03:44:25] [6/459] RSCZ
[03:44:26] [7/459] PRVT
[03:44:26] [8/459] GAGJ
[03:44:28] [9/459] SMHG
[03:44:29] 🔄 Identity reset
[03:44:29] 🔄 Identity rotated (every 10 requests)
[03:44:29] 🔄 Retry 1/5 for SMHG in 2.2s
[03:44:29] 🔄 Identity reset
[03:44:31] 🧠 New identity created
[03:44:31] [10/459] JTST
[03:44:32] [11/459] MYTH
[03:44:33] [12/459] JPCC
[03:44:34] [13/459] ACDC
[03:44:35] [14/459] SVFP
[03:44:36] [15/459] SFCM
[03:44:37] [16/459] RUPK
[03:44:38] [17/459] NTCR
[03:44:39] [18/459] RTCH
[03:44:39] 🔄 Identity reset
[03:44:39] 🔄 Identity rotated (every 10 requests)
[03:44:39] 🔄 Retry 1/5 for RTCH in 2.1s
[03:44:39] 🔄 Identity reset
[03:44:41] 🧠 New identity created
[03:44:41] 🔄 Retry 2/5 for RTCH in 4.1s
[03:44:41] 🔄 Identity reset
[03:44:45] 🧠 New identity created
[03:44:45] 🔄 Retry 3/5 for RTCH in 8.5s
[03:44:45] 🔄 Identity reset
[03:44:54] 🧠 New identity created
[03:44:54] 🔄 Retry 4/5 for RTCH in 16.4s
[03:44:54] 🔄 Identity reset
[03:45:10] 🧠 New identity created
[03:45:10] ❌ RTCH failed after 5 attempts
[03:45:10] 🔄 Identity reset
[03:45:10] ❌ RTCH final failure | RuntimeError | HTTP 403
[03:45:10] [19/459] SCMH
[03:45:11] 🧠 New identity created
[03:45:12] [20/459] SVYM
[03:45:12] [21/459] SPYM
[03:45:13] [22/459] SMMF
[03:45:14] [23/459] CLLB
[03:45:15] [24/459] FMCB
[03:45:16] 🔄 Identity reset
[03:45:16] 🔄 Identity rotated (every 10 requests)
[03:45:16] [25/459] BBTC
[03:45:17] [26/459] NTHS
[03:45:18] [27/459] PKKJ
[03:45:19] [28/459] MTJA
[03:45:20] [29/459] PMSJ
[03:45:21] [30/459] JMJU
[03:45:22] [31/459] SRAD
[03:45:23] [32/459] MJMC
[03:45:24] [33/459] DFRM
[03:45:25] [34/459] PMRS
[03:45:25] 🔄 Identity reset
[03:45:25] 🔄 Identity rotated (every 10 requests)
[03:45:25] [35/459] RKPP
[03:45:26] [36/459] BMBK
[03:45:27] [37/459] NEWS
[03:45:28] [38/459] SALB
[03:45:30] [39/459] SCPW
[03:45:31] [40/459] RAYL
[03:45:32] [41/459] CMGJ
[03:45:33] [42/459] JRCR
[03:45:34] [43/459] SRTB
[03:45:35] [44/459] ETPB
[03:45:35] 🔄 Identity reset
[03:45:35] 🔄 Identity rotated (every 10 requests)
[03:45:36] 🔄 Retry 1/5 for ETPB in 2.9s
[03:45:36] 🔄 Identity reset
[03:45:38] 🧠 New identity created
[03:45:38] 🔄 Retry 2/5 for ETPB in 4.0s
[03:45:38] 🔄 Identity reset
[03:45:42] 🧠 New identity created
[03:45:43] [45/459] MXBN
[03:45:44] [46/459] TOPE
[03:45:44] [47/459] SNLJ
[03:45:45] [48/459] CDDP
[03:45:47] [49/459] APCX
[03:45:48] [50/459] TALP
[03:45:49] [51/459] RRMP
[03:45:50] [52/459] MAHB
[03:45:50] 🔄 Identity reset
[03:45:50] 🔄 Identity rotated (every 10 requests)
[03:45:50] 🔄 Retry 1/5 for MAHB in 2.9s
[03:45:50] 🔄 Identity reset
[03:45:53] 🧠 New identity created
[03:45:53] [53/459] MTKR
[03:45:54] [54/459] KSKL
[03:45:55] [55/459] RJLT
[03:45:56] [56/459] ATAS
[03:45:57] [57/459] AMHR
[03:45:58] [58/459] RSRM
[03:45:59] [59/459] GCAT
[03:45:59] [60/459] SMML
[03:46:00] [61/459] ACCD
[03:46:01] 🔄 Identity reset
[03:46:01] 🔄 Identity rotated (every 10 requests)
[03:46:01] 🔄 Retry 1/5 for ACCD in 2.5s
[03:46:01] 🔄 Identity reset
[03:46:04] 🧠 New identity created
[03:46:04] [62/459] VYDA
[03:46:06] [63/459] MSKT
[03:46:07] [64/459] AVDM
[03:46:08] [65/459] ASMH
[03:46:08] [66/459] VTMB
[03:46:09] [67/459] WVMB
[03:46:10] [68/459] PPMN
[03:46:11] [69/459] MTMD
[03:46:12] [70/459] SMMO
[03:46:13] 🔄 Identity reset
[03:46:13] 🔄 Identity rotated (every 10 requests)
[03:46:13] [71/459] DLPB
[03:46:14] [72/459] AKMD
[03:46:15] [73/459] SHRR
[03:46:16] [74/459] ASCO
[03:46:17] [75/459] CZVX
[03:46:18] [76/459] GCBB
[03:46:19] [77/459] ATBM
[03:46:20] [78/459] TCGM
[03:46:21] [79/459] UMSE
[03:46:22] [80/459] NKCL
[03:46:23] 🔄 Identity reset
[03:46:23] 🔄 Identity rotated (every 10 requests)
[03:46:23] [81/459] BTLR
[03:46:24] [82/459] GOCL
[03:46:25] [83/459] MIRN
[03:46:26] [84/459] THEC
[03:46:27] [85/459] SPPB
[03:46:28] [86/459] PMMM
[03:46:28] [87/459] GGMC
[03:46:29] [88/459] AVSR
[03:46:30] [89/459] RDMH
[03:46:31] [90/459] JSRS
[03:46:32] 🔄 Identity reset
[03:46:32] 🔄 Identity rotated (every 10 requests)
[03:46:32] 🔄 Retry 1/5 for JSRS in 2.4s
[03:46:32] 🔄 Identity reset
[03:46:34] 🧠 New identity created
[03:46:34] [91/459] VKGP
[03:46:35] [92/459] ACRT
[03:46:36] [93/459] GCBA
[03:46:38] [94/459] GTCP
[03:46:39] [95/459] AKFC
[03:46:40] [96/459] INCS
[03:46:42] [97/459] SMCK
[03:46:43] [98/459] BRUN
[03:46:45] [99/459] RPPC
[03:46:45] 🔄 Identity reset
[03:46:45] 🔄 Identity rotated (every 10 requests)
[03:46:45] 🔄 Retry 1/5 for RPPC in 2.1s
[03:46:45] 🔄 Identity reset
[03:46:47] 🧠 New identity created
[03:46:48] [100/459] PAYD
[03:46:49] [101/459] SVVT
[03:46:50] [102/459] RNCC
[03:46:51] [103/459] PCRC
[03:46:52] [104/459] PMRM
[03:46:53] [105/459] CCRP
[03:46:54] [106/459] INCR
[03:46:55] [107/459] ZTMP
[03:46:56] [108/459] MCNR
[03:46:57] 🔄 Identity reset
[03:46:57] 🔄 Identity rotated (every 10 requests)
[03:46:57] [109/459] INRP
[03:46:58] [110/459] STRC
[03:46:59] [111/459] RATI
[03:47:00] [112/459] PBTR
[03:47:01] [113/459] CMHP
[03:47:02] [114/459] ZECJ
[03:47:03] [115/459] CCCB
[03:47:04] [116/459] BWCB
[03:47:05] [117/459] CCAT
[03:47:06] [118/459] KGCM
[03:47:07] 🔄 Identity reset
[03:47:07] 🔄 Identity rotated (every 10 requests)
[03:47:07] [119/459] INPT
[03:47:08] [120/459] FNCO
[03:47:09] [121/459] SRMJ
[03:47:10] [122/459] PFSC
[03:47:11] [123/459] PBMC
[03:47:12] [124/459] KARP
[03:47:14] [125/459] KOVI
[03:47:15] [126/459] ACXL
[03:47:16] [127/459] GKCC
[03:47:17] [128/459] ASCC
[03:47:17] 🔄 Identity reset
[03:47:17] 🔄 Identity rotated (every 10 requests)
[03:47:17] 🔄 Retry 1/5 for ASCC in 2.2s
[03:47:17] 🔄 Identity reset
[03:47:20] 🧠 New identity created
[03:47:20] [129/459] SETC
[03:47:21] [130/459] KACC
[03:47:22] [131/459] KAVE
[03:47:23] [132/459] CNTC
[03:47:24] [133/459] MEEN
[03:47:24] [134/459] BMRV
[03:47:25] [135/459] SVAM
[03:47:26] [136/459] VTBP
[03:47:27] [137/459] VCKN
[03:47:28] 🔄 Identity reset
[03:47:28] 🔄 Identity rotated (every 10 requests)
[03:47:28] [138/459] SGTK
[03:47:30] [139/459] RCGS
[03:47:31] [140/459] RCCB
[03:47:32] [141/459] RKSR
[03:47:33] [142/459] RKCU
[03:47:34] [143/459] GIBH
[03:47:35] [144/459] CXBS
[03:47:36] [145/459] GGCB
[03:47:38] [146/459] SCPB
[03:47:39] [147/459] AKTB
[03:47:39] 🔄 Identity reset
[03:47:39] 🔄 Identity rotated (every 10 requests)
[03:47:39] 🔄 Retry 1/5 for AKTB in 2.6s
[03:47:39] 🔄 Identity reset
[03:47:42] 🧠 New identity created
[03:47:42] 🔄 Retry 2/5 for AKTB in 4.9s
[03:47:42] 🔄 Identity reset
[03:47:47] 🧠 New identity created
[03:47:47] [148/459] SRBU
[03:47:48] [149/459] CSSA
[03:47:49] [150/459] MYAN
[03:47:51] [151/459] EXCA
[03:47:52] [152/459] CKSA
[03:47:53] [153/459] JTNM
[03:47:53] [154/459] CXKT
[03:47:54] [155/459] NCLM
[03:47:55] 🔄 Identity reset
[03:47:55] 🔄 Identity rotated (every 10 requests)
[03:47:55] [156/459] JAAD
[03:47:56] [157/459] RDCR
[03:47:57] [158/459] MEER
[03:47:58] [159/459] SIBT
[03:47:59] [160/459] PVVB
[03:48:00] [161/459] FNPN
[03:48:01] [162/459] CRPX
[03:48:02] [163/459] STET
[03:48:03] [164/459] METE
[03:48:03] [165/459] BJML
[03:48:04] 🔄 Identity reset
[03:48:04] 🔄 Identity rotated (every 10 requests)
[03:48:04] [166/459] MAVT
[03:48:06] [167/459] MSRM
[03:48:07] [168/459] TJMP
[03:48:08] [169/459] MHCK
[03:48:09] [170/459] SVGP
[03:48:10] [171/459] KRRC
[03:48:11] [172/459] IMCH
[03:48:12] [173/459] CMCS
[03:48:13] [174/459] SGND
[03:48:14] [175/459] RNAT
[03:48:15] 🔄 Identity reset
[03:48:15] 🔄 Identity rotated (every 10 requests)
[03:48:15] [176/459] PRTN
[03:48:16] [177/459] MPTN
[03:48:18] [178/459] ARCC
[03:48:19] [179/459] NTTE
[03:48:20] [180/459] ABND
[03:48:21] [181/459] KCSN
[03:48:22] [182/459] KCSA
[03:48:23] [183/459] DCKT
[03:48:24] [184/459] MBBR
[03:48:24] [185/459] RAMU
[03:48:25] 🔄 Identity reset
[03:48:25] 🔄 Identity rotated (every 10 requests)
[03:48:25] 🔄 Retry 1/5 for RAMU in 2.6s
[03:48:25] 🔄 Identity reset
[03:48:28] 🧠 New identity created
[03:48:28] 🔄 Retry 2/5 for RAMU in 4.9s
[03:48:28] 🔄 Identity reset
[03:48:33] 🧠 New identity created
[03:48:33] 🔄 Retry 3/5 for RAMU in 8.2s
[03:48:33] 🔄 Identity reset
[03:48:41] 🧠 New identity created
[03:48:41] 🔄 Retry 4/5 for RAMU in 16.2s
[03:48:41] 🔄 Identity reset
[03:48:57] 🧠 New identity created
[03:48:58] [186/459] RACW
[03:48:58] [187/459] MCHP
[03:48:59] [188/459] TMHM
[03:49:00] [189/459] STXH
[03:49:01] [190/459] AGSG
[03:49:02] [191/459] SIRA
[03:49:03] 🔄 Identity reset
[03:49:03] 🔄 Identity rotated (every 10 requests)
[03:49:03] [192/459] RCAN
[03:49:04] [193/459] CWTB
[03:49:05] [194/459] VTYM
[03:49:06] [195/459] RRPP
[03:49:07] [196/459] ASMR
[03:49:07] [197/459] RONO
[03:49:08] [198/459] MEMR
[03:49:09] [199/459] CTMR
[03:49:10] [200/459] PMTT
[03:49:11] [201/459] PSLX
[03:49:12] 🔄 Identity reset
[03:49:12] 🔄 Identity rotated (every 10 requests)
[03:49:12] [202/459] IPPL
[03:49:13] [203/459] MMSG
[03:49:14] [204/459] INEL
[03:49:15] [205/459] COAC
[03:49:16] [206/459] WVLK
[03:49:17] [207/459] PPXL
[03:49:18] [208/459] PSML
[03:49:19] [209/459] FNLK
[03:49:20] [210/459] ILUM
[03:49:21] [211/459] ILCM
[03:49:21] 🔄 Identity reset
[03:49:21] 🔄 Identity rotated (every 10 requests)
[03:49:22] 🔄 Retry 1/5 for ILCM in 2.3s
[03:49:22] 🔄 Identity reset
[03:49:24] 🧠 New identity created
[03:49:24] 🔄 Retry 2/5 for ILCM in 4.8s
[03:49:24] 🔄 Identity reset
[03:49:29] 🧠 New identity created
[03:49:29] [212/459] MSNL
[03:49:30] [213/459] VINB
[03:49:31] [214/459] SALW
[03:49:32] [215/459] PRTB
[03:49:32] [216/459] NCIL
[03:49:34] [217/459] PSUL
[03:49:35] [218/459] SCLK
[03:49:36] [219/459] ADDC
[03:49:37] 🔄 Identity reset
[03:49:37] 🔄 Identity rotated (every 10 requests)
[03:49:38] [220/459] OACL
[03:49:39] [221/459] OOCF
[03:49:39] [222/459] GPMF
[03:49:40] [223/459] SSDG
[03:49:41] [224/459] SKRS
[03:49:42] [225/459] NTTP
[03:49:43] [226/459] SLTP
[03:49:44] [227/459] JTLC
[03:49:44] [228/459] POON
[03:49:45] [229/459] CCPC
[03:49:46] 🔄 Identity reset
[03:49:46] 🔄 Identity rotated (every 10 requests)
[03:49:46] [230/459] DCKC
[03:49:47] [231/459] CPRT
[03:49:48] [232/459] EYHZ
[03:49:49] [233/459] ARBL
[03:49:50] [234/459] SBTB
[03:49:51] [235/459] MMCK
[03:49:52] [236/459] PLMR
[03:49:53] [237/459] BIJH
[03:49:54] [238/459] SDRT
[03:49:54] [239/459] PRDC
[03:49:55] 🔄 Identity reset
[03:49:55] 🔄 Identity rotated (every 10 requests)
[03:49:55] 🔄 Retry 1/5 for PRDC in 2.0s
[03:49:55] 🔄 Identity reset
[03:49:57] 🧠 New identity created
[03:49:57] 🔄 Retry 2/5 for PRDC in 4.7s
[03:49:57] 🔄 Identity reset
[03:50:02] 🧠 New identity created
[03:50:02] [240/459] OMJA
[03:50:03] [241/459] VKCR
[03:50:04] [242/459] ATRT
[03:50:05] [243/459] WVRP
[03:50:06] [244/459] MVRP
[03:50:07] [245/459] FCAX
[03:50:07] [246/459] CTLC
[03:50:08] [247/459] JCHB
[03:50:09] 🔄 Identity reset
[03:50:09] 🔄 Identity rotated (every 10 requests)
[03:50:09] [248/459] SELP
[03:50:11] [249/459] VCPG
[03:50:13] [250/459] ASCX
[03:50:14] [251/459] EOCS
[03:50:14] [252/459] RCPH
[03:50:15] [253/459] RJTM
[03:50:16] [254/459] SGMD
[03:50:17] [255/459] SVJT
[03:50:18] [256/459] SPPO
[03:50:19] [257/459] MNRL
[03:50:19] 🔄 Identity reset
[03:50:19] 🔄 Identity rotated (every 10 requests)
[03:50:20] [258/459] KNOX
[03:50:21] [259/459] GIER
[03:50:22] [260/459] PJMS
[03:50:22] [261/459] UNSP
[03:50:23] [262/459] JETP
[03:50:24] [263/459] VTWA
[03:50:25] [264/459] SCJI
[03:50:26] [265/459] CBZZ
[03:50:27] [266/459] SDCJ
[03:50:28] [267/459] RRCC
[03:50:28] 🔄 Identity reset
[03:50:28] 🔄 Identity rotated (every 10 requests)
[03:50:29] 🔄 Retry 1/5 for RRCC in 2.6s
[03:50:29] 🔄 Identity reset
[03:50:31] 🧠 New identity created
[03:50:31] [268/459] VNKG
[03:50:32] [269/459] LKTO
[03:50:33] [270/459] PJRM
[03:50:34] [271/459] NVRM
[03:50:35] [272/459] SJCS
[03:50:36] [273/459] VIGK
[03:50:37] [274/459] ANST
[03:50:38] [275/459] JTTS
[03:50:39] [276/459] NTST
[03:50:40] 🔄 Identity reset
[03:50:40] 🔄 Identity rotated (every 10 requests)
[03:50:40] 🔄 Retry 1/5 for NTST in 2.6s
[03:50:40] 🔄 Identity reset
[03:50:43] 🧠 New identity created
[03:50:43] [277/459] PREB
[03:50:44] [278/459] TSCZ
[03:50:45] [279/459] CDCM
[03:50:46] [280/459] ELYE
[03:50:47] [281/459] INBS
[03:50:48] [282/459] SMGC
[03:50:49] [283/459] UTMP
[03:50:50] [284/459] INTA
[03:50:51] [285/459] OMPT
[03:50:51] 🔄 Identity reset
[03:50:51] 🔄 Identity rotated (every 10 requests)
[03:50:51] 🔄 Retry 1/5 for OMPT in 2.1s
[03:50:51] 🔄 Identity reset
[03:50:53] 🧠 New identity created
[03:50:54] [286/459] SCIR
[03:50:54] [287/459] GCKJ
[03:50:56] [288/459] INOG
[03:50:57] [289/459] SMGB
[03:50:58] [290/459] MCSG
[03:50:59] [291/459] STKG
[03:51:00] [292/459] TTKG
[03:51:01] [293/459] SRTR
[03:51:02] [294/459] ETTR
[03:51:03] 🔄 Identity reset
[03:51:03] 🔄 Identity rotated (every 10 requests)
[03:51:03] [295/459] GGGZ
[03:51:04] [296/459] IPGM
[03:51:06] [297/459] FCDH
[03:51:07] [298/459] DESB
[03:51:08] [299/459] VNTP
[03:51:09] [300/459] ANNT
[03:51:10] [301/459] SLTI
[03:51:11] [302/459] MAJU
[03:51:12] [303/459] JCXP
[03:51:13] [304/459] HARK
[03:51:14] 🔄 Identity reset
[03:51:14] 🔄 Identity rotated (every 10 requests)
[03:51:14] 🔄 Retry 1/5 for HARK in 2.2s
[03:51:14] 🔄 Identity reset
[03:51:16] 🧠 New identity created
[03:51:16] 🔄 Retry 2/5 for HARK in 4.8s
[03:51:16] 🔄 Identity reset
[03:51:21] 🧠 New identity created
[03:51:21] [305/459] JPCJ
[03:51:21] [306/459] RXBD
[03:51:22] [307/459] PTKJ
[03:51:23] [308/459] CMTU
[03:51:23] [309/459] SWOR
[03:51:24] [310/459] JMEX
[03:51:25] [311/459] DTPT
[03:51:25] [312/459] VGMM
[03:51:26] 🔄 Identity reset
[03:51:26] 🔄 Identity rotated (every 10 requests)
[03:51:26] [313/459] VCSG
[03:51:27] [314/459] CVCG
[03:51:27] [315/459] TNTT
[03:51:28] [316/459] SHRM
[03:51:29] [317/459] CGKD
[03:51:30] [318/459] EKCM
[03:51:31] [319/459] SDCX
[03:51:33] [320/459] SBTE
[03:51:33] [321/459] STKJ
[03:51:34] [322/459] TPCE
[03:51:35] 🔄 Identity reset
[03:51:35] 🔄 Identity rotated (every 10 requests)
[03:51:35] [323/459] JTNP
[03:51:36] [324/459] LPCH
[03:51:37] [325/459] CPUO
[03:51:38] [326/459] APSU
[03:51:38] [327/459] RTHC
[03:51:39] [328/459] PTBU
[03:51:40] [329/459] CUCC
[03:51:41] [330/459] CPSA
[03:51:43] [331/459] SUAY
[03:51:43] [332/459] AYAA
[03:51:44] 🔄 Identity reset
[03:51:44] 🔄 Identity rotated (every 10 requests)
[03:51:44] [333/459] MUCH
[03:51:45] [334/459] PCIN
[03:51:46] [335/459] JRRM
[03:51:47] [336/459] KATS
[03:51:48] [337/459] MHFF
[03:51:49] [338/459] ESYM
[03:51:50] [339/459] STYV
[03:51:51] [340/459] SDKG
[03:51:51] [341/459] SMTI
[03:51:52] [342/459] NYCS
[03:51:53] 🔄 Identity reset
[03:51:53] 🔄 Identity rotated (every 10 requests)
[03:51:53] [343/459] MTBG
[03:51:54] [344/459] RHCA
[03:51:55] [345/459] PCKH
[03:51:55] [346/459] ARCR
[03:51:56] [347/459] NCMB
[03:51:57] [348/459] SHYC
[03:51:57] [349/459] LACK
[03:51:58] [350/459] MTCM
[03:52:00] [351/459] RRBN
[03:52:01] [352/459] MYDC
[03:52:02] 🔄 Identity reset
[03:52:02] 🔄 Identity rotated (every 10 requests)
[03:52:02] 🔄 Retry 1/5 for MYDC in 2.5s
[03:52:02] 🔄 Identity reset
[03:52:04] 🧠 New identity created
[03:52:05] [353/459] STCS
[03:52:05] [354/459] CONN
[03:52:06] [355/459] SIPS
[03:52:06] [356/459] SMMX
[03:52:07] [357/459] SCBY
[03:52:08] [358/459] SUAP
[03:52:08] [359/459] RSMK
[03:52:09] [360/459] STKP
[03:52:09] [361/459] CIPC
[03:52:10] 🔄 Identity reset
[03:52:10] 🔄 Identity rotated (every 10 requests)
[03:52:10] [362/459] KKCI
[03:52:11] [363/459] CTNK
[03:52:12] [364/459] MMTZ
[03:52:12] [365/459] DCCO
[03:52:14] [366/459] VNMN
[03:52:14] [367/459] RLCN
[03:52:15] [368/459] CMMS
[03:52:16] [369/459] AYOU
[03:52:18] [370/459] SSCN
[03:52:19] [371/459] SMXN
[03:52:19] 🔄 Identity reset
[03:52:19] 🔄 Identity rotated (every 10 requests)
[03:52:19] [372/459] ASSK
[03:52:20] [373/459] VCKM
[03:52:21] [374/459] PCPH
[03:52:22] [375/459] PADM
[03:52:23] [376/459] IESA
[03:52:23] [377/459] VCSP
[03:52:25] [378/459] AEST
[03:52:26] [379/459] VTNR
[03:52:27] [380/459] GTTA
[03:52:27] [381/459] CMMM
[03:52:28] 🔄 Identity reset
[03:52:28] 🔄 Identity rotated (every 10 requests)
[03:52:28] 🔄 Retry 1/5 for CMMM in 2.9s
[03:52:28] 🔄 Identity reset
[03:52:31] 🧠 New identity created
[03:52:31] [382/459] AHKT
[03:52:32] [383/459] SIJI
[03:52:32] [384/459] VCEI
[03:52:33] [385/459] SAKR
[03:52:33] [386/459] VSMT
[03:52:34] [387/459] SSCT
[03:52:35] [388/459] USTR
[03:52:35] [389/459] MTKT
[03:52:36] [390/459] TGMP
[03:52:37] 🔄 Identity reset
[03:52:37] 🔄 Identity rotated (every 10 requests)
[03:52:37] [391/459] SIVC
[03:52:37] [392/459] KICT
[03:52:38] [393/459] DAMD
[03:52:39] [394/459] CNPT
[03:52:39] [395/459] RVTT
[03:52:40] [396/459] SNCM
[03:52:41] [397/459] GHTE
[03:52:43] [398/459] PPAM
[03:52:43] [399/459] PVAA
[03:52:44] [400/459] CPAO
[03:52:45] 🔄 Identity reset
[03:52:45] 🔄 Identity rotated (every 10 requests)
[03:52:46] [401/459] HAMD
[03:52:47] [402/459] RCCA
[03:52:48] [403/459] MPCH
[03:52:49] [404/459] ARED
[03:52:50] [405/459] RRCV
[03:52:51] [406/459] MTRB
[03:52:51] [407/459] CKUA
[03:52:52] [408/459] ABMP
[03:52:53] [409/459] RCWA
[03:52:55] [410/459] CGAR
[03:52:55] 🔄 Identity reset
[03:52:55] 🔄 Identity rotated (every 10 requests)
[03:52:55] [411/459] METH
[03:52:56] [412/459] WAGA
[03:52:57] [413/459] MCMA
[03:52:58] [414/459] CSMP
[03:52:59] [415/459] RCNK
[03:52:59] [416/459] PSTM
[03:53:00] [417/459] CSEP
[03:53:02] [418/459] AMGD
[03:53:02] [419/459] CSTE
[03:53:03] [420/459] CONS
[03:53:04] 🔄 Identity reset
[03:53:04] 🔄 Identity rotated (every 10 requests)
[03:53:04] 🔄 Retry 1/5 for CONS in 2.1s
[03:53:04] 🔄 Identity reset
[03:53:06] 🧠 New identity created
[03:53:06] [421/459] APPX
[03:53:07] [422/459] MABC
[03:53:07] [423/459] CXST
[03:53:08] [424/459] MATN
[03:53:09] [425/459] MACZ
[03:53:09] [426/459] MASA
[03:53:10] [427/459] MBSX
[03:53:10] [428/459] CSST
[03:53:11] [429/459] APCL
[03:53:12] 🔄 Identity reset
[03:53:12] 🔄 Identity rotated (every 10 requests)
[03:53:12] 🔄 Retry 1/5 for APCL in 2.3s
[03:53:12] 🔄 Identity reset
[03:53:14] 🧠 New identity created
[03:53:14] 🔄 Retry 2/5 for APCL in 4.9s
[03:53:14] 🔄 Identity reset
[03:53:19] 🧠 New identity created
[03:53:19] [430/459] CGOS
[03:53:20] [431/459] CPEC
[03:53:21] [432/459] MCCP
[03:53:21] [433/459] BSSO
[03:53:22] [434/459] SJKA
[03:53:22] [435/459] CGBO
[03:53:23] [436/459] MVSK
[03:53:24] [437/459] HVCA
[03:53:24] 🔄 Identity reset
[03:53:24] 🔄 Identity rotated (every 10 requests)
[03:53:24] [438/459] NAMD
[03:53:25] [439/459] DEVI
[03:53:25] [440/459] SCSV
[03:53:26] [441/459] PSMA
[03:53:26] [442/459] CLDJ
[03:53:27] [443/459] NMAD
[03:53:28] [444/459] CGMO
[03:53:28] [445/459] MCNA
[03:53:29] [446/459] OCBN
[03:53:30] [447/459] CPEM
[03:53:30] 🔄 Identity reset
[03:53:30] 🔄 Identity rotated (every 10 requests)
[03:53:31] 🔄 Retry 1/5 for CPEM in 2.0s
[03:53:31] 🔄 Identity reset
[03:53:33] 🧠 New identity created
[03:53:33] [448/459] CPSM
[03:53:33] [449/459] RCAD
[03:53:34] [450/459] CPMU
[03:53:35] [451/459] DICD
[03:53:35] [452/459] CHOE
[03:53:36] [453/459] PDJM
[03:53:36] [454/459] SSTU
[03:53:37] [455/459] VNRN
[03:53:38] [456/459] PVLG
[03:53:38] 🔄 Identity reset
[03:53:38] 🔄 Identity rotated (every 10 requests)
[03:53:38] [457/459] SWBL
[03:53:39] [458/459] SCAB
[03:53:40] [459/459] RDDA
[03:53:41] 🔁 RETRY ROUND 1 | Remaining: 1
[03:53:41] [RETRY-1] RTCH
[03:53:43] 🧹 Deduping shows
[03:53:43] ✅ DONE | Shows=787 | Movies=55
[11:12:57] 🚀 SCRIPT STARTED (enhanced anti‑detection)
[11:12:57] [1/459] MCCZ
[11:12:58] 🧠 New identity created
[11:12:58] [2/459] FRPU
[11:12:59] [3/459] SKSI
[11:12:59] [4/459] SSCK
[11:13:00] [5/459] SRDC
[11:13:01] [6/459] RSCZ
[11:13:01] [7/459] PRVT
[11:13:02] [8/459] GAGJ
[11:13:02] [9/459] SMHG
[11:13:03] [10/459] JTST
[11:13:04] 🔄 Identity reset
[11:13:04] 🔄 Identity rotated (every 10 requests)
[11:13:05] [11/459] MYTH
[11:13:06] [12/459] JPCC
[11:13:07] [13/459] ACDC
[11:13:07] [14/459] SVFP
[11:13:08] [15/459] SFCM
[11:13:09] [16/459] RUPK
[11:13:10] [17/459] NTCR
[11:13:11] [18/459] RTCH
[11:13:11] [19/459] SCMH
[11:13:12] [20/459] SVYM
[11:13:12] 🔄 Identity reset
[11:13:12] 🔄 Identity rotated (every 10 requests)
[11:13:13] [21/459] SPYM
[11:13:13] [22/459] SMMF
[11:13:14] [23/459] CLLB
[11:13:15] [24/459] FMCB
[11:13:16] [25/459] BBTC
[11:13:17] [26/459] NTHS
[11:13:18] [27/459] PKKJ
[11:13:19] [28/459] MTJA
[11:13:20] [29/459] PMSJ
[11:13:21] [30/459] JMJU
[11:13:21] 🔄 Identity reset
[11:13:21] 🔄 Identity rotated (every 10 requests)
[11:13:22] [31/459] SRAD
[11:13:22] [32/459] MJMC
[11:13:23] [33/459] DFRM
[11:13:24] [34/459] PMRS
[11:13:25] [35/459] RKPP
[11:13:25] [36/459] BMBK
[11:13:26] [37/459] NEWS
[11:13:27] [38/459] SALB
[11:13:28] [39/459] SCPW
[11:13:29] [40/459] RAYL
[11:13:29] 🔄 Identity reset
[11:13:29] 🔄 Identity rotated (every 10 requests)
[11:13:30] [41/459] CMGJ
[11:13:30] [42/459] JRCR
[11:13:31] [43/459] SRTB
[11:13:32] [44/459] ETPB
[11:13:33] [45/459] MXBN
[11:13:34] [46/459] TOPE
[11:13:34] [47/459] SNLJ
[11:13:36] [48/459] CDDP
[11:13:37] [49/459] APCX
[11:13:38] [50/459] TALP
[11:13:38] 🔄 Identity reset
[11:13:38] 🔄 Identity rotated (every 10 requests)
[11:13:38] [51/459] RRMP
[11:13:39] [52/459] MAHB
[11:13:40] [53/459] MTKR
[11:13:41] [54/459] KSKL
[11:13:42] [55/459] RJLT
[11:13:42] [56/459] ATAS
[11:13:43] [57/459] AMHR
[11:13:44] [58/459] RSRM
[11:13:45] [59/459] GCAT
[11:13:45] [60/459] SMML
[11:13:46] 🔄 Identity reset
[11:13:46] 🔄 Identity rotated (every 10 requests)
[11:13:46] [61/459] ACCD
[11:13:47] [62/459] VYDA
[11:13:48] [63/459] MSKT
[11:13:49] [64/459] AVDM
[11:13:49] [65/459] ASMH
[11:13:50] [66/459] VTMB
[11:13:51] [67/459] WVMB
[11:13:52] [68/459] PPMN
[11:13:52] [69/459] MTMD
[11:13:53] [70/459] SMMO
[11:13:54] 🔄 Identity reset
[11:13:54] 🔄 Identity rotated (every 10 requests)
[11:13:54] [71/459] DLPB
[11:13:55] [72/459] AKMD
[11:13:56] [73/459] SHRR
[11:13:56] [74/459] ASCO
[11:13:57] [75/459] CZVX
[11:13:58] [76/459] GCBB
[11:13:59] [77/459] ATBM
[11:13:59] [78/459] TCGM
[11:14:00] [79/459] UMSE
[11:14:01] [80/459] NKCL
[11:14:02] 🔄 Identity reset
[11:14:02] 🔄 Identity rotated (every 10 requests)
[11:14:02] [81/459] BTLR
[11:14:03] [82/459] GOCL
[11:14:03] [83/459] MIRN
[11:14:04] [84/459] THEC
[11:14:05] [85/459] SPPB
[11:14:05] [86/459] PMMM
[11:14:07] [87/459] GGMC
[11:14:08] [88/459] AVSR
[11:14:10] [89/459] RDMH
[11:14:11] [90/459] JSRS
[11:14:11] 🔄 Identity reset
[11:14:11] 🔄 Identity rotated (every 10 requests)
[11:14:12] [91/459] VKGP
[11:14:12] [92/459] ACRT
[11:14:13] [93/459] GCBA
[11:14:14] [94/459] GTCP
[11:14:15] [95/459] AKFC
[11:14:16] [96/459] INCS
[11:14:16] [97/459] SMCK
[11:14:17] [98/459] BRUN
[11:14:18] [99/459] RPPC
[11:14:18] [100/459] PAYD
[11:14:19] 🔄 Identity reset
[11:14:19] 🔄 Identity rotated (every 10 requests)
[11:14:19] [101/459] SVVT
[11:14:20] [102/459] RNCC
[11:14:21] [103/459] PCRC
[11:14:22] [104/459] PMRM
[11:14:23] [105/459] CCRP
[11:14:23] [106/459] INCR
[11:14:24] [107/459] ZTMP
[11:14:24] [108/459] MCNR
[11:14:26] [109/459] INRP
[11:14:26] [110/459] STRC
[11:14:27] 🔄 Identity reset
[11:14:27] 🔄 Identity rotated (every 10 requests)
[11:14:27] [111/459] RATI
[11:14:28] [112/459] PBTR
[11:14:29] [113/459] CMHP
[11:14:29] [114/459] ZECJ
[11:14:30] [115/459] CCCB
[11:14:31] [116/459] BWCB
[11:14:32] [117/459] CCAT
[11:14:33] [118/459] KGCM
[11:14:34] [119/459] INPT
[11:14:35] [120/459] FNCO
[11:14:36] 🔄 Identity reset
[11:14:36] 🔄 Identity rotated (every 10 requests)
[11:14:36] [121/459] SRMJ
[11:14:37] [122/459] PFSC
[11:14:38] [123/459] PBMC
[11:14:39] [124/459] KARP
[11:14:40] [125/459] KOVI
[11:14:41] [126/459] ACXL
[11:14:41] [127/459] GKCC
[11:14:42] [128/459] ASCC
[11:14:43] [129/459] SETC
[11:14:44] [130/459] KACC
[11:14:44] 🔄 Identity reset
[11:14:44] 🔄 Identity rotated (every 10 requests)
[11:14:44] 🔄 Retry 1/5 for KACC in 2.4s
[11:14:44] 🔄 Identity reset
[11:14:47] 🧠 New identity created
[11:14:47] [131/459] KAVE
[11:14:48] [132/459] CNTC
[11:14:49] [133/459] MEEN
[11:14:50] [134/459] BMRV
[11:14:50] [135/459] SVAM
[11:14:51] [136/459] VTBP
[11:14:52] [137/459] VCKN
[11:14:53] [138/459] SGTK
[11:14:53] [139/459] RCGS
[11:14:54] 🔄 Identity reset
[11:14:54] 🔄 Identity rotated (every 10 requests)
[11:14:54] [140/459] RCCB
[11:14:55] [141/459] RKSR
[11:14:56] [142/459] RKCU
[11:14:57] [143/459] GIBH
[11:14:58] [144/459] CXBS
[11:14:59] [145/459] GGCB
[11:15:00] [146/459] SCPB
[11:15:01] [147/459] AKTB
[11:15:01] [148/459] SRBU
[11:15:02] [149/459] CSSA
[11:15:03] 🔄 Identity reset
[11:15:03] 🔄 Identity rotated (every 10 requests)
[11:15:03] [150/459] MYAN
[11:15:04] [151/459] EXCA
[11:15:05] [152/459] CKSA
[11:15:06] [153/459] JTNM
[11:15:07] [154/459] CXKT
[11:15:08] [155/459] NCLM
[11:15:08] [156/459] JAAD
[11:15:09] [157/459] RDCR
[11:15:10] [158/459] MEER
[11:15:11] [159/459] SIBT
[11:15:12] 🔄 Identity reset
[11:15:12] 🔄 Identity rotated (every 10 requests)
[11:15:12] [160/459] PVVB
[11:15:12] [161/459] FNPN
[11:15:13] [162/459] CRPX
[11:15:14] [163/459] STET
[11:15:15] [164/459] METE
[11:15:15] [165/459] BJML
[11:15:16] [166/459] MAVT
[11:15:17] [167/459] MSRM
[11:15:18] [168/459] TJMP
[11:15:18] [169/459] MHCK
[11:15:19] 🔄 Identity reset
[11:15:19] 🔄 Identity rotated (every 10 requests)
[11:15:19] 🔄 Retry 1/5 for MHCK in 2.9s
[11:15:19] 🔄 Identity reset
[11:15:22] 🧠 New identity created
[11:15:22] [170/459] SVGP
[11:15:23] [171/459] KRRC
[11:15:24] [172/459] IMCH
[11:15:24] [173/459] CMCS
[11:15:25] [174/459] SGND
[11:15:26] [175/459] RNAT
[11:15:28] [176/459] PRTN
[11:15:29] [177/459] MPTN
[11:15:30] [178/459] ARCC
[11:15:30] 🔄 Identity reset
[11:15:30] 🔄 Identity rotated (every 10 requests)
[11:15:30] [179/459] NTTE
[11:15:31] [180/459] ABND
[11:15:32] [181/459] KCSN
[11:15:33] [182/459] KCSA
[11:15:34] [183/459] DCKT
[11:15:35] [184/459] MBBR
[11:15:35] [185/459] RAMU
[11:15:36] [186/459] RACW
[11:15:38] [187/459] MCHP
[11:15:38] [188/459] TMHM
[11:15:39] 🔄 Identity reset
[11:15:39] 🔄 Identity rotated (every 10 requests)
[11:15:39] [189/459] STXH
[11:15:40] [190/459] AGSG
[11:15:41] [191/459] SIRA
[11:15:42] [192/459] RCAN
[11:15:42] [193/459] CWTB
[11:15:43] [194/459] VTYM
[11:15:44] [195/459] RRPP
[11:15:45] [196/459] ASMR
[11:15:46] [197/459] RONO
[11:15:47] [198/459] MEMR
[11:15:48] 🔄 Identity reset
[11:15:48] 🔄 Identity rotated (every 10 requests)
[11:15:48] 🔄 Retry 1/5 for MEMR in 2.3s
[11:15:48] 🔄 Identity reset
[11:15:50] 🧠 New identity created
[11:15:50] 🔄 Retry 2/5 for MEMR in 4.3s
[11:15:50] 🔄 Identity reset
[11:15:55] 🧠 New identity created
[11:15:55] [199/459] CTMR
[11:15:56] [200/459] PMTT
[11:15:57] [201/459] PSLX
[11:15:58] [202/459] IPPL
[11:15:59] [203/459] MMSG
[11:16:00] [204/459] INEL
[11:16:01] [205/459] COAC
[11:16:02] [206/459] WVLK
[11:16:03] 🔄 Identity reset
[11:16:03] 🔄 Identity rotated (every 10 requests)
[11:16:03] [207/459] PPXL
[11:16:04] [208/459] PSML
[11:16:05] [209/459] FNLK
[11:16:06] [210/459] ILUM
[11:16:08] [211/459] ILCM
[11:16:08] [212/459] MSNL
[11:16:09] [213/459] VINB
[11:16:10] [214/459] SALW
[11:16:11] [215/459] PRTB
[11:16:12] [216/459] NCIL
[11:16:13] 🔄 Identity reset
[11:16:13] 🔄 Identity rotated (every 10 requests)
[11:16:13] [217/459] PSUL
[11:16:15] [218/459] SCLK
[11:16:16] [219/459] ADDC
[11:16:17] [220/459] OACL
[11:16:18] [221/459] OOCF
[11:16:19] [222/459] GPMF
[11:16:19] [223/459] SSDG
[11:16:20] [224/459] SKRS
[11:16:21] [225/459] NTTP
[11:16:22] [226/459] SLTP
[11:16:23] 🔄 Identity reset
[11:16:23] 🔄 Identity rotated (every 10 requests)
[11:16:23] [227/459] JTLC
[11:16:24] [228/459] POON
[11:16:25] [229/459] CCPC
[11:16:26] [230/459] DCKC
[11:16:27] [231/459] CPRT
[11:16:27] [232/459] EYHZ
[11:16:28] [233/459] ARBL
[11:16:29] [234/459] SBTB
[11:16:30] [235/459] MMCK
[11:16:31] [236/459] PLMR
[11:16:32] 🔄 Identity reset
[11:16:32] 🔄 Identity rotated (every 10 requests)
[11:16:32] [237/459] BIJH
[11:16:33] [238/459] SDRT
[11:16:34] [239/459] PRDC
[11:16:35] [240/459] OMJA
[11:16:36] [241/459] VKCR
[11:16:37] [242/459] ATRT
[11:16:37] [243/459] WVRP
[11:16:38] [244/459] MVRP
[11:16:39] [245/459] FCAX
[11:16:40] [246/459] CTLC
[11:16:40] 🔄 Identity reset
[11:16:40] 🔄 Identity rotated (every 10 requests)
[11:16:41] 🔄 Retry 1/5 for CTLC in 2.4s
[11:16:41] 🔄 Identity reset
[11:16:43] 🧠 New identity created
[11:16:43] [247/459] JCHB
[11:16:44] [248/459] SELP
[11:16:45] [249/459] VCPG
[11:16:46] [250/459] ASCX
[11:16:47] [251/459] EOCS
[11:16:48] [252/459] RCPH
[11:16:49] [253/459] RJTM
[11:16:50] [254/459] SGMD
[11:16:50] [255/459] SVJT
[11:16:51] 🔄 Identity reset
[11:16:51] 🔄 Identity rotated (every 10 requests)
[11:16:51] [256/459] SPPO
[11:16:52] [257/459] MNRL
[11:16:53] [258/459] KNOX
[11:16:54] [259/459] GIER
[11:16:54] [260/459] PJMS
[11:16:55] [261/459] UNSP
[11:16:56] [262/459] JETP
[11:16:57] [263/459] VTWA
[11:16:58] [264/459] SCJI
[11:16:59] [265/459] CBZZ
[11:16:59] 🔄 Identity reset
[11:16:59] 🔄 Identity rotated (every 10 requests)
[11:17:00] [266/459] SDCJ
[11:17:00] [267/459] RRCC
[11:17:01] [268/459] VNKG
[11:17:02] [269/459] LKTO
[11:17:03] [270/459] PJRM
[11:17:05] [271/459] NVRM
[11:17:06] [272/459] SJCS
[11:17:06] [273/459] VIGK
[11:17:07] [274/459] ANST
[11:17:08] [275/459] JTTS
[11:17:09] 🔄 Identity reset
[11:17:09] 🔄 Identity rotated (every 10 requests)
[11:17:09] [276/459] NTST
[11:17:10] [277/459] PREB
[11:17:11] [278/459] TSCZ
[11:17:12] [279/459] CDCM
[11:17:12] [280/459] ELYE
[11:17:13] [281/459] INBS
[11:17:14] [282/459] SMGC
[11:17:15] [283/459] UTMP
[11:17:16] [284/459] INTA
[11:17:17] [285/459] OMPT
[11:17:17] 🔄 Identity reset
[11:17:18] 🔄 Identity rotated (every 10 requests)
[11:17:18] [286/459] SCIR
[11:17:19] [287/459] GCKJ
[11:17:19] [288/459] INOG
[11:17:20] [289/459] SMGB
[11:17:21] [290/459] MCSG
[11:17:22] [291/459] STKG
[11:17:23] [292/459] TTKG
[11:17:23] [293/459] SRTR
[11:17:24] [294/459] ETTR
[11:17:25] [295/459] GGGZ
[11:17:26] 🔄 Identity reset
[11:17:26] 🔄 Identity rotated (every 10 requests)
[11:17:26] 🔄 Retry 1/5 for GGGZ in 2.5s
[11:17:26] 🔄 Identity reset
[11:17:28] 🧠 New identity created
[11:17:28] 🔄 Retry 2/5 for GGGZ in 4.3s
[11:17:28] 🔄 Identity reset
[11:17:32] 🧠 New identity created
[11:17:33] [296/459] IPGM
[11:17:34] [297/459] FCDH
[11:17:35] [298/459] DESB
[11:17:35] [299/459] VNTP
[11:17:37] [300/459] ANNT
[11:17:38] [301/459] SLTI
[11:17:39] [302/459] MAJU
[11:17:40] [303/459] JCXP
[11:17:41] 🔄 Identity reset
[11:17:41] 🔄 Identity rotated (every 10 requests)
[11:17:41] [304/459] HARK
[11:17:42] [305/459] JPCJ
[11:17:43] [306/459] RXBD
[11:17:43] [307/459] PTKJ
[11:17:44] [308/459] CMTU
[11:17:45] [309/459] SWOR
[11:17:46] [310/459] JMEX
[11:17:47] [311/459] DTPT
[11:17:48] [312/459] VGMM
[11:17:48] [313/459] VCSG
[11:17:49] 🔄 Identity reset
[11:17:49] 🔄 Identity rotated (every 10 requests)
[11:17:49] 🔄 Retry 1/5 for VCSG in 2.5s
[11:17:49] 🔄 Identity reset
[11:17:52] 🧠 New identity created
[11:17:52] [314/459] CVCG
[11:17:53] [315/459] TNTT
[11:17:54] [316/459] SHRM
[11:17:55] [317/459] CGKD
[11:17:56] [318/459] EKCM
[11:17:57] [319/459] SDCX
[11:17:57] [320/459] SBTE
[11:17:58] [321/459] STKJ
[11:17:59] [322/459] TPCE
[11:18:00] 🔄 Identity reset
[11:18:00] 🔄 Identity rotated (every 10 requests)
[11:18:01] [323/459] JTNP
[11:18:01] [324/459] LPCH
[11:18:02] [325/459] CPUO
[11:18:03] [326/459] APSU
[11:18:04] [327/459] RTHC
[11:18:05] [328/459] PTBU
[11:18:05] [329/459] CUCC
[11:18:06] [330/459] CPSA
[11:18:07] [331/459] SUAY
[11:18:08] [332/459] AYAA
[11:18:09] 🔄 Identity reset
[11:18:09] 🔄 Identity rotated (every 10 requests)
[11:18:10] [333/459] MUCH
[11:18:10] [334/459] PCIN
[11:18:12] [335/459] JRRM
[11:18:13] [336/459] KATS
[11:18:14] [337/459] MHFF
[11:18:14] [338/459] ESYM
[11:18:15] [339/459] STYV
[11:18:16] [340/459] SDKG
[11:18:17] [341/459] SMTI
[11:18:18] [342/459] NYCS
[11:18:18] 🔄 Identity reset
[11:18:18] 🔄 Identity rotated (every 10 requests)
[11:18:19] [343/459] MTBG
[11:18:19] [344/459] RHCA
[11:18:20] [345/459] PCKH
[11:18:21] [346/459] ARCR
[11:18:22] [347/459] NCMB
[11:18:23] [348/459] SHYC
[11:18:23] [349/459] LACK
[11:18:24] [350/459] MTCM
[11:18:25] [351/459] RRBN
[11:18:26] [352/459] MYDC
[11:18:26] 🔄 Identity reset
[11:18:27] 🔄 Identity rotated (every 10 requests)
[11:18:27] [353/459] STCS
[11:18:27] [354/459] CONN
[11:18:28] [355/459] SIPS
[11:18:30] [356/459] SMMX
[11:18:31] [357/459] SCBY
[11:18:32] [358/459] SUAP
[11:18:33] [359/459] RSMK
[11:18:34] [360/459] STKP
[11:18:35] [361/459] CIPC
[11:18:36] [362/459] KKCI
[11:18:36] 🔄 Identity reset
[11:18:36] 🔄 Identity rotated (every 10 requests)
[11:18:37] [363/459] CTNK
[11:18:38] [364/459] MMTZ
[11:18:39] [365/459] DCCO
[11:18:40] [366/459] VNMN
[11:18:41] [367/459] RLCN
[11:18:41] [368/459] CMMS
[11:18:43] [369/459] AYOU
[11:18:44] [370/459] SSCN
[11:18:45] [371/459] SMXN
[11:18:45] [372/459] ASSK
[11:18:46] 🔄 Identity reset
[11:18:46] 🔄 Identity rotated (every 10 requests)
[11:18:46] 🔄 Retry 1/5 for ASSK in 2.2s
[11:18:46] 🔄 Identity reset
[11:18:48] 🧠 New identity created
[11:18:49] [373/459] VCKM
[11:18:50] [374/459] PCPH
[11:18:50] [375/459] PADM
[11:18:51] [376/459] IESA
[11:18:52] [377/459] VCSP
[11:18:53] [378/459] AEST
[11:18:54] [379/459] VTNR
[11:18:55] [380/459] GTTA
[11:18:55] [381/459] CMMM
[11:18:56] 🔄 Identity reset
[11:18:56] 🔄 Identity rotated (every 10 requests)
[11:18:56] [382/459] AHKT
[11:18:58] [383/459] SIJI
[11:18:58] [384/459] VCEI
[11:18:59] [385/459] SAKR
[11:19:00] [386/459] VSMT
[11:19:01] [387/459] SSCT
[11:19:02] [388/459] USTR
[11:19:03] [389/459] MTKT
[11:19:04] [390/459] TGMP
[11:19:05] [391/459] SIVC
[11:19:05] 🔄 Identity reset
[11:19:05] 🔄 Identity rotated (every 10 requests)
[11:19:05] [392/459] KICT
[11:19:06] [393/459] DAMD
[11:19:07] [394/459] CNPT
[11:19:08] [395/459] RVTT
[11:19:09] [396/459] SNCM
[11:19:09] [397/459] GHTE
[11:19:10] [398/459] PPAM
[11:19:12] [399/459] PVAA
[11:19:13] [400/459] CPAO
[11:19:14] [401/459] HAMD
[11:19:14] 🔄 Identity reset
[11:19:14] 🔄 Identity rotated (every 10 requests)
[11:19:14] [402/459] RCCA
[11:19:15] [403/459] MPCH
[11:19:16] [404/459] ARED
[11:19:17] [405/459] RRCV
[11:19:18] [406/459] MTRB
[11:19:19] [407/459] CKUA
[11:19:19] [408/459] ABMP
[11:19:20] [409/459] RCWA
[11:19:21] [410/459] CGAR
[11:19:22] [411/459] METH
[11:19:23] 🔄 Identity reset
[11:19:23] 🔄 Identity rotated (every 10 requests)
[11:19:23] [412/459] WAGA
[11:19:24] [413/459] MCMA
[11:19:25] [414/459] CSMP
[11:19:26] [415/459] RCNK
[11:19:27] [416/459] PSTM
[11:19:28] [417/459] CSEP
[11:19:28] [418/459] AMGD
[11:19:29] [419/459] CSTE
[11:19:30] [420/459] CONS
[11:19:31] [421/459] APPX
[11:19:32] 🔄 Identity reset
[11:19:32] 🔄 Identity rotated (every 10 requests)
[11:19:32] [422/459] MABC
[11:19:33] [423/459] CXST
[11:19:34] [424/459] MATN
[11:19:34] [425/459] MACZ
[11:19:35] [426/459] MASA
[11:19:36] [427/459] MBSX
[11:19:37] [428/459] CSST
[11:19:38] [429/459] APCL
[11:19:39] [430/459] CGOS
[11:19:39] [431/459] CPEC
[11:19:40] 🔄 Identity reset
[11:19:40] 🔄 Identity rotated (every 10 requests)
[11:19:41] [432/459] MCCP
[11:19:42] [433/459] BSSO
[11:19:43] [434/459] SJKA
[11:19:44] [435/459] CGBO
[11:19:44] [436/459] MVSK
[11:19:45] [437/459] HVCA
[11:19:46] [438/459] NAMD
[11:19:47] [439/459] DEVI
[11:19:48] [440/459] SCSV
[11:19:49] [441/459] PSMA
[11:19:50] 🔄 Identity reset
[11:19:50] 🔄 Identity rotated (every 10 requests)
[11:19:50] [442/459] CLDJ
[11:19:51] [443/459] NMAD
[11:19:52] [444/459] CGMO
[11:19:52] [445/459] MCNA
[11:19:53] [446/459] OCBN
[11:19:54] [447/459] CPEM
[11:19:55] [448/459] CPSM
[11:19:55] [449/459] RCAD
[11:19:56] [450/459] CPMU
[11:19:57] [451/459] DICD
[11:19:58] 🔄 Identity reset
[11:19:58] 🔄 Identity rotated (every 10 requests)
[11:19:58] 🔄 Retry 1/5 for DICD in 2.8s
[11:19:58] 🔄 Identity reset
[11:20:01] 🧠 New identity created
[11:20:01] 🔄 Retry 2/5 for DICD in 4.7s
[11:20:01] 🔄 Identity reset
[11:20:05] 🧠 New identity created
[11:20:06] [452/459] CHOE
[11:20:07] [453/459] PDJM
[11:20:08] [454/459] SSTU
[11:20:08] [455/459] VNRN
[11:20:09] [456/459] PVLG
[11:20:10] [457/459] SWBL
[11:20:11] [458/459] SCAB
[11:20:12] [459/459] RDDA
[11:20:12] 🔄 Identity reset
[11:20:12] 🔄 Identity rotated (every 10 requests)
[11:20:13] 🧹 Deduping shows
[11:20:13] ✅ DONE | Shows=804 | Movies=55
