[03:44:10] 🚀 SCRIPT STARTED (enhanced anti‑detection)
[03:44:10] [1/322] CDCA
[03:44:10] 🧠 New identity created
[03:44:10] [2/322] VBCZ
[03:44:11] [3/322] MSDR
[03:44:12] [4/322] ACPV
[03:44:13] [5/322] PVHB
[03:44:14] [6/322] RCNH
[03:44:15] [7/322] IOMH
[03:44:15] [8/322] ILKS
[03:44:16] [9/322] AMSN
[03:44:17] [10/322] ANTP
[03:44:18] 🔄 Identity reset
[03:44:18] 🔄 Identity rotated (every 10 requests)
[03:44:18] [11/322] SSEK
[03:44:19] [12/322] PICP
[03:44:20] [13/322] SICO
[03:44:20] [14/322] SISP
[03:44:21] [15/322] SCPI
[03:44:22] [16/322] CRPR
[03:44:23] [17/322] DCTW
[03:44:24] [18/322] DCSP
[03:44:25] [19/322] KRPM
[03:44:26] [20/322] THKK
[03:44:27] 🔄 Identity reset
[03:44:27] 🔄 Identity rotated (every 10 requests)
[03:44:27] [21/322] SNMY
[03:44:28] [22/322] AKCC
[03:44:29] [23/322] PCAT
[03:44:30] [24/322] RFGO
[03:44:30] [25/322] GGCS
[03:44:31] [26/322] ACKR
[03:44:32] [27/322] STDO
[03:44:33] [28/322] ACKB
[03:44:34] [29/322] ALUC
[03:44:35] [30/322] MNSR
[03:44:36] 🔄 Identity reset
[03:44:36] 🔄 Identity rotated (every 10 requests)
[03:44:36] [31/322] CSSL
[03:44:37] [32/322] BGGM
[03:44:38] [33/322] MANT
[03:44:39] [34/322] SOOY
[03:44:40] [35/322] VPPK
[03:44:42] [36/322] MYHJ
[03:44:43] [37/322] KSCK
[03:44:44] [38/322] KATK
[03:44:45] [39/322] RTRT
[03:44:45] [40/322] SSTT
[03:44:46] 🔄 Identity reset
[03:44:46] 🔄 Identity rotated (every 10 requests)
[03:44:46] 🔄 Retry 1/5 for SSTT in 2.8s
[03:44:46] 🔄 Identity reset
[03:44:49] 🧠 New identity created
[03:44:49] 🔄 Retry 2/5 for SSTT in 4.9s
[03:44:49] 🔄 Identity reset
[03:44:54] 🧠 New identity created
[03:44:54] [41/322] SSTV
[03:44:55] [42/322] LACM
[03:44:56] [43/322] SGMG
[03:44:57] [44/322] KACX
[03:44:58] [45/322] GVCP
[03:44:59] [46/322] CSNC
[03:44:59] [47/322] SXCB
[03:45:00] [48/322] BAHS
[03:45:01] 🔄 Identity reset
[03:45:01] 🔄 Identity rotated (every 10 requests)
[03:45:01] [49/322] PCBI
[03:45:02] [50/322] PSSM
[03:45:03] [51/322] RCOK
[03:45:04] [52/322] SCPF
[03:45:04] [53/322] SSAS
[03:45:05] [54/322] EVMM
[03:45:06] [55/322] SYCB
[03:45:07] [56/322] GCKI
[03:45:08] [57/322] IAET
[03:45:09] [58/322] DDTD
[03:45:10] 🔄 Identity reset
[03:45:10] 🔄 Identity rotated (every 10 requests)
[03:45:10] [59/322] GMDH
[03:45:11] [60/322] STLE
[03:45:12] [61/322] JTRA
[03:45:12] [62/322] RPPA
[03:45:13] [63/322] ARUT
[03:45:14] [64/322] JTVM
[03:45:15] [65/322] SWRH
[03:45:16] [66/322] DCPC
[03:45:16] [67/322] RAPR
[03:45:17] [68/322] GCRT
[03:45:18] 🔄 Identity reset
[03:45:18] 🔄 Identity rotated (every 10 requests)
[03:45:18] 🔄 Retry 1/5 for GCRT in 2.8s
[03:45:18] 🔄 Identity reset
[03:45:21] 🧠 New identity created
[03:45:21] [69/322] ATUN
[03:45:22] [70/322] LTRM
[03:45:23] [71/322] TASR
[03:45:24] [72/322] RLLC
[03:45:25] [73/322] MABI
[03:45:25] [74/322] SVHB
[03:45:26] [75/322] NVTB
[03:45:27] [76/322] KCKG
[03:45:28] [77/322] SSRN
[03:45:28] 🔄 Identity reset
[03:45:29] 🔄 Identity rotated (every 10 requests)
[03:45:29] [78/322] VDDC
[03:45:30] [79/322] GKTK
[03:45:31] [80/322] YFSN
[03:45:33] [81/322] GCSG
[03:45:34] [82/322] ESSM
[03:45:34] [83/322] KRIH
[03:45:35] [84/322] GCDS
[03:45:36] [85/322] CCSH
[03:45:37] [86/322] ACSK
[03:45:38] [87/322] APRK
[03:45:39] 🔄 Identity reset
[03:45:39] 🔄 Identity rotated (every 10 requests)
[03:45:39] 🔄 Retry 1/5 for APRK in 2.2s
[03:45:39] 🔄 Identity reset
[03:45:41] 🧠 New identity created
[03:45:41] 🔄 Retry 2/5 for APRK in 4.8s
[03:45:41] 🔄 Identity reset
[03:45:46] 🧠 New identity created
[03:45:46] [88/322] ADKM
[03:45:47] [89/322] SRDM
[03:45:48] [90/322] SJMY
[03:45:49] [91/322] PGGC
[03:45:49] [92/322] INGM
[03:45:50] [93/322] LSCB
[03:45:51] [94/322] STAD
[03:45:52] [95/322] MCCR
[03:45:52] 🔄 Identity reset
[03:45:52] 🔄 Identity rotated (every 10 requests)
[03:45:53] [96/322] ABCC
[03:45:53] [97/322] RKCC
[03:45:54] [98/322] RTCR
[03:45:55] [99/322] GGBC
[03:45:56] [100/322] GCSD
[03:45:57] [101/322] LPTY
[03:45:58] [102/322] MCFD
[03:45:59] [103/322] HENN
[03:46:00] [104/322] SMKU
[03:46:01] [105/322] TNZC
[03:46:01] 🔄 Identity reset
[03:46:01] 🔄 Identity rotated (every 10 requests)
[03:46:02] [106/322] DRCD
[03:46:02] [107/322] DLCD
[03:46:04] [108/322] RCDA
[03:46:05] [109/322] COSM
[03:46:06] [110/322] MCMJ
[03:46:07] [111/322] CSTR
[03:46:07] [112/322] CVDK
[03:46:08] [113/322] INRR
[03:46:09] [114/322] RJRT
[03:46:10] [115/322] IRMR
[03:46:10] 🔄 Identity reset
[03:46:10] 🔄 Identity rotated (every 10 requests)
[03:46:11] [116/322] SRCF
[03:46:12] [117/322] GRCR
[03:46:12] [118/322] SURC
[03:46:13] [119/322] NMNH
[03:46:14] [120/322] SVBL
[03:46:15] [121/322] KACI
[03:46:16] [122/322] TDGO
[03:46:16] [123/322] KTBR
[03:46:17] [124/322] PMAD
[03:46:18] [125/322] CCPN
[03:46:18] 🔄 Identity reset
[03:46:18] 🔄 Identity rotated (every 10 requests)
[03:46:19] [126/322] SBTK
[03:46:20] [127/322] LMDK
[03:46:21] [128/322] PGDA
[03:46:23] [129/322] SRML
[03:46:24] [130/322] EVCK
[03:46:25] [131/322] RTTK
[03:46:26] [132/322] SRTU
[03:46:27] [133/322] VRSA
[03:46:27] [134/322] VARS
[03:46:28] [135/322] DSCZ
[03:46:29] 🔄 Identity reset
[03:46:29] 🔄 Identity rotated (every 10 requests)
[03:46:30] [136/322] GAGA
[03:46:30] [137/322] SARV
[03:46:31] [138/322] SEEG
[03:46:32] [139/322] GLCA
[03:46:33] [140/322] APAS
[03:46:34] [141/322] VCIA
[03:46:35] [142/322] SJTA
[03:46:36] [143/322] SABM
[03:46:37] [144/322] PPAG
[03:46:38] [145/322] RVCA
[03:46:39] 🔄 Identity reset
[03:46:39] 🔄 Identity rotated (every 10 requests)
[03:46:39] [146/322] CCIA
[03:46:40] [147/322] HTAG
[03:46:40] [148/322] SMBI
[03:46:41] [149/322] MCJR
[03:46:42] [150/322] CCJR
[03:46:43] [151/322] SINF
[03:46:44] [152/322] CPLX
[03:46:45] [153/322] KKTJ
[03:46:45] [154/322] GDBW
[03:46:46] [155/322] CSUB
[03:46:47] 🔄 Identity reset
[03:46:47] 🔄 Identity rotated (every 10 requests)
[03:46:47] [156/322] DABA
[03:46:48] [157/322] TITR
[03:46:49] [158/322] NYCR
[03:46:50] [159/322] RTRY
[03:46:51] [160/322] JTJL
[03:46:52] [161/322] SJCP
[03:46:53] [162/322] KCCA
[03:46:54] [163/322] MLPG
[03:46:55] [164/322] VRCK
[03:46:56] [165/322] SRIN
[03:46:56] 🔄 Identity reset
[03:46:56] 🔄 Identity rotated (every 10 requests)
[03:46:57] [166/322] CXMK
[03:46:58] [167/322] SKAD
[03:46:59] [168/322] AVTR
[03:47:00] [169/322] PTAJ
[03:47:01] [170/322] SCNK
[03:47:01] [171/322] STTI
[03:47:02] [172/322] KACR
[03:47:04] [173/322] SSDX
[03:47:05] [174/322] VRTJ
[03:47:06] [175/322] RAJD
[03:47:06] 🔄 Identity reset
[03:47:06] 🔄 Identity rotated (every 10 requests)
[03:47:07] [176/322] SCIP
[03:47:08] [177/322] RJSL
[03:47:09] [178/322] ARRS
[03:47:10] [179/322] ASMS
[03:47:11] [180/322] RDTS
[03:47:12] [181/322] DVMY
[03:47:12] [182/322] RASA
[03:47:13] [183/322] INOM
[03:47:14] [184/322] SPRS
[03:47:15] [185/322] SGCS
[03:47:15] 🔄 Identity reset
[03:47:15] 🔄 Identity rotated (every 10 requests)
[03:47:16] [186/322] SALM
[03:47:17] [187/322] PKHC
[03:47:18] [188/322] RCSV
[03:47:20] [189/322] CPKC
[03:47:21] [190/322] AACD
[03:47:21] [191/322] GGCV
[03:47:23] [192/322] SMKD
[03:47:24] [193/322] NBCH
[03:47:25] [194/322] AMCB
[03:47:26] [195/322] OPCN
[03:47:27] 🔄 Identity reset
[03:47:27] 🔄 Identity rotated (every 10 requests)
[03:47:28] [196/322] DCIN
[03:47:29] [197/322] INGW
[03:47:30] [198/322] PKKW
[03:47:30] [199/322] FNGW
[03:47:31] [200/322] GCGD
[03:47:32] [201/322] MSTW
[03:47:33] [202/322] KCCG
[03:47:34] [203/322] MRSS
[03:47:34] [204/322] CLCF
[03:47:35] [205/322] EETS
[03:47:36] 🔄 Identity reset
[03:47:36] 🔄 Identity rotated (every 10 requests)
[03:47:36] 🔄 Retry 1/5 for EETS in 2.8s
[03:47:36] 🔄 Identity reset
[03:47:39] 🧠 New identity created
[03:47:39] [206/322] AATR
[03:47:40] [207/322] CMMN
[03:47:41] [208/322] SCCJ
[03:47:42] [209/322] CDTK
[03:47:43] [210/322] AICP
[03:47:44] [211/322] FNBP
[03:47:45] [212/322] CBPB
[03:47:46] [213/322] CPAS
[03:47:46] [214/322] MAPM
[03:47:47] 🔄 Identity reset
[03:47:47] 🔄 Identity rotated (every 10 requests)
[03:47:47] [215/322] PASD
[03:47:48] [216/322] JCMN
[03:47:49] [217/322] MALB
[03:47:50] [218/322] SACG
[03:47:51] [219/322] DDRX
[03:47:52] [220/322] DDXB
[03:47:52] [221/322] RAMC
[03:47:53] [222/322] SANC
[03:47:54] [223/322] BCBP
[03:47:56] [224/322] ALPC
[03:47:56] 🔄 Identity reset
[03:47:56] 🔄 Identity rotated (every 10 requests)
[03:47:56] [225/322] RBAC
[03:47:57] [226/322] RAJL
[03:47:58] [227/322] MPDX
[03:48:00] [228/322] MUSC
[03:48:01] [229/322] VKMK
[03:48:01] [230/322] SKCG
[03:48:02] [231/322] ANCN
[03:48:03] [232/322] MMCJ
[03:48:04] [233/322] DCAK
[03:48:05] [234/322] SCKG
[03:48:06] 🔄 Identity reset
[03:48:06] 🔄 Identity rotated (every 10 requests)
[03:48:06] 🔄 Retry 1/5 for SCKG in 2.4s
[03:48:06] 🔄 Identity reset
[03:48:08] 🧠 New identity created
[03:48:09] [235/322] LMCK
[03:48:09] [236/322] CKKX
[03:48:10] [237/322] ANKU
[03:48:11] [238/322] CSMD
[03:48:12] [239/322] MKMP
[03:48:13] [240/322] SVBG
[03:48:13] [241/322] ROOP
[03:48:14] [242/322] GDMT
[03:48:15] [243/322] FPPF
[03:48:16] 🔄 Identity reset
[03:48:16] 🔄 Identity rotated (every 10 requests)
[03:48:16] [244/322] SFUU
[03:48:17] [245/322] ANCB
[03:48:18] [246/322] SMMC
[03:48:18] [247/322] UGKT
[03:48:19] [248/322] JVRM
[03:48:20] [249/322] BATG
[03:48:21] [250/322] RATE
[03:48:22] [251/322] SKME
[03:48:23] [252/322] LMTP
[03:48:24] [253/322] TCBD
[03:48:24] 🔄 Identity reset
[03:48:24] 🔄 Identity rotated (every 10 requests)
[03:48:25] [254/322] ESBD
[03:48:25] [255/322] GDCU
[03:48:26] [256/322] SNKT
[03:48:28] [257/322] SRNK
[03:48:28] [258/322] SMED
[03:48:29] [259/322] CSQS
[03:48:31] [260/322] ALCS
[03:48:32] [261/322] KCKN
[03:48:33] [262/322] VCCL
[03:48:33] [263/322] MCDA
[03:48:34] 🔄 Identity reset
[03:48:34] 🔄 Identity rotated (every 10 requests)
[03:48:34] [264/322] SHMI
[03:48:35] [265/322] SKHA
[03:48:36] [266/322] SVFK
[03:48:37] [267/322] INVB
[03:48:37] [268/322] MELD
[03:48:38] [269/322] JTYS
[03:48:39] [270/322] INCM
[03:48:41] [271/322] MCDV
[03:48:42] [272/322] KSGK
[03:48:43] [273/322] ICMG
[03:48:43] 🔄 Identity reset
[03:48:43] 🔄 Identity rotated (every 10 requests)
[03:48:44] [274/322] CSCV
[03:48:45] [275/322] STMD
[03:48:46] [276/322] STTR
[03:48:47] [277/322] INVC
[03:48:48] [278/322] JTBL
[03:48:49] [279/322] SRVV
[03:48:50] [280/322] MAVC
[03:48:50] [281/322] SRPP
[03:48:51] [282/322] JGDM
[03:48:52] [283/322] MBSJ
[03:48:52] 🔄 Identity reset
[03:48:52] 🔄 Identity rotated (every 10 requests)
[03:48:53] [284/322] SSLL
[03:48:54] [285/322] SLKP
[03:48:55] [286/322] NSRV
[03:48:56] [287/322] UTDV
[03:48:57] [288/322] KICM
[03:48:58] [289/322] KCMD
[03:48:59] [290/322] TTPP
[03:49:00] [291/322] KMPV
[03:49:01] [292/322] SKTV
[03:49:02] [293/322] STCV
[03:49:02] 🔄 Identity reset
[03:49:02] 🔄 Identity rotated (every 10 requests)
[03:49:03] [294/322] SRDA
[03:49:04] [295/322] JTSX
[03:49:04] [296/322] STBV
[03:49:05] [297/322] APVZ
[03:49:06] [298/322] GSTV
[03:49:07] [299/322] NMVS
[03:49:08] [300/322] SKRT
[03:49:09] [301/322] RMDV
[03:49:09] [302/322] RATG
[03:49:11] [303/322] SJYV
[03:49:12] 🔄 Identity reset
[03:49:12] 🔄 Identity rotated (every 10 requests)
[03:49:12] [304/322] NDGP
[03:49:13] [305/322] SNDG
[03:49:14] [306/322] INSR
[03:49:15] [307/322] INSO
[03:49:16] [308/322] CCSI
[03:49:17] [309/322] RASM
[03:49:18] [310/322] NEWC
[03:49:19] [311/322] VSHL
[03:49:20] [312/322] BISW
[03:49:20] [313/322] GCNG
[03:49:21] 🔄 Identity reset
[03:49:21] 🔄 Identity rotated (every 10 requests)
[03:49:21] [314/322] CWSC
[03:49:22] [315/322] SKAN
[03:49:23] [316/322] CCOA
[03:49:24] [317/322] MCAJ
[03:49:25] [318/322] ACDE
[03:49:26] [319/322] AACM
[03:49:27] [320/322] JJCK
[03:49:28] [321/322] RCMO
[03:49:29] [322/322] GDAW
[03:49:29] 🧹 Deduping shows
[03:49:29] ✅ DONE | Shows=565 | Movies=45
[11:12:53] 🚀 SCRIPT STARTED (enhanced anti‑detection)
[11:12:53] [1/322] CDCA
[11:12:53] 🧠 New identity created
[11:12:54] [2/322] VBCZ
[11:12:54] [3/322] MSDR
[11:12:55] [4/322] ACPV
[11:12:56] [5/322] PVHB
[11:12:57] [6/322] RCNH
[11:12:58] [7/322] IOMH
[11:12:59] [8/322] ILKS
[11:13:00] [9/322] AMSN
[11:13:01] [10/322] ANTP
[11:13:01] 🔄 Identity reset
[11:13:01] 🔄 Identity rotated (every 10 requests)
[11:13:02] [11/322] SSEK
[11:13:02] [12/322] PICP
[11:13:03] [13/322] SICO
[11:13:04] [14/322] SISP
[11:13:05] [15/322] SCPI
[11:13:06] [16/322] CRPR
[11:13:06] [17/322] DCTW
[11:13:07] [18/322] DCSP
[11:13:08] [19/322] KRPM
[11:13:09] [20/322] THKK
[11:13:10] 🔄 Identity reset
[11:13:10] 🔄 Identity rotated (every 10 requests)
[11:13:10] [21/322] SNMY
[11:13:10] [22/322] AKCC
[11:13:11] [23/322] PCAT
[11:13:12] [24/322] RFGO
[11:13:13] [25/322] GGCS
[11:13:14] [26/322] ACKR
[11:13:15] [27/322] STDO
[11:13:16] [28/322] ACKB
[11:13:17] [29/322] ALUC
[11:13:19] [30/322] MNSR
[11:13:19] 🔄 Identity reset
[11:13:19] 🔄 Identity rotated (every 10 requests)
[11:13:19] [31/322] CSSL
[11:13:20] [32/322] BGGM
[11:13:21] [33/322] MANT
[11:13:22] [34/322] SOOY
[11:13:23] [35/322] VPPK
[11:13:23] [36/322] MYHJ
[11:13:24] [37/322] KSCK
[11:13:25] [38/322] KATK
[11:13:25] [39/322] RTRT
[11:13:26] [40/322] SSTT
[11:13:27] 🔄 Identity reset
[11:13:27] 🔄 Identity rotated (every 10 requests)
[11:13:27] [41/322] SSTV
[11:13:28] [42/322] LACM
[11:13:29] [43/322] SGMG
[11:13:29] [44/322] KACX
[11:13:30] [45/322] GVCP
[11:13:31] [46/322] CSNC
[11:13:32] [47/322] SXCB
[11:13:33] [48/322] BAHS
[11:13:33] [49/322] PCBI
[11:13:34] [50/322] PSSM
[11:13:35] 🔄 Identity reset
[11:13:35] 🔄 Identity rotated (every 10 requests)
[11:13:35] 🔄 Retry 1/5 for PSSM in 2.6s
[11:13:35] 🔄 Identity reset
[11:13:38] 🧠 New identity created
[11:13:38] 🔄 Retry 2/5 for PSSM in 4.3s
[11:13:38] 🔄 Identity reset
[11:13:42] 🧠 New identity created
[11:13:42] [51/322] RCOK
[11:13:43] [52/322] SCPF
[11:13:43] [53/322] SSAS
[11:13:45] [54/322] EVMM
[11:13:46] [55/322] SYCB
[11:13:47] [56/322] GCKI
[11:13:48] [57/322] IAET
[11:13:49] [58/322] DDTD
[11:13:49] 🔄 Identity reset
[11:13:49] 🔄 Identity rotated (every 10 requests)
[11:13:50] [59/322] GMDH
[11:13:50] [60/322] STLE
[11:13:51] [61/322] JTRA
[11:13:52] [62/322] RPPA
[11:13:53] [63/322] ARUT
[11:13:53] [64/322] JTVM
[11:13:54] [65/322] SWRH
[11:13:55] [66/322] DCPC
[11:13:55] [67/322] RAPR
[11:13:56] [68/322] GCRT
[11:13:57] 🔄 Identity reset
[11:13:57] 🔄 Identity rotated (every 10 requests)
[11:13:57] [69/322] ATUN
[11:13:58] [70/322] LTRM
[11:13:59] [71/322] TASR
[11:13:59] [72/322] RLLC
[11:14:00] [73/322] MABI
[11:14:01] [74/322] SVHB
[11:14:02] [75/322] NVTB
[11:14:03] [76/322] KCKG
[11:14:03] [77/322] SSRN
[11:14:04] [78/322] VDDC
[11:14:04] 🔄 Identity reset
[11:14:04] 🔄 Identity rotated (every 10 requests)
[11:14:04] [79/322] GKTK
[11:14:05] [80/322] YFSN
[11:14:06] [81/322] GCSG
[11:14:07] [82/322] ESSM
[11:14:08] [83/322] KRIH
[11:14:09] [84/322] GCDS
[11:14:10] [85/322] CCSH
[11:14:10] [86/322] ACSK
[11:14:11] [87/322] APRK
[11:14:12] [88/322] ADKM
[11:14:13] 🔄 Identity reset
[11:14:13] 🔄 Identity rotated (every 10 requests)
[11:14:13] 🔄 Retry 1/5 for ADKM in 2.1s
[11:14:13] 🔄 Identity reset
[11:14:15] 🧠 New identity created
[11:14:15] 🔄 Retry 2/5 for ADKM in 4.9s
[11:14:15] 🔄 Identity reset
[11:14:20] 🧠 New identity created
[11:14:20] 🔄 Retry 3/5 for ADKM in 8.7s
[11:14:20] 🔄 Identity reset
[11:14:29] 🧠 New identity created
[11:14:29] [89/322] SRDM
[11:14:30] [90/322] SJMY
[11:14:30] [91/322] PGGC
[11:14:31] [92/322] INGM
[11:14:32] [93/322] LSCB
[11:14:32] [94/322] STAD
[11:14:33] [95/322] MCCR
[11:14:34] 🔄 Identity reset
[11:14:34] 🔄 Identity rotated (every 10 requests)
[11:14:34] 🔄 Retry 1/5 for MCCR in 2.1s
[11:14:34] 🔄 Identity reset
[11:14:36] 🧠 New identity created
[11:14:36] [96/322] ABCC
[11:14:37] [97/322] RKCC
[11:14:38] [98/322] RTCR
[11:14:38] [99/322] GGBC
[11:14:39] [100/322] GCSD
[11:14:41] [101/322] LPTY
[11:14:42] [102/322] MCFD
[11:14:42] [103/322] HENN
[11:14:43] [104/322] SMKU
[11:14:44] 🔄 Identity reset
[11:14:44] 🔄 Identity rotated (every 10 requests)
[11:14:44] [105/322] TNZC
[11:14:45] [106/322] DRCD
[11:14:46] [107/322] DLCD
[11:14:46] [108/322] RCDA
[11:14:47] [109/322] COSM
[11:14:49] [110/322] MCMJ
[11:14:49] [111/322] CSTR
[11:14:50] [112/322] CVDK
[11:14:52] [113/322] INRR
[11:14:52] [114/322] RJRT
[11:14:53] 🔄 Identity reset
[11:14:53] 🔄 Identity rotated (every 10 requests)
[11:14:53] [115/322] IRMR
[11:14:54] [116/322] SRCF
[11:14:55] [117/322] GRCR
[11:14:56] [118/322] SURC
[11:14:57] [119/322] NMNH
[11:14:58] [120/322] SVBL
[11:14:58] [121/322] KACI
[11:14:59] [122/322] TDGO
[11:15:00] [123/322] KTBR
[11:15:01] [124/322] PMAD
[11:15:01] 🔄 Identity reset
[11:15:01] 🔄 Identity rotated (every 10 requests)
[11:15:01] 🔄 Retry 1/5 for PMAD in 2.2s
[11:15:01] 🔄 Identity reset
[11:15:04] 🧠 New identity created
[11:15:04] [125/322] CCPN
[11:15:05] [126/322] SBTK
[11:15:05] [127/322] LMDK
[11:15:06] [128/322] PGDA
[11:15:07] [129/322] SRML
[11:15:08] [130/322] EVCK
[11:15:09] [131/322] RTTK
[11:15:09] [132/322] SRTU
[11:15:10] [133/322] VRSA
[11:15:11] 🔄 Identity reset
[11:15:11] 🔄 Identity rotated (every 10 requests)
[11:15:11] 🔄 Retry 1/5 for VRSA in 2.6s
[11:15:11] 🔄 Identity reset
[11:15:13] 🧠 New identity created
[11:15:14] [134/322] VARS
[11:15:14] [135/322] DSCZ
[11:15:15] [136/322] GAGA
[11:15:16] [137/322] SARV
[11:15:17] [138/322] SEEG
[11:15:18] [139/322] GLCA
[11:15:18] [140/322] APAS
[11:15:19] [141/322] VCIA
[11:15:20] [142/322] SJTA
[11:15:21] 🔄 Identity reset
[11:15:21] 🔄 Identity rotated (every 10 requests)
[11:15:21] [143/322] SABM
[11:15:22] [144/322] PPAG
[11:15:23] [145/322] RVCA
[11:15:24] [146/322] CCIA
[11:15:25] [147/322] HTAG
[11:15:26] [148/322] SMBI
[11:15:27] [149/322] MCJR
[11:15:28] [150/322] CCJR
[11:15:29] [151/322] SINF
[11:15:30] [152/322] CPLX
[11:15:31] 🔄 Identity reset
[11:15:31] 🔄 Identity rotated (every 10 requests)
[11:15:31] [153/322] KKTJ
[11:15:32] [154/322] GDBW
[11:15:33] [155/322] CSUB
[11:15:34] [156/322] DABA
[11:15:34] [157/322] TITR
[11:15:35] [158/322] NYCR
[11:15:36] [159/322] RTRY
[11:15:37] [160/322] JTJL
[11:15:38] [161/322] SJCP
[11:15:39] [162/322] KCCA
[11:15:40] 🔄 Identity reset
[11:15:40] 🔄 Identity rotated (every 10 requests)
[11:15:40] [163/322] MLPG
[11:15:41] [164/322] VRCK
[11:15:41] [165/322] SRIN
[11:15:42] [166/322] CXMK
[11:15:43] [167/322] SKAD
[11:15:43] [168/322] AVTR
[11:15:44] [169/322] PTAJ
[11:15:45] [170/322] SCNK
[11:15:46] [171/322] STTI
[11:15:47] [172/322] KACR
[11:15:48] 🔄 Identity reset
[11:15:48] 🔄 Identity rotated (every 10 requests)
[11:15:48] [173/322] SSDX
[11:15:49] [174/322] VRTJ
[11:15:50] [175/322] RAJD
[11:15:50] [176/322] SCIP
[11:15:51] [177/322] RJSL
[11:15:52] [178/322] ARRS
[11:15:53] [179/322] ASMS
[11:15:55] [180/322] RDTS
[11:15:56] [181/322] DVMY
[11:15:57] [182/322] RASA
[11:15:57] 🔄 Identity reset
[11:15:57] 🔄 Identity rotated (every 10 requests)
[11:15:57] [183/322] INOM
[11:15:58] [184/322] SPRS
[11:15:59] [185/322] SGCS
[11:16:01] [186/322] SALM
[11:16:01] [187/322] PKHC
[11:16:02] [188/322] RCSV
[11:16:03] [189/322] CPKC
[11:16:04] [190/322] AACD
[11:16:05] [191/322] GGCV
[11:16:06] [192/322] SMKD
[11:16:06] 🔄 Identity reset
[11:16:06] 🔄 Identity rotated (every 10 requests)
[11:16:06] 🔄 Retry 1/5 for SMKD in 2.5s
[11:16:06] 🔄 Identity reset
[11:16:09] 🧠 New identity created
[11:16:09] [193/322] NBCH
[11:16:11] [194/322] AMCB
[11:16:12] [195/322] OPCN
[11:16:13] [196/322] DCIN
[11:16:14] [197/322] INGW
[11:16:15] [198/322] PKKW
[11:16:16] [199/322] FNGW
[11:16:17] [200/322] GCGD
[11:16:18] [201/322] MSTW
[11:16:19] 🔄 Identity reset
[11:16:19] 🔄 Identity rotated (every 10 requests)
[11:16:19] [202/322] KCCG
[11:16:20] [203/322] MRSS
[11:16:21] [204/322] CLCF
[11:16:22] [205/322] EETS
[11:16:23] [206/322] AATR
[11:16:24] [207/322] CMMN
[11:16:24] [208/322] SCCJ
[11:16:25] [209/322] CDTK
[11:16:26] [210/322] AICP
[11:16:27] [211/322] FNBP
[11:16:27] 🔄 Identity reset
[11:16:27] 🔄 Identity rotated (every 10 requests)
[11:16:28] 🔄 Retry 1/5 for FNBP in 2.2s
[11:16:28] 🔄 Identity reset
[11:16:30] 🧠 New identity created
[11:16:30] [212/322] CBPB
[11:16:31] [213/322] CPAS
[11:16:32] [214/322] MAPM
[11:16:33] [215/322] PASD
[11:16:35] [216/322] JCMN
[11:16:36] [217/322] MALB
[11:16:37] [218/322] SACG
[11:16:38] [219/322] DDRX
[11:16:39] [220/322] DDXB
[11:16:40] 🔄 Identity reset
[11:16:40] 🔄 Identity rotated (every 10 requests)
[11:16:40] [221/322] RAMC
[11:16:41] [222/322] SANC
[11:16:42] [223/322] BCBP
[11:16:43] [224/322] ALPC
[11:16:44] [225/322] RBAC
[11:16:45] [226/322] RAJL
[11:16:45] [227/322] MPDX
[11:16:46] [228/322] MUSC
[11:16:47] [229/322] VKMK
[11:16:48] [230/322] SKCG
[11:16:49] 🔄 Identity reset
[11:16:49] 🔄 Identity rotated (every 10 requests)
[11:16:49] [231/322] ANCN
[11:16:50] [232/322] MMCJ
[11:16:51] [233/322] DCAK
[11:16:52] [234/322] SCKG
[11:16:52] [235/322] LMCK
[11:16:53] [236/322] CKKX
[11:16:55] [237/322] ANKU
[11:16:56] [238/322] CSMD
[11:16:56] [239/322] MKMP
[11:16:57] [240/322] SVBG
[11:16:58] 🔄 Identity reset
[11:16:58] 🔄 Identity rotated (every 10 requests)
[11:16:58] [241/322] ROOP
[11:16:59] [242/322] GDMT
[11:17:00] [243/322] FPPF
[11:17:01] [244/322] SFUU
[11:17:02] [245/322] ANCB
[11:17:02] [246/322] SMMC
[11:17:03] [247/322] UGKT
[11:17:04] [248/322] JVRM
[11:17:06] [249/322] BATG
[11:17:07] [250/322] RATE
[11:17:07] 🔄 Identity reset
[11:17:07] 🔄 Identity rotated (every 10 requests)
[11:17:07] 🔄 Retry 1/5 for RATE in 2.6s
[11:17:07] 🔄 Identity reset
[11:17:10] 🧠 New identity created
[11:17:10] [251/322] SKME
[11:17:11] [252/322] LMTP
[11:17:12] [253/322] TCBD
[11:17:13] [254/322] ESBD
[11:17:13] [255/322] GDCU
[11:17:14] [256/322] SNKT
[11:17:15] [257/322] SRNK
[11:17:16] [258/322] SMED
[11:17:17] [259/322] CSQS
[11:17:17] 🔄 Identity reset
[11:17:17] 🔄 Identity rotated (every 10 requests)
[11:17:18] [260/322] ALCS
[11:17:19] [261/322] KCKN
[11:17:20] [262/322] VCCL
[11:17:21] [263/322] MCDA
[11:17:22] [264/322] SHMI
[11:17:23] [265/322] SKHA
[11:17:24] [266/322] SVFK
[11:17:25] [267/322] INVB
[11:17:26] [268/322] MELD
[11:17:27] [269/322] JTYS
[11:17:28] 🔄 Identity reset
[11:17:28] 🔄 Identity rotated (every 10 requests)
[11:17:28] [270/322] INCM
[11:17:29] [271/322] MCDV
[11:17:30] [272/322] KSGK
[11:17:31] [273/322] ICMG
[11:17:32] [274/322] CSCV
[11:17:33] [275/322] STMD
[11:17:33] [276/322] STTR
[11:17:34] [277/322] INVC
[11:17:35] [278/322] JTBL
[11:17:36] [279/322] SRVV
[11:17:36] 🔄 Identity reset
[11:17:36] 🔄 Identity rotated (every 10 requests)
[11:17:37] [280/322] MAVC
[11:17:37] [281/322] SRPP
[11:17:39] [282/322] JGDM
[11:17:40] [283/322] MBSJ
[11:17:41] [284/322] SSLL
[11:17:42] [285/322] SLKP
[11:17:43] [286/322] NSRV
[11:17:44] [287/322] UTDV
[11:17:45] [288/322] KICM
[11:17:46] [289/322] KCMD
[11:17:46] 🔄 Identity reset
[11:17:46] 🔄 Identity rotated (every 10 requests)
[11:17:46] 🔄 Retry 1/5 for KCMD in 2.1s
[11:17:46] 🔄 Identity reset
[11:17:48] 🧠 New identity created
[11:17:49] [290/322] TTPP
[11:17:49] [291/322] KMPV
[11:17:50] [292/322] SKTV
[11:17:51] [293/322] STCV
[11:17:52] [294/322] SRDA
[11:17:53] [295/322] JTSX
[11:17:54] [296/322] STBV
[11:17:55] [297/322] APVZ
[11:17:55] [298/322] GSTV
[11:17:56] 🔄 Identity reset
[11:17:56] 🔄 Identity rotated (every 10 requests)
[11:17:56] [299/322] NMVS
[11:17:57] [300/322] SKRT
[11:17:58] [301/322] RMDV
[11:17:59] [302/322] RATG
[11:18:00] [303/322] SJYV
[11:18:01] [304/322] NDGP
[11:18:02] [305/322] SNDG
[11:18:02] [306/322] INSR
[11:18:04] [307/322] INSO
[11:18:05] [308/322] CCSI
[11:18:05] 🔄 Identity reset
[11:18:05] 🔄 Identity rotated (every 10 requests)
[11:18:05] 🔄 Retry 1/5 for CCSI in 2.2s
[11:18:05] 🔄 Identity reset
[11:18:07] 🧠 New identity created
[11:18:08] [309/322] RASM
[11:18:09] [310/322] NEWC
[11:18:10] [311/322] VSHL
[11:18:10] [312/322] BISW
[11:18:11] [313/322] GCNG
[11:18:12] [314/322] CWSC
[11:18:13] [315/322] SKAN
[11:18:14] [316/322] CCOA
[11:18:14] [317/322] MCAJ
[11:18:15] 🔄 Identity reset
[11:18:15] 🔄 Identity rotated (every 10 requests)
[11:18:15] 🔄 Retry 1/5 for MCAJ in 2.2s
[11:18:15] 🔄 Identity reset
[11:18:17] 🧠 New identity created
[11:18:17] 🔄 Retry 2/5 for MCAJ in 4.5s
[11:18:17] 🔄 Identity reset
[11:18:22] 🧠 New identity created
[11:18:22] 🔄 Retry 3/5 for MCAJ in 8.6s
[11:18:22] 🔄 Identity reset
[11:18:31] 🧠 New identity created
[11:18:31] [318/322] ACDE
[11:18:32] [319/322] AACM
[11:18:33] [320/322] JJCK
[11:18:34] [321/322] RCMO
[11:18:35] [322/322] GDAW
[11:18:36] 🧹 Deduping shows
[11:18:36] ✅ DONE | Shows=594 | Movies=49
