[03:44:10] 🚀 SCRIPT STARTED (enhanced anti‑detection)
[03:44:10] [1/326] BSAT
[03:44:11] 🧠 New identity created
[03:44:11] [2/326] RSSM
[03:44:12] [3/326] GCTA
[03:44:13] [4/326] TOPN
[03:44:19] [5/326] MCUS
[03:44:20] [6/326] SHRL
[03:44:21] [7/326] UPTP
[03:44:21] [8/326] TMMP
[03:44:22] [9/326] DNRP
[03:44:23] [10/326] SRLT
[03:44:24] 🔄 Identity reset
[03:44:24] 🔄 Identity rotated (every 10 requests)
[03:44:24] [11/326] RCNS
[03:44:25] [12/326] DCBH
[03:44:26] [13/326] NAGJ
[03:44:28] [14/326] JVRC
[03:44:29] [15/326] KRJG
[03:44:30] [16/326] SRTJ
[03:44:31] [17/326] CMXM
[03:44:31] [18/326] STMI
[03:44:32] [19/326] SLST
[03:44:33] [20/326] DTCN
[03:44:34] 🔄 Identity reset
[03:44:34] 🔄 Identity rotated (every 10 requests)
[03:44:34] [21/326] STYN
[03:44:35] [22/326] SZVR
[03:44:36] [23/326] SRKO
[03:44:37] [24/326] JTGT
[03:44:39] [25/326] SVFD
[03:44:40] [26/326] SISD
[03:44:40] [27/326] ABDD
[03:44:41] [28/326] DRCA
[03:44:42] [29/326] AVCS
[03:44:43] [30/326] MVKH
[03:44:44] 🔄 Identity reset
[03:44:44] 🔄 Identity rotated (every 10 requests)
[03:44:44] 🔄 Retry 1/5 for MVKH in 3.0s
[03:44:44] 🔄 Identity reset
[03:44:47] 🧠 New identity created
[03:44:47] [31/326] ACPR
[03:44:48] [32/326] STIP
[03:44:49] [33/326] MTRA
[03:44:50] [34/326] RMKH
[03:44:51] [35/326] NKRL
[03:44:52] [36/326] PCWN
[03:44:53] [37/326] BLMT
[03:44:54] [38/326] GDPG
[03:44:55] [39/326] SRMX
[03:44:56] 🔄 Identity reset
[03:44:56] 🔄 Identity rotated (every 10 requests)
[03:44:56] [40/326] JACP
[03:44:58] [41/326] CPSH
[03:44:59] [42/326] MCCD
[03:45:00] [43/326] ECGH
[03:45:01] [44/326] MKCK
[03:45:02] [45/326] SRMM
[03:45:03] [46/326] SKYR
[03:45:04] [47/326] PCKC
[03:45:05] [48/326] JCMA
[03:45:06] [49/326] BSMP
[03:45:06] 🔄 Identity reset
[03:45:07] 🔄 Identity rotated (every 10 requests)
[03:45:07] [50/326] VSPA
[03:45:08] [51/326] DJYA
[03:45:09] [52/326] DIMP
[03:45:09] [53/326] FXDR
[03:45:10] [54/326] SSRC
[03:45:11] [55/326] STHP
[03:45:12] [56/326] CPPD
[03:45:13] [57/326] FCLK
[03:45:14] [58/326] SCPP
[03:45:15] [59/326] DCMJ
[03:45:16] 🔄 Identity reset
[03:45:16] 🔄 Identity rotated (every 10 requests)
[03:45:16] 🔄 Retry 1/5 for DCMJ in 2.8s
[03:45:16] 🔄 Identity reset
[03:45:19] 🧠 New identity created
[03:45:19] [60/326] RCCR
[03:45:20] [61/326] INMT
[03:45:20] [62/326] LXTK
[03:45:21] [63/326] SRYK
[03:45:22] [64/326] SGDK
[03:45:23] [65/326] PPKA
[03:45:24] [66/326] SPKA
[03:45:25] [67/326] CGHH
[03:45:26] [68/326] DCJN
[03:45:27] 🔄 Identity reset
[03:45:27] 🔄 Identity rotated (every 10 requests)
[03:45:27] [69/326] SRKV
[03:45:28] [70/326] SAJC
[03:45:29] [71/326] SUSR
[03:45:30] [72/326] STYG
[03:45:31] [73/326] NTKP
[03:45:32] [74/326] AKTG
[03:45:33] [75/326] CGCM
[03:45:34] [76/326] TULC
[03:45:35] [77/326] NYYZ
[03:45:36] [78/326] NYBW
[03:45:37] 🔄 Identity reset
[03:45:37] 🔄 Identity rotated (every 10 requests)
[03:45:37] [79/326] MACB
[03:45:38] [80/326] SLVT
[03:45:39] [81/326] SANA
[03:45:40] [82/326] ACMR
[03:45:41] [83/326] CPKN
[03:45:42] [84/326] DLGK
[03:45:43] [85/326] CWCK
[03:45:43] [86/326] FDDH
[03:45:44] [87/326] MMMD
[03:45:45] [88/326] CMEH
[03:45:46] 🔄 Identity reset
[03:45:46] 🔄 Identity rotated (every 10 requests)
[03:45:46] 🔄 Retry 1/5 for CMEH in 2.4s
[03:45:46] 🔄 Identity reset
[03:45:48] 🧠 New identity created
[03:45:48] [89/326] GGGV
[03:45:50] [90/326] SPJL
[03:45:51] [91/326] RCCD
[03:45:52] [92/326] STTZ
[03:45:53] [93/326] BTCF
[03:45:53] [94/326] TSTZ
[03:45:54] [95/326] IPMM
[03:45:55] [96/326] PMPW
[03:45:56] [97/326] PCMZ
[03:45:57] 🔄 Identity reset
[03:45:57] 🔄 Identity rotated (every 10 requests)
[03:45:57] [98/326] ESEM
[03:45:58] [99/326] PIPO
[03:46:00] [100/326] MATK
[03:46:01] [101/326] PGHM
[03:46:02] [102/326] CTSR
[03:46:03] [103/326] CYKR
[03:46:04] [104/326] MSCM
[03:46:05] [105/326] RFNP
[03:46:06] [106/326] PDCP
[03:46:07] [107/326] NPSE
[03:46:07] 🔄 Identity reset
[03:46:07] 🔄 Identity rotated (every 10 requests)
[03:46:08] [108/326] MKML
[03:46:09] [109/326] FTDP
[03:46:10] [110/326] MMXA
[03:46:11] [111/326] CEPO
[03:46:12] [112/326] CMVP
[03:46:13] [113/326] SGTH
[03:46:14] [114/326] SAYN
[03:46:15] [115/326] URVS
[03:46:16] [116/326] VJTN
[03:46:17] [117/326] BBYK
[03:46:18] 🔄 Identity reset
[03:46:18] 🔄 Identity rotated (every 10 requests)
[03:46:18] [118/326] SHBO
[03:46:20] [119/326] VCMR
[03:46:21] [120/326] MACT
[03:46:22] [121/326] JMNP
[03:46:23] [122/326] VICS
[03:46:24] [123/326] VCDA
[03:46:25] [124/326] GCMM
[03:46:26] [125/326] INVS
[03:46:27] [126/326] SCGM
[03:46:28] [127/326] PCDA
[03:46:28] 🔄 Identity reset
[03:46:28] 🔄 Identity rotated (every 10 requests)
[03:46:29] [128/326] KDCT
[03:46:30] [129/326] JACS
[03:46:31] [130/326] GMMC
[03:46:32] [131/326] AICM
[03:46:33] [132/326] TJCM
[03:46:34] [133/326] RMTI
[03:46:35] [134/326] SHAC
[03:46:36] [135/326] APJC
[03:46:37] [136/326] GCTG
[03:46:38] [137/326] SSMC
[03:46:39] 🔄 Identity reset
[03:46:39] 🔄 Identity rotated (every 10 requests)
[03:46:39] [138/326] THRM
[03:46:41] [139/326] RBCT
[03:46:42] [140/326] DIKT
[03:46:43] [141/326] MIDL
[03:46:44] [142/326] VCSN
[03:46:45] [143/326] SKTG
[03:46:46] [144/326] SMWC
[03:46:47] [145/326] MNKH
[03:46:48] [146/326] PIAT
[03:46:49] [147/326] LTTP
[03:46:50] 🔄 Identity reset
[03:46:50] 🔄 Identity rotated (every 10 requests)
[03:46:50] [148/326] PTPU
[03:46:52] [149/326] ACMG
[03:46:52] [150/326] SHMM
[03:46:54] [151/326] MCMN
[03:46:54] [152/326] GLDC
[03:46:55] [153/326] HOUT
[03:46:56] [154/326] SVRP
[03:46:57] [155/326] PVDN
[03:46:58] [156/326] SCPY
[03:46:59] [157/326] DTPY
[03:46:59] 🔄 Identity reset
[03:46:59] 🔄 Identity rotated (every 10 requests)
[03:46:59] 🔄 Retry 1/5 for DTPY in 2.1s
[03:46:59] 🔄 Identity reset
[03:47:01] 🧠 New identity created
[03:47:02] [158/326] GKCS
[03:47:03] [159/326] NCAM
[03:47:04] [160/326] BSRM
[03:47:05] [161/326] RCLC
[03:47:06] [162/326] SKKD
[03:47:07] [163/326] ACHU
[03:47:08] [164/326] RSCF
[03:47:10] [165/326] IMSH
[03:47:10] [166/326] MACX
[03:47:11] 🔄 Identity reset
[03:47:11] 🔄 Identity rotated (every 10 requests)
[03:47:11] [167/326] HMMW
[03:47:12] [168/326] JTCP
[03:47:13] [169/326] SREN
[03:47:15] [170/326] PJRR
[03:47:16] [171/326] INAC
[03:47:18] [172/326] BMCA
[03:47:18] [173/326] SHCB
[03:47:19] [174/326] GABA
[03:47:20] [175/326] SBCT
[03:47:21] [176/326] GCMA
[03:47:22] 🔄 Identity reset
[03:47:22] 🔄 Identity rotated (every 10 requests)
[03:47:22] [177/326] MYTK
[03:47:23] [178/326] INZS
[03:47:24] [179/326] RMIK
[03:47:25] [180/326] NYCH
[03:47:26] [181/326] RAVE
[03:47:27] [182/326] PSXM
[03:47:28] [183/326] MCGP
[03:47:29] [184/326] PDDK
[03:47:30] [185/326] SPCK
[03:47:32] [186/326] MCRL
[03:47:33] 🔄 Identity reset
[03:47:33] 🔄 Identity rotated (every 10 requests)
[03:47:33] [187/326] MHKT
[03:47:34] [188/326] ANRR
[03:47:35] [189/326] SAPK
[03:47:36] [190/326] NCUK
[03:47:37] [191/326] JUGA
[03:47:37] [192/326] DBSC
[03:47:38] [193/326] LALK
[03:47:39] [194/326] GUCK
[03:47:41] [195/326] STSG
[03:47:42] [196/326] PPPZ
[03:47:43] 🔄 Identity reset
[03:47:43] 🔄 Identity rotated (every 10 requests)
[03:47:43] [197/326] CNCY
[03:47:44] [198/326] MTAR
[03:47:45] [199/326] VNKD
[03:47:46] [200/326] KMAJ
[03:47:47] [201/326] ACXK
[03:47:48] [202/326] UTKC
[03:47:49] [203/326] PBLK
[03:47:50] [204/326] ACBX
[03:47:51] [205/326] PTGM
[03:47:52] [206/326] BTDA
[03:47:52] 🔄 Identity reset
[03:47:52] 🔄 Identity rotated (every 10 requests)
[03:47:54] [207/326] PJMB
[03:47:55] [208/326] TPDA
[03:47:57] [209/326] AMOE
[03:47:58] [210/326] PRHT
[03:47:59] [211/326] PRTA
[03:48:00] [212/326] STAM
[03:48:01] [213/326] MSAA
[03:48:02] [214/326] SDLU
[03:48:03] [215/326] RCHH
[03:48:04] [216/326] KANT
[03:48:05] 🔄 Identity reset
[03:48:05] 🔄 Identity rotated (every 10 requests)
[03:48:05] 🔄 Retry 1/5 for KANT in 2.8s
[03:48:05] 🔄 Identity reset
[03:48:08] 🧠 New identity created
[03:48:09] [217/326] FCRT
[03:48:09] [218/326] DNKM
[03:48:10] [219/326] RYCP
[03:48:11] [220/326] MYRP
[03:48:12] [221/326] PPAK
[03:48:13] [222/326] NVPK
[03:48:14] [223/326] PRMC
[03:48:15] [224/326] JBCS
[03:48:17] [225/326] GXCK
[03:48:17] 🔄 Identity reset
[03:48:17] 🔄 Identity rotated (every 10 requests)
[03:48:18] [226/326] USKO
[03:48:19] [227/326] GTEM
[03:48:20] [228/326] SMBU
[03:48:21] [229/326] VETC
[03:48:22] [230/326] LCDA
[03:48:23] [231/326] MTVT
[03:48:24] [232/326] PYCP
[03:48:25] [233/326] PNSC
[03:48:26] [234/326] PPCC
[03:48:27] [235/326] TGRT
[03:48:27] 🔄 Identity reset
[03:48:27] 🔄 Identity rotated (every 10 requests)
[03:48:27] 🔄 Retry 1/5 for TGRT in 2.5s
[03:48:27] 🔄 Identity reset
[03:48:30] 🧠 New identity created
[03:48:31] [236/326] JYOT
[03:48:31] [237/326] SRCZ
[03:48:32] [238/326] SJTE
[03:48:33] [239/326] DESC
[03:48:34] [240/326] JHVN
[03:48:35] [241/326] IPSG
[03:48:36] [242/326] IPCM
[03:48:37] [243/326] PDRS
[03:48:38] [244/326] ANCV
[03:48:38] 🔄 Identity reset
[03:48:38] 🔄 Identity rotated (every 10 requests)
[03:48:39] [245/326] CMVV
[03:48:39] [246/326] SHYP
[03:48:40] [247/326] DNCS
[03:48:41] [248/326] GAJK
[03:48:42] [249/326] AKTN
[03:48:43] [250/326] KAYA
[03:48:44] [251/326] SBRC
[03:48:45] [252/326] CHTP
[03:48:46] [253/326] SHRT
[03:48:47] [254/326] BCKU
[03:48:47] 🔄 Identity reset
[03:48:47] 🔄 Identity rotated (every 10 requests)
[03:48:48] [255/326] FCPS
[03:48:48] [256/326] ARDD
[03:48:49] [257/326] CPCM
[03:48:51] [258/326] CGSM
[03:48:52] [259/326] PSMP
[03:48:53] [260/326] SDAL
[03:48:54] [261/326] RTNB
[03:48:54] [262/326] LMCR
[03:48:55] [263/326] CIMA
[03:48:56] [264/326] RNAS
[03:48:57] 🔄 Identity reset
[03:48:57] 🔄 Identity rotated (every 10 requests)
[03:48:57] [265/326] LITH
[03:48:58] [266/326] PBOX
[03:48:59] [267/326] FRTS
[03:49:00] [268/326] RKIC
[03:49:01] [269/326] PTAI
[03:49:02] [270/326] GCIC
[03:49:03] [271/326] FNAS
[03:49:04] [272/326] SCAR
[03:49:05] [273/326] MTCA
[03:49:06] [274/326] SCTS
[03:49:07] 🔄 Identity reset
[03:49:07] 🔄 Identity rotated (every 10 requests)
[03:49:07] [275/326] SYCS
[03:49:08] [276/326] RDMS
[03:49:09] [277/326] KAMP
[03:49:10] [278/326] ERSD
[03:49:11] [279/326] MJMJ
[03:49:12] [280/326] SRCJ
[03:49:13] [281/326] SCXE
[03:49:14] [282/326] SVFR
[03:49:15] [283/326] BHCS
[03:49:16] [284/326] IMCC
[03:49:16] 🔄 Identity reset
[03:49:16] 🔄 Identity rotated (every 10 requests)
[03:49:17] [285/326] PCBO
[03:49:19] [286/326] PRVN
[03:49:20] [287/326] AUPM
[03:49:21] [288/326] INBW
[03:49:22] [289/326] SVCW
[03:49:23] [290/326] RKCF
[03:49:24] [291/326] UVBH
[03:49:25] [292/326] DNCY
[03:49:26] [293/326] ABCN
[03:49:27] [294/326] PRUR
[03:49:27] 🔄 Identity reset
[03:49:27] 🔄 Identity rotated (every 10 requests)
[03:49:28] [295/326] PFMR
[03:49:29] [296/326] RKCN
[03:49:30] [297/326] CFEA
[03:49:31] [298/326] SDBG
[03:49:32] [299/326] SNAR
[03:49:33] [300/326] YISI
[03:49:34] [301/326] JCFF
[03:49:35] [302/326] VTRK
[03:49:36] [303/326] PCLZ
[03:49:37] [304/326] DIMY
[03:49:37] 🔄 Identity reset
[03:49:37] 🔄 Identity rotated (every 10 requests)
[03:49:38] [305/326] BBTS
[03:49:39] [306/326] GATH
[03:49:40] [307/326] GTMN
[03:49:41] [308/326] VTMH
[03:49:42] [309/326] CCKP
[03:49:44] [310/326] GPKA
[03:49:45] [311/326] MHCL
[03:49:46] [312/326] ATCL
[03:49:47] [313/326] SBCK
[03:49:48] [314/326] AMMR
[03:49:49] 🔄 Identity reset
[03:49:49] 🔄 Identity rotated (every 10 requests)
[03:49:49] [315/326] MADC
[03:49:50] [316/326] TMMA
[03:49:51] [317/326] CACC
[03:49:53] [318/326] CHAL
[03:49:54] [319/326] DURG
[03:49:54] [320/326] GMKU
[03:49:55] [321/326] GECA
[03:49:56] [322/326] KYRR
[03:49:57] [323/326] KSDE
[03:49:58] [324/326] LMCI
[03:49:58] 🔄 Identity reset
[03:49:58] 🔄 Identity rotated (every 10 requests)
[03:49:59] [325/326] NKCP
[03:50:00] [326/326] BGTC
[03:50:01] 🧹 Deduping shows
[03:50:01] ✅ DONE | Shows=504 | Movies=38
[11:14:52] 🚀 SCRIPT STARTED (enhanced anti‑detection)
[11:14:52] [1/326] BSAT
[11:14:52] 🧠 New identity created
[11:14:52] 🔄 Retry 1/5 for BSAT in 2.9s
[11:14:52] 🔄 Identity reset
[11:14:55] 🧠 New identity created
[11:14:55] 🔄 Retry 2/5 for BSAT in 4.9s
[11:14:55] 🔄 Identity reset
[11:15:00] 🧠 New identity created
[11:15:00] 🔄 Retry 3/5 for BSAT in 8.6s
[11:15:00] 🔄 Identity reset
[11:15:09] 🧠 New identity created
[11:15:09] 🔄 Retry 4/5 for BSAT in 16.8s
[11:15:09] 🔄 Identity reset
[11:15:26] 🧠 New identity created
[11:15:26] ❌ BSAT failed after 5 attempts
[11:15:26] 🔄 Identity reset
[11:15:26] ❌ BSAT final failure | RuntimeError | HTTP 403
[11:15:26] [2/326] RSSM
[11:15:27] 🧠 New identity created
[11:15:28] [3/326] GCTA
[11:15:30] [4/326] TOPN
[11:15:31] [5/326] MCUS
[11:15:32] [6/326] SHRL
[11:15:33] 🔄 Identity reset
[11:15:33] 🔄 Identity rotated (every 10 requests)
[11:15:33] [7/326] UPTP
[11:15:34] [8/326] TMMP
[11:15:35] [9/326] DNRP
[11:15:36] [10/326] SRLT
[11:15:37] [11/326] RCNS
[11:15:38] [12/326] DCBH
[11:15:39] [13/326] NAGJ
[11:15:40] [14/326] JVRC
[11:15:41] [15/326] KRJG
[11:15:41] [16/326] SRTJ
[11:15:42] 🔄 Identity reset
[11:15:42] 🔄 Identity rotated (every 10 requests)
[11:15:42] 🔄 Retry 1/5 for SRTJ in 2.9s
[11:15:42] 🔄 Identity reset
[11:15:45] 🧠 New identity created
[11:15:46] [17/326] CMXM
[11:15:47] [18/326] STMI
[11:15:48] [19/326] SLST
[11:15:50] [20/326] DTCN
[11:15:51] [21/326] STYN
[11:15:52] [22/326] SZVR
[11:15:53] [23/326] SRKO
[11:15:55] [24/326] JTGT
[11:15:56] [25/326] SVFD
[11:15:56] 🔄 Identity reset
[11:15:56] 🔄 Identity rotated (every 10 requests)
[11:15:57] [26/326] SISD
[11:15:59] [27/326] ABDD
[11:16:00] [28/326] DRCA
[11:16:01] [29/326] AVCS
[11:16:02] [30/326] MVKH
[11:16:03] [31/326] ACPR
[11:16:04] [32/326] STIP
[11:16:05] [33/326] MTRA
[11:16:06] [34/326] RMKH
[11:16:07] [35/326] NKRL
[11:16:07] 🔄 Identity reset
[11:16:07] 🔄 Identity rotated (every 10 requests)
[11:16:08] [36/326] PCWN
[11:16:09] [37/326] BLMT
[11:16:10] [38/326] GDPG
[11:16:11] [39/326] SRMX
[11:16:12] [40/326] JACP
[11:16:13] [41/326] CPSH
[11:16:14] [42/326] MCCD
[11:16:15] [43/326] ECGH
[11:16:17] [44/326] MKCK
[11:16:18] [45/326] SRMM
[11:16:18] 🔄 Identity reset
[11:16:18] 🔄 Identity rotated (every 10 requests)
[11:16:19] [46/326] SKYR
[11:16:20] [47/326] PCKC
[11:16:21] [48/326] JCMA
[11:16:22] [49/326] BSMP
[11:16:23] [50/326] VSPA
[11:16:24] [51/326] DJYA
[11:16:26] [52/326] DIMP
[11:16:26] [53/326] FXDR
[11:16:27] [54/326] SSRC
[11:16:28] [55/326] STHP
[11:16:29] 🔄 Identity reset
[11:16:29] 🔄 Identity rotated (every 10 requests)
[11:16:29] [56/326] CPPD
[11:16:31] [57/326] FCLK
[11:16:32] [58/326] SCPP
[11:16:34] [59/326] DCMJ
[11:16:35] [60/326] RCCR
[11:16:36] [61/326] INMT
[11:16:37] [62/326] LXTK
[11:16:38] [63/326] SRYK
[11:16:39] [64/326] SGDK
[11:16:40] [65/326] PPKA
[11:16:41] 🔄 Identity reset
[11:16:41] 🔄 Identity rotated (every 10 requests)
[11:16:41] 🔄 Retry 1/5 for PPKA in 2.9s
[11:16:41] 🔄 Identity reset
[11:16:44] 🧠 New identity created
[11:16:44] [66/326] SPKA
[11:16:45] [67/326] CGHH
[11:16:46] [68/326] DCJN
[11:16:47] [69/326] SRKV
[11:16:48] [70/326] SAJC
[11:16:49] [71/326] SUSR
[11:16:50] [72/326] STYG
[11:16:51] [73/326] NTKP
[11:16:52] [74/326] AKTG
[11:16:53] 🔄 Identity reset
[11:16:53] 🔄 Identity rotated (every 10 requests)
[11:16:53] [75/326] CGCM
[11:16:54] [76/326] TULC
[11:16:55] [77/326] NYYZ
[11:16:57] [78/326] NYBW
[11:16:57] [79/326] MACB
[11:16:59] [80/326] SLVT
[11:16:59] [81/326] SANA
[11:17:00] [82/326] ACMR
[11:17:01] [83/326] CPKN
[11:17:02] [84/326] DLGK
[11:17:03] 🔄 Identity reset
[11:17:03] 🔄 Identity rotated (every 10 requests)
[11:17:03] [85/326] CWCK
[11:17:04] [86/326] FDDH
[11:17:05] [87/326] MMMD
[11:17:06] [88/326] CMEH
[11:17:07] [89/326] GGGV
[11:17:08] [90/326] SPJL
[11:17:09] [91/326] RCCD
[11:17:10] [92/326] STTZ
[11:17:11] [93/326] BTCF
[11:17:12] [94/326] TSTZ
[11:17:12] 🔄 Identity reset
[11:17:12] 🔄 Identity rotated (every 10 requests)
[11:17:13] [95/326] IPMM
[11:17:14] [96/326] PMPW
[11:17:14] [97/326] PCMZ
[11:17:15] [98/326] ESEM
[11:17:16] [99/326] PIPO
[11:17:18] [100/326] MATK
[11:17:19] [101/326] PGHM
[11:17:20] [102/326] CTSR
[11:17:21] [103/326] CYKR
[11:17:21] [104/326] MSCM
[11:17:22] 🔄 Identity reset
[11:17:22] 🔄 Identity rotated (every 10 requests)
[11:17:22] 🔄 Retry 1/5 for MSCM in 2.3s
[11:17:22] 🔄 Identity reset
[11:17:24] 🧠 New identity created
[11:17:25] 🔄 Retry 2/5 for MSCM in 4.2s
[11:17:25] 🔄 Identity reset
[11:17:29] 🧠 New identity created
[11:17:29] [105/326] RFNP
[11:17:30] [106/326] PDCP
[11:17:31] [107/326] NPSE
[11:17:32] [108/326] MKML
[11:17:33] [109/326] FTDP
[11:17:34] [110/326] MMXA
[11:17:35] [111/326] CEPO
[11:17:36] [112/326] CMVP
[11:17:36] 🔄 Identity reset
[11:17:36] 🔄 Identity rotated (every 10 requests)
[11:17:36] 🔄 Retry 1/5 for CMVP in 2.8s
[11:17:36] 🔄 Identity reset
[11:17:39] 🧠 New identity created
[11:17:40] [113/326] SGTH
[11:17:40] [114/326] SAYN
[11:17:41] [115/326] URVS
[11:17:42] [116/326] VJTN
[11:17:43] [117/326] BBYK
[11:17:44] [118/326] SHBO
[11:17:45] [119/326] VCMR
[11:17:47] [120/326] MACT
[11:17:48] [121/326] JMNP
[11:17:48] 🔄 Identity reset
[11:17:48] 🔄 Identity rotated (every 10 requests)
[11:17:49] [122/326] VICS
[11:17:50] [123/326] VCDA
[11:17:51] [124/326] GCMM
[11:17:52] [125/326] INVS
[11:17:54] [126/326] SCGM
[11:17:56] [127/326] PCDA
[11:17:57] [128/326] KDCT
[11:17:58] [129/326] JACS
[11:17:59] [130/326] GMMC
[11:18:01] [131/326] AICM
[11:18:01] 🔄 Identity reset
[11:18:01] 🔄 Identity rotated (every 10 requests)
[11:18:02] [132/326] TJCM
[11:18:03] [133/326] RMTI
[11:18:04] [134/326] SHAC
[11:18:05] [135/326] APJC
[11:18:06] [136/326] GCTG
[11:18:07] [137/326] SSMC
[11:18:07] [138/326] THRM
[11:18:08] [139/326] RBCT
[11:18:09] [140/326] DIKT
[11:18:10] [141/326] MIDL
[11:18:11] 🔄 Identity reset
[11:18:11] 🔄 Identity rotated (every 10 requests)
[11:18:12] [142/326] VCSN
[11:18:13] [143/326] SKTG
[11:18:15] [144/326] SMWC
[11:18:16] [145/326] MNKH
[11:18:16] [146/326] PIAT
[11:18:18] [147/326] LTTP
[11:18:19] [148/326] PTPU
[11:18:20] [149/326] ACMG
[11:18:21] [150/326] SHMM
[11:18:22] [151/326] MCMN
[11:18:23] 🔄 Identity reset
[11:18:23] 🔄 Identity rotated (every 10 requests)
[11:18:23] [152/326] GLDC
[11:18:24] [153/326] HOUT
[11:18:26] [154/326] SVRP
[11:18:27] [155/326] PVDN
[11:18:27] [156/326] SCPY
[11:18:28] [157/326] DTPY
[11:18:30] [158/326] GKCS
[11:18:31] [159/326] NCAM
[11:18:32] [160/326] BSRM
[11:18:33] [161/326] RCLC
[11:18:34] 🔄 Identity reset
[11:18:34] 🔄 Identity rotated (every 10 requests)
[11:18:35] [162/326] SKKD
[11:18:35] [163/326] ACHU
[11:18:36] [164/326] RSCF
[11:18:38] [165/326] IMSH
[11:18:39] [166/326] MACX
[11:18:40] [167/326] HMMW
[11:18:41] [168/326] JTCP
[11:18:41] [169/326] SREN
[11:18:43] [170/326] PJRR
[11:18:44] [171/326] INAC
[11:18:45] 🔄 Identity reset
[11:18:45] 🔄 Identity rotated (every 10 requests)
[11:18:45] 🔄 Retry 1/5 for INAC in 2.6s
[11:18:45] 🔄 Identity reset
[11:18:48] 🧠 New identity created
[11:18:48] 🔄 Retry 2/5 for INAC in 4.3s
[11:18:48] 🔄 Identity reset
[11:18:52] 🧠 New identity created
[11:18:52] 🔄 Retry 3/5 for INAC in 8.8s
[11:18:52] 🔄 Identity reset
[11:19:01] 🧠 New identity created
[11:19:01] [172/326] BMCA
[11:19:02] [173/326] SHCB
[11:19:03] [174/326] GABA
[11:19:04] [175/326] SBCT
[11:19:05] [176/326] GCMA
[11:19:06] [177/326] MYTK
[11:19:07] [178/326] INZS
[11:19:07] 🔄 Identity reset
[11:19:07] 🔄 Identity rotated (every 10 requests)
[11:19:07] 🔄 Retry 1/5 for INZS in 2.9s
[11:19:07] 🔄 Identity reset
[11:19:10] 🧠 New identity created
[11:19:11] [179/326] RMIK
[11:19:12] [180/326] NYCH
[11:19:13] [181/326] RAVE
[11:19:14] [182/326] PSXM
[11:19:15] [183/326] MCGP
[11:19:16] [184/326] PDDK
[11:19:17] [185/326] SPCK
[11:19:17] [186/326] MCRL
[11:19:18] [187/326] MHKT
[11:19:19] 🔄 Identity reset
[11:19:19] 🔄 Identity rotated (every 10 requests)
[11:19:19] 🔄 Retry 1/5 for MHKT in 2.6s
[11:19:19] 🔄 Identity reset
[11:19:21] 🧠 New identity created
[11:19:22] [188/326] ANRR
[11:19:23] [189/326] SAPK
[11:19:24] [190/326] NCUK
[11:19:25] [191/326] JUGA
[11:19:25] [192/326] DBSC
[11:19:26] [193/326] LALK
[11:19:27] [194/326] GUCK
[11:19:28] [195/326] STSG
[11:19:29] [196/326] PPPZ
[11:19:29] 🔄 Identity reset
[11:19:29] 🔄 Identity rotated (every 10 requests)
[11:19:30] 🔄 Retry 1/5 for PPPZ in 2.7s
[11:19:30] 🔄 Identity reset
[11:19:32] 🧠 New identity created
[11:19:32] 🔄 Retry 2/5 for PPPZ in 4.3s
[11:19:32] 🔄 Identity reset
[11:19:37] 🧠 New identity created
[11:19:37] [197/326] CNCY
[11:19:38] [198/326] MTAR
[11:19:39] [199/326] VNKD
[11:19:40] [200/326] KMAJ
[11:19:40] [201/326] ACXK
[11:19:41] [202/326] UTKC
[11:19:43] [203/326] PBLK
[11:19:44] [204/326] ACBX
[11:19:45] 🔄 Identity reset
[11:19:45] 🔄 Identity rotated (every 10 requests)
[11:19:45] 🔄 Retry 1/5 for ACBX in 2.2s
[11:19:45] 🔄 Identity reset
[11:19:47] 🧠 New identity created
[11:19:47] 🔄 Retry 2/5 for ACBX in 4.5s
[11:19:47] 🔄 Identity reset
[11:19:52] 🧠 New identity created
[11:19:53] [205/326] PTGM
[11:19:53] [206/326] BTDA
[11:19:54] [207/326] PJMB
[11:19:55] [208/326] TPDA
[11:19:56] [209/326] AMOE
[11:19:58] [210/326] PRHT
[11:19:59] [211/326] PRTA
[11:19:59] [212/326] STAM
[11:20:00] 🔄 Identity reset
[11:20:00] 🔄 Identity rotated (every 10 requests)
[11:20:01] [213/326] MSAA
[11:20:02] [214/326] SDLU
[11:20:02] [215/326] RCHH
[11:20:03] [216/326] KANT
[11:20:04] [217/326] FCRT
[11:20:05] [218/326] DNKM
[11:20:06] [219/326] RYCP
[11:20:07] [220/326] MYRP
[11:20:08] [221/326] PPAK
[11:20:09] [222/326] NVPK
[11:20:10] 🔄 Identity reset
[11:20:10] 🔄 Identity rotated (every 10 requests)
[11:20:10] [223/326] PRMC
[11:20:11] [224/326] JBCS
[11:20:12] [225/326] GXCK
[11:20:14] [226/326] USKO
[11:20:15] [227/326] GTEM
[11:20:15] [228/326] SMBU
[11:20:16] [229/326] VETC
[11:20:17] [230/326] LCDA
[11:20:18] [231/326] MTVT
[11:20:20] [232/326] PYCP
[11:20:21] 🔄 Identity reset
[11:20:21] 🔄 Identity rotated (every 10 requests)
[11:20:21] 🔄 Retry 1/5 for PYCP in 2.8s
[11:20:21] 🔄 Identity reset
[11:20:23] 🧠 New identity created
[11:20:24] [233/326] PNSC
[11:20:24] [234/326] PPCC
[11:20:25] [235/326] TGRT
[11:20:26] [236/326] JYOT
[11:20:27] [237/326] SRCZ
[11:20:28] [238/326] SJTE
[11:20:29] [239/326] DESC
[11:20:30] [240/326] JHVN
[11:20:31] [241/326] IPSG
[11:20:31] 🔄 Identity reset
[11:20:32] 🔄 Identity rotated (every 10 requests)
[11:20:32] [242/326] IPCM
[11:20:33] [243/326] PDRS
[11:20:34] [244/326] ANCV
[11:20:35] [245/326] CMVV
[11:20:36] [246/326] SHYP
[11:20:37] [247/326] DNCS
[11:20:38] [248/326] GAJK
[11:20:39] [249/326] AKTN
[11:20:40] [250/326] KAYA
[11:20:41] [251/326] SBRC
[11:20:41] 🔄 Identity reset
[11:20:41] 🔄 Identity rotated (every 10 requests)
[11:20:42] [252/326] CHTP
[11:20:43] [253/326] SHRT
[11:20:44] [254/326] BCKU
[11:20:46] [255/326] FCPS
[11:20:47] [256/326] ARDD
[11:20:48] [257/326] CPCM
[11:20:49] [258/326] CGSM
[11:20:50] [259/326] PSMP
[11:20:51] [260/326] SDAL
[11:20:52] [261/326] RTNB
[11:20:52] 🔄 Identity reset
[11:20:52] 🔄 Identity rotated (every 10 requests)
[11:20:53] [262/326] LMCR
[11:20:54] [263/326] CIMA
[11:20:55] [264/326] RNAS
[11:20:56] [265/326] LITH
[11:20:57] [266/326] PBOX
[11:20:58] [267/326] FRTS
[11:20:59] [268/326] RKIC
[11:21:00] [269/326] PTAI
[11:21:01] [270/326] GCIC
[11:21:02] [271/326] FNAS
[11:21:02] 🔄 Identity reset
[11:21:02] 🔄 Identity rotated (every 10 requests)
[11:21:03] [272/326] SCAR
[11:21:04] [273/326] MTCA
[11:21:05] [274/326] SCTS
[11:21:06] [275/326] SYCS
[11:21:07] [276/326] RDMS
[11:21:08] [277/326] KAMP
[11:21:09] [278/326] ERSD
[11:21:10] [279/326] MJMJ
[11:21:11] [280/326] SRCJ
[11:21:13] [281/326] SCXE
[11:21:13] 🔄 Identity reset
[11:21:13] 🔄 Identity rotated (every 10 requests)
[11:21:14] [282/326] SVFR
[11:21:15] [283/326] BHCS
[11:21:16] [284/326] IMCC
[11:21:17] [285/326] PCBO
[11:21:19] [286/326] PRVN
[11:21:20] [287/326] AUPM
[11:21:21] [288/326] INBW
[11:21:22] [289/326] SVCW
[11:21:22] [290/326] RKCF
[11:21:23] [291/326] UVBH
[11:21:24] 🔄 Identity reset
[11:21:24] 🔄 Identity rotated (every 10 requests)
[11:21:24] [292/326] DNCY
[11:21:25] [293/326] ABCN
[11:21:26] [294/326] PRUR
[11:21:27] [295/326] PFMR
[11:21:28] [296/326] RKCN
[11:21:29] [297/326] CFEA
[11:21:30] [298/326] SDBG
[11:21:31] [299/326] SNAR
[11:21:31] [300/326] YISI
[11:21:32] [301/326] JCFF
[11:21:33] 🔄 Identity reset
[11:21:33] 🔄 Identity rotated (every 10 requests)
[11:21:33] [302/326] VTRK
[11:21:34] [303/326] PCLZ
[11:21:35] [304/326] DIMY
[11:21:36] [305/326] BBTS
[11:21:37] [306/326] GATH
[11:21:39] [307/326] GTMN
[11:21:40] [308/326] VTMH
[11:21:41] [309/326] CCKP
[11:21:42] [310/326] GPKA
[11:21:43] [311/326] MHCL
[11:21:44] 🔄 Identity reset
[11:21:44] 🔄 Identity rotated (every 10 requests)
[11:21:44] [312/326] ATCL
[11:21:46] [313/326] SBCK
[11:21:47] [314/326] AMMR
[11:21:48] [315/326] MADC
[11:21:49] [316/326] TMMA
[11:21:49] [317/326] CACC
[11:21:50] [318/326] CHAL
[11:21:51] [319/326] DURG
[11:21:52] [320/326] GMKU
[11:21:53] [321/326] GECA
[11:21:53] 🔄 Identity reset
[11:21:53] 🔄 Identity rotated (every 10 requests)
[11:21:54] [322/326] KYRR
[11:21:55] [323/326] KSDE
[11:21:56] [324/326] LMCI
[11:21:57] [325/326] NKCP
[11:21:58] [326/326] BGTC
[11:21:59] 🔁 RETRY ROUND 1 | Remaining: 1
[11:21:59] [RETRY-1] BSAT
[11:22:02] 🧹 Deduping shows
[11:22:02] ✅ DONE | Shows=525 | Movies=38
