[00:16:43] 🚀 DISTRICT → BMS9 CONVERTER STARTED
[00:16:43] 📅 Date: 2026-09-05
[00:16:43] 🚫 Worker logic: DISABLED
[00:16:43] 🔑 Venue matching: ID ONLY
[00:16:43] 🚫 alldistrictvenues.json: NOT USED
[00:16:43] 🚫 Venue-name matching: NOT USED
[00:16:43] 📍 Selected venue records: 756
[00:16:43] 🎯 Selected venue IDs: 756
[00:16:43] 📡 Fetching Detailed JSON:
[00:16:43]    https://districtdata2026.pages.dev/boxoffice/2026-09-05_Detailed.json
[00:16:43] ❌ Source file not found (404) – will create empty outputs
[00:16:43] ⚠️ No source data – keeping existing output files unchanged
[00:16:43] 📄 Created empty detailed file: daily/data/20260905/detailed9.json
[00:16:43] 📄 Created empty summary file: daily/data/20260905/movie_summary9.json
[00:16:43] ✅ DONE | Existing data preserved
[01:16:18] 🚀 DISTRICT → BMS9 CONVERTER STARTED
[01:16:18] 📅 Date: 2026-09-05
[01:16:18] 🚫 Worker logic: DISABLED
[01:16:18] 🔑 Venue matching: ID ONLY
[01:16:18] 🚫 alldistrictvenues.json: NOT USED
[01:16:18] 🚫 Venue-name matching: NOT USED
[01:16:18] 📍 Selected venue records: 756
[01:16:18] 🎯 Selected venue IDs: 756
[01:16:18] 📡 Fetching Detailed JSON:
[01:16:18]    https://districtdata2026.pages.dev/boxoffice/2026-09-05_Detailed.json
[01:16:18] ❌ Source file not found (404) – will create empty outputs
[01:16:18] ⚠️ No source data – keeping existing output files unchanged
[01:16:18] 📦 Existing detailed file preserved: daily/data/20260905/detailed9.json
[01:16:18] 📦 Existing summary file preserved: daily/data/20260905/movie_summary9.json
[01:16:18] ✅ DONE | Existing data preserved
[02:16:15] 🚀 DISTRICT → BMS9 CONVERTER STARTED
[02:16:15] 📅 Date: 2026-09-05
[02:16:15] 🚫 Worker logic: DISABLED
[02:16:15] 🔑 Venue matching: ID ONLY
[02:16:15] 🚫 alldistrictvenues.json: NOT USED
[02:16:15] 🚫 Venue-name matching: NOT USED
[02:16:15] 📍 Selected venue records: 756
[02:16:15] 🎯 Selected venue IDs: 756
[02:16:15] 📡 Fetching Detailed JSON:
[02:16:15]    https://districtdata2026.pages.dev/boxoffice/2026-09-05_Detailed.json
[02:16:15] ❌ Source file not found (404) – will create empty outputs
[02:16:15] ⚠️ No source data – keeping existing output files unchanged
[02:16:15] 📦 Existing detailed file preserved: daily/data/20260905/detailed9.json
[02:16:15] 📦 Existing summary file preserved: daily/data/20260905/movie_summary9.json
[02:16:15] ✅ DONE | Existing data preserved
[02:44:55] 🚀 DISTRICT → BMS9 CONVERTER STARTED
[02:44:55] 📅 Date: 2026-09-05
[02:44:55] 🚫 Worker logic: DISABLED
[02:44:55] 🔑 Venue matching: ID ONLY
[02:44:55] 🚫 alldistrictvenues.json: NOT USED
[02:44:55] 🚫 Venue-name matching: NOT USED
[02:44:55] 📍 Selected venue records: 756
[02:44:55] 🎯 Selected venue IDs: 756
[02:44:55] 📡 Fetching Detailed JSON:
[02:44:55]    https://districtdata2026.pages.dev/boxoffice/2026-09-05_Detailed.json
[02:44:55] ❌ Source file not found (404) – will create empty outputs
[02:44:55] ⚠️ No source data – keeping existing output files unchanged
[02:44:55] 📦 Existing detailed file preserved: daily/data/20260905/detailed9.json
[02:44:55] 📦 Existing summary file preserved: daily/data/20260905/movie_summary9.json
[02:44:55] ✅ DONE | Existing data preserved
[03:16:09] 🚀 DISTRICT → BMS9 CONVERTER STARTED
[03:16:09] 📅 Date: 2026-09-05
[03:16:09] 🚫 Worker logic: DISABLED
[03:16:09] 🔑 Venue matching: ID ONLY
[03:16:09] 🚫 alldistrictvenues.json: NOT USED
[03:16:09] 🚫 Venue-name matching: NOT USED
[03:16:09] 📍 Selected venue records: 756
[03:16:09] 🎯 Selected venue IDs: 756
[03:16:09] 📡 Fetching Detailed JSON:
[03:16:09]    https://districtdata2026.pages.dev/boxoffice/2026-09-05_Detailed.json
[03:16:09] ❌ Source file not found (404) – will create empty outputs
[03:16:09] ⚠️ No source data – keeping existing output files unchanged
[03:16:09] 📦 Existing detailed file preserved: daily/data/20260905/detailed9.json
[03:16:09] 📦 Existing summary file preserved: daily/data/20260905/movie_summary9.json
[03:16:09] ✅ DONE | Existing data preserved
[04:16:13] 🚀 DISTRICT → BMS9 CONVERTER STARTED
[04:16:13] 📅 Date: 2026-09-05
[04:16:13] 🚫 Worker logic: DISABLED
[04:16:13] 🔑 Venue matching: ID ONLY
[04:16:13] 🚫 alldistrictvenues.json: NOT USED
[04:16:13] 🚫 Venue-name matching: NOT USED
[04:16:13] 📍 Selected venue records: 756
[04:16:13] 🎯 Selected venue IDs: 756
[04:16:13] 📡 Fetching Detailed JSON:
[04:16:13]    https://districtdata2026.pages.dev/boxoffice/2026-09-05_Detailed.json
[04:16:13] ✅ Source loaded
[04:16:13]    Source date: 2026-09-05
[04:16:13]    Last updated: 04:05 AM, 05 September 2026
[04:16:13]    Movie keys: 63
[04:16:13] 🎬 Source movie keys: 63
[04:16:13] 🎟️ Selected-venue show rows: 341
[04:16:13] 🚫 Non-selected show rows ignored: 2911
[04:16:13] ℹ️ Non-selected venue IDs encountered: 877
[04:16:13]    ⏭️ Source venue ID not selected: 1019947
[04:16:13]    ⏭️ Source venue ID not selected: 1016452
[04:16:13]    ⏭️ Source venue ID not selected: 1022294
[04:16:13]    ⏭️ Source venue ID not selected: 1005811
[04:16:13]    ⏭️ Source venue ID not selected: 3198
[04:16:13]    ⏭️ Source venue ID not selected: 7879
[04:16:13]    ⏭️ Source venue ID not selected: 1058869
[04:16:13]    ⏭️ Source venue ID not selected: 9505
[04:16:13]    ⏭️ Source venue ID not selected: 117
[04:16:13]    ⏭️ Source venue ID not selected: 1008726
[04:16:13]    ⏭️ Source venue ID not selected: 1037573
[04:16:13]    ⏭️ Source venue ID not selected: 27418
[04:16:13]    ⏭️ Source venue ID not selected: 1029156
[04:16:13]    ⏭️ Source venue ID not selected: 1022273
[04:16:13]    ⏭️ Source venue ID not selected: 1050995
[04:16:13]    ⏭️ Source venue ID not selected: 1040651
[04:16:13]    ⏭️ Source venue ID not selected: 7816
[04:16:13]    ⏭️ Source venue ID not selected: 1037509
[04:16:13]    ⏭️ Source venue ID not selected: 1027645
[04:16:13]    ⏭️ Source venue ID not selected: 1067732
[04:16:13]    ... and 857 more
[04:16:13] 📦 Previous shows: 0
[04:16:13] 🆕 Fresh shows: 341
[04:16:13] 📦 Final shows: 341
[04:16:13] ✅ DONE | Shows=341 | Movies=42
[04:16:13] 📄 Detailed: daily/data/20260905/detailed9.json
[04:16:13] 📄 Summary: daily/data/20260905/movie_summary9.json
[05:13:26] 🚀 DISTRICT → BMS9 CONVERTER STARTED
[05:13:26] 📅 Date: 2026-09-05
[05:13:26] 🚫 Worker logic: DISABLED
[05:13:26] 🔑 Venue matching: ID ONLY
[05:13:26] 🚫 alldistrictvenues.json: NOT USED
[05:13:26] 🚫 Venue-name matching: NOT USED
[05:13:26] 📍 Selected venue records: 756
[05:13:26] 🎯 Selected venue IDs: 756
[05:13:26] 📡 Fetching Detailed JSON:
[05:13:26]    https://districtdata2026.pages.dev/boxoffice/2026-09-05_Detailed.json
[05:13:26] ✅ Source loaded
[05:13:26]    Source date: 2026-09-05
[05:13:26]    Last updated: 04:05 AM, 05 September 2026
[05:13:26]    Movie keys: 63
[05:13:26] 🎬 Source movie keys: 63
[05:13:26] 🎟️ Selected-venue show rows: 341
[05:13:26] 🚫 Non-selected show rows ignored: 2911
[05:13:26] ℹ️ Non-selected venue IDs encountered: 877
[05:13:26]    ⏭️ Source venue ID not selected: 1001091
[05:13:26]    ⏭️ Source venue ID not selected: 1029238
[05:13:26]    ⏭️ Source venue ID not selected: 1039765
[05:13:26]    ⏭️ Source venue ID not selected: 879
[05:13:26]    ⏭️ Source venue ID not selected: 1019917
[05:13:26]    ⏭️ Source venue ID not selected: 1022266
[05:13:26]    ⏭️ Source venue ID not selected: 1102115
[05:13:26]    ⏭️ Source venue ID not selected: 1102303
[05:13:26]    ⏭️ Source venue ID not selected: 24985
[05:13:26]    ⏭️ Source venue ID not selected: 31228
[05:13:26]    ⏭️ Source venue ID not selected: 1070394
[05:13:26]    ⏭️ Source venue ID not selected: 9223
[05:13:26]    ⏭️ Source venue ID not selected: 7322
[05:13:26]    ⏭️ Source venue ID not selected: 1027645
[05:13:26]    ⏭️ Source venue ID not selected: 1023481
[05:13:26]    ⏭️ Source venue ID not selected: 1016995
[05:13:26]    ⏭️ Source venue ID not selected: 10186
[05:13:26]    ⏭️ Source venue ID not selected: 1058869
[05:13:26]    ⏭️ Source venue ID not selected: 1038832
[05:13:26]    ⏭️ Source venue ID not selected: 31223
[05:13:26]    ... and 857 more
[05:13:26] 📦 Previous shows: 341
[05:13:26] 🆕 Fresh shows: 341
[05:13:26] 📦 Final shows: 341
[05:13:26] ✅ DONE | Shows=341 | Movies=42
[05:13:26] 📄 Detailed: daily/data/20260905/detailed9.json
[05:13:26] 📄 Summary: daily/data/20260905/movie_summary9.json
[06:06:13] 🚀 DISTRICT → BMS9 CONVERTER STARTED
[06:06:13] 📅 Date: 2026-09-05
[06:06:13] 🚫 Worker logic: DISABLED
[06:06:13] 🔑 Venue matching: ID ONLY
[06:06:13] 🚫 alldistrictvenues.json: NOT USED
[06:06:13] 🚫 Venue-name matching: NOT USED
[06:06:13] 📍 Selected venue records: 756
[06:06:13] 🎯 Selected venue IDs: 756
[06:06:13] 📡 Fetching Detailed JSON:
[06:06:13]    https://districtdata2026.pages.dev/boxoffice/2026-09-05_Detailed.json
[06:06:13] ✅ Source loaded
[06:06:13]    Source date: 2026-09-05
[06:06:13]    Last updated: 04:05 AM, 05 September 2026
[06:06:13]    Movie keys: 63
[06:06:13] 🎬 Source movie keys: 63
[06:06:13] 🎟️ Selected-venue show rows: 341
[06:06:13] 🚫 Non-selected show rows ignored: 2911
[06:06:13] ℹ️ Non-selected venue IDs encountered: 877
[06:06:13]    ⏭️ Source venue ID not selected: 7147
[06:06:13]    ⏭️ Source venue ID not selected: 1102193
[06:06:13]    ⏭️ Source venue ID not selected: 1089013
[06:06:13]    ⏭️ Source venue ID not selected: 1029105
[06:06:13]    ⏭️ Source venue ID not selected: 1036571
[06:06:13]    ⏭️ Source venue ID not selected: 33325
[06:06:13]    ⏭️ Source venue ID not selected: 7816
[06:06:13]    ⏭️ Source venue ID not selected: 1028288
[06:06:13]    ⏭️ Source venue ID not selected: 1025103
[06:06:13]    ⏭️ Source venue ID not selected: 1016455
[06:06:13]    ⏭️ Source venue ID not selected: 1034377
[06:06:13]    ⏭️ Source venue ID not selected: 7356
[06:06:13]    ⏭️ Source venue ID not selected: 1019917
[06:06:13]    ⏭️ Source venue ID not selected: 2395
[06:06:13]    ⏭️ Source venue ID not selected: 1023488
[06:06:13]    ⏭️ Source venue ID not selected: 1012997
[06:06:13]    ⏭️ Source venue ID not selected: 154
[06:06:13]    ⏭️ Source venue ID not selected: 1029279
[06:06:13]    ⏭️ Source venue ID not selected: 1020651
[06:06:13]    ⏭️ Source venue ID not selected: 25026
[06:06:13]    ... and 857 more
[06:06:13] 📦 Previous shows: 341
[06:06:13] 🆕 Fresh shows: 341
[06:06:13] 📦 Final shows: 341
[06:06:13] ✅ DONE | Shows=341 | Movies=42
[06:06:13] 📄 Detailed: daily/data/20260905/detailed9.json
[06:06:13] 📄 Summary: daily/data/20260905/movie_summary9.json
[07:06:35] 🚀 DISTRICT → BMS9 CONVERTER STARTED
[07:06:35] 📅 Date: 2026-09-05
[07:06:35] 🚫 Worker logic: DISABLED
[07:06:35] 🔑 Venue matching: ID ONLY
[07:06:35] 🚫 alldistrictvenues.json: NOT USED
[07:06:35] 🚫 Venue-name matching: NOT USED
[07:06:35] 📍 Selected venue records: 756
[07:06:35] 🎯 Selected venue IDs: 756
[07:06:35] 📡 Fetching Detailed JSON:
[07:06:35]    https://districtdata2026.pages.dev/boxoffice/2026-09-05_Detailed.json
[07:06:35] ✅ Source loaded
[07:06:35]    Source date: 2026-09-05
[07:06:35]    Last updated: 04:05 AM, 05 September 2026
[07:06:35]    Movie keys: 63
[07:06:35] 🎬 Source movie keys: 63
[07:06:35] 🎟️ Selected-venue show rows: 341
[07:06:35] 🚫 Non-selected show rows ignored: 2911
[07:06:35] ℹ️ Non-selected venue IDs encountered: 877
[07:06:35]    ⏭️ Source venue ID not selected: 1102200
[07:06:35]    ⏭️ Source venue ID not selected: 1054919
[07:06:35]    ⏭️ Source venue ID not selected: 1013609
[07:06:35]    ⏭️ Source venue ID not selected: 1023460
[07:06:35]    ⏭️ Source venue ID not selected: 1101080
[07:06:35]    ⏭️ Source venue ID not selected: 1028288
[07:06:35]    ⏭️ Source venue ID not selected: 1029922
[07:06:35]    ⏭️ Source venue ID not selected: 6073
[07:06:35]    ⏭️ Source venue ID not selected: 1049209
[07:06:35]    ⏭️ Source venue ID not selected: 1022291
[07:06:35]    ⏭️ Source venue ID not selected: 1029687
[07:06:35]    ⏭️ Source venue ID not selected: 1102169
[07:06:35]    ⏭️ Source venue ID not selected: 1019885
[07:06:35]    ⏭️ Source venue ID not selected: 1022303
[07:06:35]    ⏭️ Source venue ID not selected: 144
[07:06:35]    ⏭️ Source venue ID not selected: 1024431
[07:06:35]    ⏭️ Source venue ID not selected: 1023482
[07:06:35]    ⏭️ Source venue ID not selected: 1032674
[07:06:35]    ⏭️ Source venue ID not selected: 1027123
[07:06:35]    ⏭️ Source venue ID not selected: 118
[07:06:35]    ... and 857 more
[07:06:35] 📦 Previous shows: 341
[07:06:35] 🆕 Fresh shows: 341
[07:06:35] 📦 Final shows: 341
[07:06:35] ✅ DONE | Shows=341 | Movies=42
[07:06:35] 📄 Detailed: daily/data/20260905/detailed9.json
[07:06:35] 📄 Summary: daily/data/20260905/movie_summary9.json
[08:06:16] 🚀 DISTRICT → BMS9 CONVERTER STARTED
[08:06:16] 📅 Date: 2026-09-05
[08:06:16] 🚫 Worker logic: DISABLED
[08:06:16] 🔑 Venue matching: ID ONLY
[08:06:16] 🚫 alldistrictvenues.json: NOT USED
[08:06:16] 🚫 Venue-name matching: NOT USED
[08:06:16] 📍 Selected venue records: 756
[08:06:16] 🎯 Selected venue IDs: 756
[08:06:16] 📡 Fetching Detailed JSON:
[08:06:16]    https://districtdata2026.pages.dev/boxoffice/2026-09-05_Detailed.json
[08:06:17] ✅ Source loaded
[08:06:17]    Source date: 2026-09-05
[08:06:17]    Last updated: 07:07 AM, 05 September 2026
[08:06:17]    Movie keys: 79
[08:06:17] 🎬 Source movie keys: 79
[08:06:17] 🎟️ Selected-venue show rows: 1212
[08:06:17] 🚫 Non-selected show rows ignored: 6105
[08:06:17] ℹ️ Non-selected venue IDs encountered: 1163
[08:06:17]    ⏭️ Source venue ID not selected: 7551
[08:06:17]    ⏭️ Source venue ID not selected: 1102117
[08:06:17]    ⏭️ Source venue ID not selected: 1019924
[08:06:17]    ⏭️ Source venue ID not selected: 1037447
[08:06:17]    ⏭️ Source venue ID not selected: 10210
[08:06:17]    ⏭️ Source venue ID not selected: 1013712
[08:06:17]    ⏭️ Source venue ID not selected: 1025112
[08:06:17]    ⏭️ Source venue ID not selected: 27418
[08:06:17]    ⏭️ Source venue ID not selected: 1025099
[08:06:17]    ⏭️ Source venue ID not selected: 1019917
[08:06:17]    ⏭️ Source venue ID not selected: 6075
[08:06:17]    ⏭️ Source venue ID not selected: 870
[08:06:17]    ⏭️ Source venue ID not selected: 4004
[08:06:17]    ⏭️ Source venue ID not selected: 3872
[08:06:17]    ⏭️ Source venue ID not selected: 1022293
[08:06:17]    ⏭️ Source venue ID not selected: 42073
[08:06:17]    ⏭️ Source venue ID not selected: 1039745
[08:06:17]    ⏭️ Source venue ID not selected: 1076337
[08:06:17]    ⏭️ Source venue ID not selected: 1029105
[08:06:17]    ⏭️ Source venue ID not selected: 1042104
[08:06:17]    ... and 1143 more
[08:06:17] 📦 Previous shows: 341
[08:06:17] 🆕 Fresh shows: 1212
[08:06:17] 📦 Final shows: 1212
[08:06:17] ✅ DONE | Shows=1212 | Movies=51
[08:06:17] 📄 Detailed: daily/data/20260905/detailed9.json
[08:06:17] 📄 Summary: daily/data/20260905/movie_summary9.json
[08:26:26] 🚀 DISTRICT → BMS9 CONVERTER STARTED
[08:26:26] 📅 Date: 2026-09-05
[08:26:26] 🚫 Worker logic: DISABLED
[08:26:26] 🔑 Venue matching: ID ONLY
[08:26:26] 🚫 alldistrictvenues.json: NOT USED
[08:26:26] 🚫 Venue-name matching: NOT USED
[08:26:26] 📍 Selected venue records: 756
[08:26:26] 🎯 Selected venue IDs: 756
[08:26:26] 📡 Fetching Detailed JSON:
[08:26:26]    https://districtdata2026.pages.dev/boxoffice/2026-09-05_Detailed.json
[08:26:26] ✅ Source loaded
[08:26:26]    Source date: 2026-09-05
[08:26:26]    Last updated: 07:07 AM, 05 September 2026
[08:26:26]    Movie keys: 79
[08:26:26] 🎬 Source movie keys: 79
[08:26:26] 🎟️ Selected-venue show rows: 1212
[08:26:26] 🚫 Non-selected show rows ignored: 6105
[08:26:26] ℹ️ Non-selected venue IDs encountered: 1163
[08:26:26]    ⏭️ Source venue ID not selected: 2953
[08:26:26]    ⏭️ Source venue ID not selected: 1020781
[08:26:26]    ⏭️ Source venue ID not selected: 9897
[08:26:26]    ⏭️ Source venue ID not selected: 1025087
[08:26:26]    ⏭️ Source venue ID not selected: 1029157
[08:26:26]    ⏭️ Source venue ID not selected: 1024422
[08:26:26]    ⏭️ Source venue ID not selected: 1007859
[08:26:26]    ⏭️ Source venue ID not selected: 9431
[08:26:26]    ⏭️ Source venue ID not selected: 51501
[08:26:26]    ⏭️ Source venue ID not selected: 1029520
[08:26:26]    ⏭️ Source venue ID not selected: 1019907
[08:26:26]    ⏭️ Source venue ID not selected: 31230
[08:26:26]    ⏭️ Source venue ID not selected: 1018024
[08:26:26]    ⏭️ Source venue ID not selected: 1977
[08:26:26]    ⏭️ Source venue ID not selected: 152
[08:26:26]    ⏭️ Source venue ID not selected: 4818
[08:26:26]    ⏭️ Source venue ID not selected: 1023805
[08:26:26]    ⏭️ Source venue ID not selected: 9887
[08:26:26]    ⏭️ Source venue ID not selected: 1027123
[08:26:26]    ⏭️ Source venue ID not selected: 1022299
[08:26:26]    ... and 1143 more
[08:26:26] 📦 Previous shows: 1212
[08:26:26] 🆕 Fresh shows: 1212
[08:26:26] 📦 Final shows: 1212
[08:26:26] ✅ DONE | Shows=1212 | Movies=51
[08:26:26] 📄 Detailed: daily/data/20260905/detailed9.json
[08:26:26] 📄 Summary: daily/data/20260905/movie_summary9.json
[09:06:12] 🚀 DISTRICT → BMS9 CONVERTER STARTED
[09:06:12] 📅 Date: 2026-09-05
[09:06:12] 🚫 Worker logic: DISABLED
[09:06:12] 🔑 Venue matching: ID ONLY
[09:06:12] 🚫 alldistrictvenues.json: NOT USED
[09:06:12] 🚫 Venue-name matching: NOT USED
[09:06:12] 📍 Selected venue records: 756
[09:06:12] 🎯 Selected venue IDs: 756
[09:06:12] 📡 Fetching Detailed JSON:
[09:06:12]    https://districtdata2026.pages.dev/boxoffice/2026-09-05_Detailed.json
[09:06:12] ✅ Source loaded
[09:06:12]    Source date: 2026-09-05
[09:06:12]    Last updated: 07:07 AM, 05 September 2026
[09:06:12]    Movie keys: 79
[09:06:12] 🎬 Source movie keys: 79
[09:06:12] 🎟️ Selected-venue show rows: 1212
[09:06:12] 🚫 Non-selected show rows ignored: 6105
[09:06:12] ℹ️ Non-selected venue IDs encountered: 1163
[09:06:12]    ⏭️ Source venue ID not selected: 1013009
[09:06:12]    ⏭️ Source venue ID not selected: 1019930
[09:06:12]    ⏭️ Source venue ID not selected: 1102111
[09:06:12]    ⏭️ Source venue ID not selected: 3198
[09:06:12]    ⏭️ Source venue ID not selected: 1037
[09:06:12]    ⏭️ Source venue ID not selected: 3494
[09:06:12]    ⏭️ Source venue ID not selected: 1040868
[09:06:12]    ⏭️ Source venue ID not selected: 1050980
[09:06:12]    ⏭️ Source venue ID not selected: 1022265
[09:06:12]    ⏭️ Source venue ID not selected: 4136
[09:06:12]    ⏭️ Source venue ID not selected: 10186
[09:06:12]    ⏭️ Source venue ID not selected: 1749
[09:06:12]    ⏭️ Source venue ID not selected: 1001169
[09:06:12]    ⏭️ Source venue ID not selected: 6097
[09:06:12]    ⏭️ Source venue ID not selected: 2416
[09:06:12]    ⏭️ Source venue ID not selected: 14388
[09:06:12]    ⏭️ Source venue ID not selected: 56450
[09:06:12]    ⏭️ Source venue ID not selected: 57691
[09:06:12]    ⏭️ Source venue ID not selected: 1102292
[09:06:12]    ⏭️ Source venue ID not selected: 7147
[09:06:12]    ... and 1143 more
[09:06:12] 📦 Previous shows: 1212
[09:06:12] 🆕 Fresh shows: 1212
[09:06:12] 📦 Final shows: 1212
[09:06:12] ✅ DONE | Shows=1212 | Movies=51
[09:06:12] 📄 Detailed: daily/data/20260905/detailed9.json
[09:06:12] 📄 Summary: daily/data/20260905/movie_summary9.json
[10:06:11] 🚀 DISTRICT → BMS9 CONVERTER STARTED
[10:06:11] 📅 Date: 2026-09-05
[10:06:11] 🚫 Worker logic: DISABLED
[10:06:11] 🔑 Venue matching: ID ONLY
[10:06:11] 🚫 alldistrictvenues.json: NOT USED
[10:06:11] 🚫 Venue-name matching: NOT USED
[10:06:11] 📍 Selected venue records: 756
[10:06:11] 🎯 Selected venue IDs: 756
[10:06:11] 📡 Fetching Detailed JSON:
[10:06:11]    https://districtdata2026.pages.dev/boxoffice/2026-09-05_Detailed.json
[10:06:11] ✅ Source loaded
[10:06:11]    Source date: 2026-09-05
[10:06:11]    Last updated: 07:07 AM, 05 September 2026
[10:06:11]    Movie keys: 79
[10:06:11] 🎬 Source movie keys: 79
[10:06:11] 🎟️ Selected-venue show rows: 1212
[10:06:11] 🚫 Non-selected show rows ignored: 6105
[10:06:11] ℹ️ Non-selected venue IDs encountered: 1163
[10:06:11]    ⏭️ Source venue ID not selected: 3872
[10:06:11]    ⏭️ Source venue ID not selected: 1044221
[10:06:11]    ⏭️ Source venue ID not selected: 23002
[10:06:11]    ⏭️ Source venue ID not selected: 1082832
[10:06:11]    ⏭️ Source venue ID not selected: 10184
[10:06:11]    ⏭️ Source venue ID not selected: 1010362
[10:06:11]    ⏭️ Source venue ID not selected: 1102203
[10:06:11]    ⏭️ Source venue ID not selected: 1403
[10:06:11]    ⏭️ Source venue ID not selected: 1020780
[10:06:11]    ⏭️ Source venue ID not selected: 1014710
[10:06:11]    ⏭️ Source venue ID not selected: 1056359
[10:06:11]    ⏭️ Source venue ID not selected: 60215
[10:06:11]    ⏭️ Source venue ID not selected: 3507
[10:06:11]    ⏭️ Source venue ID not selected: 9159
[10:06:11]    ⏭️ Source venue ID not selected: 1102259
[10:06:11]    ⏭️ Source venue ID not selected: 122
[10:06:11]    ⏭️ Source venue ID not selected: 1025090
[10:06:11]    ⏭️ Source venue ID not selected: 1021296
[10:06:11]    ⏭️ Source venue ID not selected: 42640
[10:06:11]    ⏭️ Source venue ID not selected: 1023566
[10:06:11]    ... and 1143 more
[10:06:11] 📦 Previous shows: 1212
[10:06:11] 🆕 Fresh shows: 1212
[10:06:11] 📦 Final shows: 1212
[10:06:11] ✅ DONE | Shows=1212 | Movies=51
[10:06:11] 📄 Detailed: daily/data/20260905/detailed9.json
[10:06:11] 📄 Summary: daily/data/20260905/movie_summary9.json
[11:06:45] 🚀 DISTRICT → BMS9 CONVERTER STARTED
[11:06:45] 📅 Date: 2026-09-05
[11:06:45] 🚫 Worker logic: DISABLED
[11:06:45] 🔑 Venue matching: ID ONLY
[11:06:45] 🚫 alldistrictvenues.json: NOT USED
[11:06:45] 🚫 Venue-name matching: NOT USED
[11:06:45] 📍 Selected venue records: 756
[11:06:45] 🎯 Selected venue IDs: 756
[11:06:45] 📡 Fetching Detailed JSON:
[11:06:45]    https://districtdata2026.pages.dev/boxoffice/2026-09-05_Detailed.json
[11:06:45] ✅ Source loaded
[11:06:45]    Source date: 2026-09-05
[11:06:45]    Last updated: 10:06 AM, 05 September 2026
[11:06:45]    Movie keys: 88
[11:06:45] 🎬 Source movie keys: 88
[11:06:45] 🎟️ Selected-venue show rows: 2196
[11:06:45] 🚫 Non-selected show rows ignored: 9534
[11:06:45] ℹ️ Non-selected venue IDs encountered: 1176
[11:06:45]    ⏭️ Source venue ID not selected: 9166
[11:06:45]    ⏭️ Source venue ID not selected: 1020667
[11:06:45]    ⏭️ Source venue ID not selected: 1016455
[11:06:45]    ⏭️ Source venue ID not selected: 1020780
[11:06:45]    ⏭️ Source venue ID not selected: 1020722
[11:06:45]    ⏭️ Source venue ID not selected: 1053308
[11:06:45]    ⏭️ Source venue ID not selected: 10210
[11:06:45]    ⏭️ Source venue ID not selected: 1020679
[11:06:45]    ⏭️ Source venue ID not selected: 1008311
[11:06:45]    ⏭️ Source venue ID not selected: 1019907
[11:06:45]    ⏭️ Source venue ID not selected: 1022260
[11:06:45]    ⏭️ Source venue ID not selected: 1027645
[11:06:45]    ⏭️ Source venue ID not selected: 1102065
[11:06:45]    ⏭️ Source venue ID not selected: 9223
[11:06:45]    ⏭️ Source venue ID not selected: 25284
[11:06:45]    ⏭️ Source venue ID not selected: 1053542
[11:06:45]    ⏭️ Source venue ID not selected: 1022286
[11:06:45]    ⏭️ Source venue ID not selected: 1019939
[11:06:45]    ⏭️ Source venue ID not selected: 1022901
[11:06:45]    ⏭️ Source venue ID not selected: 898
[11:06:45]    ... and 1156 more
[11:06:45] 📦 Previous shows: 1212
[11:06:45] 🆕 Fresh shows: 2196
[11:06:45] 📦 Final shows: 2196
[11:06:46] ✅ DONE | Shows=2196 | Movies=54
[11:06:46] 📄 Detailed: daily/data/20260905/detailed9.json
[11:06:46] 📄 Summary: daily/data/20260905/movie_summary9.json
[12:06:20] 🚀 DISTRICT → BMS9 CONVERTER STARTED
[12:06:20] 📅 Date: 2026-09-05
[12:06:20] 🚫 Worker logic: DISABLED
[12:06:20] 🔑 Venue matching: ID ONLY
[12:06:20] 🚫 alldistrictvenues.json: NOT USED
[12:06:20] 🚫 Venue-name matching: NOT USED
[12:06:20] 📍 Selected venue records: 756
[12:06:20] 🎯 Selected venue IDs: 756
[12:06:20] 📡 Fetching Detailed JSON:
[12:06:20]    https://districtdata2026.pages.dev/boxoffice/2026-09-05_Detailed.json
[12:06:20] ✅ Source loaded
[12:06:20]    Source date: 2026-09-05
[12:06:20]    Last updated: 10:06 AM, 05 September 2026
[12:06:20]    Movie keys: 88
[12:06:20] 🎬 Source movie keys: 88
[12:06:20] 🎟️ Selected-venue show rows: 2196
[12:06:20] 🚫 Non-selected show rows ignored: 9534
[12:06:20] ℹ️ Non-selected venue IDs encountered: 1176
[12:06:20]    ⏭️ Source venue ID not selected: 1024421
[12:06:20]    ⏭️ Source venue ID not selected: 1040399
[12:06:20]    ⏭️ Source venue ID not selected: 9900
[12:06:20]    ⏭️ Source venue ID not selected: 1022251
[12:06:20]    ⏭️ Source venue ID not selected: 10235
[12:06:20]    ⏭️ Source venue ID not selected: 1065724
[12:06:20]    ⏭️ Source venue ID not selected: 1049441
[12:06:20]    ⏭️ Source venue ID not selected: 1052276
[12:06:20]    ⏭️ Source venue ID not selected: 44956
[12:06:20]    ⏭️ Source venue ID not selected: 59132
[12:06:20]    ⏭️ Source venue ID not selected: 1031492
[12:06:20]    ⏭️ Source venue ID not selected: 7643
[12:06:20]    ⏭️ Source venue ID not selected: 4952
[12:06:20]    ⏭️ Source venue ID not selected: 2750
[12:06:20]    ⏭️ Source venue ID not selected: 1101448
[12:06:20]    ⏭️ Source venue ID not selected: 7134
[12:06:20]    ⏭️ Source venue ID not selected: 1093306
[12:06:20]    ⏭️ Source venue ID not selected: 1040104
[12:06:20]    ⏭️ Source venue ID not selected: 1335
[12:06:20]    ⏭️ Source venue ID not selected: 1030076
[12:06:20]    ... and 1156 more
[12:06:20] 📦 Previous shows: 2196
[12:06:20] 🆕 Fresh shows: 2196
[12:06:20] 📦 Final shows: 2196
[12:06:20] ✅ DONE | Shows=2196 | Movies=54
[12:06:20] 📄 Detailed: daily/data/20260905/detailed9.json
[12:06:20] 📄 Summary: daily/data/20260905/movie_summary9.json
[12:55:58] 🚀 DISTRICT → BMS9 CONVERTER STARTED
[12:55:58] 📅 Date: 2026-09-05
[12:55:58] 🚫 Worker logic: DISABLED
[12:55:58] 🔑 Venue matching: ID ONLY
[12:55:58] 🚫 alldistrictvenues.json: NOT USED
[12:55:58] 🚫 Venue-name matching: NOT USED
[12:55:58] 📍 Selected venue records: 756
[12:55:58] 🎯 Selected venue IDs: 756
[12:55:58] 📡 Fetching Detailed JSON:
[12:55:58]    https://districtdata2026.pages.dev/boxoffice/2026-09-05_Detailed.json
[12:55:59] ✅ Source loaded
[12:55:59]    Source date: 2026-09-05
[12:55:59]    Last updated: 12:37 PM, 05 September 2026
[12:55:59]    Movie keys: 92
[12:55:59] 🎬 Source movie keys: 92
[12:55:59] 🎟️ Selected-venue show rows: 3151
[12:55:59] 🚫 Non-selected show rows ignored: 12506
[12:55:59] ℹ️ Non-selected venue IDs encountered: 1178
[12:55:59]    ⏭️ Source venue ID not selected: 1053508
[12:55:59]    ⏭️ Source venue ID not selected: 7400
[12:55:59]    ⏭️ Source venue ID not selected: 1335
[12:55:59]    ⏭️ Source venue ID not selected: 48675
[12:55:59]    ⏭️ Source venue ID not selected: 1029156
[12:55:59]    ⏭️ Source venue ID not selected: 1053308
[12:55:59]    ⏭️ Source venue ID not selected: 1101367
[12:55:59]    ⏭️ Source venue ID not selected: 1022288
[12:55:59]    ⏭️ Source venue ID not selected: 59348
[12:55:59]    ⏭️ Source venue ID not selected: 9887
[12:55:59]    ⏭️ Source venue ID not selected: 894
[12:55:59]    ⏭️ Source venue ID not selected: 2612
[12:55:59]    ⏭️ Source venue ID not selected: 25026
[12:55:59]    ⏭️ Source venue ID not selected: 1040036
[12:55:59]    ⏭️ Source venue ID not selected: 478
[12:55:59]    ⏭️ Source venue ID not selected: 1013617
[12:55:59]    ⏭️ Source venue ID not selected: 1029274
[12:55:59]    ⏭️ Source venue ID not selected: 1023497
[12:55:59]    ⏭️ Source venue ID not selected: 1041108
[12:55:59]    ⏭️ Source venue ID not selected: 1022276
[12:55:59]    ... and 1158 more
[12:55:59] 📦 Previous shows: 2196
[12:55:59] 🆕 Fresh shows: 3151
[12:55:59] 📦 Final shows: 3151
[12:55:59] ✅ DONE | Shows=3151 | Movies=59
[12:55:59] 📄 Detailed: daily/data/20260905/detailed9.json
[12:55:59] 📄 Summary: daily/data/20260905/movie_summary9.json
[14:06:10] 🚀 DISTRICT → BMS9 CONVERTER STARTED
[14:06:10] 📅 Date: 2026-09-05
[14:06:10] 🚫 Worker logic: DISABLED
[14:06:10] 🔑 Venue matching: ID ONLY
[14:06:10] 🚫 alldistrictvenues.json: NOT USED
[14:06:10] 🚫 Venue-name matching: NOT USED
[14:06:10] 📍 Selected venue records: 756
[14:06:10] 🎯 Selected venue IDs: 756
[14:06:10] 📡 Fetching Detailed JSON:
[14:06:10]    https://districtdata2026.pages.dev/boxoffice/2026-09-05_Detailed.json
[14:06:10] ✅ Source loaded
[14:06:10]    Source date: 2026-09-05
[14:06:10]    Last updated: 12:37 PM, 05 September 2026
[14:06:10]    Movie keys: 92
[14:06:10] 🎬 Source movie keys: 92
[14:06:10] 🎟️ Selected-venue show rows: 3151
[14:06:10] 🚫 Non-selected show rows ignored: 12506
[14:06:10] ℹ️ Non-selected venue IDs encountered: 1178
[14:06:10]    ⏭️ Source venue ID not selected: 659
[14:06:10]    ⏭️ Source venue ID not selected: 1023562
[14:06:10]    ⏭️ Source venue ID not selected: 1102191
[14:06:10]    ⏭️ Source venue ID not selected: 1022272
[14:06:10]    ⏭️ Source venue ID not selected: 1029280
[14:06:10]    ⏭️ Source venue ID not selected: 1039214
[14:06:10]    ⏭️ Source venue ID not selected: 1024990
[14:06:10]    ⏭️ Source venue ID not selected: 25322
[14:06:10]    ⏭️ Source venue ID not selected: 1023499
[14:06:10]    ⏭️ Source venue ID not selected: 1029520
[14:06:10]    ⏭️ Source venue ID not selected: 9159
[14:06:10]    ⏭️ Source venue ID not selected: 1038682
[14:06:10]    ⏭️ Source venue ID not selected: 1020730
[14:06:10]    ⏭️ Source venue ID not selected: 1102110
[14:06:10]    ⏭️ Source venue ID not selected: 1078694
[14:06:10]    ⏭️ Source venue ID not selected: 1001822
[14:06:10]    ⏭️ Source venue ID not selected: 55651
[14:06:10]    ⏭️ Source venue ID not selected: 889
[14:06:10]    ⏭️ Source venue ID not selected: 1092168
[14:06:10]    ⏭️ Source venue ID not selected: 1040104
[14:06:10]    ... and 1158 more
[14:06:10] 📦 Previous shows: 3151
[14:06:10] 🆕 Fresh shows: 3151
[14:06:10] 📦 Final shows: 3151
[14:06:10] ✅ DONE | Shows=3151 | Movies=59
[14:06:10] 📄 Detailed: daily/data/20260905/detailed9.json
[14:06:10] 📄 Summary: daily/data/20260905/movie_summary9.json
[15:06:07] 🚀 DISTRICT → BMS9 CONVERTER STARTED
[15:06:07] 📅 Date: 2026-09-05
[15:06:07] 🚫 Worker logic: DISABLED
[15:06:07] 🔑 Venue matching: ID ONLY
[15:06:07] 🚫 alldistrictvenues.json: NOT USED
[15:06:07] 🚫 Venue-name matching: NOT USED
[15:06:07] 📍 Selected venue records: 756
[15:06:07] 🎯 Selected venue IDs: 756
[15:06:07] 📡 Fetching Detailed JSON:
[15:06:07]    https://districtdata2026.pages.dev/boxoffice/2026-09-05_Detailed.json
[15:06:08] ✅ Source loaded
[15:06:08]    Source date: 2026-09-05
[15:06:08]    Last updated: 02:05 PM, 05 September 2026
[15:06:08]    Movie keys: 92
[15:06:08] 🎬 Source movie keys: 92
[15:06:08] 🎟️ Selected-venue show rows: 3360
[15:06:08] 🚫 Non-selected show rows ignored: 14017
[15:06:08] ℹ️ Non-selected venue IDs encountered: 1179
[15:06:08]    ⏭️ Source venue ID not selected: 1022272
[15:06:08]    ⏭️ Source venue ID not selected: 1008311
[15:06:08]    ⏭️ Source venue ID not selected: 10235
[15:06:08]    ⏭️ Source venue ID not selected: 1013961
[15:06:08]    ⏭️ Source venue ID not selected: 7438
[15:06:08]    ⏭️ Source venue ID not selected: 48675
[15:06:08]    ⏭️ Source venue ID not selected: 1020677
[15:06:08]    ⏭️ Source venue ID not selected: 1076337
[15:06:08]    ⏭️ Source venue ID not selected: 1020781
[15:06:08]    ⏭️ Source venue ID not selected: 9555
[15:06:08]    ⏭️ Source venue ID not selected: 1101389
[15:06:08]    ⏭️ Source venue ID not selected: 1036571
[15:06:08]    ⏭️ Source venue ID not selected: 9394
[15:06:08]    ⏭️ Source venue ID not selected: 120
[15:06:08]    ⏭️ Source venue ID not selected: 171
[15:06:08]    ⏭️ Source venue ID not selected: 1017393
[15:06:08]    ⏭️ Source venue ID not selected: 1013617
[15:06:08]    ⏭️ Source venue ID not selected: 32543
[15:06:08]    ⏭️ Source venue ID not selected: 1023968
[15:06:08]    ⏭️ Source venue ID not selected: 905
[15:06:08]    ... and 1159 more
[15:06:08] 📦 Previous shows: 3151
[15:06:08] 🆕 Fresh shows: 3360
[15:06:08] 📦 Final shows: 3360
[15:06:08] ✅ DONE | Shows=3360 | Movies=60
[15:06:08] 📄 Detailed: daily/data/20260905/detailed9.json
[15:06:08] 📄 Summary: daily/data/20260905/movie_summary9.json
[16:06:09] 🚀 DISTRICT → BMS9 CONVERTER STARTED
[16:06:09] 📅 Date: 2026-09-05
[16:06:09] 🚫 Worker logic: DISABLED
[16:06:09] 🔑 Venue matching: ID ONLY
[16:06:09] 🚫 alldistrictvenues.json: NOT USED
[16:06:09] 🚫 Venue-name matching: NOT USED
[16:06:09] 📍 Selected venue records: 756
[16:06:09] 🎯 Selected venue IDs: 756
[16:06:09] 📡 Fetching Detailed JSON:
[16:06:09]    https://districtdata2026.pages.dev/boxoffice/2026-09-05_Detailed.json
[16:06:09] ✅ Source loaded
[16:06:09]    Source date: 2026-09-05
[16:06:09]    Last updated: 02:05 PM, 05 September 2026
[16:06:09]    Movie keys: 92
[16:06:09] 🎬 Source movie keys: 92
[16:06:09] 🎟️ Selected-venue show rows: 3360
[16:06:09] 🚫 Non-selected show rows ignored: 14017
[16:06:09] ℹ️ Non-selected venue IDs encountered: 1179
[16:06:09]    ⏭️ Source venue ID not selected: 1025907
[16:06:09]    ⏭️ Source venue ID not selected: 478
[16:06:09]    ⏭️ Source venue ID not selected: 2338
[16:06:09]    ⏭️ Source venue ID not selected: 1039871
[16:06:09]    ⏭️ Source venue ID not selected: 26030
[16:06:09]    ⏭️ Source venue ID not selected: 1041108
[16:06:09]    ⏭️ Source venue ID not selected: 3803
[16:06:09]    ⏭️ Source venue ID not selected: 61478
[16:06:09]    ⏭️ Source venue ID not selected: 52080
[16:06:09]    ⏭️ Source venue ID not selected: 1023583
[16:06:09]    ⏭️ Source venue ID not selected: 1022277
[16:06:09]    ⏭️ Source venue ID not selected: 1041119
[16:06:09]    ⏭️ Source venue ID not selected: 1028300
[16:06:09]    ⏭️ Source venue ID not selected: 1013245
[16:06:09]    ⏭️ Source venue ID not selected: 1040680
[16:06:09]    ⏭️ Source venue ID not selected: 4480
[16:06:09]    ⏭️ Source venue ID not selected: 1022266
[16:06:09]    ⏭️ Source venue ID not selected: 1022255
[16:06:09]    ⏭️ Source venue ID not selected: 1083874
[16:06:09]    ⏭️ Source venue ID not selected: 9860
[16:06:09]    ... and 1159 more
[16:06:09] 📦 Previous shows: 3360
[16:06:09] 🆕 Fresh shows: 3360
[16:06:09] 📦 Final shows: 3360
[16:06:10] ✅ DONE | Shows=3360 | Movies=60
[16:06:10] 📄 Detailed: daily/data/20260905/detailed9.json
[16:06:10] 📄 Summary: daily/data/20260905/movie_summary9.json
[17:06:13] 🚀 DISTRICT → BMS9 CONVERTER STARTED
[17:06:13] 📅 Date: 2026-09-05
[17:06:13] 🚫 Worker logic: DISABLED
[17:06:13] 🔑 Venue matching: ID ONLY
[17:06:13] 🚫 alldistrictvenues.json: NOT USED
[17:06:13] 🚫 Venue-name matching: NOT USED
[17:06:13] 📍 Selected venue records: 756
[17:06:13] 🎯 Selected venue IDs: 756
[17:06:13] 📡 Fetching Detailed JSON:
[17:06:13]    https://districtdata2026.pages.dev/boxoffice/2026-09-05_Detailed.json
[17:06:14] ✅ Source loaded
[17:06:14]    Source date: 2026-09-05
[17:06:14]    Last updated: 04:38 PM, 05 September 2026
[17:06:14]    Movie keys: 92
[17:06:14] 🎬 Source movie keys: 92
[17:06:14] 🎟️ Selected-venue show rows: 4299
[17:06:14] 🚫 Non-selected show rows ignored: 17256
[17:06:14] ℹ️ Non-selected venue IDs encountered: 1181
[17:06:14]    ⏭️ Source venue ID not selected: 1392
[17:06:14]    ⏭️ Source venue ID not selected: 31289
[17:06:14]    ⏭️ Source venue ID not selected: 17669
[17:06:14]    ⏭️ Source venue ID not selected: 24949
[17:06:14]    ⏭️ Source venue ID not selected: 3621
[17:06:14]    ⏭️ Source venue ID not selected: 1100720
[17:06:14]    ⏭️ Source venue ID not selected: 27092
[17:06:14]    ⏭️ Source venue ID not selected: 7551
[17:06:14]    ⏭️ Source venue ID not selected: 7778
[17:06:14]    ⏭️ Source venue ID not selected: 1023790
[17:06:14]    ⏭️ Source venue ID not selected: 1022270
[17:06:14]    ⏭️ Source venue ID not selected: 43123
[17:06:14]    ⏭️ Source venue ID not selected: 1056569
[17:06:14]    ⏭️ Source venue ID not selected: 1030078
[17:06:14]    ⏭️ Source venue ID not selected: 1018529
[17:06:14]    ⏭️ Source venue ID not selected: 873
[17:06:14]    ⏭️ Source venue ID not selected: 1021207
[17:06:14]    ⏭️ Source venue ID not selected: 1022271
[17:06:14]    ⏭️ Source venue ID not selected: 1040868
[17:06:14]    ⏭️ Source venue ID not selected: 1423
[17:06:14]    ... and 1161 more
[17:06:14] 📦 Previous shows: 3360
[17:06:14] 🆕 Fresh shows: 4299
[17:06:14] 📦 Final shows: 4299
[17:06:14] ✅ DONE | Shows=4299 | Movies=60
[17:06:14] 📄 Detailed: daily/data/20260905/detailed9.json
[17:06:14] 📄 Summary: daily/data/20260905/movie_summary9.json
[18:06:12] 🚀 DISTRICT → BMS9 CONVERTER STARTED
[18:06:12] 📅 Date: 2026-09-05
[18:06:12] 🚫 Worker logic: DISABLED
[18:06:12] 🔑 Venue matching: ID ONLY
[18:06:12] 🚫 alldistrictvenues.json: NOT USED
[18:06:12] 🚫 Venue-name matching: NOT USED
[18:06:12] 📍 Selected venue records: 756
[18:06:12] 🎯 Selected venue IDs: 756
[18:06:12] 📡 Fetching Detailed JSON:
[18:06:12]    https://districtdata2026.pages.dev/boxoffice/2026-09-05_Detailed.json
[18:06:12] ✅ Source loaded
[18:06:12]    Source date: 2026-09-05
[18:06:12]    Last updated: 04:38 PM, 05 September 2026
[18:06:12]    Movie keys: 92
[18:06:12] 🎬 Source movie keys: 92
[18:06:12] 🎟️ Selected-venue show rows: 4299
[18:06:12] 🚫 Non-selected show rows ignored: 17256
[18:06:12] ℹ️ Non-selected venue IDs encountered: 1181
[18:06:12]    ⏭️ Source venue ID not selected: 1024350
[18:06:12]    ⏭️ Source venue ID not selected: 7541
[18:06:12]    ⏭️ Source venue ID not selected: 1022286
[18:06:12]    ⏭️ Source venue ID not selected: 874
[18:06:12]    ⏭️ Source venue ID not selected: 1017740
[18:06:12]    ⏭️ Source venue ID not selected: 1041056
[18:06:12]    ⏭️ Source venue ID not selected: 7540
[18:06:12]    ⏭️ Source venue ID not selected: 4000
[18:06:12]    ⏭️ Source venue ID not selected: 1037719
[18:06:12]    ⏭️ Source venue ID not selected: 1054782
[18:06:12]    ⏭️ Source venue ID not selected: 24951
[18:06:12]    ⏭️ Source venue ID not selected: 1025280
[18:06:12]    ⏭️ Source venue ID not selected: 26030
[18:06:12]    ⏭️ Source venue ID not selected: 4898
[18:06:12]    ⏭️ Source venue ID not selected: 1040
[18:06:12]    ⏭️ Source venue ID not selected: 1029331
[18:06:12]    ⏭️ Source venue ID not selected: 1040574
[18:06:12]    ⏭️ Source venue ID not selected: 1102192
[18:06:12]    ⏭️ Source venue ID not selected: 1041197
[18:06:12]    ⏭️ Source venue ID not selected: 4846
[18:06:12]    ... and 1161 more
[18:06:12] 📦 Previous shows: 4299
[18:06:12] 🆕 Fresh shows: 4299
[18:06:12] 📦 Final shows: 4299
[18:06:12] ✅ DONE | Shows=4299 | Movies=60
[18:06:12] 📄 Detailed: daily/data/20260905/detailed9.json
[18:06:12] 📄 Summary: daily/data/20260905/movie_summary9.json
[19:06:14] 🚀 DISTRICT → BMS9 CONVERTER STARTED
[19:06:14] 📅 Date: 2026-09-05
[19:06:14] 🚫 Worker logic: DISABLED
[19:06:14] 🔑 Venue matching: ID ONLY
[19:06:14] 🚫 alldistrictvenues.json: NOT USED
[19:06:14] 🚫 Venue-name matching: NOT USED
[19:06:14] 📍 Selected venue records: 756
[19:06:14] 🎯 Selected venue IDs: 756
[19:06:14] 📡 Fetching Detailed JSON:
[19:06:14]    https://districtdata2026.pages.dev/boxoffice/2026-09-05_Detailed.json
[19:06:14] ✅ Source loaded
[19:06:14]    Source date: 2026-09-05
[19:06:14]    Last updated: 04:38 PM, 05 September 2026
[19:06:14]    Movie keys: 92
[19:06:14] 🎬 Source movie keys: 92
[19:06:14] 🎟️ Selected-venue show rows: 4299
[19:06:14] 🚫 Non-selected show rows ignored: 17256
[19:06:14] ℹ️ Non-selected venue IDs encountered: 1181
[19:06:14]    ⏭️ Source venue ID not selected: 1020704
[19:06:14]    ⏭️ Source venue ID not selected: 1037499
[19:06:14]    ⏭️ Source venue ID not selected: 7434
[19:06:14]    ⏭️ Source venue ID not selected: 1029687
[19:06:14]    ⏭️ Source venue ID not selected: 1070394
[19:06:14]    ⏭️ Source venue ID not selected: 62143
[19:06:14]    ⏭️ Source venue ID not selected: 1016452
[19:06:14]    ⏭️ Source venue ID not selected: 62919
[19:06:14]    ⏭️ Source venue ID not selected: 1069827
[19:06:14]    ⏭️ Source venue ID not selected: 1020740
[19:06:14]    ⏭️ Source venue ID not selected: 1028845
[19:06:14]    ⏭️ Source venue ID not selected: 1392
[19:06:14]    ⏭️ Source venue ID not selected: 1082832
[19:06:14]    ⏭️ Source venue ID not selected: 1019504
[19:06:14]    ⏭️ Source venue ID not selected: 1027168
[19:06:14]    ⏭️ Source venue ID not selected: 1001169
[19:06:14]    ⏭️ Source venue ID not selected: 1025114
[19:06:14]    ⏭️ Source venue ID not selected: 1029912
[19:06:14]    ⏭️ Source venue ID not selected: 1009225
[19:06:14]    ⏭️ Source venue ID not selected: 1022901
[19:06:14]    ... and 1161 more
[19:06:14] 📦 Previous shows: 4299
[19:06:14] 🆕 Fresh shows: 4299
[19:06:14] 📦 Final shows: 4299
[19:06:14] ✅ DONE | Shows=4299 | Movies=60
[19:06:14] 📄 Detailed: daily/data/20260905/detailed9.json
[19:06:14] 📄 Summary: daily/data/20260905/movie_summary9.json
[20:05:02] 🚀 DISTRICT → BMS9 CONVERTER STARTED
[20:05:02] 📅 Date: 2026-09-05
[20:05:02] 🚫 Worker logic: DISABLED
[20:05:02] 🔑 Venue matching: ID ONLY
[20:05:02] 🚫 alldistrictvenues.json: NOT USED
[20:05:02] 🚫 Venue-name matching: NOT USED
[20:05:02] 📍 Selected venue records: 756
[20:05:02] 🎯 Selected venue IDs: 756
[20:05:02] 📡 Fetching Detailed JSON:
[20:05:02]    https://districtdata2026.pages.dev/boxoffice/2026-09-05_Detailed.json
[20:05:03] ✅ Source loaded
[20:05:03]    Source date: 2026-09-05
[20:05:03]    Last updated: 07:06 PM, 05 September 2026
[20:05:03]    Movie keys: 92
[20:05:03] 🎬 Source movie keys: 92
[20:05:03] 🎟️ Selected-venue show rows: 4380
[20:05:03] 🚫 Non-selected show rows ignored: 17826
[20:05:03] ℹ️ Non-selected venue IDs encountered: 1181
[20:05:03]    ⏭️ Source venue ID not selected: 1065385
[20:05:03]    ⏭️ Source venue ID not selected: 4496
[20:05:03]    ⏭️ Source venue ID not selected: 1059905
[20:05:03]    ⏭️ Source venue ID not selected: 25026
[20:05:03]    ⏭️ Source venue ID not selected: 144
[20:05:03]    ⏭️ Source venue ID not selected: 9919
[20:05:03]    ⏭️ Source venue ID not selected: 1026079
[20:05:03]    ⏭️ Source venue ID not selected: 29568
[20:05:03]    ⏭️ Source venue ID not selected: 1019922
[20:05:03]    ⏭️ Source venue ID not selected: 1013554
[20:05:03]    ⏭️ Source venue ID not selected: 1022273
[20:05:03]    ⏭️ Source venue ID not selected: 1029212
[20:05:03]    ⏭️ Source venue ID not selected: 5018
[20:05:03]    ⏭️ Source venue ID not selected: 1053807
[20:05:03]    ⏭️ Source venue ID not selected: 126
[20:05:03]    ⏭️ Source venue ID not selected: 1029238
[20:05:03]    ⏭️ Source venue ID not selected: 1021207
[20:05:03]    ⏭️ Source venue ID not selected: 1020722
[20:05:03]    ⏭️ Source venue ID not selected: 51014
[20:05:03]    ⏭️ Source venue ID not selected: 901
[20:05:03]    ... and 1161 more
[20:05:03] 📦 Previous shows: 4299
[20:05:03] 🆕 Fresh shows: 4380
[20:05:03] 📦 Final shows: 4380
[20:05:03] ✅ DONE | Shows=4380 | Movies=60
[20:05:03] 📄 Detailed: daily/data/20260905/detailed9.json
[20:05:03] 📄 Summary: daily/data/20260905/movie_summary9.json
[21:06:56] 🚀 DISTRICT → BMS9 CONVERTER STARTED
[21:06:56] 📅 Date: 2026-09-05
[21:06:56] 🚫 Worker logic: DISABLED
[21:06:56] 🔑 Venue matching: ID ONLY
[21:06:56] 🚫 alldistrictvenues.json: NOT USED
[21:06:56] 🚫 Venue-name matching: NOT USED
[21:06:56] 📍 Selected venue records: 756
[21:06:56] 🎯 Selected venue IDs: 756
[21:06:56] 📡 Fetching Detailed JSON:
[21:06:56]    https://districtdata2026.pages.dev/boxoffice/2026-09-05_Detailed.json
[21:06:56] ✅ Source loaded
[21:06:56]    Source date: 2026-09-05
[21:06:56]    Last updated: 07:06 PM, 05 September 2026
[21:06:56]    Movie keys: 92
[21:06:57] 🎬 Source movie keys: 92
[21:06:57] 🎟️ Selected-venue show rows: 4380
[21:06:57] 🚫 Non-selected show rows ignored: 17826
[21:06:57] ℹ️ Non-selected venue IDs encountered: 1181
[21:06:57]    ⏭️ Source venue ID not selected: 1019393
[21:06:57]    ⏭️ Source venue ID not selected: 1018959
[21:06:57]    ⏭️ Source venue ID not selected: 1023935
[21:06:57]    ⏭️ Source venue ID not selected: 905
[21:06:57]    ⏭️ Source venue ID not selected: 901
[21:06:57]    ⏭️ Source venue ID not selected: 1037519
[21:06:57]    ⏭️ Source venue ID not selected: 9865
[21:06:57]    ⏭️ Source venue ID not selected: 1060689
[21:06:57]    ⏭️ Source venue ID not selected: 28429
[21:06:57]    ⏭️ Source venue ID not selected: 1023495
[21:06:57]    ⏭️ Source venue ID not selected: 1102185
[21:06:57]    ⏭️ Source venue ID not selected: 3874
[21:06:57]    ⏭️ Source venue ID not selected: 7709
[21:06:57]    ⏭️ Source venue ID not selected: 115
[21:06:57]    ⏭️ Source venue ID not selected: 29568
[21:06:57]    ⏭️ Source venue ID not selected: 11981
[21:06:57]    ⏭️ Source venue ID not selected: 1023488
[21:06:57]    ⏭️ Source venue ID not selected: 1020393
[21:06:57]    ⏭️ Source venue ID not selected: 4196
[21:06:57]    ⏭️ Source venue ID not selected: 1040322
[21:06:57]    ... and 1161 more
[21:06:57] 📦 Previous shows: 4380
[21:06:57] 🆕 Fresh shows: 4380
[21:06:57] 📦 Final shows: 4380
[21:06:57] ✅ DONE | Shows=4380 | Movies=60
[21:06:57] 📄 Detailed: daily/data/20260905/detailed9.json
[21:06:57] 📄 Summary: daily/data/20260905/movie_summary9.json
[22:06:56] 🚀 DISTRICT → BMS9 CONVERTER STARTED
[22:06:56] 📅 Date: 2026-09-05
[22:06:56] 🚫 Worker logic: DISABLED
[22:06:56] 🔑 Venue matching: ID ONLY
[22:06:56] 🚫 alldistrictvenues.json: NOT USED
[22:06:56] 🚫 Venue-name matching: NOT USED
[22:06:56] 📍 Selected venue records: 756
[22:06:56] 🎯 Selected venue IDs: 756
[22:06:56] 📡 Fetching Detailed JSON:
[22:06:56]    https://districtdata2026.pages.dev/boxoffice/2026-09-05_Detailed.json
[22:06:56] ✅ Source loaded
[22:06:56]    Source date: 2026-09-05
[22:06:56]    Last updated: 09:05 PM, 05 September 2026
[22:06:56]    Movie keys: 92
[22:06:56] 🎬 Source movie keys: 92
[22:06:56] 🎟️ Selected-venue show rows: 4385
[22:06:56] 🚫 Non-selected show rows ignored: 17841
[22:06:56] ℹ️ Non-selected venue IDs encountered: 1181
[22:06:56]    ⏭️ Source venue ID not selected: 1022283
[22:06:56]    ⏭️ Source venue ID not selected: 1010571
[22:06:56]    ⏭️ Source venue ID not selected: 1029331
[22:06:56]    ⏭️ Source venue ID not selected: 1024428
[22:06:56]    ⏭️ Source venue ID not selected: 1015
[22:06:56]    ⏭️ Source venue ID not selected: 24782
[22:06:56]    ⏭️ Source venue ID not selected: 1039765
[22:06:56]    ⏭️ Source venue ID not selected: 1022290
[22:06:56]    ⏭️ Source venue ID not selected: 1022300
[22:06:56]    ⏭️ Source venue ID not selected: 10251
[22:06:56]    ⏭️ Source venue ID not selected: 7500
[22:06:56]    ⏭️ Source venue ID not selected: 7515
[22:06:56]    ⏭️ Source venue ID not selected: 27028
[22:06:56]    ⏭️ Source venue ID not selected: 9482
[22:06:56]    ⏭️ Source venue ID not selected: 1030142
[22:06:56]    ⏭️ Source venue ID not selected: 500
[22:06:56]    ⏭️ Source venue ID not selected: 1076337
[22:06:56]    ⏭️ Source venue ID not selected: 9610
[22:06:56]    ⏭️ Source venue ID not selected: 1102259
[22:06:56]    ⏭️ Source venue ID not selected: 1018524
[22:06:56]    ... and 1161 more
[22:06:56] 📦 Previous shows: 4380
[22:06:56] 🆕 Fresh shows: 4385
[22:06:56] 📦 Final shows: 4385
[22:06:56] ✅ DONE | Shows=4385 | Movies=60
[22:06:56] 📄 Detailed: daily/data/20260905/detailed9.json
[22:06:56] 📄 Summary: daily/data/20260905/movie_summary9.json
[22:39:48] 🚀 DISTRICT → BMS9 CONVERTER STARTED
[22:39:48] 📅 Date: 2026-09-05
[22:39:48] 🚫 Worker logic: DISABLED
[22:39:48] 🔑 Venue matching: ID ONLY
[22:39:48] 🚫 alldistrictvenues.json: NOT USED
[22:39:48] 🚫 Venue-name matching: NOT USED
[22:39:48] 📍 Selected venue records: 756
[22:39:48] 🎯 Selected venue IDs: 756
[22:39:48] 📡 Fetching Detailed JSON:
[22:39:48]    https://districtdata2026.pages.dev/boxoffice/2026-09-05_Detailed.json
[22:39:48] ✅ Source loaded
[22:39:48]    Source date: 2026-09-05
[22:39:48]    Last updated: 09:05 PM, 05 September 2026
[22:39:48]    Movie keys: 92
[22:39:48] 🎬 Source movie keys: 92
[22:39:48] 🎟️ Selected-venue show rows: 4385
[22:39:48] 🚫 Non-selected show rows ignored: 17841
[22:39:48] ℹ️ Non-selected venue IDs encountered: 1181
[22:39:48]    ⏭️ Source venue ID not selected: 1431
[22:39:48]    ⏭️ Source venue ID not selected: 901
[22:39:48]    ⏭️ Source venue ID not selected: 31224
[22:39:48]    ⏭️ Source venue ID not selected: 1019919
[22:39:48]    ⏭️ Source venue ID not selected: 1040387
[22:39:48]    ⏭️ Source venue ID not selected: 60207
[22:39:48]    ⏭️ Source venue ID not selected: 1024358
[22:39:48]    ⏭️ Source venue ID not selected: 1041051
[22:39:48]    ⏭️ Source venue ID not selected: 1041456
[22:39:48]    ⏭️ Source venue ID not selected: 59128
[22:39:48]    ⏭️ Source venue ID not selected: 553
[22:39:48]    ⏭️ Source venue ID not selected: 24771
[22:39:48]    ⏭️ Source venue ID not selected: 1019393
[22:39:48]    ⏭️ Source venue ID not selected: 1029680
[22:39:48]    ⏭️ Source venue ID not selected: 1020729
[22:39:48]    ⏭️ Source venue ID not selected: 141
[22:39:48]    ⏭️ Source venue ID not selected: 1022251
[22:39:48]    ⏭️ Source venue ID not selected: 1042162
[22:39:48]    ⏭️ Source venue ID not selected: 2951
[22:39:48]    ⏭️ Source venue ID not selected: 554
[22:39:48]    ... and 1161 more
[22:39:48] 📦 Previous shows: 4385
[22:39:48] 🆕 Fresh shows: 4385
[22:39:48] 📦 Final shows: 4385
[22:39:48] ✅ DONE | Shows=4385 | Movies=60
[22:39:48] 📄 Detailed: daily/data/20260905/detailed9.json
[22:39:48] 📄 Summary: daily/data/20260905/movie_summary9.json
[23:17:13] 🚀 DISTRICT → BMS9 CONVERTER STARTED
[23:17:13] 📅 Date: 2026-09-05
[23:17:13] 🚫 Worker logic: DISABLED
[23:17:13] 🔑 Venue matching: ID ONLY
[23:17:13] 🚫 alldistrictvenues.json: NOT USED
[23:17:13] 🚫 Venue-name matching: NOT USED
[23:17:13] 📍 Selected venue records: 756
[23:17:13] 🎯 Selected venue IDs: 756
[23:17:13] 📡 Fetching Detailed JSON:
[23:17:13]    https://districtdata2026.pages.dev/boxoffice/2026-09-05_Detailed.json
[23:17:13] ✅ Source loaded
[23:17:13]    Source date: 2026-09-05
[23:17:13]    Last updated: 11:06 PM, 05 September 2026
[23:17:13]    Movie keys: 92
[23:17:14] 🎬 Source movie keys: 92
[23:17:14] 🎟️ Selected-venue show rows: 4385
[23:17:14] 🚫 Non-selected show rows ignored: 17846
[23:17:14] ℹ️ Non-selected venue IDs encountered: 1181
[23:17:14]    ⏭️ Source venue ID not selected: 1009225
[23:17:14]    ⏭️ Source venue ID not selected: 1102191
[23:17:14]    ⏭️ Source venue ID not selected: 1026268
[23:17:14]    ⏭️ Source venue ID not selected: 1022282
[23:17:14]    ⏭️ Source venue ID not selected: 1023460
[23:17:14]    ⏭️ Source venue ID not selected: 1028838
[23:17:14]    ⏭️ Source venue ID not selected: 43338
[23:17:14]    ⏭️ Source venue ID not selected: 127
[23:17:14]    ⏭️ Source venue ID not selected: 1019943
[23:17:14]    ⏭️ Source venue ID not selected: 136
[23:17:14]    ⏭️ Source venue ID not selected: 1019910
[23:17:14]    ⏭️ Source venue ID not selected: 1037494
[23:17:14]    ⏭️ Source venue ID not selected: 1020731
[23:17:14]    ⏭️ Source venue ID not selected: 1022281
[23:17:14]    ⏭️ Source venue ID not selected: 2204
[23:17:14]    ⏭️ Source venue ID not selected: 1030142
[23:17:14]    ⏭️ Source venue ID not selected: 10183
[23:17:14]    ⏭️ Source venue ID not selected: 1102169
[23:17:14]    ⏭️ Source venue ID not selected: 1049209
[23:17:14]    ⏭️ Source venue ID not selected: 1083874
[23:17:14]    ... and 1161 more
[23:17:14] 📦 Previous shows: 4385
[23:17:14] 🆕 Fresh shows: 4385
[23:17:14] 📦 Final shows: 4385
[23:17:14] ✅ DONE | Shows=4385 | Movies=60
[23:17:14] 📄 Detailed: daily/data/20260905/detailed9.json
[23:17:14] 📄 Summary: daily/data/20260905/movie_summary9.json
