[00:17:38] 🚀 BMS DAILY TRACKER STARTED (enhanced anti‑detection)
[00:17:38] [1/445] TGMR
[00:17:39] 🧠 New identity created
[00:17:39] [2/445] CXKR
[00:17:40] [3/445] SROP
[00:17:41] [4/445] GTSV
[00:17:42] [5/445] SNTY
[00:17:43] [6/445] SMYY
[00:17:44] [7/445] CNCS
[00:17:45] [8/445] CSTM
[00:17:46] [9/445] NUCD
[00:17:47] [10/445] SHCZ
[00:17:47] 🔄 Identity reset
[00:17:48] 🔄 Identity rotated (every 10 requests)
[00:17:48] [11/445] NJCT
[00:17:49] [12/445] COPC
[00:17:50] [13/445] STVV
[00:17:51] [14/445] SKRN
[00:17:52] [15/445] APPZ
[00:17:53] [16/445] YMGN
[00:17:54] [17/445] SVTU
[00:17:55] [18/445] GTAD
[00:17:56] [19/445] PSUS
[00:17:57] [20/445] SMCD
[00:17:57] 🔄 Identity reset
[00:17:57] 🔄 Identity rotated (every 10 requests)
[00:17:58] [21/445] CMCM
[00:17:58] [22/445] SYCT
[00:17:59] [23/445] STLY
[00:18:00] [24/445] CMHU
[00:18:02] [25/445] CMSA
[00:18:03] [26/445] CLCU
[00:18:04] [27/445] PPNT
[00:18:05] [28/445] JTAB
[00:18:06] [29/445] BUUC
[00:18:07] [30/445] BSVK
[00:18:07] 🔄 Identity reset
[00:18:07] 🔄 Identity rotated (every 10 requests)
[00:18:08] [31/445] VVVQ
[00:18:09] [32/445] TKMU
[00:18:09] [33/445] ESYL
[00:18:10] [34/445] ACHP
[00:18:11] [35/445] BTKD
[00:18:12] [36/445] DESA
[00:18:13] [37/445] GBCT
[00:18:14] [38/445] BLLD
[00:18:15] [39/445] SKNT
[00:18:16] [40/445] SSTE
[00:18:16] 🔄 Identity reset
[00:18:16] 🔄 Identity rotated (every 10 requests)
[00:18:17] [41/445] VJMR
[00:18:17] [42/445] NTPU
[00:18:18] [43/445] RDKN
[00:18:19] [44/445] ADGC
[00:18:20] [45/445] VRBP
[00:18:21] [46/445] NMNA
[00:18:22] [47/445] CMMX
[00:18:23] [48/445] PTKO
[00:18:24] [49/445] RBML
[00:18:25] [50/445] SAIC
[00:18:25] 🔄 Identity reset
[00:18:25] 🔄 Identity rotated (every 10 requests)
[00:18:26] [51/445] SVTJ
[00:18:26] [52/445] MRTE
[00:18:27] [53/445] RBTP
[00:18:28] [54/445] NLPS
[00:18:30] [55/445] GTNA
[00:18:31] [56/445] DGGC
[00:18:32] [57/445] SMCR
[00:18:32] [58/445] SCGD
[00:18:34] [59/445] SRRJ
[00:18:35] [60/445] CNRY
[00:18:36] 🔄 Identity reset
[00:18:36] 🔄 Identity rotated (every 10 requests)
[00:18:36] [61/445] KTDI
[00:18:37] [62/445] SNJL
[00:18:39] [63/445] RKMD
[00:18:40] [64/445] SMDC
[00:18:42] [65/445] TADG
[00:18:43] [66/445] MCGS
[00:18:43] [67/445] PETK
[00:18:44] [68/445] CHAG
[00:18:45] [69/445] KSTL
[00:18:46] [70/445] AADS
[00:18:47] 🔄 Identity reset
[00:18:47] 🔄 Identity rotated (every 10 requests)
[00:18:47] [71/445] NTHZ
[00:18:48] [72/445] HCKI
[00:18:49] [73/445] SSEF
[00:18:50] [74/445] MCGX
[00:18:51] [75/445] ERRA
[00:18:51] [76/445] SDTW
[00:18:52] [77/445] RMPK
[00:18:53] [78/445] PTHK
[00:18:54] [79/445] PXCS
[00:18:55] [80/445] SVLU
[00:18:56] 🔄 Identity reset
[00:18:56] 🔄 Identity rotated (every 10 requests)
[00:18:56] 🔄 Retry 1/5 for SVLU in 2.2s
[00:18:56] 🔄 Identity reset
[00:18:58] 🧠 New identity created
[00:18:58] 🔄 Retry 2/5 for SVLU in 4.5s
[00:18:58] 🔄 Identity reset
[00:19:03] 🧠 New identity created
[00:19:03] [81/445] STAH
[00:19:04] [82/445] JRGF
[00:19:05] [83/445] CDOK
[00:19:06] [84/445] CMSG
[00:19:07] [85/445] APTD
[00:19:08] [86/445] KMPG
[00:19:08] [87/445] MUTJ
[00:19:09] [88/445] VCCI
[00:19:10] 🔄 Identity reset
[00:19:10] 🔄 Identity rotated (every 10 requests)
[00:19:11] [89/445] URBE
[00:19:12] [90/445] TCTS
[00:19:12] [91/445] STSN
[00:19:13] [92/445] AKCH
[00:19:14] [93/445] APSC
[00:19:15] [94/445] VLTB
[00:19:16] [95/445] SANU
[00:19:17] [96/445] AXAM
[00:19:18] [97/445] MGMG
[00:19:19] [98/445] HTBY
[00:19:20] 🔄 Identity reset
[00:19:20] 🔄 Identity rotated (every 10 requests)
[00:19:21] [99/445] MMZS
[00:19:22] [100/445] SUDR
[00:19:23] [101/445] CCAD
[00:19:24] [102/445] SKKC
[00:19:25] [103/445] RMCD
[00:19:25] [104/445] SBCQ
[00:19:27] [105/445] DCCT
[00:19:27] [106/445] VTKP
[00:19:28] [107/445] MLAM
[00:19:29] [108/445] SAVT
[00:19:30] 🔄 Identity reset
[00:19:30] 🔄 Identity rotated (every 10 requests)
[00:19:31] [109/445] GEPL
[00:19:32] [110/445] AMCD
[00:19:33] [111/445] CCXR
[00:19:34] [112/445] GRNG
[00:19:35] [113/445] EBCA
[00:19:36] [114/445] CNVG
[00:19:37] [115/445] MWSS
[00:19:38] [116/445] VBOR
[00:19:38] [117/445] NEEB
[00:19:39] [118/445] SUTH
[00:19:40] 🔄 Identity reset
[00:19:40] 🔄 Identity rotated (every 10 requests)
[00:19:41] [119/445] ANDB
[00:19:42] [120/445] MMXS
[00:19:42] [121/445] CNPD
[00:19:43] [122/445] SDCE
[00:19:44] [123/445] DHCB
[00:19:45] [124/445] ODEN
[00:19:46] [125/445] TNTC
[00:19:47] [126/445] VBKM
[00:19:48] [127/445] RZYM
[00:19:49] [128/445] JEMC
[00:19:49] 🔄 Identity reset
[00:19:50] 🔄 Identity rotated (every 10 requests)
[00:19:50] [129/445] CMAU
[00:19:51] [130/445] SIVP
[00:19:52] [131/445] ATAG
[00:19:53] [132/445] CHTM
[00:19:54] [133/445] AAEE
[00:19:54] [134/445] IWPM
[00:19:55] [135/445] KCMW
[00:19:56] [136/445] MCTD
[00:19:57] [137/445] SPWR
[00:19:58] [138/445] SDPO
[00:19:59] 🔄 Identity reset
[00:19:59] 🔄 Identity rotated (every 10 requests)
[00:19:59] [139/445] PCSK
[00:20:00] [140/445] ACHV
[00:20:01] [141/445] SVLA
[00:20:02] [142/445] PICT
[00:20:03] [143/445] BXDR
[00:20:04] [144/445] SPWA
[00:20:05] [145/445] MCKO
[00:20:06] [146/445] RTHK
[00:20:07] [147/445] CCMF
[00:20:08] [148/445] MRGB
[00:20:08] 🔄 Identity reset
[00:20:08] 🔄 Identity rotated (every 10 requests)
[00:20:09] [149/445] CPLC
[00:20:10] [150/445] RACD
[00:20:11] [151/445] ATKT
[00:20:12] [152/445] SARN
[00:20:13] [153/445] KKUI
[00:20:14] [154/445] RGCM
[00:20:15] [155/445] BRVP
[00:20:16] [156/445] HRSR
[00:20:17] [157/445] GKGM
[00:20:17] [158/445] TTCD
[00:20:18] 🔄 Identity reset
[00:20:18] 🔄 Identity rotated (every 10 requests)
[00:20:19] [159/445] PTTI
[00:20:19] [160/445] MPTT
[00:20:21] [161/445] CVTT
[00:20:22] [162/445] PCXD
[00:20:23] [163/445] GCDC
[00:20:24] [164/445] CCCF
[00:20:25] [165/445] MRAD
[00:20:26] [166/445] CPLK
[00:20:27] [167/445] SATB
[00:20:27] [168/445] SNVG
[00:20:28] 🔄 Identity reset
[00:20:28] 🔄 Identity rotated (every 10 requests)
[00:20:28] [169/445] JMBA
[00:20:29] [170/445] TEJA
[00:20:30] [171/445] STYO
[00:20:31] [172/445] JTBP
[00:20:32] [173/445] KRGD
[00:20:33] [174/445] SLJJ
[00:20:34] [175/445] SPTJ
[00:20:35] [176/445] SWJG
[00:20:36] [177/445] LKRT
[00:20:37] [178/445] KCKA
[00:20:38] 🔄 Identity reset
[00:20:38] 🔄 Identity rotated (every 10 requests)
[00:20:38] [179/445] SNCR
[00:20:39] [180/445] SMKL
[00:20:40] [181/445] GCFA
[00:20:41] [182/445] DDCK
[00:20:42] [183/445] NCHJ
[00:20:43] [184/445] RDMA
[00:20:44] [185/445] SVSV
[00:20:45] [186/445] SCJG
[00:20:46] [187/445] VKLP
[00:20:47] [188/445] NWCC
[00:20:47] 🔄 Identity reset
[00:20:47] 🔄 Identity rotated (every 10 requests)
[00:20:47] 🔄 Retry 1/5 for NWCC in 2.7s
[00:20:47] 🔄 Identity reset
[00:20:50] 🧠 New identity created
[00:20:50] [189/445] VKNS
[00:20:52] [190/445] SDDP
[00:20:53] [191/445] ACSI
[00:20:54] [192/445] SATG
[00:20:55] [193/445] SCMW
[00:20:55] [194/445] LKTK
[00:20:56] [195/445] VCKV
[00:20:57] [196/445] KKPE
[00:20:58] [197/445] KIGH
[00:20:59] 🔄 Identity reset
[00:20:59] 🔄 Identity rotated (every 10 requests)
[00:20:59] [198/445] SRPM
[00:21:00] [199/445] SCAH
[00:21:01] [200/445] MUTA
[00:21:02] [201/445] SEPU
[00:21:03] [202/445] INOA
[00:21:04] [203/445] BASK
[00:21:05] [204/445] NECB
[00:21:05] [205/445] GTTG
[00:21:06] [206/445] ASSA
[00:21:07] [207/445] ANCL
[00:21:08] 🔄 Identity reset
[00:21:08] 🔄 Identity rotated (every 10 requests)
[00:21:08] [208/445] GCTI
[00:21:09] [209/445] RCTS
[00:21:10] [210/445] ACNL
[00:21:11] [211/445] MYCT
[00:21:12] [212/445] NMHT
[00:21:14] [213/445] MDIT
[00:21:15] [214/445] LATG
[00:21:16] [215/445] SMTY
[00:21:17] [216/445] CVCT
[00:21:18] [217/445] RAMB
[00:21:19] 🔄 Identity reset
[00:21:19] 🔄 Identity rotated (every 10 requests)
[00:21:20] [218/445] TGMS
[00:21:21] [219/445] BHEL
[00:21:22] [220/445] SHCT
[00:21:23] [221/445] SVCT
[00:21:23] [222/445] MRIY
[00:21:24] [223/445] SARO
[00:21:25] [224/445] STCT
[00:21:26] [225/445] JKKC
[00:21:27] [226/445] PLTT
[00:21:28] [227/445] SRNT
[00:21:29] 🔄 Identity reset
[00:21:29] 🔄 Identity rotated (every 10 requests)
[00:21:29] [228/445] YAST
[00:21:30] [229/445] PERL
[00:21:31] [230/445] CICM
[00:21:32] [231/445] MMTR
[00:21:33] [232/445] ABTK
[00:21:34] [233/445] ATYY
[00:21:35] [234/445] ASTK
[00:21:36] [235/445] VVCK
[00:21:37] [236/445] ATKY
[00:21:38] [237/445] GWEK
[00:21:38] 🔄 Identity reset
[00:21:38] 🔄 Identity rotated (every 10 requests)
[00:21:39] [238/445] SVFH
[00:21:40] [239/445] SLTA
[00:21:41] [240/445] AASH
[00:21:42] [241/445] ACXB
[00:21:42] [242/445] SMTX
[00:21:44] [243/445] AZDH
[00:21:45] [244/445] CMMH
[00:21:46] [245/445] SCSZ
[00:21:47] [246/445] SCKP
[00:21:48] [247/445] NXTM
[00:21:48] 🔄 Identity reset
[00:21:49] 🔄 Identity rotated (every 10 requests)
[00:21:49] 🔄 Retry 1/5 for NXTM in 2.6s
[00:21:49] 🔄 Identity reset
[00:21:51] 🧠 New identity created
[00:21:52] [248/445] NWCS
[00:21:53] [249/445] CXMH
[00:21:53] [250/445] PCMA
[00:21:54] [251/445] SGCM
[00:21:55] [252/445] SDTU
[00:21:56] [253/445] MMVI
[00:21:58] [254/445] JKCM
[00:21:59] [255/445] VCMM
[00:22:00] [256/445] SYEE
[00:22:00] 🔄 Identity reset
[00:22:00] 🔄 Identity rotated (every 10 requests)
[00:22:01] [257/445] VASD
[00:22:01] [258/445] BDRB
[00:22:02] [259/445] LASM
[00:22:03] [260/445] DCRL
[00:22:04] [261/445] DVPM
[00:22:05] [262/445] SBMJ
[00:22:06] [263/445] CBMU
[00:22:07] [264/445] IUBS
[00:22:09] [265/445] INAP
[00:22:10] [266/445] SRRC
[00:22:11] 🔄 Identity reset
[00:22:11] 🔄 Identity rotated (every 10 requests)
[00:22:11] 🔄 Retry 1/5 for SRRC in 2.3s
[00:22:11] 🔄 Identity reset
[00:22:13] 🧠 New identity created
[00:22:13] [267/445] SAGR
[00:22:14] [268/445] CPMJ
[00:22:16] [269/445] ATJL
[00:22:17] [270/445] NNTD
[00:22:18] [271/445] JHCJ
[00:22:19] [272/445] CMMP
[00:22:20] [273/445] RSDR
[00:22:21] [274/445] AMTI
[00:22:23] [275/445] NYSG
[00:22:24] 🔄 Identity reset
[00:22:24] 🔄 Identity rotated (every 10 requests)
[00:22:24] [276/445] AVSG
[00:22:25] [277/445] SYTP
[00:22:26] [278/445] LARC
[00:22:27] [279/445] RJTP
[00:22:28] [280/445] LAKC
[00:22:29] [281/445] MCXE
[00:22:30] [282/445] CCZC
[00:22:31] [283/445] AVCH
[00:22:31] [284/445] CMBE
[00:22:33] [285/445] MRRC
[00:22:34] 🔄 Identity reset
[00:22:34] 🔄 Identity rotated (every 10 requests)
[00:22:34] [286/445] PCPY
[00:22:35] [287/445] SRMH
[00:22:36] [288/445] SVGS
[00:22:37] [289/445] PCSE
[00:22:38] [290/445] SVFT
[00:22:39] [291/445] TNZP
[00:22:40] [292/445] ICTP
[00:22:41] [293/445] ACTZ
[00:22:42] [294/445] GTUR
[00:22:42] [295/445] MAFC
[00:22:43] 🔄 Identity reset
[00:22:43] 🔄 Identity rotated (every 10 requests)
[00:22:43] [296/445] MINL
[00:22:45] [297/445] MRCL
[00:22:46] [298/445] RCRP
[00:22:47] [299/445] RFFG
[00:22:48] [300/445] RMAS
[00:22:49] [301/445] INVR
[00:22:50] [302/445] RMAR
[00:22:51] [303/445] CNIS
[00:22:52] [304/445] RHRJ
[00:22:53] [305/445] INXR
[00:22:53] 🔄 Identity reset
[00:22:53] 🔄 Identity rotated (every 10 requests)
[00:22:54] [306/445] VALT
[00:22:54] [307/445] LCSH
[00:22:55] [308/445] CMVS
[00:22:56] [309/445] CNMS
[00:22:57] [310/445] ROOG
[00:22:58] [311/445] ISRM
[00:22:59] [312/445] RCRM
[00:23:00] [313/445] ACJA
[00:23:01] [314/445] RCVS
[00:23:02] [315/445] CPUS
[00:23:03] 🔄 Identity reset
[00:23:03] 🔄 Identity rotated (every 10 requests)
[00:23:03] [316/445] TGCS
[00:23:04] [317/445] RKCJ
[00:23:05] [318/445] MKSB
[00:23:06] [319/445] TCSJ
[00:23:07] [320/445] RMGP
[00:23:08] [321/445] CLLP
[00:23:09] [322/445] RCMV
[00:23:10] [323/445] CCKS
[00:23:11] [324/445] RSRP
[00:23:12] [325/445] APLP
[00:23:13] 🔄 Identity reset
[00:23:13] 🔄 Identity rotated (every 10 requests)
[00:23:13] [326/445] CNVS
[00:23:14] [327/445] RMVY
[00:23:15] [328/445] PGBD
[00:23:16] [329/445] KLMS
[00:23:17] [330/445] RUST
[00:23:18] [331/445] MASM
[00:23:19] [332/445] BACS
[00:23:21] [333/445] BWST
[00:23:22] [334/445] RRFH
[00:23:23] [335/445] SJTM
[00:23:23] 🔄 Identity reset
[00:23:23] 🔄 Identity rotated (every 10 requests)
[00:23:24] [336/445] BEMR
[00:23:25] [337/445] MCGR
[00:23:26] [338/445] SDSK
[00:23:27] [339/445] VBOL
[00:23:28] [340/445] RMGM
[00:23:30] [341/445] NOPL
[00:23:31] [342/445] MKJK
[00:23:32] [343/445] CVRN
[00:23:33] [344/445] MMEN
[00:23:34] [345/445] AMNG
[00:23:34] 🔄 Identity reset
[00:23:34] 🔄 Identity rotated (every 10 requests)
[00:23:35] [346/445] INTM
[00:23:35] [347/445] SLCZ
[00:23:36] [348/445] AMJN
[00:23:37] [349/445] ACJN
[00:23:38] [350/445] AMKN
[00:23:39] [351/445] BTCN
[00:23:40] [352/445] AMBT
[00:23:41] [353/445] PACN
[00:23:43] [354/445] LCNS
[00:23:44] [355/445] PPKC
[00:23:44] 🔄 Identity reset
[00:23:44] 🔄 Identity rotated (every 10 requests)
[00:23:44] [356/445] JYYN
[00:23:45] [357/445] JTNR
[00:23:46] [358/445] GTEE
[00:23:47] [359/445] SRNM
[00:23:48] [360/445] SDTC
[00:23:50] [361/445] VPCA
[00:23:51] [362/445] VLRA
[00:23:52] [363/445] SHKR
[00:23:54] [364/445] SBKD
[00:23:55] [365/445] SAAD
[00:23:55] 🔄 Identity reset
[00:23:55] 🔄 Identity rotated (every 10 requests)
[00:23:55] [366/445] JTGN
[00:23:57] [367/445] SLAM
[00:23:58] [368/445] VTPM
[00:23:59] [369/445] ANPT
[00:24:00] [370/445] PUNB
[00:24:01] [371/445] CPKT
[00:24:02] [372/445] CNWE
[00:24:03] [373/445] ECPP
[00:24:04] [374/445] CPAR
[00:24:05] [375/445] ESBW
[00:24:05] 🔄 Identity reset
[00:24:05] 🔄 Identity rotated (every 10 requests)
[00:24:05] [376/445] PKPU
[00:24:06] [377/445] CPRP
[00:24:07] [378/445] RAHU
[00:24:08] [379/445] RHMN
[00:24:09] [380/445] FMJP
[00:24:10] [381/445] CTMP
[00:24:11] [382/445] INPN
[00:24:12] [383/445] STTG
[00:24:13] [384/445] CTRD
[00:24:14] [385/445] PUVB
[00:24:14] 🔄 Identity reset
[00:24:14] 🔄 Identity rotated (every 10 requests)
[00:24:15] [386/445] ESVP
[00:24:16] [387/445] CPFT
[00:24:17] [388/445] LCPC
[00:24:17] [389/445] VBCT
[00:24:18] [390/445] FSCW
[00:24:19] [391/445] VCMP
[00:24:20] [392/445] ASHC
[00:24:21] [393/445] VLCX
[00:24:22] [394/445] SHEV
[00:24:23] [395/445] APCO
[00:24:24] 🔄 Identity reset
[00:24:24] 🔄 Identity rotated (every 10 requests)
[00:24:24] [396/445] SILC
[00:24:25] [397/445] SNMR
[00:24:27] [398/445] KYBO
[00:24:28] [399/445] SATK
[00:24:29] [400/445] SSCS
[00:24:30] [401/445] CLSB
[00:24:31] [402/445] KMJR
[00:24:32] [403/445] FSCK
[00:24:32] [404/445] NNKA
[00:24:33] [405/445] CLMK
[00:24:34] 🔄 Identity reset
[00:24:34] 🔄 Identity rotated (every 10 requests)
[00:24:35] [406/445] DMPZ
[00:24:36] [407/445] INQM
[00:24:37] [408/445] CAML
[00:24:38] [409/445] INRK
[00:24:40] [410/445] IMKN
[00:24:40] [411/445] SVNR
[00:24:41] [412/445] INSL
[00:24:42] [413/445] MSMA
[00:24:43] [414/445] MCKK
[00:24:44] [415/445] FCHP
[00:24:45] 🔄 Identity reset
[00:24:45] 🔄 Identity rotated (every 10 requests)
[00:24:45] [416/445] SFCR
[00:24:46] [417/445] NACK
[00:24:47] [418/445] PVAK
[00:24:48] [419/445] INER
[00:24:49] [420/445] RDBK
[00:24:50] [421/445] SVFN
[00:24:50] [422/445] IFRM
[00:24:51] [423/445] ATCK
[00:24:52] [424/445] ASKO
[00:24:53] [425/445] STKT
[00:24:54] 🔄 Identity reset
[00:24:54] 🔄 Identity rotated (every 10 requests)
[00:24:54] [426/445] SVFB
[00:24:55] [427/445] INKS
[00:24:56] [428/445] PCRA
[00:24:57] [429/445] ATJA
[00:24:58] [430/445] IMJN
[00:24:59] [431/445] INHD
[00:25:00] [432/445] BARA
[00:25:01] [433/445] MCSL
[00:25:02] [434/445] RTOY
[00:25:03] [435/445] MENO
[00:25:04] 🔄 Identity reset
[00:25:04] 🔄 Identity rotated (every 10 requests)
[00:25:04] [436/445] PUDM
[00:25:05] [437/445] PRCN
[00:25:06] [438/445] JMJR
[00:25:07] [439/445] SSGK
[00:25:08] [440/445] SSRL
[00:25:09] [441/445] JYKL
[00:25:09] [442/445] ACNB
[00:25:10] [443/445] SONP
[00:25:11] [444/445] EMCI
[00:25:13] [445/445] MRJH
[00:25:13] 🔄 Identity reset
[00:25:13] 🔄 Identity rotated (every 10 requests)
[00:25:14] ✅ DONE | Shows=2 | Movies=1
