[00:17:29] 🚀 BMS DAILY TRACKER STARTED (enhanced anti‑detection)
[00:17:29] [1/459] NECA
[00:17:30] 🧠 New identity created
[00:17:30] [2/459] BJLC
[00:17:31] [3/459] BASU
[00:17:32] [4/459] RUPI
[00:17:33] [5/459] LCBK
[00:17:34] [6/459] PMAC
[00:17:35] [7/459] AMLC
[00:17:36] [8/459] LICL
[00:17:37] [9/459] UDMM
[00:17:38] [10/459] STBZ
[00:17:38] 🔄 Identity reset
[00:17:38] 🔄 Identity rotated (every 10 requests)
[00:17:38] 🔄 Retry 1/5 for STBZ in 2.4s
[00:17:38] 🔄 Identity reset
[00:17:41] 🧠 New identity created
[00:17:41] [11/459] UUBT
[00:17:42] [12/459] SJKC
[00:17:43] [13/459] TUAL
[00:17:44] [14/459] MRSE
[00:17:45] [15/459] RMRK
[00:17:46] [16/459] TTKP
[00:17:47] [17/459] KTKO
[00:17:48] [18/459] SDBK
[00:17:49] [19/459] MCPR
[00:17:49] 🔄 Identity reset
[00:17:49] 🔄 Identity rotated (every 10 requests)
[00:17:50] [20/459] CHTI
[00:17:51] [21/459] GCCP
[00:17:52] [22/459] SRMY
[00:17:52] [23/459] NYST
[00:17:53] [24/459] NYAG
[00:17:54] [25/459] SBMT
[00:17:55] [26/459] INGA
[00:17:56] [27/459] WSIC
[00:17:56] [28/459] SCSS
[00:17:57] [29/459] COPG
[00:17:57] 🔄 Identity reset
[00:17:57] 🔄 Identity rotated (every 10 requests)
[00:17:58] [30/459] RCGR
[00:17:58] [31/459] TCZA
[00:17:59] [32/459] CNLP
[00:18:00] [33/459] CLKN
[00:18:01] [34/459] LHDF
[00:18:01] [35/459] ELKC
[00:18:02] [36/459] VCEM
[00:18:03] [37/459] SSZA
[00:18:04] [38/459] KRMT
[00:18:04] [39/459] LCMV
[00:18:05] 🔄 Identity reset
[00:18:05] 🔄 Identity rotated (every 10 requests)
[00:18:05] [40/459] AYCZ
[00:18:06] [41/459] CUMS
[00:18:07] [42/459] BOCK
[00:18:08] [43/459] PNMR
[00:18:09] [44/459] PJCP
[00:18:09] [45/459] JDDD
[00:18:10] [46/459] STMS
[00:18:11] [47/459] FLMB
[00:18:12] [48/459] PKCM
[00:18:13] [49/459] SPPR
[00:18:14] 🔄 Identity reset
[00:18:14] 🔄 Identity rotated (every 10 requests)
[00:18:14] [50/459] EYLH
[00:18:16] [51/459] RJCC
[00:18:16] [52/459] MMPS
[00:18:17] [53/459] SHMX
[00:18:18] [54/459] CCNL
[00:18:19] [55/459] RCNV
[00:18:19] [56/459] MAAG
[00:18:20] [57/459] LXCM
[00:18:21] [58/459] RCNI
[00:18:22] [59/459] SNNI
[00:18:22] 🔄 Identity reset
[00:18:22] 🔄 Identity rotated (every 10 requests)
[00:18:22] 🔄 Retry 1/5 for SNNI in 2.5s
[00:18:22] 🔄 Identity reset
[00:18:25] 🧠 New identity created
[00:18:25] [60/459] LALC
[00:18:26] [61/459] SOCN
[00:18:27] [62/459] JHTP
[00:18:28] [63/459] PITP
[00:18:28] [64/459] CCKW
[00:18:29] [65/459] MCMC
[00:18:30] [66/459] DEES
[00:18:31] [67/459] SABT
[00:18:32] [68/459] VSPP
[00:18:32] 🔄 Identity reset
[00:18:32] 🔄 Identity rotated (every 10 requests)
[00:18:33] [69/459] ABCT
[00:18:34] [70/459] JVTB
[00:18:35] [71/459] VCBD
[00:18:36] [72/459] RMGG
[00:18:36] [73/459] RNMH
[00:18:37] [74/459] SPGL
[00:18:38] [75/459] JTTR
[00:18:39] [76/459] SICS
[00:18:40] [77/459] SRMI
[00:18:41] [78/459] SSIJ
[00:18:42] 🔄 Identity reset
[00:18:42] 🔄 Identity rotated (every 10 requests)
[00:18:42] [79/459] KFMT
[00:18:43] [80/459] VBIT
[00:18:44] [81/459] JKCT
[00:18:45] [82/459] GCGP
[00:18:46] [83/459] GDCS
[00:18:47] [84/459] TRBA
[00:18:47] [85/459] QUST
[00:18:48] [86/459] VSHM
[00:18:49] [87/459] SDCP
[00:18:50] [88/459] SNVS
[00:18:51] 🔄 Identity reset
[00:18:51] 🔄 Identity rotated (every 10 requests)
[00:18:51] [89/459] NYTO
[00:18:52] [90/459] URWC
[00:18:53] [91/459] GTWH
[00:18:54] [92/459] PFCM
[00:18:54] [93/459] KRTA
[00:18:55] [94/459] AXMC
[00:18:56] [95/459] EVMC
[00:18:57] [96/459] HGSM
[00:18:57] [97/459] ACVM
[00:18:58] [98/459] PSKL
[00:18:59] 🔄 Identity reset
[00:18:59] 🔄 Identity rotated (every 10 requests)
[00:19:00] [99/459] RDMP
[00:19:00] [100/459] RHGH
[00:19:01] [101/459] OMCM
[00:19:02] [102/459] DCCP
[00:19:03] [103/459] MCPB
[00:19:03] [104/459] ALCI
[00:19:04] [105/459] BLMX
[00:19:05] [106/459] BTMV
[00:19:06] [107/459] FVPN
[00:19:07] [108/459] CMAR
[00:19:07] 🔄 Identity reset
[00:19:07] 🔄 Identity rotated (every 10 requests)
[00:19:07] [109/459] CEIM
[00:19:08] [110/459] CMVA
[00:19:09] [111/459] CPIV
[00:19:10] [112/459] CNPE
[00:19:10] [113/459] COLV
[00:19:11] [114/459] DNNV
[00:19:12] [115/459] HCAD
[00:19:13] [116/459] TAKA
[00:19:13] [117/459] INVD
[00:19:14] [118/459] IRMM
[00:19:15] 🔄 Identity reset
[00:19:15] 🔄 Identity rotated (every 10 requests)
[00:19:15] [119/459] INSE
[00:19:16] [120/459] MRSW
[00:19:17] [121/459] MCVD
[00:19:18] [122/459] MCSO
[00:19:19] [123/459] PEVM
[00:19:19] [124/459] PVNL
[00:19:20] [125/459] PTCV
[00:19:21] [126/459] PRTC
[00:19:22] [127/459] RCVA
[00:19:23] [128/459] MTBN
[00:19:23] 🔄 Identity reset
[00:19:23] 🔄 Identity rotated (every 10 requests)
[00:19:23] 🔄 Retry 1/5 for MTBN in 2.3s
[00:19:23] 🔄 Identity reset
[00:19:26] 🧠 New identity created
[00:19:26] [129/459] LUCP
[00:19:26] [130/459] FMPT
[00:19:27] [131/459] JLSL
[00:19:28] [132/459] SBHA
[00:19:29] [133/459] SHRC
[00:19:30] [134/459] AVPS
[00:19:31] [135/459] STPM
[00:19:32] [136/459] ATRD
[00:19:33] [137/459] VTED
[00:19:33] 🔄 Identity reset
[00:19:33] 🔄 Identity rotated (every 10 requests)
[00:19:33] [138/459] ACAI
[00:19:34] [139/459] SMAE
[00:19:35] [140/459] VMAT
[00:19:36] [141/459] LKCT
[00:19:37] [142/459] JTVK
[00:19:38] [143/459] PRTY
[00:19:39] [144/459] GETT
[00:19:39] [145/459] ESAP
[00:19:40] [146/459] NCPM
[00:19:41] [147/459] PCPA
[00:19:42] 🔄 Identity reset
[00:19:42] 🔄 Identity rotated (every 10 requests)
[00:19:42] [148/459] MMOM
[00:19:42] [149/459] PHUP
[00:19:43] [150/459] CCPI
[00:19:44] [151/459] CNTD
[00:19:45] [152/459] NLJR
[00:19:46] [153/459] SRNG
[00:19:47] [154/459] MHAL
[00:19:48] [155/459] PNSM
[00:19:48] [156/459] DRMY
[00:19:49] [157/459] CCMU
[00:19:50] 🔄 Identity reset
[00:19:50] 🔄 Identity rotated (every 10 requests)
[00:19:50] 🔄 Retry 1/5 for CCMU in 2.7s
[00:19:50] 🔄 Identity reset
[00:19:52] 🧠 New identity created
[00:19:52] 🔄 Retry 2/5 for CCMU in 4.9s
[00:19:52] 🔄 Identity reset
[00:19:57] 🧠 New identity created
[00:19:58] [158/459] SCMY
[00:19:59] [159/459] PVSY
[00:20:00] [160/459] SDLM
[00:20:01] [161/459] ICCM
[00:20:02] [162/459] PYSU
[00:20:02] [163/459] GATM
[00:20:03] [164/459] WOTM
[00:20:04] [165/459] RKTS
[00:20:05] 🔄 Identity reset
[00:20:05] 🔄 Identity rotated (every 10 requests)
[00:20:05] [166/459] PMTY
[00:20:06] [167/459] LYMS
[00:20:06] [168/459] TGCA
[00:20:07] [169/459] DSTA
[00:20:08] [170/459] CNGE
[00:20:09] [171/459] VSTG
[00:20:10] [172/459] GTCK
[00:20:10] [173/459] TGNT
[00:20:11] [174/459] ASLC
[00:20:12] [175/459] SSST
[00:20:12] 🔄 Identity reset
[00:20:12] 🔄 Identity rotated (every 10 requests)
[00:20:12] [176/459] KBTT
[00:20:13] [177/459] HKCP
[00:20:14] [178/459] SWLC
[00:20:15] [179/459] RTND
[00:20:15] [180/459] PKKT
[00:20:16] [181/459] HSTK
[00:20:17] [182/459] SPTT
[00:20:18] [183/459] IMPM
[00:20:19] [184/459] SCMV
[00:20:20] [185/459] SPCT
[00:20:21] 🔄 Identity reset
[00:20:21] 🔄 Identity rotated (every 10 requests)
[00:20:21] [186/459] JBCA
[00:20:22] [187/459] ATTR
[00:20:22] [188/459] SPMT
[00:20:23] [189/459] LCTM
[00:20:24] [190/459] SCVL
[00:20:24] [191/459] SCVT
[00:20:25] [192/459] KRIC
[00:20:26] [193/459] CTMG
[00:20:26] [194/459] ACNC
[00:20:27] [195/459] DMCK
[00:20:28] 🔄 Identity reset
[00:20:28] 🔄 Identity rotated (every 10 requests)
[00:20:28] [196/459] KMTV
[00:20:29] [197/459] PFCJ
[00:20:30] [198/459] VNMD
[00:20:31] [199/459] VPCZ
[00:20:31] [200/459] SRYR
[00:20:32] [201/459] SYTR
[00:20:34] [202/459] GATR
[00:20:35] [203/459] URTR
[00:20:36] [204/459] MKSM
[00:20:37] [205/459] VSMH
[00:20:38] 🔄 Identity reset
[00:20:38] 🔄 Identity rotated (every 10 requests)
[00:20:38] [206/459] SKRJ
[00:20:39] [207/459] SSJR
[00:20:40] [208/459] SVSM
[00:20:40] [209/459] RUCM
[00:20:41] [210/459] PRKN
[00:20:42] [211/459] RROH
[00:20:42] [212/459] SCTN
[00:20:43] [213/459] RTDM
[00:20:44] [214/459] ASRM
[00:20:45] [215/459] SKMD
[00:20:46] 🔄 Identity reset
[00:20:46] 🔄 Identity rotated (every 10 requests)
[00:20:46] [216/459] SUTD
[00:20:47] [217/459] SADM
[00:20:48] [218/459] WCNR
[00:20:49] [219/459] CNED
[00:20:50] [220/459] MPDB
[00:20:52] [221/459] KTBH
[00:20:52] [222/459] IDRM
[00:20:53] [223/459] PJJT
[00:20:54] [224/459] PFCV
[00:20:55] [225/459] AACT
[00:20:55] 🔄 Identity reset
[00:20:55] 🔄 Identity rotated (every 10 requests)
[00:20:56] [226/459] AAAD
[00:20:56] [227/459] ANES
[00:20:57] [228/459] MNCA
[00:20:58] [229/459] RMGU
[00:20:59] [230/459] DLCN
[00:20:59] [231/459] LJWT
[00:21:00] [232/459] MCBG
[00:21:01] [233/459] MYBG
[00:21:02] [234/459] GCCA
[00:21:03] [235/459] GCGA
[00:21:03] 🔄 Identity reset
[00:21:03] 🔄 Identity rotated (every 10 requests)
[00:21:03] [236/459] ECGN
[00:21:04] [237/459] PRAB
[00:21:05] [238/459] PNMP
[00:21:06] [239/459] GCPT
[00:21:06] [240/459] ROYN
[00:21:07] [241/459] VATM
[00:21:08] [242/459] KSNT
[00:21:09] [243/459] ACTC
[00:21:10] [244/459] PLTD
[00:21:11] [245/459] SKMK
[00:21:12] 🔄 Identity reset
[00:21:12] 🔄 Identity rotated (every 10 requests)
[00:21:12] [246/459] CMTT
[00:21:13] [247/459] SMXP
[00:21:14] [248/459] SCMX
[00:21:14] [249/459] ACXN
[00:21:15] [250/459] ASWT
[00:21:16] [251/459] VVVL
[00:21:16] [252/459] NAGO
[00:21:17] [253/459] SNCN
[00:21:18] [254/459] MCKP
[00:21:19] [255/459] SAMO
[00:21:19] 🔄 Identity reset
[00:21:19] 🔄 Identity rotated (every 10 requests)
[00:21:19] [256/459] JBTV
[00:21:20] [257/459] DCVV
[00:21:21] [258/459] KMSV
[00:21:22] [259/459] KDCN
[00:21:23] [260/459] CNCP
[00:21:24] [261/459] HAMC
[00:21:25] [262/459] CCVZ
[00:21:26] [263/459] NCCK
[00:21:27] [264/459] MCHR
[00:21:27] [265/459] SCHT
[00:21:28] 🔄 Identity reset
[00:21:28] 🔄 Identity rotated (every 10 requests)
[00:21:28] [266/459] ESSH
[00:21:29] [267/459] CUJC
[00:21:30] [268/459] PECP
[00:21:31] [269/459] PMMI
[00:21:32] [270/459] PCCH
[00:21:33] [271/459] PRPM
[00:21:34] [272/459] PVKL
[00:21:35] [273/459] CBSM
[00:21:36] [274/459] PVCZ
[00:21:36] [275/459] PCVV
[00:21:37] 🔄 Identity reset
[00:21:37] 🔄 Identity rotated (every 10 requests)
[00:21:37] [276/459] CTMJ
[00:21:38] [277/459] RCPS
[00:21:39] [278/459] PCIT
[00:21:40] [279/459] FNCH
[00:21:40] [280/459] INZD
[00:21:41] [281/459] INPC
[00:21:42] [282/459] LCZP
[00:21:43] [283/459] SMCB
[00:21:44] [284/459] PTSB
[00:21:45] [285/459] TPSI
[00:21:45] 🔄 Identity reset
[00:21:45] 🔄 Identity rotated (every 10 requests)
[00:21:45] [286/459] KHMJ
[00:21:46] [287/459] RCCJ
[00:21:48] [288/459] NCJA
[00:21:48] [289/459] NCJN
[00:21:49] [290/459] BTDP
[00:21:50] [291/459] PADY
[00:21:50] [292/459] NYBH
[00:21:51] [293/459] MTBR
[00:21:52] [294/459] KRBC
[00:21:52] [295/459] DKTI
[00:21:53] 🔄 Identity reset
[00:21:53] 🔄 Identity rotated (every 10 requests)
[00:21:53] [296/459] ANAN
[00:21:54] [297/459] INBP
[00:21:55] [298/459] PATB
[00:21:56] [299/459] RGNT
[00:21:56] [300/459] CGPM
[00:21:57] [301/459] INTN
[00:21:58] [302/459] MCMP
[00:22:00] [303/459] ASRG
[00:22:00] [304/459] CXJD
[00:22:01] [305/459] SPCP
[00:22:02] 🔄 Identity reset
[00:22:02] 🔄 Identity rotated (every 10 requests)
[00:22:02] [306/459] CSTP
[00:22:03] [307/459] PKVC
[00:22:04] [308/459] ESCP
[00:22:05] [309/459] CAEP
[00:22:05] [310/459] CCSP
[00:22:06] [311/459] KTPC
[00:22:07] [312/459] DACA
[00:22:08] [313/459] NVKY
[00:22:09] [314/459] PTIN
[00:22:09] [315/459] SCIN
[00:22:10] 🔄 Identity reset
[00:22:10] 🔄 Identity rotated (every 10 requests)
[00:22:10] [316/459] MCTY
[00:22:11] [317/459] PCMX
[00:22:12] [318/459] INIC
[00:22:13] [319/459] MMZM
[00:22:14] [320/459] SSLP
[00:22:14] [321/459] DTDT
[00:22:15] [322/459] FFCX
[00:22:16] [323/459] RCMM
[00:22:17] [324/459] KYID
[00:22:18] [325/459] CSCI
[00:22:18] 🔄 Identity reset
[00:22:18] 🔄 Identity rotated (every 10 requests)
[00:22:18] 🔄 Retry 1/5 for CSCI in 2.4s
[00:22:18] 🔄 Identity reset
[00:22:21] 🧠 New identity created
[00:22:21] [326/459] FCMC
[00:22:22] [327/459] MMXI
[00:22:23] [328/459] ASTC
[00:22:23] [329/459] CMRA
[00:22:24] [330/459] DICI
[00:22:25] [331/459] KDIN
[00:22:26] [332/459] PRFI
[00:22:27] [333/459] SVFC
[00:22:27] [334/459] UCPL
[00:22:28] 🔄 Identity reset
[00:22:28] 🔄 Identity rotated (every 10 requests)
[00:22:28] [335/459] COOC
[00:22:29] [336/459] SCAL
[00:22:30] [337/459] SVFF
[00:22:31] [338/459] VCMG
[00:22:32] [339/459] UUCT
[00:22:33] [340/459] GCSE
[00:22:33] [341/459] SUSC
[00:22:34] [342/459] MISC
[00:22:35] [343/459] RMBL
[00:22:36] [344/459] CMXN
[00:22:36] 🔄 Identity reset
[00:22:36] 🔄 Identity rotated (every 10 requests)
[00:22:37] [345/459] PVBK
[00:22:37] [346/459] HHCG
[00:22:38] [347/459] SCAG
[00:22:39] [348/459] CNPR
[00:22:40] [349/459] CSER
[00:22:40] [350/459] HLWD
[00:22:41] [351/459] BOLY
[00:22:42] [352/459] SSPG
[00:22:43] [353/459] MUPX
[00:22:43] [354/459] HAMR
[00:22:44] 🔄 Identity reset
[00:22:44] 🔄 Identity rotated (every 10 requests)
[00:22:44] [355/459] SDNC
[00:22:45] [356/459] RTEN
[00:22:46] [357/459] SDTD
[00:22:47] [358/459] KAWS
[00:22:48] [359/459] CMZX
[00:22:48] [360/459] DCDD
[00:22:49] [361/459] ALSN
[00:22:50] [362/459] IMXS
[00:22:51] [363/459] PVFF
[00:22:52] [364/459] PVOO
[00:22:52] 🔄 Identity reset
[00:22:52] 🔄 Identity rotated (every 10 requests)
[00:22:53] 🔄 Retry 1/5 for PVOO in 2.2s
[00:22:53] 🔄 Identity reset
[00:22:55] 🧠 New identity created
[00:22:55] [365/459] CFBS
[00:22:56] [366/459] PVER
[00:22:57] [367/459] PPNX
[00:22:58] [368/459] CNRM
[00:22:58] [369/459] PVWW
[00:22:59] [370/459] INMB
[00:23:00] [371/459] CPJR
[00:23:01] [372/459] INRZ
[00:23:02] [373/459] PMSR
[00:23:02] 🔄 Identity reset
[00:23:02] 🔄 Identity rotated (every 10 requests)
[00:23:02] 🔄 Retry 1/5 for PMSR in 2.5s
[00:23:02] 🔄 Identity reset
[00:23:05] 🧠 New identity created
[00:23:05] [374/459] GPGM
[00:23:07] [375/459] PGWB
[00:23:07] [376/459] PMBR
[00:23:08] [377/459] GPAM
[00:23:10] [378/459] INBC
[00:23:11] [379/459] PZVK
[00:23:12] [380/459] CPEB
[00:23:13] [381/459] FMLB
[00:23:14] [382/459] INBG
[00:23:14] 🔄 Identity reset
[00:23:14] 🔄 Identity rotated (every 10 requests)
[00:23:14] [383/459] GPBR
[00:23:15] [384/459] PAAS
[00:23:16] [385/459] VTBR
[00:23:17] [386/459] GPMY
[00:23:18] [387/459] GYBU
[00:23:18] [388/459] INBJ
[00:23:19] [389/459] LKTH
[00:23:20] [390/459] NSBR
[00:23:20] [391/459] PDRD
[00:23:21] [392/459] VRBL
[00:23:22] 🔄 Identity reset
[00:23:22] 🔄 Identity rotated (every 10 requests)
[00:23:22] [393/459] VTGB
[00:23:23] [394/459] VTSK
[00:23:24] [395/459] BKDV
[00:23:25] [396/459] SVTB
[00:23:26] [397/459] MLDT
[00:23:26] [398/459] NRBL
[00:23:27] [399/459] SLTR
[00:23:28] [400/459] VNKA
[00:23:29] [401/459] TDCA
[00:23:30] [402/459] INBM
[00:23:30] 🔄 Identity reset
[00:23:30] 🔄 Identity rotated (every 10 requests)
[00:23:30] [403/459] SSNR
[00:23:31] [404/459] BHAC
[00:23:32] [405/459] SDSD
[00:23:33] [406/459] SAMP
[00:23:34] [407/459] RATK
[00:23:34] [408/459] KCBI
[00:23:35] [409/459] URBL
[00:23:36] [410/459] MKBG
[00:23:38] [411/459] ASTB
[00:23:38] [412/459] VBWT
[00:23:39] 🔄 Identity reset
[00:23:39] 🔄 Identity rotated (every 10 requests)
[00:23:39] [413/459] GPSM
[00:23:40] [414/459] ROON
[00:23:41] [415/459] CHTH
[00:23:42] [416/459] SSPA
[00:23:43] [417/459] ANBL
[00:23:44] [418/459] VTBE
[00:23:45] [419/459] SVKT
[00:23:46] [420/459] SVYK
[00:23:47] [421/459] PTBK
[00:23:48] [422/459] RKTB
[00:23:48] 🔄 Identity reset
[00:23:48] 🔄 Identity rotated (every 10 requests)
[00:23:49] [423/459] BALT
[00:23:49] [424/459] STSV
[00:23:50] [425/459] VCCB
[00:23:51] [426/459] SLTB
[00:23:52] [427/459] SBCR
[00:23:52] [428/459] VDCS
[00:23:53] [429/459] MDKI
[00:23:54] [430/459] SMRN
[00:23:55] [431/459] PTBC
[00:23:56] [432/459] RADI
[00:23:57] 🔄 Identity reset
[00:23:57] 🔄 Identity rotated (every 10 requests)
[00:23:57] [433/459] ADCR
[00:23:58] [434/459] SDCS
[00:23:59] [435/459] SRPJ
[00:24:00] [436/459] ARTS
[00:24:01] [437/459] SRHK
[00:24:01] [438/459] SPAY
[00:24:02] [439/459] GPTB
[00:24:03] [440/459] SNNN
[00:24:04] [441/459] BALJ
[00:24:04] [442/459] TRIG
[00:24:05] 🔄 Identity reset
[00:24:05] 🔄 Identity rotated (every 10 requests)
[00:24:05] [443/459] GTYT
[00:24:06] [444/459] ATGN
[00:24:07] [445/459] ANTE
[00:24:08] [446/459] BDCG
[00:24:09] [447/459] VECI
[00:24:09] [448/459] SCPR
[00:24:10] [449/459] RTEA
[00:24:11] [450/459] JSAI
[00:24:12] [451/459] VJTP
[00:24:13] [452/459] GNDS
[00:24:13] 🔄 Identity reset
[00:24:13] 🔄 Identity rotated (every 10 requests)
[00:24:13] 🔄 Retry 1/5 for GNDS in 3.0s
[00:24:13] 🔄 Identity reset
[00:24:16] 🧠 New identity created
[00:24:17] [453/459] PAXA
[00:24:18] [454/459] CGGM
[00:24:19] [455/459] ACKZ
[00:24:19] [456/459] EMCC
[00:24:20] [457/459] KLSK
[00:24:21] [458/459] AVCK
[00:24:22] [459/459] JTCK
[00:24:23] ✅ DONE | Shows=1 | Movies=1
