[00:17:33] 🚀 BMS DAILY TRACKER STARTED (enhanced anti‑detection)
[00:17:33] [1/456] FNDB
[00:17:33] 🧠 New identity created
[00:17:34] [2/456] AMBH
[00:17:35] [3/456] PRHN
[00:17:37] [4/456] ACPM
[00:17:38] [5/456] PVFS
[00:17:39] [6/456] AACN
[00:17:39] [7/456] ACAS
[00:17:40] [8/456] CTNR
[00:17:41] [9/456] MMAH
[00:17:42] [10/456] CPMH
[00:17:43] 🔄 Identity reset
[00:17:43] 🔄 Identity rotated (every 10 requests)
[00:17:43] [11/456] IGMH
[00:17:44] [12/456] ABCS
[00:17:45] [13/456] CMMA
[00:17:45] [14/456] GPRH
[00:17:46] [15/456] PNNG
[00:17:47] [16/456] AMCA
[00:17:48] [17/456] ISTN
[00:17:49] [18/456] PIIC
[00:17:50] [19/456] AHMH
[00:17:51] [20/456] ASHN
[00:17:51] 🔄 Identity reset
[00:17:51] 🔄 Identity rotated (every 10 requests)
[00:17:52] [21/456] INHY
[00:17:53] [22/456] SRMO
[00:17:54] [23/456] PIMH
[00:17:56] [24/456] PVTS
[00:17:57] [25/456] MMCA
[00:17:59] [26/456] AKYJ
[00:17:59] [27/456] BRKH
[00:18:00] [28/456] MAHM
[00:18:01] [29/456] CPHY
[00:18:02] [30/456] PVTP
[00:18:02] 🔄 Identity reset
[00:18:02] 🔄 Identity rotated (every 10 requests)
[00:18:03] [31/456] SMMR
[00:18:04] [32/456] PVHM
[00:18:04] [33/456] SNDY
[00:18:05] [34/456] GOKU
[00:18:06] [35/456] ACEV
[00:18:08] [36/456] PVUM
[00:18:09] [37/456] VSWA
[00:18:10] [38/456] IPRS
[00:18:11] [39/456] BKMV
[00:18:12] [40/456] PVYH
[00:18:13] 🔄 Identity reset
[00:18:13] 🔄 Identity rotated (every 10 requests)
[00:18:13] 🔄 Retry 1/5 for PVYH in 2.7s
[00:18:13] 🔄 Identity reset
[00:18:15] 🧠 New identity created
[00:18:16] [41/456] INKM
[00:18:17] [42/456] ARJU
[00:18:17] [43/456] JJPP
[00:18:18] [44/456] SSRM
[00:18:19] [45/456] HMHD
[00:18:20] [46/456] SNKH
[00:18:21] [47/456] ACHI
[00:18:22] [48/456] MRAA
[00:18:23] [49/456] INMH
[00:18:23] 🔄 Identity reset
[00:18:23] 🔄 Identity rotated (every 10 requests)
[00:18:24] [50/456] ARMH
[00:18:24] [51/456] DVRR
[00:18:25] [52/456] SUDA
[00:18:26] [53/456] MCSS
[00:18:27] [54/456] VRKC
[00:18:28] [55/456] PRCX
[00:18:29] [56/456] ASJY
[00:18:30] [57/456] MTHY
[00:18:31] [58/456] SRCM
[00:18:32] [59/456] TVHY
[00:18:32] 🔄 Identity reset
[00:18:32] 🔄 Identity rotated (every 10 requests)
[00:18:33] [60/456] STHD
[00:18:34] [61/456] CPCL
[00:18:35] [62/456] PSMJ
[00:18:36] [63/456] MRGT
[00:18:37] [64/456] ARYH
[00:18:37] [65/456] VTRB
[00:18:38] [66/456] SCHC
[00:18:39] [67/456] MRRG
[00:18:40] [68/456] SPCB
[00:18:41] [69/456] AMCM
[00:18:41] 🔄 Identity reset
[00:18:41] 🔄 Identity rotated (every 10 requests)
[00:18:42] 🔄 Retry 1/5 for AMCM in 2.7s
[00:18:42] 🔄 Identity reset
[00:18:44] 🧠 New identity created
[00:18:44] 🔄 Retry 2/5 for AMCM in 4.4s
[00:18:44] 🔄 Identity reset
[00:18:49] 🧠 New identity created
[00:18:50] [70/456] IVNM
[00:18:51] [71/456] TRHY
[00:18:51] [72/456] PTTH
[00:18:52] [73/456] RKMH
[00:18:53] [74/456] PRCS
[00:18:54] [75/456] VAJA
[00:18:55] [76/456] BJNG
[00:18:56] [77/456] SCVM
[00:18:57] 🔄 Identity reset
[00:18:57] 🔄 Identity rotated (every 10 requests)
[00:18:57] [78/456] GNHB
[00:18:58] [79/456] TLUR
[00:18:59] [80/456] UKCC
[00:19:01] [81/456] SRKR
[00:19:02] [82/456] RMKN
[00:19:04] [83/456] SLRT
[00:19:05] [84/456] LKMT
[00:19:05] [85/456] SSRJ
[00:19:06] [86/456] SPHT
[00:19:07] [87/456] ANTT
[00:19:08] 🔄 Identity reset
[00:19:08] 🔄 Identity rotated (every 10 requests)
[00:19:08] [88/456] SRCH
[00:19:09] [89/456] SRCA
[00:19:10] [90/456] ARTH
[00:19:11] [91/456] MCBH
[00:19:12] [92/456] SNIB
[00:19:13] [93/456] SART
[00:19:14] [94/456] SKTA
[00:19:15] [95/456] YAKT
[00:19:15] [96/456] MLCK
[00:19:16] [97/456] ANTS
[00:19:17] 🔄 Identity reset
[00:19:17] 🔄 Identity rotated (every 10 requests)
[00:19:17] [98/456] DGCA
[00:19:18] [99/456] SGMP
[00:19:19] [100/456] ASWN
[00:19:20] [101/456] KFVU
[00:19:21] [102/456] POOR
[00:19:23] [103/456] GKDN
[00:19:24] [104/456] EOSE
[00:19:24] [105/456] GTTT
[00:19:25] [106/456] ARRO
[00:19:26] [107/456] CMMK
[00:19:27] 🔄 Identity reset
[00:19:27] 🔄 Identity rotated (every 10 requests)
[00:19:27] [108/456] MSCN
[00:19:28] [109/456] GDKH
[00:19:29] [110/456] DLMT
[00:19:30] [111/456] PVMF
[00:19:31] [112/456] CPCK
[00:19:32] [113/456] VMHE
[00:19:33] [114/456] PVLC
[00:19:34] [115/456] PCVB
[00:19:35] [116/456] SNYK
[00:19:36] [117/456] KTEK
[00:19:37] 🔄 Identity reset
[00:19:37] 🔄 Identity rotated (every 10 requests)
[00:19:37] [118/456] PCNM
[00:19:38] [119/456] NTTR
[00:19:39] [120/456] CPSK
[00:19:40] [121/456] JMMA
[00:19:41] [122/456] GCFK
[00:19:42] [123/456] MYCA
[00:19:43] [124/456] KSNP
[00:19:44] [125/456] PMCE
[00:19:45] [126/456] SCKI
[00:19:46] [127/456] FSMA
[00:19:46] 🔄 Identity reset
[00:19:46] 🔄 Identity rotated (every 10 requests)
[00:19:47] [128/456] CETA
[00:19:47] [129/456] MCIK
[00:19:48] [130/456] MYCR
[00:19:50] [131/456] EVMP
[00:19:51] [132/456] SSGT
[00:19:52] [133/456] KCTK
[00:19:53] [134/456] ZTKC
[00:19:53] [135/456] MMTA
[00:19:54] [136/456] MAJT
[00:19:55] [137/456] ACPK
[00:19:56] 🔄 Identity reset
[00:19:56] 🔄 Identity rotated (every 10 requests)
[00:19:56] [138/456] JMAX
[00:19:57] [139/456] SETK
[00:19:58] [140/456] CAIS
[00:19:59] [141/456] AGCD
[00:20:00] [142/456] URCL
[00:20:01] [143/456] VTDS
[00:20:02] [144/456] JCNM
[00:20:03] [145/456] KCAM
[00:20:04] [146/456] ADCU
[00:20:06] [147/456] GXYN
[00:20:07] 🔄 Identity reset
[00:20:07] 🔄 Identity rotated (every 10 requests)
[00:20:07] [148/456] SMJG
[00:20:08] [149/456] EYCJ
[00:20:09] [150/456] CCEJ
[00:20:10] [151/456] MARS
[00:20:11] [152/456] CPVJ
[00:20:12] [153/456] INVP
[00:20:13] [154/456] CPOV
[00:20:14] [155/456] VIJK
[00:20:15] [156/456] LAIM
[00:20:16] [157/456] STHV
[00:20:16] 🔄 Identity reset
[00:20:16] 🔄 Identity rotated (every 10 requests)
[00:20:17] [158/456] SVLJ
[00:20:18] [159/456] ATVJ
[00:20:19] [160/456] JTSC
[00:20:20] [161/456] RMTV
[00:20:21] [162/456] MGGG
[00:20:21] [163/456] SWTH
[00:20:22] [164/456] INVJ
[00:20:23] [165/456] PRSV
[00:20:24] [166/456] JATV
[00:20:25] [167/456] RCVD
[00:20:26] 🔄 Identity reset
[00:20:26] 🔄 Identity rotated (every 10 requests)
[00:20:26] [168/456] BDMA
[00:20:27] [169/456] BLJI
[00:20:28] [170/456] SWOT
[00:20:29] [171/456] SWRN
[00:20:30] [172/456] TVRA
[00:20:31] [173/456] NVRN
[00:20:31] [174/456] SIKC
[00:20:32] [175/456] VAKR
[00:20:33] [176/456] SYLN
[00:20:34] [177/456] KLJL
[00:20:35] 🔄 Identity reset
[00:20:35] 🔄 Identity rotated (every 10 requests)
[00:20:35] 🔄 Retry 1/5 for KLJL in 2.4s
[00:20:35] 🔄 Identity reset
[00:20:37] 🧠 New identity created
[00:20:37] [178/456] LKMY
[00:20:38] [179/456] VSLY
[00:20:39] [180/456] CIKO
[00:20:40] [181/456] GPBG
[00:20:41] [182/456] CECM
[00:20:42] [183/456] SLKB
[00:20:43] [184/456] MTBO
[00:20:43] [185/456] SSHB
[00:20:44] [186/456] VPCS
[00:20:45] 🔄 Identity reset
[00:20:45] 🔄 Identity rotated (every 10 requests)
[00:20:45] [187/456] RCSR
[00:20:46] [188/456] RJRM
[00:20:47] [189/456] KPPB
[00:20:48] [190/456] SEDC
[00:20:49] [191/456] SCAI
[00:20:50] [192/456] RMTR
[00:20:51] [193/456] ASST
[00:20:51] [194/456] GCAK
[00:20:52] [195/456] ANNK
[00:20:54] [196/456] KDDF
[00:20:54] 🔄 Identity reset
[00:20:54] 🔄 Identity rotated (every 10 requests)
[00:20:54] 🔄 Retry 1/5 for KDDF in 2.2s
[00:20:54] 🔄 Identity reset
[00:20:57] 🧠 New identity created
[00:20:57] 🔄 Retry 2/5 for KDDF in 4.5s
[00:20:57] 🔄 Identity reset
[00:21:01] 🧠 New identity created
[00:21:02] [197/456] NRDP
[00:21:03] [198/456] PLAK
[00:21:03] [199/456] GCMC
[00:21:04] [200/456] ALPY
[00:21:05] [201/456] SICE
[00:21:06] [202/456] SISR
[00:21:07] [203/456] SRPZ
[00:21:08] [204/456] SRSW
[00:21:09] 🔄 Identity reset
[00:21:09] 🔄 Identity rotated (every 10 requests)
[00:21:09] [205/456] SUYA
[00:21:10] [206/456] AMMT
[00:21:11] [207/456] BHCU
[00:21:12] [208/456] KLPA
[00:21:13] [209/456] NVKH
[00:21:14] [210/456] JMRC
[00:21:15] [211/456] KTTT
[00:21:16] [212/456] MAGH
[00:21:17] [213/456] MMMX
[00:21:18] [214/456] SALJ
[00:21:19] 🔄 Identity reset
[00:21:19] 🔄 Identity rotated (every 10 requests)
[00:21:19] [215/456] GTJA
[00:21:20] [216/456] MAHT
[00:21:21] [217/456] SSNN
[00:21:21] [218/456] ARRP
[00:21:22] [219/456] ATNS
[00:21:23] [220/456] SKDT
[00:21:24] [221/456] ACAT
[00:21:25] [222/456] APRC
[00:21:26] [223/456] SWAG
[00:21:27] [224/456] SDPT
[00:21:27] 🔄 Identity reset
[00:21:27] 🔄 Identity rotated (every 10 requests)
[00:21:28] [225/456] STPS
[00:21:29] [226/456] WWCZ
[00:21:30] [227/456] LLCH
[00:21:31] [228/456] MZHA
[00:21:32] [229/456] CRJG
[00:21:33] [230/456] JGTK
[00:21:34] [231/456] KCSR
[00:21:34] [232/456] CHTL
[00:21:35] [233/456] EDSR
[00:21:36] [234/456] CSWO
[00:21:37] 🔄 Identity reset
[00:21:37] 🔄 Identity rotated (every 10 requests)
[00:21:37] [235/456] CPVM
[00:21:38] [236/456] MXBY
[00:21:39] [237/456] FMMA
[00:21:41] [238/456] POVI
[00:21:42] [239/456] MTHB
[00:21:42] [240/456] INRC
[00:21:43] [241/456] PIPP
[00:21:44] [242/456] BMXC
[00:21:45] [243/456] PCMM
[00:21:46] [244/456] PMKM
[00:21:46] 🔄 Identity reset
[00:21:46] 🔄 Identity rotated (every 10 requests)
[00:21:47] [245/456] GATY
[00:21:48] [246/456] IMCM
[00:21:49] [247/456] POPE
[00:21:50] [248/456] MTCR
[00:21:51] [249/456] PVAE
[00:21:52] [250/456] PVMI
[00:21:53] [251/456] CPNM
[00:21:54] [252/456] FMRL
[00:21:55] [253/456] MCIW
[00:21:56] [254/456] MXBO
[00:21:57] 🔄 Identity reset
[00:21:57] 🔄 Identity rotated (every 10 requests)
[00:21:57] [255/456] FMKY
[00:21:58] [256/456] FMDA
[00:21:59] [257/456] THAB
[00:22:00] [258/456] PRCW
[00:22:01] [259/456] PITI
[00:22:01] [260/456] MCFF
[00:22:03] [261/456] PDDV
[00:22:04] [262/456] MCRM
[00:22:05] [263/456] KKMB
[00:22:06] [264/456] INKO
[00:22:06] 🔄 Identity reset
[00:22:06] 🔄 Identity rotated (every 10 requests)
[00:22:07] [265/456] PLXP
[00:22:07] [266/456] MMHA
[00:22:08] [267/456] FMVS
[00:22:09] [268/456] POLM
[00:22:10] [269/456] STER
[00:22:11] [270/456] PVWJ
[00:22:12] [271/456] IMJW
[00:22:13] [272/456] FNAN
[00:22:14] [273/456] CAGL
[00:22:14] [274/456] IPBG
[00:22:15] 🔄 Identity reset
[00:22:15] 🔄 Identity rotated (every 10 requests)
[00:22:15] 🔄 Retry 1/5 for IPBG in 2.8s
[00:22:15] 🔄 Identity reset
[00:22:18] 🧠 New identity created
[00:22:18] [275/456] SMFV
[00:22:19] [276/456] MMMR
[00:22:20] [277/456] MMWM
[00:22:21] [278/456] FNCM
[00:22:22] [279/456] MDVA
[00:22:23] [280/456] MMET
[00:22:23] [281/456] MIDO
[00:22:24] [282/456] INNP
[00:22:25] [283/456] MIFU
[00:22:26] 🔄 Identity reset
[00:22:26] 🔄 Identity rotated (every 10 requests)
[00:22:26] [284/456] MMSZ
[00:22:27] [285/456] BMXA
[00:22:28] [286/456] MCAA
[00:22:29] [287/456] SCVP
[00:22:30] [288/456] PLUS
[00:22:31] [289/456] MUCK
[00:22:32] [290/456] MTMA
[00:22:33] [291/456] HPVR
[00:22:34] [292/456] PMPK
[00:22:35] [293/456] MAJB
[00:22:35] 🔄 Identity reset
[00:22:35] 🔄 Identity rotated (every 10 requests)
[00:22:36] [294/456] CTRR
[00:22:37] [295/456] MCTG
[00:22:38] [296/456] MACE
[00:22:38] [297/456] AAAS
[00:22:39] [298/456] CPVV
[00:22:40] [299/456] RCHG
[00:22:42] [300/456] MCNE
[00:22:43] [301/456] EMNC
[00:22:44] [302/456] MCAN
[00:22:45] [303/456] TCDM
[00:22:45] 🔄 Identity reset
[00:22:45] 🔄 Identity rotated (every 10 requests)
[00:22:45] 🔄 Retry 1/5 for TCDM in 2.6s
[00:22:45] 🔄 Identity reset
[00:22:48] 🧠 New identity created
[00:22:48] [304/456] IRGT
[00:22:49] [305/456] GCMG
[00:22:50] [306/456] MXSN
[00:22:51] [307/456] MXCK
[00:22:52] [308/456] MCRC
[00:22:53] [309/456] RSMI
[00:22:54] [310/456] WAML
[00:22:55] [311/456] MTSC
[00:22:56] [312/456] FMDR
[00:22:56] 🔄 Identity reset
[00:22:56] 🔄 Identity rotated (every 10 requests)
[00:22:57] [313/456] LEPV
[00:22:58] [314/456] MTGD
[00:22:59] [315/456] IMOB
[00:22:59] [316/456] CLMM
[00:23:00] [317/456] PZCD
[00:23:01] [318/456] GOCS
[00:23:02] [319/456] KCMA
[00:23:03] [320/456] CCMP
[00:23:04] [321/456] MTSU
[00:23:05] [322/456] SNGL
[00:23:05] 🔄 Identity reset
[00:23:05] 🔄 Identity rotated (every 10 requests)
[00:23:07] [323/456] MMMC
[00:23:07] [324/456] MMAA
[00:23:08] [325/456] GCDM
[00:23:09] [326/456] KTMV
[00:23:10] [327/456] AETE
[00:23:12] [328/456] OMCS
[00:23:12] [329/456] GDCD
[00:23:13] [330/456] NYMD
[00:23:14] [331/456] RNCV
[00:23:15] [332/456] KKMT
[00:23:16] 🔄 Identity reset
[00:23:16] 🔄 Identity rotated (every 10 requests)
[00:23:16] [333/456] GDTH
[00:23:17] [334/456] KMMV
[00:23:18] [335/456] NHCG
[00:23:19] [336/456] PJDW
[00:23:20] [337/456] MMCV
[00:23:21] [338/456] FQSA
[00:23:22] [339/456] KURL
[00:23:22] [340/456] NNNX
[00:23:23] [341/456] AMAU
[00:23:24] [342/456] VVVM
[00:23:25] 🔄 Identity reset
[00:23:25] 🔄 Identity rotated (every 10 requests)
[00:23:25] [343/456] VECU
[00:23:26] [344/456] WCVR
[00:23:27] [345/456] MTGG
[00:23:28] [346/456] SGTG
[00:23:29] [347/456] MNTG
[00:23:30] [348/456] JDDG
[00:23:30] [349/456] MBTK
[00:23:31] [350/456] SGCD
[00:23:32] [351/456] MCTC
[00:23:33] [352/456] JTPC
[00:23:34] 🔄 Identity reset
[00:23:34] 🔄 Identity rotated (every 10 requests)
[00:23:34] [353/456] SDKT
[00:23:35] [354/456] KRCC
[00:23:36] [355/456] RMMD
[00:23:37] [356/456] AAME
[00:23:38] [357/456] TMWC
[00:23:39] [358/456] NRWY
[00:23:40] [359/456] CITD
[00:23:40] [360/456] VERD
[00:23:41] [361/456] MKSK
[00:23:43] [362/456] STSM
[00:23:44] 🔄 Identity reset
[00:23:44] 🔄 Identity rotated (every 10 requests)
[00:23:44] [363/456] MJDG
[00:23:45] [364/456] RKPM
[00:23:46] [365/456] SSCE
[00:23:46] [366/456] VMAE
[00:23:47] [367/456] SBRU
[00:23:48] [368/456] AMBC
[00:23:49] [369/456] AMLU
[00:23:50] [370/456] INVZ
[00:23:50] [371/456] LGTV
[00:23:51] [372/456] SVAD
[00:23:52] 🔄 Identity reset
[00:23:52] 🔄 Identity rotated (every 10 requests)
[00:23:52] [373/456] SMSA
[00:23:53] [374/456] SPCZ
[00:23:54] [375/456] GTCX
[00:23:56] [376/456] SCSL
[00:23:57] [377/456] SAHU
[00:23:58] [378/456] NCDA
[00:23:58] [379/456] SCCG
[00:23:59] [380/456] VKTL
[00:24:00] [381/456] PUUJ
[00:24:01] [382/456] STEJ
[00:24:02] 🔄 Identity reset
[00:24:02] 🔄 Identity rotated (every 10 requests)
[00:24:02] [383/456] RJAL
[00:24:03] [384/456] ACJC
[00:24:04] [385/456] ARVB
[00:24:05] [386/456] AUBB
[00:24:06] [387/456] GDBR
[00:24:07] [388/456] PVND
[00:24:08] [389/456] BGRJ
[00:24:09] [390/456] RJMM
[00:24:10] [391/456] MCSA
[00:24:11] [392/456] BODA
[00:24:11] 🔄 Identity reset
[00:24:11] 🔄 Identity rotated (every 10 requests)
[00:24:12] [393/456] JAGG
[00:24:13] [394/456] SCGA
[00:24:14] [395/456] LRCM
[00:24:14] [396/456] CPCN
[00:24:15] [397/456] SSTF
[00:24:16] [398/456] SRXP
[00:24:17] [399/456] CNFX
[00:24:18] [400/456] ANDI
[00:24:19] [401/456] SYEW
[00:24:20] [402/456] RCRE
[00:24:20] 🔄 Identity reset
[00:24:20] 🔄 Identity rotated (every 10 requests)
[00:24:21] [403/456] SCRW
[00:24:22] [404/456] MBKR
[00:24:23] [405/456] ASNT
[00:24:24] [406/456] JTMT
[00:24:25] [407/456] SHAY
[00:24:26] [408/456] VRTH
[00:24:27] [409/456] SPTI
[00:24:28] [410/456] DPTD
[00:24:29] [411/456] TGSN
[00:24:29] [412/456] RCWV
[00:24:30] 🔄 Identity reset
[00:24:30] 🔄 Identity rotated (every 10 requests)
[00:24:31] [413/456] OCUR
[00:24:32] [414/456] KSTC
[00:24:32] [415/456] SANI
[00:24:33] [416/456] MLCA
[00:24:34] [417/456] EGCA
[00:24:35] [418/456] SYSN
[00:24:36] [419/456] PKTA
[00:24:37] [420/456] PRCC
[00:24:38] [421/456] KSTR
[00:24:39] [422/456] SNTP
[00:24:39] 🔄 Identity reset
[00:24:40] 🔄 Identity rotated (every 10 requests)
[00:24:40] [423/456] RCHA
[00:24:41] [424/456] SEEA
[00:24:42] [425/456] ALAT
[00:24:43] [426/456] AATV
[00:24:44] [427/456] RJTE
[00:24:44] [428/456] AAPP
[00:24:45] [429/456] PMMH
[00:24:46] [430/456] INRJ
[00:24:47] [431/456] SARB
[00:24:48] [432/456] PCJL
[00:24:49] 🔄 Identity reset
[00:24:49] 🔄 Identity rotated (every 10 requests)
[00:24:49] [433/456] PFJJ
[00:24:50] [434/456] GRDC
[00:24:51] [435/456] BCBA
[00:24:52] [436/456] VIXL
[00:24:53] [437/456] CSTL
[00:24:53] [438/456] MTDK
[00:24:54] [439/456] TDAC
[00:24:56] [440/456] GTDN
[00:24:57] [441/456] TTDE
[00:24:58] [442/456] ASTS
[00:24:59] 🔄 Identity reset
[00:24:59] 🔄 Identity rotated (every 10 requests)
[00:24:59] [443/456] CPNS
[00:25:00] [444/456] PVVW
[00:25:02] [445/456] USEB
[00:25:02] [446/456] DTYN
[00:25:03] [447/456] PVLE
[00:25:04] [448/456] CIPS
[00:25:05] [449/456] PAEG
[00:25:06] [450/456] PTCW
[00:25:07] [451/456] G3SR
[00:25:08] [452/456] PGND
[00:25:09] 🔄 Identity reset
[00:25:09] 🔄 Identity rotated (every 10 requests)
[00:25:09] [453/456] INVM
[00:25:10] [454/456] SPIA
[00:25:12] [455/456] PCSN
[00:25:13] [456/456] PPGV
[00:25:13] ✅ DONE | Shows=0 | Movies=0
[01:17:29] 🚀 BMS DAILY TRACKER STARTED (enhanced anti‑detection)
[01:17:29] [1/456] FNDB
[01:17:29] 🧠 New identity created
[01:17:30] [2/456] AMBH
[01:17:30] [3/456] PRHN
[01:17:31] [4/456] ACPM
[01:17:32] [5/456] PVFS
[01:17:33] [6/456] AACN
[01:17:34] [7/456] ACAS
[01:17:34] [8/456] CTNR
[01:17:35] [9/456] MMAH
[01:17:36] [10/456] CPMH
[01:17:36] 🔄 Identity reset
[01:17:37] 🔄 Identity rotated (every 10 requests)
[01:17:37] [11/456] IGMH
[01:17:38] [12/456] ABCS
[01:17:38] [13/456] CMMA
[01:17:39] [14/456] GPRH
[01:17:40] [15/456] PNNG
[01:17:41] [16/456] AMCA
[01:17:42] [17/456] ISTN
[01:17:43] [18/456] PIIC
[01:17:44] [19/456] AHMH
[01:17:45] [20/456] ASHN
[01:17:45] 🔄 Identity reset
[01:17:45] 🔄 Identity rotated (every 10 requests)
[01:17:46] [21/456] INHY
[01:17:47] [22/456] SRMO
[01:17:48] [23/456] PIMH
[01:17:49] [24/456] PVTS
[01:17:50] [25/456] MMCA
[01:17:50] [26/456] AKYJ
[01:17:51] [27/456] BRKH
[01:17:52] [28/456] MAHM
[01:17:54] [29/456] CPHY
[01:17:54] [30/456] PVTP
[01:17:55] 🔄 Identity reset
[01:17:55] 🔄 Identity rotated (every 10 requests)
[01:17:55] [31/456] SMMR
[01:17:56] [32/456] PVHM
[01:17:57] [33/456] SNDY
[01:17:58] [34/456] GOKU
[01:17:59] [35/456] ACEV
[01:18:00] [36/456] PVUM
[01:18:01] [37/456] VSWA
[01:18:02] [38/456] IPRS
[01:18:03] [39/456] BKMV
[01:18:03] [40/456] PVYH
[01:18:04] 🔄 Identity reset
[01:18:04] 🔄 Identity rotated (every 10 requests)
[01:18:04] [41/456] INKM
[01:18:05] [42/456] ARJU
[01:18:06] [43/456] JJPP
[01:18:07] [44/456] SSRM
[01:18:08] [45/456] HMHD
[01:18:09] [46/456] SNKH
[01:18:10] [47/456] ACHI
[01:18:11] [48/456] MRAA
[01:18:12] [49/456] INMH
[01:18:13] [50/456] ARMH
[01:18:13] 🔄 Identity reset
[01:18:13] 🔄 Identity rotated (every 10 requests)
[01:18:13] 🔄 Retry 1/5 for ARMH in 2.1s
[01:18:13] 🔄 Identity reset
[01:18:15] 🧠 New identity created
[01:18:16] [51/456] DVRR
[01:18:16] [52/456] SUDA
[01:18:17] [53/456] MCSS
[01:18:18] [54/456] VRKC
[01:18:19] [55/456] PRCX
[01:18:20] [56/456] ASJY
[01:18:21] [57/456] MTHY
[01:18:22] [58/456] SRCM
[01:18:22] [59/456] TVHY
[01:18:23] 🔄 Identity reset
[01:18:23] 🔄 Identity rotated (every 10 requests)
[01:18:23] [60/456] STHD
[01:18:24] [61/456] CPCL
[01:18:25] [62/456] PSMJ
[01:18:26] [63/456] MRGT
[01:18:27] [64/456] ARYH
[01:18:28] [65/456] VTRB
[01:18:29] [66/456] SCHC
[01:18:30] [67/456] MRRG
[01:18:31] [68/456] SPCB
[01:18:32] [69/456] AMCM
[01:18:32] 🔄 Identity reset
[01:18:32] 🔄 Identity rotated (every 10 requests)
[01:18:32] 🔄 Retry 1/5 for AMCM in 2.0s
[01:18:32] 🔄 Identity reset
[01:18:34] 🧠 New identity created
[01:18:34] 🔄 Retry 2/5 for AMCM in 5.0s
[01:18:34] 🔄 Identity reset
[01:18:39] 🧠 New identity created
[01:18:40] [70/456] IVNM
[01:18:41] [71/456] TRHY
[01:18:41] [72/456] PTTH
[01:18:42] [73/456] RKMH
[01:18:43] [74/456] PRCS
[01:18:45] [75/456] VAJA
[01:18:45] [76/456] BJNG
[01:18:46] [77/456] SCVM
[01:18:47] 🔄 Identity reset
[01:18:47] 🔄 Identity rotated (every 10 requests)
[01:18:47] [78/456] GNHB
[01:18:48] [79/456] TLUR
[01:18:50] [80/456] UKCC
[01:18:51] [81/456] SRKR
[01:18:52] [82/456] RMKN
[01:18:53] [83/456] SLRT
[01:18:54] [84/456] LKMT
[01:18:54] [85/456] SSRJ
[01:18:56] [86/456] SPHT
[01:18:57] [87/456] ANTT
[01:18:57] 🔄 Identity reset
[01:18:57] 🔄 Identity rotated (every 10 requests)
[01:18:57] 🔄 Retry 1/5 for ANTT in 2.4s
[01:18:57] 🔄 Identity reset
[01:19:00] 🧠 New identity created
[01:19:00] [88/456] SRCH
[01:19:01] [89/456] SRCA
[01:19:02] [90/456] ARTH
[01:19:02] [91/456] MCBH
[01:19:04] [92/456] SNIB
[01:19:05] [93/456] SART
[01:19:06] [94/456] SKTA
[01:19:07] [95/456] YAKT
[01:19:08] [96/456] MLCK
[01:19:09] 🔄 Identity reset
[01:19:09] 🔄 Identity rotated (every 10 requests)
[01:19:09] 🔄 Retry 1/5 for MLCK in 2.1s
[01:19:09] 🔄 Identity reset
[01:19:11] 🧠 New identity created
[01:19:11] [97/456] ANTS
[01:19:12] [98/456] DGCA
[01:19:13] [99/456] SGMP
[01:19:14] [100/456] ASWN
[01:19:15] [101/456] KFVU
[01:19:15] [102/456] POOR
[01:19:16] [103/456] GKDN
[01:19:17] [104/456] EOSE
[01:19:18] [105/456] GTTT
[01:19:18] 🔄 Identity reset
[01:19:18] 🔄 Identity rotated (every 10 requests)
[01:19:19] [106/456] ARRO
[01:19:20] [107/456] CMMK
[01:19:20] [108/456] MSCN
[01:19:21] [109/456] GDKH
[01:19:22] [110/456] DLMT
[01:19:23] [111/456] PVMF
[01:19:24] [112/456] CPCK
[01:19:25] [113/456] VMHE
[01:19:26] [114/456] PVLC
[01:19:26] [115/456] PCVB
[01:19:27] 🔄 Identity reset
[01:19:27] 🔄 Identity rotated (every 10 requests)
[01:19:27] [116/456] SNYK
[01:19:28] [117/456] KTEK
[01:19:29] [118/456] PCNM
[01:19:30] [119/456] NTTR
[01:19:31] [120/456] CPSK
[01:19:32] [121/456] JMMA
[01:19:33] [122/456] GCFK
[01:19:34] [123/456] MYCA
[01:19:36] [124/456] KSNP
[01:19:37] [125/456] PMCE
[01:19:38] 🔄 Identity reset
[01:19:38] 🔄 Identity rotated (every 10 requests)
[01:19:38] [126/456] SCKI
[01:19:39] [127/456] FSMA
[01:19:40] [128/456] CETA
[01:19:41] [129/456] MCIK
[01:19:42] [130/456] MYCR
[01:19:43] [131/456] EVMP
[01:19:43] [132/456] SSGT
[01:19:44] [133/456] KCTK
[01:19:45] [134/456] ZTKC
[01:19:46] [135/456] MMTA
[01:19:47] 🔄 Identity reset
[01:19:47] 🔄 Identity rotated (every 10 requests)
[01:19:47] [136/456] MAJT
[01:19:48] [137/456] ACPK
[01:19:48] [138/456] JMAX
[01:19:49] [139/456] SETK
[01:19:50] [140/456] CAIS
[01:19:51] [141/456] AGCD
[01:19:52] [142/456] URCL
[01:19:53] [143/456] VTDS
[01:19:54] [144/456] JCNM
[01:19:55] [145/456] KCAM
[01:19:55] 🔄 Identity reset
[01:19:55] 🔄 Identity rotated (every 10 requests)
[01:19:56] [146/456] ADCU
[01:19:57] [147/456] GXYN
[01:19:58] [148/456] SMJG
[01:19:59] [149/456] EYCJ
[01:20:00] [150/456] CCEJ
[01:20:01] [151/456] MARS
[01:20:01] [152/456] CPVJ
[01:20:02] [153/456] INVP
[01:20:03] [154/456] CPOV
[01:20:04] [155/456] VIJK
[01:20:04] 🔄 Identity reset
[01:20:04] 🔄 Identity rotated (every 10 requests)
[01:20:04] [156/456] LAIM
[01:20:05] [157/456] STHV
[01:20:06] [158/456] SVLJ
[01:20:07] [159/456] ATVJ
[01:20:08] [160/456] JTSC
[01:20:09] [161/456] RMTV
[01:20:10] [162/456] MGGG
[01:20:10] [163/456] SWTH
[01:20:11] [164/456] INVJ
[01:20:12] [165/456] PRSV
[01:20:13] 🔄 Identity reset
[01:20:13] 🔄 Identity rotated (every 10 requests)
[01:20:13] [166/456] JATV
[01:20:14] [167/456] RCVD
[01:20:15] [168/456] BDMA
[01:20:16] [169/456] BLJI
[01:20:16] [170/456] SWOT
[01:20:17] [171/456] SWRN
[01:20:18] [172/456] TVRA
[01:20:19] [173/456] NVRN
[01:20:20] [174/456] SIKC
[01:20:20] [175/456] VAKR
[01:20:21] 🔄 Identity reset
[01:20:21] 🔄 Identity rotated (every 10 requests)
[01:20:22] [176/456] SYLN
[01:20:23] [177/456] KLJL
[01:20:24] [178/456] LKMY
[01:20:25] [179/456] VSLY
[01:20:25] [180/456] CIKO
[01:20:26] [181/456] GPBG
[01:20:27] [182/456] CECM
[01:20:28] [183/456] SLKB
[01:20:29] [184/456] MTBO
[01:20:29] [185/456] SSHB
[01:20:30] 🔄 Identity reset
[01:20:30] 🔄 Identity rotated (every 10 requests)
[01:20:30] [186/456] VPCS
[01:20:32] [187/456] RCSR
[01:20:33] [188/456] RJRM
[01:20:34] [189/456] KPPB
[01:20:35] [190/456] SEDC
[01:20:36] [191/456] SCAI
[01:20:37] [192/456] RMTR
[01:20:38] [193/456] ASST
[01:20:39] [194/456] GCAK
[01:20:40] [195/456] ANNK
[01:20:41] 🔄 Identity reset
[01:20:41] 🔄 Identity rotated (every 10 requests)
[01:20:41] [196/456] KDDF
[01:20:42] [197/456] NRDP
[01:20:43] [198/456] PLAK
[01:20:44] [199/456] GCMC
[01:20:45] [200/456] ALPY
[01:20:46] [201/456] SICE
[01:20:47] [202/456] SISR
[01:20:48] [203/456] SRPZ
[01:20:49] [204/456] SRSW
[01:20:51] [205/456] SUYA
[01:20:51] 🔄 Identity reset
[01:20:51] 🔄 Identity rotated (every 10 requests)
[01:20:51] 🔄 Retry 1/5 for SUYA in 2.7s
[01:20:51] 🔄 Identity reset
[01:20:54] 🧠 New identity created
[01:20:54] [206/456] AMMT
[01:20:55] [207/456] BHCU
[01:20:56] [208/456] KLPA
[01:20:57] [209/456] NVKH
[01:20:58] [210/456] JMRC
[01:20:58] [211/456] KTTT
[01:20:59] [212/456] MAGH
[01:21:00] [213/456] MMMX
[01:21:01] [214/456] SALJ
[01:21:01] 🔄 Identity reset
[01:21:01] 🔄 Identity rotated (every 10 requests)
[01:21:02] [215/456] GTJA
[01:21:02] [216/456] MAHT
[01:21:04] [217/456] SSNN
[01:21:04] [218/456] ARRP
[01:21:05] [219/456] ATNS
[01:21:06] [220/456] SKDT
[01:21:07] [221/456] ACAT
[01:21:08] [222/456] APRC
[01:21:08] [223/456] SWAG
[01:21:09] [224/456] SDPT
[01:21:10] 🔄 Identity reset
[01:21:10] 🔄 Identity rotated (every 10 requests)
[01:21:10] [225/456] STPS
[01:21:11] [226/456] WWCZ
[01:21:12] [227/456] LLCH
[01:21:13] [228/456] MZHA
[01:21:14] [229/456] CRJG
[01:21:15] [230/456] JGTK
[01:21:16] [231/456] KCSR
[01:21:17] [232/456] CHTL
[01:21:18] [233/456] EDSR
[01:21:19] [234/456] CSWO
[01:21:19] 🔄 Identity reset
[01:21:19] 🔄 Identity rotated (every 10 requests)
[01:21:19] [235/456] CPVM
[01:21:20] [236/456] MXBY
[01:21:22] [237/456] FMMA
[01:21:23] [238/456] POVI
[01:21:24] [239/456] MTHB
[01:21:25] [240/456] INRC
[01:21:26] [241/456] PIPP
[01:21:27] [242/456] BMXC
[01:21:28] [243/456] PCMM
[01:21:28] [244/456] PMKM
[01:21:29] 🔄 Identity reset
[01:21:29] 🔄 Identity rotated (every 10 requests)
[01:21:29] [245/456] GATY
[01:21:30] [246/456] IMCM
[01:21:31] [247/456] POPE
[01:21:32] [248/456] MTCR
[01:21:33] [249/456] PVAE
[01:21:34] [250/456] PVMI
[01:21:35] [251/456] CPNM
[01:21:36] [252/456] FMRL
[01:21:36] [253/456] MCIW
[01:21:37] [254/456] MXBO
[01:21:38] 🔄 Identity reset
[01:21:38] 🔄 Identity rotated (every 10 requests)
[01:21:38] [255/456] FMKY
[01:21:40] [256/456] FMDA
[01:21:40] [257/456] THAB
[01:21:41] [258/456] PRCW
[01:21:42] [259/456] PITI
[01:21:43] [260/456] MCFF
[01:21:44] [261/456] PDDV
[01:21:45] [262/456] MCRM
[01:21:46] [263/456] KKMB
[01:21:46] [264/456] INKO
[01:21:47] 🔄 Identity reset
[01:21:47] 🔄 Identity rotated (every 10 requests)
[01:21:47] [265/456] PLXP
[01:21:48] [266/456] MMHA
[01:21:49] [267/456] FMVS
[01:21:50] [268/456] POLM
[01:21:51] [269/456] STER
[01:21:52] [270/456] PVWJ
[01:21:53] [271/456] IMJW
[01:21:54] [272/456] FNAN
[01:21:56] [273/456] CAGL
[01:21:57] [274/456] IPBG
[01:21:57] 🔄 Identity reset
[01:21:57] 🔄 Identity rotated (every 10 requests)
[01:21:57] [275/456] SMFV
[01:21:59] [276/456] MMMR
[01:21:59] [277/456] MMWM
[01:22:00] [278/456] FNCM
[01:22:01] [279/456] MDVA
[01:22:02] [280/456] MMET
[01:22:03] [281/456] MIDO
[01:22:04] [282/456] INNP
[01:22:05] [283/456] MIFU
[01:22:06] [284/456] MMSZ
[01:22:06] 🔄 Identity reset
[01:22:06] 🔄 Identity rotated (every 10 requests)
[01:22:07] [285/456] BMXA
[01:22:08] [286/456] MCAA
[01:22:08] [287/456] SCVP
[01:22:09] [288/456] PLUS
[01:22:11] [289/456] MUCK
[01:22:12] [290/456] MTMA
[01:22:12] [291/456] HPVR
[01:22:14] [292/456] PMPK
[01:22:15] [293/456] MAJB
[01:22:16] [294/456] CTRR
[01:22:17] 🔄 Identity reset
[01:22:17] 🔄 Identity rotated (every 10 requests)
[01:22:17] [295/456] MCTG
[01:22:18] [296/456] MACE
[01:22:19] [297/456] AAAS
[01:22:20] [298/456] CPVV
[01:22:20] [299/456] RCHG
[01:22:21] [300/456] MCNE
[01:22:22] [301/456] EMNC
[01:22:23] [302/456] MCAN
[01:22:24] [303/456] TCDM
[01:22:25] [304/456] IRGT
[01:22:25] 🔄 Identity reset
[01:22:25] 🔄 Identity rotated (every 10 requests)
[01:22:26] [305/456] GCMG
[01:22:26] [306/456] MXSN
[01:22:27] [307/456] MXCK
[01:22:28] [308/456] MCRC
[01:22:29] [309/456] RSMI
[01:22:30] [310/456] WAML
[01:22:31] [311/456] MTSC
[01:22:32] [312/456] FMDR
[01:22:33] [313/456] LEPV
[01:22:34] [314/456] MTGD
[01:22:35] 🔄 Identity reset
[01:22:35] 🔄 Identity rotated (every 10 requests)
[01:22:36] [315/456] IMOB
[01:22:37] [316/456] CLMM
[01:22:38] [317/456] PZCD
[01:22:39] [318/456] GOCS
[01:22:40] [319/456] KCMA
[01:22:41] [320/456] CCMP
[01:22:42] [321/456] MTSU
[01:22:43] [322/456] SNGL
[01:22:44] [323/456] MMMC
[01:22:45] [324/456] MMAA
[01:22:46] 🔄 Identity reset
[01:22:46] 🔄 Identity rotated (every 10 requests)
[01:22:46] [325/456] GCDM
[01:22:47] [326/456] KTMV
[01:22:48] [327/456] AETE
[01:22:49] [328/456] OMCS
[01:22:50] [329/456] GDCD
[01:22:51] [330/456] NYMD
[01:22:52] [331/456] RNCV
[01:22:53] [332/456] KKMT
[01:22:54] [333/456] GDTH
[01:22:55] [334/456] KMMV
[01:22:56] 🔄 Identity reset
[01:22:56] 🔄 Identity rotated (every 10 requests)
[01:22:56] [335/456] NHCG
[01:22:57] [336/456] PJDW
[01:22:57] [337/456] MMCV
[01:22:58] [338/456] FQSA
[01:22:59] [339/456] KURL
[01:23:00] [340/456] NNNX
[01:23:01] [341/456] AMAU
[01:23:02] [342/456] VVVM
[01:23:03] [343/456] VECU
[01:23:04] [344/456] WCVR
[01:23:04] 🔄 Identity reset
[01:23:04] 🔄 Identity rotated (every 10 requests)
[01:23:05] [345/456] MTGG
[01:23:05] [346/456] SGTG
[01:23:07] [347/456] MNTG
[01:23:07] [348/456] JDDG
[01:23:08] [349/456] MBTK
[01:23:09] [350/456] SGCD
[01:23:10] [351/456] MCTC
[01:23:11] [352/456] JTPC
[01:23:12] [353/456] SDKT
[01:23:13] [354/456] KRCC
[01:23:13] 🔄 Identity reset
[01:23:13] 🔄 Identity rotated (every 10 requests)
[01:23:14] [355/456] RMMD
[01:23:14] [356/456] AAME
[01:23:15] [357/456] TMWC
[01:23:16] [358/456] NRWY
[01:23:17] [359/456] CITD
[01:23:18] [360/456] VERD
[01:23:19] [361/456] MKSK
[01:23:20] [362/456] STSM
[01:23:21] [363/456] MJDG
[01:23:21] [364/456] RKPM
[01:23:22] 🔄 Identity reset
[01:23:22] 🔄 Identity rotated (every 10 requests)
[01:23:23] [365/456] SSCE
[01:23:24] [366/456] VMAE
[01:23:25] [367/456] SBRU
[01:23:26] [368/456] AMBC
[01:23:26] [369/456] AMLU
[01:23:27] [370/456] INVZ
[01:23:28] [371/456] LGTV
[01:23:29] [372/456] SVAD
[01:23:30] [373/456] SMSA
[01:23:30] [374/456] SPCZ
[01:23:31] 🔄 Identity reset
[01:23:31] 🔄 Identity rotated (every 10 requests)
[01:23:32] [375/456] GTCX
[01:23:33] [376/456] SCSL
[01:23:34] [377/456] SAHU
[01:23:35] [378/456] NCDA
[01:23:36] [379/456] SCCG
[01:23:37] [380/456] VKTL
[01:23:38] [381/456] PUUJ
[01:23:39] [382/456] STEJ
[01:23:40] [383/456] RJAL
[01:23:41] [384/456] ACJC
[01:23:41] 🔄 Identity reset
[01:23:41] 🔄 Identity rotated (every 10 requests)
[01:23:42] [385/456] ARVB
[01:23:42] [386/456] AUBB
[01:23:43] [387/456] GDBR
[01:23:45] [388/456] PVND
[01:23:45] [389/456] BGRJ
[01:23:46] [390/456] RJMM
[01:23:47] [391/456] MCSA
[01:23:48] [392/456] BODA
[01:23:49] [393/456] JAGG
[01:23:49] [394/456] SCGA
[01:23:50] 🔄 Identity reset
[01:23:50] 🔄 Identity rotated (every 10 requests)
[01:23:50] [395/456] LRCM
[01:23:51] [396/456] CPCN
[01:23:52] [397/456] SSTF
[01:23:53] [398/456] SRXP
[01:23:54] [399/456] CNFX
[01:23:56] [400/456] ANDI
[01:23:56] [401/456] SYEW
[01:23:57] [402/456] RCRE
[01:23:58] [403/456] SCRW
[01:23:59] [404/456] MBKR
[01:24:00] 🔄 Identity reset
[01:24:00] 🔄 Identity rotated (every 10 requests)
[01:24:00] [405/456] ASNT
[01:24:01] [406/456] JTMT
[01:24:02] [407/456] SHAY
[01:24:03] [408/456] VRTH
[01:24:04] [409/456] SPTI
[01:24:05] [410/456] DPTD
[01:24:06] [411/456] TGSN
[01:24:06] [412/456] RCWV
[01:24:07] [413/456] OCUR
[01:24:08] [414/456] KSTC
[01:24:09] 🔄 Identity reset
[01:24:09] 🔄 Identity rotated (every 10 requests)
[01:24:10] [415/456] SANI
[01:24:11] [416/456] MLCA
[01:24:11] [417/456] EGCA
[01:24:12] [418/456] SYSN
[01:24:13] [419/456] PKTA
[01:24:14] [420/456] PRCC
[01:24:15] [421/456] KSTR
[01:24:15] [422/456] SNTP
[01:24:16] [423/456] RCHA
[01:24:17] [424/456] SEEA
[01:24:18] 🔄 Identity reset
[01:24:18] 🔄 Identity rotated (every 10 requests)
[01:24:19] [425/456] ALAT
[01:24:19] [426/456] AATV
[01:24:20] [427/456] RJTE
[01:24:21] [428/456] AAPP
[01:24:22] [429/456] PMMH
[01:24:23] [430/456] INRJ
[01:24:24] [431/456] SARB
[01:24:25] [432/456] PCJL
[01:24:25] [433/456] PFJJ
[01:24:26] [434/456] GRDC
[01:24:27] 🔄 Identity reset
[01:24:27] 🔄 Identity rotated (every 10 requests)
[01:24:27] [435/456] BCBA
[01:24:28] [436/456] VIXL
[01:24:29] [437/456] CSTL
[01:24:30] [438/456] MTDK
[01:24:30] [439/456] TDAC
[01:24:31] [440/456] GTDN
[01:24:32] [441/456] TTDE
[01:24:33] [442/456] ASTS
[01:24:34] [443/456] CPNS
[01:24:35] [444/456] PVVW
[01:24:36] 🔄 Identity reset
[01:24:36] 🔄 Identity rotated (every 10 requests)
[01:24:36] [445/456] USEB
[01:24:37] [446/456] DTYN
[01:24:38] [447/456] PVLE
[01:24:39] [448/456] CIPS
[01:24:40] [449/456] PAEG
[01:24:41] [450/456] PTCW
[01:24:42] [451/456] G3SR
[01:24:43] [452/456] PGND
[01:24:43] [453/456] INVM
[01:24:44] [454/456] SPIA
[01:24:45] 🔄 Identity reset
[01:24:45] 🔄 Identity rotated (every 10 requests)
[01:24:45] [455/456] PCSN
[01:24:46] [456/456] PPGV
[01:24:47] ✅ DONE | Shows=0 | Movies=0
