[00:17:32] 🚀 BMS DAILY TRACKER STARTED (enhanced anti‑detection)
[00:17:32] [1/326] VCHA
[00:17:32] 🧠 New identity created
[00:17:33] [2/326] SCKO
[00:17:34] [3/326] VKTK
[00:17:35] [4/326] DXEC
[00:17:36] [5/326] CDCA
[00:17:37] [6/326] VBCZ
[00:17:37] [7/326] MSDR
[00:17:39] [8/326] ACPV
[00:17:40] [9/326] PVHB
[00:17:41] [10/326] RCNH
[00:17:41] 🔄 Identity reset
[00:17:41] 🔄 Identity rotated (every 10 requests)
[00:17:42] [11/326] IOMH
[00:17:43] [12/326] ILKS
[00:17:44] [13/326] AMSN
[00:17:45] [14/326] ANTP
[00:17:46] [15/326] SSEK
[00:17:47] [16/326] PICP
[00:17:47] [17/326] SICO
[00:17:48] [18/326] SISP
[00:17:49] [19/326] SCPI
[00:17:50] [20/326] CRPR
[00:17:50] 🔄 Identity reset
[00:17:50] 🔄 Identity rotated (every 10 requests)
[00:17:52] [21/326] DCTW
[00:17:53] [22/326] DCSP
[00:17:54] [23/326] KRPM
[00:17:55] [24/326] THKK
[00:17:56] [25/326] SNMY
[00:17:57] [26/326] AKCC
[00:17:58] [27/326] PCAT
[00:18:00] [28/326] RFGO
[00:18:01] [29/326] GGCS
[00:18:02] [30/326] ACKR
[00:18:03] 🔄 Identity reset
[00:18:03] 🔄 Identity rotated (every 10 requests)
[00:18:03] [31/326] STDO
[00:18:04] [32/326] ACKB
[00:18:05] [33/326] ALUC
[00:18:06] [34/326] MNSR
[00:18:07] [35/326] CSSL
[00:18:08] [36/326] BGGM
[00:18:09] [37/326] MANT
[00:18:10] [38/326] SOOY
[00:18:10] [39/326] VPPK
[00:18:11] [40/326] MYHJ
[00:18:12] 🔄 Identity reset
[00:18:12] 🔄 Identity rotated (every 10 requests)
[00:18:12] [41/326] KSCK
[00:18:14] [42/326] KATK
[00:18:15] [43/326] RTRT
[00:18:16] [44/326] SSTT
[00:18:17] [45/326] SSTV
[00:18:18] [46/326] LACM
[00:18:19] [47/326] SGMG
[00:18:20] [48/326] KACX
[00:18:21] [49/326] GVCP
[00:18:22] [50/326] CSNC
[00:18:22] 🔄 Identity reset
[00:18:22] 🔄 Identity rotated (every 10 requests)
[00:18:24] [51/326] SXCB
[00:18:25] [52/326] BAHS
[00:18:25] [53/326] PCBI
[00:18:26] [54/326] PSSM
[00:18:27] [55/326] RCOK
[00:18:28] [56/326] SCPF
[00:18:29] [57/326] SSAS
[00:18:30] [58/326] EVMM
[00:18:31] [59/326] SYCB
[00:18:32] [60/326] GCKI
[00:18:33] 🔄 Identity reset
[00:18:33] 🔄 Identity rotated (every 10 requests)
[00:18:33] [61/326] IAET
[00:18:34] [62/326] DDTD
[00:18:35] [63/326] GMDH
[00:18:36] [64/326] STLE
[00:18:37] [65/326] JTRA
[00:18:38] [66/326] RPPA
[00:18:39] [67/326] ARUT
[00:18:40] [68/326] JTVM
[00:18:41] [69/326] SWRH
[00:18:41] [70/326] DCPC
[00:18:42] 🔄 Identity reset
[00:18:42] 🔄 Identity rotated (every 10 requests)
[00:18:42] [71/326] RAPR
[00:18:43] [72/326] GCRT
[00:18:44] [73/326] ATUN
[00:18:45] [74/326] LTRM
[00:18:47] [75/326] TASR
[00:18:48] [76/326] RLLC
[00:18:49] [77/326] MABI
[00:18:50] [78/326] SVHB
[00:18:51] [79/326] NVTB
[00:18:52] [80/326] KCKG
[00:18:52] 🔄 Identity reset
[00:18:52] 🔄 Identity rotated (every 10 requests)
[00:18:53] [81/326] SSRN
[00:18:54] [82/326] VDDC
[00:18:55] [83/326] GKTK
[00:18:56] [84/326] YFSN
[00:18:56] [85/326] GCSG
[00:18:57] [86/326] ESSM
[00:18:58] [87/326] KRIH
[00:19:00] [88/326] GCDS
[00:19:01] [89/326] CCSH
[00:19:02] [90/326] ACSK
[00:19:03] 🔄 Identity reset
[00:19:03] 🔄 Identity rotated (every 10 requests)
[00:19:03] 🔄 Retry 1/5 for ACSK in 2.1s
[00:19:03] 🔄 Identity reset
[00:19:05] 🧠 New identity created
[00:19:06] [91/326] APRK
[00:19:07] [92/326] ADKM
[00:19:08] [93/326] SRDM
[00:19:09] [94/326] SJMY
[00:19:09] [95/326] PGGC
[00:19:10] [96/326] INGM
[00:19:11] [97/326] LSCB
[00:19:12] [98/326] STAD
[00:19:13] [99/326] MCCR
[00:19:14] 🔄 Identity reset
[00:19:14] 🔄 Identity rotated (every 10 requests)
[00:19:14] [100/326] ABCC
[00:19:15] [101/326] RKCC
[00:19:16] [102/326] RTCR
[00:19:17] [103/326] GGBC
[00:19:18] [104/326] GCSD
[00:19:19] [105/326] LPTY
[00:19:19] [106/326] MCFD
[00:19:20] [107/326] HENN
[00:19:21] [108/326] SMKU
[00:19:23] [109/326] TNZC
[00:19:24] 🔄 Identity reset
[00:19:24] 🔄 Identity rotated (every 10 requests)
[00:19:24] [110/326] DRCD
[00:19:25] [111/326] DLCD
[00:19:26] [112/326] RCDA
[00:19:27] [113/326] COSM
[00:19:28] [114/326] MCMJ
[00:19:29] [115/326] CSTR
[00:19:30] [116/326] CVDK
[00:19:31] [117/326] INRR
[00:19:32] [118/326] RJRT
[00:19:33] [119/326] IRMR
[00:19:34] 🔄 Identity reset
[00:19:34] 🔄 Identity rotated (every 10 requests)
[00:19:34] [120/326] SRCF
[00:19:35] [121/326] GRCR
[00:19:36] [122/326] SURC
[00:19:37] [123/326] NMNH
[00:19:38] [124/326] SVBL
[00:19:39] [125/326] KACI
[00:19:40] [126/326] TDGO
[00:19:41] [127/326] KTBR
[00:19:42] [128/326] PMAD
[00:19:43] [129/326] CCPN
[00:19:44] 🔄 Identity reset
[00:19:44] 🔄 Identity rotated (every 10 requests)
[00:19:44] [130/326] SBTK
[00:19:45] [131/326] LMDK
[00:19:46] [132/326] PGDA
[00:19:47] [133/326] SRML
[00:19:48] [134/326] EVCK
[00:19:50] [135/326] RTTK
[00:19:51] [136/326] SRTU
[00:19:52] [137/326] VRSA
[00:19:53] [138/326] VARS
[00:19:54] [139/326] DSCZ
[00:19:55] 🔄 Identity reset
[00:19:55] 🔄 Identity rotated (every 10 requests)
[00:19:55] [140/326] GAGA
[00:19:56] [141/326] SARV
[00:19:57] [142/326] SEEG
[00:19:58] [143/326] GLCA
[00:19:59] [144/326] APAS
[00:20:00] [145/326] VCIA
[00:20:01] [146/326] SJTA
[00:20:02] [147/326] SABM
[00:20:03] [148/326] PPAG
[00:20:05] [149/326] RVCA
[00:20:05] 🔄 Identity reset
[00:20:05] 🔄 Identity rotated (every 10 requests)
[00:20:06] [150/326] CCIA
[00:20:07] [151/326] HTAG
[00:20:08] [152/326] SMBI
[00:20:09] [153/326] MCJR
[00:20:10] [154/326] CCJR
[00:20:11] [155/326] SINF
[00:20:12] [156/326] CPLX
[00:20:13] [157/326] KKTJ
[00:20:14] [158/326] GDBW
[00:20:15] [159/326] CSUB
[00:20:15] 🔄 Identity reset
[00:20:15] 🔄 Identity rotated (every 10 requests)
[00:20:16] [160/326] DABA
[00:20:18] [161/326] TITR
[00:20:20] [162/326] NYCR
[00:20:21] [163/326] RTRY
[00:20:22] [164/326] JTJL
[00:20:23] [165/326] SJCP
[00:20:24] [166/326] KCCA
[00:20:25] [167/326] MLPG
[00:20:26] [168/326] VRCK
[00:20:27] [169/326] SRIN
[00:20:27] 🔄 Identity reset
[00:20:27] 🔄 Identity rotated (every 10 requests)
[00:20:28] [170/326] CXMK
[00:20:30] [171/326] SKAD
[00:20:30] [172/326] AVTR
[00:20:31] [173/326] PTAJ
[00:20:32] [174/326] SCNK
[00:20:34] [175/326] STTI
[00:20:34] [176/326] KACR
[00:20:35] [177/326] SSDX
[00:20:36] [178/326] VRTJ
[00:20:37] [179/326] RAJD
[00:20:38] 🔄 Identity reset
[00:20:38] 🔄 Identity rotated (every 10 requests)
[00:20:38] 🔄 Retry 1/5 for RAJD in 2.2s
[00:20:38] 🔄 Identity reset
[00:20:40] 🧠 New identity created
[00:20:41] [180/326] SCIP
[00:20:41] [181/326] RJSL
[00:20:42] [182/326] ARRS
[00:20:43] [183/326] ASMS
[00:20:44] [184/326] RDTS
[00:20:45] [185/326] DVMY
[00:20:46] [186/326] RASA
[00:20:47] [187/326] INOM
[00:20:48] [188/326] SPRS
[00:20:49] 🔄 Identity reset
[00:20:49] 🔄 Identity rotated (every 10 requests)
[00:20:49] [189/326] SGCS
[00:20:50] [190/326] SALM
[00:20:51] [191/326] PKHC
[00:20:52] [192/326] RCSV
[00:20:53] [193/326] CPKC
[00:20:54] [194/326] AACD
[00:20:55] [195/326] GGCV
[00:20:56] [196/326] SMKD
[00:20:57] [197/326] NBCH
[00:20:58] [198/326] AMCB
[00:20:58] 🔄 Identity reset
[00:20:58] 🔄 Identity rotated (every 10 requests)
[00:20:59] [199/326] OPCN
[00:21:00] [200/326] DCIN
[00:21:01] [201/326] INGW
[00:21:01] [202/326] PKKW
[00:21:02] [203/326] FNGW
[00:21:04] [204/326] GCGD
[00:21:05] [205/326] MSTW
[00:21:06] [206/326] KCCG
[00:21:07] [207/326] MRSS
[00:21:08] [208/326] CLCF
[00:21:09] 🔄 Identity reset
[00:21:09] 🔄 Identity rotated (every 10 requests)
[00:21:09] [209/326] EETS
[00:21:10] [210/326] AATR
[00:21:11] [211/326] CMMN
[00:21:12] [212/326] SCCJ
[00:21:13] [213/326] CDTK
[00:21:14] [214/326] AICP
[00:21:16] [215/326] FNBP
[00:21:17] [216/326] CBPB
[00:21:18] [217/326] CPAS
[00:21:20] [218/326] MAPM
[00:21:21] 🔄 Identity reset
[00:21:21] 🔄 Identity rotated (every 10 requests)
[00:21:21] [219/326] PASD
[00:21:22] [220/326] JCMN
[00:21:23] [221/326] MALB
[00:21:24] [222/326] SACG
[00:21:25] [223/326] DDRX
[00:21:26] [224/326] DDXB
[00:21:27] [225/326] RAMC
[00:21:28] [226/326] SANC
[00:21:29] [227/326] BCBP
[00:21:30] [228/326] ALPC
[00:21:30] 🔄 Identity reset
[00:21:30] 🔄 Identity rotated (every 10 requests)
[00:21:31] [229/326] RBAC
[00:21:32] [230/326] RAJL
[00:21:33] [231/326] MPDX
[00:21:34] [232/326] MUSC
[00:21:35] [233/326] VKMK
[00:21:36] [234/326] SKCG
[00:21:37] [235/326] ANCN
[00:21:38] [236/326] MMCJ
[00:21:39] [237/326] DCAK
[00:21:40] [238/326] SCKG
[00:21:41] 🔄 Identity reset
[00:21:41] 🔄 Identity rotated (every 10 requests)
[00:21:41] [239/326] LMCK
[00:21:42] [240/326] CKKX
[00:21:43] [241/326] ANKU
[00:21:44] [242/326] CSMD
[00:21:46] [243/326] MKMP
[00:21:46] [244/326] SVBG
[00:21:47] [245/326] ROOP
[00:21:48] [246/326] GDMT
[00:21:49] [247/326] FPPF
[00:21:50] [248/326] SFUU
[00:21:51] 🔄 Identity reset
[00:21:51] 🔄 Identity rotated (every 10 requests)
[00:21:51] [249/326] ANCB
[00:21:52] [250/326] SMMC
[00:21:53] [251/326] UGKT
[00:21:54] [252/326] JVRM
[00:21:55] [253/326] BATG
[00:21:56] [254/326] RATE
[00:21:57] [255/326] SKME
[00:21:58] [256/326] LMTP
[00:21:58] [257/326] TCBD
[00:22:00] [258/326] ESBD
[00:22:00] 🔄 Identity reset
[00:22:00] 🔄 Identity rotated (every 10 requests)
[00:22:01] [259/326] GDCU
[00:22:02] [260/326] SNKT
[00:22:03] [261/326] SRNK
[00:22:04] [262/326] SMED
[00:22:04] [263/326] CSQS
[00:22:05] [264/326] ALCS
[00:22:06] [265/326] KCKN
[00:22:07] [266/326] VCCL
[00:22:08] [267/326] MCDA
[00:22:09] [268/326] SHMI
[00:22:09] 🔄 Identity reset
[00:22:09] 🔄 Identity rotated (every 10 requests)
[00:22:10] [269/326] SKHA
[00:22:11] [270/326] SVFK
[00:22:12] [271/326] INVB
[00:22:12] [272/326] MELD
[00:22:13] [273/326] JTYS
[00:22:14] [274/326] INCM
[00:22:15] [275/326] MCDV
[00:22:16] [276/326] KSGK
[00:22:17] [277/326] ICMG
[00:22:18] [278/326] CSCV
[00:22:18] 🔄 Identity reset
[00:22:18] 🔄 Identity rotated (every 10 requests)
[00:22:19] [279/326] STMD
[00:22:20] [280/326] STTR
[00:22:21] [281/326] INVC
[00:22:22] [282/326] JTBL
[00:22:22] [283/326] SRVV
[00:22:23] [284/326] MAVC
[00:22:24] [285/326] SRPP
[00:22:25] [286/326] JGDM
[00:22:26] [287/326] MBSJ
[00:22:27] [288/326] SSLL
[00:22:27] 🔄 Identity reset
[00:22:27] 🔄 Identity rotated (every 10 requests)
[00:22:29] [289/326] SLKP
[00:22:29] [290/326] NSRV
[00:22:31] [291/326] UTDV
[00:22:32] [292/326] KICM
[00:22:33] [293/326] KCMD
[00:22:34] [294/326] TTPP
[00:22:35] [295/326] KMPV
[00:22:36] [296/326] SKTV
[00:22:36] [297/326] STCV
[00:22:38] [298/326] SRDA
[00:22:38] 🔄 Identity reset
[00:22:38] 🔄 Identity rotated (every 10 requests)
[00:22:39] [299/326] JTSX
[00:22:40] [300/326] STBV
[00:22:41] [301/326] APVZ
[00:22:42] [302/326] GSTV
[00:22:42] [303/326] NMVS
[00:22:43] [304/326] SKRT
[00:22:44] [305/326] RMDV
[00:22:45] [306/326] RATG
[00:22:46] [307/326] SJYV
[00:22:47] [308/326] NDGP
[00:22:47] 🔄 Identity reset
[00:22:47] 🔄 Identity rotated (every 10 requests)
[00:22:48] [309/326] SNDG
[00:22:49] [310/326] INSR
[00:22:50] [311/326] INSO
[00:22:51] [312/326] CCSI
[00:22:52] [313/326] RASM
[00:22:53] [314/326] NEWC
[00:22:54] [315/326] VSHL
[00:22:55] [316/326] BISW
[00:22:56] [317/326] GCNG
[00:22:57] [318/326] CWSC
[00:22:58] 🔄 Identity reset
[00:22:58] 🔄 Identity rotated (every 10 requests)
[00:22:58] [319/326] SKAN
[00:22:59] [320/326] CCOA
[00:23:00] [321/326] MCAJ
[00:23:02] [322/326] ACDE
[00:23:03] [323/326] AACM
[00:23:04] [324/326] JJCK
[00:23:06] [325/326] RCMO
[00:23:07] [326/326] GDAW
[00:23:09] ✅ DONE | Shows=0 | Movies=0
[01:17:27] 🚀 BMS DAILY TRACKER STARTED (enhanced anti‑detection)
[01:17:27] [1/326] VCHA
[01:17:28] 🧠 New identity created
[01:17:28] [2/326] SCKO
[01:17:29] [3/326] VKTK
[01:17:30] [4/326] DXEC
[01:17:31] [5/326] CDCA
[01:17:32] [6/326] VBCZ
[01:17:33] [7/326] MSDR
[01:17:34] [8/326] ACPV
[01:17:35] [9/326] PVHB
[01:17:36] [10/326] RCNH
[01:17:36] 🔄 Identity reset
[01:17:36] 🔄 Identity rotated (every 10 requests)
[01:17:37] [11/326] IOMH
[01:17:38] [12/326] ILKS
[01:17:38] [13/326] AMSN
[01:17:39] [14/326] ANTP
[01:17:40] [15/326] SSEK
[01:17:41] [16/326] PICP
[01:17:42] [17/326] SICO
[01:17:43] [18/326] SISP
[01:17:44] [19/326] SCPI
[01:17:45] [20/326] CRPR
[01:17:46] 🔄 Identity reset
[01:17:46] 🔄 Identity rotated (every 10 requests)
[01:17:46] 🔄 Retry 1/5 for CRPR in 2.2s
[01:17:46] 🔄 Identity reset
[01:17:48] 🧠 New identity created
[01:17:48] [21/326] DCTW
[01:17:49] [22/326] DCSP
[01:17:50] [23/326] KRPM
[01:17:51] [24/326] THKK
[01:17:52] [25/326] SNMY
[01:17:53] [26/326] AKCC
[01:17:55] [27/326] PCAT
[01:17:56] [28/326] RFGO
[01:17:56] [29/326] GGCS
[01:17:57] 🔄 Identity reset
[01:17:57] 🔄 Identity rotated (every 10 requests)
[01:17:57] [30/326] ACKR
[01:17:58] [31/326] STDO
[01:17:59] [32/326] ACKB
[01:18:01] [33/326] ALUC
[01:18:01] [34/326] MNSR
[01:18:02] [35/326] CSSL
[01:18:04] [36/326] BGGM
[01:18:05] [37/326] MANT
[01:18:06] [38/326] SOOY
[01:18:07] [39/326] VPPK
[01:18:07] 🔄 Identity reset
[01:18:07] 🔄 Identity rotated (every 10 requests)
[01:18:08] [40/326] MYHJ
[01:18:08] [41/326] KSCK
[01:18:09] [42/326] KATK
[01:18:10] [43/326] RTRT
[01:18:11] [44/326] SSTT
[01:18:12] [45/326] SSTV
[01:18:13] [46/326] LACM
[01:18:14] [47/326] SGMG
[01:18:14] [48/326] KACX
[01:18:15] [49/326] GVCP
[01:18:16] 🔄 Identity reset
[01:18:16] 🔄 Identity rotated (every 10 requests)
[01:18:17] [50/326] CSNC
[01:18:18] [51/326] SXCB
[01:18:20] [52/326] BAHS
[01:18:20] [53/326] PCBI
[01:18:21] [54/326] PSSM
[01:18:22] [55/326] RCOK
[01:18:23] [56/326] SCPF
[01:18:25] [57/326] SSAS
[01:18:25] [58/326] EVMM
[01:18:26] [59/326] SYCB
[01:18:27] 🔄 Identity reset
[01:18:27] 🔄 Identity rotated (every 10 requests)
[01:18:28] [60/326] GCKI
[01:18:29] [61/326] IAET
[01:18:30] [62/326] DDTD
[01:18:31] [63/326] GMDH
[01:18:32] [64/326] STLE
[01:18:33] [65/326] JTRA
[01:18:34] [66/326] RPPA
[01:18:35] [67/326] ARUT
[01:18:37] [68/326] JTVM
[01:18:38] [69/326] SWRH
[01:18:38] 🔄 Identity reset
[01:18:38] 🔄 Identity rotated (every 10 requests)
[01:18:38] 🔄 Retry 1/5 for SWRH in 2.8s
[01:18:38] 🔄 Identity reset
[01:18:41] 🧠 New identity created
[01:18:41] [70/326] DCPC
[01:18:42] [71/326] RAPR
[01:18:43] [72/326] GCRT
[01:18:44] [73/326] ATUN
[01:18:45] [74/326] LTRM
[01:18:46] [75/326] TASR
[01:18:47] [76/326] RLLC
[01:18:48] [77/326] MABI
[01:18:50] [78/326] SVHB
[01:18:50] 🔄 Identity reset
[01:18:50] 🔄 Identity rotated (every 10 requests)
[01:18:51] [79/326] NVTB
[01:18:51] [80/326] KCKG
[01:18:52] [81/326] SSRN
[01:18:53] [82/326] VDDC
[01:18:54] [83/326] GKTK
[01:18:55] [84/326] YFSN
[01:18:56] [85/326] GCSG
[01:18:58] [86/326] ESSM
[01:18:59] [87/326] KRIH
[01:19:00] [88/326] GCDS
[01:19:00] 🔄 Identity reset
[01:19:00] 🔄 Identity rotated (every 10 requests)
[01:19:00] 🔄 Retry 1/5 for GCDS in 2.8s
[01:19:00] 🔄 Identity reset
[01:19:03] 🧠 New identity created
[01:19:04] [89/326] CCSH
[01:19:05] [90/326] ACSK
[01:19:05] [91/326] APRK
[01:19:07] [92/326] ADKM
[01:19:08] [93/326] SRDM
[01:19:09] [94/326] SJMY
[01:19:10] [95/326] PGGC
[01:19:11] [96/326] INGM
[01:19:12] [97/326] LSCB
[01:19:12] 🔄 Identity reset
[01:19:12] 🔄 Identity rotated (every 10 requests)
[01:19:12] 🔄 Retry 1/5 for LSCB in 2.6s
[01:19:12] 🔄 Identity reset
[01:19:15] 🧠 New identity created
[01:19:15] [98/326] STAD
[01:19:16] [99/326] MCCR
[01:19:17] [100/326] ABCC
[01:19:18] [101/326] RKCC
[01:19:19] [102/326] RTCR
[01:19:20] [103/326] GGBC
[01:19:21] [104/326] GCSD
[01:19:22] [105/326] LPTY
[01:19:23] [106/326] MCFD
[01:19:23] 🔄 Identity reset
[01:19:23] 🔄 Identity rotated (every 10 requests)
[01:19:23] [107/326] HENN
[01:19:24] [108/326] SMKU
[01:19:25] [109/326] TNZC
[01:19:26] [110/326] DRCD
[01:19:27] [111/326] DLCD
[01:19:28] [112/326] RCDA
[01:19:29] [113/326] COSM
[01:19:30] [114/326] MCMJ
[01:19:32] [115/326] CSTR
[01:19:33] [116/326] CVDK
[01:19:33] 🔄 Identity reset
[01:19:33] 🔄 Identity rotated (every 10 requests)
[01:19:33] 🔄 Retry 1/5 for CVDK in 2.6s
[01:19:33] 🔄 Identity reset
[01:19:36] 🧠 New identity created
[01:19:36] [117/326] INRR
[01:19:37] [118/326] RJRT
[01:19:39] [119/326] IRMR
[01:19:40] [120/326] SRCF
[01:19:41] [121/326] GRCR
[01:19:42] [122/326] SURC
[01:19:42] [123/326] NMNH
[01:19:43] [124/326] SVBL
[01:19:44] [125/326] KACI
[01:19:45] 🔄 Identity reset
[01:19:45] 🔄 Identity rotated (every 10 requests)
[01:19:45] [126/326] TDGO
[01:19:46] [127/326] KTBR
[01:19:47] [128/326] PMAD
[01:19:48] [129/326] CCPN
[01:19:49] [130/326] SBTK
[01:19:50] [131/326] LMDK
[01:19:51] [132/326] PGDA
[01:19:52] [133/326] SRML
[01:19:52] [134/326] EVCK
[01:19:53] [135/326] RTTK
[01:19:54] 🔄 Identity reset
[01:19:54] 🔄 Identity rotated (every 10 requests)
[01:19:54] [136/326] SRTU
[01:19:56] [137/326] VRSA
[01:19:57] [138/326] VARS
[01:19:57] [139/326] DSCZ
[01:19:58] [140/326] GAGA
[01:19:59] [141/326] SARV
[01:20:00] [142/326] SEEG
[01:20:01] [143/326] GLCA
[01:20:02] [144/326] APAS
[01:20:03] [145/326] VCIA
[01:20:04] 🔄 Identity reset
[01:20:04] 🔄 Identity rotated (every 10 requests)
[01:20:04] [146/326] SJTA
[01:20:05] [147/326] SABM
[01:20:06] [148/326] PPAG
[01:20:07] [149/326] RVCA
[01:20:07] [150/326] CCIA
[01:20:08] [151/326] HTAG
[01:20:10] [152/326] SMBI
[01:20:11] [153/326] MCJR
[01:20:12] [154/326] CCJR
[01:20:13] [155/326] SINF
[01:20:13] 🔄 Identity reset
[01:20:13] 🔄 Identity rotated (every 10 requests)
[01:20:13] [156/326] CPLX
[01:20:14] [157/326] KKTJ
[01:20:15] [158/326] GDBW
[01:20:16] [159/326] CSUB
[01:20:18] [160/326] DABA
[01:20:19] [161/326] TITR
[01:20:21] [162/326] NYCR
[01:20:22] [163/326] RTRY
[01:20:23] [164/326] JTJL
[01:20:24] [165/326] SJCP
[01:20:25] 🔄 Identity reset
[01:20:25] 🔄 Identity rotated (every 10 requests)
[01:20:25] [166/326] KCCA
[01:20:26] [167/326] MLPG
[01:20:28] [168/326] VRCK
[01:20:29] [169/326] SRIN
[01:20:30] [170/326] CXMK
[01:20:31] [171/326] SKAD
[01:20:32] [172/326] AVTR
[01:20:32] [173/326] PTAJ
[01:20:33] [174/326] SCNK
[01:20:34] [175/326] STTI
[01:20:35] 🔄 Identity reset
[01:20:35] 🔄 Identity rotated (every 10 requests)
[01:20:35] 🔄 Retry 1/5 for STTI in 2.1s
[01:20:35] 🔄 Identity reset
[01:20:37] 🧠 New identity created
[01:20:37] [176/326] KACR
[01:20:38] [177/326] SSDX
[01:20:39] [178/326] VRTJ
[01:20:40] [179/326] RAJD
[01:20:41] [180/326] SCIP
[01:20:43] [181/326] RJSL
[01:20:44] [182/326] ARRS
[01:20:44] [183/326] ASMS
[01:20:46] [184/326] RDTS
[01:20:46] 🔄 Identity reset
[01:20:46] 🔄 Identity rotated (every 10 requests)
[01:20:46] [185/326] DVMY
[01:20:48] [186/326] RASA
[01:20:49] [187/326] INOM
[01:20:50] [188/326] SPRS
[01:20:51] [189/326] SGCS
[01:20:51] [190/326] SALM
[01:20:52] [191/326] PKHC
[01:20:54] [192/326] RCSV
[01:20:55] [193/326] CPKC
[01:20:56] [194/326] AACD
[01:20:57] 🔄 Identity reset
[01:20:57] 🔄 Identity rotated (every 10 requests)
[01:20:57] [195/326] GGCV
[01:20:58] [196/326] SMKD
[01:20:59] [197/326] NBCH
[01:21:00] [198/326] AMCB
[01:21:02] [199/326] OPCN
[01:21:02] [200/326] DCIN
[01:21:04] [201/326] INGW
[01:21:05] [202/326] PKKW
[01:21:06] [203/326] FNGW
[01:21:07] [204/326] GCGD
[01:21:08] 🔄 Identity reset
[01:21:08] 🔄 Identity rotated (every 10 requests)
[01:21:08] 🔄 Retry 1/5 for GCGD in 2.6s
[01:21:08] 🔄 Identity reset
[01:21:10] 🧠 New identity created
[01:21:10] 🔄 Retry 2/5 for GCGD in 4.6s
[01:21:10] 🔄 Identity reset
[01:21:15] 🧠 New identity created
[01:21:15] [205/326] MSTW
[01:21:16] [206/326] KCCG
[01:21:17] [207/326] MRSS
[01:21:18] [208/326] CLCF
[01:21:19] [209/326] EETS
[01:21:20] [210/326] AATR
[01:21:21] [211/326] CMMN
[01:21:22] [212/326] SCCJ
[01:21:23] 🔄 Identity reset
[01:21:23] 🔄 Identity rotated (every 10 requests)
[01:21:23] [213/326] CDTK
[01:21:24] [214/326] AICP
[01:21:25] [215/326] FNBP
[01:21:26] [216/326] CBPB
[01:21:27] [217/326] CPAS
[01:21:28] [218/326] MAPM
[01:21:29] [219/326] PASD
[01:21:30] [220/326] JCMN
[01:21:31] [221/326] MALB
[01:21:32] [222/326] SACG
[01:21:32] 🔄 Identity reset
[01:21:32] 🔄 Identity rotated (every 10 requests)
[01:21:33] [223/326] DDRX
[01:21:34] [224/326] DDXB
[01:21:34] [225/326] RAMC
[01:21:35] [226/326] SANC
[01:21:36] [227/326] BCBP
[01:21:37] [228/326] ALPC
[01:21:38] [229/326] RBAC
[01:21:39] [230/326] RAJL
[01:21:40] [231/326] MPDX
[01:21:41] [232/326] MUSC
[01:21:41] 🔄 Identity reset
[01:21:41] 🔄 Identity rotated (every 10 requests)
[01:21:42] [233/326] VKMK
[01:21:43] [234/326] SKCG
[01:21:44] [235/326] ANCN
[01:21:45] [236/326] MMCJ
[01:21:46] [237/326] DCAK
[01:21:47] [238/326] SCKG
[01:21:48] [239/326] LMCK
[01:21:48] [240/326] CKKX
[01:21:49] [241/326] ANKU
[01:21:50] [242/326] CSMD
[01:21:51] 🔄 Identity reset
[01:21:51] 🔄 Identity rotated (every 10 requests)
[01:21:51] 🔄 Retry 1/5 for CSMD in 2.2s
[01:21:51] 🔄 Identity reset
[01:21:53] 🧠 New identity created
[01:21:53] [243/326] MKMP
[01:21:54] [244/326] SVBG
[01:21:55] [245/326] ROOP
[01:21:56] [246/326] GDMT
[01:21:57] [247/326] FPPF
[01:21:58] [248/326] SFUU
[01:22:00] [249/326] ANCB
[01:22:00] [250/326] SMMC
[01:22:01] [251/326] UGKT
[01:22:02] 🔄 Identity reset
[01:22:02] 🔄 Identity rotated (every 10 requests)
[01:22:02] 🔄 Retry 1/5 for UGKT in 2.2s
[01:22:02] 🔄 Identity reset
[01:22:04] 🧠 New identity created
[01:22:04] 🔄 Retry 2/5 for UGKT in 4.1s
[01:22:04] 🔄 Identity reset
[01:22:08] 🧠 New identity created
[01:22:09] [252/326] JVRM
[01:22:10] [253/326] BATG
[01:22:11] [254/326] RATE
[01:22:12] [255/326] SKME
[01:22:13] [256/326] LMTP
[01:22:14] [257/326] TCBD
[01:22:15] [258/326] ESBD
[01:22:16] [259/326] GDCU
[01:22:17] 🔄 Identity reset
[01:22:17] 🔄 Identity rotated (every 10 requests)
[01:22:17] [260/326] SNKT
[01:22:18] [261/326] SRNK
[01:22:19] [262/326] SMED
[01:22:20] [263/326] CSQS
[01:22:21] [264/326] ALCS
[01:22:22] [265/326] KCKN
[01:22:23] [266/326] VCCL
[01:22:23] [267/326] MCDA
[01:22:24] [268/326] SHMI
[01:22:25] [269/326] SKHA
[01:22:26] 🔄 Identity reset
[01:22:26] 🔄 Identity rotated (every 10 requests)
[01:22:26] [270/326] SVFK
[01:22:27] [271/326] INVB
[01:22:28] [272/326] MELD
[01:22:29] [273/326] JTYS
[01:22:30] [274/326] INCM
[01:22:31] [275/326] MCDV
[01:22:32] [276/326] KSGK
[01:22:33] [277/326] ICMG
[01:22:34] [278/326] CSCV
[01:22:36] [279/326] STMD
[01:22:36] 🔄 Identity reset
[01:22:36] 🔄 Identity rotated (every 10 requests)
[01:22:36] 🔄 Retry 1/5 for STMD in 2.8s
[01:22:36] 🔄 Identity reset
[01:22:39] 🧠 New identity created
[01:22:40] [280/326] STTR
[01:22:40] [281/326] INVC
[01:22:41] [282/326] JTBL
[01:22:42] [283/326] SRVV
[01:22:43] [284/326] MAVC
[01:22:44] [285/326] SRPP
[01:22:45] [286/326] JGDM
[01:22:47] [287/326] MBSJ
[01:22:47] [288/326] SSLL
[01:22:48] 🔄 Identity reset
[01:22:48] 🔄 Identity rotated (every 10 requests)
[01:22:48] [289/326] SLKP
[01:22:49] [290/326] NSRV
[01:22:50] [291/326] UTDV
[01:22:51] [292/326] KICM
[01:22:52] [293/326] KCMD
[01:22:53] [294/326] TTPP
[01:22:54] [295/326] KMPV
[01:22:55] [296/326] SKTV
[01:22:55] [297/326] STCV
[01:22:56] [298/326] SRDA
[01:22:57] 🔄 Identity reset
[01:22:57] 🔄 Identity rotated (every 10 requests)
[01:22:57] 🔄 Retry 1/5 for SRDA in 2.1s
[01:22:57] 🔄 Identity reset
[01:22:59] 🧠 New identity created
[01:23:00] [299/326] JTSX
[01:23:01] [300/326] STBV
[01:23:02] [301/326] APVZ
[01:23:03] [302/326] GSTV
[01:23:03] [303/326] NMVS
[01:23:04] [304/326] SKRT
[01:23:05] [305/326] RMDV
[01:23:06] [306/326] RATG
[01:23:08] [307/326] SJYV
[01:23:08] 🔄 Identity reset
[01:23:08] 🔄 Identity rotated (every 10 requests)
[01:23:09] [308/326] NDGP
[01:23:09] [309/326] SNDG
[01:23:11] [310/326] INSR
[01:23:12] [311/326] INSO
[01:23:13] [312/326] CCSI
[01:23:13] [313/326] RASM
[01:23:14] [314/326] NEWC
[01:23:15] [315/326] VSHL
[01:23:16] [316/326] BISW
[01:23:17] [317/326] GCNG
[01:23:17] 🔄 Identity reset
[01:23:18] 🔄 Identity rotated (every 10 requests)
[01:23:18] 🔄 Retry 1/5 for GCNG in 2.3s
[01:23:18] 🔄 Identity reset
[01:23:20] 🧠 New identity created
[01:23:20] [318/326] CWSC
[01:23:22] [319/326] SKAN
[01:23:23] [320/326] CCOA
[01:23:24] [321/326] MCAJ
[01:23:24] [322/326] ACDE
[01:23:25] [323/326] AACM
[01:23:26] [324/326] JJCK
[01:23:27] [325/326] RCMO
[01:23:28] [326/326] GDAW
[01:23:29] 🔄 Identity reset
[01:23:29] 🔄 Identity rotated (every 10 requests)
[01:23:29] ✅ DONE | Shows=0 | Movies=0
[01:51:44] 🚀 BMS DAILY TRACKER STARTED (enhanced anti‑detection)
[01:51:44] [1/326] VCHA
[01:51:45] 🧠 New identity created
[01:51:45] [2/326] SCKO
[01:51:46] [3/326] VKTK
[01:51:47] [4/326] DXEC
[01:51:48] [5/326] CDCA
[01:51:48] [6/326] VBCZ
[01:51:49] [7/326] MSDR
[01:51:50] [8/326] ACPV
[01:51:51] [9/326] PVHB
[01:51:52] [10/326] RCNH
[01:51:52] 🔄 Identity reset
[01:51:52] 🔄 Identity rotated (every 10 requests)
[01:51:52] 🔄 Retry 1/5 for RCNH in 3.0s
[01:51:52] 🔄 Identity reset
[01:51:55] 🧠 New identity created
[01:51:55] 🔄 Retry 2/5 for RCNH in 4.1s
[01:51:55] 🔄 Identity reset
[01:52:00] 🧠 New identity created
[01:52:00] [11/326] IOMH
[01:52:01] [12/326] ILKS
[01:52:01] [13/326] AMSN
[01:52:02] [14/326] ANTP
[01:52:03] [15/326] SSEK
[01:52:03] [16/326] PICP
[01:52:04] [17/326] SICO
[01:52:05] [18/326] SISP
[01:52:06] 🔄 Identity reset
[01:52:06] 🔄 Identity rotated (every 10 requests)
[01:52:06] [19/326] SCPI
[01:52:07] [20/326] CRPR
[01:52:08] [21/326] DCTW
[01:52:09] [22/326] DCSP
[01:52:10] [23/326] KRPM
[01:52:11] [24/326] THKK
[01:52:12] [25/326] SNMY
[01:52:13] [26/326] AKCC
[01:52:14] [27/326] PCAT
[01:52:15] [28/326] RFGO
[01:52:15] 🔄 Identity reset
[01:52:15] 🔄 Identity rotated (every 10 requests)
[01:52:16] [29/326] GGCS
[01:52:17] [30/326] ACKR
[01:52:18] [31/326] STDO
[01:52:18] [32/326] ACKB
[01:52:19] [33/326] ALUC
[01:52:20] [34/326] MNSR
[01:52:21] [35/326] CSSL
[01:52:21] [36/326] BGGM
[01:52:22] [37/326] MANT
[01:52:22] [38/326] SOOY
[01:52:23] 🔄 Identity reset
[01:52:23] 🔄 Identity rotated (every 10 requests)
[01:52:23] 🔄 Retry 1/5 for SOOY in 2.5s
[01:52:23] 🔄 Identity reset
[01:52:26] 🧠 New identity created
[01:52:26] [39/326] VPPK
[01:52:27] [40/326] MYHJ
[01:52:27] [41/326] KSCK
[01:52:28] [42/326] KATK
[01:52:29] [43/326] RTRT
[01:52:30] [44/326] SSTT
[01:52:30] [45/326] SSTV
[01:52:31] [46/326] LACM
[01:52:32] [47/326] SGMG
[01:52:32] 🔄 Identity reset
[01:52:32] 🔄 Identity rotated (every 10 requests)
[01:52:32] [48/326] KACX
[01:52:33] [49/326] GVCP
[01:52:34] [50/326] CSNC
[01:52:35] [51/326] SXCB
[01:52:35] [52/326] BAHS
[01:52:36] [53/326] PCBI
[01:52:37] [54/326] PSSM
[01:52:38] [55/326] RCOK
[01:52:39] [56/326] SCPF
[01:52:39] [57/326] SSAS
[01:52:40] 🔄 Identity reset
[01:52:40] 🔄 Identity rotated (every 10 requests)
[01:52:40] [58/326] EVMM
[01:52:41] [59/326] SYCB
[01:52:41] [60/326] GCKI
[01:52:42] [61/326] IAET
[01:52:43] [62/326] DDTD
[01:52:43] [63/326] GMDH
[01:52:44] [64/326] STLE
[01:52:44] [65/326] JTRA
[01:52:45] [66/326] RPPA
[01:52:46] [67/326] ARUT
[01:52:46] 🔄 Identity reset
[01:52:46] 🔄 Identity rotated (every 10 requests)
[01:52:46] [68/326] JTVM
[01:52:47] [69/326] SWRH
[01:52:48] [70/326] DCPC
[01:52:48] [71/326] RAPR
[01:52:49] [72/326] GCRT
[01:52:50] [73/326] ATUN
[01:52:50] [74/326] LTRM
[01:52:51] [75/326] TASR
[01:52:52] [76/326] RLLC
[01:52:52] [77/326] MABI
[01:52:53] 🔄 Identity reset
[01:52:53] 🔄 Identity rotated (every 10 requests)
[01:52:53] 🔄 Retry 1/5 for MABI in 2.1s
[01:52:53] 🔄 Identity reset
[01:52:55] 🧠 New identity created
[01:52:55] 🔄 Retry 2/5 for MABI in 4.3s
[01:52:55] 🔄 Identity reset
[01:52:59] 🧠 New identity created
[01:52:59] [78/326] SVHB
[01:53:00] [79/326] NVTB
[01:53:01] [80/326] KCKG
[01:53:01] [81/326] SSRN
[01:53:02] [82/326] VDDC
[01:53:03] [83/326] GKTK
[01:53:03] [84/326] YFSN
[01:53:04] [85/326] GCSG
[01:53:04] 🔄 Identity reset
[01:53:04] 🔄 Identity rotated (every 10 requests)
[01:53:04] [86/326] ESSM
[01:53:05] [87/326] KRIH
[01:53:06] [88/326] GCDS
[01:53:07] [89/326] CCSH
[01:53:07] [90/326] ACSK
[01:53:08] [91/326] APRK
[01:53:08] [92/326] ADKM
[01:53:09] [93/326] SRDM
[01:53:10] [94/326] SJMY
[01:53:10] [95/326] PGGC
[01:53:11] 🔄 Identity reset
[01:53:11] 🔄 Identity rotated (every 10 requests)
[01:53:11] [96/326] INGM
[01:53:12] [97/326] LSCB
[01:53:12] [98/326] STAD
[01:53:13] [99/326] MCCR
[01:53:14] [100/326] ABCC
[01:53:15] [101/326] RKCC
[01:53:15] [102/326] RTCR
[01:53:16] [103/326] GGBC
[01:53:17] [104/326] GCSD
[01:53:17] [105/326] LPTY
[01:53:18] 🔄 Identity reset
[01:53:18] 🔄 Identity rotated (every 10 requests)
[01:53:18] [106/326] MCFD
[01:53:18] [107/326] HENN
[01:53:19] [108/326] SMKU
[01:53:20] [109/326] TNZC
[01:53:20] [110/326] DRCD
[01:53:21] [111/326] DLCD
[01:53:22] [112/326] RCDA
[01:53:22] [113/326] COSM
[01:53:23] [114/326] MCMJ
[01:53:24] [115/326] CSTR
[01:53:24] 🔄 Identity reset
[01:53:24] 🔄 Identity rotated (every 10 requests)
[01:53:25] [116/326] CVDK
[01:53:25] [117/326] INRR
[01:53:26] [118/326] RJRT
[01:53:27] [119/326] IRMR
[01:53:27] [120/326] SRCF
[01:53:28] [121/326] GRCR
[01:53:28] [122/326] SURC
[01:53:29] [123/326] NMNH
[01:53:30] [124/326] SVBL
[01:53:31] [125/326] KACI
[01:53:31] 🔄 Identity reset
[01:53:31] 🔄 Identity rotated (every 10 requests)
[01:53:31] [126/326] TDGO
[01:53:32] [127/326] KTBR
[01:53:33] [128/326] PMAD
[01:53:33] [129/326] CCPN
[01:53:34] [130/326] SBTK
[01:53:35] [131/326] LMDK
[01:53:35] [132/326] PGDA
[01:53:36] [133/326] SRML
[01:53:37] [134/326] EVCK
[01:53:37] [135/326] RTTK
[01:53:38] 🔄 Identity reset
[01:53:38] 🔄 Identity rotated (every 10 requests)
[01:53:38] [136/326] SRTU
[01:53:39] [137/326] VRSA
[01:53:39] [138/326] VARS
[01:53:40] [139/326] DSCZ
[01:53:40] [140/326] GAGA
[01:53:41] [141/326] SARV
[01:53:42] [142/326] SEEG
[01:53:42] [143/326] GLCA
[01:53:43] [144/326] APAS
[01:53:44] [145/326] VCIA
[01:53:44] 🔄 Identity reset
[01:53:44] 🔄 Identity rotated (every 10 requests)
[01:53:44] [146/326] SJTA
[01:53:45] [147/326] SABM
[01:53:45] [148/326] PPAG
[01:53:46] [149/326] RVCA
[01:53:46] [150/326] CCIA
[01:53:47] [151/326] HTAG
[01:53:48] [152/326] SMBI
[01:53:49] [153/326] MCJR
[01:53:49] [154/326] CCJR
[01:53:50] [155/326] SINF
[01:53:50] 🔄 Identity reset
[01:53:50] 🔄 Identity rotated (every 10 requests)
[01:53:51] [156/326] CPLX
[01:53:51] [157/326] KKTJ
[01:53:52] [158/326] GDBW
[01:53:53] [159/326] CSUB
[01:53:53] [160/326] DABA
[01:53:54] [161/326] TITR
[01:53:55] [162/326] NYCR
[01:53:55] [163/326] RTRY
[01:53:56] [164/326] JTJL
[01:53:57] [165/326] SJCP
[01:53:57] 🔄 Identity reset
[01:53:57] 🔄 Identity rotated (every 10 requests)
[01:53:58] [166/326] KCCA
[01:53:58] [167/326] MLPG
[01:53:59] [168/326] VRCK
[01:54:00] [169/326] SRIN
[01:54:00] [170/326] CXMK
[01:54:01] [171/326] SKAD
[01:54:02] [172/326] AVTR
[01:54:02] [173/326] PTAJ
[01:54:03] [174/326] SCNK
[01:54:04] [175/326] STTI
[01:54:04] 🔄 Identity reset
[01:54:04] 🔄 Identity rotated (every 10 requests)
[01:54:04] [176/326] KACR
[01:54:05] [177/326] SSDX
[01:54:06] [178/326] VRTJ
[01:54:06] [179/326] RAJD
[01:54:07] [180/326] SCIP
[01:54:08] [181/326] RJSL
[01:54:08] [182/326] ARRS
[01:54:09] [183/326] ASMS
[01:54:09] [184/326] RDTS
[01:54:10] [185/326] DVMY
[01:54:11] 🔄 Identity reset
[01:54:11] 🔄 Identity rotated (every 10 requests)
[01:54:11] [186/326] RASA
[01:54:12] [187/326] INOM
[01:54:13] [188/326] SPRS
[01:54:13] [189/326] SGCS
[01:54:14] [190/326] SALM
[01:54:15] [191/326] PKHC
[01:54:15] [192/326] RCSV
[01:54:16] [193/326] CPKC
[01:54:17] [194/326] AACD
[01:54:17] [195/326] GGCV
[01:54:18] 🔄 Identity reset
[01:54:18] 🔄 Identity rotated (every 10 requests)
[01:54:18] [196/326] SMKD
[01:54:19] [197/326] NBCH
[01:54:20] [198/326] AMCB
[01:54:20] [199/326] OPCN
[01:54:21] [200/326] DCIN
[01:54:21] [201/326] INGW
[01:54:22] [202/326] PKKW
[01:54:23] [203/326] FNGW
[01:54:23] [204/326] GCGD
[01:54:24] [205/326] MSTW
[01:54:25] 🔄 Identity reset
[01:54:25] 🔄 Identity rotated (every 10 requests)
[01:54:25] [206/326] KCCG
[01:54:25] [207/326] MRSS
[01:54:26] [208/326] CLCF
[01:54:27] [209/326] EETS
[01:54:27] [210/326] AATR
[01:54:28] [211/326] CMMN
[01:54:29] [212/326] SCCJ
[01:54:29] [213/326] CDTK
[01:54:30] [214/326] AICP
[01:54:30] [215/326] FNBP
[01:54:31] 🔄 Identity reset
[01:54:31] 🔄 Identity rotated (every 10 requests)
[01:54:31] 🔄 Retry 1/5 for FNBP in 2.5s
[01:54:31] 🔄 Identity reset
[01:54:33] 🧠 New identity created
[01:54:34] [216/326] CBPB
[01:54:34] [217/326] CPAS
[01:54:35] [218/326] MAPM
[01:54:36] [219/326] PASD
[01:54:36] [220/326] JCMN
[01:54:37] [221/326] MALB
[01:54:38] [222/326] SACG
[01:54:38] [223/326] DDRX
[01:54:39] [224/326] DDXB
[01:54:39] 🔄 Identity reset
[01:54:39] 🔄 Identity rotated (every 10 requests)
[01:54:40] [225/326] RAMC
[01:54:40] [226/326] SANC
[01:54:41] [227/326] BCBP
[01:54:42] [228/326] ALPC
[01:54:42] [229/326] RBAC
[01:54:43] [230/326] RAJL
[01:54:43] [231/326] MPDX
[01:54:44] [232/326] MUSC
[01:54:45] [233/326] VKMK
[01:54:45] [234/326] SKCG
[01:54:46] 🔄 Identity reset
[01:54:46] 🔄 Identity rotated (every 10 requests)
[01:54:46] 🔄 Retry 1/5 for SKCG in 2.9s
[01:54:46] 🔄 Identity reset
[01:54:49] 🧠 New identity created
[01:54:49] [235/326] ANCN
[01:54:50] [236/326] MMCJ
[01:54:50] [237/326] DCAK
[01:54:51] [238/326] SCKG
[01:54:52] [239/326] LMCK
[01:54:52] [240/326] CKKX
[01:54:53] [241/326] ANKU
[01:54:54] [242/326] CSMD
[01:54:55] [243/326] MKMP
[01:54:55] 🔄 Identity reset
[01:54:55] 🔄 Identity rotated (every 10 requests)
[01:54:55] [244/326] SVBG
[01:54:56] [245/326] ROOP
[01:54:57] [246/326] GDMT
[01:54:57] [247/326] FPPF
[01:54:58] [248/326] SFUU
[01:54:59] [249/326] ANCB
[01:55:00] [250/326] SMMC
[01:55:00] [251/326] UGKT
[01:55:01] [252/326] JVRM
[01:55:02] [253/326] BATG
[01:55:02] 🔄 Identity reset
[01:55:02] 🔄 Identity rotated (every 10 requests)
[01:55:02] 🔄 Retry 1/5 for BATG in 2.5s
[01:55:02] 🔄 Identity reset
[01:55:05] 🧠 New identity created
[01:55:05] [254/326] RATE
[01:55:06] [255/326] SKME
[01:55:06] [256/326] LMTP
[01:55:07] [257/326] TCBD
[01:55:08] [258/326] ESBD
[01:55:08] [259/326] GDCU
[01:55:09] [260/326] SNKT
[01:55:09] [261/326] SRNK
[01:55:10] [262/326] SMED
[01:55:10] 🔄 Identity reset
[01:55:10] 🔄 Identity rotated (every 10 requests)
[01:55:10] [263/326] CSQS
[01:55:11] [264/326] ALCS
[01:55:12] [265/326] KCKN
[01:55:12] [266/326] VCCL
[01:55:13] [267/326] MCDA
[01:55:14] [268/326] SHMI
[01:55:14] [269/326] SKHA
[01:55:15] [270/326] SVFK
[01:55:16] [271/326] INVB
[01:55:17] [272/326] MELD
[01:55:17] 🔄 Identity reset
[01:55:17] 🔄 Identity rotated (every 10 requests)
[01:55:17] [273/326] JTYS
[01:55:18] [274/326] INCM
[01:55:18] [275/326] MCDV
[01:55:19] [276/326] KSGK
[01:55:20] [277/326] ICMG
[01:55:20] [278/326] CSCV
[01:55:21] [279/326] STMD
[01:55:22] [280/326] STTR
[01:55:23] [281/326] INVC
[01:55:23] [282/326] JTBL
[01:55:24] 🔄 Identity reset
[01:55:24] 🔄 Identity rotated (every 10 requests)
[01:55:24] [283/326] SRVV
[01:55:25] [284/326] MAVC
[01:55:25] [285/326] SRPP
[01:55:26] [286/326] JGDM
[01:55:26] [287/326] MBSJ
[01:55:27] [288/326] SSLL
[01:55:28] [289/326] SLKP
[01:55:28] [290/326] NSRV
[01:55:29] [291/326] UTDV
[01:55:30] [292/326] KICM
[01:55:30] 🔄 Identity reset
[01:55:30] 🔄 Identity rotated (every 10 requests)
[01:55:30] [293/326] KCMD
[01:55:31] [294/326] TTPP
[01:55:32] [295/326] KMPV
[01:55:32] [296/326] SKTV
[01:55:33] [297/326] STCV
[01:55:34] [298/326] SRDA
[01:55:34] [299/326] JTSX
[01:55:35] [300/326] STBV
[01:55:36] [301/326] APVZ
[01:55:36] [302/326] GSTV
[01:55:37] 🔄 Identity reset
[01:55:37] 🔄 Identity rotated (every 10 requests)
[01:55:37] [303/326] NMVS
[01:55:38] [304/326] SKRT
[01:55:38] [305/326] RMDV
[01:55:39] [306/326] RATG
[01:55:40] [307/326] SJYV
[01:55:40] [308/326] NDGP
[01:55:41] [309/326] SNDG
[01:55:42] [310/326] INSR
[01:55:42] [311/326] INSO
[01:55:43] [312/326] CCSI
[01:55:44] 🔄 Identity reset
[01:55:44] 🔄 Identity rotated (every 10 requests)
[01:55:44] [313/326] RASM
[01:55:44] [314/326] NEWC
[01:55:45] [315/326] VSHL
[01:55:45] [316/326] BISW
[01:55:46] [317/326] GCNG
[01:55:47] [318/326] CWSC
[01:55:47] [319/326] SKAN
[01:55:48] [320/326] CCOA
[01:55:49] [321/326] MCAJ
[01:55:49] [322/326] ACDE
[01:55:50] 🔄 Identity reset
[01:55:50] 🔄 Identity rotated (every 10 requests)
[01:55:50] [323/326] AACM
[01:55:51] [324/326] JJCK
[01:55:52] [325/326] RCMO
[01:55:52] [326/326] GDAW
[01:55:53] ✅ DONE | Shows=0 | Movies=0
