[00:17:36] 🚀 BMS DAILY TRACKER STARTED (enhanced anti‑detection)
[00:17:36] [1/326] BSAT
[00:17:37] 🧠 New identity created
[00:17:37] [2/326] RSSM
[00:17:38] [3/326] GCTA
[00:17:39] [4/326] TOPN
[00:17:40] [5/326] MCUS
[00:17:41] [6/326] SHRL
[00:17:42] [7/326] UPTP
[00:17:42] [8/326] TMMP
[00:17:43] [9/326] DNRP
[00:17:44] [10/326] SRLT
[00:17:45] 🔄 Identity reset
[00:17:45] 🔄 Identity rotated (every 10 requests)
[00:17:45] 🔄 Retry 1/5 for SRLT in 2.1s
[00:17:45] 🔄 Identity reset
[00:17:47] 🧠 New identity created
[00:17:48] [11/326] RCNS
[00:17:49] [12/326] DCBH
[00:17:49] [13/326] NAGJ
[00:17:50] [14/326] JVRC
[00:17:52] [15/326] KRJG
[00:17:53] [16/326] SRTJ
[00:17:54] [17/326] CMXM
[00:17:55] [18/326] STMI
[00:17:56] [19/326] SLST
[00:17:56] 🔄 Identity reset
[00:17:56] 🔄 Identity rotated (every 10 requests)
[00:17:58] [20/326] DTCN
[00:17:58] [21/326] STYN
[00:17:59] [22/326] SZVR
[00:18:01] [23/326] SRKO
[00:18:02] [24/326] JTGT
[00:18:03] [25/326] SVFD
[00:18:04] [26/326] SISD
[00:18:05] [27/326] ABDD
[00:18:06] [28/326] DRCA
[00:18:06] [29/326] AVCS
[00:18:07] 🔄 Identity reset
[00:18:07] 🔄 Identity rotated (every 10 requests)
[00:18:08] [30/326] MVKH
[00:18:09] [31/326] ACPR
[00:18:10] [32/326] STIP
[00:18:11] [33/326] MTRA
[00:18:12] [34/326] RMKH
[00:18:12] [35/326] NKRL
[00:18:13] [36/326] PCWN
[00:18:14] [37/326] BLMT
[00:18:15] [38/326] GDPG
[00:18:16] [39/326] SRMX
[00:18:16] 🔄 Identity reset
[00:18:16] 🔄 Identity rotated (every 10 requests)
[00:18:17] [40/326] JACP
[00:18:19] [41/326] CPSH
[00:18:20] [42/326] MCCD
[00:18:20] [43/326] ECGH
[00:18:21] [44/326] MKCK
[00:18:22] [45/326] SRMM
[00:18:23] [46/326] SKYR
[00:18:24] [47/326] PCKC
[00:18:25] [48/326] JCMA
[00:18:26] [49/326] BSMP
[00:18:27] 🔄 Identity reset
[00:18:27] 🔄 Identity rotated (every 10 requests)
[00:18:27] [50/326] VSPA
[00:18:28] [51/326] DJYA
[00:18:29] [52/326] DIMP
[00:18:31] [53/326] FXDR
[00:18:32] [54/326] SSRC
[00:18:33] [55/326] STHP
[00:18:34] [56/326] CPPD
[00:18:35] [57/326] FCLK
[00:18:36] [58/326] SCPP
[00:18:36] [59/326] DCMJ
[00:18:37] 🔄 Identity reset
[00:18:37] 🔄 Identity rotated (every 10 requests)
[00:18:37] [60/326] RCCR
[00:18:38] [61/326] INMT
[00:18:39] [62/326] LXTK
[00:18:40] [63/326] SRYK
[00:18:42] [64/326] SGDK
[00:18:43] [65/326] PPKA
[00:18:43] [66/326] SPKA
[00:18:45] [67/326] CGHH
[00:18:46] [68/326] DCJN
[00:18:47] [69/326] SRKV
[00:18:48] 🔄 Identity reset
[00:18:48] 🔄 Identity rotated (every 10 requests)
[00:18:48] [70/326] SAJC
[00:18:49] [71/326] SUSR
[00:18:50] [72/326] STYG
[00:18:51] [73/326] NTKP
[00:18:52] [74/326] AKTG
[00:18:53] [75/326] CGCM
[00:18:54] [76/326] TULC
[00:18:55] [77/326] NYYZ
[00:18:56] [78/326] NYBW
[00:18:57] [79/326] MACB
[00:18:58] 🔄 Identity reset
[00:18:58] 🔄 Identity rotated (every 10 requests)
[00:18:58] [80/326] SLVT
[00:18:59] [81/326] SANA
[00:19:00] [82/326] ACMR
[00:19:01] [83/326] CPKN
[00:19:02] [84/326] DLGK
[00:19:03] [85/326] CWCK
[00:19:04] [86/326] FDDH
[00:19:05] [87/326] MMMD
[00:19:06] [88/326] CMEH
[00:19:07] [89/326] GGGV
[00:19:07] 🔄 Identity reset
[00:19:07] 🔄 Identity rotated (every 10 requests)
[00:19:08] [90/326] SPJL
[00:19:09] [91/326] RCCD
[00:19:11] [92/326] STTZ
[00:19:11] [93/326] BTCF
[00:19:12] [94/326] TSTZ
[00:19:13] [95/326] IPMM
[00:19:14] [96/326] PMPW
[00:19:15] [97/326] PCMZ
[00:19:16] [98/326] ESEM
[00:19:17] [99/326] PIPO
[00:19:18] 🔄 Identity reset
[00:19:18] 🔄 Identity rotated (every 10 requests)
[00:19:19] [100/326] MATK
[00:19:20] [101/326] PGHM
[00:19:21] [102/326] CTSR
[00:19:21] [103/326] CYKR
[00:19:22] [104/326] MSCM
[00:19:24] [105/326] RFNP
[00:19:24] [106/326] PDCP
[00:19:25] [107/326] NPSE
[00:19:26] [108/326] MKML
[00:19:27] [109/326] FTDP
[00:19:28] 🔄 Identity reset
[00:19:28] 🔄 Identity rotated (every 10 requests)
[00:19:28] 🔄 Retry 1/5 for FTDP in 2.7s
[00:19:28] 🔄 Identity reset
[00:19:31] 🧠 New identity created
[00:19:31] [110/326] MMXA
[00:19:32] [111/326] CEPO
[00:19:33] [112/326] CMVP
[00:19:34] [113/326] SGTH
[00:19:35] [114/326] SAYN
[00:19:36] [115/326] URVS
[00:19:37] [116/326] VJTN
[00:19:38] [117/326] BBYK
[00:19:39] [118/326] SHBO
[00:19:39] 🔄 Identity reset
[00:19:39] 🔄 Identity rotated (every 10 requests)
[00:19:40] [119/326] VCMR
[00:19:41] [120/326] MACT
[00:19:41] [121/326] JMNP
[00:19:42] [122/326] VICS
[00:19:43] [123/326] VCDA
[00:19:44] [124/326] GCMM
[00:19:45] [125/326] INVS
[00:19:46] [126/326] SCGM
[00:19:47] [127/326] PCDA
[00:19:47] [128/326] KDCT
[00:19:48] 🔄 Identity reset
[00:19:48] 🔄 Identity rotated (every 10 requests)
[00:19:49] [129/326] JACS
[00:19:50] [130/326] GMMC
[00:19:52] [131/326] AICM
[00:19:53] [132/326] TJCM
[00:19:54] [133/326] RMTI
[00:19:55] [134/326] SHAC
[00:19:55] [135/326] APJC
[00:19:56] [136/326] GCTG
[00:19:57] [137/326] SSMC
[00:19:58] [138/326] THRM
[00:19:59] 🔄 Identity reset
[00:19:59] 🔄 Identity rotated (every 10 requests)
[00:19:59] [139/326] RBCT
[00:20:00] [140/326] DIKT
[00:20:01] [141/326] MIDL
[00:20:02] [142/326] VCSN
[00:20:03] [143/326] SKTG
[00:20:04] [144/326] SMWC
[00:20:05] [145/326] MNKH
[00:20:06] [146/326] PIAT
[00:20:07] [147/326] LTTP
[00:20:07] [148/326] PTPU
[00:20:08] 🔄 Identity reset
[00:20:08] 🔄 Identity rotated (every 10 requests)
[00:20:08] [149/326] ACMG
[00:20:09] [150/326] SHMM
[00:20:11] [151/326] MCMN
[00:20:12] [152/326] GLDC
[00:20:13] [153/326] HOUT
[00:20:14] [154/326] SVRP
[00:20:15] [155/326] PVDN
[00:20:16] [156/326] SCPY
[00:20:17] [157/326] DTPY
[00:20:18] [158/326] GKCS
[00:20:18] 🔄 Identity reset
[00:20:18] 🔄 Identity rotated (every 10 requests)
[00:20:19] [159/326] NCAM
[00:20:21] [160/326] BSRM
[00:20:21] [161/326] RCLC
[00:20:22] [162/326] SKKD
[00:20:23] [163/326] ACHU
[00:20:24] [164/326] RSCF
[00:20:25] [165/326] IMSH
[00:20:26] [166/326] MACX
[00:20:27] [167/326] HMMW
[00:20:27] [168/326] JTCP
[00:20:28] 🔄 Identity reset
[00:20:28] 🔄 Identity rotated (every 10 requests)
[00:20:28] 🔄 Retry 1/5 for JTCP in 2.3s
[00:20:28] 🔄 Identity reset
[00:20:30] 🧠 New identity created
[00:20:30] [169/326] SREN
[00:20:31] [170/326] PJRR
[00:20:32] [171/326] INAC
[00:20:33] [172/326] BMCA
[00:20:34] [173/326] SHCB
[00:20:35] [174/326] GABA
[00:20:36] [175/326] SBCT
[00:20:37] [176/326] GCMA
[00:20:37] [177/326] MYTK
[00:20:38] 🔄 Identity reset
[00:20:38] 🔄 Identity rotated (every 10 requests)
[00:20:38] [178/326] INZS
[00:20:39] [179/326] RMIK
[00:20:40] [180/326] NYCH
[00:20:41] [181/326] RAVE
[00:20:42] [182/326] PSXM
[00:20:43] [183/326] MCGP
[00:20:44] [184/326] PDDK
[00:20:45] [185/326] SPCK
[00:20:46] [186/326] MCRL
[00:20:47] [187/326] MHKT
[00:20:47] 🔄 Identity reset
[00:20:47] 🔄 Identity rotated (every 10 requests)
[00:20:47] [188/326] ANRR
[00:20:48] [189/326] SAPK
[00:20:49] [190/326] NCUK
[00:20:50] [191/326] JUGA
[00:20:51] [192/326] DBSC
[00:20:52] [193/326] LALK
[00:20:53] [194/326] GUCK
[00:20:54] [195/326] STSG
[00:20:55] [196/326] PPPZ
[00:20:56] [197/326] CNCY
[00:20:56] 🔄 Identity reset
[00:20:56] 🔄 Identity rotated (every 10 requests)
[00:20:57] [198/326] MTAR
[00:20:58] [199/326] VNKD
[00:20:58] [200/326] KMAJ
[00:20:59] [201/326] ACXK
[00:21:00] [202/326] UTKC
[00:21:01] [203/326] PBLK
[00:21:02] [204/326] ACBX
[00:21:03] [205/326] PTGM
[00:21:03] [206/326] BTDA
[00:21:04] [207/326] PJMB
[00:21:05] 🔄 Identity reset
[00:21:05] 🔄 Identity rotated (every 10 requests)
[00:21:05] [208/326] TPDA
[00:21:06] [209/326] AMOE
[00:21:07] [210/326] PRHT
[00:21:08] [211/326] PRTA
[00:21:09] [212/326] STAM
[00:21:10] [213/326] MSAA
[00:21:11] [214/326] SDLU
[00:21:12] [215/326] RCHH
[00:21:13] [216/326] KANT
[00:21:14] [217/326] FCRT
[00:21:14] 🔄 Identity reset
[00:21:14] 🔄 Identity rotated (every 10 requests)
[00:21:16] [218/326] DNKM
[00:21:16] [219/326] RYCP
[00:21:17] [220/326] MYRP
[00:21:18] [221/326] PPAK
[00:21:19] [222/326] NVPK
[00:21:20] [223/326] PRMC
[00:21:22] [224/326] JBCS
[00:21:23] [225/326] GXCK
[00:21:24] [226/326] USKO
[00:21:25] [227/326] GTEM
[00:21:26] 🔄 Identity reset
[00:21:26] 🔄 Identity rotated (every 10 requests)
[00:21:26] [228/326] SMBU
[00:21:27] [229/326] VETC
[00:21:29] [230/326] LCDA
[00:21:30] [231/326] MTVT
[00:21:31] [232/326] PYCP
[00:21:32] [233/326] PNSC
[00:21:33] [234/326] PPCC
[00:21:34] [235/326] TGRT
[00:21:35] [236/326] JYOT
[00:21:36] [237/326] SRCZ
[00:21:37] 🔄 Identity reset
[00:21:37] 🔄 Identity rotated (every 10 requests)
[00:21:38] [238/326] SJTE
[00:21:39] [239/326] DESC
[00:21:40] [240/326] JHVN
[00:21:41] [241/326] IPSG
[00:21:41] [242/326] IPCM
[00:21:42] [243/326] PDRS
[00:21:43] [244/326] ANCV
[00:21:44] [245/326] CMVV
[00:21:45] [246/326] SHYP
[00:21:46] [247/326] DNCS
[00:21:47] 🔄 Identity reset
[00:21:47] 🔄 Identity rotated (every 10 requests)
[00:21:47] [248/326] GAJK
[00:21:49] [249/326] AKTN
[00:21:49] [250/326] KAYA
[00:21:50] [251/326] SBRC
[00:21:51] [252/326] CHTP
[00:21:52] [253/326] SHRT
[00:21:53] [254/326] BCKU
[00:21:54] [255/326] FCPS
[00:21:56] [256/326] ARDD
[00:21:57] [257/326] CPCM
[00:21:57] 🔄 Identity reset
[00:21:57] 🔄 Identity rotated (every 10 requests)
[00:21:58] [258/326] CGSM
[00:21:58] [259/326] PSMP
[00:21:59] [260/326] SDAL
[00:22:00] [261/326] RTNB
[00:22:01] [262/326] LMCR
[00:22:02] [263/326] CIMA
[00:22:03] [264/326] RNAS
[00:22:04] [265/326] LITH
[00:22:05] [266/326] PBOX
[00:22:06] [267/326] FRTS
[00:22:06] 🔄 Identity reset
[00:22:06] 🔄 Identity rotated (every 10 requests)
[00:22:06] 🔄 Retry 1/5 for FRTS in 2.3s
[00:22:06] 🔄 Identity reset
[00:22:09] 🧠 New identity created
[00:22:09] 🔄 Retry 2/5 for FRTS in 4.3s
[00:22:09] 🔄 Identity reset
[00:22:13] 🧠 New identity created
[00:22:14] [268/326] RKIC
[00:22:15] [269/326] PTAI
[00:22:16] [270/326] GCIC
[00:22:17] [271/326] FNAS
[00:22:18] [272/326] SCAR
[00:22:19] [273/326] MTCA
[00:22:20] [274/326] SCTS
[00:22:22] [275/326] SYCS
[00:22:22] 🔄 Identity reset
[00:22:22] 🔄 Identity rotated (every 10 requests)
[00:22:22] [276/326] RDMS
[00:22:23] [277/326] KAMP
[00:22:24] [278/326] ERSD
[00:22:25] [279/326] MJMJ
[00:22:26] [280/326] SRCJ
[00:22:27] [281/326] SCXE
[00:22:28] [282/326] SVFR
[00:22:29] [283/326] BHCS
[00:22:30] [284/326] IMCC
[00:22:32] [285/326] PCBO
[00:22:32] 🔄 Identity reset
[00:22:32] 🔄 Identity rotated (every 10 requests)
[00:22:32] 🔄 Retry 1/5 for PCBO in 2.8s
[00:22:32] 🔄 Identity reset
[00:22:35] 🧠 New identity created
[00:22:36] [286/326] PRVN
[00:22:37] [287/326] AUPM
[00:22:37] [288/326] INBW
[00:22:39] [289/326] SVCW
[00:22:40] [290/326] RKCF
[00:22:40] [291/326] UVBH
[00:22:41] [292/326] DNCY
[00:22:42] [293/326] ABCN
[00:22:43] [294/326] PRUR
[00:22:44] 🔄 Identity reset
[00:22:44] 🔄 Identity rotated (every 10 requests)
[00:22:44] [295/326] PFMR
[00:22:45] [296/326] RKCN
[00:22:46] [297/326] CFEA
[00:22:47] [298/326] SDBG
[00:22:49] [299/326] SNAR
[00:22:50] [300/326] YISI
[00:22:51] [301/326] JCFF
[00:22:51] [302/326] VTRK
[00:22:52] [303/326] PCLZ
[00:22:53] [304/326] DIMY
[00:22:54] 🔄 Identity reset
[00:22:54] 🔄 Identity rotated (every 10 requests)
[00:22:54] [305/326] BBTS
[00:22:55] [306/326] GATH
[00:22:56] [307/326] GTMN
[00:22:57] [308/326] VTMH
[00:22:58] [309/326] CCKP
[00:22:59] [310/326] GPKA
[00:23:00] [311/326] MHCL
[00:23:01] [312/326] ATCL
[00:23:02] [313/326] SBCK
[00:23:03] [314/326] AMMR
[00:23:03] 🔄 Identity reset
[00:23:03] 🔄 Identity rotated (every 10 requests)
[00:23:04] [315/326] MADC
[00:23:05] [316/326] TMMA
[00:23:06] [317/326] CACC
[00:23:07] [318/326] CHAL
[00:23:08] [319/326] DURG
[00:23:09] [320/326] GMKU
[00:23:10] [321/326] GECA
[00:23:11] [322/326] KYRR
[00:23:13] [323/326] KSDE
[00:23:13] [324/326] LMCI
[00:23:14] 🔄 Identity reset
[00:23:14] 🔄 Identity rotated (every 10 requests)
[00:23:15] [325/326] NKCP
[00:23:16] [326/326] BGTC
[00:23:17] ✅ DONE | Shows=1 | Movies=1
[01:17:37] 🚀 BMS DAILY TRACKER STARTED (enhanced anti‑detection)
[01:17:37] [1/326] BSAT
[01:17:38] 🧠 New identity created
[01:17:38] 🔄 Retry 1/5 for BSAT in 2.8s
[01:17:38] 🔄 Identity reset
[01:17:41] 🧠 New identity created
[01:17:41] 🔄 Retry 2/5 for BSAT in 4.9s
[01:17:41] 🔄 Identity reset
[01:17:46] 🧠 New identity created
[01:17:46] [2/326] RSSM
[01:17:48] [3/326] GCTA
[01:17:49] [4/326] TOPN
[01:17:49] [5/326] MCUS
[01:17:51] [6/326] SHRL
[01:17:52] [7/326] UPTP
[01:17:54] [8/326] TMMP
[01:17:54] 🔄 Identity reset
[01:17:54] 🔄 Identity rotated (every 10 requests)
[01:17:54] 🔄 Retry 1/5 for TMMP in 2.1s
[01:17:54] 🔄 Identity reset
[01:17:56] 🧠 New identity created
[01:17:56] 🔄 Retry 2/5 for TMMP in 4.4s
[01:17:56] 🔄 Identity reset
[01:18:01] 🧠 New identity created
[01:18:01] [9/326] DNRP
[01:18:02] [10/326] SRLT
[01:18:03] [11/326] RCNS
[01:18:04] [12/326] DCBH
[01:18:05] [13/326] NAGJ
[01:18:06] [14/326] JVRC
[01:18:06] [15/326] KRJG
[01:18:07] [16/326] SRTJ
[01:18:08] 🔄 Identity reset
[01:18:08] 🔄 Identity rotated (every 10 requests)
[01:18:08] 🔄 Retry 1/5 for SRTJ in 2.4s
[01:18:08] 🔄 Identity reset
[01:18:10] 🧠 New identity created
[01:18:10] 🔄 Retry 2/5 for SRTJ in 4.6s
[01:18:10] 🔄 Identity reset
[01:18:15] 🧠 New identity created
[01:18:15] 🔄 Retry 3/5 for SRTJ in 8.8s
[01:18:15] 🔄 Identity reset
[01:18:24] 🧠 New identity created
[01:18:24] 🔄 Retry 4/5 for SRTJ in 16.4s
[01:18:24] 🔄 Identity reset
[01:18:40] 🧠 New identity created
[01:18:41] [17/326] CMXM
[01:18:42] [18/326] STMI
[01:18:43] [19/326] SLST
[01:18:44] [20/326] DTCN
[01:18:46] [21/326] STYN
[01:18:47] [22/326] SZVR
[01:18:47] 🔄 Identity reset
[01:18:48] 🔄 Identity rotated (every 10 requests)
[01:18:48] [23/326] SRKO
[01:18:49] [24/326] JTGT
[01:18:49] [25/326] SVFD
[01:18:50] [26/326] SISD
[01:18:51] [27/326] ABDD
[01:18:52] [28/326] DRCA
[01:18:53] [29/326] AVCS
[01:18:54] [30/326] MVKH
[01:18:56] [31/326] ACPR
[01:18:57] [32/326] STIP
[01:18:58] 🔄 Identity reset
[01:18:58] 🔄 Identity rotated (every 10 requests)
[01:18:58] [33/326] MTRA
[01:18:59] [34/326] RMKH
[01:19:00] [35/326] NKRL
[01:19:01] [36/326] PCWN
[01:19:02] [37/326] BLMT
[01:19:04] [38/326] GDPG
[01:19:05] [39/326] SRMX
[01:19:05] [40/326] JACP
[01:19:07] [41/326] CPSH
[01:19:08] [42/326] MCCD
[01:19:09] 🔄 Identity reset
[01:19:09] 🔄 Identity rotated (every 10 requests)
[01:19:09] [43/326] ECGH
[01:19:10] [44/326] MKCK
[01:19:11] [45/326] SRMM
[01:19:12] [46/326] SKYR
[01:19:13] [47/326] PCKC
[01:19:14] [48/326] JCMA
[01:19:15] [49/326] BSMP
[01:19:16] [50/326] VSPA
[01:19:16] [51/326] DJYA
[01:19:17] [52/326] DIMP
[01:19:18] 🔄 Identity reset
[01:19:18] 🔄 Identity rotated (every 10 requests)
[01:19:18] [53/326] FXDR
[01:19:19] [54/326] SSRC
[01:19:20] [55/326] STHP
[01:19:21] [56/326] CPPD
[01:19:22] [57/326] FCLK
[01:19:23] [58/326] SCPP
[01:19:23] [59/326] DCMJ
[01:19:24] [60/326] RCCR
[01:19:25] [61/326] INMT
[01:19:26] [62/326] LXTK
[01:19:27] 🔄 Identity reset
[01:19:27] 🔄 Identity rotated (every 10 requests)
[01:19:27] 🔄 Retry 1/5 for LXTK in 2.6s
[01:19:27] 🔄 Identity reset
[01:19:30] 🧠 New identity created
[01:19:30] 🔄 Retry 2/5 for LXTK in 4.3s
[01:19:30] 🔄 Identity reset
[01:19:34] 🧠 New identity created
[01:19:34] 🔄 Retry 3/5 for LXTK in 8.6s
[01:19:34] 🔄 Identity reset
[01:19:43] 🧠 New identity created
[01:19:43] [63/326] SRYK
[01:19:44] [64/326] SGDK
[01:19:45] [65/326] PPKA
[01:19:46] [66/326] SPKA
[01:19:47] [67/326] CGHH
[01:19:48] [68/326] DCJN
[01:19:49] [69/326] SRKV
[01:19:49] 🔄 Identity reset
[01:19:49] 🔄 Identity rotated (every 10 requests)
[01:19:49] 🔄 Retry 1/5 for SRKV in 2.3s
[01:19:49] 🔄 Identity reset
[01:19:52] 🧠 New identity created
[01:19:52] [70/326] SAJC
[01:19:53] [71/326] SUSR
[01:19:54] [72/326] STYG
[01:19:55] [73/326] NTKP
[01:19:56] [74/326] AKTG
[01:19:57] [75/326] CGCM
[01:19:57] [76/326] TULC
[01:19:58] [77/326] NYYZ
[01:20:00] [78/326] NYBW
[01:20:00] 🔄 Identity reset
[01:20:00] 🔄 Identity rotated (every 10 requests)
[01:20:01] [79/326] MACB
[01:20:02] [80/326] SLVT
[01:20:03] [81/326] SANA
[01:20:03] [82/326] ACMR
[01:20:04] [83/326] CPKN
[01:20:05] [84/326] DLGK
[01:20:06] [85/326] CWCK
[01:20:07] [86/326] FDDH
[01:20:08] [87/326] MMMD
[01:20:09] [88/326] CMEH
[01:20:10] 🔄 Identity reset
[01:20:10] 🔄 Identity rotated (every 10 requests)
[01:20:10] [89/326] GGGV
[01:20:11] [90/326] SPJL
[01:20:12] [91/326] RCCD
[01:20:13] [92/326] STTZ
[01:20:14] [93/326] BTCF
[01:20:14] [94/326] TSTZ
[01:20:15] [95/326] IPMM
[01:20:16] [96/326] PMPW
[01:20:18] [97/326] PCMZ
[01:20:19] [98/326] ESEM
[01:20:19] 🔄 Identity reset
[01:20:19] 🔄 Identity rotated (every 10 requests)
[01:20:20] [99/326] PIPO
[01:20:21] [100/326] MATK
[01:20:22] [101/326] PGHM
[01:20:23] [102/326] CTSR
[01:20:24] [103/326] CYKR
[01:20:25] [104/326] MSCM
[01:20:26] [105/326] RFNP
[01:20:27] [106/326] PDCP
[01:20:28] [107/326] NPSE
[01:20:29] [108/326] MKML
[01:20:29] 🔄 Identity reset
[01:20:29] 🔄 Identity rotated (every 10 requests)
[01:20:30] [109/326] FTDP
[01:20:31] [110/326] MMXA
[01:20:31] [111/326] CEPO
[01:20:32] [112/326] CMVP
[01:20:33] [113/326] SGTH
[01:20:34] [114/326] SAYN
[01:20:35] [115/326] URVS
[01:20:36] [116/326] VJTN
[01:20:37] [117/326] BBYK
[01:20:38] [118/326] SHBO
[01:20:38] 🔄 Identity reset
[01:20:38] 🔄 Identity rotated (every 10 requests)
[01:20:38] 🔄 Retry 1/5 for SHBO in 2.8s
[01:20:38] 🔄 Identity reset
[01:20:41] 🧠 New identity created
[01:20:42] [119/326] VCMR
[01:20:42] [120/326] MACT
[01:20:43] [121/326] JMNP
[01:20:44] [122/326] VICS
[01:20:45] [123/326] VCDA
[01:20:46] [124/326] GCMM
[01:20:47] [125/326] INVS
[01:20:48] [126/326] SCGM
[01:20:49] [127/326] PCDA
[01:20:49] 🔄 Identity reset
[01:20:49] 🔄 Identity rotated (every 10 requests)
[01:20:50] [128/326] KDCT
[01:20:50] [129/326] JACS
[01:20:51] [130/326] GMMC
[01:20:52] [131/326] AICM
[01:20:53] [132/326] TJCM
[01:20:54] [133/326] RMTI
[01:20:55] [134/326] SHAC
[01:20:57] [135/326] APJC
[01:20:57] [136/326] GCTG
[01:20:58] [137/326] SSMC
[01:20:59] 🔄 Identity reset
[01:20:59] 🔄 Identity rotated (every 10 requests)
[01:20:59] [138/326] THRM
[01:21:00] [139/326] RBCT
[01:21:01] [140/326] DIKT
[01:21:02] [141/326] MIDL
[01:21:02] [142/326] VCSN
[01:21:03] [143/326] SKTG
[01:21:04] [144/326] SMWC
[01:21:05] [145/326] MNKH
[01:21:06] [146/326] PIAT
[01:21:07] [147/326] LTTP
[01:21:07] 🔄 Identity reset
[01:21:07] 🔄 Identity rotated (every 10 requests)
[01:21:08] [148/326] PTPU
[01:21:09] [149/326] ACMG
[01:21:10] [150/326] SHMM
[01:21:11] [151/326] MCMN
[01:21:11] [152/326] GLDC
[01:21:13] [153/326] HOUT
[01:21:14] [154/326] SVRP
[01:21:15] [155/326] PVDN
[01:21:16] [156/326] SCPY
[01:21:17] [157/326] DTPY
[01:21:17] 🔄 Identity reset
[01:21:17] 🔄 Identity rotated (every 10 requests)
[01:21:18] [158/326] GKCS
[01:21:18] [159/326] NCAM
[01:21:19] [160/326] BSRM
[01:21:20] [161/326] RCLC
[01:21:21] [162/326] SKKD
[01:21:22] [163/326] ACHU
[01:21:24] [164/326] RSCF
[01:21:25] [165/326] IMSH
[01:21:26] [166/326] MACX
[01:21:27] [167/326] HMMW
[01:21:27] 🔄 Identity reset
[01:21:27] 🔄 Identity rotated (every 10 requests)
[01:21:27] 🔄 Retry 1/5 for HMMW in 2.6s
[01:21:27] 🔄 Identity reset
[01:21:30] 🧠 New identity created
[01:21:31] [168/326] JTCP
[01:21:32] [169/326] SREN
[01:21:33] [170/326] PJRR
[01:21:33] [171/326] INAC
[01:21:34] [172/326] BMCA
[01:21:35] [173/326] SHCB
[01:21:36] [174/326] GABA
[01:21:37] [175/326] SBCT
[01:21:38] [176/326] GCMA
[01:21:39] 🔄 Identity reset
[01:21:39] 🔄 Identity rotated (every 10 requests)
[01:21:39] 🔄 Retry 1/5 for GCMA in 2.5s
[01:21:39] 🔄 Identity reset
[01:21:41] 🧠 New identity created
[01:21:42] [177/326] MYTK
[01:21:42] [178/326] INZS
[01:21:43] [179/326] RMIK
[01:21:44] [180/326] NYCH
[01:21:45] [181/326] RAVE
[01:21:46] [182/326] PSXM
[01:21:47] [183/326] MCGP
[01:21:48] [184/326] PDDK
[01:21:49] [185/326] SPCK
[01:21:49] 🔄 Identity reset
[01:21:49] 🔄 Identity rotated (every 10 requests)
[01:21:50] [186/326] MCRL
[01:21:51] [187/326] MHKT
[01:21:51] [188/326] ANRR
[01:21:52] [189/326] SAPK
[01:21:53] [190/326] NCUK
[01:21:54] [191/326] JUGA
[01:21:55] [192/326] DBSC
[01:21:56] [193/326] LALK
[01:21:57] [194/326] GUCK
[01:21:58] [195/326] STSG
[01:21:58] 🔄 Identity reset
[01:21:58] 🔄 Identity rotated (every 10 requests)
[01:21:59] [196/326] PPPZ
[01:21:59] [197/326] CNCY
[01:22:00] [198/326] MTAR
[01:22:02] [199/326] VNKD
[01:22:03] [200/326] KMAJ
[01:22:04] [201/326] ACXK
[01:22:05] [202/326] UTKC
[01:22:05] [203/326] PBLK
[01:22:06] [204/326] ACBX
[01:22:07] [205/326] PTGM
[01:22:08] 🔄 Identity reset
[01:22:08] 🔄 Identity rotated (every 10 requests)
[01:22:08] [206/326] BTDA
[01:22:09] [207/326] PJMB
[01:22:10] [208/326] TPDA
[01:22:11] [209/326] AMOE
[01:22:12] [210/326] PRHT
[01:22:13] [211/326] PRTA
[01:22:14] [212/326] STAM
[01:22:15] [213/326] MSAA
[01:22:16] [214/326] SDLU
[01:22:16] [215/326] RCHH
[01:22:17] 🔄 Identity reset
[01:22:17] 🔄 Identity rotated (every 10 requests)
[01:22:17] 🔄 Retry 1/5 for RCHH in 2.9s
[01:22:17] 🔄 Identity reset
[01:22:20] 🧠 New identity created
[01:22:20] 🔄 Retry 2/5 for RCHH in 4.2s
[01:22:20] 🔄 Identity reset
[01:22:24] 🧠 New identity created
[01:22:24] [216/326] KANT
[01:22:25] [217/326] FCRT
[01:22:26] [218/326] DNKM
[01:22:27] [219/326] RYCP
[01:22:28] [220/326] MYRP
[01:22:29] [221/326] PPAK
[01:22:30] [222/326] NVPK
[01:22:31] [223/326] PRMC
[01:22:31] 🔄 Identity reset
[01:22:31] 🔄 Identity rotated (every 10 requests)
[01:22:31] 🔄 Retry 1/5 for PRMC in 2.3s
[01:22:31] 🔄 Identity reset
[01:22:33] 🧠 New identity created
[01:22:34] [224/326] JBCS
[01:22:35] [225/326] GXCK
[01:22:36] [226/326] USKO
[01:22:37] [227/326] GTEM
[01:22:38] [228/326] SMBU
[01:22:39] [229/326] VETC
[01:22:40] [230/326] LCDA
[01:22:41] [231/326] MTVT
[01:22:42] [232/326] PYCP
[01:22:42] 🔄 Identity reset
[01:22:43] 🔄 Identity rotated (every 10 requests)
[01:22:44] [233/326] PNSC
[01:22:45] [234/326] PPCC
[01:22:45] [235/326] TGRT
[01:22:46] [236/326] JYOT
[01:22:47] [237/326] SRCZ
[01:22:49] [238/326] SJTE
[01:22:50] [239/326] DESC
[01:22:52] [240/326] JHVN
[01:22:53] [241/326] IPSG
[01:22:54] [242/326] IPCM
[01:22:55] 🔄 Identity reset
[01:22:55] 🔄 Identity rotated (every 10 requests)
[01:22:55] 🔄 Retry 1/5 for IPCM in 2.2s
[01:22:55] 🔄 Identity reset
[01:22:57] 🧠 New identity created
[01:22:57] 🔄 Retry 2/5 for IPCM in 4.8s
[01:22:57] 🔄 Identity reset
[01:23:02] 🧠 New identity created
[01:23:02] 🔄 Retry 3/5 for IPCM in 8.4s
[01:23:02] 🔄 Identity reset
[01:23:10] 🧠 New identity created
[01:23:10] 🔄 Retry 4/5 for IPCM in 17.0s
[01:23:10] 🔄 Identity reset
[01:23:27] 🧠 New identity created
[01:23:27] ❌ IPCM failed after 5 attempts
[01:23:27] 🔄 Identity reset
[01:23:27] ❌ IPCM final failure | RuntimeError | HTTP 403
[01:23:27] [243/326] PDRS
[01:23:28] 🧠 New identity created
[01:23:28] [244/326] ANCV
[01:23:29] [245/326] CMVV
[01:23:30] [246/326] SHYP
[01:23:31] [247/326] DNCS
[01:23:32] [248/326] GAJK
[01:23:33] 🔄 Identity reset
[01:23:33] 🔄 Identity rotated (every 10 requests)
[01:23:33] [249/326] AKTN
[01:23:34] [250/326] KAYA
[01:23:35] [251/326] SBRC
[01:23:37] [252/326] CHTP
[01:23:38] [253/326] SHRT
[01:23:39] [254/326] BCKU
[01:23:40] [255/326] FCPS
[01:23:40] [256/326] ARDD
[01:23:41] [257/326] CPCM
[01:23:42] [258/326] CGSM
[01:23:43] 🔄 Identity reset
[01:23:43] 🔄 Identity rotated (every 10 requests)
[01:23:43] [259/326] PSMP
[01:23:44] [260/326] SDAL
[01:23:45] [261/326] RTNB
[01:23:46] [262/326] LMCR
[01:23:47] [263/326] CIMA
[01:23:48] [264/326] RNAS
[01:23:49] [265/326] LITH
[01:23:49] [266/326] PBOX
[01:23:51] [267/326] FRTS
[01:23:51] [268/326] RKIC
[01:23:52] 🔄 Identity reset
[01:23:52] 🔄 Identity rotated (every 10 requests)
[01:23:52] [269/326] PTAI
[01:23:53] [270/326] GCIC
[01:23:54] [271/326] FNAS
[01:23:55] [272/326] SCAR
[01:23:56] [273/326] MTCA
[01:23:57] [274/326] SCTS
[01:23:58] [275/326] SYCS
[01:23:59] [276/326] RDMS
[01:24:00] [277/326] KAMP
[01:24:00] [278/326] ERSD
[01:24:01] 🔄 Identity reset
[01:24:01] 🔄 Identity rotated (every 10 requests)
[01:24:01] [279/326] MJMJ
[01:24:02] [280/326] SRCJ
[01:24:03] [281/326] SCXE
[01:24:04] [282/326] SVFR
[01:24:05] [283/326] BHCS
[01:24:06] [284/326] IMCC
[01:24:07] [285/326] PCBO
[01:24:07] [286/326] PRVN
[01:24:08] [287/326] AUPM
[01:24:09] [288/326] INBW
[01:24:10] 🔄 Identity reset
[01:24:10] 🔄 Identity rotated (every 10 requests)
[01:24:10] [289/326] SVCW
[01:24:11] [290/326] RKCF
[01:24:13] [291/326] UVBH
[01:24:14] [292/326] DNCY
[01:24:15] [293/326] ABCN
[01:24:16] [294/326] PRUR
[01:24:17] [295/326] PFMR
[01:24:18] [296/326] RKCN
[01:24:19] [297/326] CFEA
[01:24:19] [298/326] SDBG
[01:24:20] 🔄 Identity reset
[01:24:20] 🔄 Identity rotated (every 10 requests)
[01:24:20] [299/326] SNAR
[01:24:22] [300/326] YISI
[01:24:23] [301/326] JCFF
[01:24:24] [302/326] VTRK
[01:24:25] [303/326] PCLZ
[01:24:25] [304/326] DIMY
[01:24:26] [305/326] BBTS
[01:24:27] [306/326] GATH
[01:24:28] [307/326] GTMN
[01:24:29] [308/326] VTMH
[01:24:30] 🔄 Identity reset
[01:24:30] 🔄 Identity rotated (every 10 requests)
[01:24:30] [309/326] CCKP
[01:24:31] [310/326] GPKA
[01:24:32] [311/326] MHCL
[01:24:33] [312/326] ATCL
[01:24:33] [313/326] SBCK
[01:24:34] [314/326] AMMR
[01:24:35] [315/326] MADC
[01:24:36] [316/326] TMMA
[01:24:37] [317/326] CACC
[01:24:38] [318/326] CHAL
[01:24:38] 🔄 Identity reset
[01:24:38] 🔄 Identity rotated (every 10 requests)
[01:24:38] 🔄 Retry 1/5 for CHAL in 2.4s
[01:24:38] 🔄 Identity reset
[01:24:41] 🧠 New identity created
[01:24:41] [319/326] DURG
[01:24:42] [320/326] GMKU
[01:24:43] [321/326] GECA
[01:24:44] [322/326] KYRR
[01:24:45] [323/326] KSDE
[01:24:45] [324/326] LMCI
[01:24:46] [325/326] NKCP
[01:24:47] [326/326] BGTC
[01:24:48] 🔁 RETRY ROUND 1 | Remaining: 1
[01:24:48] [RETRY-1] IPCM
[01:24:50] 🔄 Identity reset
[01:24:50] 🔄 Identity rotated (every 10 requests)
[01:24:51] ✅ DONE | Shows=1 | Movies=1
[01:51:39] 🚀 BMS DAILY TRACKER STARTED (enhanced anti‑detection)
[01:51:39] [1/326] BSAT
[01:51:40] 🧠 New identity created
[01:51:40] 🔄 Retry 1/5 for BSAT in 2.7s
[01:51:40] 🔄 Identity reset
[01:51:43] 🧠 New identity created
[01:51:43] [2/326] RSSM
[01:51:44] [3/326] GCTA
[01:51:45] [4/326] TOPN
[01:51:46] [5/326] MCUS
[01:51:47] [6/326] SHRL
[01:51:48] [7/326] UPTP
[01:51:48] [8/326] TMMP
[01:51:49] [9/326] DNRP
[01:51:49] 🔄 Identity reset
[01:51:49] 🔄 Identity rotated (every 10 requests)
[01:51:50] [10/326] SRLT
[01:51:50] [11/326] RCNS
[01:51:51] [12/326] DCBH
[01:51:52] [13/326] NAGJ
[01:51:53] [14/326] JVRC
[01:51:54] [15/326] KRJG
[01:51:55] [16/326] SRTJ
[01:51:56] [17/326] CMXM
[01:51:56] [18/326] STMI
[01:51:57] [19/326] SLST
[01:51:58] 🔄 Identity reset
[01:51:58] 🔄 Identity rotated (every 10 requests)
[01:51:58] [20/326] DTCN
[01:51:59] [21/326] STYN
[01:51:59] [22/326] SZVR
[01:52:00] [23/326] SRKO
[01:52:01] [24/326] JTGT
[01:52:02] [25/326] SVFD
[01:52:03] [26/326] SISD
[01:52:03] [27/326] ABDD
[01:52:04] [28/326] DRCA
[01:52:05] [29/326] AVCS
[01:52:05] 🔄 Identity reset
[01:52:05] 🔄 Identity rotated (every 10 requests)
[01:52:06] [30/326] MVKH
[01:52:07] [31/326] ACPR
[01:52:08] [32/326] STIP
[01:52:09] [33/326] MTRA
[01:52:09] [34/326] RMKH
[01:52:10] [35/326] NKRL
[01:52:11] [36/326] PCWN
[01:52:12] [37/326] BLMT
[01:52:13] [38/326] GDPG
[01:52:14] [39/326] SRMX
[01:52:14] 🔄 Identity reset
[01:52:14] 🔄 Identity rotated (every 10 requests)
[01:52:14] 🔄 Retry 1/5 for SRMX in 2.8s
[01:52:14] 🔄 Identity reset
[01:52:17] 🧠 New identity created
[01:52:17] [40/326] JACP
[01:52:18] [41/326] CPSH
[01:52:19] [42/326] MCCD
[01:52:19] [43/326] ECGH
[01:52:20] [44/326] MKCK
[01:52:21] [45/326] SRMM
[01:52:22] [46/326] SKYR
[01:52:22] [47/326] PCKC
[01:52:23] [48/326] JCMA
[01:52:23] 🔄 Identity reset
[01:52:23] 🔄 Identity rotated (every 10 requests)
[01:52:23] 🔄 Retry 1/5 for JCMA in 2.1s
[01:52:23] 🔄 Identity reset
[01:52:25] 🧠 New identity created
[01:52:26] [49/326] BSMP
[01:52:26] [50/326] VSPA
[01:52:28] [51/326] DJYA
[01:52:29] [52/326] DIMP
[01:52:30] [53/326] FXDR
[01:52:31] [54/326] SSRC
[01:52:31] [55/326] STHP
[01:52:32] [56/326] CPPD
[01:52:33] [57/326] FCLK
[01:52:34] 🔄 Identity reset
[01:52:34] 🔄 Identity rotated (every 10 requests)
[01:52:34] 🔄 Retry 1/5 for FCLK in 2.0s
[01:52:34] 🔄 Identity reset
[01:52:36] 🧠 New identity created
[01:52:36] [58/326] SCPP
[01:52:37] [59/326] DCMJ
[01:52:38] [60/326] RCCR
[01:52:39] [61/326] INMT
[01:52:40] [62/326] LXTK
[01:52:41] [63/326] SRYK
[01:52:41] [64/326] SGDK
[01:52:42] [65/326] PPKA
[01:52:43] [66/326] SPKA
[01:52:44] 🔄 Identity reset
[01:52:44] 🔄 Identity rotated (every 10 requests)
[01:52:44] [67/326] CGHH
[01:52:45] [68/326] DCJN
[01:52:46] [69/326] SRKV
[01:52:47] [70/326] SAJC
[01:52:48] [71/326] SUSR
[01:52:49] [72/326] STYG
[01:52:50] [73/326] NTKP
[01:52:51] [74/326] AKTG
[01:52:51] [75/326] CGCM
[01:52:52] [76/326] TULC
[01:52:53] 🔄 Identity reset
[01:52:53] 🔄 Identity rotated (every 10 requests)
[01:52:53] [77/326] NYYZ
[01:52:54] [78/326] NYBW
[01:52:54] [79/326] MACB
[01:52:55] [80/326] SLVT
[01:52:56] [81/326] SANA
[01:52:57] [82/326] ACMR
[01:52:57] [83/326] CPKN
[01:52:59] [84/326] DLGK
[01:53:00] [85/326] CWCK
[01:53:01] [86/326] FDDH
[01:53:01] 🔄 Identity reset
[01:53:01] 🔄 Identity rotated (every 10 requests)
[01:53:01] [87/326] MMMD
[01:53:02] [88/326] CMEH
[01:53:03] [89/326] GGGV
[01:53:04] [90/326] SPJL
[01:53:04] [91/326] RCCD
[01:53:06] [92/326] STTZ
[01:53:07] [93/326] BTCF
[01:53:07] [94/326] TSTZ
[01:53:08] [95/326] IPMM
[01:53:09] [96/326] PMPW
[01:53:09] 🔄 Identity reset
[01:53:10] 🔄 Identity rotated (every 10 requests)
[01:53:10] [97/326] PCMZ
[01:53:11] [98/326] ESEM
[01:53:11] [99/326] PIPO
[01:53:12] [100/326] MATK
[01:53:13] [101/326] PGHM
[01:53:14] [102/326] CTSR
[01:53:14] [103/326] CYKR
[01:53:15] [104/326] MSCM
[01:53:16] [105/326] RFNP
[01:53:18] [106/326] PDCP
[01:53:18] 🔄 Identity reset
[01:53:18] 🔄 Identity rotated (every 10 requests)
[01:53:18] 🔄 Retry 1/5 for PDCP in 2.3s
[01:53:18] 🔄 Identity reset
[01:53:21] 🧠 New identity created
[01:53:21] [107/326] NPSE
[01:53:22] [108/326] MKML
[01:53:22] [109/326] FTDP
[01:53:23] [110/326] MMXA
[01:53:24] [111/326] CEPO
[01:53:26] [112/326] CMVP
[01:53:26] [113/326] SGTH
[01:53:27] [114/326] SAYN
[01:53:28] [115/326] URVS
[01:53:28] 🔄 Identity reset
[01:53:29] 🔄 Identity rotated (every 10 requests)
[01:53:29] 🔄 Retry 1/5 for URVS in 3.0s
[01:53:29] 🔄 Identity reset
[01:53:32] 🧠 New identity created
[01:53:32] 🔄 Retry 2/5 for URVS in 4.7s
[01:53:32] 🔄 Identity reset
[01:53:36] 🧠 New identity created
[01:53:37] [116/326] VJTN
[01:53:37] [117/326] BBYK
[01:53:38] [118/326] SHBO
[01:53:39] [119/326] VCMR
[01:53:40] [120/326] MACT
[01:53:41] [121/326] JMNP
[01:53:41] [122/326] VICS
[01:53:42] [123/326] VCDA
[01:53:43] 🔄 Identity reset
[01:53:43] 🔄 Identity rotated (every 10 requests)
[01:53:43] [124/326] GCMM
[01:53:44] [125/326] INVS
[01:53:44] [126/326] SCGM
[01:53:45] [127/326] PCDA
[01:53:46] [128/326] KDCT
[01:53:47] [129/326] JACS
[01:53:48] [130/326] GMMC
[01:53:48] [131/326] AICM
[01:53:49] [132/326] TJCM
[01:53:50] [133/326] RMTI
[01:53:50] 🔄 Identity reset
[01:53:50] 🔄 Identity rotated (every 10 requests)
[01:53:50] [134/326] SHAC
[01:53:51] [135/326] APJC
[01:53:52] [136/326] GCTG
[01:53:53] [137/326] SSMC
[01:53:54] [138/326] THRM
[01:53:54] [139/326] RBCT
[01:53:55] [140/326] DIKT
[01:53:56] [141/326] MIDL
[01:53:57] [142/326] VCSN
[01:53:58] [143/326] SKTG
[01:53:58] 🔄 Identity reset
[01:53:58] 🔄 Identity rotated (every 10 requests)
[01:53:58] 🔄 Retry 1/5 for SKTG in 2.4s
[01:53:58] 🔄 Identity reset
[01:54:01] 🧠 New identity created
[01:54:01] 🔄 Retry 2/5 for SKTG in 4.1s
[01:54:01] 🔄 Identity reset
[01:54:05] 🧠 New identity created
[01:54:05] [144/326] SMWC
[01:54:07] [145/326] MNKH
[01:54:08] [146/326] PIAT
[01:54:08] [147/326] LTTP
[01:54:09] [148/326] PTPU
[01:54:09] [149/326] ACMG
[01:54:10] [150/326] SHMM
[01:54:11] [151/326] MCMN
[01:54:12] 🔄 Identity reset
[01:54:12] 🔄 Identity rotated (every 10 requests)
[01:54:12] 🔄 Retry 1/5 for MCMN in 2.7s
[01:54:12] 🔄 Identity reset
[01:54:15] 🧠 New identity created
[01:54:15] [152/326] GLDC
[01:54:16] [153/326] HOUT
[01:54:17] [154/326] SVRP
[01:54:18] [155/326] PVDN
[01:54:18] [156/326] SCPY
[01:54:19] [157/326] DTPY
[01:54:21] [158/326] GKCS
[01:54:21] [159/326] NCAM
[01:54:22] [160/326] BSRM
[01:54:22] 🔄 Identity reset
[01:54:22] 🔄 Identity rotated (every 10 requests)
[01:54:23] [161/326] RCLC
[01:54:24] [162/326] SKKD
[01:54:24] [163/326] ACHU
[01:54:25] [164/326] RSCF
[01:54:26] [165/326] IMSH
[01:54:27] [166/326] MACX
[01:54:28] [167/326] HMMW
[01:54:29] [168/326] JTCP
[01:54:30] [169/326] SREN
[01:54:30] [170/326] PJRR
[01:54:31] 🔄 Identity reset
[01:54:31] 🔄 Identity rotated (every 10 requests)
[01:54:31] [171/326] INAC
[01:54:32] [172/326] BMCA
[01:54:32] [173/326] SHCB
[01:54:33] [174/326] GABA
[01:54:34] [175/326] SBCT
[01:54:35] [176/326] GCMA
[01:54:36] [177/326] MYTK
[01:54:36] [178/326] INZS
[01:54:37] [179/326] RMIK
[01:54:39] [180/326] NYCH
[01:54:39] 🔄 Identity reset
[01:54:39] 🔄 Identity rotated (every 10 requests)
[01:54:39] [181/326] RAVE
[01:54:40] [182/326] PSXM
[01:54:42] [183/326] MCGP
[01:54:42] [184/326] PDDK
[01:54:43] [185/326] SPCK
[01:54:44] [186/326] MCRL
[01:54:45] [187/326] MHKT
[01:54:45] [188/326] ANRR
[01:54:46] [189/326] SAPK
[01:54:47] [190/326] NCUK
[01:54:48] 🔄 Identity reset
[01:54:48] 🔄 Identity rotated (every 10 requests)
[01:54:48] [191/326] JUGA
[01:54:49] [192/326] DBSC
[01:54:50] [193/326] LALK
[01:54:51] [194/326] GUCK
[01:54:52] [195/326] STSG
[01:54:52] [196/326] PPPZ
[01:54:53] [197/326] CNCY
[01:54:54] [198/326] MTAR
[01:54:55] [199/326] VNKD
[01:54:55] [200/326] KMAJ
[01:54:56] 🔄 Identity reset
[01:54:56] 🔄 Identity rotated (every 10 requests)
[01:54:57] [201/326] ACXK
[01:54:57] [202/326] UTKC
[01:54:58] [203/326] PBLK
[01:54:59] [204/326] ACBX
[01:55:00] [205/326] PTGM
[01:55:01] [206/326] BTDA
[01:55:02] [207/326] PJMB
[01:55:03] [208/326] TPDA
[01:55:04] [209/326] AMOE
[01:55:05] [210/326] PRHT
[01:55:06] 🔄 Identity reset
[01:55:06] 🔄 Identity rotated (every 10 requests)
[01:55:06] [211/326] PRTA
[01:55:07] [212/326] STAM
[01:55:08] [213/326] MSAA
[01:55:09] [214/326] SDLU
[01:55:10] [215/326] RCHH
[01:55:11] [216/326] KANT
[01:55:11] [217/326] FCRT
[01:55:12] [218/326] DNKM
[01:55:13] [219/326] RYCP
[01:55:13] [220/326] MYRP
[01:55:14] 🔄 Identity reset
[01:55:14] 🔄 Identity rotated (every 10 requests)
[01:55:14] [221/326] PPAK
[01:55:15] [222/326] NVPK
[01:55:16] [223/326] PRMC
[01:55:17] [224/326] JBCS
[01:55:17] [225/326] GXCK
[01:55:18] [226/326] USKO
[01:55:19] [227/326] GTEM
[01:55:20] [228/326] SMBU
[01:55:20] [229/326] VETC
[01:55:21] [230/326] LCDA
[01:55:22] 🔄 Identity reset
[01:55:22] 🔄 Identity rotated (every 10 requests)
[01:55:22] [231/326] MTVT
[01:55:23] [232/326] PYCP
[01:55:25] [233/326] PNSC
[01:55:25] [234/326] PPCC
[01:55:26] [235/326] TGRT
[01:55:27] [236/326] JYOT
[01:55:28] [237/326] SRCZ
[01:55:29] [238/326] SJTE
[01:55:30] [239/326] DESC
[01:55:30] [240/326] JHVN
[01:55:31] 🔄 Identity reset
[01:55:31] 🔄 Identity rotated (every 10 requests)
[01:55:31] [241/326] IPSG
[01:55:32] [242/326] IPCM
[01:55:33] [243/326] PDRS
[01:55:34] [244/326] ANCV
[01:55:35] [245/326] CMVV
[01:55:35] [246/326] SHYP
[01:55:36] [247/326] DNCS
[01:55:38] [248/326] GAJK
[01:55:38] [249/326] AKTN
[01:55:39] [250/326] KAYA
[01:55:40] 🔄 Identity reset
[01:55:40] 🔄 Identity rotated (every 10 requests)
[01:55:40] [251/326] SBRC
[01:55:41] [252/326] CHTP
[01:55:41] [253/326] SHRT
[01:55:42] [254/326] BCKU
[01:55:43] [255/326] FCPS
[01:55:44] [256/326] ARDD
[01:55:44] [257/326] CPCM
[01:55:45] [258/326] CGSM
[01:55:46] [259/326] PSMP
[01:55:47] [260/326] SDAL
[01:55:48] 🔄 Identity reset
[01:55:48] 🔄 Identity rotated (every 10 requests)
[01:55:48] [261/326] RTNB
[01:55:49] [262/326] LMCR
[01:55:49] [263/326] CIMA
[01:55:50] [264/326] RNAS
[01:55:51] [265/326] LITH
[01:55:52] [266/326] PBOX
[01:55:53] [267/326] FRTS
[01:55:53] [268/326] RKIC
[01:55:54] [269/326] PTAI
[01:55:55] [270/326] GCIC
[01:55:56] 🔄 Identity reset
[01:55:56] 🔄 Identity rotated (every 10 requests)
[01:55:56] [271/326] FNAS
[01:55:57] [272/326] SCAR
[01:55:57] [273/326] MTCA
[01:55:58] [274/326] SCTS
[01:55:59] [275/326] SYCS
[01:56:00] [276/326] RDMS
[01:56:01] [277/326] KAMP
[01:56:02] [278/326] ERSD
[01:56:02] [279/326] MJMJ
[01:56:03] [280/326] SRCJ
[01:56:03] 🔄 Identity reset
[01:56:03] 🔄 Identity rotated (every 10 requests)
[01:56:03] 🔄 Retry 1/5 for SRCJ in 2.1s
[01:56:03] 🔄 Identity reset
[01:56:05] 🧠 New identity created
[01:56:06] [281/326] SCXE
[01:56:06] [282/326] SVFR
[01:56:07] [283/326] BHCS
[01:56:08] [284/326] IMCC
[01:56:08] [285/326] PCBO
[01:56:09] [286/326] PRVN
[01:56:10] [287/326] AUPM
[01:56:11] [288/326] INBW
[01:56:12] [289/326] SVCW
[01:56:12] 🔄 Identity reset
[01:56:12] 🔄 Identity rotated (every 10 requests)
[01:56:13] [290/326] RKCF
[01:56:13] [291/326] UVBH
[01:56:14] [292/326] DNCY
[01:56:15] [293/326] ABCN
[01:56:16] [294/326] PRUR
[01:56:16] [295/326] PFMR
[01:56:17] [296/326] RKCN
[01:56:18] [297/326] CFEA
[01:56:19] [298/326] SDBG
[01:56:20] [299/326] SNAR
[01:56:20] 🔄 Identity reset
[01:56:20] 🔄 Identity rotated (every 10 requests)
[01:56:20] [300/326] YISI
[01:56:21] [301/326] JCFF
[01:56:22] [302/326] VTRK
[01:56:23] [303/326] PCLZ
[01:56:24] [304/326] DIMY
[01:56:24] [305/326] BBTS
[01:56:25] [306/326] GATH
[01:56:26] [307/326] GTMN
[01:56:27] [308/326] VTMH
[01:56:28] [309/326] CCKP
[01:56:28] 🔄 Identity reset
[01:56:28] 🔄 Identity rotated (every 10 requests)
[01:56:29] [310/326] GPKA
[01:56:29] [311/326] MHCL
[01:56:30] [312/326] ATCL
[01:56:31] [313/326] SBCK
[01:56:31] [314/326] AMMR
[01:56:32] [315/326] MADC
[01:56:33] [316/326] TMMA
[01:56:33] [317/326] CACC
[01:56:34] [318/326] CHAL
[01:56:35] [319/326] DURG
[01:56:35] 🔄 Identity reset
[01:56:36] 🔄 Identity rotated (every 10 requests)
[01:56:36] [320/326] GMKU
[01:56:36] [321/326] GECA
[01:56:37] [322/326] KYRR
[01:56:37] [323/326] KSDE
[01:56:39] [324/326] LMCI
[01:56:40] [325/326] NKCP
[01:56:41] [326/326] BGTC
[01:56:42] ✅ DONE | Shows=1 | Movies=1
