[00:17:43] 🚀 BMS DAILY TRACKER STARTED (enhanced anti‑detection)
[00:17:43] [1/459] MCCZ
[00:17:43] 🧠 New identity created
[00:17:44] [2/459] FRPU
[00:17:45] [3/459] SKSI
[00:17:46] [4/459] SSCK
[00:17:47] [5/459] SRDC
[00:17:48] [6/459] RSCZ
[00:17:49] [7/459] PRVT
[00:17:50] [8/459] GAGJ
[00:17:51] [9/459] SMHG
[00:17:52] [10/459] JTST
[00:17:52] 🔄 Identity reset
[00:17:52] 🔄 Identity rotated (every 10 requests)
[00:17:52] [11/459] MYTH
[00:17:54] [12/459] JPCC
[00:17:55] [13/459] ACDC
[00:17:56] [14/459] SVFP
[00:17:56] [15/459] SFCM
[00:17:57] [16/459] RUPK
[00:17:58] [17/459] NTCR
[00:17:59] [18/459] RTCH
[00:18:00] [19/459] SCMH
[00:18:01] [20/459] SVYM
[00:18:01] 🔄 Identity reset
[00:18:01] 🔄 Identity rotated (every 10 requests)
[00:18:02] [21/459] SPYM
[00:18:03] [22/459] SMMF
[00:18:04] [23/459] CLLB
[00:18:04] [24/459] FMCB
[00:18:05] [25/459] BBTC
[00:18:06] [26/459] NTHS
[00:18:06] [27/459] PKKJ
[00:18:07] [28/459] MTJA
[00:18:08] [29/459] PMSJ
[00:18:09] [30/459] JMJU
[00:18:10] 🔄 Identity reset
[00:18:10] 🔄 Identity rotated (every 10 requests)
[00:18:10] 🔄 Retry 1/5 for JMJU in 2.8s
[00:18:10] 🔄 Identity reset
[00:18:13] 🧠 New identity created
[00:18:13] [31/459] SRAD
[00:18:13] [32/459] MJMC
[00:18:14] [33/459] DFRM
[00:18:15] [34/459] PMRS
[00:18:16] [35/459] RKPP
[00:18:17] [36/459] BMBK
[00:18:17] [37/459] NEWS
[00:18:18] [38/459] SALB
[00:18:19] [39/459] SCPW
[00:18:20] 🔄 Identity reset
[00:18:20] 🔄 Identity rotated (every 10 requests)
[00:18:20] [40/459] RAYL
[00:18:21] [41/459] CMGJ
[00:18:22] [42/459] JRCR
[00:18:23] [43/459] SRTB
[00:18:24] [44/459] ETPB
[00:18:25] [45/459] MXBN
[00:18:26] [46/459] TOPE
[00:18:26] [47/459] SNLJ
[00:18:28] [48/459] CDDP
[00:18:29] [49/459] APCX
[00:18:29] 🔄 Identity reset
[00:18:29] 🔄 Identity rotated (every 10 requests)
[00:18:29] [50/459] TALP
[00:18:30] [51/459] RRMP
[00:18:31] [52/459] MAHB
[00:18:32] [53/459] MTKR
[00:18:33] [54/459] KSKL
[00:18:34] [55/459] RJLT
[00:18:34] [56/459] ATAS
[00:18:35] [57/459] AMHR
[00:18:36] [58/459] RSRM
[00:18:37] [59/459] GCAT
[00:18:38] 🔄 Identity reset
[00:18:38] 🔄 Identity rotated (every 10 requests)
[00:18:38] 🔄 Retry 1/5 for GCAT in 3.0s
[00:18:38] 🔄 Identity reset
[00:18:41] 🧠 New identity created
[00:18:41] [60/459] SMML
[00:18:42] [61/459] ACCD
[00:18:43] [62/459] VYDA
[00:18:44] [63/459] MSKT
[00:18:44] [64/459] AVDM
[00:18:45] [65/459] ASMH
[00:18:46] [66/459] VTMB
[00:18:47] [67/459] WVMB
[00:18:48] [68/459] PPMN
[00:18:48] 🔄 Identity reset
[00:18:48] 🔄 Identity rotated (every 10 requests)
[00:18:49] [69/459] MTMD
[00:18:49] [70/459] SMMO
[00:18:50] [71/459] DLPB
[00:18:52] [72/459] AKMD
[00:18:53] [73/459] SHRR
[00:18:53] [74/459] ASCO
[00:18:54] [75/459] CZVX
[00:18:55] [76/459] GCBB
[00:18:55] [77/459] ATBM
[00:18:57] [78/459] TCGM
[00:18:58] 🔄 Identity reset
[00:18:58] 🔄 Identity rotated (every 10 requests)
[00:18:58] [79/459] UMSE
[00:18:59] [80/459] NKCL
[00:19:00] [81/459] BTLR
[00:19:01] [82/459] GOCL
[00:19:01] [83/459] MIRN
[00:19:02] [84/459] THEC
[00:19:03] [85/459] SPPB
[00:19:04] [86/459] PMMM
[00:19:05] [87/459] GGMC
[00:19:06] [88/459] AVSR
[00:19:07] 🔄 Identity reset
[00:19:07] 🔄 Identity rotated (every 10 requests)
[00:19:07] [89/459] RDMH
[00:19:08] [90/459] JSRS
[00:19:09] [91/459] VKGP
[00:19:10] [92/459] ACRT
[00:19:11] [93/459] GCBA
[00:19:11] [94/459] GTCP
[00:19:12] [95/459] AKFC
[00:19:13] [96/459] INCS
[00:19:14] [97/459] SMCK
[00:19:15] [98/459] BRUN
[00:19:16] 🔄 Identity reset
[00:19:16] 🔄 Identity rotated (every 10 requests)
[00:19:16] [99/459] RPPC
[00:19:17] [100/459] PAYD
[00:19:18] [101/459] SVVT
[00:19:19] [102/459] RNCC
[00:19:19] [103/459] PCRC
[00:19:20] [104/459] PMRM
[00:19:21] [105/459] CCRP
[00:19:21] [106/459] INCR
[00:19:22] [107/459] ZTMP
[00:19:23] [108/459] MCNR
[00:19:24] 🔄 Identity reset
[00:19:24] 🔄 Identity rotated (every 10 requests)
[00:19:24] [109/459] INRP
[00:19:25] [110/459] STRC
[00:19:26] [111/459] RATI
[00:19:27] [112/459] PBTR
[00:19:28] [113/459] CMHP
[00:19:29] [114/459] ZECJ
[00:19:30] [115/459] CCCB
[00:19:31] [116/459] BWCB
[00:19:32] [117/459] CCAT
[00:19:33] [118/459] KGCM
[00:19:34] 🔄 Identity reset
[00:19:34] 🔄 Identity rotated (every 10 requests)
[00:19:35] [119/459] INPT
[00:19:35] [120/459] FNCO
[00:19:36] [121/459] SRMJ
[00:19:37] [122/459] PFSC
[00:19:38] [123/459] PBMC
[00:19:39] [124/459] KARP
[00:19:39] [125/459] KOVI
[00:19:41] [126/459] ACXL
[00:19:42] [127/459] GKCC
[00:19:43] [128/459] ASCC
[00:19:43] 🔄 Identity reset
[00:19:43] 🔄 Identity rotated (every 10 requests)
[00:19:44] [129/459] SETC
[00:19:45] [130/459] KACC
[00:19:46] [131/459] KAVE
[00:19:46] [132/459] CNTC
[00:19:47] [133/459] MEEN
[00:19:48] [134/459] BMRV
[00:19:49] [135/459] SVAM
[00:19:49] [136/459] VTBP
[00:19:50] [137/459] VCKN
[00:19:51] [138/459] SGTK
[00:19:52] 🔄 Identity reset
[00:19:52] 🔄 Identity rotated (every 10 requests)
[00:19:52] [139/459] RCGS
[00:19:53] [140/459] RCCB
[00:19:53] [141/459] RKSR
[00:19:54] [142/459] RKCU
[00:19:55] [143/459] GIBH
[00:19:56] [144/459] CXBS
[00:19:57] [145/459] GGCB
[00:19:57] [146/459] SCPB
[00:19:58] [147/459] AKTB
[00:19:59] [148/459] SRBU
[00:20:00] 🔄 Identity reset
[00:20:00] 🔄 Identity rotated (every 10 requests)
[00:20:00] 🔄 Retry 1/5 for SRBU in 3.0s
[00:20:00] 🔄 Identity reset
[00:20:03] 🧠 New identity created
[00:20:03] [149/459] CSSA
[00:20:04] [150/459] MYAN
[00:20:05] [151/459] EXCA
[00:20:06] [152/459] CKSA
[00:20:07] [153/459] JTNM
[00:20:07] [154/459] CXKT
[00:20:08] [155/459] NCLM
[00:20:09] [156/459] JAAD
[00:20:10] [157/459] RDCR
[00:20:11] 🔄 Identity reset
[00:20:11] 🔄 Identity rotated (every 10 requests)
[00:20:12] [158/459] MEER
[00:20:13] [159/459] SIBT
[00:20:14] [160/459] PVVB
[00:20:14] [161/459] FNPN
[00:20:15] [162/459] CRPX
[00:20:16] [163/459] STET
[00:20:16] [164/459] METE
[00:20:17] [165/459] BJML
[00:20:18] [166/459] MAVT
[00:20:19] [167/459] MSRM
[00:20:19] 🔄 Identity reset
[00:20:19] 🔄 Identity rotated (every 10 requests)
[00:20:20] [168/459] TJMP
[00:20:20] [169/459] MHCK
[00:20:21] [170/459] SVGP
[00:20:22] [171/459] KRRC
[00:20:23] [172/459] IMCH
[00:20:24] [173/459] CMCS
[00:20:25] [174/459] SGND
[00:20:25] [175/459] RNAT
[00:20:26] [176/459] PRTN
[00:20:27] [177/459] MPTN
[00:20:28] 🔄 Identity reset
[00:20:28] 🔄 Identity rotated (every 10 requests)
[00:20:28] [178/459] ARCC
[00:20:28] [179/459] NTTE
[00:20:29] [180/459] ABND
[00:20:30] [181/459] KCSN
[00:20:31] [182/459] KCSA
[00:20:32] [183/459] DCKT
[00:20:33] [184/459] MBBR
[00:20:34] [185/459] RAMU
[00:20:35] [186/459] RACW
[00:20:36] [187/459] MCHP
[00:20:36] 🔄 Identity reset
[00:20:36] 🔄 Identity rotated (every 10 requests)
[00:20:37] [188/459] TMHM
[00:20:38] [189/459] STXH
[00:20:38] [190/459] AGSG
[00:20:39] [191/459] SIRA
[00:20:40] [192/459] RCAN
[00:20:41] [193/459] CWTB
[00:20:42] [194/459] VTYM
[00:20:43] [195/459] RRPP
[00:20:44] [196/459] ASMR
[00:20:44] [197/459] RONO
[00:20:45] 🔄 Identity reset
[00:20:45] 🔄 Identity rotated (every 10 requests)
[00:20:45] [198/459] MEMR
[00:20:46] [199/459] CTMR
[00:20:47] [200/459] PMTT
[00:20:48] [201/459] PSLX
[00:20:48] [202/459] IPPL
[00:20:49] [203/459] MMSG
[00:20:50] [204/459] INEL
[00:20:51] [205/459] COAC
[00:20:52] [206/459] WVLK
[00:20:53] [207/459] PPXL
[00:20:53] 🔄 Identity reset
[00:20:53] 🔄 Identity rotated (every 10 requests)
[00:20:54] [208/459] PSML
[00:20:55] [209/459] FNLK
[00:20:56] [210/459] ILUM
[00:20:57] [211/459] ILCM
[00:20:58] [212/459] MSNL
[00:20:58] [213/459] VINB
[00:20:59] [214/459] SALW
[00:21:00] [215/459] PRTB
[00:21:01] [216/459] NCIL
[00:21:02] [217/459] PSUL
[00:21:03] 🔄 Identity reset
[00:21:03] 🔄 Identity rotated (every 10 requests)
[00:21:03] [218/459] SCLK
[00:21:04] [219/459] ADDC
[00:21:05] [220/459] OACL
[00:21:06] [221/459] OOCF
[00:21:07] [222/459] GPMF
[00:21:07] [223/459] SSDG
[00:21:08] [224/459] SKRS
[00:21:09] [225/459] NTTP
[00:21:10] [226/459] SLTP
[00:21:11] [227/459] JTLC
[00:21:12] 🔄 Identity reset
[00:21:12] 🔄 Identity rotated (every 10 requests)
[00:21:12] [228/459] POON
[00:21:13] [229/459] CCPC
[00:21:14] [230/459] DCKC
[00:21:15] [231/459] CPRT
[00:21:16] [232/459] EYHZ
[00:21:16] [233/459] ARBL
[00:21:18] [234/459] SBTB
[00:21:18] [235/459] MMCK
[00:21:19] [236/459] PLMR
[00:21:20] [237/459] BIJH
[00:21:21] 🔄 Identity reset
[00:21:21] 🔄 Identity rotated (every 10 requests)
[00:21:21] [238/459] SDRT
[00:21:22] [239/459] PRDC
[00:21:22] [240/459] OMJA
[00:21:23] [241/459] VKCR
[00:21:24] [242/459] ATRT
[00:21:25] [243/459] WVRP
[00:21:26] [244/459] MVRP
[00:21:27] [245/459] FCAX
[00:21:28] [246/459] CTLC
[00:21:29] [247/459] JCHB
[00:21:29] 🔄 Identity reset
[00:21:29] 🔄 Identity rotated (every 10 requests)
[00:21:29] [248/459] SELP
[00:21:30] [249/459] VCPG
[00:21:31] [250/459] ASCX
[00:21:31] [251/459] EOCS
[00:21:32] [252/459] RCPH
[00:21:33] [253/459] RJTM
[00:21:34] [254/459] SGMD
[00:21:35] [255/459] SVJT
[00:21:35] [256/459] SPPO
[00:21:36] [257/459] MNRL
[00:21:37] 🔄 Identity reset
[00:21:37] 🔄 Identity rotated (every 10 requests)
[00:21:37] [258/459] KNOX
[00:21:38] [259/459] GIER
[00:21:39] [260/459] PJMS
[00:21:40] [261/459] UNSP
[00:21:40] [262/459] JETP
[00:21:41] [263/459] VTWA
[00:21:43] [264/459] SCJI
[00:21:44] [265/459] CBZZ
[00:21:45] [266/459] SDCJ
[00:21:46] [267/459] RRCC
[00:21:46] 🔄 Identity reset
[00:21:46] 🔄 Identity rotated (every 10 requests)
[00:21:47] [268/459] VNKG
[00:21:47] [269/459] LKTO
[00:21:48] [270/459] PJRM
[00:21:49] [271/459] NVRM
[00:21:50] [272/459] SJCS
[00:21:50] [273/459] VIGK
[00:21:51] [274/459] ANST
[00:21:52] [275/459] JTTS
[00:21:53] [276/459] NTST
[00:21:54] [277/459] PREB
[00:21:55] 🔄 Identity reset
[00:21:55] 🔄 Identity rotated (every 10 requests)
[00:21:55] [278/459] TSCZ
[00:21:56] [279/459] CDCM
[00:21:57] [280/459] ELYE
[00:21:57] [281/459] INBS
[00:21:58] [282/459] SMGC
[00:21:59] [283/459] UTMP
[00:22:00] [284/459] INTA
[00:22:01] [285/459] OMPT
[00:22:02] [286/459] SCIR
[00:22:02] [287/459] GCKJ
[00:22:03] 🔄 Identity reset
[00:22:03] 🔄 Identity rotated (every 10 requests)
[00:22:03] [288/459] INOG
[00:22:04] [289/459] SMGB
[00:22:05] [290/459] MCSG
[00:22:06] [291/459] STKG
[00:22:07] [292/459] TTKG
[00:22:07] [293/459] SRTR
[00:22:08] [294/459] ETTR
[00:22:09] [295/459] GGGZ
[00:22:10] [296/459] IPGM
[00:22:11] [297/459] FCDH
[00:22:12] 🔄 Identity reset
[00:22:12] 🔄 Identity rotated (every 10 requests)
[00:22:12] 🔄 Retry 1/5 for FCDH in 2.5s
[00:22:12] 🔄 Identity reset
[00:22:14] 🧠 New identity created
[00:22:15] [298/459] DESB
[00:22:15] [299/459] VNTP
[00:22:17] [300/459] ANNT
[00:22:18] [301/459] SLTI
[00:22:19] [302/459] MAJU
[00:22:19] [303/459] JCXP
[00:22:21] [304/459] HARK
[00:22:22] [305/459] JPCJ
[00:22:23] [306/459] RXBD
[00:22:23] 🔄 Identity reset
[00:22:23] 🔄 Identity rotated (every 10 requests)
[00:22:24] [307/459] PTKJ
[00:22:25] [308/459] CMTU
[00:22:27] [309/459] SWOR
[00:22:27] [310/459] JMEX
[00:22:28] [311/459] DTPT
[00:22:29] [312/459] VGMM
[00:22:31] [313/459] VCSG
[00:22:32] [314/459] CVCG
[00:22:32] [315/459] TNTT
[00:22:33] [316/459] SHRM
[00:22:34] 🔄 Identity reset
[00:22:34] 🔄 Identity rotated (every 10 requests)
[00:22:34] [317/459] CGKD
[00:22:35] [318/459] EKCM
[00:22:36] [319/459] SDCX
[00:22:37] [320/459] SBTE
[00:22:37] [321/459] STKJ
[00:22:38] [322/459] TPCE
[00:22:39] [323/459] JTNP
[00:22:40] [324/459] LPCH
[00:22:41] [325/459] CPUO
[00:22:42] [326/459] APSU
[00:22:43] 🔄 Identity reset
[00:22:43] 🔄 Identity rotated (every 10 requests)
[00:22:43] [327/459] RTHC
[00:22:44] [328/459] PTBU
[00:22:45] [329/459] CUCC
[00:22:46] [330/459] CPSA
[00:22:46] [331/459] SUAY
[00:22:48] [332/459] AYAA
[00:22:49] [333/459] MUCH
[00:22:50] [334/459] PCIN
[00:22:51] [335/459] JRRM
[00:22:52] [336/459] KATS
[00:22:52] 🔄 Identity reset
[00:22:52] 🔄 Identity rotated (every 10 requests)
[00:22:53] [337/459] MHFF
[00:22:54] [338/459] ESYM
[00:22:55] [339/459] STYV
[00:22:55] [340/459] SDKG
[00:22:56] [341/459] SMTI
[00:22:58] [342/459] NYCS
[00:22:59] [343/459] MTBG
[00:23:00] [344/459] RHCA
[00:23:00] [345/459] PCKH
[00:23:01] [346/459] ARCR
[00:23:02] 🔄 Identity reset
[00:23:02] 🔄 Identity rotated (every 10 requests)
[00:23:02] [347/459] NCMB
[00:23:03] [348/459] SHYC
[00:23:04] [349/459] LACK
[00:23:04] [350/459] MTCM
[00:23:05] [351/459] RRBN
[00:23:06] [352/459] MYDC
[00:23:07] [353/459] STCS
[00:23:08] [354/459] CONN
[00:23:09] [355/459] SIPS
[00:23:09] [356/459] SMMX
[00:23:10] 🔄 Identity reset
[00:23:10] 🔄 Identity rotated (every 10 requests)
[00:23:10] [357/459] SCBY
[00:23:11] [358/459] SUAP
[00:23:12] [359/459] RSMK
[00:23:12] [360/459] STKP
[00:23:13] [361/459] CIPC
[00:23:14] [362/459] KKCI
[00:23:15] [363/459] CTNK
[00:23:16] [364/459] MMTZ
[00:23:17] [365/459] DCCO
[00:23:17] [366/459] VNMN
[00:23:18] 🔄 Identity reset
[00:23:18] 🔄 Identity rotated (every 10 requests)
[00:23:18] [367/459] RLCN
[00:23:19] [368/459] CMMS
[00:23:20] [369/459] AYOU
[00:23:21] [370/459] SSCN
[00:23:21] [371/459] SMXN
[00:23:22] [372/459] ASSK
[00:23:23] [373/459] VCKM
[00:23:24] [374/459] PCPH
[00:23:25] [375/459] PADM
[00:23:25] [376/459] IESA
[00:23:26] 🔄 Identity reset
[00:23:26] 🔄 Identity rotated (every 10 requests)
[00:23:26] [377/459] VCSP
[00:23:27] [378/459] AEST
[00:23:28] [379/459] VTNR
[00:23:29] [380/459] GTTA
[00:23:30] [381/459] CMMM
[00:23:31] [382/459] AHKT
[00:23:32] [383/459] SIJI
[00:23:33] [384/459] VCEI
[00:23:34] [385/459] SAKR
[00:23:35] [386/459] VSMT
[00:23:36] 🔄 Identity reset
[00:23:36] 🔄 Identity rotated (every 10 requests)
[00:23:36] [387/459] SSCT
[00:23:37] [388/459] USTR
[00:23:38] [389/459] MTKT
[00:23:39] [390/459] TGMP
[00:23:40] [391/459] SIVC
[00:23:41] [392/459] KICT
[00:23:41] [393/459] DAMD
[00:23:42] [394/459] CNPT
[00:23:43] [395/459] RVTT
[00:23:44] [396/459] SNCM
[00:23:45] 🔄 Identity reset
[00:23:45] 🔄 Identity rotated (every 10 requests)
[00:23:46] [397/459] GHTE
[00:23:47] [398/459] PPAM
[00:23:48] [399/459] PVAA
[00:23:49] [400/459] CPAO
[00:23:50] [401/459] HAMD
[00:23:51] [402/459] RCCA
[00:23:51] [403/459] MPCH
[00:23:52] [404/459] ARED
[00:23:53] [405/459] RRCV
[00:23:54] [406/459] MTRB
[00:23:54] 🔄 Identity reset
[00:23:54] 🔄 Identity rotated (every 10 requests)
[00:23:55] [407/459] CKUA
[00:23:56] [408/459] ABMP
[00:23:56] [409/459] RCWA
[00:23:57] [410/459] CGAR
[00:23:58] [411/459] METH
[00:23:59] [412/459] WAGA
[00:24:00] [413/459] MCMA
[00:24:01] [414/459] CSMP
[00:24:02] [415/459] RCNK
[00:24:03] [416/459] PSTM
[00:24:03] 🔄 Identity reset
[00:24:03] 🔄 Identity rotated (every 10 requests)
[00:24:03] [417/459] CSEP
[00:24:04] [418/459] AMGD
[00:24:06] [419/459] CSTE
[00:24:07] [420/459] CONS
[00:24:08] [421/459] APPX
[00:24:08] [422/459] MABC
[00:24:10] [423/459] CXST
[00:24:10] [424/459] MATN
[00:24:11] [425/459] MACZ
[00:24:12] [426/459] MASA
[00:24:13] 🔄 Identity reset
[00:24:13] 🔄 Identity rotated (every 10 requests)
[00:24:13] [427/459] MBSX
[00:24:14] [428/459] CSST
[00:24:15] [429/459] APCL
[00:24:16] [430/459] CGOS
[00:24:17] [431/459] CPEC
[00:24:18] [432/459] MCCP
[00:24:19] [433/459] BSSO
[00:24:20] [434/459] SJKA
[00:24:21] [435/459] CGBO
[00:24:22] [436/459] MVSK
[00:24:22] 🔄 Identity reset
[00:24:22] 🔄 Identity rotated (every 10 requests)
[00:24:23] [437/459] HVCA
[00:24:24] [438/459] NAMD
[00:24:25] [439/459] DEVI
[00:24:26] [440/459] SCSV
[00:24:27] [441/459] PSMA
[00:24:28] [442/459] CLDJ
[00:24:29] [443/459] NMAD
[00:24:30] [444/459] CGMO
[00:24:30] [445/459] MCNA
[00:24:31] [446/459] OCBN
[00:24:31] 🔄 Identity reset
[00:24:31] 🔄 Identity rotated (every 10 requests)
[00:24:31] 🔄 Retry 1/5 for OCBN in 2.8s
[00:24:31] 🔄 Identity reset
[00:24:34] 🧠 New identity created
[00:24:35] [447/459] CPEM
[00:24:35] [448/459] CPSM
[00:24:36] [449/459] RCAD
[00:24:37] [450/459] CPMU
[00:24:38] [451/459] DICD
[00:24:40] [452/459] CHOE
[00:24:40] [453/459] PDJM
[00:24:41] [454/459] SSTU
[00:24:42] [455/459] VNRN
[00:24:43] 🔄 Identity reset
[00:24:43] 🔄 Identity rotated (every 10 requests)
[00:24:44] [456/459] PVLG
[00:24:45] [457/459] SWBL
[00:24:46] [458/459] SCAB
[00:24:47] [459/459] RDDA
[00:24:48] ✅ DONE | Shows=7 | Movies=3
[01:17:31] 🚀 BMS DAILY TRACKER STARTED (enhanced anti‑detection)
[01:17:31] [1/459] MCCZ
[01:17:32] 🧠 New identity created
[01:17:32] [2/459] FRPU
[01:17:33] [3/459] SKSI
[01:17:34] [4/459] SSCK
[01:17:35] [5/459] SRDC
[01:17:36] [6/459] RSCZ
[01:17:37] [7/459] PRVT
[01:17:38] [8/459] GAGJ
[01:17:39] [9/459] SMHG
[01:17:40] [10/459] JTST
[01:17:40] 🔄 Identity reset
[01:17:40] 🔄 Identity rotated (every 10 requests)
[01:17:41] [11/459] MYTH
[01:17:42] [12/459] JPCC
[01:17:43] [13/459] ACDC
[01:17:44] [14/459] SVFP
[01:17:44] [15/459] SFCM
[01:17:45] [16/459] RUPK
[01:17:46] [17/459] NTCR
[01:17:47] [18/459] RTCH
[01:17:48] [19/459] SCMH
[01:17:49] [20/459] SVYM
[01:17:49] 🔄 Identity reset
[01:17:49] 🔄 Identity rotated (every 10 requests)
[01:17:49] [21/459] SPYM
[01:17:50] [22/459] SMMF
[01:17:51] [23/459] CLLB
[01:17:52] [24/459] FMCB
[01:17:53] [25/459] BBTC
[01:17:54] [26/459] NTHS
[01:17:55] [27/459] PKKJ
[01:17:56] [28/459] MTJA
[01:17:57] [29/459] PMSJ
[01:17:58] [30/459] JMJU
[01:17:58] 🔄 Identity reset
[01:17:59] 🔄 Identity rotated (every 10 requests)
[01:17:59] [31/459] SRAD
[01:18:00] [32/459] MJMC
[01:18:01] [33/459] DFRM
[01:18:02] [34/459] PMRS
[01:18:03] [35/459] RKPP
[01:18:04] [36/459] BMBK
[01:18:05] [37/459] NEWS
[01:18:06] [38/459] SALB
[01:18:06] [39/459] SCPW
[01:18:07] [40/459] RAYL
[01:18:08] 🔄 Identity reset
[01:18:08] 🔄 Identity rotated (every 10 requests)
[01:18:08] [41/459] CMGJ
[01:18:09] [42/459] JRCR
[01:18:10] [43/459] SRTB
[01:18:12] [44/459] ETPB
[01:18:13] [45/459] MXBN
[01:18:13] [46/459] TOPE
[01:18:15] [47/459] SNLJ
[01:18:15] [48/459] CDDP
[01:18:16] [49/459] APCX
[01:18:17] [50/459] TALP
[01:18:18] 🔄 Identity reset
[01:18:18] 🔄 Identity rotated (every 10 requests)
[01:18:18] [51/459] RRMP
[01:18:19] [52/459] MAHB
[01:18:20] [53/459] MTKR
[01:18:21] [54/459] KSKL
[01:18:22] [55/459] RJLT
[01:18:23] [56/459] ATAS
[01:18:24] [57/459] AMHR
[01:18:26] [58/459] RSRM
[01:18:27] [59/459] GCAT
[01:18:28] [60/459] SMML
[01:18:29] 🔄 Identity reset
[01:18:29] 🔄 Identity rotated (every 10 requests)
[01:18:29] [61/459] ACCD
[01:18:30] [62/459] VYDA
[01:18:31] [63/459] MSKT
[01:18:32] [64/459] AVDM
[01:18:32] [65/459] ASMH
[01:18:33] [66/459] VTMB
[01:18:34] [67/459] WVMB
[01:18:35] [68/459] PPMN
[01:18:36] [69/459] MTMD
[01:18:37] [70/459] SMMO
[01:18:37] 🔄 Identity reset
[01:18:37] 🔄 Identity rotated (every 10 requests)
[01:18:38] [71/459] DLPB
[01:18:38] [72/459] AKMD
[01:18:39] [73/459] SHRR
[01:18:40] [74/459] ASCO
[01:18:41] [75/459] CZVX
[01:18:42] [76/459] GCBB
[01:18:43] [77/459] ATBM
[01:18:44] [78/459] TCGM
[01:18:45] [79/459] UMSE
[01:18:46] [80/459] NKCL
[01:18:46] 🔄 Identity reset
[01:18:46] 🔄 Identity rotated (every 10 requests)
[01:18:46] [81/459] BTLR
[01:18:47] [82/459] GOCL
[01:18:48] [83/459] MIRN
[01:18:50] [84/459] THEC
[01:18:51] [85/459] SPPB
[01:18:52] [86/459] PMMM
[01:18:53] [87/459] GGMC
[01:18:54] [88/459] AVSR
[01:18:54] [89/459] RDMH
[01:18:55] [90/459] JSRS
[01:18:56] 🔄 Identity reset
[01:18:56] 🔄 Identity rotated (every 10 requests)
[01:18:56] [91/459] VKGP
[01:18:57] [92/459] ACRT
[01:18:58] [93/459] GCBA
[01:18:59] [94/459] GTCP
[01:19:00] [95/459] AKFC
[01:19:01] [96/459] INCS
[01:19:02] [97/459] SMCK
[01:19:02] [98/459] BRUN
[01:19:03] [99/459] RPPC
[01:19:04] [100/459] PAYD
[01:19:05] 🔄 Identity reset
[01:19:05] 🔄 Identity rotated (every 10 requests)
[01:19:05] [101/459] SVVT
[01:19:06] [102/459] RNCC
[01:19:07] [103/459] PCRC
[01:19:08] [104/459] PMRM
[01:19:09] [105/459] CCRP
[01:19:10] [106/459] INCR
[01:19:11] [107/459] ZTMP
[01:19:12] [108/459] MCNR
[01:19:13] [109/459] INRP
[01:19:13] [110/459] STRC
[01:19:14] 🔄 Identity reset
[01:19:14] 🔄 Identity rotated (every 10 requests)
[01:19:14] [111/459] RATI
[01:19:15] [112/459] PBTR
[01:19:16] [113/459] CMHP
[01:19:17] [114/459] ZECJ
[01:19:19] [115/459] CCCB
[01:19:20] [116/459] BWCB
[01:19:21] [117/459] CCAT
[01:19:23] [118/459] KGCM
[01:19:23] [119/459] INPT
[01:19:24] [120/459] FNCO
[01:19:25] 🔄 Identity reset
[01:19:25] 🔄 Identity rotated (every 10 requests)
[01:19:26] [121/459] SRMJ
[01:19:28] [122/459] PFSC
[01:19:29] [123/459] PBMC
[01:19:30] [124/459] KARP
[01:19:30] [125/459] KOVI
[01:19:31] [126/459] ACXL
[01:19:32] [127/459] GKCC
[01:19:33] [128/459] ASCC
[01:19:34] [129/459] SETC
[01:19:35] [130/459] KACC
[01:19:36] 🔄 Identity reset
[01:19:36] 🔄 Identity rotated (every 10 requests)
[01:19:36] [131/459] KAVE
[01:19:38] [132/459] CNTC
[01:19:39] [133/459] MEEN
[01:19:40] [134/459] BMRV
[01:19:41] [135/459] SVAM
[01:19:41] [136/459] VTBP
[01:19:42] [137/459] VCKN
[01:19:43] [138/459] SGTK
[01:19:44] [139/459] RCGS
[01:19:45] [140/459] RCCB
[01:19:46] 🔄 Identity reset
[01:19:46] 🔄 Identity rotated (every 10 requests)
[01:19:46] [141/459] RKSR
[01:19:47] [142/459] RKCU
[01:19:48] [143/459] GIBH
[01:19:49] [144/459] CXBS
[01:19:50] [145/459] GGCB
[01:19:51] [146/459] SCPB
[01:19:51] [147/459] AKTB
[01:19:52] [148/459] SRBU
[01:19:53] [149/459] CSSA
[01:19:54] [150/459] MYAN
[01:19:55] 🔄 Identity reset
[01:19:55] 🔄 Identity rotated (every 10 requests)
[01:19:55] [151/459] EXCA
[01:19:56] [152/459] CKSA
[01:19:57] [153/459] JTNM
[01:19:58] [154/459] CXKT
[01:19:59] [155/459] NCLM
[01:20:00] [156/459] JAAD
[01:20:01] [157/459] RDCR
[01:20:02] [158/459] MEER
[01:20:03] [159/459] SIBT
[01:20:04] [160/459] PVVB
[01:20:05] 🔄 Identity reset
[01:20:05] 🔄 Identity rotated (every 10 requests)
[01:20:05] [161/459] FNPN
[01:20:06] [162/459] CRPX
[01:20:07] [163/459] STET
[01:20:08] [164/459] METE
[01:20:09] [165/459] BJML
[01:20:10] [166/459] MAVT
[01:20:10] [167/459] MSRM
[01:20:11] [168/459] TJMP
[01:20:13] [169/459] MHCK
[01:20:14] [170/459] SVGP
[01:20:14] 🔄 Identity reset
[01:20:14] 🔄 Identity rotated (every 10 requests)
[01:20:15] [171/459] KRRC
[01:20:16] [172/459] IMCH
[01:20:16] [173/459] CMCS
[01:20:18] [174/459] SGND
[01:20:19] [175/459] RNAT
[01:20:20] [176/459] PRTN
[01:20:21] [177/459] MPTN
[01:20:21] [178/459] ARCC
[01:20:23] [179/459] NTTE
[01:20:23] [180/459] ABND
[01:20:24] 🔄 Identity reset
[01:20:24] 🔄 Identity rotated (every 10 requests)
[01:20:24] 🔄 Retry 1/5 for ABND in 2.4s
[01:20:24] 🔄 Identity reset
[01:20:26] 🧠 New identity created
[01:20:27] [181/459] KCSN
[01:20:28] [182/459] KCSA
[01:20:28] [183/459] DCKT
[01:20:29] [184/459] MBBR
[01:20:30] [185/459] RAMU
[01:20:31] [186/459] RACW
[01:20:32] [187/459] MCHP
[01:20:33] [188/459] TMHM
[01:20:34] [189/459] STXH
[01:20:35] 🔄 Identity reset
[01:20:35] 🔄 Identity rotated (every 10 requests)
[01:20:35] [190/459] AGSG
[01:20:36] [191/459] SIRA
[01:20:37] [192/459] RCAN
[01:20:38] [193/459] CWTB
[01:20:38] [194/459] VTYM
[01:20:40] [195/459] RRPP
[01:20:41] [196/459] ASMR
[01:20:42] [197/459] RONO
[01:20:42] [198/459] MEMR
[01:20:43] [199/459] CTMR
[01:20:44] 🔄 Identity reset
[01:20:44] 🔄 Identity rotated (every 10 requests)
[01:20:44] [200/459] PMTT
[01:20:45] [201/459] PSLX
[01:20:46] [202/459] IPPL
[01:20:47] [203/459] MMSG
[01:20:48] [204/459] INEL
[01:20:49] [205/459] COAC
[01:20:50] [206/459] WVLK
[01:20:51] [207/459] PPXL
[01:20:52] [208/459] PSML
[01:20:52] [209/459] FNLK
[01:20:53] 🔄 Identity reset
[01:20:53] 🔄 Identity rotated (every 10 requests)
[01:20:53] [210/459] ILUM
[01:20:54] [211/459] ILCM
[01:20:55] [212/459] MSNL
[01:20:56] [213/459] VINB
[01:20:58] [214/459] SALW
[01:20:59] [215/459] PRTB
[01:21:00] [216/459] NCIL
[01:21:01] [217/459] PSUL
[01:21:01] [218/459] SCLK
[01:21:03] [219/459] ADDC
[01:21:03] 🔄 Identity reset
[01:21:03] 🔄 Identity rotated (every 10 requests)
[01:21:04] [220/459] OACL
[01:21:05] [221/459] OOCF
[01:21:06] [222/459] GPMF
[01:21:07] [223/459] SSDG
[01:21:08] [224/459] SKRS
[01:21:09] [225/459] NTTP
[01:21:10] [226/459] SLTP
[01:21:11] [227/459] JTLC
[01:21:12] [228/459] POON
[01:21:13] [229/459] CCPC
[01:21:13] 🔄 Identity reset
[01:21:13] 🔄 Identity rotated (every 10 requests)
[01:21:14] [230/459] DCKC
[01:21:15] [231/459] CPRT
[01:21:16] [232/459] EYHZ
[01:21:17] [233/459] ARBL
[01:21:17] [234/459] SBTB
[01:21:18] [235/459] MMCK
[01:21:19] [236/459] PLMR
[01:21:20] [237/459] BIJH
[01:21:21] [238/459] SDRT
[01:21:22] [239/459] PRDC
[01:21:23] 🔄 Identity reset
[01:21:23] 🔄 Identity rotated (every 10 requests)
[01:21:23] [240/459] OMJA
[01:21:24] [241/459] VKCR
[01:21:25] [242/459] ATRT
[01:21:26] [243/459] WVRP
[01:21:27] [244/459] MVRP
[01:21:28] [245/459] FCAX
[01:21:28] [246/459] CTLC
[01:21:29] [247/459] JCHB
[01:21:30] [248/459] SELP
[01:21:31] [249/459] VCPG
[01:21:32] 🔄 Identity reset
[01:21:32] 🔄 Identity rotated (every 10 requests)
[01:21:32] [250/459] ASCX
[01:21:33] [251/459] EOCS
[01:21:34] [252/459] RCPH
[01:21:35] [253/459] RJTM
[01:21:36] [254/459] SGMD
[01:21:37] [255/459] SVJT
[01:21:38] [256/459] SPPO
[01:21:39] [257/459] MNRL
[01:21:40] [258/459] KNOX
[01:21:41] [259/459] GIER
[01:21:42] 🔄 Identity reset
[01:21:42] 🔄 Identity rotated (every 10 requests)
[01:21:42] 🔄 Retry 1/5 for GIER in 2.6s
[01:21:42] 🔄 Identity reset
[01:21:44] 🧠 New identity created
[01:21:45] [260/459] PJMS
[01:21:46] [261/459] UNSP
[01:21:47] [262/459] JETP
[01:21:47] [263/459] VTWA
[01:21:48] [264/459] SCJI
[01:21:49] [265/459] CBZZ
[01:21:50] [266/459] SDCJ
[01:21:51] [267/459] RRCC
[01:21:52] [268/459] VNKG
[01:21:53] 🔄 Identity reset
[01:21:53] 🔄 Identity rotated (every 10 requests)
[01:21:53] [269/459] LKTO
[01:21:54] [270/459] PJRM
[01:21:55] [271/459] NVRM
[01:21:56] [272/459] SJCS
[01:21:57] [273/459] VIGK
[01:21:58] [274/459] ANST
[01:21:59] [275/459] JTTS
[01:22:00] [276/459] NTST
[01:22:00] [277/459] PREB
[01:22:01] [278/459] TSCZ
[01:22:02] 🔄 Identity reset
[01:22:02] 🔄 Identity rotated (every 10 requests)
[01:22:02] [279/459] CDCM
[01:22:03] [280/459] ELYE
[01:22:04] [281/459] INBS
[01:22:05] [282/459] SMGC
[01:22:06] [283/459] UTMP
[01:22:07] [284/459] INTA
[01:22:08] [285/459] OMPT
[01:22:10] [286/459] SCIR
[01:22:11] [287/459] GCKJ
[01:22:12] [288/459] INOG
[01:22:12] 🔄 Identity reset
[01:22:12] 🔄 Identity rotated (every 10 requests)
[01:22:12] 🔄 Retry 1/5 for INOG in 2.3s
[01:22:12] 🔄 Identity reset
[01:22:14] 🧠 New identity created
[01:22:15] [289/459] SMGB
[01:22:16] [290/459] MCSG
[01:22:17] [291/459] STKG
[01:22:18] [292/459] TTKG
[01:22:19] [293/459] SRTR
[01:22:20] [294/459] ETTR
[01:22:21] [295/459] GGGZ
[01:22:22] [296/459] IPGM
[01:22:23] [297/459] FCDH
[01:22:23] 🔄 Identity reset
[01:22:23] 🔄 Identity rotated (every 10 requests)
[01:22:24] [298/459] DESB
[01:22:25] [299/459] VNTP
[01:22:26] [300/459] ANNT
[01:22:27] [301/459] SLTI
[01:22:27] [302/459] MAJU
[01:22:28] [303/459] JCXP
[01:22:29] [304/459] HARK
[01:22:30] [305/459] JPCJ
[01:22:31] [306/459] RXBD
[01:22:32] [307/459] PTKJ
[01:22:32] 🔄 Identity reset
[01:22:32] 🔄 Identity rotated (every 10 requests)
[01:22:33] [308/459] CMTU
[01:22:34] [309/459] SWOR
[01:22:35] [310/459] JMEX
[01:22:36] [311/459] DTPT
[01:22:37] [312/459] VGMM
[01:22:38] [313/459] VCSG
[01:22:39] [314/459] CVCG
[01:22:40] [315/459] TNTT
[01:22:40] [316/459] SHRM
[01:22:41] [317/459] CGKD
[01:22:42] 🔄 Identity reset
[01:22:42] 🔄 Identity rotated (every 10 requests)
[01:22:42] [318/459] EKCM
[01:22:43] [319/459] SDCX
[01:22:45] [320/459] SBTE
[01:22:46] [321/459] STKJ
[01:22:47] [322/459] TPCE
[01:22:47] [323/459] JTNP
[01:22:48] [324/459] LPCH
[01:22:49] [325/459] CPUO
[01:22:50] [326/459] APSU
[01:22:51] [327/459] RTHC
[01:22:51] 🔄 Identity reset
[01:22:51] 🔄 Identity rotated (every 10 requests)
[01:22:52] [328/459] PTBU
[01:22:53] [329/459] CUCC
[01:22:54] [330/459] CPSA
[01:22:55] [331/459] SUAY
[01:22:56] [332/459] AYAA
[01:22:57] [333/459] MUCH
[01:22:58] [334/459] PCIN
[01:22:59] [335/459] JRRM
[01:23:00] [336/459] KATS
[01:23:01] [337/459] MHFF
[01:23:02] 🔄 Identity reset
[01:23:02] 🔄 Identity rotated (every 10 requests)
[01:23:02] [338/459] ESYM
[01:23:03] [339/459] STYV
[01:23:04] [340/459] SDKG
[01:23:05] [341/459] SMTI
[01:23:06] [342/459] NYCS
[01:23:07] [343/459] MTBG
[01:23:07] [344/459] RHCA
[01:23:08] [345/459] PCKH
[01:23:09] [346/459] ARCR
[01:23:10] [347/459] NCMB
[01:23:10] 🔄 Identity reset
[01:23:10] 🔄 Identity rotated (every 10 requests)
[01:23:11] [348/459] SHYC
[01:23:11] [349/459] LACK
[01:23:12] [350/459] MTCM
[01:23:13] [351/459] RRBN
[01:23:14] [352/459] MYDC
[01:23:15] [353/459] STCS
[01:23:16] [354/459] CONN
[01:23:17] [355/459] SIPS
[01:23:18] [356/459] SMMX
[01:23:18] [357/459] SCBY
[01:23:19] 🔄 Identity reset
[01:23:19] 🔄 Identity rotated (every 10 requests)
[01:23:20] [358/459] SUAP
[01:23:21] [359/459] RSMK
[01:23:21] [360/459] STKP
[01:23:22] [361/459] CIPC
[01:23:23] [362/459] KKCI
[01:23:24] [363/459] CTNK
[01:23:25] [364/459] MMTZ
[01:23:26] [365/459] DCCO
[01:23:27] [366/459] VNMN
[01:23:28] [367/459] RLCN
[01:23:29] 🔄 Identity reset
[01:23:29] 🔄 Identity rotated (every 10 requests)
[01:23:29] [368/459] CMMS
[01:23:30] [369/459] AYOU
[01:23:31] [370/459] SSCN
[01:23:32] [371/459] SMXN
[01:23:33] [372/459] ASSK
[01:23:34] [373/459] VCKM
[01:23:34] [374/459] PCPH
[01:23:36] [375/459] PADM
[01:23:36] [376/459] IESA
[01:23:37] [377/459] VCSP
[01:23:38] 🔄 Identity reset
[01:23:38] 🔄 Identity rotated (every 10 requests)
[01:23:38] [378/459] AEST
[01:23:39] [379/459] VTNR
[01:23:40] [380/459] GTTA
[01:23:41] [381/459] CMMM
[01:23:42] [382/459] AHKT
[01:23:43] [383/459] SIJI
[01:23:44] [384/459] VCEI
[01:23:45] [385/459] SAKR
[01:23:46] [386/459] VSMT
[01:23:47] [387/459] SSCT
[01:23:47] 🔄 Identity reset
[01:23:47] 🔄 Identity rotated (every 10 requests)
[01:23:48] [388/459] USTR
[01:23:48] [389/459] MTKT
[01:23:50] [390/459] TGMP
[01:23:51] [391/459] SIVC
[01:23:52] [392/459] KICT
[01:23:53] [393/459] DAMD
[01:23:54] [394/459] CNPT
[01:23:54] [395/459] RVTT
[01:23:55] [396/459] SNCM
[01:23:56] [397/459] GHTE
[01:23:57] 🔄 Identity reset
[01:23:57] 🔄 Identity rotated (every 10 requests)
[01:23:57] [398/459] PPAM
[01:23:58] [399/459] PVAA
[01:23:59] [400/459] CPAO
[01:24:00] [401/459] HAMD
[01:24:01] [402/459] RCCA
[01:24:02] [403/459] MPCH
[01:24:03] [404/459] ARED
[01:24:04] [405/459] RRCV
[01:24:05] [406/459] MTRB
[01:24:06] [407/459] CKUA
[01:24:07] 🔄 Identity reset
[01:24:07] 🔄 Identity rotated (every 10 requests)
[01:24:07] [408/459] ABMP
[01:24:08] [409/459] RCWA
[01:24:10] [410/459] CGAR
[01:24:11] [411/459] METH
[01:24:11] [412/459] WAGA
[01:24:13] [413/459] MCMA
[01:24:14] [414/459] CSMP
[01:24:15] [415/459] RCNK
[01:24:16] [416/459] PSTM
[01:24:17] [417/459] CSEP
[01:24:18] 🔄 Identity reset
[01:24:18] 🔄 Identity rotated (every 10 requests)
[01:24:18] [418/459] AMGD
[01:24:19] [419/459] CSTE
[01:24:20] [420/459] CONS
[01:24:21] [421/459] APPX
[01:24:22] [422/459] MABC
[01:24:23] [423/459] CXST
[01:24:24] [424/459] MATN
[01:24:25] [425/459] MACZ
[01:24:27] [426/459] MASA
[01:24:28] [427/459] MBSX
[01:24:28] 🔄 Identity reset
[01:24:28] 🔄 Identity rotated (every 10 requests)
[01:24:29] [428/459] CSST
[01:24:30] [429/459] APCL
[01:24:30] [430/459] CGOS
[01:24:31] [431/459] CPEC
[01:24:33] [432/459] MCCP
[01:24:34] [433/459] BSSO
[01:24:35] [434/459] SJKA
[01:24:36] [435/459] CGBO
[01:24:37] [436/459] MVSK
[01:24:37] [437/459] HVCA
[01:24:38] 🔄 Identity reset
[01:24:38] 🔄 Identity rotated (every 10 requests)
[01:24:38] [438/459] NAMD
[01:24:39] [439/459] DEVI
[01:24:41] [440/459] SCSV
[01:24:42] [441/459] PSMA
[01:24:43] [442/459] CLDJ
[01:24:44] [443/459] NMAD
[01:24:44] [444/459] CGMO
[01:24:45] [445/459] MCNA
[01:24:46] [446/459] OCBN
[01:24:47] [447/459] CPEM
[01:24:48] 🔄 Identity reset
[01:24:48] 🔄 Identity rotated (every 10 requests)
[01:24:49] [448/459] CPSM
[01:24:50] [449/459] RCAD
[01:24:50] [450/459] CPMU
[01:24:51] [451/459] DICD
[01:24:52] [452/459] CHOE
[01:24:53] [453/459] PDJM
[01:24:54] [454/459] SSTU
[01:24:55] [455/459] VNRN
[01:24:56] [456/459] PVLG
[01:24:57] [457/459] SWBL
[01:24:57] 🔄 Identity reset
[01:24:57] 🔄 Identity rotated (every 10 requests)
[01:24:57] [458/459] SCAB
[01:24:58] [459/459] RDDA
[01:24:59] ✅ DONE | Shows=7 | Movies=3
[01:51:49] 🚀 BMS DAILY TRACKER STARTED (enhanced anti‑detection)
[01:51:49] [1/459] MCCZ
[01:51:50] 🧠 New identity created
[01:51:50] [2/459] FRPU
[01:51:51] [3/459] SKSI
[01:51:52] [4/459] SSCK
[01:51:53] [5/459] SRDC
[01:51:54] [6/459] RSCZ
[01:51:55] [7/459] PRVT
[01:51:56] [8/459] GAGJ
[01:51:56] [9/459] SMHG
[01:51:57] [10/459] JTST
[01:51:58] 🔄 Identity reset
[01:51:58] 🔄 Identity rotated (every 10 requests)
[01:51:58] [11/459] MYTH
[01:51:59] [12/459] JPCC
[01:52:00] [13/459] ACDC
[01:52:01] [14/459] SVFP
[01:52:02] [15/459] SFCM
[01:52:03] [16/459] RUPK
[01:52:04] [17/459] NTCR
[01:52:05] [18/459] RTCH
[01:52:06] [19/459] SCMH
[01:52:07] [20/459] SVYM
[01:52:07] 🔄 Identity reset
[01:52:07] 🔄 Identity rotated (every 10 requests)
[01:52:08] [21/459] SPYM
[01:52:09] [22/459] SMMF
[01:52:10] [23/459] CLLB
[01:52:11] [24/459] FMCB
[01:52:12] [25/459] BBTC
[01:52:13] [26/459] NTHS
[01:52:13] [27/459] PKKJ
[01:52:14] [28/459] MTJA
[01:52:15] [29/459] PMSJ
[01:52:16] [30/459] JMJU
[01:52:16] 🔄 Identity reset
[01:52:16] 🔄 Identity rotated (every 10 requests)
[01:52:17] [31/459] SRAD
[01:52:18] [32/459] MJMC
[01:52:19] [33/459] DFRM
[01:52:20] [34/459] PMRS
[01:52:21] [35/459] RKPP
[01:52:22] [36/459] BMBK
[01:52:23] [37/459] NEWS
[01:52:23] [38/459] SALB
[01:52:24] [39/459] SCPW
[01:52:26] [40/459] RAYL
[01:52:26] 🔄 Identity reset
[01:52:26] 🔄 Identity rotated (every 10 requests)
[01:52:27] [41/459] CMGJ
[01:52:27] [42/459] JRCR
[01:52:28] [43/459] SRTB
[01:52:29] [44/459] ETPB
[01:52:30] [45/459] MXBN
[01:52:31] [46/459] TOPE
[01:52:31] [47/459] SNLJ
[01:52:32] [48/459] CDDP
[01:52:33] [49/459] APCX
[01:52:33] [50/459] TALP
[01:52:34] 🔄 Identity reset
[01:52:34] 🔄 Identity rotated (every 10 requests)
[01:52:34] [51/459] RRMP
[01:52:35] [52/459] MAHB
[01:52:36] [53/459] MTKR
[01:52:36] [54/459] KSKL
[01:52:37] [55/459] RJLT
[01:52:38] [56/459] ATAS
[01:52:40] [57/459] AMHR
[01:52:41] [58/459] RSRM
[01:52:42] [59/459] GCAT
[01:52:43] [60/459] SMML
[01:52:43] 🔄 Identity reset
[01:52:43] 🔄 Identity rotated (every 10 requests)
[01:52:44] [61/459] ACCD
[01:52:44] [62/459] VYDA
[01:52:45] [63/459] MSKT
[01:52:46] [64/459] AVDM
[01:52:47] [65/459] ASMH
[01:52:48] [66/459] VTMB
[01:52:49] [67/459] WVMB
[01:52:50] [68/459] PPMN
[01:52:51] [69/459] MTMD
[01:52:51] [70/459] SMMO
[01:52:52] 🔄 Identity reset
[01:52:52] 🔄 Identity rotated (every 10 requests)
[01:52:52] [71/459] DLPB
[01:52:53] [72/459] AKMD
[01:52:54] [73/459] SHRR
[01:52:54] [74/459] ASCO
[01:52:55] [75/459] CZVX
[01:52:56] [76/459] GCBB
[01:52:57] [77/459] ATBM
[01:52:58] [78/459] TCGM
[01:52:59] [79/459] UMSE
[01:53:00] [80/459] NKCL
[01:53:01] 🔄 Identity reset
[01:53:01] 🔄 Identity rotated (every 10 requests)
[01:53:01] [81/459] BTLR
[01:53:02] [82/459] GOCL
[01:53:02] [83/459] MIRN
[01:53:03] [84/459] THEC
[01:53:04] [85/459] SPPB
[01:53:05] [86/459] PMMM
[01:53:06] [87/459] GGMC
[01:53:07] [88/459] AVSR
[01:53:08] [89/459] RDMH
[01:53:09] [90/459] JSRS
[01:53:10] 🔄 Identity reset
[01:53:10] 🔄 Identity rotated (every 10 requests)
[01:53:10] [91/459] VKGP
[01:53:11] [92/459] ACRT
[01:53:12] [93/459] GCBA
[01:53:13] [94/459] GTCP
[01:53:14] [95/459] AKFC
[01:53:15] [96/459] INCS
[01:53:16] [97/459] SMCK
[01:53:16] [98/459] BRUN
[01:53:17] [99/459] RPPC
[01:53:18] [100/459] PAYD
[01:53:18] 🔄 Identity reset
[01:53:18] 🔄 Identity rotated (every 10 requests)
[01:53:19] [101/459] SVVT
[01:53:20] [102/459] RNCC
[01:53:20] [103/459] PCRC
[01:53:21] [104/459] PMRM
[01:53:22] [105/459] CCRP
[01:53:23] [106/459] INCR
[01:53:24] [107/459] ZTMP
[01:53:25] [108/459] MCNR
[01:53:26] [109/459] INRP
[01:53:26] [110/459] STRC
[01:53:27] 🔄 Identity reset
[01:53:27] 🔄 Identity rotated (every 10 requests)
[01:53:27] [111/459] RATI
[01:53:28] [112/459] PBTR
[01:53:29] [113/459] CMHP
[01:53:30] [114/459] ZECJ
[01:53:31] [115/459] CCCB
[01:53:32] [116/459] BWCB
[01:53:33] [117/459] CCAT
[01:53:33] [118/459] KGCM
[01:53:34] [119/459] INPT
[01:53:35] [120/459] FNCO
[01:53:36] 🔄 Identity reset
[01:53:36] 🔄 Identity rotated (every 10 requests)
[01:53:36] [121/459] SRMJ
[01:53:37] [122/459] PFSC
[01:53:38] [123/459] PBMC
[01:53:39] [124/459] KARP
[01:53:39] [125/459] KOVI
[01:53:40] [126/459] ACXL
[01:53:41] [127/459] GKCC
[01:53:42] [128/459] ASCC
[01:53:43] [129/459] SETC
[01:53:44] [130/459] KACC
[01:53:45] 🔄 Identity reset
[01:53:45] 🔄 Identity rotated (every 10 requests)
[01:53:45] [131/459] KAVE
[01:53:46] [132/459] CNTC
[01:53:47] [133/459] MEEN
[01:53:48] [134/459] BMRV
[01:53:48] [135/459] SVAM
[01:53:49] [136/459] VTBP
[01:53:51] [137/459] VCKN
[01:53:52] [138/459] SGTK
[01:53:53] [139/459] RCGS
[01:53:54] [140/459] RCCB
[01:53:54] 🔄 Identity reset
[01:53:54] 🔄 Identity rotated (every 10 requests)
[01:53:54] [141/459] RKSR
[01:53:55] [142/459] RKCU
[01:53:56] [143/459] GIBH
[01:53:56] [144/459] CXBS
[01:53:57] [145/459] GGCB
[01:53:58] [146/459] SCPB
[01:53:59] [147/459] AKTB
[01:54:00] [148/459] SRBU
[01:54:01] [149/459] CSSA
[01:54:01] [150/459] MYAN
[01:54:02] 🔄 Identity reset
[01:54:02] 🔄 Identity rotated (every 10 requests)
[01:54:02] [151/459] EXCA
[01:54:03] [152/459] CKSA
[01:54:04] [153/459] JTNM
[01:54:05] [154/459] CXKT
[01:54:06] [155/459] NCLM
[01:54:07] [156/459] JAAD
[01:54:07] [157/459] RDCR
[01:54:08] [158/459] MEER
[01:54:09] [159/459] SIBT
[01:54:10] [160/459] PVVB
[01:54:10] 🔄 Identity reset
[01:54:10] 🔄 Identity rotated (every 10 requests)
[01:54:10] [161/459] FNPN
[01:54:11] [162/459] CRPX
[01:54:12] [163/459] STET
[01:54:13] [164/459] METE
[01:54:14] [165/459] BJML
[01:54:15] [166/459] MAVT
[01:54:16] [167/459] MSRM
[01:54:17] [168/459] TJMP
[01:54:18] [169/459] MHCK
[01:54:19] [170/459] SVGP
[01:54:19] 🔄 Identity reset
[01:54:19] 🔄 Identity rotated (every 10 requests)
[01:54:19] [171/459] KRRC
[01:54:20] [172/459] IMCH
[01:54:21] [173/459] CMCS
[01:54:22] [174/459] SGND
[01:54:23] [175/459] RNAT
[01:54:24] [176/459] PRTN
[01:54:25] [177/459] MPTN
[01:54:25] [178/459] ARCC
[01:54:26] [179/459] NTTE
[01:54:27] [180/459] ABND
[01:54:28] 🔄 Identity reset
[01:54:28] 🔄 Identity rotated (every 10 requests)
[01:54:28] [181/459] KCSN
[01:54:29] [182/459] KCSA
[01:54:29] [183/459] DCKT
[01:54:30] [184/459] MBBR
[01:54:31] [185/459] RAMU
[01:54:32] [186/459] RACW
[01:54:34] [187/459] MCHP
[01:54:34] [188/459] TMHM
[01:54:35] [189/459] STXH
[01:54:36] [190/459] AGSG
[01:54:37] 🔄 Identity reset
[01:54:37] 🔄 Identity rotated (every 10 requests)
[01:54:37] [191/459] SIRA
[01:54:38] [192/459] RCAN
[01:54:39] [193/459] CWTB
[01:54:40] [194/459] VTYM
[01:54:41] [195/459] RRPP
[01:54:42] [196/459] ASMR
[01:54:43] [197/459] RONO
[01:54:44] [198/459] MEMR
[01:54:45] [199/459] CTMR
[01:54:46] [200/459] PMTT
[01:54:46] 🔄 Identity reset
[01:54:46] 🔄 Identity rotated (every 10 requests)
[01:54:47] [201/459] PSLX
[01:54:47] [202/459] IPPL
[01:54:48] [203/459] MMSG
[01:54:49] [204/459] INEL
[01:54:50] [205/459] COAC
[01:54:50] [206/459] WVLK
[01:54:51] [207/459] PPXL
[01:54:52] [208/459] PSML
[01:54:53] [209/459] FNLK
[01:54:53] [210/459] ILUM
[01:54:54] 🔄 Identity reset
[01:54:54] 🔄 Identity rotated (every 10 requests)
[01:54:54] [211/459] ILCM
[01:54:55] [212/459] MSNL
[01:54:56] [213/459] VINB
[01:54:57] [214/459] SALW
[01:54:58] [215/459] PRTB
[01:54:59] [216/459] NCIL
[01:54:59] [217/459] PSUL
[01:55:00] [218/459] SCLK
[01:55:01] [219/459] ADDC
[01:55:02] [220/459] OACL
[01:55:03] 🔄 Identity reset
[01:55:03] 🔄 Identity rotated (every 10 requests)
[01:55:03] [221/459] OOCF
[01:55:04] [222/459] GPMF
[01:55:05] [223/459] SSDG
[01:55:06] [224/459] SKRS
[01:55:06] [225/459] NTTP
[01:55:07] [226/459] SLTP
[01:55:08] [227/459] JTLC
[01:55:09] [228/459] POON
[01:55:09] [229/459] CCPC
[01:55:10] [230/459] DCKC
[01:55:11] 🔄 Identity reset
[01:55:11] 🔄 Identity rotated (every 10 requests)
[01:55:11] [231/459] CPRT
[01:55:12] [232/459] EYHZ
[01:55:13] [233/459] ARBL
[01:55:14] [234/459] SBTB
[01:55:15] [235/459] MMCK
[01:55:16] [236/459] PLMR
[01:55:17] [237/459] BIJH
[01:55:18] [238/459] SDRT
[01:55:18] [239/459] PRDC
[01:55:19] [240/459] OMJA
[01:55:20] 🔄 Identity reset
[01:55:20] 🔄 Identity rotated (every 10 requests)
[01:55:20] [241/459] VKCR
[01:55:21] [242/459] ATRT
[01:55:22] [243/459] WVRP
[01:55:23] [244/459] MVRP
[01:55:24] [245/459] FCAX
[01:55:25] [246/459] CTLC
[01:55:26] [247/459] JCHB
[01:55:27] [248/459] SELP
[01:55:28] [249/459] VCPG
[01:55:29] [250/459] ASCX
[01:55:29] 🔄 Identity reset
[01:55:29] 🔄 Identity rotated (every 10 requests)
[01:55:30] [251/459] EOCS
[01:55:30] [252/459] RCPH
[01:55:31] [253/459] RJTM
[01:55:32] [254/459] SGMD
[01:55:33] [255/459] SVJT
[01:55:34] [256/459] SPPO
[01:55:35] [257/459] MNRL
[01:55:36] [258/459] KNOX
[01:55:37] [259/459] GIER
[01:55:38] [260/459] PJMS
[01:55:38] 🔄 Identity reset
[01:55:38] 🔄 Identity rotated (every 10 requests)
[01:55:39] [261/459] UNSP
[01:55:40] [262/459] JETP
[01:55:40] [263/459] VTWA
[01:55:41] [264/459] SCJI
[01:55:42] [265/459] CBZZ
[01:55:43] [266/459] SDCJ
[01:55:44] [267/459] RRCC
[01:55:46] [268/459] VNKG
[01:55:46] [269/459] LKTO
[01:55:47] [270/459] PJRM
[01:55:48] 🔄 Identity reset
[01:55:48] 🔄 Identity rotated (every 10 requests)
[01:55:48] [271/459] NVRM
[01:55:49] [272/459] SJCS
[01:55:50] [273/459] VIGK
[01:55:51] [274/459] ANST
[01:55:53] [275/459] JTTS
[01:55:54] [276/459] NTST
[01:55:55] [277/459] PREB
[01:55:56] [278/459] TSCZ
[01:55:57] [279/459] CDCM
[01:55:58] [280/459] ELYE
[01:55:58] 🔄 Identity reset
[01:55:58] 🔄 Identity rotated (every 10 requests)
[01:55:59] [281/459] INBS
[01:56:00] [282/459] SMGC
[01:56:00] [283/459] UTMP
[01:56:01] [284/459] INTA
[01:56:02] [285/459] OMPT
[01:56:03] [286/459] SCIR
[01:56:04] [287/459] GCKJ
[01:56:05] [288/459] INOG
[01:56:06] [289/459] SMGB
[01:56:07] [290/459] MCSG
[01:56:07] 🔄 Identity reset
[01:56:07] 🔄 Identity rotated (every 10 requests)
[01:56:07] [291/459] STKG
[01:56:08] [292/459] TTKG
[01:56:09] [293/459] SRTR
[01:56:10] [294/459] ETTR
[01:56:11] [295/459] GGGZ
[01:56:12] [296/459] IPGM
[01:56:13] [297/459] FCDH
[01:56:14] [298/459] DESB
[01:56:15] [299/459] VNTP
[01:56:15] [300/459] ANNT
[01:56:16] 🔄 Identity reset
[01:56:16] 🔄 Identity rotated (every 10 requests)
[01:56:16] [301/459] SLTI
[01:56:17] [302/459] MAJU
[01:56:18] [303/459] JCXP
[01:56:19] [304/459] HARK
[01:56:20] [305/459] JPCJ
[01:56:21] [306/459] RXBD
[01:56:23] [307/459] PTKJ
[01:56:25] [308/459] CMTU
[01:56:26] [309/459] SWOR
[01:56:27] [310/459] JMEX
[01:56:27] 🔄 Identity reset
[01:56:27] 🔄 Identity rotated (every 10 requests)
[01:56:28] [311/459] DTPT
[01:56:28] [312/459] VGMM
[01:56:29] [313/459] VCSG
[01:56:30] [314/459] CVCG
[01:56:31] [315/459] TNTT
[01:56:32] [316/459] SHRM
[01:56:32] [317/459] CGKD
[01:56:33] [318/459] EKCM
[01:56:34] [319/459] SDCX
[01:56:35] [320/459] SBTE
[01:56:36] 🔄 Identity reset
[01:56:36] 🔄 Identity rotated (every 10 requests)
[01:56:36] [321/459] STKJ
[01:56:37] [322/459] TPCE
[01:56:38] [323/459] JTNP
[01:56:38] [324/459] LPCH
[01:56:39] [325/459] CPUO
[01:56:41] [326/459] APSU
[01:56:41] [327/459] RTHC
[01:56:42] [328/459] PTBU
[01:56:43] [329/459] CUCC
[01:56:44] [330/459] CPSA
[01:56:44] 🔄 Identity reset
[01:56:44] 🔄 Identity rotated (every 10 requests)
[01:56:45] [331/459] SUAY
[01:56:45] [332/459] AYAA
[01:56:46] [333/459] MUCH
[01:56:47] [334/459] PCIN
[01:56:48] [335/459] JRRM
[01:56:49] [336/459] KATS
[01:56:50] [337/459] MHFF
[01:56:51] [338/459] ESYM
[01:56:52] [339/459] STYV
[01:56:53] [340/459] SDKG
[01:56:53] 🔄 Identity reset
[01:56:54] 🔄 Identity rotated (every 10 requests)
[01:56:54] [341/459] SMTI
[01:56:55] [342/459] NYCS
[01:56:56] [343/459] MTBG
[01:56:56] [344/459] RHCA
[01:56:57] [345/459] PCKH
[01:56:58] [346/459] ARCR
[01:56:59] [347/459] NCMB
[01:57:00] [348/459] SHYC
[01:57:01] [349/459] LACK
[01:57:02] [350/459] MTCM
[01:57:02] 🔄 Identity reset
[01:57:02] 🔄 Identity rotated (every 10 requests)
[01:57:03] [351/459] RRBN
[01:57:03] [352/459] MYDC
[01:57:04] [353/459] STCS
[01:57:05] [354/459] CONN
[01:57:06] [355/459] SIPS
[01:57:06] [356/459] SMMX
[01:57:07] [357/459] SCBY
[01:57:08] [358/459] SUAP
[01:57:09] [359/459] RSMK
[01:57:11] [360/459] STKP
[01:57:11] 🔄 Identity reset
[01:57:11] 🔄 Identity rotated (every 10 requests)
[01:57:12] [361/459] CIPC
[01:57:13] [362/459] KKCI
[01:57:13] [363/459] CTNK
[01:57:14] [364/459] MMTZ
[01:57:15] [365/459] DCCO
[01:57:16] [366/459] VNMN
[01:57:17] [367/459] RLCN
[01:57:18] [368/459] CMMS
[01:57:18] [369/459] AYOU
[01:57:19] [370/459] SSCN
[01:57:20] 🔄 Identity reset
[01:57:20] 🔄 Identity rotated (every 10 requests)
[01:57:20] [371/459] SMXN
[01:57:21] [372/459] ASSK
[01:57:22] [373/459] VCKM
[01:57:23] [374/459] PCPH
[01:57:23] [375/459] PADM
[01:57:24] [376/459] IESA
[01:57:25] [377/459] VCSP
[01:57:26] [378/459] AEST
[01:57:27] [379/459] VTNR
[01:57:27] [380/459] GTTA
[01:57:28] 🔄 Identity reset
[01:57:28] 🔄 Identity rotated (every 10 requests)
[01:57:28] [381/459] CMMM
[01:57:29] [382/459] AHKT
[01:57:31] [383/459] SIJI
[01:57:32] [384/459] VCEI
[01:57:33] [385/459] SAKR
[01:57:34] [386/459] VSMT
[01:57:35] [387/459] SSCT
[01:57:35] [388/459] USTR
[01:57:36] [389/459] MTKT
[01:57:37] [390/459] TGMP
[01:57:38] 🔄 Identity reset
[01:57:38] 🔄 Identity rotated (every 10 requests)
[01:57:38] [391/459] SIVC
[01:57:39] [392/459] KICT
[01:57:40] [393/459] DAMD
[01:57:41] [394/459] CNPT
[01:57:42] [395/459] RVTT
[01:57:43] [396/459] SNCM
[01:57:44] [397/459] GHTE
[01:57:45] [398/459] PPAM
[01:57:46] [399/459] PVAA
[01:57:47] [400/459] CPAO
[01:57:48] 🔄 Identity reset
[01:57:48] 🔄 Identity rotated (every 10 requests)
[01:57:48] [401/459] HAMD
[01:57:48] [402/459] RCCA
[01:57:49] [403/459] MPCH
[01:57:50] [404/459] ARED
[01:57:50] [405/459] RRCV
[01:57:51] [406/459] MTRB
[01:57:53] [407/459] CKUA
[01:57:54] [408/459] ABMP
[01:57:54] [409/459] RCWA
[01:57:55] [410/459] CGAR
[01:57:56] 🔄 Identity reset
[01:57:56] 🔄 Identity rotated (every 10 requests)
[01:57:56] [411/459] METH
[01:57:57] [412/459] WAGA
[01:57:58] [413/459] MCMA
[01:57:58] [414/459] CSMP
[01:57:59] [415/459] RCNK
[01:58:00] [416/459] PSTM
[01:58:01] [417/459] CSEP
[01:58:01] [418/459] AMGD
[01:58:02] [419/459] CSTE
[01:58:03] [420/459] CONS
[01:58:04] 🔄 Identity reset
[01:58:04] 🔄 Identity rotated (every 10 requests)
[01:58:05] [421/459] APPX
[01:58:05] [422/459] MABC
[01:58:06] [423/459] CXST
[01:58:07] [424/459] MATN
[01:58:07] [425/459] MACZ
[01:58:08] [426/459] MASA
[01:58:09] [427/459] MBSX
[01:58:10] [428/459] CSST
[01:58:11] [429/459] APCL
[01:58:11] [430/459] CGOS
[01:58:12] 🔄 Identity reset
[01:58:12] 🔄 Identity rotated (every 10 requests)
[01:58:12] [431/459] CPEC
[01:58:13] [432/459] MCCP
[01:58:14] [433/459] BSSO
[01:58:15] [434/459] SJKA
[01:58:15] [435/459] CGBO
[01:58:16] [436/459] MVSK
[01:58:17] [437/459] HVCA
[01:58:19] [438/459] NAMD
[01:58:20] [439/459] DEVI
[01:58:20] [440/459] SCSV
[01:58:21] 🔄 Identity reset
[01:58:21] 🔄 Identity rotated (every 10 requests)
[01:58:21] [441/459] PSMA
[01:58:22] [442/459] CLDJ
[01:58:24] [443/459] NMAD
[01:58:25] [444/459] CGMO
[01:58:25] [445/459] MCNA
[01:58:26] [446/459] OCBN
[01:58:27] [447/459] CPEM
[01:58:27] [448/459] CPSM
[01:58:28] [449/459] RCAD
[01:58:29] [450/459] CPMU
[01:58:30] 🔄 Identity reset
[01:58:30] 🔄 Identity rotated (every 10 requests)
[01:58:30] [451/459] DICD
[01:58:31] [452/459] CHOE
[01:58:31] [453/459] PDJM
[01:58:32] [454/459] SSTU
[01:58:33] [455/459] VNRN
[01:58:35] [456/459] PVLG
[01:58:35] [457/459] SWBL
[01:58:36] [458/459] SCAB
[01:58:37] [459/459] RDDA
[01:58:38] ✅ DONE | Shows=7 | Movies=3
