[00:17:32] 🚀 BMS DAILY TRACKER STARTED (enhanced anti‑detection)
[00:17:32] [1/458] MBDC
[00:17:32] 🧠 New identity created
[00:17:33] [2/458] CHKM
[00:17:34] [3/458] JTKZ
[00:17:35] [4/458] CMCT
[00:17:36] [5/458] ASHO
[00:17:37] [6/458] ECDG
[00:17:38] [7/458] SPAT
[00:17:39] [8/458] HILC
[00:17:41] [9/458] SPPH
[00:17:42] [10/458] SBHN
[00:17:42] 🔄 Identity reset
[00:17:42] 🔄 Identity rotated (every 10 requests)
[00:17:42] [11/458] RRCA
[00:17:43] [12/458] APAA
[00:17:44] [13/458] RAME
[00:17:45] [14/458] TMMS
[00:17:46] [15/458] BATK
[00:17:47] [16/458] LKOP
[00:17:48] [17/458] AMTT
[00:17:50] [18/458] PTGK
[00:17:51] [19/458] ANRS
[00:17:52] [20/458] VWBW
[00:17:52] 🔄 Identity reset
[00:17:52] 🔄 Identity rotated (every 10 requests)
[00:17:52] 🔄 Retry 1/5 for VWBW in 2.6s
[00:17:52] 🔄 Identity reset
[00:17:55] 🧠 New identity created
[00:17:55] 🔄 Retry 2/5 for VWBW in 4.8s
[00:17:55] 🔄 Identity reset
[00:18:00] 🧠 New identity created
[00:18:00] 🔄 Retry 3/5 for VWBW in 8.5s
[00:18:00] 🔄 Identity reset
[00:18:08] 🧠 New identity created
[00:18:09] [21/458] SVFG
[00:18:10] [22/458] STAT
[00:18:11] [23/458] GDCV
[00:18:12] [24/458] VEBI
[00:18:14] [25/458] VDSS
[00:18:15] [26/458] NTHV
[00:18:16] [27/458] AOCH
[00:18:17] 🔄 Identity reset
[00:18:17] 🔄 Identity rotated (every 10 requests)
[00:18:17] [28/458] KASR
[00:18:18] [29/458] AYCS
[00:18:19] [30/458] SHAI
[00:18:20] [31/458] SKPE
[00:18:22] [32/458] SBTA
[00:18:23] [33/458] RTTD
[00:18:24] [34/458] CCJD
[00:18:25] [35/458] RSJJ
[00:18:26] [36/458] RKND
[00:18:27] [37/458] SVTX
[00:18:28] 🔄 Identity reset
[00:18:28] 🔄 Identity rotated (every 10 requests)
[00:18:28] 🔄 Retry 1/5 for SVTX in 2.1s
[00:18:28] 🔄 Identity reset
[00:18:30] 🧠 New identity created
[00:18:31] [38/458] BAKM
[00:18:32] [39/458] SVDC
[00:18:33] [40/458] MNCV
[00:18:34] [41/458] SJGC
[00:18:36] [42/458] MTPK
[00:18:36] [43/458] GATP
[00:18:37] [44/458] ABTS
[00:18:38] [45/458] ABDE
[00:18:39] [46/458] RCNM
[00:18:39] 🔄 Identity reset
[00:18:39] 🔄 Identity rotated (every 10 requests)
[00:18:40] [47/458] KTHV
[00:18:40] [48/458] MDGJ
[00:18:41] [49/458] SMLM
[00:18:42] [50/458] JTMA
[00:18:43] [51/458] ACKP
[00:18:44] [52/458] SRTA
[00:18:45] [53/458] STAY
[00:18:46] [54/458] MAVO
[00:18:47] [55/458] APTS
[00:18:48] [56/458] OMEA
[00:18:49] 🔄 Identity reset
[00:18:49] 🔄 Identity rotated (every 10 requests)
[00:18:49] 🔄 Retry 1/5 for OMEA in 2.4s
[00:18:49] 🔄 Identity reset
[00:18:51] 🧠 New identity created
[00:18:51] 🔄 Retry 2/5 for OMEA in 4.4s
[00:18:51] 🔄 Identity reset
[00:18:56] 🧠 New identity created
[00:18:56] 🔄 Retry 3/5 for OMEA in 8.2s
[00:18:56] 🔄 Identity reset
[00:19:04] 🧠 New identity created
[00:19:04] 🔄 Retry 4/5 for OMEA in 16.6s
[00:19:04] 🔄 Identity reset
[00:19:21] 🧠 New identity created
[00:19:21] [57/458] TTFD
[00:19:22] [58/458] MJCU
[00:19:23] [59/458] CXTE
[00:19:24] [60/458] CTPX
[00:19:25] [61/458] ASSL
[00:19:25] [62/458] CMVB
[00:19:26] 🔄 Identity reset
[00:19:26] 🔄 Identity rotated (every 10 requests)
[00:19:26] [63/458] VPUR
[00:19:27] [64/458] JJDA
[00:19:28] [65/458] INBL
[00:19:29] [66/458] BIKB
[00:19:30] [67/458] NTBB
[00:19:31] [68/458] GLOB
[00:19:31] [69/458] SNTB
[00:19:32] [70/458] CHGV
[00:19:33] [71/458] SSBZ
[00:19:34] [72/458] PRDB
[00:19:35] 🔄 Identity reset
[00:19:35] 🔄 Identity rotated (every 10 requests)
[00:19:35] [73/458] ISMT
[00:19:36] [74/458] MCSD
[00:19:37] [75/458] JBTT
[00:19:38] [76/458] GEKR
[00:19:39] [77/458] PVUN
[00:19:39] [78/458] NRTB
[00:19:40] [79/458] PRAA
[00:19:41] [80/458] PCBL
[00:19:42] [81/458] PTCM
[00:19:43] [82/458] KHNN
[00:19:43] 🔄 Identity reset
[00:19:43] 🔄 Identity rotated (every 10 requests)
[00:19:44] [83/458] OMJE
[00:19:45] [84/458] STGN
[00:19:45] [85/458] RPMS
[00:19:47] [86/458] NWAD
[00:19:47] [87/458] BLCK
[00:19:48] [88/458] SVAA
[00:19:49] [89/458] URVM
[00:19:50] [90/458] ANTM
[00:19:51] [91/458] VJYM
[00:19:52] [92/458] MAZZ
[00:19:53] 🔄 Identity reset
[00:19:53] 🔄 Identity rotated (every 10 requests)
[00:19:53] [93/458] CSHM
[00:19:54] [94/458] WGMH
[00:19:56] [95/458] SALN
[00:19:57] [96/458] BRTP
[00:19:57] [97/458] SVTA
[00:19:58] [98/458] SBTP
[00:19:59] [99/458] VLSS
[00:20:00] [100/458] SRJA
[00:20:01] [101/458] ANCG
[00:20:02] [102/458] CGGC
[00:20:03] 🔄 Identity reset
[00:20:03] 🔄 Identity rotated (every 10 requests)
[00:20:03] [103/458] CRJA
[00:20:04] [104/458] USCR
[00:20:05] [105/458] MMEF
[00:20:06] [106/458] JCRJ
[00:20:07] [107/458] ADCM
[00:20:07] [108/458] BMYK
[00:20:08] [109/458] KICS
[00:20:09] [110/458] MBBT
[00:20:11] [111/458] MACK
[00:20:12] [112/458] CLDR
[00:20:12] 🔄 Identity reset
[00:20:12] 🔄 Identity rotated (every 10 requests)
[00:20:13] [113/458] JYCR
[00:20:14] [114/458] DCRP
[00:20:15] [115/458] RAHT
[00:20:15] [116/458] CSSM
[00:20:16] [117/458] ATPK
[00:20:17] [118/458] KLRT
[00:20:18] [119/458] SRDD
[00:20:19] [120/458] CKMC
[00:20:19] [121/458] KRVM
[00:20:20] [122/458] AKCP
[00:20:21] 🔄 Identity reset
[00:20:21] 🔄 Identity rotated (every 10 requests)
[00:20:21] [123/458] CNCV
[00:20:22] [124/458] PACT
[00:20:23] [125/458] NATP
[00:20:24] [126/458] PCPK
[00:20:25] [127/458] SMHO
[00:20:26] [128/458] CWTK
[00:20:26] [129/458] RVKZ
[00:20:27] [130/458] ASPD
[00:20:29] [131/458] VTKZ
[00:20:30] [132/458] LCSO
[00:20:30] 🔄 Identity reset
[00:20:30] 🔄 Identity rotated (every 10 requests)
[00:20:31] 🔄 Retry 1/5 for LCSO in 2.7s
[00:20:31] 🔄 Identity reset
[00:20:33] 🧠 New identity created
[00:20:34] [133/458] PRDY
[00:20:35] [134/458] RCAP
[00:20:35] [135/458] RGAR
[00:20:36] [136/458] RCAC
[00:20:37] [137/458] PMOD
[00:20:38] [138/458] PVCN
[00:20:39] [139/458] SCRZ
[00:20:40] [140/458] PVPC
[00:20:41] [141/458] STID
[00:20:41] 🔄 Identity reset
[00:20:41] 🔄 Identity rotated (every 10 requests)
[00:20:42] [142/458] NEDD
[00:20:43] [143/458] BNBA
[00:20:44] [144/458] NTCD
[00:20:45] [145/458] OCDE
[00:20:46] [146/458] CCDU
[00:20:47] [147/458] CRXH
[00:20:48] [148/458] VLVT
[00:20:49] [149/458] CICI
[00:20:50] [150/458] SUCB
[00:20:51] [151/458] TCBP
[00:20:51] 🔄 Identity reset
[00:20:51] 🔄 Identity rotated (every 10 requests)
[00:20:51] [152/458] SCCY
[00:20:52] [153/458] LXCY
[00:20:53] [154/458] NCMD
[00:20:54] [155/458] PHCS
[00:20:55] [156/458] DUXR
[00:20:56] [157/458] VNKS
[00:20:57] [158/458] SEDP
[00:20:58] [159/458] SVEN
[00:20:59] [160/458] SRKM
[00:21:00] [161/458] JTLT
[00:21:01] 🔄 Identity reset
[00:21:01] 🔄 Identity rotated (every 10 requests)
[00:21:01] [162/458] SVSS
[00:21:02] [163/458] AMDE
[00:21:03] [164/458] WVRN
[00:21:03] [165/458] ISMG
[00:21:05] [166/458] WVKS
[00:21:06] [167/458] USCG
[00:21:06] [168/458] IOTG
[00:21:07] [169/458] RRJM
[00:21:08] [170/458] EDMP
[00:21:09] [171/458] SCGZ
[00:21:10] 🔄 Identity reset
[00:21:10] 🔄 Identity rotated (every 10 requests)
[00:21:10] 🔄 Retry 1/5 for SCGZ in 2.4s
[00:21:10] 🔄 Identity reset
[00:21:12] 🧠 New identity created
[00:21:12] [172/458] GMGX
[00:21:13] [173/458] OMTP
[00:21:14] [174/458] MITD
[00:21:15] [175/458] SMMD
[00:21:16] [176/458] STML
[00:21:17] [177/458] MCFS
[00:21:18] [178/458] FPKA
[00:21:19] [179/458] OMLR
[00:21:20] [180/458] KKSC
[00:21:20] 🔄 Identity reset
[00:21:20] 🔄 Identity rotated (every 10 requests)
[00:21:20] 🔄 Retry 1/5 for KKSC in 2.1s
[00:21:20] 🔄 Identity reset
[00:21:22] 🧠 New identity created
[00:21:23] [181/458] RVMA
[00:21:24] [182/458] SCLL
[00:21:25] [183/458] SCDK
[00:21:26] [184/458] SXMI
[00:21:27] [185/458] SHDN
[00:21:28] [186/458] PAAD
[00:21:29] [187/458] UUCB
[00:21:30] [188/458] JHOL
[00:21:31] [189/458] SGWT
[00:21:31] 🔄 Identity reset
[00:21:31] 🔄 Identity rotated (every 10 requests)
[00:21:31] [190/458] SRII
[00:21:32] [191/458] SGCK
[00:21:33] [192/458] SVVB
[00:21:34] [193/458] DMHA
[00:21:35] [194/458] PPNL
[00:21:36] [195/458] CPNL
[00:21:37] [196/458] WVLD
[00:21:38] [197/458] PSLV
[00:21:39] [198/458] VTTL
[00:21:40] [199/458] NPAD
[00:21:40] 🔄 Identity reset
[00:21:40] 🔄 Identity rotated (every 10 requests)
[00:21:40] 🔄 Retry 1/5 for NPAD in 2.2s
[00:21:40] 🔄 Identity reset
[00:21:42] 🧠 New identity created
[00:21:43] [200/458] PVCS
[00:21:44] [201/458] MCHL
[00:21:45] [202/458] PPLL
[00:21:46] [203/458] MALO
[00:21:47] [204/458] SWBH
[00:21:48] [205/458] PUGB
[00:21:48] [206/458] INBB
[00:21:49] [207/458] INNS
[00:21:50] [208/458] MCPT
[00:21:51] 🔄 Identity reset
[00:21:51] 🔄 Identity rotated (every 10 requests)
[00:21:51] [209/458] SCMI
[00:21:52] [210/458] OCON
[00:21:53] [211/458] SCSM
[00:21:54] [212/458] RJVN
[00:21:54] [213/458] AMDK
[00:21:55] [214/458] ISMR
[00:21:56] [215/458] SMTD
[00:21:57] [216/458] VTDD
[00:21:58] [217/458] PDDZ
[00:21:59] [218/458] PCCK
[00:21:59] 🔄 Identity reset
[00:21:59] 🔄 Identity rotated (every 10 requests)
[00:22:00] [219/458] INAM
[00:22:01] [220/458] FNKT
[00:22:02] [221/458] GDKA
[00:22:02] [222/458] MAYU
[00:22:03] [223/458] TCGU
[00:22:04] [224/458] KDCA
[00:22:05] [225/458] DOMY
[00:22:06] [226/458] PDDD
[00:22:07] [227/458] BJTS
[00:22:08] [228/458] VTCA
[00:22:08] 🔄 Identity reset
[00:22:08] 🔄 Identity rotated (every 10 requests)
[00:22:08] 🔄 Retry 1/5 for VTCA in 2.0s
[00:22:08] 🔄 Identity reset
[00:22:10] 🧠 New identity created
[00:22:11] [229/458] SBTM
[00:22:12] [230/458] SEET
[00:22:13] [231/458] SSTJ
[00:22:14] [232/458] SVNT
[00:22:16] [233/458] PPPR
[00:22:17] [234/458] PVYS
[00:22:17] [235/458] IOSE
[00:22:18] [236/458] ACTV
[00:22:19] [237/458] APVE
[00:22:20] 🔄 Identity reset
[00:22:20] 🔄 Identity rotated (every 10 requests)
[00:22:20] [238/458] TCCL
[00:22:21] [239/458] SCMO
[00:22:22] [240/458] SAUM
[00:22:22] [241/458] KCJS
[00:22:23] [242/458] NJCJ
[00:22:24] [243/458] NECF
[00:22:25] [244/458] CCGW
[00:22:26] [245/458] CCMG
[00:22:27] [246/458] NYRG
[00:22:28] [247/458] NCSQ
[00:22:29] 🔄 Identity reset
[00:22:29] 🔄 Identity rotated (every 10 requests)
[00:22:29] [248/458] GRCG
[00:22:30] [249/458] CCBT
[00:22:31] [250/458] ACGA
[00:22:32] [251/458] INAG
[00:22:33] [252/458] FUCG
[00:22:34] [253/458] AICF
[00:22:35] [254/458] GRGA
[00:22:36] [255/458] GDCN
[00:22:37] [256/458] RRCG
[00:22:38] [257/458] SDCH
[00:22:38] 🔄 Identity reset
[00:22:38] 🔄 Identity rotated (every 10 requests)
[00:22:38] 🔄 Retry 1/5 for SDCH in 2.4s
[00:22:38] 🔄 Identity reset
[00:22:41] 🧠 New identity created
[00:22:41] [258/458] WVJM
[00:22:42] [259/458] JCCZ
[00:22:43] [260/458] CNCL
[00:22:44] [261/458] TMLV
[00:22:45] [262/458] MEMB
[00:22:46] [263/458] SGTD
[00:22:46] [264/458] CONX
[00:22:48] [265/458] CCMH
[00:22:49] [266/458] ACMC
[00:22:49] 🔄 Identity reset
[00:22:49] 🔄 Identity rotated (every 10 requests)
[00:22:50] [267/458] DTPD
[00:22:51] [268/458] POJA
[00:22:52] [269/458] FNBH
[00:22:52] [270/458] CGCB
[00:22:53] [271/458] RACN
[00:22:54] [272/458] JTSM
[00:22:55] [273/458] SCDN
[00:22:56] [274/458] AACK
[00:22:57] [275/458] RMCE
[00:22:58] [276/458] BSGB
[00:22:58] 🔄 Identity reset
[00:22:59] 🔄 Identity rotated (every 10 requests)
[00:22:59] [277/458] MRCB
[00:23:00] [278/458] SRVR
[00:23:01] [279/458] VTKK
[00:23:02] [280/458] AMST
[00:23:02] [281/458] APCY
[00:23:03] [282/458] LMHO
[00:23:04] [283/458] MTZH
[00:23:05] [284/458] AMZB
[00:23:06] [285/458] SUVT
[00:23:07] [286/458] RCIP
[00:23:08] 🔄 Identity reset
[00:23:08] 🔄 Identity rotated (every 10 requests)
[00:23:09] [287/458] KESR
[00:23:09] [288/458] SNKC
[00:23:10] [289/458] SCED
[00:23:12] [290/458] DVCA
[00:23:13] [291/458] VCDT
[00:23:14] [292/458] RRDI
[00:23:15] [293/458] DFCH
[00:23:17] [294/458] INSC
[00:23:18] [295/458] RGTR
[00:23:18] [296/458] FMOT
[00:23:19] 🔄 Identity reset
[00:23:19] 🔄 Identity rotated (every 10 requests)
[00:23:19] [297/458] SCPM
[00:23:20] [298/458] GCDT
[00:23:21] [299/458] BRKT
[00:23:22] [300/458] DEMP
[00:23:23] [301/458] SRLC
[00:23:24] [302/458] KSTT
[00:23:25] [303/458] SMMT
[00:23:25] [304/458] SILM
[00:23:26] [305/458] JCVM
[00:23:27] [306/458] KCSV
[00:23:28] 🔄 Identity reset
[00:23:28] 🔄 Identity rotated (every 10 requests)
[00:23:29] [307/458] MHLK
[00:23:30] [308/458] SLVL
[00:23:31] [309/458] RJKP
[00:23:32] [310/458] BBPC
[00:23:33] [311/458] MXCB
[00:23:34] [312/458] TCPK
[00:23:35] [313/458] RTBR
[00:23:36] [314/458] GAUT
[00:23:37] [315/458] DVCF
[00:23:38] [316/458] JTSB
[00:23:39] 🔄 Identity reset
[00:23:39] 🔄 Identity rotated (every 10 requests)
[00:23:39] [317/458] SBLS
[00:23:40] [318/458] UDAY
[00:23:41] [319/458] PTNP
[00:23:42] [320/458] DMKT
[00:23:43] [321/458] NTDT
[00:23:44] [322/458] SHDJ
[00:23:45] [323/458] OTNC
[00:23:45] [324/458] RNTW
[00:23:46] [325/458] GCMI
[00:23:47] [326/458] CRCM
[00:23:48] 🔄 Identity reset
[00:23:48] 🔄 Identity rotated (every 10 requests)
[00:23:48] [327/458] NNCZ
[00:23:49] [328/458] OEMO
[00:23:50] [329/458] PVJM
[00:23:51] [330/458] CPJI
[00:23:52] [331/458] RMCJ
[00:23:53] [332/458] CNWJ
[00:23:54] [333/458] EPJM
[00:23:54] [334/458] FNJJ
[00:23:55] [335/458] GCMJ
[00:23:56] [336/458] INPS
[00:23:57] 🔄 Identity reset
[00:23:57] 🔄 Identity rotated (every 10 requests)
[00:23:57] 🔄 Retry 1/5 for INPS in 2.0s
[00:23:57] 🔄 Identity reset
[00:23:59] 🧠 New identity created
[00:23:59] [337/458] BICJ
[00:24:00] [338/458] ISTJ
[00:24:01] [339/458] INJC
[00:24:02] [340/458] GLXJ
[00:24:03] [341/458] INEM
[00:24:04] [342/458] JTMN
[00:24:05] [343/458] FRCJ
[00:24:06] [344/458] DDJP
[00:24:07] [345/458] INJV
[00:24:07] 🔄 Identity reset
[00:24:07] 🔄 Identity rotated (every 10 requests)
[00:24:08] [346/458] GOLC
[00:24:09] [347/458] KOCI
[00:24:10] [348/458] FSTD
[00:24:11] [349/458] PACJ
[00:24:12] [350/458] GMCN
[00:24:13] [351/458] MMDJ
[00:24:14] [352/458] GODH
[00:24:15] [353/458] SKYN
[00:24:16] [354/458] NCTH
[00:24:17] [355/458] SKVZ
[00:24:18] 🔄 Identity reset
[00:24:18] 🔄 Identity rotated (every 10 requests)
[00:24:18] [356/458] SVML
[00:24:19] [357/458] ACVZ
[00:24:20] [358/458] SURA
[00:24:21] [359/458] RTRB
[00:24:21] [360/458] LLCT
[00:24:22] [361/458] ATTS
[00:24:23] [362/458] JYCM
[00:24:24] [363/458] CTKR
[00:24:25] [364/458] LCKR
[00:24:26] [365/458] NYCV
[00:24:27] 🔄 Identity reset
[00:24:27] 🔄 Identity rotated (every 10 requests)
[00:24:28] [366/458] NYOH
[00:24:29] [367/458] NOVX
[00:24:29] [368/458] MRGK
[00:24:30] [369/458] MOON
[00:24:31] [370/458] SBUC
[00:24:32] [371/458] GSVA
[00:24:33] [372/458] VIAK
[00:24:34] [373/458] SMVZ
[00:24:34] [374/458] MATE
[00:24:35] [375/458] RDCN
[00:24:36] 🔄 Identity reset
[00:24:36] 🔄 Identity rotated (every 10 requests)
[00:24:36] [376/458] ASBL
[00:24:37] [377/458] ASVS
[00:24:38] [378/458] ASSR
[00:24:39] [379/458] SSKN
[00:24:40] [380/458] DRPV
[00:24:41] [381/458] MRHT
[00:24:42] [382/458] BSCN
[00:24:43] [383/458] RKNX
[00:24:43] [384/458] MSMC
[00:24:44] [385/458] MSCJ
[00:24:45] 🔄 Identity reset
[00:24:45] 🔄 Identity rotated (every 10 requests)
[00:24:45] [386/458] BTBJ
[00:24:46] [387/458] MJCC
[00:24:47] [388/458] IOMM
[00:24:48] [389/458] ADGR
[00:24:49] [390/458] MYCP
[00:24:50] [391/458] IGCM
[00:24:51] [392/458] PGRK
[00:24:52] [393/458] VPGO
[00:24:53] [394/458] KOMS
[00:24:54] [395/458] URGG
[00:24:54] 🔄 Identity reset
[00:24:54] 🔄 Identity rotated (every 10 requests)
[00:24:55] [396/458] GOST
[00:24:56] [397/458] LACT
[00:24:56] [398/458] BWCM
[00:24:57] [399/458] NCCW
[00:24:58] [400/458] SKYC
[00:24:59] [401/458] CCPM
[00:25:00] [402/458] VCBT
[00:25:01] [403/458] SDKR
[00:25:02] [404/458] CTYB
[00:25:03] [405/458] SHCX
[00:25:03] 🔄 Identity reset
[00:25:03] 🔄 Identity rotated (every 10 requests)
[00:25:04] [406/458] RCUN
[00:25:04] [407/458] CNRA
[00:25:05] [408/458] RFCA
[00:25:07] [409/458] RDCU
[00:25:08] [410/458] SARK
[00:25:09] [411/458] SPPP
[00:25:10] [412/458] ADMB
[00:25:11] [413/458] JYOE
[00:25:12] [414/458] SRMD
[00:25:13] [415/458] RJDH
[00:25:13] 🔄 Identity reset
[00:25:13] 🔄 Identity rotated (every 10 requests)
[00:25:13] [416/458] SSTD
[00:25:14] [417/458] AACV
[00:25:15] [418/458] PPVD
[00:25:16] [419/458] STCP
[00:25:17] [420/458] ANLS
[00:25:18] [421/458] BIJO
[00:25:19] [422/458] AVAB
[00:25:19] [423/458] SPMD
[00:25:21] [424/458] SVJL
[00:25:22] [425/458] SDDJ
[00:25:23] 🔄 Identity reset
[00:25:23] 🔄 Identity rotated (every 10 requests)
[00:25:23] [426/458] SLTU
[00:25:24] [427/458] SAKA
[00:25:25] [428/458] PMAM
[00:25:27] [429/458] FNAM
[00:25:28] [430/458] ACAM
[00:25:29] [431/458] SCMM
[00:25:30] [432/458] PMAK
[00:25:31] [433/458] NYSA
[00:25:32] [434/458] FCPA
[00:25:33] [435/458] GDAN
[00:25:33] 🔄 Identity reset
[00:25:33] 🔄 Identity rotated (every 10 requests)
[00:25:34] [436/458] RSCA
[00:25:35] [437/458] DMAN
[00:25:36] [438/458] DZCM
[00:25:37] [439/458] NSGL
[00:25:38] [440/458] CCPP
[00:25:38] [441/458] PSMG
[00:25:39] [442/458] GSER
[00:25:40] [443/458] FCCT
[00:25:41] [444/458] FCTB
[00:25:42] [445/458] LCNK
[00:25:43] 🔄 Identity reset
[00:25:43] 🔄 Identity rotated (every 10 requests)
[00:25:43] [446/458] SKTY
[00:25:44] [447/458] INAA
[00:25:45] [448/458] RCWN
[00:25:46] [449/458] VAIS
[00:25:47] [450/458] CVMN
[00:25:48] [451/458] INTS
[00:25:48] [452/458] FRGS
[00:25:49] [453/458] DTCK
[00:25:50] [454/458] MCMH
[00:25:51] [455/458] ECRR
[00:25:52] 🔄 Identity reset
[00:25:52] 🔄 Identity rotated (every 10 requests)
[00:25:53] [456/458] RLLP
[00:25:54] [457/458] CCSN
[00:25:55] [458/458] CCBA
[00:25:55] ✅ DONE | Shows=1 | Movies=1
[01:17:39] 🚀 BMS DAILY TRACKER STARTED (enhanced anti‑detection)
[01:17:39] [1/458] MBDC
[01:17:39] 🧠 New identity created
[01:17:40] [2/458] CHKM
[01:17:41] [3/458] JTKZ
[01:17:41] [4/458] CMCT
[01:17:42] [5/458] ASHO
[01:17:43] [6/458] ECDG
[01:17:44] [7/458] SPAT
[01:17:45] [8/458] HILC
[01:17:46] [9/458] SPPH
[01:17:46] [10/458] SBHN
[01:17:47] 🔄 Identity reset
[01:17:47] 🔄 Identity rotated (every 10 requests)
[01:17:48] [11/458] RRCA
[01:17:49] [12/458] APAA
[01:17:50] [13/458] RAME
[01:17:51] [14/458] TMMS
[01:17:51] [15/458] BATK
[01:17:52] [16/458] LKOP
[01:17:53] [17/458] AMTT
[01:17:54] [18/458] PTGK
[01:17:55] [19/458] ANRS
[01:17:56] [20/458] VWBW
[01:17:56] 🔄 Identity reset
[01:17:56] 🔄 Identity rotated (every 10 requests)
[01:17:57] 🔄 Retry 1/5 for VWBW in 2.9s
[01:17:57] 🔄 Identity reset
[01:18:00] 🧠 New identity created
[01:18:00] [21/458] SVFG
[01:18:01] [22/458] STAT
[01:18:02] [23/458] GDCV
[01:18:03] [24/458] VEBI
[01:18:04] [25/458] VDSS
[01:18:04] [26/458] NTHV
[01:18:05] [27/458] AOCH
[01:18:06] [28/458] KASR
[01:18:07] [29/458] AYCS
[01:18:08] 🔄 Identity reset
[01:18:08] 🔄 Identity rotated (every 10 requests)
[01:18:08] 🔄 Retry 1/5 for AYCS in 2.6s
[01:18:08] 🔄 Identity reset
[01:18:11] 🧠 New identity created
[01:18:12] [30/458] SHAI
[01:18:13] [31/458] SKPE
[01:18:14] [32/458] SBTA
[01:18:14] [33/458] RTTD
[01:18:15] [34/458] CCJD
[01:18:16] [35/458] RSJJ
[01:18:17] [36/458] RKND
[01:18:18] [37/458] SVTX
[01:18:20] [38/458] BAKM
[01:18:21] 🔄 Identity reset
[01:18:21] 🔄 Identity rotated (every 10 requests)
[01:18:21] [39/458] SVDC
[01:18:23] [40/458] MNCV
[01:18:23] [41/458] SJGC
[01:18:24] [42/458] MTPK
[01:18:25] [43/458] GATP
[01:18:26] [44/458] ABTS
[01:18:27] [45/458] ABDE
[01:18:28] [46/458] RCNM
[01:18:29] [47/458] KTHV
[01:18:30] [48/458] MDGJ
[01:18:30] 🔄 Identity reset
[01:18:30] 🔄 Identity rotated (every 10 requests)
[01:18:31] [49/458] SMLM
[01:18:31] [50/458] JTMA
[01:18:32] [51/458] ACKP
[01:18:34] [52/458] SRTA
[01:18:35] [53/458] STAY
[01:18:36] [54/458] MAVO
[01:18:37] [55/458] APTS
[01:18:38] [56/458] OMEA
[01:18:38] [57/458] TTFD
[01:18:39] [58/458] MJCU
[01:18:40] 🔄 Identity reset
[01:18:40] 🔄 Identity rotated (every 10 requests)
[01:18:40] [59/458] CXTE
[01:18:41] [60/458] CTPX
[01:18:42] [61/458] ASSL
[01:18:43] [62/458] CMVB
[01:18:44] [63/458] VPUR
[01:18:45] [64/458] JJDA
[01:18:46] [65/458] INBL
[01:18:47] [66/458] BIKB
[01:18:48] [67/458] NTBB
[01:18:49] [68/458] GLOB
[01:18:50] 🔄 Identity reset
[01:18:50] 🔄 Identity rotated (every 10 requests)
[01:18:50] 🔄 Retry 1/5 for GLOB in 2.8s
[01:18:50] 🔄 Identity reset
[01:18:53] 🧠 New identity created
[01:18:53] [69/458] SNTB
[01:18:54] [70/458] CHGV
[01:18:55] [71/458] SSBZ
[01:18:56] [72/458] PRDB
[01:18:57] [73/458] ISMT
[01:18:57] [74/458] MCSD
[01:18:58] [75/458] JBTT
[01:18:59] [76/458] GEKR
[01:19:00] [77/458] PVUN
[01:19:01] 🔄 Identity reset
[01:19:01] 🔄 Identity rotated (every 10 requests)
[01:19:01] [78/458] NRTB
[01:19:02] [79/458] PRAA
[01:19:03] [80/458] PCBL
[01:19:05] [81/458] PTCM
[01:19:06] [82/458] KHNN
[01:19:06] [83/458] OMJE
[01:19:07] [84/458] STGN
[01:19:08] [85/458] RPMS
[01:19:09] [86/458] NWAD
[01:19:10] [87/458] BLCK
[01:19:11] 🔄 Identity reset
[01:19:11] 🔄 Identity rotated (every 10 requests)
[01:19:11] [88/458] SVAA
[01:19:12] [89/458] URVM
[01:19:14] [90/458] ANTM
[01:19:14] [91/458] VJYM
[01:19:15] [92/458] MAZZ
[01:19:16] [93/458] CSHM
[01:19:17] [94/458] WGMH
[01:19:18] [95/458] SALN
[01:19:20] [96/458] BRTP
[01:19:21] [97/458] SVTA
[01:19:21] 🔄 Identity reset
[01:19:21] 🔄 Identity rotated (every 10 requests)
[01:19:22] [98/458] SBTP
[01:19:23] [99/458] VLSS
[01:19:24] [100/458] SRJA
[01:19:25] [101/458] ANCG
[01:19:27] [102/458] CGGC
[01:19:27] [103/458] CRJA
[01:19:28] [104/458] USCR
[01:19:29] [105/458] MMEF
[01:19:30] [106/458] JCRJ
[01:19:31] [107/458] ADCM
[01:19:31] 🔄 Identity reset
[01:19:31] 🔄 Identity rotated (every 10 requests)
[01:19:32] [108/458] BMYK
[01:19:33] [109/458] KICS
[01:19:34] [110/458] MBBT
[01:19:34] [111/458] MACK
[01:19:36] [112/458] CLDR
[01:19:37] [113/458] JYCR
[01:19:38] [114/458] DCRP
[01:19:39] [115/458] RAHT
[01:19:40] [116/458] CSSM
[01:19:41] [117/458] ATPK
[01:19:41] 🔄 Identity reset
[01:19:41] 🔄 Identity rotated (every 10 requests)
[01:19:42] [118/458] KLRT
[01:19:42] [119/458] SRDD
[01:19:43] [120/458] CKMC
[01:19:44] [121/458] KRVM
[01:19:45] [122/458] AKCP
[01:19:46] [123/458] CNCV
[01:19:47] [124/458] PACT
[01:19:48] [125/458] NATP
[01:19:50] [126/458] PCPK
[01:19:51] [127/458] SMHO
[01:19:52] 🔄 Identity reset
[01:19:52] 🔄 Identity rotated (every 10 requests)
[01:19:52] [128/458] CWTK
[01:19:53] [129/458] RVKZ
[01:19:54] [130/458] ASPD
[01:19:55] [131/458] VTKZ
[01:19:57] [132/458] LCSO
[01:19:58] [133/458] PRDY
[01:19:59] [134/458] RCAP
[01:20:01] [135/458] RGAR
[01:20:01] [136/458] RCAC
[01:20:02] [137/458] PMOD
[01:20:03] 🔄 Identity reset
[01:20:03] 🔄 Identity rotated (every 10 requests)
[01:20:03] [138/458] PVCN
[01:20:04] [139/458] SCRZ
[01:20:05] [140/458] PVPC
[01:20:06] [141/458] STID
[01:20:07] [142/458] NEDD
[01:20:08] [143/458] BNBA
[01:20:09] [144/458] NTCD
[01:20:10] [145/458] OCDE
[01:20:11] [146/458] CCDU
[01:20:12] [147/458] CRXH
[01:20:13] 🔄 Identity reset
[01:20:13] 🔄 Identity rotated (every 10 requests)
[01:20:13] [148/458] VLVT
[01:20:14] [149/458] CICI
[01:20:15] [150/458] SUCB
[01:20:16] [151/458] TCBP
[01:20:17] [152/458] SCCY
[01:20:18] [153/458] LXCY
[01:20:19] [154/458] NCMD
[01:20:20] [155/458] PHCS
[01:20:21] [156/458] DUXR
[01:20:21] [157/458] VNKS
[01:20:22] 🔄 Identity reset
[01:20:22] 🔄 Identity rotated (every 10 requests)
[01:20:22] 🔄 Retry 1/5 for VNKS in 2.9s
[01:20:22] 🔄 Identity reset
[01:20:25] 🧠 New identity created
[01:20:25] [158/458] SEDP
[01:20:26] [159/458] SVEN
[01:20:27] [160/458] SRKM
[01:20:28] [161/458] JTLT
[01:20:29] [162/458] SVSS
[01:20:30] [163/458] AMDE
[01:20:31] [164/458] WVRN
[01:20:32] [165/458] ISMG
[01:20:33] [166/458] WVKS
[01:20:34] 🔄 Identity reset
[01:20:34] 🔄 Identity rotated (every 10 requests)
[01:20:34] [167/458] USCG
[01:20:35] [168/458] IOTG
[01:20:36] [169/458] RRJM
[01:20:37] [170/458] EDMP
[01:20:38] [171/458] SCGZ
[01:20:38] [172/458] GMGX
[01:20:40] [173/458] OMTP
[01:20:41] [174/458] MITD
[01:20:42] [175/458] SMMD
[01:20:43] [176/458] STML
[01:20:44] 🔄 Identity reset
[01:20:44] 🔄 Identity rotated (every 10 requests)
[01:20:44] [177/458] MCFS
[01:20:45] [178/458] FPKA
[01:20:46] [179/458] OMLR
[01:20:48] [180/458] KKSC
[01:20:49] [181/458] RVMA
[01:20:50] [182/458] SCLL
[01:20:51] [183/458] SCDK
[01:20:53] [184/458] SXMI
[01:20:54] [185/458] SHDN
[01:20:56] [186/458] PAAD
[01:20:56] 🔄 Identity reset
[01:20:56] 🔄 Identity rotated (every 10 requests)
[01:20:57] [187/458] UUCB
[01:20:58] [188/458] JHOL
[01:20:58] [189/458] SGWT
[01:21:00] [190/458] SRII
[01:21:01] [191/458] SGCK
[01:21:01] [192/458] SVVB
[01:21:02] [193/458] DMHA
[01:21:03] [194/458] PPNL
[01:21:04] [195/458] CPNL
[01:21:05] [196/458] WVLD
[01:21:06] 🔄 Identity reset
[01:21:06] 🔄 Identity rotated (every 10 requests)
[01:21:06] [197/458] PSLV
[01:21:07] [198/458] VTTL
[01:21:08] [199/458] NPAD
[01:21:09] [200/458] PVCS
[01:21:10] [201/458] MCHL
[01:21:11] [202/458] PPLL
[01:21:12] [203/458] MALO
[01:21:13] [204/458] SWBH
[01:21:14] [205/458] PUGB
[01:21:15] [206/458] INBB
[01:21:15] 🔄 Identity reset
[01:21:15] 🔄 Identity rotated (every 10 requests)
[01:21:16] [207/458] INNS
[01:21:16] [208/458] MCPT
[01:21:17] [209/458] SCMI
[01:21:18] [210/458] OCON
[01:21:19] [211/458] SCSM
[01:21:19] [212/458] RJVN
[01:21:20] [213/458] AMDK
[01:21:21] [214/458] ISMR
[01:21:22] [215/458] SMTD
[01:21:24] [216/458] VTDD
[01:21:25] 🔄 Identity reset
[01:21:25] 🔄 Identity rotated (every 10 requests)
[01:21:25] [217/458] PDDZ
[01:21:26] [218/458] PCCK
[01:21:27] [219/458] INAM
[01:21:28] [220/458] FNKT
[01:21:29] [221/458] GDKA
[01:21:30] [222/458] MAYU
[01:21:31] [223/458] TCGU
[01:21:31] [224/458] KDCA
[01:21:32] [225/458] DOMY
[01:21:33] [226/458] PDDD
[01:21:34] 🔄 Identity reset
[01:21:34] 🔄 Identity rotated (every 10 requests)
[01:21:34] [227/458] BJTS
[01:21:36] [228/458] VTCA
[01:21:37] [229/458] SBTM
[01:21:38] [230/458] SEET
[01:21:39] [231/458] SSTJ
[01:21:40] [232/458] SVNT
[01:21:41] [233/458] PPPR
[01:21:42] [234/458] PVYS
[01:21:43] [235/458] IOSE
[01:21:44] [236/458] ACTV
[01:21:44] 🔄 Identity reset
[01:21:45] 🔄 Identity rotated (every 10 requests)
[01:21:45] 🔄 Retry 1/5 for ACTV in 2.7s
[01:21:45] 🔄 Identity reset
[01:21:47] 🧠 New identity created
[01:21:48] [237/458] APVE
[01:21:48] [238/458] TCCL
[01:21:49] [239/458] SCMO
[01:21:50] [240/458] SAUM
[01:21:51] [241/458] KCJS
[01:21:52] [242/458] NJCJ
[01:21:53] [243/458] NECF
[01:21:54] [244/458] CCGW
[01:21:55] [245/458] CCMG
[01:21:55] 🔄 Identity reset
[01:21:55] 🔄 Identity rotated (every 10 requests)
[01:21:56] 🔄 Retry 1/5 for CCMG in 2.5s
[01:21:56] 🔄 Identity reset
[01:21:58] 🧠 New identity created
[01:21:58] [246/458] NYRG
[01:21:59] [247/458] NCSQ
[01:22:00] [248/458] GRCG
[01:22:01] [249/458] CCBT
[01:22:02] [250/458] ACGA
[01:22:03] [251/458] INAG
[01:22:04] [252/458] FUCG
[01:22:05] [253/458] AICF
[01:22:06] [254/458] GRGA
[01:22:07] 🔄 Identity reset
[01:22:07] 🔄 Identity rotated (every 10 requests)
[01:22:07] [255/458] GDCN
[01:22:08] [256/458] RRCG
[01:22:09] [257/458] SDCH
[01:22:10] [258/458] WVJM
[01:22:11] [259/458] JCCZ
[01:22:12] [260/458] CNCL
[01:22:13] [261/458] TMLV
[01:22:14] [262/458] MEMB
[01:22:15] [263/458] SGTD
[01:22:16] [264/458] CONX
[01:22:17] 🔄 Identity reset
[01:22:17] 🔄 Identity rotated (every 10 requests)
[01:22:18] [265/458] CCMH
[01:22:19] [266/458] ACMC
[01:22:20] [267/458] DTPD
[01:22:20] [268/458] POJA
[01:22:21] [269/458] FNBH
[01:22:23] [270/458] CGCB
[01:22:24] [271/458] RACN
[01:22:25] [272/458] JTSM
[01:22:26] [273/458] SCDN
[01:22:28] [274/458] AACK
[01:22:28] 🔄 Identity reset
[01:22:28] 🔄 Identity rotated (every 10 requests)
[01:22:29] [275/458] RMCE
[01:22:30] [276/458] BSGB
[01:22:31] [277/458] MRCB
[01:22:32] [278/458] SRVR
[01:22:33] [279/458] VTKK
[01:22:33] [280/458] AMST
[01:22:34] [281/458] APCY
[01:22:35] [282/458] LMHO
[01:22:36] [283/458] MTZH
[01:22:37] [284/458] AMZB
[01:22:38] 🔄 Identity reset
[01:22:38] 🔄 Identity rotated (every 10 requests)
[01:22:38] [285/458] SUVT
[01:22:39] [286/458] RCIP
[01:22:40] [287/458] KESR
[01:22:41] [288/458] SNKC
[01:22:41] [289/458] SCED
[01:22:42] [290/458] DVCA
[01:22:43] [291/458] VCDT
[01:22:44] [292/458] RRDI
[01:22:45] [293/458] DFCH
[01:22:46] [294/458] INSC
[01:22:46] 🔄 Identity reset
[01:22:46] 🔄 Identity rotated (every 10 requests)
[01:22:47] [295/458] RGTR
[01:22:48] [296/458] FMOT
[01:22:49] [297/458] SCPM
[01:22:51] [298/458] GCDT
[01:22:52] [299/458] BRKT
[01:22:52] [300/458] DEMP
[01:22:53] [301/458] SRLC
[01:22:54] [302/458] KSTT
[01:22:55] [303/458] SMMT
[01:22:56] [304/458] SILM
[01:22:56] 🔄 Identity reset
[01:22:57] 🔄 Identity rotated (every 10 requests)
[01:22:58] [305/458] JCVM
[01:22:58] [306/458] KCSV
[01:22:59] [307/458] MHLK
[01:23:00] [308/458] SLVL
[01:23:01] [309/458] RJKP
[01:23:02] [310/458] BBPC
[01:23:03] [311/458] MXCB
[01:23:04] [312/458] TCPK
[01:23:06] [313/458] RTBR
[01:23:06] [314/458] GAUT
[01:23:07] 🔄 Identity reset
[01:23:07] 🔄 Identity rotated (every 10 requests)
[01:23:07] [315/458] DVCF
[01:23:09] [316/458] JTSB
[01:23:10] [317/458] SBLS
[01:23:11] [318/458] UDAY
[01:23:12] [319/458] PTNP
[01:23:13] [320/458] DMKT
[01:23:14] [321/458] NTDT
[01:23:15] [322/458] SHDJ
[01:23:16] [323/458] OTNC
[01:23:16] [324/458] RNTW
[01:23:17] 🔄 Identity reset
[01:23:17] 🔄 Identity rotated (every 10 requests)
[01:23:17] 🔄 Retry 1/5 for RNTW in 2.2s
[01:23:17] 🔄 Identity reset
[01:23:19] 🧠 New identity created
[01:23:20] [325/458] GCMI
[01:23:21] [326/458] CRCM
[01:23:22] [327/458] NNCZ
[01:23:23] [328/458] OEMO
[01:23:24] [329/458] PVJM
[01:23:24] [330/458] CPJI
[01:23:25] [331/458] RMCJ
[01:23:26] [332/458] CNWJ
[01:23:28] [333/458] EPJM
[01:23:29] 🔄 Identity reset
[01:23:29] 🔄 Identity rotated (every 10 requests)
[01:23:29] [334/458] FNJJ
[01:23:31] [335/458] GCMJ
[01:23:32] [336/458] INPS
[01:23:33] [337/458] BICJ
[01:23:34] [338/458] ISTJ
[01:23:35] [339/458] INJC
[01:23:35] [340/458] GLXJ
[01:23:36] [341/458] INEM
[01:23:37] [342/458] JTMN
[01:23:38] [343/458] FRCJ
[01:23:39] 🔄 Identity reset
[01:23:39] 🔄 Identity rotated (every 10 requests)
[01:23:40] [344/458] DDJP
[01:23:42] [345/458] INJV
[01:23:43] [346/458] GOLC
[01:23:43] [347/458] KOCI
[01:23:44] [348/458] FSTD
[01:23:45] [349/458] PACJ
[01:23:46] [350/458] GMCN
[01:23:47] [351/458] MMDJ
[01:23:48] [352/458] GODH
[01:23:49] [353/458] SKYN
[01:23:49] 🔄 Identity reset
[01:23:50] 🔄 Identity rotated (every 10 requests)
[01:23:51] [354/458] NCTH
[01:23:52] [355/458] SKVZ
[01:23:53] [356/458] SVML
[01:23:54] [357/458] ACVZ
[01:23:55] [358/458] SURA
[01:23:57] [359/458] RTRB
[01:23:58] [360/458] LLCT
[01:23:59] [361/458] ATTS
[01:24:00] [362/458] JYCM
[01:24:01] [363/458] CTKR
[01:24:01] 🔄 Identity reset
[01:24:01] 🔄 Identity rotated (every 10 requests)
[01:24:02] [364/458] LCKR
[01:24:03] [365/458] NYCV
[01:24:04] [366/458] NYOH
[01:24:05] [367/458] NOVX
[01:24:06] [368/458] MRGK
[01:24:08] [369/458] MOON
[01:24:09] [370/458] SBUC
[01:24:10] [371/458] GSVA
[01:24:11] [372/458] VIAK
[01:24:12] [373/458] SMVZ
[01:24:12] 🔄 Identity reset
[01:24:12] 🔄 Identity rotated (every 10 requests)
[01:24:13] [374/458] MATE
[01:24:14] [375/458] RDCN
[01:24:15] [376/458] ASBL
[01:24:16] [377/458] ASVS
[01:24:17] [378/458] ASSR
[01:24:18] [379/458] SSKN
[01:24:19] [380/458] DRPV
[01:24:19] [381/458] MRHT
[01:24:20] [382/458] BSCN
[01:24:21] [383/458] RKNX
[01:24:22] 🔄 Identity reset
[01:24:22] 🔄 Identity rotated (every 10 requests)
[01:24:23] [384/458] MSMC
[01:24:24] [385/458] MSCJ
[01:24:25] [386/458] BTBJ
[01:24:26] [387/458] MJCC
[01:24:27] [388/458] IOMM
[01:24:28] [389/458] ADGR
[01:24:29] [390/458] MYCP
[01:24:30] [391/458] IGCM
[01:24:31] [392/458] PGRK
[01:24:31] [393/458] VPGO
[01:24:32] 🔄 Identity reset
[01:24:32] 🔄 Identity rotated (every 10 requests)
[01:24:33] [394/458] KOMS
[01:24:33] [395/458] URGG
[01:24:34] [396/458] GOST
[01:24:35] [397/458] LACT
[01:24:36] [398/458] BWCM
[01:24:37] [399/458] NCCW
[01:24:38] [400/458] SKYC
[01:24:39] [401/458] CCPM
[01:24:40] [402/458] VCBT
[01:24:41] [403/458] SDKR
[01:24:41] 🔄 Identity reset
[01:24:41] 🔄 Identity rotated (every 10 requests)
[01:24:42] [404/458] CTYB
[01:24:42] [405/458] SHCX
[01:24:43] [406/458] RCUN
[01:24:44] [407/458] CNRA
[01:24:45] [408/458] RFCA
[01:24:46] [409/458] RDCU
[01:24:47] [410/458] SARK
[01:24:48] [411/458] SPPP
[01:24:49] [412/458] ADMB
[01:24:50] [413/458] JYOE
[01:24:50] 🔄 Identity reset
[01:24:50] 🔄 Identity rotated (every 10 requests)
[01:24:51] [414/458] SRMD
[01:24:52] [415/458] RJDH
[01:24:53] [416/458] SSTD
[01:24:53] [417/458] AACV
[01:24:54] [418/458] PPVD
[01:24:56] [419/458] STCP
[01:24:57] [420/458] ANLS
[01:24:58] [421/458] BIJO
[01:25:00] [422/458] AVAB
[01:25:00] [423/458] SPMD
[01:25:01] 🔄 Identity reset
[01:25:01] 🔄 Identity rotated (every 10 requests)
[01:25:01] [424/458] SVJL
[01:25:02] [425/458] SDDJ
[01:25:03] [426/458] SLTU
[01:25:04] [427/458] SAKA
[01:25:05] [428/458] PMAM
[01:25:06] [429/458] FNAM
[01:25:07] [430/458] ACAM
[01:25:08] [431/458] SCMM
[01:25:09] [432/458] PMAK
[01:25:10] [433/458] NYSA
[01:25:10] 🔄 Identity reset
[01:25:10] 🔄 Identity rotated (every 10 requests)
[01:25:11] [434/458] FCPA
[01:25:12] [435/458] GDAN
[01:25:13] [436/458] RSCA
[01:25:14] [437/458] DMAN
[01:25:15] [438/458] DZCM
[01:25:16] [439/458] NSGL
[01:25:17] [440/458] CCPP
[01:25:18] [441/458] PSMG
[01:25:19] [442/458] GSER
[01:25:20] [443/458] FCCT
[01:25:20] 🔄 Identity reset
[01:25:20] 🔄 Identity rotated (every 10 requests)
[01:25:21] [444/458] FCTB
[01:25:21] [445/458] LCNK
[01:25:22] [446/458] SKTY
[01:25:23] [447/458] INAA
[01:25:24] [448/458] RCWN
[01:25:25] [449/458] VAIS
[01:25:26] [450/458] CVMN
[01:25:27] [451/458] INTS
[01:25:28] [452/458] FRGS
[01:25:29] [453/458] DTCK
[01:25:29] 🔄 Identity reset
[01:25:29] 🔄 Identity rotated (every 10 requests)
[01:25:30] [454/458] MCMH
[01:25:30] [455/458] ECRR
[01:25:31] [456/458] RLLP
[01:25:32] [457/458] CCSN
[01:25:33] [458/458] CCBA
[01:25:34] ✅ DONE | Shows=1 | Movies=1
[01:51:44] 🚀 BMS DAILY TRACKER STARTED (enhanced anti‑detection)
[01:51:44] [1/458] MBDC
[01:51:45] 🧠 New identity created
[01:51:46] [2/458] CHKM
[01:51:46] [3/458] JTKZ
[01:51:47] [4/458] CMCT
[01:51:48] [5/458] ASHO
[01:51:48] [6/458] ECDG
[01:51:49] [7/458] SPAT
[01:51:49] [8/458] HILC
[01:51:50] [9/458] SPPH
[01:51:51] [10/458] SBHN
[01:51:51] 🔄 Identity reset
[01:51:52] 🔄 Identity rotated (every 10 requests)
[01:51:52] [11/458] RRCA
[01:51:52] [12/458] APAA
[01:51:53] [13/458] RAME
[01:51:54] [14/458] TMMS
[01:51:54] [15/458] BATK
[01:51:55] [16/458] LKOP
[01:51:55] [17/458] AMTT
[01:51:56] [18/458] PTGK
[01:51:57] [19/458] ANRS
[01:51:57] [20/458] VWBW
[01:51:58] 🔄 Identity reset
[01:51:58] 🔄 Identity rotated (every 10 requests)
[01:51:58] [21/458] SVFG
[01:51:58] [22/458] STAT
[01:51:59] [23/458] GDCV
[01:52:00] [24/458] VEBI
[01:52:01] [25/458] VDSS
[01:52:02] [26/458] NTHV
[01:52:03] [27/458] AOCH
[01:52:04] [28/458] KASR
[01:52:04] [29/458] AYCS
[01:52:05] [30/458] SHAI
[01:52:06] 🔄 Identity reset
[01:52:06] 🔄 Identity rotated (every 10 requests)
[01:52:06] [31/458] SKPE
[01:52:06] [32/458] SBTA
[01:52:07] [33/458] RTTD
[01:52:08] [34/458] CCJD
[01:52:08] [35/458] RSJJ
[01:52:10] [36/458] RKND
[01:52:10] [37/458] SVTX
[01:52:11] [38/458] BAKM
[01:52:12] [39/458] SVDC
[01:52:12] [40/458] MNCV
[01:52:13] 🔄 Identity reset
[01:52:13] 🔄 Identity rotated (every 10 requests)
[01:52:13] [41/458] SJGC
[01:52:14] [42/458] MTPK
[01:52:14] [43/458] GATP
[01:52:15] [44/458] ABTS
[01:52:16] [45/458] ABDE
[01:52:16] [46/458] RCNM
[01:52:17] [47/458] KTHV
[01:52:17] [48/458] MDGJ
[01:52:18] [49/458] SMLM
[01:52:19] [50/458] JTMA
[01:52:19] 🔄 Identity reset
[01:52:19] 🔄 Identity rotated (every 10 requests)
[01:52:19] [51/458] ACKP
[01:52:20] [52/458] SRTA
[01:52:20] [53/458] STAY
[01:52:21] [54/458] MAVO
[01:52:21] [55/458] APTS
[01:52:22] [56/458] OMEA
[01:52:23] [57/458] TTFD
[01:52:23] [58/458] MJCU
[01:52:24] [59/458] CXTE
[01:52:24] [60/458] CTPX
[01:52:25] 🔄 Identity reset
[01:52:25] 🔄 Identity rotated (every 10 requests)
[01:52:25] [61/458] ASSL
[01:52:25] [62/458] CMVB
[01:52:26] [63/458] VPUR
[01:52:27] [64/458] JJDA
[01:52:28] [65/458] INBL
[01:52:28] [66/458] BIKB
[01:52:29] [67/458] NTBB
[01:52:30] [68/458] GLOB
[01:52:31] [69/458] SNTB
[01:52:32] [70/458] CHGV
[01:52:32] 🔄 Identity reset
[01:52:33] 🔄 Identity rotated (every 10 requests)
[01:52:33] 🔄 Retry 1/5 for CHGV in 2.1s
[01:52:33] 🔄 Identity reset
[01:52:35] 🧠 New identity created
[01:52:35] [71/458] SSBZ
[01:52:36] [72/458] PRDB
[01:52:37] [73/458] ISMT
[01:52:37] [74/458] MCSD
[01:52:38] [75/458] JBTT
[01:52:39] [76/458] GEKR
[01:52:39] [77/458] PVUN
[01:52:40] [78/458] NRTB
[01:52:41] [79/458] PRAA
[01:52:41] 🔄 Identity reset
[01:52:41] 🔄 Identity rotated (every 10 requests)
[01:52:41] [80/458] PCBL
[01:52:42] [81/458] PTCM
[01:52:43] [82/458] KHNN
[01:52:43] [83/458] OMJE
[01:52:44] [84/458] STGN
[01:52:45] [85/458] RPMS
[01:52:45] [86/458] NWAD
[01:52:46] [87/458] BLCK
[01:52:47] [88/458] SVAA
[01:52:47] [89/458] URVM
[01:52:48] 🔄 Identity reset
[01:52:48] 🔄 Identity rotated (every 10 requests)
[01:52:48] [90/458] ANTM
[01:52:49] [91/458] VJYM
[01:52:50] [92/458] MAZZ
[01:52:50] [93/458] CSHM
[01:52:51] [94/458] WGMH
[01:52:51] [95/458] SALN
[01:52:52] [96/458] BRTP
[01:52:53] [97/458] SVTA
[01:52:53] [98/458] SBTP
[01:52:54] [99/458] VLSS
[01:52:55] 🔄 Identity reset
[01:52:55] 🔄 Identity rotated (every 10 requests)
[01:52:55] [100/458] SRJA
[01:52:55] [101/458] ANCG
[01:52:56] [102/458] CGGC
[01:52:57] [103/458] CRJA
[01:52:57] [104/458] USCR
[01:52:58] [105/458] MMEF
[01:52:58] [106/458] JCRJ
[01:52:59] [107/458] ADCM
[01:53:00] [108/458] BMYK
[01:53:01] [109/458] KICS
[01:53:01] 🔄 Identity reset
[01:53:01] 🔄 Identity rotated (every 10 requests)
[01:53:01] 🔄 Retry 1/5 for KICS in 2.3s
[01:53:01] 🔄 Identity reset
[01:53:04] 🧠 New identity created
[01:53:04] [110/458] MBBT
[01:53:04] [111/458] MACK
[01:53:05] [112/458] CLDR
[01:53:06] [113/458] JYCR
[01:53:06] [114/458] DCRP
[01:53:07] [115/458] RAHT
[01:53:08] [116/458] CSSM
[01:53:08] [117/458] ATPK
[01:53:09] [118/458] KLRT
[01:53:10] 🔄 Identity reset
[01:53:10] 🔄 Identity rotated (every 10 requests)
[01:53:10] [119/458] SRDD
[01:53:11] [120/458] CKMC
[01:53:11] [121/458] KRVM
[01:53:12] [122/458] AKCP
[01:53:13] [123/458] CNCV
[01:53:13] [124/458] PACT
[01:53:14] [125/458] NATP
[01:53:15] [126/458] PCPK
[01:53:15] [127/458] SMHO
[01:53:16] [128/458] CWTK
[01:53:16] 🔄 Identity reset
[01:53:16] 🔄 Identity rotated (every 10 requests)
[01:53:16] [129/458] RVKZ
[01:53:17] [130/458] ASPD
[01:53:18] [131/458] VTKZ
[01:53:18] [132/458] LCSO
[01:53:19] [133/458] PRDY
[01:53:20] [134/458] RCAP
[01:53:20] [135/458] RGAR
[01:53:21] [136/458] RCAC
[01:53:22] [137/458] PMOD
[01:53:22] [138/458] PVCN
[01:53:23] 🔄 Identity reset
[01:53:23] 🔄 Identity rotated (every 10 requests)
[01:53:23] [139/458] SCRZ
[01:53:24] [140/458] PVPC
[01:53:25] [141/458] STID
[01:53:25] [142/458] NEDD
[01:53:26] [143/458] BNBA
[01:53:26] [144/458] NTCD
[01:53:27] [145/458] OCDE
[01:53:28] [146/458] CCDU
[01:53:28] [147/458] CRXH
[01:53:29] [148/458] VLVT
[01:53:30] 🔄 Identity reset
[01:53:30] 🔄 Identity rotated (every 10 requests)
[01:53:30] [149/458] CICI
[01:53:31] [150/458] SUCB
[01:53:31] [151/458] TCBP
[01:53:32] [152/458] SCCY
[01:53:33] [153/458] LXCY
[01:53:33] [154/458] NCMD
[01:53:34] [155/458] PHCS
[01:53:35] [156/458] DUXR
[01:53:35] [157/458] VNKS
[01:53:36] [158/458] SEDP
[01:53:36] 🔄 Identity reset
[01:53:36] 🔄 Identity rotated (every 10 requests)
[01:53:36] [159/458] SVEN
[01:53:37] [160/458] SRKM
[01:53:38] [161/458] JTLT
[01:53:39] [162/458] SVSS
[01:53:39] [163/458] AMDE
[01:53:40] [164/458] WVRN
[01:53:40] [165/458] ISMG
[01:53:41] [166/458] WVKS
[01:53:42] [167/458] USCG
[01:53:42] [168/458] IOTG
[01:53:43] 🔄 Identity reset
[01:53:43] 🔄 Identity rotated (every 10 requests)
[01:53:43] [169/458] RRJM
[01:53:44] [170/458] EDMP
[01:53:44] [171/458] SCGZ
[01:53:45] [172/458] GMGX
[01:53:46] [173/458] OMTP
[01:53:46] [174/458] MITD
[01:53:47] [175/458] SMMD
[01:53:48] [176/458] STML
[01:53:48] [177/458] MCFS
[01:53:49] [178/458] FPKA
[01:53:49] 🔄 Identity reset
[01:53:49] 🔄 Identity rotated (every 10 requests)
[01:53:50] [179/458] OMLR
[01:53:50] [180/458] KKSC
[01:53:51] [181/458] RVMA
[01:53:51] [182/458] SCLL
[01:53:52] [183/458] SCDK
[01:53:52] [184/458] SXMI
[01:53:53] [185/458] SHDN
[01:53:54] [186/458] PAAD
[01:53:54] [187/458] UUCB
[01:53:55] [188/458] JHOL
[01:53:56] 🔄 Identity reset
[01:53:56] 🔄 Identity rotated (every 10 requests)
[01:53:56] [189/458] SGWT
[01:53:56] [190/458] SRII
[01:53:57] [191/458] SGCK
[01:53:58] [192/458] SVVB
[01:53:58] [193/458] DMHA
[01:53:59] [194/458] PPNL
[01:54:00] [195/458] CPNL
[01:54:00] [196/458] WVLD
[01:54:01] [197/458] PSLV
[01:54:02] [198/458] VTTL
[01:54:02] 🔄 Identity reset
[01:54:02] 🔄 Identity rotated (every 10 requests)
[01:54:02] [199/458] NPAD
[01:54:03] [200/458] PVCS
[01:54:04] [201/458] MCHL
[01:54:04] [202/458] PPLL
[01:54:05] [203/458] MALO
[01:54:06] [204/458] SWBH
[01:54:06] [205/458] PUGB
[01:54:07] [206/458] INBB
[01:54:08] [207/458] INNS
[01:54:09] [208/458] MCPT
[01:54:09] 🔄 Identity reset
[01:54:09] 🔄 Identity rotated (every 10 requests)
[01:54:09] 🔄 Retry 1/5 for MCPT in 2.6s
[01:54:09] 🔄 Identity reset
[01:54:12] 🧠 New identity created
[01:54:12] [209/458] SCMI
[01:54:12] [210/458] OCON
[01:54:13] [211/458] SCSM
[01:54:14] [212/458] RJVN
[01:54:14] [213/458] AMDK
[01:54:15] [214/458] ISMR
[01:54:15] [215/458] SMTD
[01:54:16] [216/458] VTDD
[01:54:17] [217/458] PDDZ
[01:54:17] 🔄 Identity reset
[01:54:17] 🔄 Identity rotated (every 10 requests)
[01:54:17] [218/458] PCCK
[01:54:18] [219/458] INAM
[01:54:19] [220/458] FNKT
[01:54:19] [221/458] GDKA
[01:54:20] [222/458] MAYU
[01:54:21] [223/458] TCGU
[01:54:21] [224/458] KDCA
[01:54:22] [225/458] DOMY
[01:54:22] [226/458] PDDD
[01:54:23] [227/458] BJTS
[01:54:24] 🔄 Identity reset
[01:54:24] 🔄 Identity rotated (every 10 requests)
[01:54:24] [228/458] VTCA
[01:54:24] [229/458] SBTM
[01:54:25] [230/458] SEET
[01:54:26] [231/458] SSTJ
[01:54:26] [232/458] SVNT
[01:54:27] [233/458] PPPR
[01:54:28] [234/458] PVYS
[01:54:28] [235/458] IOSE
[01:54:29] [236/458] ACTV
[01:54:30] [237/458] APVE
[01:54:30] 🔄 Identity reset
[01:54:30] 🔄 Identity rotated (every 10 requests)
[01:54:30] [238/458] TCCL
[01:54:31] [239/458] SCMO
[01:54:32] [240/458] SAUM
[01:54:32] [241/458] KCJS
[01:54:33] [242/458] NJCJ
[01:54:34] [243/458] NECF
[01:54:34] [244/458] CCGW
[01:54:35] [245/458] CCMG
[01:54:35] [246/458] NYRG
[01:54:36] [247/458] NCSQ
[01:54:37] 🔄 Identity reset
[01:54:37] 🔄 Identity rotated (every 10 requests)
[01:54:37] [248/458] GRCG
[01:54:37] [249/458] CCBT
[01:54:38] [250/458] ACGA
[01:54:39] [251/458] INAG
[01:54:39] [252/458] FUCG
[01:54:40] [253/458] AICF
[01:54:41] [254/458] GRGA
[01:54:41] [255/458] GDCN
[01:54:42] [256/458] RRCG
[01:54:43] [257/458] SDCH
[01:54:43] 🔄 Identity reset
[01:54:43] 🔄 Identity rotated (every 10 requests)
[01:54:43] [258/458] WVJM
[01:54:44] [259/458] JCCZ
[01:54:45] [260/458] CNCL
[01:54:45] [261/458] TMLV
[01:54:46] [262/458] MEMB
[01:54:47] [263/458] SGTD
[01:54:48] [264/458] CONX
[01:54:48] [265/458] CCMH
[01:54:49] [266/458] ACMC
[01:54:49] [267/458] DTPD
[01:54:50] 🔄 Identity reset
[01:54:50] 🔄 Identity rotated (every 10 requests)
[01:54:50] [268/458] POJA
[01:54:50] [269/458] FNBH
[01:54:51] [270/458] CGCB
[01:54:52] [271/458] RACN
[01:54:52] [272/458] JTSM
[01:54:53] [273/458] SCDN
[01:54:54] [274/458] AACK
[01:54:54] [275/458] RMCE
[01:54:55] [276/458] BSGB
[01:54:55] [277/458] MRCB
[01:54:56] 🔄 Identity reset
[01:54:56] 🔄 Identity rotated (every 10 requests)
[01:54:56] [278/458] SRVR
[01:54:57] [279/458] VTKK
[01:54:57] [280/458] AMST
[01:54:58] [281/458] APCY
[01:54:58] [282/458] LMHO
[01:54:59] [283/458] MTZH
[01:55:00] [284/458] AMZB
[01:55:00] [285/458] SUVT
[01:55:01] [286/458] RCIP
[01:55:02] [287/458] KESR
[01:55:03] 🔄 Identity reset
[01:55:03] 🔄 Identity rotated (every 10 requests)
[01:55:03] [288/458] SNKC
[01:55:03] [289/458] SCED
[01:55:04] [290/458] DVCA
[01:55:04] [291/458] VCDT
[01:55:05] [292/458] RRDI
[01:55:06] [293/458] DFCH
[01:55:07] [294/458] INSC
[01:55:07] [295/458] RGTR
[01:55:08] [296/458] FMOT
[01:55:09] [297/458] SCPM
[01:55:09] 🔄 Identity reset
[01:55:09] 🔄 Identity rotated (every 10 requests)
[01:55:09] 🔄 Retry 1/5 for SCPM in 3.0s
[01:55:09] 🔄 Identity reset
[01:55:12] 🧠 New identity created
[01:55:12] [298/458] GCDT
[01:55:13] [299/458] BRKT
[01:55:14] [300/458] DEMP
[01:55:14] [301/458] SRLC
[01:55:15] [302/458] KSTT
[01:55:16] [303/458] SMMT
[01:55:17] [304/458] SILM
[01:55:17] [305/458] JCVM
[01:55:18] [306/458] KCSV
[01:55:19] 🔄 Identity reset
[01:55:19] 🔄 Identity rotated (every 10 requests)
[01:55:19] [307/458] MHLK
[01:55:19] [308/458] SLVL
[01:55:20] [309/458] RJKP
[01:55:21] [310/458] BBPC
[01:55:21] [311/458] MXCB
[01:55:22] [312/458] TCPK
[01:55:22] [313/458] RTBR
[01:55:23] [314/458] GAUT
[01:55:24] [315/458] DVCF
[01:55:24] [316/458] JTSB
[01:55:25] 🔄 Identity reset
[01:55:25] 🔄 Identity rotated (every 10 requests)
[01:55:25] [317/458] SBLS
[01:55:26] [318/458] UDAY
[01:55:26] [319/458] PTNP
[01:55:27] [320/458] DMKT
[01:55:28] [321/458] NTDT
[01:55:28] [322/458] SHDJ
[01:55:29] [323/458] OTNC
[01:55:30] [324/458] RNTW
[01:55:30] [325/458] GCMI
[01:55:31] [326/458] CRCM
[01:55:31] 🔄 Identity reset
[01:55:31] 🔄 Identity rotated (every 10 requests)
[01:55:32] [327/458] NNCZ
[01:55:32] [328/458] OEMO
[01:55:33] [329/458] PVJM
[01:55:34] [330/458] CPJI
[01:55:34] [331/458] RMCJ
[01:55:35] [332/458] CNWJ
[01:55:36] [333/458] EPJM
[01:55:36] [334/458] FNJJ
[01:55:37] [335/458] GCMJ
[01:55:38] [336/458] INPS
[01:55:38] 🔄 Identity reset
[01:55:38] 🔄 Identity rotated (every 10 requests)
[01:55:39] [337/458] BICJ
[01:55:39] [338/458] ISTJ
[01:55:40] [339/458] INJC
[01:55:40] [340/458] GLXJ
[01:55:41] [341/458] INEM
[01:55:42] [342/458] JTMN
[01:55:42] [343/458] FRCJ
[01:55:43] [344/458] DDJP
[01:55:44] [345/458] INJV
[01:55:44] [346/458] GOLC
[01:55:45] 🔄 Identity reset
[01:55:45] 🔄 Identity rotated (every 10 requests)
[01:55:45] [347/458] KOCI
[01:55:46] [348/458] FSTD
[01:55:46] [349/458] PACJ
[01:55:47] [350/458] GMCN
[01:55:47] [351/458] MMDJ
[01:55:48] [352/458] GODH
[01:55:49] [353/458] SKYN
[01:55:49] [354/458] NCTH
[01:55:50] [355/458] SKVZ
[01:55:50] [356/458] SVML
[01:55:51] 🔄 Identity reset
[01:55:51] 🔄 Identity rotated (every 10 requests)
[01:55:51] 🔄 Retry 1/5 for SVML in 2.1s
[01:55:51] 🔄 Identity reset
[01:55:53] 🧠 New identity created
[01:55:53] [357/458] ACVZ
[01:55:54] [358/458] SURA
[01:55:55] [359/458] RTRB
[01:55:55] [360/458] LLCT
[01:55:56] [361/458] ATTS
[01:55:56] [362/458] JYCM
[01:55:57] [363/458] CTKR
[01:55:58] [364/458] LCKR
[01:55:58] [365/458] NYCV
[01:55:59] 🔄 Identity reset
[01:55:59] 🔄 Identity rotated (every 10 requests)
[01:55:59] [366/458] NYOH
[01:56:00] [367/458] NOVX
[01:56:00] [368/458] MRGK
[01:56:01] [369/458] MOON
[01:56:01] [370/458] SBUC
[01:56:02] [371/458] GSVA
[01:56:02] [372/458] VIAK
[01:56:03] [373/458] SMVZ
[01:56:04] [374/458] MATE
[01:56:05] [375/458] RDCN
[01:56:05] 🔄 Identity reset
[01:56:05] 🔄 Identity rotated (every 10 requests)
[01:56:05] [376/458] ASBL
[01:56:06] [377/458] ASVS
[01:56:07] [378/458] ASSR
[01:56:08] [379/458] SSKN
[01:56:08] [380/458] DRPV
[01:56:09] [381/458] MRHT
[01:56:10] [382/458] BSCN
[01:56:10] [383/458] RKNX
[01:56:11] [384/458] MSMC
[01:56:12] [385/458] MSCJ
[01:56:12] 🔄 Identity reset
[01:56:12] 🔄 Identity rotated (every 10 requests)
[01:56:12] [386/458] BTBJ
[01:56:13] [387/458] MJCC
[01:56:14] [388/458] IOMM
[01:56:14] [389/458] ADGR
[01:56:15] [390/458] MYCP
[01:56:16] [391/458] IGCM
[01:56:16] [392/458] PGRK
[01:56:17] [393/458] VPGO
[01:56:17] [394/458] KOMS
[01:56:18] [395/458] URGG
[01:56:18] 🔄 Identity reset
[01:56:19] 🔄 Identity rotated (every 10 requests)
[01:56:19] [396/458] GOST
[01:56:19] [397/458] LACT
[01:56:20] [398/458] BWCM
[01:56:20] [399/458] NCCW
[01:56:21] [400/458] SKYC
[01:56:22] [401/458] CCPM
[01:56:23] [402/458] VCBT
[01:56:23] [403/458] SDKR
[01:56:24] [404/458] CTYB
[01:56:25] [405/458] SHCX
[01:56:25] 🔄 Identity reset
[01:56:25] 🔄 Identity rotated (every 10 requests)
[01:56:25] [406/458] RCUN
[01:56:26] [407/458] CNRA
[01:56:27] [408/458] RFCA
[01:56:28] [409/458] RDCU
[01:56:28] [410/458] SARK
[01:56:29] [411/458] SPPP
[01:56:30] [412/458] ADMB
[01:56:30] [413/458] JYOE
[01:56:31] [414/458] SRMD
[01:56:31] [415/458] RJDH
[01:56:32] 🔄 Identity reset
[01:56:32] 🔄 Identity rotated (every 10 requests)
[01:56:32] [416/458] SSTD
[01:56:33] [417/458] AACV
[01:56:34] [418/458] PPVD
[01:56:35] [419/458] STCP
[01:56:35] [420/458] ANLS
[01:56:36] [421/458] BIJO
[01:56:37] [422/458] AVAB
[01:56:37] [423/458] SPMD
[01:56:38] [424/458] SVJL
[01:56:39] [425/458] SDDJ
[01:56:39] 🔄 Identity reset
[01:56:40] 🔄 Identity rotated (every 10 requests)
[01:56:40] 🔄 Retry 1/5 for SDDJ in 2.9s
[01:56:40] 🔄 Identity reset
[01:56:42] 🧠 New identity created
[01:56:43] [426/458] SLTU
[01:56:43] [427/458] SAKA
[01:56:44] [428/458] PMAM
[01:56:44] [429/458] FNAM
[01:56:45] [430/458] ACAM
[01:56:45] [431/458] SCMM
[01:56:46] [432/458] PMAK
[01:56:47] [433/458] NYSA
[01:56:47] [434/458] FCPA
[01:56:48] 🔄 Identity reset
[01:56:48] 🔄 Identity rotated (every 10 requests)
[01:56:48] [435/458] GDAN
[01:56:49] [436/458] RSCA
[01:56:49] [437/458] DMAN
[01:56:50] [438/458] DZCM
[01:56:51] [439/458] NSGL
[01:56:51] [440/458] CCPP
[01:56:52] [441/458] PSMG
[01:56:53] [442/458] GSER
[01:56:54] [443/458] FCCT
[01:56:54] [444/458] FCTB
[01:56:55] 🔄 Identity reset
[01:56:55] 🔄 Identity rotated (every 10 requests)
[01:56:55] 🔄 Retry 1/5 for FCTB in 2.5s
[01:56:55] 🔄 Identity reset
[01:56:57] 🧠 New identity created
[01:56:57] [445/458] LCNK
[01:56:58] [446/458] SKTY
[01:56:59] [447/458] INAA
[01:57:00] [448/458] RCWN
[01:57:00] [449/458] VAIS
[01:57:01] [450/458] CVMN
[01:57:01] [451/458] INTS
[01:57:02] [452/458] FRGS
[01:57:03] [453/458] DTCK
[01:57:03] 🔄 Identity reset
[01:57:03] 🔄 Identity rotated (every 10 requests)
[01:57:04] [454/458] MCMH
[01:57:04] [455/458] ECRR
[01:57:06] [456/458] RLLP
[01:57:06] [457/458] CCSN
[01:57:07] [458/458] CCBA
[01:57:08] ✅ DONE | Shows=1 | Movies=1
