[03:36:23] 🚀 SCRIPT STARTED (enhanced anti‑detection)
[03:36:23] [1/445] TGMR
[03:36:24] 🧠 New identity created
[03:36:24] [2/445] CXKR
[03:36:24] [3/445] SROP
[03:36:26] [4/445] GTSV
[03:36:26] [5/445] SNTY
[03:36:27] [6/445] SMYY
[03:36:28] [7/445] CNCS
[03:36:29] [8/445] CSTM
[03:36:30] [9/445] NUCD
[03:36:30] [10/445] SHCZ
[03:36:31] 🔄 Identity reset
[03:36:31] 🔄 Identity rotated (every 10 requests)
[03:36:31] [11/445] NJCT
[03:36:32] [12/445] COPC
[03:36:32] [13/445] STVV
[03:36:33] [14/445] SKRN
[03:36:35] [15/445] APPZ
[03:36:36] [16/445] YMGN
[03:36:37] [17/445] SVTU
[03:36:38] [18/445] GTAD
[03:36:38] [19/445] PSUS
[03:36:39] [20/445] SMCD
[03:36:40] 🔄 Identity reset
[03:36:40] 🔄 Identity rotated (every 10 requests)
[03:36:40] [21/445] CMCM
[03:36:41] [22/445] SYCT
[03:36:42] [23/445] STLY
[03:36:43] [24/445] CMHU
[03:36:43] [25/445] CMSA
[03:36:44] [26/445] CLCU
[03:36:45] [27/445] PPNT
[03:36:46] [28/445] JTAB
[03:36:47] [29/445] BUUC
[03:36:47] [30/445] BSVK
[03:36:48] 🔄 Identity reset
[03:36:48] 🔄 Identity rotated (every 10 requests)
[03:36:49] [31/445] VVVQ
[03:36:49] [32/445] TKMU
[03:36:50] [33/445] ESYL
[03:36:51] [34/445] ACHP
[03:36:52] [35/445] BTKD
[03:36:53] [36/445] DESA
[03:36:53] [37/445] GBCT
[03:36:55] [38/445] BLLD
[03:36:56] [39/445] SKNT
[03:36:56] [40/445] SSTE
[03:36:57] 🔄 Identity reset
[03:36:57] 🔄 Identity rotated (every 10 requests)
[03:36:57] [41/445] VJMR
[03:36:58] [42/445] NTPU
[03:36:58] [43/445] RDKN
[03:36:59] [44/445] ADGC
[03:37:00] [45/445] VRBP
[03:37:01] [46/445] NMNA
[03:37:02] [47/445] CMMX
[03:37:02] [48/445] PTKO
[03:37:03] [49/445] RBML
[03:37:04] [50/445] SAIC
[03:37:05] 🔄 Identity reset
[03:37:05] 🔄 Identity rotated (every 10 requests)
[03:37:05] [51/445] SVTJ
[03:37:06] [52/445] MRTE
[03:37:06] [53/445] RBTP
[03:37:07] [54/445] NLPS
[03:37:08] [55/445] GTNA
[03:37:09] [56/445] DGGC
[03:37:09] [57/445] SMCR
[03:37:10] [58/445] SCGD
[03:37:11] [59/445] SRRJ
[03:37:12] [60/445] CNRY
[03:37:12] 🔄 Identity reset
[03:37:12] 🔄 Identity rotated (every 10 requests)
[03:37:13] [61/445] KTDI
[03:37:14] [62/445] SNJL
[03:37:15] [63/445] RKMD
[03:37:15] [64/445] SMDC
[03:37:16] [65/445] TADG
[03:37:17] [66/445] MCGS
[03:37:18] [67/445] PETK
[03:37:18] [68/445] CHAG
[03:37:19] [69/445] KSTL
[03:37:20] [70/445] AADS
[03:37:20] 🔄 Identity reset
[03:37:20] 🔄 Identity rotated (every 10 requests)
[03:37:21] [71/445] NTHZ
[03:37:22] [72/445] HCKI
[03:37:22] [73/445] SSEF
[03:37:23] [74/445] MCGX
[03:37:24] [75/445] ERRA
[03:37:25] [76/445] SDTW
[03:37:26] [77/445] RMPK
[03:37:27] [78/445] PTHK
[03:37:27] [79/445] PXCS
[03:37:28] [80/445] SVLU
[03:37:28] 🔄 Identity reset
[03:37:28] 🔄 Identity rotated (every 10 requests)
[03:37:29] [81/445] STAH
[03:37:29] [82/445] JRGF
[03:37:30] [83/445] CDOK
[03:37:31] [84/445] CMSG
[03:37:32] [85/445] APTD
[03:37:33] [86/445] KMPG
[03:37:34] [87/445] MUTJ
[03:37:34] [88/445] VCCI
[03:37:35] [89/445] URBE
[03:37:36] [90/445] TCTS
[03:37:36] 🔄 Identity reset
[03:37:36] 🔄 Identity rotated (every 10 requests)
[03:37:36] [91/445] STSN
[03:37:37] [92/445] AKCH
[03:37:38] [93/445] APSC
[03:37:39] [94/445] VLTB
[03:37:39] [95/445] SANU
[03:37:40] [96/445] AXAM
[03:37:41] [97/445] MGMG
[03:37:42] [98/445] HTBY
[03:37:43] [99/445] MMZS
[03:37:43] [100/445] SUDR
[03:37:44] 🔄 Identity reset
[03:37:44] 🔄 Identity rotated (every 10 requests)
[03:37:44] [101/445] CCAD
[03:37:45] [102/445] SKKC
[03:37:45] [103/445] RMCD
[03:37:46] [104/445] SBCQ
[03:37:47] [105/445] DCCT
[03:37:47] [106/445] VTKP
[03:37:49] [107/445] MLAM
[03:37:50] [108/445] SAVT
[03:37:51] [109/445] GEPL
[03:37:52] [110/445] AMCD
[03:37:53] 🔄 Identity reset
[03:37:53] 🔄 Identity rotated (every 10 requests)
[03:37:53] [111/445] CCXR
[03:37:53] [112/445] GRNG
[03:37:54] [113/445] EBCA
[03:37:55] [114/445] CNVG
[03:37:56] [115/445] MWSS
[03:37:57] [116/445] VBOR
[03:37:57] [117/445] NEEB
[03:37:58] [118/445] SUTH
[03:37:59] [119/445] ANDB
[03:38:00] [120/445] MMXS
[03:38:01] 🔄 Identity reset
[03:38:01] 🔄 Identity rotated (every 10 requests)
[03:38:01] [121/445] CNPD
[03:38:02] [122/445] SDCE
[03:38:03] [123/445] DHCB
[03:38:04] [124/445] ODEN
[03:38:04] [125/445] TNTC
[03:38:05] [126/445] VBKM
[03:38:06] [127/445] RZYM
[03:38:06] [128/445] JEMC
[03:38:07] [129/445] CMAU
[03:38:08] [130/445] SIVP
[03:38:09] 🔄 Identity reset
[03:38:09] 🔄 Identity rotated (every 10 requests)
[03:38:09] [131/445] ATAG
[03:38:09] [132/445] CHTM
[03:38:10] [133/445] AAEE
[03:38:11] [134/445] IWPM
[03:38:12] [135/445] KCMW
[03:38:13] [136/445] MCTD
[03:38:14] [137/445] SPWR
[03:38:15] [138/445] SDPO
[03:38:16] [139/445] PCSK
[03:38:16] [140/445] ACHV
[03:38:17] 🔄 Identity reset
[03:38:17] 🔄 Identity rotated (every 10 requests)
[03:38:18] [141/445] SVLA
[03:38:18] [142/445] PICT
[03:38:19] [143/445] BXDR
[03:38:20] [144/445] SPWA
[03:38:20] [145/445] MCKO
[03:38:21] [146/445] RTHK
[03:38:22] [147/445] CCMF
[03:38:22] [148/445] MRGB
[03:38:23] [149/445] CPLC
[03:38:24] [150/445] RACD
[03:38:24] 🔄 Identity reset
[03:38:24] 🔄 Identity rotated (every 10 requests)
[03:38:24] [151/445] ATKT
[03:38:25] [152/445] SARN
[03:38:26] [153/445] KKUI
[03:38:27] [154/445] RGCM
[03:38:28] [155/445] BRVP
[03:38:29] [156/445] HRSR
[03:38:30] [157/445] GKGM
[03:38:30] [158/445] TTCD
[03:38:31] [159/445] PTTI
[03:38:32] [160/445] MPTT
[03:38:33] 🔄 Identity reset
[03:38:33] 🔄 Identity rotated (every 10 requests)
[03:38:33] [161/445] CVTT
[03:38:34] [162/445] PCXD
[03:38:34] [163/445] GCDC
[03:38:35] [164/445] CCCF
[03:38:36] [165/445] MRAD
[03:38:37] [166/445] CPLK
[03:38:37] [167/445] SATB
[03:38:38] [168/445] SNVG
[03:38:39] [169/445] JMBA
[03:38:39] [170/445] TEJA
[03:38:40] 🔄 Identity reset
[03:38:40] 🔄 Identity rotated (every 10 requests)
[03:38:40] [171/445] STYO
[03:38:41] [172/445] JTBP
[03:38:42] [173/445] KRGD
[03:38:43] [174/445] SLJJ
[03:38:43] [175/445] SPTJ
[03:38:44] [176/445] SWJG
[03:38:45] [177/445] LKRT
[03:38:46] [178/445] KCKA
[03:38:46] [179/445] SNCR
[03:38:47] [180/445] SMKL
[03:38:48] 🔄 Identity reset
[03:38:48] 🔄 Identity rotated (every 10 requests)
[03:38:48] [181/445] GCFA
[03:38:48] [182/445] DDCK
[03:38:49] [183/445] NCHJ
[03:38:50] [184/445] RDMA
[03:38:51] [185/445] SVSV
[03:38:51] [186/445] SCJG
[03:38:52] [187/445] VKLP
[03:38:53] [188/445] NWCC
[03:38:54] [189/445] VKNS
[03:38:56] [190/445] SDDP
[03:38:57] 🔄 Identity reset
[03:38:57] 🔄 Identity rotated (every 10 requests)
[03:38:57] 🔄 Retry 1/5 for SDDP in 2.0s
[03:38:57] 🔄 Identity reset
[03:38:59] 🧠 New identity created
[03:38:59] [191/445] ACSI
[03:39:00] [192/445] SATG
[03:39:00] [193/445] SCMW
[03:39:01] [194/445] LKTK
[03:39:02] [195/445] VCKV
[03:39:03] [196/445] KKPE
[03:39:03] [197/445] KIGH
[03:39:04] [198/445] SRPM
[03:39:05] [199/445] SCAH
[03:39:06] 🔄 Identity reset
[03:39:06] 🔄 Identity rotated (every 10 requests)
[03:39:06] [200/445] MUTA
[03:39:07] [201/445] SEPU
[03:39:07] [202/445] INOA
[03:39:08] [203/445] BASK
[03:39:09] [204/445] NECB
[03:39:10] [205/445] GTTG
[03:39:11] [206/445] ASSA
[03:39:12] [207/445] ANCL
[03:39:13] [208/445] GCTI
[03:39:14] [209/445] RCTS
[03:39:15] 🔄 Identity reset
[03:39:15] 🔄 Identity rotated (every 10 requests)
[03:39:15] [210/445] ACNL
[03:39:16] [211/445] MYCT
[03:39:17] [212/445] NMHT
[03:39:17] [213/445] MDIT
[03:39:18] [214/445] LATG
[03:39:18] [215/445] SMTY
[03:39:19] [216/445] CVCT
[03:39:20] [217/445] RAMB
[03:39:21] [218/445] TGMS
[03:39:22] [219/445] BHEL
[03:39:22] 🔄 Identity reset
[03:39:22] 🔄 Identity rotated (every 10 requests)
[03:39:22] [220/445] SHCT
[03:39:23] [221/445] SVCT
[03:39:23] [222/445] MRIY
[03:39:24] [223/445] SARO
[03:39:25] [224/445] STCT
[03:39:26] [225/445] JKKC
[03:39:27] [226/445] PLTT
[03:39:27] [227/445] SRNT
[03:39:28] [228/445] YAST
[03:39:29] [229/445] PERL
[03:39:30] 🔄 Identity reset
[03:39:30] 🔄 Identity rotated (every 10 requests)
[03:39:30] [230/445] CICM
[03:39:31] [231/445] MMTR
[03:39:33] [232/445] ABTK
[03:39:34] [233/445] ATYY
[03:39:34] [234/445] ASTK
[03:39:35] [235/445] VVCK
[03:39:36] [236/445] ATKY
[03:39:37] [237/445] GWEK
[03:39:37] [238/445] SVFH
[03:39:38] [239/445] SLTA
[03:39:39] 🔄 Identity reset
[03:39:39] 🔄 Identity rotated (every 10 requests)
[03:39:39] [240/445] AASH
[03:39:40] [241/445] ACXB
[03:39:41] [242/445] SMTX
[03:39:42] [243/445] AZDH
[03:39:42] [244/445] CMMH
[03:39:43] [245/445] SCSZ
[03:39:44] [246/445] SCKP
[03:39:45] [247/445] NXTM
[03:39:46] [248/445] NWCS
[03:39:47] [249/445] CXMH
[03:39:47] 🔄 Identity reset
[03:39:47] 🔄 Identity rotated (every 10 requests)
[03:39:47] [250/445] PCMA
[03:39:48] [251/445] SGCM
[03:39:48] [252/445] SDTU
[03:39:50] [253/445] MMVI
[03:39:51] [254/445] JKCM
[03:39:52] [255/445] VCMM
[03:39:52] [256/445] SYEE
[03:39:53] [257/445] VASD
[03:39:54] [258/445] BDRB
[03:39:55] [259/445] LASM
[03:39:55] 🔄 Identity reset
[03:39:55] 🔄 Identity rotated (every 10 requests)
[03:39:55] [260/445] DCRL
[03:39:56] [261/445] DVPM
[03:39:57] [262/445] SBMJ
[03:39:58] [263/445] CBMU
[03:39:59] [264/445] IUBS
[03:40:00] [265/445] INAP
[03:40:01] [266/445] SRRC
[03:40:01] [267/445] SAGR
[03:40:02] [268/445] CPMJ
[03:40:04] [269/445] ATJL
[03:40:05] 🔄 Identity reset
[03:40:05] 🔄 Identity rotated (every 10 requests)
[03:40:05] [270/445] NNTD
[03:40:05] [271/445] JHCJ
[03:40:06] [272/445] CMMP
[03:40:07] [273/445] RSDR
[03:40:08] [274/445] AMTI
[03:40:09] [275/445] NYSG
[03:40:10] [276/445] AVSG
[03:40:11] [277/445] SYTP
[03:40:11] [278/445] LARC
[03:40:12] [279/445] RJTP
[03:40:13] 🔄 Identity reset
[03:40:13] 🔄 Identity rotated (every 10 requests)
[03:40:13] [280/445] LAKC
[03:40:14] [281/445] MCXE
[03:40:15] [282/445] CCZC
[03:40:15] [283/445] AVCH
[03:40:16] [284/445] CMBE
[03:40:17] [285/445] MRRC
[03:40:19] [286/445] PCPY
[03:40:20] [287/445] SRMH
[03:40:21] [288/445] SVGS
[03:40:22] [289/445] PCSE
[03:40:23] 🔄 Identity reset
[03:40:23] 🔄 Identity rotated (every 10 requests)
[03:40:24] [290/445] SVFT
[03:40:24] [291/445] TNZP
[03:40:25] [292/445] ICTP
[03:40:26] [293/445] ACTZ
[03:40:27] [294/445] GTUR
[03:40:27] [295/445] MAFC
[03:40:28] [296/445] MINL
[03:40:29] [297/445] MRCL
[03:40:30] [298/445] RCRP
[03:40:31] [299/445] RFFG
[03:40:31] 🔄 Identity reset
[03:40:31] 🔄 Identity rotated (every 10 requests)
[03:40:31] [300/445] RMAS
[03:40:32] [301/445] INVR
[03:40:33] [302/445] RMAR
[03:40:34] [303/445] CNIS
[03:40:35] [304/445] RHRJ
[03:40:35] [305/445] INXR
[03:40:36] [306/445] VALT
[03:40:37] [307/445] LCSH
[03:40:38] [308/445] CMVS
[03:40:38] [309/445] CNMS
[03:40:39] 🔄 Identity reset
[03:40:39] 🔄 Identity rotated (every 10 requests)
[03:40:39] [310/445] ROOG
[03:40:40] [311/445] ISRM
[03:40:40] [312/445] RCRM
[03:40:41] [313/445] ACJA
[03:40:42] [314/445] RCVS
[03:40:43] [315/445] CPUS
[03:40:44] [316/445] TGCS
[03:40:45] [317/445] RKCJ
[03:40:46] [318/445] MKSB
[03:40:46] [319/445] TCSJ
[03:40:47] 🔄 Identity reset
[03:40:47] 🔄 Identity rotated (every 10 requests)
[03:40:47] [320/445] RMGP
[03:40:48] [321/445] CLLP
[03:40:49] [322/445] RCMV
[03:40:49] [323/445] CCKS
[03:40:51] [324/445] RSRP
[03:40:52] [325/445] APLP
[03:40:53] [326/445] CNVS
[03:40:53] [327/445] RMVY
[03:40:54] [328/445] PGBD
[03:40:55] [329/445] KLMS
[03:40:56] 🔄 Identity reset
[03:40:56] 🔄 Identity rotated (every 10 requests)
[03:40:56] 🔄 Retry 1/5 for KLMS in 2.8s
[03:40:56] 🔄 Identity reset
[03:40:59] 🧠 New identity created
[03:40:59] [330/445] RUST
[03:40:59] [331/445] MASM
[03:41:00] [332/445] BACS
[03:41:01] [333/445] BWST
[03:41:02] [334/445] RRFH
[03:41:02] [335/445] SJTM
[03:41:03] [336/445] BEMR
[03:41:04] [337/445] MCGR
[03:41:05] [338/445] SDSK
[03:41:05] 🔄 Identity reset
[03:41:06] 🔄 Identity rotated (every 10 requests)
[03:41:06] [339/445] VBOL
[03:41:06] [340/445] RMGM
[03:41:07] [341/445] NOPL
[03:41:08] [342/445] MKJK
[03:41:09] [343/445] CVRN
[03:41:10] [344/445] MMEN
[03:41:11] [345/445] AMNG
[03:41:12] [346/445] INTM
[03:41:13] [347/445] SLCZ
[03:41:14] [348/445] AMJN
[03:41:14] 🔄 Identity reset
[03:41:14] 🔄 Identity rotated (every 10 requests)
[03:41:14] [349/445] ACJN
[03:41:15] [350/445] AMKN
[03:41:16] [351/445] BTCN
[03:41:17] [352/445] AMBT
[03:41:18] [353/445] PACN
[03:41:20] [354/445] LCNS
[03:41:20] [355/445] PPKC
[03:41:21] [356/445] JYYN
[03:41:23] [357/445] JTNR
[03:41:24] [358/445] GTEE
[03:41:25] 🔄 Identity reset
[03:41:25] 🔄 Identity rotated (every 10 requests)
[03:41:25] [359/445] SRNM
[03:41:26] [360/445] SDTC
[03:41:27] [361/445] VPCA
[03:41:28] [362/445] VLRA
[03:41:28] [363/445] SHKR
[03:41:29] [364/445] SBKD
[03:41:30] [365/445] SAAD
[03:41:31] [366/445] JTGN
[03:41:32] [367/445] SLAM
[03:41:33] [368/445] VTPM
[03:41:34] 🔄 Identity reset
[03:41:34] 🔄 Identity rotated (every 10 requests)
[03:41:35] [369/445] ANPT
[03:41:36] [370/445] PUNB
[03:41:37] [371/445] CPKT
[03:41:38] [372/445] CNWE
[03:41:38] [373/445] ECPP
[03:41:39] [374/445] CPAR
[03:41:40] [375/445] ESBW
[03:41:41] [376/445] PKPU
[03:41:41] [377/445] CPRP
[03:41:42] [378/445] RAHU
[03:41:43] 🔄 Identity reset
[03:41:43] 🔄 Identity rotated (every 10 requests)
[03:41:43] [379/445] RHMN
[03:41:44] [380/445] FMJP
[03:41:45] [381/445] CTMP
[03:41:46] [382/445] INPN
[03:41:47] [383/445] STTG
[03:41:48] [384/445] CTRD
[03:41:49] [385/445] PUVB
[03:41:49] [386/445] ESVP
[03:41:50] [387/445] CPFT
[03:41:51] [388/445] LCPC
[03:41:52] 🔄 Identity reset
[03:41:52] 🔄 Identity rotated (every 10 requests)
[03:41:52] [389/445] VBCT
[03:41:54] [390/445] FSCW
[03:41:55] [391/445] VCMP
[03:41:56] [392/445] ASHC
[03:41:58] [393/445] VLCX
[03:41:58] [394/445] SHEV
[03:41:59] [395/445] APCO
[03:42:00] [396/445] SILC
[03:42:01] [397/445] SNMR
[03:42:02] [398/445] KYBO
[03:42:02] 🔄 Identity reset
[03:42:02] 🔄 Identity rotated (every 10 requests)
[03:42:02] [399/445] SATK
[03:42:03] [400/445] SSCS
[03:42:04] [401/445] CLSB
[03:42:06] [402/445] KMJR
[03:42:07] [403/445] FSCK
[03:42:07] [404/445] NNKA
[03:42:08] [405/445] CLMK
[03:42:09] [406/445] DMPZ
[03:42:10] [407/445] INQM
[03:42:11] [408/445] CAML
[03:42:11] 🔄 Identity reset
[03:42:11] 🔄 Identity rotated (every 10 requests)
[03:42:12] [409/445] INRK
[03:42:12] [410/445] IMKN
[03:42:13] [411/445] SVNR
[03:42:14] [412/445] INSL
[03:42:15] [413/445] MSMA
[03:42:16] [414/445] MCKK
[03:42:17] [415/445] FCHP
[03:42:17] [416/445] SFCR
[03:42:18] [417/445] NACK
[03:42:19] [418/445] PVAK
[03:42:20] 🔄 Identity reset
[03:42:20] 🔄 Identity rotated (every 10 requests)
[03:42:20] [419/445] INER
[03:42:21] [420/445] RDBK
[03:42:22] [421/445] SVFN
[03:42:23] [422/445] IFRM
[03:42:23] [423/445] ATCK
[03:42:24] [424/445] ASKO
[03:42:25] [425/445] STKT
[03:42:26] [426/445] SVFB
[03:42:27] [427/445] INKS
[03:42:28] [428/445] PCRA
[03:42:28] 🔄 Identity reset
[03:42:28] 🔄 Identity rotated (every 10 requests)
[03:42:29] [429/445] ATJA
[03:42:30] [430/445] IMJN
[03:42:30] [431/445] INHD
[03:42:31] [432/445] BARA
[03:42:32] [433/445] MCSL
[03:42:33] [434/445] RTOY
[03:42:33] [435/445] MENO
[03:42:34] [436/445] PUDM
[03:42:36] [437/445] PRCN
[03:42:37] [438/445] JMJR
[03:42:37] 🔄 Identity reset
[03:42:37] 🔄 Identity rotated (every 10 requests)
[03:42:37] [439/445] SSGK
[03:42:38] [440/445] SSRL
[03:42:39] [441/445] JYKL
[03:42:40] [442/445] ACNB
[03:42:41] [443/445] SONP
[03:42:42] [444/445] EMCI
[03:42:42] [445/445] MRJH
[03:42:43] 🧹 Deduping shows
[03:42:43] ✅ DONE | Shows=2690 | Movies=68
[10:46:15] 🚀 SCRIPT STARTED (enhanced anti‑detection)
[10:46:15] [1/445] TGMR
[10:46:16] 🧠 New identity created
[10:46:16] [2/445] CXKR
[10:46:18] [3/445] SROP
[10:46:18] [4/445] GTSV
[10:46:19] [5/445] SNTY
[10:46:20] [6/445] SMYY
[10:46:21] [7/445] CNCS
[10:46:22] [8/445] CSTM
[10:46:23] [9/445] NUCD
[10:46:24] [10/445] SHCZ
[10:46:24] 🔄 Identity reset
[10:46:24] 🔄 Identity rotated (every 10 requests)
[10:46:25] [11/445] NJCT
[10:46:26] [12/445] COPC
[10:46:26] [13/445] STVV
[10:46:27] [14/445] SKRN
[10:46:28] [15/445] APPZ
[10:46:29] [16/445] YMGN
[10:46:30] [17/445] SVTU
[10:46:31] [18/445] GTAD
[10:46:32] [19/445] PSUS
[10:46:33] [20/445] SMCD
[10:46:33] 🔄 Identity reset
[10:46:33] 🔄 Identity rotated (every 10 requests)
[10:46:34] [21/445] CMCM
[10:46:35] [22/445] SYCT
[10:46:36] [23/445] STLY
[10:46:36] [24/445] CMHU
[10:46:37] [25/445] CMSA
[10:46:38] [26/445] CLCU
[10:46:39] [27/445] PPNT
[10:46:40] [28/445] JTAB
[10:46:41] [29/445] BUUC
[10:46:43] [30/445] BSVK
[10:46:43] 🔄 Identity reset
[10:46:43] 🔄 Identity rotated (every 10 requests)
[10:46:44] [31/445] VVVQ
[10:46:45] [32/445] TKMU
[10:46:45] [33/445] ESYL
[10:46:46] [34/445] ACHP
[10:46:47] [35/445] BTKD
[10:46:48] [36/445] DESA
[10:46:49] [37/445] GBCT
[10:46:50] [38/445] BLLD
[10:46:50] [39/445] SKNT
[10:46:52] [40/445] SSTE
[10:46:53] 🔄 Identity reset
[10:46:53] 🔄 Identity rotated (every 10 requests)
[10:46:53] 🔄 Retry 1/5 for SSTE in 3.0s
[10:46:53] 🔄 Identity reset
[10:46:56] 🧠 New identity created
[10:46:56] [41/445] VJMR
[10:46:57] [42/445] NTPU
[10:46:58] [43/445] RDKN
[10:46:59] [44/445] ADGC
[10:46:59] [45/445] VRBP
[10:47:00] [46/445] NMNA
[10:47:01] [47/445] CMMX
[10:47:02] [48/445] PTKO
[10:47:04] [49/445] RBML
[10:47:04] 🔄 Identity reset
[10:47:04] 🔄 Identity rotated (every 10 requests)
[10:47:04] [50/445] SAIC
[10:47:06] [51/445] SVTJ
[10:47:07] [52/445] MRTE
[10:47:09] [53/445] RBTP
[10:47:10] [54/445] NLPS
[10:47:11] [55/445] GTNA
[10:47:12] [56/445] DGGC
[10:47:12] [57/445] SMCR
[10:47:13] [58/445] SCGD
[10:47:15] [59/445] SRRJ
[10:47:16] 🔄 Identity reset
[10:47:16] 🔄 Identity rotated (every 10 requests)
[10:47:16] 🔄 Retry 1/5 for SRRJ in 2.6s
[10:47:16] 🔄 Identity reset
[10:47:19] 🧠 New identity created
[10:47:19] [60/445] CNRY
[10:47:20] [61/445] KTDI
[10:47:21] [62/445] SNJL
[10:47:22] [63/445] RKMD
[10:47:23] [64/445] SMDC
[10:47:24] [65/445] TADG
[10:47:25] [66/445] MCGS
[10:47:26] [67/445] PETK
[10:47:27] [68/445] CHAG
[10:47:27] 🔄 Identity reset
[10:47:27] 🔄 Identity rotated (every 10 requests)
[10:47:27] [69/445] KSTL
[10:47:28] [70/445] AADS
[10:47:29] [71/445] NTHZ
[10:47:30] [72/445] HCKI
[10:47:31] [73/445] SSEF
[10:47:32] [74/445] MCGX
[10:47:33] [75/445] ERRA
[10:47:34] [76/445] SDTW
[10:47:35] [77/445] RMPK
[10:47:36] [78/445] PTHK
[10:47:37] 🔄 Identity reset
[10:47:37] 🔄 Identity rotated (every 10 requests)
[10:47:37] [79/445] PXCS
[10:47:38] [80/445] SVLU
[10:47:39] [81/445] STAH
[10:47:40] [82/445] JRGF
[10:47:41] [83/445] CDOK
[10:47:42] [84/445] CMSG
[10:47:43] [85/445] APTD
[10:47:44] [86/445] KMPG
[10:47:45] [87/445] MUTJ
[10:47:46] [88/445] VCCI
[10:47:47] 🔄 Identity reset
[10:47:47] 🔄 Identity rotated (every 10 requests)
[10:47:47] 🔄 Retry 1/5 for VCCI in 2.1s
[10:47:47] 🔄 Identity reset
[10:47:49] 🧠 New identity created
[10:47:49] [89/445] URBE
[10:47:50] [90/445] TCTS
[10:47:51] [91/445] STSN
[10:47:52] [92/445] AKCH
[10:47:53] [93/445] APSC
[10:47:53] [94/445] VLTB
[10:47:54] [95/445] SANU
[10:47:55] [96/445] AXAM
[10:47:56] [97/445] MGMG
[10:47:57] 🔄 Identity reset
[10:47:57] 🔄 Identity rotated (every 10 requests)
[10:47:57] [98/445] HTBY
[10:47:58] [99/445] MMZS
[10:47:59] [100/445] SUDR
[10:48:00] [101/445] CCAD
[10:48:01] [102/445] SKKC
[10:48:01] [103/445] RMCD
[10:48:02] [104/445] SBCQ
[10:48:03] [105/445] DCCT
[10:48:04] [106/445] VTKP
[10:48:05] [107/445] MLAM
[10:48:05] 🔄 Identity reset
[10:48:05] 🔄 Identity rotated (every 10 requests)
[10:48:06] [108/445] SAVT
[10:48:08] [109/445] GEPL
[10:48:09] [110/445] AMCD
[10:48:09] [111/445] CCXR
[10:48:10] [112/445] GRNG
[10:48:11] [113/445] EBCA
[10:48:12] [114/445] CNVG
[10:48:13] [115/445] MWSS
[10:48:14] [116/445] VBOR
[10:48:15] [117/445] NEEB
[10:48:15] 🔄 Identity reset
[10:48:15] 🔄 Identity rotated (every 10 requests)
[10:48:16] [118/445] SUTH
[10:48:17] [119/445] ANDB
[10:48:18] [120/445] MMXS
[10:48:19] [121/445] CNPD
[10:48:19] [122/445] SDCE
[10:48:20] [123/445] DHCB
[10:48:21] [124/445] ODEN
[10:48:22] [125/445] TNTC
[10:48:23] [126/445] VBKM
[10:48:24] [127/445] RZYM
[10:48:24] 🔄 Identity reset
[10:48:24] 🔄 Identity rotated (every 10 requests)
[10:48:24] 🔄 Retry 1/5 for RZYM in 2.3s
[10:48:24] 🔄 Identity reset
[10:48:27] 🧠 New identity created
[10:48:28] [128/445] JEMC
[10:48:29] [129/445] CMAU
[10:48:31] [130/445] SIVP
[10:48:32] [131/445] ATAG
[10:48:33] [132/445] CHTM
[10:48:34] [133/445] AAEE
[10:48:35] [134/445] IWPM
[10:48:36] [135/445] KCMW
[10:48:37] [136/445] MCTD
[10:48:37] 🔄 Identity reset
[10:48:38] 🔄 Identity rotated (every 10 requests)
[10:48:38] 🔄 Retry 1/5 for MCTD in 2.1s
[10:48:38] 🔄 Identity reset
[10:48:40] 🧠 New identity created
[10:48:40] [137/445] SPWR
[10:48:41] [138/445] SDPO
[10:48:42] [139/445] PCSK
[10:48:42] [140/445] ACHV
[10:48:43] [141/445] SVLA
[10:48:44] [142/445] PICT
[10:48:45] [143/445] BXDR
[10:48:46] [144/445] SPWA
[10:48:48] [145/445] MCKO
[10:48:48] 🔄 Identity reset
[10:48:48] 🔄 Identity rotated (every 10 requests)
[10:48:49] [146/445] RTHK
[10:48:50] [147/445] CCMF
[10:48:50] [148/445] MRGB
[10:48:51] [149/445] CPLC
[10:48:52] [150/445] RACD
[10:48:53] [151/445] ATKT
[10:48:54] [152/445] SARN
[10:48:55] [153/445] KKUI
[10:48:56] [154/445] RGCM
[10:48:57] [155/445] BRVP
[10:48:57] 🔄 Identity reset
[10:48:57] 🔄 Identity rotated (every 10 requests)
[10:48:57] [156/445] HRSR
[10:48:58] [157/445] GKGM
[10:48:59] [158/445] TTCD
[10:49:00] [159/445] PTTI
[10:49:01] [160/445] MPTT
[10:49:02] [161/445] CVTT
[10:49:02] [162/445] PCXD
[10:49:03] [163/445] GCDC
[10:49:05] [164/445] CCCF
[10:49:06] [165/445] MRAD
[10:49:07] 🔄 Identity reset
[10:49:07] 🔄 Identity rotated (every 10 requests)
[10:49:07] [166/445] CPLK
[10:49:08] [167/445] SATB
[10:49:09] [168/445] SNVG
[10:49:10] [169/445] JMBA
[10:49:11] [170/445] TEJA
[10:49:12] [171/445] STYO
[10:49:13] [172/445] JTBP
[10:49:14] [173/445] KRGD
[10:49:15] [174/445] SLJJ
[10:49:15] [175/445] SPTJ
[10:49:16] 🔄 Identity reset
[10:49:16] 🔄 Identity rotated (every 10 requests)
[10:49:16] 🔄 Retry 1/5 for SPTJ in 2.2s
[10:49:16] 🔄 Identity reset
[10:49:18] 🧠 New identity created
[10:49:18] 🔄 Retry 2/5 for SPTJ in 4.2s
[10:49:18] 🔄 Identity reset
[10:49:22] 🧠 New identity created
[10:49:22] 🔄 Retry 3/5 for SPTJ in 8.1s
[10:49:22] 🔄 Identity reset
[10:49:31] 🧠 New identity created
[10:49:31] [176/445] SWJG
[10:49:32] [177/445] LKRT
[10:49:33] [178/445] KCKA
[10:49:34] [179/445] SNCR
[10:49:34] [180/445] SMKL
[10:49:35] [181/445] GCFA
[10:49:36] [182/445] DDCK
[10:49:37] 🔄 Identity reset
[10:49:37] 🔄 Identity rotated (every 10 requests)
[10:49:37] [183/445] NCHJ
[10:49:38] [184/445] RDMA
[10:49:39] [185/445] SVSV
[10:49:39] [186/445] SCJG
[10:49:40] [187/445] VKLP
[10:49:41] [188/445] NWCC
[10:49:42] [189/445] VKNS
[10:49:43] [190/445] SDDP
[10:49:45] [191/445] ACSI
[10:49:45] [192/445] SATG
[10:49:46] 🔄 Identity reset
[10:49:46] 🔄 Identity rotated (every 10 requests)
[10:49:46] [193/445] SCMW
[10:49:47] [194/445] LKTK
[10:49:48] [195/445] VCKV
[10:49:50] [196/445] KKPE
[10:49:50] [197/445] KIGH
[10:49:51] [198/445] SRPM
[10:49:52] [199/445] SCAH
[10:49:53] [200/445] MUTA
[10:49:54] [201/445] SEPU
[10:49:55] [202/445] INOA
[10:49:55] 🔄 Identity reset
[10:49:56] 🔄 Identity rotated (every 10 requests)
[10:49:57] [203/445] BASK
[10:49:57] [204/445] NECB
[10:49:58] [205/445] GTTG
[10:49:59] [206/445] ASSA
[10:50:01] [207/445] ANCL
[10:50:01] [208/445] GCTI
[10:50:02] [209/445] RCTS
[10:50:03] [210/445] ACNL
[10:50:04] [211/445] MYCT
[10:50:05] [212/445] NMHT
[10:50:05] 🔄 Identity reset
[10:50:05] 🔄 Identity rotated (every 10 requests)
[10:50:06] [213/445] MDIT
[10:50:06] [214/445] LATG
[10:50:07] [215/445] SMTY
[10:50:08] [216/445] CVCT
[10:50:09] [217/445] RAMB
[10:50:11] [218/445] TGMS
[10:50:12] [219/445] BHEL
[10:50:12] [220/445] SHCT
[10:50:14] [221/445] SVCT
[10:50:14] [222/445] MRIY
[10:50:15] 🔄 Identity reset
[10:50:15] 🔄 Identity rotated (every 10 requests)
[10:50:15] [223/445] SARO
[10:50:16] [224/445] STCT
[10:50:17] [225/445] JKKC
[10:50:18] [226/445] PLTT
[10:50:19] [227/445] SRNT
[10:50:20] [228/445] YAST
[10:50:21] [229/445] PERL
[10:50:22] [230/445] CICM
[10:50:22] [231/445] MMTR
[10:50:23] [232/445] ABTK
[10:50:24] 🔄 Identity reset
[10:50:24] 🔄 Identity rotated (every 10 requests)
[10:50:24] [233/445] ATYY
[10:50:25] [234/445] ASTK
[10:50:26] [235/445] VVCK
[10:50:27] [236/445] ATKY
[10:50:28] [237/445] GWEK
[10:50:29] [238/445] SVFH
[10:50:29] [239/445] SLTA
[10:50:31] [240/445] AASH
[10:50:32] [241/445] ACXB
[10:50:33] [242/445] SMTX
[10:50:33] 🔄 Identity reset
[10:50:33] 🔄 Identity rotated (every 10 requests)
[10:50:34] [243/445] AZDH
[10:50:35] [244/445] CMMH
[10:50:36] [245/445] SCSZ
[10:50:38] [246/445] SCKP
[10:50:39] [247/445] NXTM
[10:50:39] [248/445] NWCS
[10:50:40] [249/445] CXMH
[10:50:41] [250/445] PCMA
[10:50:42] [251/445] SGCM
[10:50:43] [252/445] SDTU
[10:50:43] 🔄 Identity reset
[10:50:43] 🔄 Identity rotated (every 10 requests)
[10:50:43] 🔄 Retry 1/5 for SDTU in 2.2s
[10:50:43] 🔄 Identity reset
[10:50:46] 🧠 New identity created
[10:50:46] 🔄 Retry 2/5 for SDTU in 4.2s
[10:50:46] 🔄 Identity reset
[10:50:50] 🧠 New identity created
[10:50:50] [253/445] MMVI
[10:50:51] [254/445] JKCM
[10:50:52] [255/445] VCMM
[10:50:53] [256/445] SYEE
[10:50:54] [257/445] VASD
[10:50:55] [258/445] BDRB
[10:50:56] [259/445] LASM
[10:50:57] [260/445] DCRL
[10:50:57] 🔄 Identity reset
[10:50:57] 🔄 Identity rotated (every 10 requests)
[10:50:58] [261/445] DVPM
[10:50:59] [262/445] SBMJ
[10:50:59] [263/445] CBMU
[10:51:00] [264/445] IUBS
[10:51:01] [265/445] INAP
[10:51:02] [266/445] SRRC
[10:51:03] [267/445] SAGR
[10:51:05] [268/445] CPMJ
[10:51:06] [269/445] ATJL
[10:51:07] [270/445] NNTD
[10:51:08] 🔄 Identity reset
[10:51:08] 🔄 Identity rotated (every 10 requests)
[10:51:08] 🔄 Retry 1/5 for NNTD in 2.2s
[10:51:08] 🔄 Identity reset
[10:51:10] 🧠 New identity created
[10:51:10] 🔄 Retry 2/5 for NNTD in 4.5s
[10:51:10] 🔄 Identity reset
[10:51:15] 🧠 New identity created
[10:51:15] [271/445] JHCJ
[10:51:16] [272/445] CMMP
[10:51:17] [273/445] RSDR
[10:51:18] [274/445] AMTI
[10:51:19] [275/445] NYSG
[10:51:20] [276/445] AVSG
[10:51:21] [277/445] SYTP
[10:51:22] [278/445] LARC
[10:51:22] 🔄 Identity reset
[10:51:22] 🔄 Identity rotated (every 10 requests)
[10:51:22] [279/445] RJTP
[10:51:23] [280/445] LAKC
[10:51:24] [281/445] MCXE
[10:51:25] [282/445] CCZC
[10:51:27] [283/445] AVCH
[10:51:27] [284/445] CMBE
[10:51:28] [285/445] MRRC
[10:51:29] [286/445] PCPY
[10:51:30] [287/445] SRMH
[10:51:31] [288/445] SVGS
[10:51:31] 🔄 Identity reset
[10:51:31] 🔄 Identity rotated (every 10 requests)
[10:51:33] [289/445] PCSE
[10:51:34] [290/445] SVFT
[10:51:35] [291/445] TNZP
[10:51:36] [292/445] ICTP
[10:51:37] [293/445] ACTZ
[10:51:38] [294/445] GTUR
[10:51:38] [295/445] MAFC
[10:51:39] [296/445] MINL
[10:51:40] [297/445] MRCL
[10:51:41] [298/445] RCRP
[10:51:42] 🔄 Identity reset
[10:51:42] 🔄 Identity rotated (every 10 requests)
[10:51:42] [299/445] RFFG
[10:51:43] [300/445] RMAS
[10:51:44] [301/445] INVR
[10:51:45] [302/445] RMAR
[10:51:46] [303/445] CNIS
[10:51:47] [304/445] RHRJ
[10:51:48] [305/445] INXR
[10:51:49] [306/445] VALT
[10:51:49] [307/445] LCSH
[10:51:50] [308/445] CMVS
[10:51:51] 🔄 Identity reset
[10:51:51] 🔄 Identity rotated (every 10 requests)
[10:51:51] [309/445] CNMS
[10:51:52] [310/445] ROOG
[10:51:53] [311/445] ISRM
[10:51:54] [312/445] RCRM
[10:51:55] [313/445] ACJA
[10:51:56] [314/445] RCVS
[10:51:57] [315/445] CPUS
[10:51:58] [316/445] TGCS
[10:51:58] [317/445] RKCJ
[10:51:59] [318/445] MKSB
[10:52:00] 🔄 Identity reset
[10:52:00] 🔄 Identity rotated (every 10 requests)
[10:52:00] [319/445] TCSJ
[10:52:01] [320/445] RMGP
[10:52:02] [321/445] CLLP
[10:52:03] [322/445] RCMV
[10:52:04] [323/445] CCKS
[10:52:05] [324/445] RSRP
[10:52:06] [325/445] APLP
[10:52:06] [326/445] CNVS
[10:52:08] [327/445] RMVY
[10:52:09] [328/445] PGBD
[10:52:10] 🔄 Identity reset
[10:52:10] 🔄 Identity rotated (every 10 requests)
[10:52:10] [329/445] KLMS
[10:52:11] [330/445] RUST
[10:52:12] [331/445] MASM
[10:52:13] [332/445] BACS
[10:52:14] [333/445] BWST
[10:52:15] [334/445] RRFH
[10:52:15] [335/445] SJTM
[10:52:16] [336/445] BEMR
[10:52:17] [337/445] MCGR
[10:52:18] [338/445] SDSK
[10:52:19] 🔄 Identity reset
[10:52:19] 🔄 Identity rotated (every 10 requests)
[10:52:19] 🔄 Retry 1/5 for SDSK in 2.7s
[10:52:19] 🔄 Identity reset
[10:52:21] 🧠 New identity created
[10:52:22] [339/445] VBOL
[10:52:23] [340/445] RMGM
[10:52:24] [341/445] NOPL
[10:52:25] [342/445] MKJK
[10:52:26] [343/445] CVRN
[10:52:27] [344/445] MMEN
[10:52:27] [345/445] AMNG
[10:52:28] [346/445] INTM
[10:52:29] [347/445] SLCZ
[10:52:30] 🔄 Identity reset
[10:52:30] 🔄 Identity rotated (every 10 requests)
[10:52:30] [348/445] AMJN
[10:52:31] [349/445] ACJN
[10:52:31] [350/445] AMKN
[10:52:32] [351/445] BTCN
[10:52:33] [352/445] AMBT
[10:52:34] [353/445] PACN
[10:52:35] [354/445] LCNS
[10:52:36] [355/445] PPKC
[10:52:37] [356/445] JYYN
[10:52:37] [357/445] JTNR
[10:52:38] 🔄 Identity reset
[10:52:38] 🔄 Identity rotated (every 10 requests)
[10:52:38] [358/445] GTEE
[10:52:39] [359/445] SRNM
[10:52:40] [360/445] SDTC
[10:52:41] [361/445] VPCA
[10:52:42] [362/445] VLRA
[10:52:43] [363/445] SHKR
[10:52:44] [364/445] SBKD
[10:52:45] [365/445] SAAD
[10:52:46] [366/445] JTGN
[10:52:47] [367/445] SLAM
[10:52:47] 🔄 Identity reset
[10:52:47] 🔄 Identity rotated (every 10 requests)
[10:52:48] [368/445] VTPM
[10:52:49] [369/445] ANPT
[10:52:50] [370/445] PUNB
[10:52:51] [371/445] CPKT
[10:52:52] [372/445] CNWE
[10:52:53] [373/445] ECPP
[10:52:54] [374/445] CPAR
[10:52:55] [375/445] ESBW
[10:52:56] [376/445] PKPU
[10:52:57] [377/445] CPRP
[10:52:57] 🔄 Identity reset
[10:52:57] 🔄 Identity rotated (every 10 requests)
[10:52:58] [378/445] RAHU
[10:52:59] [379/445] RHMN
[10:53:00] [380/445] FMJP
[10:53:02] [381/445] CTMP
[10:53:04] [382/445] INPN
[10:53:05] [383/445] STTG
[10:53:06] [384/445] CTRD
[10:53:07] [385/445] PUVB
[10:53:08] [386/445] ESVP
[10:53:09] [387/445] CPFT
[10:53:10] 🔄 Identity reset
[10:53:10] 🔄 Identity rotated (every 10 requests)
[10:53:10] [388/445] LCPC
[10:53:11] [389/445] VBCT
[10:53:12] [390/445] FSCW
[10:53:13] [391/445] VCMP
[10:53:14] [392/445] ASHC
[10:53:15] [393/445] VLCX
[10:53:16] [394/445] SHEV
[10:53:17] [395/445] APCO
[10:53:18] [396/445] SILC
[10:53:18] [397/445] SNMR
[10:53:19] 🔄 Identity reset
[10:53:19] 🔄 Identity rotated (every 10 requests)
[10:53:19] 🔄 Retry 1/5 for SNMR in 2.7s
[10:53:19] 🔄 Identity reset
[10:53:22] 🧠 New identity created
[10:53:22] [398/445] KYBO
[10:53:23] [399/445] SATK
[10:53:24] [400/445] SSCS
[10:53:25] [401/445] CLSB
[10:53:26] [402/445] KMJR
[10:53:27] [403/445] FSCK
[10:53:28] [404/445] NNKA
[10:53:29] [405/445] CLMK
[10:53:30] [406/445] DMPZ
[10:53:31] 🔄 Identity reset
[10:53:31] 🔄 Identity rotated (every 10 requests)
[10:53:31] [407/445] INQM
[10:53:33] [408/445] CAML
[10:53:34] [409/445] INRK
[10:53:35] [410/445] IMKN
[10:53:36] [411/445] SVNR
[10:53:37] [412/445] INSL
[10:53:38] [413/445] MSMA
[10:53:39] [414/445] MCKK
[10:53:39] [415/445] FCHP
[10:53:41] [416/445] SFCR
[10:53:42] 🔄 Identity reset
[10:53:42] 🔄 Identity rotated (every 10 requests)
[10:53:42] [417/445] NACK
[10:53:43] [418/445] PVAK
[10:53:44] [419/445] INER
[10:53:45] [420/445] RDBK
[10:53:46] [421/445] SVFN
[10:53:48] [422/445] IFRM
[10:53:49] [423/445] ATCK
[10:53:50] [424/445] ASKO
[10:53:51] [425/445] STKT
[10:53:52] [426/445] SVFB
[10:53:52] 🔄 Identity reset
[10:53:52] 🔄 Identity rotated (every 10 requests)
[10:53:52] [427/445] INKS
[10:53:54] [428/445] PCRA
[10:53:55] [429/445] ATJA
[10:53:56] [430/445] IMJN
[10:53:57] [431/445] INHD
[10:53:58] [432/445] BARA
[10:53:59] [433/445] MCSL
[10:54:00] [434/445] RTOY
[10:54:01] [435/445] MENO
[10:54:02] [436/445] PUDM
[10:54:02] 🔄 Identity reset
[10:54:02] 🔄 Identity rotated (every 10 requests)
[10:54:02] 🔄 Retry 1/5 for PUDM in 2.8s
[10:54:02] 🔄 Identity reset
[10:54:05] 🧠 New identity created
[10:54:06] [437/445] PRCN
[10:54:07] [438/445] JMJR
[10:54:07] [439/445] SSGK
[10:54:08] [440/445] SSRL
[10:54:10] [441/445] JYKL
[10:54:10] [442/445] ACNB
[10:54:11] [443/445] SONP
[10:54:12] [444/445] EMCI
[10:54:13] [445/445] MRJH
[10:54:13] 🔄 Identity reset
[10:54:13] 🔄 Identity rotated (every 10 requests)
[10:54:14] 🧹 Deduping shows
[10:54:14] ✅ DONE | Shows=2807 | Movies=70
[05:40:06] 🚀 SCRIPT STARTED (enhanced anti‑detection)
[05:40:06] [1/445] TGMR
[05:40:06] 🧠 New identity created
[05:40:07] 🔄 Retry 1/5 for TGMR in 2.4s
[05:40:07] 🔄 Identity reset
[05:40:09] 🧠 New identity created
[05:40:10] 🔄 Retry 2/5 for TGMR in 4.8s
[05:40:10] 🔄 Identity reset
[05:40:14] 🧠 New identity created
[05:40:15] 🔄 Retry 3/5 for TGMR in 8.5s
[05:40:15] 🔄 Identity reset
[05:40:23] 🧠 New identity created
[05:40:24] [2/445] CXKR
[05:40:25] [3/445] SROP
[05:40:26] [4/445] GTSV
[05:40:27] [5/445] SNTY
[05:40:28] [6/445] SMYY
[05:40:29] [7/445] CNCS
[05:40:30] 🔄 Identity reset
[05:40:30] 🔄 Identity rotated (every 10 requests)
[05:40:31] [8/445] CSTM
[05:40:32] [9/445] NUCD
[05:40:33] [10/445] SHCZ
[05:40:34] [11/445] NJCT
[05:40:35] [12/445] COPC
[05:40:36] [13/445] STVV
[05:40:37] [14/445] SKRN
[05:40:38] [15/445] APPZ
[05:40:39] [16/445] YMGN
[05:40:40] [17/445] SVTU
[05:40:41] 🔄 Identity reset
[05:40:41] 🔄 Identity rotated (every 10 requests)
[05:40:41] [18/445] GTAD
[05:40:42] [19/445] PSUS
[05:40:44] [20/445] SMCD
[05:40:45] [21/445] CMCM
[05:40:46] [22/445] SYCT
[05:40:47] [23/445] STLY
[05:40:48] [24/445] CMHU
[05:40:49] [25/445] CMSA
[05:40:50] [26/445] CLCU
[05:40:51] [27/445] PPNT
[05:40:52] 🔄 Identity reset
[05:40:52] 🔄 Identity rotated (every 10 requests)
[05:40:52] 🔄 Retry 1/5 for PPNT in 2.8s
[05:40:52] 🔄 Identity reset
[05:40:55] 🧠 New identity created
[05:40:56] [28/445] JTAB
[05:40:58] [29/445] BUUC
[05:40:59] [30/445] BSVK
[05:41:00] [31/445] VVVQ
[05:41:01] [32/445] TKMU
[05:41:02] [33/445] ESYL
[05:41:03] [34/445] ACHP
[05:41:04] [35/445] BTKD
[05:41:05] [36/445] DESA
[05:41:06] 🔄 Identity reset
[05:41:06] 🔄 Identity rotated (every 10 requests)
[05:41:06] [37/445] GBCT
[05:41:07] [38/445] BLLD
[05:41:08] [39/445] SKNT
[05:41:10] [40/445] SSTE
[05:41:11] [41/445] VJMR
[05:41:13] [42/445] NTPU
[05:41:14] [43/445] RDKN
[05:41:15] [44/445] ADGC
[05:41:16] [45/445] VRBP
[05:41:17] [46/445] NMNA
[05:41:18] 🔄 Identity reset
[05:41:18] 🔄 Identity rotated (every 10 requests)
[05:41:19] [47/445] CMMX
[05:41:20] [48/445] PTKO
[05:41:20] [49/445] RBML
[05:41:22] [50/445] SAIC
[05:41:22] [51/445] SVTJ
[05:41:24] [52/445] MRTE
[05:41:26] [53/445] RBTP
[05:41:27] [54/445] NLPS
[05:41:28] [55/445] GTNA
[05:41:29] [56/445] DGGC
[05:41:30] 🔄 Identity reset
[05:41:30] 🔄 Identity rotated (every 10 requests)
[05:41:30] 🔄 Retry 1/5 for DGGC in 2.2s
[05:41:30] 🔄 Identity reset
[05:41:32] 🧠 New identity created
[05:41:33] [57/445] SMCR
[05:41:34] [58/445] SCGD
[05:41:35] [59/445] SRRJ
[05:41:36] [60/445] CNRY
[05:41:37] [61/445] KTDI
[05:41:38] [62/445] SNJL
[05:41:39] [63/445] RKMD
[05:41:40] [64/445] SMDC
[05:41:41] [65/445] TADG
[05:41:42] 🔄 Identity reset
[05:41:42] 🔄 Identity rotated (every 10 requests)
[05:41:42] 🔄 Retry 1/5 for TADG in 2.9s
[05:41:42] 🔄 Identity reset
[05:41:45] 🧠 New identity created
[05:41:46] [66/445] MCGS
[05:41:47] [67/445] PETK
[05:41:48] [68/445] CHAG
[05:41:49] [69/445] KSTL
[05:41:50] [70/445] AADS
[05:41:51] [71/445] NTHZ
[05:41:53] [72/445] HCKI
[05:41:54] [73/445] SSEF
[05:41:55] [74/445] MCGX
[05:41:56] 🔄 Identity reset
[05:41:56] 🔄 Identity rotated (every 10 requests)
[05:41:57] [75/445] ERRA
[05:41:58] [76/445] SDTW
[05:41:59] [77/445] RMPK
[05:42:00] [78/445] PTHK
[05:42:01] [79/445] PXCS
[05:42:02] [80/445] SVLU
[05:42:03] [81/445] STAH
[05:42:04] [82/445] JRGF
[05:42:06] [83/445] CDOK
[05:42:07] [84/445] CMSG
[05:42:08] 🔄 Identity reset
[05:42:08] 🔄 Identity rotated (every 10 requests)
[05:42:08] 🔄 Retry 1/5 for CMSG in 2.2s
[05:42:08] 🔄 Identity reset
[05:42:11] 🧠 New identity created
[05:42:12] [85/445] APTD
[05:42:13] [86/445] KMPG
[05:42:14] [87/445] MUTJ
[05:42:15] [88/445] VCCI
[05:42:16] [89/445] URBE
[05:42:18] [90/445] TCTS
[05:42:19] [91/445] STSN
[05:42:19] [92/445] AKCH
[05:42:21] [93/445] APSC
[05:42:21] 🔄 Identity reset
[05:42:21] 🔄 Identity rotated (every 10 requests)
[05:42:22] [94/445] VLTB
[05:42:23] [95/445] SANU
[05:42:25] [96/445] AXAM
[05:42:26] [97/445] MGMG
[05:42:27] [98/445] HTBY
[05:42:28] [99/445] MMZS
[05:42:29] [100/445] SUDR
[05:42:30] [101/445] CCAD
[05:42:31] [102/445] SKKC
[05:42:32] [103/445] RMCD
[05:42:33] 🔄 Identity reset
[05:42:33] 🔄 Identity rotated (every 10 requests)
[05:42:33] 🔄 Retry 1/5 for RMCD in 2.3s
[05:42:33] 🔄 Identity reset
[05:42:36] 🧠 New identity created
[05:42:36] [104/445] SBCQ
[05:42:37] [105/445] DCCT
[05:42:38] [106/445] VTKP
[05:42:39] [107/445] MLAM
[05:42:40] [108/445] SAVT
[05:42:41] [109/445] GEPL
[05:42:42] [110/445] AMCD
[05:42:43] [111/445] CCXR
[05:42:44] [112/445] GRNG
[05:42:45] 🔄 Identity reset
[05:42:45] 🔄 Identity rotated (every 10 requests)
[05:42:46] [113/445] EBCA
[05:42:47] [114/445] CNVG
[05:42:48] [115/445] MWSS
[05:42:49] [116/445] VBOR
[05:42:50] [117/445] NEEB
[05:42:51] [118/445] SUTH
[05:42:52] [119/445] ANDB
[05:42:53] [120/445] MMXS
[05:42:54] [121/445] CNPD
[05:42:56] [122/445] SDCE
[05:42:57] 🔄 Identity reset
[05:42:57] 🔄 Identity rotated (every 10 requests)
[05:42:58] [123/445] DHCB
[05:42:59] [124/445] ODEN
[05:43:00] [125/445] TNTC
[05:43:01] [126/445] VBKM
[05:43:03] [127/445] RZYM
[05:43:04] [128/445] JEMC
[05:43:05] [129/445] CMAU
[05:43:06] [130/445] SIVP
[05:43:07] [131/445] ATAG
[05:43:08] [132/445] CHTM
[05:43:08] 🔄 Identity reset
[05:43:08] 🔄 Identity rotated (every 10 requests)
[05:43:09] 🔄 Retry 1/5 for CHTM in 2.8s
[05:43:09] 🔄 Identity reset
[05:43:12] 🧠 New identity created
[05:43:13] [133/445] AAEE
[05:43:14] [134/445] IWPM
[05:43:15] [135/445] KCMW
[05:43:17] [136/445] MCTD
[05:43:18] [137/445] SPWR
[05:43:19] [138/445] SDPO
[05:43:20] [139/445] PCSK
[05:43:22] [140/445] ACHV
[05:43:23] [141/445] SVLA
[05:43:24] 🔄 Identity reset
[05:43:24] 🔄 Identity rotated (every 10 requests)
[05:43:24] 🔄 Retry 1/5 for SVLA in 2.7s
[05:43:24] 🔄 Identity reset
[05:43:27] 🧠 New identity created
[05:43:27] 🔄 Retry 2/5 for SVLA in 5.0s
[05:43:27] 🔄 Identity reset
[05:43:32] 🧠 New identity created
[05:43:33] [142/445] PICT
[05:43:35] [143/445] BXDR
[05:43:36] [144/445] SPWA
[05:43:37] [145/445] MCKO
[05:43:38] [146/445] RTHK
[05:43:39] [147/445] CCMF
[05:43:40] [148/445] MRGB
[05:43:41] [149/445] CPLC
[05:43:42] 🔄 Identity reset
[05:43:42] 🔄 Identity rotated (every 10 requests)
[05:43:42] 🔄 Retry 1/5 for CPLC in 2.1s
[05:43:42] 🔄 Identity reset
[05:43:44] 🧠 New identity created
[05:43:45] 🔄 Retry 2/5 for CPLC in 4.7s
[05:43:45] 🔄 Identity reset
[05:43:49] 🧠 New identity created
[05:43:50] [150/445] RACD
[05:43:51] [151/445] ATKT
[05:43:52] [152/445] SARN
[05:43:53] [153/445] KKUI
[05:43:54] [154/445] RGCM
[05:43:56] [155/445] BRVP
[05:43:57] [156/445] HRSR
[05:43:58] [157/445] GKGM
[05:43:58] 🔄 Identity reset
[05:43:58] 🔄 Identity rotated (every 10 requests)
[05:43:59] [158/445] TTCD
[05:44:00] [159/445] PTTI
[05:44:01] [160/445] MPTT
[05:44:02] [161/445] CVTT
[05:44:04] [162/445] PCXD
[05:44:05] [163/445] GCDC
[05:44:06] [164/445] CCCF
[05:44:07] [165/445] MRAD
[05:44:08] [166/445] CPLK
[05:44:09] [167/445] SATB
[05:44:09] 🔄 Identity reset
[05:44:09] 🔄 Identity rotated (every 10 requests)
[05:44:10] 🔄 Retry 1/5 for SATB in 2.1s
[05:44:10] 🔄 Identity reset
[05:44:12] 🧠 New identity created
[05:44:12] 🔄 Retry 2/5 for SATB in 4.1s
[05:44:12] 🔄 Identity reset
[05:44:16] 🧠 New identity created
[05:44:17] [168/445] SNVG
[05:44:18] [169/445] JMBA
[05:44:19] [170/445] TEJA
[05:44:20] [171/445] STYO
[05:44:21] [172/445] JTBP
[05:44:22] [173/445] KRGD
[05:44:23] [174/445] SLJJ
[05:44:24] [175/445] SPTJ
[05:44:24] 🔄 Identity reset
[05:44:24] 🔄 Identity rotated (every 10 requests)
[05:44:25] 🔄 Retry 1/5 for SPTJ in 2.6s
[05:44:25] 🔄 Identity reset
[05:44:27] 🧠 New identity created
[05:44:28] [176/445] SWJG
[05:44:29] [177/445] LKRT
[05:44:30] [178/445] KCKA
[05:44:31] [179/445] SNCR
[05:44:32] [180/445] SMKL
[05:44:33] [181/445] GCFA
[05:44:34] [182/445] DDCK
[05:44:35] [183/445] NCHJ
[05:44:36] [184/445] RDMA
[05:44:37] 🔄 Identity reset
[05:44:37] 🔄 Identity rotated (every 10 requests)
[05:44:38] [185/445] SVSV
[05:44:39] [186/445] SCJG
[05:44:40] [187/445] VKLP
[05:44:41] [188/445] NWCC
[05:44:43] [189/445] VKNS
[05:44:44] [190/445] SDDP
[05:44:45] [191/445] ACSI
[05:44:46] [192/445] SATG
[05:44:48] [193/445] SCMW
[05:44:49] [194/445] LKTK
[05:44:49] 🔄 Identity reset
[05:44:49] 🔄 Identity rotated (every 10 requests)
[05:44:50] 🔄 Retry 1/5 for LKTK in 2.4s
[05:44:50] 🔄 Identity reset
[05:44:52] 🧠 New identity created
[05:44:53] [195/445] VCKV
[05:44:54] [196/445] KKPE
[05:44:56] [197/445] KIGH
[05:44:57] [198/445] SRPM
[05:44:58] [199/445] SCAH
[05:44:59] [200/445] MUTA
[05:45:00] [201/445] SEPU
[05:45:01] [202/445] INOA
[05:45:02] [203/445] BASK
[05:45:02] 🔄 Identity reset
[05:45:02] 🔄 Identity rotated (every 10 requests)
[05:45:03] 🔄 Retry 1/5 for BASK in 2.9s
[05:45:03] 🔄 Identity reset
[05:45:06] 🧠 New identity created
[05:45:06] 🔄 Retry 2/5 for BASK in 4.6s
[05:45:06] 🔄 Identity reset
[05:45:11] 🧠 New identity created
[05:45:11] [204/445] NECB
[05:45:12] [205/445] GTTG
[05:45:14] [206/445] ASSA
[05:45:15] [207/445] ANCL
[05:45:16] [208/445] GCTI
[05:45:17] [209/445] RCTS
[05:45:18] [210/445] ACNL
[05:45:20] [211/445] MYCT
[05:45:21] 🔄 Identity reset
[05:45:21] 🔄 Identity rotated (every 10 requests)
[05:45:21] [212/445] NMHT
[05:45:22] [213/445] MDIT
[05:45:23] [214/445] LATG
[05:45:24] [215/445] SMTY
[05:45:26] [216/445] CVCT
[05:45:27] [217/445] RAMB
[05:45:28] [218/445] TGMS
[05:45:29] [219/445] BHEL
[05:45:30] [220/445] SHCT
[05:45:31] [221/445] SVCT
[05:45:31] 🔄 Identity reset
[05:45:31] 🔄 Identity rotated (every 10 requests)
[05:45:32] [222/445] MRIY
[05:45:33] [223/445] SARO
[05:45:34] [224/445] STCT
[05:45:35] [225/445] JKKC
[05:45:36] [226/445] PLTT
[05:45:37] [227/445] SRNT
[05:45:39] [228/445] YAST
[05:45:40] [229/445] PERL
[05:45:41] [230/445] CICM
[05:45:42] [231/445] MMTR
[05:45:42] 🔄 Identity reset
[05:45:42] 🔄 Identity rotated (every 10 requests)
[05:45:43] [232/445] ABTK
[05:45:44] [233/445] ATYY
[05:45:45] [234/445] ASTK
[05:45:46] [235/445] VVCK
[05:45:47] [236/445] ATKY
[05:45:48] [237/445] GWEK
[05:45:49] [238/445] SVFH
[05:45:50] [239/445] SLTA
[05:45:51] [240/445] AASH
[05:45:52] [241/445] ACXB
[05:45:52] 🔄 Identity reset
[05:45:52] 🔄 Identity rotated (every 10 requests)
[05:45:53] 🔄 Retry 1/5 for ACXB in 2.6s
[05:45:53] 🔄 Identity reset
[05:45:55] 🧠 New identity created
[05:45:56] [242/445] SMTX
[05:45:57] [243/445] AZDH
[05:45:58] [244/445] CMMH
[05:45:59] [245/445] SCSZ
[05:46:01] [246/445] SCKP
[05:46:02] [247/445] NXTM
[05:46:03] [248/445] NWCS
[05:46:05] [249/445] CXMH
[05:46:06] [250/445] PCMA
[05:46:06] 🔄 Identity reset
[05:46:06] 🔄 Identity rotated (every 10 requests)
[05:46:07] [251/445] SGCM
[05:46:08] [252/445] SDTU
[05:46:09] [253/445] MMVI
[05:46:10] [254/445] JKCM
[05:46:11] [255/445] VCMM
[05:46:13] [256/445] SYEE
[05:46:14] [257/445] VASD
[05:46:15] [258/445] BDRB
[05:46:17] [259/445] LASM
[05:46:18] [260/445] DCRL
[05:46:19] 🔄 Identity reset
[05:46:19] 🔄 Identity rotated (every 10 requests)
[05:46:20] [261/445] DVPM
[05:46:21] [262/445] SBMJ
[05:46:23] [263/445] CBMU
[05:46:23] [264/445] IUBS
[05:46:25] [265/445] INAP
[05:46:26] [266/445] SRRC
[05:46:27] [267/445] SAGR
[05:46:28] [268/445] CPMJ
[05:46:29] [269/445] ATJL
[05:46:30] [270/445] NNTD
[05:46:30] 🔄 Identity reset
[05:46:30] 🔄 Identity rotated (every 10 requests)
[05:46:31] [271/445] JHCJ
[05:46:32] [272/445] CMMP
[05:46:33] [273/445] RSDR
[05:46:34] [274/445] AMTI
[05:46:35] [275/445] NYSG
[05:46:37] [276/445] AVSG
[05:46:38] [277/445] SYTP
[05:46:39] [278/445] LARC
[05:46:40] [279/445] RJTP
[05:46:41] [280/445] LAKC
[05:46:42] 🔄 Identity reset
[05:46:42] 🔄 Identity rotated (every 10 requests)
[05:46:43] [281/445] MCXE
[05:46:44] [282/445] CCZC
[05:46:45] [283/445] AVCH
[05:46:46] [284/445] CMBE
[05:46:47] [285/445] MRRC
[05:46:48] [286/445] PCPY
[05:46:49] [287/445] SRMH
[05:46:51] [288/445] SVGS
[05:46:52] [289/445] PCSE
[05:46:53] [290/445] SVFT
[05:46:54] 🔄 Identity reset
[05:46:54] 🔄 Identity rotated (every 10 requests)
[05:46:54] [291/445] TNZP
[05:46:55] [292/445] ICTP
[05:46:57] [293/445] ACTZ
[05:46:58] [294/445] GTUR
[05:46:59] [295/445] MAFC
[05:47:00] [296/445] MINL
[05:47:02] [297/445] MRCL
[05:47:03] [298/445] RCRP
[05:47:04] [299/445] RFFG
[05:47:05] [300/445] RMAS
[05:47:06] 🔄 Identity reset
[05:47:06] 🔄 Identity rotated (every 10 requests)
[05:47:06] 🔄 Retry 1/5 for RMAS in 2.8s
[05:47:06] 🔄 Identity reset
[05:47:09] 🧠 New identity created
[05:47:10] [301/445] INVR
[05:47:11] [302/445] RMAR
[05:47:12] [303/445] CNIS
[05:47:13] [304/445] RHRJ
[05:47:15] [305/445] INXR
[05:47:16] [306/445] VALT
[05:47:17] [307/445] LCSH
[05:47:18] [308/445] CMVS
[05:47:19] [309/445] CNMS
[05:47:19] 🔄 Identity reset
[05:47:19] 🔄 Identity rotated (every 10 requests)
[05:47:20] 🔄 Retry 1/5 for CNMS in 2.9s
[05:47:20] 🔄 Identity reset
[05:47:23] 🧠 New identity created
[05:47:23] 🔄 Retry 2/5 for CNMS in 4.1s
[05:47:23] 🔄 Identity reset
[05:47:27] 🧠 New identity created
[05:47:28] [310/445] ROOG
[05:47:30] [311/445] ISRM
[05:47:32] [312/445] RCRM
[05:47:33] [313/445] ACJA
[05:47:34] [314/445] RCVS
[05:47:36] [315/445] CPUS
[05:47:37] [316/445] TGCS
[05:47:38] [317/445] RKCJ
[05:47:39] 🔄 Identity reset
[05:47:39] 🔄 Identity rotated (every 10 requests)
[05:47:39] [318/445] MKSB
[05:47:41] [319/445] TCSJ
[05:47:42] [320/445] RMGP
[05:47:43] [321/445] CLLP
[05:47:44] [322/445] RCMV
[05:47:45] [323/445] CCKS
[05:47:46] [324/445] RSRP
[05:47:48] [325/445] APLP
[05:47:49] [326/445] CNVS
[05:47:50] [327/445] RMVY
[05:47:51] 🔄 Identity reset
[05:47:51] 🔄 Identity rotated (every 10 requests)
[05:47:52] [328/445] PGBD
[05:47:53] [329/445] KLMS
[05:47:54] [330/445] RUST
[05:47:55] [331/445] MASM
[05:47:56] [332/445] BACS
[05:47:57] [333/445] BWST
[05:47:58] [334/445] RRFH
[05:47:59] [335/445] SJTM
[05:48:00] [336/445] BEMR
[05:48:02] [337/445] MCGR
[05:48:02] 🔄 Identity reset
[05:48:02] 🔄 Identity rotated (every 10 requests)
[05:48:03] 🔄 Retry 1/5 for MCGR in 2.7s
[05:48:03] 🔄 Identity reset
[05:48:05] 🧠 New identity created
[05:48:06] [338/445] SDSK
[05:48:07] [339/445] VBOL
[05:48:08] [340/445] RMGM
[05:48:09] [341/445] NOPL
[05:48:10] [342/445] MKJK
[05:48:11] [343/445] CVRN
[05:48:12] [344/445] MMEN
[05:48:14] [345/445] AMNG
[05:48:15] [346/445] INTM
[05:48:16] 🔄 Identity reset
[05:48:16] 🔄 Identity rotated (every 10 requests)
[05:48:16] 🔄 Retry 1/5 for INTM in 2.3s
[05:48:16] 🔄 Identity reset
[05:48:18] 🧠 New identity created
[05:48:19] [347/445] SLCZ
[05:48:20] [348/445] AMJN
[05:48:21] [349/445] ACJN
[05:48:22] [350/445] AMKN
[05:48:23] [351/445] BTCN
[05:48:24] [352/445] AMBT
[05:48:25] [353/445] PACN
[05:48:27] [354/445] LCNS
[05:48:28] [355/445] PPKC
[05:48:29] 🔄 Identity reset
[05:48:29] 🔄 Identity rotated (every 10 requests)
[05:48:30] [356/445] JYYN
[05:48:31] [357/445] JTNR
[05:48:32] [358/445] GTEE
[05:48:33] [359/445] SRNM
[05:48:34] [360/445] SDTC
[05:48:35] [361/445] VPCA
[05:48:36] [362/445] VLRA
[05:48:37] [363/445] SHKR
[05:48:38] [364/445] SBKD
[05:48:39] [365/445] SAAD
[05:48:40] 🔄 Identity reset
[05:48:40] 🔄 Identity rotated (every 10 requests)
[05:48:40] 🔄 Retry 1/5 for SAAD in 2.9s
[05:48:40] 🔄 Identity reset
[05:48:43] 🧠 New identity created
[05:48:44] [366/445] JTGN
[05:48:46] [367/445] SLAM
[05:48:47] [368/445] VTPM
[05:48:48] [369/445] ANPT
[05:48:49] [370/445] PUNB
[05:48:50] [371/445] CPKT
[05:48:51] [372/445] CNWE
[05:48:52] [373/445] ECPP
[05:48:53] [374/445] CPAR
[05:48:53] 🔄 Identity reset
[05:48:53] 🔄 Identity rotated (every 10 requests)
[05:48:54] [375/445] ESBW
[05:48:55] [376/445] PKPU
[05:48:57] [377/445] CPRP
[05:48:58] [378/445] RAHU
[05:48:59] [379/445] RHMN
[05:49:00] [380/445] FMJP
[05:49:01] [381/445] CTMP
[05:49:02] [382/445] INPN
[05:49:04] [383/445] STTG
[05:49:05] [384/445] CTRD
[05:49:06] 🔄 Identity reset
[05:49:06] 🔄 Identity rotated (every 10 requests)
[05:49:06] [385/445] PUVB
[05:49:07] [386/445] ESVP
[05:49:08] [387/445] CPFT
[05:49:09] [388/445] LCPC
[05:49:10] [389/445] VBCT
[05:49:11] [390/445] FSCW
[05:49:13] [391/445] VCMP
[05:49:13] [392/445] ASHC
[05:49:14] [393/445] VLCX
[05:49:16] [394/445] SHEV
[05:49:16] 🔄 Identity reset
[05:49:16] 🔄 Identity rotated (every 10 requests)
[05:49:17] 🔄 Retry 1/5 for SHEV in 2.2s
[05:49:17] 🔄 Identity reset
[05:49:19] 🧠 New identity created
[05:49:19] 🔄 Retry 2/5 for SHEV in 4.7s
[05:49:19] 🔄 Identity reset
[05:49:24] 🧠 New identity created
[05:49:25] [395/445] APCO
[05:49:26] [396/445] SILC
[05:49:27] [397/445] SNMR
[05:49:28] [398/445] KYBO
[05:49:29] [399/445] SATK
[05:49:30] [400/445] SSCS
[05:49:32] [401/445] CLSB
[05:49:33] [402/445] KMJR
[05:49:33] 🔄 Identity reset
[05:49:33] 🔄 Identity rotated (every 10 requests)
[05:49:34] 🔄 Retry 1/5 for KMJR in 2.8s
[05:49:34] 🔄 Identity reset
[05:49:36] 🧠 New identity created
[05:49:38] [403/445] FSCK
[05:49:40] [404/445] NNKA
[05:49:41] [405/445] CLMK
[05:49:42] [406/445] DMPZ
[05:49:43] [407/445] INQM
[05:49:44] [408/445] CAML
[05:49:45] [409/445] INRK
[05:49:47] [410/445] IMKN
[05:49:48] [411/445] SVNR
[05:49:49] 🔄 Identity reset
[05:49:49] 🔄 Identity rotated (every 10 requests)
[05:49:49] 🔄 Retry 1/5 for SVNR in 2.4s
[05:49:49] 🔄 Identity reset
[05:49:52] 🧠 New identity created
[05:49:52] [412/445] INSL
[05:49:53] [413/445] MSMA
[05:49:55] [414/445] MCKK
[05:49:57] [415/445] FCHP
[05:49:58] [416/445] SFCR
[05:49:59] [417/445] NACK
[05:50:00] [418/445] PVAK
[05:50:01] [419/445] INER
[05:50:02] [420/445] RDBK
[05:50:02] 🔄 Identity reset
[05:50:02] 🔄 Identity rotated (every 10 requests)
[05:50:03] [421/445] SVFN
[05:50:05] [422/445] IFRM
[05:50:06] [423/445] ATCK
[05:50:07] [424/445] ASKO
[05:50:08] [425/445] STKT
[05:50:09] [426/445] SVFB
[05:50:10] [427/445] INKS
[05:50:11] [428/445] PCRA
[05:50:12] [429/445] ATJA
[05:50:13] [430/445] IMJN
[05:50:14] 🔄 Identity reset
[05:50:14] 🔄 Identity rotated (every 10 requests)
[05:50:15] [431/445] INHD
[05:50:16] [432/445] BARA
[05:50:17] [433/445] MCSL
[05:50:18] [434/445] RTOY
[05:50:20] [435/445] MENO
[05:50:21] [436/445] PUDM
[05:50:22] [437/445] PRCN
[05:50:24] [438/445] JMJR
[05:50:25] [439/445] SSGK
[05:50:26] [440/445] SSRL
[05:50:26] 🔄 Identity reset
[05:50:26] 🔄 Identity rotated (every 10 requests)
[05:50:27] [441/445] JYKL
[05:50:29] [442/445] ACNB
[05:50:30] [443/445] SONP
[05:50:31] [444/445] EMCI
[05:50:32] [445/445] MRJH
[05:50:33] 🧹 Deduping shows
[05:50:33] ✅ DONE | Shows=3349 | Movies=84
[14:44:49] 🚀 SCRIPT STARTED (enhanced anti‑detection)
[14:44:49] [1/445] TGMR
[14:44:50] 🧠 New identity created
[14:44:50] [2/445] CXKR
[14:44:51] [3/445] SROP
[14:44:53] [4/445] GTSV
[14:44:55] [5/445] SNTY
[14:44:56] [6/445] SMYY
[14:44:57] [7/445] CNCS
[14:44:57] [8/445] CSTM
[14:44:58] [9/445] NUCD
[14:44:59] [10/445] SHCZ
[14:44:59] 🔄 Identity reset
[14:45:00] 🔄 Identity rotated (every 10 requests)
[14:45:01] [11/445] NJCT
[14:45:02] [12/445] COPC
[14:45:02] [13/445] STVV
[14:45:03] [14/445] SKRN
[14:45:04] [15/445] APPZ
[14:45:05] [16/445] YMGN
[14:45:06] [17/445] SVTU
[14:45:07] [18/445] GTAD
[14:45:08] [19/445] PSUS
[14:45:09] [20/445] SMCD
[14:45:09] 🔄 Identity reset
[14:45:09] 🔄 Identity rotated (every 10 requests)
[14:45:10] [21/445] CMCM
[14:45:10] [22/445] SYCT
[14:45:11] [23/445] STLY
[14:45:12] [24/445] CMHU
[14:45:13] [25/445] CMSA
[14:45:15] [26/445] CLCU
[14:45:16] [27/445] PPNT
[14:45:16] [28/445] JTAB
[14:45:17] [29/445] BUUC
[14:45:19] [30/445] BSVK
[14:45:20] 🔄 Identity reset
[14:45:20] 🔄 Identity rotated (every 10 requests)
[14:45:20] [31/445] VVVQ
[14:45:21] [32/445] TKMU
[14:45:22] [33/445] ESYL
[14:45:23] [34/445] ACHP
[14:45:24] [35/445] BTKD
[14:45:25] [36/445] DESA
[14:45:26] [37/445] GBCT
[14:45:27] [38/445] BLLD
[14:45:28] [39/445] SKNT
[14:45:30] [40/445] SSTE
[14:45:31] 🔄 Identity reset
[14:45:31] 🔄 Identity rotated (every 10 requests)
[14:45:31] [41/445] VJMR
[14:45:33] [42/445] NTPU
[14:45:34] [43/445] RDKN
[14:45:35] [44/445] ADGC
[14:45:36] [45/445] VRBP
[14:45:36] [46/445] NMNA
[14:45:37] [47/445] CMMX
[14:45:38] [48/445] PTKO
[14:45:40] [49/445] RBML
[14:45:42] [50/445] SAIC
[14:45:42] 🔄 Identity reset
[14:45:42] 🔄 Identity rotated (every 10 requests)
[14:45:42] 🔄 Retry 1/5 for SAIC in 2.6s
[14:45:42] 🔄 Identity reset
[14:45:45] 🧠 New identity created
[14:45:45] [51/445] SVTJ
[14:45:46] [52/445] MRTE
[14:45:47] [53/445] RBTP
[14:45:48] [54/445] NLPS
[14:45:49] [55/445] GTNA
[14:45:50] [56/445] DGGC
[14:45:51] [57/445] SMCR
[14:45:52] [58/445] SCGD
[14:45:53] [59/445] SRRJ
[14:45:53] 🔄 Identity reset
[14:45:53] 🔄 Identity rotated (every 10 requests)
[14:45:54] [60/445] CNRY
[14:45:55] [61/445] KTDI
[14:45:57] [62/445] SNJL
[14:45:58] [63/445] RKMD
[14:45:59] [64/445] SMDC
[14:46:00] [65/445] TADG
[14:46:01] [66/445] MCGS
[14:46:02] [67/445] PETK
[14:46:03] [68/445] CHAG
[14:46:04] [69/445] KSTL
[14:46:04] 🔄 Identity reset
[14:46:04] 🔄 Identity rotated (every 10 requests)
[14:46:05] [70/445] AADS
[14:46:06] [71/445] NTHZ
[14:46:07] [72/445] HCKI
[14:46:08] [73/445] SSEF
[14:46:08] [74/445] MCGX
[14:46:09] [75/445] ERRA
[14:46:10] [76/445] SDTW
[14:46:11] [77/445] RMPK
[14:46:12] [78/445] PTHK
[14:46:13] [79/445] PXCS
[14:46:13] 🔄 Identity reset
[14:46:13] 🔄 Identity rotated (every 10 requests)
[14:46:14] [80/445] SVLU
[14:46:15] [81/445] STAH
[14:46:16] [82/445] JRGF
[14:46:17] [83/445] CDOK
[14:46:18] [84/445] CMSG
[14:46:19] [85/445] APTD
[14:46:21] [86/445] KMPG
[14:46:22] [87/445] MUTJ
[14:46:22] [88/445] VCCI
[14:46:23] [89/445] URBE
[14:46:24] 🔄 Identity reset
[14:46:24] 🔄 Identity rotated (every 10 requests)
[14:46:24] [90/445] TCTS
[14:46:25] [91/445] STSN
[14:46:26] [92/445] AKCH
[14:46:27] [93/445] APSC
[14:46:29] [94/445] VLTB
[14:46:30] [95/445] SANU
[14:46:31] [96/445] AXAM
[14:46:33] [97/445] MGMG
[14:46:34] [98/445] HTBY
[14:46:34] [99/445] MMZS
[14:46:35] 🔄 Identity reset
[14:46:35] 🔄 Identity rotated (every 10 requests)
[14:46:35] [100/445] SUDR
[14:46:36] [101/445] CCAD
[14:46:37] [102/445] SKKC
[14:46:38] [103/445] RMCD
[14:46:39] [104/445] SBCQ
[14:46:40] [105/445] DCCT
[14:46:41] [106/445] VTKP
[14:46:41] [107/445] MLAM
[14:46:42] [108/445] SAVT
[14:46:44] [109/445] GEPL
[14:46:45] 🔄 Identity reset
[14:46:45] 🔄 Identity rotated (every 10 requests)
[14:46:46] [110/445] AMCD
[14:46:47] [111/445] CCXR
[14:46:49] [112/445] GRNG
[14:46:50] [113/445] EBCA
[14:46:50] [114/445] CNVG
[14:46:51] [115/445] MWSS
[14:46:52] [116/445] VBOR
[14:46:53] [117/445] NEEB
[14:46:54] [118/445] SUTH
[14:46:55] [119/445] ANDB
[14:46:55] 🔄 Identity reset
[14:46:55] 🔄 Identity rotated (every 10 requests)
[14:46:56] [120/445] MMXS
[14:46:56] [121/445] CNPD
[14:46:57] [122/445] SDCE
[14:46:59] [123/445] DHCB
[14:47:00] [124/445] ODEN
[14:47:01] [125/445] TNTC
[14:47:02] [126/445] VBKM
[14:47:03] [127/445] RZYM
[14:47:03] [128/445] JEMC
[14:47:04] [129/445] CMAU
[14:47:05] 🔄 Identity reset
[14:47:05] 🔄 Identity rotated (every 10 requests)
[14:47:05] [130/445] SIVP
[14:47:07] [131/445] ATAG
[14:47:08] [132/445] CHTM
[14:47:09] [133/445] AAEE
[14:47:10] [134/445] IWPM
[14:47:12] [135/445] KCMW
[14:47:12] [136/445] MCTD
[14:47:13] [137/445] SPWR
[14:47:14] [138/445] SDPO
[14:47:15] [139/445] PCSK
[14:47:16] 🔄 Identity reset
[14:47:16] 🔄 Identity rotated (every 10 requests)
[14:47:16] [140/445] ACHV
[14:47:17] [141/445] SVLA
[14:47:18] [142/445] PICT
[14:47:19] [143/445] BXDR
[14:47:20] [144/445] SPWA
[14:47:20] [145/445] MCKO
[14:47:22] [146/445] RTHK
[14:47:22] [147/445] CCMF
[14:47:23] [148/445] MRGB
[14:47:24] [149/445] CPLC
[14:47:25] 🔄 Identity reset
[14:47:25] 🔄 Identity rotated (every 10 requests)
[14:47:25] [150/445] RACD
[14:47:26] [151/445] ATKT
[14:47:27] [152/445] SARN
[14:47:28] [153/445] KKUI
[14:47:29] [154/445] RGCM
[14:47:30] [155/445] BRVP
[14:47:31] [156/445] HRSR
[14:47:32] [157/445] GKGM
[14:47:33] [158/445] TTCD
[14:47:34] [159/445] PTTI
[14:47:34] 🔄 Identity reset
[14:47:34] 🔄 Identity rotated (every 10 requests)
[14:47:35] [160/445] MPTT
[14:47:36] [161/445] CVTT
[14:47:37] [162/445] PCXD
[14:47:37] [163/445] GCDC
[14:47:38] [164/445] CCCF
[14:47:39] [165/445] MRAD
[14:47:40] [166/445] CPLK
[14:47:41] [167/445] SATB
[14:47:42] [168/445] SNVG
[14:47:42] [169/445] JMBA
[14:47:43] 🔄 Identity reset
[14:47:43] 🔄 Identity rotated (every 10 requests)
[14:47:44] [170/445] TEJA
[14:47:44] [171/445] STYO
[14:47:45] [172/445] JTBP
[14:47:46] [173/445] KRGD
[14:47:48] [174/445] SLJJ
[14:47:49] [175/445] SPTJ
[14:47:50] [176/445] SWJG
[14:47:51] [177/445] LKRT
[14:47:52] [178/445] KCKA
[14:47:54] [179/445] SNCR
[14:47:54] 🔄 Identity reset
[14:47:54] 🔄 Identity rotated (every 10 requests)
[14:47:54] [180/445] SMKL
[14:47:55] [181/445] GCFA
[14:47:56] [182/445] DDCK
[14:47:57] [183/445] NCHJ
[14:47:58] [184/445] RDMA
[14:47:59] [185/445] SVSV
[14:48:00] [186/445] SCJG
[14:48:01] [187/445] VKLP
[14:48:03] [188/445] NWCC
[14:48:04] [189/445] VKNS
[14:48:04] 🔄 Identity reset
[14:48:04] 🔄 Identity rotated (every 10 requests)
[14:48:05] [190/445] SDDP
[14:48:06] [191/445] ACSI
[14:48:07] [192/445] SATG
[14:48:08] [193/445] SCMW
[14:48:09] [194/445] LKTK
[14:48:10] [195/445] VCKV
[14:48:11] [196/445] KKPE
[14:48:12] [197/445] KIGH
[14:48:13] [198/445] SRPM
[14:48:14] [199/445] SCAH
[14:48:14] 🔄 Identity reset
[14:48:15] 🔄 Identity rotated (every 10 requests)
[14:48:15] [200/445] MUTA
[14:48:16] [201/445] SEPU
[14:48:17] [202/445] INOA
[14:48:17] [203/445] BASK
[14:48:18] [204/445] NECB
[14:48:19] [205/445] GTTG
[14:48:20] [206/445] ASSA
[14:48:21] [207/445] ANCL
[14:48:21] [208/445] GCTI
[14:48:22] [209/445] RCTS
[14:48:23] 🔄 Identity reset
[14:48:23] 🔄 Identity rotated (every 10 requests)
[14:48:23] [210/445] ACNL
[14:48:24] [211/445] MYCT
[14:48:25] [212/445] NMHT
[14:48:26] [213/445] MDIT
[14:48:27] [214/445] LATG
[14:48:28] [215/445] SMTY
[14:48:29] [216/445] CVCT
[14:48:30] [217/445] RAMB
[14:48:31] [218/445] TGMS
[14:48:32] [219/445] BHEL
[14:48:32] 🔄 Identity reset
[14:48:32] 🔄 Identity rotated (every 10 requests)
[14:48:33] [220/445] SHCT
[14:48:33] [221/445] SVCT
[14:48:34] [222/445] MRIY
[14:48:35] [223/445] SARO
[14:48:36] [224/445] STCT
[14:48:37] [225/445] JKKC
[14:48:38] [226/445] PLTT
[14:48:39] [227/445] SRNT
[14:48:40] [228/445] YAST
[14:48:41] [229/445] PERL
[14:48:41] 🔄 Identity reset
[14:48:41] 🔄 Identity rotated (every 10 requests)
[14:48:42] [230/445] CICM
[14:48:43] [231/445] MMTR
[14:48:45] [232/445] ABTK
[14:48:46] [233/445] ATYY
[14:48:48] [234/445] ASTK
[14:48:49] [235/445] VVCK
[14:48:51] [236/445] ATKY
[14:48:52] [237/445] GWEK
[14:48:53] [238/445] SVFH
[14:48:54] [239/445] SLTA
[14:48:54] 🔄 Identity reset
[14:48:54] 🔄 Identity rotated (every 10 requests)
[14:48:55] [240/445] AASH
[14:48:55] [241/445] ACXB
[14:48:56] [242/445] SMTX
[14:48:57] [243/445] AZDH
[14:48:58] [244/445] CMMH
[14:48:59] [245/445] SCSZ
[14:49:00] [246/445] SCKP
[14:49:01] [247/445] NXTM
[14:49:02] [248/445] NWCS
[14:49:03] [249/445] CXMH
[14:49:03] 🔄 Identity reset
[14:49:03] 🔄 Identity rotated (every 10 requests)
[14:49:04] [250/445] PCMA
[14:49:05] [251/445] SGCM
[14:49:05] [252/445] SDTU
[14:49:06] [253/445] MMVI
[14:49:07] [254/445] JKCM
[14:49:08] [255/445] VCMM
[14:49:09] [256/445] SYEE
[14:49:10] [257/445] VASD
[14:49:11] [258/445] BDRB
[14:49:12] [259/445] LASM
[14:49:12] 🔄 Identity reset
[14:49:12] 🔄 Identity rotated (every 10 requests)
[14:49:12] [260/445] DCRL
[14:49:13] [261/445] DVPM
[14:49:14] [262/445] SBMJ
[14:49:15] [263/445] CBMU
[14:49:16] [264/445] IUBS
[14:49:17] [265/445] INAP
[14:49:18] [266/445] SRRC
[14:49:19] [267/445] SAGR
[14:49:20] [268/445] CPMJ
[14:49:20] [269/445] ATJL
[14:49:21] 🔄 Identity reset
[14:49:21] 🔄 Identity rotated (every 10 requests)
[14:49:21] [270/445] NNTD
[14:49:22] [271/445] JHCJ
[14:49:23] [272/445] CMMP
[14:49:24] [273/445] RSDR
[14:49:25] [274/445] AMTI
[14:49:26] [275/445] NYSG
[14:49:26] [276/445] AVSG
[14:49:28] [277/445] SYTP
[14:49:29] [278/445] LARC
[14:49:30] [279/445] RJTP
[14:49:31] 🔄 Identity reset
[14:49:31] 🔄 Identity rotated (every 10 requests)
[14:49:31] 🔄 Retry 1/5 for RJTP in 2.4s
[14:49:31] 🔄 Identity reset
[14:49:33] 🧠 New identity created
[14:49:34] [280/445] LAKC
[14:49:34] [281/445] MCXE
[14:49:35] [282/445] CCZC
[14:49:36] [283/445] AVCH
[14:49:37] [284/445] CMBE
[14:49:38] [285/445] MRRC
[14:49:39] [286/445] PCPY
[14:49:40] [287/445] SRMH
[14:49:41] [288/445] SVGS
[14:49:41] 🔄 Identity reset
[14:49:41] 🔄 Identity rotated (every 10 requests)
[14:49:41] [289/445] PCSE
[14:49:42] [290/445] SVFT
[14:49:44] [291/445] TNZP
[14:49:45] [292/445] ICTP
[14:49:47] [293/445] ACTZ
[14:49:48] [294/445] GTUR
[14:49:49] [295/445] MAFC
[14:49:50] [296/445] MINL
[14:49:51] [297/445] MRCL
[14:49:52] [298/445] RCRP
[14:49:52] 🔄 Identity reset
[14:49:52] 🔄 Identity rotated (every 10 requests)
[14:49:53] [299/445] RFFG
[14:49:54] [300/445] RMAS
[14:49:55] [301/445] INVR
[14:49:56] [302/445] RMAR
[14:49:56] [303/445] CNIS
[14:49:57] [304/445] RHRJ
[14:49:58] [305/445] INXR
[14:49:59] [306/445] VALT
[14:50:00] [307/445] LCSH
[14:50:01] [308/445] CMVS
[14:50:02] 🔄 Identity reset
[14:50:02] 🔄 Identity rotated (every 10 requests)
[14:50:02] [309/445] CNMS
[14:50:03] [310/445] ROOG
[14:50:04] [311/445] ISRM
[14:50:05] [312/445] RCRM
[14:50:06] [313/445] ACJA
[14:50:06] [314/445] RCVS
[14:50:07] [315/445] CPUS
[14:50:08] [316/445] TGCS
[14:50:09] [317/445] RKCJ
[14:50:10] [318/445] MKSB
[14:50:10] 🔄 Identity reset
[14:50:10] 🔄 Identity rotated (every 10 requests)
[14:50:11] [319/445] TCSJ
[14:50:12] [320/445] RMGP
[14:50:13] [321/445] CLLP
[14:50:14] [322/445] RCMV
[14:50:14] [323/445] CCKS
[14:50:15] [324/445] RSRP
[14:50:16] [325/445] APLP
[14:50:17] [326/445] CNVS
[14:50:18] [327/445] RMVY
[14:50:19] [328/445] PGBD
[14:50:19] 🔄 Identity reset
[14:50:19] 🔄 Identity rotated (every 10 requests)
[14:50:20] [329/445] KLMS
[14:50:21] [330/445] RUST
[14:50:22] [331/445] MASM
[14:50:23] [332/445] BACS
[14:50:24] [333/445] BWST
[14:50:25] [334/445] RRFH
[14:50:26] [335/445] SJTM
[14:50:27] [336/445] BEMR
[14:50:28] [337/445] MCGR
[14:50:28] [338/445] SDSK
[14:50:29] 🔄 Identity reset
[14:50:29] 🔄 Identity rotated (every 10 requests)
[14:50:30] [339/445] VBOL
[14:50:31] [340/445] RMGM
[14:50:32] [341/445] NOPL
[14:50:32] [342/445] MKJK
[14:50:34] [343/445] CVRN
[14:50:34] [344/445] MMEN
[14:50:35] [345/445] AMNG
[14:50:36] [346/445] INTM
[14:50:37] [347/445] SLCZ
[14:50:38] [348/445] AMJN
[14:50:38] 🔄 Identity reset
[14:50:38] 🔄 Identity rotated (every 10 requests)
[14:50:39] [349/445] ACJN
[14:50:40] [350/445] AMKN
[14:50:41] [351/445] BTCN
[14:50:42] [352/445] AMBT
[14:50:42] [353/445] PACN
[14:50:44] [354/445] LCNS
[14:50:45] [355/445] PPKC
[14:50:46] [356/445] JYYN
[14:50:48] [357/445] JTNR
[14:50:48] [358/445] GTEE
[14:50:49] 🔄 Identity reset
[14:50:49] 🔄 Identity rotated (every 10 requests)
[14:50:49] [359/445] SRNM
[14:50:50] [360/445] SDTC
[14:50:51] [361/445] VPCA
[14:50:52] [362/445] VLRA
[14:50:53] [363/445] SHKR
[14:50:54] [364/445] SBKD
[14:50:56] [365/445] SAAD
[14:50:57] [366/445] JTGN
[14:50:57] [367/445] SLAM
[14:50:58] [368/445] VTPM
[14:50:59] 🔄 Identity reset
[14:50:59] 🔄 Identity rotated (every 10 requests)
[14:50:59] [369/445] ANPT
[14:51:01] [370/445] PUNB
[14:51:01] [371/445] CPKT
[14:51:02] [372/445] CNWE
[14:51:03] [373/445] ECPP
[14:51:04] [374/445] CPAR
[14:51:05] [375/445] ESBW
[14:51:06] [376/445] PKPU
[14:51:07] [377/445] CPRP
[14:51:08] [378/445] RAHU
[14:51:09] 🔄 Identity reset
[14:51:09] 🔄 Identity rotated (every 10 requests)
[14:51:09] [379/445] RHMN
[14:51:10] [380/445] FMJP
[14:51:11] [381/445] CTMP
[14:51:12] [382/445] INPN
[14:51:13] [383/445] STTG
[14:51:14] [384/445] CTRD
[14:51:15] [385/445] PUVB
[14:51:16] [386/445] ESVP
[14:51:17] [387/445] CPFT
[14:51:17] [388/445] LCPC
[14:51:18] 🔄 Identity reset
[14:51:18] 🔄 Identity rotated (every 10 requests)
[14:51:18] [389/445] VBCT
[14:51:19] [390/445] FSCW
[14:51:20] [391/445] VCMP
[14:51:21] [392/445] ASHC
[14:51:22] [393/445] VLCX
[14:51:23] [394/445] SHEV
[14:51:24] [395/445] APCO
[14:51:25] [396/445] SILC
[14:51:25] [397/445] SNMR
[14:51:26] [398/445] KYBO
[14:51:27] 🔄 Identity reset
[14:51:27] 🔄 Identity rotated (every 10 requests)
[14:51:27] [399/445] SATK
[14:51:28] [400/445] SSCS
[14:51:30] [401/445] CLSB
[14:51:30] [402/445] KMJR
[14:51:32] [403/445] FSCK
[14:51:33] [404/445] NNKA
[14:51:34] [405/445] CLMK
[14:51:35] [406/445] DMPZ
[14:51:36] [407/445] INQM
[14:51:37] [408/445] CAML
[14:51:37] 🔄 Identity reset
[14:51:37] 🔄 Identity rotated (every 10 requests)
[14:51:38] [409/445] INRK
[14:51:39] [410/445] IMKN
[14:51:40] [411/445] SVNR
[14:51:41] [412/445] INSL
[14:51:42] [413/445] MSMA
[14:51:43] [414/445] MCKK
[14:51:44] [415/445] FCHP
[14:51:46] [416/445] SFCR
[14:51:46] [417/445] NACK
[14:51:47] [418/445] PVAK
[14:51:48] 🔄 Identity reset
[14:51:48] 🔄 Identity rotated (every 10 requests)
[14:51:48] [419/445] INER
[14:51:50] [420/445] RDBK
[14:51:51] [421/445] SVFN
[14:51:52] [422/445] IFRM
[14:51:53] [423/445] ATCK
[14:51:54] [424/445] ASKO
[14:51:54] [425/445] STKT
[14:51:56] [426/445] SVFB
[14:51:57] [427/445] INKS
[14:51:59] [428/445] PCRA
[14:51:59] 🔄 Identity reset
[14:51:59] 🔄 Identity rotated (every 10 requests)
[14:52:00] [429/445] ATJA
[14:52:01] [430/445] IMJN
[14:52:02] [431/445] INHD
[14:52:04] [432/445] BARA
[14:52:05] [433/445] MCSL
[14:52:06] [434/445] RTOY
[14:52:07] [435/445] MENO
[14:52:09] [436/445] PUDM
[14:52:09] [437/445] PRCN
[14:52:10] [438/445] JMJR
[14:52:11] 🔄 Identity reset
[14:52:11] 🔄 Identity rotated (every 10 requests)
[14:52:11] [439/445] SSGK
[14:52:12] [440/445] SSRL
[14:52:13] [441/445] JYKL
[14:52:15] [442/445] ACNB
[14:52:16] [443/445] SONP
[14:52:16] [444/445] EMCI
[14:52:17] [445/445] MRJH
[14:52:18] 🧹 Deduping shows
[14:52:18] ✅ DONE | Shows=3454 | Movies=88
