[03:36:30] 🚀 SCRIPT STARTED
[03:36:30] [1/459] NECA
[03:36:30] 🧠 New identity created
[03:36:30] [2/459] BJLC
[03:36:31] [3/459] BASU
[03:36:32] [4/459] RUPI
[03:36:33] [5/459] LCBK
[03:36:34] [6/459] PMAC
[03:36:34] [7/459] AMLC
[03:36:35] [8/459] LICL
[03:36:36] [9/459] UDMM
[03:36:36] [10/459] STBZ
[03:36:37] [11/459] UUBT
[03:36:37] [12/459] SJKC
[03:36:38] [13/459] TUAL
[03:36:39] [14/459] MRSE
[03:36:40] [15/459] RMRK
[03:36:40] [16/459] TTKP
[03:36:41] [17/459] KTKO
[03:36:41] [18/459] SDBK
[03:36:42] [19/459] MCPR
[03:36:43] [20/459] CHTI
[03:36:44] [21/459] GCCP
[03:36:44] [22/459] SRMY
[03:36:45] [23/459] NYST
[03:36:46] [24/459] NYAG
[03:36:46] [25/459] SBMT
[03:36:47] [26/459] INGA
[03:36:48] [27/459] WSIC
[03:36:48] [28/459] SCSS
[03:36:49] [29/459] COPG
[03:36:49] [30/459] RCGR
[03:36:50] [31/459] TCZA
[03:36:51] [32/459] CNLP
[03:36:51] [33/459] CLKN
[03:36:52] [34/459] LHDF
[03:36:52] [35/459] ELKC
[03:36:53] [36/459] VCEM
[03:36:54] [37/459] SSZA
[03:36:54] [38/459] KRMT
[03:36:55] [39/459] LCMV
[03:36:55] [40/459] AYCZ
[03:36:56] [41/459] CUMS
[03:36:57] [42/459] BOCK
[03:36:57] [43/459] PNMR
[03:36:58] [44/459] PJCP
[03:36:59] [45/459] JDDD
[03:36:59] [46/459] STMS
[03:37:01] [47/459] FLMB
[03:37:02] [48/459] PKCM
[03:37:02] [49/459] SPPR
[03:37:03] [50/459] EYLH
[03:37:04] [51/459] RJCC
[03:37:04] [52/459] MMPS
[03:37:05] [53/459] SHMX
[03:37:06] [54/459] CCNL
[03:37:06] [55/459] RCNV
[03:37:07] [56/459] MAAG
[03:37:08] [57/459] LXCM
[03:37:09] [58/459] RCNI
[03:37:09] [59/459] SNNI
[03:37:10] [60/459] LALC
[03:37:11] [61/459] SOCN
[03:37:11] [62/459] JHTP
[03:37:12] [63/459] PITP
[03:37:13] [64/459] CCKW
[03:37:13] [65/459] MCMC
[03:37:14] [66/459] DEES
[03:37:15] [67/459] SABT
[03:37:15] [68/459] VSPP
[03:37:16] [69/459] ABCT
[03:37:16] [70/459] JVTB
[03:37:17] [71/459] VCBD
[03:37:17] [72/459] RMGG
[03:37:18] [73/459] RNMH
[03:37:19] [74/459] SPGL
[03:37:20] [75/459] JTTR
[03:37:20] [76/459] SICS
[03:37:21] [77/459] SRMI
[03:37:22] [78/459] SSIJ
[03:37:23] [79/459] KFMT
[03:37:23] [80/459] VBIT
[03:37:24] [81/459] JKCT
[03:37:25] [82/459] GCGP
[03:37:26] [83/459] GDCS
[03:37:26] [84/459] TRBA
[03:37:28] [85/459] QUST
[03:37:28] [86/459] VSHM
[03:37:29] [87/459] SDCP
[03:37:30] [88/459] SNVS
[03:37:30] [89/459] NYTO
[03:37:31] [90/459] URWC
[03:37:32] [91/459] GTWH
[03:37:32] [92/459] PFCM
[03:37:33] [93/459] KRTA
[03:37:34] [94/459] AXMC
[03:37:34] [95/459] EVMC
[03:37:35] [96/459] HGSM
[03:37:36] [97/459] ACVM
[03:37:37] [98/459] PSKL
[03:37:37] [99/459] RDMP
[03:37:38] [100/459] RHGH
[03:37:38] [101/459] OMCM
[03:37:39] [102/459] DCCP
[03:37:40] [103/459] MCPB
[03:37:40] [104/459] ALCI
[03:37:41] [105/459] BLMX
[03:37:42] [106/459] BTMV
[03:37:43] [107/459] FVPN
[03:37:44] [108/459] CMAR
[03:37:45] [109/459] CEIM
[03:37:47] [110/459] CMVA
[03:37:47] [111/459] CPIV
[03:37:48] [112/459] CNPE
[03:37:49] [113/459] COLV
[03:37:50] [114/459] DNNV
[03:37:51] [115/459] HCAD
[03:37:51] [116/459] TAKA
[03:37:52] [117/459] INVD
[03:37:52] [118/459] IRMM
[03:37:54] [119/459] INSE
[03:37:55] [120/459] MRSW
[03:37:55] [121/459] MCVD
[03:37:56] [122/459] MCSO
[03:37:56] [123/459] PEVM
[03:37:57] [124/459] PVNL
[03:37:58] [125/459] PTCV
[03:37:58] [126/459] PRTC
[03:37:59] [127/459] RCVA
[03:38:00] [128/459] MTBN
[03:38:01] [129/459] LUCP
[03:38:02] [130/459] FMPT
[03:38:02] [131/459] JLSL
[03:38:03] [132/459] SBHA
[03:38:04] [133/459] SHRC
[03:38:04] [134/459] AVPS
[03:38:05] [135/459] STPM
[03:38:05] [136/459] ATRD
[03:38:06] [137/459] VTED
[03:38:07] [138/459] ACAI
[03:38:07] [139/459] SMAE
[03:38:08] [140/459] VMAT
[03:38:10] [141/459] LKCT
[03:38:12] [142/459] JTVK
[03:38:12] [143/459] PRTY
[03:38:13] [144/459] GETT
[03:38:14] [145/459] ESAP
[03:38:14] [146/459] NCPM
[03:38:15] [147/459] PCPA
[03:38:16] [148/459] MMOM
[03:38:16] [149/459] PHUP
[03:38:17] [150/459] CCPI
[03:38:18] [151/459] CNTD
[03:38:19] [152/459] NLJR
[03:38:20] [153/459] SRNG
[03:38:21] [154/459] MHAL
[03:38:22] [155/459] PNSM
[03:38:23] [156/459] DRMY
[03:38:24] [157/459] CCMU
[03:38:25] [158/459] SCMY
[03:38:26] [159/459] PVSY
[03:38:26] [160/459] SDLM
[03:38:27] [161/459] ICCM
[03:38:28] [162/459] PYSU
[03:38:28] [163/459] GATM
[03:38:30] [164/459] WOTM
[03:38:31] [165/459] RKTS
[03:38:32] [166/459] PMTY
[03:38:32] [167/459] LYMS
[03:38:33] [168/459] TGCA
[03:38:33] [169/459] DSTA
[03:38:34] [170/459] CNGE
[03:38:35] [171/459] VSTG
[03:38:35] [172/459] GTCK
[03:38:36] [173/459] TGNT
[03:38:37] [174/459] ASLC
[03:38:38] [175/459] SSST
[03:38:38] [176/459] KBTT
[03:38:40] [177/459] HKCP
[03:38:40] [178/459] SWLC
[03:38:41] [179/459] RTND
[03:38:42] [180/459] PKKT
[03:38:43] [181/459] HSTK
[03:38:43] [182/459] SPTT
[03:38:44] [183/459] IMPM
[03:38:45] [184/459] SCMV
[03:38:45] [185/459] SPCT
[03:38:46] [186/459] JBCA
[03:38:47] [187/459] ATTR
[03:38:48] [188/459] SPMT
[03:38:49] [189/459] LCTM
[03:38:50] [190/459] SCVL
[03:38:50] [191/459] SCVT
[03:38:51] [192/459] KRIC
[03:38:52] [193/459] CTMG
[03:38:52] [194/459] ACNC
[03:38:53] [195/459] DMCK
[03:38:54] [196/459] KMTV
[03:38:55] [197/459] PFCJ
[03:38:56] [198/459] VNMD
[03:38:56] [199/459] VPCZ
[03:38:57] [200/459] SRYR
[03:38:58] [201/459] SYTR
[03:38:58] [202/459] GATR
[03:38:59] [203/459] URTR
[03:39:00] [204/459] MKSM
[03:39:01] [205/459] VSMH
[03:39:01] [206/459] SKRJ
[03:39:02] [207/459] SSJR
[03:39:03] [208/459] SVSM
[03:39:04] [209/459] RUCM
[03:39:04] [210/459] PRKN
[03:39:05] [211/459] RROH
[03:39:06] [212/459] SCTN
[03:39:06] [213/459] RTDM
[03:39:07] [214/459] ASRM
[03:39:08] [215/459] SKMD
[03:39:09] [216/459] SUTD
[03:39:10] [217/459] SADM
[03:39:10] [218/459] WCNR
[03:39:11] [219/459] CNED
[03:39:12] [220/459] MPDB
[03:39:13] [221/459] KTBH
[03:39:14] [222/459] IDRM
[03:39:15] [223/459] PJJT
[03:39:16] [224/459] PFCV
[03:39:17] [225/459] AACT
[03:39:18] [226/459] AAAD
[03:39:18] [227/459] ANES
[03:39:19] [228/459] MNCA
[03:39:20] [229/459] RMGU
[03:39:21] [230/459] DLCN
[03:39:22] [231/459] LJWT
[03:39:22] [232/459] MCBG
[03:39:24] [233/459] MYBG
[03:39:25] [234/459] GCCA
[03:39:26] [235/459] GCGA
[03:39:26] [236/459] ECGN
[03:39:27] [237/459] PRAB
[03:39:28] [238/459] PNMP
[03:39:28] [239/459] GCPT
[03:39:29] [240/459] ROYN
[03:39:30] [241/459] VATM
[03:39:30] [242/459] KSNT
[03:39:31] [243/459] ACTC
[03:39:32] [244/459] PLTD
[03:39:33] [245/459] SKMK
[03:39:33] [246/459] CMTT
[03:39:34] [247/459] SMXP
[03:39:35] [248/459] SCMX
[03:39:35] [249/459] ACXN
[03:39:36] [250/459] ASWT
[03:39:36] [251/459] VVVL
[03:39:37] [252/459] NAGO
[03:39:38] [253/459] SNCN
[03:39:39] [254/459] MCKP
[03:39:39] [255/459] SAMO
[03:39:40] [256/459] JBTV
[03:39:41] [257/459] DCVV
[03:39:42] [258/459] KMSV
[03:39:43] [259/459] KDCN
[03:39:44] [260/459] CNCP
[03:39:45] [261/459] HAMC
[03:39:45] [262/459] CCVZ
[03:39:46] [263/459] NCCK
[03:39:47] [264/459] MCHR
[03:39:48] [265/459] SCHT
[03:39:48] [266/459] ESSH
[03:39:50] [267/459] CUJC
[03:39:51] [268/459] PECP
[03:39:52] [269/459] PMMI
[03:39:54] [270/459] PCCH
[03:39:55] [271/459] PRPM
[03:39:55] [272/459] PVKL
[03:39:57] [273/459] CBSM
[03:39:57] [274/459] PVCZ
[03:39:58] [275/459] PCVV
[03:39:59] [276/459] CTMJ
[03:39:59] [277/459] RCPS
[03:40:00] [278/459] PCIT
[03:40:01] [279/459] FNCH
[03:40:02] [280/459] INZD
[03:40:02] [281/459] INPC
[03:40:03] [282/459] LCZP
[03:40:04] [283/459] SMCB
[03:40:04] [284/459] PTSB
[03:40:05] [285/459] TPSI
[03:40:06] [286/459] KHMJ
[03:40:07] [287/459] RCCJ
[03:40:07] [288/459] NCJA
[03:40:08] [289/459] NCJN
[03:40:09] [290/459] BTDP
[03:40:09] [291/459] PADY
[03:40:10] [292/459] NYBH
[03:40:11] [293/459] MTBR
[03:40:12] [294/459] KRBC
[03:40:13] [295/459] DKTI
[03:40:14] [296/459] ANAN
[03:40:14] [297/459] INBP
[03:40:15] [298/459] PATB
[03:40:16] [299/459] RGNT
[03:40:17] [300/459] CGPM
[03:40:18] [301/459] INTN
[03:40:19] [302/459] MCMP
[03:40:20] [303/459] ASRG
[03:40:20] [304/459] CXJD
[03:40:21] [305/459] SPCP
[03:40:22] [306/459] CSTP
[03:40:23] [307/459] PKVC
[03:40:24] [308/459] ESCP
[03:40:25] [309/459] CAEP
[03:40:26] [310/459] CCSP
[03:40:26] [311/459] KTPC
[03:40:27] [312/459] DACA
[03:40:28] [313/459] NVKY
[03:40:29] [314/459] PTIN
[03:40:30] [315/459] SCIN
[03:40:31] [316/459] MCTY
[03:40:31] [317/459] PCMX
[03:40:33] [318/459] INIC
[03:40:34] [319/459] MMZM
[03:40:35] [320/459] SSLP
[03:40:35] [321/459] DTDT
[03:40:37] [322/459] FFCX
[03:40:38] [323/459] RCMM
[03:40:39] [324/459] KYID
[03:40:40] [325/459] CSCI
[03:40:41] [326/459] FCMC
[03:40:42] [327/459] MMXI
[03:40:42] [328/459] ASTC
[03:40:43] [329/459] CMRA
[03:40:44] [330/459] DICI
[03:40:45] [331/459] KDIN
[03:40:45] [332/459] PRFI
[03:40:46] [333/459] SVFC
[03:40:47] [334/459] UCPL
[03:40:47] [335/459] COOC
[03:40:48] [336/459] SCAL
[03:40:49] [337/459] SVFF
[03:40:50] [338/459] VCMG
[03:40:51] [339/459] UUCT
[03:40:51] [340/459] GCSE
[03:40:52] [341/459] SUSC
[03:40:53] [342/459] MISC
[03:40:54] [343/459] RMBL
[03:40:54] [344/459] CMXN
[03:40:55] [345/459] PVBK
[03:40:56] [346/459] HHCG
[03:40:57] [347/459] SCAG
[03:40:58] [348/459] CNPR
[03:40:59] [349/459] CSER
[03:40:59] [350/459] HLWD
[03:41:00] [351/459] BOLY
[03:41:01] [352/459] SSPG
[03:41:02] [353/459] MUPX
[03:41:03] [354/459] HAMR
[03:41:04] [355/459] SDNC
[03:41:05] [356/459] RTEN
[03:41:06] [357/459] SDTD
[03:41:06] [358/459] KAWS
[03:41:07] [359/459] CMZX
[03:41:08] [360/459] DCDD
[03:41:09] [361/459] ALSN
[03:41:10] [362/459] IMXS
[03:41:10] [363/459] PVFF
[03:41:11] [364/459] PVOO
[03:41:12] [365/459] CFBS
[03:41:12] [366/459] PVER
[03:41:13] [367/459] PPNX
[03:41:13] [368/459] CNRM
[03:41:14] [369/459] PVWW
[03:41:15] [370/459] INMB
[03:41:16] [371/459] CPJR
[03:41:17] [372/459] INRZ
[03:41:17] [373/459] PMSR
[03:41:18] [374/459] GPGM
[03:41:19] [375/459] PGWB
[03:41:19] [376/459] PMBR
[03:41:20] [377/459] GPAM
[03:41:22] [378/459] INBC
[03:41:23] [379/459] PZVK
[03:41:24] [380/459] CPEB
[03:41:25] [381/459] FMLB
[03:41:26] [382/459] INBG
[03:41:27] [383/459] GPBR
[03:41:28] [384/459] PAAS
[03:41:29] [385/459] VTBR
[03:41:30] [386/459] GPMY
[03:41:31] [387/459] GYBU
[03:41:32] [388/459] INBJ
[03:41:32] [389/459] LKTH
[03:41:33] [390/459] NSBR
[03:41:34] [391/459] PDRD
[03:41:35] [392/459] VRBL
[03:41:35] [393/459] VTGB
[03:41:36] [394/459] VTSK
[03:41:37] [395/459] BKDV
[03:41:37] [396/459] SVTB
[03:41:38] [397/459] MLDT
[03:41:39] [398/459] NRBL
[03:41:39] [399/459] SLTR
[03:41:40] [400/459] VNKA
[03:41:41] [401/459] TDCA
[03:41:42] [402/459] INBM
[03:41:43] [403/459] SSNR
[03:41:44] [404/459] BHAC
[03:41:45] [405/459] SDSD
[03:41:46] [406/459] SAMP
[03:41:47] [407/459] RATK
[03:41:48] [408/459] KCBI
[03:41:49] [409/459] URBL
[03:41:49] [410/459] MKBG
[03:41:50] [411/459] ASTB
[03:41:51] [412/459] VBWT
[03:41:51] [413/459] GPSM
[03:41:52] [414/459] ROON
[03:41:53] [415/459] CHTH
[03:41:54] [416/459] SSPA
[03:41:54] [417/459] ANBL
[03:41:55] [418/459] VTBE
[03:41:56] [419/459] SVKT
[03:41:56] [420/459] SVYK
[03:41:57] [421/459] PTBK
[03:41:58] [422/459] RKTB
[03:41:59] [423/459] BALT
[03:42:00] [424/459] STSV
[03:42:01] [425/459] VCCB
[03:42:02] [426/459] SLTB
[03:42:03] [427/459] SBCR
[03:42:04] [428/459] VDCS
[03:42:04] [429/459] MDKI
[03:42:05] [430/459] SMRN
[03:42:06] [431/459] PTBC
[03:42:07] [432/459] RADI
[03:42:07] [433/459] ADCR
[03:42:08] [434/459] SDCS
[03:42:09] [435/459] SRPJ
[03:42:09] [436/459] ARTS
[03:42:10] [437/459] SRHK
[03:42:11] [438/459] SPAY
[03:42:12] [439/459] GPTB
[03:42:12] [440/459] SNNN
[03:42:13] [441/459] BALJ
[03:42:14] [442/459] TRIG
[03:42:16] [443/459] GTYT
[03:42:16] [444/459] ATGN
[03:42:17] [445/459] ANTE
[03:42:18] [446/459] BDCG
[03:42:19] [447/459] VECI
[03:42:20] [448/459] SCPR
[03:42:21] [449/459] RTEA
[03:42:22] [450/459] JSAI
[03:42:23] [451/459] VJTP
[03:42:24] [452/459] GNDS
[03:42:25] [453/459] PAXA
[03:42:25] [454/459] CGGM
[03:42:26] [455/459] ACKZ
[03:42:27] [456/459] EMCC
[03:42:28] [457/459] KLSK
[03:42:29] [458/459] AVCK
[03:42:30] [459/459] JTCK
[03:42:31] 🧹 Deduping shows
[03:42:31] ✅ DONE | Shows=3483 | Movies=75
[10:46:07] 🚀 SCRIPT STARTED
[10:46:07] [1/459] NECA
[10:46:07] 🧠 New identity created
[10:46:08] [2/459] BJLC
[10:46:08] [3/459] BASU
[10:46:10] [4/459] RUPI
[10:46:11] [5/459] LCBK
[10:46:11] [6/459] PMAC
[10:46:13] [7/459] AMLC
[10:46:13] [8/459] LICL
[10:46:14] [9/459] UDMM
[10:46:15] [10/459] STBZ
[10:46:16] [11/459] UUBT
[10:46:17] [12/459] SJKC
[10:46:18] [13/459] TUAL
[10:46:19] [14/459] MRSE
[10:46:20] [15/459] RMRK
[10:46:21] [16/459] TTKP
[10:46:21] [17/459] KTKO
[10:46:22] [18/459] SDBK
[10:46:23] [19/459] MCPR
[10:46:24] [20/459] CHTI
[10:46:25] [21/459] GCCP
[10:46:25] [22/459] SRMY
[10:46:26] [23/459] NYST
[10:46:27] [24/459] NYAG
[10:46:28] [25/459] SBMT
[10:46:29] [26/459] INGA
[10:46:30] [27/459] WSIC
[10:46:31] [28/459] SCSS
[10:46:31] [29/459] COPG
[10:46:32] [30/459] RCGR
[10:46:33] [31/459] TCZA
[10:46:34] [32/459] CNLP
[10:46:35] [33/459] CLKN
[10:46:35] [34/459] LHDF
[10:46:36] [35/459] ELKC
[10:46:37] [36/459] VCEM
[10:46:38] [37/459] SSZA
[10:46:39] [38/459] KRMT
[10:46:40] [39/459] LCMV
[10:46:41] [40/459] AYCZ
[10:46:41] [41/459] CUMS
[10:46:42] [42/459] BOCK
[10:46:43] [43/459] PNMR
[10:46:44] [44/459] PJCP
[10:46:45] [45/459] JDDD
[10:46:46] [46/459] STMS
[10:46:47] [47/459] FLMB
[10:46:48] [48/459] PKCM
[10:46:48] [49/459] SPPR
[10:46:49] [50/459] EYLH
[10:46:51] [51/459] RJCC
[10:46:52] [52/459] MMPS
[10:46:53] [53/459] SHMX
[10:46:54] [54/459] CCNL
[10:46:55] [55/459] RCNV
[10:46:56] [56/459] MAAG
[10:46:57] [57/459] LXCM
[10:46:58] [58/459] RCNI
[10:46:59] [59/459] SNNI
[10:47:00] [60/459] LALC
[10:47:01] [61/459] SOCN
[10:47:02] [62/459] JHTP
[10:47:03] [63/459] PITP
[10:47:04] [64/459] CCKW
[10:47:05] [65/459] MCMC
[10:47:05] [66/459] DEES
[10:47:06] [67/459] SABT
[10:47:07] [68/459] VSPP
[10:47:08] [69/459] ABCT
[10:47:09] [70/459] JVTB
[10:47:10] [71/459] VCBD
[10:47:12] [72/459] RMGG
[10:47:12] [73/459] RNMH
[10:47:13] [74/459] SPGL
[10:47:14] [75/459] JTTR
[10:47:15] [76/459] SICS
[10:47:16] [77/459] SRMI
[10:47:16] [78/459] SSIJ
[10:47:17] [79/459] KFMT
[10:47:18] [80/459] VBIT
[10:47:18] [81/459] JKCT
[10:47:19] [82/459] GCGP
[10:47:20] [83/459] GDCS
[10:47:21] [84/459] TRBA
[10:47:21] [85/459] QUST
[10:47:22] [86/459] VSHM
[10:47:23] [87/459] SDCP
[10:47:24] [88/459] SNVS
[10:47:24] [89/459] NYTO
[10:47:26] [90/459] URWC
[10:47:26] [91/459] GTWH
[10:47:28] [92/459] PFCM
[10:47:29] [93/459] KRTA
[10:47:29] [94/459] AXMC
[10:47:30] [95/459] EVMC
[10:47:31] [96/459] HGSM
[10:47:32] [97/459] ACVM
[10:47:32] [98/459] PSKL
[10:47:33] [99/459] RDMP
[10:47:34] [100/459] RHGH
[10:47:35] [101/459] OMCM
[10:47:36] [102/459] DCCP
[10:47:36] [103/459] MCPB
[10:47:37] [104/459] ALCI
[10:47:38] [105/459] BLMX
[10:47:39] [106/459] BTMV
[10:47:40] [107/459] FVPN
[10:47:41] [108/459] CMAR
[10:47:41] [109/459] CEIM
[10:47:42] [110/459] CMVA
[10:47:43] [111/459] CPIV
[10:47:44] [112/459] CNPE
[10:47:44] [113/459] COLV
[10:47:45] [114/459] DNNV
[10:47:46] [115/459] HCAD
[10:47:47] [116/459] TAKA
[10:47:49] [117/459] INVD
[10:47:50] [118/459] IRMM
[10:47:52] [119/459] INSE
[10:47:53] [120/459] MRSW
[10:47:54] [121/459] MCVD
[10:47:54] [122/459] MCSO
[10:47:55] [123/459] PEVM
[10:47:56] [124/459] PVNL
[10:47:57] [125/459] PTCV
[10:47:58] [126/459] PRTC
[10:47:58] [127/459] RCVA
[10:47:59] [128/459] MTBN
[10:48:00] [129/459] LUCP
[10:48:01] [130/459] FMPT
[10:48:02] [131/459] JLSL
[10:48:03] [132/459] SBHA
[10:48:04] [133/459] SHRC
[10:48:05] [134/459] AVPS
[10:48:06] [135/459] STPM
[10:48:07] [136/459] ATRD
[10:48:08] [137/459] VTED
[10:48:09] [138/459] ACAI
[10:48:09] [139/459] SMAE
[10:48:10] [140/459] VMAT
[10:48:11] [141/459] LKCT
[10:48:12] [142/459] JTVK
[10:48:13] [143/459] PRTY
[10:48:14] [144/459] GETT
[10:48:15] [145/459] ESAP
[10:48:16] [146/459] NCPM
[10:48:17] [147/459] PCPA
[10:48:17] [148/459] MMOM
[10:48:18] [149/459] PHUP
[10:48:19] [150/459] CCPI
[10:48:20] [151/459] CNTD
[10:48:21] [152/459] NLJR
[10:48:21] [153/459] SRNG
[10:48:23] [154/459] MHAL
[10:48:24] [155/459] PNSM
[10:48:25] [156/459] DRMY
[10:48:26] [157/459] CCMU
[10:48:27] [158/459] SCMY
[10:48:28] [159/459] PVSY
[10:48:29] [160/459] SDLM
[10:48:30] [161/459] ICCM
[10:48:30] [162/459] PYSU
[10:48:31] [163/459] GATM
[10:48:32] [164/459] WOTM
[10:48:33] [165/459] RKTS
[10:48:34] [166/459] PMTY
[10:48:35] [167/459] LYMS
[10:48:35] [168/459] TGCA
[10:48:36] [169/459] DSTA
[10:48:38] [170/459] CNGE
[10:48:38] [171/459] VSTG
[10:48:39] [172/459] GTCK
[10:48:40] [173/459] TGNT
[10:48:41] [174/459] ASLC
[10:48:42] [175/459] SSST
[10:48:43] [176/459] KBTT
[10:48:44] [177/459] HKCP
[10:48:45] [178/459] SWLC
[10:48:46] [179/459] RTND
[10:48:47] [180/459] PKKT
[10:48:48] [181/459] HSTK
[10:48:49] [182/459] SPTT
[10:48:49] [183/459] IMPM
[10:48:50] [184/459] SCMV
[10:48:51] [185/459] SPCT
[10:48:51] [186/459] JBCA
[10:48:52] [187/459] ATTR
[10:48:53] [188/459] SPMT
[10:48:54] [189/459] LCTM
[10:48:54] [190/459] SCVL
[10:48:55] [191/459] SCVT
[10:48:56] [192/459] KRIC
[10:48:57] [193/459] CTMG
[10:48:57] [194/459] ACNC
[10:48:58] [195/459] DMCK
[10:48:59] [196/459] KMTV
[10:49:00] [197/459] PFCJ
[10:49:01] [198/459] VNMD
[10:49:02] [199/459] VPCZ
[10:49:03] [200/459] SRYR
[10:49:04] [201/459] SYTR
[10:49:05] [202/459] GATR
[10:49:06] [203/459] URTR
[10:49:07] [204/459] MKSM
[10:49:08] [205/459] VSMH
[10:49:09] [206/459] SKRJ
[10:49:10] [207/459] SSJR
[10:49:11] [208/459] SVSM
[10:49:12] [209/459] RUCM
[10:49:13] [210/459] PRKN
[10:49:14] [211/459] RROH
[10:49:14] [212/459] SCTN
[10:49:16] [213/459] RTDM
[10:49:16] [214/459] ASRM
[10:49:17] [215/459] SKMD
[10:49:19] [216/459] SUTD
[10:49:20] [217/459] SADM
[10:49:21] [218/459] WCNR
[10:49:22] [219/459] CNED
[10:49:24] [220/459] MPDB
[10:49:24] [221/459] KTBH
[10:49:25] [222/459] IDRM
[10:49:26] [223/459] PJJT
[10:49:27] [224/459] PFCV
[10:49:28] [225/459] AACT
[10:49:28] [226/459] AAAD
[10:49:29] [227/459] ANES
[10:49:31] [228/459] MNCA
[10:49:32] [229/459] RMGU
[10:49:33] [230/459] DLCN
[10:49:33] [231/459] LJWT
[10:49:34] [232/459] MCBG
[10:49:35] [233/459] MYBG
[10:49:35] [234/459] GCCA
[10:49:36] [235/459] GCGA
[10:49:37] [236/459] ECGN
[10:49:38] [237/459] PRAB
[10:49:39] [238/459] PNMP
[10:49:40] [239/459] GCPT
[10:49:41] [240/459] ROYN
[10:49:42] [241/459] VATM
[10:49:42] [242/459] KSNT
[10:49:43] [243/459] ACTC
[10:49:44] [244/459] PLTD
[10:49:45] [245/459] SKMK
[10:49:47] [246/459] CMTT
[10:49:48] [247/459] SMXP
[10:49:49] [248/459] SCMX
[10:49:51] [249/459] ACXN
[10:49:51] [250/459] ASWT
[10:49:52] [251/459] VVVL
[10:49:53] [252/459] NAGO
[10:49:54] [253/459] SNCN
[10:49:54] [254/459] MCKP
[10:49:55] [255/459] SAMO
[10:49:56] [256/459] JBTV
[10:49:57] [257/459] DCVV
[10:49:58] [258/459] KMSV
[10:49:58] [259/459] KDCN
[10:49:59] [260/459] CNCP
[10:50:00] [261/459] HAMC
[10:50:01] [262/459] CCVZ
[10:50:02] [263/459] NCCK
[10:50:02] [264/459] MCHR
[10:50:04] [265/459] SCHT
[10:50:04] [266/459] ESSH
[10:50:05] [267/459] CUJC
[10:50:07] [268/459] PECP
[10:50:07] [269/459] PMMI
[10:50:08] [270/459] PCCH
[10:50:09] [271/459] PRPM
[10:50:10] [272/459] PVKL
[10:50:11] [273/459] CBSM
[10:50:12] [274/459] PVCZ
[10:50:13] [275/459] PCVV
[10:50:13] [276/459] CTMJ
[10:50:14] [277/459] RCPS
[10:50:15] [278/459] PCIT
[10:50:16] [279/459] FNCH
[10:50:16] [280/459] INZD
[10:50:17] [281/459] INPC
[10:50:18] [282/459] LCZP
[10:50:19] [283/459] SMCB
[10:50:20] [284/459] PTSB
[10:50:21] [285/459] TPSI
[10:50:22] [286/459] KHMJ
[10:50:22] [287/459] RCCJ
[10:50:23] [288/459] NCJA
[10:50:24] [289/459] NCJN
[10:50:25] [290/459] BTDP
[10:50:26] [291/459] PADY
[10:50:27] [292/459] NYBH
[10:50:28] [293/459] MTBR
[10:50:29] [294/459] KRBC
[10:50:29] [295/459] DKTI
[10:50:30] [296/459] ANAN
[10:50:32] [297/459] INBP
[10:50:32] [298/459] PATB
[10:50:33] [299/459] RGNT
[10:50:34] [300/459] CGPM
[10:50:35] [301/459] INTN
[10:50:35] [302/459] MCMP
[10:50:36] [303/459] ASRG
[10:50:37] [304/459] CXJD
[10:50:39] [305/459] SPCP
[10:50:40] [306/459] CSTP
[10:50:40] [307/459] PKVC
[10:50:41] [308/459] ESCP
[10:50:43] [309/459] CAEP
[10:50:44] [310/459] CCSP
[10:50:44] [311/459] KTPC
[10:50:45] [312/459] DACA
[10:50:47] [313/459] NVKY
[10:50:48] [314/459] PTIN
[10:50:50] [315/459] SCIN
[10:50:50] [316/459] MCTY
[10:50:51] [317/459] PCMX
[10:50:53] [318/459] INIC
[10:50:54] [319/459] MMZM
[10:50:54] [320/459] SSLP
[10:50:55] [321/459] DTDT
[10:50:56] [322/459] FFCX
[10:50:57] [323/459] RCMM
[10:50:58] [324/459] KYID
[10:50:59] [325/459] CSCI
[10:51:00] [326/459] FCMC
[10:51:01] [327/459] MMXI
[10:51:01] [328/459] ASTC
[10:51:02] [329/459] CMRA
[10:51:03] [330/459] DICI
[10:51:04] [331/459] KDIN
[10:51:05] [332/459] PRFI
[10:51:06] [333/459] SVFC
[10:51:07] [334/459] UCPL
[10:51:07] [335/459] COOC
[10:51:09] [336/459] SCAL
[10:51:10] [337/459] SVFF
[10:51:11] [338/459] VCMG
[10:51:12] [339/459] UUCT
[10:51:12] [340/459] GCSE
[10:51:13] [341/459] SUSC
[10:51:14] [342/459] MISC
[10:51:15] [343/459] RMBL
[10:51:16] [344/459] CMXN
[10:51:16] [345/459] PVBK
[10:51:17] [346/459] HHCG
[10:51:18] [347/459] SCAG
[10:51:19] [348/459] CNPR
[10:51:20] [349/459] CSER
[10:51:22] [350/459] HLWD
[10:51:23] [351/459] BOLY
[10:51:24] [352/459] SSPG
[10:51:25] [353/459] MUPX
[10:51:26] [354/459] HAMR
[10:51:26] [355/459] SDNC
[10:51:27] [356/459] RTEN
[10:51:28] [357/459] SDTD
[10:51:29] [358/459] KAWS
[10:51:29] [359/459] CMZX
[10:51:30] [360/459] DCDD
[10:51:31] [361/459] ALSN
[10:51:32] [362/459] IMXS
[10:51:33] [363/459] PVFF
[10:51:33] [364/459] PVOO
[10:51:34] [365/459] CFBS
[10:51:35] [366/459] PVER
[10:51:36] [367/459] PPNX
[10:51:37] [368/459] CNRM
[10:51:38] [369/459] PVWW
[10:51:40] [370/459] INMB
[10:51:40] [371/459] CPJR
[10:51:41] [372/459] INRZ
[10:51:42] [373/459] PMSR
[10:51:43] [374/459] GPGM
[10:51:44] [375/459] PGWB
[10:51:44] [376/459] PMBR
[10:51:45] [377/459] GPAM
[10:51:46] [378/459] INBC
[10:51:47] [379/459] PZVK
[10:51:48] [380/459] CPEB
[10:51:49] [381/459] FMLB
[10:51:50] [382/459] INBG
[10:51:51] [383/459] GPBR
[10:51:52] [384/459] PAAS
[10:51:52] [385/459] VTBR
[10:51:53] [386/459] GPMY
[10:51:55] [387/459] GYBU
[10:51:55] [388/459] INBJ
[10:51:56] [389/459] LKTH
[10:51:58] [390/459] NSBR
[10:51:59] [391/459] PDRD
[10:52:00] [392/459] VRBL
[10:52:01] [393/459] VTGB
[10:52:02] [394/459] VTSK
[10:52:03] [395/459] BKDV
[10:52:03] [396/459] SVTB
[10:52:04] [397/459] MLDT
[10:52:05] [398/459] NRBL
[10:52:06] [399/459] SLTR
[10:52:07] [400/459] VNKA
[10:52:08] [401/459] TDCA
[10:52:09] [402/459] INBM
[10:52:09] [403/459] SSNR
[10:52:10] [404/459] BHAC
[10:52:11] [405/459] SDSD
[10:52:12] [406/459] SAMP
[10:52:13] [407/459] RATK
[10:52:13] [408/459] KCBI
[10:52:14] [409/459] URBL
[10:52:15] [410/459] MKBG
[10:52:16] [411/459] ASTB
[10:52:17] [412/459] VBWT
[10:52:17] [413/459] GPSM
[10:52:18] [414/459] ROON
[10:52:19] [415/459] CHTH
[10:52:20] [416/459] SSPA
[10:52:20] [417/459] ANBL
[10:52:21] [418/459] VTBE
[10:52:22] [419/459] SVKT
[10:52:23] [420/459] SVYK
[10:52:24] [421/459] PTBK
[10:52:25] [422/459] RKTB
[10:52:26] [423/459] BALT
[10:52:26] [424/459] STSV
[10:52:27] [425/459] VCCB
[10:52:28] [426/459] SLTB
[10:52:29] [427/459] SBCR
[10:52:30] [428/459] VDCS
[10:52:30] [429/459] MDKI
[10:52:31] [430/459] SMRN
[10:52:32] [431/459] PTBC
[10:52:33] [432/459] RADI
[10:52:34] [433/459] ADCR
[10:52:35] [434/459] SDCS
[10:52:37] [435/459] SRPJ
[10:52:38] [436/459] ARTS
[10:52:38] [437/459] SRHK
[10:52:39] [438/459] SPAY
[10:52:41] [439/459] GPTB
[10:52:42] [440/459] SNNN
[10:52:43] [441/459] BALJ
[10:52:44] [442/459] TRIG
[10:52:45] [443/459] GTYT
[10:52:45] [444/459] ATGN
[10:52:46] [445/459] ANTE
[10:52:48] [446/459] BDCG
[10:52:48] [447/459] VECI
[10:52:49] [448/459] SCPR
[10:52:51] [449/459] RTEA
[10:52:51] [450/459] JSAI
[10:52:52] [451/459] VJTP
[10:52:53] [452/459] GNDS
[10:52:54] [453/459] PAXA
[10:52:55] [454/459] CGGM
[10:52:56] [455/459] ACKZ
[10:52:57] [456/459] EMCC
[10:52:58] [457/459] KLSK
[10:52:58] [458/459] AVCK
[10:52:59] [459/459] JTCK
[10:53:00] 🧹 Deduping shows
[10:53:00] ✅ DONE | Shows=3679 | Movies=77
[05:40:20] 🚀 SCRIPT STARTED
[05:40:20] [1/459] NECA
[05:40:20] 🧠 New identity created
[05:40:21] [2/459] BJLC
[05:40:21] [3/459] BASU
[05:40:22] [4/459] RUPI
[05:40:23] [5/459] LCBK
[05:40:24] [6/459] PMAC
[05:40:25] [7/459] AMLC
[05:40:26] [8/459] LICL
[05:40:26] [9/459] UDMM
[05:40:27] [10/459] STBZ
[05:40:28] [11/459] UUBT
[05:40:28] [12/459] SJKC
[05:40:29] [13/459] TUAL
[05:40:30] [14/459] MRSE
[05:40:30] [15/459] RMRK
[05:40:31] [16/459] TTKP
[05:40:32] [17/459] KTKO
[05:40:33] [18/459] SDBK
[05:40:34] [19/459] MCPR
[05:40:35] [20/459] CHTI
[05:40:36] [21/459] GCCP
[05:40:37] [22/459] SRMY
[05:40:38] [23/459] NYST
[05:40:38] [24/459] NYAG
[05:40:39] [25/459] SBMT
[05:40:40] [26/459] INGA
[05:40:41] [27/459] WSIC
[05:40:41] [28/459] SCSS
[05:40:42] [29/459] COPG
[05:40:43] [30/459] RCGR
[05:40:44] [31/459] TCZA
[05:40:45] [32/459] CNLP
[05:40:45] [33/459] CLKN
[05:40:46] [34/459] LHDF
[05:40:47] [35/459] ELKC
[05:40:48] [36/459] VCEM
[05:40:49] [37/459] SSZA
[05:40:49] [38/459] KRMT
[05:40:50] [39/459] LCMV
[05:40:50] [40/459] AYCZ
[05:40:51] [41/459] CUMS
[05:40:52] [42/459] BOCK
[05:40:53] [43/459] PNMR
[05:40:54] [44/459] PJCP
[05:40:55] [45/459] JDDD
[05:40:55] [46/459] STMS
[05:40:56] [47/459] FLMB
[05:40:57] [48/459] PKCM
[05:40:58] [49/459] SPPR
[05:40:59] [50/459] EYLH
[05:41:00] [51/459] RJCC
[05:41:01] [52/459] MMPS
[05:41:02] [53/459] SHMX
[05:41:03] [54/459] CCNL
[05:41:03] [55/459] RCNV
[05:41:04] [56/459] MAAG
[05:41:05] [57/459] LXCM
[05:41:05] [58/459] RCNI
[05:41:06] [59/459] SNNI
[05:41:07] [60/459] LALC
[05:41:08] [61/459] SOCN
[05:41:09] [62/459] JHTP
[05:41:10] [63/459] PITP
[05:41:11] [64/459] CCKW
[05:41:12] [65/459] MCMC
[05:41:12] [66/459] DEES
[05:41:13] [67/459] SABT
[05:41:14] [68/459] VSPP
[05:41:15] [69/459] ABCT
[05:41:15] [70/459] JVTB
[05:41:17] [71/459] VCBD
[05:41:18] [72/459] RMGG
[05:41:18] [73/459] RNMH
[05:41:19] [74/459] SPGL
[05:41:20] [75/459] JTTR
[05:41:20] [76/459] SICS
[05:41:21] [77/459] SRMI
[05:41:23] [78/459] SSIJ
[05:41:24] [79/459] KFMT
[05:41:25] [80/459] VBIT
[05:41:26] [81/459] JKCT
[05:41:27] [82/459] GCGP
[05:41:28] [83/459] GDCS
[05:41:29] [84/459] TRBA
[05:41:30] [85/459] QUST
[05:41:31] [86/459] VSHM
[05:41:31] [87/459] SDCP
[05:41:32] [88/459] SNVS
[05:41:33] [89/459] NYTO
[05:41:33] [90/459] URWC
[05:41:34] [91/459] GTWH
[05:41:35] [92/459] PFCM
[05:41:36] [93/459] KRTA
[05:41:36] [94/459] AXMC
[05:41:37] [95/459] EVMC
[05:41:38] [96/459] HGSM
[05:41:39] [97/459] ACVM
[05:41:39] [98/459] PSKL
[05:41:40] [99/459] RDMP
[05:41:41] [100/459] RHGH
[05:41:42] [101/459] OMCM
[05:41:42] [102/459] DCCP
[05:41:43] [103/459] MCPB
[05:41:44] [104/459] ALCI
[05:41:45] [105/459] BLMX
[05:41:45] [106/459] BTMV
[05:41:46] [107/459] FVPN
[05:41:47] [108/459] CMAR
[05:41:48] [109/459] CEIM
[05:41:48] [110/459] CMVA
[05:41:49] [111/459] CPIV
[05:41:50] [112/459] CNPE
[05:41:51] [113/459] COLV
[05:41:51] [114/459] DNNV
[05:41:52] [115/459] HCAD
[05:41:53] [116/459] TAKA
[05:41:54] [117/459] INVD
[05:41:55] [118/459] IRMM
[05:41:55] [119/459] INSE
[05:41:56] [120/459] MRSW
[05:41:57] [121/459] MCVD
[05:41:58] [122/459] MCSO
[05:41:58] [123/459] PEVM
[05:42:00] [124/459] PVNL
[05:42:01] [125/459] PTCV
[05:42:01] [126/459] PRTC
[05:42:02] [127/459] RCVA
[05:42:04] [128/459] MTBN
[05:42:04] [129/459] LUCP
[05:42:05] [130/459] FMPT
[05:42:06] [131/459] JLSL
[05:42:07] [132/459] SBHA
[05:42:08] [133/459] SHRC
[05:42:10] [134/459] AVPS
[05:42:10] [135/459] STPM
[05:42:11] [136/459] ATRD
[05:42:12] [137/459] VTED
[05:42:13] [138/459] ACAI
[05:42:15] [139/459] SMAE
[05:42:15] [140/459] VMAT
[05:42:16] [141/459] LKCT
[05:42:17] [142/459] JTVK
[05:42:18] [143/459] PRTY
[05:42:19] [144/459] GETT
[05:42:20] [145/459] ESAP
[05:42:21] [146/459] NCPM
[05:42:21] [147/459] PCPA
[05:42:22] [148/459] MMOM
[05:42:23] [149/459] PHUP
[05:42:24] [150/459] CCPI
[05:42:25] [151/459] CNTD
[05:42:26] [152/459] NLJR
[05:42:26] [153/459] SRNG
[05:42:27] [154/459] MHAL
[05:42:28] [155/459] PNSM
[05:42:29] [156/459] DRMY
[05:42:29] [157/459] CCMU
[05:42:30] [158/459] SCMY
[05:42:31] [159/459] PVSY
[05:42:32] [160/459] SDLM
[05:42:33] [161/459] ICCM
[05:42:34] [162/459] PYSU
[05:42:35] [163/459] GATM
[05:42:35] [164/459] WOTM
[05:42:37] [165/459] RKTS
[05:42:38] [166/459] PMTY
[05:42:38] [167/459] LYMS
[05:42:39] [168/459] TGCA
[05:42:40] [169/459] DSTA
[05:42:41] [170/459] CNGE
[05:42:41] [171/459] VSTG
[05:42:42] [172/459] GTCK
[05:42:43] [173/459] TGNT
[05:42:43] [174/459] ASLC
[05:42:44] [175/459] SSST
[05:42:44] [176/459] KBTT
[05:42:45] [177/459] HKCP
[05:42:46] [178/459] SWLC
[05:42:47] [179/459] RTND
[05:42:47] [180/459] PKKT
[05:42:48] [181/459] HSTK
[05:42:49] [182/459] SPTT
[05:42:50] [183/459] IMPM
[05:42:51] [184/459] SCMV
[05:42:51] [185/459] SPCT
[05:42:52] [186/459] JBCA
[05:42:53] [187/459] ATTR
[05:42:53] [188/459] SPMT
[05:42:54] [189/459] LCTM
[05:42:55] [190/459] SCVL
[05:42:56] [191/459] SCVT
[05:42:57] [192/459] KRIC
[05:42:57] [193/459] CTMG
[05:42:58] [194/459] ACNC
[05:42:59] [195/459] DMCK
[05:43:00] [196/459] KMTV
[05:43:01] [197/459] PFCJ
[05:43:01] [198/459] VNMD
[05:43:02] [199/459] VPCZ
[05:43:03] [200/459] SRYR
[05:43:04] [201/459] SYTR
[05:43:05] [202/459] GATR
[05:43:06] [203/459] URTR
[05:43:07] [204/459] MKSM
[05:43:08] [205/459] VSMH
[05:43:08] [206/459] SKRJ
[05:43:09] [207/459] SSJR
[05:43:10] [208/459] SVSM
[05:43:11] [209/459] RUCM
[05:43:11] [210/459] PRKN
[05:43:12] [211/459] RROH
[05:43:13] [212/459] SCTN
[05:43:14] [213/459] RTDM
[05:43:14] [214/459] ASRM
[05:43:15] [215/459] SKMD
[05:43:16] [216/459] SUTD
[05:43:17] [217/459] SADM
[05:43:17] [218/459] WCNR
[05:43:18] [219/459] CNED
[05:43:19] [220/459] MPDB
[05:43:21] [221/459] KTBH
[05:43:21] [222/459] IDRM
[05:43:23] [223/459] PJJT
[05:43:24] [224/459] PFCV
[05:43:24] [225/459] AACT
[05:43:25] [226/459] AAAD
[05:43:26] [227/459] ANES
[05:43:27] [228/459] MNCA
[05:43:28] [229/459] RMGU
[05:43:28] [230/459] DLCN
[05:43:29] [231/459] LJWT
[05:43:30] [232/459] MCBG
[05:43:31] [233/459] MYBG
[05:43:32] [234/459] GCCA
[05:43:32] [235/459] GCGA
[05:43:33] [236/459] ECGN
[05:43:34] [237/459] PRAB
[05:43:35] [238/459] PNMP
[05:43:35] [239/459] GCPT
[05:43:36] [240/459] ROYN
[05:43:37] [241/459] VATM
[05:43:37] [242/459] KSNT
[05:43:38] [243/459] ACTC
[05:43:39] [244/459] PLTD
[05:43:41] [245/459] SKMK
[05:43:41] [246/459] CMTT
[05:43:42] [247/459] SMXP
[05:43:43] [248/459] SCMX
[05:43:43] [249/459] ACXN
[05:43:44] [250/459] ASWT
[05:43:46] [251/459] VVVL
[05:43:47] [252/459] NAGO
[05:43:48] [253/459] SNCN
[05:43:50] [254/459] MCKP
[05:43:50] [255/459] SAMO
[05:43:51] [256/459] JBTV
[05:43:52] [257/459] DCVV
[05:43:52] [258/459] KMSV
[05:43:53] [259/459] KDCN
[05:43:54] [260/459] CNCP
[05:43:55] [261/459] HAMC
[05:43:55] [262/459] CCVZ
[05:43:56] [263/459] NCCK
[05:43:57] [264/459] MCHR
[05:43:57] [265/459] SCHT
[05:43:58] [266/459] ESSH
[05:44:00] [267/459] CUJC
[05:44:01] [268/459] PECP
[05:44:02] [269/459] PMMI
[05:44:03] [270/459] PCCH
[05:44:04] [271/459] PRPM
[05:44:04] [272/459] PVKL
[05:44:05] [273/459] CBSM
[05:44:06] [274/459] PVCZ
[05:44:06] [275/459] PCVV
[05:44:07] [276/459] CTMJ
[05:44:08] [277/459] RCPS
[05:44:09] [278/459] PCIT
[05:44:09] [279/459] FNCH
[05:44:10] [280/459] INZD
[05:44:11] [281/459] INPC
[05:44:12] [282/459] LCZP
[05:44:12] [283/459] SMCB
[05:44:13] [284/459] PTSB
[05:44:14] [285/459] TPSI
[05:44:15] [286/459] KHMJ
[05:44:15] [287/459] RCCJ
[05:44:16] [288/459] NCJA
[05:44:17] [289/459] NCJN
[05:44:18] [290/459] BTDP
[05:44:19] [291/459] PADY
[05:44:19] [292/459] NYBH
[05:44:21] [293/459] MTBR
[05:44:22] [294/459] KRBC
[05:44:22] [295/459] DKTI
[05:44:23] [296/459] ANAN
[05:44:24] [297/459] INBP
[05:44:24] [298/459] PATB
[05:44:25] [299/459] RGNT
[05:44:26] [300/459] CGPM
[05:44:26] [301/459] INTN
[05:44:27] [302/459] MCMP
[05:44:28] [303/459] ASRG
[05:44:29] [304/459] CXJD
[05:44:30] [305/459] SPCP
[05:44:31] [306/459] CSTP
[05:44:32] [307/459] PKVC
[05:44:32] [308/459] ESCP
[05:44:33] [309/459] CAEP
[05:44:35] [310/459] CCSP
[05:44:35] [311/459] KTPC
[05:44:36] [312/459] DACA
[05:44:37] [313/459] NVKY
[05:44:38] [314/459] PTIN
[05:44:38] [315/459] SCIN
[05:44:39] [316/459] MCTY
[05:44:41] [317/459] PCMX
[05:44:42] [318/459] INIC
[05:44:42] [319/459] MMZM
[05:44:43] [320/459] SSLP
[05:44:44] [321/459] DTDT
[05:44:45] [322/459] FFCX
[05:44:46] [323/459] RCMM
[05:44:47] [324/459] KYID
[05:44:48] [325/459] CSCI
[05:44:48] [326/459] FCMC
[05:44:49] [327/459] MMXI
[05:44:50] [328/459] ASTC
[05:44:51] [329/459] CMRA
[05:44:52] [330/459] DICI
[05:44:52] [331/459] KDIN
[05:44:53] [332/459] PRFI
[05:44:54] [333/459] SVFC
[05:44:55] [334/459] UCPL
[05:44:56] [335/459] COOC
[05:44:57] [336/459] SCAL
[05:44:57] [337/459] SVFF
[05:44:58] [338/459] VCMG
[05:45:00] [339/459] UUCT
[05:45:01] [340/459] GCSE
[05:45:02] [341/459] SUSC
[05:45:03] [342/459] MISC
[05:45:04] [343/459] RMBL
[05:45:04] [344/459] CMXN
[05:45:05] [345/459] PVBK
[05:45:06] [346/459] HHCG
[05:45:07] [347/459] SCAG
[05:45:08] [348/459] CNPR
[05:45:08] [349/459] CSER
[05:45:09] [350/459] HLWD
[05:45:10] [351/459] BOLY
[05:45:10] [352/459] SSPG
[05:45:11] [353/459] MUPX
[05:45:12] [354/459] HAMR
[05:45:13] [355/459] SDNC
[05:45:14] [356/459] RTEN
[05:45:15] [357/459] SDTD
[05:45:15] [358/459] KAWS
[05:45:17] [359/459] CMZX
[05:45:18] [360/459] DCDD
[05:45:19] [361/459] ALSN
[05:45:20] [362/459] IMXS
[05:45:21] [363/459] PVFF
[05:45:22] [364/459] PVOO
[05:45:23] [365/459] CFBS
[05:45:24] [366/459] PVER
[05:45:25] [367/459] PPNX
[05:45:25] [368/459] CNRM
[05:45:26] [369/459] PVWW
[05:45:27] [370/459] INMB
[05:45:28] [371/459] CPJR
[05:45:28] [372/459] INRZ
[05:45:29] [373/459] PMSR
[05:45:30] [374/459] GPGM
[05:45:31] [375/459] PGWB
[05:45:32] [376/459] PMBR
[05:45:33] [377/459] GPAM
[05:45:34] [378/459] INBC
[05:45:35] [379/459] PZVK
[05:45:35] [380/459] CPEB
[05:45:36] [381/459] FMLB
[05:45:37] [382/459] INBG
[05:45:38] [383/459] GPBR
[05:45:38] [384/459] PAAS
[05:45:39] [385/459] VTBR
[05:45:40] [386/459] GPMY
[05:45:41] [387/459] GYBU
[05:45:42] [388/459] INBJ
[05:45:42] [389/459] LKTH
[05:45:43] [390/459] NSBR
[05:45:44] [391/459] PDRD
[05:45:45] [392/459] VRBL
[05:45:47] [393/459] VTGB
[05:45:47] [394/459] VTSK
[05:45:48] [395/459] BKDV
[05:45:48] [396/459] SVTB
[05:45:49] [397/459] MLDT
[05:45:50] [398/459] NRBL
[05:45:51] [399/459] SLTR
[05:45:51] [400/459] VNKA
[05:45:52] [401/459] TDCA
[05:45:53] [402/459] INBM
[05:45:54] [403/459] SSNR
[05:45:55] [404/459] BHAC
[05:45:56] [405/459] SDSD
[05:45:56] [406/459] SAMP
[05:45:57] [407/459] RATK
[05:45:58] [408/459] KCBI
[05:45:59] [409/459] URBL
[05:45:59] [410/459] MKBG
[05:46:00] [411/459] ASTB
[05:46:01] [412/459] VBWT
[05:46:01] [413/459] GPSM
[05:46:02] [414/459] ROON
[05:46:03] [415/459] CHTH
[05:46:04] [416/459] SSPA
[05:46:05] [417/459] ANBL
[05:46:06] [418/459] VTBE
[05:46:06] [419/459] SVKT
[05:46:07] [420/459] SVYK
[05:46:08] [421/459] PTBK
[05:46:09] [422/459] RKTB
[05:46:10] [423/459] BALT
[05:46:11] [424/459] STSV
[05:46:12] [425/459] VCCB
[05:46:13] [426/459] SLTB
[05:46:14] [427/459] SBCR
[05:46:15] [428/459] VDCS
[05:46:15] [429/459] MDKI
[05:46:16] [430/459] SMRN
[05:46:17] [431/459] PTBC
[05:46:18] [432/459] RADI
[05:46:18] [433/459] ADCR
[05:46:19] [434/459] SDCS
[05:46:20] [435/459] SRPJ
[05:46:20] [436/459] ARTS
[05:46:21] [437/459] SRHK
[05:46:22] [438/459] SPAY
[05:46:22] [439/459] GPTB
[05:46:23] [440/459] SNNN
[05:46:24] [441/459] BALJ
[05:46:25] [442/459] TRIG
[05:46:25] [443/459] GTYT
[05:46:26] [444/459] ATGN
[05:46:27] [445/459] ANTE
[05:46:27] [446/459] BDCG
[05:46:28] [447/459] VECI
[05:46:29] [448/459] SCPR
[05:46:30] [449/459] RTEA
[05:46:30] [450/459] JSAI
[05:46:31] [451/459] VJTP
[05:46:32] [452/459] GNDS
[05:46:33] [453/459] PAXA
[05:46:34] [454/459] CGGM
[05:46:34] [455/459] ACKZ
[05:46:35] [456/459] EMCC
[05:46:35] [457/459] KLSK
[05:46:36] [458/459] AVCK
[05:46:37] [459/459] JTCK
[05:46:38] 🧹 Deduping shows
[05:46:38] ✅ DONE | Shows=4438 | Movies=87
[14:44:55] 🚀 SCRIPT STARTED
[14:44:55] [1/459] NECA
[14:44:55] 🧠 New identity created
[14:44:56] [2/459] BJLC
[14:44:56] [3/459] BASU
[14:44:57] [4/459] RUPI
[14:44:58] [5/459] LCBK
[14:44:58] [6/459] PMAC
[14:44:59] [7/459] AMLC
[14:45:01] [8/459] LICL
[14:45:02] [9/459] UDMM
[14:45:03] [10/459] STBZ
[14:45:04] [11/459] UUBT
[14:45:05] [12/459] SJKC
[14:45:05] [13/459] TUAL
[14:45:06] [14/459] MRSE
[14:45:07] [15/459] RMRK
[14:45:08] [16/459] TTKP
[14:45:09] [17/459] KTKO
[14:45:10] [18/459] SDBK
[14:45:11] [19/459] MCPR
[14:45:12] [20/459] CHTI
[14:45:13] [21/459] GCCP
[14:45:13] [22/459] SRMY
[14:45:14] [23/459] NYST
[14:45:15] [24/459] NYAG
[14:45:16] [25/459] SBMT
[14:45:16] [26/459] INGA
[14:45:17] [27/459] WSIC
[14:45:18] [28/459] SCSS
[14:45:19] [29/459] COPG
[14:45:19] [30/459] RCGR
[14:45:20] [31/459] TCZA
[14:45:21] [32/459] CNLP
[14:45:22] [33/459] CLKN
[14:45:22] [34/459] LHDF
[14:45:23] [35/459] ELKC
[14:45:24] [36/459] VCEM
[14:45:25] [37/459] SSZA
[14:45:26] [38/459] KRMT
[14:45:27] [39/459] LCMV
[14:45:28] [40/459] AYCZ
[14:45:29] [41/459] CUMS
[14:45:29] [42/459] BOCK
[14:45:30] [43/459] PNMR
[14:45:31] [44/459] PJCP
[14:45:32] [45/459] JDDD
[14:45:32] [46/459] STMS
[14:45:33] [47/459] FLMB
[14:45:34] [48/459] PKCM
[14:45:35] [49/459] SPPR
[14:45:35] [50/459] EYLH
[14:45:36] [51/459] RJCC
[14:45:37] [52/459] MMPS
[14:45:38] [53/459] SHMX
[14:45:38] [54/459] CCNL
[14:45:40] [55/459] RCNV
[14:45:41] [56/459] MAAG
[14:45:42] [57/459] LXCM
[14:45:42] [58/459] RCNI
[14:45:43] [59/459] SNNI
[14:45:44] [60/459] LALC
[14:45:45] [61/459] SOCN
[14:45:46] [62/459] JHTP
[14:45:46] [63/459] PITP
[14:45:47] [64/459] CCKW
[14:45:48] [65/459] MCMC
[14:45:48] [66/459] DEES
[14:45:49] [67/459] SABT
[14:45:50] [68/459] VSPP
[14:45:52] [69/459] ABCT
[14:45:53] [70/459] JVTB
[14:45:54] [71/459] VCBD
[14:45:55] [72/459] RMGG
[14:45:56] [73/459] RNMH
[14:45:56] [74/459] SPGL
[14:45:58] [75/459] JTTR
[14:45:59] [76/459] SICS
[14:46:00] [77/459] SRMI
[14:46:00] [78/459] SSIJ
[14:46:02] [79/459] KFMT
[14:46:02] [80/459] VBIT
[14:46:03] [81/459] JKCT
[14:46:04] [82/459] GCGP
[14:46:05] [83/459] GDCS
[14:46:06] [84/459] TRBA
[14:46:07] [85/459] QUST
[14:46:07] [86/459] VSHM
[14:46:08] [87/459] SDCP
[14:46:09] [88/459] SNVS
[14:46:10] [89/459] NYTO
[14:46:10] [90/459] URWC
[14:46:11] [91/459] GTWH
[14:46:12] [92/459] PFCM
[14:46:13] [93/459] KRTA
[14:46:15] [94/459] AXMC
[14:46:15] [95/459] EVMC
[14:46:16] [96/459] HGSM
[14:46:17] [97/459] ACVM
[14:46:18] [98/459] PSKL
[14:46:19] [99/459] RDMP
[14:46:20] [100/459] RHGH
[14:46:21] [101/459] OMCM
[14:46:22] [102/459] DCCP
[14:46:23] [103/459] MCPB
[14:46:24] [104/459] ALCI
[14:46:25] [105/459] BLMX
[14:46:26] [106/459] BTMV
[14:46:27] [107/459] FVPN
[14:46:28] [108/459] CMAR
[14:46:28] [109/459] CEIM
[14:46:29] [110/459] CMVA
[14:46:30] [111/459] CPIV
[14:46:31] [112/459] CNPE
[14:46:32] [113/459] COLV
[14:46:33] [114/459] DNNV
[14:46:34] [115/459] HCAD
[14:46:34] [116/459] TAKA
[14:46:35] [117/459] INVD
[14:46:36] [118/459] IRMM
[14:46:36] [119/459] INSE
[14:46:37] [120/459] MRSW
[14:46:38] [121/459] MCVD
[14:46:39] [122/459] MCSO
[14:46:39] [123/459] PEVM
[14:46:40] [124/459] PVNL
[14:46:41] [125/459] PTCV
[14:46:42] [126/459] PRTC
[14:46:43] [127/459] RCVA
[14:46:44] [128/459] MTBN
[14:46:45] [129/459] LUCP
[14:46:46] [130/459] FMPT
[14:46:46] [131/459] JLSL
[14:46:47] [132/459] SBHA
[14:46:48] [133/459] SHRC
[14:46:49] [134/459] AVPS
[14:46:50] [135/459] STPM
[14:46:51] [136/459] ATRD
[14:46:53] [137/459] VTED
[14:46:54] [138/459] ACAI
[14:46:54] [139/459] SMAE
[14:46:55] [140/459] VMAT
[14:46:56] [141/459] LKCT
[14:46:57] [142/459] JTVK
[14:46:58] [143/459] PRTY
[14:46:58] [144/459] GETT
[14:46:59] [145/459] ESAP
[14:47:00] [146/459] NCPM
[14:47:01] [147/459] PCPA
[14:47:02] [148/459] MMOM
[14:47:03] [149/459] PHUP
[14:47:03] [150/459] CCPI
[14:47:04] [151/459] CNTD
[14:47:05] [152/459] NLJR
[14:47:06] [153/459] SRNG
[14:47:07] [154/459] MHAL
[14:47:08] [155/459] PNSM
[14:47:08] [156/459] DRMY
[14:47:09] [157/459] CCMU
[14:47:11] [158/459] SCMY
[14:47:13] [159/459] PVSY
[14:47:14] [160/459] SDLM
[14:47:14] [161/459] ICCM
[14:47:15] [162/459] PYSU
[14:47:16] [163/459] GATM
[14:47:17] [164/459] WOTM
[14:47:17] [165/459] RKTS
[14:47:18] [166/459] PMTY
[14:47:19] [167/459] LYMS
[14:47:19] [168/459] TGCA
[14:47:21] [169/459] DSTA
[14:47:22] [170/459] CNGE
[14:47:23] [171/459] VSTG
[14:47:23] [172/459] GTCK
[14:47:24] [173/459] TGNT
[14:47:25] [174/459] ASLC
[14:47:26] [175/459] SSST
[14:47:27] [176/459] KBTT
[14:47:27] [177/459] HKCP
[14:47:28] [178/459] SWLC
[14:47:29] [179/459] RTND
[14:47:31] [180/459] PKKT
[14:47:31] [181/459] HSTK
[14:47:32] [182/459] SPTT
[14:47:33] [183/459] IMPM
[14:47:33] [184/459] SCMV
[14:47:34] [185/459] SPCT
[14:47:35] [186/459] JBCA
[14:47:36] [187/459] ATTR
[14:47:38] [188/459] SPMT
[14:47:38] [189/459] LCTM
[14:47:39] [190/459] SCVL
[14:47:40] [191/459] SCVT
[14:47:41] [192/459] KRIC
[14:47:41] [193/459] CTMG
[14:47:42] [194/459] ACNC
[14:47:43] [195/459] DMCK
[14:47:44] [196/459] KMTV
[14:47:45] [197/459] PFCJ
[14:47:46] [198/459] VNMD
[14:47:47] [199/459] VPCZ
[14:47:48] [200/459] SRYR
[14:47:48] [201/459] SYTR
[14:47:49] [202/459] GATR
[14:47:50] [203/459] URTR
[14:47:51] [204/459] MKSM
[14:47:52] [205/459] VSMH
[14:47:53] [206/459] SKRJ
[14:47:53] [207/459] SSJR
[14:47:54] [208/459] SVSM
[14:47:55] [209/459] RUCM
[14:47:56] [210/459] PRKN
[14:47:56] [211/459] RROH
[14:47:57] [212/459] SCTN
[14:47:58] [213/459] RTDM
[14:47:59] [214/459] ASRM
[14:48:00] [215/459] SKMD
[14:48:00] [216/459] SUTD
[14:48:01] [217/459] SADM
[14:48:02] [218/459] WCNR
[14:48:03] [219/459] CNED
[14:48:04] [220/459] MPDB
[14:48:04] [221/459] KTBH
[14:48:05] [222/459] IDRM
[14:48:06] [223/459] PJJT
[14:48:07] [224/459] PFCV
[14:48:08] [225/459] AACT
[14:48:08] [226/459] AAAD
[14:48:09] [227/459] ANES
[14:48:11] [228/459] MNCA
[14:48:12] [229/459] RMGU
[14:48:13] [230/459] DLCN
[14:48:14] [231/459] LJWT
[14:48:15] [232/459] MCBG
[14:48:16] [233/459] MYBG
[14:48:17] [234/459] GCCA
[14:48:18] [235/459] GCGA
[14:48:18] [236/459] ECGN
[14:48:19] [237/459] PRAB
[14:48:20] [238/459] PNMP
[14:48:21] [239/459] GCPT
[14:48:22] [240/459] ROYN
[14:48:23] [241/459] VATM
[14:48:24] [242/459] KSNT
[14:48:24] [243/459] ACTC
[14:48:25] [244/459] PLTD
[14:48:26] [245/459] SKMK
[14:48:28] [246/459] CMTT
[14:48:28] [247/459] SMXP
[14:48:29] [248/459] SCMX
[14:48:30] [249/459] ACXN
[14:48:31] [250/459] ASWT
[14:48:32] [251/459] VVVL
[14:48:33] [252/459] NAGO
[14:48:33] [253/459] SNCN
[14:48:34] [254/459] MCKP
[14:48:35] [255/459] SAMO
[14:48:36] [256/459] JBTV
[14:48:36] [257/459] DCVV
[14:48:37] [258/459] KMSV
[14:48:38] [259/459] KDCN
[14:48:39] [260/459] CNCP
[14:48:39] [261/459] HAMC
[14:48:40] [262/459] CCVZ
[14:48:41] [263/459] NCCK
[14:48:42] [264/459] MCHR
[14:48:43] [265/459] SCHT
[14:48:43] [266/459] ESSH
[14:48:44] [267/459] CUJC
[14:48:45] [268/459] PECP
[14:48:46] [269/459] PMMI
[14:48:47] [270/459] PCCH
[14:48:47] [271/459] PRPM
[14:48:48] [272/459] PVKL
[14:48:49] [273/459] CBSM
[14:48:50] [274/459] PVCZ
[14:48:50] [275/459] PCVV
[14:48:51] [276/459] CTMJ
[14:48:52] [277/459] RCPS
[14:48:52] [278/459] PCIT
[14:48:53] [279/459] FNCH
[14:48:55] [280/459] INZD
[14:48:55] [281/459] INPC
[14:48:57] [282/459] LCZP
[14:48:57] [283/459] SMCB
[14:48:58] [284/459] PTSB
[14:48:59] [285/459] TPSI
[14:49:00] [286/459] KHMJ
[14:49:01] [287/459] RCCJ
[14:49:02] [288/459] NCJA
[14:49:03] [289/459] NCJN
[14:49:03] [290/459] BTDP
[14:49:04] [291/459] PADY
[14:49:05] [292/459] NYBH
[14:49:06] [293/459] MTBR
[14:49:07] [294/459] KRBC
[14:49:08] [295/459] DKTI
[14:49:08] [296/459] ANAN
[14:49:09] [297/459] INBP
[14:49:10] [298/459] PATB
[14:49:11] [299/459] RGNT
[14:49:11] [300/459] CGPM
[14:49:12] [301/459] INTN
[14:49:12] [302/459] MCMP
[14:49:13] [303/459] ASRG
[14:49:14] [304/459] CXJD
[14:49:15] [305/459] SPCP
[14:49:16] [306/459] CSTP
[14:49:17] [307/459] PKVC
[14:49:18] [308/459] ESCP
[14:49:18] [309/459] CAEP
[14:49:19] [310/459] CCSP
[14:49:20] [311/459] KTPC
[14:49:20] [312/459] DACA
[14:49:21] [313/459] NVKY
[14:49:22] [314/459] PTIN
[14:49:23] [315/459] SCIN
[14:49:24] [316/459] MCTY
[14:49:25] [317/459] PCMX
[14:49:26] [318/459] INIC
[14:49:27] [319/459] MMZM
[14:49:28] [320/459] SSLP
[14:49:28] [321/459] DTDT
[14:49:29] [322/459] FFCX
[14:49:30] [323/459] RCMM
[14:49:30] [324/459] KYID
[14:49:31] [325/459] CSCI
[14:49:32] [326/459] FCMC
[14:49:33] [327/459] MMXI
[14:49:34] [328/459] ASTC
[14:49:34] [329/459] CMRA
[14:49:35] [330/459] DICI
[14:49:36] [331/459] KDIN
[14:49:36] [332/459] PRFI
[14:49:37] [333/459] SVFC
[14:49:38] [334/459] UCPL
[14:49:39] [335/459] COOC
[14:49:40] [336/459] SCAL
[14:49:40] [337/459] SVFF
[14:49:41] [338/459] VCMG
[14:49:42] [339/459] UUCT
[14:49:43] [340/459] GCSE
[14:49:43] [341/459] SUSC
[14:49:44] [342/459] MISC
[14:49:45] [343/459] RMBL
[14:49:46] [344/459] CMXN
[14:49:47] [345/459] PVBK
[14:49:47] [346/459] HHCG
[14:49:48] [347/459] SCAG
[14:49:49] [348/459] CNPR
[14:49:50] [349/459] CSER
[14:49:50] [350/459] HLWD
[14:49:51] [351/459] BOLY
[14:49:52] [352/459] SSPG
[14:49:53] [353/459] MUPX
[14:49:54] [354/459] HAMR
[14:49:55] [355/459] SDNC
[14:49:55] [356/459] RTEN
[14:49:56] [357/459] SDTD
[14:49:57] [358/459] KAWS
[14:49:58] [359/459] CMZX
[14:49:59] [360/459] DCDD
[14:50:00] [361/459] ALSN
[14:50:01] [362/459] IMXS
[14:50:02] [363/459] PVFF
[14:50:03] [364/459] PVOO
[14:50:04] [365/459] CFBS
[14:50:04] [366/459] PVER
[14:50:05] [367/459] PPNX
[14:50:06] [368/459] CNRM
[14:50:07] [369/459] PVWW
[14:50:07] [370/459] INMB
[14:50:08] [371/459] CPJR
[14:50:09] [372/459] INRZ
[14:50:10] [373/459] PMSR
[14:50:11] [374/459] GPGM
[14:50:12] [375/459] PGWB
[14:50:13] [376/459] PMBR
[14:50:14] [377/459] GPAM
[14:50:14] [378/459] INBC
[14:50:15] [379/459] PZVK
[14:50:16] [380/459] CPEB
[14:50:17] [381/459] FMLB
[14:50:18] [382/459] INBG
[14:50:19] [383/459] GPBR
[14:50:20] [384/459] PAAS
[14:50:21] [385/459] VTBR
[14:50:22] [386/459] GPMY
[14:50:22] [387/459] GYBU
[14:50:23] [388/459] INBJ
[14:50:24] [389/459] LKTH
[14:50:25] [390/459] NSBR
[14:50:25] [391/459] PDRD
[14:50:26] [392/459] VRBL
[14:50:27] [393/459] VTGB
[14:50:28] [394/459] VTSK
[14:50:28] [395/459] BKDV
[14:50:29] [396/459] SVTB
[14:50:30] [397/459] MLDT
[14:50:31] [398/459] NRBL
[14:50:32] [399/459] SLTR
[14:50:32] [400/459] VNKA
[14:50:33] [401/459] TDCA
[14:50:34] [402/459] INBM
[14:50:35] [403/459] SSNR
[14:50:36] [404/459] BHAC
[14:50:37] [405/459] SDSD
[14:50:38] [406/459] SAMP
[14:50:38] [407/459] RATK
[14:50:39] [408/459] KCBI
[14:50:40] [409/459] URBL
[14:50:41] [410/459] MKBG
[14:50:42] [411/459] ASTB
[14:50:43] [412/459] VBWT
[14:50:44] [413/459] GPSM
[14:50:45] [414/459] ROON
[14:50:46] [415/459] CHTH
[14:50:46] [416/459] SSPA
[14:50:47] [417/459] ANBL
[14:50:48] [418/459] VTBE
[14:50:48] [419/459] SVKT
[14:50:49] [420/459] SVYK
[14:50:50] [421/459] PTBK
[14:50:51] [422/459] RKTB
[14:50:52] [423/459] BALT
[14:50:52] [424/459] STSV
[14:50:53] [425/459] VCCB
[14:50:54] [426/459] SLTB
[14:50:55] [427/459] SBCR
[14:50:55] [428/459] VDCS
[14:50:56] [429/459] MDKI
[14:50:57] [430/459] SMRN
[14:50:58] [431/459] PTBC
[14:50:58] [432/459] RADI
[14:50:59] [433/459] ADCR
[14:51:00] [434/459] SDCS
[14:51:01] [435/459] SRPJ
[14:51:01] [436/459] ARTS
[14:51:03] [437/459] SRHK
[14:51:04] [438/459] SPAY
[14:51:05] [439/459] GPTB
[14:51:06] [440/459] SNNN
[14:51:06] [441/459] BALJ
[14:51:07] [442/459] TRIG
[14:51:08] [443/459] GTYT
[14:51:08] [444/459] ATGN
[14:51:10] [445/459] ANTE
[14:51:10] [446/459] BDCG
[14:51:11] [447/459] VECI
[14:51:12] [448/459] SCPR
[14:51:13] [449/459] RTEA
[14:51:14] [450/459] JSAI
[14:51:15] [451/459] VJTP
[14:51:16] [452/459] GNDS
[14:51:16] [453/459] PAXA
[14:51:17] [454/459] CGGM
[14:51:18] [455/459] ACKZ
[14:51:19] [456/459] EMCC
[14:51:19] [457/459] KLSK
[14:51:20] [458/459] AVCK
[14:51:21] [459/459] JTCK
[14:51:21] 🧹 Deduping shows
[14:51:22] ✅ DONE | Shows=4531 | Movies=89
