[03:36:38] 🚀 SCRIPT STARTED (enhanced anti‑detection)
[03:36:38] [1/458] MBDC
[03:36:39] 🧠 New identity created
[03:36:39] 🔄 Retry 1/5 for MBDC in 2.0s
[03:36:39] 🔄 Identity reset
[03:36:41] 🧠 New identity created
[03:36:41] [2/458] CHKM
[03:36:42] [3/458] JTKZ
[03:36:43] [4/458] CMCT
[03:36:44] [5/458] ASHO
[03:36:45] [6/458] ECDG
[03:36:46] [7/458] SPAT
[03:36:47] [8/458] HILC
[03:36:47] [9/458] SPPH
[03:36:48] 🔄 Identity reset
[03:36:48] 🔄 Identity rotated (every 10 requests)
[03:36:48] [10/458] SBHN
[03:36:49] [11/458] RRCA
[03:36:50] [12/458] APAA
[03:36:51] [13/458] RAME
[03:36:52] [14/458] TMMS
[03:36:52] [15/458] BATK
[03:36:53] [16/458] LKOP
[03:36:54] [17/458] AMTT
[03:36:55] [18/458] PTGK
[03:36:56] [19/458] ANRS
[03:36:57] 🔄 Identity reset
[03:36:57] 🔄 Identity rotated (every 10 requests)
[03:36:57] [20/458] VWBW
[03:36:58] [21/458] SVFG
[03:36:59] [22/458] STAT
[03:36:59] [23/458] GDCV
[03:37:01] [24/458] VEBI
[03:37:02] [25/458] VDSS
[03:37:03] [26/458] NTHV
[03:37:03] [27/458] AOCH
[03:37:04] [28/458] KASR
[03:37:04] [29/458] AYCS
[03:37:05] 🔄 Identity reset
[03:37:05] 🔄 Identity rotated (every 10 requests)
[03:37:05] [30/458] SHAI
[03:37:06] [31/458] SKPE
[03:37:07] [32/458] SBTA
[03:37:08] [33/458] RTTD
[03:37:08] [34/458] CCJD
[03:37:09] [35/458] RSJJ
[03:37:10] [36/458] RKND
[03:37:11] [37/458] SVTX
[03:37:12] [38/458] BAKM
[03:37:12] [39/458] SVDC
[03:37:13] 🔄 Identity reset
[03:37:13] 🔄 Identity rotated (every 10 requests)
[03:37:13] [40/458] MNCV
[03:37:15] [41/458] SJGC
[03:37:16] [42/458] MTPK
[03:37:17] [43/458] GATP
[03:37:17] [44/458] ABTS
[03:37:18] [45/458] ABDE
[03:37:19] [46/458] RCNM
[03:37:20] [47/458] KTHV
[03:37:21] [48/458] MDGJ
[03:37:21] [49/458] SMLM
[03:37:22] 🔄 Identity reset
[03:37:22] 🔄 Identity rotated (every 10 requests)
[03:37:22] [50/458] JTMA
[03:37:23] [51/458] ACKP
[03:37:24] [52/458] SRTA
[03:37:24] [53/458] STAY
[03:37:25] [54/458] MAVO
[03:37:26] [55/458] APTS
[03:37:26] [56/458] OMEA
[03:37:27] [57/458] TTFD
[03:37:28] [58/458] MJCU
[03:37:29] [59/458] CXTE
[03:37:29] 🔄 Identity reset
[03:37:29] 🔄 Identity rotated (every 10 requests)
[03:37:29] 🔄 Retry 1/5 for CXTE in 2.4s
[03:37:29] 🔄 Identity reset
[03:37:32] 🧠 New identity created
[03:37:33] [60/458] CTPX
[03:37:34] [61/458] ASSL
[03:37:35] [62/458] CMVB
[03:37:35] [63/458] VPUR
[03:37:36] [64/458] JJDA
[03:37:37] [65/458] INBL
[03:37:38] [66/458] BIKB
[03:37:39] [67/458] NTBB
[03:37:39] [68/458] GLOB
[03:37:40] 🔄 Identity reset
[03:37:40] 🔄 Identity rotated (every 10 requests)
[03:37:40] [69/458] SNTB
[03:37:41] [70/458] CHGV
[03:37:42] [71/458] SSBZ
[03:37:43] [72/458] PRDB
[03:37:43] [73/458] ISMT
[03:37:44] [74/458] MCSD
[03:37:45] [75/458] JBTT
[03:37:45] [76/458] GEKR
[03:37:46] [77/458] PVUN
[03:37:47] [78/458] NRTB
[03:37:48] 🔄 Identity reset
[03:37:48] 🔄 Identity rotated (every 10 requests)
[03:37:48] [79/458] PRAA
[03:37:49] [80/458] PCBL
[03:37:50] [81/458] PTCM
[03:37:50] [82/458] KHNN
[03:37:51] [83/458] OMJE
[03:37:52] [84/458] STGN
[03:37:53] [85/458] RPMS
[03:37:54] [86/458] NWAD
[03:37:54] [87/458] BLCK
[03:37:55] [88/458] SVAA
[03:37:56] 🔄 Identity reset
[03:37:56] 🔄 Identity rotated (every 10 requests)
[03:37:56] [89/458] URVM
[03:37:57] [90/458] ANTM
[03:37:58] [91/458] VJYM
[03:37:58] [92/458] MAZZ
[03:37:59] [93/458] CSHM
[03:38:00] [94/458] WGMH
[03:38:01] [95/458] SALN
[03:38:01] [96/458] BRTP
[03:38:02] [97/458] SVTA
[03:38:03] [98/458] SBTP
[03:38:04] 🔄 Identity reset
[03:38:04] 🔄 Identity rotated (every 10 requests)
[03:38:04] [99/458] VLSS
[03:38:04] [100/458] SRJA
[03:38:05] [101/458] ANCG
[03:38:06] [102/458] CGGC
[03:38:07] [103/458] CRJA
[03:38:08] [104/458] USCR
[03:38:09] [105/458] MMEF
[03:38:10] [106/458] JCRJ
[03:38:11] [107/458] ADCM
[03:38:12] [108/458] BMYK
[03:38:12] 🔄 Identity reset
[03:38:12] 🔄 Identity rotated (every 10 requests)
[03:38:12] 🔄 Retry 1/5 for BMYK in 2.8s
[03:38:12] 🔄 Identity reset
[03:38:15] 🧠 New identity created
[03:38:16] [109/458] KICS
[03:38:16] [110/458] MBBT
[03:38:17] [111/458] MACK
[03:38:18] [112/458] CLDR
[03:38:19] [113/458] JYCR
[03:38:21] [114/458] DCRP
[03:38:21] [115/458] RAHT
[03:38:22] [116/458] CSSM
[03:38:23] [117/458] ATPK
[03:38:24] 🔄 Identity reset
[03:38:24] 🔄 Identity rotated (every 10 requests)
[03:38:24] [118/458] KLRT
[03:38:25] [119/458] SRDD
[03:38:26] [120/458] CKMC
[03:38:27] [121/458] KRVM
[03:38:28] [122/458] AKCP
[03:38:29] [123/458] CNCV
[03:38:29] [124/458] PACT
[03:38:30] [125/458] NATP
[03:38:31] [126/458] PCPK
[03:38:31] [127/458] SMHO
[03:38:32] 🔄 Identity reset
[03:38:32] 🔄 Identity rotated (every 10 requests)
[03:38:32] [128/458] CWTK
[03:38:33] [129/458] RVKZ
[03:38:34] [130/458] ASPD
[03:38:36] [131/458] VTKZ
[03:38:36] [132/458] LCSO
[03:38:37] [133/458] PRDY
[03:38:38] [134/458] RCAP
[03:38:39] [135/458] RGAR
[03:38:39] [136/458] RCAC
[03:38:40] [137/458] PMOD
[03:38:41] 🔄 Identity reset
[03:38:41] 🔄 Identity rotated (every 10 requests)
[03:38:41] 🔄 Retry 1/5 for PMOD in 2.1s
[03:38:41] 🔄 Identity reset
[03:38:43] 🧠 New identity created
[03:38:43] [138/458] PVCN
[03:38:44] [139/458] SCRZ
[03:38:45] [140/458] PVPC
[03:38:46] [141/458] STID
[03:38:46] [142/458] NEDD
[03:38:48] [143/458] BNBA
[03:38:49] [144/458] NTCD
[03:38:49] [145/458] OCDE
[03:38:50] [146/458] CCDU
[03:38:51] 🔄 Identity reset
[03:38:51] 🔄 Identity rotated (every 10 requests)
[03:38:51] [147/458] CRXH
[03:38:52] [148/458] VLVT
[03:38:53] [149/458] CICI
[03:38:54] [150/458] SUCB
[03:38:55] [151/458] TCBP
[03:38:56] [152/458] SCCY
[03:38:56] [153/458] LXCY
[03:38:57] [154/458] NCMD
[03:38:58] [155/458] PHCS
[03:38:59] [156/458] DUXR
[03:38:59] 🔄 Identity reset
[03:38:59] 🔄 Identity rotated (every 10 requests)
[03:39:00] [157/458] VNKS
[03:39:01] [158/458] SEDP
[03:39:01] [159/458] SVEN
[03:39:02] [160/458] SRKM
[03:39:03] [161/458] JTLT
[03:39:04] [162/458] SVSS
[03:39:04] [163/458] AMDE
[03:39:06] [164/458] WVRN
[03:39:07] [165/458] ISMG
[03:39:07] [166/458] WVKS
[03:39:08] 🔄 Identity reset
[03:39:08] 🔄 Identity rotated (every 10 requests)
[03:39:08] [167/458] USCG
[03:39:09] [168/458] IOTG
[03:39:09] [169/458] RRJM
[03:39:10] [170/458] EDMP
[03:39:12] [171/458] SCGZ
[03:39:12] [172/458] GMGX
[03:39:14] [173/458] OMTP
[03:39:15] [174/458] MITD
[03:39:16] [175/458] SMMD
[03:39:16] [176/458] STML
[03:39:17] 🔄 Identity reset
[03:39:17] 🔄 Identity rotated (every 10 requests)
[03:39:17] [177/458] MCFS
[03:39:18] [178/458] FPKA
[03:39:19] [179/458] OMLR
[03:39:20] [180/458] KKSC
[03:39:21] [181/458] RVMA
[03:39:21] [182/458] SCLL
[03:39:22] [183/458] SCDK
[03:39:23] [184/458] SXMI
[03:39:24] [185/458] SHDN
[03:39:24] [186/458] PAAD
[03:39:25] 🔄 Identity reset
[03:39:25] 🔄 Identity rotated (every 10 requests)
[03:39:25] [187/458] UUCB
[03:39:26] [188/458] JHOL
[03:39:27] [189/458] SGWT
[03:39:28] [190/458] SRII
[03:39:28] [191/458] SGCK
[03:39:29] [192/458] SVVB
[03:39:30] [193/458] DMHA
[03:39:31] [194/458] PPNL
[03:39:31] [195/458] CPNL
[03:39:32] [196/458] WVLD
[03:39:33] 🔄 Identity reset
[03:39:33] 🔄 Identity rotated (every 10 requests)
[03:39:33] [197/458] PSLV
[03:39:34] [198/458] VTTL
[03:39:35] [199/458] NPAD
[03:39:35] [200/458] PVCS
[03:39:37] [201/458] MCHL
[03:39:37] [202/458] PPLL
[03:39:38] [203/458] MALO
[03:39:39] [204/458] SWBH
[03:39:40] [205/458] PUGB
[03:39:41] [206/458] INBB
[03:39:42] 🔄 Identity reset
[03:39:42] 🔄 Identity rotated (every 10 requests)
[03:39:42] 🔄 Retry 1/5 for INBB in 2.6s
[03:39:42] 🔄 Identity reset
[03:39:44] 🧠 New identity created
[03:39:44] [207/458] INNS
[03:39:45] [208/458] MCPT
[03:39:46] [209/458] SCMI
[03:39:47] [210/458] OCON
[03:39:47] [211/458] SCSM
[03:39:48] [212/458] RJVN
[03:39:49] [213/458] AMDK
[03:39:50] [214/458] ISMR
[03:39:51] [215/458] SMTD
[03:39:51] 🔄 Identity reset
[03:39:51] 🔄 Identity rotated (every 10 requests)
[03:39:51] [216/458] VTDD
[03:39:52] [217/458] PDDZ
[03:39:53] [218/458] PCCK
[03:39:54] [219/458] INAM
[03:39:56] [220/458] FNKT
[03:39:57] [221/458] GDKA
[03:39:57] [222/458] MAYU
[03:39:58] [223/458] TCGU
[03:39:59] [224/458] KDCA
[03:40:00] [225/458] DOMY
[03:40:00] 🔄 Identity reset
[03:40:01] 🔄 Identity rotated (every 10 requests)
[03:40:01] 🔄 Retry 1/5 for DOMY in 3.0s
[03:40:01] 🔄 Identity reset
[03:40:04] 🧠 New identity created
[03:40:04] [226/458] PDDD
[03:40:05] [227/458] BJTS
[03:40:06] [228/458] VTCA
[03:40:06] [229/458] SBTM
[03:40:07] [230/458] SEET
[03:40:08] [231/458] SSTJ
[03:40:09] [232/458] SVNT
[03:40:10] [233/458] PPPR
[03:40:11] [234/458] PVYS
[03:40:11] 🔄 Identity reset
[03:40:11] 🔄 Identity rotated (every 10 requests)
[03:40:12] [235/458] IOSE
[03:40:12] [236/458] ACTV
[03:40:13] [237/458] APVE
[03:40:14] [238/458] TCCL
[03:40:15] [239/458] SCMO
[03:40:16] [240/458] SAUM
[03:40:17] [241/458] KCJS
[03:40:17] [242/458] NJCJ
[03:40:18] [243/458] NECF
[03:40:19] [244/458] CCGW
[03:40:20] 🔄 Identity reset
[03:40:20] 🔄 Identity rotated (every 10 requests)
[03:40:20] 🔄 Retry 1/5 for CCGW in 3.0s
[03:40:20] 🔄 Identity reset
[03:40:23] 🧠 New identity created
[03:40:23] [245/458] CCMG
[03:40:24] [246/458] NYRG
[03:40:25] [247/458] NCSQ
[03:40:25] [248/458] GRCG
[03:40:26] [249/458] CCBT
[03:40:27] [250/458] ACGA
[03:40:28] [251/458] INAG
[03:40:29] [252/458] FUCG
[03:40:30] [253/458] AICF
[03:40:30] 🔄 Identity reset
[03:40:30] 🔄 Identity rotated (every 10 requests)
[03:40:30] [254/458] GRGA
[03:40:31] [255/458] GDCN
[03:40:32] [256/458] RRCG
[03:40:33] [257/458] SDCH
[03:40:35] [258/458] WVJM
[03:40:35] [259/458] JCCZ
[03:40:36] [260/458] CNCL
[03:40:37] [261/458] TMLV
[03:40:38] [262/458] MEMB
[03:40:39] [263/458] SGTD
[03:40:39] 🔄 Identity reset
[03:40:40] 🔄 Identity rotated (every 10 requests)
[03:40:40] [264/458] CONX
[03:40:41] [265/458] CCMH
[03:40:42] [266/458] ACMC
[03:40:42] [267/458] DTPD
[03:40:43] [268/458] POJA
[03:40:44] [269/458] FNBH
[03:40:45] [270/458] CGCB
[03:40:47] [271/458] RACN
[03:40:47] [272/458] JTSM
[03:40:48] [273/458] SCDN
[03:40:49] 🔄 Identity reset
[03:40:49] 🔄 Identity rotated (every 10 requests)
[03:40:49] [274/458] AACK
[03:40:50] [275/458] RMCE
[03:40:51] [276/458] BSGB
[03:40:52] [277/458] MRCB
[03:40:52] [278/458] SRVR
[03:40:54] [279/458] VTKK
[03:40:55] [280/458] AMST
[03:40:55] [281/458] APCY
[03:40:56] [282/458] LMHO
[03:40:57] [283/458] MTZH
[03:40:57] 🔄 Identity reset
[03:40:57] 🔄 Identity rotated (every 10 requests)
[03:40:58] [284/458] AMZB
[03:40:59] [285/458] SUVT
[03:40:59] [286/458] RCIP
[03:41:00] [287/458] KESR
[03:41:01] [288/458] SNKC
[03:41:02] [289/458] SCED
[03:41:03] [290/458] DVCA
[03:41:04] [291/458] VCDT
[03:41:05] [292/458] RRDI
[03:41:06] [293/458] DFCH
[03:41:06] 🔄 Identity reset
[03:41:06] 🔄 Identity rotated (every 10 requests)
[03:41:07] [294/458] INSC
[03:41:08] [295/458] RGTR
[03:41:08] [296/458] FMOT
[03:41:09] [297/458] SCPM
[03:41:10] [298/458] GCDT
[03:41:11] [299/458] BRKT
[03:41:12] [300/458] DEMP
[03:41:13] [301/458] SRLC
[03:41:14] [302/458] KSTT
[03:41:14] [303/458] SMMT
[03:41:15] 🔄 Identity reset
[03:41:15] 🔄 Identity rotated (every 10 requests)
[03:41:15] [304/458] SILM
[03:41:16] [305/458] JCVM
[03:41:17] [306/458] KCSV
[03:41:18] [307/458] MHLK
[03:41:19] [308/458] SLVL
[03:41:20] [309/458] RJKP
[03:41:21] [310/458] BBPC
[03:41:22] [311/458] MXCB
[03:41:23] [312/458] TCPK
[03:41:23] [313/458] RTBR
[03:41:24] 🔄 Identity reset
[03:41:24] 🔄 Identity rotated (every 10 requests)
[03:41:24] [314/458] GAUT
[03:41:25] [315/458] DVCF
[03:41:27] [316/458] JTSB
[03:41:27] [317/458] SBLS
[03:41:28] [318/458] UDAY
[03:41:29] [319/458] PTNP
[03:41:31] [320/458] DMKT
[03:41:32] [321/458] NTDT
[03:41:33] [322/458] SHDJ
[03:41:34] [323/458] OTNC
[03:41:34] 🔄 Identity reset
[03:41:34] 🔄 Identity rotated (every 10 requests)
[03:41:35] [324/458] RNTW
[03:41:36] [325/458] GCMI
[03:41:37] [326/458] CRCM
[03:41:38] [327/458] NNCZ
[03:41:38] [328/458] OEMO
[03:41:39] [329/458] PVJM
[03:41:40] [330/458] CPJI
[03:41:41] [331/458] RMCJ
[03:41:42] [332/458] CNWJ
[03:41:43] [333/458] EPJM
[03:41:43] 🔄 Identity reset
[03:41:43] 🔄 Identity rotated (every 10 requests)
[03:41:44] [334/458] FNJJ
[03:41:45] [335/458] GCMJ
[03:41:46] [336/458] INPS
[03:41:47] [337/458] BICJ
[03:41:48] [338/458] ISTJ
[03:41:49] [339/458] INJC
[03:41:49] [340/458] GLXJ
[03:41:50] [341/458] INEM
[03:41:51] [342/458] JTMN
[03:41:52] [343/458] FRCJ
[03:41:52] 🔄 Identity reset
[03:41:52] 🔄 Identity rotated (every 10 requests)
[03:41:53] [344/458] DDJP
[03:41:54] [345/458] INJV
[03:41:54] [346/458] GOLC
[03:41:55] [347/458] KOCI
[03:41:57] [348/458] FSTD
[03:41:58] [349/458] PACJ
[03:41:58] [350/458] GMCN
[03:41:59] [351/458] MMDJ
[03:42:01] [352/458] GODH
[03:42:01] [353/458] SKYN
[03:42:02] 🔄 Identity reset
[03:42:02] 🔄 Identity rotated (every 10 requests)
[03:42:02] 🔄 Retry 1/5 for SKYN in 2.5s
[03:42:02] 🔄 Identity reset
[03:42:05] 🧠 New identity created
[03:42:05] [354/458] NCTH
[03:42:06] [355/458] SKVZ
[03:42:07] [356/458] SVML
[03:42:08] [357/458] ACVZ
[03:42:09] [358/458] SURA
[03:42:10] [359/458] RTRB
[03:42:11] [360/458] LLCT
[03:42:12] [361/458] ATTS
[03:42:13] [362/458] JYCM
[03:42:14] 🔄 Identity reset
[03:42:14] 🔄 Identity rotated (every 10 requests)
[03:42:14] 🔄 Retry 1/5 for JYCM in 2.9s
[03:42:14] 🔄 Identity reset
[03:42:16] 🧠 New identity created
[03:42:17] [363/458] CTKR
[03:42:18] [364/458] LCKR
[03:42:18] [365/458] NYCV
[03:42:19] [366/458] NYOH
[03:42:20] [367/458] NOVX
[03:42:21] [368/458] MRGK
[03:42:22] [369/458] MOON
[03:42:23] [370/458] SBUC
[03:42:24] [371/458] GSVA
[03:42:25] 🔄 Identity reset
[03:42:25] 🔄 Identity rotated (every 10 requests)
[03:42:25] [372/458] VIAK
[03:42:26] [373/458] SMVZ
[03:42:27] [374/458] MATE
[03:42:28] [375/458] RDCN
[03:42:28] [376/458] ASBL
[03:42:29] [377/458] ASVS
[03:42:30] [378/458] ASSR
[03:42:31] [379/458] SSKN
[03:42:32] [380/458] DRPV
[03:42:33] [381/458] MRHT
[03:42:34] 🔄 Identity reset
[03:42:34] 🔄 Identity rotated (every 10 requests)
[03:42:34] [382/458] BSCN
[03:42:34] [383/458] RKNX
[03:42:35] [384/458] MSMC
[03:42:36] [385/458] MSCJ
[03:42:38] [386/458] BTBJ
[03:42:39] [387/458] MJCC
[03:42:39] [388/458] IOMM
[03:42:40] [389/458] ADGR
[03:42:41] [390/458] MYCP
[03:42:42] [391/458] IGCM
[03:42:43] 🔄 Identity reset
[03:42:43] 🔄 Identity rotated (every 10 requests)
[03:42:43] [392/458] PGRK
[03:42:44] [393/458] VPGO
[03:42:45] [394/458] KOMS
[03:42:46] [395/458] URGG
[03:42:47] [396/458] GOST
[03:42:48] [397/458] LACT
[03:42:49] [398/458] BWCM
[03:42:50] [399/458] NCCW
[03:42:51] [400/458] SKYC
[03:42:51] [401/458] CCPM
[03:42:52] 🔄 Identity reset
[03:42:52] 🔄 Identity rotated (every 10 requests)
[03:42:52] [402/458] VCBT
[03:42:53] [403/458] SDKR
[03:42:54] [404/458] CTYB
[03:42:55] [405/458] SHCX
[03:42:56] [406/458] RCUN
[03:42:57] [407/458] CNRA
[03:42:58] [408/458] RFCA
[03:42:59] [409/458] RDCU
[03:43:00] [410/458] SARK
[03:43:01] [411/458] SPPP
[03:43:02] 🔄 Identity reset
[03:43:02] 🔄 Identity rotated (every 10 requests)
[03:43:02] [412/458] ADMB
[03:43:03] [413/458] JYOE
[03:43:04] [414/458] SRMD
[03:43:05] [415/458] RJDH
[03:43:06] [416/458] SSTD
[03:43:07] [417/458] AACV
[03:43:07] [418/458] PPVD
[03:43:08] [419/458] STCP
[03:43:09] [420/458] ANLS
[03:43:10] [421/458] BIJO
[03:43:11] 🔄 Identity reset
[03:43:11] 🔄 Identity rotated (every 10 requests)
[03:43:11] [422/458] AVAB
[03:43:12] [423/458] SPMD
[03:43:13] [424/458] SVJL
[03:43:14] [425/458] SDDJ
[03:43:15] [426/458] SLTU
[03:43:16] [427/458] SAKA
[03:43:16] [428/458] PMAM
[03:43:17] [429/458] FNAM
[03:43:18] [430/458] ACAM
[03:43:19] [431/458] SCMM
[03:43:20] 🔄 Identity reset
[03:43:20] 🔄 Identity rotated (every 10 requests)
[03:43:20] [432/458] PMAK
[03:43:21] [433/458] NYSA
[03:43:22] [434/458] FCPA
[03:43:23] [435/458] GDAN
[03:43:24] [436/458] RSCA
[03:43:25] [437/458] DMAN
[03:43:26] [438/458] DZCM
[03:43:27] [439/458] NSGL
[03:43:28] [440/458] CCPP
[03:43:29] [441/458] PSMG
[03:43:30] 🔄 Identity reset
[03:43:30] 🔄 Identity rotated (every 10 requests)
[03:43:30] [442/458] GSER
[03:43:31] [443/458] FCCT
[03:43:31] [444/458] FCTB
[03:43:32] [445/458] LCNK
[03:43:33] [446/458] SKTY
[03:43:34] [447/458] INAA
[03:43:35] [448/458] RCWN
[03:43:36] [449/458] VAIS
[03:43:37] [450/458] CVMN
[03:43:38] [451/458] INTS
[03:43:38] 🔄 Identity reset
[03:43:38] 🔄 Identity rotated (every 10 requests)
[03:43:39] [452/458] FRGS
[03:43:40] [453/458] DTCK
[03:43:41] [454/458] MCMH
[03:43:42] [455/458] ECRR
[03:43:43] [456/458] RLLP
[03:43:44] [457/458] CCSN
[03:43:45] [458/458] CCBA
[03:43:46] 🧹 Deduping shows
[03:43:46] ✅ DONE | Shows=2253 | Movies=46
[10:46:05] 🚀 SCRIPT STARTED (enhanced anti‑detection)
[10:46:05] [1/458] MBDC
[10:46:05] 🧠 New identity created
[10:46:06] [2/458] CHKM
[10:46:06] [3/458] JTKZ
[10:46:07] [4/458] CMCT
[10:46:08] [5/458] ASHO
[10:46:09] [6/458] ECDG
[10:46:10] [7/458] SPAT
[10:46:11] [8/458] HILC
[10:46:12] [9/458] SPPH
[10:46:13] [10/458] SBHN
[10:46:13] 🔄 Identity reset
[10:46:13] 🔄 Identity rotated (every 10 requests)
[10:46:13] 🔄 Retry 1/5 for SBHN in 3.0s
[10:46:13] 🔄 Identity reset
[10:46:16] 🧠 New identity created
[10:46:16] [11/458] RRCA
[10:46:17] [12/458] APAA
[10:46:18] [13/458] RAME
[10:46:19] [14/458] TMMS
[10:46:20] [15/458] BATK
[10:46:21] [16/458] LKOP
[10:46:22] [17/458] AMTT
[10:46:23] [18/458] PTGK
[10:46:23] [19/458] ANRS
[10:46:24] 🔄 Identity reset
[10:46:24] 🔄 Identity rotated (every 10 requests)
[10:46:24] [20/458] VWBW
[10:46:25] [21/458] SVFG
[10:46:26] [22/458] STAT
[10:46:28] [23/458] GDCV
[10:46:29] [24/458] VEBI
[10:46:29] [25/458] VDSS
[10:46:30] [26/458] NTHV
[10:46:32] [27/458] AOCH
[10:46:33] [28/458] KASR
[10:46:34] [29/458] AYCS
[10:46:34] 🔄 Identity reset
[10:46:34] 🔄 Identity rotated (every 10 requests)
[10:46:35] [30/458] SHAI
[10:46:36] [31/458] SKPE
[10:46:37] [32/458] SBTA
[10:46:38] [33/458] RTTD
[10:46:39] [34/458] CCJD
[10:46:40] [35/458] RSJJ
[10:46:41] [36/458] RKND
[10:46:42] [37/458] SVTX
[10:46:43] [38/458] BAKM
[10:46:44] [39/458] SVDC
[10:46:44] 🔄 Identity reset
[10:46:44] 🔄 Identity rotated (every 10 requests)
[10:46:45] [40/458] MNCV
[10:46:46] [41/458] SJGC
[10:46:47] [42/458] MTPK
[10:46:48] [43/458] GATP
[10:46:49] [44/458] ABTS
[10:46:50] [45/458] ABDE
[10:46:50] [46/458] RCNM
[10:46:51] [47/458] KTHV
[10:46:52] [48/458] MDGJ
[10:46:53] [49/458] SMLM
[10:46:54] 🔄 Identity reset
[10:46:54] 🔄 Identity rotated (every 10 requests)
[10:46:54] 🔄 Retry 1/5 for SMLM in 2.7s
[10:46:54] 🔄 Identity reset
[10:46:57] 🧠 New identity created
[10:46:57] [50/458] JTMA
[10:46:58] [51/458] ACKP
[10:46:59] [52/458] SRTA
[10:47:00] [53/458] STAY
[10:47:01] [54/458] MAVO
[10:47:02] [55/458] APTS
[10:47:03] [56/458] OMEA
[10:47:04] [57/458] TTFD
[10:47:05] [58/458] MJCU
[10:47:05] 🔄 Identity reset
[10:47:05] 🔄 Identity rotated (every 10 requests)
[10:47:06] [59/458] CXTE
[10:47:07] [60/458] CTPX
[10:47:08] [61/458] ASSL
[10:47:09] [62/458] CMVB
[10:47:11] [63/458] VPUR
[10:47:12] [64/458] JJDA
[10:47:14] [65/458] INBL
[10:47:15] [66/458] BIKB
[10:47:16] [67/458] NTBB
[10:47:16] [68/458] GLOB
[10:47:17] 🔄 Identity reset
[10:47:17] 🔄 Identity rotated (every 10 requests)
[10:47:17] [69/458] SNTB
[10:47:18] [70/458] CHGV
[10:47:19] [71/458] SSBZ
[10:47:20] [72/458] PRDB
[10:47:21] [73/458] ISMT
[10:47:22] [74/458] MCSD
[10:47:22] [75/458] JBTT
[10:47:23] [76/458] GEKR
[10:47:24] [77/458] PVUN
[10:47:25] [78/458] NRTB
[10:47:26] 🔄 Identity reset
[10:47:26] 🔄 Identity rotated (every 10 requests)
[10:47:26] 🔄 Retry 1/5 for NRTB in 2.4s
[10:47:26] 🔄 Identity reset
[10:47:28] 🧠 New identity created
[10:47:28] 🔄 Retry 2/5 for NRTB in 4.4s
[10:47:28] 🔄 Identity reset
[10:47:33] 🧠 New identity created
[10:47:33] 🔄 Retry 3/5 for NRTB in 8.1s
[10:47:33] 🔄 Identity reset
[10:47:41] 🧠 New identity created
[10:47:41] 🔄 Retry 4/5 for NRTB in 16.1s
[10:47:41] 🔄 Identity reset
[10:47:57] 🧠 New identity created
[10:47:57] ❌ NRTB failed after 5 attempts
[10:47:57] 🔄 Identity reset
[10:47:57] ❌ NRTB final failure | RuntimeError | HTTP 403
[10:47:57] [79/458] PRAA
[10:47:58] 🧠 New identity created
[10:47:58] [80/458] PCBL
[10:47:59] [81/458] PTCM
[10:48:01] [82/458] KHNN
[10:48:01] [83/458] OMJE
[10:48:02] [84/458] STGN
[10:48:03] 🔄 Identity reset
[10:48:03] 🔄 Identity rotated (every 10 requests)
[10:48:03] [85/458] RPMS
[10:48:04] [86/458] NWAD
[10:48:05] [87/458] BLCK
[10:48:06] [88/458] SVAA
[10:48:07] [89/458] URVM
[10:48:07] [90/458] ANTM
[10:48:09] [91/458] VJYM
[10:48:10] [92/458] MAZZ
[10:48:11] [93/458] CSHM
[10:48:11] [94/458] WGMH
[10:48:12] 🔄 Identity reset
[10:48:12] 🔄 Identity rotated (every 10 requests)
[10:48:12] [95/458] SALN
[10:48:13] [96/458] BRTP
[10:48:14] [97/458] SVTA
[10:48:15] [98/458] SBTP
[10:48:16] [99/458] VLSS
[10:48:17] [100/458] SRJA
[10:48:18] [101/458] ANCG
[10:48:20] [102/458] CGGC
[10:48:21] [103/458] CRJA
[10:48:22] [104/458] USCR
[10:48:23] 🔄 Identity reset
[10:48:23] 🔄 Identity rotated (every 10 requests)
[10:48:23] [105/458] MMEF
[10:48:24] [106/458] JCRJ
[10:48:25] [107/458] ADCM
[10:48:26] [108/458] BMYK
[10:48:27] [109/458] KICS
[10:48:27] [110/458] MBBT
[10:48:28] [111/458] MACK
[10:48:29] [112/458] CLDR
[10:48:30] [113/458] JYCR
[10:48:31] [114/458] DCRP
[10:48:31] 🔄 Identity reset
[10:48:32] 🔄 Identity rotated (every 10 requests)
[10:48:32] [115/458] RAHT
[10:48:33] [116/458] CSSM
[10:48:34] [117/458] ATPK
[10:48:35] [118/458] KLRT
[10:48:35] [119/458] SRDD
[10:48:37] [120/458] CKMC
[10:48:38] [121/458] KRVM
[10:48:39] [122/458] AKCP
[10:48:40] [123/458] CNCV
[10:48:41] [124/458] PACT
[10:48:41] 🔄 Identity reset
[10:48:41] 🔄 Identity rotated (every 10 requests)
[10:48:41] 🔄 Retry 1/5 for PACT in 2.6s
[10:48:41] 🔄 Identity reset
[10:48:44] 🧠 New identity created
[10:48:44] [125/458] NATP
[10:48:45] [126/458] PCPK
[10:48:47] [127/458] SMHO
[10:48:48] [128/458] CWTK
[10:48:49] [129/458] RVKZ
[10:48:49] [130/458] ASPD
[10:48:50] [131/458] VTKZ
[10:48:52] [132/458] LCSO
[10:48:53] [133/458] PRDY
[10:48:53] 🔄 Identity reset
[10:48:53] 🔄 Identity rotated (every 10 requests)
[10:48:54] 🔄 Retry 1/5 for PRDY in 2.9s
[10:48:54] 🔄 Identity reset
[10:48:56] 🧠 New identity created
[10:48:57] [134/458] RCAP
[10:48:58] [135/458] RGAR
[10:48:58] [136/458] RCAC
[10:48:59] [137/458] PMOD
[10:49:00] [138/458] PVCN
[10:49:02] [139/458] SCRZ
[10:49:02] [140/458] PVPC
[10:49:04] [141/458] STID
[10:49:05] [142/458] NEDD
[10:49:05] 🔄 Identity reset
[10:49:06] 🔄 Identity rotated (every 10 requests)
[10:49:06] 🔄 Retry 1/5 for NEDD in 2.3s
[10:49:06] 🔄 Identity reset
[10:49:08] 🧠 New identity created
[10:49:08] [143/458] BNBA
[10:49:09] [144/458] NTCD
[10:49:10] [145/458] OCDE
[10:49:11] [146/458] CCDU
[10:49:12] [147/458] CRXH
[10:49:13] [148/458] VLVT
[10:49:15] [149/458] CICI
[10:49:16] [150/458] SUCB
[10:49:17] [151/458] TCBP
[10:49:17] 🔄 Identity reset
[10:49:17] 🔄 Identity rotated (every 10 requests)
[10:49:17] 🔄 Retry 1/5 for TCBP in 2.1s
[10:49:17] 🔄 Identity reset
[10:49:20] 🧠 New identity created
[10:49:20] 🔄 Retry 2/5 for TCBP in 4.5s
[10:49:20] 🔄 Identity reset
[10:49:24] 🧠 New identity created
[10:49:25] [152/458] SCCY
[10:49:25] [153/458] LXCY
[10:49:27] [154/458] NCMD
[10:49:28] [155/458] PHCS
[10:49:29] [156/458] DUXR
[10:49:30] [157/458] VNKS
[10:49:31] [158/458] SEDP
[10:49:32] [159/458] SVEN
[10:49:32] 🔄 Identity reset
[10:49:32] 🔄 Identity rotated (every 10 requests)
[10:49:32] [160/458] SRKM
[10:49:33] [161/458] JTLT
[10:49:34] [162/458] SVSS
[10:49:35] [163/458] AMDE
[10:49:36] [164/458] WVRN
[10:49:37] [165/458] ISMG
[10:49:38] [166/458] WVKS
[10:49:39] [167/458] USCG
[10:49:40] [168/458] IOTG
[10:49:40] [169/458] RRJM
[10:49:41] 🔄 Identity reset
[10:49:41] 🔄 Identity rotated (every 10 requests)
[10:49:41] [170/458] EDMP
[10:49:42] [171/458] SCGZ
[10:49:43] [172/458] GMGX
[10:49:44] [173/458] OMTP
[10:49:45] [174/458] MITD
[10:49:46] [175/458] SMMD
[10:49:47] [176/458] STML
[10:49:48] [177/458] MCFS
[10:49:49] [178/458] FPKA
[10:49:50] [179/458] OMLR
[10:49:51] 🔄 Identity reset
[10:49:51] 🔄 Identity rotated (every 10 requests)
[10:49:51] 🔄 Retry 1/5 for OMLR in 2.6s
[10:49:51] 🔄 Identity reset
[10:49:54] 🧠 New identity created
[10:49:54] [180/458] KKSC
[10:49:55] [181/458] RVMA
[10:49:56] [182/458] SCLL
[10:49:57] [183/458] SCDK
[10:49:57] [184/458] SXMI
[10:49:58] [185/458] SHDN
[10:49:59] [186/458] PAAD
[10:50:00] [187/458] UUCB
[10:50:01] [188/458] JHOL
[10:50:02] 🔄 Identity reset
[10:50:02] 🔄 Identity rotated (every 10 requests)
[10:50:02] [189/458] SGWT
[10:50:03] [190/458] SRII
[10:50:04] [191/458] SGCK
[10:50:05] [192/458] SVVB
[10:50:06] [193/458] DMHA
[10:50:07] [194/458] PPNL
[10:50:08] [195/458] CPNL
[10:50:09] [196/458] WVLD
[10:50:10] [197/458] PSLV
[10:50:11] [198/458] VTTL
[10:50:12] 🔄 Identity reset
[10:50:12] 🔄 Identity rotated (every 10 requests)
[10:50:12] 🔄 Retry 1/5 for VTTL in 2.9s
[10:50:12] 🔄 Identity reset
[10:50:15] 🧠 New identity created
[10:50:15] [199/458] NPAD
[10:50:16] [200/458] PVCS
[10:50:17] [201/458] MCHL
[10:50:18] [202/458] PPLL
[10:50:19] [203/458] MALO
[10:50:20] [204/458] SWBH
[10:50:20] [205/458] PUGB
[10:50:21] [206/458] INBB
[10:50:22] [207/458] INNS
[10:50:23] 🔄 Identity reset
[10:50:23] 🔄 Identity rotated (every 10 requests)
[10:50:23] [208/458] MCPT
[10:50:24] [209/458] SCMI
[10:50:25] [210/458] OCON
[10:50:26] [211/458] SCSM
[10:50:26] [212/458] RJVN
[10:50:28] [213/458] AMDK
[10:50:29] [214/458] ISMR
[10:50:29] [215/458] SMTD
[10:50:30] [216/458] VTDD
[10:50:31] [217/458] PDDZ
[10:50:32] 🔄 Identity reset
[10:50:32] 🔄 Identity rotated (every 10 requests)
[10:50:32] 🔄 Retry 1/5 for PDDZ in 2.8s
[10:50:32] 🔄 Identity reset
[10:50:35] 🧠 New identity created
[10:50:36] [218/458] PCCK
[10:50:36] [219/458] INAM
[10:50:37] [220/458] FNKT
[10:50:38] [221/458] GDKA
[10:50:40] [222/458] MAYU
[10:50:41] [223/458] TCGU
[10:50:42] [224/458] KDCA
[10:50:43] [225/458] DOMY
[10:50:44] [226/458] PDDD
[10:50:44] 🔄 Identity reset
[10:50:44] 🔄 Identity rotated (every 10 requests)
[10:50:44] [227/458] BJTS
[10:50:45] [228/458] VTCA
[10:50:46] [229/458] SBTM
[10:50:47] [230/458] SEET
[10:50:48] [231/458] SSTJ
[10:50:49] [232/458] SVNT
[10:50:50] [233/458] PPPR
[10:50:51] [234/458] PVYS
[10:50:52] [235/458] IOSE
[10:50:53] [236/458] ACTV
[10:50:53] 🔄 Identity reset
[10:50:53] 🔄 Identity rotated (every 10 requests)
[10:50:54] [237/458] APVE
[10:50:55] [238/458] TCCL
[10:50:56] [239/458] SCMO
[10:50:57] [240/458] SAUM
[10:50:58] [241/458] KCJS
[10:50:58] [242/458] NJCJ
[10:51:00] [243/458] NECF
[10:51:01] [244/458] CCGW
[10:51:01] [245/458] CCMG
[10:51:03] [246/458] NYRG
[10:51:04] 🔄 Identity reset
[10:51:04] 🔄 Identity rotated (every 10 requests)
[10:51:04] [247/458] NCSQ
[10:51:05] [248/458] GRCG
[10:51:06] [249/458] CCBT
[10:51:07] [250/458] ACGA
[10:51:08] [251/458] INAG
[10:51:09] [252/458] FUCG
[10:51:09] [253/458] AICF
[10:51:10] [254/458] GRGA
[10:51:11] [255/458] GDCN
[10:51:13] [256/458] RRCG
[10:51:13] 🔄 Identity reset
[10:51:13] 🔄 Identity rotated (every 10 requests)
[10:51:14] [257/458] SDCH
[10:51:15] [258/458] WVJM
[10:51:15] [259/458] JCCZ
[10:51:16] [260/458] CNCL
[10:51:17] [261/458] TMLV
[10:51:18] [262/458] MEMB
[10:51:19] [263/458] SGTD
[10:51:20] [264/458] CONX
[10:51:21] [265/458] CCMH
[10:51:21] [266/458] ACMC
[10:51:22] 🔄 Identity reset
[10:51:22] 🔄 Identity rotated (every 10 requests)
[10:51:22] [267/458] DTPD
[10:51:23] [268/458] POJA
[10:51:24] [269/458] FNBH
[10:51:24] [270/458] CGCB
[10:51:25] [271/458] RACN
[10:51:26] [272/458] JTSM
[10:51:27] [273/458] SCDN
[10:51:28] [274/458] AACK
[10:51:29] [275/458] RMCE
[10:51:31] [276/458] BSGB
[10:51:31] 🔄 Identity reset
[10:51:31] 🔄 Identity rotated (every 10 requests)
[10:51:32] [277/458] MRCB
[10:51:33] [278/458] SRVR
[10:51:33] [279/458] VTKK
[10:51:34] [280/458] AMST
[10:51:35] [281/458] APCY
[10:51:36] [282/458] LMHO
[10:51:38] [283/458] MTZH
[10:51:38] [284/458] AMZB
[10:51:39] [285/458] SUVT
[10:51:40] [286/458] RCIP
[10:51:41] 🔄 Identity reset
[10:51:41] 🔄 Identity rotated (every 10 requests)
[10:51:41] [287/458] KESR
[10:51:42] [288/458] SNKC
[10:51:43] [289/458] SCED
[10:51:44] [290/458] DVCA
[10:51:45] [291/458] VCDT
[10:51:46] [292/458] RRDI
[10:51:47] [293/458] DFCH
[10:51:48] [294/458] INSC
[10:51:49] [295/458] RGTR
[10:51:49] [296/458] FMOT
[10:51:50] 🔄 Identity reset
[10:51:50] 🔄 Identity rotated (every 10 requests)
[10:51:50] [297/458] SCPM
[10:51:51] [298/458] GCDT
[10:51:52] [299/458] BRKT
[10:51:53] [300/458] DEMP
[10:51:54] [301/458] SRLC
[10:51:55] [302/458] KSTT
[10:51:56] [303/458] SMMT
[10:51:57] [304/458] SILM
[10:51:58] [305/458] JCVM
[10:51:58] [306/458] KCSV
[10:51:59] 🔄 Identity reset
[10:51:59] 🔄 Identity rotated (every 10 requests)
[10:51:59] 🔄 Retry 1/5 for KCSV in 2.5s
[10:51:59] 🔄 Identity reset
[10:52:02] 🧠 New identity created
[10:52:02] 🔄 Retry 2/5 for KCSV in 4.5s
[10:52:02] 🔄 Identity reset
[10:52:06] 🧠 New identity created
[10:52:07] [307/458] MHLK
[10:52:08] [308/458] SLVL
[10:52:09] [309/458] RJKP
[10:52:10] [310/458] BBPC
[10:52:11] [311/458] MXCB
[10:52:12] [312/458] TCPK
[10:52:13] [313/458] RTBR
[10:52:14] [314/458] GAUT
[10:52:14] 🔄 Identity reset
[10:52:14] 🔄 Identity rotated (every 10 requests)
[10:52:14] 🔄 Retry 1/5 for GAUT in 2.9s
[10:52:14] 🔄 Identity reset
[10:52:17] 🧠 New identity created
[10:52:18] [315/458] DVCF
[10:52:19] [316/458] JTSB
[10:52:20] [317/458] SBLS
[10:52:21] [318/458] UDAY
[10:52:22] [319/458] PTNP
[10:52:23] [320/458] DMKT
[10:52:23] [321/458] NTDT
[10:52:24] [322/458] SHDJ
[10:52:25] [323/458] OTNC
[10:52:26] 🔄 Identity reset
[10:52:26] 🔄 Identity rotated (every 10 requests)
[10:52:26] [324/458] RNTW
[10:52:27] [325/458] GCMI
[10:52:28] [326/458] CRCM
[10:52:29] [327/458] NNCZ
[10:52:30] [328/458] OEMO
[10:52:31] [329/458] PVJM
[10:52:33] [330/458] CPJI
[10:52:34] [331/458] RMCJ
[10:52:34] [332/458] CNWJ
[10:52:35] [333/458] EPJM
[10:52:36] 🔄 Identity reset
[10:52:36] 🔄 Identity rotated (every 10 requests)
[10:52:36] [334/458] FNJJ
[10:52:37] [335/458] GCMJ
[10:52:38] [336/458] INPS
[10:52:39] [337/458] BICJ
[10:52:40] [338/458] ISTJ
[10:52:40] [339/458] INJC
[10:52:41] [340/458] GLXJ
[10:52:42] [341/458] INEM
[10:52:44] [342/458] JTMN
[10:52:45] [343/458] FRCJ
[10:52:45] 🔄 Identity reset
[10:52:45] 🔄 Identity rotated (every 10 requests)
[10:52:46] [344/458] DDJP
[10:52:46] [345/458] INJV
[10:52:47] [346/458] GOLC
[10:52:49] [347/458] KOCI
[10:52:50] [348/458] FSTD
[10:52:51] [349/458] PACJ
[10:52:53] [350/458] GMCN
[10:52:54] [351/458] MMDJ
[10:52:55] [352/458] GODH
[10:52:55] [353/458] SKYN
[10:52:56] 🔄 Identity reset
[10:52:56] 🔄 Identity rotated (every 10 requests)
[10:52:56] [354/458] NCTH
[10:52:58] [355/458] SKVZ
[10:52:58] [356/458] SVML
[10:52:59] [357/458] ACVZ
[10:53:00] [358/458] SURA
[10:53:01] [359/458] RTRB
[10:53:02] [360/458] LLCT
[10:53:03] [361/458] ATTS
[10:53:03] [362/458] JYCM
[10:53:04] [363/458] CTKR
[10:53:05] 🔄 Identity reset
[10:53:05] 🔄 Identity rotated (every 10 requests)
[10:53:05] [364/458] LCKR
[10:53:06] [365/458] NYCV
[10:53:07] [366/458] NYOH
[10:53:08] [367/458] NOVX
[10:53:08] [368/458] MRGK
[10:53:09] [369/458] MOON
[10:53:10] [370/458] SBUC
[10:53:11] [371/458] GSVA
[10:53:12] [372/458] VIAK
[10:53:13] [373/458] SMVZ
[10:53:13] 🔄 Identity reset
[10:53:13] 🔄 Identity rotated (every 10 requests)
[10:53:14] [374/458] MATE
[10:53:14] [375/458] RDCN
[10:53:15] [376/458] ASBL
[10:53:16] [377/458] ASVS
[10:53:17] [378/458] ASSR
[10:53:18] [379/458] SSKN
[10:53:19] [380/458] DRPV
[10:53:20] [381/458] MRHT
[10:53:21] [382/458] BSCN
[10:53:22] [383/458] RKNX
[10:53:22] 🔄 Identity reset
[10:53:22] 🔄 Identity rotated (every 10 requests)
[10:53:22] [384/458] MSMC
[10:53:23] [385/458] MSCJ
[10:53:24] [386/458] BTBJ
[10:53:25] [387/458] MJCC
[10:53:26] [388/458] IOMM
[10:53:27] [389/458] ADGR
[10:53:28] [390/458] MYCP
[10:53:28] [391/458] IGCM
[10:53:30] [392/458] PGRK
[10:53:31] [393/458] VPGO
[10:53:31] 🔄 Identity reset
[10:53:31] 🔄 Identity rotated (every 10 requests)
[10:53:32] [394/458] KOMS
[10:53:32] [395/458] URGG
[10:53:33] [396/458] GOST
[10:53:34] [397/458] LACT
[10:53:35] [398/458] BWCM
[10:53:36] [399/458] NCCW
[10:53:37] [400/458] SKYC
[10:53:37] [401/458] CCPM
[10:53:38] [402/458] VCBT
[10:53:39] [403/458] SDKR
[10:53:40] 🔄 Identity reset
[10:53:40] 🔄 Identity rotated (every 10 requests)
[10:53:40] 🔄 Retry 1/5 for SDKR in 2.3s
[10:53:40] 🔄 Identity reset
[10:53:42] 🧠 New identity created
[10:53:42] [404/458] CTYB
[10:53:43] [405/458] SHCX
[10:53:44] [406/458] RCUN
[10:53:45] [407/458] CNRA
[10:53:46] [408/458] RFCA
[10:53:47] [409/458] RDCU
[10:53:48] [410/458] SARK
[10:53:48] [411/458] SPPP
[10:53:50] [412/458] ADMB
[10:53:50] 🔄 Identity reset
[10:53:50] 🔄 Identity rotated (every 10 requests)
[10:53:51] [413/458] JYOE
[10:53:51] [414/458] SRMD
[10:53:52] [415/458] RJDH
[10:53:53] [416/458] SSTD
[10:53:54] [417/458] AACV
[10:53:55] [418/458] PPVD
[10:53:56] [419/458] STCP
[10:53:57] [420/458] ANLS
[10:53:58] [421/458] BIJO
[10:53:59] [422/458] AVAB
[10:54:00] 🔄 Identity reset
[10:54:00] 🔄 Identity rotated (every 10 requests)
[10:54:00] 🔄 Retry 1/5 for AVAB in 2.1s
[10:54:00] 🔄 Identity reset
[10:54:02] 🧠 New identity created
[10:54:02] [423/458] SPMD
[10:54:03] [424/458] SVJL
[10:54:04] [425/458] SDDJ
[10:54:05] [426/458] SLTU
[10:54:06] [427/458] SAKA
[10:54:07] [428/458] PMAM
[10:54:08] [429/458] FNAM
[10:54:09] [430/458] ACAM
[10:54:09] [431/458] SCMM
[10:54:10] 🔄 Identity reset
[10:54:10] 🔄 Identity rotated (every 10 requests)
[10:54:11] [432/458] PMAK
[10:54:11] [433/458] NYSA
[10:54:12] [434/458] FCPA
[10:54:13] [435/458] GDAN
[10:54:14] [436/458] RSCA
[10:54:15] [437/458] DMAN
[10:54:16] [438/458] DZCM
[10:54:16] [439/458] NSGL
[10:54:17] [440/458] CCPP
[10:54:18] [441/458] PSMG
[10:54:18] 🔄 Identity reset
[10:54:18] 🔄 Identity rotated (every 10 requests)
[10:54:19] [442/458] GSER
[10:54:20] [443/458] FCCT
[10:54:21] [444/458] FCTB
[10:54:22] [445/458] LCNK
[10:54:23] [446/458] SKTY
[10:54:24] [447/458] INAA
[10:54:26] [448/458] RCWN
[10:54:27] [449/458] VAIS
[10:54:27] [450/458] CVMN
[10:54:28] [451/458] INTS
[10:54:29] 🔄 Identity reset
[10:54:29] 🔄 Identity rotated (every 10 requests)
[10:54:29] [452/458] FRGS
[10:54:30] [453/458] DTCK
[10:54:30] [454/458] MCMH
[10:54:31] [455/458] ECRR
[10:54:32] [456/458] RLLP
[10:54:33] [457/458] CCSN
[10:54:34] [458/458] CCBA
[10:54:36] 🔁 RETRY ROUND 1 | Remaining: 1
[10:54:36] [RETRY-1] NRTB
[10:54:38] 🧹 Deduping shows
[10:54:38] ✅ DONE | Shows=2327 | Movies=48
[05:40:57] 🚀 SCRIPT STARTED (enhanced anti‑detection)
[05:40:57] [1/458] MBDC
[05:40:58] 🧠 New identity created
[05:40:58] [2/458] CHKM
[05:40:59] [3/458] JTKZ
[05:41:00] [4/458] CMCT
[05:41:01] [5/458] ASHO
[05:41:02] [6/458] ECDG
[05:41:03] [7/458] SPAT
[05:41:05] [8/458] HILC
[05:41:06] [9/458] SPPH
[05:41:07] [10/458] SBHN
[05:41:08] 🔄 Identity reset
[05:41:08] 🔄 Identity rotated (every 10 requests)
[05:41:08] [11/458] RRCA
[05:41:09] [12/458] APAA
[05:41:10] [13/458] RAME
[05:41:11] [14/458] TMMS
[05:41:12] [15/458] BATK
[05:41:13] [16/458] LKOP
[05:41:14] [17/458] AMTT
[05:41:15] [18/458] PTGK
[05:41:16] [19/458] ANRS
[05:41:17] [20/458] VWBW
[05:41:17] 🔄 Identity reset
[05:41:17] 🔄 Identity rotated (every 10 requests)
[05:41:17] 🔄 Retry 1/5 for VWBW in 2.3s
[05:41:17] 🔄 Identity reset
[05:41:20] 🧠 New identity created
[05:41:20] [21/458] SVFG
[05:41:21] [22/458] STAT
[05:41:22] [23/458] GDCV
[05:41:23] [24/458] VEBI
[05:41:24] [25/458] VDSS
[05:41:25] [26/458] NTHV
[05:41:26] [27/458] AOCH
[05:41:27] [28/458] KASR
[05:41:28] [29/458] AYCS
[05:41:28] 🔄 Identity reset
[05:41:28] 🔄 Identity rotated (every 10 requests)
[05:41:28] [30/458] SHAI
[05:41:29] [31/458] SKPE
[05:41:30] [32/458] SBTA
[05:41:32] [33/458] RTTD
[05:41:33] [34/458] CCJD
[05:41:34] [35/458] RSJJ
[05:41:35] [36/458] RKND
[05:41:35] [37/458] SVTX
[05:41:36] [38/458] BAKM
[05:41:37] [39/458] SVDC
[05:41:38] 🔄 Identity reset
[05:41:38] 🔄 Identity rotated (every 10 requests)
[05:41:38] [40/458] MNCV
[05:41:39] [41/458] SJGC
[05:41:40] [42/458] MTPK
[05:41:41] [43/458] GATP
[05:41:43] [44/458] ABTS
[05:41:44] [45/458] ABDE
[05:41:45] [46/458] RCNM
[05:41:46] [47/458] KTHV
[05:41:47] [48/458] MDGJ
[05:41:48] [49/458] SMLM
[05:41:49] 🔄 Identity reset
[05:41:49] 🔄 Identity rotated (every 10 requests)
[05:41:49] [50/458] JTMA
[05:41:50] [51/458] ACKP
[05:41:51] [52/458] SRTA
[05:41:52] [53/458] STAY
[05:41:53] [54/458] MAVO
[05:41:54] [55/458] APTS
[05:41:54] [56/458] OMEA
[05:41:55] [57/458] TTFD
[05:41:56] [58/458] MJCU
[05:41:57] [59/458] CXTE
[05:41:58] 🔄 Identity reset
[05:41:58] 🔄 Identity rotated (every 10 requests)
[05:41:58] 🔄 Retry 1/5 for CXTE in 2.4s
[05:41:58] 🔄 Identity reset
[05:42:00] 🧠 New identity created
[05:42:00] 🔄 Retry 2/5 for CXTE in 4.4s
[05:42:00] 🔄 Identity reset
[05:42:05] 🧠 New identity created
[05:42:06] [60/458] CTPX
[05:42:07] [61/458] ASSL
[05:42:07] [62/458] CMVB
[05:42:08] [63/458] VPUR
[05:42:09] [64/458] JJDA
[05:42:10] [65/458] INBL
[05:42:11] [66/458] BIKB
[05:42:13] [67/458] NTBB
[05:42:13] 🔄 Identity reset
[05:42:13] 🔄 Identity rotated (every 10 requests)
[05:42:13] 🔄 Retry 1/5 for NTBB in 2.8s
[05:42:13] 🔄 Identity reset
[05:42:16] 🧠 New identity created
[05:42:16] [68/458] GLOB
[05:42:17] [69/458] SNTB
[05:42:18] [70/458] CHGV
[05:42:19] [71/458] SSBZ
[05:42:21] [72/458] PRDB
[05:42:22] [73/458] ISMT
[05:42:23] [74/458] MCSD
[05:42:24] [75/458] JBTT
[05:42:24] [76/458] GEKR
[05:42:25] 🔄 Identity reset
[05:42:25] 🔄 Identity rotated (every 10 requests)
[05:42:25] [77/458] PVUN
[05:42:26] [78/458] NRTB
[05:42:27] [79/458] PRAA
[05:42:28] [80/458] PCBL
[05:42:29] [81/458] PTCM
[05:42:30] [82/458] KHNN
[05:42:30] [83/458] OMJE
[05:42:31] [84/458] STGN
[05:42:32] [85/458] RPMS
[05:42:34] [86/458] NWAD
[05:42:34] 🔄 Identity reset
[05:42:34] 🔄 Identity rotated (every 10 requests)
[05:42:35] [87/458] BLCK
[05:42:36] [88/458] SVAA
[05:42:37] [89/458] URVM
[05:42:38] [90/458] ANTM
[05:42:39] [91/458] VJYM
[05:42:40] [92/458] MAZZ
[05:42:41] [93/458] CSHM
[05:42:42] [94/458] WGMH
[05:42:43] [95/458] SALN
[05:42:43] [96/458] BRTP
[05:42:44] 🔄 Identity reset
[05:42:44] 🔄 Identity rotated (every 10 requests)
[05:42:44] 🔄 Retry 1/5 for BRTP in 2.8s
[05:42:44] 🔄 Identity reset
[05:42:47] 🧠 New identity created
[05:42:48] [97/458] SVTA
[05:42:49] [98/458] SBTP
[05:42:50] [99/458] VLSS
[05:42:51] [100/458] SRJA
[05:42:52] [101/458] ANCG
[05:42:53] [102/458] CGGC
[05:42:54] [103/458] CRJA
[05:42:55] [104/458] USCR
[05:42:56] [105/458] MMEF
[05:42:56] 🔄 Identity reset
[05:42:56] 🔄 Identity rotated (every 10 requests)
[05:42:56] 🔄 Retry 1/5 for MMEF in 2.1s
[05:42:56] 🔄 Identity reset
[05:42:58] 🧠 New identity created
[05:42:59] [106/458] JCRJ
[05:43:00] [107/458] ADCM
[05:43:01] [108/458] BMYK
[05:43:02] [109/458] KICS
[05:43:02] [110/458] MBBT
[05:43:03] [111/458] MACK
[05:43:04] [112/458] CLDR
[05:43:05] [113/458] JYCR
[05:43:06] [114/458] DCRP
[05:43:07] 🔄 Identity reset
[05:43:07] 🔄 Identity rotated (every 10 requests)
[05:43:07] [115/458] RAHT
[05:43:08] [116/458] CSSM
[05:43:09] [117/458] ATPK
[05:43:10] [118/458] KLRT
[05:43:11] [119/458] SRDD
[05:43:12] [120/458] CKMC
[05:43:13] [121/458] KRVM
[05:43:13] [122/458] AKCP
[05:43:15] [123/458] CNCV
[05:43:15] [124/458] PACT
[05:43:16] 🔄 Identity reset
[05:43:16] 🔄 Identity rotated (every 10 requests)
[05:43:16] [125/458] NATP
[05:43:17] [126/458] PCPK
[05:43:18] [127/458] SMHO
[05:43:19] [128/458] CWTK
[05:43:20] [129/458] RVKZ
[05:43:21] [130/458] ASPD
[05:43:23] [131/458] VTKZ
[05:43:23] [132/458] LCSO
[05:43:25] [133/458] PRDY
[05:43:26] [134/458] RCAP
[05:43:27] 🔄 Identity reset
[05:43:27] 🔄 Identity rotated (every 10 requests)
[05:43:27] [135/458] RGAR
[05:43:28] [136/458] RCAC
[05:43:30] [137/458] PMOD
[05:43:32] [138/458] PVCN
[05:43:32] [139/458] SCRZ
[05:43:33] [140/458] PVPC
[05:43:34] [141/458] STID
[05:43:35] [142/458] NEDD
[05:43:36] [143/458] BNBA
[05:43:37] [144/458] NTCD
[05:43:38] 🔄 Identity reset
[05:43:38] 🔄 Identity rotated (every 10 requests)
[05:43:38] [145/458] OCDE
[05:43:40] [146/458] CCDU
[05:43:40] [147/458] CRXH
[05:43:41] [148/458] VLVT
[05:43:42] [149/458] CICI
[05:43:43] [150/458] SUCB
[05:43:44] [151/458] TCBP
[05:43:45] [152/458] SCCY
[05:43:46] [153/458] LXCY
[05:43:47] [154/458] NCMD
[05:43:48] 🔄 Identity reset
[05:43:48] 🔄 Identity rotated (every 10 requests)
[05:43:49] [155/458] PHCS
[05:43:50] [156/458] DUXR
[05:43:51] [157/458] VNKS
[05:43:52] [158/458] SEDP
[05:43:53] [159/458] SVEN
[05:43:54] [160/458] SRKM
[05:43:54] [161/458] JTLT
[05:43:55] [162/458] SVSS
[05:43:56] [163/458] AMDE
[05:43:57] [164/458] WVRN
[05:43:58] 🔄 Identity reset
[05:43:58] 🔄 Identity rotated (every 10 requests)
[05:43:59] [165/458] ISMG
[05:44:00] [166/458] WVKS
[05:44:01] [167/458] USCG
[05:44:01] [168/458] IOTG
[05:44:03] [169/458] RRJM
[05:44:04] [170/458] EDMP
[05:44:05] [171/458] SCGZ
[05:44:06] [172/458] GMGX
[05:44:07] [173/458] OMTP
[05:44:07] [174/458] MITD
[05:44:08] 🔄 Identity reset
[05:44:08] 🔄 Identity rotated (every 10 requests)
[05:44:08] [175/458] SMMD
[05:44:09] [176/458] STML
[05:44:10] [177/458] MCFS
[05:44:11] [178/458] FPKA
[05:44:12] [179/458] OMLR
[05:44:14] [180/458] KKSC
[05:44:15] [181/458] RVMA
[05:44:17] [182/458] SCLL
[05:44:17] [183/458] SCDK
[05:44:19] [184/458] SXMI
[05:44:20] 🔄 Identity reset
[05:44:20] 🔄 Identity rotated (every 10 requests)
[05:44:20] [185/458] SHDN
[05:44:21] [186/458] PAAD
[05:44:22] [187/458] UUCB
[05:44:23] [188/458] JHOL
[05:44:24] [189/458] SGWT
[05:44:25] [190/458] SRII
[05:44:25] [191/458] SGCK
[05:44:26] [192/458] SVVB
[05:44:27] [193/458] DMHA
[05:44:28] [194/458] PPNL
[05:44:29] 🔄 Identity reset
[05:44:29] 🔄 Identity rotated (every 10 requests)
[05:44:29] [195/458] CPNL
[05:44:30] [196/458] WVLD
[05:44:31] [197/458] PSLV
[05:44:33] [198/458] VTTL
[05:44:34] [199/458] NPAD
[05:44:35] [200/458] PVCS
[05:44:36] [201/458] MCHL
[05:44:37] [202/458] PPLL
[05:44:38] [203/458] MALO
[05:44:39] [204/458] SWBH
[05:44:39] 🔄 Identity reset
[05:44:39] 🔄 Identity rotated (every 10 requests)
[05:44:39] 🔄 Retry 1/5 for SWBH in 2.4s
[05:44:39] 🔄 Identity reset
[05:44:42] 🧠 New identity created
[05:44:42] [205/458] PUGB
[05:44:43] [206/458] INBB
[05:44:45] [207/458] INNS
[05:44:45] [208/458] MCPT
[05:44:47] [209/458] SCMI
[05:44:49] [210/458] OCON
[05:44:50] [211/458] SCSM
[05:44:51] [212/458] RJVN
[05:44:52] [213/458] AMDK
[05:44:52] 🔄 Identity reset
[05:44:52] 🔄 Identity rotated (every 10 requests)
[05:44:53] [214/458] ISMR
[05:44:54] [215/458] SMTD
[05:44:55] [216/458] VTDD
[05:44:56] [217/458] PDDZ
[05:44:56] [218/458] PCCK
[05:44:58] [219/458] INAM
[05:44:59] [220/458] FNKT
[05:44:59] [221/458] GDKA
[05:45:00] [222/458] MAYU
[05:45:01] [223/458] TCGU
[05:45:02] 🔄 Identity reset
[05:45:02] 🔄 Identity rotated (every 10 requests)
[05:45:03] [224/458] KDCA
[05:45:04] [225/458] DOMY
[05:45:05] [226/458] PDDD
[05:45:06] [227/458] BJTS
[05:45:06] [228/458] VTCA
[05:45:08] [229/458] SBTM
[05:45:09] [230/458] SEET
[05:45:10] [231/458] SSTJ
[05:45:11] [232/458] SVNT
[05:45:12] [233/458] PPPR
[05:45:13] 🔄 Identity reset
[05:45:13] 🔄 Identity rotated (every 10 requests)
[05:45:13] [234/458] PVYS
[05:45:14] [235/458] IOSE
[05:45:15] [236/458] ACTV
[05:45:16] [237/458] APVE
[05:45:16] [238/458] TCCL
[05:45:17] [239/458] SCMO
[05:45:18] [240/458] SAUM
[05:45:19] [241/458] KCJS
[05:45:20] [242/458] NJCJ
[05:45:21] [243/458] NECF
[05:45:22] 🔄 Identity reset
[05:45:22] 🔄 Identity rotated (every 10 requests)
[05:45:22] [244/458] CCGW
[05:45:23] [245/458] CCMG
[05:45:24] [246/458] NYRG
[05:45:25] [247/458] NCSQ
[05:45:26] [248/458] GRCG
[05:45:27] [249/458] CCBT
[05:45:28] [250/458] ACGA
[05:45:29] [251/458] INAG
[05:45:30] [252/458] FUCG
[05:45:32] [253/458] AICF
[05:45:32] 🔄 Identity reset
[05:45:32] 🔄 Identity rotated (every 10 requests)
[05:45:32] [254/458] GRGA
[05:45:33] [255/458] GDCN
[05:45:34] [256/458] RRCG
[05:45:35] [257/458] SDCH
[05:45:36] [258/458] WVJM
[05:45:37] [259/458] JCCZ
[05:45:38] [260/458] CNCL
[05:45:38] [261/458] TMLV
[05:45:39] [262/458] MEMB
[05:45:40] [263/458] SGTD
[05:45:41] 🔄 Identity reset
[05:45:41] 🔄 Identity rotated (every 10 requests)
[05:45:41] 🔄 Retry 1/5 for SGTD in 2.9s
[05:45:41] 🔄 Identity reset
[05:45:44] 🧠 New identity created
[05:45:44] 🔄 Retry 2/5 for SGTD in 4.2s
[05:45:44] 🔄 Identity reset
[05:45:48] 🧠 New identity created
[05:45:49] [264/458] CONX
[05:45:49] [265/458] CCMH
[05:45:51] [266/458] ACMC
[05:45:52] [267/458] DTPD
[05:45:52] [268/458] POJA
[05:45:53] [269/458] FNBH
[05:45:54] [270/458] CGCB
[05:45:55] [271/458] RACN
[05:45:56] 🔄 Identity reset
[05:45:56] 🔄 Identity rotated (every 10 requests)
[05:45:56] [272/458] JTSM
[05:45:57] [273/458] SCDN
[05:45:58] [274/458] AACK
[05:45:59] [275/458] RMCE
[05:45:59] [276/458] BSGB
[05:46:00] [277/458] MRCB
[05:46:01] [278/458] SRVR
[05:46:02] [279/458] VTKK
[05:46:04] [280/458] AMST
[05:46:05] [281/458] APCY
[05:46:05] 🔄 Identity reset
[05:46:05] 🔄 Identity rotated (every 10 requests)
[05:46:06] [282/458] LMHO
[05:46:08] [283/458] MTZH
[05:46:08] [284/458] AMZB
[05:46:09] [285/458] SUVT
[05:46:10] [286/458] RCIP
[05:46:11] [287/458] KESR
[05:46:12] [288/458] SNKC
[05:46:13] [289/458] SCED
[05:46:15] [290/458] DVCA
[05:46:17] [291/458] VCDT
[05:46:17] 🔄 Identity reset
[05:46:17] 🔄 Identity rotated (every 10 requests)
[05:46:17] 🔄 Retry 1/5 for VCDT in 2.1s
[05:46:17] 🔄 Identity reset
[05:46:19] 🧠 New identity created
[05:46:20] [292/458] RRDI
[05:46:21] [293/458] DFCH
[05:46:22] [294/458] INSC
[05:46:23] [295/458] RGTR
[05:46:24] [296/458] FMOT
[05:46:25] [297/458] SCPM
[05:46:26] [298/458] GCDT
[05:46:27] [299/458] BRKT
[05:46:28] [300/458] DEMP
[05:46:29] 🔄 Identity reset
[05:46:29] 🔄 Identity rotated (every 10 requests)
[05:46:29] [301/458] SRLC
[05:46:30] [302/458] KSTT
[05:46:31] [303/458] SMMT
[05:46:32] [304/458] SILM
[05:46:32] [305/458] JCVM
[05:46:33] [306/458] KCSV
[05:46:34] [307/458] MHLK
[05:46:35] [308/458] SLVL
[05:46:36] [309/458] RJKP
[05:46:37] [310/458] BBPC
[05:46:38] 🔄 Identity reset
[05:46:38] 🔄 Identity rotated (every 10 requests)
[05:46:38] [311/458] MXCB
[05:46:39] [312/458] TCPK
[05:46:40] [313/458] RTBR
[05:46:42] [314/458] GAUT
[05:46:43] [315/458] DVCF
[05:46:43] [316/458] JTSB
[05:46:44] [317/458] SBLS
[05:46:45] [318/458] UDAY
[05:46:46] [319/458] PTNP
[05:46:47] [320/458] DMKT
[05:46:47] 🔄 Identity reset
[05:46:47] 🔄 Identity rotated (every 10 requests)
[05:46:48] [321/458] NTDT
[05:46:49] [322/458] SHDJ
[05:46:50] [323/458] OTNC
[05:46:51] [324/458] RNTW
[05:46:52] [325/458] GCMI
[05:46:53] [326/458] CRCM
[05:46:54] [327/458] NNCZ
[05:46:54] [328/458] OEMO
[05:46:55] [329/458] PVJM
[05:46:56] [330/458] CPJI
[05:46:57] 🔄 Identity reset
[05:46:57] 🔄 Identity rotated (every 10 requests)
[05:46:57] [331/458] RMCJ
[05:46:58] [332/458] CNWJ
[05:46:59] [333/458] EPJM
[05:47:00] [334/458] FNJJ
[05:47:01] [335/458] GCMJ
[05:47:02] [336/458] INPS
[05:47:03] [337/458] BICJ
[05:47:04] [338/458] ISTJ
[05:47:05] [339/458] INJC
[05:47:06] [340/458] GLXJ
[05:47:07] 🔄 Identity reset
[05:47:07] 🔄 Identity rotated (every 10 requests)
[05:47:07] [341/458] INEM
[05:47:08] [342/458] JTMN
[05:47:09] [343/458] FRCJ
[05:47:10] [344/458] DDJP
[05:47:11] [345/458] INJV
[05:47:12] [346/458] GOLC
[05:47:13] [347/458] KOCI
[05:47:15] [348/458] FSTD
[05:47:16] [349/458] PACJ
[05:47:17] [350/458] GMCN
[05:47:18] 🔄 Identity reset
[05:47:18] 🔄 Identity rotated (every 10 requests)
[05:47:18] [351/458] MMDJ
[05:47:19] [352/458] GODH
[05:47:20] [353/458] SKYN
[05:47:21] [354/458] NCTH
[05:47:22] [355/458] SKVZ
[05:47:23] [356/458] SVML
[05:47:24] [357/458] ACVZ
[05:47:25] [358/458] SURA
[05:47:27] [359/458] RTRB
[05:47:28] [360/458] LLCT
[05:47:28] 🔄 Identity reset
[05:47:28] 🔄 Identity rotated (every 10 requests)
[05:47:28] 🔄 Retry 1/5 for LLCT in 2.8s
[05:47:28] 🔄 Identity reset
[05:47:31] 🧠 New identity created
[05:47:32] [361/458] ATTS
[05:47:32] [362/458] JYCM
[05:47:33] [363/458] CTKR
[05:47:34] [364/458] LCKR
[05:47:35] [365/458] NYCV
[05:47:36] [366/458] NYOH
[05:47:37] [367/458] NOVX
[05:47:38] [368/458] MRGK
[05:47:39] [369/458] MOON
[05:47:40] 🔄 Identity reset
[05:47:40] 🔄 Identity rotated (every 10 requests)
[05:47:40] 🔄 Retry 1/5 for MOON in 2.9s
[05:47:40] 🔄 Identity reset
[05:47:43] 🧠 New identity created
[05:47:43] 🔄 Retry 2/5 for MOON in 4.5s
[05:47:43] 🔄 Identity reset
[05:47:47] 🧠 New identity created
[05:47:47] [370/458] SBUC
[05:47:48] [371/458] GSVA
[05:47:50] [372/458] VIAK
[05:47:51] [373/458] SMVZ
[05:47:52] [374/458] MATE
[05:47:53] [375/458] RDCN
[05:47:53] [376/458] ASBL
[05:47:54] [377/458] ASVS
[05:47:55] 🔄 Identity reset
[05:47:55] 🔄 Identity rotated (every 10 requests)
[05:47:55] [378/458] ASSR
[05:47:56] [379/458] SSKN
[05:47:57] [380/458] DRPV
[05:47:58] [381/458] MRHT
[05:47:58] [382/458] BSCN
[05:47:59] [383/458] RKNX
[05:48:00] [384/458] MSMC
[05:48:01] [385/458] MSCJ
[05:48:03] [386/458] BTBJ
[05:48:04] [387/458] MJCC
[05:48:04] 🔄 Identity reset
[05:48:04] 🔄 Identity rotated (every 10 requests)
[05:48:04] [388/458] IOMM
[05:48:05] [389/458] ADGR
[05:48:06] [390/458] MYCP
[05:48:07] [391/458] IGCM
[05:48:08] [392/458] PGRK
[05:48:09] [393/458] VPGO
[05:48:10] [394/458] KOMS
[05:48:11] [395/458] URGG
[05:48:11] [396/458] GOST
[05:48:12] [397/458] LACT
[05:48:13] 🔄 Identity reset
[05:48:13] 🔄 Identity rotated (every 10 requests)
[05:48:13] [398/458] BWCM
[05:48:14] [399/458] NCCW
[05:48:16] [400/458] SKYC
[05:48:17] [401/458] CCPM
[05:48:18] [402/458] VCBT
[05:48:19] [403/458] SDKR
[05:48:20] [404/458] CTYB
[05:48:21] [405/458] SHCX
[05:48:22] [406/458] RCUN
[05:48:23] [407/458] CNRA
[05:48:23] 🔄 Identity reset
[05:48:23] 🔄 Identity rotated (every 10 requests)
[05:48:24] [408/458] RFCA
[05:48:24] [409/458] RDCU
[05:48:25] [410/458] SARK
[05:48:26] [411/458] SPPP
[05:48:27] [412/458] ADMB
[05:48:29] [413/458] JYOE
[05:48:30] [414/458] SRMD
[05:48:31] [415/458] RJDH
[05:48:31] [416/458] SSTD
[05:48:32] [417/458] AACV
[05:48:33] 🔄 Identity reset
[05:48:33] 🔄 Identity rotated (every 10 requests)
[05:48:33] [418/458] PPVD
[05:48:34] [419/458] STCP
[05:48:35] [420/458] ANLS
[05:48:35] [421/458] BIJO
[05:48:36] [422/458] AVAB
[05:48:38] [423/458] SPMD
[05:48:39] [424/458] SVJL
[05:48:40] [425/458] SDDJ
[05:48:41] [426/458] SLTU
[05:48:43] [427/458] SAKA
[05:48:43] 🔄 Identity reset
[05:48:43] 🔄 Identity rotated (every 10 requests)
[05:48:43] [428/458] PMAM
[05:48:44] [429/458] FNAM
[05:48:45] [430/458] ACAM
[05:48:46] [431/458] SCMM
[05:48:47] [432/458] PMAK
[05:48:48] [433/458] NYSA
[05:48:49] [434/458] FCPA
[05:48:49] [435/458] GDAN
[05:48:50] [436/458] RSCA
[05:48:51] [437/458] DMAN
[05:48:52] 🔄 Identity reset
[05:48:52] 🔄 Identity rotated (every 10 requests)
[05:48:52] [438/458] DZCM
[05:48:53] [439/458] NSGL
[05:48:54] [440/458] CCPP
[05:48:55] [441/458] PSMG
[05:48:56] [442/458] GSER
[05:48:58] [443/458] FCCT
[05:48:59] [444/458] FCTB
[05:49:00] [445/458] LCNK
[05:49:00] [446/458] SKTY
[05:49:01] [447/458] INAA
[05:49:02] 🔄 Identity reset
[05:49:02] 🔄 Identity rotated (every 10 requests)
[05:49:02] [448/458] RCWN
[05:49:04] [449/458] VAIS
[05:49:05] [450/458] CVMN
[05:49:06] [451/458] INTS
[05:49:06] [452/458] FRGS
[05:49:07] [453/458] DTCK
[05:49:08] [454/458] MCMH
[05:49:09] [455/458] ECRR
[05:49:10] [456/458] RLLP
[05:49:11] [457/458] CCSN
[05:49:12] 🔄 Identity reset
[05:49:12] 🔄 Identity rotated (every 10 requests)
[05:49:12] 🔄 Retry 1/5 for CCSN in 2.3s
[05:49:12] 🔄 Identity reset
[05:49:14] 🧠 New identity created
[05:49:15] [458/458] CCBA
[05:49:16] 🧹 Deduping shows
[05:49:16] ✅ DONE | Shows=3252 | Movies=70
[14:45:05] 🚀 SCRIPT STARTED (enhanced anti‑detection)
[14:45:05] [1/458] MBDC
[14:45:06] 🧠 New identity created
[14:45:06] [2/458] CHKM
[14:45:07] [3/458] JTKZ
[14:45:08] [4/458] CMCT
[14:45:10] [5/458] ASHO
[14:45:11] [6/458] ECDG
[14:45:12] [7/458] SPAT
[14:45:13] [8/458] HILC
[14:45:15] [9/458] SPPH
[14:45:16] [10/458] SBHN
[14:45:17] 🔄 Identity reset
[14:45:17] 🔄 Identity rotated (every 10 requests)
[14:45:18] [11/458] RRCA
[14:45:19] [12/458] APAA
[14:45:19] [13/458] RAME
[14:45:20] [14/458] TMMS
[14:45:21] [15/458] BATK
[14:45:23] [16/458] LKOP
[14:45:24] [17/458] AMTT
[14:45:26] [18/458] PTGK
[14:45:27] [19/458] ANRS
[14:45:27] [20/458] VWBW
[14:45:28] 🔄 Identity reset
[14:45:28] 🔄 Identity rotated (every 10 requests)
[14:45:28] [21/458] SVFG
[14:45:29] [22/458] STAT
[14:45:30] [23/458] GDCV
[14:45:32] [24/458] VEBI
[14:45:33] [25/458] VDSS
[14:45:34] [26/458] NTHV
[14:45:35] [27/458] AOCH
[14:45:36] [28/458] KASR
[14:45:37] [29/458] AYCS
[14:45:38] [30/458] SHAI
[14:45:38] 🔄 Identity reset
[14:45:38] 🔄 Identity rotated (every 10 requests)
[14:45:39] [31/458] SKPE
[14:45:40] [32/458] SBTA
[14:45:41] [33/458] RTTD
[14:45:42] [34/458] CCJD
[14:45:43] [35/458] RSJJ
[14:45:44] [36/458] RKND
[14:45:45] [37/458] SVTX
[14:45:46] [38/458] BAKM
[14:45:47] [39/458] SVDC
[14:45:47] [40/458] MNCV
[14:45:48] 🔄 Identity reset
[14:45:48] 🔄 Identity rotated (every 10 requests)
[14:45:48] [41/458] SJGC
[14:45:49] [42/458] MTPK
[14:45:50] [43/458] GATP
[14:45:51] [44/458] ABTS
[14:45:52] [45/458] ABDE
[14:45:53] [46/458] RCNM
[14:45:55] [47/458] KTHV
[14:45:56] [48/458] MDGJ
[14:45:56] [49/458] SMLM
[14:45:57] [50/458] JTMA
[14:45:58] 🔄 Identity reset
[14:45:58] 🔄 Identity rotated (every 10 requests)
[14:45:58] 🔄 Retry 1/5 for JTMA in 2.9s
[14:45:58] 🔄 Identity reset
[14:46:01] 🧠 New identity created
[14:46:01] [51/458] ACKP
[14:46:02] [52/458] SRTA
[14:46:03] [53/458] STAY
[14:46:05] [54/458] MAVO
[14:46:06] [55/458] APTS
[14:46:06] [56/458] OMEA
[14:46:07] [57/458] TTFD
[14:46:08] [58/458] MJCU
[14:46:09] [59/458] CXTE
[14:46:10] 🔄 Identity reset
[14:46:10] 🔄 Identity rotated (every 10 requests)
[14:46:10] [60/458] CTPX
[14:46:11] [61/458] ASSL
[14:46:12] [62/458] CMVB
[14:46:13] [63/458] VPUR
[14:46:14] [64/458] JJDA
[14:46:14] [65/458] INBL
[14:46:15] [66/458] BIKB
[14:46:17] [67/458] NTBB
[14:46:18] [68/458] GLOB
[14:46:19] [69/458] SNTB
[14:46:19] 🔄 Identity reset
[14:46:19] 🔄 Identity rotated (every 10 requests)
[14:46:20] [70/458] CHGV
[14:46:20] [71/458] SSBZ
[14:46:21] [72/458] PRDB
[14:46:22] [73/458] ISMT
[14:46:23] [74/458] MCSD
[14:46:24] [75/458] JBTT
[14:46:25] [76/458] GEKR
[14:46:26] [77/458] PVUN
[14:46:27] [78/458] NRTB
[14:46:28] [79/458] PRAA
[14:46:28] 🔄 Identity reset
[14:46:28] 🔄 Identity rotated (every 10 requests)
[14:46:29] [80/458] PCBL
[14:46:30] [81/458] PTCM
[14:46:31] [82/458] KHNN
[14:46:32] [83/458] OMJE
[14:46:33] [84/458] STGN
[14:46:34] [85/458] RPMS
[14:46:34] [86/458] NWAD
[14:46:35] [87/458] BLCK
[14:46:36] [88/458] SVAA
[14:46:37] [89/458] URVM
[14:46:38] 🔄 Identity reset
[14:46:38] 🔄 Identity rotated (every 10 requests)
[14:46:39] [90/458] ANTM
[14:46:41] [91/458] VJYM
[14:46:42] [92/458] MAZZ
[14:46:42] [93/458] CSHM
[14:46:43] [94/458] WGMH
[14:46:44] [95/458] SALN
[14:46:45] [96/458] BRTP
[14:46:46] [97/458] SVTA
[14:46:47] [98/458] SBTP
[14:46:48] [99/458] VLSS
[14:46:49] 🔄 Identity reset
[14:46:49] 🔄 Identity rotated (every 10 requests)
[14:46:50] [100/458] SRJA
[14:46:50] [101/458] ANCG
[14:46:52] [102/458] CGGC
[14:46:53] [103/458] CRJA
[14:46:55] [104/458] USCR
[14:46:56] [105/458] MMEF
[14:46:56] [106/458] JCRJ
[14:46:57] [107/458] ADCM
[14:46:58] [108/458] BMYK
[14:46:59] [109/458] KICS
[14:47:00] 🔄 Identity reset
[14:47:00] 🔄 Identity rotated (every 10 requests)
[14:47:00] [110/458] MBBT
[14:47:01] [111/458] MACK
[14:47:02] [112/458] CLDR
[14:47:03] [113/458] JYCR
[14:47:04] [114/458] DCRP
[14:47:05] [115/458] RAHT
[14:47:07] [116/458] CSSM
[14:47:08] [117/458] ATPK
[14:47:09] [118/458] KLRT
[14:47:10] [119/458] SRDD
[14:47:10] 🔄 Identity reset
[14:47:10] 🔄 Identity rotated (every 10 requests)
[14:47:10] 🔄 Retry 1/5 for SRDD in 2.4s
[14:47:10] 🔄 Identity reset
[14:47:12] 🧠 New identity created
[14:47:13] [120/458] CKMC
[14:47:14] [121/458] KRVM
[14:47:15] [122/458] AKCP
[14:47:16] [123/458] CNCV
[14:47:16] [124/458] PACT
[14:47:17] [125/458] NATP
[14:47:19] [126/458] PCPK
[14:47:20] [127/458] SMHO
[14:47:21] [128/458] CWTK
[14:47:21] 🔄 Identity reset
[14:47:21] 🔄 Identity rotated (every 10 requests)
[14:47:22] [129/458] RVKZ
[14:47:23] [130/458] ASPD
[14:47:23] [131/458] VTKZ
[14:47:24] [132/458] LCSO
[14:47:26] [133/458] PRDY
[14:47:27] [134/458] RCAP
[14:47:28] [135/458] RGAR
[14:47:29] [136/458] RCAC
[14:47:30] [137/458] PMOD
[14:47:32] [138/458] PVCN
[14:47:32] 🔄 Identity reset
[14:47:32] 🔄 Identity rotated (every 10 requests)
[14:47:33] [139/458] SCRZ
[14:47:34] [140/458] PVPC
[14:47:35] [141/458] STID
[14:47:36] [142/458] NEDD
[14:47:37] [143/458] BNBA
[14:47:38] [144/458] NTCD
[14:47:39] [145/458] OCDE
[14:47:39] [146/458] CCDU
[14:47:40] [147/458] CRXH
[14:47:41] [148/458] VLVT
[14:47:42] 🔄 Identity reset
[14:47:42] 🔄 Identity rotated (every 10 requests)
[14:47:42] [149/458] CICI
[14:47:43] [150/458] SUCB
[14:47:45] [151/458] TCBP
[14:47:45] [152/458] SCCY
[14:47:46] [153/458] LXCY
[14:47:48] [154/458] NCMD
[14:47:48] [155/458] PHCS
[14:47:50] [156/458] DUXR
[14:47:52] [157/458] VNKS
[14:47:53] [158/458] SEDP
[14:47:53] 🔄 Identity reset
[14:47:53] 🔄 Identity rotated (every 10 requests)
[14:47:54] [159/458] SVEN
[14:47:54] [160/458] SRKM
[14:47:55] [161/458] JTLT
[14:47:56] [162/458] SVSS
[14:47:57] [163/458] AMDE
[14:47:58] [164/458] WVRN
[14:48:00] [165/458] ISMG
[14:48:01] [166/458] WVKS
[14:48:02] [167/458] USCG
[14:48:02] [168/458] IOTG
[14:48:03] 🔄 Identity reset
[14:48:03] 🔄 Identity rotated (every 10 requests)
[14:48:03] [169/458] RRJM
[14:48:04] [170/458] EDMP
[14:48:05] [171/458] SCGZ
[14:48:06] [172/458] GMGX
[14:48:08] [173/458] OMTP
[14:48:08] [174/458] MITD
[14:48:09] [175/458] SMMD
[14:48:10] [176/458] STML
[14:48:11] [177/458] MCFS
[14:48:12] [178/458] FPKA
[14:48:13] 🔄 Identity reset
[14:48:13] 🔄 Identity rotated (every 10 requests)
[14:48:13] 🔄 Retry 1/5 for FPKA in 2.5s
[14:48:13] 🔄 Identity reset
[14:48:15] 🧠 New identity created
[14:48:16] [179/458] OMLR
[14:48:17] [180/458] KKSC
[14:48:18] [181/458] RVMA
[14:48:19] [182/458] SCLL
[14:48:20] [183/458] SCDK
[14:48:22] [184/458] SXMI
[14:48:23] [185/458] SHDN
[14:48:24] [186/458] PAAD
[14:48:24] [187/458] UUCB
[14:48:25] 🔄 Identity reset
[14:48:25] 🔄 Identity rotated (every 10 requests)
[14:48:26] [188/458] JHOL
[14:48:26] [189/458] SGWT
[14:48:27] [190/458] SRII
[14:48:28] [191/458] SGCK
[14:48:29] [192/458] SVVB
[14:48:30] [193/458] DMHA
[14:48:31] [194/458] PPNL
[14:48:32] [195/458] CPNL
[14:48:33] [196/458] WVLD
[14:48:34] [197/458] PSLV
[14:48:35] 🔄 Identity reset
[14:48:35] 🔄 Identity rotated (every 10 requests)
[14:48:35] [198/458] VTTL
[14:48:36] [199/458] NPAD
[14:48:37] [200/458] PVCS
[14:48:39] [201/458] MCHL
[14:48:40] [202/458] PPLL
[14:48:40] [203/458] MALO
[14:48:41] [204/458] SWBH
[14:48:42] [205/458] PUGB
[14:48:43] [206/458] INBB
[14:48:44] [207/458] INNS
[14:48:45] 🔄 Identity reset
[14:48:45] 🔄 Identity rotated (every 10 requests)
[14:48:46] [208/458] MCPT
[14:48:47] [209/458] SCMI
[14:48:48] [210/458] OCON
[14:48:49] [211/458] SCSM
[14:48:49] [212/458] RJVN
[14:48:51] [213/458] AMDK
[14:48:51] [214/458] ISMR
[14:48:52] [215/458] SMTD
[14:48:53] [216/458] VTDD
[14:48:54] [217/458] PDDZ
[14:48:54] 🔄 Identity reset
[14:48:55] 🔄 Identity rotated (every 10 requests)
[14:48:55] [218/458] PCCK
[14:48:56] [219/458] INAM
[14:48:57] [220/458] FNKT
[14:48:58] [221/458] GDKA
[14:48:59] [222/458] MAYU
[14:48:59] [223/458] TCGU
[14:49:01] [224/458] KDCA
[14:49:02] [225/458] DOMY
[14:49:03] [226/458] PDDD
[14:49:03] [227/458] BJTS
[14:49:04] 🔄 Identity reset
[14:49:04] 🔄 Identity rotated (every 10 requests)
[14:49:04] [228/458] VTCA
[14:49:05] [229/458] SBTM
[14:49:06] [230/458] SEET
[14:49:07] [231/458] SSTJ
[14:49:08] [232/458] SVNT
[14:49:09] [233/458] PPPR
[14:49:10] [234/458] PVYS
[14:49:11] [235/458] IOSE
[14:49:12] [236/458] ACTV
[14:49:13] [237/458] APVE
[14:49:14] 🔄 Identity reset
[14:49:14] 🔄 Identity rotated (every 10 requests)
[14:49:14] [238/458] TCCL
[14:49:15] [239/458] SCMO
[14:49:16] [240/458] SAUM
[14:49:17] [241/458] KCJS
[14:49:18] [242/458] NJCJ
[14:49:19] [243/458] NECF
[14:49:20] [244/458] CCGW
[14:49:21] [245/458] CCMG
[14:49:22] [246/458] NYRG
[14:49:23] [247/458] NCSQ
[14:49:24] 🔄 Identity reset
[14:49:24] 🔄 Identity rotated (every 10 requests)
[14:49:24] [248/458] GRCG
[14:49:25] [249/458] CCBT
[14:49:26] [250/458] ACGA
[14:49:27] [251/458] INAG
[14:49:28] [252/458] FUCG
[14:49:29] [253/458] AICF
[14:49:30] [254/458] GRGA
[14:49:31] [255/458] GDCN
[14:49:32] [256/458] RRCG
[14:49:33] [257/458] SDCH
[14:49:33] 🔄 Identity reset
[14:49:33] 🔄 Identity rotated (every 10 requests)
[14:49:34] [258/458] WVJM
[14:49:34] [259/458] JCCZ
[14:49:35] [260/458] CNCL
[14:49:36] [261/458] TMLV
[14:49:37] [262/458] MEMB
[14:49:38] [263/458] SGTD
[14:49:39] [264/458] CONX
[14:49:41] [265/458] CCMH
[14:49:42] [266/458] ACMC
[14:49:43] [267/458] DTPD
[14:49:44] 🔄 Identity reset
[14:49:44] 🔄 Identity rotated (every 10 requests)
[14:49:44] [268/458] POJA
[14:49:45] [269/458] FNBH
[14:49:46] [270/458] CGCB
[14:49:47] [271/458] RACN
[14:49:48] [272/458] JTSM
[14:49:49] [273/458] SCDN
[14:49:50] [274/458] AACK
[14:49:51] [275/458] RMCE
[14:49:52] [276/458] BSGB
[14:49:53] [277/458] MRCB
[14:49:54] 🔄 Identity reset
[14:49:54] 🔄 Identity rotated (every 10 requests)
[14:49:54] [278/458] SRVR
[14:49:55] [279/458] VTKK
[14:49:56] [280/458] AMST
[14:49:57] [281/458] APCY
[14:49:58] [282/458] LMHO
[14:49:59] [283/458] MTZH
[14:49:59] [284/458] AMZB
[14:50:00] [285/458] SUVT
[14:50:01] [286/458] RCIP
[14:50:02] [287/458] KESR
[14:50:03] 🔄 Identity reset
[14:50:03] 🔄 Identity rotated (every 10 requests)
[14:50:03] [288/458] SNKC
[14:50:04] [289/458] SCED
[14:50:06] [290/458] DVCA
[14:50:08] [291/458] VCDT
[14:50:09] [292/458] RRDI
[14:50:10] [293/458] DFCH
[14:50:11] [294/458] INSC
[14:50:12] [295/458] RGTR
[14:50:12] [296/458] FMOT
[14:50:13] [297/458] SCPM
[14:50:14] 🔄 Identity reset
[14:50:14] 🔄 Identity rotated (every 10 requests)
[14:50:15] [298/458] GCDT
[14:50:16] [299/458] BRKT
[14:50:16] [300/458] DEMP
[14:50:17] [301/458] SRLC
[14:50:18] [302/458] KSTT
[14:50:19] [303/458] SMMT
[14:50:20] [304/458] SILM
[14:50:21] [305/458] JCVM
[14:50:22] [306/458] KCSV
[14:50:23] [307/458] MHLK
[14:50:23] 🔄 Identity reset
[14:50:23] 🔄 Identity rotated (every 10 requests)
[14:50:24] [308/458] SLVL
[14:50:25] [309/458] RJKP
[14:50:26] [310/458] BBPC
[14:50:27] [311/458] MXCB
[14:50:28] [312/458] TCPK
[14:50:29] [313/458] RTBR
[14:50:30] [314/458] GAUT
[14:50:31] [315/458] DVCF
[14:50:32] [316/458] JTSB
[14:50:33] [317/458] SBLS
[14:50:34] 🔄 Identity reset
[14:50:34] 🔄 Identity rotated (every 10 requests)
[14:50:34] [318/458] UDAY
[14:50:35] [319/458] PTNP
[14:50:36] [320/458] DMKT
[14:50:38] [321/458] NTDT
[14:50:38] [322/458] SHDJ
[14:50:39] [323/458] OTNC
[14:50:40] [324/458] RNTW
[14:50:41] [325/458] GCMI
[14:50:42] [326/458] CRCM
[14:50:43] [327/458] NNCZ
[14:50:44] 🔄 Identity reset
[14:50:44] 🔄 Identity rotated (every 10 requests)
[14:50:44] [328/458] OEMO
[14:50:45] [329/458] PVJM
[14:50:46] [330/458] CPJI
[14:50:47] [331/458] RMCJ
[14:50:47] [332/458] CNWJ
[14:50:48] [333/458] EPJM
[14:50:49] [334/458] FNJJ
[14:50:50] [335/458] GCMJ
[14:50:51] [336/458] INPS
[14:50:52] [337/458] BICJ
[14:50:52] 🔄 Identity reset
[14:50:52] 🔄 Identity rotated (every 10 requests)
[14:50:53] [338/458] ISTJ
[14:50:53] [339/458] INJC
[14:50:54] [340/458] GLXJ
[14:50:55] [341/458] INEM
[14:50:56] [342/458] JTMN
[14:50:57] [343/458] FRCJ
[14:50:58] [344/458] DDJP
[14:50:59] [345/458] INJV
[14:51:00] [346/458] GOLC
[14:51:00] [347/458] KOCI
[14:51:01] 🔄 Identity reset
[14:51:01] 🔄 Identity rotated (every 10 requests)
[14:51:02] [348/458] FSTD
[14:51:02] [349/458] PACJ
[14:51:03] [350/458] GMCN
[14:51:04] [351/458] MMDJ
[14:51:05] [352/458] GODH
[14:51:06] [353/458] SKYN
[14:51:07] [354/458] NCTH
[14:51:08] [355/458] SKVZ
[14:51:09] [356/458] SVML
[14:51:10] [357/458] ACVZ
[14:51:10] 🔄 Identity reset
[14:51:10] 🔄 Identity rotated (every 10 requests)
[14:51:10] [358/458] SURA
[14:51:12] [359/458] RTRB
[14:51:13] [360/458] LLCT
[14:51:14] [361/458] ATTS
[14:51:15] [362/458] JYCM
[14:51:16] [363/458] CTKR
[14:51:17] [364/458] LCKR
[14:51:18] [365/458] NYCV
[14:51:19] [366/458] NYOH
[14:51:20] [367/458] NOVX
[14:51:20] 🔄 Identity reset
[14:51:20] 🔄 Identity rotated (every 10 requests)
[14:51:21] [368/458] MRGK
[14:51:22] [369/458] MOON
[14:51:23] [370/458] SBUC
[14:51:24] [371/458] GSVA
[14:51:24] [372/458] VIAK
[14:51:25] [373/458] SMVZ
[14:51:26] [374/458] MATE
[14:51:27] [375/458] RDCN
[14:51:29] [376/458] ASBL
[14:51:30] [377/458] ASVS
[14:51:31] 🔄 Identity reset
[14:51:31] 🔄 Identity rotated (every 10 requests)
[14:51:31] [378/458] ASSR
[14:51:32] [379/458] SSKN
[14:51:33] [380/458] DRPV
[14:51:34] [381/458] MRHT
[14:51:35] [382/458] BSCN
[14:51:36] [383/458] RKNX
[14:51:37] [384/458] MSMC
[14:51:38] [385/458] MSCJ
[14:51:40] [386/458] BTBJ
[14:51:41] [387/458] MJCC
[14:51:42] 🔄 Identity reset
[14:51:42] 🔄 Identity rotated (every 10 requests)
[14:51:42] [388/458] IOMM
[14:51:43] [389/458] ADGR
[14:51:44] [390/458] MYCP
[14:51:45] [391/458] IGCM
[14:51:46] [392/458] PGRK
[14:51:47] [393/458] VPGO
[14:51:48] [394/458] KOMS
[14:51:49] [395/458] URGG
[14:51:51] [396/458] GOST
[14:51:51] [397/458] LACT
[14:51:52] 🔄 Identity reset
[14:51:52] 🔄 Identity rotated (every 10 requests)
[14:51:52] [398/458] BWCM
[14:51:53] [399/458] NCCW
[14:51:55] [400/458] SKYC
[14:51:56] [401/458] CCPM
[14:51:57] [402/458] VCBT
[14:51:57] [403/458] SDKR
[14:51:58] [404/458] CTYB
[14:51:59] [405/458] SHCX
[14:52:01] [406/458] RCUN
[14:52:02] [407/458] CNRA
[14:52:02] 🔄 Identity reset
[14:52:03] 🔄 Identity rotated (every 10 requests)
[14:52:03] [408/458] RFCA
[14:52:04] [409/458] RDCU
[14:52:05] [410/458] SARK
[14:52:05] [411/458] SPPP
[14:52:06] [412/458] ADMB
[14:52:08] [413/458] JYOE
[14:52:09] [414/458] SRMD
[14:52:10] [415/458] RJDH
[14:52:11] [416/458] SSTD
[14:52:12] [417/458] AACV
[14:52:12] 🔄 Identity reset
[14:52:12] 🔄 Identity rotated (every 10 requests)
[14:52:12] [418/458] PPVD
[14:52:13] [419/458] STCP
[14:52:15] [420/458] ANLS
[14:52:16] [421/458] BIJO
[14:52:18] [422/458] AVAB
[14:52:19] [423/458] SPMD
[14:52:20] [424/458] SVJL
[14:52:20] [425/458] SDDJ
[14:52:21] [426/458] SLTU
[14:52:22] [427/458] SAKA
[14:52:23] 🔄 Identity reset
[14:52:23] 🔄 Identity rotated (every 10 requests)
[14:52:24] [428/458] PMAM
[14:52:25] [429/458] FNAM
[14:52:26] [430/458] ACAM
[14:52:27] [431/458] SCMM
[14:52:28] [432/458] PMAK
[14:52:29] [433/458] NYSA
[14:52:30] [434/458] FCPA
[14:52:32] [435/458] GDAN
[14:52:33] [436/458] RSCA
[14:52:34] [437/458] DMAN
[14:52:35] 🔄 Identity reset
[14:52:35] 🔄 Identity rotated (every 10 requests)
[14:52:35] [438/458] DZCM
[14:52:36] [439/458] NSGL
[14:52:37] [440/458] CCPP
[14:52:38] [441/458] PSMG
[14:52:39] [442/458] GSER
[14:52:40] [443/458] FCCT
[14:52:41] [444/458] FCTB
[14:52:42] [445/458] LCNK
[14:52:43] [446/458] SKTY
[14:52:44] [447/458] INAA
[14:52:45] 🔄 Identity reset
[14:52:45] 🔄 Identity rotated (every 10 requests)
[14:52:46] [448/458] RCWN
[14:52:46] [449/458] VAIS
[14:52:47] [450/458] CVMN
[14:52:48] [451/458] INTS
[14:52:49] [452/458] FRGS
[14:52:50] [453/458] DTCK
[14:52:51] [454/458] MCMH
[14:52:52] [455/458] ECRR
[14:52:53] [456/458] RLLP
[14:52:54] [457/458] CCSN
[14:52:54] 🔄 Identity reset
[14:52:54] 🔄 Identity rotated (every 10 requests)
[14:52:54] [458/458] CCBA
[14:52:55] 🧹 Deduping shows
[14:52:55] ✅ DONE | Shows=3388 | Movies=73
