[03:36:28] 🚀 SCRIPT STARTED (enhanced anti‑detection)
[03:36:28] [1/456] FNDB
[03:36:28] 🧠 New identity created
[03:36:29] [2/456] AMBH
[03:36:30] [3/456] PRHN
[03:36:31] [4/456] ACPM
[03:36:32] [5/456] PVFS
[03:36:33] [6/456] AACN
[03:36:33] [7/456] ACAS
[03:36:34] [8/456] CTNR
[03:36:36] [9/456] MMAH
[03:36:37] [10/456] CPMH
[03:36:37] 🔄 Identity reset
[03:36:37] 🔄 Identity rotated (every 10 requests)
[03:36:37] 🔄 Retry 1/5 for CPMH in 2.4s
[03:36:37] 🔄 Identity reset
[03:36:40] 🧠 New identity created
[03:36:40] 🔄 Retry 2/5 for CPMH in 4.5s
[03:36:40] 🔄 Identity reset
[03:36:44] 🧠 New identity created
[03:36:45] [11/456] IGMH
[03:36:45] [12/456] ABCS
[03:36:47] [13/456] CMMA
[03:36:48] [14/456] GPRH
[03:36:49] [15/456] PNNG
[03:36:49] [16/456] AMCA
[03:36:50] [17/456] ISTN
[03:36:51] [18/456] PIIC
[03:36:51] 🔄 Identity reset
[03:36:52] 🔄 Identity rotated (every 10 requests)
[03:36:52] [19/456] AHMH
[03:36:52] [20/456] ASHN
[03:36:53] [21/456] INHY
[03:36:54] [22/456] SRMO
[03:36:55] [23/456] PIMH
[03:36:56] [24/456] PVTS
[03:36:57] [25/456] MMCA
[03:36:57] [26/456] AKYJ
[03:36:58] [27/456] BRKH
[03:36:59] [28/456] MAHM
[03:36:59] 🔄 Identity reset
[03:36:59] 🔄 Identity rotated (every 10 requests)
[03:36:59] [29/456] CPHY
[03:37:00] [30/456] PVTP
[03:37:01] [31/456] SMMR
[03:37:01] [32/456] PVHM
[03:37:02] [33/456] SNDY
[03:37:03] [34/456] GOKU
[03:37:03] [35/456] ACEV
[03:37:04] [36/456] PVUM
[03:37:05] [37/456] VSWA
[03:37:06] [38/456] IPRS
[03:37:06] 🔄 Identity reset
[03:37:06] 🔄 Identity rotated (every 10 requests)
[03:37:06] [39/456] BKMV
[03:37:07] [40/456] PVYH
[03:37:07] [41/456] INKM
[03:37:08] [42/456] ARJU
[03:37:09] [43/456] JJPP
[03:37:10] [44/456] SSRM
[03:37:11] [45/456] HMHD
[03:37:12] [46/456] SNKH
[03:37:13] [47/456] ACHI
[03:37:13] [48/456] MRAA
[03:37:14] 🔄 Identity reset
[03:37:14] 🔄 Identity rotated (every 10 requests)
[03:37:14] [49/456] INMH
[03:37:15] [50/456] ARMH
[03:37:16] [51/456] DVRR
[03:37:17] [52/456] SUDA
[03:37:18] [53/456] MCSS
[03:37:18] [54/456] VRKC
[03:37:20] [55/456] PRCX
[03:37:20] [56/456] ASJY
[03:37:21] [57/456] MTHY
[03:37:22] [58/456] SRCM
[03:37:23] 🔄 Identity reset
[03:37:23] 🔄 Identity rotated (every 10 requests)
[03:37:23] [59/456] TVHY
[03:37:24] [60/456] STHD
[03:37:25] [61/456] CPCL
[03:37:26] [62/456] PSMJ
[03:37:27] [63/456] MRGT
[03:37:28] [64/456] ARYH
[03:37:29] [65/456] VTRB
[03:37:29] [66/456] SCHC
[03:37:30] [67/456] MRRG
[03:37:31] [68/456] SPCB
[03:37:32] 🔄 Identity reset
[03:37:32] 🔄 Identity rotated (every 10 requests)
[03:37:32] [69/456] AMCM
[03:37:33] [70/456] IVNM
[03:37:34] [71/456] TRHY
[03:37:34] [72/456] PTTH
[03:37:35] [73/456] RKMH
[03:37:36] [74/456] PRCS
[03:37:37] [75/456] VAJA
[03:37:37] [76/456] BJNG
[03:37:38] [77/456] SCVM
[03:37:39] [78/456] GNHB
[03:37:40] 🔄 Identity reset
[03:37:40] 🔄 Identity rotated (every 10 requests)
[03:37:40] 🔄 Retry 1/5 for GNHB in 2.7s
[03:37:40] 🔄 Identity reset
[03:37:42] 🧠 New identity created
[03:37:43] [79/456] TLUR
[03:37:43] [80/456] UKCC
[03:37:44] [81/456] SRKR
[03:37:45] [82/456] RMKN
[03:37:45] [83/456] SLRT
[03:37:46] [84/456] LKMT
[03:37:47] [85/456] SSRJ
[03:37:47] [86/456] SPHT
[03:37:48] [87/456] ANTT
[03:37:49] 🔄 Identity reset
[03:37:49] 🔄 Identity rotated (every 10 requests)
[03:37:49] 🔄 Retry 1/5 for ANTT in 2.0s
[03:37:49] 🔄 Identity reset
[03:37:51] 🧠 New identity created
[03:37:51] [88/456] SRCH
[03:37:52] [89/456] SRCA
[03:37:53] [90/456] ARTH
[03:37:54] [91/456] MCBH
[03:37:54] [92/456] SNIB
[03:37:55] [93/456] SART
[03:37:56] [94/456] SKTA
[03:37:56] [95/456] YAKT
[03:37:57] [96/456] MLCK
[03:37:58] 🔄 Identity reset
[03:37:58] 🔄 Identity rotated (every 10 requests)
[03:37:58] 🔄 Retry 1/5 for MLCK in 2.9s
[03:37:58] 🔄 Identity reset
[03:38:00] 🧠 New identity created
[03:38:01] 🔄 Retry 2/5 for MLCK in 4.3s
[03:38:01] 🔄 Identity reset
[03:38:05] 🧠 New identity created
[03:38:05] [97/456] ANTS
[03:38:06] [98/456] DGCA
[03:38:06] [99/456] SGMP
[03:38:07] [100/456] ASWN
[03:38:08] [101/456] KFVU
[03:38:09] [102/456] POOR
[03:38:10] [103/456] GKDN
[03:38:11] [104/456] EOSE
[03:38:11] 🔄 Identity reset
[03:38:12] 🔄 Identity rotated (every 10 requests)
[03:38:12] [105/456] GTTT
[03:38:13] [106/456] ARRO
[03:38:14] [107/456] CMMK
[03:38:15] [108/456] MSCN
[03:38:15] [109/456] GDKH
[03:38:16] [110/456] DLMT
[03:38:17] [111/456] PVMF
[03:38:18] [112/456] CPCK
[03:38:19] [113/456] VMHE
[03:38:20] [114/456] PVLC
[03:38:20] 🔄 Identity reset
[03:38:20] 🔄 Identity rotated (every 10 requests)
[03:38:20] [115/456] PCVB
[03:38:21] [116/456] SNYK
[03:38:22] [117/456] KTEK
[03:38:23] [118/456] PCNM
[03:38:24] [119/456] NTTR
[03:38:24] [120/456] CPSK
[03:38:25] [121/456] JMMA
[03:38:26] [122/456] GCFK
[03:38:27] [123/456] MYCA
[03:38:27] [124/456] KSNP
[03:38:28] 🔄 Identity reset
[03:38:28] 🔄 Identity rotated (every 10 requests)
[03:38:28] 🔄 Retry 1/5 for KSNP in 2.8s
[03:38:28] 🔄 Identity reset
[03:38:31] 🧠 New identity created
[03:38:31] [125/456] PMCE
[03:38:32] [126/456] SCKI
[03:38:33] [127/456] FSMA
[03:38:34] [128/456] CETA
[03:38:34] [129/456] MCIK
[03:38:35] [130/456] MYCR
[03:38:36] [131/456] EVMP
[03:38:37] [132/456] SSGT
[03:38:38] [133/456] KCTK
[03:38:38] 🔄 Identity reset
[03:38:38] 🔄 Identity rotated (every 10 requests)
[03:38:38] 🔄 Retry 1/5 for KCTK in 2.3s
[03:38:38] 🔄 Identity reset
[03:38:41] 🧠 New identity created
[03:38:41] [134/456] ZTKC
[03:38:42] [135/456] MMTA
[03:38:43] [136/456] MAJT
[03:38:43] [137/456] ACPK
[03:38:44] [138/456] JMAX
[03:38:45] [139/456] SETK
[03:38:46] [140/456] CAIS
[03:38:47] [141/456] AGCD
[03:38:47] [142/456] URCL
[03:38:48] 🔄 Identity reset
[03:38:48] 🔄 Identity rotated (every 10 requests)
[03:38:48] [143/456] VTDS
[03:38:49] [144/456] JCNM
[03:38:49] [145/456] KCAM
[03:38:50] [146/456] ADCU
[03:38:52] [147/456] GXYN
[03:38:53] [148/456] SMJG
[03:38:53] [149/456] EYCJ
[03:38:55] [150/456] CCEJ
[03:38:55] [151/456] MARS
[03:38:56] [152/456] CPVJ
[03:38:57] 🔄 Identity reset
[03:38:57] 🔄 Identity rotated (every 10 requests)
[03:38:57] 🔄 Retry 1/5 for CPVJ in 2.1s
[03:38:57] 🔄 Identity reset
[03:38:59] 🧠 New identity created
[03:38:59] [153/456] INVP
[03:39:00] [154/456] CPOV
[03:39:01] [155/456] VIJK
[03:39:02] [156/456] LAIM
[03:39:03] [157/456] STHV
[03:39:04] [158/456] SVLJ
[03:39:04] [159/456] ATVJ
[03:39:05] [160/456] JTSC
[03:39:06] [161/456] RMTV
[03:39:07] 🔄 Identity reset
[03:39:07] 🔄 Identity rotated (every 10 requests)
[03:39:07] [162/456] MGGG
[03:39:08] [163/456] SWTH
[03:39:08] [164/456] INVJ
[03:39:09] [165/456] PRSV
[03:39:10] [166/456] JATV
[03:39:11] [167/456] RCVD
[03:39:12] [168/456] BDMA
[03:39:12] [169/456] BLJI
[03:39:13] [170/456] SWOT
[03:39:14] [171/456] SWRN
[03:39:14] 🔄 Identity reset
[03:39:15] 🔄 Identity rotated (every 10 requests)
[03:39:15] [172/456] TVRA
[03:39:15] [173/456] NVRN
[03:39:16] [174/456] SIKC
[03:39:17] [175/456] VAKR
[03:39:18] [176/456] SYLN
[03:39:18] [177/456] KLJL
[03:39:19] [178/456] LKMY
[03:39:20] [179/456] VSLY
[03:39:21] [180/456] CIKO
[03:39:22] [181/456] GPBG
[03:39:22] 🔄 Identity reset
[03:39:22] 🔄 Identity rotated (every 10 requests)
[03:39:23] [182/456] CECM
[03:39:24] [183/456] SLKB
[03:39:24] [184/456] MTBO
[03:39:25] [185/456] SSHB
[03:39:26] [186/456] VPCS
[03:39:26] [187/456] RCSR
[03:39:27] [188/456] RJRM
[03:39:28] [189/456] KPPB
[03:39:29] [190/456] SEDC
[03:39:30] [191/456] SCAI
[03:39:30] 🔄 Identity reset
[03:39:30] 🔄 Identity rotated (every 10 requests)
[03:39:31] [192/456] RMTR
[03:39:32] [193/456] ASST
[03:39:32] [194/456] GCAK
[03:39:33] [195/456] ANNK
[03:39:34] [196/456] KDDF
[03:39:35] [197/456] NRDP
[03:39:37] [198/456] PLAK
[03:39:38] [199/456] GCMC
[03:39:39] [200/456] ALPY
[03:39:40] [201/456] SICE
[03:39:40] 🔄 Identity reset
[03:39:40] 🔄 Identity rotated (every 10 requests)
[03:39:40] [202/456] SISR
[03:39:41] [203/456] SRPZ
[03:39:42] [204/456] SRSW
[03:39:43] [205/456] SUYA
[03:39:44] [206/456] AMMT
[03:39:44] [207/456] BHCU
[03:39:45] [208/456] KLPA
[03:39:46] [209/456] NVKH
[03:39:47] [210/456] JMRC
[03:39:48] [211/456] KTTT
[03:39:49] 🔄 Identity reset
[03:39:49] 🔄 Identity rotated (every 10 requests)
[03:39:49] 🔄 Retry 1/5 for KTTT in 2.3s
[03:39:49] 🔄 Identity reset
[03:39:51] 🧠 New identity created
[03:39:51] 🔄 Retry 2/5 for KTTT in 4.1s
[03:39:51] 🔄 Identity reset
[03:39:55] 🧠 New identity created
[03:39:56] [212/456] MAGH
[03:39:57] [213/456] MMMX
[03:39:57] [214/456] SALJ
[03:39:58] [215/456] GTJA
[03:39:59] [216/456] MAHT
[03:40:00] [217/456] SSNN
[03:40:01] [218/456] ARRP
[03:40:02] [219/456] ATNS
[03:40:02] 🔄 Identity reset
[03:40:02] 🔄 Identity rotated (every 10 requests)
[03:40:02] 🔄 Retry 1/5 for ATNS in 2.7s
[03:40:02] 🔄 Identity reset
[03:40:05] 🧠 New identity created
[03:40:05] [220/456] SKDT
[03:40:06] [221/456] ACAT
[03:40:06] [222/456] APRC
[03:40:07] [223/456] SWAG
[03:40:08] [224/456] SDPT
[03:40:08] [225/456] STPS
[03:40:09] [226/456] WWCZ
[03:40:10] [227/456] LLCH
[03:40:10] [228/456] MZHA
[03:40:11] 🔄 Identity reset
[03:40:11] 🔄 Identity rotated (every 10 requests)
[03:40:11] [229/456] CRJG
[03:40:12] [230/456] JGTK
[03:40:13] [231/456] KCSR
[03:40:14] [232/456] CHTL
[03:40:15] [233/456] EDSR
[03:40:16] [234/456] CSWO
[03:40:17] [235/456] CPVM
[03:40:18] [236/456] MXBY
[03:40:19] [237/456] FMMA
[03:40:20] [238/456] POVI
[03:40:21] 🔄 Identity reset
[03:40:21] 🔄 Identity rotated (every 10 requests)
[03:40:21] [239/456] MTHB
[03:40:22] [240/456] INRC
[03:40:23] [241/456] PIPP
[03:40:24] [242/456] BMXC
[03:40:25] [243/456] PCMM
[03:40:26] [244/456] PMKM
[03:40:27] [245/456] GATY
[03:40:28] [246/456] IMCM
[03:40:29] [247/456] POPE
[03:40:30] [248/456] MTCR
[03:40:31] 🔄 Identity reset
[03:40:31] 🔄 Identity rotated (every 10 requests)
[03:40:31] [249/456] PVAE
[03:40:32] [250/456] PVMI
[03:40:32] [251/456] CPNM
[03:40:33] [252/456] FMRL
[03:40:34] [253/456] MCIW
[03:40:35] [254/456] MXBO
[03:40:36] [255/456] FMKY
[03:40:36] [256/456] FMDA
[03:40:37] [257/456] THAB
[03:40:38] [258/456] PRCW
[03:40:39] 🔄 Identity reset
[03:40:39] 🔄 Identity rotated (every 10 requests)
[03:40:39] [259/456] PITI
[03:40:40] [260/456] MCFF
[03:40:41] [261/456] PDDV
[03:40:41] [262/456] MCRM
[03:40:42] [263/456] KKMB
[03:40:43] [264/456] INKO
[03:40:44] [265/456] PLXP
[03:40:45] [266/456] MMHA
[03:40:46] [267/456] FMVS
[03:40:46] [268/456] POLM
[03:40:47] 🔄 Identity reset
[03:40:47] 🔄 Identity rotated (every 10 requests)
[03:40:47] [269/456] STER
[03:40:48] [270/456] PVWJ
[03:40:49] [271/456] IMJW
[03:40:50] [272/456] FNAN
[03:40:51] [273/456] CAGL
[03:40:52] [274/456] IPBG
[03:40:53] [275/456] SMFV
[03:40:53] [276/456] MMMR
[03:40:54] [277/456] MMWM
[03:40:55] [278/456] FNCM
[03:40:56] 🔄 Identity reset
[03:40:56] 🔄 Identity rotated (every 10 requests)
[03:40:56] [279/456] MDVA
[03:40:57] [280/456] MMET
[03:40:58] [281/456] MIDO
[03:40:59] [282/456] INNP
[03:41:00] [283/456] MIFU
[03:41:01] [284/456] MMSZ
[03:41:02] [285/456] BMXA
[03:41:03] [286/456] MCAA
[03:41:04] [287/456] SCVP
[03:41:05] [288/456] PLUS
[03:41:05] 🔄 Identity reset
[03:41:05] 🔄 Identity rotated (every 10 requests)
[03:41:06] [289/456] MUCK
[03:41:07] [290/456] MTMA
[03:41:08] [291/456] HPVR
[03:41:08] [292/456] PMPK
[03:41:09] [293/456] MAJB
[03:41:10] [294/456] CTRR
[03:41:11] [295/456] MCTG
[03:41:12] [296/456] MACE
[03:41:12] [297/456] AAAS
[03:41:14] [298/456] CPVV
[03:41:15] 🔄 Identity reset
[03:41:15] 🔄 Identity rotated (every 10 requests)
[03:41:15] [299/456] RCHG
[03:41:16] [300/456] MCNE
[03:41:17] [301/456] EMNC
[03:41:17] [302/456] MCAN
[03:41:18] [303/456] TCDM
[03:41:19] [304/456] IRGT
[03:41:20] [305/456] GCMG
[03:41:21] [306/456] MXSN
[03:41:22] [307/456] MXCK
[03:41:22] [308/456] MCRC
[03:41:23] 🔄 Identity reset
[03:41:23] 🔄 Identity rotated (every 10 requests)
[03:41:23] [309/456] RSMI
[03:41:24] [310/456] WAML
[03:41:25] [311/456] MTSC
[03:41:25] [312/456] FMDR
[03:41:26] [313/456] LEPV
[03:41:27] [314/456] MTGD
[03:41:28] [315/456] IMOB
[03:41:29] [316/456] CLMM
[03:41:29] [317/456] PZCD
[03:41:30] [318/456] GOCS
[03:41:31] 🔄 Identity reset
[03:41:31] 🔄 Identity rotated (every 10 requests)
[03:41:31] [319/456] KCMA
[03:41:32] [320/456] CCMP
[03:41:33] [321/456] MTSU
[03:41:34] [322/456] SNGL
[03:41:35] [323/456] MMMC
[03:41:36] [324/456] MMAA
[03:41:38] [325/456] GCDM
[03:41:39] [326/456] KTMV
[03:41:40] [327/456] AETE
[03:41:41] [328/456] OMCS
[03:41:41] 🔄 Identity reset
[03:41:41] 🔄 Identity rotated (every 10 requests)
[03:41:41] [329/456] GDCD
[03:41:42] [330/456] NYMD
[03:41:43] [331/456] RNCV
[03:41:44] [332/456] KKMT
[03:41:45] [333/456] GDTH
[03:41:45] [334/456] KMMV
[03:41:46] [335/456] NHCG
[03:41:47] [336/456] PJDW
[03:41:48] [337/456] MMCV
[03:41:49] [338/456] FQSA
[03:41:49] 🔄 Identity reset
[03:41:49] 🔄 Identity rotated (every 10 requests)
[03:41:49] 🔄 Retry 1/5 for FQSA in 2.4s
[03:41:49] 🔄 Identity reset
[03:41:52] 🧠 New identity created
[03:41:52] 🔄 Retry 2/5 for FQSA in 4.8s
[03:41:52] 🔄 Identity reset
[03:41:57] 🧠 New identity created
[03:41:57] [339/456] KURL
[03:41:58] [340/456] NNNX
[03:41:59] [341/456] AMAU
[03:42:00] [342/456] VVVM
[03:42:01] [343/456] VECU
[03:42:02] [344/456] WCVR
[03:42:03] [345/456] MTGG
[03:42:04] [346/456] SGTG
[03:42:04] 🔄 Identity reset
[03:42:04] 🔄 Identity rotated (every 10 requests)
[03:42:04] [347/456] MNTG
[03:42:05] [348/456] JDDG
[03:42:06] [349/456] MBTK
[03:42:07] [350/456] SGCD
[03:42:08] [351/456] MCTC
[03:42:09] [352/456] JTPC
[03:42:09] [353/456] SDKT
[03:42:10] [354/456] KRCC
[03:42:11] [355/456] RMMD
[03:42:12] [356/456] AAME
[03:42:13] 🔄 Identity reset
[03:42:13] 🔄 Identity rotated (every 10 requests)
[03:42:13] [357/456] TMWC
[03:42:14] [358/456] NRWY
[03:42:15] [359/456] CITD
[03:42:16] [360/456] VERD
[03:42:17] [361/456] MKSK
[03:42:18] [362/456] STSM
[03:42:19] [363/456] MJDG
[03:42:20] [364/456] RKPM
[03:42:21] [365/456] SSCE
[03:42:22] [366/456] VMAE
[03:42:23] 🔄 Identity reset
[03:42:23] 🔄 Identity rotated (every 10 requests)
[03:42:23] [367/456] SBRU
[03:42:24] [368/456] AMBC
[03:42:25] [369/456] AMLU
[03:42:26] [370/456] INVZ
[03:42:27] [371/456] LGTV
[03:42:28] [372/456] SVAD
[03:42:29] [373/456] SMSA
[03:42:29] [374/456] SPCZ
[03:42:30] [375/456] GTCX
[03:42:31] [376/456] SCSL
[03:42:32] 🔄 Identity reset
[03:42:32] 🔄 Identity rotated (every 10 requests)
[03:42:32] [377/456] SAHU
[03:42:33] [378/456] NCDA
[03:42:35] [379/456] SCCG
[03:42:35] [380/456] VKTL
[03:42:36] [381/456] PUUJ
[03:42:38] [382/456] STEJ
[03:42:39] [383/456] RJAL
[03:42:40] [384/456] ACJC
[03:42:41] [385/456] ARVB
[03:42:42] [386/456] AUBB
[03:42:42] 🔄 Identity reset
[03:42:42] 🔄 Identity rotated (every 10 requests)
[03:42:43] [387/456] GDBR
[03:42:44] [388/456] PVND
[03:42:45] [389/456] BGRJ
[03:42:46] [390/456] RJMM
[03:42:46] [391/456] MCSA
[03:42:47] [392/456] BODA
[03:42:48] [393/456] JAGG
[03:42:49] [394/456] SCGA
[03:42:50] [395/456] LRCM
[03:42:52] [396/456] CPCN
[03:42:53] 🔄 Identity reset
[03:42:53] 🔄 Identity rotated (every 10 requests)
[03:42:53] [397/456] SSTF
[03:42:54] [398/456] SRXP
[03:42:55] [399/456] CNFX
[03:42:56] [400/456] ANDI
[03:42:56] [401/456] SYEW
[03:42:57] [402/456] RCRE
[03:42:58] [403/456] SCRW
[03:43:00] [404/456] MBKR
[03:43:01] [405/456] ASNT
[03:43:01] [406/456] JTMT
[03:43:02] 🔄 Identity reset
[03:43:02] 🔄 Identity rotated (every 10 requests)
[03:43:02] [407/456] SHAY
[03:43:03] [408/456] VRTH
[03:43:04] [409/456] SPTI
[03:43:05] [410/456] DPTD
[03:43:06] [411/456] TGSN
[03:43:07] [412/456] RCWV
[03:43:08] [413/456] OCUR
[03:43:08] [414/456] KSTC
[03:43:09] [415/456] SANI
[03:43:11] [416/456] MLCA
[03:43:11] 🔄 Identity reset
[03:43:12] 🔄 Identity rotated (every 10 requests)
[03:43:12] [417/456] EGCA
[03:43:13] [418/456] SYSN
[03:43:14] [419/456] PKTA
[03:43:15] [420/456] PRCC
[03:43:16] [421/456] KSTR
[03:43:17] [422/456] SNTP
[03:43:18] [423/456] RCHA
[03:43:18] [424/456] SEEA
[03:43:19] [425/456] ALAT
[03:43:20] [426/456] AATV
[03:43:21] 🔄 Identity reset
[03:43:21] 🔄 Identity rotated (every 10 requests)
[03:43:21] [427/456] RJTE
[03:43:22] [428/456] AAPP
[03:43:23] [429/456] PMMH
[03:43:23] [430/456] INRJ
[03:43:24] [431/456] SARB
[03:43:25] [432/456] PCJL
[03:43:27] [433/456] PFJJ
[03:43:28] [434/456] GRDC
[03:43:28] [435/456] BCBA
[03:43:29] [436/456] VIXL
[03:43:30] 🔄 Identity reset
[03:43:30] 🔄 Identity rotated (every 10 requests)
[03:43:30] [437/456] CSTL
[03:43:31] [438/456] MTDK
[03:43:32] [439/456] TDAC
[03:43:32] [440/456] GTDN
[03:43:33] [441/456] TTDE
[03:43:34] [442/456] ASTS
[03:43:35] [443/456] CPNS
[03:43:37] [444/456] PVVW
[03:43:38] [445/456] USEB
[03:43:38] [446/456] DTYN
[03:43:39] 🔄 Identity reset
[03:43:39] 🔄 Identity rotated (every 10 requests)
[03:43:39] [447/456] PVLE
[03:43:40] [448/456] CIPS
[03:43:41] [449/456] PAEG
[03:43:42] [450/456] PTCW
[03:43:43] [451/456] G3SR
[03:43:43] [452/456] PGND
[03:43:44] [453/456] INVM
[03:43:45] [454/456] SPIA
[03:43:46] [455/456] PCSN
[03:43:47] [456/456] PPGV
[03:43:48] 🔄 Identity reset
[03:43:48] 🔄 Identity rotated (every 10 requests)
[03:43:48] 🧹 Deduping shows
[03:43:48] ✅ DONE | Shows=4642 | Movies=74
[10:46:09] 🚀 SCRIPT STARTED (enhanced anti‑detection)
[10:46:09] [1/456] FNDB
[10:46:09] 🧠 New identity created
[10:46:10] [2/456] AMBH
[10:46:11] [3/456] PRHN
[10:46:12] [4/456] ACPM
[10:46:13] [5/456] PVFS
[10:46:13] [6/456] AACN
[10:46:15] [7/456] ACAS
[10:46:16] [8/456] CTNR
[10:46:17] [9/456] MMAH
[10:46:18] [10/456] CPMH
[10:46:19] 🔄 Identity reset
[10:46:19] 🔄 Identity rotated (every 10 requests)
[10:46:19] [11/456] IGMH
[10:46:20] [12/456] ABCS
[10:46:21] [13/456] CMMA
[10:46:22] [14/456] GPRH
[10:46:23] [15/456] PNNG
[10:46:24] [16/456] AMCA
[10:46:25] [17/456] ISTN
[10:46:26] [18/456] PIIC
[10:46:27] [19/456] AHMH
[10:46:28] [20/456] ASHN
[10:46:29] 🔄 Identity reset
[10:46:29] 🔄 Identity rotated (every 10 requests)
[10:46:29] [21/456] INHY
[10:46:30] [22/456] SRMO
[10:46:31] [23/456] PIMH
[10:46:32] [24/456] PVTS
[10:46:33] [25/456] MMCA
[10:46:35] [26/456] AKYJ
[10:46:36] [27/456] BRKH
[10:46:37] [28/456] MAHM
[10:46:38] [29/456] CPHY
[10:46:39] [30/456] PVTP
[10:46:39] 🔄 Identity reset
[10:46:39] 🔄 Identity rotated (every 10 requests)
[10:46:40] 🔄 Retry 1/5 for PVTP in 2.9s
[10:46:40] 🔄 Identity reset
[10:46:42] 🧠 New identity created
[10:46:43] [31/456] SMMR
[10:46:44] [32/456] PVHM
[10:46:44] [33/456] SNDY
[10:46:45] [34/456] GOKU
[10:46:46] [35/456] ACEV
[10:46:47] [36/456] PVUM
[10:46:48] [37/456] VSWA
[10:46:49] [38/456] IPRS
[10:46:50] [39/456] BKMV
[10:46:51] 🔄 Identity reset
[10:46:51] 🔄 Identity rotated (every 10 requests)
[10:46:52] [40/456] PVYH
[10:46:53] [41/456] INKM
[10:46:54] [42/456] ARJU
[10:46:55] [43/456] JJPP
[10:46:55] [44/456] SSRM
[10:46:56] [45/456] HMHD
[10:46:57] [46/456] SNKH
[10:46:58] [47/456] ACHI
[10:46:59] [48/456] MRAA
[10:47:00] [49/456] INMH
[10:47:01] 🔄 Identity reset
[10:47:01] 🔄 Identity rotated (every 10 requests)
[10:47:01] [50/456] ARMH
[10:47:02] [51/456] DVRR
[10:47:03] [52/456] SUDA
[10:47:03] [53/456] MCSS
[10:47:04] [54/456] VRKC
[10:47:05] [55/456] PRCX
[10:47:07] [56/456] ASJY
[10:47:08] [57/456] MTHY
[10:47:08] [58/456] SRCM
[10:47:09] [59/456] TVHY
[10:47:10] 🔄 Identity reset
[10:47:10] 🔄 Identity rotated (every 10 requests)
[10:47:10] 🔄 Retry 1/5 for TVHY in 2.8s
[10:47:10] 🔄 Identity reset
[10:47:13] 🧠 New identity created
[10:47:13] [60/456] STHD
[10:47:14] [61/456] CPCL
[10:47:15] [62/456] PSMJ
[10:47:16] [63/456] MRGT
[10:47:17] [64/456] ARYH
[10:47:18] [65/456] VTRB
[10:47:18] [66/456] SCHC
[10:47:19] [67/456] MRRG
[10:47:20] [68/456] SPCB
[10:47:21] 🔄 Identity reset
[10:47:21] 🔄 Identity rotated (every 10 requests)
[10:47:21] [69/456] AMCM
[10:47:22] [70/456] IVNM
[10:47:23] [71/456] TRHY
[10:47:24] [72/456] PTTH
[10:47:25] [73/456] RKMH
[10:47:26] [74/456] PRCS
[10:47:27] [75/456] VAJA
[10:47:28] [76/456] BJNG
[10:47:29] [77/456] SCVM
[10:47:30] [78/456] GNHB
[10:47:30] 🔄 Identity reset
[10:47:30] 🔄 Identity rotated (every 10 requests)
[10:47:31] [79/456] TLUR
[10:47:31] [80/456] UKCC
[10:47:32] [81/456] SRKR
[10:47:33] [82/456] RMKN
[10:47:34] [83/456] SLRT
[10:47:35] [84/456] LKMT
[10:47:36] [85/456] SSRJ
[10:47:37] [86/456] SPHT
[10:47:38] [87/456] ANTT
[10:47:39] [88/456] SRCH
[10:47:39] 🔄 Identity reset
[10:47:39] 🔄 Identity rotated (every 10 requests)
[10:47:39] 🔄 Retry 1/5 for SRCH in 2.3s
[10:47:39] 🔄 Identity reset
[10:47:42] 🧠 New identity created
[10:47:42] [89/456] SRCA
[10:47:43] [90/456] ARTH
[10:47:44] [91/456] MCBH
[10:47:45] [92/456] SNIB
[10:47:46] [93/456] SART
[10:47:47] [94/456] SKTA
[10:47:48] [95/456] YAKT
[10:47:49] [96/456] MLCK
[10:47:50] [97/456] ANTS
[10:47:50] 🔄 Identity reset
[10:47:50] 🔄 Identity rotated (every 10 requests)
[10:47:50] [98/456] DGCA
[10:47:51] [99/456] SGMP
[10:47:52] [100/456] ASWN
[10:47:53] [101/456] KFVU
[10:47:54] [102/456] POOR
[10:47:55] [103/456] GKDN
[10:47:56] [104/456] EOSE
[10:47:57] [105/456] GTTT
[10:47:58] [106/456] ARRO
[10:47:59] [107/456] CMMK
[10:47:59] 🔄 Identity reset
[10:47:59] 🔄 Identity rotated (every 10 requests)
[10:48:00] [108/456] MSCN
[10:48:01] [109/456] GDKH
[10:48:01] [110/456] DLMT
[10:48:02] [111/456] PVMF
[10:48:03] [112/456] CPCK
[10:48:04] [113/456] VMHE
[10:48:05] [114/456] PVLC
[10:48:06] [115/456] PCVB
[10:48:07] [116/456] SNYK
[10:48:08] [117/456] KTEK
[10:48:08] 🔄 Identity reset
[10:48:08] 🔄 Identity rotated (every 10 requests)
[10:48:08] 🔄 Retry 1/5 for KTEK in 2.1s
[10:48:08] 🔄 Identity reset
[10:48:10] 🧠 New identity created
[10:48:10] 🔄 Retry 2/5 for KTEK in 4.7s
[10:48:10] 🔄 Identity reset
[10:48:15] 🧠 New identity created
[10:48:15] 🔄 Retry 3/5 for KTEK in 8.2s
[10:48:15] 🔄 Identity reset
[10:48:23] 🧠 New identity created
[10:48:24] [118/456] PCNM
[10:48:25] [119/456] NTTR
[10:48:26] [120/456] CPSK
[10:48:26] [121/456] JMMA
[10:48:28] [122/456] GCFK
[10:48:29] [123/456] MYCA
[10:48:30] [124/456] KSNP
[10:48:30] 🔄 Identity reset
[10:48:30] 🔄 Identity rotated (every 10 requests)
[10:48:30] 🔄 Retry 1/5 for KSNP in 2.6s
[10:48:30] 🔄 Identity reset
[10:48:33] 🧠 New identity created
[10:48:33] 🔄 Retry 2/5 for KSNP in 4.2s
[10:48:33] 🔄 Identity reset
[10:48:37] 🧠 New identity created
[10:48:38] [125/456] PMCE
[10:48:40] [126/456] SCKI
[10:48:41] [127/456] FSMA
[10:48:42] [128/456] CETA
[10:48:43] [129/456] MCIK
[10:48:44] [130/456] MYCR
[10:48:45] [131/456] EVMP
[10:48:46] [132/456] SSGT
[10:48:46] 🔄 Identity reset
[10:48:46] 🔄 Identity rotated (every 10 requests)
[10:48:46] 🔄 Retry 1/5 for SSGT in 2.3s
[10:48:46] 🔄 Identity reset
[10:48:49] 🧠 New identity created
[10:48:49] 🔄 Retry 2/5 for SSGT in 4.2s
[10:48:49] 🔄 Identity reset
[10:48:53] 🧠 New identity created
[10:48:54] [133/456] KCTK
[10:48:55] [134/456] ZTKC
[10:48:56] [135/456] MMTA
[10:48:57] [136/456] MAJT
[10:48:58] [137/456] ACPK
[10:48:58] [138/456] JMAX
[10:48:59] [139/456] SETK
[10:49:01] [140/456] CAIS
[10:49:02] 🔄 Identity reset
[10:49:02] 🔄 Identity rotated (every 10 requests)
[10:49:02] [141/456] AGCD
[10:49:03] [142/456] URCL
[10:49:04] [143/456] VTDS
[10:49:05] [144/456] JCNM
[10:49:06] [145/456] KCAM
[10:49:07] [146/456] ADCU
[10:49:08] [147/456] GXYN
[10:49:09] [148/456] SMJG
[10:49:10] [149/456] EYCJ
[10:49:11] [150/456] CCEJ
[10:49:11] 🔄 Identity reset
[10:49:11] 🔄 Identity rotated (every 10 requests)
[10:49:11] 🔄 Retry 1/5 for CCEJ in 2.1s
[10:49:11] 🔄 Identity reset
[10:49:14] 🧠 New identity created
[10:49:14] [151/456] MARS
[10:49:15] [152/456] CPVJ
[10:49:16] [153/456] INVP
[10:49:17] [154/456] CPOV
[10:49:18] [155/456] VIJK
[10:49:19] [156/456] LAIM
[10:49:20] [157/456] STHV
[10:49:21] [158/456] SVLJ
[10:49:22] [159/456] ATVJ
[10:49:23] 🔄 Identity reset
[10:49:23] 🔄 Identity rotated (every 10 requests)
[10:49:23] 🔄 Retry 1/5 for ATVJ in 2.5s
[10:49:23] 🔄 Identity reset
[10:49:25] 🧠 New identity created
[10:49:26] [160/456] JTSC
[10:49:27] [161/456] RMTV
[10:49:28] [162/456] MGGG
[10:49:29] [163/456] SWTH
[10:49:30] [164/456] INVJ
[10:49:31] [165/456] PRSV
[10:49:32] [166/456] JATV
[10:49:33] [167/456] RCVD
[10:49:33] [168/456] BDMA
[10:49:34] 🔄 Identity reset
[10:49:34] 🔄 Identity rotated (every 10 requests)
[10:49:34] [169/456] BLJI
[10:49:35] [170/456] SWOT
[10:49:36] [171/456] SWRN
[10:49:37] [172/456] TVRA
[10:49:38] [173/456] NVRN
[10:49:39] [174/456] SIKC
[10:49:40] [175/456] VAKR
[10:49:41] [176/456] SYLN
[10:49:42] [177/456] KLJL
[10:49:42] [178/456] LKMY
[10:49:43] 🔄 Identity reset
[10:49:43] 🔄 Identity rotated (every 10 requests)
[10:49:43] 🔄 Retry 1/5 for LKMY in 2.8s
[10:49:43] 🔄 Identity reset
[10:49:46] 🧠 New identity created
[10:49:46] 🔄 Retry 2/5 for LKMY in 4.6s
[10:49:46] 🔄 Identity reset
[10:49:51] 🧠 New identity created
[10:49:52] [179/456] VSLY
[10:49:53] [180/456] CIKO
[10:49:54] [181/456] GPBG
[10:49:55] [182/456] CECM
[10:49:56] [183/456] SLKB
[10:49:57] [184/456] MTBO
[10:49:58] [185/456] SSHB
[10:49:59] [186/456] VPCS
[10:49:59] 🔄 Identity reset
[10:49:59] 🔄 Identity rotated (every 10 requests)
[10:50:00] [187/456] RCSR
[10:50:01] [188/456] RJRM
[10:50:02] [189/456] KPPB
[10:50:03] [190/456] SEDC
[10:50:04] [191/456] SCAI
[10:50:05] [192/456] RMTR
[10:50:06] [193/456] ASST
[10:50:07] [194/456] GCAK
[10:50:08] [195/456] ANNK
[10:50:09] [196/456] KDDF
[10:50:09] 🔄 Identity reset
[10:50:09] 🔄 Identity rotated (every 10 requests)
[10:50:10] [197/456] NRDP
[10:50:11] [198/456] PLAK
[10:50:12] [199/456] GCMC
[10:50:13] [200/456] ALPY
[10:50:14] [201/456] SICE
[10:50:15] [202/456] SISR
[10:50:16] [203/456] SRPZ
[10:50:17] [204/456] SRSW
[10:50:18] [205/456] SUYA
[10:50:19] [206/456] AMMT
[10:50:19] 🔄 Identity reset
[10:50:19] 🔄 Identity rotated (every 10 requests)
[10:50:20] [207/456] BHCU
[10:50:21] [208/456] KLPA
[10:50:22] [209/456] NVKH
[10:50:22] [210/456] JMRC
[10:50:23] [211/456] KTTT
[10:50:24] [212/456] MAGH
[10:50:25] [213/456] MMMX
[10:50:26] [214/456] SALJ
[10:50:27] [215/456] GTJA
[10:50:28] [216/456] MAHT
[10:50:29] 🔄 Identity reset
[10:50:29] 🔄 Identity rotated (every 10 requests)
[10:50:29] [217/456] SSNN
[10:50:30] [218/456] ARRP
[10:50:31] [219/456] ATNS
[10:50:32] [220/456] SKDT
[10:50:33] [221/456] ACAT
[10:50:34] [222/456] APRC
[10:50:35] [223/456] SWAG
[10:50:36] [224/456] SDPT
[10:50:37] [225/456] STPS
[10:50:38] [226/456] WWCZ
[10:50:38] 🔄 Identity reset
[10:50:39] 🔄 Identity rotated (every 10 requests)
[10:50:39] [227/456] LLCH
[10:50:40] [228/456] MZHA
[10:50:41] [229/456] CRJG
[10:50:42] [230/456] JGTK
[10:50:43] [231/456] KCSR
[10:50:44] [232/456] CHTL
[10:50:45] [233/456] EDSR
[10:50:46] [234/456] CSWO
[10:50:47] [235/456] CPVM
[10:50:49] [236/456] MXBY
[10:50:49] 🔄 Identity reset
[10:50:49] 🔄 Identity rotated (every 10 requests)
[10:50:50] [237/456] FMMA
[10:50:51] [238/456] POVI
[10:50:52] [239/456] MTHB
[10:50:53] [240/456] INRC
[10:50:54] [241/456] PIPP
[10:50:54] [242/456] BMXC
[10:50:55] [243/456] PCMM
[10:50:56] [244/456] PMKM
[10:50:57] [245/456] GATY
[10:50:59] [246/456] IMCM
[10:51:00] 🔄 Identity reset
[10:51:00] 🔄 Identity rotated (every 10 requests)
[10:51:00] [247/456] POPE
[10:51:01] [248/456] MTCR
[10:51:03] [249/456] PVAE
[10:51:04] [250/456] PVMI
[10:51:06] [251/456] CPNM
[10:51:06] [252/456] FMRL
[10:51:08] [253/456] MCIW
[10:51:09] [254/456] MXBO
[10:51:10] [255/456] FMKY
[10:51:11] [256/456] FMDA
[10:51:11] 🔄 Identity reset
[10:51:11] 🔄 Identity rotated (every 10 requests)
[10:51:12] [257/456] THAB
[10:51:13] [258/456] PRCW
[10:51:15] [259/456] PITI
[10:51:16] [260/456] MCFF
[10:51:17] [261/456] PDDV
[10:51:18] [262/456] MCRM
[10:51:19] [263/456] KKMB
[10:51:20] [264/456] INKO
[10:51:21] [265/456] PLXP
[10:51:22] [266/456] MMHA
[10:51:23] 🔄 Identity reset
[10:51:23] 🔄 Identity rotated (every 10 requests)
[10:51:23] [267/456] FMVS
[10:51:25] [268/456] POLM
[10:51:25] [269/456] STER
[10:51:26] [270/456] PVWJ
[10:51:27] [271/456] IMJW
[10:51:28] [272/456] FNAN
[10:51:30] [273/456] CAGL
[10:51:31] [274/456] IPBG
[10:51:32] [275/456] SMFV
[10:51:33] [276/456] MMMR
[10:51:33] 🔄 Identity reset
[10:51:33] 🔄 Identity rotated (every 10 requests)
[10:51:34] [277/456] MMWM
[10:51:35] [278/456] FNCM
[10:51:36] [279/456] MDVA
[10:51:37] [280/456] MMET
[10:51:38] [281/456] MIDO
[10:51:39] [282/456] INNP
[10:51:40] [283/456] MIFU
[10:51:41] [284/456] MMSZ
[10:51:42] [285/456] BMXA
[10:51:43] [286/456] MCAA
[10:51:43] 🔄 Identity reset
[10:51:43] 🔄 Identity rotated (every 10 requests)
[10:51:43] 🔄 Retry 1/5 for MCAA in 3.0s
[10:51:43] 🔄 Identity reset
[10:51:46] 🧠 New identity created
[10:51:47] [287/456] SCVP
[10:51:48] [288/456] PLUS
[10:51:49] [289/456] MUCK
[10:51:50] [290/456] MTMA
[10:51:51] [291/456] HPVR
[10:51:51] [292/456] PMPK
[10:51:52] [293/456] MAJB
[10:51:54] [294/456] CTRR
[10:51:54] [295/456] MCTG
[10:51:55] 🔄 Identity reset
[10:51:55] 🔄 Identity rotated (every 10 requests)
[10:51:55] [296/456] MACE
[10:51:56] [297/456] AAAS
[10:51:58] [298/456] CPVV
[10:51:59] [299/456] RCHG
[10:52:00] [300/456] MCNE
[10:52:01] [301/456] EMNC
[10:52:02] [302/456] MCAN
[10:52:03] [303/456] TCDM
[10:52:04] [304/456] IRGT
[10:52:05] [305/456] GCMG
[10:52:06] 🔄 Identity reset
[10:52:06] 🔄 Identity rotated (every 10 requests)
[10:52:07] [306/456] MXSN
[10:52:08] [307/456] MXCK
[10:52:09] [308/456] MCRC
[10:52:10] [309/456] RSMI
[10:52:10] [310/456] WAML
[10:52:11] [311/456] MTSC
[10:52:12] [312/456] FMDR
[10:52:13] [313/456] LEPV
[10:52:14] [314/456] MTGD
[10:52:15] [315/456] IMOB
[10:52:15] 🔄 Identity reset
[10:52:15] 🔄 Identity rotated (every 10 requests)
[10:52:16] [316/456] CLMM
[10:52:16] [317/456] PZCD
[10:52:17] [318/456] GOCS
[10:52:18] [319/456] KCMA
[10:52:19] [320/456] CCMP
[10:52:20] [321/456] MTSU
[10:52:21] [322/456] SNGL
[10:52:22] [323/456] MMMC
[10:52:23] [324/456] MMAA
[10:52:24] [325/456] GCDM
[10:52:24] 🔄 Identity reset
[10:52:24] 🔄 Identity rotated (every 10 requests)
[10:52:24] [326/456] KTMV
[10:52:25] [327/456] AETE
[10:52:26] [328/456] OMCS
[10:52:28] [329/456] GDCD
[10:52:29] [330/456] NYMD
[10:52:30] [331/456] RNCV
[10:52:31] [332/456] KKMT
[10:52:31] [333/456] GDTH
[10:52:32] [334/456] KMMV
[10:52:33] [335/456] NHCG
[10:52:34] 🔄 Identity reset
[10:52:34] 🔄 Identity rotated (every 10 requests)
[10:52:34] [336/456] PJDW
[10:52:35] [337/456] MMCV
[10:52:36] [338/456] FQSA
[10:52:37] [339/456] KURL
[10:52:37] [340/456] NNNX
[10:52:39] [341/456] AMAU
[10:52:40] [342/456] VVVM
[10:52:41] [343/456] VECU
[10:52:42] [344/456] WCVR
[10:52:43] [345/456] MTGG
[10:52:43] 🔄 Identity reset
[10:52:44] 🔄 Identity rotated (every 10 requests)
[10:52:45] [346/456] SGTG
[10:52:46] [347/456] MNTG
[10:52:47] [348/456] JDDG
[10:52:48] [349/456] MBTK
[10:52:48] [350/456] SGCD
[10:52:49] [351/456] MCTC
[10:52:50] [352/456] JTPC
[10:52:51] [353/456] SDKT
[10:52:53] [354/456] KRCC
[10:52:54] [355/456] RMMD
[10:52:54] 🔄 Identity reset
[10:52:54] 🔄 Identity rotated (every 10 requests)
[10:52:55] [356/456] AAME
[10:52:56] [357/456] TMWC
[10:52:57] [358/456] NRWY
[10:52:58] [359/456] CITD
[10:52:59] [360/456] VERD
[10:53:00] [361/456] MKSK
[10:53:01] [362/456] STSM
[10:53:01] [363/456] MJDG
[10:53:02] [364/456] RKPM
[10:53:03] [365/456] SSCE
[10:53:04] 🔄 Identity reset
[10:53:04] 🔄 Identity rotated (every 10 requests)
[10:53:04] [366/456] VMAE
[10:53:05] [367/456] SBRU
[10:53:06] [368/456] AMBC
[10:53:07] [369/456] AMLU
[10:53:08] [370/456] INVZ
[10:53:09] [371/456] LGTV
[10:53:10] [372/456] SVAD
[10:53:11] [373/456] SMSA
[10:53:12] [374/456] SPCZ
[10:53:13] [375/456] GTCX
[10:53:13] 🔄 Identity reset
[10:53:13] 🔄 Identity rotated (every 10 requests)
[10:53:14] [376/456] SCSL
[10:53:15] [377/456] SAHU
[10:53:16] [378/456] NCDA
[10:53:17] [379/456] SCCG
[10:53:18] [380/456] VKTL
[10:53:19] [381/456] PUUJ
[10:53:20] [382/456] STEJ
[10:53:21] [383/456] RJAL
[10:53:22] [384/456] ACJC
[10:53:23] [385/456] ARVB
[10:53:23] 🔄 Identity reset
[10:53:23] 🔄 Identity rotated (every 10 requests)
[10:53:24] [386/456] AUBB
[10:53:25] [387/456] GDBR
[10:53:26] [388/456] PVND
[10:53:26] [389/456] BGRJ
[10:53:28] [390/456] RJMM
[10:53:28] [391/456] MCSA
[10:53:29] [392/456] BODA
[10:53:30] [393/456] JAGG
[10:53:31] [394/456] SCGA
[10:53:32] [395/456] LRCM
[10:53:33] 🔄 Identity reset
[10:53:33] 🔄 Identity rotated (every 10 requests)
[10:53:33] 🔄 Retry 1/5 for LRCM in 2.7s
[10:53:33] 🔄 Identity reset
[10:53:35] 🧠 New identity created
[10:53:36] [396/456] CPCN
[10:53:36] [397/456] SSTF
[10:53:37] [398/456] SRXP
[10:53:39] [399/456] CNFX
[10:53:40] [400/456] ANDI
[10:53:42] [401/456] SYEW
[10:53:42] [402/456] RCRE
[10:53:43] [403/456] SCRW
[10:53:44] [404/456] MBKR
[10:53:45] 🔄 Identity reset
[10:53:45] 🔄 Identity rotated (every 10 requests)
[10:53:45] [405/456] ASNT
[10:53:46] [406/456] JTMT
[10:53:47] [407/456] SHAY
[10:53:48] [408/456] VRTH
[10:53:49] [409/456] SPTI
[10:53:50] [410/456] DPTD
[10:53:51] [411/456] TGSN
[10:53:52] [412/456] RCWV
[10:53:53] [413/456] OCUR
[10:53:54] [414/456] KSTC
[10:53:54] 🔄 Identity reset
[10:53:54] 🔄 Identity rotated (every 10 requests)
[10:53:55] [415/456] SANI
[10:53:56] [416/456] MLCA
[10:53:57] [417/456] EGCA
[10:53:58] [418/456] SYSN
[10:53:59] [419/456] PKTA
[10:54:00] [420/456] PRCC
[10:54:01] [421/456] KSTR
[10:54:02] [422/456] SNTP
[10:54:02] [423/456] RCHA
[10:54:03] [424/456] SEEA
[10:54:04] 🔄 Identity reset
[10:54:04] 🔄 Identity rotated (every 10 requests)
[10:54:04] [425/456] ALAT
[10:54:05] [426/456] AATV
[10:54:06] [427/456] RJTE
[10:54:07] [428/456] AAPP
[10:54:08] [429/456] PMMH
[10:54:09] [430/456] INRJ
[10:54:10] [431/456] SARB
[10:54:11] [432/456] PCJL
[10:54:12] [433/456] PFJJ
[10:54:13] [434/456] GRDC
[10:54:14] 🔄 Identity reset
[10:54:14] 🔄 Identity rotated (every 10 requests)
[10:54:14] 🔄 Retry 1/5 for GRDC in 2.9s
[10:54:14] 🔄 Identity reset
[10:54:17] 🧠 New identity created
[10:54:17] [435/456] BCBA
[10:54:18] [436/456] VIXL
[10:54:19] [437/456] CSTL
[10:54:20] [438/456] MTDK
[10:54:21] [439/456] TDAC
[10:54:22] [440/456] GTDN
[10:54:22] [441/456] TTDE
[10:54:23] [442/456] ASTS
[10:54:24] [443/456] CPNS
[10:54:25] 🔄 Identity reset
[10:54:25] 🔄 Identity rotated (every 10 requests)
[10:54:25] [444/456] PVVW
[10:54:26] [445/456] USEB
[10:54:27] [446/456] DTYN
[10:54:28] [447/456] PVLE
[10:54:29] [448/456] CIPS
[10:54:30] [449/456] PAEG
[10:54:30] [450/456] PTCW
[10:54:31] [451/456] G3SR
[10:54:32] [452/456] PGND
[10:54:33] [453/456] INVM
[10:54:34] 🔄 Identity reset
[10:54:34] 🔄 Identity rotated (every 10 requests)
[10:54:34] [454/456] SPIA
[10:54:35] [455/456] PCSN
[10:54:36] [456/456] PPGV
[10:54:37] 🧹 Deduping shows
[10:54:37] ✅ DONE | Shows=4740 | Movies=75
[05:40:24] 🚀 SCRIPT STARTED (enhanced anti‑detection)
[05:40:24] [1/456] FNDB
[05:40:24] 🧠 New identity created
[05:40:25] [2/456] AMBH
[05:40:27] [3/456] PRHN
[05:40:27] [4/456] ACPM
[05:40:28] [5/456] PVFS
[05:40:29] [6/456] AACN
[05:40:30] [7/456] ACAS
[05:40:31] [8/456] CTNR
[05:40:32] [9/456] MMAH
[05:40:33] [10/456] CPMH
[05:40:33] 🔄 Identity reset
[05:40:33] 🔄 Identity rotated (every 10 requests)
[05:40:34] [11/456] IGMH
[05:40:34] [12/456] ABCS
[05:40:35] [13/456] CMMA
[05:40:36] [14/456] GPRH
[05:40:37] [15/456] PNNG
[05:40:38] [16/456] AMCA
[05:40:39] [17/456] ISTN
[05:40:40] [18/456] PIIC
[05:40:41] [19/456] AHMH
[05:40:41] [20/456] ASHN
[05:40:42] 🔄 Identity reset
[05:40:42] 🔄 Identity rotated (every 10 requests)
[05:40:43] [21/456] INHY
[05:40:44] [22/456] SRMO
[05:40:45] [23/456] PIMH
[05:40:45] [24/456] PVTS
[05:40:46] [25/456] MMCA
[05:40:47] [26/456] AKYJ
[05:40:48] [27/456] BRKH
[05:40:48] [28/456] MAHM
[05:40:49] [29/456] CPHY
[05:40:50] [30/456] PVTP
[05:40:51] 🔄 Identity reset
[05:40:51] 🔄 Identity rotated (every 10 requests)
[05:40:51] [31/456] SMMR
[05:40:52] [32/456] PVHM
[05:40:52] [33/456] SNDY
[05:40:53] [34/456] GOKU
[05:40:55] [35/456] ACEV
[05:40:56] [36/456] PVUM
[05:40:56] [37/456] VSWA
[05:40:57] [38/456] IPRS
[05:40:58] [39/456] BKMV
[05:40:59] [40/456] PVYH
[05:41:00] 🔄 Identity reset
[05:41:00] 🔄 Identity rotated (every 10 requests)
[05:41:00] [41/456] INKM
[05:41:01] [42/456] ARJU
[05:41:02] [43/456] JJPP
[05:41:03] [44/456] SSRM
[05:41:04] [45/456] HMHD
[05:41:05] [46/456] SNKH
[05:41:06] [47/456] ACHI
[05:41:07] [48/456] MRAA
[05:41:08] [49/456] INMH
[05:41:09] [50/456] ARMH
[05:41:10] 🔄 Identity reset
[05:41:10] 🔄 Identity rotated (every 10 requests)
[05:41:10] [51/456] DVRR
[05:41:11] [52/456] SUDA
[05:41:12] [53/456] MCSS
[05:41:13] [54/456] VRKC
[05:41:14] [55/456] PRCX
[05:41:15] [56/456] ASJY
[05:41:15] [57/456] MTHY
[05:41:17] [58/456] SRCM
[05:41:18] [59/456] TVHY
[05:41:19] [60/456] STHD
[05:41:20] 🔄 Identity reset
[05:41:20] 🔄 Identity rotated (every 10 requests)
[05:41:20] 🔄 Retry 1/5 for STHD in 2.3s
[05:41:20] 🔄 Identity reset
[05:41:22] 🧠 New identity created
[05:41:23] [61/456] CPCL
[05:41:23] [62/456] PSMJ
[05:41:24] [63/456] MRGT
[05:41:26] [64/456] ARYH
[05:41:27] [65/456] VTRB
[05:41:27] [66/456] SCHC
[05:41:28] [67/456] MRRG
[05:41:29] [68/456] SPCB
[05:41:30] [69/456] AMCM
[05:41:31] 🔄 Identity reset
[05:41:31] 🔄 Identity rotated (every 10 requests)
[05:41:31] [70/456] IVNM
[05:41:32] [71/456] TRHY
[05:41:33] [72/456] PTTH
[05:41:34] [73/456] RKMH
[05:41:35] [74/456] PRCS
[05:41:35] [75/456] VAJA
[05:41:36] [76/456] BJNG
[05:41:37] [77/456] SCVM
[05:41:38] [78/456] GNHB
[05:41:39] [79/456] TLUR
[05:41:40] 🔄 Identity reset
[05:41:40] 🔄 Identity rotated (every 10 requests)
[05:41:40] 🔄 Retry 1/5 for TLUR in 2.4s
[05:41:40] 🔄 Identity reset
[05:41:43] 🧠 New identity created
[05:41:43] [80/456] UKCC
[05:41:44] [81/456] SRKR
[05:41:44] [82/456] RMKN
[05:41:45] [83/456] SLRT
[05:41:46] [84/456] LKMT
[05:41:47] [85/456] SSRJ
[05:41:48] [86/456] SPHT
[05:41:49] [87/456] ANTT
[05:41:50] [88/456] SRCH
[05:41:51] 🔄 Identity reset
[05:41:51] 🔄 Identity rotated (every 10 requests)
[05:41:51] 🔄 Retry 1/5 for SRCH in 2.1s
[05:41:51] 🔄 Identity reset
[05:41:53] 🧠 New identity created
[05:41:53] 🔄 Retry 2/5 for SRCH in 5.0s
[05:41:53] 🔄 Identity reset
[05:41:58] 🧠 New identity created
[05:41:58] 🔄 Retry 3/5 for SRCH in 8.6s
[05:41:58] 🔄 Identity reset
[05:42:07] 🧠 New identity created
[05:42:07] [89/456] SRCA
[05:42:08] [90/456] ARTH
[05:42:09] [91/456] MCBH
[05:42:09] [92/456] SNIB
[05:42:11] [93/456] SART
[05:42:12] [94/456] SKTA
[05:42:13] [95/456] YAKT
[05:42:13] 🔄 Identity reset
[05:42:13] 🔄 Identity rotated (every 10 requests)
[05:42:14] [96/456] MLCK
[05:42:15] [97/456] ANTS
[05:42:16] [98/456] DGCA
[05:42:17] [99/456] SGMP
[05:42:18] [100/456] ASWN
[05:42:19] [101/456] KFVU
[05:42:20] [102/456] POOR
[05:42:21] [103/456] GKDN
[05:42:22] [104/456] EOSE
[05:42:23] [105/456] GTTT
[05:42:24] 🔄 Identity reset
[05:42:24] 🔄 Identity rotated (every 10 requests)
[05:42:24] 🔄 Retry 1/5 for GTTT in 2.6s
[05:42:24] 🔄 Identity reset
[05:42:26] 🧠 New identity created
[05:42:26] [106/456] ARRO
[05:42:27] [107/456] CMMK
[05:42:29] [108/456] MSCN
[05:42:30] [109/456] GDKH
[05:42:31] [110/456] DLMT
[05:42:32] [111/456] PVMF
[05:42:32] [112/456] CPCK
[05:42:33] [113/456] VMHE
[05:42:34] [114/456] PVLC
[05:42:35] 🔄 Identity reset
[05:42:35] 🔄 Identity rotated (every 10 requests)
[05:42:35] 🔄 Retry 1/5 for PVLC in 2.6s
[05:42:35] 🔄 Identity reset
[05:42:38] 🧠 New identity created
[05:42:38] [115/456] PCVB
[05:42:39] [116/456] SNYK
[05:42:40] [117/456] KTEK
[05:42:41] [118/456] PCNM
[05:42:42] [119/456] NTTR
[05:42:43] [120/456] CPSK
[05:42:43] [121/456] JMMA
[05:42:44] [122/456] GCFK
[05:42:45] [123/456] MYCA
[05:42:46] 🔄 Identity reset
[05:42:46] 🔄 Identity rotated (every 10 requests)
[05:42:46] [124/456] KSNP
[05:42:47] [125/456] PMCE
[05:42:48] [126/456] SCKI
[05:42:49] [127/456] FSMA
[05:42:50] [128/456] CETA
[05:42:50] [129/456] MCIK
[05:42:51] [130/456] MYCR
[05:42:52] [131/456] EVMP
[05:42:54] [132/456] SSGT
[05:42:55] [133/456] KCTK
[05:42:55] 🔄 Identity reset
[05:42:55] 🔄 Identity rotated (every 10 requests)
[05:42:56] [134/456] ZTKC
[05:42:56] [135/456] MMTA
[05:42:57] [136/456] MAJT
[05:42:58] [137/456] ACPK
[05:42:59] [138/456] JMAX
[05:43:00] [139/456] SETK
[05:43:01] [140/456] CAIS
[05:43:02] [141/456] AGCD
[05:43:03] [142/456] URCL
[05:43:04] [143/456] VTDS
[05:43:05] 🔄 Identity reset
[05:43:05] 🔄 Identity rotated (every 10 requests)
[05:43:05] 🔄 Retry 1/5 for VTDS in 2.4s
[05:43:05] 🔄 Identity reset
[05:43:07] 🧠 New identity created
[05:43:07] [144/456] JCNM
[05:43:08] [145/456] KCAM
[05:43:09] [146/456] ADCU
[05:43:10] [147/456] GXYN
[05:43:11] [148/456] SMJG
[05:43:12] [149/456] EYCJ
[05:43:12] [150/456] CCEJ
[05:43:13] [151/456] MARS
[05:43:14] [152/456] CPVJ
[05:43:15] 🔄 Identity reset
[05:43:15] 🔄 Identity rotated (every 10 requests)
[05:43:15] 🔄 Retry 1/5 for CPVJ in 2.3s
[05:43:15] 🔄 Identity reset
[05:43:17] 🧠 New identity created
[05:43:17] 🔄 Retry 2/5 for CPVJ in 4.9s
[05:43:17] 🔄 Identity reset
[05:43:22] 🧠 New identity created
[05:43:23] [153/456] INVP
[05:43:23] [154/456] CPOV
[05:43:24] [155/456] VIJK
[05:43:25] [156/456] LAIM
[05:43:26] [157/456] STHV
[05:43:27] [158/456] SVLJ
[05:43:28] [159/456] ATVJ
[05:43:29] [160/456] JTSC
[05:43:29] 🔄 Identity reset
[05:43:29] 🔄 Identity rotated (every 10 requests)
[05:43:29] 🔄 Retry 1/5 for JTSC in 2.8s
[05:43:29] 🔄 Identity reset
[05:43:32] 🧠 New identity created
[05:43:32] 🔄 Retry 2/5 for JTSC in 4.5s
[05:43:32] 🔄 Identity reset
[05:43:37] 🧠 New identity created
[05:43:37] 🔄 Retry 3/5 for JTSC in 8.9s
[05:43:37] 🔄 Identity reset
[05:43:46] 🧠 New identity created
[05:43:46] [161/456] RMTV
[05:43:47] [162/456] MGGG
[05:43:48] [163/456] SWTH
[05:43:49] [164/456] INVJ
[05:43:49] [165/456] PRSV
[05:43:50] [166/456] JATV
[05:43:51] [167/456] RCVD
[05:43:52] 🔄 Identity reset
[05:43:52] 🔄 Identity rotated (every 10 requests)
[05:43:52] 🔄 Retry 1/5 for RCVD in 2.8s
[05:43:52] 🔄 Identity reset
[05:43:55] 🧠 New identity created
[05:43:55] [168/456] BDMA
[05:43:56] [169/456] BLJI
[05:43:57] [170/456] SWOT
[05:43:58] [171/456] SWRN
[05:43:59] [172/456] TVRA
[05:44:01] [173/456] NVRN
[05:44:02] [174/456] SIKC
[05:44:03] [175/456] VAKR
[05:44:03] [176/456] SYLN
[05:44:04] 🔄 Identity reset
[05:44:04] 🔄 Identity rotated (every 10 requests)
[05:44:04] 🔄 Retry 1/5 for SYLN in 2.0s
[05:44:04] 🔄 Identity reset
[05:44:06] 🧠 New identity created
[05:44:06] 🔄 Retry 2/5 for SYLN in 4.1s
[05:44:06] 🔄 Identity reset
[05:44:10] 🧠 New identity created
[05:44:11] [177/456] KLJL
[05:44:11] [178/456] LKMY
[05:44:12] [179/456] VSLY
[05:44:13] [180/456] CIKO
[05:44:14] [181/456] GPBG
[05:44:15] [182/456] CECM
[05:44:16] [183/456] SLKB
[05:44:17] [184/456] MTBO
[05:44:18] 🔄 Identity reset
[05:44:18] 🔄 Identity rotated (every 10 requests)
[05:44:18] [185/456] SSHB
[05:44:19] [186/456] VPCS
[05:44:20] [187/456] RCSR
[05:44:21] [188/456] RJRM
[05:44:22] [189/456] KPPB
[05:44:23] [190/456] SEDC
[05:44:24] [191/456] SCAI
[05:44:25] [192/456] RMTR
[05:44:26] [193/456] ASST
[05:44:27] [194/456] GCAK
[05:44:27] 🔄 Identity reset
[05:44:27] 🔄 Identity rotated (every 10 requests)
[05:44:27] 🔄 Retry 1/5 for GCAK in 2.9s
[05:44:27] 🔄 Identity reset
[05:44:30] 🧠 New identity created
[05:44:31] [195/456] ANNK
[05:44:32] [196/456] KDDF
[05:44:33] [197/456] NRDP
[05:44:34] [198/456] PLAK
[05:44:35] [199/456] GCMC
[05:44:36] [200/456] ALPY
[05:44:37] [201/456] SICE
[05:44:38] [202/456] SISR
[05:44:39] [203/456] SRPZ
[05:44:39] 🔄 Identity reset
[05:44:39] 🔄 Identity rotated (every 10 requests)
[05:44:40] [204/456] SRSW
[05:44:41] [205/456] SUYA
[05:44:41] [206/456] AMMT
[05:44:42] [207/456] BHCU
[05:44:43] [208/456] KLPA
[05:44:45] [209/456] NVKH
[05:44:46] [210/456] JMRC
[05:44:47] [211/456] KTTT
[05:44:48] [212/456] MAGH
[05:44:49] [213/456] MMMX
[05:44:49] 🔄 Identity reset
[05:44:49] 🔄 Identity rotated (every 10 requests)
[05:44:49] [214/456] SALJ
[05:44:50] [215/456] GTJA
[05:44:51] [216/456] MAHT
[05:44:52] [217/456] SSNN
[05:44:53] [218/456] ARRP
[05:44:54] [219/456] ATNS
[05:44:55] [220/456] SKDT
[05:44:55] [221/456] ACAT
[05:44:57] [222/456] APRC
[05:44:58] [223/456] SWAG
[05:44:59] 🔄 Identity reset
[05:44:59] 🔄 Identity rotated (every 10 requests)
[05:44:59] [224/456] SDPT
[05:45:00] [225/456] STPS
[05:45:01] [226/456] WWCZ
[05:45:01] [227/456] LLCH
[05:45:03] [228/456] MZHA
[05:45:04] [229/456] CRJG
[05:45:05] [230/456] JGTK
[05:45:06] [231/456] KCSR
[05:45:07] [232/456] CHTL
[05:45:08] [233/456] EDSR
[05:45:08] 🔄 Identity reset
[05:45:08] 🔄 Identity rotated (every 10 requests)
[05:45:09] 🔄 Retry 1/5 for EDSR in 2.9s
[05:45:09] 🔄 Identity reset
[05:45:11] 🧠 New identity created
[05:45:11] 🔄 Retry 2/5 for EDSR in 4.8s
[05:45:11] 🔄 Identity reset
[05:45:16] 🧠 New identity created
[05:45:16] 🔄 Retry 3/5 for EDSR in 8.1s
[05:45:16] 🔄 Identity reset
[05:45:24] 🧠 New identity created
[05:45:25] [234/456] CSWO
[05:45:25] [235/456] CPVM
[05:45:26] [236/456] MXBY
[05:45:27] [237/456] FMMA
[05:45:28] [238/456] POVI
[05:45:29] [239/456] MTHB
[05:45:30] [240/456] INRC
[05:45:30] 🔄 Identity reset
[05:45:30] 🔄 Identity rotated (every 10 requests)
[05:45:30] 🔄 Retry 1/5 for INRC in 2.9s
[05:45:30] 🔄 Identity reset
[05:45:33] 🧠 New identity created
[05:45:34] [241/456] PIPP
[05:45:34] [242/456] BMXC
[05:45:35] [243/456] PCMM
[05:45:36] [244/456] PMKM
[05:45:37] [245/456] GATY
[05:45:38] [246/456] IMCM
[05:45:38] [247/456] POPE
[05:45:39] [248/456] MTCR
[05:45:40] [249/456] PVAE
[05:45:41] 🔄 Identity reset
[05:45:41] 🔄 Identity rotated (every 10 requests)
[05:45:41] 🔄 Retry 1/5 for PVAE in 2.6s
[05:45:41] 🔄 Identity reset
[05:45:43] 🧠 New identity created
[05:45:44] [250/456] PVMI
[05:45:45] [251/456] CPNM
[05:45:45] [252/456] FMRL
[05:45:46] [253/456] MCIW
[05:45:47] [254/456] MXBO
[05:45:48] [255/456] FMKY
[05:45:49] [256/456] FMDA
[05:45:49] [257/456] THAB
[05:45:50] [258/456] PRCW
[05:45:51] 🔄 Identity reset
[05:45:51] 🔄 Identity rotated (every 10 requests)
[05:45:52] [259/456] PITI
[05:45:52] [260/456] MCFF
[05:45:53] [261/456] PDDV
[05:45:54] [262/456] MCRM
[05:45:56] [263/456] KKMB
[05:45:56] [264/456] INKO
[05:45:57] [265/456] PLXP
[05:45:58] [266/456] MMHA
[05:45:59] [267/456] FMVS
[05:46:00] [268/456] POLM
[05:46:00] 🔄 Identity reset
[05:46:01] 🔄 Identity rotated (every 10 requests)
[05:46:01] [269/456] STER
[05:46:02] [270/456] PVWJ
[05:46:02] [271/456] IMJW
[05:46:03] [272/456] FNAN
[05:46:04] [273/456] CAGL
[05:46:06] [274/456] IPBG
[05:46:07] [275/456] SMFV
[05:46:08] [276/456] MMMR
[05:46:08] [277/456] MMWM
[05:46:10] [278/456] FNCM
[05:46:11] 🔄 Identity reset
[05:46:11] 🔄 Identity rotated (every 10 requests)
[05:46:11] [279/456] MDVA
[05:46:12] [280/456] MMET
[05:46:13] [281/456] MIDO
[05:46:14] [282/456] INNP
[05:46:15] [283/456] MIFU
[05:46:16] [284/456] MMSZ
[05:46:16] [285/456] BMXA
[05:46:17] [286/456] MCAA
[05:46:18] [287/456] SCVP
[05:46:19] [288/456] PLUS
[05:46:20] 🔄 Identity reset
[05:46:20] 🔄 Identity rotated (every 10 requests)
[05:46:20] 🔄 Retry 1/5 for PLUS in 3.0s
[05:46:20] 🔄 Identity reset
[05:46:23] 🧠 New identity created
[05:46:23] [289/456] MUCK
[05:46:24] [290/456] MTMA
[05:46:25] [291/456] HPVR
[05:46:26] [292/456] PMPK
[05:46:26] [293/456] MAJB
[05:46:27] [294/456] CTRR
[05:46:29] [295/456] MCTG
[05:46:30] [296/456] MACE
[05:46:31] [297/456] AAAS
[05:46:32] 🔄 Identity reset
[05:46:32] 🔄 Identity rotated (every 10 requests)
[05:46:32] 🔄 Retry 1/5 for AAAS in 2.9s
[05:46:32] 🔄 Identity reset
[05:46:35] 🧠 New identity created
[05:46:35] [298/456] CPVV
[05:46:36] [299/456] RCHG
[05:46:37] [300/456] MCNE
[05:46:37] [301/456] EMNC
[05:46:38] [302/456] MCAN
[05:46:39] [303/456] TCDM
[05:46:40] [304/456] IRGT
[05:46:41] [305/456] GCMG
[05:46:41] [306/456] MXSN
[05:46:42] 🔄 Identity reset
[05:46:42] 🔄 Identity rotated (every 10 requests)
[05:46:42] [307/456] MXCK
[05:46:43] [308/456] MCRC
[05:46:44] [309/456] RSMI
[05:46:45] [310/456] WAML
[05:46:46] [311/456] MTSC
[05:46:46] [312/456] FMDR
[05:46:47] [313/456] LEPV
[05:46:48] [314/456] MTGD
[05:46:49] [315/456] IMOB
[05:46:50] [316/456] CLMM
[05:46:50] 🔄 Identity reset
[05:46:50] 🔄 Identity rotated (every 10 requests)
[05:46:51] [317/456] PZCD
[05:46:52] [318/456] GOCS
[05:46:53] [319/456] KCMA
[05:46:54] [320/456] CCMP
[05:46:54] [321/456] MTSU
[05:46:55] [322/456] SNGL
[05:46:56] [323/456] MMMC
[05:46:57] [324/456] MMAA
[05:46:58] [325/456] GCDM
[05:46:59] [326/456] KTMV
[05:47:00] 🔄 Identity reset
[05:47:00] 🔄 Identity rotated (every 10 requests)
[05:47:00] [327/456] AETE
[05:47:01] [328/456] OMCS
[05:47:02] [329/456] GDCD
[05:47:03] [330/456] NYMD
[05:47:04] [331/456] RNCV
[05:47:05] [332/456] KKMT
[05:47:05] [333/456] GDTH
[05:47:06] [334/456] KMMV
[05:47:07] [335/456] NHCG
[05:47:08] [336/456] PJDW
[05:47:08] 🔄 Identity reset
[05:47:08] 🔄 Identity rotated (every 10 requests)
[05:47:09] [337/456] MMCV
[05:47:09] [338/456] FQSA
[05:47:10] [339/456] KURL
[05:47:11] [340/456] NNNX
[05:47:12] [341/456] AMAU
[05:47:13] [342/456] VVVM
[05:47:14] [343/456] VECU
[05:47:15] [344/456] WCVR
[05:47:16] [345/456] MTGG
[05:47:16] [346/456] SGTG
[05:47:17] 🔄 Identity reset
[05:47:17] 🔄 Identity rotated (every 10 requests)
[05:47:17] [347/456] MNTG
[05:47:18] [348/456] JDDG
[05:47:19] [349/456] MBTK
[05:47:20] [350/456] SGCD
[05:47:20] [351/456] MCTC
[05:47:21] [352/456] JTPC
[05:47:22] [353/456] SDKT
[05:47:23] [354/456] KRCC
[05:47:24] [355/456] RMMD
[05:47:25] [356/456] AAME
[05:47:25] 🔄 Identity reset
[05:47:25] 🔄 Identity rotated (every 10 requests)
[05:47:26] [357/456] TMWC
[05:47:26] [358/456] NRWY
[05:47:27] [359/456] CITD
[05:47:28] [360/456] VERD
[05:47:29] [361/456] MKSK
[05:47:30] [362/456] STSM
[05:47:31] [363/456] MJDG
[05:47:32] [364/456] RKPM
[05:47:33] [365/456] SSCE
[05:47:34] [366/456] VMAE
[05:47:35] 🔄 Identity reset
[05:47:35] 🔄 Identity rotated (every 10 requests)
[05:47:36] [367/456] SBRU
[05:47:37] [368/456] AMBC
[05:47:38] [369/456] AMLU
[05:47:39] [370/456] INVZ
[05:47:40] [371/456] LGTV
[05:47:41] [372/456] SVAD
[05:47:42] [373/456] SMSA
[05:47:42] [374/456] SPCZ
[05:47:43] [375/456] GTCX
[05:47:44] [376/456] SCSL
[05:47:44] 🔄 Identity reset
[05:47:45] 🔄 Identity rotated (every 10 requests)
[05:47:45] [377/456] SAHU
[05:47:46] [378/456] NCDA
[05:47:47] [379/456] SCCG
[05:47:48] [380/456] VKTL
[05:47:49] [381/456] PUUJ
[05:47:50] [382/456] STEJ
[05:47:50] [383/456] RJAL
[05:47:51] [384/456] ACJC
[05:47:52] [385/456] ARVB
[05:47:53] [386/456] AUBB
[05:47:53] 🔄 Identity reset
[05:47:53] 🔄 Identity rotated (every 10 requests)
[05:47:53] 🔄 Retry 1/5 for AUBB in 2.8s
[05:47:53] 🔄 Identity reset
[05:47:56] 🧠 New identity created
[05:47:56] [387/456] GDBR
[05:47:57] [388/456] PVND
[05:47:59] [389/456] BGRJ
[05:48:00] [390/456] RJMM
[05:48:01] [391/456] MCSA
[05:48:02] [392/456] BODA
[05:48:03] [393/456] JAGG
[05:48:04] [394/456] SCGA
[05:48:05] [395/456] LRCM
[05:48:05] 🔄 Identity reset
[05:48:05] 🔄 Identity rotated (every 10 requests)
[05:48:06] [396/456] CPCN
[05:48:06] [397/456] SSTF
[05:48:07] [398/456] SRXP
[05:48:08] [399/456] CNFX
[05:48:09] [400/456] ANDI
[05:48:10] [401/456] SYEW
[05:48:11] [402/456] RCRE
[05:48:12] [403/456] SCRW
[05:48:13] [404/456] MBKR
[05:48:14] [405/456] ASNT
[05:48:14] 🔄 Identity reset
[05:48:14] 🔄 Identity rotated (every 10 requests)
[05:48:15] [406/456] JTMT
[05:48:15] [407/456] SHAY
[05:48:16] [408/456] VRTH
[05:48:17] [409/456] SPTI
[05:48:18] [410/456] DPTD
[05:48:19] [411/456] TGSN
[05:48:20] [412/456] RCWV
[05:48:21] [413/456] OCUR
[05:48:22] [414/456] KSTC
[05:48:23] [415/456] SANI
[05:48:23] 🔄 Identity reset
[05:48:24] 🔄 Identity rotated (every 10 requests)
[05:48:24] [416/456] MLCA
[05:48:25] [417/456] EGCA
[05:48:26] [418/456] SYSN
[05:48:26] [419/456] PKTA
[05:48:27] [420/456] PRCC
[05:48:28] [421/456] KSTR
[05:48:29] [422/456] SNTP
[05:48:29] [423/456] RCHA
[05:48:30] [424/456] SEEA
[05:48:31] [425/456] ALAT
[05:48:32] 🔄 Identity reset
[05:48:32] 🔄 Identity rotated (every 10 requests)
[05:48:32] [426/456] AATV
[05:48:33] [427/456] RJTE
[05:48:34] [428/456] AAPP
[05:48:34] [429/456] PMMH
[05:48:35] [430/456] INRJ
[05:48:36] [431/456] SARB
[05:48:37] [432/456] PCJL
[05:48:38] [433/456] PFJJ
[05:48:38] [434/456] GRDC
[05:48:39] [435/456] BCBA
[05:48:40] 🔄 Identity reset
[05:48:40] 🔄 Identity rotated (every 10 requests)
[05:48:40] 🔄 Retry 1/5 for BCBA in 2.3s
[05:48:40] 🔄 Identity reset
[05:48:42] 🧠 New identity created
[05:48:42] [436/456] VIXL
[05:48:44] [437/456] CSTL
[05:48:44] [438/456] MTDK
[05:48:45] [439/456] TDAC
[05:48:46] [440/456] GTDN
[05:48:47] [441/456] TTDE
[05:48:48] [442/456] ASTS
[05:48:49] [443/456] CPNS
[05:48:50] [444/456] PVVW
[05:48:51] 🔄 Identity reset
[05:48:51] 🔄 Identity rotated (every 10 requests)
[05:48:51] [445/456] USEB
[05:48:52] [446/456] DTYN
[05:48:53] [447/456] PVLE
[05:48:53] [448/456] CIPS
[05:48:55] [449/456] PAEG
[05:48:56] [450/456] PTCW
[05:48:57] [451/456] G3SR
[05:48:57] [452/456] PGND
[05:48:58] [453/456] INVM
[05:48:59] [454/456] SPIA
[05:49:00] 🔄 Identity reset
[05:49:00] 🔄 Identity rotated (every 10 requests)
[05:49:00] 🔄 Retry 1/5 for SPIA in 2.4s
[05:49:00] 🔄 Identity reset
[05:49:02] 🧠 New identity created
[05:49:02] [455/456] PCSN
[05:49:03] [456/456] PPGV
[05:49:04] 🧹 Deduping shows
[05:49:04] ✅ DONE | Shows=5410 | Movies=94
[14:45:06] 🚀 SCRIPT STARTED (enhanced anti‑detection)
[14:45:06] [1/456] FNDB
[14:45:07] 🧠 New identity created
[14:45:07] [2/456] AMBH
[14:45:09] [3/456] PRHN
[14:45:10] [4/456] ACPM
[14:45:11] [5/456] PVFS
[14:45:13] [6/456] AACN
[14:45:13] [7/456] ACAS
[14:45:14] [8/456] CTNR
[14:45:16] [9/456] MMAH
[14:45:17] [10/456] CPMH
[14:45:18] 🔄 Identity reset
[14:45:18] 🔄 Identity rotated (every 10 requests)
[14:45:18] 🔄 Retry 1/5 for CPMH in 2.4s
[14:45:18] 🔄 Identity reset
[14:45:20] 🧠 New identity created
[14:45:21] [11/456] IGMH
[14:45:22] [12/456] ABCS
[14:45:23] [13/456] CMMA
[14:45:24] [14/456] GPRH
[14:45:26] [15/456] PNNG
[14:45:27] [16/456] AMCA
[14:45:27] [17/456] ISTN
[14:45:29] [18/456] PIIC
[14:45:31] [19/456] AHMH
[14:45:31] 🔄 Identity reset
[14:45:31] 🔄 Identity rotated (every 10 requests)
[14:45:32] [20/456] ASHN
[14:45:33] [21/456] INHY
[14:45:35] [22/456] SRMO
[14:45:35] [23/456] PIMH
[14:45:37] [24/456] PVTS
[14:45:38] [25/456] MMCA
[14:45:39] [26/456] AKYJ
[14:45:40] [27/456] BRKH
[14:45:41] [28/456] MAHM
[14:45:42] [29/456] CPHY
[14:45:43] 🔄 Identity reset
[14:45:43] 🔄 Identity rotated (every 10 requests)
[14:45:43] [30/456] PVTP
[14:45:44] [31/456] SMMR
[14:45:46] [32/456] PVHM
[14:45:47] [33/456] SNDY
[14:45:48] [34/456] GOKU
[14:45:49] [35/456] ACEV
[14:45:50] [36/456] PVUM
[14:45:51] [37/456] VSWA
[14:45:52] [38/456] IPRS
[14:45:53] [39/456] BKMV
[14:45:53] 🔄 Identity reset
[14:45:53] 🔄 Identity rotated (every 10 requests)
[14:45:54] [40/456] PVYH
[14:45:55] [41/456] INKM
[14:45:55] [42/456] ARJU
[14:45:56] [43/456] JJPP
[14:45:57] [44/456] SSRM
[14:45:58] [45/456] HMHD
[14:45:59] [46/456] SNKH
[14:46:00] [47/456] ACHI
[14:46:01] [48/456] MRAA
[14:46:02] [49/456] INMH
[14:46:03] 🔄 Identity reset
[14:46:03] 🔄 Identity rotated (every 10 requests)
[14:46:03] [50/456] ARMH
[14:46:04] [51/456] DVRR
[14:46:05] [52/456] SUDA
[14:46:07] [53/456] MCSS
[14:46:08] [54/456] VRKC
[14:46:09] [55/456] PRCX
[14:46:10] [56/456] ASJY
[14:46:11] [57/456] MTHY
[14:46:12] [58/456] SRCM
[14:46:13] [59/456] TVHY
[14:46:14] 🔄 Identity reset
[14:46:14] 🔄 Identity rotated (every 10 requests)
[14:46:14] [60/456] STHD
[14:46:16] [61/456] CPCL
[14:46:17] [62/456] PSMJ
[14:46:17] [63/456] MRGT
[14:46:18] [64/456] ARYH
[14:46:19] [65/456] VTRB
[14:46:20] [66/456] SCHC
[14:46:21] [67/456] MRRG
[14:46:22] [68/456] SPCB
[14:46:23] [69/456] AMCM
[14:46:23] 🔄 Identity reset
[14:46:23] 🔄 Identity rotated (every 10 requests)
[14:46:24] [70/456] IVNM
[14:46:26] [71/456] TRHY
[14:46:26] [72/456] PTTH
[14:46:27] [73/456] RKMH
[14:46:28] [74/456] PRCS
[14:46:29] [75/456] VAJA
[14:46:30] [76/456] BJNG
[14:46:31] [77/456] SCVM
[14:46:32] [78/456] GNHB
[14:46:33] [79/456] TLUR
[14:46:33] 🔄 Identity reset
[14:46:33] 🔄 Identity rotated (every 10 requests)
[14:46:34] [80/456] UKCC
[14:46:35] [81/456] SRKR
[14:46:36] [82/456] RMKN
[14:46:37] [83/456] SLRT
[14:46:38] [84/456] LKMT
[14:46:39] [85/456] SSRJ
[14:46:40] [86/456] SPHT
[14:46:41] [87/456] ANTT
[14:46:42] [88/456] SRCH
[14:46:43] [89/456] SRCA
[14:46:43] 🔄 Identity reset
[14:46:43] 🔄 Identity rotated (every 10 requests)
[14:46:43] 🔄 Retry 1/5 for SRCA in 2.3s
[14:46:43] 🔄 Identity reset
[14:46:45] 🧠 New identity created
[14:46:46] [90/456] ARTH
[14:46:47] [91/456] MCBH
[14:46:48] [92/456] SNIB
[14:46:49] [93/456] SART
[14:46:50] [94/456] SKTA
[14:46:51] [95/456] YAKT
[14:46:52] [96/456] MLCK
[14:46:53] [97/456] ANTS
[14:46:54] [98/456] DGCA
[14:46:54] 🔄 Identity reset
[14:46:54] 🔄 Identity rotated (every 10 requests)
[14:46:55] [99/456] SGMP
[14:46:56] [100/456] ASWN
[14:46:57] [101/456] KFVU
[14:46:58] [102/456] POOR
[14:46:59] [103/456] GKDN
[14:47:00] [104/456] EOSE
[14:47:01] [105/456] GTTT
[14:47:01] [106/456] ARRO
[14:47:02] [107/456] CMMK
[14:47:03] [108/456] MSCN
[14:47:04] 🔄 Identity reset
[14:47:04] 🔄 Identity rotated (every 10 requests)
[14:47:04] 🔄 Retry 1/5 for MSCN in 2.2s
[14:47:04] 🔄 Identity reset
[14:47:06] 🧠 New identity created
[14:47:06] [109/456] GDKH
[14:47:07] [110/456] DLMT
[14:47:08] [111/456] PVMF
[14:47:09] [112/456] CPCK
[14:47:10] [113/456] VMHE
[14:47:12] [114/456] PVLC
[14:47:13] [115/456] PCVB
[14:47:13] [116/456] SNYK
[14:47:14] [117/456] KTEK
[14:47:15] 🔄 Identity reset
[14:47:15] 🔄 Identity rotated (every 10 requests)
[14:47:16] [118/456] PCNM
[14:47:16] [119/456] NTTR
[14:47:17] [120/456] CPSK
[14:47:19] [121/456] JMMA
[14:47:20] [122/456] GCFK
[14:47:21] [123/456] MYCA
[14:47:22] [124/456] KSNP
[14:47:23] [125/456] PMCE
[14:47:24] [126/456] SCKI
[14:47:25] [127/456] FSMA
[14:47:25] 🔄 Identity reset
[14:47:25] 🔄 Identity rotated (every 10 requests)
[14:47:26] [128/456] CETA
[14:47:26] [129/456] MCIK
[14:47:27] [130/456] MYCR
[14:47:28] [131/456] EVMP
[14:47:29] [132/456] SSGT
[14:47:30] [133/456] KCTK
[14:47:31] [134/456] ZTKC
[14:47:32] [135/456] MMTA
[14:47:33] [136/456] MAJT
[14:47:35] [137/456] ACPK
[14:47:36] 🔄 Identity reset
[14:47:36] 🔄 Identity rotated (every 10 requests)
[14:47:36] [138/456] JMAX
[14:47:37] [139/456] SETK
[14:47:38] [140/456] CAIS
[14:47:39] [141/456] AGCD
[14:47:40] [142/456] URCL
[14:47:41] [143/456] VTDS
[14:47:41] [144/456] JCNM
[14:47:42] [145/456] KCAM
[14:47:43] [146/456] ADCU
[14:47:45] [147/456] GXYN
[14:47:45] 🔄 Identity reset
[14:47:45] 🔄 Identity rotated (every 10 requests)
[14:47:45] 🔄 Retry 1/5 for GXYN in 2.7s
[14:47:45] 🔄 Identity reset
[14:47:48] 🧠 New identity created
[14:47:49] [148/456] SMJG
[14:47:50] [149/456] EYCJ
[14:47:50] [150/456] CCEJ
[14:47:51] [151/456] MARS
[14:47:52] [152/456] CPVJ
[14:47:54] [153/456] INVP
[14:47:55] [154/456] CPOV
[14:47:56] [155/456] VIJK
[14:47:57] [156/456] LAIM
[14:47:58] 🔄 Identity reset
[14:47:58] 🔄 Identity rotated (every 10 requests)
[14:47:58] [157/456] STHV
[14:47:59] [158/456] SVLJ
[14:48:00] [159/456] ATVJ
[14:48:01] [160/456] JTSC
[14:48:02] [161/456] RMTV
[14:48:03] [162/456] MGGG
[14:48:04] [163/456] SWTH
[14:48:05] [164/456] INVJ
[14:48:06] [165/456] PRSV
[14:48:07] [166/456] JATV
[14:48:08] 🔄 Identity reset
[14:48:08] 🔄 Identity rotated (every 10 requests)
[14:48:08] [167/456] RCVD
[14:48:09] [168/456] BDMA
[14:48:10] [169/456] BLJI
[14:48:11] [170/456] SWOT
[14:48:12] [171/456] SWRN
[14:48:13] [172/456] TVRA
[14:48:15] [173/456] NVRN
[14:48:16] [174/456] SIKC
[14:48:16] [175/456] VAKR
[14:48:17] [176/456] SYLN
[14:48:18] 🔄 Identity reset
[14:48:18] 🔄 Identity rotated (every 10 requests)
[14:48:18] [177/456] KLJL
[14:48:19] [178/456] LKMY
[14:48:20] [179/456] VSLY
[14:48:21] [180/456] CIKO
[14:48:22] [181/456] GPBG
[14:48:23] [182/456] CECM
[14:48:24] [183/456] SLKB
[14:48:25] [184/456] MTBO
[14:48:27] [185/456] SSHB
[14:48:28] [186/456] VPCS
[14:48:28] 🔄 Identity reset
[14:48:28] 🔄 Identity rotated (every 10 requests)
[14:48:29] [187/456] RCSR
[14:48:30] [188/456] RJRM
[14:48:31] [189/456] KPPB
[14:48:32] [190/456] SEDC
[14:48:33] [191/456] SCAI
[14:48:34] [192/456] RMTR
[14:48:35] [193/456] ASST
[14:48:36] [194/456] GCAK
[14:48:37] [195/456] ANNK
[14:48:38] [196/456] KDDF
[14:48:38] 🔄 Identity reset
[14:48:38] 🔄 Identity rotated (every 10 requests)
[14:48:39] [197/456] NRDP
[14:48:40] [198/456] PLAK
[14:48:41] [199/456] GCMC
[14:48:42] [200/456] ALPY
[14:48:43] [201/456] SICE
[14:48:44] [202/456] SISR
[14:48:45] [203/456] SRPZ
[14:48:46] [204/456] SRSW
[14:48:47] [205/456] SUYA
[14:48:47] [206/456] AMMT
[14:48:48] 🔄 Identity reset
[14:48:48] 🔄 Identity rotated (every 10 requests)
[14:48:49] [207/456] BHCU
[14:48:49] [208/456] KLPA
[14:48:50] [209/456] NVKH
[14:48:52] [210/456] JMRC
[14:48:53] [211/456] KTTT
[14:48:54] [212/456] MAGH
[14:48:54] [213/456] MMMX
[14:48:55] [214/456] SALJ
[14:48:56] [215/456] GTJA
[14:48:57] [216/456] MAHT
[14:48:57] 🔄 Identity reset
[14:48:57] 🔄 Identity rotated (every 10 requests)
[14:48:58] [217/456] SSNN
[14:48:59] [218/456] ARRP
[14:49:00] [219/456] ATNS
[14:49:01] [220/456] SKDT
[14:49:02] [221/456] ACAT
[14:49:04] [222/456] APRC
[14:49:05] [223/456] SWAG
[14:49:06] [224/456] SDPT
[14:49:08] [225/456] STPS
[14:49:08] [226/456] WWCZ
[14:49:09] 🔄 Identity reset
[14:49:09] 🔄 Identity rotated (every 10 requests)
[14:49:09] [227/456] LLCH
[14:49:11] [228/456] MZHA
[14:49:12] [229/456] CRJG
[14:49:13] [230/456] JGTK
[14:49:14] [231/456] KCSR
[14:49:15] [232/456] CHTL
[14:49:16] [233/456] EDSR
[14:49:17] [234/456] CSWO
[14:49:17] [235/456] CPVM
[14:49:18] [236/456] MXBY
[14:49:19] 🔄 Identity reset
[14:49:19] 🔄 Identity rotated (every 10 requests)
[14:49:20] [237/456] FMMA
[14:49:21] [238/456] POVI
[14:49:22] [239/456] MTHB
[14:49:24] [240/456] INRC
[14:49:25] [241/456] PIPP
[14:49:27] [242/456] BMXC
[14:49:28] [243/456] PCMM
[14:49:29] [244/456] PMKM
[14:49:30] [245/456] GATY
[14:49:31] [246/456] IMCM
[14:49:31] 🔄 Identity reset
[14:49:31] 🔄 Identity rotated (every 10 requests)
[14:49:31] 🔄 Retry 1/5 for IMCM in 2.1s
[14:49:31] 🔄 Identity reset
[14:49:34] 🧠 New identity created
[14:49:34] [247/456] POPE
[14:49:35] [248/456] MTCR
[14:49:37] [249/456] PVAE
[14:49:38] [250/456] PVMI
[14:49:40] [251/456] CPNM
[14:49:41] [252/456] FMRL
[14:49:42] [253/456] MCIW
[14:49:42] [254/456] MXBO
[14:49:44] [255/456] FMKY
[14:49:44] 🔄 Identity reset
[14:49:44] 🔄 Identity rotated (every 10 requests)
[14:49:45] [256/456] FMDA
[14:49:45] [257/456] THAB
[14:49:46] [258/456] PRCW
[14:49:47] [259/456] PITI
[14:49:49] [260/456] MCFF
[14:49:50] [261/456] PDDV
[14:49:51] [262/456] MCRM
[14:49:51] [263/456] KKMB
[14:49:52] [264/456] INKO
[14:49:53] [265/456] PLXP
[14:49:54] 🔄 Identity reset
[14:49:54] 🔄 Identity rotated (every 10 requests)
[14:49:54] [266/456] MMHA
[14:49:55] [267/456] FMVS
[14:49:56] [268/456] POLM
[14:49:57] [269/456] STER
[14:49:58] [270/456] PVWJ
[14:49:59] [271/456] IMJW
[14:50:00] [272/456] FNAN
[14:50:01] [273/456] CAGL
[14:50:02] [274/456] IPBG
[14:50:03] [275/456] SMFV
[14:50:03] 🔄 Identity reset
[14:50:04] 🔄 Identity rotated (every 10 requests)
[14:50:04] [276/456] MMMR
[14:50:05] [277/456] MMWM
[14:50:06] [278/456] FNCM
[14:50:06] [279/456] MDVA
[14:50:07] [280/456] MMET
[14:50:08] [281/456] MIDO
[14:50:10] [282/456] INNP
[14:50:11] [283/456] MIFU
[14:50:12] [284/456] MMSZ
[14:50:13] [285/456] BMXA
[14:50:14] 🔄 Identity reset
[14:50:14] 🔄 Identity rotated (every 10 requests)
[14:50:14] [286/456] MCAA
[14:50:15] [287/456] SCVP
[14:50:16] [288/456] PLUS
[14:50:17] [289/456] MUCK
[14:50:18] [290/456] MTMA
[14:50:19] [291/456] HPVR
[14:50:20] [292/456] PMPK
[14:50:21] [293/456] MAJB
[14:50:22] [294/456] CTRR
[14:50:23] [295/456] MCTG
[14:50:24] 🔄 Identity reset
[14:50:24] 🔄 Identity rotated (every 10 requests)
[14:50:24] [296/456] MACE
[14:50:25] [297/456] AAAS
[14:50:26] [298/456] CPVV
[14:50:27] [299/456] RCHG
[14:50:28] [300/456] MCNE
[14:50:28] [301/456] EMNC
[14:50:29] [302/456] MCAN
[14:50:30] [303/456] TCDM
[14:50:31] [304/456] IRGT
[14:50:32] [305/456] GCMG
[14:50:33] 🔄 Identity reset
[14:50:33] 🔄 Identity rotated (every 10 requests)
[14:50:33] [306/456] MXSN
[14:50:34] [307/456] MXCK
[14:50:35] [308/456] MCRC
[14:50:36] [309/456] RSMI
[14:50:37] [310/456] WAML
[14:50:38] [311/456] MTSC
[14:50:40] [312/456] FMDR
[14:50:41] [313/456] LEPV
[14:50:42] [314/456] MTGD
[14:50:43] [315/456] IMOB
[14:50:44] 🔄 Identity reset
[14:50:44] 🔄 Identity rotated (every 10 requests)
[14:50:44] [316/456] CLMM
[14:50:45] [317/456] PZCD
[14:50:47] [318/456] GOCS
[14:50:48] [319/456] KCMA
[14:50:49] [320/456] CCMP
[14:50:49] [321/456] MTSU
[14:50:50] [322/456] SNGL
[14:50:51] [323/456] MMMC
[14:50:52] [324/456] MMAA
[14:50:53] [325/456] GCDM
[14:50:54] 🔄 Identity reset
[14:50:54] 🔄 Identity rotated (every 10 requests)
[14:50:54] [326/456] KTMV
[14:50:55] [327/456] AETE
[14:50:56] [328/456] OMCS
[14:50:57] [329/456] GDCD
[14:50:58] [330/456] NYMD
[14:50:59] [331/456] RNCV
[14:51:00] [332/456] KKMT
[14:51:01] [333/456] GDTH
[14:51:02] [334/456] KMMV
[14:51:02] [335/456] NHCG
[14:51:03] 🔄 Identity reset
[14:51:03] 🔄 Identity rotated (every 10 requests)
[14:51:03] [336/456] PJDW
[14:51:05] [337/456] MMCV
[14:51:06] [338/456] FQSA
[14:51:07] [339/456] KURL
[14:51:08] [340/456] NNNX
[14:51:09] [341/456] AMAU
[14:51:10] [342/456] VVVM
[14:51:11] [343/456] VECU
[14:51:11] [344/456] WCVR
[14:51:12] [345/456] MTGG
[14:51:13] 🔄 Identity reset
[14:51:13] 🔄 Identity rotated (every 10 requests)
[14:51:13] [346/456] SGTG
[14:51:14] [347/456] MNTG
[14:51:15] [348/456] JDDG
[14:51:16] [349/456] MBTK
[14:51:17] [350/456] SGCD
[14:51:18] [351/456] MCTC
[14:51:20] [352/456] JTPC
[14:51:21] [353/456] SDKT
[14:51:22] [354/456] KRCC
[14:51:22] [355/456] RMMD
[14:51:23] 🔄 Identity reset
[14:51:23] 🔄 Identity rotated (every 10 requests)
[14:51:23] [356/456] AAME
[14:51:24] [357/456] TMWC
[14:51:25] [358/456] NRWY
[14:51:26] [359/456] CITD
[14:51:27] [360/456] VERD
[14:51:27] [361/456] MKSK
[14:51:28] [362/456] STSM
[14:51:29] [363/456] MJDG
[14:51:30] [364/456] RKPM
[14:51:32] [365/456] SSCE
[14:51:33] 🔄 Identity reset
[14:51:33] 🔄 Identity rotated (every 10 requests)
[14:51:33] [366/456] VMAE
[14:51:34] [367/456] SBRU
[14:51:35] [368/456] AMBC
[14:51:36] [369/456] AMLU
[14:51:37] [370/456] INVZ
[14:51:38] [371/456] LGTV
[14:51:39] [372/456] SVAD
[14:51:40] [373/456] SMSA
[14:51:40] [374/456] SPCZ
[14:51:41] [375/456] GTCX
[14:51:42] 🔄 Identity reset
[14:51:42] 🔄 Identity rotated (every 10 requests)
[14:51:42] [376/456] SCSL
[14:51:43] [377/456] SAHU
[14:51:45] [378/456] NCDA
[14:51:47] [379/456] SCCG
[14:51:47] [380/456] VKTL
[14:51:49] [381/456] PUUJ
[14:51:50] [382/456] STEJ
[14:51:52] [383/456] RJAL
[14:51:53] [384/456] ACJC
[14:51:54] [385/456] ARVB
[14:51:54] 🔄 Identity reset
[14:51:54] 🔄 Identity rotated (every 10 requests)
[14:51:55] [386/456] AUBB
[14:51:55] [387/456] GDBR
[14:51:56] [388/456] PVND
[14:51:57] [389/456] BGRJ
[14:51:58] [390/456] RJMM
[14:51:59] [391/456] MCSA
[14:52:00] [392/456] BODA
[14:52:01] [393/456] JAGG
[14:52:02] [394/456] SCGA
[14:52:03] [395/456] LRCM
[14:52:03] 🔄 Identity reset
[14:52:03] 🔄 Identity rotated (every 10 requests)
[14:52:04] [396/456] CPCN
[14:52:04] [397/456] SSTF
[14:52:05] [398/456] SRXP
[14:52:06] [399/456] CNFX
[14:52:07] [400/456] ANDI
[14:52:08] [401/456] SYEW
[14:52:09] [402/456] RCRE
[14:52:10] [403/456] SCRW
[14:52:11] [404/456] MBKR
[14:52:12] [405/456] ASNT
[14:52:13] 🔄 Identity reset
[14:52:13] 🔄 Identity rotated (every 10 requests)
[14:52:13] [406/456] JTMT
[14:52:14] [407/456] SHAY
[14:52:15] [408/456] VRTH
[14:52:16] [409/456] SPTI
[14:52:17] [410/456] DPTD
[14:52:18] [411/456] TGSN
[14:52:19] [412/456] RCWV
[14:52:20] [413/456] OCUR
[14:52:21] [414/456] KSTC
[14:52:23] [415/456] SANI
[14:52:23] 🔄 Identity reset
[14:52:23] 🔄 Identity rotated (every 10 requests)
[14:52:23] [416/456] MLCA
[14:52:24] [417/456] EGCA
[14:52:25] [418/456] SYSN
[14:52:26] [419/456] PKTA
[14:52:27] [420/456] PRCC
[14:52:28] [421/456] KSTR
[14:52:29] [422/456] SNTP
[14:52:30] [423/456] RCHA
[14:52:31] [424/456] SEEA
[14:52:31] [425/456] ALAT
[14:52:32] 🔄 Identity reset
[14:52:32] 🔄 Identity rotated (every 10 requests)
[14:52:32] [426/456] AATV
[14:52:33] [427/456] RJTE
[14:52:35] [428/456] AAPP
[14:52:36] [429/456] PMMH
[14:52:37] [430/456] INRJ
[14:52:38] [431/456] SARB
[14:52:40] [432/456] PCJL
[14:52:41] [433/456] PFJJ
[14:52:42] [434/456] GRDC
[14:52:43] [435/456] BCBA
[14:52:43] 🔄 Identity reset
[14:52:43] 🔄 Identity rotated (every 10 requests)
[14:52:44] [436/456] VIXL
[14:52:44] [437/456] CSTL
[14:52:45] [438/456] MTDK
[14:52:46] [439/456] TDAC
[14:52:47] [440/456] GTDN
[14:52:48] [441/456] TTDE
[14:52:49] [442/456] ASTS
[14:52:51] [443/456] CPNS
[14:52:52] [444/456] PVVW
[14:52:53] [445/456] USEB
[14:52:54] 🔄 Identity reset
[14:52:54] 🔄 Identity rotated (every 10 requests)
[14:52:54] [446/456] DTYN
[14:52:55] [447/456] PVLE
[14:52:56] [448/456] CIPS
[14:52:57] [449/456] PAEG
[14:52:58] [450/456] PTCW
[14:52:59] [451/456] G3SR
[14:52:59] [452/456] PGND
[14:53:00] [453/456] INVM
[14:53:01] [454/456] SPIA
[14:53:02] [455/456] PCSN
[14:53:03] 🔄 Identity reset
[14:53:03] 🔄 Identity rotated (every 10 requests)
[14:53:03] 🔄 Retry 1/5 for PCSN in 2.6s
[14:53:03] 🔄 Identity reset
[14:53:06] 🧠 New identity created
[14:53:06] [456/456] PPGV
[14:53:07] 🧹 Deduping shows
[14:53:07] ✅ DONE | Shows=5548 | Movies=98
