[03:36:33] 🚀 SCRIPT STARTED (enhanced anti‑detection)
[03:36:33] [1/455] MXGN
[03:36:33] 🧠 New identity created
[03:36:34] [2/455] PGGM
[03:36:36] [3/455] IPMJ
[03:36:37] [4/455] M2PP
[03:36:37] [5/455] PMMS
[03:36:38] [6/455] SCJN
[03:36:39] [7/455] CPUM
[03:36:40] [8/455] SCND
[03:36:41] [9/455] INWM
[03:36:41] [10/455] DVDC
[03:36:42] 🔄 Identity reset
[03:36:42] 🔄 Identity rotated (every 10 requests)
[03:36:42] [11/455] WVND
[03:36:43] [12/455] LBDL
[03:36:44] [13/455] CRGM
[03:36:45] [14/455] PVKS
[03:36:46] [15/455] PBLL
[03:36:46] [16/455] FNLN
[03:36:47] [17/455] PPDA
[03:36:48] [18/455] SCPT
[03:36:49] [19/455] IAJS
[03:36:50] [20/455] MMZG
[03:36:50] 🔄 Identity reset
[03:36:50] 🔄 Identity rotated (every 10 requests)
[03:36:51] [21/455] MCTI
[03:36:51] [22/455] PPMF
[03:36:52] [23/455] FNSD
[03:36:53] [24/455] M2RH
[03:36:54] [25/455] CPGV
[03:36:55] [26/455] PECD
[03:36:56] [27/455] CTEE
[03:36:57] [28/455] IOMG
[03:36:58] [29/455] CIJA
[03:36:58] [30/455] NYCG
[03:36:59] 🔄 Identity reset
[03:36:59] 🔄 Identity rotated (every 10 requests)
[03:36:59] [31/455] CEST
[03:37:00] [32/455] WVRG
[03:37:01] [33/455] DPDC
[03:37:01] [34/455] PDIV
[03:37:02] [35/455] MTPP
[03:37:03] [36/455] MHNU
[03:37:03] [37/455] WUPG
[03:37:04] [38/455] USCO
[03:37:05] [39/455] INFR
[03:37:06] [40/455] PVPD
[03:37:06] 🔄 Identity reset
[03:37:06] 🔄 Identity rotated (every 10 requests)
[03:37:06] [41/455] RONC
[03:37:07] [42/455] IOCP
[03:37:07] [43/455] EMPS
[03:37:08] [44/455] PNAD
[03:37:09] [45/455] VVGZ
[03:37:09] [46/455] MDDC
[03:37:10] [47/455] MMAP
[03:37:11] [48/455] GPDC
[03:37:12] [49/455] PVPU
[03:37:13] [50/455] DCMV
[03:37:13] 🔄 Identity reset
[03:37:13] 🔄 Identity rotated (every 10 requests)
[03:37:13] 🔄 Retry 1/5 for DCMV in 2.6s
[03:37:13] 🔄 Identity reset
[03:37:16] 🧠 New identity created
[03:37:16] [51/455] PCCF
[03:37:17] [52/455] MCEF
[03:37:17] [53/455] INRD
[03:37:18] [54/455] CCPZ
[03:37:19] [55/455] BCWG
[03:37:20] [56/455] PMGU
[03:37:21] [57/455] MCVM
[03:37:22] [58/455] MCDE
[03:37:23] [59/455] IEFM
[03:37:24] 🔄 Identity reset
[03:37:24] 🔄 Identity rotated (every 10 requests)
[03:37:24] [60/455] MXCS
[03:37:25] [61/455] RNMT
[03:37:26] [62/455] PSDD
[03:37:26] [63/455] PETA
[03:37:27] [64/455] IZOP
[03:37:28] [65/455] PDEI
[03:37:30] [66/455] MTND
[03:37:30] [67/455] PCPL
[03:37:31] [68/455] LSCM
[03:37:31] [69/455] BTFD
[03:37:32] 🔄 Identity reset
[03:37:32] 🔄 Identity rotated (every 10 requests)
[03:37:32] 🔄 Retry 1/5 for BTFD in 2.2s
[03:37:32] 🔄 Identity reset
[03:37:34] 🧠 New identity created
[03:37:34] 🔄 Retry 2/5 for BTFD in 4.4s
[03:37:34] 🔄 Identity reset
[03:37:39] 🧠 New identity created
[03:37:39] 🔄 Retry 3/5 for BTFD in 8.9s
[03:37:39] 🔄 Identity reset
[03:37:48] 🧠 New identity created
[03:37:48] [70/455] MERM
[03:37:49] [71/455] PVMS
[03:37:50] [72/455] CIGK
[03:37:50] [73/455] INSG
[03:37:51] [74/455] IDEN
[03:37:52] [75/455] MCGN
[03:37:54] [76/455] IGAM
[03:37:54] 🔄 Identity reset
[03:37:54] 🔄 Identity rotated (every 10 requests)
[03:37:54] 🔄 Retry 1/5 for IGAM in 2.1s
[03:37:54] 🔄 Identity reset
[03:37:56] 🧠 New identity created
[03:37:56] 🔄 Retry 2/5 for IGAM in 4.8s
[03:37:56] 🔄 Identity reset
[03:38:01] 🧠 New identity created
[03:38:01] 🔄 Retry 3/5 for IGAM in 8.7s
[03:38:01] 🔄 Identity reset
[03:38:10] 🧠 New identity created
[03:38:10] 🔄 Retry 4/5 for IGAM in 16.4s
[03:38:10] 🔄 Identity reset
[03:38:26] 🧠 New identity created
[03:38:27] [77/455] SLCU
[03:38:27] [78/455] MIMU
[03:38:28] [79/455] QLAC
[03:38:29] [80/455] MENL
[03:38:29] [81/455] SCUR
[03:38:30] [82/455] MDGD
[03:38:31] 🔄 Identity reset
[03:38:31] 🔄 Identity rotated (every 10 requests)
[03:38:31] [83/455] LSRS
[03:38:32] [84/455] KMLG
[03:38:33] [85/455] MKLJ
[03:38:34] [86/455] IBYG
[03:38:34] [87/455] ISML
[03:38:35] [88/455] MJMM
[03:38:36] [89/455] RCGD
[03:38:37] [90/455] MMOC
[03:38:38] [91/455] RRCO
[03:38:39] [92/455] MEDM
[03:38:39] 🔄 Identity reset
[03:38:39] 🔄 Identity rotated (every 10 requests)
[03:38:39] [93/455] MCAZ
[03:38:40] [94/455] STWA
[03:38:41] [95/455] PFFG
[03:38:41] [96/455] GAGC
[03:38:42] [97/455] PMPM
[03:38:43] [98/455] HVCD
[03:38:44] [99/455] AKRF
[03:38:45] [100/455] AKRC
[03:38:46] [101/455] MIDA
[03:38:47] [102/455] MAGX
[03:38:47] 🔄 Identity reset
[03:38:47] 🔄 Identity rotated (every 10 requests)
[03:38:48] [103/455] ESOS
[03:38:48] [104/455] BBCL
[03:38:49] [105/455] LYAS
[03:38:50] [106/455] NRMS
[03:38:51] [107/455] BHUC
[03:38:52] [108/455] SRIC
[03:38:53] [109/455] PDME
[03:38:53] [110/455] MJCS
[03:38:55] [111/455] NRAA
[03:38:55] [112/455] VATA
[03:38:56] 🔄 Identity reset
[03:38:56] 🔄 Identity rotated (every 10 requests)
[03:38:56] 🔄 Retry 1/5 for VATA in 2.2s
[03:38:56] 🔄 Identity reset
[03:38:58] 🧠 New identity created
[03:38:58] 🔄 Retry 2/5 for VATA in 4.0s
[03:38:58] 🔄 Identity reset
[03:39:03] 🧠 New identity created
[03:39:03] [113/455] MNKC
[03:39:04] [114/455] DHCL
[03:39:04] [115/455] JCPC
[03:39:06] [116/455] CTML
[03:39:07] [117/455] RMMR
[03:39:07] [118/455] STTL
[03:39:08] [119/455] CNPS
[03:39:09] [120/455] ACKL
[03:39:09] 🔄 Identity reset
[03:39:09] 🔄 Identity rotated (every 10 requests)
[03:39:10] [121/455] SCAU
[03:39:10] [122/455] RMIA
[03:39:11] [123/455] MANU
[03:39:12] [124/455] ARDC
[03:39:13] [125/455] GLDA
[03:39:13] [126/455] KVSW
[03:39:14] [127/455] CGCA
[03:39:16] [128/455] CMLO
[03:39:17] [129/455] CECB
[03:39:17] [130/455] RCPN
[03:39:18] 🔄 Identity reset
[03:39:18] 🔄 Identity rotated (every 10 requests)
[03:39:18] 🔄 Retry 1/5 for RCPN in 3.0s
[03:39:18] 🔄 Identity reset
[03:39:21] 🧠 New identity created
[03:39:22] [131/455] ASMW
[03:39:22] [132/455] PWLM
[03:39:24] [133/455] ASGM
[03:39:25] [134/455] ACWH
[03:39:25] [135/455] AAPW
[03:39:27] [136/455] RTWA
[03:39:27] [137/455] RAMW
[03:39:28] [138/455] VKTR
[03:39:29] [139/455] SMBH
[03:39:29] 🔄 Identity reset
[03:39:30] 🔄 Identity rotated (every 10 requests)
[03:39:30] 🔄 Retry 1/5 for SMBH in 2.7s
[03:39:30] 🔄 Identity reset
[03:39:32] 🧠 New identity created
[03:39:32] [140/455] BVDR
[03:39:33] [141/455] MRTP
[03:39:34] [142/455] BLBR
[03:39:35] [143/455] LPIN
[03:39:36] [144/455] SNPC
[03:39:37] [145/455] PDCB
[03:39:38] [146/455] DYPK
[03:39:39] [147/455] INMK
[03:39:40] [148/455] PDCK
[03:39:41] 🔄 Identity reset
[03:39:41] 🔄 Identity rotated (every 10 requests)
[03:39:41] [149/455] PCKR
[03:39:42] [150/455] SHUA
[03:39:43] [151/455] SCVK
[03:39:44] [152/455] STPA
[03:39:45] [153/455] WVHD
[03:39:45] [154/455] MRCH
[03:39:46] [155/455] MCNP
[03:39:47] [156/455] RCAG
[03:39:48] [157/455] JTSN
[03:39:49] [158/455] AANS
[03:39:50] 🔄 Identity reset
[03:39:50] 🔄 Identity rotated (every 10 requests)
[03:39:50] 🔄 Retry 1/5 for AANS in 2.6s
[03:39:50] 🔄 Identity reset
[03:39:53] 🧠 New identity created
[03:39:53] [159/455] GDDR
[03:39:54] [160/455] SRER
[03:39:54] [161/455] JKMA
[03:39:55] [162/455] ARAN
[03:39:56] [163/455] ALCT
[03:39:57] [164/455] CCTA
[03:39:57] [165/455] CNCT
[03:39:58] [166/455] NZBL
[03:39:59] [167/455] SRRA
[03:39:59] 🔄 Identity reset
[03:39:59] 🔄 Identity rotated (every 10 requests)
[03:39:59] [168/455] SVPW
[03:40:00] [169/455] SRTW
[03:40:01] [170/455] XMTD
[03:40:02] [171/455] SCCZ
[03:40:02] [172/455] PBCR
[03:40:03] [173/455] RTSC
[03:40:04] [174/455] TLSV
[03:40:05] [175/455] RMTK
[03:40:06] [176/455] SRAT
[03:40:06] [177/455] GCYC
[03:40:07] 🔄 Identity reset
[03:40:07] 🔄 Identity rotated (every 10 requests)
[03:40:07] [178/455] HCAJ
[03:40:08] [179/455] LCXA
[03:40:09] [180/455] BINT
[03:40:10] [181/455] IXIM
[03:40:11] [182/455] MBCR
[03:40:12] [183/455] BMCJ
[03:40:12] [184/455] NICJ
[03:40:14] [185/455] SCAJ
[03:40:15] [186/455] CMXS
[03:40:16] [187/455] MMSR
[03:40:16] 🔄 Identity reset
[03:40:16] 🔄 Identity rotated (every 10 requests)
[03:40:16] [188/455] PRKT
[03:40:18] [189/455] LPTH
[03:40:19] [190/455] SARP
[03:40:19] [191/455] MNPP
[03:40:20] [192/455] PRLR
[03:40:21] [193/455] RCMW
[03:40:22] [194/455] FCMG
[03:40:23] [195/455] RTNK
[03:40:24] [196/455] LRCP
[03:40:25] [197/455] DBJR
[03:40:26] 🔄 Identity reset
[03:40:26] 🔄 Identity rotated (every 10 requests)
[03:40:26] [198/455] CACN
[03:40:27] [199/455] AMRL
[03:40:28] [200/455] SBBC
[03:40:28] [201/455] VENN
[03:40:29] [202/455] STSS
[03:40:30] [203/455] SMRB
[03:40:31] [204/455] CCMX
[03:40:32] [205/455] KCMR
[03:40:33] [206/455] SALH
[03:40:33] [207/455] CGTT
[03:40:34] 🔄 Identity reset
[03:40:34] 🔄 Identity rotated (every 10 requests)
[03:40:34] 🔄 Retry 1/5 for CGTT in 2.8s
[03:40:34] 🔄 Identity reset
[03:40:37] 🧠 New identity created
[03:40:37] [208/455] PMDR
[03:40:38] [209/455] VCPM
[03:40:38] [210/455] RZMX
[03:40:40] [211/455] TMSY
[03:40:41] [212/455] NTMS
[03:40:42] [213/455] VTAG
[03:40:43] [214/455] REMA
[03:40:44] [215/455] NXCC
[03:40:45] [216/455] SKYM
[03:40:45] 🔄 Identity reset
[03:40:45] 🔄 Identity rotated (every 10 requests)
[03:40:45] [217/455] CCMO
[03:40:46] [218/455] DMXM
[03:40:47] [219/455] SPPM
[03:40:48] [220/455] PTKL
[03:40:49] [221/455] SLVO
[03:40:49] [222/455] VASL
[03:40:50] [223/455] CBCM
[03:40:52] [224/455] STMA
[03:40:53] [225/455] LASK
[03:40:54] [226/455] VITE
[03:40:55] 🔄 Identity reset
[03:40:55] 🔄 Identity rotated (every 10 requests)
[03:40:55] 🔄 Retry 1/5 for VITE in 2.4s
[03:40:55] 🔄 Identity reset
[03:40:57] 🧠 New identity created
[03:40:57] [227/455] AAST
[03:40:58] [228/455] JTPT
[03:40:59] [229/455] RRSH
[03:41:00] [230/455] CINL
[03:41:01] [231/455] MCSR
[03:41:02] [232/455] SBCF
[03:41:02] [233/455] GCDU
[03:41:03] [234/455] PSPR
[03:41:04] [235/455] IMMO
[03:41:05] 🔄 Identity reset
[03:41:05] 🔄 Identity rotated (every 10 requests)
[03:41:05] 🔄 Retry 1/5 for IMMO in 2.5s
[03:41:05] 🔄 Identity reset
[03:41:07] 🧠 New identity created
[03:41:08] [236/455] CLGM
[03:41:09] [237/455] PBMM
[03:41:10] [238/455] CEHR
[03:41:11] [239/455] CPOE
[03:41:11] [240/455] PGFD
[03:41:12] [241/455] PSLC
[03:41:13] [242/455] MSMD
[03:41:14] [243/455] FMFB
[03:41:14] [244/455] RKCL
[03:41:15] 🔄 Identity reset
[03:41:15] 🔄 Identity rotated (every 10 requests)
[03:41:15] [245/455] PMMC
[03:41:16] [246/455] SKMM
[03:41:16] [247/455] VOIB
[03:41:17] [248/455] KINO
[03:41:18] [249/455] VCTP
[03:41:19] [250/455] PDWR
[03:41:20] [251/455] SAED
[03:41:21] [252/455] SRRT
[03:41:21] [253/455] CVLG
[03:41:22] [254/455] SNGN
[03:41:23] 🔄 Identity reset
[03:41:23] 🔄 Identity rotated (every 10 requests)
[03:41:23] [255/455] SIDA
[03:41:24] [256/455] IMCB
[03:41:25] [257/455] SMHP
[03:41:26] [258/455] GDTY
[03:41:26] [259/455] VYCH
[03:41:27] [260/455] PDYA
[03:41:28] [261/455] RKDO
[03:41:29] [262/455] VECG
[03:41:30] [263/455] NFGD
[03:41:31] [264/455] SNDC
[03:41:32] 🔄 Identity reset
[03:41:32] 🔄 Identity rotated (every 10 requests)
[03:41:32] [265/455] SDJH
[03:41:33] [266/455] HASV
[03:41:33] [267/455] PTYK
[03:41:34] [268/455] MUTB
[03:41:35] [269/455] AMRT
[03:41:36] [270/455] VACD
[03:41:37] [271/455] SKDD
[03:41:38] [272/455] STGR
[03:41:38] [273/455] GDAK
[03:41:39] [274/455] SKHK
[03:41:40] 🔄 Identity reset
[03:41:40] 🔄 Identity rotated (every 10 requests)
[03:41:40] 🔄 Retry 1/5 for SKHK in 3.0s
[03:41:40] 🔄 Identity reset
[03:41:43] 🧠 New identity created
[03:41:44] [275/455] SLND
[03:41:45] [276/455] APAP
[03:41:46] [277/455] AYYA
[03:41:46] [278/455] VCCZ
[03:41:47] [279/455] MEML
[03:41:48] [280/455] MAOU
[03:41:49] [281/455] ESND
[03:41:50] [282/455] PTBZ
[03:41:51] [283/455] LBCN
[03:41:51] 🔄 Identity reset
[03:41:51] 🔄 Identity rotated (every 10 requests)
[03:41:51] 🔄 Retry 1/5 for LBCN in 2.6s
[03:41:51] 🔄 Identity reset
[03:41:54] 🧠 New identity created
[03:41:54] [284/455] PAWA
[03:41:55] [285/455] ZEIC
[03:41:56] [286/455] CGMM
[03:41:57] [287/455] PJPM
[03:41:58] [288/455] ECMR
[03:41:59] [289/455] SHMZ
[03:41:59] [290/455] STCA
[03:42:00] [291/455] VDRC
[03:42:01] [292/455] SEEM
[03:42:02] 🔄 Identity reset
[03:42:02] 🔄 Identity rotated (every 10 requests)
[03:42:03] [293/455] MKNS
[03:42:03] [294/455] KPPP
[03:42:04] [295/455] CCML
[03:42:05] [296/455] CIBA
[03:42:06] [297/455] NACS
[03:42:07] [298/455] CTMK
[03:42:08] [299/455] CTCT
[03:42:09] [300/455] MCSN
[03:42:09] [301/455] MAXX
[03:42:10] [302/455] MECB
[03:42:11] 🔄 Identity reset
[03:42:11] 🔄 Identity rotated (every 10 requests)
[03:42:11] 🔄 Retry 1/5 for MECB in 2.5s
[03:42:11] 🔄 Identity reset
[03:42:13] 🧠 New identity created
[03:42:13] [303/455] NTBY
[03:42:14] [304/455] UTBI
[03:42:15] [305/455] RADK
[03:42:16] [306/455] STBY
[03:42:17] [307/455] GTBY
[03:42:18] [308/455] RRMB
[03:42:19] [309/455] ABRN
[03:42:20] [310/455] GTSG
[03:42:21] [311/455] GBTG
[03:42:22] 🔄 Identity reset
[03:42:22] 🔄 Identity rotated (every 10 requests)
[03:42:22] [312/455] SBGS
[03:42:23] [313/455] KBPM
[03:42:23] [314/455] SMHT
[03:42:24] [315/455] VTDM
[03:42:25] [316/455] ASCT
[03:42:26] [317/455] AWCT
[03:42:27] [318/455] DCCU
[03:42:28] [319/455] PSCE
[03:42:29] [320/455] KSNY
[03:42:30] [321/455] ACID
[03:42:31] 🔄 Identity reset
[03:42:31] 🔄 Identity rotated (every 10 requests)
[03:42:31] [322/455] LVCD
[03:42:32] [323/455] KSSB
[03:42:33] [324/455] SWTD
[03:42:33] [325/455] RBMR
[03:42:34] [326/455] SCBC
[03:42:35] [327/455] RKME
[03:42:36] [328/455] GALX
[03:42:37] [329/455] GCCH
[03:42:38] [330/455] RATR
[03:42:38] [331/455] GTGA
[03:42:39] 🔄 Identity reset
[03:42:39] 🔄 Identity rotated (every 10 requests)
[03:42:39] [332/455] LTTR
[03:42:40] [333/455] TTAA
[03:42:41] [334/455] TVHP
[03:42:42] [335/455] KVCS
[03:42:43] [336/455] CBMC
[03:42:44] [337/455] MAYJ
[03:42:44] [338/455] INPR
[03:42:45] [339/455] RSSC
[03:42:46] [340/455] PCAN
[03:42:47] [341/455] PVHR
[03:42:47] 🔄 Identity reset
[03:42:47] 🔄 Identity rotated (every 10 requests)
[03:42:48] [342/455] AGSM
[03:42:49] [343/455] PVES
[03:42:50] [344/455] INTO
[03:42:50] [345/455] ACON
[03:42:51] [346/455] PVPZ
[03:42:52] [347/455] PVHC
[03:42:53] [348/455] KSTK
[03:42:54] [349/455] PVSR
[03:42:55] [350/455] ACTN
[03:42:56] [351/455] FMCN
[03:42:56] 🔄 Identity reset
[03:42:56] 🔄 Identity rotated (every 10 requests)
[03:42:57] [352/455] PABC
[03:42:57] [353/455] SUTC
[03:42:58] [354/455] PGMV
[03:42:59] [355/455] GKCP
[03:43:00] [356/455] INCH
[03:43:01] [357/455] MLMT
[03:43:02] [358/455] SSCC
[03:43:03] [359/455] SLMP
[03:43:05] [360/455] VVTN
[03:43:05] [361/455] SBTR
[03:43:06] 🔄 Identity reset
[03:43:06] 🔄 Identity rotated (every 10 requests)
[03:43:06] [362/455] PGRA
[03:43:07] [363/455] PBRM
[03:43:08] [364/455] GCRP
[03:43:09] [365/455] MCSK
[03:43:10] [366/455] NLTC
[03:43:11] [367/455] MTLM
[03:43:12] [368/455] VECT
[03:43:13] [369/455] KMRM
[03:43:13] [370/455] RACM
[03:43:14] [371/455] WSTC
[03:43:15] 🔄 Identity reset
[03:43:15] 🔄 Identity rotated (every 10 requests)
[03:43:15] [372/455] PVTJ
[03:43:17] [373/455] MMKC
[03:43:18] [374/455] SVWT
[03:43:19] [375/455] JOTG
[03:43:20] [376/455] VCDK
[03:43:21] [377/455] ANAC
[03:43:22] [378/455] GRTC
[03:43:22] [379/455] JTPL
[03:43:23] [380/455] VRCP
[03:43:25] [381/455] REMC
[03:43:26] 🔄 Identity reset
[03:43:26] 🔄 Identity rotated (every 10 requests)
[03:43:26] [382/455] ATMG
[03:43:27] [383/455] GAHC
[03:43:28] [384/455] JTMV
[03:43:29] [385/455] OMTT
[03:43:30] [386/455] GKKC
[03:43:30] [387/455] BBPO
[03:43:31] [388/455] ZCBB
[03:43:32] [389/455] DCGO
[03:43:33] [390/455] STOP
[03:43:34] [391/455] BSPC
[03:43:34] 🔄 Identity reset
[03:43:34] 🔄 Identity rotated (every 10 requests)
[03:43:34] [392/455] SOND
[03:43:35] [393/455] GCKG
[03:43:36] [394/455] PCDB
[03:43:37] [395/455] PGRC
[03:43:38] [396/455] CSCT
[03:43:38] [397/455] STDA
[03:43:39] [398/455] JAYD
[03:43:40] [399/455] PPPD
[03:43:41] [400/455] KRTT
[03:43:42] [401/455] PTDT
[03:43:43] 🔄 Identity reset
[03:43:43] 🔄 Identity rotated (every 10 requests)
[03:43:43] [402/455] TRSV
[03:43:44] [403/455] VELR
[03:43:45] [404/455] STDT
[03:43:46] [405/455] SATT
[03:43:47] [406/455] KCPM
[03:43:49] [407/455] MFCP
[03:43:50] [408/455] AXMP
[03:43:50] [409/455] LTVB
[03:43:51] [410/455] APST
[03:43:52] [411/455] DTVP
[03:43:53] 🔄 Identity reset
[03:43:53] 🔄 Identity rotated (every 10 requests)
[03:43:53] [412/455] AAVB
[03:43:55] [413/455] PMBL
[03:43:55] [414/455] STKC
[03:43:56] [415/455] KKMA
[03:43:57] [416/455] NMXS
[03:43:58] [417/455] DECX
[03:43:58] [418/455] MAPJ
[03:43:59] [419/455] SMLK
[03:44:00] [420/455] PMPU
[03:44:01] [421/455] AFST
[03:44:01] 🔄 Identity reset
[03:44:01] 🔄 Identity rotated (every 10 requests)
[03:44:02] [422/455] SRSY
[03:44:02] [423/455] RMKT
[03:44:03] [424/455] RAJX
[03:44:04] [425/455] UVCD
[03:44:05] [426/455] LISA
[03:44:06] [427/455] LMSR
[03:44:07] [428/455] PMCA
[03:44:08] [429/455] INPO
[03:44:09] [430/455] INGO
[03:44:09] [431/455] HFSQ
[03:44:10] 🔄 Identity reset
[03:44:10] 🔄 Identity rotated (every 10 requests)
[03:44:10] [432/455] INMG
[03:44:11] [433/455] NYCP
[03:44:12] [434/455] HFSV
[03:44:13] [435/455] MMZP
[03:44:14] [436/455] KSES
[03:44:15] [437/455] HFSA
[03:44:15] [438/455] ACMM
[03:44:16] [439/455] RCKD
[03:44:17] [440/455] BCKR
[03:44:18] [441/455] SFCO
[03:44:19] 🔄 Identity reset
[03:44:19] 🔄 Identity rotated (every 10 requests)
[03:44:19] [442/455] JCCB
[03:44:19] [443/455] BCCR
[03:44:20] [444/455] NWCB
[03:44:21] [445/455] SAMT
[03:44:22] [446/455] TMST
[03:44:23] [447/455] SJCN
[03:44:24] [448/455] MCBS
[03:44:25] [449/455] CMKR
[03:44:26] [450/455] INPM
[03:44:26] [451/455] WVMT
[03:44:27] 🔄 Identity reset
[03:44:27] 🔄 Identity rotated (every 10 requests)
[03:44:27] [452/455] NYSM
[03:44:28] [453/455] RCMA
[03:44:29] [454/455] RECM
[03:44:31] [455/455] CYCM
[03:44:31] 🧹 Deduping shows
[03:44:31] ✅ DONE | Shows=3955 | Movies=74
[10:46:09] 🚀 SCRIPT STARTED (enhanced anti‑detection)
[10:46:09] [1/455] MXGN
[10:46:10] 🧠 New identity created
[10:46:10] [2/455] PGGM
[10:46:11] [3/455] IPMJ
[10:46:12] [4/455] M2PP
[10:46:13] [5/455] PMMS
[10:46:14] [6/455] SCJN
[10:46:15] [7/455] CPUM
[10:46:16] [8/455] SCND
[10:46:16] [9/455] INWM
[10:46:17] [10/455] DVDC
[10:46:18] 🔄 Identity reset
[10:46:18] 🔄 Identity rotated (every 10 requests)
[10:46:18] [11/455] WVND
[10:46:19] [12/455] LBDL
[10:46:20] [13/455] CRGM
[10:46:21] [14/455] PVKS
[10:46:22] [15/455] PBLL
[10:46:23] [16/455] FNLN
[10:46:24] [17/455] PPDA
[10:46:24] [18/455] SCPT
[10:46:25] [19/455] IAJS
[10:46:26] [20/455] MMZG
[10:46:27] 🔄 Identity reset
[10:46:27] 🔄 Identity rotated (every 10 requests)
[10:46:27] [21/455] MCTI
[10:46:28] [22/455] PPMF
[10:46:30] [23/455] FNSD
[10:46:31] [24/455] M2RH
[10:46:32] [25/455] CPGV
[10:46:32] [26/455] PECD
[10:46:33] [27/455] CTEE
[10:46:34] [28/455] IOMG
[10:46:35] [29/455] CIJA
[10:46:36] [30/455] NYCG
[10:46:37] 🔄 Identity reset
[10:46:37] 🔄 Identity rotated (every 10 requests)
[10:46:37] [31/455] CEST
[10:46:38] [32/455] WVRG
[10:46:39] [33/455] DPDC
[10:46:40] [34/455] PDIV
[10:46:41] [35/455] MTPP
[10:46:42] [36/455] MHNU
[10:46:42] [37/455] WUPG
[10:46:43] [38/455] USCO
[10:46:44] [39/455] INFR
[10:46:46] [40/455] PVPD
[10:46:47] 🔄 Identity reset
[10:46:47] 🔄 Identity rotated (every 10 requests)
[10:46:47] [41/455] RONC
[10:46:48] [42/455] IOCP
[10:46:49] [43/455] EMPS
[10:46:50] [44/455] PNAD
[10:46:51] [45/455] VVGZ
[10:46:52] [46/455] MDDC
[10:46:53] [47/455] MMAP
[10:46:54] [48/455] GPDC
[10:46:55] [49/455] PVPU
[10:46:56] [50/455] DCMV
[10:46:56] 🔄 Identity reset
[10:46:56] 🔄 Identity rotated (every 10 requests)
[10:46:57] [51/455] PCCF
[10:46:58] [52/455] MCEF
[10:46:59] [53/455] INRD
[10:47:00] [54/455] CCPZ
[10:47:00] [55/455] BCWG
[10:47:01] [56/455] PMGU
[10:47:02] [57/455] MCVM
[10:47:03] [58/455] MCDE
[10:47:04] [59/455] IEFM
[10:47:05] [60/455] MXCS
[10:47:05] 🔄 Identity reset
[10:47:05] 🔄 Identity rotated (every 10 requests)
[10:47:06] [61/455] RNMT
[10:47:06] [62/455] PSDD
[10:47:07] [63/455] PETA
[10:47:08] [64/455] IZOP
[10:47:09] [65/455] PDEI
[10:47:10] [66/455] MTND
[10:47:11] [67/455] PCPL
[10:47:12] [68/455] LSCM
[10:47:13] [69/455] BTFD
[10:47:14] [70/455] MERM
[10:47:14] 🔄 Identity reset
[10:47:14] 🔄 Identity rotated (every 10 requests)
[10:47:15] [71/455] PVMS
[10:47:16] [72/455] CIGK
[10:47:16] [73/455] INSG
[10:47:18] [74/455] IDEN
[10:47:19] [75/455] MCGN
[10:47:20] [76/455] IGAM
[10:47:21] [77/455] SLCU
[10:47:22] [78/455] MIMU
[10:47:23] [79/455] QLAC
[10:47:24] [80/455] MENL
[10:47:25] 🔄 Identity reset
[10:47:25] 🔄 Identity rotated (every 10 requests)
[10:47:25] [81/455] SCUR
[10:47:26] [82/455] MDGD
[10:47:27] [83/455] LSRS
[10:47:28] [84/455] KMLG
[10:47:29] [85/455] MKLJ
[10:47:30] [86/455] IBYG
[10:47:31] [87/455] ISML
[10:47:32] [88/455] MJMM
[10:47:33] [89/455] RCGD
[10:47:34] [90/455] MMOC
[10:47:35] 🔄 Identity reset
[10:47:35] 🔄 Identity rotated (every 10 requests)
[10:47:35] [91/455] RRCO
[10:47:36] [92/455] MEDM
[10:47:37] [93/455] MCAZ
[10:47:38] [94/455] STWA
[10:47:39] [95/455] PFFG
[10:47:40] [96/455] GAGC
[10:47:41] [97/455] PMPM
[10:47:42] [98/455] HVCD
[10:47:43] [99/455] AKRF
[10:47:44] [100/455] AKRC
[10:47:45] 🔄 Identity reset
[10:47:45] 🔄 Identity rotated (every 10 requests)
[10:47:45] [101/455] MIDA
[10:47:46] [102/455] MAGX
[10:47:47] [103/455] ESOS
[10:47:48] [104/455] BBCL
[10:47:49] [105/455] LYAS
[10:47:49] [106/455] NRMS
[10:47:50] [107/455] BHUC
[10:47:51] [108/455] SRIC
[10:47:52] [109/455] PDME
[10:47:53] [110/455] MJCS
[10:47:54] 🔄 Identity reset
[10:47:54] 🔄 Identity rotated (every 10 requests)
[10:47:54] [111/455] NRAA
[10:47:55] [112/455] VATA
[10:47:56] [113/455] MNKC
[10:47:57] [114/455] DHCL
[10:47:58] [115/455] JCPC
[10:47:59] [116/455] CTML
[10:48:01] [117/455] RMMR
[10:48:01] [118/455] STTL
[10:48:02] [119/455] CNPS
[10:48:03] [120/455] ACKL
[10:48:04] 🔄 Identity reset
[10:48:04] 🔄 Identity rotated (every 10 requests)
[10:48:04] [121/455] SCAU
[10:48:05] [122/455] RMIA
[10:48:06] [123/455] MANU
[10:48:07] [124/455] ARDC
[10:48:08] [125/455] GLDA
[10:48:10] [126/455] KVSW
[10:48:11] [127/455] CGCA
[10:48:11] [128/455] CMLO
[10:48:12] [129/455] CECB
[10:48:13] [130/455] RCPN
[10:48:14] 🔄 Identity reset
[10:48:14] 🔄 Identity rotated (every 10 requests)
[10:48:14] 🔄 Retry 1/5 for RCPN in 2.5s
[10:48:14] 🔄 Identity reset
[10:48:16] 🧠 New identity created
[10:48:17] [131/455] ASMW
[10:48:18] [132/455] PWLM
[10:48:18] [133/455] ASGM
[10:48:19] [134/455] ACWH
[10:48:20] [135/455] AAPW
[10:48:21] [136/455] RTWA
[10:48:22] [137/455] RAMW
[10:48:23] [138/455] VKTR
[10:48:24] [139/455] SMBH
[10:48:24] 🔄 Identity reset
[10:48:24] 🔄 Identity rotated (every 10 requests)
[10:48:24] 🔄 Retry 1/5 for SMBH in 2.7s
[10:48:24] 🔄 Identity reset
[10:48:27] 🧠 New identity created
[10:48:27] [140/455] BVDR
[10:48:28] [141/455] MRTP
[10:48:29] [142/455] BLBR
[10:48:30] [143/455] LPIN
[10:48:31] [144/455] SNPC
[10:48:32] [145/455] PDCB
[10:48:32] [146/455] DYPK
[10:48:33] [147/455] INMK
[10:48:34] [148/455] PDCK
[10:48:35] 🔄 Identity reset
[10:48:35] 🔄 Identity rotated (every 10 requests)
[10:48:35] [149/455] PCKR
[10:48:36] [150/455] SHUA
[10:48:37] [151/455] SCVK
[10:48:38] [152/455] STPA
[10:48:39] [153/455] WVHD
[10:48:39] [154/455] MRCH
[10:48:40] [155/455] MCNP
[10:48:41] [156/455] RCAG
[10:48:43] [157/455] JTSN
[10:48:44] [158/455] AANS
[10:48:44] 🔄 Identity reset
[10:48:44] 🔄 Identity rotated (every 10 requests)
[10:48:45] [159/455] GDDR
[10:48:46] [160/455] SRER
[10:48:47] [161/455] JKMA
[10:48:48] [162/455] ARAN
[10:48:49] [163/455] ALCT
[10:48:50] [164/455] CCTA
[10:48:51] [165/455] CNCT
[10:48:51] [166/455] NZBL
[10:48:53] [167/455] SRRA
[10:48:54] [168/455] SVPW
[10:48:54] 🔄 Identity reset
[10:48:54] 🔄 Identity rotated (every 10 requests)
[10:48:54] 🔄 Retry 1/5 for SVPW in 2.6s
[10:48:54] 🔄 Identity reset
[10:48:57] 🧠 New identity created
[10:48:57] 🔄 Retry 2/5 for SVPW in 4.4s
[10:48:57] 🔄 Identity reset
[10:49:01] 🧠 New identity created
[10:49:02] [169/455] SRTW
[10:49:03] [170/455] XMTD
[10:49:04] [171/455] SCCZ
[10:49:05] [172/455] PBCR
[10:49:06] [173/455] RTSC
[10:49:06] [174/455] TLSV
[10:49:07] [175/455] RMTK
[10:49:09] [176/455] SRAT
[10:49:10] 🔄 Identity reset
[10:49:10] 🔄 Identity rotated (every 10 requests)
[10:49:10] 🔄 Retry 1/5 for SRAT in 2.9s
[10:49:10] 🔄 Identity reset
[10:49:12] 🧠 New identity created
[10:49:13] [177/455] GCYC
[10:49:14] [178/455] HCAJ
[10:49:15] [179/455] LCXA
[10:49:16] [180/455] BINT
[10:49:16] [181/455] IXIM
[10:49:18] [182/455] MBCR
[10:49:19] [183/455] BMCJ
[10:49:20] [184/455] NICJ
[10:49:21] [185/455] SCAJ
[10:49:22] 🔄 Identity reset
[10:49:22] 🔄 Identity rotated (every 10 requests)
[10:49:22] [186/455] CMXS
[10:49:23] [187/455] MMSR
[10:49:24] [188/455] PRKT
[10:49:25] [189/455] LPTH
[10:49:26] [190/455] SARP
[10:49:27] [191/455] MNPP
[10:49:28] [192/455] PRLR
[10:49:28] [193/455] RCMW
[10:49:29] [194/455] FCMG
[10:49:30] [195/455] RTNK
[10:49:31] 🔄 Identity reset
[10:49:31] 🔄 Identity rotated (every 10 requests)
[10:49:31] 🔄 Retry 1/5 for RTNK in 2.5s
[10:49:31] 🔄 Identity reset
[10:49:33] 🧠 New identity created
[10:49:34] [196/455] LRCP
[10:49:34] [197/455] DBJR
[10:49:35] [198/455] CACN
[10:49:36] [199/455] AMRL
[10:49:37] [200/455] SBBC
[10:49:38] [201/455] VENN
[10:49:39] [202/455] STSS
[10:49:40] [203/455] SMRB
[10:49:41] [204/455] CCMX
[10:49:42] 🔄 Identity reset
[10:49:42] 🔄 Identity rotated (every 10 requests)
[10:49:42] [205/455] KCMR
[10:49:43] [206/455] SALH
[10:49:44] [207/455] CGTT
[10:49:44] [208/455] PMDR
[10:49:45] [209/455] VCPM
[10:49:46] [210/455] RZMX
[10:49:47] [211/455] TMSY
[10:49:48] [212/455] NTMS
[10:49:49] [213/455] VTAG
[10:49:50] [214/455] REMA
[10:49:51] 🔄 Identity reset
[10:49:51] 🔄 Identity rotated (every 10 requests)
[10:49:51] [215/455] NXCC
[10:49:52] [216/455] SKYM
[10:49:53] [217/455] CCMO
[10:49:54] [218/455] DMXM
[10:49:55] [219/455] SPPM
[10:49:56] [220/455] PTKL
[10:49:57] [221/455] SLVO
[10:49:58] [222/455] VASL
[10:49:59] [223/455] CBCM
[10:50:00] [224/455] STMA
[10:50:00] 🔄 Identity reset
[10:50:00] 🔄 Identity rotated (every 10 requests)
[10:50:00] 🔄 Retry 1/5 for STMA in 2.4s
[10:50:00] 🔄 Identity reset
[10:50:03] 🧠 New identity created
[10:50:03] [225/455] LASK
[10:50:05] [226/455] VITE
[10:50:06] [227/455] AAST
[10:50:07] [228/455] JTPT
[10:50:08] [229/455] RRSH
[10:50:09] [230/455] CINL
[10:50:09] [231/455] MCSR
[10:50:11] [232/455] SBCF
[10:50:12] [233/455] GCDU
[10:50:12] 🔄 Identity reset
[10:50:12] 🔄 Identity rotated (every 10 requests)
[10:50:13] [234/455] PSPR
[10:50:14] [235/455] IMMO
[10:50:15] [236/455] CLGM
[10:50:16] [237/455] PBMM
[10:50:17] [238/455] CEHR
[10:50:18] [239/455] CPOE
[10:50:19] [240/455] PGFD
[10:50:20] [241/455] PSLC
[10:50:21] [242/455] MSMD
[10:50:23] [243/455] FMFB
[10:50:24] 🔄 Identity reset
[10:50:24] 🔄 Identity rotated (every 10 requests)
[10:50:24] [244/455] RKCL
[10:50:25] [245/455] PMMC
[10:50:26] [246/455] SKMM
[10:50:27] [247/455] VOIB
[10:50:28] [248/455] KINO
[10:50:28] [249/455] VCTP
[10:50:30] [250/455] PDWR
[10:50:30] [251/455] SAED
[10:50:32] [252/455] SRRT
[10:50:33] [253/455] CVLG
[10:50:33] 🔄 Identity reset
[10:50:33] 🔄 Identity rotated (every 10 requests)
[10:50:33] 🔄 Retry 1/5 for CVLG in 2.1s
[10:50:33] 🔄 Identity reset
[10:50:35] 🧠 New identity created
[10:50:36] [254/455] SNGN
[10:50:37] [255/455] SIDA
[10:50:37] [256/455] IMCB
[10:50:38] [257/455] SMHP
[10:50:39] [258/455] GDTY
[10:50:41] [259/455] VYCH
[10:50:42] [260/455] PDYA
[10:50:43] [261/455] RKDO
[10:50:43] [262/455] VECG
[10:50:44] 🔄 Identity reset
[10:50:44] 🔄 Identity rotated (every 10 requests)
[10:50:44] 🔄 Retry 1/5 for VECG in 2.1s
[10:50:44] 🔄 Identity reset
[10:50:46] 🧠 New identity created
[10:50:46] [263/455] NFGD
[10:50:47] [264/455] SNDC
[10:50:48] [265/455] SDJH
[10:50:49] [266/455] HASV
[10:50:51] [267/455] PTYK
[10:50:51] [268/455] MUTB
[10:50:52] [269/455] AMRT
[10:50:53] [270/455] VACD
[10:50:54] [271/455] SKDD
[10:50:55] 🔄 Identity reset
[10:50:55] 🔄 Identity rotated (every 10 requests)
[10:50:55] [272/455] STGR
[10:50:56] [273/455] GDAK
[10:50:57] [274/455] SKHK
[10:50:58] [275/455] SLND
[10:50:59] [276/455] APAP
[10:50:59] [277/455] AYYA
[10:51:00] [278/455] VCCZ
[10:51:01] [279/455] MEML
[10:51:02] [280/455] MAOU
[10:51:03] [281/455] ESND
[10:51:03] 🔄 Identity reset
[10:51:03] 🔄 Identity rotated (every 10 requests)
[10:51:03] 🔄 Retry 1/5 for ESND in 2.8s
[10:51:03] 🔄 Identity reset
[10:51:06] 🧠 New identity created
[10:51:07] [282/455] PTBZ
[10:51:08] [283/455] LBCN
[10:51:09] [284/455] PAWA
[10:51:10] [285/455] ZEIC
[10:51:11] [286/455] CGMM
[10:51:12] [287/455] PJPM
[10:51:13] [288/455] ECMR
[10:51:13] [289/455] SHMZ
[10:51:14] [290/455] STCA
[10:51:15] 🔄 Identity reset
[10:51:15] 🔄 Identity rotated (every 10 requests)
[10:51:15] [291/455] VDRC
[10:51:17] [292/455] SEEM
[10:51:18] [293/455] MKNS
[10:51:19] [294/455] KPPP
[10:51:21] [295/455] CCML
[10:51:21] [296/455] CIBA
[10:51:22] [297/455] NACS
[10:51:24] [298/455] CTMK
[10:51:25] [299/455] CTCT
[10:51:25] [300/455] MCSN
[10:51:26] 🔄 Identity reset
[10:51:26] 🔄 Identity rotated (every 10 requests)
[10:51:26] [301/455] MAXX
[10:51:27] [302/455] MECB
[10:51:28] [303/455] NTBY
[10:51:29] [304/455] UTBI
[10:51:30] [305/455] RADK
[10:51:31] [306/455] STBY
[10:51:32] [307/455] GTBY
[10:51:33] [308/455] RRMB
[10:51:33] [309/455] ABRN
[10:51:35] [310/455] GTSG
[10:51:35] 🔄 Identity reset
[10:51:35] 🔄 Identity rotated (every 10 requests)
[10:51:36] 🔄 Retry 1/5 for GTSG in 2.2s
[10:51:36] 🔄 Identity reset
[10:51:38] 🧠 New identity created
[10:51:38] [311/455] GBTG
[10:51:39] [312/455] SBGS
[10:51:40] [313/455] KBPM
[10:51:41] [314/455] SMHT
[10:51:42] [315/455] VTDM
[10:51:42] [316/455] ASCT
[10:51:43] [317/455] AWCT
[10:51:44] [318/455] DCCU
[10:51:45] [319/455] PSCE
[10:51:46] 🔄 Identity reset
[10:51:46] 🔄 Identity rotated (every 10 requests)
[10:51:46] 🔄 Retry 1/5 for PSCE in 2.2s
[10:51:46] 🔄 Identity reset
[10:51:48] 🧠 New identity created
[10:51:48] [320/455] KSNY
[10:51:49] [321/455] ACID
[10:51:50] [322/455] LVCD
[10:51:51] [323/455] KSSB
[10:51:52] [324/455] SWTD
[10:51:53] [325/455] RBMR
[10:51:54] [326/455] SCBC
[10:51:55] [327/455] RKME
[10:51:56] [328/455] GALX
[10:51:57] 🔄 Identity reset
[10:51:57] 🔄 Identity rotated (every 10 requests)
[10:51:57] [329/455] GCCH
[10:51:58] [330/455] RATR
[10:51:59] [331/455] GTGA
[10:52:00] [332/455] LTTR
[10:52:00] [333/455] TTAA
[10:52:01] [334/455] TVHP
[10:52:03] [335/455] KVCS
[10:52:04] [336/455] CBMC
[10:52:05] [337/455] MAYJ
[10:52:06] [338/455] INPR
[10:52:06] 🔄 Identity reset
[10:52:06] 🔄 Identity rotated (every 10 requests)
[10:52:06] 🔄 Retry 1/5 for INPR in 2.6s
[10:52:06] 🔄 Identity reset
[10:52:09] 🧠 New identity created
[10:52:09] [339/455] RSSC
[10:52:10] [340/455] PCAN
[10:52:11] [341/455] PVHR
[10:52:12] [342/455] AGSM
[10:52:13] [343/455] PVES
[10:52:14] [344/455] INTO
[10:52:15] [345/455] ACON
[10:52:16] [346/455] PVPZ
[10:52:17] [347/455] PVHC
[10:52:18] 🔄 Identity reset
[10:52:18] 🔄 Identity rotated (every 10 requests)
[10:52:18] [348/455] KSTK
[10:52:19] [349/455] PVSR
[10:52:20] [350/455] ACTN
[10:52:21] [351/455] FMCN
[10:52:22] [352/455] PABC
[10:52:23] [353/455] SUTC
[10:52:24] [354/455] PGMV
[10:52:25] [355/455] GKCP
[10:52:26] [356/455] INCH
[10:52:27] [357/455] MLMT
[10:52:28] 🔄 Identity reset
[10:52:28] 🔄 Identity rotated (every 10 requests)
[10:52:28] [358/455] SSCC
[10:52:29] [359/455] SLMP
[10:52:30] [360/455] VVTN
[10:52:31] [361/455] SBTR
[10:52:32] [362/455] PGRA
[10:52:33] [363/455] PBRM
[10:52:34] [364/455] GCRP
[10:52:34] [365/455] MCSK
[10:52:35] [366/455] NLTC
[10:52:36] [367/455] MTLM
[10:52:37] 🔄 Identity reset
[10:52:37] 🔄 Identity rotated (every 10 requests)
[10:52:37] [368/455] VECT
[10:52:38] [369/455] KMRM
[10:52:39] [370/455] RACM
[10:52:40] [371/455] WSTC
[10:52:41] [372/455] PVTJ
[10:52:42] [373/455] MMKC
[10:52:43] [374/455] SVWT
[10:52:44] [375/455] JOTG
[10:52:45] [376/455] VCDK
[10:52:46] [377/455] ANAC
[10:52:46] 🔄 Identity reset
[10:52:46] 🔄 Identity rotated (every 10 requests)
[10:52:46] [378/455] GRTC
[10:52:47] [379/455] JTPL
[10:52:48] [380/455] VRCP
[10:52:49] [381/455] REMC
[10:52:50] [382/455] ATMG
[10:52:51] [383/455] GAHC
[10:52:52] [384/455] JTMV
[10:52:53] [385/455] OMTT
[10:52:54] [386/455] GKKC
[10:52:54] [387/455] BBPO
[10:52:55] 🔄 Identity reset
[10:52:55] 🔄 Identity rotated (every 10 requests)
[10:52:55] [388/455] ZCBB
[10:52:56] [389/455] DCGO
[10:52:57] [390/455] STOP
[10:52:58] [391/455] BSPC
[10:52:59] [392/455] SOND
[10:53:00] [393/455] GCKG
[10:53:00] [394/455] PCDB
[10:53:01] [395/455] PGRC
[10:53:02] [396/455] CSCT
[10:53:03] [397/455] STDA
[10:53:04] 🔄 Identity reset
[10:53:04] 🔄 Identity rotated (every 10 requests)
[10:53:04] [398/455] JAYD
[10:53:05] [399/455] PPPD
[10:53:06] [400/455] KRTT
[10:53:07] [401/455] PTDT
[10:53:07] [402/455] TRSV
[10:53:08] [403/455] VELR
[10:53:09] [404/455] STDT
[10:53:10] [405/455] SATT
[10:53:11] [406/455] KCPM
[10:53:11] [407/455] MFCP
[10:53:12] 🔄 Identity reset
[10:53:12] 🔄 Identity rotated (every 10 requests)
[10:53:12] [408/455] AXMP
[10:53:13] [409/455] LTVB
[10:53:14] [410/455] APST
[10:53:16] [411/455] DTVP
[10:53:17] [412/455] AAVB
[10:53:18] [413/455] PMBL
[10:53:18] [414/455] STKC
[10:53:19] [415/455] KKMA
[10:53:20] [416/455] NMXS
[10:53:22] [417/455] DECX
[10:53:23] 🔄 Identity reset
[10:53:23] 🔄 Identity rotated (every 10 requests)
[10:53:23] [418/455] MAPJ
[10:53:24] [419/455] SMLK
[10:53:25] [420/455] PMPU
[10:53:26] [421/455] AFST
[10:53:28] [422/455] SRSY
[10:53:29] [423/455] RMKT
[10:53:30] [424/455] RAJX
[10:53:31] [425/455] UVCD
[10:53:32] [426/455] LISA
[10:53:33] [427/455] LMSR
[10:53:34] 🔄 Identity reset
[10:53:34] 🔄 Identity rotated (every 10 requests)
[10:53:34] [428/455] PMCA
[10:53:35] [429/455] INPO
[10:53:36] [430/455] INGO
[10:53:37] [431/455] HFSQ
[10:53:37] [432/455] INMG
[10:53:38] [433/455] NYCP
[10:53:39] [434/455] HFSV
[10:53:40] [435/455] MMZP
[10:53:41] [436/455] KSES
[10:53:42] [437/455] HFSA
[10:53:43] 🔄 Identity reset
[10:53:43] 🔄 Identity rotated (every 10 requests)
[10:53:43] 🔄 Retry 1/5 for HFSA in 2.1s
[10:53:43] 🔄 Identity reset
[10:53:45] 🧠 New identity created
[10:53:45] [438/455] ACMM
[10:53:46] [439/455] RCKD
[10:53:47] [440/455] BCKR
[10:53:48] [441/455] SFCO
[10:53:49] [442/455] JCCB
[10:53:50] [443/455] BCCR
[10:53:51] [444/455] NWCB
[10:53:52] [445/455] SAMT
[10:53:53] [446/455] TMST
[10:53:54] 🔄 Identity reset
[10:53:54] 🔄 Identity rotated (every 10 requests)
[10:53:54] [447/455] SJCN
[10:53:55] [448/455] MCBS
[10:53:56] [449/455] CMKR
[10:53:57] [450/455] INPM
[10:53:58] [451/455] WVMT
[10:53:59] [452/455] NYSM
[10:54:00] [453/455] RCMA
[10:54:01] [454/455] RECM
[10:54:02] [455/455] CYCM
[10:54:03] 🧹 Deduping shows
[10:54:03] ✅ DONE | Shows=4043 | Movies=76
[05:40:20] 🚀 SCRIPT STARTED (enhanced anti‑detection)
[05:40:20] [1/455] MXGN
[05:40:20] 🧠 New identity created
[05:40:21] [2/455] PGGM
[05:40:22] [3/455] IPMJ
[05:40:23] [4/455] M2PP
[05:40:24] [5/455] PMMS
[05:40:25] [6/455] SCJN
[05:40:26] [7/455] CPUM
[05:40:27] [8/455] SCND
[05:40:27] [9/455] INWM
[05:40:28] [10/455] DVDC
[05:40:29] 🔄 Identity reset
[05:40:29] 🔄 Identity rotated (every 10 requests)
[05:40:29] 🔄 Retry 1/5 for DVDC in 2.7s
[05:40:29] 🔄 Identity reset
[05:40:31] 🧠 New identity created
[05:40:32] [11/455] WVND
[05:40:32] [12/455] LBDL
[05:40:33] [13/455] CRGM
[05:40:34] [14/455] PVKS
[05:40:35] [15/455] PBLL
[05:40:36] [16/455] FNLN
[05:40:37] [17/455] PPDA
[05:40:38] [18/455] SCPT
[05:40:39] [19/455] IAJS
[05:40:39] 🔄 Identity reset
[05:40:39] 🔄 Identity rotated (every 10 requests)
[05:40:40] [20/455] MMZG
[05:40:41] [21/455] MCTI
[05:40:42] [22/455] PPMF
[05:40:43] [23/455] FNSD
[05:40:43] [24/455] M2RH
[05:40:44] [25/455] CPGV
[05:40:45] [26/455] PECD
[05:40:46] [27/455] CTEE
[05:40:47] [28/455] IOMG
[05:40:48] [29/455] CIJA
[05:40:48] 🔄 Identity reset
[05:40:48] 🔄 Identity rotated (every 10 requests)
[05:40:48] [30/455] NYCG
[05:40:50] [31/455] CEST
[05:40:51] [32/455] WVRG
[05:40:52] [33/455] DPDC
[05:40:52] [34/455] PDIV
[05:40:53] [35/455] MTPP
[05:40:54] [36/455] MHNU
[05:40:55] [37/455] WUPG
[05:40:56] [38/455] USCO
[05:40:56] [39/455] INFR
[05:40:57] 🔄 Identity reset
[05:40:57] 🔄 Identity rotated (every 10 requests)
[05:40:57] [40/455] PVPD
[05:40:58] [41/455] RONC
[05:40:59] [42/455] IOCP
[05:41:01] [43/455] EMPS
[05:41:02] [44/455] PNAD
[05:41:03] [45/455] VVGZ
[05:41:03] [46/455] MDDC
[05:41:05] [47/455] MMAP
[05:41:06] [48/455] GPDC
[05:41:07] [49/455] PVPU
[05:41:07] 🔄 Identity reset
[05:41:07] 🔄 Identity rotated (every 10 requests)
[05:41:08] [50/455] DCMV
[05:41:08] [51/455] PCCF
[05:41:09] [52/455] MCEF
[05:41:10] [53/455] INRD
[05:41:11] [54/455] CCPZ
[05:41:12] [55/455] BCWG
[05:41:13] [56/455] PMGU
[05:41:14] [57/455] MCVM
[05:41:14] [58/455] MCDE
[05:41:15] [59/455] IEFM
[05:41:16] 🔄 Identity reset
[05:41:16] 🔄 Identity rotated (every 10 requests)
[05:41:17] [60/455] MXCS
[05:41:18] [61/455] RNMT
[05:41:19] [62/455] PSDD
[05:41:20] [63/455] PETA
[05:41:21] [64/455] IZOP
[05:41:23] [65/455] PDEI
[05:41:23] [66/455] MTND
[05:41:24] [67/455] PCPL
[05:41:25] [68/455] LSCM
[05:41:26] [69/455] BTFD
[05:41:26] 🔄 Identity reset
[05:41:26] 🔄 Identity rotated (every 10 requests)
[05:41:27] [70/455] MERM
[05:41:28] [71/455] PVMS
[05:41:28] [72/455] CIGK
[05:41:29] [73/455] INSG
[05:41:30] [74/455] IDEN
[05:41:31] [75/455] MCGN
[05:41:32] [76/455] IGAM
[05:41:33] [77/455] SLCU
[05:41:34] [78/455] MIMU
[05:41:34] [79/455] QLAC
[05:41:35] 🔄 Identity reset
[05:41:35] 🔄 Identity rotated (every 10 requests)
[05:41:36] [80/455] MENL
[05:41:37] [81/455] SCUR
[05:41:39] [82/455] MDGD
[05:41:39] [83/455] LSRS
[05:41:40] [84/455] KMLG
[05:41:41] [85/455] MKLJ
[05:41:42] [86/455] IBYG
[05:41:43] [87/455] ISML
[05:41:43] [88/455] MJMM
[05:41:44] [89/455] RCGD
[05:41:45] 🔄 Identity reset
[05:41:45] 🔄 Identity rotated (every 10 requests)
[05:41:45] [90/455] MMOC
[05:41:46] [91/455] RRCO
[05:41:47] [92/455] MEDM
[05:41:48] [93/455] MCAZ
[05:41:48] [94/455] STWA
[05:41:50] [95/455] PFFG
[05:41:51] [96/455] GAGC
[05:41:52] [97/455] PMPM
[05:41:52] [98/455] HVCD
[05:41:53] [99/455] AKRF
[05:41:54] 🔄 Identity reset
[05:41:54] 🔄 Identity rotated (every 10 requests)
[05:41:54] [100/455] AKRC
[05:41:55] [101/455] MIDA
[05:41:56] [102/455] MAGX
[05:41:56] [103/455] ESOS
[05:41:57] [104/455] BBCL
[05:41:58] [105/455] LYAS
[05:41:59] [106/455] NRMS
[05:42:00] [107/455] BHUC
[05:42:01] [108/455] SRIC
[05:42:01] [109/455] PDME
[05:42:02] 🔄 Identity reset
[05:42:02] 🔄 Identity rotated (every 10 requests)
[05:42:02] [110/455] MJCS
[05:42:03] [111/455] NRAA
[05:42:04] [112/455] VATA
[05:42:04] [113/455] MNKC
[05:42:05] [114/455] DHCL
[05:42:06] [115/455] JCPC
[05:42:07] [116/455] CTML
[05:42:07] [117/455] RMMR
[05:42:08] [118/455] STTL
[05:42:09] [119/455] CNPS
[05:42:10] 🔄 Identity reset
[05:42:10] 🔄 Identity rotated (every 10 requests)
[05:42:10] [120/455] ACKL
[05:42:11] [121/455] SCAU
[05:42:12] [122/455] RMIA
[05:42:13] [123/455] MANU
[05:42:13] [124/455] ARDC
[05:42:14] [125/455] GLDA
[05:42:15] [126/455] KVSW
[05:42:16] [127/455] CGCA
[05:42:16] [128/455] CMLO
[05:42:17] [129/455] CECB
[05:42:18] 🔄 Identity reset
[05:42:18] 🔄 Identity rotated (every 10 requests)
[05:42:18] [130/455] RCPN
[05:42:19] [131/455] ASMW
[05:42:20] [132/455] PWLM
[05:42:21] [133/455] ASGM
[05:42:21] [134/455] ACWH
[05:42:23] [135/455] AAPW
[05:42:23] [136/455] RTWA
[05:42:24] [137/455] RAMW
[05:42:25] [138/455] VKTR
[05:42:26] [139/455] SMBH
[05:42:26] 🔄 Identity reset
[05:42:26] 🔄 Identity rotated (every 10 requests)
[05:42:26] [140/455] BVDR
[05:42:27] [141/455] MRTP
[05:42:28] [142/455] BLBR
[05:42:29] [143/455] LPIN
[05:42:30] [144/455] SNPC
[05:42:31] [145/455] PDCB
[05:42:31] [146/455] DYPK
[05:42:32] [147/455] INMK
[05:42:33] [148/455] PDCK
[05:42:34] [149/455] PCKR
[05:42:35] 🔄 Identity reset
[05:42:35] 🔄 Identity rotated (every 10 requests)
[05:42:35] [150/455] SHUA
[05:42:37] [151/455] SCVK
[05:42:38] [152/455] STPA
[05:42:39] [153/455] WVHD
[05:42:39] [154/455] MRCH
[05:42:40] [155/455] MCNP
[05:42:41] [156/455] RCAG
[05:42:42] [157/455] JTSN
[05:42:43] [158/455] AANS
[05:42:44] [159/455] GDDR
[05:42:44] 🔄 Identity reset
[05:42:44] 🔄 Identity rotated (every 10 requests)
[05:42:44] 🔄 Retry 1/5 for GDDR in 2.3s
[05:42:44] 🔄 Identity reset
[05:42:47] 🧠 New identity created
[05:42:47] 🔄 Retry 2/5 for GDDR in 4.7s
[05:42:47] 🔄 Identity reset
[05:42:51] 🧠 New identity created
[05:42:52] [160/455] SRER
[05:42:53] [161/455] JKMA
[05:42:53] [162/455] ARAN
[05:42:54] [163/455] ALCT
[05:42:55] [164/455] CCTA
[05:42:56] [165/455] CNCT
[05:42:57] [166/455] NZBL
[05:42:57] [167/455] SRRA
[05:42:58] 🔄 Identity reset
[05:42:58] 🔄 Identity rotated (every 10 requests)
[05:42:58] [168/455] SVPW
[05:42:59] [169/455] SRTW
[05:43:00] [170/455] XMTD
[05:43:01] [171/455] SCCZ
[05:43:02] [172/455] PBCR
[05:43:03] [173/455] RTSC
[05:43:03] [174/455] TLSV
[05:43:04] [175/455] RMTK
[05:43:05] [176/455] SRAT
[05:43:06] [177/455] GCYC
[05:43:07] 🔄 Identity reset
[05:43:07] 🔄 Identity rotated (every 10 requests)
[05:43:07] [178/455] HCAJ
[05:43:08] [179/455] LCXA
[05:43:09] [180/455] BINT
[05:43:10] [181/455] IXIM
[05:43:11] [182/455] MBCR
[05:43:12] [183/455] BMCJ
[05:43:12] [184/455] NICJ
[05:43:13] [185/455] SCAJ
[05:43:14] [186/455] CMXS
[05:43:15] [187/455] MMSR
[05:43:15] 🔄 Identity reset
[05:43:15] 🔄 Identity rotated (every 10 requests)
[05:43:16] [188/455] PRKT
[05:43:17] [189/455] LPTH
[05:43:18] [190/455] SARP
[05:43:18] [191/455] MNPP
[05:43:19] [192/455] PRLR
[05:43:20] [193/455] RCMW
[05:43:21] [194/455] FCMG
[05:43:22] [195/455] RTNK
[05:43:22] [196/455] LRCP
[05:43:23] [197/455] DBJR
[05:43:24] 🔄 Identity reset
[05:43:24] 🔄 Identity rotated (every 10 requests)
[05:43:24] 🔄 Retry 1/5 for DBJR in 2.3s
[05:43:24] 🔄 Identity reset
[05:43:26] 🧠 New identity created
[05:43:26] [198/455] CACN
[05:43:27] [199/455] AMRL
[05:43:28] [200/455] SBBC
[05:43:29] [201/455] VENN
[05:43:30] [202/455] STSS
[05:43:31] [203/455] SMRB
[05:43:32] [204/455] CCMX
[05:43:33] [205/455] KCMR
[05:43:34] [206/455] SALH
[05:43:35] 🔄 Identity reset
[05:43:35] 🔄 Identity rotated (every 10 requests)
[05:43:35] [207/455] CGTT
[05:43:36] [208/455] PMDR
[05:43:37] [209/455] VCPM
[05:43:37] [210/455] RZMX
[05:43:38] [211/455] TMSY
[05:43:39] [212/455] NTMS
[05:43:40] [213/455] VTAG
[05:43:41] [214/455] REMA
[05:43:42] [215/455] NXCC
[05:43:42] [216/455] SKYM
[05:43:43] 🔄 Identity reset
[05:43:43] 🔄 Identity rotated (every 10 requests)
[05:43:43] [217/455] CCMO
[05:43:44] [218/455] DMXM
[05:43:45] [219/455] SPPM
[05:43:46] [220/455] PTKL
[05:43:47] [221/455] SLVO
[05:43:48] [222/455] VASL
[05:43:48] [223/455] CBCM
[05:43:49] [224/455] STMA
[05:43:50] [225/455] LASK
[05:43:51] [226/455] VITE
[05:43:51] 🔄 Identity reset
[05:43:51] 🔄 Identity rotated (every 10 requests)
[05:43:51] 🔄 Retry 1/5 for VITE in 2.1s
[05:43:51] 🔄 Identity reset
[05:43:54] 🧠 New identity created
[05:43:54] [227/455] AAST
[05:43:55] [228/455] JTPT
[05:43:55] [229/455] RRSH
[05:43:56] [230/455] CINL
[05:43:58] [231/455] MCSR
[05:43:59] [232/455] SBCF
[05:44:00] [233/455] GCDU
[05:44:00] [234/455] PSPR
[05:44:01] [235/455] IMMO
[05:44:02] 🔄 Identity reset
[05:44:02] 🔄 Identity rotated (every 10 requests)
[05:44:02] [236/455] CLGM
[05:44:03] [237/455] PBMM
[05:44:04] [238/455] CEHR
[05:44:05] [239/455] CPOE
[05:44:06] [240/455] PGFD
[05:44:07] [241/455] PSLC
[05:44:08] [242/455] MSMD
[05:44:08] [243/455] FMFB
[05:44:09] [244/455] RKCL
[05:44:10] [245/455] PMMC
[05:44:11] 🔄 Identity reset
[05:44:11] 🔄 Identity rotated (every 10 requests)
[05:44:11] 🔄 Retry 1/5 for PMMC in 2.6s
[05:44:11] 🔄 Identity reset
[05:44:13] 🧠 New identity created
[05:44:14] [246/455] SKMM
[05:44:15] [247/455] VOIB
[05:44:15] [248/455] KINO
[05:44:16] [249/455] VCTP
[05:44:17] [250/455] PDWR
[05:44:19] [251/455] SAED
[05:44:20] [252/455] SRRT
[05:44:20] [253/455] CVLG
[05:44:21] [254/455] SNGN
[05:44:22] 🔄 Identity reset
[05:44:22] 🔄 Identity rotated (every 10 requests)
[05:44:22] 🔄 Retry 1/5 for SNGN in 2.2s
[05:44:22] 🔄 Identity reset
[05:44:24] 🧠 New identity created
[05:44:24] [255/455] SIDA
[05:44:25] [256/455] IMCB
[05:44:26] [257/455] SMHP
[05:44:27] [258/455] GDTY
[05:44:28] [259/455] VYCH
[05:44:29] [260/455] PDYA
[05:44:30] [261/455] RKDO
[05:44:31] [262/455] VECG
[05:44:32] [263/455] NFGD
[05:44:33] 🔄 Identity reset
[05:44:33] 🔄 Identity rotated (every 10 requests)
[05:44:33] [264/455] SNDC
[05:44:34] [265/455] SDJH
[05:44:35] [266/455] HASV
[05:44:36] [267/455] PTYK
[05:44:37] [268/455] MUTB
[05:44:37] [269/455] AMRT
[05:44:39] [270/455] VACD
[05:44:40] [271/455] SKDD
[05:44:41] [272/455] STGR
[05:44:42] [273/455] GDAK
[05:44:43] 🔄 Identity reset
[05:44:43] 🔄 Identity rotated (every 10 requests)
[05:44:43] [274/455] SKHK
[05:44:44] [275/455] SLND
[05:44:45] [276/455] APAP
[05:44:46] [277/455] AYYA
[05:44:47] [278/455] VCCZ
[05:44:48] [279/455] MEML
[05:44:49] [280/455] MAOU
[05:44:50] [281/455] ESND
[05:44:50] [282/455] PTBZ
[05:44:51] [283/455] LBCN
[05:44:52] 🔄 Identity reset
[05:44:52] 🔄 Identity rotated (every 10 requests)
[05:44:52] [284/455] PAWA
[05:44:53] [285/455] ZEIC
[05:44:54] [286/455] CGMM
[05:44:55] [287/455] PJPM
[05:44:56] [288/455] ECMR
[05:44:58] [289/455] SHMZ
[05:44:58] [290/455] STCA
[05:44:59] [291/455] VDRC
[05:45:00] [292/455] SEEM
[05:45:01] [293/455] MKNS
[05:45:01] 🔄 Identity reset
[05:45:01] 🔄 Identity rotated (every 10 requests)
[05:45:02] [294/455] KPPP
[05:45:03] [295/455] CCML
[05:45:03] [296/455] CIBA
[05:45:04] [297/455] NACS
[05:45:05] [298/455] CTMK
[05:45:06] [299/455] CTCT
[05:45:07] [300/455] MCSN
[05:45:08] [301/455] MAXX
[05:45:08] [302/455] MECB
[05:45:09] [303/455] NTBY
[05:45:10] 🔄 Identity reset
[05:45:10] 🔄 Identity rotated (every 10 requests)
[05:45:10] 🔄 Retry 1/5 for NTBY in 2.2s
[05:45:10] 🔄 Identity reset
[05:45:12] 🧠 New identity created
[05:45:12] [304/455] UTBI
[05:45:13] [305/455] RADK
[05:45:14] [306/455] STBY
[05:45:15] [307/455] GTBY
[05:45:16] [308/455] RRMB
[05:45:17] [309/455] ABRN
[05:45:18] [310/455] GTSG
[05:45:19] [311/455] GBTG
[05:45:20] [312/455] SBGS
[05:45:20] 🔄 Identity reset
[05:45:20] 🔄 Identity rotated (every 10 requests)
[05:45:21] [313/455] KBPM
[05:45:22] [314/455] SMHT
[05:45:22] [315/455] VTDM
[05:45:23] [316/455] ASCT
[05:45:24] [317/455] AWCT
[05:45:25] [318/455] DCCU
[05:45:26] [319/455] PSCE
[05:45:27] [320/455] KSNY
[05:45:28] [321/455] ACID
[05:45:28] [322/455] LVCD
[05:45:29] 🔄 Identity reset
[05:45:29] 🔄 Identity rotated (every 10 requests)
[05:45:29] [323/455] KSSB
[05:45:30] [324/455] SWTD
[05:45:31] [325/455] RBMR
[05:45:32] [326/455] SCBC
[05:45:33] [327/455] RKME
[05:45:33] [328/455] GALX
[05:45:34] [329/455] GCCH
[05:45:35] [330/455] RATR
[05:45:36] [331/455] GTGA
[05:45:37] [332/455] LTTR
[05:45:37] 🔄 Identity reset
[05:45:37] 🔄 Identity rotated (every 10 requests)
[05:45:37] 🔄 Retry 1/5 for LTTR in 2.3s
[05:45:37] 🔄 Identity reset
[05:45:40] 🧠 New identity created
[05:45:40] [333/455] TTAA
[05:45:41] [334/455] TVHP
[05:45:42] [335/455] KVCS
[05:45:43] [336/455] CBMC
[05:45:44] [337/455] MAYJ
[05:45:45] [338/455] INPR
[05:45:45] [339/455] RSSC
[05:45:46] [340/455] PCAN
[05:45:47] [341/455] PVHR
[05:45:48] 🔄 Identity reset
[05:45:48] 🔄 Identity rotated (every 10 requests)
[05:45:48] [342/455] AGSM
[05:45:49] [343/455] PVES
[05:45:49] [344/455] INTO
[05:45:50] [345/455] ACON
[05:45:51] [346/455] PVPZ
[05:45:52] [347/455] PVHC
[05:45:53] [348/455] KSTK
[05:45:54] [349/455] PVSR
[05:45:54] [350/455] ACTN
[05:45:55] [351/455] FMCN
[05:45:56] 🔄 Identity reset
[05:45:56] 🔄 Identity rotated (every 10 requests)
[05:45:56] [352/455] PABC
[05:45:57] [353/455] SUTC
[05:45:58] [354/455] PGMV
[05:45:59] [355/455] GKCP
[05:46:00] [356/455] INCH
[05:46:00] [357/455] MLMT
[05:46:01] [358/455] SSCC
[05:46:02] [359/455] SLMP
[05:46:03] [360/455] VVTN
[05:46:04] [361/455] SBTR
[05:46:04] 🔄 Identity reset
[05:46:04] 🔄 Identity rotated (every 10 requests)
[05:46:04] 🔄 Retry 1/5 for SBTR in 2.6s
[05:46:04] 🔄 Identity reset
[05:46:07] 🧠 New identity created
[05:46:07] [362/455] PGRA
[05:46:09] [363/455] PBRM
[05:46:10] [364/455] GCRP
[05:46:11] [365/455] MCSK
[05:46:12] [366/455] NLTC
[05:46:13] [367/455] MTLM
[05:46:14] [368/455] VECT
[05:46:15] [369/455] KMRM
[05:46:16] [370/455] RACM
[05:46:16] 🔄 Identity reset
[05:46:16] 🔄 Identity rotated (every 10 requests)
[05:46:17] [371/455] WSTC
[05:46:18] [372/455] PVTJ
[05:46:19] [373/455] MMKC
[05:46:19] [374/455] SVWT
[05:46:20] [375/455] JOTG
[05:46:21] [376/455] VCDK
[05:46:22] [377/455] ANAC
[05:46:23] [378/455] GRTC
[05:46:24] [379/455] JTPL
[05:46:24] [380/455] VRCP
[05:46:25] 🔄 Identity reset
[05:46:25] 🔄 Identity rotated (every 10 requests)
[05:46:25] 🔄 Retry 1/5 for VRCP in 2.6s
[05:46:25] 🔄 Identity reset
[05:46:28] 🧠 New identity created
[05:46:28] [381/455] REMC
[05:46:29] [382/455] ATMG
[05:46:30] [383/455] GAHC
[05:46:31] [384/455] JTMV
[05:46:32] [385/455] OMTT
[05:46:33] [386/455] GKKC
[05:46:33] [387/455] BBPO
[05:46:34] [388/455] ZCBB
[05:46:35] [389/455] DCGO
[05:46:36] 🔄 Identity reset
[05:46:36] 🔄 Identity rotated (every 10 requests)
[05:46:36] [390/455] STOP
[05:46:37] [391/455] BSPC
[05:46:38] [392/455] SOND
[05:46:39] [393/455] GCKG
[05:46:39] [394/455] PCDB
[05:46:40] [395/455] PGRC
[05:46:41] [396/455] CSCT
[05:46:42] [397/455] STDA
[05:46:43] [398/455] JAYD
[05:46:44] [399/455] PPPD
[05:46:44] 🔄 Identity reset
[05:46:44] 🔄 Identity rotated (every 10 requests)
[05:46:44] 🔄 Retry 1/5 for PPPD in 2.1s
[05:46:44] 🔄 Identity reset
[05:46:47] 🧠 New identity created
[05:46:47] [400/455] KRTT
[05:46:48] [401/455] PTDT
[05:46:49] [402/455] TRSV
[05:46:49] [403/455] VELR
[05:46:51] [404/455] STDT
[05:46:52] [405/455] SATT
[05:46:53] [406/455] KCPM
[05:46:53] [407/455] MFCP
[05:46:54] [408/455] AXMP
[05:46:55] 🔄 Identity reset
[05:46:55] 🔄 Identity rotated (every 10 requests)
[05:46:55] [409/455] LTVB
[05:46:56] [410/455] APST
[05:46:57] [411/455] DTVP
[05:46:58] [412/455] AAVB
[05:46:59] [413/455] PMBL
[05:47:00] [414/455] STKC
[05:47:01] [415/455] KKMA
[05:47:02] [416/455] NMXS
[05:47:03] [417/455] DECX
[05:47:04] [418/455] MAPJ
[05:47:04] 🔄 Identity reset
[05:47:04] 🔄 Identity rotated (every 10 requests)
[05:47:05] [419/455] SMLK
[05:47:06] [420/455] PMPU
[05:47:07] [421/455] AFST
[05:47:08] [422/455] SRSY
[05:47:09] [423/455] RMKT
[05:47:09] [424/455] RAJX
[05:47:10] [425/455] UVCD
[05:47:11] [426/455] LISA
[05:47:12] [427/455] LMSR
[05:47:13] [428/455] PMCA
[05:47:13] 🔄 Identity reset
[05:47:13] 🔄 Identity rotated (every 10 requests)
[05:47:13] 🔄 Retry 1/5 for PMCA in 2.6s
[05:47:13] 🔄 Identity reset
[05:47:16] 🧠 New identity created
[05:47:16] [429/455] INPO
[05:47:17] [430/455] INGO
[05:47:18] [431/455] HFSQ
[05:47:19] [432/455] INMG
[05:47:19] [433/455] NYCP
[05:47:20] [434/455] HFSV
[05:47:21] [435/455] MMZP
[05:47:22] [436/455] KSES
[05:47:23] [437/455] HFSA
[05:47:23] 🔄 Identity reset
[05:47:23] 🔄 Identity rotated (every 10 requests)
[05:47:24] [438/455] ACMM
[05:47:25] [439/455] RCKD
[05:47:26] [440/455] BCKR
[05:47:26] [441/455] SFCO
[05:47:27] [442/455] JCCB
[05:47:28] [443/455] BCCR
[05:47:29] [444/455] NWCB
[05:47:30] [445/455] SAMT
[05:47:30] [446/455] TMST
[05:47:31] [447/455] SJCN
[05:47:32] 🔄 Identity reset
[05:47:32] 🔄 Identity rotated (every 10 requests)
[05:47:32] [448/455] MCBS
[05:47:33] [449/455] CMKR
[05:47:34] [450/455] INPM
[05:47:35] [451/455] WVMT
[05:47:35] [452/455] NYSM
[05:47:36] [453/455] RCMA
[05:47:37] [454/455] RECM
[05:47:38] [455/455] CYCM
[05:47:39] 🧹 Deduping shows
[05:47:39] ✅ DONE | Shows=4814 | Movies=85
[14:45:17] 🚀 SCRIPT STARTED (enhanced anti‑detection)
[14:45:17] [1/455] MXGN
[14:45:18] 🧠 New identity created
[14:45:18] [2/455] PGGM
[14:45:19] [3/455] IPMJ
[14:45:20] [4/455] M2PP
[14:45:21] [5/455] PMMS
[14:45:22] [6/455] SCJN
[14:45:23] [7/455] CPUM
[14:45:24] [8/455] SCND
[14:45:25] [9/455] INWM
[14:45:26] [10/455] DVDC
[14:45:27] 🔄 Identity reset
[14:45:27] 🔄 Identity rotated (every 10 requests)
[14:45:27] [11/455] WVND
[14:45:28] [12/455] LBDL
[14:45:29] [13/455] CRGM
[14:45:30] [14/455] PVKS
[14:45:31] [15/455] PBLL
[14:45:32] [16/455] FNLN
[14:45:33] [17/455] PPDA
[14:45:34] [18/455] SCPT
[14:45:35] [19/455] IAJS
[14:45:36] [20/455] MMZG
[14:45:37] 🔄 Identity reset
[14:45:37] 🔄 Identity rotated (every 10 requests)
[14:45:37] [21/455] MCTI
[14:45:38] [22/455] PPMF
[14:45:39] [23/455] FNSD
[14:45:40] [24/455] M2RH
[14:45:41] [25/455] CPGV
[14:45:43] [26/455] PECD
[14:45:44] [27/455] CTEE
[14:45:45] [28/455] IOMG
[14:45:46] [29/455] CIJA
[14:45:47] [30/455] NYCG
[14:45:48] 🔄 Identity reset
[14:45:48] 🔄 Identity rotated (every 10 requests)
[14:45:49] [31/455] CEST
[14:45:50] [32/455] WVRG
[14:45:51] [33/455] DPDC
[14:45:52] [34/455] PDIV
[14:45:52] [35/455] MTPP
[14:45:53] [36/455] MHNU
[14:45:54] [37/455] WUPG
[14:45:55] [38/455] USCO
[14:45:56] [39/455] INFR
[14:45:57] [40/455] PVPD
[14:45:58] 🔄 Identity reset
[14:45:58] 🔄 Identity rotated (every 10 requests)
[14:45:58] [41/455] RONC
[14:45:59] [42/455] IOCP
[14:46:00] [43/455] EMPS
[14:46:01] [44/455] PNAD
[14:46:02] [45/455] VVGZ
[14:46:04] [46/455] MDDC
[14:46:04] [47/455] MMAP
[14:46:05] [48/455] GPDC
[14:46:06] [49/455] PVPU
[14:46:07] [50/455] DCMV
[14:46:08] 🔄 Identity reset
[14:46:08] 🔄 Identity rotated (every 10 requests)
[14:46:08] [51/455] PCCF
[14:46:09] [52/455] MCEF
[14:46:10] [53/455] INRD
[14:46:11] [54/455] CCPZ
[14:46:11] [55/455] BCWG
[14:46:12] [56/455] PMGU
[14:46:13] [57/455] MCVM
[14:46:14] [58/455] MCDE
[14:46:15] [59/455] IEFM
[14:46:16] [60/455] MXCS
[14:46:17] 🔄 Identity reset
[14:46:17] 🔄 Identity rotated (every 10 requests)
[14:46:17] [61/455] RNMT
[14:46:19] [62/455] PSDD
[14:46:19] [63/455] PETA
[14:46:20] [64/455] IZOP
[14:46:21] [65/455] PDEI
[14:46:22] [66/455] MTND
[14:46:23] [67/455] PCPL
[14:46:24] [68/455] LSCM
[14:46:25] [69/455] BTFD
[14:46:27] [70/455] MERM
[14:46:28] 🔄 Identity reset
[14:46:28] 🔄 Identity rotated (every 10 requests)
[14:46:28] [71/455] PVMS
[14:46:29] [72/455] CIGK
[14:46:30] [73/455] INSG
[14:46:31] [74/455] IDEN
[14:46:32] [75/455] MCGN
[14:46:32] [76/455] IGAM
[14:46:34] [77/455] SLCU
[14:46:34] [78/455] MIMU
[14:46:35] [79/455] QLAC
[14:46:36] [80/455] MENL
[14:46:37] 🔄 Identity reset
[14:46:37] 🔄 Identity rotated (every 10 requests)
[14:46:37] 🔄 Retry 1/5 for MENL in 2.0s
[14:46:37] 🔄 Identity reset
[14:46:39] 🧠 New identity created
[14:46:40] [81/455] SCUR
[14:46:41] [82/455] MDGD
[14:46:41] [83/455] LSRS
[14:46:42] [84/455] KMLG
[14:46:43] [85/455] MKLJ
[14:46:44] [86/455] IBYG
[14:46:45] [87/455] ISML
[14:46:46] [88/455] MJMM
[14:46:47] [89/455] RCGD
[14:46:47] 🔄 Identity reset
[14:46:47] 🔄 Identity rotated (every 10 requests)
[14:46:48] [90/455] MMOC
[14:46:49] [91/455] RRCO
[14:46:49] [92/455] MEDM
[14:46:50] [93/455] MCAZ
[14:46:51] [94/455] STWA
[14:46:53] [95/455] PFFG
[14:46:54] [96/455] GAGC
[14:46:56] [97/455] PMPM
[14:46:57] [98/455] HVCD
[14:46:58] [99/455] AKRF
[14:46:59] 🔄 Identity reset
[14:46:59] 🔄 Identity rotated (every 10 requests)
[14:46:59] [100/455] AKRC
[14:47:00] [101/455] MIDA
[14:47:01] [102/455] MAGX
[14:47:02] [103/455] ESOS
[14:47:03] [104/455] BBCL
[14:47:04] [105/455] LYAS
[14:47:05] [106/455] NRMS
[14:47:06] [107/455] BHUC
[14:47:07] [108/455] SRIC
[14:47:08] [109/455] PDME
[14:47:09] 🔄 Identity reset
[14:47:09] 🔄 Identity rotated (every 10 requests)
[14:47:09] [110/455] MJCS
[14:47:10] [111/455] NRAA
[14:47:11] [112/455] VATA
[14:47:12] [113/455] MNKC
[14:47:12] [114/455] DHCL
[14:47:13] [115/455] JCPC
[14:47:14] [116/455] CTML
[14:47:16] [117/455] RMMR
[14:47:17] [118/455] STTL
[14:47:18] [119/455] CNPS
[14:47:18] 🔄 Identity reset
[14:47:18] 🔄 Identity rotated (every 10 requests)
[14:47:19] [120/455] ACKL
[14:47:20] [121/455] SCAU
[14:47:21] [122/455] RMIA
[14:47:22] [123/455] MANU
[14:47:23] [124/455] ARDC
[14:47:24] [125/455] GLDA
[14:47:25] [126/455] KVSW
[14:47:26] [127/455] CGCA
[14:47:27] [128/455] CMLO
[14:47:28] [129/455] CECB
[14:47:28] 🔄 Identity reset
[14:47:28] 🔄 Identity rotated (every 10 requests)
[14:47:29] [130/455] RCPN
[14:47:30] [131/455] ASMW
[14:47:31] [132/455] PWLM
[14:47:32] [133/455] ASGM
[14:47:33] [134/455] ACWH
[14:47:34] [135/455] AAPW
[14:47:35] [136/455] RTWA
[14:47:36] [137/455] RAMW
[14:47:36] [138/455] VKTR
[14:47:38] [139/455] SMBH
[14:47:39] 🔄 Identity reset
[14:47:39] 🔄 Identity rotated (every 10 requests)
[14:47:39] [140/455] BVDR
[14:47:40] [141/455] MRTP
[14:47:42] [142/455] BLBR
[14:47:42] [143/455] LPIN
[14:47:44] [144/455] SNPC
[14:47:45] [145/455] PDCB
[14:47:46] [146/455] DYPK
[14:47:47] [147/455] INMK
[14:47:47] [148/455] PDCK
[14:47:48] [149/455] PCKR
[14:47:49] 🔄 Identity reset
[14:47:49] 🔄 Identity rotated (every 10 requests)
[14:47:49] 🔄 Retry 1/5 for PCKR in 2.9s
[14:47:49] 🔄 Identity reset
[14:47:52] 🧠 New identity created
[14:47:52] [150/455] SHUA
[14:47:53] [151/455] SCVK
[14:47:54] [152/455] STPA
[14:47:55] [153/455] WVHD
[14:47:56] [154/455] MRCH
[14:47:56] [155/455] MCNP
[14:47:57] [156/455] RCAG
[14:47:58] [157/455] JTSN
[14:47:59] [158/455] AANS
[14:48:00] 🔄 Identity reset
[14:48:00] 🔄 Identity rotated (every 10 requests)
[14:48:00] [159/455] GDDR
[14:48:02] [160/455] SRER
[14:48:03] [161/455] JKMA
[14:48:04] [162/455] ARAN
[14:48:04] [163/455] ALCT
[14:48:05] [164/455] CCTA
[14:48:06] [165/455] CNCT
[14:48:07] [166/455] NZBL
[14:48:08] [167/455] SRRA
[14:48:10] [168/455] SVPW
[14:48:11] 🔄 Identity reset
[14:48:11] 🔄 Identity rotated (every 10 requests)
[14:48:12] [169/455] SRTW
[14:48:13] [170/455] XMTD
[14:48:14] [171/455] SCCZ
[14:48:16] [172/455] PBCR
[14:48:16] [173/455] RTSC
[14:48:17] [174/455] TLSV
[14:48:18] [175/455] RMTK
[14:48:19] [176/455] SRAT
[14:48:20] [177/455] GCYC
[14:48:21] [178/455] HCAJ
[14:48:21] 🔄 Identity reset
[14:48:21] 🔄 Identity rotated (every 10 requests)
[14:48:22] [179/455] LCXA
[14:48:23] [180/455] BINT
[14:48:24] [181/455] IXIM
[14:48:25] [182/455] MBCR
[14:48:26] [183/455] BMCJ
[14:48:27] [184/455] NICJ
[14:48:29] [185/455] SCAJ
[14:48:30] [186/455] CMXS
[14:48:31] [187/455] MMSR
[14:48:32] [188/455] PRKT
[14:48:32] 🔄 Identity reset
[14:48:32] 🔄 Identity rotated (every 10 requests)
[14:48:33] [189/455] LPTH
[14:48:35] [190/455] SARP
[14:48:35] [191/455] MNPP
[14:48:36] [192/455] PRLR
[14:48:37] [193/455] RCMW
[14:48:39] [194/455] FCMG
[14:48:41] [195/455] RTNK
[14:48:41] [196/455] LRCP
[14:48:42] [197/455] DBJR
[14:48:43] [198/455] CACN
[14:48:44] 🔄 Identity reset
[14:48:44] 🔄 Identity rotated (every 10 requests)
[14:48:45] [199/455] AMRL
[14:48:46] [200/455] SBBC
[14:48:46] [201/455] VENN
[14:48:47] [202/455] STSS
[14:48:48] [203/455] SMRB
[14:48:49] [204/455] CCMX
[14:48:50] [205/455] KCMR
[14:48:51] [206/455] SALH
[14:48:52] [207/455] CGTT
[14:48:53] [208/455] PMDR
[14:48:53] 🔄 Identity reset
[14:48:53] 🔄 Identity rotated (every 10 requests)
[14:48:54] [209/455] VCPM
[14:48:54] [210/455] RZMX
[14:48:55] [211/455] TMSY
[14:48:56] [212/455] NTMS
[14:48:58] [213/455] VTAG
[14:49:00] [214/455] REMA
[14:49:00] [215/455] NXCC
[14:49:01] [216/455] SKYM
[14:49:02] [217/455] CCMO
[14:49:03] [218/455] DMXM
[14:49:04] 🔄 Identity reset
[14:49:04] 🔄 Identity rotated (every 10 requests)
[14:49:04] [219/455] SPPM
[14:49:05] [220/455] PTKL
[14:49:06] [221/455] SLVO
[14:49:07] [222/455] VASL
[14:49:08] [223/455] CBCM
[14:49:09] [224/455] STMA
[14:49:10] [225/455] LASK
[14:49:11] [226/455] VITE
[14:49:11] [227/455] AAST
[14:49:13] [228/455] JTPT
[14:49:13] 🔄 Identity reset
[14:49:13] 🔄 Identity rotated (every 10 requests)
[14:49:13] [229/455] RRSH
[14:49:14] [230/455] CINL
[14:49:15] [231/455] MCSR
[14:49:16] [232/455] SBCF
[14:49:17] [233/455] GCDU
[14:49:18] [234/455] PSPR
[14:49:19] [235/455] IMMO
[14:49:20] [236/455] CLGM
[14:49:21] [237/455] PBMM
[14:49:22] [238/455] CEHR
[14:49:23] 🔄 Identity reset
[14:49:23] 🔄 Identity rotated (every 10 requests)
[14:49:23] 🔄 Retry 1/5 for CEHR in 2.7s
[14:49:23] 🔄 Identity reset
[14:49:25] 🧠 New identity created
[14:49:26] [239/455] CPOE
[14:49:27] [240/455] PGFD
[14:49:28] [241/455] PSLC
[14:49:28] [242/455] MSMD
[14:49:29] [243/455] FMFB
[14:49:30] [244/455] RKCL
[14:49:31] [245/455] PMMC
[14:49:32] [246/455] SKMM
[14:49:33] [247/455] VOIB
[14:49:34] 🔄 Identity reset
[14:49:34] 🔄 Identity rotated (every 10 requests)
[14:49:34] [248/455] KINO
[14:49:35] [249/455] VCTP
[14:49:36] [250/455] PDWR
[14:49:37] [251/455] SAED
[14:49:38] [252/455] SRRT
[14:49:39] [253/455] CVLG
[14:49:40] [254/455] SNGN
[14:49:40] [255/455] SIDA
[14:49:41] [256/455] IMCB
[14:49:42] [257/455] SMHP
[14:49:43] 🔄 Identity reset
[14:49:43] 🔄 Identity rotated (every 10 requests)
[14:49:43] 🔄 Retry 1/5 for SMHP in 2.5s
[14:49:43] 🔄 Identity reset
[14:49:45] 🧠 New identity created
[14:49:46] [258/455] GDTY
[14:49:46] [259/455] VYCH
[14:49:47] [260/455] PDYA
[14:49:49] [261/455] RKDO
[14:49:50] [262/455] VECG
[14:49:51] [263/455] NFGD
[14:49:52] [264/455] SNDC
[14:49:53] [265/455] SDJH
[14:49:53] [266/455] HASV
[14:49:54] 🔄 Identity reset
[14:49:54] 🔄 Identity rotated (every 10 requests)
[14:49:54] [267/455] PTYK
[14:49:55] [268/455] MUTB
[14:49:56] [269/455] AMRT
[14:49:57] [270/455] VACD
[14:49:58] [271/455] SKDD
[14:49:59] [272/455] STGR
[14:50:00] [273/455] GDAK
[14:50:01] [274/455] SKHK
[14:50:02] [275/455] SLND
[14:50:02] [276/455] APAP
[14:50:03] 🔄 Identity reset
[14:50:03] 🔄 Identity rotated (every 10 requests)
[14:50:03] [277/455] AYYA
[14:50:04] [278/455] VCCZ
[14:50:06] [279/455] MEML
[14:50:07] [280/455] MAOU
[14:50:08] [281/455] ESND
[14:50:08] [282/455] PTBZ
[14:50:09] [283/455] LBCN
[14:50:11] [284/455] PAWA
[14:50:12] [285/455] ZEIC
[14:50:12] [286/455] CGMM
[14:50:13] 🔄 Identity reset
[14:50:13] 🔄 Identity rotated (every 10 requests)
[14:50:13] [287/455] PJPM
[14:50:14] [288/455] ECMR
[14:50:15] [289/455] SHMZ
[14:50:16] [290/455] STCA
[14:50:18] [291/455] VDRC
[14:50:18] [292/455] SEEM
[14:50:19] [293/455] MKNS
[14:50:21] [294/455] KPPP
[14:50:22] [295/455] CCML
[14:50:23] [296/455] CIBA
[14:50:23] 🔄 Identity reset
[14:50:23] 🔄 Identity rotated (every 10 requests)
[14:50:24] [297/455] NACS
[14:50:24] [298/455] CTMK
[14:50:25] [299/455] CTCT
[14:50:26] [300/455] MCSN
[14:50:27] [301/455] MAXX
[14:50:28] [302/455] MECB
[14:50:29] [303/455] NTBY
[14:50:30] [304/455] UTBI
[14:50:31] [305/455] RADK
[14:50:32] [306/455] STBY
[14:50:32] 🔄 Identity reset
[14:50:32] 🔄 Identity rotated (every 10 requests)
[14:50:33] [307/455] GTBY
[14:50:33] [308/455] RRMB
[14:50:34] [309/455] ABRN
[14:50:35] [310/455] GTSG
[14:50:36] [311/455] GBTG
[14:50:38] [312/455] SBGS
[14:50:39] [313/455] KBPM
[14:50:40] [314/455] SMHT
[14:50:41] [315/455] VTDM
[14:50:42] [316/455] ASCT
[14:50:43] 🔄 Identity reset
[14:50:43] 🔄 Identity rotated (every 10 requests)
[14:50:43] [317/455] AWCT
[14:50:44] [318/455] DCCU
[14:50:45] [319/455] PSCE
[14:50:46] [320/455] KSNY
[14:50:47] [321/455] ACID
[14:50:47] [322/455] LVCD
[14:50:48] [323/455] KSSB
[14:50:49] [324/455] SWTD
[14:50:50] [325/455] RBMR
[14:50:51] [326/455] SCBC
[14:50:52] 🔄 Identity reset
[14:50:52] 🔄 Identity rotated (every 10 requests)
[14:50:52] [327/455] RKME
[14:50:53] [328/455] GALX
[14:50:54] [329/455] GCCH
[14:50:55] [330/455] RATR
[14:50:56] [331/455] GTGA
[14:50:57] [332/455] LTTR
[14:50:57] [333/455] TTAA
[14:50:58] [334/455] TVHP
[14:50:59] [335/455] KVCS
[14:51:00] [336/455] CBMC
[14:51:01] 🔄 Identity reset
[14:51:01] 🔄 Identity rotated (every 10 requests)
[14:51:01] [337/455] MAYJ
[14:51:02] [338/455] INPR
[14:51:04] [339/455] RSSC
[14:51:05] [340/455] PCAN
[14:51:06] [341/455] PVHR
[14:51:06] [342/455] AGSM
[14:51:07] [343/455] PVES
[14:51:08] [344/455] INTO
[14:51:09] [345/455] ACON
[14:51:11] [346/455] PVPZ
[14:51:12] 🔄 Identity reset
[14:51:12] 🔄 Identity rotated (every 10 requests)
[14:51:12] 🔄 Retry 1/5 for PVPZ in 2.9s
[14:51:12] 🔄 Identity reset
[14:51:15] 🧠 New identity created
[14:51:15] [347/455] PVHC
[14:51:16] [348/455] KSTK
[14:51:17] [349/455] PVSR
[14:51:18] [350/455] ACTN
[14:51:19] [351/455] FMCN
[14:51:20] [352/455] PABC
[14:51:21] [353/455] SUTC
[14:51:22] [354/455] PGMV
[14:51:24] [355/455] GKCP
[14:51:24] 🔄 Identity reset
[14:51:24] 🔄 Identity rotated (every 10 requests)
[14:51:25] [356/455] INCH
[14:51:26] [357/455] MLMT
[14:51:27] [358/455] SSCC
[14:51:28] [359/455] SLMP
[14:51:29] [360/455] VVTN
[14:51:29] [361/455] SBTR
[14:51:30] [362/455] PGRA
[14:51:31] [363/455] PBRM
[14:51:32] [364/455] GCRP
[14:51:34] [365/455] MCSK
[14:51:35] 🔄 Identity reset
[14:51:35] 🔄 Identity rotated (every 10 requests)
[14:51:36] [366/455] NLTC
[14:51:37] [367/455] MTLM
[14:51:38] [368/455] VECT
[14:51:39] [369/455] KMRM
[14:51:40] [370/455] RACM
[14:51:41] [371/455] WSTC
[14:51:42] [372/455] PVTJ
[14:51:43] [373/455] MMKC
[14:51:44] [374/455] SVWT
[14:51:45] [375/455] JOTG
[14:51:45] 🔄 Identity reset
[14:51:45] 🔄 Identity rotated (every 10 requests)
[14:51:46] [376/455] VCDK
[14:51:47] [377/455] ANAC
[14:51:47] [378/455] GRTC
[14:51:48] [379/455] JTPL
[14:51:49] [380/455] VRCP
[14:51:50] [381/455] REMC
[14:51:51] [382/455] ATMG
[14:51:52] [383/455] GAHC
[14:51:53] [384/455] JTMV
[14:51:54] [385/455] OMTT
[14:51:55] 🔄 Identity reset
[14:51:55] 🔄 Identity rotated (every 10 requests)
[14:51:55] [386/455] GKKC
[14:51:56] [387/455] BBPO
[14:51:57] [388/455] ZCBB
[14:51:58] [389/455] DCGO
[14:51:59] [390/455] STOP
[14:52:00] [391/455] BSPC
[14:52:02] [392/455] SOND
[14:52:03] [393/455] GCKG
[14:52:04] [394/455] PCDB
[14:52:05] [395/455] PGRC
[14:52:05] 🔄 Identity reset
[14:52:05] 🔄 Identity rotated (every 10 requests)
[14:52:06] [396/455] CSCT
[14:52:07] [397/455] STDA
[14:52:08] [398/455] JAYD
[14:52:09] [399/455] PPPD
[14:52:10] [400/455] KRTT
[14:52:10] [401/455] PTDT
[14:52:12] [402/455] TRSV
[14:52:13] [403/455] VELR
[14:52:14] [404/455] STDT
[14:52:14] [405/455] SATT
[14:52:15] 🔄 Identity reset
[14:52:15] 🔄 Identity rotated (every 10 requests)
[14:52:15] [406/455] KCPM
[14:52:16] [407/455] MFCP
[14:52:17] [408/455] AXMP
[14:52:18] [409/455] LTVB
[14:52:19] [410/455] APST
[14:52:20] [411/455] DTVP
[14:52:21] [412/455] AAVB
[14:52:22] [413/455] PMBL
[14:52:23] [414/455] STKC
[14:52:24] [415/455] KKMA
[14:52:25] 🔄 Identity reset
[14:52:25] 🔄 Identity rotated (every 10 requests)
[14:52:25] [416/455] NMXS
[14:52:26] [417/455] DECX
[14:52:27] [418/455] MAPJ
[14:52:28] [419/455] SMLK
[14:52:29] [420/455] PMPU
[14:52:30] [421/455] AFST
[14:52:31] [422/455] SRSY
[14:52:32] [423/455] RMKT
[14:52:33] [424/455] RAJX
[14:52:33] [425/455] UVCD
[14:52:34] 🔄 Identity reset
[14:52:34] 🔄 Identity rotated (every 10 requests)
[14:52:34] [426/455] LISA
[14:52:35] [427/455] LMSR
[14:52:36] [428/455] PMCA
[14:52:37] [429/455] INPO
[14:52:38] [430/455] INGO
[14:52:39] [431/455] HFSQ
[14:52:40] [432/455] INMG
[14:52:41] [433/455] NYCP
[14:52:42] [434/455] HFSV
[14:52:43] [435/455] MMZP
[14:52:44] 🔄 Identity reset
[14:52:44] 🔄 Identity rotated (every 10 requests)
[14:52:44] [436/455] KSES
[14:52:45] [437/455] HFSA
[14:52:45] [438/455] ACMM
[14:52:46] [439/455] RCKD
[14:52:48] [440/455] BCKR
[14:52:49] [441/455] SFCO
[14:52:50] [442/455] JCCB
[14:52:51] [443/455] BCCR
[14:52:52] [444/455] NWCB
[14:52:53] [445/455] SAMT
[14:52:53] 🔄 Identity reset
[14:52:53] 🔄 Identity rotated (every 10 requests)
[14:52:54] [446/455] TMST
[14:52:55] [447/455] SJCN
[14:52:56] [448/455] MCBS
[14:52:57] [449/455] CMKR
[14:52:58] [450/455] INPM
[14:52:58] [451/455] WVMT
[14:52:59] [452/455] NYSM
[14:53:00] [453/455] RCMA
[14:53:01] [454/455] RECM
[14:53:02] [455/455] CYCM
[14:53:02] 🔄 Identity reset
[14:53:02] 🔄 Identity rotated (every 10 requests)
[14:53:03] 🧹 Deduping shows
[14:53:03] ✅ DONE | Shows=4869 | Movies=86
