[03:36:22] 🚀 SCRIPT STARTED (enhanced anti‑detection)
[03:36:22] [1/459] MCCZ
[03:36:23] 🧠 New identity created
[03:36:23] [2/459] FRPU
[03:36:24] [3/459] SKSI
[03:36:25] [4/459] SSCK
[03:36:25] [5/459] SRDC
[03:36:26] [6/459] RSCZ
[03:36:27] [7/459] PRVT
[03:36:28] [8/459] GAGJ
[03:36:28] [9/459] SMHG
[03:36:29] [10/459] JTST
[03:36:30] 🔄 Identity reset
[03:36:30] 🔄 Identity rotated (every 10 requests)
[03:36:30] 🔄 Retry 1/5 for JTST in 2.2s
[03:36:30] 🔄 Identity reset
[03:36:32] 🧠 New identity created
[03:36:32] [11/459] MYTH
[03:36:33] [12/459] JPCC
[03:36:33] [13/459] ACDC
[03:36:34] [14/459] SVFP
[03:36:35] [15/459] SFCM
[03:36:36] [16/459] RUPK
[03:36:37] [17/459] NTCR
[03:36:37] [18/459] RTCH
[03:36:38] [19/459] SCMH
[03:36:39] 🔄 Identity reset
[03:36:39] 🔄 Identity rotated (every 10 requests)
[03:36:39] 🔄 Retry 1/5 for SCMH in 2.7s
[03:36:39] 🔄 Identity reset
[03:36:41] 🧠 New identity created
[03:36:42] 🔄 Retry 2/5 for SCMH in 4.5s
[03:36:42] 🔄 Identity reset
[03:36:46] 🧠 New identity created
[03:36:46] 🔄 Retry 3/5 for SCMH in 8.3s
[03:36:46] 🔄 Identity reset
[03:36:54] 🧠 New identity created
[03:36:54] [20/459] SVYM
[03:36:55] [21/459] SPYM
[03:36:56] [22/459] SMMF
[03:36:57] [23/459] CLLB
[03:36:58] [24/459] FMCB
[03:36:58] [25/459] BBTC
[03:36:59] [26/459] NTHS
[03:37:00] 🔄 Identity reset
[03:37:00] 🔄 Identity rotated (every 10 requests)
[03:37:00] [27/459] PKKJ
[03:37:01] [28/459] MTJA
[03:37:01] [29/459] PMSJ
[03:37:02] [30/459] JMJU
[03:37:02] [31/459] SRAD
[03:37:03] [32/459] MJMC
[03:37:04] [33/459] DFRM
[03:37:05] [34/459] PMRS
[03:37:05] [35/459] RKPP
[03:37:06] [36/459] BMBK
[03:37:07] 🔄 Identity reset
[03:37:07] 🔄 Identity rotated (every 10 requests)
[03:37:07] [37/459] NEWS
[03:37:08] [38/459] SALB
[03:37:09] [39/459] SCPW
[03:37:09] [40/459] RAYL
[03:37:10] [41/459] CMGJ
[03:37:10] [42/459] JRCR
[03:37:11] [43/459] SRTB
[03:37:12] [44/459] ETPB
[03:37:13] [45/459] MXBN
[03:37:13] [46/459] TOPE
[03:37:14] 🔄 Identity reset
[03:37:14] 🔄 Identity rotated (every 10 requests)
[03:37:14] [47/459] SNLJ
[03:37:15] [48/459] CDDP
[03:37:16] [49/459] APCX
[03:37:17] [50/459] TALP
[03:37:18] [51/459] RRMP
[03:37:19] [52/459] MAHB
[03:37:20] [53/459] MTKR
[03:37:20] [54/459] KSKL
[03:37:21] [55/459] RJLT
[03:37:22] [56/459] ATAS
[03:37:23] 🔄 Identity reset
[03:37:23] 🔄 Identity rotated (every 10 requests)
[03:37:24] [57/459] AMHR
[03:37:24] [58/459] RSRM
[03:37:25] [59/459] GCAT
[03:37:26] [60/459] SMML
[03:37:27] [61/459] ACCD
[03:37:28] [62/459] VYDA
[03:37:28] [63/459] MSKT
[03:37:29] [64/459] AVDM
[03:37:29] [65/459] ASMH
[03:37:30] [66/459] VTMB
[03:37:31] 🔄 Identity reset
[03:37:31] 🔄 Identity rotated (every 10 requests)
[03:37:31] [67/459] WVMB
[03:37:31] [68/459] PPMN
[03:37:32] [69/459] MTMD
[03:37:33] [70/459] SMMO
[03:37:33] [71/459] DLPB
[03:37:34] [72/459] AKMD
[03:37:35] [73/459] SHRR
[03:37:36] [74/459] ASCO
[03:37:36] [75/459] CZVX
[03:37:38] [76/459] GCBB
[03:37:39] 🔄 Identity reset
[03:37:39] 🔄 Identity rotated (every 10 requests)
[03:37:39] [77/459] ATBM
[03:37:40] [78/459] TCGM
[03:37:40] [79/459] UMSE
[03:37:41] [80/459] NKCL
[03:37:42] [81/459] BTLR
[03:37:43] [82/459] GOCL
[03:37:44] [83/459] MIRN
[03:37:45] [84/459] THEC
[03:37:45] [85/459] SPPB
[03:37:46] [86/459] PMMM
[03:37:46] 🔄 Identity reset
[03:37:46] 🔄 Identity rotated (every 10 requests)
[03:37:47] [87/459] GGMC
[03:37:48] [88/459] AVSR
[03:37:49] [89/459] RDMH
[03:37:50] [90/459] JSRS
[03:37:50] [91/459] VKGP
[03:37:52] [92/459] ACRT
[03:37:53] [93/459] GCBA
[03:37:54] [94/459] GTCP
[03:37:55] [95/459] AKFC
[03:37:55] [96/459] INCS
[03:37:56] 🔄 Identity reset
[03:37:56] 🔄 Identity rotated (every 10 requests)
[03:37:57] [97/459] SMCK
[03:37:57] [98/459] BRUN
[03:37:58] [99/459] RPPC
[03:37:59] [100/459] PAYD
[03:38:00] [101/459] SVVT
[03:38:01] [102/459] RNCC
[03:38:01] [103/459] PCRC
[03:38:02] [104/459] PMRM
[03:38:03] [105/459] CCRP
[03:38:04] [106/459] INCR
[03:38:04] 🔄 Identity reset
[03:38:04] 🔄 Identity rotated (every 10 requests)
[03:38:04] 🔄 Retry 1/5 for INCR in 2.4s
[03:38:04] 🔄 Identity reset
[03:38:07] 🧠 New identity created
[03:38:07] [107/459] ZTMP
[03:38:08] [108/459] MCNR
[03:38:09] [109/459] INRP
[03:38:09] [110/459] STRC
[03:38:10] [111/459] RATI
[03:38:11] [112/459] PBTR
[03:38:11] [113/459] CMHP
[03:38:12] [114/459] ZECJ
[03:38:13] [115/459] CCCB
[03:38:13] 🔄 Identity reset
[03:38:13] 🔄 Identity rotated (every 10 requests)
[03:38:14] [116/459] BWCB
[03:38:15] [117/459] CCAT
[03:38:15] [118/459] KGCM
[03:38:16] [119/459] INPT
[03:38:17] [120/459] FNCO
[03:38:18] [121/459] SRMJ
[03:38:18] [122/459] PFSC
[03:38:19] [123/459] PBMC
[03:38:20] [124/459] KARP
[03:38:20] [125/459] KOVI
[03:38:21] 🔄 Identity reset
[03:38:21] 🔄 Identity rotated (every 10 requests)
[03:38:21] [126/459] ACXL
[03:38:22] [127/459] GKCC
[03:38:23] [128/459] ASCC
[03:38:24] [129/459] SETC
[03:38:25] [130/459] KACC
[03:38:26] [131/459] KAVE
[03:38:27] [132/459] CNTC
[03:38:28] [133/459] MEEN
[03:38:29] [134/459] BMRV
[03:38:30] [135/459] SVAM
[03:38:30] 🔄 Identity reset
[03:38:30] 🔄 Identity rotated (every 10 requests)
[03:38:30] [136/459] VTBP
[03:38:31] [137/459] VCKN
[03:38:32] [138/459] SGTK
[03:38:33] [139/459] RCGS
[03:38:34] [140/459] RCCB
[03:38:34] [141/459] RKSR
[03:38:35] [142/459] RKCU
[03:38:36] [143/459] GIBH
[03:38:36] [144/459] CXBS
[03:38:37] [145/459] GGCB
[03:38:38] 🔄 Identity reset
[03:38:38] 🔄 Identity rotated (every 10 requests)
[03:38:39] [146/459] SCPB
[03:38:40] [147/459] AKTB
[03:38:41] [148/459] SRBU
[03:38:41] [149/459] CSSA
[03:38:43] [150/459] MYAN
[03:38:44] [151/459] EXCA
[03:38:45] [152/459] CKSA
[03:38:46] [153/459] JTNM
[03:38:47] [154/459] CXKT
[03:38:48] [155/459] NCLM
[03:38:48] 🔄 Identity reset
[03:38:48] 🔄 Identity rotated (every 10 requests)
[03:38:49] 🔄 Retry 1/5 for NCLM in 2.4s
[03:38:49] 🔄 Identity reset
[03:38:51] 🧠 New identity created
[03:38:51] [156/459] JAAD
[03:38:52] [157/459] RDCR
[03:38:53] [158/459] MEER
[03:38:54] [159/459] SIBT
[03:38:54] [160/459] PVVB
[03:38:55] [161/459] FNPN
[03:38:56] [162/459] CRPX
[03:38:56] [163/459] STET
[03:38:57] [164/459] METE
[03:38:58] 🔄 Identity reset
[03:38:58] 🔄 Identity rotated (every 10 requests)
[03:38:59] [165/459] BJML
[03:38:59] [166/459] MAVT
[03:39:00] [167/459] MSRM
[03:39:01] [168/459] TJMP
[03:39:01] [169/459] MHCK
[03:39:02] [170/459] SVGP
[03:39:04] [171/459] KRRC
[03:39:05] [172/459] IMCH
[03:39:06] [173/459] CMCS
[03:39:07] [174/459] SGND
[03:39:08] 🔄 Identity reset
[03:39:08] 🔄 Identity rotated (every 10 requests)
[03:39:08] [175/459] RNAT
[03:39:09] [176/459] PRTN
[03:39:10] [177/459] MPTN
[03:39:11] [178/459] ARCC
[03:39:12] [179/459] NTTE
[03:39:13] [180/459] ABND
[03:39:13] [181/459] KCSN
[03:39:14] [182/459] KCSA
[03:39:15] [183/459] DCKT
[03:39:16] [184/459] MBBR
[03:39:16] 🔄 Identity reset
[03:39:16] 🔄 Identity rotated (every 10 requests)
[03:39:17] [185/459] RAMU
[03:39:18] [186/459] RACW
[03:39:19] [187/459] MCHP
[03:39:19] [188/459] TMHM
[03:39:20] [189/459] STXH
[03:39:21] [190/459] AGSG
[03:39:23] [191/459] SIRA
[03:39:24] [192/459] RCAN
[03:39:24] [193/459] CWTB
[03:39:25] [194/459] VTYM
[03:39:26] 🔄 Identity reset
[03:39:26] 🔄 Identity rotated (every 10 requests)
[03:39:26] [195/459] RRPP
[03:39:27] [196/459] ASMR
[03:39:28] [197/459] RONO
[03:39:29] [198/459] MEMR
[03:39:30] [199/459] CTMR
[03:39:31] [200/459] PMTT
[03:39:32] [201/459] PSLX
[03:39:33] [202/459] IPPL
[03:39:33] [203/459] MMSG
[03:39:34] [204/459] INEL
[03:39:35] 🔄 Identity reset
[03:39:35] 🔄 Identity rotated (every 10 requests)
[03:39:35] [205/459] COAC
[03:39:37] [206/459] WVLK
[03:39:38] [207/459] PPXL
[03:39:39] [208/459] PSML
[03:39:40] [209/459] FNLK
[03:39:41] [210/459] ILUM
[03:39:42] [211/459] ILCM
[03:39:43] [212/459] MSNL
[03:39:43] [213/459] VINB
[03:39:44] [214/459] SALW
[03:39:45] 🔄 Identity reset
[03:39:45] 🔄 Identity rotated (every 10 requests)
[03:39:45] 🔄 Retry 1/5 for SALW in 2.2s
[03:39:45] 🔄 Identity reset
[03:39:47] 🧠 New identity created
[03:39:47] [215/459] PRTB
[03:39:48] [216/459] NCIL
[03:39:49] [217/459] PSUL
[03:39:50] [218/459] SCLK
[03:39:51] [219/459] ADDC
[03:39:52] [220/459] OACL
[03:39:53] [221/459] OOCF
[03:39:53] [222/459] GPMF
[03:39:54] [223/459] SSDG
[03:39:55] 🔄 Identity reset
[03:39:55] 🔄 Identity rotated (every 10 requests)
[03:39:55] 🔄 Retry 1/5 for SSDG in 2.8s
[03:39:55] 🔄 Identity reset
[03:39:58] 🧠 New identity created
[03:39:58] [224/459] SKRS
[03:39:58] [225/459] NTTP
[03:39:59] [226/459] SLTP
[03:40:00] [227/459] JTLC
[03:40:01] [228/459] POON
[03:40:02] [229/459] CCPC
[03:40:03] [230/459] DCKC
[03:40:03] [231/459] CPRT
[03:40:04] [232/459] EYHZ
[03:40:04] 🔄 Identity reset
[03:40:05] 🔄 Identity rotated (every 10 requests)
[03:40:05] [233/459] ARBL
[03:40:06] [234/459] SBTB
[03:40:06] [235/459] MMCK
[03:40:07] [236/459] PLMR
[03:40:08] [237/459] BIJH
[03:40:09] [238/459] SDRT
[03:40:10] [239/459] PRDC
[03:40:11] [240/459] OMJA
[03:40:12] [241/459] VKCR
[03:40:13] [242/459] ATRT
[03:40:13] 🔄 Identity reset
[03:40:13] 🔄 Identity rotated (every 10 requests)
[03:40:14] [243/459] WVRP
[03:40:14] [244/459] MVRP
[03:40:15] [245/459] FCAX
[03:40:16] [246/459] CTLC
[03:40:17] [247/459] JCHB
[03:40:18] [248/459] SELP
[03:40:19] [249/459] VCPG
[03:40:20] [250/459] ASCX
[03:40:20] [251/459] EOCS
[03:40:21] [252/459] RCPH
[03:40:22] 🔄 Identity reset
[03:40:22] 🔄 Identity rotated (every 10 requests)
[03:40:22] [253/459] RJTM
[03:40:23] [254/459] SGMD
[03:40:24] [255/459] SVJT
[03:40:25] [256/459] SPPO
[03:40:26] [257/459] MNRL
[03:40:27] [258/459] KNOX
[03:40:28] [259/459] GIER
[03:40:29] [260/459] PJMS
[03:40:30] [261/459] UNSP
[03:40:30] [262/459] JETP
[03:40:31] 🔄 Identity reset
[03:40:31] 🔄 Identity rotated (every 10 requests)
[03:40:31] 🔄 Retry 1/5 for JETP in 2.8s
[03:40:31] 🔄 Identity reset
[03:40:34] 🧠 New identity created
[03:40:34] [263/459] VTWA
[03:40:35] [264/459] SCJI
[03:40:36] [265/459] CBZZ
[03:40:36] [266/459] SDCJ
[03:40:37] [267/459] RRCC
[03:40:38] [268/459] VNKG
[03:40:39] [269/459] LKTO
[03:40:40] [270/459] PJRM
[03:40:40] [271/459] NVRM
[03:40:41] 🔄 Identity reset
[03:40:41] 🔄 Identity rotated (every 10 requests)
[03:40:41] [272/459] SJCS
[03:40:42] [273/459] VIGK
[03:40:43] [274/459] ANST
[03:40:44] [275/459] JTTS
[03:40:44] [276/459] NTST
[03:40:45] [277/459] PREB
[03:40:46] [278/459] TSCZ
[03:40:47] [279/459] CDCM
[03:40:48] [280/459] ELYE
[03:40:48] [281/459] INBS
[03:40:49] 🔄 Identity reset
[03:40:49] 🔄 Identity rotated (every 10 requests)
[03:40:49] [282/459] SMGC
[03:40:50] [283/459] UTMP
[03:40:51] [284/459] INTA
[03:40:52] [285/459] OMPT
[03:40:52] [286/459] SCIR
[03:40:53] [287/459] GCKJ
[03:40:54] [288/459] INOG
[03:40:55] [289/459] SMGB
[03:40:56] [290/459] MCSG
[03:40:57] [291/459] STKG
[03:40:57] 🔄 Identity reset
[03:40:57] 🔄 Identity rotated (every 10 requests)
[03:40:57] [292/459] TTKG
[03:40:58] [293/459] SRTR
[03:40:59] [294/459] ETTR
[03:41:00] [295/459] GGGZ
[03:41:01] [296/459] IPGM
[03:41:02] [297/459] FCDH
[03:41:02] [298/459] DESB
[03:41:03] [299/459] VNTP
[03:41:04] [300/459] ANNT
[03:41:05] [301/459] SLTI
[03:41:05] 🔄 Identity reset
[03:41:05] 🔄 Identity rotated (every 10 requests)
[03:41:06] [302/459] MAJU
[03:41:07] [303/459] JCXP
[03:41:08] [304/459] HARK
[03:41:09] [305/459] JPCJ
[03:41:11] [306/459] RXBD
[03:41:12] [307/459] PTKJ
[03:41:12] [308/459] CMTU
[03:41:13] [309/459] SWOR
[03:41:14] [310/459] JMEX
[03:41:15] [311/459] DTPT
[03:41:16] 🔄 Identity reset
[03:41:16] 🔄 Identity rotated (every 10 requests)
[03:41:16] [312/459] VGMM
[03:41:17] [313/459] VCSG
[03:41:18] [314/459] CVCG
[03:41:19] [315/459] TNTT
[03:41:21] [316/459] SHRM
[03:41:21] [317/459] CGKD
[03:41:22] [318/459] EKCM
[03:41:23] [319/459] SDCX
[03:41:24] [320/459] SBTE
[03:41:25] [321/459] STKJ
[03:41:25] 🔄 Identity reset
[03:41:25] 🔄 Identity rotated (every 10 requests)
[03:41:26] 🔄 Retry 1/5 for STKJ in 2.0s
[03:41:26] 🔄 Identity reset
[03:41:28] 🧠 New identity created
[03:41:28] [322/459] TPCE
[03:41:29] [323/459] JTNP
[03:41:30] [324/459] LPCH
[03:41:31] [325/459] CPUO
[03:41:32] [326/459] APSU
[03:41:33] [327/459] RTHC
[03:41:33] [328/459] PTBU
[03:41:34] [329/459] CUCC
[03:41:35] [330/459] CPSA
[03:41:36] 🔄 Identity reset
[03:41:36] 🔄 Identity rotated (every 10 requests)
[03:41:36] [331/459] SUAY
[03:41:37] [332/459] AYAA
[03:41:38] [333/459] MUCH
[03:41:39] [334/459] PCIN
[03:41:39] [335/459] JRRM
[03:41:40] [336/459] KATS
[03:41:41] [337/459] MHFF
[03:41:42] [338/459] ESYM
[03:41:42] [339/459] STYV
[03:41:43] [340/459] SDKG
[03:41:44] 🔄 Identity reset
[03:41:44] 🔄 Identity rotated (every 10 requests)
[03:41:45] [341/459] SMTI
[03:41:46] [342/459] NYCS
[03:41:46] [343/459] MTBG
[03:41:47] [344/459] RHCA
[03:41:48] [345/459] PCKH
[03:41:49] [346/459] ARCR
[03:41:49] [347/459] NCMB
[03:41:50] [348/459] SHYC
[03:41:52] [349/459] LACK
[03:41:53] [350/459] MTCM
[03:41:53] 🔄 Identity reset
[03:41:53] 🔄 Identity rotated (every 10 requests)
[03:41:54] [351/459] RRBN
[03:41:55] [352/459] MYDC
[03:41:56] [353/459] STCS
[03:41:56] [354/459] CONN
[03:41:57] [355/459] SIPS
[03:41:58] [356/459] SMMX
[03:41:59] [357/459] SCBY
[03:42:00] [358/459] SUAP
[03:42:00] [359/459] RSMK
[03:42:01] [360/459] STKP
[03:42:02] 🔄 Identity reset
[03:42:02] 🔄 Identity rotated (every 10 requests)
[03:42:03] [361/459] CIPC
[03:42:04] [362/459] KKCI
[03:42:05] [363/459] CTNK
[03:42:06] [364/459] MMTZ
[03:42:06] [365/459] DCCO
[03:42:07] [366/459] VNMN
[03:42:08] [367/459] RLCN
[03:42:08] [368/459] CMMS
[03:42:10] [369/459] AYOU
[03:42:11] [370/459] SSCN
[03:42:12] 🔄 Identity reset
[03:42:12] 🔄 Identity rotated (every 10 requests)
[03:42:12] [371/459] SMXN
[03:42:13] [372/459] ASSK
[03:42:13] [373/459] VCKM
[03:42:14] [374/459] PCPH
[03:42:15] [375/459] PADM
[03:42:16] [376/459] IESA
[03:42:18] [377/459] VCSP
[03:42:19] [378/459] AEST
[03:42:20] [379/459] VTNR
[03:42:21] [380/459] GTTA
[03:42:21] 🔄 Identity reset
[03:42:21] 🔄 Identity rotated (every 10 requests)
[03:42:21] [381/459] CMMM
[03:42:23] [382/459] AHKT
[03:42:24] [383/459] SIJI
[03:42:25] [384/459] VCEI
[03:42:26] [385/459] SAKR
[03:42:27] [386/459] VSMT
[03:42:28] [387/459] SSCT
[03:42:28] [388/459] USTR
[03:42:29] [389/459] MTKT
[03:42:30] [390/459] TGMP
[03:42:30] 🔄 Identity reset
[03:42:30] 🔄 Identity rotated (every 10 requests)
[03:42:31] [391/459] SIVC
[03:42:32] [392/459] KICT
[03:42:32] [393/459] DAMD
[03:42:33] [394/459] CNPT
[03:42:34] [395/459] RVTT
[03:42:35] [396/459] SNCM
[03:42:36] [397/459] GHTE
[03:42:37] [398/459] PPAM
[03:42:38] [399/459] PVAA
[03:42:38] [400/459] CPAO
[03:42:39] 🔄 Identity reset
[03:42:39] 🔄 Identity rotated (every 10 requests)
[03:42:39] [401/459] HAMD
[03:42:41] [402/459] RCCA
[03:42:42] [403/459] MPCH
[03:42:42] [404/459] ARED
[03:42:43] [405/459] RRCV
[03:42:44] [406/459] MTRB
[03:42:45] [407/459] CKUA
[03:42:46] [408/459] ABMP
[03:42:48] [409/459] RCWA
[03:42:49] [410/459] CGAR
[03:42:50] 🔄 Identity reset
[03:42:50] 🔄 Identity rotated (every 10 requests)
[03:42:50] [411/459] METH
[03:42:51] [412/459] WAGA
[03:42:52] [413/459] MCMA
[03:42:53] [414/459] CSMP
[03:42:54] [415/459] RCNK
[03:42:55] [416/459] PSTM
[03:42:56] [417/459] CSEP
[03:42:58] [418/459] AMGD
[03:42:58] [419/459] CSTE
[03:42:59] [420/459] CONS
[03:43:00] 🔄 Identity reset
[03:43:00] 🔄 Identity rotated (every 10 requests)
[03:43:00] [421/459] APPX
[03:43:01] [422/459] MABC
[03:43:02] [423/459] CXST
[03:43:04] [424/459] MATN
[03:43:05] [425/459] MACZ
[03:43:06] [426/459] MASA
[03:43:06] [427/459] MBSX
[03:43:07] [428/459] CSST
[03:43:08] [429/459] APCL
[03:43:09] [430/459] CGOS
[03:43:10] 🔄 Identity reset
[03:43:10] 🔄 Identity rotated (every 10 requests)
[03:43:10] [431/459] CPEC
[03:43:11] [432/459] MCCP
[03:43:12] [433/459] BSSO
[03:43:13] [434/459] SJKA
[03:43:13] [435/459] CGBO
[03:43:14] [436/459] MVSK
[03:43:15] [437/459] HVCA
[03:43:16] [438/459] NAMD
[03:43:17] [439/459] DEVI
[03:43:19] [440/459] SCSV
[03:43:19] 🔄 Identity reset
[03:43:19] 🔄 Identity rotated (every 10 requests)
[03:43:19] [441/459] PSMA
[03:43:20] [442/459] CLDJ
[03:43:21] [443/459] NMAD
[03:43:22] [444/459] CGMO
[03:43:23] [445/459] MCNA
[03:43:24] [446/459] OCBN
[03:43:24] [447/459] CPEM
[03:43:25] [448/459] CPSM
[03:43:26] [449/459] RCAD
[03:43:27] [450/459] CPMU
[03:43:27] 🔄 Identity reset
[03:43:27] 🔄 Identity rotated (every 10 requests)
[03:43:27] 🔄 Retry 1/5 for CPMU in 2.5s
[03:43:27] 🔄 Identity reset
[03:43:30] 🧠 New identity created
[03:43:31] [451/459] DICD
[03:43:31] [452/459] CHOE
[03:43:32] [453/459] PDJM
[03:43:33] [454/459] SSTU
[03:43:34] [455/459] VNRN
[03:43:35] [456/459] PVLG
[03:43:36] [457/459] SWBL
[03:43:37] [458/459] SCAB
[03:43:37] [459/459] RDDA
[03:43:38] 🔄 Identity reset
[03:43:38] 🔄 Identity rotated (every 10 requests)
[03:43:38] 🧹 Deduping shows
[03:43:38] ✅ DONE | Shows=3017 | Movies=69
[10:46:11] 🚀 SCRIPT STARTED (enhanced anti‑detection)
[10:46:11] [1/459] MCCZ
[10:46:12] 🧠 New identity created
[10:46:12] [2/459] FRPU
[10:46:14] [3/459] SKSI
[10:46:15] [4/459] SSCK
[10:46:16] [5/459] SRDC
[10:46:16] [6/459] RSCZ
[10:46:17] [7/459] PRVT
[10:46:18] [8/459] GAGJ
[10:46:19] [9/459] SMHG
[10:46:20] [10/459] JTST
[10:46:21] 🔄 Identity reset
[10:46:21] 🔄 Identity rotated (every 10 requests)
[10:46:21] [11/459] MYTH
[10:46:22] [12/459] JPCC
[10:46:23] [13/459] ACDC
[10:46:24] [14/459] SVFP
[10:46:24] [15/459] SFCM
[10:46:25] [16/459] RUPK
[10:46:26] [17/459] NTCR
[10:46:27] [18/459] RTCH
[10:46:28] [19/459] SCMH
[10:46:29] [20/459] SVYM
[10:46:30] 🔄 Identity reset
[10:46:30] 🔄 Identity rotated (every 10 requests)
[10:46:30] [21/459] SPYM
[10:46:31] [22/459] SMMF
[10:46:32] [23/459] CLLB
[10:46:33] [24/459] FMCB
[10:46:33] [25/459] BBTC
[10:46:34] [26/459] NTHS
[10:46:35] [27/459] PKKJ
[10:46:36] [28/459] MTJA
[10:46:37] [29/459] PMSJ
[10:46:38] [30/459] JMJU
[10:46:39] 🔄 Identity reset
[10:46:39] 🔄 Identity rotated (every 10 requests)
[10:46:39] [31/459] SRAD
[10:46:40] [32/459] MJMC
[10:46:41] [33/459] DFRM
[10:46:42] [34/459] PMRS
[10:46:42] [35/459] RKPP
[10:46:43] [36/459] BMBK
[10:46:44] [37/459] NEWS
[10:46:45] [38/459] SALB
[10:46:46] [39/459] SCPW
[10:46:47] [40/459] RAYL
[10:46:47] 🔄 Identity reset
[10:46:47] 🔄 Identity rotated (every 10 requests)
[10:46:48] [41/459] CMGJ
[10:46:49] [42/459] JRCR
[10:46:50] [43/459] SRTB
[10:46:51] [44/459] ETPB
[10:46:52] [45/459] MXBN
[10:46:53] [46/459] TOPE
[10:46:54] [47/459] SNLJ
[10:46:55] [48/459] CDDP
[10:46:56] [49/459] APCX
[10:46:56] [50/459] TALP
[10:46:57] 🔄 Identity reset
[10:46:57] 🔄 Identity rotated (every 10 requests)
[10:46:57] [51/459] RRMP
[10:46:58] [52/459] MAHB
[10:46:59] [53/459] MTKR
[10:47:00] [54/459] KSKL
[10:47:01] [55/459] RJLT
[10:47:01] [56/459] ATAS
[10:47:02] [57/459] AMHR
[10:47:03] [58/459] RSRM
[10:47:04] [59/459] GCAT
[10:47:06] [60/459] SMML
[10:47:07] 🔄 Identity reset
[10:47:07] 🔄 Identity rotated (every 10 requests)
[10:47:07] [61/459] ACCD
[10:47:08] [62/459] VYDA
[10:47:09] [63/459] MSKT
[10:47:11] [64/459] AVDM
[10:47:12] [65/459] ASMH
[10:47:13] [66/459] VTMB
[10:47:13] [67/459] WVMB
[10:47:14] [68/459] PPMN
[10:47:15] [69/459] MTMD
[10:47:16] [70/459] SMMO
[10:47:16] 🔄 Identity reset
[10:47:16] 🔄 Identity rotated (every 10 requests)
[10:47:17] 🔄 Retry 1/5 for SMMO in 2.3s
[10:47:17] 🔄 Identity reset
[10:47:19] 🧠 New identity created
[10:47:19] [71/459] DLPB
[10:47:20] [72/459] AKMD
[10:47:21] [73/459] SHRR
[10:47:22] [74/459] ASCO
[10:47:22] [75/459] CZVX
[10:47:23] [76/459] GCBB
[10:47:24] [77/459] ATBM
[10:47:25] [78/459] TCGM
[10:47:25] [79/459] UMSE
[10:47:26] 🔄 Identity reset
[10:47:26] 🔄 Identity rotated (every 10 requests)
[10:47:26] [80/459] NKCL
[10:47:27] [81/459] BTLR
[10:47:28] [82/459] GOCL
[10:47:28] [83/459] MIRN
[10:47:30] [84/459] THEC
[10:47:31] [85/459] SPPB
[10:47:32] [86/459] PMMM
[10:47:33] [87/459] GGMC
[10:47:33] [88/459] AVSR
[10:47:34] [89/459] RDMH
[10:47:35] 🔄 Identity reset
[10:47:35] 🔄 Identity rotated (every 10 requests)
[10:47:35] [90/459] JSRS
[10:47:36] [91/459] VKGP
[10:47:37] [92/459] ACRT
[10:47:38] [93/459] GCBA
[10:47:38] [94/459] GTCP
[10:47:39] [95/459] AKFC
[10:47:40] [96/459] INCS
[10:47:41] [97/459] SMCK
[10:47:42] [98/459] BRUN
[10:47:43] [99/459] RPPC
[10:47:43] 🔄 Identity reset
[10:47:43] 🔄 Identity rotated (every 10 requests)
[10:47:44] [100/459] PAYD
[10:47:44] [101/459] SVVT
[10:47:45] [102/459] RNCC
[10:47:47] [103/459] PCRC
[10:47:48] [104/459] PMRM
[10:47:49] [105/459] CCRP
[10:47:50] [106/459] INCR
[10:47:51] [107/459] ZTMP
[10:47:52] [108/459] MCNR
[10:47:52] [109/459] INRP
[10:47:53] 🔄 Identity reset
[10:47:53] 🔄 Identity rotated (every 10 requests)
[10:47:53] [110/459] STRC
[10:47:54] [111/459] RATI
[10:47:55] [112/459] PBTR
[10:47:57] [113/459] CMHP
[10:47:58] [114/459] ZECJ
[10:47:59] [115/459] CCCB
[10:47:59] [116/459] BWCB
[10:48:00] [117/459] CCAT
[10:48:01] [118/459] KGCM
[10:48:03] [119/459] INPT
[10:48:03] 🔄 Identity reset
[10:48:03] 🔄 Identity rotated (every 10 requests)
[10:48:03] [120/459] FNCO
[10:48:04] [121/459] SRMJ
[10:48:06] [122/459] PFSC
[10:48:07] [123/459] PBMC
[10:48:08] [124/459] KARP
[10:48:09] [125/459] KOVI
[10:48:10] [126/459] ACXL
[10:48:11] [127/459] GKCC
[10:48:12] [128/459] ASCC
[10:48:13] [129/459] SETC
[10:48:13] 🔄 Identity reset
[10:48:13] 🔄 Identity rotated (every 10 requests)
[10:48:14] [130/459] KACC
[10:48:15] [131/459] KAVE
[10:48:16] [132/459] CNTC
[10:48:17] [133/459] MEEN
[10:48:18] [134/459] BMRV
[10:48:18] [135/459] SVAM
[10:48:19] [136/459] VTBP
[10:48:20] [137/459] VCKN
[10:48:21] [138/459] SGTK
[10:48:22] [139/459] RCGS
[10:48:22] 🔄 Identity reset
[10:48:22] 🔄 Identity rotated (every 10 requests)
[10:48:24] [140/459] RCCB
[10:48:24] [141/459] RKSR
[10:48:26] [142/459] RKCU
[10:48:27] [143/459] GIBH
[10:48:28] [144/459] CXBS
[10:48:29] [145/459] GGCB
[10:48:30] [146/459] SCPB
[10:48:31] [147/459] AKTB
[10:48:32] [148/459] SRBU
[10:48:33] [149/459] CSSA
[10:48:33] 🔄 Identity reset
[10:48:33] 🔄 Identity rotated (every 10 requests)
[10:48:34] 🔄 Retry 1/5 for CSSA in 2.5s
[10:48:34] 🔄 Identity reset
[10:48:36] 🧠 New identity created
[10:48:36] [150/459] MYAN
[10:48:37] [151/459] EXCA
[10:48:38] [152/459] CKSA
[10:48:39] [153/459] JTNM
[10:48:39] [154/459] CXKT
[10:48:40] [155/459] NCLM
[10:48:41] [156/459] JAAD
[10:48:42] [157/459] RDCR
[10:48:43] [158/459] MEER
[10:48:44] 🔄 Identity reset
[10:48:44] 🔄 Identity rotated (every 10 requests)
[10:48:44] [159/459] SIBT
[10:48:45] [160/459] PVVB
[10:48:46] [161/459] FNPN
[10:48:46] [162/459] CRPX
[10:48:47] [163/459] STET
[10:48:49] [164/459] METE
[10:48:49] [165/459] BJML
[10:48:50] [166/459] MAVT
[10:48:51] [167/459] MSRM
[10:48:52] [168/459] TJMP
[10:48:53] 🔄 Identity reset
[10:48:53] 🔄 Identity rotated (every 10 requests)
[10:48:53] [169/459] MHCK
[10:48:54] [170/459] SVGP
[10:48:55] [171/459] KRRC
[10:48:56] [172/459] IMCH
[10:48:56] [173/459] CMCS
[10:48:57] [174/459] SGND
[10:48:59] [175/459] RNAT
[10:48:59] [176/459] PRTN
[10:49:00] [177/459] MPTN
[10:49:02] [178/459] ARCC
[10:49:03] 🔄 Identity reset
[10:49:03] 🔄 Identity rotated (every 10 requests)
[10:49:03] 🔄 Retry 1/5 for ARCC in 2.0s
[10:49:03] 🔄 Identity reset
[10:49:05] 🧠 New identity created
[10:49:05] [179/459] NTTE
[10:49:06] [180/459] ABND
[10:49:07] [181/459] KCSN
[10:49:08] [182/459] KCSA
[10:49:08] [183/459] DCKT
[10:49:09] [184/459] MBBR
[10:49:10] [185/459] RAMU
[10:49:11] [186/459] RACW
[10:49:12] [187/459] MCHP
[10:49:12] 🔄 Identity reset
[10:49:12] 🔄 Identity rotated (every 10 requests)
[10:49:14] [188/459] TMHM
[10:49:17] [189/459] STXH
[10:49:17] [190/459] AGSG
[10:49:18] [191/459] SIRA
[10:49:19] [192/459] RCAN
[10:49:20] [193/459] CWTB
[10:49:21] [194/459] VTYM
[10:49:22] [195/459] RRPP
[10:49:23] [196/459] ASMR
[10:49:25] [197/459] RONO
[10:49:25] 🔄 Identity reset
[10:49:25] 🔄 Identity rotated (every 10 requests)
[10:49:26] [198/459] MEMR
[10:49:27] [199/459] CTMR
[10:49:27] [200/459] PMTT
[10:49:29] [201/459] PSLX
[10:49:30] [202/459] IPPL
[10:49:31] [203/459] MMSG
[10:49:32] [204/459] INEL
[10:49:33] [205/459] COAC
[10:49:34] [206/459] WVLK
[10:49:35] [207/459] PPXL
[10:49:36] 🔄 Identity reset
[10:49:36] 🔄 Identity rotated (every 10 requests)
[10:49:36] [208/459] PSML
[10:49:37] [209/459] FNLK
[10:49:38] [210/459] ILUM
[10:49:39] [211/459] ILCM
[10:49:40] [212/459] MSNL
[10:49:41] [213/459] VINB
[10:49:43] [214/459] SALW
[10:49:44] [215/459] PRTB
[10:49:44] [216/459] NCIL
[10:49:45] [217/459] PSUL
[10:49:46] 🔄 Identity reset
[10:49:46] 🔄 Identity rotated (every 10 requests)
[10:49:47] [218/459] SCLK
[10:49:48] [219/459] ADDC
[10:49:48] [220/459] OACL
[10:49:49] [221/459] OOCF
[10:49:50] [222/459] GPMF
[10:49:51] [223/459] SSDG
[10:49:53] [224/459] SKRS
[10:49:53] [225/459] NTTP
[10:49:54] [226/459] SLTP
[10:49:55] [227/459] JTLC
[10:49:56] 🔄 Identity reset
[10:49:56] 🔄 Identity rotated (every 10 requests)
[10:49:57] [228/459] POON
[10:49:57] [229/459] CCPC
[10:49:58] [230/459] DCKC
[10:49:59] [231/459] CPRT
[10:50:00] [232/459] EYHZ
[10:50:01] [233/459] ARBL
[10:50:02] [234/459] SBTB
[10:50:03] [235/459] MMCK
[10:50:05] [236/459] PLMR
[10:50:06] [237/459] BIJH
[10:50:06] 🔄 Identity reset
[10:50:06] 🔄 Identity rotated (every 10 requests)
[10:50:06] [238/459] SDRT
[10:50:07] [239/459] PRDC
[10:50:08] [240/459] OMJA
[10:50:09] [241/459] VKCR
[10:50:10] [242/459] ATRT
[10:50:11] [243/459] WVRP
[10:50:12] [244/459] MVRP
[10:50:13] [245/459] FCAX
[10:50:14] [246/459] CTLC
[10:50:15] [247/459] JCHB
[10:50:16] 🔄 Identity reset
[10:50:16] 🔄 Identity rotated (every 10 requests)
[10:50:16] [248/459] SELP
[10:50:17] [249/459] VCPG
[10:50:17] [250/459] ASCX
[10:50:18] [251/459] EOCS
[10:50:19] [252/459] RCPH
[10:50:21] [253/459] RJTM
[10:50:22] [254/459] SGMD
[10:50:22] [255/459] SVJT
[10:50:23] [256/459] SPPO
[10:50:24] [257/459] MNRL
[10:50:25] 🔄 Identity reset
[10:50:25] 🔄 Identity rotated (every 10 requests)
[10:50:25] [258/459] KNOX
[10:50:26] [259/459] GIER
[10:50:27] [260/459] PJMS
[10:50:28] [261/459] UNSP
[10:50:28] [262/459] JETP
[10:50:29] [263/459] VTWA
[10:50:30] [264/459] SCJI
[10:50:31] [265/459] CBZZ
[10:50:32] [266/459] SDCJ
[10:50:33] [267/459] RRCC
[10:50:34] 🔄 Identity reset
[10:50:34] 🔄 Identity rotated (every 10 requests)
[10:50:34] 🔄 Retry 1/5 for RRCC in 3.0s
[10:50:34] 🔄 Identity reset
[10:50:37] 🧠 New identity created
[10:50:37] [268/459] VNKG
[10:50:38] [269/459] LKTO
[10:50:39] [270/459] PJRM
[10:50:40] [271/459] NVRM
[10:50:41] [272/459] SJCS
[10:50:42] [273/459] VIGK
[10:50:43] [274/459] ANST
[10:50:44] [275/459] JTTS
[10:50:45] [276/459] NTST
[10:50:46] 🔄 Identity reset
[10:50:46] 🔄 Identity rotated (every 10 requests)
[10:50:46] 🔄 Retry 1/5 for NTST in 2.3s
[10:50:46] 🔄 Identity reset
[10:50:48] 🧠 New identity created
[10:50:49] [277/459] PREB
[10:50:50] [278/459] TSCZ
[10:50:50] [279/459] CDCM
[10:50:51] [280/459] ELYE
[10:50:52] [281/459] INBS
[10:50:53] [282/459] SMGC
[10:50:54] [283/459] UTMP
[10:50:55] [284/459] INTA
[10:50:55] [285/459] OMPT
[10:50:56] 🔄 Identity reset
[10:50:56] 🔄 Identity rotated (every 10 requests)
[10:50:56] [286/459] SCIR
[10:50:57] [287/459] GCKJ
[10:50:58] [288/459] INOG
[10:50:59] [289/459] SMGB
[10:51:00] [290/459] MCSG
[10:51:01] [291/459] STKG
[10:51:02] [292/459] TTKG
[10:51:03] [293/459] SRTR
[10:51:03] [294/459] ETTR
[10:51:04] [295/459] GGGZ
[10:51:05] 🔄 Identity reset
[10:51:05] 🔄 Identity rotated (every 10 requests)
[10:51:05] [296/459] IPGM
[10:51:06] [297/459] FCDH
[10:51:07] [298/459] DESB
[10:51:08] [299/459] VNTP
[10:51:09] [300/459] ANNT
[10:51:09] [301/459] SLTI
[10:51:10] [302/459] MAJU
[10:51:11] [303/459] JCXP
[10:51:12] [304/459] HARK
[10:51:13] [305/459] JPCJ
[10:51:13] 🔄 Identity reset
[10:51:13] 🔄 Identity rotated (every 10 requests)
[10:51:14] [306/459] RXBD
[10:51:15] [307/459] PTKJ
[10:51:16] [308/459] CMTU
[10:51:17] [309/459] SWOR
[10:51:19] [310/459] JMEX
[10:51:20] [311/459] DTPT
[10:51:20] [312/459] VGMM
[10:51:22] [313/459] VCSG
[10:51:23] [314/459] CVCG
[10:51:23] [315/459] TNTT
[10:51:24] 🔄 Identity reset
[10:51:24] 🔄 Identity rotated (every 10 requests)
[10:51:25] [316/459] SHRM
[10:51:26] [317/459] CGKD
[10:51:27] [318/459] EKCM
[10:51:27] [319/459] SDCX
[10:51:28] [320/459] SBTE
[10:51:29] [321/459] STKJ
[10:51:31] [322/459] TPCE
[10:51:32] [323/459] JTNP
[10:51:32] [324/459] LPCH
[10:51:33] [325/459] CPUO
[10:51:34] 🔄 Identity reset
[10:51:34] 🔄 Identity rotated (every 10 requests)
[10:51:34] [326/459] APSU
[10:51:35] [327/459] RTHC
[10:51:36] [328/459] PTBU
[10:51:37] [329/459] CUCC
[10:51:38] [330/459] CPSA
[10:51:39] [331/459] SUAY
[10:51:39] [332/459] AYAA
[10:51:40] [333/459] MUCH
[10:51:41] [334/459] PCIN
[10:51:42] [335/459] JRRM
[10:51:43] 🔄 Identity reset
[10:51:43] 🔄 Identity rotated (every 10 requests)
[10:51:43] [336/459] KATS
[10:51:44] [337/459] MHFF
[10:51:45] [338/459] ESYM
[10:51:46] [339/459] STYV
[10:51:47] [340/459] SDKG
[10:51:48] [341/459] SMTI
[10:51:49] [342/459] NYCS
[10:51:50] [343/459] MTBG
[10:51:51] [344/459] RHCA
[10:51:52] [345/459] PCKH
[10:51:52] 🔄 Identity reset
[10:51:52] 🔄 Identity rotated (every 10 requests)
[10:51:52] [346/459] ARCR
[10:51:53] [347/459] NCMB
[10:51:54] [348/459] SHYC
[10:51:55] [349/459] LACK
[10:51:56] [350/459] MTCM
[10:51:57] [351/459] RRBN
[10:51:58] [352/459] MYDC
[10:52:00] [353/459] STCS
[10:52:00] [354/459] CONN
[10:52:01] [355/459] SIPS
[10:52:02] 🔄 Identity reset
[10:52:02] 🔄 Identity rotated (every 10 requests)
[10:52:02] [356/459] SMMX
[10:52:03] [357/459] SCBY
[10:52:04] [358/459] SUAP
[10:52:05] [359/459] RSMK
[10:52:06] [360/459] STKP
[10:52:07] [361/459] CIPC
[10:52:08] [362/459] KKCI
[10:52:09] [363/459] CTNK
[10:52:10] [364/459] MMTZ
[10:52:12] [365/459] DCCO
[10:52:12] 🔄 Identity reset
[10:52:12] 🔄 Identity rotated (every 10 requests)
[10:52:12] [366/459] VNMN
[10:52:14] [367/459] RLCN
[10:52:15] [368/459] CMMS
[10:52:16] [369/459] AYOU
[10:52:17] [370/459] SSCN
[10:52:18] [371/459] SMXN
[10:52:19] [372/459] ASSK
[10:52:20] [373/459] VCKM
[10:52:20] [374/459] PCPH
[10:52:21] [375/459] PADM
[10:52:22] 🔄 Identity reset
[10:52:22] 🔄 Identity rotated (every 10 requests)
[10:52:22] [376/459] IESA
[10:52:23] [377/459] VCSP
[10:52:24] [378/459] AEST
[10:52:25] [379/459] VTNR
[10:52:26] [380/459] GTTA
[10:52:27] [381/459] CMMM
[10:52:28] [382/459] AHKT
[10:52:29] [383/459] SIJI
[10:52:29] [384/459] VCEI
[10:52:30] [385/459] SAKR
[10:52:31] 🔄 Identity reset
[10:52:31] 🔄 Identity rotated (every 10 requests)
[10:52:31] [386/459] VSMT
[10:52:32] [387/459] SSCT
[10:52:33] [388/459] USTR
[10:52:33] [389/459] MTKT
[10:52:34] [390/459] TGMP
[10:52:36] [391/459] SIVC
[10:52:37] [392/459] KICT
[10:52:38] [393/459] DAMD
[10:52:39] [394/459] CNPT
[10:52:39] [395/459] RVTT
[10:52:40] 🔄 Identity reset
[10:52:40] 🔄 Identity rotated (every 10 requests)
[10:52:40] [396/459] SNCM
[10:52:41] [397/459] GHTE
[10:52:42] [398/459] PPAM
[10:52:43] [399/459] PVAA
[10:52:43] [400/459] CPAO
[10:52:44] [401/459] HAMD
[10:52:45] [402/459] RCCA
[10:52:46] [403/459] MPCH
[10:52:47] [404/459] ARED
[10:52:48] [405/459] RRCV
[10:52:48] 🔄 Identity reset
[10:52:48] 🔄 Identity rotated (every 10 requests)
[10:52:49] [406/459] MTRB
[10:52:50] [407/459] CKUA
[10:52:51] [408/459] ABMP
[10:52:52] [409/459] RCWA
[10:52:53] [410/459] CGAR
[10:52:54] [411/459] METH
[10:52:55] [412/459] WAGA
[10:52:56] [413/459] MCMA
[10:52:57] [414/459] CSMP
[10:52:58] [415/459] RCNK
[10:52:59] 🔄 Identity reset
[10:52:59] 🔄 Identity rotated (every 10 requests)
[10:52:59] [416/459] PSTM
[10:53:00] [417/459] CSEP
[10:53:00] [418/459] AMGD
[10:53:01] [419/459] CSTE
[10:53:03] [420/459] CONS
[10:53:04] [421/459] APPX
[10:53:05] [422/459] MABC
[10:53:06] [423/459] CXST
[10:53:07] [424/459] MATN
[10:53:08] [425/459] MACZ
[10:53:09] 🔄 Identity reset
[10:53:09] 🔄 Identity rotated (every 10 requests)
[10:53:09] [426/459] MASA
[10:53:10] [427/459] MBSX
[10:53:11] [428/459] CSST
[10:53:12] [429/459] APCL
[10:53:14] [430/459] CGOS
[10:53:15] [431/459] CPEC
[10:53:16] [432/459] MCCP
[10:53:16] [433/459] BSSO
[10:53:17] [434/459] SJKA
[10:53:18] [435/459] CGBO
[10:53:19] 🔄 Identity reset
[10:53:19] 🔄 Identity rotated (every 10 requests)
[10:53:19] [436/459] MVSK
[10:53:20] [437/459] HVCA
[10:53:21] [438/459] NAMD
[10:53:23] [439/459] DEVI
[10:53:24] [440/459] SCSV
[10:53:25] [441/459] PSMA
[10:53:26] [442/459] CLDJ
[10:53:27] [443/459] NMAD
[10:53:28] [444/459] CGMO
[10:53:29] [445/459] MCNA
[10:53:30] 🔄 Identity reset
[10:53:30] 🔄 Identity rotated (every 10 requests)
[10:53:30] [446/459] OCBN
[10:53:31] [447/459] CPEM
[10:53:33] [448/459] CPSM
[10:53:34] [449/459] RCAD
[10:53:35] [450/459] CPMU
[10:53:35] [451/459] DICD
[10:53:36] [452/459] CHOE
[10:53:37] [453/459] PDJM
[10:53:38] [454/459] SSTU
[10:53:38] [455/459] VNRN
[10:53:39] 🔄 Identity reset
[10:53:39] 🔄 Identity rotated (every 10 requests)
[10:53:40] [456/459] PVLG
[10:53:41] [457/459] SWBL
[10:53:42] [458/459] SCAB
[10:53:43] [459/459] RDDA
[10:53:43] 🧹 Deduping shows
[10:53:43] ✅ DONE | Shows=3078 | Movies=70
[05:40:15] 🚀 SCRIPT STARTED (enhanced anti‑detection)
[05:40:15] [1/459] MCCZ
[05:40:16] 🧠 New identity created
[05:40:17] [2/459] FRPU
[05:40:18] [3/459] SKSI
[05:40:19] [4/459] SSCK
[05:40:20] [5/459] SRDC
[05:40:21] [6/459] RSCZ
[05:40:22] [7/459] PRVT
[05:40:23] [8/459] GAGJ
[05:40:23] [9/459] SMHG
[05:40:24] [10/459] JTST
[05:40:25] 🔄 Identity reset
[05:40:25] 🔄 Identity rotated (every 10 requests)
[05:40:26] [11/459] MYTH
[05:40:27] [12/459] JPCC
[05:40:27] [13/459] ACDC
[05:40:28] [14/459] SVFP
[05:40:29] [15/459] SFCM
[05:40:30] [16/459] RUPK
[05:40:32] [17/459] NTCR
[05:40:32] [18/459] RTCH
[05:40:34] [19/459] SCMH
[05:40:35] [20/459] SVYM
[05:40:36] 🔄 Identity reset
[05:40:36] 🔄 Identity rotated (every 10 requests)
[05:40:37] 🔄 Retry 1/5 for SVYM in 2.5s
[05:40:37] 🔄 Identity reset
[05:40:39] 🧠 New identity created
[05:40:40] [21/459] SPYM
[05:40:41] [22/459] SMMF
[05:40:42] [23/459] CLLB
[05:40:42] [24/459] FMCB
[05:40:43] [25/459] BBTC
[05:40:44] [26/459] NTHS
[05:40:45] [27/459] PKKJ
[05:40:46] [28/459] MTJA
[05:40:47] [29/459] PMSJ
[05:40:48] 🔄 Identity reset
[05:40:48] 🔄 Identity rotated (every 10 requests)
[05:40:48] [30/459] JMJU
[05:40:49] [31/459] SRAD
[05:40:50] [32/459] MJMC
[05:40:51] [33/459] DFRM
[05:40:52] [34/459] PMRS
[05:40:54] [35/459] RKPP
[05:40:55] [36/459] BMBK
[05:40:55] [37/459] NEWS
[05:40:57] [38/459] SALB
[05:40:58] [39/459] SCPW
[05:40:58] 🔄 Identity reset
[05:40:58] 🔄 Identity rotated (every 10 requests)
[05:40:59] [40/459] RAYL
[05:41:00] [41/459] CMGJ
[05:41:01] [42/459] JRCR
[05:41:02] [43/459] SRTB
[05:41:03] [44/459] ETPB
[05:41:04] [45/459] MXBN
[05:41:06] [46/459] TOPE
[05:41:06] [47/459] SNLJ
[05:41:07] [48/459] CDDP
[05:41:08] [49/459] APCX
[05:41:09] 🔄 Identity reset
[05:41:09] 🔄 Identity rotated (every 10 requests)
[05:41:10] [50/459] TALP
[05:41:11] [51/459] RRMP
[05:41:12] [52/459] MAHB
[05:41:13] [53/459] MTKR
[05:41:14] [54/459] KSKL
[05:41:15] [55/459] RJLT
[05:41:16] [56/459] ATAS
[05:41:17] [57/459] AMHR
[05:41:18] [58/459] RSRM
[05:41:19] [59/459] GCAT
[05:41:20] 🔄 Identity reset
[05:41:20] 🔄 Identity rotated (every 10 requests)
[05:41:21] [60/459] SMML
[05:41:22] [61/459] ACCD
[05:41:22] [62/459] VYDA
[05:41:23] [63/459] MSKT
[05:41:24] [64/459] AVDM
[05:41:25] [65/459] ASMH
[05:41:26] [66/459] VTMB
[05:41:27] [67/459] WVMB
[05:41:28] [68/459] PPMN
[05:41:29] [69/459] MTMD
[05:41:30] 🔄 Identity reset
[05:41:30] 🔄 Identity rotated (every 10 requests)
[05:41:31] 🔄 Retry 1/5 for MTMD in 2.8s
[05:41:31] 🔄 Identity reset
[05:41:34] 🧠 New identity created
[05:41:34] 🔄 Retry 2/5 for MTMD in 4.3s
[05:41:34] 🔄 Identity reset
[05:41:38] 🧠 New identity created
[05:41:41] [70/459] SMMO
[05:41:42] [71/459] DLPB
[05:41:43] [72/459] AKMD
[05:41:43] [73/459] SHRR
[05:41:44] [74/459] ASCO
[05:41:45] [75/459] CZVX
[05:41:46] [76/459] GCBB
[05:41:47] [77/459] ATBM
[05:41:48] 🔄 Identity reset
[05:41:48] 🔄 Identity rotated (every 10 requests)
[05:41:48] 🔄 Retry 1/5 for ATBM in 2.2s
[05:41:48] 🔄 Identity reset
[05:41:51] 🧠 New identity created
[05:41:52] [78/459] TCGM
[05:41:53] [79/459] UMSE
[05:41:54] [80/459] NKCL
[05:41:55] [81/459] BTLR
[05:41:56] [82/459] GOCL
[05:41:57] [83/459] MIRN
[05:41:58] [84/459] THEC
[05:41:59] [85/459] SPPB
[05:42:01] [86/459] PMMM
[05:42:01] 🔄 Identity reset
[05:42:01] 🔄 Identity rotated (every 10 requests)
[05:42:01] 🔄 Retry 1/5 for PMMM in 2.3s
[05:42:01] 🔄 Identity reset
[05:42:04] 🧠 New identity created
[05:42:05] [87/459] GGMC
[05:42:07] [88/459] AVSR
[05:42:07] [89/459] RDMH
[05:42:09] [90/459] JSRS
[05:42:10] [91/459] VKGP
[05:42:11] [92/459] ACRT
[05:42:12] [93/459] GCBA
[05:42:13] [94/459] GTCP
[05:42:14] [95/459] AKFC
[05:42:14] 🔄 Identity reset
[05:42:14] 🔄 Identity rotated (every 10 requests)
[05:42:15] 🔄 Retry 1/5 for AKFC in 2.6s
[05:42:15] 🔄 Identity reset
[05:42:17] 🧠 New identity created
[05:42:18] 🔄 Retry 2/5 for AKFC in 4.8s
[05:42:18] 🔄 Identity reset
[05:42:22] 🧠 New identity created
[05:42:23] [96/459] INCS
[05:42:24] [97/459] SMCK
[05:42:26] [98/459] BRUN
[05:42:27] [99/459] RPPC
[05:42:28] [100/459] PAYD
[05:42:29] [101/459] SVVT
[05:42:30] [102/459] RNCC
[05:42:31] [103/459] PCRC
[05:42:32] 🔄 Identity reset
[05:42:32] 🔄 Identity rotated (every 10 requests)
[05:42:32] 🔄 Retry 1/5 for PCRC in 2.6s
[05:42:32] 🔄 Identity reset
[05:42:35] 🧠 New identity created
[05:42:35] 🔄 Retry 2/5 for PCRC in 4.9s
[05:42:35] 🔄 Identity reset
[05:42:40] 🧠 New identity created
[05:42:40] 🔄 Retry 3/5 for PCRC in 9.0s
[05:42:40] 🔄 Identity reset
[05:42:49] 🧠 New identity created
[05:42:49] [104/459] PMRM
[05:42:50] [105/459] CCRP
[05:42:51] [106/459] INCR
[05:42:52] [107/459] ZTMP
[05:42:53] [108/459] MCNR
[05:42:55] [109/459] INRP
[05:42:56] [110/459] STRC
[05:42:57] 🔄 Identity reset
[05:42:57] 🔄 Identity rotated (every 10 requests)
[05:42:58] 🔄 Retry 1/5 for STRC in 2.1s
[05:42:58] 🔄 Identity reset
[05:43:00] 🧠 New identity created
[05:43:02] [111/459] RATI
[05:43:03] [112/459] PBTR
[05:43:04] [113/459] CMHP
[05:43:05] [114/459] ZECJ
[05:43:06] [115/459] CCCB
[05:43:07] [116/459] BWCB
[05:43:09] [117/459] CCAT
[05:43:10] [118/459] KGCM
[05:43:11] [119/459] INPT
[05:43:11] 🔄 Identity reset
[05:43:11] 🔄 Identity rotated (every 10 requests)
[05:43:13] 🔄 Retry 1/5 for INPT in 2.4s
[05:43:13] 🔄 Identity reset
[05:43:16] 🧠 New identity created
[05:43:18] [120/459] FNCO
[05:43:19] [121/459] SRMJ
[05:43:20] [122/459] PFSC
[05:43:21] [123/459] PBMC
[05:43:23] [124/459] KARP
[05:43:24] [125/459] KOVI
[05:43:25] [126/459] ACXL
[05:43:27] [127/459] GKCC
[05:43:28] [128/459] ASCC
[05:43:28] 🔄 Identity reset
[05:43:28] 🔄 Identity rotated (every 10 requests)
[05:43:29] 🔄 Retry 1/5 for ASCC in 2.1s
[05:43:29] 🔄 Identity reset
[05:43:31] 🧠 New identity created
[05:43:31] [129/459] SETC
[05:43:32] [130/459] KACC
[05:43:33] [131/459] KAVE
[05:43:34] [132/459] CNTC
[05:43:35] [133/459] MEEN
[05:43:36] [134/459] BMRV
[05:43:37] [135/459] SVAM
[05:43:38] [136/459] VTBP
[05:43:39] [137/459] VCKN
[05:43:39] 🔄 Identity reset
[05:43:39] 🔄 Identity rotated (every 10 requests)
[05:43:40] [138/459] SGTK
[05:43:40] [139/459] RCGS
[05:43:41] [140/459] RCCB
[05:43:43] [141/459] RKSR
[05:43:43] [142/459] RKCU
[05:43:44] [143/459] GIBH
[05:43:45] [144/459] CXBS
[05:43:47] [145/459] GGCB
[05:43:48] [146/459] SCPB
[05:43:49] [147/459] AKTB
[05:43:50] 🔄 Identity reset
[05:43:50] 🔄 Identity rotated (every 10 requests)
[05:43:50] [148/459] SRBU
[05:43:51] [149/459] CSSA
[05:43:52] [150/459] MYAN
[05:43:53] [151/459] EXCA
[05:43:54] [152/459] CKSA
[05:43:56] [153/459] JTNM
[05:43:57] [154/459] CXKT
[05:43:58] [155/459] NCLM
[05:44:00] [156/459] JAAD
[05:44:01] [157/459] RDCR
[05:44:02] 🔄 Identity reset
[05:44:02] 🔄 Identity rotated (every 10 requests)
[05:44:02] [158/459] MEER
[05:44:04] [159/459] SIBT
[05:44:05] [160/459] PVVB
[05:44:06] [161/459] FNPN
[05:44:07] [162/459] CRPX
[05:44:08] [163/459] STET
[05:44:10] [164/459] METE
[05:44:12] [165/459] BJML
[05:44:13] [166/459] MAVT
[05:44:14] [167/459] MSRM
[05:44:15] 🔄 Identity reset
[05:44:15] 🔄 Identity rotated (every 10 requests)
[05:44:16] [168/459] TJMP
[05:44:18] [169/459] MHCK
[05:44:19] [170/459] SVGP
[05:44:20] [171/459] KRRC
[05:44:21] [172/459] IMCH
[05:44:22] [173/459] CMCS
[05:44:23] [174/459] SGND
[05:44:24] [175/459] RNAT
[05:44:25] [176/459] PRTN
[05:44:27] [177/459] MPTN
[05:44:27] 🔄 Identity reset
[05:44:27] 🔄 Identity rotated (every 10 requests)
[05:44:28] [178/459] ARCC
[05:44:29] [179/459] NTTE
[05:44:30] [180/459] ABND
[05:44:31] [181/459] KCSN
[05:44:32] [182/459] KCSA
[05:44:33] [183/459] DCKT
[05:44:34] [184/459] MBBR
[05:44:36] [185/459] RAMU
[05:44:37] [186/459] RACW
[05:44:38] [187/459] MCHP
[05:44:38] 🔄 Identity reset
[05:44:38] 🔄 Identity rotated (every 10 requests)
[05:44:39] 🔄 Retry 1/5 for MCHP in 3.0s
[05:44:39] 🔄 Identity reset
[05:44:42] 🧠 New identity created
[05:44:43] [188/459] TMHM
[05:44:44] [189/459] STXH
[05:44:45] [190/459] AGSG
[05:44:47] [191/459] SIRA
[05:44:48] [192/459] RCAN
[05:44:49] [193/459] CWTB
[05:44:49] [194/459] VTYM
[05:44:50] [195/459] RRPP
[05:44:52] [196/459] ASMR
[05:44:52] 🔄 Identity reset
[05:44:52] 🔄 Identity rotated (every 10 requests)
[05:44:53] [197/459] RONO
[05:44:54] [198/459] MEMR
[05:44:56] [199/459] CTMR
[05:44:57] [200/459] PMTT
[05:44:58] [201/459] PSLX
[05:44:59] [202/459] IPPL
[05:45:01] [203/459] MMSG
[05:45:02] [204/459] INEL
[05:45:03] [205/459] COAC
[05:45:04] [206/459] WVLK
[05:45:05] 🔄 Identity reset
[05:45:05] 🔄 Identity rotated (every 10 requests)
[05:45:05] 🔄 Retry 1/5 for WVLK in 2.5s
[05:45:05] 🔄 Identity reset
[05:45:08] 🧠 New identity created
[05:45:08] 🔄 Retry 2/5 for WVLK in 4.9s
[05:45:08] 🔄 Identity reset
[05:45:13] 🧠 New identity created
[05:45:13] 🔄 Retry 3/5 for WVLK in 8.1s
[05:45:13] 🔄 Identity reset
[05:45:21] 🧠 New identity created
[05:45:22] 🔄 Retry 4/5 for WVLK in 16.9s
[05:45:22] 🔄 Identity reset
[05:45:39] 🧠 New identity created
[05:45:40] ❌ WVLK failed after 5 attempts
[05:45:40] 🔄 Identity reset
[05:45:40] ❌ WVLK final failure | RuntimeError | HTTP 403
[05:45:40] [207/459] PPXL
[05:45:41] 🧠 New identity created
[05:45:41] 🔄 Retry 1/5 for PPXL in 2.9s
[05:45:41] 🔄 Identity reset
[05:45:44] 🧠 New identity created
[05:45:45] [208/459] PSML
[05:45:46] [209/459] FNLK
[05:45:47] [210/459] ILUM
[05:45:48] [211/459] ILCM
[05:45:49] 🔄 Identity reset
[05:45:49] 🔄 Identity rotated (every 10 requests)
[05:45:50] [212/459] MSNL
[05:45:51] [213/459] VINB
[05:45:52] [214/459] SALW
[05:45:53] [215/459] PRTB
[05:45:55] [216/459] NCIL
[05:45:56] [217/459] PSUL
[05:45:57] [218/459] SCLK
[05:45:58] [219/459] ADDC
[05:45:59] [220/459] OACL
[05:46:00] [221/459] OOCF
[05:46:00] 🔄 Identity reset
[05:46:00] 🔄 Identity rotated (every 10 requests)
[05:46:01] [222/459] GPMF
[05:46:02] [223/459] SSDG
[05:46:03] [224/459] SKRS
[05:46:04] [225/459] NTTP
[05:46:06] [226/459] SLTP
[05:46:07] [227/459] JTLC
[05:46:08] [228/459] POON
[05:46:09] [229/459] CCPC
[05:46:10] [230/459] DCKC
[05:46:11] [231/459] CPRT
[05:46:11] 🔄 Identity reset
[05:46:11] 🔄 Identity rotated (every 10 requests)
[05:46:11] 🔄 Retry 1/5 for CPRT in 2.5s
[05:46:11] 🔄 Identity reset
[05:46:14] 🧠 New identity created
[05:46:14] 🔄 Retry 2/5 for CPRT in 4.0s
[05:46:14] 🔄 Identity reset
[05:46:18] 🧠 New identity created
[05:46:19] [232/459] EYHZ
[05:46:20] [233/459] ARBL
[05:46:21] [234/459] SBTB
[05:46:22] [235/459] MMCK
[05:46:24] [236/459] PLMR
[05:46:25] [237/459] BIJH
[05:46:26] [238/459] SDRT
[05:46:28] [239/459] PRDC
[05:46:29] 🔄 Identity reset
[05:46:29] 🔄 Identity rotated (every 10 requests)
[05:46:29] 🔄 Retry 1/5 for PRDC in 2.5s
[05:46:29] 🔄 Identity reset
[05:46:31] 🧠 New identity created
[05:46:32] 🔄 Retry 2/5 for PRDC in 4.8s
[05:46:32] 🔄 Identity reset
[05:46:37] 🧠 New identity created
[05:46:38] [240/459] OMJA
[05:46:40] [241/459] VKCR
[05:46:41] [242/459] ATRT
[05:46:42] [243/459] WVRP
[05:46:43] [244/459] MVRP
[05:46:44] [245/459] FCAX
[05:46:45] [246/459] CTLC
[05:46:46] [247/459] JCHB
[05:46:47] 🔄 Identity reset
[05:46:47] 🔄 Identity rotated (every 10 requests)
[05:46:49] [248/459] SELP
[05:46:50] [249/459] VCPG
[05:46:51] [250/459] ASCX
[05:46:52] [251/459] EOCS
[05:46:53] [252/459] RCPH
[05:46:54] [253/459] RJTM
[05:46:56] [254/459] SGMD
[05:46:57] [255/459] SVJT
[05:46:58] [256/459] SPPO
[05:46:59] [257/459] MNRL
[05:46:59] 🔄 Identity reset
[05:46:59] 🔄 Identity rotated (every 10 requests)
[05:47:00] 🔄 Retry 1/5 for MNRL in 3.0s
[05:47:00] 🔄 Identity reset
[05:47:03] 🧠 New identity created
[05:47:03] 🔄 Retry 2/5 for MNRL in 4.4s
[05:47:03] 🔄 Identity reset
[05:47:08] 🧠 New identity created
[05:47:08] [258/459] KNOX
[05:47:09] [259/459] GIER
[05:47:10] [260/459] PJMS
[05:47:12] [261/459] UNSP
[05:47:13] [262/459] JETP
[05:47:14] [263/459] VTWA
[05:47:15] [264/459] SCJI
[05:47:16] [265/459] CBZZ
[05:47:17] 🔄 Identity reset
[05:47:17] 🔄 Identity rotated (every 10 requests)
[05:47:17] [266/459] SDCJ
[05:47:19] [267/459] RRCC
[05:47:19] [268/459] VNKG
[05:47:20] [269/459] LKTO
[05:47:21] [270/459] PJRM
[05:47:23] [271/459] NVRM
[05:47:24] [272/459] SJCS
[05:47:25] [273/459] VIGK
[05:47:26] [274/459] ANST
[05:47:27] [275/459] JTTS
[05:47:28] 🔄 Identity reset
[05:47:28] 🔄 Identity rotated (every 10 requests)
[05:47:28] [276/459] NTST
[05:47:29] [277/459] PREB
[05:47:30] [278/459] TSCZ
[05:47:31] [279/459] CDCM
[05:47:32] [280/459] ELYE
[05:47:33] [281/459] INBS
[05:47:34] [282/459] SMGC
[05:47:35] [283/459] UTMP
[05:47:36] [284/459] INTA
[05:47:37] [285/459] OMPT
[05:47:38] 🔄 Identity reset
[05:47:38] 🔄 Identity rotated (every 10 requests)
[05:47:39] [286/459] SCIR
[05:47:40] [287/459] GCKJ
[05:47:41] [288/459] INOG
[05:47:42] [289/459] SMGB
[05:47:44] [290/459] MCSG
[05:47:44] [291/459] STKG
[05:47:45] [292/459] TTKG
[05:47:46] [293/459] SRTR
[05:47:47] [294/459] ETTR
[05:47:48] [295/459] GGGZ
[05:47:49] 🔄 Identity reset
[05:47:49] 🔄 Identity rotated (every 10 requests)
[05:47:49] [296/459] IPGM
[05:47:50] [297/459] FCDH
[05:47:52] [298/459] DESB
[05:47:53] [299/459] VNTP
[05:47:55] [300/459] ANNT
[05:47:57] [301/459] SLTI
[05:47:58] [302/459] MAJU
[05:47:59] [303/459] JCXP
[05:48:00] [304/459] HARK
[05:48:01] [305/459] JPCJ
[05:48:01] 🔄 Identity reset
[05:48:01] 🔄 Identity rotated (every 10 requests)
[05:48:01] 🔄 Retry 1/5 for JPCJ in 2.9s
[05:48:01] 🔄 Identity reset
[05:48:04] 🧠 New identity created
[05:48:06] [306/459] RXBD
[05:48:07] [307/459] PTKJ
[05:48:08] [308/459] CMTU
[05:48:10] [309/459] SWOR
[05:48:11] [310/459] JMEX
[05:48:11] [311/459] DTPT
[05:48:12] [312/459] VGMM
[05:48:13] [313/459] VCSG
[05:48:14] [314/459] CVCG
[05:48:14] 🔄 Identity reset
[05:48:14] 🔄 Identity rotated (every 10 requests)
[05:48:16] [315/459] TNTT
[05:48:16] [316/459] SHRM
[05:48:17] [317/459] CGKD
[05:48:18] [318/459] EKCM
[05:48:19] [319/459] SDCX
[05:48:20] [320/459] SBTE
[05:48:21] [321/459] STKJ
[05:48:21] [322/459] TPCE
[05:48:23] [323/459] JTNP
[05:48:24] [324/459] LPCH
[05:48:24] 🔄 Identity reset
[05:48:24] 🔄 Identity rotated (every 10 requests)
[05:48:25] [325/459] CPUO
[05:48:25] [326/459] APSU
[05:48:27] [327/459] RTHC
[05:48:28] [328/459] PTBU
[05:48:29] [329/459] CUCC
[05:48:30] [330/459] CPSA
[05:48:31] [331/459] SUAY
[05:48:32] [332/459] AYAA
[05:48:33] [333/459] MUCH
[05:48:34] [334/459] PCIN
[05:48:34] 🔄 Identity reset
[05:48:35] 🔄 Identity rotated (every 10 requests)
[05:48:35] [335/459] JRRM
[05:48:36] [336/459] KATS
[05:48:37] [337/459] MHFF
[05:48:38] [338/459] ESYM
[05:48:39] [339/459] STYV
[05:48:40] [340/459] SDKG
[05:48:40] [341/459] SMTI
[05:48:42] [342/459] NYCS
[05:48:43] [343/459] MTBG
[05:48:43] [344/459] RHCA
[05:48:44] 🔄 Identity reset
[05:48:44] 🔄 Identity rotated (every 10 requests)
[05:48:44] [345/459] PCKH
[05:48:45] [346/459] ARCR
[05:48:46] [347/459] NCMB
[05:48:46] [348/459] SHYC
[05:48:47] [349/459] LACK
[05:48:48] [350/459] MTCM
[05:48:49] [351/459] RRBN
[05:48:49] [352/459] MYDC
[05:48:50] [353/459] STCS
[05:48:51] [354/459] CONN
[05:48:52] 🔄 Identity reset
[05:48:52] 🔄 Identity rotated (every 10 requests)
[05:48:52] [355/459] SIPS
[05:48:53] [356/459] SMMX
[05:48:54] [357/459] SCBY
[05:48:55] [358/459] SUAP
[05:48:56] [359/459] RSMK
[05:48:57] [360/459] STKP
[05:48:58] [361/459] CIPC
[05:49:00] [362/459] KKCI
[05:49:00] [363/459] CTNK
[05:49:01] [364/459] MMTZ
[05:49:02] 🔄 Identity reset
[05:49:02] 🔄 Identity rotated (every 10 requests)
[05:49:03] [365/459] DCCO
[05:49:04] [366/459] VNMN
[05:49:05] [367/459] RLCN
[05:49:05] [368/459] CMMS
[05:49:06] [369/459] AYOU
[05:49:07] [370/459] SSCN
[05:49:08] [371/459] SMXN
[05:49:08] [372/459] ASSK
[05:49:09] [373/459] VCKM
[05:49:10] [374/459] PCPH
[05:49:11] 🔄 Identity reset
[05:49:11] 🔄 Identity rotated (every 10 requests)
[05:49:11] 🔄 Retry 1/5 for PCPH in 2.5s
[05:49:11] 🔄 Identity reset
[05:49:13] 🧠 New identity created
[05:49:13] [375/459] PADM
[05:49:14] [376/459] IESA
[05:49:15] [377/459] VCSP
[05:49:16] [378/459] AEST
[05:49:17] [379/459] VTNR
[05:49:17] [380/459] GTTA
[05:49:18] [381/459] CMMM
[05:49:19] [382/459] AHKT
[05:49:20] [383/459] SIJI
[05:49:20] 🔄 Identity reset
[05:49:20] 🔄 Identity rotated (every 10 requests)
[05:49:21] [384/459] VCEI
[05:49:22] [385/459] SAKR
[05:49:23] [386/459] VSMT
[05:49:23] [387/459] SSCT
[05:49:24] [388/459] USTR
[05:49:25] [389/459] MTKT
[05:49:26] [390/459] TGMP
[05:49:26] [391/459] SIVC
[05:49:27] [392/459] KICT
[05:49:28] [393/459] DAMD
[05:49:29] 🔄 Identity reset
[05:49:29] 🔄 Identity rotated (every 10 requests)
[05:49:29] [394/459] CNPT
[05:49:30] [395/459] RVTT
[05:49:31] [396/459] SNCM
[05:49:31] [397/459] GHTE
[05:49:32] [398/459] PPAM
[05:49:32] [399/459] PVAA
[05:49:33] [400/459] CPAO
[05:49:34] [401/459] HAMD
[05:49:35] [402/459] RCCA
[05:49:36] [403/459] MPCH
[05:49:37] 🔄 Identity reset
[05:49:37] 🔄 Identity rotated (every 10 requests)
[05:49:37] [404/459] ARED
[05:49:38] [405/459] RRCV
[05:49:39] [406/459] MTRB
[05:49:40] [407/459] CKUA
[05:49:41] [408/459] ABMP
[05:49:42] [409/459] RCWA
[05:49:43] [410/459] CGAR
[05:49:44] [411/459] METH
[05:49:45] [412/459] WAGA
[05:49:46] [413/459] MCMA
[05:49:46] 🔄 Identity reset
[05:49:46] 🔄 Identity rotated (every 10 requests)
[05:49:47] 🔄 Retry 1/5 for MCMA in 2.6s
[05:49:47] 🔄 Identity reset
[05:49:49] 🧠 New identity created
[05:49:50] [414/459] CSMP
[05:49:50] [415/459] RCNK
[05:49:51] [416/459] PSTM
[05:49:52] [417/459] CSEP
[05:49:52] [418/459] AMGD
[05:49:53] [419/459] CSTE
[05:49:54] [420/459] CONS
[05:49:55] [421/459] APPX
[05:49:55] [422/459] MABC
[05:49:56] 🔄 Identity reset
[05:49:56] 🔄 Identity rotated (every 10 requests)
[05:49:56] 🔄 Retry 1/5 for MABC in 2.7s
[05:49:56] 🔄 Identity reset
[05:49:59] 🧠 New identity created
[05:49:59] [423/459] CXST
[05:50:00] [424/459] MATN
[05:50:01] [425/459] MACZ
[05:50:01] [426/459] MASA
[05:50:02] [427/459] MBSX
[05:50:03] [428/459] CSST
[05:50:04] [429/459] APCL
[05:50:04] [430/459] CGOS
[05:50:05] [431/459] CPEC
[05:50:06] 🔄 Identity reset
[05:50:06] 🔄 Identity rotated (every 10 requests)
[05:50:06] 🔄 Retry 1/5 for CPEC in 3.0s
[05:50:06] 🔄 Identity reset
[05:50:09] 🧠 New identity created
[05:50:09] [432/459] MCCP
[05:50:10] [433/459] BSSO
[05:50:11] [434/459] SJKA
[05:50:11] [435/459] CGBO
[05:50:12] [436/459] MVSK
[05:50:13] [437/459] HVCA
[05:50:14] [438/459] NAMD
[05:50:14] [439/459] DEVI
[05:50:15] [440/459] SCSV
[05:50:16] 🔄 Identity reset
[05:50:16] 🔄 Identity rotated (every 10 requests)
[05:50:16] [441/459] PSMA
[05:50:17] [442/459] CLDJ
[05:50:18] [443/459] NMAD
[05:50:18] [444/459] CGMO
[05:50:19] [445/459] MCNA
[05:50:24] [446/459] OCBN
[05:50:24] [447/459] CPEM
[05:50:25] [448/459] CPSM
[05:50:26] [449/459] RCAD
[05:50:27] [450/459] CPMU
[05:50:28] 🔄 Identity reset
[05:50:28] 🔄 Identity rotated (every 10 requests)
[05:50:28] 🔄 Retry 1/5 for CPMU in 2.5s
[05:50:28] 🔄 Identity reset
[05:50:31] 🧠 New identity created
[05:50:31] [451/459] DICD
[05:50:32] [452/459] CHOE
[05:50:32] [453/459] PDJM
[05:50:33] [454/459] SSTU
[05:50:34] [455/459] VNRN
[05:50:35] [456/459] PVLG
[05:50:35] [457/459] SWBL
[05:50:36] [458/459] SCAB
[05:50:37] [459/459] RDDA
[05:50:37] 🔄 Identity reset
[05:50:37] 🔄 Identity rotated (every 10 requests)
[05:50:39] 🔁 RETRY ROUND 1 | Remaining: 1
[05:50:39] [RETRY-1] WVLK
[05:50:42] 🧹 Deduping shows
[05:50:42] ✅ DONE | Shows=3880 | Movies=79
[14:45:01] 🚀 SCRIPT STARTED (enhanced anti‑detection)
[14:45:01] [1/459] MCCZ
[14:45:01] 🧠 New identity created
[14:45:02] [2/459] FRPU
[14:45:03] [3/459] SKSI
[14:45:05] [4/459] SSCK
[14:45:06] [5/459] SRDC
[14:45:07] [6/459] RSCZ
[14:45:08] [7/459] PRVT
[14:45:08] [8/459] GAGJ
[14:45:09] [9/459] SMHG
[14:45:10] [10/459] JTST
[14:45:11] 🔄 Identity reset
[14:45:11] 🔄 Identity rotated (every 10 requests)
[14:45:11] [11/459] MYTH
[14:45:12] [12/459] JPCC
[14:45:13] [13/459] ACDC
[14:45:14] [14/459] SVFP
[14:45:15] [15/459] SFCM
[14:45:16] [16/459] RUPK
[14:45:17] [17/459] NTCR
[14:45:18] [18/459] RTCH
[14:45:19] [19/459] SCMH
[14:45:20] [20/459] SVYM
[14:45:20] 🔄 Identity reset
[14:45:20] 🔄 Identity rotated (every 10 requests)
[14:45:22] [21/459] SPYM
[14:45:23] [22/459] SMMF
[14:45:23] [23/459] CLLB
[14:45:24] [24/459] FMCB
[14:45:25] [25/459] BBTC
[14:45:26] [26/459] NTHS
[14:45:27] [27/459] PKKJ
[14:45:28] [28/459] MTJA
[14:45:29] [29/459] PMSJ
[14:45:30] [30/459] JMJU
[14:45:30] 🔄 Identity reset
[14:45:30] 🔄 Identity rotated (every 10 requests)
[14:45:30] [31/459] SRAD
[14:45:31] [32/459] MJMC
[14:45:32] [33/459] DFRM
[14:45:33] [34/459] PMRS
[14:45:34] [35/459] RKPP
[14:45:36] [36/459] BMBK
[14:45:37] [37/459] NEWS
[14:45:38] [38/459] SALB
[14:45:39] [39/459] SCPW
[14:45:41] [40/459] RAYL
[14:45:41] 🔄 Identity reset
[14:45:41] 🔄 Identity rotated (every 10 requests)
[14:45:42] [41/459] CMGJ
[14:45:43] [42/459] JRCR
[14:45:44] [43/459] SRTB
[14:45:44] [44/459] ETPB
[14:45:45] [45/459] MXBN
[14:45:46] [46/459] TOPE
[14:45:47] [47/459] SNLJ
[14:45:48] [48/459] CDDP
[14:45:49] [49/459] APCX
[14:45:50] [50/459] TALP
[14:45:50] 🔄 Identity reset
[14:45:50] 🔄 Identity rotated (every 10 requests)
[14:45:51] [51/459] RRMP
[14:45:52] [52/459] MAHB
[14:45:53] [53/459] MTKR
[14:45:53] [54/459] KSKL
[14:45:54] [55/459] RJLT
[14:45:55] [56/459] ATAS
[14:45:56] [57/459] AMHR
[14:45:57] [58/459] RSRM
[14:45:58] [59/459] GCAT
[14:45:59] [60/459] SMML
[14:46:00] 🔄 Identity reset
[14:46:00] 🔄 Identity rotated (every 10 requests)
[14:46:00] [61/459] ACCD
[14:46:01] [62/459] VYDA
[14:46:02] [63/459] MSKT
[14:46:03] [64/459] AVDM
[14:46:04] [65/459] ASMH
[14:46:04] [66/459] VTMB
[14:46:05] [67/459] WVMB
[14:46:06] [68/459] PPMN
[14:46:07] [69/459] MTMD
[14:46:08] [70/459] SMMO
[14:46:09] 🔄 Identity reset
[14:46:09] 🔄 Identity rotated (every 10 requests)
[14:46:09] [71/459] DLPB
[14:46:10] [72/459] AKMD
[14:46:11] [73/459] SHRR
[14:46:13] [74/459] ASCO
[14:46:13] [75/459] CZVX
[14:46:14] [76/459] GCBB
[14:46:15] [77/459] ATBM
[14:46:16] [78/459] TCGM
[14:46:17] [79/459] UMSE
[14:46:18] [80/459] NKCL
[14:46:19] 🔄 Identity reset
[14:46:19] 🔄 Identity rotated (every 10 requests)
[14:46:19] [81/459] BTLR
[14:46:20] [82/459] GOCL
[14:46:21] [83/459] MIRN
[14:46:22] [84/459] THEC
[14:46:23] [85/459] SPPB
[14:46:24] [86/459] PMMM
[14:46:25] [87/459] GGMC
[14:46:26] [88/459] AVSR
[14:46:28] [89/459] RDMH
[14:46:29] [90/459] JSRS
[14:46:30] 🔄 Identity reset
[14:46:30] 🔄 Identity rotated (every 10 requests)
[14:46:30] [91/459] VKGP
[14:46:31] [92/459] ACRT
[14:46:32] [93/459] GCBA
[14:46:34] [94/459] GTCP
[14:46:35] [95/459] AKFC
[14:46:35] [96/459] INCS
[14:46:36] [97/459] SMCK
[14:46:37] [98/459] BRUN
[14:46:38] [99/459] RPPC
[14:46:39] [100/459] PAYD
[14:46:40] 🔄 Identity reset
[14:46:40] 🔄 Identity rotated (every 10 requests)
[14:46:40] [101/459] SVVT
[14:46:41] [102/459] RNCC
[14:46:42] [103/459] PCRC
[14:46:43] [104/459] PMRM
[14:46:44] [105/459] CCRP
[14:46:45] [106/459] INCR
[14:46:46] [107/459] ZTMP
[14:46:47] [108/459] MCNR
[14:46:48] [109/459] INRP
[14:46:50] [110/459] STRC
[14:46:50] 🔄 Identity reset
[14:46:50] 🔄 Identity rotated (every 10 requests)
[14:46:51] [111/459] RATI
[14:46:51] [112/459] PBTR
[14:46:52] [113/459] CMHP
[14:46:53] [114/459] ZECJ
[14:46:54] [115/459] CCCB
[14:46:55] [116/459] BWCB
[14:46:56] [117/459] CCAT
[14:46:57] [118/459] KGCM
[14:46:58] [119/459] INPT
[14:46:58] [120/459] FNCO
[14:46:59] 🔄 Identity reset
[14:46:59] 🔄 Identity rotated (every 10 requests)
[14:47:00] [121/459] SRMJ
[14:47:01] [122/459] PFSC
[14:47:02] [123/459] PBMC
[14:47:03] [124/459] KARP
[14:47:04] [125/459] KOVI
[14:47:04] [126/459] ACXL
[14:47:05] [127/459] GKCC
[14:47:06] [128/459] ASCC
[14:47:07] [129/459] SETC
[14:47:08] [130/459] KACC
[14:47:09] 🔄 Identity reset
[14:47:09] 🔄 Identity rotated (every 10 requests)
[14:47:09] [131/459] KAVE
[14:47:10] [132/459] CNTC
[14:47:11] [133/459] MEEN
[14:47:12] [134/459] BMRV
[14:47:13] [135/459] SVAM
[14:47:14] [136/459] VTBP
[14:47:15] [137/459] VCKN
[14:47:16] [138/459] SGTK
[14:47:17] [139/459] RCGS
[14:47:18] [140/459] RCCB
[14:47:19] 🔄 Identity reset
[14:47:19] 🔄 Identity rotated (every 10 requests)
[14:47:20] [141/459] RKSR
[14:47:20] [142/459] RKCU
[14:47:21] [143/459] GIBH
[14:47:23] [144/459] CXBS
[14:47:25] [145/459] GGCB
[14:47:26] [146/459] SCPB
[14:47:27] [147/459] AKTB
[14:47:28] [148/459] SRBU
[14:47:29] [149/459] CSSA
[14:47:30] [150/459] MYAN
[14:47:30] 🔄 Identity reset
[14:47:31] 🔄 Identity rotated (every 10 requests)
[14:47:31] [151/459] EXCA
[14:47:32] [152/459] CKSA
[14:47:33] [153/459] JTNM
[14:47:34] [154/459] CXKT
[14:47:35] [155/459] NCLM
[14:47:36] [156/459] JAAD
[14:47:36] [157/459] RDCR
[14:47:38] [158/459] MEER
[14:47:39] [159/459] SIBT
[14:47:40] [160/459] PVVB
[14:47:40] 🔄 Identity reset
[14:47:40] 🔄 Identity rotated (every 10 requests)
[14:47:41] [161/459] FNPN
[14:47:42] [162/459] CRPX
[14:47:43] [163/459] STET
[14:47:44] [164/459] METE
[14:47:45] [165/459] BJML
[14:47:47] [166/459] MAVT
[14:47:47] [167/459] MSRM
[14:47:48] [168/459] TJMP
[14:47:49] [169/459] MHCK
[14:47:50] [170/459] SVGP
[14:47:51] 🔄 Identity reset
[14:47:51] 🔄 Identity rotated (every 10 requests)
[14:47:51] [171/459] KRRC
[14:47:52] [172/459] IMCH
[14:47:53] [173/459] CMCS
[14:47:54] [174/459] SGND
[14:47:54] [175/459] RNAT
[14:47:55] [176/459] PRTN
[14:47:56] [177/459] MPTN
[14:47:57] [178/459] ARCC
[14:47:58] [179/459] NTTE
[14:47:59] [180/459] ABND
[14:47:59] 🔄 Identity reset
[14:48:00] 🔄 Identity rotated (every 10 requests)
[14:48:00] [181/459] KCSN
[14:48:01] [182/459] KCSA
[14:48:02] [183/459] DCKT
[14:48:03] [184/459] MBBR
[14:48:04] [185/459] RAMU
[14:48:05] [186/459] RACW
[14:48:06] [187/459] MCHP
[14:48:07] [188/459] TMHM
[14:48:08] [189/459] STXH
[14:48:09] [190/459] AGSG
[14:48:09] 🔄 Identity reset
[14:48:09] 🔄 Identity rotated (every 10 requests)
[14:48:10] [191/459] SIRA
[14:48:11] [192/459] RCAN
[14:48:12] [193/459] CWTB
[14:48:13] [194/459] VTYM
[14:48:14] [195/459] RRPP
[14:48:15] [196/459] ASMR
[14:48:16] [197/459] RONO
[14:48:17] [198/459] MEMR
[14:48:18] [199/459] CTMR
[14:48:19] [200/459] PMTT
[14:48:20] 🔄 Identity reset
[14:48:20] 🔄 Identity rotated (every 10 requests)
[14:48:20] [201/459] PSLX
[14:48:21] [202/459] IPPL
[14:48:22] [203/459] MMSG
[14:48:24] [204/459] INEL
[14:48:25] [205/459] COAC
[14:48:26] [206/459] WVLK
[14:48:26] [207/459] PPXL
[14:48:27] [208/459] PSML
[14:48:29] [209/459] FNLK
[14:48:30] [210/459] ILUM
[14:48:30] 🔄 Identity reset
[14:48:30] 🔄 Identity rotated (every 10 requests)
[14:48:31] [211/459] ILCM
[14:48:32] [212/459] MSNL
[14:48:33] [213/459] VINB
[14:48:34] [214/459] SALW
[14:48:35] [215/459] PRTB
[14:48:37] [216/459] NCIL
[14:48:38] [217/459] PSUL
[14:48:38] [218/459] SCLK
[14:48:39] [219/459] ADDC
[14:48:40] [220/459] OACL
[14:48:41] 🔄 Identity reset
[14:48:41] 🔄 Identity rotated (every 10 requests)
[14:48:41] [221/459] OOCF
[14:48:42] [222/459] GPMF
[14:48:44] [223/459] SSDG
[14:48:44] [224/459] SKRS
[14:48:45] [225/459] NTTP
[14:48:47] [226/459] SLTP
[14:48:48] [227/459] JTLC
[14:48:49] [228/459] POON
[14:48:50] [229/459] CCPC
[14:48:51] [230/459] DCKC
[14:48:51] 🔄 Identity reset
[14:48:51] 🔄 Identity rotated (every 10 requests)
[14:48:51] [231/459] CPRT
[14:48:52] [232/459] EYHZ
[14:48:53] [233/459] ARBL
[14:48:54] [234/459] SBTB
[14:48:55] [235/459] MMCK
[14:48:56] [236/459] PLMR
[14:48:57] [237/459] BIJH
[14:48:58] [238/459] SDRT
[14:48:58] [239/459] PRDC
[14:48:59] [240/459] OMJA
[14:49:00] 🔄 Identity reset
[14:49:00] 🔄 Identity rotated (every 10 requests)
[14:49:00] [241/459] VKCR
[14:49:01] [242/459] ATRT
[14:49:02] [243/459] WVRP
[14:49:04] [244/459] MVRP
[14:49:05] [245/459] FCAX
[14:49:06] [246/459] CTLC
[14:49:07] [247/459] JCHB
[14:49:08] [248/459] SELP
[14:49:09] [249/459] VCPG
[14:49:10] [250/459] ASCX
[14:49:10] 🔄 Identity reset
[14:49:10] 🔄 Identity rotated (every 10 requests)
[14:49:10] [251/459] EOCS
[14:49:11] [252/459] RCPH
[14:49:13] [253/459] RJTM
[14:49:14] [254/459] SGMD
[14:49:15] [255/459] SVJT
[14:49:16] [256/459] SPPO
[14:49:16] [257/459] MNRL
[14:49:17] [258/459] KNOX
[14:49:18] [259/459] GIER
[14:49:19] [260/459] PJMS
[14:49:20] 🔄 Identity reset
[14:49:20] 🔄 Identity rotated (every 10 requests)
[14:49:20] [261/459] UNSP
[14:49:21] [262/459] JETP
[14:49:22] [263/459] VTWA
[14:49:23] [264/459] SCJI
[14:49:24] [265/459] CBZZ
[14:49:24] [266/459] SDCJ
[14:49:25] [267/459] RRCC
[14:49:26] [268/459] VNKG
[14:49:27] [269/459] LKTO
[14:49:28] [270/459] PJRM
[14:49:28] 🔄 Identity reset
[14:49:28] 🔄 Identity rotated (every 10 requests)
[14:49:29] 🔄 Retry 1/5 for PJRM in 3.0s
[14:49:29] 🔄 Identity reset
[14:49:31] 🧠 New identity created
[14:49:32] [271/459] NVRM
[14:49:33] [272/459] SJCS
[14:49:33] [273/459] VIGK
[14:49:34] [274/459] ANST
[14:49:35] [275/459] JTTS
[14:49:36] [276/459] NTST
[14:49:37] [277/459] PREB
[14:49:38] [278/459] TSCZ
[14:49:39] [279/459] CDCM
[14:49:39] 🔄 Identity reset
[14:49:39] 🔄 Identity rotated (every 10 requests)
[14:49:40] [280/459] ELYE
[14:49:41] [281/459] INBS
[14:49:42] [282/459] SMGC
[14:49:43] [283/459] UTMP
[14:49:44] [284/459] INTA
[14:49:45] [285/459] OMPT
[14:49:46] [286/459] SCIR
[14:49:47] [287/459] GCKJ
[14:49:48] [288/459] INOG
[14:49:49] [289/459] SMGB
[14:49:49] 🔄 Identity reset
[14:49:49] 🔄 Identity rotated (every 10 requests)
[14:49:50] [290/459] MCSG
[14:49:51] [291/459] STKG
[14:49:52] [292/459] TTKG
[14:49:53] [293/459] SRTR
[14:49:54] [294/459] ETTR
[14:49:54] [295/459] GGGZ
[14:49:55] [296/459] IPGM
[14:49:56] [297/459] FCDH
[14:49:57] [298/459] DESB
[14:49:58] [299/459] VNTP
[14:49:59] 🔄 Identity reset
[14:49:59] 🔄 Identity rotated (every 10 requests)
[14:49:59] [300/459] ANNT
[14:50:01] [301/459] SLTI
[14:50:01] [302/459] MAJU
[14:50:03] [303/459] JCXP
[14:50:04] [304/459] HARK
[14:50:05] [305/459] JPCJ
[14:50:06] [306/459] RXBD
[14:50:06] [307/459] PTKJ
[14:50:07] [308/459] CMTU
[14:50:08] [309/459] SWOR
[14:50:09] 🔄 Identity reset
[14:50:09] 🔄 Identity rotated (every 10 requests)
[14:50:09] [310/459] JMEX
[14:50:10] [311/459] DTPT
[14:50:11] [312/459] VGMM
[14:50:12] [313/459] VCSG
[14:50:13] [314/459] CVCG
[14:50:14] [315/459] TNTT
[14:50:14] [316/459] SHRM
[14:50:15] [317/459] CGKD
[14:50:16] [318/459] EKCM
[14:50:17] [319/459] SDCX
[14:50:17] 🔄 Identity reset
[14:50:18] 🔄 Identity rotated (every 10 requests)
[14:50:18] [320/459] SBTE
[14:50:19] [321/459] STKJ
[14:50:20] [322/459] TPCE
[14:50:21] [323/459] JTNP
[14:50:22] [324/459] LPCH
[14:50:23] [325/459] CPUO
[14:50:24] [326/459] APSU
[14:50:24] [327/459] RTHC
[14:50:26] [328/459] PTBU
[14:50:28] [329/459] CUCC
[14:50:28] 🔄 Identity reset
[14:50:28] 🔄 Identity rotated (every 10 requests)
[14:50:28] [330/459] CPSA
[14:50:29] [331/459] SUAY
[14:50:30] [332/459] AYAA
[14:50:31] [333/459] MUCH
[14:50:32] [334/459] PCIN
[14:50:33] [335/459] JRRM
[14:50:34] [336/459] KATS
[14:50:35] [337/459] MHFF
[14:50:36] [338/459] ESYM
[14:50:37] [339/459] STYV
[14:50:37] 🔄 Identity reset
[14:50:37] 🔄 Identity rotated (every 10 requests)
[14:50:37] [340/459] SDKG
[14:50:38] [341/459] SMTI
[14:50:39] [342/459] NYCS
[14:50:40] [343/459] MTBG
[14:50:41] [344/459] RHCA
[14:50:42] [345/459] PCKH
[14:50:43] [346/459] ARCR
[14:50:44] [347/459] NCMB
[14:50:45] [348/459] SHYC
[14:50:46] [349/459] LACK
[14:50:46] 🔄 Identity reset
[14:50:46] 🔄 Identity rotated (every 10 requests)
[14:50:47] [350/459] MTCM
[14:50:48] [351/459] RRBN
[14:50:49] [352/459] MYDC
[14:50:50] [353/459] STCS
[14:50:50] [354/459] CONN
[14:50:51] [355/459] SIPS
[14:50:52] [356/459] SMMX
[14:50:53] [357/459] SCBY
[14:50:54] [358/459] SUAP
[14:50:55] [359/459] RSMK
[14:50:55] 🔄 Identity reset
[14:50:55] 🔄 Identity rotated (every 10 requests)
[14:50:56] [360/459] STKP
[14:50:57] [361/459] CIPC
[14:50:58] [362/459] KKCI
[14:50:59] [363/459] CTNK
[14:51:00] [364/459] MMTZ
[14:51:01] [365/459] DCCO
[14:51:01] [366/459] VNMN
[14:51:02] [367/459] RLCN
[14:51:03] [368/459] CMMS
[14:51:04] [369/459] AYOU
[14:51:05] 🔄 Identity reset
[14:51:05] 🔄 Identity rotated (every 10 requests)
[14:51:05] [370/459] SSCN
[14:51:06] [371/459] SMXN
[14:51:07] [372/459] ASSK
[14:51:08] [373/459] VCKM
[14:51:09] [374/459] PCPH
[14:51:10] [375/459] PADM
[14:51:11] [376/459] IESA
[14:51:12] [377/459] VCSP
[14:51:13] [378/459] AEST
[14:51:14] [379/459] VTNR
[14:51:15] 🔄 Identity reset
[14:51:15] 🔄 Identity rotated (every 10 requests)
[14:51:15] [380/459] GTTA
[14:51:16] [381/459] CMMM
[14:51:17] [382/459] AHKT
[14:51:18] [383/459] SIJI
[14:51:19] [384/459] VCEI
[14:51:20] [385/459] SAKR
[14:51:21] [386/459] VSMT
[14:51:22] [387/459] SSCT
[14:51:22] [388/459] USTR
[14:51:23] [389/459] MTKT
[14:51:24] 🔄 Identity reset
[14:51:24] 🔄 Identity rotated (every 10 requests)
[14:51:24] [390/459] TGMP
[14:51:25] [391/459] SIVC
[14:51:26] [392/459] KICT
[14:51:27] [393/459] DAMD
[14:51:28] [394/459] CNPT
[14:51:29] [395/459] RVTT
[14:51:30] [396/459] SNCM
[14:51:31] [397/459] GHTE
[14:51:32] [398/459] PPAM
[14:51:33] [399/459] PVAA
[14:51:34] 🔄 Identity reset
[14:51:34] 🔄 Identity rotated (every 10 requests)
[14:51:34] [400/459] CPAO
[14:51:35] [401/459] HAMD
[14:51:36] [402/459] RCCA
[14:51:37] [403/459] MPCH
[14:51:38] [404/459] ARED
[14:51:38] [405/459] RRCV
[14:51:40] [406/459] MTRB
[14:51:41] [407/459] CKUA
[14:51:42] [408/459] ABMP
[14:51:43] [409/459] RCWA
[14:51:43] 🔄 Identity reset
[14:51:43] 🔄 Identity rotated (every 10 requests)
[14:51:44] [410/459] CGAR
[14:51:45] [411/459] METH
[14:51:46] [412/459] WAGA
[14:51:47] [413/459] MCMA
[14:51:48] [414/459] CSMP
[14:51:48] [415/459] RCNK
[14:51:50] [416/459] PSTM
[14:51:52] [417/459] CSEP
[14:51:52] [418/459] AMGD
[14:51:53] [419/459] CSTE
[14:51:54] 🔄 Identity reset
[14:51:54] 🔄 Identity rotated (every 10 requests)
[14:51:54] [420/459] CONS
[14:51:55] [421/459] APPX
[14:51:56] [422/459] MABC
[14:51:57] [423/459] CXST
[14:51:58] [424/459] MATN
[14:52:00] [425/459] MACZ
[14:52:01] [426/459] MASA
[14:52:02] [427/459] MBSX
[14:52:04] [428/459] CSST
[14:52:05] [429/459] APCL
[14:52:05] 🔄 Identity reset
[14:52:05] 🔄 Identity rotated (every 10 requests)
[14:52:06] [430/459] CGOS
[14:52:07] [431/459] CPEC
[14:52:07] [432/459] MCCP
[14:52:09] [433/459] BSSO
[14:52:10] [434/459] SJKA
[14:52:11] [435/459] CGBO
[14:52:12] [436/459] MVSK
[14:52:13] [437/459] HVCA
[14:52:14] [438/459] NAMD
[14:52:15] [439/459] DEVI
[14:52:15] 🔄 Identity reset
[14:52:15] 🔄 Identity rotated (every 10 requests)
[14:52:16] [440/459] SCSV
[14:52:16] [441/459] PSMA
[14:52:18] [442/459] CLDJ
[14:52:18] [443/459] NMAD
[14:52:19] [444/459] CGMO
[14:52:20] [445/459] MCNA
[14:52:21] [446/459] OCBN
[14:52:22] [447/459] CPEM
[14:52:23] [448/459] CPSM
[14:52:23] [449/459] RCAD
[14:52:24] 🔄 Identity reset
[14:52:24] 🔄 Identity rotated (every 10 requests)
[14:52:25] [450/459] CPMU
[14:52:26] [451/459] DICD
[14:52:27] [452/459] CHOE
[14:52:28] [453/459] PDJM
[14:52:29] [454/459] SSTU
[14:52:30] [455/459] VNRN
[14:52:31] [456/459] PVLG
[14:52:32] [457/459] SWBL
[14:52:33] [458/459] SCAB
[14:52:33] [459/459] RDDA
[14:52:34] 🔄 Identity reset
[14:52:34] 🔄 Identity rotated (every 10 requests)
[14:52:34] 🧹 Deduping shows
[14:52:34] ✅ DONE | Shows=4083 | Movies=82
