[03:36:28] 🚀 SCRIPT STARTED (enhanced anti‑detection)
[03:36:28] [1/322] CDCA
[03:36:29] 🧠 New identity created
[03:36:29] [2/322] VBCZ
[03:36:30] [3/322] MSDR
[03:36:31] [4/322] ACPV
[03:36:32] [5/322] PVHB
[03:36:33] [6/322] RCNH
[03:36:33] [7/322] IOMH
[03:36:34] [8/322] ILKS
[03:36:34] [9/322] AMSN
[03:36:35] [10/322] ANTP
[03:36:35] 🔄 Identity reset
[03:36:35] 🔄 Identity rotated (every 10 requests)
[03:36:35] 🔄 Retry 1/5 for ANTP in 2.1s
[03:36:35] 🔄 Identity reset
[03:36:37] 🧠 New identity created
[03:36:38] 🔄 Retry 2/5 for ANTP in 4.8s
[03:36:38] 🔄 Identity reset
[03:36:42] 🧠 New identity created
[03:36:42] 🔄 Retry 3/5 for ANTP in 8.6s
[03:36:42] 🔄 Identity reset
[03:36:51] 🧠 New identity created
[03:36:52] [11/322] SSEK
[03:36:53] [12/322] PICP
[03:36:54] [13/322] SICO
[03:36:55] [14/322] SISP
[03:36:55] [15/322] SCPI
[03:36:56] [16/322] CRPR
[03:36:57] [17/322] DCTW
[03:36:57] 🔄 Identity reset
[03:36:57] 🔄 Identity rotated (every 10 requests)
[03:36:57] 🔄 Retry 1/5 for DCTW in 2.3s
[03:36:57] 🔄 Identity reset
[03:37:00] 🧠 New identity created
[03:37:00] [18/322] DCSP
[03:37:01] [19/322] KRPM
[03:37:02] [20/322] THKK
[03:37:02] [21/322] SNMY
[03:37:03] [22/322] AKCC
[03:37:04] [23/322] PCAT
[03:37:05] [24/322] RFGO
[03:37:05] [25/322] GGCS
[03:37:06] [26/322] ACKR
[03:37:07] 🔄 Identity reset
[03:37:07] 🔄 Identity rotated (every 10 requests)
[03:37:07] 🔄 Retry 1/5 for ACKR in 2.7s
[03:37:07] 🔄 Identity reset
[03:37:09] 🧠 New identity created
[03:37:10] [27/322] STDO
[03:37:10] [28/322] ACKB
[03:37:11] [29/322] ALUC
[03:37:12] [30/322] MNSR
[03:37:13] [31/322] CSSL
[03:37:14] [32/322] BGGM
[03:37:15] [33/322] MANT
[03:37:16] [34/322] SOOY
[03:37:17] [35/322] VPPK
[03:37:17] 🔄 Identity reset
[03:37:17] 🔄 Identity rotated (every 10 requests)
[03:37:17] 🔄 Retry 1/5 for VPPK in 2.4s
[03:37:17] 🔄 Identity reset
[03:37:20] 🧠 New identity created
[03:37:20] [36/322] MYHJ
[03:37:21] [37/322] KSCK
[03:37:21] [38/322] KATK
[03:37:22] [39/322] RTRT
[03:37:23] [40/322] SSTT
[03:37:24] [41/322] SSTV
[03:37:24] [42/322] LACM
[03:37:25] [43/322] SGMG
[03:37:26] [44/322] KACX
[03:37:27] 🔄 Identity reset
[03:37:27] 🔄 Identity rotated (every 10 requests)
[03:37:27] [45/322] GVCP
[03:37:28] [46/322] CSNC
[03:37:29] [47/322] SXCB
[03:37:30] [48/322] BAHS
[03:37:31] [49/322] PCBI
[03:37:32] [50/322] PSSM
[03:37:32] [51/322] RCOK
[03:37:33] [52/322] SCPF
[03:37:34] [53/322] SSAS
[03:37:34] [54/322] EVMM
[03:37:35] 🔄 Identity reset
[03:37:35] 🔄 Identity rotated (every 10 requests)
[03:37:35] [55/322] SYCB
[03:37:36] [56/322] GCKI
[03:37:36] [57/322] IAET
[03:37:37] [58/322] DDTD
[03:37:38] [59/322] GMDH
[03:37:39] [60/322] STLE
[03:37:39] [61/322] JTRA
[03:37:40] [62/322] RPPA
[03:37:42] [63/322] ARUT
[03:37:42] [64/322] JTVM
[03:37:43] 🔄 Identity reset
[03:37:43] 🔄 Identity rotated (every 10 requests)
[03:37:43] [65/322] SWRH
[03:37:44] [66/322] DCPC
[03:37:45] [67/322] RAPR
[03:37:46] [68/322] GCRT
[03:37:46] [69/322] ATUN
[03:37:47] [70/322] LTRM
[03:37:48] [71/322] TASR
[03:37:48] [72/322] RLLC
[03:37:49] [73/322] MABI
[03:37:50] [74/322] SVHB
[03:37:50] 🔄 Identity reset
[03:37:50] 🔄 Identity rotated (every 10 requests)
[03:37:50] 🔄 Retry 1/5 for SVHB in 2.0s
[03:37:50] 🔄 Identity reset
[03:37:52] 🧠 New identity created
[03:37:52] 🔄 Retry 2/5 for SVHB in 4.7s
[03:37:52] 🔄 Identity reset
[03:37:57] 🧠 New identity created
[03:37:57] 🔄 Retry 3/5 for SVHB in 8.0s
[03:37:57] 🔄 Identity reset
[03:38:05] 🧠 New identity created
[03:38:05] [75/322] NVTB
[03:38:06] [76/322] KCKG
[03:38:07] [77/322] SSRN
[03:38:08] [78/322] VDDC
[03:38:09] [79/322] GKTK
[03:38:10] [80/322] YFSN
[03:38:10] [81/322] GCSG
[03:38:11] 🔄 Identity reset
[03:38:11] 🔄 Identity rotated (every 10 requests)
[03:38:11] [82/322] ESSM
[03:38:13] [83/322] KRIH
[03:38:15] [84/322] GCDS
[03:38:15] [85/322] CCSH
[03:38:16] [86/322] ACSK
[03:38:17] [87/322] APRK
[03:38:18] [88/322] ADKM
[03:38:18] [89/322] SRDM
[03:38:19] [90/322] SJMY
[03:38:20] [91/322] PGGC
[03:38:21] 🔄 Identity reset
[03:38:21] 🔄 Identity rotated (every 10 requests)
[03:38:21] [92/322] INGM
[03:38:22] [93/322] LSCB
[03:38:23] [94/322] STAD
[03:38:23] [95/322] MCCR
[03:38:24] [96/322] ABCC
[03:38:25] [97/322] RKCC
[03:38:26] [98/322] RTCR
[03:38:27] [99/322] GGBC
[03:38:27] [100/322] GCSD
[03:38:28] [101/322] LPTY
[03:38:28] 🔄 Identity reset
[03:38:28] 🔄 Identity rotated (every 10 requests)
[03:38:29] [102/322] MCFD
[03:38:30] [103/322] HENN
[03:38:31] [104/322] SMKU
[03:38:32] [105/322] TNZC
[03:38:33] [106/322] DRCD
[03:38:34] [107/322] DLCD
[03:38:34] [108/322] RCDA
[03:38:35] [109/322] COSM
[03:38:36] [110/322] MCMJ
[03:38:37] [111/322] CSTR
[03:38:38] 🔄 Identity reset
[03:38:38] 🔄 Identity rotated (every 10 requests)
[03:38:38] [112/322] CVDK
[03:38:40] [113/322] INRR
[03:38:41] [114/322] RJRT
[03:38:42] [115/322] IRMR
[03:38:43] [116/322] SRCF
[03:38:43] [117/322] GRCR
[03:38:44] [118/322] SURC
[03:38:45] [119/322] NMNH
[03:38:46] [120/322] SVBL
[03:38:46] [121/322] KACI
[03:38:47] 🔄 Identity reset
[03:38:47] 🔄 Identity rotated (every 10 requests)
[03:38:47] [122/322] TDGO
[03:38:48] [123/322] KTBR
[03:38:49] [124/322] PMAD
[03:38:50] [125/322] CCPN
[03:38:51] [126/322] SBTK
[03:38:52] [127/322] LMDK
[03:38:53] [128/322] PGDA
[03:38:53] [129/322] SRML
[03:38:54] [130/322] EVCK
[03:38:56] [131/322] RTTK
[03:38:56] 🔄 Identity reset
[03:38:56] 🔄 Identity rotated (every 10 requests)
[03:38:57] [132/322] SRTU
[03:38:57] [133/322] VRSA
[03:38:58] [134/322] VARS
[03:38:59] [135/322] DSCZ
[03:38:59] [136/322] GAGA
[03:39:00] [137/322] SARV
[03:39:01] [138/322] SEEG
[03:39:01] [139/322] GLCA
[03:39:02] [140/322] APAS
[03:39:03] [141/322] VCIA
[03:39:04] 🔄 Identity reset
[03:39:04] 🔄 Identity rotated (every 10 requests)
[03:39:04] [142/322] SJTA
[03:39:05] [143/322] SABM
[03:39:05] [144/322] PPAG
[03:39:06] [145/322] RVCA
[03:39:07] [146/322] CCIA
[03:39:08] [147/322] HTAG
[03:39:08] [148/322] SMBI
[03:39:09] [149/322] MCJR
[03:39:10] [150/322] CCJR
[03:39:11] [151/322] SINF
[03:39:12] 🔄 Identity reset
[03:39:12] 🔄 Identity rotated (every 10 requests)
[03:39:12] [152/322] CPLX
[03:39:13] [153/322] KKTJ
[03:39:14] [154/322] GDBW
[03:39:15] [155/322] CSUB
[03:39:15] [156/322] DABA
[03:39:16] [157/322] TITR
[03:39:17] [158/322] NYCR
[03:39:17] [159/322] RTRY
[03:39:18] [160/322] JTJL
[03:39:20] [161/322] SJCP
[03:39:20] 🔄 Identity reset
[03:39:20] 🔄 Identity rotated (every 10 requests)
[03:39:21] [162/322] KCCA
[03:39:21] [163/322] MLPG
[03:39:22] [164/322] VRCK
[03:39:23] [165/322] SRIN
[03:39:24] [166/322] CXMK
[03:39:25] [167/322] SKAD
[03:39:26] [168/322] AVTR
[03:39:27] [169/322] PTAJ
[03:39:27] [170/322] SCNK
[03:39:28] [171/322] STTI
[03:39:29] 🔄 Identity reset
[03:39:29] 🔄 Identity rotated (every 10 requests)
[03:39:29] [172/322] KACR
[03:39:30] [173/322] SSDX
[03:39:30] [174/322] VRTJ
[03:39:31] [175/322] RAJD
[03:39:32] [176/322] SCIP
[03:39:33] [177/322] RJSL
[03:39:33] [178/322] ARRS
[03:39:34] [179/322] ASMS
[03:39:35] [180/322] RDTS
[03:39:36] [181/322] DVMY
[03:39:36] 🔄 Identity reset
[03:39:36] 🔄 Identity rotated (every 10 requests)
[03:39:37] [182/322] RASA
[03:39:38] [183/322] INOM
[03:39:39] [184/322] SPRS
[03:39:39] [185/322] SGCS
[03:39:40] [186/322] SALM
[03:39:41] [187/322] PKHC
[03:39:42] [188/322] RCSV
[03:39:43] [189/322] CPKC
[03:39:43] [190/322] AACD
[03:39:44] [191/322] GGCV
[03:39:45] 🔄 Identity reset
[03:39:45] 🔄 Identity rotated (every 10 requests)
[03:39:45] [192/322] SMKD
[03:39:46] [193/322] NBCH
[03:39:47] [194/322] AMCB
[03:39:47] [195/322] OPCN
[03:39:48] [196/322] DCIN
[03:39:49] [197/322] INGW
[03:39:50] [198/322] PKKW
[03:39:51] [199/322] FNGW
[03:39:52] [200/322] GCGD
[03:39:52] [201/322] MSTW
[03:39:53] 🔄 Identity reset
[03:39:53] 🔄 Identity rotated (every 10 requests)
[03:39:53] [202/322] KCCG
[03:39:54] [203/322] MRSS
[03:39:55] [204/322] CLCF
[03:39:56] [205/322] EETS
[03:39:57] [206/322] AATR
[03:39:58] [207/322] CMMN
[03:39:59] [208/322] SCCJ
[03:39:59] [209/322] CDTK
[03:40:00] [210/322] AICP
[03:40:01] [211/322] FNBP
[03:40:01] 🔄 Identity reset
[03:40:02] 🔄 Identity rotated (every 10 requests)
[03:40:02] 🔄 Retry 1/5 for FNBP in 2.1s
[03:40:02] 🔄 Identity reset
[03:40:04] 🧠 New identity created
[03:40:04] [212/322] CBPB
[03:40:05] [213/322] CPAS
[03:40:06] [214/322] MAPM
[03:40:07] [215/322] PASD
[03:40:08] [216/322] JCMN
[03:40:09] [217/322] MALB
[03:40:10] [218/322] SACG
[03:40:11] [219/322] DDRX
[03:40:12] [220/322] DDXB
[03:40:12] 🔄 Identity reset
[03:40:12] 🔄 Identity rotated (every 10 requests)
[03:40:12] 🔄 Retry 1/5 for DDXB in 2.1s
[03:40:12] 🔄 Identity reset
[03:40:15] 🧠 New identity created
[03:40:15] [221/322] RAMC
[03:40:16] [222/322] SANC
[03:40:17] [223/322] BCBP
[03:40:18] [224/322] ALPC
[03:40:18] [225/322] RBAC
[03:40:19] [226/322] RAJL
[03:40:20] [227/322] MPDX
[03:40:21] [228/322] MUSC
[03:40:22] [229/322] VKMK
[03:40:22] 🔄 Identity reset
[03:40:22] 🔄 Identity rotated (every 10 requests)
[03:40:22] [230/322] SKCG
[03:40:23] [231/322] ANCN
[03:40:24] [232/322] MMCJ
[03:40:24] [233/322] DCAK
[03:40:25] [234/322] SCKG
[03:40:27] [235/322] LMCK
[03:40:28] [236/322] CKKX
[03:40:29] [237/322] ANKU
[03:40:30] [238/322] CSMD
[03:40:31] [239/322] MKMP
[03:40:32] 🔄 Identity reset
[03:40:32] 🔄 Identity rotated (every 10 requests)
[03:40:32] [240/322] SVBG
[03:40:32] [241/322] ROOP
[03:40:33] [242/322] GDMT
[03:40:34] [243/322] FPPF
[03:40:35] [244/322] SFUU
[03:40:36] [245/322] ANCB
[03:40:36] [246/322] SMMC
[03:40:37] [247/322] UGKT
[03:40:38] [248/322] JVRM
[03:40:39] [249/322] BATG
[03:40:39] 🔄 Identity reset
[03:40:39] 🔄 Identity rotated (every 10 requests)
[03:40:39] [250/322] RATE
[03:40:40] [251/322] SKME
[03:40:41] [252/322] LMTP
[03:40:42] [253/322] TCBD
[03:40:42] [254/322] ESBD
[03:40:43] [255/322] GDCU
[03:40:44] [256/322] SNKT
[03:40:44] [257/322] SRNK
[03:40:45] [258/322] SMED
[03:40:46] [259/322] CSQS
[03:40:46] 🔄 Identity reset
[03:40:46] 🔄 Identity rotated (every 10 requests)
[03:40:47] [260/322] ALCS
[03:40:48] [261/322] KCKN
[03:40:49] [262/322] VCCL
[03:40:50] [263/322] MCDA
[03:40:50] [264/322] SHMI
[03:40:51] [265/322] SKHA
[03:40:52] [266/322] SVFK
[03:40:53] [267/322] INVB
[03:40:54] [268/322] MELD
[03:40:55] [269/322] JTYS
[03:40:55] 🔄 Identity reset
[03:40:55] 🔄 Identity rotated (every 10 requests)
[03:40:56] [270/322] INCM
[03:40:57] [271/322] MCDV
[03:40:58] [272/322] KSGK
[03:40:59] [273/322] ICMG
[03:40:59] [274/322] CSCV
[03:41:00] [275/322] STMD
[03:41:02] [276/322] STTR
[03:41:02] [277/322] INVC
[03:41:03] [278/322] JTBL
[03:41:04] [279/322] SRVV
[03:41:05] 🔄 Identity reset
[03:41:05] 🔄 Identity rotated (every 10 requests)
[03:41:05] 🔄 Retry 1/5 for SRVV in 2.9s
[03:41:05] 🔄 Identity reset
[03:41:08] 🧠 New identity created
[03:41:08] [280/322] MAVC
[03:41:09] [281/322] SRPP
[03:41:10] [282/322] JGDM
[03:41:11] [283/322] MBSJ
[03:41:12] [284/322] SSLL
[03:41:13] [285/322] SLKP
[03:41:14] [286/322] NSRV
[03:41:15] [287/322] UTDV
[03:41:15] [288/322] KICM
[03:41:16] 🔄 Identity reset
[03:41:16] 🔄 Identity rotated (every 10 requests)
[03:41:16] 🔄 Retry 1/5 for KICM in 2.6s
[03:41:16] 🔄 Identity reset
[03:41:19] 🧠 New identity created
[03:41:19] [289/322] KCMD
[03:41:21] [290/322] TTPP
[03:41:21] [291/322] KMPV
[03:41:22] [292/322] SKTV
[03:41:23] [293/322] STCV
[03:41:24] [294/322] SRDA
[03:41:24] [295/322] JTSX
[03:41:25] [296/322] STBV
[03:41:26] [297/322] APVZ
[03:41:26] 🔄 Identity reset
[03:41:27] 🔄 Identity rotated (every 10 requests)
[03:41:27] [298/322] GSTV
[03:41:28] [299/322] NMVS
[03:41:29] [300/322] SKRT
[03:41:30] [301/322] RMDV
[03:41:31] [302/322] RATG
[03:41:32] [303/322] SJYV
[03:41:33] [304/322] NDGP
[03:41:35] [305/322] SNDG
[03:41:36] [306/322] INSR
[03:41:37] [307/322] INSO
[03:41:38] 🔄 Identity reset
[03:41:38] 🔄 Identity rotated (every 10 requests)
[03:41:38] [308/322] CCSI
[03:41:39] [309/322] RASM
[03:41:40] [310/322] NEWC
[03:41:41] [311/322] VSHL
[03:41:42] [312/322] BISW
[03:41:42] [313/322] GCNG
[03:41:43] [314/322] CWSC
[03:41:44] [315/322] SKAN
[03:41:45] [316/322] CCOA
[03:41:46] [317/322] MCAJ
[03:41:46] 🔄 Identity reset
[03:41:47] 🔄 Identity rotated (every 10 requests)
[03:41:47] 🔄 Retry 1/5 for MCAJ in 2.1s
[03:41:47] 🔄 Identity reset
[03:41:49] 🧠 New identity created
[03:41:49] [318/322] ACDE
[03:41:50] [319/322] AACM
[03:41:51] [320/322] JJCK
[03:41:51] [321/322] RCMO
[03:41:53] [322/322] GDAW
[03:41:54] 🧹 Deduping shows
[03:41:54] ✅ DONE | Shows=1697 | Movies=58
[10:46:12] 🚀 SCRIPT STARTED (enhanced anti‑detection)
[10:46:12] [1/322] CDCA
[10:46:13] 🧠 New identity created
[10:46:14] [2/322] VBCZ
[10:46:16] [3/322] MSDR
[10:46:16] [4/322] ACPV
[10:46:18] [5/322] PVHB
[10:46:18] [6/322] RCNH
[10:46:19] [7/322] IOMH
[10:46:20] [8/322] ILKS
[10:46:21] [9/322] AMSN
[10:46:22] [10/322] ANTP
[10:46:23] 🔄 Identity reset
[10:46:23] 🔄 Identity rotated (every 10 requests)
[10:46:23] 🔄 Retry 1/5 for ANTP in 2.9s
[10:46:23] 🔄 Identity reset
[10:46:26] 🧠 New identity created
[10:46:26] [11/322] SSEK
[10:46:27] [12/322] PICP
[10:46:28] [13/322] SICO
[10:46:29] [14/322] SISP
[10:46:29] [15/322] SCPI
[10:46:30] [16/322] CRPR
[10:46:31] [17/322] DCTW
[10:46:32] [18/322] DCSP
[10:46:33] [19/322] KRPM
[10:46:34] 🔄 Identity reset
[10:46:34] 🔄 Identity rotated (every 10 requests)
[10:46:34] 🔄 Retry 1/5 for KRPM in 2.5s
[10:46:34] 🔄 Identity reset
[10:46:36] 🧠 New identity created
[10:46:37] [20/322] THKK
[10:46:38] [21/322] SNMY
[10:46:39] [22/322] AKCC
[10:46:40] [23/322] PCAT
[10:46:41] [24/322] RFGO
[10:46:42] [25/322] GGCS
[10:46:43] [26/322] ACKR
[10:46:44] [27/322] STDO
[10:46:45] [28/322] ACKB
[10:46:45] 🔄 Identity reset
[10:46:45] 🔄 Identity rotated (every 10 requests)
[10:46:47] [29/322] ALUC
[10:46:48] [30/322] MNSR
[10:46:48] [31/322] CSSL
[10:46:49] [32/322] BGGM
[10:46:50] [33/322] MANT
[10:46:51] [34/322] SOOY
[10:46:52] [35/322] VPPK
[10:46:53] [36/322] MYHJ
[10:46:54] [37/322] KSCK
[10:46:55] [38/322] KATK
[10:46:56] 🔄 Identity reset
[10:46:56] 🔄 Identity rotated (every 10 requests)
[10:46:56] 🔄 Retry 1/5 for KATK in 2.1s
[10:46:56] 🔄 Identity reset
[10:46:58] 🧠 New identity created
[10:46:58] [39/322] RTRT
[10:46:59] [40/322] SSTT
[10:47:00] [41/322] SSTV
[10:47:01] [42/322] LACM
[10:47:02] [43/322] SGMG
[10:47:03] [44/322] KACX
[10:47:04] [45/322] GVCP
[10:47:05] [46/322] CSNC
[10:47:06] [47/322] SXCB
[10:47:06] 🔄 Identity reset
[10:47:06] 🔄 Identity rotated (every 10 requests)
[10:47:07] [48/322] BAHS
[10:47:08] [49/322] PCBI
[10:47:09] [50/322] PSSM
[10:47:10] [51/322] RCOK
[10:47:11] [52/322] SCPF
[10:47:12] [53/322] SSAS
[10:47:13] [54/322] EVMM
[10:47:14] [55/322] SYCB
[10:47:15] [56/322] GCKI
[10:47:16] [57/322] IAET
[10:47:17] 🔄 Identity reset
[10:47:17] 🔄 Identity rotated (every 10 requests)
[10:47:17] [58/322] DDTD
[10:47:18] [59/322] GMDH
[10:47:19] [60/322] STLE
[10:47:20] [61/322] JTRA
[10:47:21] [62/322] RPPA
[10:47:23] [63/322] ARUT
[10:47:24] [64/322] JTVM
[10:47:25] [65/322] SWRH
[10:47:26] [66/322] DCPC
[10:47:27] [67/322] RAPR
[10:47:27] 🔄 Identity reset
[10:47:27] 🔄 Identity rotated (every 10 requests)
[10:47:28] [68/322] GCRT
[10:47:28] [69/322] ATUN
[10:47:29] [70/322] LTRM
[10:47:30] [71/322] TASR
[10:47:31] [72/322] RLLC
[10:47:32] [73/322] MABI
[10:47:33] [74/322] SVHB
[10:47:34] [75/322] NVTB
[10:47:34] [76/322] KCKG
[10:47:35] [77/322] SSRN
[10:47:36] 🔄 Identity reset
[10:47:36] 🔄 Identity rotated (every 10 requests)
[10:47:37] [78/322] VDDC
[10:47:38] [79/322] GKTK
[10:47:39] [80/322] YFSN
[10:47:40] [81/322] GCSG
[10:47:41] [82/322] ESSM
[10:47:42] [83/322] KRIH
[10:47:43] [84/322] GCDS
[10:47:44] [85/322] CCSH
[10:47:45] [86/322] ACSK
[10:47:47] [87/322] APRK
[10:47:47] 🔄 Identity reset
[10:47:47] 🔄 Identity rotated (every 10 requests)
[10:47:48] [88/322] ADKM
[10:47:48] [89/322] SRDM
[10:47:49] [90/322] SJMY
[10:47:50] [91/322] PGGC
[10:47:51] [92/322] INGM
[10:47:52] [93/322] LSCB
[10:47:53] [94/322] STAD
[10:47:54] [95/322] MCCR
[10:47:55] [96/322] ABCC
[10:47:56] [97/322] RKCC
[10:47:56] 🔄 Identity reset
[10:47:56] 🔄 Identity rotated (every 10 requests)
[10:47:56] 🔄 Retry 1/5 for RKCC in 2.0s
[10:47:56] 🔄 Identity reset
[10:47:58] 🧠 New identity created
[10:47:59] [98/322] RTCR
[10:48:00] [99/322] GGBC
[10:48:01] [100/322] GCSD
[10:48:02] [101/322] LPTY
[10:48:03] [102/322] MCFD
[10:48:04] [103/322] HENN
[10:48:05] [104/322] SMKU
[10:48:06] [105/322] TNZC
[10:48:07] [106/322] DRCD
[10:48:08] 🔄 Identity reset
[10:48:08] 🔄 Identity rotated (every 10 requests)
[10:48:08] 🔄 Retry 1/5 for DRCD in 2.8s
[10:48:08] 🔄 Identity reset
[10:48:10] 🧠 New identity created
[10:48:11] [107/322] DLCD
[10:48:11] [108/322] RCDA
[10:48:12] [109/322] COSM
[10:48:13] [110/322] MCMJ
[10:48:14] [111/322] CSTR
[10:48:15] [112/322] CVDK
[10:48:16] [113/322] INRR
[10:48:17] [114/322] RJRT
[10:48:18] [115/322] IRMR
[10:48:18] 🔄 Identity reset
[10:48:18] 🔄 Identity rotated (every 10 requests)
[10:48:18] 🔄 Retry 1/5 for IRMR in 2.8s
[10:48:18] 🔄 Identity reset
[10:48:21] 🧠 New identity created
[10:48:21] 🔄 Retry 2/5 for IRMR in 4.2s
[10:48:21] 🔄 Identity reset
[10:48:25] 🧠 New identity created
[10:48:26] [116/322] SRCF
[10:48:27] [117/322] GRCR
[10:48:28] [118/322] SURC
[10:48:29] [119/322] NMNH
[10:48:30] [120/322] SVBL
[10:48:31] [121/322] KACI
[10:48:32] [122/322] TDGO
[10:48:33] [123/322] KTBR
[10:48:33] 🔄 Identity reset
[10:48:33] 🔄 Identity rotated (every 10 requests)
[10:48:34] [124/322] PMAD
[10:48:35] [125/322] CCPN
[10:48:35] [126/322] SBTK
[10:48:36] [127/322] LMDK
[10:48:37] [128/322] PGDA
[10:48:38] [129/322] SRML
[10:48:40] [130/322] EVCK
[10:48:40] [131/322] RTTK
[10:48:41] [132/322] SRTU
[10:48:42] [133/322] VRSA
[10:48:43] 🔄 Identity reset
[10:48:43] 🔄 Identity rotated (every 10 requests)
[10:48:43] [134/322] VARS
[10:48:44] [135/322] DSCZ
[10:48:45] [136/322] GAGA
[10:48:46] [137/322] SARV
[10:48:47] [138/322] SEEG
[10:48:47] [139/322] GLCA
[10:48:48] [140/322] APAS
[10:48:49] [141/322] VCIA
[10:48:50] [142/322] SJTA
[10:48:52] [143/322] SABM
[10:48:52] 🔄 Identity reset
[10:48:52] 🔄 Identity rotated (every 10 requests)
[10:48:53] 🔄 Retry 1/5 for SABM in 2.6s
[10:48:53] 🔄 Identity reset
[10:48:55] 🧠 New identity created
[10:48:55] [144/322] PPAG
[10:48:56] [145/322] RVCA
[10:48:57] [146/322] CCIA
[10:48:58] [147/322] HTAG
[10:49:00] [148/322] SMBI
[10:49:01] [149/322] MCJR
[10:49:01] [150/322] CCJR
[10:49:03] [151/322] SINF
[10:49:03] [152/322] CPLX
[10:49:04] 🔄 Identity reset
[10:49:04] 🔄 Identity rotated (every 10 requests)
[10:49:04] 🔄 Retry 1/5 for CPLX in 2.2s
[10:49:04] 🔄 Identity reset
[10:49:06] 🧠 New identity created
[10:49:06] 🔄 Retry 2/5 for CPLX in 4.5s
[10:49:06] 🔄 Identity reset
[10:49:11] 🧠 New identity created
[10:49:11] [153/322] KKTJ
[10:49:12] [154/322] GDBW
[10:49:13] [155/322] CSUB
[10:49:14] [156/322] DABA
[10:49:15] [157/322] TITR
[10:49:16] [158/322] NYCR
[10:49:17] [159/322] RTRY
[10:49:18] [160/322] JTJL
[10:49:19] 🔄 Identity reset
[10:49:19] 🔄 Identity rotated (every 10 requests)
[10:49:19] 🔄 Retry 1/5 for JTJL in 2.5s
[10:49:19] 🔄 Identity reset
[10:49:21] 🧠 New identity created
[10:49:21] 🔄 Retry 2/5 for JTJL in 4.3s
[10:49:21] 🔄 Identity reset
[10:49:26] 🧠 New identity created
[10:49:26] [161/322] SJCP
[10:49:27] [162/322] KCCA
[10:49:28] [163/322] MLPG
[10:49:29] [164/322] VRCK
[10:49:30] [165/322] SRIN
[10:49:31] [166/322] CXMK
[10:49:31] [167/322] SKAD
[10:49:32] [168/322] AVTR
[10:49:33] 🔄 Identity reset
[10:49:33] 🔄 Identity rotated (every 10 requests)
[10:49:33] [169/322] PTAJ
[10:49:34] [170/322] SCNK
[10:49:36] [171/322] STTI
[10:49:37] [172/322] KACR
[10:49:38] [173/322] SSDX
[10:49:39] [174/322] VRTJ
[10:49:40] [175/322] RAJD
[10:49:41] [176/322] SCIP
[10:49:42] [177/322] RJSL
[10:49:43] [178/322] ARRS
[10:49:44] 🔄 Identity reset
[10:49:44] 🔄 Identity rotated (every 10 requests)
[10:49:44] [179/322] ASMS
[10:49:45] [180/322] RDTS
[10:49:46] [181/322] DVMY
[10:49:47] [182/322] RASA
[10:49:48] [183/322] INOM
[10:49:49] [184/322] SPRS
[10:49:49] [185/322] SGCS
[10:49:50] [186/322] SALM
[10:49:52] [187/322] PKHC
[10:49:53] [188/322] RCSV
[10:49:53] 🔄 Identity reset
[10:49:54] 🔄 Identity rotated (every 10 requests)
[10:49:54] 🔄 Retry 1/5 for RCSV in 2.6s
[10:49:54] 🔄 Identity reset
[10:49:56] 🧠 New identity created
[10:49:56] [189/322] CPKC
[10:49:58] [190/322] AACD
[10:49:59] [191/322] GGCV
[10:50:00] [192/322] SMKD
[10:50:01] [193/322] NBCH
[10:50:02] [194/322] AMCB
[10:50:02] [195/322] OPCN
[10:50:03] [196/322] DCIN
[10:50:04] [197/322] INGW
[10:50:05] 🔄 Identity reset
[10:50:05] 🔄 Identity rotated (every 10 requests)
[10:50:05] [198/322] PKKW
[10:50:06] [199/322] FNGW
[10:50:07] [200/322] GCGD
[10:50:08] [201/322] MSTW
[10:50:09] [202/322] KCCG
[10:50:10] [203/322] MRSS
[10:50:11] [204/322] CLCF
[10:50:11] [205/322] EETS
[10:50:12] [206/322] AATR
[10:50:13] [207/322] CMMN
[10:50:14] 🔄 Identity reset
[10:50:14] 🔄 Identity rotated (every 10 requests)
[10:50:14] [208/322] SCCJ
[10:50:15] [209/322] CDTK
[10:50:16] [210/322] AICP
[10:50:17] [211/322] FNBP
[10:50:18] [212/322] CBPB
[10:50:19] [213/322] CPAS
[10:50:20] [214/322] MAPM
[10:50:21] [215/322] PASD
[10:50:21] [216/322] JCMN
[10:50:22] [217/322] MALB
[10:50:23] 🔄 Identity reset
[10:50:23] 🔄 Identity rotated (every 10 requests)
[10:50:24] [218/322] SACG
[10:50:25] [219/322] DDRX
[10:50:25] [220/322] DDXB
[10:50:26] [221/322] RAMC
[10:50:27] [222/322] SANC
[10:50:28] [223/322] BCBP
[10:50:29] [224/322] ALPC
[10:50:30] [225/322] RBAC
[10:50:31] [226/322] RAJL
[10:50:32] [227/322] MPDX
[10:50:33] 🔄 Identity reset
[10:50:33] 🔄 Identity rotated (every 10 requests)
[10:50:33] [228/322] MUSC
[10:50:34] [229/322] VKMK
[10:50:35] [230/322] SKCG
[10:50:36] [231/322] ANCN
[10:50:36] [232/322] MMCJ
[10:50:37] [233/322] DCAK
[10:50:38] [234/322] SCKG
[10:50:39] [235/322] LMCK
[10:50:40] [236/322] CKKX
[10:50:41] [237/322] ANKU
[10:50:41] 🔄 Identity reset
[10:50:41] 🔄 Identity rotated (every 10 requests)
[10:50:42] [238/322] CSMD
[10:50:43] [239/322] MKMP
[10:50:43] [240/322] SVBG
[10:50:45] [241/322] ROOP
[10:50:46] [242/322] GDMT
[10:50:47] [243/322] FPPF
[10:50:48] [244/322] SFUU
[10:50:49] [245/322] ANCB
[10:50:50] [246/322] SMMC
[10:50:50] [247/322] UGKT
[10:50:51] 🔄 Identity reset
[10:50:51] 🔄 Identity rotated (every 10 requests)
[10:50:51] [248/322] JVRM
[10:50:52] [249/322] BATG
[10:50:53] [250/322] RATE
[10:50:54] [251/322] SKME
[10:50:55] [252/322] LMTP
[10:50:56] [253/322] TCBD
[10:50:57] [254/322] ESBD
[10:50:58] [255/322] GDCU
[10:50:59] [256/322] SNKT
[10:50:59] [257/322] SRNK
[10:51:00] 🔄 Identity reset
[10:51:00] 🔄 Identity rotated (every 10 requests)
[10:51:01] [258/322] SMED
[10:51:03] [259/322] CSQS
[10:51:04] [260/322] ALCS
[10:51:05] [261/322] KCKN
[10:51:06] [262/322] VCCL
[10:51:07] [263/322] MCDA
[10:51:08] [264/322] SHMI
[10:51:09] [265/322] SKHA
[10:51:10] [266/322] SVFK
[10:51:11] [267/322] INVB
[10:51:12] 🔄 Identity reset
[10:51:12] 🔄 Identity rotated (every 10 requests)
[10:51:12] [268/322] MELD
[10:51:13] [269/322] JTYS
[10:51:14] [270/322] INCM
[10:51:15] [271/322] MCDV
[10:51:16] [272/322] KSGK
[10:51:17] [273/322] ICMG
[10:51:18] [274/322] CSCV
[10:51:19] [275/322] STMD
[10:51:21] [276/322] STTR
[10:51:22] [277/322] INVC
[10:51:22] 🔄 Identity reset
[10:51:22] 🔄 Identity rotated (every 10 requests)
[10:51:23] [278/322] JTBL
[10:51:24] [279/322] SRVV
[10:51:24] [280/322] MAVC
[10:51:25] [281/322] SRPP
[10:51:26] [282/322] JGDM
[10:51:27] [283/322] MBSJ
[10:51:28] [284/322] SSLL
[10:51:29] [285/322] SLKP
[10:51:30] [286/322] NSRV
[10:51:31] [287/322] UTDV
[10:51:32] 🔄 Identity reset
[10:51:32] 🔄 Identity rotated (every 10 requests)
[10:51:32] [288/322] KICM
[10:51:33] [289/322] KCMD
[10:51:34] [290/322] TTPP
[10:51:35] [291/322] KMPV
[10:51:35] [292/322] SKTV
[10:51:36] [293/322] STCV
[10:51:37] [294/322] SRDA
[10:51:39] [295/322] JTSX
[10:51:40] [296/322] STBV
[10:51:41] [297/322] APVZ
[10:51:42] 🔄 Identity reset
[10:51:42] 🔄 Identity rotated (every 10 requests)
[10:51:42] [298/322] GSTV
[10:51:43] [299/322] NMVS
[10:51:45] [300/322] SKRT
[10:51:46] [301/322] RMDV
[10:51:47] [302/322] RATG
[10:51:48] [303/322] SJYV
[10:51:48] [304/322] NDGP
[10:51:49] [305/322] SNDG
[10:51:50] [306/322] INSR
[10:51:51] [307/322] INSO
[10:51:52] 🔄 Identity reset
[10:51:52] 🔄 Identity rotated (every 10 requests)
[10:51:52] 🔄 Retry 1/5 for INSO in 2.8s
[10:51:52] 🔄 Identity reset
[10:51:55] 🧠 New identity created
[10:51:55] [308/322] CCSI
[10:51:56] [309/322] RASM
[10:51:57] [310/322] NEWC
[10:51:58] [311/322] VSHL
[10:51:59] [312/322] BISW
[10:52:00] [313/322] GCNG
[10:52:01] [314/322] CWSC
[10:52:02] [315/322] SKAN
[10:52:03] [316/322] CCOA
[10:52:04] 🔄 Identity reset
[10:52:04] 🔄 Identity rotated (every 10 requests)
[10:52:04] [317/322] MCAJ
[10:52:05] [318/322] ACDE
[10:52:05] [319/322] AACM
[10:52:06] [320/322] JJCK
[10:52:07] [321/322] RCMO
[10:52:08] [322/322] GDAW
[10:52:09] 🧹 Deduping shows
[10:52:09] ✅ DONE | Shows=1728 | Movies=59
[05:40:30] 🚀 SCRIPT STARTED (enhanced anti‑detection)
[05:40:30] [1/322] CDCA
[05:40:30] 🧠 New identity created
[05:40:32] [2/322] VBCZ
[05:40:32] [3/322] MSDR
[05:40:33] [4/322] ACPV
[05:40:34] [5/322] PVHB
[05:40:35] [6/322] RCNH
[05:40:36] [7/322] IOMH
[05:40:37] [8/322] ILKS
[05:40:38] [9/322] AMSN
[05:40:39] [10/322] ANTP
[05:40:40] 🔄 Identity reset
[05:40:40] 🔄 Identity rotated (every 10 requests)
[05:40:40] 🔄 Retry 1/5 for ANTP in 2.2s
[05:40:40] 🔄 Identity reset
[05:40:42] 🧠 New identity created
[05:40:43] [11/322] SSEK
[05:40:45] [12/322] PICP
[05:40:46] [13/322] SICO
[05:40:47] [14/322] SISP
[05:40:48] [15/322] SCPI
[05:40:49] [16/322] CRPR
[05:40:50] [17/322] DCTW
[05:40:51] [18/322] DCSP
[05:40:52] [19/322] KRPM
[05:40:53] 🔄 Identity reset
[05:40:53] 🔄 Identity rotated (every 10 requests)
[05:40:53] 🔄 Retry 1/5 for KRPM in 2.9s
[05:40:53] 🔄 Identity reset
[05:40:56] 🧠 New identity created
[05:40:57] [20/322] THKK
[05:40:58] [21/322] SNMY
[05:40:59] [22/322] AKCC
[05:40:59] [23/322] PCAT
[05:41:00] [24/322] RFGO
[05:41:01] [25/322] GGCS
[05:41:02] [26/322] ACKR
[05:41:04] [27/322] STDO
[05:41:05] [28/322] ACKB
[05:41:06] 🔄 Identity reset
[05:41:06] 🔄 Identity rotated (every 10 requests)
[05:41:07] [29/322] ALUC
[05:41:08] [30/322] MNSR
[05:41:09] [31/322] CSSL
[05:41:10] [32/322] BGGM
[05:41:11] [33/322] MANT
[05:41:12] [34/322] SOOY
[05:41:13] [35/322] VPPK
[05:41:14] [36/322] MYHJ
[05:41:15] [37/322] KSCK
[05:41:16] [38/322] KATK
[05:41:17] 🔄 Identity reset
[05:41:17] 🔄 Identity rotated (every 10 requests)
[05:41:18] [39/322] RTRT
[05:41:19] [40/322] SSTT
[05:41:20] [41/322] SSTV
[05:41:20] [42/322] LACM
[05:41:21] [43/322] SGMG
[05:41:23] [44/322] KACX
[05:41:24] [45/322] GVCP
[05:41:26] [46/322] CSNC
[05:41:27] [47/322] SXCB
[05:41:28] [48/322] BAHS
[05:41:29] 🔄 Identity reset
[05:41:29] 🔄 Identity rotated (every 10 requests)
[05:41:30] [49/322] PCBI
[05:41:31] [50/322] PSSM
[05:41:32] [51/322] RCOK
[05:41:33] [52/322] SCPF
[05:41:34] [53/322] SSAS
[05:41:35] [54/322] EVMM
[05:41:36] [55/322] SYCB
[05:41:38] [56/322] GCKI
[05:41:40] [57/322] IAET
[05:41:40] [58/322] DDTD
[05:41:41] 🔄 Identity reset
[05:41:41] 🔄 Identity rotated (every 10 requests)
[05:41:42] [59/322] GMDH
[05:41:42] [60/322] STLE
[05:41:44] [61/322] JTRA
[05:41:46] [62/322] RPPA
[05:41:47] [63/322] ARUT
[05:41:48] [64/322] JTVM
[05:41:49] [65/322] SWRH
[05:41:50] [66/322] DCPC
[05:41:59] [67/322] RAPR
[05:42:00] [68/322] GCRT
[05:42:01] 🔄 Identity reset
[05:42:01] 🔄 Identity rotated (every 10 requests)
[05:42:01] 🔄 Retry 1/5 for GCRT in 2.5s
[05:42:01] 🔄 Identity reset
[05:42:03] 🧠 New identity created
[05:42:04] 🔄 Retry 2/5 for GCRT in 4.5s
[05:42:04] 🔄 Identity reset
[05:42:09] 🧠 New identity created
[05:42:11] [69/322] ATUN
[05:42:12] [70/322] LTRM
[05:42:13] [71/322] TASR
[05:42:14] [72/322] RLLC
[05:42:15] [73/322] MABI
[05:42:16] [74/322] SVHB
[05:42:17] [75/322] NVTB
[05:42:18] [76/322] KCKG
[05:42:19] 🔄 Identity reset
[05:42:19] 🔄 Identity rotated (every 10 requests)
[05:42:19] [77/322] SSRN
[05:42:21] [78/322] VDDC
[05:42:23] [79/322] GKTK
[05:42:24] [80/322] YFSN
[05:42:25] [81/322] GCSG
[05:42:26] [82/322] ESSM
[05:42:27] [83/322] KRIH
[05:42:28] [84/322] GCDS
[05:42:29] [85/322] CCSH
[05:42:30] [86/322] ACSK
[05:42:30] 🔄 Identity reset
[05:42:30] 🔄 Identity rotated (every 10 requests)
[05:42:31] 🔄 Retry 1/5 for ACSK in 2.5s
[05:42:31] 🔄 Identity reset
[05:42:34] 🧠 New identity created
[05:42:34] 🔄 Retry 2/5 for ACSK in 4.1s
[05:42:34] 🔄 Identity reset
[05:42:38] 🧠 New identity created
[05:42:39] 🔄 Retry 3/5 for ACSK in 8.4s
[05:42:39] 🔄 Identity reset
[05:42:48] 🧠 New identity created
[05:42:49] [87/322] APRK
[05:42:51] [88/322] ADKM
[05:42:52] [89/322] SRDM
[05:42:53] [90/322] SJMY
[05:42:53] [91/322] PGGC
[05:42:55] [92/322] INGM
[05:42:56] [93/322] LSCB
[05:42:56] 🔄 Identity reset
[05:42:56] 🔄 Identity rotated (every 10 requests)
[05:42:57] [94/322] STAD
[05:42:58] [95/322] MCCR
[05:42:59] [96/322] ABCC
[05:43:00] [97/322] RKCC
[05:43:01] [98/322] RTCR
[05:43:02] [99/322] GGBC
[05:43:04] [100/322] GCSD
[05:43:04] [101/322] LPTY
[05:43:05] [102/322] MCFD
[05:43:06] [103/322] HENN
[05:43:06] 🔄 Identity reset
[05:43:06] 🔄 Identity rotated (every 10 requests)
[05:43:08] 🔄 Retry 1/5 for HENN in 2.8s
[05:43:08] 🔄 Identity reset
[05:43:10] 🧠 New identity created
[05:43:11] 🔄 Retry 2/5 for HENN in 4.5s
[05:43:11] 🔄 Identity reset
[05:43:15] 🧠 New identity created
[05:43:17] [104/322] SMKU
[05:43:18] [105/322] TNZC
[05:43:19] [106/322] DRCD
[05:43:23] [107/322] DLCD
[05:43:24] [108/322] RCDA
[05:43:25] [109/322] COSM
[05:43:27] [110/322] MCMJ
[05:43:27] [111/322] CSTR
[05:43:28] 🔄 Identity reset
[05:43:28] 🔄 Identity rotated (every 10 requests)
[05:43:28] [112/322] CVDK
[05:43:29] [113/322] INRR
[05:43:31] [114/322] RJRT
[05:43:32] [115/322] IRMR
[05:43:33] [116/322] SRCF
[05:43:34] [117/322] GRCR
[05:43:35] [118/322] SURC
[05:43:36] [119/322] NMNH
[05:43:37] [120/322] SVBL
[05:43:38] [121/322] KACI
[05:43:39] 🔄 Identity reset
[05:43:39] 🔄 Identity rotated (every 10 requests)
[05:43:39] 🔄 Retry 1/5 for KACI in 2.1s
[05:43:39] 🔄 Identity reset
[05:43:41] 🧠 New identity created
[05:43:42] 🔄 Retry 2/5 for KACI in 4.8s
[05:43:42] 🔄 Identity reset
[05:43:46] 🧠 New identity created
[05:43:47] [122/322] TDGO
[05:43:48] [123/322] KTBR
[05:43:50] [124/322] PMAD
[05:43:51] [125/322] CCPN
[05:43:52] [126/322] SBTK
[05:43:53] [127/322] LMDK
[05:43:54] [128/322] PGDA
[05:43:55] [129/322] SRML
[05:43:56] 🔄 Identity reset
[05:43:56] 🔄 Identity rotated (every 10 requests)
[05:43:56] 🔄 Retry 1/5 for SRML in 2.1s
[05:43:56] 🔄 Identity reset
[05:43:59] 🧠 New identity created
[05:43:59] 🔄 Retry 2/5 for SRML in 4.1s
[05:43:59] 🔄 Identity reset
[05:44:03] 🧠 New identity created
[05:44:04] [130/322] EVCK
[05:44:05] [131/322] RTTK
[05:44:06] [132/322] SRTU
[05:44:07] [133/322] VRSA
[05:44:09] [134/322] VARS
[05:44:10] [135/322] DSCZ
[05:44:11] [136/322] GAGA
[05:44:12] [137/322] SARV
[05:44:13] 🔄 Identity reset
[05:44:13] 🔄 Identity rotated (every 10 requests)
[05:44:14] [138/322] SEEG
[05:44:15] [139/322] GLCA
[05:44:16] [140/322] APAS
[05:44:18] [141/322] VCIA
[05:44:19] [142/322] SJTA
[05:44:20] [143/322] SABM
[05:44:21] [144/322] PPAG
[05:44:22] [145/322] RVCA
[05:44:22] [146/322] CCIA
[05:44:23] [147/322] HTAG
[05:44:24] 🔄 Identity reset
[05:44:24] 🔄 Identity rotated (every 10 requests)
[05:44:25] [148/322] SMBI
[05:44:27] [149/322] MCJR
[05:44:28] [150/322] CCJR
[05:44:29] [151/322] SINF
[05:44:30] [152/322] CPLX
[05:44:31] [153/322] KKTJ
[05:44:32] [154/322] GDBW
[05:44:34] [155/322] CSUB
[05:44:35] [156/322] DABA
[05:44:36] [157/322] TITR
[05:44:36] 🔄 Identity reset
[05:44:36] 🔄 Identity rotated (every 10 requests)
[05:44:38] [158/322] NYCR
[05:44:40] [159/322] RTRY
[05:44:41] [160/322] JTJL
[05:44:42] [161/322] SJCP
[05:44:42] [162/322] KCCA
[05:44:43] [163/322] MLPG
[05:44:45] [164/322] VRCK
[05:44:46] [165/322] SRIN
[05:44:47] [166/322] CXMK
[05:44:48] [167/322] SKAD
[05:44:49] 🔄 Identity reset
[05:44:49] 🔄 Identity rotated (every 10 requests)
[05:44:49] 🔄 Retry 1/5 for SKAD in 2.8s
[05:44:49] 🔄 Identity reset
[05:44:52] 🧠 New identity created
[05:44:52] [168/322] AVTR
[05:44:53] [169/322] PTAJ
[05:44:54] [170/322] SCNK
[05:44:55] [171/322] STTI
[05:44:56] [172/322] KACR
[05:44:58] [173/322] SSDX
[05:44:59] [174/322] VRTJ
[05:45:00] [175/322] RAJD
[05:45:01] [176/322] SCIP
[05:45:02] 🔄 Identity reset
[05:45:02] 🔄 Identity rotated (every 10 requests)
[05:45:02] [177/322] RJSL
[05:45:03] [178/322] ARRS
[05:45:04] [179/322] ASMS
[05:45:05] [180/322] RDTS
[05:45:07] [181/322] DVMY
[05:45:08] [182/322] RASA
[05:45:09] [183/322] INOM
[05:45:11] [184/322] SPRS
[05:45:12] [185/322] SGCS
[05:45:13] [186/322] SALM
[05:45:14] 🔄 Identity reset
[05:45:14] 🔄 Identity rotated (every 10 requests)
[05:45:14] [187/322] PKHC
[05:45:15] [188/322] RCSV
[05:45:17] [189/322] CPKC
[05:45:18] [190/322] AACD
[05:45:19] [191/322] GGCV
[05:45:20] [192/322] SMKD
[05:45:20] [193/322] NBCH
[05:45:21] [194/322] AMCB
[05:45:22] [195/322] OPCN
[05:45:24] [196/322] DCIN
[05:45:24] 🔄 Identity reset
[05:45:24] 🔄 Identity rotated (every 10 requests)
[05:45:24] [197/322] INGW
[05:45:25] [198/322] PKKW
[05:45:26] [199/322] FNGW
[05:45:27] [200/322] GCGD
[05:45:28] [201/322] MSTW
[05:45:29] [202/322] KCCG
[05:45:30] [203/322] MRSS
[05:45:32] [204/322] CLCF
[05:45:33] [205/322] EETS
[05:45:34] [206/322] AATR
[05:45:35] 🔄 Identity reset
[05:45:35] 🔄 Identity rotated (every 10 requests)
[05:45:36] [207/322] CMMN
[05:45:38] [208/322] SCCJ
[05:45:38] [209/322] CDTK
[05:45:39] [210/322] AICP
[05:45:40] [211/322] FNBP
[05:45:42] [212/322] CBPB
[05:45:44] [213/322] CPAS
[05:45:46] [214/322] MAPM
[05:45:47] [215/322] PASD
[05:45:48] [216/322] JCMN
[05:45:49] 🔄 Identity reset
[05:45:49] 🔄 Identity rotated (every 10 requests)
[05:45:54] [217/322] MALB
[05:45:55] [218/322] SACG
[05:45:57] [219/322] DDRX
[05:45:57] [220/322] DDXB
[05:45:58] [221/322] RAMC
[05:45:59] [222/322] SANC
[05:46:01] [223/322] BCBP
[05:46:02] [224/322] ALPC
[05:46:03] [225/322] RBAC
[05:46:04] [226/322] RAJL
[05:46:05] 🔄 Identity reset
[05:46:05] 🔄 Identity rotated (every 10 requests)
[05:46:05] 🔄 Retry 1/5 for RAJL in 2.5s
[05:46:05] 🔄 Identity reset
[05:46:08] 🧠 New identity created
[05:46:09] [227/322] MPDX
[05:46:10] [228/322] MUSC
[05:46:11] [229/322] VKMK
[05:46:12] [230/322] SKCG
[05:46:13] [231/322] ANCN
[05:46:14] [232/322] MMCJ
[05:46:15] [233/322] DCAK
[05:46:16] [234/322] SCKG
[05:46:18] [235/322] LMCK
[05:46:18] 🔄 Identity reset
[05:46:18] 🔄 Identity rotated (every 10 requests)
[05:46:19] 🔄 Retry 1/5 for LMCK in 2.3s
[05:46:19] 🔄 Identity reset
[05:46:22] 🧠 New identity created
[05:46:24] [236/322] CKKX
[05:46:25] [237/322] ANKU
[05:46:26] [238/322] CSMD
[05:46:28] [239/322] MKMP
[05:46:29] [240/322] SVBG
[05:46:29] [241/322] ROOP
[05:46:30] [242/322] GDMT
[05:46:32] [243/322] FPPF
[05:46:33] [244/322] SFUU
[05:46:33] 🔄 Identity reset
[05:46:34] 🔄 Identity rotated (every 10 requests)
[05:46:34] 🔄 Retry 1/5 for SFUU in 2.4s
[05:46:34] 🔄 Identity reset
[05:46:36] 🧠 New identity created
[05:46:37] [245/322] ANCB
[05:46:39] [246/322] SMMC
[05:46:41] [247/322] UGKT
[05:46:42] [248/322] JVRM
[05:46:43] [249/322] BATG
[05:46:44] [250/322] RATE
[05:46:45] [251/322] SKME
[05:46:46] [252/322] LMTP
[05:46:48] [253/322] TCBD
[05:46:49] 🔄 Identity reset
[05:46:49] 🔄 Identity rotated (every 10 requests)
[05:46:49] [254/322] ESBD
[05:46:50] [255/322] GDCU
[05:46:51] [256/322] SNKT
[05:46:52] [257/322] SRNK
[05:46:53] [258/322] SMED
[05:46:54] [259/322] CSQS
[05:46:55] [260/322] ALCS
[05:46:56] [261/322] KCKN
[05:46:57] [262/322] VCCL
[05:46:58] [263/322] MCDA
[05:46:59] 🔄 Identity reset
[05:46:59] 🔄 Identity rotated (every 10 requests)
[05:47:01] [264/322] SHMI
[05:47:02] [265/322] SKHA
[05:47:03] [266/322] SVFK
[05:47:05] [267/322] INVB
[05:47:06] [268/322] MELD
[05:47:06] [269/322] JTYS
[05:47:07] [270/322] INCM
[05:47:08] [271/322] MCDV
[05:47:10] [272/322] KSGK
[05:47:11] [273/322] ICMG
[05:47:12] 🔄 Identity reset
[05:47:12] 🔄 Identity rotated (every 10 requests)
[05:47:12] [274/322] CSCV
[05:47:14] [275/322] STMD
[05:47:15] [276/322] STTR
[05:47:16] [277/322] INVC
[05:47:17] [278/322] JTBL
[05:47:17] [279/322] SRVV
[05:47:19] [280/322] MAVC
[05:47:20] [281/322] SRPP
[05:47:21] [282/322] JGDM
[05:47:22] [283/322] MBSJ
[05:47:22] 🔄 Identity reset
[05:47:22] 🔄 Identity rotated (every 10 requests)
[05:47:25] [284/322] SSLL
[05:47:26] [285/322] SLKP
[05:47:27] [286/322] NSRV
[05:47:28] [287/322] UTDV
[05:47:29] [288/322] KICM
[05:47:30] [289/322] KCMD
[05:47:31] [290/322] TTPP
[05:47:32] [291/322] KMPV
[05:47:33] [292/322] SKTV
[05:47:34] [293/322] STCV
[05:47:34] 🔄 Identity reset
[05:47:34] 🔄 Identity rotated (every 10 requests)
[05:47:35] [294/322] SRDA
[05:47:36] [295/322] JTSX
[05:47:37] [296/322] STBV
[05:47:38] [297/322] APVZ
[05:47:39] [298/322] GSTV
[05:47:40] [299/322] NMVS
[05:47:42] [300/322] SKRT
[05:47:42] [301/322] RMDV
[05:47:43] [302/322] RATG
[05:47:44] [303/322] SJYV
[05:47:45] 🔄 Identity reset
[05:47:45] 🔄 Identity rotated (every 10 requests)
[05:47:45] [304/322] NDGP
[05:47:46] [305/322] SNDG
[05:47:48] [306/322] INSR
[05:47:49] [307/322] INSO
[05:47:50] [308/322] CCSI
[05:47:51] [309/322] RASM
[05:47:52] [310/322] NEWC
[05:47:53] [311/322] VSHL
[05:47:55] [312/322] BISW
[05:47:56] [313/322] GCNG
[05:47:56] 🔄 Identity reset
[05:47:56] 🔄 Identity rotated (every 10 requests)
[05:47:59] [314/322] CWSC
[05:48:00] [315/322] SKAN
[05:48:01] [316/322] CCOA
[05:48:03] [317/322] MCAJ
[05:48:04] [318/322] ACDE
[05:48:05] [319/322] AACM
[05:48:07] [320/322] JJCK
[05:48:08] [321/322] RCMO
[05:48:09] [322/322] GDAW
[05:48:09] 🧹 Deduping shows
[05:48:10] ✅ DONE | Shows=2214 | Movies=73
[14:45:07] 🚀 SCRIPT STARTED (enhanced anti‑detection)
[14:45:07] [1/322] CDCA
[14:45:08] 🧠 New identity created
[14:45:09] [2/322] VBCZ
[14:45:10] [3/322] MSDR
[14:45:10] [4/322] ACPV
[14:45:11] [5/322] PVHB
[14:45:12] [6/322] RCNH
[14:45:13] [7/322] IOMH
[14:45:14] [8/322] ILKS
[14:45:15] [9/322] AMSN
[14:45:16] [10/322] ANTP
[14:45:16] 🔄 Identity reset
[14:45:16] 🔄 Identity rotated (every 10 requests)
[14:45:17] [11/322] SSEK
[14:45:18] [12/322] PICP
[14:45:18] [13/322] SICO
[14:45:19] [14/322] SISP
[14:45:20] [15/322] SCPI
[14:45:21] [16/322] CRPR
[14:45:22] [17/322] DCTW
[14:45:23] [18/322] DCSP
[14:45:24] [19/322] KRPM
[14:45:24] [20/322] THKK
[14:45:25] 🔄 Identity reset
[14:45:25] 🔄 Identity rotated (every 10 requests)
[14:45:25] [21/322] SNMY
[14:45:26] [22/322] AKCC
[14:45:27] [23/322] PCAT
[14:45:28] [24/322] RFGO
[14:45:29] [25/322] GGCS
[14:45:30] [26/322] ACKR
[14:45:31] [27/322] STDO
[14:45:32] [28/322] ACKB
[14:45:33] [29/322] ALUC
[14:45:34] [30/322] MNSR
[14:45:35] 🔄 Identity reset
[14:45:35] 🔄 Identity rotated (every 10 requests)
[14:45:35] [31/322] CSSL
[14:45:36] [32/322] BGGM
[14:45:37] [33/322] MANT
[14:45:39] [34/322] SOOY
[14:45:40] [35/322] VPPK
[14:45:41] [36/322] MYHJ
[14:45:41] [37/322] KSCK
[14:45:43] [38/322] KATK
[14:45:43] [39/322] RTRT
[14:45:44] [40/322] SSTT
[14:45:45] 🔄 Identity reset
[14:45:45] 🔄 Identity rotated (every 10 requests)
[14:45:45] [41/322] SSTV
[14:45:46] [42/322] LACM
[14:45:47] [43/322] SGMG
[14:45:48] [44/322] KACX
[14:45:49] [45/322] GVCP
[14:45:50] [46/322] CSNC
[14:45:50] [47/322] SXCB
[14:45:52] [48/322] BAHS
[14:45:53] [49/322] PCBI
[14:45:53] [50/322] PSSM
[14:45:54] 🔄 Identity reset
[14:45:54] 🔄 Identity rotated (every 10 requests)
[14:45:54] [51/322] RCOK
[14:45:55] [52/322] SCPF
[14:45:56] [53/322] SSAS
[14:45:57] [54/322] EVMM
[14:45:58] [55/322] SYCB
[14:45:59] [56/322] GCKI
[14:46:00] [57/322] IAET
[14:46:01] [58/322] DDTD
[14:46:03] [59/322] GMDH
[14:46:04] [60/322] STLE
[14:46:04] 🔄 Identity reset
[14:46:04] 🔄 Identity rotated (every 10 requests)
[14:46:05] [61/322] JTRA
[14:46:05] [62/322] RPPA
[14:46:06] [63/322] ARUT
[14:46:07] [64/322] JTVM
[14:46:08] [65/322] SWRH
[14:46:09] [66/322] DCPC
[14:46:11] [67/322] RAPR
[14:46:12] [68/322] GCRT
[14:46:13] [69/322] ATUN
[14:46:14] [70/322] LTRM
[14:46:14] 🔄 Identity reset
[14:46:14] 🔄 Identity rotated (every 10 requests)
[14:46:15] [71/322] TASR
[14:46:16] [72/322] RLLC
[14:46:17] [73/322] MABI
[14:46:17] [74/322] SVHB
[14:46:18] [75/322] NVTB
[14:46:19] [76/322] KCKG
[14:46:20] [77/322] SSRN
[14:46:21] [78/322] VDDC
[14:46:22] [79/322] GKTK
[14:46:23] [80/322] YFSN
[14:46:23] 🔄 Identity reset
[14:46:23] 🔄 Identity rotated (every 10 requests)
[14:46:24] [81/322] GCSG
[14:46:25] [82/322] ESSM
[14:46:26] [83/322] KRIH
[14:46:26] [84/322] GCDS
[14:46:28] [85/322] CCSH
[14:46:29] [86/322] ACSK
[14:46:30] [87/322] APRK
[14:46:31] [88/322] ADKM
[14:46:32] [89/322] SRDM
[14:46:32] [90/322] SJMY
[14:46:33] 🔄 Identity reset
[14:46:33] 🔄 Identity rotated (every 10 requests)
[14:46:33] [91/322] PGGC
[14:46:34] [92/322] INGM
[14:46:35] [93/322] LSCB
[14:46:36] [94/322] STAD
[14:46:37] [95/322] MCCR
[14:46:38] [96/322] ABCC
[14:46:39] [97/322] RKCC
[14:46:40] [98/322] RTCR
[14:46:41] [99/322] GGBC
[14:46:42] [100/322] GCSD
[14:46:43] 🔄 Identity reset
[14:46:43] 🔄 Identity rotated (every 10 requests)
[14:46:43] [101/322] LPTY
[14:46:44] [102/322] MCFD
[14:46:45] [103/322] HENN
[14:46:46] [104/322] SMKU
[14:46:47] [105/322] TNZC
[14:46:47] [106/322] DRCD
[14:46:49] [107/322] DLCD
[14:46:49] [108/322] RCDA
[14:46:51] [109/322] COSM
[14:46:52] [110/322] MCMJ
[14:46:52] 🔄 Identity reset
[14:46:52] 🔄 Identity rotated (every 10 requests)
[14:46:53] [111/322] CSTR
[14:46:53] [112/322] CVDK
[14:46:54] [113/322] INRR
[14:46:55] [114/322] RJRT
[14:46:56] [115/322] IRMR
[14:46:57] [116/322] SRCF
[14:46:58] [117/322] GRCR
[14:46:59] [118/322] SURC
[14:47:00] [119/322] NMNH
[14:47:01] [120/322] SVBL
[14:47:01] 🔄 Identity reset
[14:47:01] 🔄 Identity rotated (every 10 requests)
[14:47:02] [121/322] KACI
[14:47:02] [122/322] TDGO
[14:47:03] [123/322] KTBR
[14:47:04] [124/322] PMAD
[14:47:05] [125/322] CCPN
[14:47:06] [126/322] SBTK
[14:47:07] [127/322] LMDK
[14:47:07] [128/322] PGDA
[14:47:08] [129/322] SRML
[14:47:09] [130/322] EVCK
[14:47:10] 🔄 Identity reset
[14:47:10] 🔄 Identity rotated (every 10 requests)
[14:47:10] [131/322] RTTK
[14:47:12] [132/322] SRTU
[14:47:13] [133/322] VRSA
[14:47:13] [134/322] VARS
[14:47:14] [135/322] DSCZ
[14:47:15] [136/322] GAGA
[14:47:16] [137/322] SARV
[14:47:17] [138/322] SEEG
[14:47:18] [139/322] GLCA
[14:47:18] [140/322] APAS
[14:47:19] 🔄 Identity reset
[14:47:19] 🔄 Identity rotated (every 10 requests)
[14:47:20] [141/322] VCIA
[14:47:20] [142/322] SJTA
[14:47:21] [143/322] SABM
[14:47:22] [144/322] PPAG
[14:47:23] [145/322] RVCA
[14:47:24] [146/322] CCIA
[14:47:25] [147/322] HTAG
[14:47:26] [148/322] SMBI
[14:47:26] [149/322] MCJR
[14:47:27] [150/322] CCJR
[14:47:28] 🔄 Identity reset
[14:47:28] 🔄 Identity rotated (every 10 requests)
[14:47:28] [151/322] SINF
[14:47:29] [152/322] CPLX
[14:47:30] [153/322] KKTJ
[14:47:31] [154/322] GDBW
[14:47:32] [155/322] CSUB
[14:47:33] [156/322] DABA
[14:47:34] [157/322] TITR
[14:47:34] [158/322] NYCR
[14:47:36] [159/322] RTRY
[14:47:37] [160/322] JTJL
[14:47:38] 🔄 Identity reset
[14:47:38] 🔄 Identity rotated (every 10 requests)
[14:47:38] [161/322] SJCP
[14:47:39] [162/322] KCCA
[14:47:40] [163/322] MLPG
[14:47:41] [164/322] VRCK
[14:47:42] [165/322] SRIN
[14:47:43] [166/322] CXMK
[14:47:44] [167/322] SKAD
[14:47:45] [168/322] AVTR
[14:47:46] [169/322] PTAJ
[14:47:47] [170/322] SCNK
[14:47:47] 🔄 Identity reset
[14:47:47] 🔄 Identity rotated (every 10 requests)
[14:47:48] [171/322] STTI
[14:47:49] [172/322] KACR
[14:47:49] [173/322] SSDX
[14:47:50] [174/322] VRTJ
[14:47:51] [175/322] RAJD
[14:47:52] [176/322] SCIP
[14:47:53] [177/322] RJSL
[14:47:54] [178/322] ARRS
[14:47:55] [179/322] ASMS
[14:47:56] [180/322] RDTS
[14:47:56] 🔄 Identity reset
[14:47:56] 🔄 Identity rotated (every 10 requests)
[14:47:57] [181/322] DVMY
[14:47:58] [182/322] RASA
[14:47:58] [183/322] INOM
[14:47:59] [184/322] SPRS
[14:48:00] [185/322] SGCS
[14:48:01] [186/322] SALM
[14:48:02] [187/322] PKHC
[14:48:03] [188/322] RCSV
[14:48:04] [189/322] CPKC
[14:48:05] [190/322] AACD
[14:48:05] 🔄 Identity reset
[14:48:05] 🔄 Identity rotated (every 10 requests)
[14:48:06] [191/322] GGCV
[14:48:06] [192/322] SMKD
[14:48:07] [193/322] NBCH
[14:48:08] [194/322] AMCB
[14:48:09] [195/322] OPCN
[14:48:10] [196/322] DCIN
[14:48:10] [197/322] INGW
[14:48:12] [198/322] PKKW
[14:48:13] [199/322] FNGW
[14:48:14] [200/322] GCGD
[14:48:15] 🔄 Identity reset
[14:48:15] 🔄 Identity rotated (every 10 requests)
[14:48:15] [201/322] MSTW
[14:48:16] [202/322] KCCG
[14:48:17] [203/322] MRSS
[14:48:18] [204/322] CLCF
[14:48:19] [205/322] EETS
[14:48:20] [206/322] AATR
[14:48:21] [207/322] CMMN
[14:48:21] [208/322] SCCJ
[14:48:23] [209/322] CDTK
[14:48:24] [210/322] AICP
[14:48:25] 🔄 Identity reset
[14:48:25] 🔄 Identity rotated (every 10 requests)
[14:48:25] [211/322] FNBP
[14:48:27] [212/322] CBPB
[14:48:28] [213/322] CPAS
[14:48:29] [214/322] MAPM
[14:48:29] [215/322] PASD
[14:48:31] [216/322] JCMN
[14:48:32] [217/322] MALB
[14:48:33] [218/322] SACG
[14:48:34] [219/322] DDRX
[14:48:35] [220/322] DDXB
[14:48:35] 🔄 Identity reset
[14:48:35] 🔄 Identity rotated (every 10 requests)
[14:48:35] [221/322] RAMC
[14:48:36] [222/322] SANC
[14:48:37] [223/322] BCBP
[14:48:38] [224/322] ALPC
[14:48:39] [225/322] RBAC
[14:48:40] [226/322] RAJL
[14:48:41] [227/322] MPDX
[14:48:41] [228/322] MUSC
[14:48:42] [229/322] VKMK
[14:48:43] [230/322] SKCG
[14:48:44] 🔄 Identity reset
[14:48:44] 🔄 Identity rotated (every 10 requests)
[14:48:44] [231/322] ANCN
[14:48:45] [232/322] MMCJ
[14:48:46] [233/322] DCAK
[14:48:47] [234/322] SCKG
[14:48:48] [235/322] LMCK
[14:48:49] [236/322] CKKX
[14:48:50] [237/322] ANKU
[14:48:50] [238/322] CSMD
[14:48:51] [239/322] MKMP
[14:48:52] [240/322] SVBG
[14:48:53] 🔄 Identity reset
[14:48:53] 🔄 Identity rotated (every 10 requests)
[14:48:53] [241/322] ROOP
[14:48:54] [242/322] GDMT
[14:48:55] [243/322] FPPF
[14:48:56] [244/322] SFUU
[14:48:57] [245/322] ANCB
[14:48:58] [246/322] SMMC
[14:48:59] [247/322] UGKT
[14:48:59] [248/322] JVRM
[14:49:00] [249/322] BATG
[14:49:01] [250/322] RATE
[14:49:02] 🔄 Identity reset
[14:49:02] 🔄 Identity rotated (every 10 requests)
[14:49:02] [251/322] SKME
[14:49:03] [252/322] LMTP
[14:49:04] [253/322] TCBD
[14:49:06] [254/322] ESBD
[14:49:07] [255/322] GDCU
[14:49:08] [256/322] SNKT
[14:49:08] [257/322] SRNK
[14:49:09] [258/322] SMED
[14:49:11] [259/322] CSQS
[14:49:11] [260/322] ALCS
[14:49:12] 🔄 Identity reset
[14:49:12] 🔄 Identity rotated (every 10 requests)
[14:49:12] [261/322] KCKN
[14:49:13] [262/322] VCCL
[14:49:14] [263/322] MCDA
[14:49:15] [264/322] SHMI
[14:49:16] [265/322] SKHA
[14:49:18] [266/322] SVFK
[14:49:18] [267/322] INVB
[14:49:19] [268/322] MELD
[14:49:20] [269/322] JTYS
[14:49:22] [270/322] INCM
[14:49:23] 🔄 Identity reset
[14:49:23] 🔄 Identity rotated (every 10 requests)
[14:49:23] [271/322] MCDV
[14:49:24] [272/322] KSGK
[14:49:25] [273/322] ICMG
[14:49:26] [274/322] CSCV
[14:49:27] [275/322] STMD
[14:49:28] [276/322] STTR
[14:49:29] [277/322] INVC
[14:49:30] [278/322] JTBL
[14:49:31] [279/322] SRVV
[14:49:32] [280/322] MAVC
[14:49:32] 🔄 Identity reset
[14:49:32] 🔄 Identity rotated (every 10 requests)
[14:49:33] [281/322] SRPP
[14:49:33] [282/322] JGDM
[14:49:34] [283/322] MBSJ
[14:49:35] [284/322] SSLL
[14:49:36] [285/322] SLKP
[14:49:37] [286/322] NSRV
[14:49:38] [287/322] UTDV
[14:49:39] [288/322] KICM
[14:49:40] [289/322] KCMD
[14:49:41] [290/322] TTPP
[14:49:42] 🔄 Identity reset
[14:49:42] 🔄 Identity rotated (every 10 requests)
[14:49:43] [291/322] KMPV
[14:49:43] [292/322] SKTV
[14:49:44] [293/322] STCV
[14:49:45] [294/322] SRDA
[14:49:46] [295/322] JTSX
[14:49:47] [296/322] STBV
[14:49:48] [297/322] APVZ
[14:49:49] [298/322] GSTV
[14:49:50] [299/322] NMVS
[14:49:50] [300/322] SKRT
[14:49:51] 🔄 Identity reset
[14:49:51] 🔄 Identity rotated (every 10 requests)
[14:49:51] [301/322] RMDV
[14:49:52] [302/322] RATG
[14:49:53] [303/322] SJYV
[14:49:54] [304/322] NDGP
[14:49:55] [305/322] SNDG
[14:49:55] [306/322] INSR
[14:49:56] [307/322] INSO
[14:49:57] [308/322] CCSI
[14:49:58] [309/322] RASM
[14:49:59] [310/322] NEWC
[14:50:00] 🔄 Identity reset
[14:50:00] 🔄 Identity rotated (every 10 requests)
[14:50:00] [311/322] VSHL
[14:50:01] [312/322] BISW
[14:50:02] [313/322] GCNG
[14:50:04] [314/322] CWSC
[14:50:04] [315/322] SKAN
[14:50:05] [316/322] CCOA
[14:50:06] [317/322] MCAJ
[14:50:07] [318/322] ACDE
[14:50:08] [319/322] AACM
[14:50:10] [320/322] JJCK
[14:50:10] 🔄 Identity reset
[14:50:10] 🔄 Identity rotated (every 10 requests)
[14:50:11] [321/322] RCMO
[14:50:12] [322/322] GDAW
[14:50:12] 🧹 Deduping shows
[14:50:12] ✅ DONE | Shows=2354 | Movies=74
