[03:36:31] 🚀 SCRIPT STARTED (enhanced anti‑detection)
[03:36:31] [1/326] BSAT
[03:36:32] 🧠 New identity created
[03:36:33] [2/326] RSSM
[03:36:34] [3/326] GCTA
[03:36:35] [4/326] TOPN
[03:36:36] [5/326] MCUS
[03:36:37] [6/326] SHRL
[03:36:38] [7/326] UPTP
[03:36:39] [8/326] TMMP
[03:36:40] [9/326] DNRP
[03:36:41] [10/326] SRLT
[03:36:41] 🔄 Identity reset
[03:36:41] 🔄 Identity rotated (every 10 requests)
[03:36:41] [11/326] RCNS
[03:36:43] [12/326] DCBH
[03:36:44] [13/326] NAGJ
[03:36:45] [14/326] JVRC
[03:36:46] [15/326] KRJG
[03:36:46] [16/326] SRTJ
[03:36:47] [17/326] CMXM
[03:36:48] [18/326] STMI
[03:36:49] [19/326] SLST
[03:36:50] [20/326] DTCN
[03:36:51] 🔄 Identity reset
[03:36:51] 🔄 Identity rotated (every 10 requests)
[03:36:51] [21/326] STYN
[03:36:52] [22/326] SZVR
[03:36:53] [23/326] SRKO
[03:36:54] [24/326] JTGT
[03:36:55] [25/326] SVFD
[03:36:55] [26/326] SISD
[03:36:56] [27/326] ABDD
[03:36:57] [28/326] DRCA
[03:36:58] [29/326] AVCS
[03:36:59] [30/326] MVKH
[03:37:00] 🔄 Identity reset
[03:37:00] 🔄 Identity rotated (every 10 requests)
[03:37:00] 🔄 Retry 1/5 for MVKH in 2.0s
[03:37:00] 🔄 Identity reset
[03:37:02] 🧠 New identity created
[03:37:02] [31/326] ACPR
[03:37:03] [32/326] STIP
[03:37:04] [33/326] MTRA
[03:37:05] [34/326] RMKH
[03:37:06] [35/326] NKRL
[03:37:07] [36/326] PCWN
[03:37:07] [37/326] BLMT
[03:37:08] [38/326] GDPG
[03:37:09] [39/326] SRMX
[03:37:10] 🔄 Identity reset
[03:37:10] 🔄 Identity rotated (every 10 requests)
[03:37:10] [40/326] JACP
[03:37:11] [41/326] CPSH
[03:37:12] [42/326] MCCD
[03:37:12] [43/326] ECGH
[03:37:13] [44/326] MKCK
[03:37:14] [45/326] SRMM
[03:37:15] [46/326] SKYR
[03:37:15] [47/326] PCKC
[03:37:16] [48/326] JCMA
[03:37:17] [49/326] BSMP
[03:37:18] 🔄 Identity reset
[03:37:18] 🔄 Identity rotated (every 10 requests)
[03:37:18] [50/326] VSPA
[03:37:19] [51/326] DJYA
[03:37:20] [52/326] DIMP
[03:37:21] [53/326] FXDR
[03:37:22] [54/326] SSRC
[03:37:23] [55/326] STHP
[03:37:24] [56/326] CPPD
[03:37:24] [57/326] FCLK
[03:37:25] [58/326] SCPP
[03:37:26] [59/326] DCMJ
[03:37:27] 🔄 Identity reset
[03:37:27] 🔄 Identity rotated (every 10 requests)
[03:37:27] [60/326] RCCR
[03:37:28] [61/326] INMT
[03:37:29] [62/326] LXTK
[03:37:30] [63/326] SRYK
[03:37:32] [64/326] SGDK
[03:37:33] [65/326] PPKA
[03:37:33] [66/326] SPKA
[03:37:35] [67/326] CGHH
[03:37:36] [68/326] DCJN
[03:37:37] [69/326] SRKV
[03:37:38] 🔄 Identity reset
[03:37:38] 🔄 Identity rotated (every 10 requests)
[03:37:39] [70/326] SAJC
[03:37:39] [71/326] SUSR
[03:37:41] [72/326] STYG
[03:37:42] [73/326] NTKP
[03:37:43] [74/326] AKTG
[03:37:43] [75/326] CGCM
[03:37:44] [76/326] TULC
[03:37:45] [77/326] NYYZ
[03:37:47] [78/326] NYBW
[03:37:48] [79/326] MACB
[03:37:49] 🔄 Identity reset
[03:37:49] 🔄 Identity rotated (every 10 requests)
[03:37:49] 🔄 Retry 1/5 for MACB in 2.5s
[03:37:49] 🔄 Identity reset
[03:37:52] 🧠 New identity created
[03:37:52] [80/326] SLVT
[03:37:53] [81/326] SANA
[03:37:54] [82/326] ACMR
[03:37:55] [83/326] CPKN
[03:37:55] [84/326] DLGK
[03:37:56] [85/326] CWCK
[03:37:57] [86/326] FDDH
[03:37:58] [87/326] MMMD
[03:38:00] [88/326] CMEH
[03:38:00] 🔄 Identity reset
[03:38:00] 🔄 Identity rotated (every 10 requests)
[03:38:00] [89/326] GGGV
[03:38:02] [90/326] SPJL
[03:38:02] [91/326] RCCD
[03:38:03] [92/326] STTZ
[03:38:04] [93/326] BTCF
[03:38:05] [94/326] TSTZ
[03:38:06] [95/326] IPMM
[03:38:07] [96/326] PMPW
[03:38:08] [97/326] PCMZ
[03:38:08] [98/326] ESEM
[03:38:09] 🔄 Identity reset
[03:38:09] 🔄 Identity rotated (every 10 requests)
[03:38:09] 🔄 Retry 1/5 for ESEM in 2.8s
[03:38:09] 🔄 Identity reset
[03:38:12] 🧠 New identity created
[03:38:12] [99/326] PIPO
[03:38:13] [100/326] MATK
[03:38:14] [101/326] PGHM
[03:38:15] [102/326] CTSR
[03:38:16] [103/326] CYKR
[03:38:16] [104/326] MSCM
[03:38:17] [105/326] RFNP
[03:38:18] [106/326] PDCP
[03:38:19] [107/326] NPSE
[03:38:20] 🔄 Identity reset
[03:38:20] 🔄 Identity rotated (every 10 requests)
[03:38:20] [108/326] MKML
[03:38:21] [109/326] FTDP
[03:38:22] [110/326] MMXA
[03:38:23] [111/326] CEPO
[03:38:24] [112/326] CMVP
[03:38:25] [113/326] SGTH
[03:38:26] [114/326] SAYN
[03:38:27] [115/326] URVS
[03:38:28] [116/326] VJTN
[03:38:29] [117/326] BBYK
[03:38:30] 🔄 Identity reset
[03:38:30] 🔄 Identity rotated (every 10 requests)
[03:38:30] [118/326] SHBO
[03:38:31] [119/326] VCMR
[03:38:32] [120/326] MACT
[03:38:33] [121/326] JMNP
[03:38:34] [122/326] VICS
[03:38:35] [123/326] VCDA
[03:38:37] [124/326] GCMM
[03:38:38] [125/326] INVS
[03:38:39] [126/326] SCGM
[03:38:40] [127/326] PCDA
[03:38:40] 🔄 Identity reset
[03:38:40] 🔄 Identity rotated (every 10 requests)
[03:38:41] [128/326] KDCT
[03:38:41] [129/326] JACS
[03:38:42] [130/326] GMMC
[03:38:43] [131/326] AICM
[03:38:44] [132/326] TJCM
[03:38:45] [133/326] RMTI
[03:38:46] [134/326] SHAC
[03:38:47] [135/326] APJC
[03:38:47] [136/326] GCTG
[03:38:48] [137/326] SSMC
[03:38:49] 🔄 Identity reset
[03:38:49] 🔄 Identity rotated (every 10 requests)
[03:38:49] [138/326] THRM
[03:38:50] [139/326] RBCT
[03:38:51] [140/326] DIKT
[03:38:52] [141/326] MIDL
[03:38:53] [142/326] VCSN
[03:38:54] [143/326] SKTG
[03:38:54] [144/326] SMWC
[03:38:55] [145/326] MNKH
[03:38:56] [146/326] PIAT
[03:38:57] [147/326] LTTP
[03:38:58] 🔄 Identity reset
[03:38:58] 🔄 Identity rotated (every 10 requests)
[03:38:58] 🔄 Retry 1/5 for LTTP in 2.6s
[03:38:58] 🔄 Identity reset
[03:39:00] 🧠 New identity created
[03:39:00] 🔄 Retry 2/5 for LTTP in 4.3s
[03:39:00] 🔄 Identity reset
[03:39:05] 🧠 New identity created
[03:39:05] 🔄 Retry 3/5 for LTTP in 9.0s
[03:39:05] 🔄 Identity reset
[03:39:14] 🧠 New identity created
[03:39:14] [148/326] PTPU
[03:39:15] [149/326] ACMG
[03:39:16] [150/326] SHMM
[03:39:17] [151/326] MCMN
[03:39:18] [152/326] GLDC
[03:39:19] [153/326] HOUT
[03:39:20] [154/326] SVRP
[03:39:20] 🔄 Identity reset
[03:39:21] 🔄 Identity rotated (every 10 requests)
[03:39:21] 🔄 Retry 1/5 for SVRP in 2.5s
[03:39:21] 🔄 Identity reset
[03:39:23] 🧠 New identity created
[03:39:23] [155/326] PVDN
[03:39:24] [156/326] SCPY
[03:39:25] [157/326] DTPY
[03:39:26] [158/326] GKCS
[03:39:27] [159/326] NCAM
[03:39:28] [160/326] BSRM
[03:39:29] [161/326] RCLC
[03:39:30] [162/326] SKKD
[03:39:31] [163/326] ACHU
[03:39:31] 🔄 Identity reset
[03:39:31] 🔄 Identity rotated (every 10 requests)
[03:39:31] 🔄 Retry 1/5 for ACHU in 2.1s
[03:39:31] 🔄 Identity reset
[03:39:33] 🧠 New identity created
[03:39:33] 🔄 Retry 2/5 for ACHU in 4.3s
[03:39:33] 🔄 Identity reset
[03:39:38] 🧠 New identity created
[03:39:38] [164/326] RSCF
[03:39:39] [165/326] IMSH
[03:39:40] [166/326] MACX
[03:39:41] [167/326] HMMW
[03:39:41] [168/326] JTCP
[03:39:42] [169/326] SREN
[03:39:43] [170/326] PJRR
[03:39:44] [171/326] INAC
[03:39:44] 🔄 Identity reset
[03:39:44] 🔄 Identity rotated (every 10 requests)
[03:39:45] [172/326] BMCA
[03:39:46] [173/326] SHCB
[03:39:46] [174/326] GABA
[03:39:47] [175/326] SBCT
[03:39:48] [176/326] GCMA
[03:39:49] [177/326] MYTK
[03:39:50] [178/326] INZS
[03:39:52] [179/326] RMIK
[03:39:54] [180/326] NYCH
[03:39:54] [181/326] RAVE
[03:39:55] 🔄 Identity reset
[03:39:55] 🔄 Identity rotated (every 10 requests)
[03:39:55] 🔄 Retry 1/5 for RAVE in 2.0s
[03:39:55] 🔄 Identity reset
[03:39:57] 🧠 New identity created
[03:39:58] [182/326] PSXM
[03:39:59] [183/326] MCGP
[03:39:59] [184/326] PDDK
[03:40:00] [185/326] SPCK
[03:40:01] [186/326] MCRL
[03:40:02] [187/326] MHKT
[03:40:03] [188/326] ANRR
[03:40:04] [189/326] SAPK
[03:40:04] [190/326] NCUK
[03:40:05] 🔄 Identity reset
[03:40:05] 🔄 Identity rotated (every 10 requests)
[03:40:05] 🔄 Retry 1/5 for NCUK in 2.7s
[03:40:05] 🔄 Identity reset
[03:40:08] 🧠 New identity created
[03:40:08] [191/326] JUGA
[03:40:10] [192/326] DBSC
[03:40:10] [193/326] LALK
[03:40:12] [194/326] GUCK
[03:40:12] [195/326] STSG
[03:40:13] [196/326] PPPZ
[03:40:14] [197/326] CNCY
[03:40:15] [198/326] MTAR
[03:40:17] [199/326] VNKD
[03:40:17] 🔄 Identity reset
[03:40:17] 🔄 Identity rotated (every 10 requests)
[03:40:18] [200/326] KMAJ
[03:40:18] [201/326] ACXK
[03:40:19] [202/326] UTKC
[03:40:20] [203/326] PBLK
[03:40:21] [204/326] ACBX
[03:40:22] [205/326] PTGM
[03:40:23] [206/326] BTDA
[03:40:23] [207/326] PJMB
[03:40:24] [208/326] TPDA
[03:40:26] [209/326] AMOE
[03:40:27] 🔄 Identity reset
[03:40:27] 🔄 Identity rotated (every 10 requests)
[03:40:27] [210/326] PRHT
[03:40:28] [211/326] PRTA
[03:40:29] [212/326] STAM
[03:40:30] [213/326] MSAA
[03:40:31] [214/326] SDLU
[03:40:32] [215/326] RCHH
[03:40:32] [216/326] KANT
[03:40:33] [217/326] FCRT
[03:40:34] [218/326] DNKM
[03:40:35] [219/326] RYCP
[03:40:36] 🔄 Identity reset
[03:40:36] 🔄 Identity rotated (every 10 requests)
[03:40:36] 🔄 Retry 1/5 for RYCP in 2.5s
[03:40:36] 🔄 Identity reset
[03:40:38] 🧠 New identity created
[03:40:38] [220/326] MYRP
[03:40:39] [221/326] PPAK
[03:40:40] [222/326] NVPK
[03:40:41] [223/326] PRMC
[03:40:43] [224/326] JBCS
[03:40:45] [225/326] GXCK
[03:40:46] [226/326] USKO
[03:40:47] [227/326] GTEM
[03:40:48] [228/326] SMBU
[03:40:48] 🔄 Identity reset
[03:40:48] 🔄 Identity rotated (every 10 requests)
[03:40:49] [229/326] VETC
[03:40:49] [230/326] LCDA
[03:40:50] [231/326] MTVT
[03:40:51] [232/326] PYCP
[03:40:52] [233/326] PNSC
[03:40:53] [234/326] PPCC
[03:40:53] [235/326] TGRT
[03:40:54] [236/326] JYOT
[03:40:55] [237/326] SRCZ
[03:40:56] [238/326] SJTE
[03:40:57] 🔄 Identity reset
[03:40:57] 🔄 Identity rotated (every 10 requests)
[03:40:57] 🔄 Retry 1/5 for SJTE in 2.6s
[03:40:57] 🔄 Identity reset
[03:41:00] 🧠 New identity created
[03:41:00] [239/326] DESC
[03:41:00] [240/326] JHVN
[03:41:02] [241/326] IPSG
[03:41:03] [242/326] IPCM
[03:41:04] [243/326] PDRS
[03:41:05] [244/326] ANCV
[03:41:06] [245/326] CMVV
[03:41:07] [246/326] SHYP
[03:41:08] [247/326] DNCS
[03:41:08] 🔄 Identity reset
[03:41:08] 🔄 Identity rotated (every 10 requests)
[03:41:09] [248/326] GAJK
[03:41:10] [249/326] AKTN
[03:41:11] [250/326] KAYA
[03:41:12] [251/326] SBRC
[03:41:13] [252/326] CHTP
[03:41:14] [253/326] SHRT
[03:41:14] [254/326] BCKU
[03:41:15] [255/326] FCPS
[03:41:16] [256/326] ARDD
[03:41:18] [257/326] CPCM
[03:41:18] 🔄 Identity reset
[03:41:18] 🔄 Identity rotated (every 10 requests)
[03:41:18] 🔄 Retry 1/5 for CPCM in 2.1s
[03:41:18] 🔄 Identity reset
[03:41:21] 🧠 New identity created
[03:41:21] 🔄 Retry 2/5 for CPCM in 4.2s
[03:41:21] 🔄 Identity reset
[03:41:25] 🧠 New identity created
[03:41:25] [258/326] CGSM
[03:41:26] [259/326] PSMP
[03:41:27] [260/326] SDAL
[03:41:28] [261/326] RTNB
[03:41:29] [262/326] LMCR
[03:41:29] [263/326] CIMA
[03:41:30] [264/326] RNAS
[03:41:31] [265/326] LITH
[03:41:31] 🔄 Identity reset
[03:41:31] 🔄 Identity rotated (every 10 requests)
[03:41:31] 🔄 Retry 1/5 for LITH in 2.2s
[03:41:31] 🔄 Identity reset
[03:41:33] 🧠 New identity created
[03:41:34] [266/326] PBOX
[03:41:35] [267/326] FRTS
[03:41:36] [268/326] RKIC
[03:41:37] [269/326] PTAI
[03:41:38] [270/326] GCIC
[03:41:39] [271/326] FNAS
[03:41:40] [272/326] SCAR
[03:41:40] [273/326] MTCA
[03:41:41] [274/326] SCTS
[03:41:41] 🔄 Identity reset
[03:41:41] 🔄 Identity rotated (every 10 requests)
[03:41:41] [275/326] SYCS
[03:41:43] [276/326] RDMS
[03:41:43] [277/326] KAMP
[03:41:44] [278/326] ERSD
[03:41:45] [279/326] MJMJ
[03:41:46] [280/326] SRCJ
[03:41:47] [281/326] SCXE
[03:41:49] [282/326] SVFR
[03:41:50] [283/326] BHCS
[03:41:51] [284/326] IMCC
[03:41:51] 🔄 Identity reset
[03:41:51] 🔄 Identity rotated (every 10 requests)
[03:41:52] 🔄 Retry 1/5 for IMCC in 2.5s
[03:41:52] 🔄 Identity reset
[03:41:54] 🧠 New identity created
[03:41:54] [285/326] PCBO
[03:41:55] [286/326] PRVN
[03:41:56] [287/326] AUPM
[03:41:57] [288/326] INBW
[03:41:58] [289/326] SVCW
[03:41:59] [290/326] RKCF
[03:42:00] [291/326] UVBH
[03:42:01] [292/326] DNCY
[03:42:02] [293/326] ABCN
[03:42:02] 🔄 Identity reset
[03:42:02] 🔄 Identity rotated (every 10 requests)
[03:42:03] [294/326] PRUR
[03:42:04] [295/326] PFMR
[03:42:05] [296/326] RKCN
[03:42:06] [297/326] CFEA
[03:42:07] [298/326] SDBG
[03:42:08] [299/326] SNAR
[03:42:09] [300/326] YISI
[03:42:10] [301/326] JCFF
[03:42:11] [302/326] VTRK
[03:42:12] [303/326] PCLZ
[03:42:12] 🔄 Identity reset
[03:42:12] 🔄 Identity rotated (every 10 requests)
[03:42:13] [304/326] DIMY
[03:42:14] [305/326] BBTS
[03:42:14] [306/326] GATH
[03:42:16] [307/326] GTMN
[03:42:17] [308/326] VTMH
[03:42:18] [309/326] CCKP
[03:42:19] [310/326] GPKA
[03:42:20] [311/326] MHCL
[03:42:21] [312/326] ATCL
[03:42:22] [313/326] SBCK
[03:42:23] 🔄 Identity reset
[03:42:23] 🔄 Identity rotated (every 10 requests)
[03:42:23] [314/326] AMMR
[03:42:24] [315/326] MADC
[03:42:25] [316/326] TMMA
[03:42:26] [317/326] CACC
[03:42:27] [318/326] CHAL
[03:42:28] [319/326] DURG
[03:42:29] [320/326] GMKU
[03:42:30] [321/326] GECA
[03:42:30] [322/326] KYRR
[03:42:31] [323/326] KSDE
[03:42:32] 🔄 Identity reset
[03:42:32] 🔄 Identity rotated (every 10 requests)
[03:42:32] [324/326] LMCI
[03:42:33] [325/326] NKCP
[03:42:34] [326/326] BGTC
[03:42:35] 🧹 Deduping shows
[03:42:35] ✅ DONE | Shows=1659 | Movies=58
[10:46:12] 🚀 SCRIPT STARTED (enhanced anti‑detection)
[10:46:12] [1/326] BSAT
[10:46:13] 🧠 New identity created
[10:46:13] [2/326] RSSM
[10:46:14] [3/326] GCTA
[10:46:15] [4/326] TOPN
[10:46:16] [5/326] MCUS
[10:46:17] [6/326] SHRL
[10:46:18] [7/326] UPTP
[10:46:19] [8/326] TMMP
[10:46:19] [9/326] DNRP
[10:46:20] [10/326] SRLT
[10:46:21] 🔄 Identity reset
[10:46:21] 🔄 Identity rotated (every 10 requests)
[10:46:21] 🔄 Retry 1/5 for SRLT in 2.1s
[10:46:21] 🔄 Identity reset
[10:46:23] 🧠 New identity created
[10:46:23] [11/326] RCNS
[10:46:24] [12/326] DCBH
[10:46:25] [13/326] NAGJ
[10:46:26] [14/326] JVRC
[10:46:27] [15/326] KRJG
[10:46:28] [16/326] SRTJ
[10:46:29] [17/326] CMXM
[10:46:30] [18/326] STMI
[10:46:30] [19/326] SLST
[10:46:31] 🔄 Identity reset
[10:46:31] 🔄 Identity rotated (every 10 requests)
[10:46:31] 🔄 Retry 1/5 for SLST in 2.7s
[10:46:31] 🔄 Identity reset
[10:46:34] 🧠 New identity created
[10:46:34] 🔄 Retry 2/5 for SLST in 4.1s
[10:46:34] 🔄 Identity reset
[10:46:38] 🧠 New identity created
[10:46:38] [20/326] DTCN
[10:46:39] [21/326] STYN
[10:46:40] [22/326] SZVR
[10:46:41] [23/326] SRKO
[10:46:41] [24/326] JTGT
[10:46:42] [25/326] SVFD
[10:46:43] [26/326] SISD
[10:46:44] [27/326] ABDD
[10:46:45] 🔄 Identity reset
[10:46:45] 🔄 Identity rotated (every 10 requests)
[10:46:45] [28/326] DRCA
[10:46:46] [29/326] AVCS
[10:46:47] [30/326] MVKH
[10:46:48] [31/326] ACPR
[10:46:49] [32/326] STIP
[10:46:50] [33/326] MTRA
[10:46:51] [34/326] RMKH
[10:46:52] [35/326] NKRL
[10:46:53] [36/326] PCWN
[10:46:54] [37/326] BLMT
[10:46:54] 🔄 Identity reset
[10:46:54] 🔄 Identity rotated (every 10 requests)
[10:46:55] [38/326] GDPG
[10:46:56] [39/326] SRMX
[10:46:56] [40/326] JACP
[10:46:57] [41/326] CPSH
[10:46:58] [42/326] MCCD
[10:46:59] [43/326] ECGH
[10:47:00] [44/326] MKCK
[10:47:01] [45/326] SRMM
[10:47:02] [46/326] SKYR
[10:47:03] [47/326] PCKC
[10:47:03] 🔄 Identity reset
[10:47:03] 🔄 Identity rotated (every 10 requests)
[10:47:04] [48/326] JCMA
[10:47:05] [49/326] BSMP
[10:47:05] [50/326] VSPA
[10:47:06] [51/326] DJYA
[10:47:07] [52/326] DIMP
[10:47:08] [53/326] FXDR
[10:47:09] [54/326] SSRC
[10:47:10] [55/326] STHP
[10:47:11] [56/326] CPPD
[10:47:12] [57/326] FCLK
[10:47:12] 🔄 Identity reset
[10:47:12] 🔄 Identity rotated (every 10 requests)
[10:47:13] [58/326] SCPP
[10:47:14] [59/326] DCMJ
[10:47:15] [60/326] RCCR
[10:47:15] [61/326] INMT
[10:47:16] [62/326] LXTK
[10:47:17] [63/326] SRYK
[10:47:18] [64/326] SGDK
[10:47:20] [65/326] PPKA
[10:47:20] [66/326] SPKA
[10:47:21] [67/326] CGHH
[10:47:22] 🔄 Identity reset
[10:47:22] 🔄 Identity rotated (every 10 requests)
[10:47:22] [68/326] DCJN
[10:47:23] [69/326] SRKV
[10:47:24] [70/326] SAJC
[10:47:26] [71/326] SUSR
[10:47:28] [72/326] STYG
[10:47:29] [73/326] NTKP
[10:47:30] [74/326] AKTG
[10:47:31] [75/326] CGCM
[10:47:32] [76/326] TULC
[10:47:33] [77/326] NYYZ
[10:47:33] 🔄 Identity reset
[10:47:33] 🔄 Identity rotated (every 10 requests)
[10:47:34] [78/326] NYBW
[10:47:35] [79/326] MACB
[10:47:36] [80/326] SLVT
[10:47:37] [81/326] SANA
[10:47:38] [82/326] ACMR
[10:47:39] [83/326] CPKN
[10:47:40] [84/326] DLGK
[10:47:41] [85/326] CWCK
[10:47:41] [86/326] FDDH
[10:47:42] [87/326] MMMD
[10:47:43] 🔄 Identity reset
[10:47:43] 🔄 Identity rotated (every 10 requests)
[10:47:43] 🔄 Retry 1/5 for MMMD in 2.9s
[10:47:43] 🔄 Identity reset
[10:47:46] 🧠 New identity created
[10:47:46] 🔄 Retry 2/5 for MMMD in 4.4s
[10:47:46] 🔄 Identity reset
[10:47:50] 🧠 New identity created
[10:47:51] [88/326] CMEH
[10:47:52] [89/326] GGGV
[10:47:52] [90/326] SPJL
[10:47:53] [91/326] RCCD
[10:47:54] [92/326] STTZ
[10:47:55] [93/326] BTCF
[10:47:55] [94/326] TSTZ
[10:47:57] [95/326] IPMM
[10:47:57] 🔄 Identity reset
[10:47:57] 🔄 Identity rotated (every 10 requests)
[10:47:57] [96/326] PMPW
[10:47:58] [97/326] PCMZ
[10:47:59] [98/326] ESEM
[10:48:00] [99/326] PIPO
[10:48:01] [100/326] MATK
[10:48:03] [101/326] PGHM
[10:48:04] [102/326] CTSR
[10:48:05] [103/326] CYKR
[10:48:06] [104/326] MSCM
[10:48:07] [105/326] RFNP
[10:48:08] 🔄 Identity reset
[10:48:08] 🔄 Identity rotated (every 10 requests)
[10:48:08] 🔄 Retry 1/5 for RFNP in 2.5s
[10:48:08] 🔄 Identity reset
[10:48:10] 🧠 New identity created
[10:48:10] 🔄 Retry 2/5 for RFNP in 4.4s
[10:48:10] 🔄 Identity reset
[10:48:15] 🧠 New identity created
[10:48:15] 🔄 Retry 3/5 for RFNP in 8.9s
[10:48:15] 🔄 Identity reset
[10:48:24] 🧠 New identity created
[10:48:24] [106/326] PDCP
[10:48:26] [107/326] NPSE
[10:48:28] [108/326] MKML
[10:48:29] [109/326] FTDP
[10:48:29] [110/326] MMXA
[10:48:31] [111/326] CEPO
[10:48:32] [112/326] CMVP
[10:48:32] 🔄 Identity reset
[10:48:32] 🔄 Identity rotated (every 10 requests)
[10:48:33] [113/326] SGTH
[10:48:34] [114/326] SAYN
[10:48:35] [115/326] URVS
[10:48:37] [116/326] VJTN
[10:48:37] [117/326] BBYK
[10:48:39] [118/326] SHBO
[10:48:39] [119/326] VCMR
[10:48:40] [120/326] MACT
[10:48:41] [121/326] JMNP
[10:48:42] [122/326] VICS
[10:48:42] 🔄 Identity reset
[10:48:42] 🔄 Identity rotated (every 10 requests)
[10:48:42] 🔄 Retry 1/5 for VICS in 2.9s
[10:48:42] 🔄 Identity reset
[10:48:45] 🧠 New identity created
[10:48:45] 🔄 Retry 2/5 for VICS in 4.6s
[10:48:45] 🔄 Identity reset
[10:48:50] 🧠 New identity created
[10:48:50] 🔄 Retry 3/5 for VICS in 8.9s
[10:48:50] 🔄 Identity reset
[10:48:59] 🧠 New identity created
[10:48:59] 🔄 Retry 4/5 for VICS in 16.6s
[10:48:59] 🔄 Identity reset
[10:49:16] 🧠 New identity created
[10:49:16] ❌ VICS failed after 5 attempts
[10:49:16] 🔄 Identity reset
[10:49:16] ❌ VICS final failure | RuntimeError | HTTP 403
[10:49:16] [123/326] VCDA
[10:49:17] 🧠 New identity created
[10:49:17] 🔄 Retry 1/5 for VCDA in 2.3s
[10:49:17] 🔄 Identity reset
[10:49:19] 🧠 New identity created
[10:49:19] [124/326] GCMM
[10:49:20] [125/326] INVS
[10:49:21] [126/326] SCGM
[10:49:22] [127/326] PCDA
[10:49:23] 🔄 Identity reset
[10:49:23] 🔄 Identity rotated (every 10 requests)
[10:49:23] 🔄 Retry 1/5 for PCDA in 2.9s
[10:49:23] 🔄 Identity reset
[10:49:26] 🧠 New identity created
[10:49:26] 🔄 Retry 2/5 for PCDA in 4.2s
[10:49:26] 🔄 Identity reset
[10:49:30] 🧠 New identity created
[10:49:30] 🔄 Retry 3/5 for PCDA in 8.5s
[10:49:30] 🔄 Identity reset
[10:49:39] 🧠 New identity created
[10:49:39] 🔄 Retry 4/5 for PCDA in 16.8s
[10:49:39] 🔄 Identity reset
[10:49:55] 🧠 New identity created
[10:49:56] [128/326] KDCT
[10:49:56] [129/326] JACS
[10:49:57] [130/326] GMMC
[10:49:58] [131/326] AICM
[10:49:59] [132/326] TJCM
[10:50:00] [133/326] RMTI
[10:50:01] 🔄 Identity reset
[10:50:01] 🔄 Identity rotated (every 10 requests)
[10:50:01] [134/326] SHAC
[10:50:02] [135/326] APJC
[10:50:03] [136/326] GCTG
[10:50:04] [137/326] SSMC
[10:50:05] [138/326] THRM
[10:50:06] [139/326] RBCT
[10:50:06] [140/326] DIKT
[10:50:07] [141/326] MIDL
[10:50:08] [142/326] VCSN
[10:50:09] [143/326] SKTG
[10:50:10] 🔄 Identity reset
[10:50:10] 🔄 Identity rotated (every 10 requests)
[10:50:10] [144/326] SMWC
[10:50:11] [145/326] MNKH
[10:50:12] [146/326] PIAT
[10:50:13] [147/326] LTTP
[10:50:14] [148/326] PTPU
[10:50:14] [149/326] ACMG
[10:50:15] [150/326] SHMM
[10:50:16] [151/326] MCMN
[10:50:17] [152/326] GLDC
[10:50:18] [153/326] HOUT
[10:50:18] 🔄 Identity reset
[10:50:18] 🔄 Identity rotated (every 10 requests)
[10:50:18] 🔄 Retry 1/5 for HOUT in 2.4s
[10:50:18] 🔄 Identity reset
[10:50:21] 🧠 New identity created
[10:50:21] 🔄 Retry 2/5 for HOUT in 4.6s
[10:50:21] 🔄 Identity reset
[10:50:25] 🧠 New identity created
[10:50:26] [154/326] SVRP
[10:50:27] [155/326] PVDN
[10:50:27] [156/326] SCPY
[10:50:28] [157/326] DTPY
[10:50:29] [158/326] GKCS
[10:50:30] [159/326] NCAM
[10:50:31] [160/326] BSRM
[10:50:33] [161/326] RCLC
[10:50:33] 🔄 Identity reset
[10:50:33] 🔄 Identity rotated (every 10 requests)
[10:50:35] [162/326] SKKD
[10:50:35] [163/326] ACHU
[10:50:36] [164/326] RSCF
[10:50:37] [165/326] IMSH
[10:50:38] [166/326] MACX
[10:50:39] [167/326] HMMW
[10:50:40] [168/326] JTCP
[10:50:41] [169/326] SREN
[10:50:42] [170/326] PJRR
[10:50:43] [171/326] INAC
[10:50:44] 🔄 Identity reset
[10:50:44] 🔄 Identity rotated (every 10 requests)
[10:50:44] [172/326] BMCA
[10:50:45] [173/326] SHCB
[10:50:46] [174/326] GABA
[10:50:47] [175/326] SBCT
[10:50:48] [176/326] GCMA
[10:50:49] [177/326] MYTK
[10:50:49] [178/326] INZS
[10:50:50] [179/326] RMIK
[10:50:51] [180/326] NYCH
[10:50:52] [181/326] RAVE
[10:50:53] 🔄 Identity reset
[10:50:53] 🔄 Identity rotated (every 10 requests)
[10:50:53] [182/326] PSXM
[10:50:54] [183/326] MCGP
[10:50:55] [184/326] PDDK
[10:50:56] [185/326] SPCK
[10:50:57] [186/326] MCRL
[10:50:58] [187/326] MHKT
[10:50:59] [188/326] ANRR
[10:51:00] [189/326] SAPK
[10:51:01] [190/326] NCUK
[10:51:02] [191/326] JUGA
[10:51:02] 🔄 Identity reset
[10:51:02] 🔄 Identity rotated (every 10 requests)
[10:51:03] [192/326] DBSC
[10:51:04] [193/326] LALK
[10:51:05] [194/326] GUCK
[10:51:06] [195/326] STSG
[10:51:07] [196/326] PPPZ
[10:51:08] [197/326] CNCY
[10:51:08] [198/326] MTAR
[10:51:09] [199/326] VNKD
[10:51:10] [200/326] KMAJ
[10:51:11] [201/326] ACXK
[10:51:12] 🔄 Identity reset
[10:51:12] 🔄 Identity rotated (every 10 requests)
[10:51:12] [202/326] UTKC
[10:51:13] [203/326] PBLK
[10:51:14] [204/326] ACBX
[10:51:15] [205/326] PTGM
[10:51:16] [206/326] BTDA
[10:51:16] [207/326] PJMB
[10:51:17] [208/326] TPDA
[10:51:18] [209/326] AMOE
[10:51:19] [210/326] PRHT
[10:51:21] [211/326] PRTA
[10:51:21] 🔄 Identity reset
[10:51:21] 🔄 Identity rotated (every 10 requests)
[10:51:21] 🔄 Retry 1/5 for PRTA in 2.5s
[10:51:21] 🔄 Identity reset
[10:51:24] 🧠 New identity created
[10:51:24] [212/326] STAM
[10:51:26] [213/326] MSAA
[10:51:27] [214/326] SDLU
[10:51:28] [215/326] RCHH
[10:51:29] [216/326] KANT
[10:51:30] [217/326] FCRT
[10:51:31] [218/326] DNKM
[10:51:32] [219/326] RYCP
[10:51:33] [220/326] MYRP
[10:51:34] 🔄 Identity reset
[10:51:34] 🔄 Identity rotated (every 10 requests)
[10:51:34] [221/326] PPAK
[10:51:35] [222/326] NVPK
[10:51:36] [223/326] PRMC
[10:51:37] [224/326] JBCS
[10:51:38] [225/326] GXCK
[10:51:40] [226/326] USKO
[10:51:40] [227/326] GTEM
[10:51:41] [228/326] SMBU
[10:51:42] [229/326] VETC
[10:51:43] [230/326] LCDA
[10:51:44] 🔄 Identity reset
[10:51:44] 🔄 Identity rotated (every 10 requests)
[10:51:44] 🔄 Retry 1/5 for LCDA in 2.8s
[10:51:44] 🔄 Identity reset
[10:51:47] 🧠 New identity created
[10:51:47] 🔄 Retry 2/5 for LCDA in 4.3s
[10:51:47] 🔄 Identity reset
[10:51:51] 🧠 New identity created
[10:51:51] [231/326] MTVT
[10:51:52] [232/326] PYCP
[10:51:53] [233/326] PNSC
[10:51:54] [234/326] PPCC
[10:51:55] [235/326] TGRT
[10:51:56] [236/326] JYOT
[10:51:58] [237/326] SRCZ
[10:51:58] [238/326] SJTE
[10:51:59] 🔄 Identity reset
[10:51:59] 🔄 Identity rotated (every 10 requests)
[10:51:59] 🔄 Retry 1/5 for SJTE in 2.6s
[10:51:59] 🔄 Identity reset
[10:52:02] 🧠 New identity created
[10:52:02] [239/326] DESC
[10:52:03] [240/326] JHVN
[10:52:04] [241/326] IPSG
[10:52:04] [242/326] IPCM
[10:52:05] [243/326] PDRS
[10:52:06] [244/326] ANCV
[10:52:07] [245/326] CMVV
[10:52:08] [246/326] SHYP
[10:52:09] [247/326] DNCS
[10:52:09] 🔄 Identity reset
[10:52:09] 🔄 Identity rotated (every 10 requests)
[10:52:09] 🔄 Retry 1/5 for DNCS in 2.1s
[10:52:09] 🔄 Identity reset
[10:52:12] 🧠 New identity created
[10:52:12] 🔄 Retry 2/5 for DNCS in 4.1s
[10:52:12] 🔄 Identity reset
[10:52:16] 🧠 New identity created
[10:52:16] [248/326] GAJK
[10:52:17] [249/326] AKTN
[10:52:18] [250/326] KAYA
[10:52:18] [251/326] SBRC
[10:52:19] [252/326] CHTP
[10:52:20] [253/326] SHRT
[10:52:22] [254/326] BCKU
[10:52:23] [255/326] FCPS
[10:52:23] 🔄 Identity reset
[10:52:23] 🔄 Identity rotated (every 10 requests)
[10:52:24] [256/326] ARDD
[10:52:25] [257/326] CPCM
[10:52:26] [258/326] CGSM
[10:52:27] [259/326] PSMP
[10:52:27] [260/326] SDAL
[10:52:29] [261/326] RTNB
[10:52:29] [262/326] LMCR
[10:52:30] [263/326] CIMA
[10:52:31] [264/326] RNAS
[10:52:32] [265/326] LITH
[10:52:33] 🔄 Identity reset
[10:52:33] 🔄 Identity rotated (every 10 requests)
[10:52:33] [266/326] PBOX
[10:52:34] [267/326] FRTS
[10:52:35] [268/326] RKIC
[10:52:36] [269/326] PTAI
[10:52:37] [270/326] GCIC
[10:52:38] [271/326] FNAS
[10:52:39] [272/326] SCAR
[10:52:40] [273/326] MTCA
[10:52:41] [274/326] SCTS
[10:52:42] [275/326] SYCS
[10:52:42] 🔄 Identity reset
[10:52:42] 🔄 Identity rotated (every 10 requests)
[10:52:43] [276/326] RDMS
[10:52:44] [277/326] KAMP
[10:52:45] [278/326] ERSD
[10:52:46] [279/326] MJMJ
[10:52:47] [280/326] SRCJ
[10:52:47] [281/326] SCXE
[10:52:49] [282/326] SVFR
[10:52:50] [283/326] BHCS
[10:52:51] [284/326] IMCC
[10:52:52] [285/326] PCBO
[10:52:52] 🔄 Identity reset
[10:52:52] 🔄 Identity rotated (every 10 requests)
[10:52:53] [286/326] PRVN
[10:52:54] [287/326] AUPM
[10:52:54] [288/326] INBW
[10:52:55] [289/326] SVCW
[10:52:56] [290/326] RKCF
[10:52:57] [291/326] UVBH
[10:52:58] [292/326] DNCY
[10:52:59] [293/326] ABCN
[10:53:00] [294/326] PRUR
[10:53:02] [295/326] PFMR
[10:53:02] 🔄 Identity reset
[10:53:02] 🔄 Identity rotated (every 10 requests)
[10:53:02] 🔄 Retry 1/5 for PFMR in 2.6s
[10:53:02] 🔄 Identity reset
[10:53:05] 🧠 New identity created
[10:53:05] [296/326] RKCN
[10:53:06] [297/326] CFEA
[10:53:07] [298/326] SDBG
[10:53:08] [299/326] SNAR
[10:53:09] [300/326] YISI
[10:53:10] [301/326] JCFF
[10:53:10] [302/326] VTRK
[10:53:11] [303/326] PCLZ
[10:53:12] [304/326] DIMY
[10:53:13] 🔄 Identity reset
[10:53:13] 🔄 Identity rotated (every 10 requests)
[10:53:13] [305/326] BBTS
[10:53:14] [306/326] GATH
[10:53:15] [307/326] GTMN
[10:53:17] [308/326] VTMH
[10:53:18] [309/326] CCKP
[10:53:18] [310/326] GPKA
[10:53:19] [311/326] MHCL
[10:53:20] [312/326] ATCL
[10:53:21] [313/326] SBCK
[10:53:22] [314/326] AMMR
[10:53:23] 🔄 Identity reset
[10:53:23] 🔄 Identity rotated (every 10 requests)
[10:53:23] [315/326] MADC
[10:53:24] [316/326] TMMA
[10:53:25] [317/326] CACC
[10:53:26] [318/326] CHAL
[10:53:27] [319/326] DURG
[10:53:28] [320/326] GMKU
[10:53:29] [321/326] GECA
[10:53:29] [322/326] KYRR
[10:53:30] [323/326] KSDE
[10:53:31] [324/326] LMCI
[10:53:32] 🔄 Identity reset
[10:53:32] 🔄 Identity rotated (every 10 requests)
[10:53:32] [325/326] NKCP
[10:53:33] [326/326] BGTC
[10:53:34] 🔁 RETRY ROUND 1 | Remaining: 1
[10:53:34] [RETRY-1] VICS
[10:53:36] 🧹 Deduping shows
[10:53:36] ✅ DONE | Shows=1686 | Movies=57
[05:40:17] 🚀 SCRIPT STARTED (enhanced anti‑detection)
[05:40:17] [1/326] BSAT
[05:40:18] 🧠 New identity created
[05:40:18] 🔄 Retry 1/5 for BSAT in 2.3s
[05:40:18] 🔄 Identity reset
[05:40:20] 🧠 New identity created
[05:40:20] 🔄 Retry 2/5 for BSAT in 4.6s
[05:40:20] 🔄 Identity reset
[05:40:25] 🧠 New identity created
[05:40:25] [2/326] RSSM
[05:40:26] [3/326] GCTA
[05:40:27] [4/326] TOPN
[05:40:27] [5/326] MCUS
[05:40:28] [6/326] SHRL
[05:40:29] [7/326] UPTP
[05:40:30] [8/326] TMMP
[05:40:30] 🔄 Identity reset
[05:40:30] 🔄 Identity rotated (every 10 requests)
[05:40:30] 🔄 Retry 1/5 for TMMP in 2.1s
[05:40:30] 🔄 Identity reset
[05:40:33] 🧠 New identity created
[05:40:33] 🔄 Retry 2/5 for TMMP in 4.6s
[05:40:33] 🔄 Identity reset
[05:40:37] 🧠 New identity created
[05:40:38] [9/326] DNRP
[05:40:38] [10/326] SRLT
[05:40:39] [11/326] RCNS
[05:40:40] [12/326] DCBH
[05:40:41] [13/326] NAGJ
[05:40:42] [14/326] JVRC
[05:40:43] [15/326] KRJG
[05:40:44] [16/326] SRTJ
[05:40:44] 🔄 Identity reset
[05:40:44] 🔄 Identity rotated (every 10 requests)
[05:40:45] [17/326] CMXM
[05:40:45] [18/326] STMI
[05:40:46] [19/326] SLST
[05:40:47] [20/326] DTCN
[05:40:48] [21/326] STYN
[05:40:49] [22/326] SZVR
[05:40:50] [23/326] SRKO
[05:40:51] [24/326] JTGT
[05:40:51] [25/326] SVFD
[05:40:52] [26/326] SISD
[05:40:53] 🔄 Identity reset
[05:40:53] 🔄 Identity rotated (every 10 requests)
[05:40:53] 🔄 Retry 1/5 for SISD in 2.9s
[05:40:53] 🔄 Identity reset
[05:40:56] 🧠 New identity created
[05:40:56] 🔄 Retry 2/5 for SISD in 5.0s
[05:40:56] 🔄 Identity reset
[05:41:01] 🧠 New identity created
[05:41:01] 🔄 Retry 3/5 for SISD in 8.9s
[05:41:01] 🔄 Identity reset
[05:41:10] 🧠 New identity created
[05:41:10] 🔄 Retry 4/5 for SISD in 16.4s
[05:41:10] 🔄 Identity reset
[05:41:26] 🧠 New identity created
[05:41:26] ❌ SISD failed after 5 attempts
[05:41:26] 🔄 Identity reset
[05:41:26] ❌ SISD final failure | RuntimeError | HTTP 403
[05:41:26] [27/326] ABDD
[05:41:27] 🧠 New identity created
[05:41:27] [28/326] DRCA
[05:41:28] [29/326] AVCS
[05:41:29] [30/326] MVKH
[05:41:30] [31/326] ACPR
[05:41:31] [32/326] STIP
[05:41:31] 🔄 Identity reset
[05:41:31] 🔄 Identity rotated (every 10 requests)
[05:41:32] [33/326] MTRA
[05:41:33] [34/326] RMKH
[05:41:34] [35/326] NKRL
[05:41:35] [36/326] PCWN
[05:41:36] [37/326] BLMT
[05:41:37] [38/326] GDPG
[05:41:37] [39/326] SRMX
[05:41:38] [40/326] JACP
[05:41:39] [41/326] CPSH
[05:41:40] [42/326] MCCD
[05:41:40] 🔄 Identity reset
[05:41:40] 🔄 Identity rotated (every 10 requests)
[05:41:41] 🔄 Retry 1/5 for MCCD in 3.0s
[05:41:41] 🔄 Identity reset
[05:41:44] 🧠 New identity created
[05:41:44] 🔄 Retry 2/5 for MCCD in 4.5s
[05:41:44] 🔄 Identity reset
[05:41:48] 🧠 New identity created
[05:41:48] [43/326] ECGH
[05:41:49] [44/326] MKCK
[05:41:50] [45/326] SRMM
[05:41:51] [46/326] SKYR
[05:41:52] [47/326] PCKC
[05:41:53] [48/326] JCMA
[05:41:54] [49/326] BSMP
[05:41:55] [50/326] VSPA
[05:41:55] 🔄 Identity reset
[05:41:55] 🔄 Identity rotated (every 10 requests)
[05:41:56] [51/326] DJYA
[05:41:57] [52/326] DIMP
[05:41:58] [53/326] FXDR
[05:41:58] [54/326] SSRC
[05:41:59] [55/326] STHP
[05:42:00] [56/326] CPPD
[05:42:01] [57/326] FCLK
[05:42:01] [58/326] SCPP
[05:42:03] [59/326] DCMJ
[05:42:04] [60/326] RCCR
[05:42:04] 🔄 Identity reset
[05:42:04] 🔄 Identity rotated (every 10 requests)
[05:42:04] [61/326] INMT
[05:42:05] [62/326] LXTK
[05:42:06] [63/326] SRYK
[05:42:07] [64/326] SGDK
[05:42:08] [65/326] PPKA
[05:42:09] [66/326] SPKA
[05:42:09] [67/326] CGHH
[05:42:10] [68/326] DCJN
[05:42:11] [69/326] SRKV
[05:42:12] [70/326] SAJC
[05:42:13] 🔄 Identity reset
[05:42:13] 🔄 Identity rotated (every 10 requests)
[05:42:13] [71/326] SUSR
[05:42:14] [72/326] STYG
[05:42:15] [73/326] NTKP
[05:42:16] [74/326] AKTG
[05:42:16] [75/326] CGCM
[05:42:17] [76/326] TULC
[05:42:18] [77/326] NYYZ
[05:42:19] [78/326] NYBW
[05:42:19] [79/326] MACB
[05:42:21] [80/326] SLVT
[05:42:22] 🔄 Identity reset
[05:42:22] 🔄 Identity rotated (every 10 requests)
[05:42:22] 🔄 Retry 1/5 for SLVT in 2.4s
[05:42:22] 🔄 Identity reset
[05:42:24] 🧠 New identity created
[05:42:24] 🔄 Retry 2/5 for SLVT in 4.8s
[05:42:24] 🔄 Identity reset
[05:42:29] 🧠 New identity created
[05:42:29] 🔄 Retry 3/5 for SLVT in 8.3s
[05:42:29] 🔄 Identity reset
[05:42:37] 🧠 New identity created
[05:42:38] [81/326] SANA
[05:42:39] [82/326] ACMR
[05:42:40] [83/326] CPKN
[05:42:41] [84/326] DLGK
[05:42:41] [85/326] CWCK
[05:42:42] [86/326] FDDH
[05:42:43] [87/326] MMMD
[05:42:44] 🔄 Identity reset
[05:42:44] 🔄 Identity rotated (every 10 requests)
[05:42:44] 🔄 Retry 1/5 for MMMD in 2.9s
[05:42:44] 🔄 Identity reset
[05:42:47] 🧠 New identity created
[05:42:47] [88/326] CMEH
[05:42:49] [89/326] GGGV
[05:42:50] [90/326] SPJL
[05:42:50] [91/326] RCCD
[05:42:51] [92/326] STTZ
[05:42:52] [93/326] BTCF
[05:42:53] [94/326] TSTZ
[05:42:54] [95/326] IPMM
[05:42:55] [96/326] PMPW
[05:42:56] 🔄 Identity reset
[05:42:56] 🔄 Identity rotated (every 10 requests)
[05:42:56] 🔄 Retry 1/5 for PMPW in 2.9s
[05:42:56] 🔄 Identity reset
[05:42:59] 🧠 New identity created
[05:42:59] [97/326] PCMZ
[05:43:00] [98/326] ESEM
[05:43:01] [99/326] PIPO
[05:43:02] [100/326] MATK
[05:43:02] [101/326] PGHM
[05:43:03] [102/326] CTSR
[05:43:04] [103/326] CYKR
[05:43:05] [104/326] MSCM
[05:43:06] [105/326] RFNP
[05:43:06] 🔄 Identity reset
[05:43:06] 🔄 Identity rotated (every 10 requests)
[05:43:06] 🔄 Retry 1/5 for RFNP in 2.1s
[05:43:06] 🔄 Identity reset
[05:43:09] 🧠 New identity created
[05:43:09] [106/326] PDCP
[05:43:10] [107/326] NPSE
[05:43:11] [108/326] MKML
[05:43:12] [109/326] FTDP
[05:43:13] [110/326] MMXA
[05:43:14] [111/326] CEPO
[05:43:15] [112/326] CMVP
[05:43:16] [113/326] SGTH
[05:43:17] [114/326] SAYN
[05:43:18] 🔄 Identity reset
[05:43:18] 🔄 Identity rotated (every 10 requests)
[05:43:18] [115/326] URVS
[05:43:19] [116/326] VJTN
[05:43:20] [117/326] BBYK
[05:43:21] [118/326] SHBO
[05:43:22] [119/326] VCMR
[05:43:23] [120/326] MACT
[05:43:24] [121/326] JMNP
[05:43:25] [122/326] VICS
[05:43:25] [123/326] VCDA
[05:43:26] [124/326] GCMM
[05:43:27] 🔄 Identity reset
[05:43:27] 🔄 Identity rotated (every 10 requests)
[05:43:27] [125/326] INVS
[05:43:28] [126/326] SCGM
[05:43:29] [127/326] PCDA
[05:43:30] [128/326] KDCT
[05:43:31] [129/326] JACS
[05:43:32] [130/326] GMMC
[05:43:34] [131/326] AICM
[05:43:35] [132/326] TJCM
[05:43:36] [133/326] RMTI
[05:43:37] [134/326] SHAC
[05:43:38] 🔄 Identity reset
[05:43:38] 🔄 Identity rotated (every 10 requests)
[05:43:38] [135/326] APJC
[05:43:39] [136/326] GCTG
[05:43:39] [137/326] SSMC
[05:43:40] [138/326] THRM
[05:43:41] [139/326] RBCT
[05:43:42] [140/326] DIKT
[05:43:44] [141/326] MIDL
[05:43:44] [142/326] VCSN
[05:43:45] [143/326] SKTG
[05:43:46] [144/326] SMWC
[05:43:47] 🔄 Identity reset
[05:43:47] 🔄 Identity rotated (every 10 requests)
[05:43:47] 🔄 Retry 1/5 for SMWC in 3.0s
[05:43:47] 🔄 Identity reset
[05:43:50] 🧠 New identity created
[05:43:50] 🔄 Retry 2/5 for SMWC in 5.0s
[05:43:50] 🔄 Identity reset
[05:43:55] 🧠 New identity created
[05:43:55] [145/326] MNKH
[05:43:56] [146/326] PIAT
[05:43:57] [147/326] LTTP
[05:43:57] [148/326] PTPU
[05:43:58] [149/326] ACMG
[05:43:59] [150/326] SHMM
[05:44:00] [151/326] MCMN
[05:44:01] [152/326] GLDC
[05:44:02] 🔄 Identity reset
[05:44:02] 🔄 Identity rotated (every 10 requests)
[05:44:02] [153/326] HOUT
[05:44:03] [154/326] SVRP
[05:44:04] [155/326] PVDN
[05:44:05] [156/326] SCPY
[05:44:06] [157/326] DTPY
[05:44:06] [158/326] GKCS
[05:44:07] [159/326] NCAM
[05:44:08] [160/326] BSRM
[05:44:10] [161/326] RCLC
[05:44:10] [162/326] SKKD
[05:44:11] 🔄 Identity reset
[05:44:11] 🔄 Identity rotated (every 10 requests)
[05:44:11] [163/326] ACHU
[05:44:12] [164/326] RSCF
[05:44:13] [165/326] IMSH
[05:44:15] [166/326] MACX
[05:44:15] [167/326] HMMW
[05:44:16] [168/326] JTCP
[05:44:17] [169/326] SREN
[05:44:18] [170/326] PJRR
[05:44:19] [171/326] INAC
[05:44:20] [172/326] BMCA
[05:44:20] 🔄 Identity reset
[05:44:20] 🔄 Identity rotated (every 10 requests)
[05:44:20] 🔄 Retry 1/5 for BMCA in 2.6s
[05:44:20] 🔄 Identity reset
[05:44:23] 🧠 New identity created
[05:44:23] [173/326] SHCB
[05:44:24] [174/326] GABA
[05:44:25] [175/326] SBCT
[05:44:25] [176/326] GCMA
[05:44:26] [177/326] MYTK
[05:44:27] [178/326] INZS
[05:44:28] [179/326] RMIK
[05:44:29] [180/326] NYCH
[05:44:30] [181/326] RAVE
[05:44:30] 🔄 Identity reset
[05:44:30] 🔄 Identity rotated (every 10 requests)
[05:44:31] [182/326] PSXM
[05:44:31] [183/326] MCGP
[05:44:33] [184/326] PDDK
[05:44:34] [185/326] SPCK
[05:44:35] [186/326] MCRL
[05:44:35] [187/326] MHKT
[05:44:36] [188/326] ANRR
[05:44:37] [189/326] SAPK
[05:44:38] [190/326] NCUK
[05:44:39] [191/326] JUGA
[05:44:39] 🔄 Identity reset
[05:44:39] 🔄 Identity rotated (every 10 requests)
[05:44:39] 🔄 Retry 1/5 for JUGA in 2.2s
[05:44:39] 🔄 Identity reset
[05:44:42] 🧠 New identity created
[05:44:42] 🔄 Retry 2/5 for JUGA in 5.0s
[05:44:42] 🔄 Identity reset
[05:44:47] 🧠 New identity created
[05:44:47] [192/326] DBSC
[05:44:48] [193/326] LALK
[05:44:49] [194/326] GUCK
[05:44:50] [195/326] STSG
[05:44:50] [196/326] PPPZ
[05:44:51] [197/326] CNCY
[05:44:52] [198/326] MTAR
[05:44:53] [199/326] VNKD
[05:44:54] 🔄 Identity reset
[05:44:54] 🔄 Identity rotated (every 10 requests)
[05:44:54] [200/326] KMAJ
[05:44:55] [201/326] ACXK
[05:44:56] [202/326] UTKC
[05:44:57] [203/326] PBLK
[05:44:58] [204/326] ACBX
[05:44:59] [205/326] PTGM
[05:44:59] [206/326] BTDA
[05:45:00] [207/326] PJMB
[05:45:01] [208/326] TPDA
[05:45:02] [209/326] AMOE
[05:45:03] 🔄 Identity reset
[05:45:03] 🔄 Identity rotated (every 10 requests)
[05:45:03] 🔄 Retry 1/5 for AMOE in 2.3s
[05:45:03] 🔄 Identity reset
[05:45:05] 🧠 New identity created
[05:45:05] 🔄 Retry 2/5 for AMOE in 4.3s
[05:45:05] 🔄 Identity reset
[05:45:09] 🧠 New identity created
[05:45:10] [210/326] PRHT
[05:45:10] [211/326] PRTA
[05:45:11] [212/326] STAM
[05:45:12] [213/326] MSAA
[05:45:13] [214/326] SDLU
[05:45:14] [215/326] RCHH
[05:45:15] [216/326] KANT
[05:45:16] [217/326] FCRT
[05:45:17] 🔄 Identity reset
[05:45:17] 🔄 Identity rotated (every 10 requests)
[05:45:17] [218/326] DNKM
[05:45:18] [219/326] RYCP
[05:45:19] [220/326] MYRP
[05:45:19] [221/326] PPAK
[05:45:20] [222/326] NVPK
[05:45:21] [223/326] PRMC
[05:45:22] [224/326] JBCS
[05:45:23] [225/326] GXCK
[05:45:24] [226/326] USKO
[05:45:25] [227/326] GTEM
[05:45:25] 🔄 Identity reset
[05:45:25] 🔄 Identity rotated (every 10 requests)
[05:45:26] [228/326] SMBU
[05:45:27] [229/326] VETC
[05:45:28] [230/326] LCDA
[05:45:29] [231/326] MTVT
[05:45:30] [232/326] PYCP
[05:45:31] [233/326] PNSC
[05:45:32] [234/326] PPCC
[05:45:32] [235/326] TGRT
[05:45:33] [236/326] JYOT
[05:45:35] [237/326] SRCZ
[05:45:36] 🔄 Identity reset
[05:45:36] 🔄 Identity rotated (every 10 requests)
[05:45:36] [238/326] SJTE
[05:45:38] [239/326] DESC
[05:45:39] [240/326] JHVN
[05:45:40] [241/326] IPSG
[05:45:41] [242/326] IPCM
[05:45:42] [243/326] PDRS
[05:45:43] [244/326] ANCV
[05:45:44] [245/326] CMVV
[05:45:45] [246/326] SHYP
[05:45:45] [247/326] DNCS
[05:45:46] 🔄 Identity reset
[05:45:46] 🔄 Identity rotated (every 10 requests)
[05:45:46] 🔄 Retry 1/5 for DNCS in 2.7s
[05:45:46] 🔄 Identity reset
[05:45:49] 🧠 New identity created
[05:45:49] 🔄 Retry 2/5 for DNCS in 4.8s
[05:45:49] 🔄 Identity reset
[05:45:54] 🧠 New identity created
[05:45:54] 🔄 Retry 3/5 for DNCS in 8.3s
[05:45:54] 🔄 Identity reset
[05:46:02] 🧠 New identity created
[05:46:02] [248/326] GAJK
[05:46:04] [249/326] AKTN
[05:46:05] [250/326] KAYA
[05:46:06] [251/326] SBRC
[05:46:07] [252/326] CHTP
[05:46:08] [253/326] SHRT
[05:46:09] [254/326] BCKU
[05:46:09] 🔄 Identity reset
[05:46:09] 🔄 Identity rotated (every 10 requests)
[05:46:10] [255/326] FCPS
[05:46:10] [256/326] ARDD
[05:46:11] [257/326] CPCM
[05:46:12] [258/326] CGSM
[05:46:13] [259/326] PSMP
[05:46:14] [260/326] SDAL
[05:46:15] [261/326] RTNB
[05:46:15] [262/326] LMCR
[05:46:16] [263/326] CIMA
[05:46:17] [264/326] RNAS
[05:46:18] 🔄 Identity reset
[05:46:18] 🔄 Identity rotated (every 10 requests)
[05:46:18] [265/326] LITH
[05:46:19] [266/326] PBOX
[05:46:20] [267/326] FRTS
[05:46:21] [268/326] RKIC
[05:46:22] [269/326] PTAI
[05:46:23] [270/326] GCIC
[05:46:24] [271/326] FNAS
[05:46:25] [272/326] SCAR
[05:46:26] [273/326] MTCA
[05:46:26] [274/326] SCTS
[05:46:27] 🔄 Identity reset
[05:46:27] 🔄 Identity rotated (every 10 requests)
[05:46:27] [275/326] SYCS
[05:46:28] [276/326] RDMS
[05:46:29] [277/326] KAMP
[05:46:30] [278/326] ERSD
[05:46:31] [279/326] MJMJ
[05:46:32] [280/326] SRCJ
[05:46:33] [281/326] SCXE
[05:46:34] [282/326] SVFR
[05:46:35] [283/326] BHCS
[05:46:36] [284/326] IMCC
[05:46:36] 🔄 Identity reset
[05:46:36] 🔄 Identity rotated (every 10 requests)
[05:46:36] 🔄 Retry 1/5 for IMCC in 2.5s
[05:46:36] 🔄 Identity reset
[05:46:39] 🧠 New identity created
[05:46:39] [285/326] PCBO
[05:46:40] [286/326] PRVN
[05:46:41] [287/326] AUPM
[05:46:42] [288/326] INBW
[05:46:43] [289/326] SVCW
[05:46:44] [290/326] RKCF
[05:46:45] [291/326] UVBH
[05:46:46] [292/326] DNCY
[05:46:47] [293/326] ABCN
[05:46:47] 🔄 Identity reset
[05:46:47] 🔄 Identity rotated (every 10 requests)
[05:46:47] 🔄 Retry 1/5 for ABCN in 2.7s
[05:46:47] 🔄 Identity reset
[05:46:50] 🧠 New identity created
[05:46:50] 🔄 Retry 2/5 for ABCN in 4.4s
[05:46:50] 🔄 Identity reset
[05:46:54] 🧠 New identity created
[05:46:55] [294/326] PRUR
[05:46:56] [295/326] PFMR
[05:46:56] [296/326] RKCN
[05:46:57] [297/326] CFEA
[05:46:58] [298/326] SDBG
[05:46:59] [299/326] SNAR
[05:47:00] [300/326] YISI
[05:47:00] [301/326] JCFF
[05:47:01] 🔄 Identity reset
[05:47:01] 🔄 Identity rotated (every 10 requests)
[05:47:01] [302/326] VTRK
[05:47:02] [303/326] PCLZ
[05:47:03] [304/326] DIMY
[05:47:03] [305/326] BBTS
[05:47:04] [306/326] GATH
[05:47:05] [307/326] GTMN
[05:47:06] [308/326] VTMH
[05:47:07] [309/326] CCKP
[05:47:08] [310/326] GPKA
[05:47:09] [311/326] MHCL
[05:47:10] 🔄 Identity reset
[05:47:10] 🔄 Identity rotated (every 10 requests)
[05:47:10] [312/326] ATCL
[05:47:11] [313/326] SBCK
[05:47:12] [314/326] AMMR
[05:47:13] [315/326] MADC
[05:47:14] [316/326] TMMA
[05:47:15] [317/326] CACC
[05:47:16] [318/326] CHAL
[05:47:17] [319/326] DURG
[05:47:18] [320/326] GMKU
[05:47:19] [321/326] GECA
[05:47:20] 🔄 Identity reset
[05:47:20] 🔄 Identity rotated (every 10 requests)
[05:47:20] [322/326] KYRR
[05:47:21] [323/326] KSDE
[05:47:22] [324/326] LMCI
[05:47:22] [325/326] NKCP
[05:47:23] [326/326] BGTC
[05:47:24] 🔁 RETRY ROUND 1 | Remaining: 1
[05:47:24] [RETRY-1] SISD
[05:47:26] 🧹 Deduping shows
[05:47:26] ✅ DONE | Shows=2306 | Movies=73
[14:45:05] 🚀 SCRIPT STARTED (enhanced anti‑detection)
[14:45:05] [1/326] BSAT
[14:45:06] 🧠 New identity created
[14:45:06] [2/326] RSSM
[14:45:07] [3/326] GCTA
[14:45:07] [4/326] TOPN
[14:45:08] [5/326] MCUS
[14:45:09] [6/326] SHRL
[14:45:10] [7/326] UPTP
[14:45:11] [8/326] TMMP
[14:45:12] [9/326] DNRP
[14:45:13] [10/326] SRLT
[14:45:13] 🔄 Identity reset
[14:45:13] 🔄 Identity rotated (every 10 requests)
[14:45:13] [11/326] RCNS
[14:45:14] [12/326] DCBH
[14:45:15] [13/326] NAGJ
[14:45:16] [14/326] JVRC
[14:45:17] [15/326] KRJG
[14:45:18] [16/326] SRTJ
[14:45:19] [17/326] CMXM
[14:45:19] [18/326] STMI
[14:45:20] [19/326] SLST
[14:45:22] [20/326] DTCN
[14:45:23] 🔄 Identity reset
[14:45:23] 🔄 Identity rotated (every 10 requests)
[14:45:23] [21/326] STYN
[14:45:24] [22/326] SZVR
[14:45:25] [23/326] SRKO
[14:45:25] [24/326] JTGT
[14:45:26] [25/326] SVFD
[14:45:27] [26/326] SISD
[14:45:28] [27/326] ABDD
[14:45:29] [28/326] DRCA
[14:45:30] [29/326] AVCS
[14:45:31] [30/326] MVKH
[14:45:31] 🔄 Identity reset
[14:45:31] 🔄 Identity rotated (every 10 requests)
[14:45:31] [31/326] ACPR
[14:45:32] [32/326] STIP
[14:45:33] [33/326] MTRA
[14:45:34] [34/326] RMKH
[14:45:35] [35/326] NKRL
[14:45:36] [36/326] PCWN
[14:45:37] [37/326] BLMT
[14:45:38] [38/326] GDPG
[14:45:39] [39/326] SRMX
[14:45:40] [40/326] JACP
[14:45:40] 🔄 Identity reset
[14:45:40] 🔄 Identity rotated (every 10 requests)
[14:45:41] [41/326] CPSH
[14:45:41] [42/326] MCCD
[14:45:42] [43/326] ECGH
[14:45:43] [44/326] MKCK
[14:45:44] [45/326] SRMM
[14:45:45] [46/326] SKYR
[14:45:46] [47/326] PCKC
[14:45:46] [48/326] JCMA
[14:45:48] [49/326] BSMP
[14:45:49] [50/326] VSPA
[14:45:49] 🔄 Identity reset
[14:45:49] 🔄 Identity rotated (every 10 requests)
[14:45:49] 🔄 Retry 1/5 for VSPA in 2.1s
[14:45:49] 🔄 Identity reset
[14:45:52] 🧠 New identity created
[14:45:52] [51/326] DJYA
[14:45:53] [52/326] DIMP
[14:45:54] [53/326] FXDR
[14:45:55] [54/326] SSRC
[14:45:56] [55/326] STHP
[14:45:57] [56/326] CPPD
[14:45:58] [57/326] FCLK
[14:45:58] [58/326] SCPP
[14:45:59] [59/326] DCMJ
[14:46:00] 🔄 Identity reset
[14:46:00] 🔄 Identity rotated (every 10 requests)
[14:46:00] [60/326] RCCR
[14:46:01] [61/326] INMT
[14:46:02] [62/326] LXTK
[14:46:02] [63/326] SRYK
[14:46:04] [64/326] SGDK
[14:46:04] [65/326] PPKA
[14:46:05] [66/326] SPKA
[14:46:06] [67/326] CGHH
[14:46:07] [68/326] DCJN
[14:46:08] [69/326] SRKV
[14:46:08] 🔄 Identity reset
[14:46:08] 🔄 Identity rotated (every 10 requests)
[14:46:09] [70/326] SAJC
[14:46:09] [71/326] SUSR
[14:46:10] [72/326] STYG
[14:46:11] [73/326] NTKP
[14:46:12] [74/326] AKTG
[14:46:13] [75/326] CGCM
[14:46:13] [76/326] TULC
[14:46:14] [77/326] NYYZ
[14:46:15] [78/326] NYBW
[14:46:16] [79/326] MACB
[14:46:16] 🔄 Identity reset
[14:46:16] 🔄 Identity rotated (every 10 requests)
[14:46:17] [80/326] SLVT
[14:46:18] [81/326] SANA
[14:46:19] [82/326] ACMR
[14:46:20] [83/326] CPKN
[14:46:21] [84/326] DLGK
[14:46:22] [85/326] CWCK
[14:46:23] [86/326] FDDH
[14:46:23] [87/326] MMMD
[14:46:24] [88/326] CMEH
[14:46:25] [89/326] GGGV
[14:46:26] 🔄 Identity reset
[14:46:26] 🔄 Identity rotated (every 10 requests)
[14:46:26] [90/326] SPJL
[14:46:27] [91/326] RCCD
[14:46:28] [92/326] STTZ
[14:46:28] [93/326] BTCF
[14:46:29] [94/326] TSTZ
[14:46:30] [95/326] IPMM
[14:46:31] [96/326] PMPW
[14:46:32] [97/326] PCMZ
[14:46:33] [98/326] ESEM
[14:46:33] [99/326] PIPO
[14:46:34] 🔄 Identity reset
[14:46:34] 🔄 Identity rotated (every 10 requests)
[14:46:34] [100/326] MATK
[14:46:35] [101/326] PGHM
[14:46:36] [102/326] CTSR
[14:46:37] [103/326] CYKR
[14:46:38] [104/326] MSCM
[14:46:38] [105/326] RFNP
[14:46:39] [106/326] PDCP
[14:46:40] [107/326] NPSE
[14:46:41] [108/326] MKML
[14:46:42] [109/326] FTDP
[14:46:43] 🔄 Identity reset
[14:46:43] 🔄 Identity rotated (every 10 requests)
[14:46:43] [110/326] MMXA
[14:46:44] [111/326] CEPO
[14:46:45] [112/326] CMVP
[14:46:45] [113/326] SGTH
[14:46:46] [114/326] SAYN
[14:46:47] [115/326] URVS
[14:46:48] [116/326] VJTN
[14:46:49] [117/326] BBYK
[14:46:50] [118/326] SHBO
[14:46:51] [119/326] VCMR
[14:46:52] 🔄 Identity reset
[14:46:52] 🔄 Identity rotated (every 10 requests)
[14:46:52] [120/326] MACT
[14:46:53] [121/326] JMNP
[14:46:54] [122/326] VICS
[14:46:55] [123/326] VCDA
[14:46:56] [124/326] GCMM
[14:46:57] [125/326] INVS
[14:46:57] [126/326] SCGM
[14:46:58] [127/326] PCDA
[14:46:59] [128/326] KDCT
[14:47:00] [129/326] JACS
[14:47:00] 🔄 Identity reset
[14:47:00] 🔄 Identity rotated (every 10 requests)
[14:47:01] [130/326] GMMC
[14:47:01] [131/326] AICM
[14:47:02] [132/326] TJCM
[14:47:03] [133/326] RMTI
[14:47:04] [134/326] SHAC
[14:47:04] [135/326] APJC
[14:47:05] [136/326] GCTG
[14:47:06] [137/326] SSMC
[14:47:07] [138/326] THRM
[14:47:08] [139/326] RBCT
[14:47:08] 🔄 Identity reset
[14:47:08] 🔄 Identity rotated (every 10 requests)
[14:47:09] [140/326] DIKT
[14:47:10] [141/326] MIDL
[14:47:10] [142/326] VCSN
[14:47:11] [143/326] SKTG
[14:47:12] [144/326] SMWC
[14:47:13] [145/326] MNKH
[14:47:14] [146/326] PIAT
[14:47:15] [147/326] LTTP
[14:47:16] [148/326] PTPU
[14:47:17] [149/326] ACMG
[14:47:17] 🔄 Identity reset
[14:47:17] 🔄 Identity rotated (every 10 requests)
[14:47:17] [150/326] SHMM
[14:47:18] [151/326] MCMN
[14:47:19] [152/326] GLDC
[14:47:20] [153/326] HOUT
[14:47:21] [154/326] SVRP
[14:47:22] [155/326] PVDN
[14:47:23] [156/326] SCPY
[14:47:24] [157/326] DTPY
[14:47:25] [158/326] GKCS
[14:47:26] [159/326] NCAM
[14:47:26] 🔄 Identity reset
[14:47:26] 🔄 Identity rotated (every 10 requests)
[14:47:27] [160/326] BSRM
[14:47:27] [161/326] RCLC
[14:47:28] [162/326] SKKD
[14:47:29] [163/326] ACHU
[14:47:30] [164/326] RSCF
[14:47:31] [165/326] IMSH
[14:47:32] [166/326] MACX
[14:47:33] [167/326] HMMW
[14:47:34] [168/326] JTCP
[14:47:35] [169/326] SREN
[14:47:36] 🔄 Identity reset
[14:47:36] 🔄 Identity rotated (every 10 requests)
[14:47:37] [170/326] PJRR
[14:47:38] [171/326] INAC
[14:47:39] [172/326] BMCA
[14:47:40] [173/326] SHCB
[14:47:41] [174/326] GABA
[14:47:42] [175/326] SBCT
[14:47:43] [176/326] GCMA
[14:47:43] [177/326] MYTK
[14:47:44] [178/326] INZS
[14:47:46] [179/326] RMIK
[14:47:46] 🔄 Identity reset
[14:47:46] 🔄 Identity rotated (every 10 requests)
[14:47:47] [180/326] NYCH
[14:47:47] [181/326] RAVE
[14:47:48] [182/326] PSXM
[14:47:49] [183/326] MCGP
[14:47:50] [184/326] PDDK
[14:47:51] [185/326] SPCK
[14:47:52] [186/326] MCRL
[14:47:53] [187/326] MHKT
[14:47:53] [188/326] ANRR
[14:47:54] [189/326] SAPK
[14:47:55] 🔄 Identity reset
[14:47:55] 🔄 Identity rotated (every 10 requests)
[14:47:55] [190/326] NCUK
[14:47:56] [191/326] JUGA
[14:47:57] [192/326] DBSC
[14:47:58] [193/326] LALK
[14:47:59] [194/326] GUCK
[14:48:00] [195/326] STSG
[14:48:01] [196/326] PPPZ
[14:48:01] [197/326] CNCY
[14:48:02] [198/326] MTAR
[14:48:03] [199/326] VNKD
[14:48:04] 🔄 Identity reset
[14:48:04] 🔄 Identity rotated (every 10 requests)
[14:48:04] [200/326] KMAJ
[14:48:05] [201/326] ACXK
[14:48:06] [202/326] UTKC
[14:48:07] [203/326] PBLK
[14:48:07] [204/326] ACBX
[14:48:08] [205/326] PTGM
[14:48:09] [206/326] BTDA
[14:48:10] [207/326] PJMB
[14:48:11] [208/326] TPDA
[14:48:11] [209/326] AMOE
[14:48:12] 🔄 Identity reset
[14:48:12] 🔄 Identity rotated (every 10 requests)
[14:48:13] [210/326] PRHT
[14:48:14] [211/326] PRTA
[14:48:15] [212/326] STAM
[14:48:16] [213/326] MSAA
[14:48:17] [214/326] SDLU
[14:48:18] [215/326] RCHH
[14:48:19] [216/326] KANT
[14:48:19] [217/326] FCRT
[14:48:20] [218/326] DNKM
[14:48:21] [219/326] RYCP
[14:48:21] 🔄 Identity reset
[14:48:21] 🔄 Identity rotated (every 10 requests)
[14:48:22] [220/326] MYRP
[14:48:22] [221/326] PPAK
[14:48:23] [222/326] NVPK
[14:48:24] [223/326] PRMC
[14:48:25] [224/326] JBCS
[14:48:26] [225/326] GXCK
[14:48:27] [226/326] USKO
[14:48:28] [227/326] GTEM
[14:48:29] [228/326] SMBU
[14:48:30] [229/326] VETC
[14:48:30] 🔄 Identity reset
[14:48:31] 🔄 Identity rotated (every 10 requests)
[14:48:31] [230/326] LCDA
[14:48:32] [231/326] MTVT
[14:48:33] [232/326] PYCP
[14:48:34] [233/326] PNSC
[14:48:34] [234/326] PPCC
[14:48:35] [235/326] TGRT
[14:48:37] [236/326] JYOT
[14:48:37] [237/326] SRCZ
[14:48:39] [238/326] SJTE
[14:48:40] [239/326] DESC
[14:48:40] 🔄 Identity reset
[14:48:40] 🔄 Identity rotated (every 10 requests)
[14:48:41] [240/326] JHVN
[14:48:41] [241/326] IPSG
[14:48:42] [242/326] IPCM
[14:48:43] [243/326] PDRS
[14:48:44] [244/326] ANCV
[14:48:46] [245/326] CMVV
[14:48:47] [246/326] SHYP
[14:48:48] [247/326] DNCS
[14:48:49] [248/326] GAJK
[14:48:50] [249/326] AKTN
[14:48:50] 🔄 Identity reset
[14:48:50] 🔄 Identity rotated (every 10 requests)
[14:48:50] [250/326] KAYA
[14:48:51] [251/326] SBRC
[14:48:52] [252/326] CHTP
[14:48:53] [253/326] SHRT
[14:48:54] [254/326] BCKU
[14:48:55] [255/326] FCPS
[14:48:56] [256/326] ARDD
[14:48:56] [257/326] CPCM
[14:48:57] [258/326] CGSM
[14:48:58] [259/326] PSMP
[14:48:59] 🔄 Identity reset
[14:48:59] 🔄 Identity rotated (every 10 requests)
[14:48:59] [260/326] SDAL
[14:49:01] [261/326] RTNB
[14:49:01] [262/326] LMCR
[14:49:02] [263/326] CIMA
[14:49:03] [264/326] RNAS
[14:49:04] [265/326] LITH
[14:49:05] [266/326] PBOX
[14:49:06] [267/326] FRTS
[14:49:07] [268/326] RKIC
[14:49:08] [269/326] PTAI
[14:49:09] 🔄 Identity reset
[14:49:09] 🔄 Identity rotated (every 10 requests)
[14:49:09] [270/326] GCIC
[14:49:10] [271/326] FNAS
[14:49:11] [272/326] SCAR
[14:49:11] [273/326] MTCA
[14:49:12] [274/326] SCTS
[14:49:13] [275/326] SYCS
[14:49:14] [276/326] RDMS
[14:49:15] [277/326] KAMP
[14:49:16] [278/326] ERSD
[14:49:17] [279/326] MJMJ
[14:49:18] 🔄 Identity reset
[14:49:18] 🔄 Identity rotated (every 10 requests)
[14:49:18] 🔄 Retry 1/5 for MJMJ in 2.6s
[14:49:18] 🔄 Identity reset
[14:49:20] 🧠 New identity created
[14:49:21] [280/326] SRCJ
[14:49:21] [281/326] SCXE
[14:49:22] [282/326] SVFR
[14:49:23] [283/326] BHCS
[14:49:24] [284/326] IMCC
[14:49:25] [285/326] PCBO
[14:49:26] [286/326] PRVN
[14:49:27] [287/326] AUPM
[14:49:28] [288/326] INBW
[14:49:28] 🔄 Identity reset
[14:49:28] 🔄 Identity rotated (every 10 requests)
[14:49:29] [289/326] SVCW
[14:49:30] [290/326] RKCF
[14:49:30] [291/326] UVBH
[14:49:31] [292/326] DNCY
[14:49:32] [293/326] ABCN
[14:49:33] [294/326] PRUR
[14:49:34] [295/326] PFMR
[14:49:34] [296/326] RKCN
[14:49:35] [297/326] CFEA
[14:49:36] [298/326] SDBG
[14:49:37] 🔄 Identity reset
[14:49:37] 🔄 Identity rotated (every 10 requests)
[14:49:37] [299/326] SNAR
[14:49:38] [300/326] YISI
[14:49:39] [301/326] JCFF
[14:49:40] [302/326] VTRK
[14:49:40] [303/326] PCLZ
[14:49:42] [304/326] DIMY
[14:49:42] [305/326] BBTS
[14:49:43] [306/326] GATH
[14:49:44] [307/326] GTMN
[14:49:45] [308/326] VTMH
[14:49:46] 🔄 Identity reset
[14:49:46] 🔄 Identity rotated (every 10 requests)
[14:49:46] [309/326] CCKP
[14:49:47] [310/326] GPKA
[14:49:48] [311/326] MHCL
[14:49:49] [312/326] ATCL
[14:49:50] [313/326] SBCK
[14:49:51] [314/326] AMMR
[14:49:52] [315/326] MADC
[14:49:53] [316/326] TMMA
[14:49:54] [317/326] CACC
[14:49:55] [318/326] CHAL
[14:49:55] 🔄 Identity reset
[14:49:55] 🔄 Identity rotated (every 10 requests)
[14:49:56] [319/326] DURG
[14:49:57] [320/326] GMKU
[14:49:59] [321/326] GECA
[14:49:59] [322/326] KYRR
[14:50:00] [323/326] KSDE
[14:50:01] [324/326] LMCI
[14:50:02] [325/326] NKCP
[14:50:03] [326/326] BGTC
[14:50:04] 🧹 Deduping shows
[14:50:04] ✅ DONE | Shows=2444 | Movies=74
