[03:36:32] 📍 Loaded 754 district venues
[03:36:32] 🚀 DISTRICT SCRAPER STARTED
[03:36:32] ✅ 1102311 → AUTH OK
[03:36:32] ✅ 1102103 → AUTH OK
[03:36:32] ✅ 1068270 → AUTH OK
[03:36:32] ✅ 1020401 → AUTH OK
[03:36:32] ✅ 1102183 → AUTH OK
[03:36:32] ✅ 1102215 → AUTH OK
[03:36:32] ✅ 20856 → AUTH OK
[03:36:32] ✅ 1102289 → AUTH OK
[03:36:32] ✅ 1101584 → AUTH OK
[03:36:32] ✅ 61879 → AUTH OK
[03:36:32] ✅ 1102233 → AUTH OK
[03:36:33] ✅ 1102098 → AUTH OK
[03:36:33] ✅ 1096456 → AUTH OK
[03:36:33] ✅ 1086677 → AUTH OK
[03:36:33] ✅ 1102244 → AUTH OK
[03:36:33] ✅ 539 → AUTH OK
[03:36:33] ✅ 1102127 → AUTH OK
[03:36:33] ✅ 1102175 → AUTH OK
[03:36:33] ✅ 1101397 → AUTH OK
[03:36:33] ✅ 51512 → AUTH OK
[03:36:33] ✅ 1102096 → AUTH OK
[03:36:33] ✅ 1583 → AUTH OK
[03:36:33] ✅ 1068240 → AUTH OK
[03:36:33] ✅ 1102100 → AUTH OK
[03:36:33] ✅ 1067161 → AUTH OK
[03:36:33] ✅ 1101483 → AUTH OK
[03:36:33] ✅ 1102097 → AUTH OK
[03:36:33] ✅ 9508 → AUTH OK
[03:36:33] ✅ 1102119 → AUTH OK
[03:36:33] ✅ 1082714 → AUTH OK
[03:36:33] ✅ 1096482 → AUTH OK
[03:36:33] ✅ 1102280 → AUTH OK
[03:36:33] ✅ 1096475 → AUTH OK
[03:36:33] ✅ 1100725 → AUTH OK
[03:36:33] ✅ 1102304 → AUTH OK
[03:36:33] ✅ 1096524 → AUTH OK
[03:36:33] ✅ 1096734 → AUTH OK
[03:36:33] ✅ 1102076 → AUTH OK
[03:36:33] ✅ 7854 → AUTH OK
[03:36:33] ✅ 1044502 → AUTH OK
[03:36:33] ✅ 1102094 → AUTH OK
[03:36:33] ✅ 1102186 → AUTH OK
[03:36:33] ✅ 4430 → AUTH OK
[03:36:33] ✅ 1101355 → AUTH OK
[03:36:33] ✅ 1101450 → AUTH OK
[03:36:33] ✅ 9736 → AUTH OK
[03:36:33] ✅ 1102173 → AUTH OK
[03:36:34] ✅ 1011906 → AUTH OK
[03:36:34] ✅ 1102272 → AUTH OK
[03:36:34] ✅ 1102164 → AUTH OK
[03:36:34] ✅ 1102248 → AUTH OK
[03:36:34] ✅ 1102176 → AUTH OK
[03:36:34] ✅ 1101451 → AUTH OK
[03:36:34] ✅ 1102182 → AUTH OK
[03:36:34] ✅ 1101471 → AUTH OK
[03:36:34] ✅ 1102270 → AUTH OK
[03:36:34] ✅ 1102090 → AUTH OK
[03:36:34] ✅ 1102256 → AUTH OK
[03:36:34] ✅ 1102071 → AUTH OK
[03:36:34] ✅ 1095290 → AUTH OK
[03:36:34] ✅ 1101521 → AUTH OK
[03:36:34] ✅ 4222 → AUTH OK
[03:36:34] ✅ 1102082 → AUTH OK
[03:36:34] ✅ 1094756 → AUTH OK
[03:36:34] ✅ 1101568 → AUTH OK
[03:36:34] ✅ 1102073 → AUTH OK
[03:36:34] ✅ 1102277 → AUTH OK
[03:36:34] ✅ 1102269 → AUTH OK
[03:36:34] ✅ 1102084 → AUTH OK
[03:36:34] ✅ 1102095 → AUTH OK
[03:36:34] ✅ 1102253 → AUTH OK
[03:36:34] ✅ 1102174 → AUTH OK
[03:36:34] ✅ 1102047 → AUTH OK
[03:36:34] ✅ 1102242 → AUTH OK
[03:36:34] ✅ 7257 → AUTH OK
[03:36:34] ✅ 1102181 → AUTH OK
[03:36:34] ✅ 1102080 → AUTH OK
[03:36:34] ✅ 1102273 → AUTH OK
[03:36:34] ✅ 1101590 → AUTH OK
[03:36:34] ✅ 1102291 → AUTH OK
[03:36:34] ✅ 1102165 → AUTH OK
[03:36:34] ✅ 1102247 → AUTH OK
[03:36:34] ✅ 1102184 → AUTH OK
[03:36:34] ✅ 1041690 → AUTH OK
[03:36:34] ✅ 1056145 → AUTH OK
[03:36:34] ✅ 1102261 → AUTH OK
[03:36:34] ✅ 1102299 → AUTH OK
[03:36:34] ✅ 1102166 → AUTH OK
[03:36:35] ✅ 1102055 → AUTH OK
[03:36:35] ✅ 1102265 → AUTH OK
[03:36:35] ✅ 1102129 → AUTH OK
[03:36:35] ✅ 1102132 → AUTH OK
[03:36:35] ✅ 1038431 → AUTH OK
[03:36:35] ✅ 1031364 → AUTH OK
[03:36:35] ✅ 1102285 → AUTH OK
[03:36:35] ✅ 1060495 → AUTH OK
[03:36:35] ✅ 1101388 → AUTH OK
[03:36:35] ✅ 1102213 → AUTH OK
[03:36:35] ✅ 1101387 → AUTH OK
[03:36:35] ✅ 1101368 → AUTH OK
[03:36:35] ✅ 1101423 → AUTH OK
[03:36:35] ✅ 1102241 → AUTH OK
[03:36:35] ✅ 1042102 → AUTH OK
[03:36:35] ✅ 28486 → AUTH OK
[03:36:35] ✅ 1102125 → AUTH OK
[03:36:35] ✅ 4132 → AUTH OK
[03:36:35] ✅ 1039880 → AUTH OK
[03:36:35] ✅ 1101217 → AUTH OK
[03:36:35] ✅ 1102168 → AUTH OK
[03:36:35] ✅ 1102147 → AUTH OK
[03:36:35] ✅ 1102284 → AUTH OK
[03:36:35] ✅ 1078001 → AUTH OK
[03:36:35] ✅ 1102258 → AUTH OK
[03:36:36] ✅ 1102067 → AUTH OK
[03:36:36] ✅ 20834 → AUTH OK
[03:36:36] ✅ 1102134 → AUTH OK
[03:36:36] ✅ 1037501 → AUTH OK
[03:36:36] ✅ 1041689 → AUTH OK
[03:36:36] ✅ 5172 → AUTH OK
[03:36:36] ✅ 1102276 → AUTH OK
[03:36:36] ✅ 1101452 → AUTH OK
[03:36:36] ✅ 43628 → AUTH OK
[03:36:36] ✅ 1102236 → AUTH OK
[03:36:36] ✅ 4911 → AUTH OK
[03:36:36] ✅ 1100831 → AUTH OK
[03:36:36] ✅ 1080585 → AUTH OK
[03:36:36] ✅ 1102137 → AUTH OK
[03:36:36] ✅ 1102124 → AUTH OK
[03:36:36] ✅ 1102123 → AUTH OK
[03:36:36] ✅ 1102069 → AUTH OK
[03:36:36] ✅ 1053154 → AUTH OK
[03:36:36] ✅ 1102275 → AUTH OK
[03:36:36] ✅ 1102078 → AUTH OK
[03:36:36] ✅ 1102068 → AUTH OK
[03:36:36] ✅ 1102281 → AUTH OK
[03:36:36] ✅ 1691 → AUTH OK
[03:36:36] ✅ 1101219 → AUTH OK
[03:36:36] ✅ 1031589 → AUTH OK
[03:36:36] ✅ 1102106 → AUTH OK
[03:36:36] ✅ 1094757 → AUTH OK
[03:36:36] ✅ 14699 → AUTH OK
[03:36:36] ✅ 1102294 → AUTH OK
[03:36:37] ✅ 1078022 → AUTH OK
[03:36:37] ✅ 1011900 → AUTH OK
[03:36:37] ✅ 1095009 → AUTH OK
[03:36:37] ✅ 1102104 → AUTH OK
[03:36:37] ✅ 1020826 → AUTH OK
[03:36:37] ✅ 5100 → AUTH OK
[03:36:37] ✅ 1102135 → AUTH OK
[03:36:37] ✅ 1027478 → AUTH OK
[03:36:37] ✅ 1052124 → AUTH OK
[03:36:37] ✅ 14697 → AUTH OK
[03:36:37] ✅ 1014604 → AUTH OK
[03:36:37] ✅ 4175 → AUTH OK
[03:36:37] ✅ 27047 → AUTH OK
[03:36:37] ✅ 1101222 → AUTH OK
[03:36:37] ✅ 1092639 → AUTH OK
[03:36:37] ✅ 1092638 → AUTH OK
[03:36:37] ✅ 1054725 → AUTH OK
[03:36:37] ✅ 1102228 → AUTH OK
[03:36:37] ✅ 1094680 → AUTH OK
[03:36:37] ✅ 1102120 → AUTH OK
[03:36:37] ✅ 1102239 → AUTH OK
[03:36:37] ✅ 1101523 → AUTH OK
[03:36:37] ✅ 27908 → AUTH OK
[03:36:37] ✅ 1088547 → AUTH OK
[03:36:37] ✅ 13772 → AUTH OK
[03:36:37] ✅ 1039949 → AUTH OK
[03:36:37] ✅ 1102227 → AUTH OK
[03:36:37] ✅ 16605 → AUTH OK
[03:36:37] ✅ 1102075 → AUTH OK
[03:36:37] ✅ 1054741 → AUTH OK
[03:36:37] ✅ 11272 → AUTH OK
[03:36:37] ✅ 1101449 → AUTH OK
[03:36:37] ✅ 1102107 → AUTH OK
[03:36:37] ✅ 1102108 → AUTH OK
[03:36:37] ✅ 1088548 → AUTH OK
[03:36:37] ✅ 1102099 → AUTH OK
[03:36:37] ✅ 1102121 → AUTH OK
[03:36:37] ✅ 1031592 → AUTH OK
[03:36:37] ✅ 4918 → AUTH OK
[03:36:37] ✅ 7686 → AUTH OK
[03:36:37] ✅ 1102126 → AUTH OK
[03:36:37] ✅ 29761 → AUTH OK
[03:36:37] ✅ 1037507 → AUTH OK
[03:36:37] ✅ 1102133 → AUTH OK
[03:36:37] ✅ 6081 → AUTH OK
[03:36:37] ✅ 1060262 → AUTH OK
[03:36:37] ✅ 1042632 → AUTH OK
[03:36:38] ✅ 1102116 → AUTH OK
[03:36:38] ✅ 4184 → AUTH OK
[03:36:38] ✅ 3943 → AUTH OK
[03:36:38] ✅ 1101384 → AUTH OK
[03:36:38] ✅ 1102122 → AUTH OK
[03:36:38] ✅ 1037033 → AUTH OK
[03:36:38] ✅ 1041688 → AUTH OK
[03:36:38] ✅ 1078025 → AUTH OK
[03:36:38] ✅ 1042465 → AUTH OK
[03:36:38] ✅ 1044503 → AUTH OK
[03:36:38] ✅ 1040891 → AUTH OK
[03:36:38] ✅ 1074151 → AUTH OK
[03:36:38] ✅ 1051040 → AUTH OK
[03:36:38] ✅ 29998 → AUTH OK
[03:36:38] ✅ 11264 → AUTH OK
[03:36:38] ✅ 1049243 → AUTH OK
[03:36:38] ✅ 1065383 → AUTH OK
[03:36:38] ✅ 1037496 → AUTH OK
[03:36:38] ✅ 1093265 → AUTH OK
[03:36:38] ✅ 1024804 → AUTH OK
[03:36:38] ✅ 1039878 → AUTH OK
[03:36:38] ✅ 1008705 → AUTH OK
[03:36:38] ✅ 1031638 → AUTH OK
[03:36:38] ✅ 1030389 → AUTH OK
[03:36:38] ✅ 1037228 → AUTH OK
[03:36:38] ✅ 7714 → AUTH OK
[03:36:38] ✅ 1076602 → AUTH OK
[03:36:38] ✅ 50915 → AUTH OK
[03:36:38] ✅ 1094334 → AUTH OK
[03:36:38] ✅ 1039860 → AUTH OK
[03:36:38] ✅ 1047659 → AUTH OK
[03:36:38] ✅ 1039847 → AUTH OK
[03:36:38] ✅ 1039846 → AUTH OK
[03:36:38] ✅ 1039875 → AUTH OK
[03:36:38] ✅ 1041672 → AUTH OK
[03:36:38] ✅ 1009194 → AUTH OK
[03:36:38] ✅ 28206 → AUTH OK
[03:36:38] ✅ 1096733 → AUTH OK
[03:36:38] ✅ 1031636 → AUTH OK
[03:36:38] ✅ 1041687 → AUTH OK
[03:36:38] ✅ 2855 → AUTH OK
[03:36:38] ✅ 1039862 → AUTH OK
[03:36:38] ✅ 1024343 → AUTH OK
[03:36:38] ✅ 1001773 → AUTH OK
[03:36:38] ✅ 9292 → AUTH OK
[03:36:38] ✅ 4106 → AUTH OK
[03:36:38] ✅ 1039864 → AUTH OK
[03:36:38] ✅ 1097120 → AUTH OK
[03:36:39] ✅ 25805 → AUTH OK
[03:36:39] ✅ 1036959 → AUTH OK
[03:36:39] ✅ 1089130 → AUTH OK
[03:36:39] ✅ 7258 → AUTH OK
[03:36:39] ✅ 1088822 → AUTH OK
[03:36:39] ✅ 1040466 → AUTH OK
[03:36:39] ✅ 1041685 → AUTH OK
[03:36:39] ✅ 4097 → AUTH OK
[03:36:39] ✅ 9242 → AUTH OK
[03:36:39] ✅ 1018795 → AUTH OK
[03:36:39] ✅ 9365 → AUTH OK
[03:36:39] ✅ 1039865 → AUTH OK
[03:36:39] ✅ 1039850 → AUTH OK
[03:36:39] ✅ 27151 → AUTH OK
[03:36:39] ✅ 25803 → AUTH OK
[03:36:39] ✅ 36376 → AUTH OK
[03:36:39] ✅ 1046654 → AUTH OK
[03:36:39] ✅ 1039849 → AUTH OK
[03:36:39] ✅ 1041244 → AUTH OK
[03:36:39] ✅ 1039851 → AUTH OK
[03:36:39] ✅ 7543 → AUTH OK
[03:36:39] ✅ 4693 → AUTH OK
[03:36:39] ✅ 56048 → AUTH OK
[03:36:39] ✅ 13958 → AUTH OK
[03:36:39] ✅ 1041449 → AUTH OK
[03:36:39] ✅ 1098929 → AUTH OK
[03:36:39] ✅ 7813 → AUTH OK
[03:36:39] ✅ 9920 → AUTH OK
[03:36:39] ✅ 1039848 → AUTH OK
[03:36:39] ✅ 7841 → AUTH OK
[03:36:39] ✅ 44361 → AUTH OK
[03:36:39] ✅ 1080239 → AUTH OK
[03:36:39] ✅ 4380 → AUTH OK
[03:36:39] ✅ 1016089 → AUTH OK
[03:36:39] ✅ 28968 → AUTH OK
[03:36:39] ✅ 1056572 → AUTH OK
[03:36:39] ✅ 7301 → AUTH OK
[03:36:39] ✅ 4189 → AUTH OK
[03:36:39] ✅ 1041394 → AUTH OK
[03:36:39] ✅ 1022965 → AUTH OK
[03:36:39] ✅ 1018799 → AUTH OK
[03:36:39] ✅ 27373 → AUTH OK
[03:36:39] ✅ 55733 → AUTH OK
[03:36:39] ✅ 1030438 → AUTH OK
[03:36:39] ✅ 4171 → AUTH OK
[03:36:40] ✅ 4178 → AUTH OK
[03:36:40] ✅ 1075746 → AUTH OK
[03:36:40] ✅ 60083 → AUTH OK
[03:36:40] ✅ 1037518 → AUTH OK
[03:36:40] ✅ 1037525 → AUTH OK
[03:36:40] ✅ 60085 → AUTH OK
[03:36:40] ✅ 1053400 → AUTH OK
[03:36:40] ✅ 1016053 → AUTH OK
[03:36:40] ✅ 1008418 → AUTH OK
[03:36:40] ✅ 14120 → AUTH OK
[03:36:40] ✅ 17069 → AUTH OK
[03:36:40] ✅ 1041743 → AUTH OK
[03:36:40] ✅ 1041728 → AUTH OK
[03:36:40] ✅ 10940 → AUTH OK
[03:36:40] ✅ 25804 → AUTH OK
[03:36:40] ✅ 9487 → AUTH OK
[03:36:40] ✅ 1050791 → AUTH OK
[03:36:40] ✅ 1016133 → AUTH OK
[03:36:40] ✅ 55272 → AUTH OK
[03:36:40] ✅ 1030504 → AUTH OK
[03:36:40] ✅ 1053618 → AUTH OK
[03:36:40] ✅ 1049666 → AUTH OK
[03:36:40] ✅ 5059 → AUTH OK
[03:36:40] ✅ 24521 → AUTH OK
[03:36:40] ✅ 1016088 → AUTH OK
[03:36:40] ✅ 1011174 → AUTH OK
[03:36:40] ✅ 1042640 → AUTH OK
[03:36:40] ✅ 1007054 → AUTH OK
[03:36:40] ✅ 1008456 → AUTH OK
[03:36:40] ✅ 1042615 → AUTH OK
[03:36:40] ✅ 1037511 → AUTH OK
[03:36:40] ✅ 1036962 → AUTH OK
[03:36:40] ✅ 1018652 → AUTH OK
[03:36:40] ✅ 4891 → AUTH OK
[03:36:40] ✅ 4248 → AUTH OK
[03:36:40] ✅ 1042635 → AUTH OK
[03:36:40] ✅ 3960 → AUTH OK
[03:36:40] ✅ 1037961 → AUTH OK
[03:36:40] ✅ 28925 → AUTH OK
[03:36:40] ✅ 1037502 → AUTH OK
[03:36:40] ✅ 1042453 → AUTH OK
[03:36:40] ✅ 3981 → AUTH OK
[03:36:40] ✅ 4232 → AUTH OK
[03:36:41] ✅ 1041504 → AUTH OK
[03:36:41] ✅ 22684 → AUTH OK
[03:36:41] ✅ 3910 → AUTH OK
[03:36:41] ✅ 1037526 → AUTH OK
[03:36:41] ✅ 1012595 → AUTH OK
[03:36:41] ✅ 7881 → AUTH OK
[03:36:41] ✅ 19528 → AUTH OK
[03:36:41] ✅ 6044 → AUTH OK
[03:36:41] ✅ 32194 → AUTH OK
[03:36:41] ✅ 4028 → AUTH OK
[03:36:41] ✅ 14694 → AUTH OK
[03:36:41] ✅ 4008 → AUTH OK
[03:36:41] ✅ 1067946 → AUTH OK
[03:36:41] ✅ 7534 → AUTH OK
[03:36:41] ✅ 14702 → AUTH OK
[03:36:41] ✅ 25860 → AUTH OK
[03:36:41] ✅ 58633 → AUTH OK
[03:36:41] ✅ 4067 → AUTH OK
[03:36:41] ✅ 9135 → AUTH OK
[03:36:41] ✅ 6057 → AUTH OK
[03:36:41] ✅ 43348 → AUTH OK
[03:36:41] ✅ 1091219 → AUTH OK
[03:36:41] ✅ 1092958 → AUTH OK
[03:36:41] ✅ 1019166 → AUTH OK
[03:36:41] ✅ 1018798 → AUTH OK
[03:36:41] ✅ 1005799 → AUTH OK
[03:36:41] ✅ 1050645 → AUTH OK
[03:36:41] ✅ 10250 → AUTH OK
[03:36:41] ✅ 1005798 → AUTH OK
[03:36:41] ✅ 1037530 → AUTH OK
[03:36:41] ✅ 1089067 → AUTH OK
[03:36:41] ✅ 1034375 → AUTH OK
[03:36:41] ✅ 1025291 → AUTH OK
[03:36:41] ✅ 1015289 → AUTH OK
[03:36:41] ✅ 4608 → AUTH OK
[03:36:41] ✅ 1020333 → AUTH OK
[03:36:41] ✅ 1058533 → AUTH OK
[03:36:41] ✅ 1041725 → AUTH OK
[03:36:41] ✅ 27150 → AUTH OK
[03:36:41] ✅ 1058794 → AUTH OK
[03:36:41] ✅ 1044095 → AUTH OK
[03:36:41] ✅ 1023626 → AUTH OK
[03:36:41] ✅ 1034383 → AUTH OK
[03:36:41] ✅ 1033632 → AUTH OK
[03:36:41] ✅ 1019593 → AUTH OK
[03:36:41] ✅ 1039768 → AUTH OK
[03:36:41] ✅ 1015291 → AUTH OK
[03:36:41] ✅ 27716 → AUTH OK
[03:36:42] ✅ 1013208 → AUTH OK
[03:36:42] ✅ 27715 → AUTH OK
[03:36:42] ✅ 1039751 → AUTH OK
[03:36:42] ✅ 4042 → AUTH OK
[03:36:42] ✅ 1034186 → AUTH OK
[03:36:42] ✅ 7747 → AUTH OK
[03:36:42] ✅ 1034254 → AUTH OK
[03:36:42] ✅ 496 → AUTH OK
[03:36:42] ✅ 1063761 → AUTH OK
[03:36:42] ✅ 44966 → AUTH OK
[03:36:42] ✅ 1088790 → AUTH OK
[03:36:42] ✅ 4306 → AUTH OK
[03:36:42] ✅ 24351 → AUTH OK
[03:36:42] ✅ 24929 → AUTH OK
[03:36:42] ✅ 1020288 → AUTH OK
[03:36:42] ✅ 28214 → AUTH OK
[03:36:42] ✅ 1016986 → AUTH OK
[03:36:42] ✅ 1037520 → AUTH OK
[03:36:42] ✅ 4217 → AUTH OK
[03:36:42] ✅ 1037142 → AUTH OK
[03:36:42] ✅ 9373 → AUTH OK
[03:36:42] ✅ 1088803 → AUTH OK
[03:36:42] ✅ 1083399 → AUTH OK
[03:36:42] ✅ 1039424 → AUTH OK
[03:36:42] ✅ 7752 → AUTH OK
[03:36:42] ✅ 1053939 → AUTH OK
[03:36:42] ✅ 52996 → AUTH OK
[03:36:42] ✅ 31987 → AUTH OK
[03:36:42] ✅ 1067686 → AUTH OK
[03:36:42] ✅ 1015795 → AUTH OK
[03:36:42] ✅ 7222 → AUTH OK
[03:36:42] ✅ 16791 → AUTH OK
[03:36:42] ✅ 1041692 → AUTH OK
[03:36:42] ✅ 26401 → AUTH OK
[03:36:42] ✅ 509 → AUTH OK
[03:36:42] ✅ 15527 → AUTH OK
[03:36:42] ✅ 1036961 → AUTH OK
[03:36:42] ✅ 1020190 → AUTH OK
[03:36:42] ✅ 1063452 → AUTH OK
[03:36:42] ✅ 4332 → AUTH OK
[03:36:42] ✅ 1003802 → AUTH OK
[03:36:42] ✅ 6093 → AUTH OK
[03:36:42] ✅ 9420 → AUTH OK
[03:36:42] ✅ 22305 → AUTH OK
[03:36:42] ✅ 44366 → AUTH OK
[03:36:42] ✅ 5041 → AUTH OK
[03:36:42] ✅ 30524 → AUTH OK
[03:36:42] ✅ 1003773 → AUTH OK
[03:36:42] ✅ 1008409 → AUTH OK
[03:36:43] ✅ 1030422 → AUTH OK
[03:36:43] ✅ 1065451 → AUTH OK
[03:36:43] ✅ 1008335 → AUTH OK
[03:36:43] ✅ 25938 → AUTH OK
[03:36:43] ✅ 1005991 → AUTH OK
[03:36:43] ✅ 1041753 → AUTH OK
[03:36:43] ✅ 522 → AUTH OK
[03:36:43] ✅ 32294 → AUTH OK
[03:36:43] ✅ 4902 → AUTH OK
[03:36:43] ✅ 4739 → AUTH OK
[03:36:43] ✅ 26230 → AUTH OK
[03:36:43] ✅ 1039877 → AUTH OK
[03:36:43] ✅ 1039842 → AUTH OK
[03:36:43] ✅ 9413 → AUTH OK
[03:36:43] ✅ 9411 → AUTH OK
[03:36:43] ✅ 1040228 → AUTH OK
[03:36:43] ✅ 62637 → AUTH OK
[03:36:43] ✅ 26676 → AUTH OK
[03:36:43] ✅ 4107 → AUTH OK
[03:36:43] ✅ 1021922 → AUTH OK
[03:36:43] ✅ 25011 → AUTH OK
[03:36:43] ✅ 25808 → AUTH OK
[03:36:43] ✅ 9424 → AUTH OK
[03:36:43] ✅ 1040731 → AUTH OK
[03:36:43] ✅ 1005804 → AUTH OK
[03:36:43] ✅ 36879 → AUTH OK
[03:36:43] ✅ 9350 → AUTH OK
[03:36:43] ✅ 1039272 → AUTH OK
[03:36:43] ✅ 1037345 → AUTH OK
[03:36:43] ✅ 1037532 → AUTH OK
[03:36:43] ✅ 14166 → AUTH OK
[03:36:43] ✅ 1041505 → AUTH OK
[03:36:43] ✅ 1012189 → AUTH OK
[03:36:43] ✅ 4036 → AUTH OK
[03:36:43] ✅ 9551 → AUTH OK
[03:36:43] ✅ 9474 → AUTH OK
[03:36:43] ✅ 1005797 → AUTH OK
[03:36:43] ✅ 1034324 → AUTH OK
[03:36:43] ✅ 4733 → AUTH OK
[03:36:43] ✅ 1008404 → AUTH OK
[03:36:43] ✅ 9491 → AUTH OK
[03:36:43] ✅ 7350 → AUTH OK
[03:36:43] ✅ 1042439 → AUTH OK
[03:36:43] ✅ 1071622 → AUTH OK
[03:36:43] ✅ 4045 → AUTH OK
[03:36:43] ✅ 4272 → AUTH OK
[03:36:43] ✅ 1012081 → AUTH OK
[03:36:43] ✅ 1037506 → AUTH OK
[03:36:44] ✅ 14669 → AUTH OK
[03:36:44] ✅ 1025740 → AUTH OK
[03:36:44] ✅ 1031296 → AUTH OK
[03:36:44] ✅ 5058 → AUTH OK
[03:36:44] ✅ 1027903 → AUTH OK
[03:36:44] ✅ 18823 → AUTH OK
[03:36:44] ✅ 4725 → AUTH OK
[03:36:44] ✅ 1037523 → AUTH OK
[03:36:44] ✅ 1014990 → AUTH OK
[03:36:44] ✅ 9132 → AUTH OK
[03:36:44] ✅ 26640 → AUTH OK
[03:36:44] ✅ 4715 → AUTH OK
[03:36:44] ✅ 1065987 → AUTH OK
[03:36:44] ✅ 1052503 → AUTH OK
[03:36:44] ✅ 1015442 → AUTH OK
[03:36:44] ✅ 1064038 → AUTH OK
[03:36:44] ✅ 4050 → AUTH OK
[03:36:44] ✅ 42945 → AUTH OK
[03:36:44] ✅ 1036772 → AUTH OK
[03:36:44] ✅ 1015840 → AUTH OK
[03:36:44] ✅ 1016381 → AUTH OK
[03:36:44] ✅ 1041473 → AUTH OK
[03:36:44] ✅ 7137 → AUTH OK
[03:36:44] ✅ 1037514 → AUTH OK
[03:36:44] ✅ 46485 → AUTH OK
[03:36:44] ✅ 1041496 → AUTH OK
[03:36:44] ✅ 51499 → AUTH OK
[03:36:44] ✅ 27219 → AUTH OK
[03:36:44] ✅ 18460 → AUTH OK
[03:36:44] ✅ 7679 → AUTH OK
[03:36:44] ✅ 1020453 → AUTH OK
[03:36:44] ✅ 16522 → AUTH OK
[03:36:44] ✅ 4051 → AUTH OK
[03:36:44] ✅ 7618 → AUTH OK
[03:36:44] ✅ 1020547 → AUTH OK
[03:36:44] ✅ 5145 → AUTH OK
[03:36:44] ✅ 1037510 → AUTH OK
[03:36:44] ✅ 1041458 → AUTH OK
[03:36:44] ✅ 9136 → AUTH OK
[03:36:44] ✅ 1041393 → AUTH OK
[03:36:44] ✅ 1041242 → AUTH OK
[03:36:44] ✅ 1075745 → AUTH OK
[03:36:44] ✅ 1084553 → AUTH OK
[03:36:44] ✅ 1015286 → AUTH OK
[03:36:44] ✅ 9384 → AUTH OK
[03:36:44] ✅ 3965 → AUTH OK
[03:36:44] ✅ 1032461 → AUTH OK
[03:36:44] ✅ 1037531 → AUTH OK
[03:36:45] ✅ 9174 → AUTH OK
[03:36:45] ✅ 25571 → AUTH OK
[03:36:45] ✅ 1039840 → AUTH OK
[03:36:45] ✅ 1032460 → AUTH OK
[03:36:45] ✅ 55466 → AUTH OK
[03:36:45] ✅ 9194 → AUTH OK
[03:36:45] ✅ 26281 → AUTH OK
[03:36:45] ✅ 25045 → AUTH OK
[03:36:45] ✅ 1016383 → AUTH OK
[03:36:45] ✅ 30784 → AUTH OK
[03:36:45] ✅ 7232 → AUTH OK
[03:36:45] ✅ 1003767 → AUTH OK
[03:36:45] ✅ 55853 → AUTH OK
[03:36:45] ✅ 9246 → AUTH OK
[03:36:45] ✅ 1037503 → AUTH OK
[03:36:45] ✅ 1037491 → AUTH OK
[03:36:45] ✅ 1029684 → AUTH OK
[03:36:45] ✅ 25181 → AUTH OK
[03:36:45] ✅ 1007282 → AUTH OK
[03:36:45] ✅ 1037527 → AUTH OK
[03:36:45] ✅ 1041239 → AUTH OK
[03:36:45] ✅ 19513 → AUTH OK
[03:36:45] ✅ 5182 → AUTH OK
[03:36:45] ✅ 18164 → AUTH OK
[03:36:45] ✅ 1015975 → AUTH OK
[03:36:45] ✅ 3896 → AUTH OK
[03:36:45] ✅ 1035744 → AUTH OK
[03:36:45] ✅ 9285 → AUTH OK
[03:36:45] ✅ 62250 → AUTH OK
[03:36:45] ✅ 1037516 → AUTH OK
[03:36:45] ✅ 1037521 → AUTH OK
[03:36:45] ✅ 1037517 → AUTH OK
[03:36:45] ✅ 1042605 → AUTH OK
[03:36:45] ✅ 1032901 → AUTH OK
[03:36:45] ✅ 1041804 → AUTH OK
[03:36:45] ✅ 1012280 → AUTH OK
[03:36:45] ✅ 1040181 → AUTH OK
[03:36:45] ✅ 5220 → AUTH OK
[03:36:45] ✅ 1088811 → AUTH OK
[03:36:45] ✅ 7293 → AUTH OK
[03:36:45] ✅ 1041199 → AUTH OK
[03:36:45] ✅ 4889 → AUTH OK
[03:36:45] ✅ 14354 → AUTH OK
[03:36:45] ✅ 16523 → AUTH OK
[03:36:45] ✅ 1020338 → AUTH OK
[03:36:46] ✅ 1047917 → AUTH OK
[03:36:46] ✅ 1056892 → AUTH OK
[03:36:46] ✅ 1061843 → AUTH OK
[03:36:46] ✅ 4919 → AUTH OK
[03:36:46] ✅ 6119 → AUTH OK
[03:36:46] ✅ 4780 → AUTH OK
[03:36:46] ✅ 1041683 → AUTH OK
[03:36:46] ✅ 5150 → AUTH OK
[03:36:46] ✅ 1052727 → AUTH OK
[03:36:46] ✅ 1036383 → AUTH OK
[03:36:46] ✅ 1050804 → AUTH OK
[03:36:46] ✅ 1084822 → AUTH OK
[03:36:46] ✅ 4910 → AUTH OK
[03:36:46] ✅ 9784 → AUTH OK
[03:36:46] ✅ 29954 → AUTH OK
[03:36:46] ✅ 9661 → AUTH OK
[03:36:46] ✅ 1033177 → AUTH OK
[03:36:46] ✅ 17483 → AUTH OK
[03:36:46] ✅ 7537 → AUTH OK
[03:36:46] ✅ 28235 → AUTH OK
[03:36:46] ✅ 25281 → AUTH OK
[03:36:46] ✅ 1018468 → AUTH OK
[03:36:46] ✅ 1041732 → AUTH OK
[03:36:46] ✅ 7826 → AUTH OK
[03:36:46] ✅ 1030383 → AUTH OK
[03:36:46] ✅ 27725 → AUTH OK
[03:36:46] ✅ 1041726 → AUTH OK
[03:36:46] ✅ 1006037 → AUTH OK
[03:36:46] ✅ 1013210 → AUTH OK
[03:36:46] ✅ 1041465 → AUTH OK
[03:36:46] ✅ 9150 → AUTH OK
[03:36:46] ✅ 3145 → AUTH OK
[03:36:46] ✅ 4852 → AUTH OK
[03:36:46] ✅ 1055922 → AUTH OK
[03:36:46] ✅ 7753 → AUTH OK
[03:36:46] ✅ 19110 → AUTH OK
[03:36:46] ✅ 4163 → AUTH OK
[03:36:46] ✅ 58822 → AUTH OK
[03:36:46] ✅ 1028118 → AUTH OK
[03:36:46] ✅ 1074202 → AUTH OK
[03:36:46] ✅ 7312 → AUTH OK
[03:36:46] ✅ 9044 → AUTH OK
[03:36:46] ✅ 7856 → AUTH OK
[03:36:46] ✅ 7814 → AUTH OK
[03:36:46] ✅ 28863 → AUTH OK
[03:36:46] ✅ 4904 → AUTH OK
[03:36:46] ✅ 4340 → AUTH OK
[03:36:46] ✅ 6096 → AUTH OK
[03:36:46] ✅ 1050768 → AUTH OK
[03:36:46] ✅ 27432 → AUTH OK
[03:36:46] ✅ 1019687 → AUTH OK
[03:36:46] ✅ 4379 → AUTH OK
[03:36:47] ✅ 4255 → AUTH OK
[03:36:47] ✅ 5080 → AUTH OK
[03:36:47] ✅ 7260 → AUTH OK
[03:36:47] ✅ 1088778 → AUTH OK
[03:36:47] ✅ 9131 → AUTH OK
[03:36:47] ✅ 4425 → AUTH OK
[03:36:47] ✅ 1398 → AUTH OK
[03:36:47] ✅ 1020350 → AUTH OK
[03:36:47] ✅ 1026095 → AUTH OK
[03:36:47] ✅ 1041566 → AUTH OK
[03:36:47] ✅ 1042822 → AUTH OK
[03:36:47] ✅ 7627 → AUTH OK
[03:36:47] ✅ 30441 → AUTH OK
[03:36:47] ✅ 5105 → AUTH OK
[03:36:47] ✅ 1039748 → AUTH OK
[03:36:47] ✅ 1041211 → AUTH OK
[03:36:47] ✅ 1041495 → AUTH OK
[03:36:47] ✅ 19289 → AUTH OK
[03:36:47] ✅ 1031639 → AUTH OK
[03:36:47] ✅ 1014297 → AUTH OK
[03:36:47] ✅ 1054202 → AUTH OK
[03:36:47] ✅ 1033524 → AUTH OK
[03:36:47] ✅ 9176 → AUTH OK
[03:36:47] ✅ 1041691 → AUTH OK
[03:36:47] ✅ 6079 → AUTH OK
[03:36:47] ✅ 1009967 → AUTH OK
[03:36:47] ✅ 10268 → AUTH OK
[03:36:47] ✅ 1031640 → AUTH OK
[03:36:47] ✅ 19294 → AUTH OK
[03:36:47] ✅ 43960 → AUTH OK
[03:36:47] ✅ 26729 → AUTH OK
[03:36:47] ✅ 29510 → AUTH OK
[03:36:47] ✅ 24522 → AUTH OK
[03:36:47] ✅ 1013662 → AUTH OK
[03:36:47] ✅ 1055117 → AUTH OK
[03:36:47] ✅ 7308 → AUTH OK
[03:36:47] ✅ 54684 → AUTH OK
[03:36:47] ✅ 9497 → AUTH OK
[03:36:47] ✅ 9780 → AUTH OK
[03:36:47] ✅ 32811 → AUTH OK
[03:36:47] ✅ 1066216 → AUTH OK
[03:36:47] ✅ 984 → AUTH OK
[03:36:47] ✅ 1039923 → AUTH OK
[03:36:47] ✅ 33645 → AUTH OK
[03:36:47] ✅ 12947 → AUTH OK
[03:36:48] ✅ 1041729 → AUTH OK
[03:36:48] ✅ 1018796 → AUTH OK
[03:36:48] ✅ 482 → AUTH OK
[03:36:48] ✅ 22884 → AUTH OK
[03:36:48] ✅ 4714 → AUTH OK
[03:36:48] ✅ 9291 → AUTH OK
[03:36:48] ✅ 1041684 → AUTH OK
[03:36:48] ✅ 1030384 → AUTH OK
[03:36:48] ✅ 9527 → AUTH OK
[03:36:48] ✅ 4881 → AUTH OK
[03:36:48] ✅ 1008441 → AUTH OK
[03:36:48] ✅ 9653 → AUTH OK
[03:36:48] ✅ 1041782 → AUTH OK
[03:36:48] ✅ 1056146 → AUTH OK
[03:36:48] ✅ 1039863 → AUTH OK
[03:36:48] ✅ 1089364 → AUTH OK
[03:36:48] ✅ 24767 → AUTH OK
[03:36:48] ✅ 15614 → AUTH OK
[03:36:48] ✅ 1065452 → AUTH OK
[03:36:48] ✅ 1078620 → AUTH OK
[03:36:48] ✅ 476 → AUTH OK
[03:36:48] ✅ 5103 → AUTH OK
[03:36:48] ✅ 6035 → AUTH OK
[03:36:48] ✅ 1075662 → AUTH OK
[03:36:48] ✅ 1049289 → AUTH OK
[03:36:48] ✅ 1049288 → AUTH OK
[03:36:48] ✅ 1019544 → AUTH OK
[03:36:48] ✅ 3976 → AUTH OK
[03:36:48] ✅ 14703 → AUTH OK
[03:36:48] ✅ 1054735 → AUTH OK
[03:36:48] ✅ 1027244 → AUTH OK
[03:36:48] ✅ 1035939 → AUTH OK
[03:36:48] ✅ 52682 → AUTH OK
[03:36:48] ✅ 1004633 → AUTH OK
[03:36:48] ✅ 1054736 → AUTH OK
[03:36:48] ✅ 1092992 → AUTH OK
[03:36:48] ✅ 1041567 → AUTH OK
[03:36:48] ✅ 62907 → AUTH OK
[03:36:48] ✅ 26294 → AUTH OK
[03:36:48] ✅ 5061 → AUTH OK
[03:36:48] ✅ 25008 → AUTH OK
[03:36:48] ✅ 31792 → AUTH OK
[03:36:48] ✅ 3906 → AUTH OK
[03:36:48] ✅ 1054730 → AUTH OK
[03:36:48] ✅ 1024041 → AUTH OK
[03:36:48] ✅ 1056839 → AUTH OK
[03:36:48] ✅ 1042215 → AUTH OK
[03:36:48] ✅ 38446 → AUTH OK
[03:36:48] ✅ 1032344 → AUTH OK
[03:36:48] ✅ 6121 → AUTH OK
[03:36:48] ✅ 1009010 → AUTH OK
[03:36:48] ✅ 1009117 → AUTH OK
[03:36:49] ✅ 4976 → AUTH OK
[03:36:49] ✅ 1059680 → AUTH OK
[03:36:49] ✅ 1056846 → AUTH OK
[03:36:49] ✅ 49852 → AUTH OK
[03:36:49] ✅ 1020755 → AUTH OK
[03:36:49] ✅ 24880 → AUTH OK
[03:36:49] ✅ 1088219 → AUTH OK
[03:36:49] ✅ 1068242 → AUTH OK
[03:36:49] ✅ 39874 → AUTH OK
[03:36:49] ✅ 1021629 → AUTH OK
[03:36:49] ✅ 1036955 → AUTH OK
[03:36:49] ✅ 1025576 → AUTH OK
[03:36:49] ✅ 4124 → AUTH OK
[03:36:49] ✅ 9041 → AUTH OK
[03:36:49] ✅ 15526 → AUTH OK
[03:36:49] ✅ 9504 → AUTH OK
[03:36:49] ✅ 4038 → AUTH OK
[03:36:49] ✅ 9100 → AUTH OK
[03:36:49] ✅ 9169 → AUTH OK
[03:36:49] ✅ 4890 → AUTH OK
[03:36:49] ✅ 24246 → AUTH OK
[03:36:49] ✅ 9368 → AUTH OK
[03:36:49] ✅ 10255 → AUTH OK
[03:36:49] ✅ 1054742 → AUTH OK
[03:36:49] ✅ 1053536 → AUTH OK
[03:36:49] ✅ 7504 → AUTH OK
[03:36:49] ✅ 1036114 → AUTH OK
[03:36:49] ✅ 1082851 → AUTH OK
[03:36:49] ✅ 31788 → AUTH OK
[03:36:49] ✅ 1012136 → AUTH OK
[03:36:49] ✅ 1013355 → AUTH OK
[03:36:49] ✅ 1004635 → AUTH OK
[03:36:49] ✅ 10270 → AUTH OK
[03:36:49] ✅ 56144 → AUTH OK
[03:36:49] ✅ 1004634 → AUTH OK
[03:36:49] ✅ 24981 → AUTH OK
[03:36:49] ✅ 1028879 → AUTH OK
[03:36:49] ✅ 1003803 → AUTH OK
[03:36:49] ✅ 1011192 → AUTH OK
[03:36:49] ✅ 1053155 → AUTH OK
[03:36:49] ✅ 7511 → AUTH OK
[03:36:49] ✅ 4174 → AUTH OK
[03:36:49] ✅ Fetched 362 venues with shows
[03:36:49] ✅ DONE | Shows=2459 | Movies=43
[10:46:04] 📍 Loaded 754 district venues
[10:46:04] 🚀 DISTRICT SCRAPER STARTED
[10:46:04] ✅ 20856 → AUTH OK
[10:46:04] ✅ 1020401 → AUTH OK
[10:46:04] ✅ 1583 → AUTH OK
[10:46:04] ✅ 1102289 → AUTH OK
[10:46:04] ✅ 1096456 → AUTH OK
[10:46:04] ✅ 1086677 → AUTH OK
[10:46:04] ✅ 61879 → AUTH OK
[10:46:04] ✅ 1068270 → AUTH OK
[10:46:04] ✅ 1102096 → AUTH OK
[10:46:04] ✅ 1102175 → AUTH OK
[10:46:04] ✅ 1102183 → AUTH OK
[10:46:04] ✅ 1102311 → AUTH OK
[10:46:04] ✅ 1068240 → AUTH OK
[10:46:04] ✅ 1102103 → AUTH OK
[10:46:04] ✅ 1101584 → AUTH OK
[10:46:04] ✅ 1101483 → AUTH OK
[10:46:04] ✅ 1102100 → AUTH OK
[10:46:04] ✅ 1067161 → AUTH OK
[10:46:04] ✅ 1102098 → AUTH OK
[10:46:04] ✅ 51512 → AUTH OK
[10:46:04] ✅ 1044502 → AUTH OK
[10:46:04] ✅ 1101397 → AUTH OK
[10:46:04] ✅ 539 → AUTH OK
[10:46:04] ✅ 1102119 → AUTH OK
[10:46:05] ✅ 1082714 → AUTH OK
[10:46:05] ✅ 1102127 → AUTH OK
[10:46:05] ✅ 1102076 → AUTH OK
[10:46:05] ✅ 1096482 → AUTH OK
[10:46:05] ✅ 4430 → AUTH OK
[10:46:05] ✅ 1100725 → AUTH OK
[10:46:05] ✅ 1102097 → AUTH OK
[10:46:05] ✅ 1101355 → AUTH OK
[10:46:05] ✅ 9508 → AUTH OK
[10:46:05] ✅ 1102233 → AUTH OK
[10:46:05] ✅ 1096734 → AUTH OK
[10:46:05] ✅ 1095290 → AUTH OK
[10:46:05] ✅ 1096524 → AUTH OK
[10:46:05] ✅ 1102215 → AUTH OK
[10:46:05] ✅ 7854 → AUTH OK
[10:46:05] ✅ 1094756 → AUTH OK
[10:46:05] ✅ 1102186 → AUTH OK
[10:46:05] ✅ 9736 → AUTH OK
[10:46:05] ✅ 1011906 → AUTH OK
[10:46:05] ✅ 1102176 → AUTH OK
[10:46:05] ✅ 1102173 → AUTH OK
[10:46:05] ✅ 1102244 → AUTH OK
[10:46:05] ✅ 1102272 → AUTH OK
[10:46:05] ✅ 1101450 → AUTH OK
[10:46:05] ✅ 1096475 → AUTH OK
[10:46:05] ✅ 1102304 → AUTH OK
[10:46:05] ✅ 1101451 → AUTH OK
[10:46:05] ✅ 1102270 → AUTH OK
[10:46:05] ✅ 1102164 → AUTH OK
[10:46:05] ✅ 1102256 → AUTH OK
[10:46:05] ✅ 1102181 → AUTH OK
[10:46:05] ✅ 1102071 → AUTH OK
[10:46:05] ✅ 1102242 → AUTH OK
[10:46:05] ✅ 1102090 → AUTH OK
[10:46:05] ✅ 1102165 → AUTH OK
[10:46:05] ✅ 1102182 → AUTH OK
[10:46:05] ✅ 7257 → AUTH OK
[10:46:05] ✅ 1101521 → AUTH OK
[10:46:05] ✅ 1102248 → AUTH OK
[10:46:05] ✅ 1102082 → AUTH OK
[10:46:05] ✅ 1102280 → AUTH OK
[10:46:05] ✅ 1102095 → AUTH OK
[10:46:05] ✅ 1101471 → AUTH OK
[10:46:05] ✅ 1102094 → AUTH OK
[10:46:05] ✅ 1102084 → AUTH OK
[10:46:05] ✅ 1102277 → AUTH OK
[10:46:05] ✅ 1102299 → AUTH OK
[10:46:05] ✅ 1102047 → AUTH OK
[10:46:06] ✅ 1038431 → AUTH OK
[10:46:06] ✅ 1102269 → AUTH OK
[10:46:06] ✅ 1102080 → AUTH OK
[10:46:06] ✅ 1102174 → AUTH OK
[10:46:06] ✅ 4222 → AUTH OK
[10:46:06] ✅ 1101590 → AUTH OK
[10:46:06] ✅ 1102166 → AUTH OK
[10:46:06] ✅ 1102265 → AUTH OK
[10:46:06] ✅ 1102253 → AUTH OK
[10:46:06] ✅ 1102213 → AUTH OK
[10:46:06] ✅ 1102247 → AUTH OK
[10:46:06] ✅ 1102291 → AUTH OK
[10:46:06] ✅ 1041690 → AUTH OK
[10:46:06] ✅ 1101568 → AUTH OK
[10:46:06] ✅ 1102261 → AUTH OK
[10:46:06] ✅ 1102241 → AUTH OK
[10:46:06] ✅ 1031364 → AUTH OK
[10:46:06] ✅ 1102129 → AUTH OK
[10:46:06] ✅ 1102073 → AUTH OK
[10:46:06] ✅ 1102184 → AUTH OK
[10:46:06] ✅ 1102285 → AUTH OK
[10:46:06] ✅ 1102132 → AUTH OK
[10:46:06] ✅ 1031589 → AUTH OK
[10:46:06] ✅ 1060495 → AUTH OK
[10:46:06] ✅ 1056145 → AUTH OK
[10:46:06] ✅ 28486 → AUTH OK
[10:46:06] ✅ 1101387 → AUTH OK
[10:46:06] ✅ 1101423 → AUTH OK
[10:46:06] ✅ 1102123 → AUTH OK
[10:46:06] ✅ 1691 → AUTH OK
[10:46:06] ✅ 1101388 → AUTH OK
[10:46:06] ✅ 1102068 → AUTH OK
[10:46:06] ✅ 1101368 → AUTH OK
[10:46:06] ✅ 1102137 → AUTH OK
[10:46:06] ✅ 1102273 → AUTH OK
[10:46:06] ✅ 1078022 → AUTH OK
[10:46:06] ✅ 1053154 → AUTH OK
[10:46:06] ✅ 1042102 → AUTH OK
[10:46:06] ✅ 1039880 → AUTH OK
[10:46:06] ✅ 1102125 → AUTH OK
[10:46:06] ✅ 1102106 → AUTH OK
[10:46:06] ✅ 1102147 → AUTH OK
[10:46:06] ✅ 4132 → AUTH OK
[10:46:06] ✅ 1102120 → AUTH OK
[10:46:06] ✅ 1101217 → AUTH OK
[10:46:06] ✅ 1080585 → AUTH OK
[10:46:06] ✅ 1102168 → AUTH OK
[10:46:06] ✅ 1102284 → AUTH OK
[10:46:06] ✅ 1100831 → AUTH OK
[10:46:06] ✅ 1078001 → AUTH OK
[10:46:06] ✅ 1102258 → AUTH OK
[10:46:06] ✅ 1102055 → AUTH OK
[10:46:06] ✅ 1102067 → AUTH OK
[10:46:06] ✅ 1101219 → AUTH OK
[10:46:06] ✅ 1102134 → AUTH OK
[10:46:06] ✅ 1102069 → AUTH OK
[10:46:06] ✅ 1041689 → AUTH OK
[10:46:06] ✅ 20834 → AUTH OK
[10:46:06] ✅ 1037501 → AUTH OK
[10:46:06] ✅ 4911 → AUTH OK
[10:46:07] ✅ 1102276 → AUTH OK
[10:46:07] ✅ 43628 → AUTH OK
[10:46:07] ✅ 5172 → AUTH OK
[10:46:07] ✅ 1102236 → AUTH OK
[10:46:07] ✅ 1101452 → AUTH OK
[10:46:07] ✅ 1102078 → AUTH OK
[10:46:07] ✅ 1102124 → AUTH OK
[10:46:07] ✅ 14699 → AUTH OK
[10:46:07] ✅ 1102275 → AUTH OK
[10:46:07] ✅ 1102104 → AUTH OK
[10:46:07] ✅ 1102294 → AUTH OK
[10:46:07] ✅ 1102281 → AUTH OK
[10:46:07] ✅ 1020826 → AUTH OK
[10:46:07] ✅ 1011900 → AUTH OK
[10:46:07] ✅ 1095009 → AUTH OK
[10:46:07] ✅ 27047 → AUTH OK
[10:46:07] ✅ 1094757 → AUTH OK
[10:46:07] ✅ 5100 → AUTH OK
[10:46:07] ✅ 1014604 → AUTH OK
[10:46:07] ✅ 1102135 → AUTH OK
[10:46:07] ✅ 4175 → AUTH OK
[10:46:07] ✅ 1101222 → AUTH OK
[10:46:07] ✅ 1052124 → AUTH OK
[10:46:07] ✅ 1027478 → AUTH OK
[10:46:07] ✅ 1092638 → AUTH OK
[10:46:07] ✅ 1092639 → AUTH OK
[10:46:07] ✅ 1102228 → AUTH OK
[10:46:07] ✅ 1101523 → AUTH OK
[10:46:07] ✅ 1088548 → AUTH OK
[10:46:07] ✅ 1102239 → AUTH OK
[10:46:07] ✅ 1102075 → AUTH OK
[10:46:07] ✅ 1094680 → AUTH OK
[10:46:07] ✅ 27908 → AUTH OK
[10:46:07] ✅ 13772 → AUTH OK
[10:46:07] ✅ 1102227 → AUTH OK
[10:46:07] ✅ 1088547 → AUTH OK
[10:46:07] ✅ 1054725 → AUTH OK
[10:46:07] ✅ 1054741 → AUTH OK
[10:46:07] ✅ 1039949 → AUTH OK
[10:46:07] ✅ 16605 → AUTH OK
[10:46:07] ✅ 14697 → AUTH OK
[10:46:07] ✅ 1102108 → AUTH OK
[10:46:07] ✅ 1102099 → AUTH OK
[10:46:07] ✅ 1102121 → AUTH OK
[10:46:07] ✅ 1102126 → AUTH OK
[10:46:07] ✅ 1102107 → AUTH OK
[10:46:07] ✅ 4918 → AUTH OK
[10:46:07] ✅ 1060262 → AUTH OK
[10:46:07] ✅ 1101449 → AUTH OK
[10:46:07] ✅ 29761 → AUTH OK
[10:46:07] ✅ 7686 → AUTH OK
[10:46:07] ✅ 11272 → AUTH OK
[10:46:07] ✅ 1102133 → AUTH OK
[10:46:07] ✅ 6081 → AUTH OK
[10:46:07] ✅ 1102122 → AUTH OK
[10:46:07] ✅ 3943 → AUTH OK
[10:46:07] ✅ 1037507 → AUTH OK
[10:46:07] ✅ 1101384 → AUTH OK
[10:46:07] ✅ 1031592 → AUTH OK
[10:46:07] ✅ 4184 → AUTH OK
[10:46:08] ✅ 1102116 → AUTH OK
[10:46:08] ✅ 1042465 → AUTH OK
[10:46:08] ✅ 1041688 → AUTH OK
[10:46:08] ✅ 1037033 → AUTH OK
[10:46:08] ✅ 1078025 → AUTH OK
[10:46:08] ✅ 1037496 → AUTH OK
[10:46:08] ✅ 1044503 → AUTH OK
[10:46:08] ✅ 29998 → AUTH OK
[10:46:08] ✅ 11264 → AUTH OK
[10:46:08] ✅ 1049243 → AUTH OK
[10:46:08] ✅ 1051040 → AUTH OK
[10:46:08] ✅ 1074151 → AUTH OK
[10:46:08] ✅ 1065383 → AUTH OK
[10:46:08] ✅ 50915 → AUTH OK
[10:46:08] ✅ 1030389 → AUTH OK
[10:46:08] ✅ 1040891 → AUTH OK
[10:46:08] ✅ 1008705 → AUTH OK
[10:46:08] ✅ 1093265 → AUTH OK
[10:46:08] ✅ 7714 → AUTH OK
[10:46:08] ✅ 1024804 → AUTH OK
[10:46:08] ✅ 1094334 → AUTH OK
[10:46:08] ✅ 1037228 → AUTH OK
[10:46:08] ✅ 1042632 → AUTH OK
[10:46:08] ✅ 1039847 → AUTH OK
[10:46:08] ✅ 1039878 → AUTH OK
[10:46:08] ✅ 1076602 → AUTH OK
[10:46:08] ✅ 1039846 → AUTH OK
[10:46:08] ✅ 1031638 → AUTH OK
[10:46:08] ✅ 1039860 → AUTH OK
[10:46:08] ✅ 1009194 → AUTH OK
[10:46:08] ✅ 1039875 → AUTH OK
[10:46:08] ✅ 1041672 → AUTH OK
[10:46:08] ✅ 1041687 → AUTH OK
[10:46:08] ✅ 4106 → AUTH OK
[10:46:08] ✅ 1047659 → AUTH OK
[10:46:08] ✅ 1096733 → AUTH OK
[10:46:08] ✅ 2855 → AUTH OK
[10:46:08] ✅ 1024343 → AUTH OK
[10:46:08] ✅ 1031636 → AUTH OK
[10:46:08] ✅ 25805 → AUTH OK
[10:46:08] ✅ 1097120 → AUTH OK
[10:46:08] ✅ 9292 → AUTH OK
[10:46:08] ✅ 1001773 → AUTH OK
[10:46:08] ✅ 1039864 → AUTH OK
[10:46:08] ✅ 1039862 → AUTH OK
[10:46:08] ✅ 1036959 → AUTH OK
[10:46:08] ✅ 1089130 → AUTH OK
[10:46:08] ✅ 7258 → AUTH OK
[10:46:08] ✅ 1088822 → AUTH OK
[10:46:08] ✅ 1041685 → AUTH OK
[10:46:08] ✅ 1018795 → AUTH OK
[10:46:08] ✅ 1040466 → AUTH OK
[10:46:08] ✅ 4097 → AUTH OK
[10:46:08] ✅ 9242 → AUTH OK
[10:46:08] ✅ 9365 → AUTH OK
[10:46:08] ✅ 1039865 → AUTH OK
[10:46:08] ✅ 36376 → AUTH OK
[10:46:08] ✅ 25803 → AUTH OK
[10:46:08] ✅ 1098929 → AUTH OK
[10:46:09] ✅ 1041244 → AUTH OK
[10:46:09] ✅ 1039849 → AUTH OK
[10:46:09] ✅ 44361 → AUTH OK
[10:46:09] ✅ 27151 → AUTH OK
[10:46:09] ✅ 1046654 → AUTH OK
[10:46:09] ✅ 1039851 → AUTH OK
[10:46:09] ✅ 7543 → AUTH OK
[10:46:09] ✅ 28206 → AUTH OK
[10:46:09] ✅ 4693 → AUTH OK
[10:46:09] ✅ 7813 → AUTH OK
[10:46:09] ✅ 13958 → AUTH OK
[10:46:09] ✅ 56048 → AUTH OK
[10:46:09] ✅ 1041449 → AUTH OK
[10:46:09] ✅ 9920 → AUTH OK
[10:46:09] ✅ 14120 → AUTH OK
[10:46:09] ✅ 4380 → AUTH OK
[10:46:09] ✅ 7841 → AUTH OK
[10:46:09] ✅ 1039848 → AUTH OK
[10:46:09] ✅ 7301 → AUTH OK
[10:46:09] ✅ 1056572 → AUTH OK
[10:46:09] ✅ 28968 → AUTH OK
[10:46:09] ✅ 4189 → AUTH OK
[10:46:09] ✅ 1080239 → AUTH OK
[10:46:09] ✅ 1041394 → AUTH OK
[10:46:09] ✅ 1016089 → AUTH OK
[10:46:09] ✅ 1022965 → AUTH OK
[10:46:09] ✅ 1039850 → AUTH OK
[10:46:09] ✅ 1018799 → AUTH OK
[10:46:09] ✅ 1030438 → AUTH OK
[10:46:09] ✅ 27373 → AUTH OK
[10:46:09] ✅ 1075746 → AUTH OK
[10:46:09] ✅ 55733 → AUTH OK
[10:46:09] ✅ 4171 → AUTH OK
[10:46:09] ✅ 4178 → AUTH OK
[10:46:09] ✅ 24521 → AUTH OK
[10:46:09] ✅ 60085 → AUTH OK
[10:46:09] ✅ 1053400 → AUTH OK
[10:46:09] ✅ 1037518 → AUTH OK
[10:46:09] ✅ 1008456 → AUTH OK
[10:46:09] ✅ 1037525 → AUTH OK
[10:46:09] ✅ 1016053 → AUTH OK
[10:46:09] ✅ 1041743 → AUTH OK
[10:46:09] ✅ 17069 → AUTH OK
[10:46:09] ✅ 1008418 → AUTH OK
[10:46:09] ✅ 9487 → AUTH OK
[10:46:09] ✅ 1018652 → AUTH OK
[10:46:09] ✅ 1041728 → AUTH OK
[10:46:09] ✅ 1037961 → AUTH OK
[10:46:09] ✅ 1050791 → AUTH OK
[10:46:09] ✅ 25804 → AUTH OK
[10:46:09] ✅ 1016133 → AUTH OK
[10:46:09] ✅ 10940 → AUTH OK
[10:46:09] ✅ 1030504 → AUTH OK
[10:46:09] ✅ 55272 → AUTH OK
[10:46:09] ✅ 1053618 → AUTH OK
[10:46:09] ✅ 5059 → AUTH OK
[10:46:09] ✅ 1049666 → AUTH OK
[10:46:09] ✅ 1016088 → AUTH OK
[10:46:09] ✅ 60083 → AUTH OK
[10:46:09] ✅ 1042640 → AUTH OK
[10:46:09] ✅ 1036962 → AUTH OK
[10:46:09] ✅ 1042615 → AUTH OK
[10:46:09] ✅ 1042635 → AUTH OK
[10:46:09] ✅ 1007054 → AUTH OK
[10:46:10] ✅ 1037511 → AUTH OK
[10:46:10] ✅ 4248 → AUTH OK
[10:46:10] ✅ 1011174 → AUTH OK
[10:46:10] ✅ 28925 → AUTH OK
[10:46:10] ✅ 1037502 → AUTH OK
[10:46:10] ✅ 4232 → AUTH OK
[10:46:10] ✅ 3960 → AUTH OK
[10:46:10] ✅ 3981 → AUTH OK
[10:46:10] ✅ 1042453 → AUTH OK
[10:46:10] ✅ 4891 → AUTH OK
[10:46:10] ✅ 3910 → AUTH OK
[10:46:10] ✅ 1037526 → AUTH OK
[10:46:10] ✅ 19528 → AUTH OK
[10:46:10] ✅ 1041504 → AUTH OK
[10:46:10] ✅ 6044 → AUTH OK
[10:46:10] ✅ 1012595 → AUTH OK
[10:46:10] ✅ 22684 → AUTH OK
[10:46:10] ✅ 14702 → AUTH OK
[10:46:10] ✅ 7881 → AUTH OK
[10:46:10] ✅ 14694 → AUTH OK
[10:46:10] ✅ 4028 → AUTH OK
[10:46:10] ✅ 7534 → AUTH OK
[10:46:10] ✅ 32194 → AUTH OK
[10:46:10] ✅ 9135 → AUTH OK
[10:46:10] ✅ 4067 → AUTH OK
[10:46:10] ✅ 6057 → AUTH OK
[10:46:10] ✅ 1067946 → AUTH OK
[10:46:10] ✅ 25860 → AUTH OK
[10:46:10] ✅ 58633 → AUTH OK
[10:46:10] ✅ 43348 → AUTH OK
[10:46:10] ✅ 4008 → AUTH OK
[10:46:10] ✅ 10250 → AUTH OK
[10:46:10] ✅ 1091219 → AUTH OK
[10:46:10] ✅ 1019166 → AUTH OK
[10:46:10] ✅ 1005799 → AUTH OK
[10:46:10] ✅ 1050645 → AUTH OK
[10:46:10] ✅ 1037530 → AUTH OK
[10:46:10] ✅ 1018798 → AUTH OK
[10:46:10] ✅ 1020333 → AUTH OK
[10:46:10] ✅ 1005798 → AUTH OK
[10:46:10] ✅ 1092958 → AUTH OK
[10:46:10] ✅ 1089067 → AUTH OK
[10:46:10] ✅ 1025291 → AUTH OK
[10:46:10] ✅ 4608 → AUTH OK
[10:46:10] ✅ 1041725 → AUTH OK
[10:46:10] ✅ 1034375 → AUTH OK
[10:46:10] ✅ 1058533 → AUTH OK
[10:46:10] ✅ 1015289 → AUTH OK
[10:46:10] ✅ 1023626 → AUTH OK
[10:46:10] ✅ 1044095 → AUTH OK
[10:46:10] ✅ 1034383 → AUTH OK
[10:46:10] ✅ 1033632 → AUTH OK
[10:46:10] ✅ 1015291 → AUTH OK
[10:46:10] ✅ 1058794 → AUTH OK
[10:46:10] ✅ 1039768 → AUTH OK
[10:46:10] ✅ 27715 → AUTH OK
[10:46:10] ✅ 1034186 → AUTH OK
[10:46:10] ✅ 1019593 → AUTH OK
[10:46:10] ✅ 27716 → AUTH OK
[10:46:10] ✅ 1034254 → AUTH OK
[10:46:10] ✅ 1039751 → AUTH OK
[10:46:10] ✅ 27150 → AUTH OK
[10:46:11] ✅ 1013208 → AUTH OK
[10:46:11] ✅ 24929 → AUTH OK
[10:46:11] ✅ 1063761 → AUTH OK
[10:46:11] ✅ 4306 → AUTH OK
[10:46:11] ✅ 4042 → AUTH OK
[10:46:11] ✅ 496 → AUTH OK
[10:46:11] ✅ 7747 → AUTH OK
[10:46:11] ✅ 44966 → AUTH OK
[10:46:11] ✅ 24351 → AUTH OK
[10:46:11] ✅ 1088790 → AUTH OK
[10:46:11] ✅ 4217 → AUTH OK
[10:46:11] ✅ 1020288 → AUTH OK
[10:46:11] ✅ 9373 → AUTH OK
[10:46:11] ✅ 28214 → AUTH OK
[10:46:11] ✅ 1088803 → AUTH OK
[10:46:11] ✅ 1083399 → AUTH OK
[10:46:11] ✅ 1037142 → AUTH OK
[10:46:11] ✅ 52996 → AUTH OK
[10:46:11] ✅ 1039424 → AUTH OK
[10:46:11] ✅ 7752 → AUTH OK
[10:46:11] ✅ 1067686 → AUTH OK
[10:46:11] ✅ 1036961 → AUTH OK
[10:46:11] ✅ 1053939 → AUTH OK
[10:46:11] ✅ 31987 → AUTH OK
[10:46:11] ✅ 16791 → AUTH OK
[10:46:11] ✅ 1037520 → AUTH OK
[10:46:11] ✅ 1015795 → AUTH OK
[10:46:11] ✅ 7222 → AUTH OK
[10:46:11] ✅ 26401 → AUTH OK
[10:46:11] ✅ 1041692 → AUTH OK
[10:46:11] ✅ 15527 → AUTH OK
[10:46:11] ✅ 509 → AUTH OK
[10:46:11] ✅ 4332 → AUTH OK
[10:46:11] ✅ 1016986 → AUTH OK
[10:46:11] ✅ 1020190 → AUTH OK
[10:46:11] ✅ 44366 → AUTH OK
[10:46:11] ✅ 1063452 → AUTH OK
[10:46:11] ✅ 22305 → AUTH OK
[10:46:11] ✅ 6093 → AUTH OK
[10:46:11] ✅ 1003773 → AUTH OK
[10:46:11] ✅ 1008409 → AUTH OK
[10:46:11] ✅ 9420 → AUTH OK
[10:46:11] ✅ 1030422 → AUTH OK
[10:46:11] ✅ 30524 → AUTH OK
[10:46:11] ✅ 1003802 → AUTH OK
[10:46:11] ✅ 25938 → AUTH OK
[10:46:11] ✅ 1065451 → AUTH OK
[10:46:11] ✅ 5041 → AUTH OK
[10:46:11] ✅ 1005991 → AUTH OK
[10:46:11] ✅ 4902 → AUTH OK
[10:46:11] ✅ 1041753 → AUTH OK
[10:46:11] ✅ 32294 → AUTH OK
[10:46:11] ✅ 1039877 → AUTH OK
[10:46:11] ✅ 9413 → AUTH OK
[10:46:11] ✅ 522 → AUTH OK
[10:46:11] ✅ 1039842 → AUTH OK
[10:46:11] ✅ 9411 → AUTH OK
[10:46:11] ✅ 26676 → AUTH OK
[10:46:11] ✅ 26230 → AUTH OK
[10:46:12] ✅ 25808 → AUTH OK
[10:46:12] ✅ 62637 → AUTH OK
[10:46:12] ✅ 4107 → AUTH OK
[10:46:12] ✅ 1005804 → AUTH OK
[10:46:12] ✅ 1008335 → AUTH OK
[10:46:12] ✅ 25011 → AUTH OK
[10:46:12] ✅ 1021922 → AUTH OK
[10:46:12] ✅ 1012189 → AUTH OK
[10:46:12] ✅ 1037532 → AUTH OK
[10:46:12] ✅ 1040228 → AUTH OK
[10:46:12] ✅ 36879 → AUTH OK
[10:46:12] ✅ 9350 → AUTH OK
[10:46:12] ✅ 1037345 → AUTH OK
[10:46:12] ✅ 1039272 → AUTH OK
[10:46:12] ✅ 14166 → AUTH OK
[10:46:12] ✅ 1040731 → AUTH OK
[10:46:12] ✅ 9551 → AUTH OK
[10:46:12] ✅ 4739 → AUTH OK
[10:46:12] ✅ 4036 → AUTH OK
[10:46:12] ✅ 9424 → AUTH OK
[10:46:12] ✅ 1005797 → AUTH OK
[10:46:12] ✅ 1034324 → AUTH OK
[10:46:12] ✅ 1041505 → AUTH OK
[10:46:12] ✅ 1008404 → AUTH OK
[10:46:12] ✅ 7350 → AUTH OK
[10:46:12] ✅ 9491 → AUTH OK
[10:46:12] ✅ 9474 → AUTH OK
[10:46:12] ✅ 1012081 → AUTH OK
[10:46:12] ✅ 4272 → AUTH OK
[10:46:12] ✅ 1042439 → AUTH OK
[10:46:12] ✅ 1071622 → AUTH OK
[10:46:12] ✅ 4733 → AUTH OK
[10:46:12] ✅ 1037506 → AUTH OK
[10:46:12] ✅ 4045 → AUTH OK
[10:46:12] ✅ 1025740 → AUTH OK
[10:46:12] ✅ 18823 → AUTH OK
[10:46:12] ✅ 5058 → AUTH OK
[10:46:12] ✅ 1031296 → AUTH OK
[10:46:12] ✅ 1027903 → AUTH OK
[10:46:12] ✅ 1014990 → AUTH OK
[10:46:12] ✅ 4715 → AUTH OK
[10:46:12] ✅ 14669 → AUTH OK
[10:46:12] ✅ 9132 → AUTH OK
[10:46:12] ✅ 4725 → AUTH OK
[10:46:12] ✅ 4050 → AUTH OK
[10:46:12] ✅ 1065987 → AUTH OK
[10:46:12] ✅ 1037523 → AUTH OK
[10:46:12] ✅ 1052503 → AUTH OK
[10:46:12] ✅ 1064038 → AUTH OK
[10:46:12] ✅ 46485 → AUTH OK
[10:46:12] ✅ 1041496 → AUTH OK
[10:46:12] ✅ 42945 → AUTH OK
[10:46:12] ✅ 1036772 → AUTH OK
[10:46:12] ✅ 26640 → AUTH OK
[10:46:12] ✅ 1015442 → AUTH OK
[10:46:12] ✅ 1037514 → AUTH OK
[10:46:12] ✅ 1016381 → AUTH OK
[10:46:12] ✅ 7137 → AUTH OK
[10:46:12] ✅ 1041473 → AUTH OK
[10:46:12] ✅ 51499 → AUTH OK
[10:46:13] ✅ 18460 → AUTH OK
[10:46:13] ✅ 1020453 → AUTH OK
[10:46:13] ✅ 9136 → AUTH OK
[10:46:13] ✅ 7679 → AUTH OK
[10:46:13] ✅ 27219 → AUTH OK
[10:46:13] ✅ 5145 → AUTH OK
[10:46:13] ✅ 1020547 → AUTH OK
[10:46:13] ✅ 7618 → AUTH OK
[10:46:13] ✅ 1041242 → AUTH OK
[10:46:13] ✅ 16522 → AUTH OK
[10:46:13] ✅ 1037510 → AUTH OK
[10:46:13] ✅ 4051 → AUTH OK
[10:46:13] ✅ 1041458 → AUTH OK
[10:46:13] ✅ 1075745 → AUTH OK
[10:46:13] ✅ 3965 → AUTH OK
[10:46:13] ✅ 1041393 → AUTH OK
[10:46:13] ✅ 1037531 → AUTH OK
[10:46:13] ✅ 1084553 → AUTH OK
[10:46:13] ✅ 25571 → AUTH OK
[10:46:13] ✅ 9384 → AUTH OK
[10:46:13] ✅ 1039840 → AUTH OK
[10:46:13] ✅ 9174 → AUTH OK
[10:46:13] ✅ 1015840 → AUTH OK
[10:46:13] ✅ 1032461 → AUTH OK
[10:46:13] ✅ 55466 → AUTH OK
[10:46:13] ✅ 9194 → AUTH OK
[10:46:13] ✅ 7232 → AUTH OK
[10:46:13] ✅ 25045 → AUTH OK
[10:46:13] ✅ 30784 → AUTH OK
[10:46:13] ✅ 1032460 → AUTH OK
[10:46:13] ✅ 1037527 → AUTH OK
[10:46:13] ✅ 1016383 → AUTH OK
[10:46:13] ✅ 55853 → AUTH OK
[10:46:13] ✅ 9246 → AUTH OK
[10:46:13] ✅ 1037491 → AUTH OK
[10:46:13] ✅ 1015975 → AUTH OK
[10:46:13] ✅ 1003767 → AUTH OK
[10:46:13] ✅ 1041239 → AUTH OK
[10:46:13] ✅ 1007282 → AUTH OK
[10:46:13] ✅ 1037503 → AUTH OK
[10:46:13] ✅ 9285 → AUTH OK
[10:46:13] ✅ 18164 → AUTH OK
[10:46:13] ✅ 5182 → AUTH OK
[10:46:13] ✅ 19513 → AUTH OK
[10:46:13] ✅ 1029684 → AUTH OK
[10:46:13] ✅ 26281 → AUTH OK
[10:46:13] ✅ 3896 → AUTH OK
[10:46:13] ✅ 1035744 → AUTH OK
[10:46:13] ✅ 62250 → AUTH OK
[10:46:13] ✅ 25181 → AUTH OK
[10:46:13] ✅ 1037517 → AUTH OK
[10:46:13] ✅ 1015286 → AUTH OK
[10:46:13] ✅ 1037521 → AUTH OK
[10:46:13] ✅ 1088811 → AUTH OK
[10:46:13] ✅ 1037516 → AUTH OK
[10:46:13] ✅ 1040181 → AUTH OK
[10:46:13] ✅ 1032901 → AUTH OK
[10:46:13] ✅ 5150 → AUTH OK
[10:46:13] ✅ 7293 → AUTH OK
[10:46:13] ✅ 16523 → AUTH OK
[10:46:14] ✅ 4889 → AUTH OK
[10:46:14] ✅ 1041804 → AUTH OK
[10:46:14] ✅ 5220 → AUTH OK
[10:46:14] ✅ 14354 → AUTH OK
[10:46:14] ✅ 1020338 → AUTH OK
[10:46:14] ✅ 1047917 → AUTH OK
[10:46:14] ✅ 1056892 → AUTH OK
[10:46:14] ✅ 6119 → AUTH OK
[10:46:14] ✅ 1042605 → AUTH OK
[10:46:14] ✅ 1012280 → AUTH OK
[10:46:14] ✅ 1041683 → AUTH OK
[10:46:14] ✅ 1052727 → AUTH OK
[10:46:14] ✅ 1041199 → AUTH OK
[10:46:14] ✅ 4780 → AUTH OK
[10:46:14] ✅ 1084822 → AUTH OK
[10:46:14] ✅ 4910 → AUTH OK
[10:46:14] ✅ 1036383 → AUTH OK
[10:46:14] ✅ 29954 → AUTH OK
[10:46:14] ✅ 1061843 → AUTH OK
[10:46:14] ✅ 1033177 → AUTH OK
[10:46:14] ✅ 28235 → AUTH OK
[10:46:14] ✅ 1050804 → AUTH OK
[10:46:14] ✅ 9784 → AUTH OK
[10:46:14] ✅ 17483 → AUTH OK
[10:46:14] ✅ 9661 → AUTH OK
[10:46:14] ✅ 7537 → AUTH OK
[10:46:14] ✅ 25281 → AUTH OK
[10:46:14] ✅ 7826 → AUTH OK
[10:46:14] ✅ 1018468 → AUTH OK
[10:46:14] ✅ 1006037 → AUTH OK
[10:46:14] ✅ 1041732 → AUTH OK
[10:46:14] ✅ 1041726 → AUTH OK
[10:46:14] ✅ 4852 → AUTH OK
[10:46:14] ✅ 1030383 → AUTH OK
[10:46:14] ✅ 27725 → AUTH OK
[10:46:14] ✅ 4919 → AUTH OK
[10:46:14] ✅ 1041465 → AUTH OK
[10:46:14] ✅ 3145 → AUTH OK
[10:46:14] ✅ 9150 → AUTH OK
[10:46:14] ✅ 7753 → AUTH OK
[10:46:14] ✅ 1013210 → AUTH OK
[10:46:14] ✅ 1055922 → AUTH OK
[10:46:14] ✅ 7814 → AUTH OK
[10:46:14] ✅ 1074202 → AUTH OK
[10:46:14] ✅ 58822 → AUTH OK
[10:46:14] ✅ 7312 → AUTH OK
[10:46:14] ✅ 4163 → AUTH OK
[10:46:14] ✅ 9044 → AUTH OK
[10:46:14] ✅ 1028118 → AUTH OK
[10:46:14] ✅ 28863 → AUTH OK
[10:46:14] ✅ 4904 → AUTH OK
[10:46:14] ✅ 4340 → AUTH OK
[10:46:14] ✅ 6096 → AUTH OK
[10:46:14] ✅ 7856 → AUTH OK
[10:46:14] ✅ 19110 → AUTH OK
[10:46:14] ✅ 1019687 → AUTH OK
[10:46:14] ✅ 4255 → AUTH OK
[10:46:14] ✅ 27432 → AUTH OK
[10:46:14] ✅ 7260 → AUTH OK
[10:46:14] ✅ 1050768 → AUTH OK
[10:46:14] ✅ 1088778 → AUTH OK
[10:46:14] ✅ 4379 → AUTH OK
[10:46:14] ✅ 5080 → AUTH OK
[10:46:15] ✅ 9131 → AUTH OK
[10:46:15] ✅ 1041566 → AUTH OK
[10:46:15] ✅ 4425 → AUTH OK
[10:46:15] ✅ 1026095 → AUTH OK
[10:46:15] ✅ 1042822 → AUTH OK
[10:46:15] ✅ 7627 → AUTH OK
[10:46:15] ✅ 1398 → AUTH OK
[10:46:15] ✅ 1020350 → AUTH OK
[10:46:15] ✅ 19289 → AUTH OK
[10:46:15] ✅ 5105 → AUTH OK
[10:46:15] ✅ 1041495 → AUTH OK
[10:46:15] ✅ 1039748 → AUTH OK
[10:46:15] ✅ 1041211 → AUTH OK
[10:46:15] ✅ 1054202 → AUTH OK
[10:46:15] ✅ 1031639 → AUTH OK
[10:46:15] ✅ 19294 → AUTH OK
[10:46:15] ✅ 1014297 → AUTH OK
[10:46:15] ✅ 1033524 → AUTH OK
[10:46:15] ✅ 6079 → AUTH OK
[10:46:15] ✅ 1009967 → AUTH OK
[10:46:15] ✅ 30441 → AUTH OK
[10:46:15] ✅ 9176 → AUTH OK
[10:46:15] ✅ 26729 → AUTH OK
[10:46:15] ✅ 1031640 → AUTH OK
[10:46:15] ✅ 10268 → AUTH OK
[10:46:15] ✅ 29510 → AUTH OK
[10:46:15] ✅ 1041691 → AUTH OK
[10:46:15] ✅ 24522 → AUTH OK
[10:46:15] ✅ 1013662 → AUTH OK
[10:46:15] ✅ 9780 → AUTH OK
[10:46:15] ✅ 1055117 → AUTH OK
[10:46:15] ✅ 32811 → AUTH OK
[10:46:15] ✅ 1066216 → AUTH OK
[10:46:15] ✅ 54684 → AUTH OK
[10:46:15] ✅ 43960 → AUTH OK
[10:46:15] ✅ 7308 → AUTH OK
[10:46:15] ✅ 984 → AUTH OK
[10:46:15] ✅ 9497 → AUTH OK
[10:46:15] ✅ 33645 → AUTH OK
[10:46:15] ✅ 12947 → AUTH OK
[10:46:15] ✅ 9291 → AUTH OK
[10:46:15] ✅ 1041684 → AUTH OK
[10:46:15] ✅ 482 → AUTH OK
[10:46:15] ✅ 1041729 → AUTH OK
[10:46:15] ✅ 1030384 → AUTH OK
[10:46:15] ✅ 1018796 → AUTH OK
[10:46:15] ✅ 4881 → AUTH OK
[10:46:15] ✅ 9527 → AUTH OK
[10:46:15] ✅ 4714 → AUTH OK
[10:46:15] ✅ 1039923 → AUTH OK
[10:46:15] ✅ 22884 → AUTH OK
[10:46:15] ✅ 1008441 → AUTH OK
[10:46:15] ✅ 1056146 → AUTH OK
[10:46:15] ✅ 1065452 → AUTH OK
[10:46:15] ✅ 1039863 → AUTH OK
[10:46:15] ✅ 1041782 → AUTH OK
[10:46:15] ✅ 1089364 → AUTH OK
[10:46:15] ✅ 15614 → AUTH OK
[10:46:15] ✅ 24767 → AUTH OK
[10:46:15] ✅ 1075662 → AUTH OK
[10:46:15] ✅ 5103 → AUTH OK
[10:46:15] ✅ 1078620 → AUTH OK
[10:46:15] ✅ 9653 → AUTH OK
[10:46:15] ✅ 6035 → AUTH OK
[10:46:16] ✅ 3976 → AUTH OK
[10:46:16] ✅ 1054735 → AUTH OK
[10:46:16] ✅ 476 → AUTH OK
[10:46:16] ✅ 1049288 → AUTH OK
[10:46:16] ✅ 1027244 → AUTH OK
[10:46:16] ✅ 1092992 → AUTH OK
[10:46:16] ✅ 1019544 → AUTH OK
[10:46:16] ✅ 14703 → AUTH OK
[10:46:16] ✅ 1054736 → AUTH OK
[10:46:16] ✅ 52682 → AUTH OK
[10:46:16] ✅ 1035939 → AUTH OK
[10:46:16] ✅ 1041567 → AUTH OK
[10:46:16] ✅ 26294 → AUTH OK
[10:46:16] ✅ 62907 → AUTH OK
[10:46:16] ✅ 31792 → AUTH OK
[10:46:16] ✅ 1049289 → AUTH OK
[10:46:16] ✅ 1054730 → AUTH OK
[10:46:16] ✅ 25008 → AUTH OK
[10:46:16] ✅ 1042215 → AUTH OK
[10:46:16] ✅ 1056839 → AUTH OK
[10:46:16] ✅ 1032344 → AUTH OK
[10:46:16] ✅ 4976 → AUTH OK
[10:46:16] ✅ 1059680 → AUTH OK
[10:46:16] ✅ 1009117 → AUTH OK
[10:46:16] ✅ 4124 → AUTH OK
[10:46:16] ✅ 1004633 → AUTH OK
[10:46:16] ✅ 38446 → AUTH OK
[10:46:16] ✅ 1056846 → AUTH OK
[10:46:16] ✅ 49852 → AUTH OK
[10:46:16] ✅ 24880 → AUTH OK
[10:46:16] ✅ 1020755 → AUTH OK
[10:46:16] ✅ 1036955 → AUTH OK
[10:46:16] ✅ 1088219 → AUTH OK
[10:46:16] ✅ 3906 → AUTH OK
[10:46:16] ✅ 1021629 → AUTH OK
[10:46:16] ✅ 1068242 → AUTH OK
[10:46:16] ✅ 39874 → AUTH OK
[10:46:16] ✅ 5061 → AUTH OK
[10:46:16] ✅ 1024041 → AUTH OK
[10:46:16] ✅ 9041 → AUTH OK
[10:46:16] ✅ 9169 → AUTH OK
[10:46:16] ✅ 15526 → AUTH OK
[10:46:16] ✅ 1025576 → AUTH OK
[10:46:16] ✅ 4038 → AUTH OK
[10:46:16] ✅ 9100 → AUTH OK
[10:46:16] ✅ 4890 → AUTH OK
[10:46:16] ✅ 1054742 → AUTH OK
[10:46:16] ✅ 9368 → AUTH OK
[10:46:16] ✅ 24246 → AUTH OK
[10:46:16] ✅ 1009010 → AUTH OK
[10:46:16] ✅ 9504 → AUTH OK
[10:46:16] ✅ 7504 → AUTH OK
[10:46:17] ✅ 31788 → AUTH OK
[10:46:17] ✅ 1004635 → AUTH OK
[10:46:17] ✅ 6121 → AUTH OK
[10:46:17] ✅ 1053536 → AUTH OK
[10:46:17] ✅ 10255 → AUTH OK
[10:46:17] ✅ 1036114 → AUTH OK
[10:46:17] ✅ 1082851 → AUTH OK
[10:46:17] ✅ 56144 → AUTH OK
[10:46:17] ✅ 1013355 → AUTH OK
[10:46:17] ✅ 1012136 → AUTH OK
[10:46:17] ✅ 24981 → AUTH OK
[10:46:17] ✅ 10270 → AUTH OK
[10:46:17] ✅ 1028879 → AUTH OK
[10:46:17] ✅ 1004634 → AUTH OK
[10:46:17] ✅ 4174 → AUTH OK
[10:46:17] ✅ 1011192 → AUTH OK
[10:46:17] ✅ 1053155 → AUTH OK
[10:46:17] ✅ 7511 → AUTH OK
[10:46:17] ✅ 1003803 → AUTH OK
[10:46:17] ✅ Fetched 367 venues with shows
[10:46:17] ✅ DONE | Shows=2503 | Movies=43
[05:40:20] 📍 Loaded 754 district venues
[05:40:20] 🚀 DISTRICT SCRAPER STARTED
[05:40:20] ✅ 61879 → AUTH OK
[05:40:20] ✅ 1102311 → AUTH OK
[05:40:20] ✅ 1102100 → AUTH OK
[05:40:20] ✅ 1102289 → AUTH OK
[05:40:21] ✅ 1102183 → AUTH OK
[05:40:21] ✅ 1101483 → AUTH OK
[05:40:21] ✅ 1102096 → AUTH OK
[05:40:21] ✅ 1067161 → AUTH OK
[05:40:21] ✅ 1068270 → AUTH OK
[05:40:21] ✅ 1583 → AUTH OK
[05:40:21] ✅ 1102215 → AUTH OK
[05:40:21] ✅ 1086677 → AUTH OK
[05:40:21] ✅ 1101584 → AUTH OK
[05:40:21] ✅ 1020401 → AUTH OK
[05:40:21] ✅ 1102233 → AUTH OK
[05:40:21] ✅ 1068240 → AUTH OK
[05:40:21] ✅ 1102098 → AUTH OK
[05:40:21] ✅ 1102076 → AUTH OK
[05:40:21] ✅ 1100725 → AUTH OK
[05:40:21] ✅ 1102119 → AUTH OK
[05:40:21] ✅ 51512 → AUTH OK
[05:40:21] ✅ 1102127 → AUTH OK
[05:40:21] ✅ 1101397 → AUTH OK
[05:40:21] ✅ 539 → AUTH OK
[05:40:21] ✅ 1102244 → AUTH OK
[05:40:21] ✅ 1082714 → AUTH OK
[05:40:21] ✅ 1044502 → AUTH OK
[05:40:21] ✅ 1102097 → AUTH OK
[05:40:21] ✅ 9508 → AUTH OK
[05:40:21] ✅ 4430 → AUTH OK
[05:40:21] ✅ 20856 → AUTH OK
[05:40:21] ✅ 1102103 → AUTH OK
[05:40:21] ✅ 1102304 → AUTH OK
[05:40:21] ✅ 1102175 → AUTH OK
[05:40:21] ✅ 1096456 → AUTH OK
[05:40:21] ✅ 1101355 → AUTH OK
[05:40:21] ✅ 1096524 → AUTH OK
[05:40:21] ✅ 1102280 → AUTH OK
[05:40:21] ✅ 1096475 → AUTH OK
[05:40:21] ✅ 7854 → AUTH OK
[05:40:21] ✅ 1096482 → AUTH OK
[05:40:21] ✅ 1094756 → AUTH OK
[05:40:21] ✅ 1096734 → AUTH OK
[05:40:21] ✅ 1095290 → AUTH OK
[05:40:21] ✅ 1102186 → AUTH OK
[05:40:21] ✅ 1102094 → AUTH OK
[05:40:21] ✅ 1102176 → AUTH OK
[05:40:21] ✅ 1011906 → AUTH OK
[05:40:21] ✅ 1102272 → AUTH OK
[05:40:21] ✅ 1101450 → AUTH OK
[05:40:21] ✅ 9736 → AUTH OK
[05:40:21] ✅ 1102173 → AUTH OK
[05:40:21] ✅ 1101471 → AUTH OK
[05:40:21] ✅ 1102090 → AUTH OK
[05:40:22] ✅ 1102256 → AUTH OK
[05:40:22] ✅ 1102164 → AUTH OK
[05:40:22] ✅ 1102248 → AUTH OK
[05:40:22] ✅ 1102242 → AUTH OK
[05:40:22] ✅ 7257 → AUTH OK
[05:40:22] ✅ 1102182 → AUTH OK
[05:40:22] ✅ 1102071 → AUTH OK
[05:40:22] ✅ 1101451 → AUTH OK
[05:40:22] ✅ 4222 → AUTH OK
[05:40:22] ✅ 1102165 → AUTH OK
[05:40:22] ✅ 1102181 → AUTH OK
[05:40:22] ✅ 1102095 → AUTH OK
[05:40:22] ✅ 1101521 → AUTH OK
[05:40:22] ✅ 1102270 → AUTH OK
[05:40:22] ✅ 1102084 → AUTH OK
[05:40:22] ✅ 1102082 → AUTH OK
[05:40:22] ✅ 1102073 → AUTH OK
[05:40:22] ✅ 1101568 → AUTH OK
[05:40:22] ✅ 1038431 → AUTH OK
[05:40:22] ✅ 1102253 → AUTH OK
[05:40:22] ✅ 1102269 → AUTH OK
[05:40:22] ✅ 1102174 → AUTH OK
[05:40:22] ✅ 1102273 → AUTH OK
[05:40:22] ✅ 1102080 → AUTH OK
[05:40:22] ✅ 1102247 → AUTH OK
[05:40:22] ✅ 1102166 → AUTH OK
[05:40:22] ✅ 1102213 → AUTH OK
[05:40:22] ✅ 1041690 → AUTH OK
[05:40:22] ✅ 1102291 → AUTH OK
[05:40:22] ✅ 1056145 → AUTH OK
[05:40:22] ✅ 1102184 → AUTH OK
[05:40:22] ✅ 1101590 → AUTH OK
[05:40:22] ✅ 1102241 → AUTH OK
[05:40:22] ✅ 1102129 → AUTH OK
[05:40:22] ✅ 1102132 → AUTH OK
[05:40:22] ✅ 1102055 → AUTH OK
[05:40:22] ✅ 1102285 → AUTH OK
[05:40:22] ✅ 1031589 → AUTH OK
[05:40:22] ✅ 1102277 → AUTH OK
[05:40:22] ✅ 1031364 → AUTH OK
[05:40:22] ✅ 1691 → AUTH OK
[05:40:22] ✅ 1101423 → AUTH OK
[05:40:22] ✅ 1101387 → AUTH OK
[05:40:22] ✅ 1060495 → AUTH OK
[05:40:22] ✅ 1102106 → AUTH OK
[05:40:22] ✅ 1102123 → AUTH OK
[05:40:22] ✅ 1102299 → AUTH OK
[05:40:22] ✅ 1101368 → AUTH OK
[05:40:23] ✅ 28486 → AUTH OK
[05:40:23] ✅ 1102137 → AUTH OK
[05:40:23] ✅ 1102047 → AUTH OK
[05:40:23] ✅ 1102265 → AUTH OK
[05:40:23] ✅ 1102068 → AUTH OK
[05:40:23] ✅ 1101388 → AUTH OK
[05:40:23] ✅ 1053154 → AUTH OK
[05:40:23] ✅ 1042102 → AUTH OK
[05:40:23] ✅ 1102261 → AUTH OK
[05:40:23] ✅ 1078022 → AUTH OK
[05:40:23] ✅ 1102125 → AUTH OK
[05:40:23] ✅ 1101217 → AUTH OK
[05:40:23] ✅ 1102120 → AUTH OK
[05:40:23] ✅ 1102168 → AUTH OK
[05:40:23] ✅ 1102284 → AUTH OK
[05:40:23] ✅ 1080585 → AUTH OK
[05:40:23] ✅ 1102147 → AUTH OK
[05:40:23] ✅ 1100831 → AUTH OK
[05:40:23] ✅ 1102258 → AUTH OK
[05:40:23] ✅ 1039880 → AUTH OK
[05:40:23] ✅ 4132 → AUTH OK
[05:40:23] ✅ 1078001 → AUTH OK
[05:40:23] ✅ 1101219 → AUTH OK
[05:40:23] ✅ 1102134 → AUTH OK
[05:40:23] ✅ 1102067 → AUTH OK
[05:40:23] ✅ 1102069 → AUTH OK
[05:40:23] ✅ 1041689 → AUTH OK
[05:40:23] ✅ 20834 → AUTH OK
[05:40:23] ✅ 5172 → AUTH OK
[05:40:23] ✅ 4911 → AUTH OK
[05:40:23] ✅ 1102276 → AUTH OK
[05:40:23] ✅ 1102236 → AUTH OK
[05:40:23] ✅ 1102124 → AUTH OK
[05:40:23] ✅ 43628 → AUTH OK
[05:40:23] ✅ 1101452 → AUTH OK
[05:40:23] ✅ 1037501 → AUTH OK
[05:40:23] ✅ 1102281 → AUTH OK
[05:40:23] ✅ 1094757 → AUTH OK
[05:40:23] ✅ 1102078 → AUTH OK
[05:40:23] ✅ 14699 → AUTH OK
[05:40:23] ✅ 1102275 → AUTH OK
[05:40:23] ✅ 1102294 → AUTH OK
[05:40:23] ✅ 1011900 → AUTH OK
[05:40:23] ✅ 5100 → AUTH OK
[05:40:23] ✅ 1095009 → AUTH OK
[05:40:23] ✅ 1102104 → AUTH OK
[05:40:23] ✅ 14697 → AUTH OK
[05:40:23] ✅ 1102135 → AUTH OK
[05:40:23] ✅ 1014604 → AUTH OK
[05:40:23] ✅ 1052124 → AUTH OK
[05:40:23] ✅ 27047 → AUTH OK
[05:40:23] ✅ 1101222 → AUTH OK
[05:40:23] ✅ 1020826 → AUTH OK
[05:40:24] ✅ 4175 → AUTH OK
[05:40:24] ✅ 1092639 → AUTH OK
[05:40:24] ✅ 1092638 → AUTH OK
[05:40:24] ✅ 1094680 → AUTH OK
[05:40:24] ✅ 1102228 → AUTH OK
[05:40:24] ✅ 1027478 → AUTH OK
[05:40:24] ✅ 1054725 → AUTH OK
[05:40:24] ✅ 1088547 → AUTH OK
[05:40:24] ✅ 1088548 → AUTH OK
[05:40:24] ✅ 1101523 → AUTH OK
[05:40:24] ✅ 27908 → AUTH OK
[05:40:24] ✅ 1102239 → AUTH OK
[05:40:24] ✅ 1102075 → AUTH OK
[05:40:24] ✅ 13772 → AUTH OK
[05:40:24] ✅ 1054741 → AUTH OK
[05:40:24] ✅ 1039949 → AUTH OK
[05:40:24] ✅ 1102227 → AUTH OK
[05:40:24] ✅ 1102107 → AUTH OK
[05:40:24] ✅ 1102099 → AUTH OK
[05:40:24] ✅ 16605 → AUTH OK
[05:40:24] ✅ 1102108 → AUTH OK
[05:40:24] ✅ 11272 → AUTH OK
[05:40:24] ✅ 1101449 → AUTH OK
[05:40:24] ✅ 4918 → AUTH OK
[05:40:24] ✅ 1102121 → AUTH OK
[05:40:24] ✅ 1031592 → AUTH OK
[05:40:24] ✅ 1102126 → AUTH OK
[05:40:24] ✅ 1060262 → AUTH OK
[05:40:24] ✅ 7686 → AUTH OK
[05:40:24] ✅ 1037507 → AUTH OK
[05:40:24] ✅ 1102133 → AUTH OK
[05:40:24] ✅ 29761 → AUTH OK
[05:40:24] ✅ 1042632 → AUTH OK
[05:40:24] ✅ 3943 → AUTH OK
[05:40:24] ✅ 6081 → AUTH OK
[05:40:24] ✅ 1102122 → AUTH OK
[05:40:24] ✅ 1102116 → AUTH OK
[05:40:24] ✅ 4184 → AUTH OK
[05:40:24] ✅ 1101384 → AUTH OK
[05:40:24] ✅ 1078025 → AUTH OK
[05:40:24] ✅ 1037496 → AUTH OK
[05:40:24] ✅ 1049243 → AUTH OK
[05:40:24] ✅ 11264 → AUTH OK
[05:40:24] ✅ 1044503 → AUTH OK
[05:40:24] ✅ 1041688 → AUTH OK
[05:40:24] ✅ 1051040 → AUTH OK
[05:40:24] ✅ 29998 → AUTH OK
[05:40:24] ✅ 1037033 → AUTH OK
[05:40:24] ✅ 1042465 → AUTH OK
[05:40:24] ✅ 1074151 → AUTH OK
[05:40:24] ✅ 1040891 → AUTH OK
[05:40:24] ✅ 1065383 → AUTH OK
[05:40:24] ✅ 7714 → AUTH OK
[05:40:24] ✅ 1093265 → AUTH OK
[05:40:25] ✅ 1024804 → AUTH OK
[05:40:25] ✅ 1008705 → AUTH OK
[05:40:25] ✅ 1030389 → AUTH OK
[05:40:25] ✅ 1037228 → AUTH OK
[05:40:25] ✅ 1031638 → AUTH OK
[05:40:25] ✅ 1039878 → AUTH OK
[05:40:25] ✅ 1039860 → AUTH OK
[05:40:25] ✅ 1039847 → AUTH OK
[05:40:25] ✅ 1009194 → AUTH OK
[05:40:25] ✅ 1041672 → AUTH OK
[05:40:25] ✅ 1031636 → AUTH OK
[05:40:25] ✅ 1047659 → AUTH OK
[05:40:25] ✅ 1094334 → AUTH OK
[05:40:25] ✅ 1039875 → AUTH OK
[05:40:25] ✅ 1076602 → AUTH OK
[05:40:25] ✅ 28206 → AUTH OK
[05:40:25] ✅ 1039846 → AUTH OK
[05:40:25] ✅ 1041687 → AUTH OK
[05:40:25] ✅ 4106 → AUTH OK
[05:40:25] ✅ 1096733 → AUTH OK
[05:40:25] ✅ 2855 → AUTH OK
[05:40:25] ✅ 50915 → AUTH OK
[05:40:25] ✅ 1024343 → AUTH OK
[05:40:25] ✅ 1039862 → AUTH OK
[05:40:25] ✅ 25805 → AUTH OK
[05:40:25] ✅ 1036959 → AUTH OK
[05:40:25] ✅ 1097120 → AUTH OK
[05:40:25] ✅ 1001773 → AUTH OK
[05:40:25] ✅ 9292 → AUTH OK
[05:40:25] ✅ 1039864 → AUTH OK
[05:40:25] ✅ 7258 → AUTH OK
[05:40:25] ✅ 1089130 → AUTH OK
[05:40:25] ✅ 1039850 → AUTH OK
[05:40:25] ✅ 1088822 → AUTH OK
[05:40:25] ✅ 1040466 → AUTH OK
[05:40:25] ✅ 1018795 → AUTH OK
[05:40:25] ✅ 1041685 → AUTH OK
[05:40:25] ✅ 9242 → AUTH OK
[05:40:25] ✅ 1039865 → AUTH OK
[05:40:25] ✅ 9365 → AUTH OK
[05:40:25] ✅ 36376 → AUTH OK
[05:40:25] ✅ 25803 → AUTH OK
[05:40:25] ✅ 1098929 → AUTH OK
[05:40:25] ✅ 1046654 → AUTH OK
[05:40:25] ✅ 7543 → AUTH OK
[05:40:25] ✅ 44361 → AUTH OK
[05:40:25] ✅ 1041244 → AUTH OK
[05:40:25] ✅ 56048 → AUTH OK
[05:40:25] ✅ 1039849 → AUTH OK
[05:40:25] ✅ 4097 → AUTH OK
[05:40:25] ✅ 13958 → AUTH OK
[05:40:25] ✅ 4693 → AUTH OK
[05:40:25] ✅ 7813 → AUTH OK
[05:40:25] ✅ 1041449 → AUTH OK
[05:40:25] ✅ 7301 → AUTH OK
[05:40:25] ✅ 1039851 → AUTH OK
[05:40:26] ✅ 9920 → AUTH OK
[05:40:26] ✅ 27151 → AUTH OK
[05:40:26] ✅ 14120 → AUTH OK
[05:40:26] ✅ 7841 → AUTH OK
[05:40:26] ✅ 4380 → AUTH OK
[05:40:26] ✅ 1056572 → AUTH OK
[05:40:26] ✅ 1039848 → AUTH OK
[05:40:26] ✅ 1080239 → AUTH OK
[05:40:26] ✅ 1016089 → AUTH OK
[05:40:26] ✅ 1018799 → AUTH OK
[05:40:26] ✅ 1022965 → AUTH OK
[05:40:26] ✅ 4171 → AUTH OK
[05:40:26] ✅ 1075746 → AUTH OK
[05:40:26] ✅ 55733 → AUTH OK
[05:40:26] ✅ 1030438 → AUTH OK
[05:40:26] ✅ 1041394 → AUTH OK
[05:40:26] ✅ 28968 → AUTH OK
[05:40:26] ✅ 4189 → AUTH OK
[05:40:26] ✅ 4178 → AUTH OK
[05:40:26] ✅ 60083 → AUTH OK
[05:40:26] ✅ 27373 → AUTH OK
[05:40:26] ✅ 1037518 → AUTH OK
[05:40:26] ✅ 24521 → AUTH OK
[05:40:26] ✅ 60085 → AUTH OK
[05:40:26] ✅ 1008456 → AUTH OK
[05:40:26] ✅ 1037525 → AUTH OK
[05:40:26] ✅ 1053400 → AUTH OK
[05:40:26] ✅ 1008418 → AUTH OK
[05:40:26] ✅ 17069 → AUTH OK
[05:40:26] ✅ 1041728 → AUTH OK
[05:40:26] ✅ 1018652 → AUTH OK
[05:40:26] ✅ 25804 → AUTH OK
[05:40:26] ✅ 1041743 → AUTH OK
[05:40:26] ✅ 1016053 → AUTH OK
[05:40:26] ✅ 9487 → AUTH OK
[05:40:26] ✅ 1030504 → AUTH OK
[05:40:26] ✅ 10940 → AUTH OK
[05:40:26] ✅ 1016133 → AUTH OK
[05:40:26] ✅ 1053618 → AUTH OK
[05:40:26] ✅ 1037961 → AUTH OK
[05:40:26] ✅ 55272 → AUTH OK
[05:40:26] ✅ 1049666 → AUTH OK
[05:40:26] ✅ 1050791 → AUTH OK
[05:40:26] ✅ 1016088 → AUTH OK
[05:40:26] ✅ 5059 → AUTH OK
[05:40:26] ✅ 1036962 → AUTH OK
[05:40:26] ✅ 1042615 → AUTH OK
[05:40:27] ✅ 1007054 → AUTH OK
[05:40:27] ✅ 1042635 → AUTH OK
[05:40:27] ✅ 1011174 → AUTH OK
[05:40:27] ✅ 4248 → AUTH OK
[05:40:27] ✅ 1037511 → AUTH OK
[05:40:27] ✅ 4891 → AUTH OK
[05:40:27] ✅ 1042453 → AUTH OK
[05:40:27] ✅ 1042640 → AUTH OK
[05:40:27] ✅ 28925 → AUTH OK
[05:40:27] ✅ 3960 → AUTH OK
[05:40:27] ✅ 3981 → AUTH OK
[05:40:27] ✅ 1037502 → AUTH OK
[05:40:27] ✅ 1041504 → AUTH OK
[05:40:27] ✅ 4232 → AUTH OK
[05:40:27] ✅ 22684 → AUTH OK
[05:40:27] ✅ 3910 → AUTH OK
[05:40:27] ✅ 14702 → AUTH OK
[05:40:27] ✅ 1037526 → AUTH OK
[05:40:27] ✅ 19528 → AUTH OK
[05:40:27] ✅ 1012595 → AUTH OK
[05:40:27] ✅ 32194 → AUTH OK
[05:40:27] ✅ 4028 → AUTH OK
[05:40:27] ✅ 14694 → AUTH OK
[05:40:27] ✅ 6044 → AUTH OK
[05:40:27] ✅ 1067946 → AUTH OK
[05:40:27] ✅ 4008 → AUTH OK
[05:40:27] ✅ 4067 → AUTH OK
[05:40:27] ✅ 9135 → AUTH OK
[05:40:27] ✅ 7881 → AUTH OK
[05:40:27] ✅ 58633 → AUTH OK
[05:40:27] ✅ 7534 → AUTH OK
[05:40:27] ✅ 6057 → AUTH OK
[05:40:27] ✅ 25860 → AUTH OK
[05:40:27] ✅ 10250 → AUTH OK
[05:40:27] ✅ 43348 → AUTH OK
[05:40:27] ✅ 1019166 → AUTH OK
[05:40:27] ✅ 1092958 → AUTH OK
[05:40:27] ✅ 1091219 → AUTH OK
[05:40:27] ✅ 1018798 → AUTH OK
[05:40:27] ✅ 1050645 → AUTH OK
[05:40:27] ✅ 1005798 → AUTH OK
[05:40:27] ✅ 1005799 → AUTH OK
[05:40:27] ✅ 1034375 → AUTH OK
[05:40:27] ✅ 1089067 → AUTH OK
[05:40:27] ✅ 1015289 → AUTH OK
[05:40:27] ✅ 1037530 → AUTH OK
[05:40:27] ✅ 1034383 → AUTH OK
[05:40:27] ✅ 1025291 → AUTH OK
[05:40:27] ✅ 4608 → AUTH OK
[05:40:27] ✅ 1020333 → AUTH OK
[05:40:27] ✅ 1058533 → AUTH OK
[05:40:27] ✅ 1044095 → AUTH OK
[05:40:27] ✅ 1041725 → AUTH OK
[05:40:27] ✅ 1058794 → AUTH OK
[05:40:27] ✅ 1023626 → AUTH OK
[05:40:28] ✅ 1039768 → AUTH OK
[05:40:28] ✅ 1034254 → AUTH OK
[05:40:28] ✅ 1033632 → AUTH OK
[05:40:28] ✅ 27715 → AUTH OK
[05:40:28] ✅ 1034186 → AUTH OK
[05:40:28] ✅ 1019593 → AUTH OK
[05:40:28] ✅ 27716 → AUTH OK
[05:40:28] ✅ 1013208 → AUTH OK
[05:40:28] ✅ 1039751 → AUTH OK
[05:40:28] ✅ 44966 → AUTH OK
[05:40:28] ✅ 4042 → AUTH OK
[05:40:28] ✅ 7747 → AUTH OK
[05:40:28] ✅ 1015291 → AUTH OK
[05:40:28] ✅ 24929 → AUTH OK
[05:40:28] ✅ 1063761 → AUTH OK
[05:40:28] ✅ 496 → AUTH OK
[05:40:28] ✅ 1016986 → AUTH OK
[05:40:28] ✅ 4306 → AUTH OK
[05:40:28] ✅ 28214 → AUTH OK
[05:40:28] ✅ 1088790 → AUTH OK
[05:40:28] ✅ 24351 → AUTH OK
[05:40:28] ✅ 1020288 → AUTH OK
[05:40:28] ✅ 1083399 → AUTH OK
[05:40:28] ✅ 27150 → AUTH OK
[05:40:28] ✅ 4217 → AUTH OK
[05:40:28] ✅ 1037520 → AUTH OK
[05:40:28] ✅ 7752 → AUTH OK
[05:40:28] ✅ 9373 → AUTH OK
[05:40:28] ✅ 1037142 → AUTH OK
[05:40:28] ✅ 1088803 → AUTH OK
[05:40:28] ✅ 1067686 → AUTH OK
[05:40:28] ✅ 52996 → AUTH OK
[05:40:28] ✅ 1053939 → AUTH OK
[05:40:28] ✅ 1036961 → AUTH OK
[05:40:28] ✅ 1015795 → AUTH OK
[05:40:28] ✅ 7222 → AUTH OK
[05:40:28] ✅ 26401 → AUTH OK
[05:40:28] ✅ 509 → AUTH OK
[05:40:28] ✅ 1041692 → AUTH OK
[05:40:28] ✅ 4332 → AUTH OK
[05:40:28] ✅ 44366 → AUTH OK
[05:40:28] ✅ 31987 → AUTH OK
[05:40:28] ✅ 1063452 → AUTH OK
[05:40:28] ✅ 6093 → AUTH OK
[05:40:28] ✅ 1003802 → AUTH OK
[05:40:28] ✅ 1020190 → AUTH OK
[05:40:28] ✅ 22305 → AUTH OK
[05:40:28] ✅ 9420 → AUTH OK
[05:40:28] ✅ 15527 → AUTH OK
[05:40:28] ✅ 1003773 → AUTH OK
[05:40:28] ✅ 16791 → AUTH OK
[05:40:28] ✅ 1008409 → AUTH OK
[05:40:28] ✅ 1039424 → AUTH OK
[05:40:28] ✅ 5041 → AUTH OK
[05:40:28] ✅ 1030422 → AUTH OK
[05:40:29] ✅ 1065451 → AUTH OK
[05:40:29] ✅ 30524 → AUTH OK
[05:40:29] ✅ 1008335 → AUTH OK
[05:40:29] ✅ 1005991 → AUTH OK
[05:40:29] ✅ 25938 → AUTH OK
[05:40:29] ✅ 32294 → AUTH OK
[05:40:29] ✅ 4902 → AUTH OK
[05:40:29] ✅ 1041753 → AUTH OK
[05:40:29] ✅ 4739 → AUTH OK
[05:40:29] ✅ 9411 → AUTH OK
[05:40:29] ✅ 1039877 → AUTH OK
[05:40:29] ✅ 9413 → AUTH OK
[05:40:29] ✅ 1040228 → AUTH OK
[05:40:29] ✅ 26230 → AUTH OK
[05:40:29] ✅ 522 → AUTH OK
[05:40:29] ✅ 1039842 → AUTH OK
[05:40:29] ✅ 26676 → AUTH OK
[05:40:29] ✅ 4107 → AUTH OK
[05:40:29] ✅ 62637 → AUTH OK
[05:40:29] ✅ 25011 → AUTH OK
[05:40:29] ✅ 1021922 → AUTH OK
[05:40:29] ✅ 25808 → AUTH OK
[05:40:29] ✅ 1005804 → AUTH OK
[05:40:29] ✅ 9424 → AUTH OK
[05:40:29] ✅ 1037345 → AUTH OK
[05:40:29] ✅ 9350 → AUTH OK
[05:40:29] ✅ 1037532 → AUTH OK
[05:40:29] ✅ 1012189 → AUTH OK
[05:40:29] ✅ 1041505 → AUTH OK
[05:40:29] ✅ 36879 → AUTH OK
[05:40:29] ✅ 14166 → AUTH OK
[05:40:29] ✅ 9551 → AUTH OK
[05:40:29] ✅ 1034324 → AUTH OK
[05:40:29] ✅ 4036 → AUTH OK
[05:40:29] ✅ 1039272 → AUTH OK
[05:40:29] ✅ 1005797 → AUTH OK
[05:40:29] ✅ 1040731 → AUTH OK
[05:40:29] ✅ 4733 → AUTH OK
[05:40:29] ✅ 4272 → AUTH OK
[05:40:29] ✅ 7350 → AUTH OK
[05:40:29] ✅ 9474 → AUTH OK
[05:40:29] ✅ 1008404 → AUTH OK
[05:40:29] ✅ 1037506 → AUTH OK
[05:40:29] ✅ 1031296 → AUTH OK
[05:40:29] ✅ 9491 → AUTH OK
[05:40:29] ✅ 1042439 → AUTH OK
[05:40:29] ✅ 18823 → AUTH OK
[05:40:29] ✅ 4045 → AUTH OK
[05:40:29] ✅ 1012081 → AUTH OK
[05:40:29] ✅ 14669 → AUTH OK
[05:40:29] ✅ 1071622 → AUTH OK
[05:40:29] ✅ 1025740 → AUTH OK
[05:40:29] ✅ 4715 → AUTH OK
[05:40:29] ✅ 1027903 → AUTH OK
[05:40:29] ✅ 1037523 → AUTH OK
[05:40:29] ✅ 5058 → AUTH OK
[05:40:29] ✅ 1014990 → AUTH OK
[05:40:30] ✅ 26640 → AUTH OK
[05:40:30] ✅ 9132 → AUTH OK
[05:40:30] ✅ 42945 → AUTH OK
[05:40:30] ✅ 1052503 → AUTH OK
[05:40:30] ✅ 1015840 → AUTH OK
[05:40:30] ✅ 4725 → AUTH OK
[05:40:30] ✅ 1064038 → AUTH OK
[05:40:30] ✅ 4050 → AUTH OK
[05:40:30] ✅ 1015442 → AUTH OK
[05:40:30] ✅ 1036772 → AUTH OK
[05:40:30] ✅ 1065987 → AUTH OK
[05:40:30] ✅ 1041496 → AUTH OK
[05:40:30] ✅ 46485 → AUTH OK
[05:40:30] ✅ 1037514 → AUTH OK
[05:40:30] ✅ 18460 → AUTH OK
[05:40:30] ✅ 27219 → AUTH OK
[05:40:30] ✅ 1016381 → AUTH OK
[05:40:30] ✅ 51499 → AUTH OK
[05:40:30] ✅ 7618 → AUTH OK
[05:40:30] ✅ 1041473 → AUTH OK
[05:40:30] ✅ 7137 → AUTH OK
[05:40:30] ✅ 9136 → AUTH OK
[05:40:30] ✅ 16522 → AUTH OK
[05:40:30] ✅ 4051 → AUTH OK
[05:40:30] ✅ 1041242 → AUTH OK
[05:40:30] ✅ 7679 → AUTH OK
[05:40:30] ✅ 1020453 → AUTH OK
[05:40:30] ✅ 1037510 → AUTH OK
[05:40:30] ✅ 1020547 → AUTH OK
[05:40:30] ✅ 5145 → AUTH OK
[05:40:30] ✅ 1041458 → AUTH OK
[05:40:30] ✅ 1041393 → AUTH OK
[05:40:30] ✅ 1075745 → AUTH OK
[05:40:30] ✅ 1084553 → AUTH OK
[05:40:30] ✅ 3965 → AUTH OK
[05:40:30] ✅ 9384 → AUTH OK
[05:40:30] ✅ 1015286 → AUTH OK
[05:40:30] ✅ 1039840 → AUTH OK
[05:40:30] ✅ 1037531 → AUTH OK
[05:40:30] ✅ 9174 → AUTH OK
[05:40:30] ✅ 25571 → AUTH OK
[05:40:30] ✅ 1032460 → AUTH OK
[05:40:30] ✅ 1032461 → AUTH OK
[05:40:30] ✅ 55466 → AUTH OK
[05:40:30] ✅ 26281 → AUTH OK
[05:40:30] ✅ 7232 → AUTH OK
[05:40:30] ✅ 25045 → AUTH OK
[05:40:30] ✅ 9194 → AUTH OK
[05:40:30] ✅ 30784 → AUTH OK
[05:40:30] ✅ 1037527 → AUTH OK
[05:40:30] ✅ 1016383 → AUTH OK
[05:40:30] ✅ 55853 → AUTH OK
[05:40:30] ✅ 1003767 → AUTH OK
[05:40:30] ✅ 1037491 → AUTH OK
[05:40:31] ✅ 1037503 → AUTH OK
[05:40:31] ✅ 1029684 → AUTH OK
[05:40:31] ✅ 9246 → AUTH OK
[05:40:31] ✅ 18164 → AUTH OK
[05:40:31] ✅ 19513 → AUTH OK
[05:40:31] ✅ 5182 → AUTH OK
[05:40:31] ✅ 1007282 → AUTH OK
[05:40:31] ✅ 1015975 → AUTH OK
[05:40:31] ✅ 3896 → AUTH OK
[05:40:31] ✅ 25181 → AUTH OK
[05:40:31] ✅ 1041239 → AUTH OK
[05:40:31] ✅ 62250 → AUTH OK
[05:40:31] ✅ 9285 → AUTH OK
[05:40:31] ✅ 1035744 → AUTH OK
[05:40:31] ✅ 1037516 → AUTH OK
[05:40:31] ✅ 1088811 → AUTH OK
[05:40:31] ✅ 1042605 → AUTH OK
[05:40:31] ✅ 1041804 → AUTH OK
[05:40:31] ✅ 1032901 → AUTH OK
[05:40:31] ✅ 1012280 → AUTH OK
[05:40:31] ✅ 1040181 → AUTH OK
[05:40:31] ✅ 5220 → AUTH OK
[05:40:31] ✅ 7293 → AUTH OK
[05:40:31] ✅ 5150 → AUTH OK
[05:40:31] ✅ 14354 → AUTH OK
[05:40:31] ✅ 1056892 → AUTH OK
[05:40:31] ✅ 1020338 → AUTH OK
[05:40:31] ✅ 4889 → AUTH OK
[05:40:31] ✅ 1061843 → AUTH OK
[05:40:31] ✅ 1041199 → AUTH OK
[05:40:31] ✅ 1047917 → AUTH OK
[05:40:31] ✅ 16523 → AUTH OK
[05:40:31] ✅ 6119 → AUTH OK
[05:40:31] ✅ 4919 → AUTH OK
[05:40:31] ✅ 4780 → AUTH OK
[05:40:31] ✅ 1052727 → AUTH OK
[05:40:31] ✅ 1036383 → AUTH OK
[05:40:31] ✅ 1084822 → AUTH OK
[05:40:31] ✅ 1041683 → AUTH OK
[05:40:31] ✅ 1050804 → AUTH OK
[05:40:31] ✅ 1037521 → AUTH OK
[05:40:31] ✅ 4910 → AUTH OK
[05:40:31] ✅ 9784 → AUTH OK
[05:40:31] ✅ 1033177 → AUTH OK
[05:40:31] ✅ 29954 → AUTH OK
[05:40:31] ✅ 9661 → AUTH OK
[05:40:31] ✅ 28235 → AUTH OK
[05:40:31] ✅ 7537 → AUTH OK
[05:40:31] ✅ 1037517 → AUTH OK
[05:40:31] ✅ 1018468 → AUTH OK
[05:40:31] ✅ 7826 → AUTH OK
[05:40:31] ✅ 1041732 → AUTH OK
[05:40:31] ✅ 25281 → AUTH OK
[05:40:32] ✅ 17483 → AUTH OK
[05:40:32] ✅ 1041726 → AUTH OK
[05:40:32] ✅ 1006037 → AUTH OK
[05:40:32] ✅ 1013210 → AUTH OK
[05:40:32] ✅ 1030383 → AUTH OK
[05:40:32] ✅ 27725 → AUTH OK
[05:40:32] ✅ 4852 → AUTH OK
[05:40:32] ✅ 1055922 → AUTH OK
[05:40:32] ✅ 3145 → AUTH OK
[05:40:32] ✅ 9150 → AUTH OK
[05:40:32] ✅ 7814 → AUTH OK
[05:40:32] ✅ 1041465 → AUTH OK
[05:40:32] ✅ 1074202 → AUTH OK
[05:40:32] ✅ 1028118 → AUTH OK
[05:40:32] ✅ 7312 → AUTH OK
[05:40:32] ✅ 19110 → AUTH OK
[05:40:32] ✅ 58822 → AUTH OK
[05:40:32] ✅ 7753 → AUTH OK
[05:40:32] ✅ 9044 → AUTH OK
[05:40:32] ✅ 4163 → AUTH OK
[05:40:32] ✅ 28863 → AUTH OK
[05:40:32] ✅ 4904 → AUTH OK
[05:40:32] ✅ 7856 → AUTH OK
[05:40:32] ✅ 6096 → AUTH OK
[05:40:32] ✅ 1019687 → AUTH OK
[05:40:32] ✅ 27432 → AUTH OK
[05:40:32] ✅ 4379 → AUTH OK
[05:40:32] ✅ 1088778 → AUTH OK
[05:40:32] ✅ 7260 → AUTH OK
[05:40:32] ✅ 1050768 → AUTH OK
[05:40:32] ✅ 5080 → AUTH OK
[05:40:32] ✅ 9131 → AUTH OK
[05:40:32] ✅ 4340 → AUTH OK
[05:40:32] ✅ 1026095 → AUTH OK
[05:40:32] ✅ 4425 → AUTH OK
[05:40:32] ✅ 1398 → AUTH OK
[05:40:32] ✅ 1041566 → AUTH OK
[05:40:32] ✅ 1020350 → AUTH OK
[05:40:32] ✅ 1042822 → AUTH OK
[05:40:32] ✅ 4255 → AUTH OK
[05:40:32] ✅ 7627 → AUTH OK
[05:40:32] ✅ 30441 → AUTH OK
[05:40:32] ✅ 19289 → AUTH OK
[05:40:32] ✅ 1014297 → AUTH OK
[05:40:32] ✅ 1041495 → AUTH OK
[05:40:32] ✅ 1039748 → AUTH OK
[05:40:32] ✅ 1041211 → AUTH OK
[05:40:32] ✅ 1033524 → AUTH OK
[05:40:32] ✅ 5105 → AUTH OK
[05:40:32] ✅ 6079 → AUTH OK
[05:40:32] ✅ 1054202 → AUTH OK
[05:40:32] ✅ 1031639 → AUTH OK
[05:40:32] ✅ 1041691 → AUTH OK
[05:40:32] ✅ 9176 → AUTH OK
[05:40:32] ✅ 19294 → AUTH OK
[05:40:32] ✅ 26729 → AUTH OK
[05:40:32] ✅ 1031640 → AUTH OK
[05:40:32] ✅ 1009967 → AUTH OK
[05:40:33] ✅ 29510 → AUTH OK
[05:40:33] ✅ 43960 → AUTH OK
[05:40:33] ✅ 24522 → AUTH OK
[05:40:33] ✅ 10268 → AUTH OK
[05:40:33] ✅ 7308 → AUTH OK
[05:40:33] ✅ 54684 → AUTH OK
[05:40:33] ✅ 1055117 → AUTH OK
[05:40:33] ✅ 9780 → AUTH OK
[05:40:33] ✅ 1013662 → AUTH OK
[05:40:33] ✅ 984 → AUTH OK
[05:40:33] ✅ 1066216 → AUTH OK
[05:40:33] ✅ 33645 → AUTH OK
[05:40:33] ✅ 9497 → AUTH OK
[05:40:33] ✅ 12947 → AUTH OK
[05:40:33] ✅ 1041729 → AUTH OK
[05:40:33] ✅ 1039923 → AUTH OK
[05:40:33] ✅ 1041684 → AUTH OK
[05:40:33] ✅ 32811 → AUTH OK
[05:40:33] ✅ 482 → AUTH OK
[05:40:33] ✅ 1041782 → AUTH OK
[05:40:33] ✅ 9291 → AUTH OK
[05:40:33] ✅ 1018796 → AUTH OK
[05:40:33] ✅ 1030384 → AUTH OK
[05:40:33] ✅ 22884 → AUTH OK
[05:40:33] ✅ 4881 → AUTH OK
[05:40:33] ✅ 4714 → AUTH OK
[05:40:33] ✅ 9653 → AUTH OK
[05:40:33] ✅ 9527 → AUTH OK
[05:40:33] ✅ 1065452 → AUTH OK
[05:40:33] ✅ 1078620 → AUTH OK
[05:40:33] ✅ 476 → AUTH OK
[05:40:33] ✅ 5103 → AUTH OK
[05:40:33] ✅ 1039863 → AUTH OK
[05:40:33] ✅ 24767 → AUTH OK
[05:40:33] ✅ 1008441 → AUTH OK
[05:40:33] ✅ 1049289 → AUTH OK
[05:40:33] ✅ 15614 → AUTH OK
[05:40:33] ✅ 1089364 → AUTH OK
[05:40:33] ✅ 1075662 → AUTH OK
[05:40:33] ✅ 1049288 → AUTH OK
[05:40:33] ✅ 6035 → AUTH OK
[05:40:33] ✅ 1056146 → AUTH OK
[05:40:33] ✅ 1019544 → AUTH OK
[05:40:33] ✅ 1054735 → AUTH OK
[05:40:33] ✅ 1027244 → AUTH OK
[05:40:33] ✅ 14703 → AUTH OK
[05:40:33] ✅ 3976 → AUTH OK
[05:40:33] ✅ 1004633 → AUTH OK
[05:40:33] ✅ 1092992 → AUTH OK
[05:40:33] ✅ 52682 → AUTH OK
[05:40:33] ✅ 1041567 → AUTH OK
[05:40:33] ✅ 1054736 → AUTH OK
[05:40:33] ✅ 5061 → AUTH OK
[05:40:33] ✅ 62907 → AUTH OK
[05:40:33] ✅ 25008 → AUTH OK
[05:40:33] ✅ 26294 → AUTH OK
[05:40:34] ✅ 3906 → AUTH OK
[05:40:34] ✅ 1054730 → AUTH OK
[05:40:34] ✅ 1035939 → AUTH OK
[05:40:34] ✅ 31792 → AUTH OK
[05:40:34] ✅ 1042215 → AUTH OK
[05:40:34] ✅ 1024041 → AUTH OK
[05:40:34] ✅ 1056839 → AUTH OK
[05:40:34] ✅ 38446 → AUTH OK
[05:40:34] ✅ 6121 → AUTH OK
[05:40:34] ✅ 1009010 → AUTH OK
[05:40:34] ✅ 1032344 → AUTH OK
[05:40:34] ✅ 4976 → AUTH OK
[05:40:34] ✅ 1009117 → AUTH OK
[05:40:34] ✅ 49852 → AUTH OK
[05:40:34] ✅ 4124 → AUTH OK
[05:40:34] ✅ 1056846 → AUTH OK
[05:40:34] ✅ 1036955 → AUTH OK
[05:40:34] ✅ 1088219 → AUTH OK
[05:40:34] ✅ 1020755 → AUTH OK
[05:40:34] ✅ 39874 → AUTH OK
[05:40:34] ✅ 1025576 → AUTH OK
[05:40:34] ✅ 1021629 → AUTH OK
[05:40:34] ✅ 24880 → AUTH OK
[05:40:34] ✅ 1068242 → AUTH OK
[05:40:34] ✅ 1059680 → AUTH OK
[05:40:34] ✅ 9041 → AUTH OK
[05:40:34] ✅ 15526 → AUTH OK
[05:40:34] ✅ 9504 → AUTH OK
[05:40:34] ✅ 9100 → AUTH OK
[05:40:34] ✅ 9169 → AUTH OK
[05:40:34] ✅ 4038 → AUTH OK
[05:40:34] ✅ 4890 → AUTH OK
[05:40:34] ✅ 1054742 → AUTH OK
[05:40:34] ✅ 24246 → AUTH OK
[05:40:34] ✅ 1004635 → AUTH OK
[05:40:34] ✅ 10255 → AUTH OK
[05:40:34] ✅ 1053536 → AUTH OK
[05:40:34] ✅ 1036114 → AUTH OK
[05:40:34] ✅ 31788 → AUTH OK
[05:40:34] ✅ 7504 → AUTH OK
[05:40:34] ✅ 9368 → AUTH OK
[05:40:34] ✅ 56144 → AUTH OK
[05:40:34] ✅ 1013355 → AUTH OK
[05:40:34] ✅ 1082851 → AUTH OK
[05:40:34] ✅ 1012136 → AUTH OK
[05:40:34] ✅ 24981 → AUTH OK
[05:40:34] ✅ 10270 → AUTH OK
[05:40:34] ✅ 1028879 → AUTH OK
[05:40:34] ✅ 1011192 → AUTH OK
[05:40:34] ✅ 4174 → AUTH OK
[05:40:34] ✅ 1053155 → AUTH OK
[05:40:34] ✅ 1003803 → AUTH OK
[05:40:34] ✅ 7511 → AUTH OK
[05:40:35] ✅ 1004634 → AUTH OK
[05:40:35] ✅ Fetched 522 venues with shows
[05:40:35] ✅ DONE | Shows=3443 | Movies=55
[14:45:04] 📍 Loaded 754 district venues
[14:45:04] 🚀 DISTRICT SCRAPER STARTED
[14:45:04] ✅ 20856 → AUTH OK
[14:45:04] ✅ 1102233 → AUTH OK
[14:45:04] ✅ 1102103 → AUTH OK
[14:45:04] ✅ 61879 → AUTH OK
[14:45:04] ✅ 1096456 → AUTH OK
[14:45:04] ✅ 1068270 → AUTH OK
[14:45:04] ✅ 1020401 → AUTH OK
[14:45:04] ✅ 1583 → AUTH OK
[14:45:04] ✅ 1102311 → AUTH OK
[14:45:05] ✅ 1067161 → AUTH OK
[14:45:05] ✅ 1068240 → AUTH OK
[14:45:05] ✅ 1102096 → AUTH OK
[14:45:05] ✅ 1102215 → AUTH OK
[14:45:05] ✅ 1102100 → AUTH OK
[14:45:05] ✅ 1101483 → AUTH OK
[14:45:05] ✅ 1102183 → AUTH OK
[14:45:05] ✅ 1102175 → AUTH OK
[14:45:05] ✅ 1086677 → AUTH OK
[14:45:05] ✅ 1102289 → AUTH OK
[14:45:05] ✅ 1101584 → AUTH OK
[14:45:05] ✅ 1102076 → AUTH OK
[14:45:05] ✅ 1102119 → AUTH OK
[14:45:05] ✅ 1102127 → AUTH OK
[14:45:05] ✅ 1100725 → AUTH OK
[14:45:05] ✅ 51512 → AUTH OK
[14:45:05] ✅ 1102098 → AUTH OK
[14:45:05] ✅ 4430 → AUTH OK
[14:45:05] ✅ 1102097 → AUTH OK
[14:45:05] ✅ 1102244 → AUTH OK
[14:45:05] ✅ 1101397 → AUTH OK
[14:45:05] ✅ 1082714 → AUTH OK
[14:45:05] ✅ 1102304 → AUTH OK
[14:45:05] ✅ 1044502 → AUTH OK
[14:45:05] ✅ 539 → AUTH OK
[14:45:05] ✅ 1096482 → AUTH OK
[14:45:05] ✅ 1096734 → AUTH OK
[14:45:05] ✅ 1096475 → AUTH OK
[14:45:05] ✅ 9508 → AUTH OK
[14:45:05] ✅ 1101355 → AUTH OK
[14:45:05] ✅ 1095290 → AUTH OK
[14:45:05] ✅ 1102280 → AUTH OK
[14:45:05] ✅ 1101450 → AUTH OK
[14:45:05] ✅ 1096524 → AUTH OK
[14:45:05] ✅ 7854 → AUTH OK
[14:45:05] ✅ 1102186 → AUTH OK
[14:45:05] ✅ 1094756 → AUTH OK
[14:45:05] ✅ 1102272 → AUTH OK
[14:45:05] ✅ 1011906 → AUTH OK
[14:45:05] ✅ 1102176 → AUTH OK
[14:45:05] ✅ 9736 → AUTH OK
[14:45:05] ✅ 1101471 → AUTH OK
[14:45:05] ✅ 1102095 → AUTH OK
[14:45:05] ✅ 1102094 → AUTH OK
[14:45:05] ✅ 1102173 → AUTH OK
[14:45:05] ✅ 1102090 → AUTH OK
[14:45:05] ✅ 1101451 → AUTH OK
[14:45:05] ✅ 1102164 → AUTH OK
[14:45:05] ✅ 1102248 → AUTH OK
[14:45:05] ✅ 7257 → AUTH OK
[14:45:05] ✅ 1102242 → AUTH OK
[14:45:05] ✅ 1102182 → AUTH OK
[14:45:05] ✅ 1102270 → AUTH OK
[14:45:05] ✅ 1102181 → AUTH OK
[14:45:05] ✅ 4222 → AUTH OK
[14:45:05] ✅ 1102256 → AUTH OK
[14:45:05] ✅ 1102084 → AUTH OK
[14:45:05] ✅ 1102071 → AUTH OK
[14:45:05] ✅ 1102082 → AUTH OK
[14:45:05] ✅ 1102165 → AUTH OK
[14:45:05] ✅ 1102073 → AUTH OK
[14:45:06] ✅ 1102277 → AUTH OK
[14:45:06] ✅ 1101521 → AUTH OK
[14:45:06] ✅ 1102253 → AUTH OK
[14:45:06] ✅ 1102174 → AUTH OK
[14:45:06] ✅ 1102269 → AUTH OK
[14:45:06] ✅ 1102166 → AUTH OK
[14:45:06] ✅ 1102080 → AUTH OK
[14:45:06] ✅ 1102273 → AUTH OK
[14:45:06] ✅ 1101590 → AUTH OK
[14:45:06] ✅ 1102213 → AUTH OK
[14:45:06] ✅ 1102047 → AUTH OK
[14:45:06] ✅ 1102265 → AUTH OK
[14:45:06] ✅ 1102291 → AUTH OK
[14:45:06] ✅ 1102299 → AUTH OK
[14:45:06] ✅ 1038431 → AUTH OK
[14:45:06] ✅ 1102247 → AUTH OK
[14:45:06] ✅ 28486 → AUTH OK
[14:45:06] ✅ 1102261 → AUTH OK
[14:45:06] ✅ 1102184 → AUTH OK
[14:45:06] ✅ 1102241 → AUTH OK
[14:45:06] ✅ 1041690 → AUTH OK
[14:45:06] ✅ 1056145 → AUTH OK
[14:45:06] ✅ 1102055 → AUTH OK
[14:45:06] ✅ 1031364 → AUTH OK
[14:45:06] ✅ 1031589 → AUTH OK
[14:45:06] ✅ 1102129 → AUTH OK
[14:45:06] ✅ 1102132 → AUTH OK
[14:45:06] ✅ 1060495 → AUTH OK
[14:45:06] ✅ 1102285 → AUTH OK
[14:45:06] ✅ 1101387 → AUTH OK
[14:45:06] ✅ 1102123 → AUTH OK
[14:45:06] ✅ 1101568 → AUTH OK
[14:45:06] ✅ 1102106 → AUTH OK
[14:45:06] ✅ 1101423 → AUTH OK
[14:45:06] ✅ 1101368 → AUTH OK
[14:45:06] ✅ 1042102 → AUTH OK
[14:45:06] ✅ 1101388 → AUTH OK
[14:45:06] ✅ 1053154 → AUTH OK
[14:45:06] ✅ 1691 → AUTH OK
[14:45:06] ✅ 1102137 → AUTH OK
[14:45:06] ✅ 1102068 → AUTH OK
[14:45:06] ✅ 1078022 → AUTH OK
[14:45:06] ✅ 1102120 → AUTH OK
[14:45:06] ✅ 1101217 → AUTH OK
[14:45:06] ✅ 1039880 → AUTH OK
[14:45:06] ✅ 1080585 → AUTH OK
[14:45:06] ✅ 1102284 → AUTH OK
[14:45:06] ✅ 4132 → AUTH OK
[14:45:06] ✅ 1102125 → AUTH OK
[14:45:06] ✅ 1102258 → AUTH OK
[14:45:06] ✅ 1078001 → AUTH OK
[14:45:06] ✅ 1102147 → AUTH OK
[14:45:06] ✅ 1100831 → AUTH OK
[14:45:06] ✅ 1102168 → AUTH OK
[14:45:06] ✅ 1101219 → AUTH OK
[14:45:06] ✅ 1102069 → AUTH OK
[14:45:06] ✅ 1102067 → AUTH OK
[14:45:07] ✅ 20834 → AUTH OK
[14:45:07] ✅ 1102134 → AUTH OK
[14:45:07] ✅ 5172 → AUTH OK
[14:45:07] ✅ 1041689 → AUTH OK
[14:45:07] ✅ 1102124 → AUTH OK
[14:45:07] ✅ 1101452 → AUTH OK
[14:45:07] ✅ 1037501 → AUTH OK
[14:45:07] ✅ 1102236 → AUTH OK
[14:45:07] ✅ 1102078 → AUTH OK
[14:45:07] ✅ 43628 → AUTH OK
[14:45:07] ✅ 4911 → AUTH OK
[14:45:07] ✅ 1094757 → AUTH OK
[14:45:07] ✅ 1102275 → AUTH OK
[14:45:07] ✅ 1102276 → AUTH OK
[14:45:07] ✅ 1102281 → AUTH OK
[14:45:07] ✅ 14699 → AUTH OK
[14:45:07] ✅ 1102104 → AUTH OK
[14:45:07] ✅ 5100 → AUTH OK
[14:45:07] ✅ 1095009 → AUTH OK
[14:45:07] ✅ 27047 → AUTH OK
[14:45:07] ✅ 1102294 → AUTH OK
[14:45:07] ✅ 1011900 → AUTH OK
[14:45:07] ✅ 14697 → AUTH OK
[14:45:07] ✅ 1027478 → AUTH OK
[14:45:07] ✅ 1102135 → AUTH OK
[14:45:07] ✅ 1014604 → AUTH OK
[14:45:07] ✅ 1052124 → AUTH OK
[14:45:07] ✅ 1020826 → AUTH OK
[14:45:07] ✅ 1101222 → AUTH OK
[14:45:07] ✅ 1092638 → AUTH OK
[14:45:07] ✅ 1088548 → AUTH OK
[14:45:07] ✅ 4175 → AUTH OK
[14:45:07] ✅ 1102228 → AUTH OK
[14:45:07] ✅ 1092639 → AUTH OK
[14:45:07] ✅ 1094680 → AUTH OK
[14:45:07] ✅ 1054725 → AUTH OK
[14:45:07] ✅ 1102239 → AUTH OK
[14:45:07] ✅ 1088547 → AUTH OK
[14:45:07] ✅ 1101523 → AUTH OK
[14:45:07] ✅ 27908 → AUTH OK
[14:45:07] ✅ 1054741 → AUTH OK
[14:45:07] ✅ 16605 → AUTH OK
[14:45:07] ✅ 13772 → AUTH OK
[14:45:07] ✅ 1102227 → AUTH OK
[14:45:07] ✅ 1102099 → AUTH OK
[14:45:07] ✅ 1102075 → AUTH OK
[14:45:07] ✅ 1039949 → AUTH OK
[14:45:07] ✅ 1102108 → AUTH OK
[14:45:07] ✅ 11272 → AUTH OK
[14:45:07] ✅ 1102107 → AUTH OK
[14:45:07] ✅ 4918 → AUTH OK
[14:45:07] ✅ 1101449 → AUTH OK
[14:45:07] ✅ 1102126 → AUTH OK
[14:45:07] ✅ 1102121 → AUTH OK
[14:45:07] ✅ 1060262 → AUTH OK
[14:45:07] ✅ 7686 → AUTH OK
[14:45:07] ✅ 1031592 → AUTH OK
[14:45:07] ✅ 1037507 → AUTH OK
[14:45:07] ✅ 29761 → AUTH OK
[14:45:07] ✅ 1042632 → AUTH OK
[14:45:07] ✅ 1102133 → AUTH OK
[14:45:08] ✅ 3943 → AUTH OK
[14:45:08] ✅ 6081 → AUTH OK
[14:45:08] ✅ 4184 → AUTH OK
[14:45:08] ✅ 1102116 → AUTH OK
[14:45:08] ✅ 1037033 → AUTH OK
[14:45:08] ✅ 1101384 → AUTH OK
[14:45:08] ✅ 1041688 → AUTH OK
[14:45:08] ✅ 1037496 → AUTH OK
[14:45:08] ✅ 1042465 → AUTH OK
[14:45:08] ✅ 1102122 → AUTH OK
[14:45:08] ✅ 1044503 → AUTH OK
[14:45:08] ✅ 11264 → AUTH OK
[14:45:08] ✅ 1074151 → AUTH OK
[14:45:08] ✅ 29998 → AUTH OK
[14:45:08] ✅ 1078025 → AUTH OK
[14:45:08] ✅ 50915 → AUTH OK
[14:45:08] ✅ 1065383 → AUTH OK
[14:45:08] ✅ 1030389 → AUTH OK
[14:45:08] ✅ 1040891 → AUTH OK
[14:45:08] ✅ 7714 → AUTH OK
[14:45:08] ✅ 1051040 → AUTH OK
[14:45:08] ✅ 1049243 → AUTH OK
[14:45:08] ✅ 1093265 → AUTH OK
[14:45:08] ✅ 1024804 → AUTH OK
[14:45:08] ✅ 1037228 → AUTH OK
[14:45:08] ✅ 1076602 → AUTH OK
[14:45:08] ✅ 1039878 → AUTH OK
[14:45:08] ✅ 1008705 → AUTH OK
[14:45:08] ✅ 1031638 → AUTH OK
[14:45:08] ✅ 1041672 → AUTH OK
[14:45:08] ✅ 1039860 → AUTH OK
[14:45:08] ✅ 1039847 → AUTH OK
[14:45:08] ✅ 1031636 → AUTH OK
[14:45:08] ✅ 1009194 → AUTH OK
[14:45:08] ✅ 1041687 → AUTH OK
[14:45:08] ✅ 1039875 → AUTH OK
[14:45:08] ✅ 4106 → AUTH OK
[14:45:08] ✅ 1039846 → AUTH OK
[14:45:08] ✅ 1047659 → AUTH OK
[14:45:08] ✅ 1094334 → AUTH OK
[14:45:08] ✅ 28206 → AUTH OK
[14:45:08] ✅ 1024343 → AUTH OK
[14:45:08] ✅ 1096733 → AUTH OK
[14:45:08] ✅ 25805 → AUTH OK
[14:45:08] ✅ 9292 → AUTH OK
[14:45:08] ✅ 1039864 → AUTH OK
[14:45:08] ✅ 2855 → AUTH OK
[14:45:08] ✅ 1097120 → AUTH OK
[14:45:08] ✅ 1039862 → AUTH OK
[14:45:08] ✅ 1036959 → AUTH OK
[14:45:08] ✅ 1001773 → AUTH OK
[14:45:08] ✅ 7258 → AUTH OK
[14:45:08] ✅ 1089130 → AUTH OK
[14:45:08] ✅ 4097 → AUTH OK
[14:45:08] ✅ 1041685 → AUTH OK
[14:45:08] ✅ 1088822 → AUTH OK
[14:45:08] ✅ 9242 → AUTH OK
[14:45:08] ✅ 1040466 → AUTH OK
[14:45:08] ✅ 1039865 → AUTH OK
[14:45:09] ✅ 27151 → AUTH OK
[14:45:09] ✅ 9365 → AUTH OK
[14:45:09] ✅ 1098929 → AUTH OK
[14:45:09] ✅ 1018795 → AUTH OK
[14:45:09] ✅ 36376 → AUTH OK
[14:45:09] ✅ 1039850 → AUTH OK
[14:45:09] ✅ 44361 → AUTH OK
[14:45:09] ✅ 1041244 → AUTH OK
[14:45:09] ✅ 7543 → AUTH OK
[14:45:09] ✅ 25803 → AUTH OK
[14:45:09] ✅ 1039851 → AUTH OK
[14:45:09] ✅ 1039849 → AUTH OK
[14:45:09] ✅ 1039848 → AUTH OK
[14:45:09] ✅ 7813 → AUTH OK
[14:45:09] ✅ 1041449 → AUTH OK
[14:45:09] ✅ 56048 → AUTH OK
[14:45:09] ✅ 4693 → AUTH OK
[14:45:09] ✅ 1046654 → AUTH OK
[14:45:09] ✅ 13958 → AUTH OK
[14:45:09] ✅ 9920 → AUTH OK
[14:45:09] ✅ 14120 → AUTH OK
[14:45:09] ✅ 4380 → AUTH OK
[14:45:09] ✅ 7841 → AUTH OK
[14:45:09] ✅ 1080239 → AUTH OK
[14:45:09] ✅ 7301 → AUTH OK
[14:45:09] ✅ 1056572 → AUTH OK
[14:45:09] ✅ 1016089 → AUTH OK
[14:45:09] ✅ 27373 → AUTH OK
[14:45:09] ✅ 1018799 → AUTH OK
[14:45:09] ✅ 1075746 → AUTH OK
[14:45:09] ✅ 1022965 → AUTH OK
[14:45:09] ✅ 4171 → AUTH OK
[14:45:09] ✅ 4178 → AUTH OK
[14:45:09] ✅ 55733 → AUTH OK
[14:45:09] ✅ 1041394 → AUTH OK
[14:45:09] ✅ 4189 → AUTH OK
[14:45:09] ✅ 60083 → AUTH OK
[14:45:09] ✅ 1037518 → AUTH OK
[14:45:09] ✅ 28968 → AUTH OK
[14:45:09] ✅ 1030438 → AUTH OK
[14:45:09] ✅ 60085 → AUTH OK
[14:45:09] ✅ 24521 → AUTH OK
[14:45:09] ✅ 1008456 → AUTH OK
[14:45:09] ✅ 1016053 → AUTH OK
[14:45:09] ✅ 1053400 → AUTH OK
[14:45:09] ✅ 1037525 → AUTH OK
[14:45:09] ✅ 1008418 → AUTH OK
[14:45:09] ✅ 1041743 → AUTH OK
[14:45:09] ✅ 17069 → AUTH OK
[14:45:09] ✅ 1041728 → AUTH OK
[14:45:09] ✅ 1050791 → AUTH OK
[14:45:09] ✅ 1018652 → AUTH OK
[14:45:09] ✅ 1030504 → AUTH OK
[14:45:09] ✅ 1053618 → AUTH OK
[14:45:09] ✅ 55272 → AUTH OK
[14:45:09] ✅ 1037961 → AUTH OK
[14:45:09] ✅ 1016088 → AUTH OK
[14:45:09] ✅ 1016133 → AUTH OK
[14:45:09] ✅ 10940 → AUTH OK
[14:45:09] ✅ 1049666 → AUTH OK
[14:45:09] ✅ 1036962 → AUTH OK
[14:45:09] ✅ 9487 → AUTH OK
[14:45:10] ✅ 5059 → AUTH OK
[14:45:10] ✅ 1042615 → AUTH OK
[14:45:10] ✅ 1042635 → AUTH OK
[14:45:10] ✅ 1042640 → AUTH OK
[14:45:10] ✅ 1011174 → AUTH OK
[14:45:10] ✅ 25804 → AUTH OK
[14:45:10] ✅ 1037502 → AUTH OK
[14:45:10] ✅ 3960 → AUTH OK
[14:45:10] ✅ 28925 → AUTH OK
[14:45:10] ✅ 4248 → AUTH OK
[14:45:10] ✅ 1042453 → AUTH OK
[14:45:10] ✅ 1007054 → AUTH OK
[14:45:10] ✅ 1037511 → AUTH OK
[14:45:10] ✅ 3910 → AUTH OK
[14:45:10] ✅ 4891 → AUTH OK
[14:45:10] ✅ 4232 → AUTH OK
[14:45:10] ✅ 1037526 → AUTH OK
[14:45:10] ✅ 22684 → AUTH OK
[14:45:10] ✅ 3981 → AUTH OK
[14:45:10] ✅ 14702 → AUTH OK
[14:45:10] ✅ 1041504 → AUTH OK
[14:45:10] ✅ 19528 → AUTH OK
[14:45:10] ✅ 6044 → AUTH OK
[14:45:10] ✅ 1012595 → AUTH OK
[14:45:10] ✅ 32194 → AUTH OK
[14:45:10] ✅ 7534 → AUTH OK
[14:45:10] ✅ 7881 → AUTH OK
[14:45:10] ✅ 4067 → AUTH OK
[14:45:10] ✅ 4028 → AUTH OK
[14:45:10] ✅ 1067946 → AUTH OK
[14:45:10] ✅ 4008 → AUTH OK
[14:45:10] ✅ 6057 → AUTH OK
[14:45:10] ✅ 14694 → AUTH OK
[14:45:10] ✅ 1091219 → AUTH OK
[14:45:10] ✅ 9135 → AUTH OK
[14:45:10] ✅ 25860 → AUTH OK
[14:45:10] ✅ 43348 → AUTH OK
[14:45:10] ✅ 10250 → AUTH OK
[14:45:10] ✅ 1092958 → AUTH OK
[14:45:10] ✅ 1050645 → AUTH OK
[14:45:10] ✅ 1018798 → AUTH OK
[14:45:10] ✅ 1019166 → AUTH OK
[14:45:10] ✅ 1005798 → AUTH OK
[14:45:10] ✅ 1037530 → AUTH OK
[14:45:10] ✅ 1005799 → AUTH OK
[14:45:10] ✅ 1020333 → AUTH OK
[14:45:10] ✅ 58633 → AUTH OK
[14:45:10] ✅ 1025291 → AUTH OK
[14:45:10] ✅ 1089067 → AUTH OK
[14:45:10] ✅ 4608 → AUTH OK
[14:45:10] ✅ 1015289 → AUTH OK
[14:45:10] ✅ 1041725 → AUTH OK
[14:45:10] ✅ 1034383 → AUTH OK
[14:45:10] ✅ 1044095 → AUTH OK
[14:45:10] ✅ 1034375 → AUTH OK
[14:45:10] ✅ 1058794 → AUTH OK
[14:45:10] ✅ 1058533 → AUTH OK
[14:45:10] ✅ 1033632 → AUTH OK
[14:45:10] ✅ 1023626 → AUTH OK
[14:45:11] ✅ 27150 → AUTH OK
[14:45:11] ✅ 1019593 → AUTH OK
[14:45:11] ✅ 1039768 → AUTH OK
[14:45:11] ✅ 1015291 → AUTH OK
[14:45:11] ✅ 1034254 → AUTH OK
[14:45:11] ✅ 27716 → AUTH OK
[14:45:11] ✅ 1034186 → AUTH OK
[14:45:11] ✅ 27715 → AUTH OK
[14:45:11] ✅ 1013208 → AUTH OK
[14:45:11] ✅ 4042 → AUTH OK
[14:45:11] ✅ 1063761 → AUTH OK
[14:45:11] ✅ 7747 → AUTH OK
[14:45:11] ✅ 24929 → AUTH OK
[14:45:11] ✅ 1039751 → AUTH OK
[14:45:11] ✅ 496 → AUTH OK
[14:45:11] ✅ 4306 → AUTH OK
[14:45:11] ✅ 1016986 → AUTH OK
[14:45:11] ✅ 1020288 → AUTH OK
[14:45:11] ✅ 44966 → AUTH OK
[14:45:11] ✅ 28214 → AUTH OK
[14:45:11] ✅ 1088790 → AUTH OK
[14:45:11] ✅ 9373 → AUTH OK
[14:45:11] ✅ 4217 → AUTH OK
[14:45:11] ✅ 1037520 → AUTH OK
[14:45:11] ✅ 24351 → AUTH OK
[14:45:11] ✅ 1037142 → AUTH OK
[14:45:11] ✅ 52996 → AUTH OK
[14:45:11] ✅ 1088803 → AUTH OK
[14:45:11] ✅ 7752 → AUTH OK
[14:45:11] ✅ 1083399 → AUTH OK
[14:45:11] ✅ 1039424 → AUTH OK
[14:45:11] ✅ 1036961 → AUTH OK
[14:45:11] ✅ 1067686 → AUTH OK
[14:45:11] ✅ 1053939 → AUTH OK
[14:45:11] ✅ 15527 → AUTH OK
[14:45:11] ✅ 31987 → AUTH OK
[14:45:11] ✅ 7222 → AUTH OK
[14:45:11] ✅ 1015795 → AUTH OK
[14:45:11] ✅ 16791 → AUTH OK
[14:45:11] ✅ 44366 → AUTH OK
[14:45:11] ✅ 1020190 → AUTH OK
[14:45:11] ✅ 6093 → AUTH OK
[14:45:11] ✅ 1041692 → AUTH OK
[14:45:11] ✅ 4332 → AUTH OK
[14:45:11] ✅ 1003802 → AUTH OK
[14:45:11] ✅ 26401 → AUTH OK
[14:45:11] ✅ 1063452 → AUTH OK
[14:45:11] ✅ 9420 → AUTH OK
[14:45:11] ✅ 1030422 → AUTH OK
[14:45:11] ✅ 509 → AUTH OK
[14:45:11] ✅ 1008409 → AUTH OK
[14:45:11] ✅ 1065451 → AUTH OK
[14:45:11] ✅ 5041 → AUTH OK
[14:45:11] ✅ 1003773 → AUTH OK
[14:45:11] ✅ 30524 → AUTH OK
[14:45:11] ✅ 1005991 → AUTH OK
[14:45:11] ✅ 22305 → AUTH OK
[14:45:11] ✅ 1008335 → AUTH OK
[14:45:11] ✅ 1041753 → AUTH OK
[14:45:11] ✅ 4902 → AUTH OK
[14:45:11] ✅ 32294 → AUTH OK
[14:45:12] ✅ 1039877 → AUTH OK
[14:45:12] ✅ 1039842 → AUTH OK
[14:45:12] ✅ 26230 → AUTH OK
[14:45:12] ✅ 9411 → AUTH OK
[14:45:12] ✅ 522 → AUTH OK
[14:45:12] ✅ 4739 → AUTH OK
[14:45:12] ✅ 9413 → AUTH OK
[14:45:12] ✅ 26676 → AUTH OK
[14:45:12] ✅ 25938 → AUTH OK
[14:45:12] ✅ 62637 → AUTH OK
[14:45:12] ✅ 4107 → AUTH OK
[14:45:12] ✅ 25808 → AUTH OK
[14:45:12] ✅ 1005804 → AUTH OK
[14:45:12] ✅ 1040228 → AUTH OK
[14:45:12] ✅ 1037345 → AUTH OK
[14:45:12] ✅ 1021922 → AUTH OK
[14:45:12] ✅ 25011 → AUTH OK
[14:45:12] ✅ 1037532 → AUTH OK
[14:45:12] ✅ 1039272 → AUTH OK
[14:45:12] ✅ 1040731 → AUTH OK
[14:45:12] ✅ 1012189 → AUTH OK
[14:45:12] ✅ 9424 → AUTH OK
[14:45:12] ✅ 9350 → AUTH OK
[14:45:12] ✅ 9551 → AUTH OK
[14:45:12] ✅ 1041505 → AUTH OK
[14:45:12] ✅ 4036 → AUTH OK
[14:45:12] ✅ 1005797 → AUTH OK
[14:45:12] ✅ 36879 → AUTH OK
[14:45:12] ✅ 14166 → AUTH OK
[14:45:12] ✅ 9474 → AUTH OK
[14:45:12] ✅ 4733 → AUTH OK
[14:45:12] ✅ 1008404 → AUTH OK
[14:45:12] ✅ 1034324 → AUTH OK
[14:45:12] ✅ 9491 → AUTH OK
[14:45:12] ✅ 7350 → AUTH OK
[14:45:12] ✅ 1037506 → AUTH OK
[14:45:12] ✅ 1012081 → AUTH OK
[14:45:12] ✅ 1042439 → AUTH OK
[14:45:12] ✅ 4272 → AUTH OK
[14:45:12] ✅ 18823 → AUTH OK
[14:45:12] ✅ 14669 → AUTH OK
[14:45:12] ✅ 4045 → AUTH OK
[14:45:12] ✅ 1031296 → AUTH OK
[14:45:12] ✅ 1071622 → AUTH OK
[14:45:12] ✅ 5058 → AUTH OK
[14:45:12] ✅ 1014990 → AUTH OK
[14:45:12] ✅ 1025740 → AUTH OK
[14:45:12] ✅ 9132 → AUTH OK
[14:45:12] ✅ 1037523 → AUTH OK
[14:45:12] ✅ 26640 → AUTH OK
[14:45:12] ✅ 42945 → AUTH OK
[14:45:12] ✅ 1015840 → AUTH OK
[14:45:12] ✅ 1065987 → AUTH OK
[14:45:12] ✅ 1052503 → AUTH OK
[14:45:12] ✅ 4725 → AUTH OK
[14:45:12] ✅ 1015442 → AUTH OK
[14:45:12] ✅ 4050 → AUTH OK
[14:45:12] ✅ 46485 → AUTH OK
[14:45:12] ✅ 1036772 → AUTH OK
[14:45:12] ✅ 4715 → AUTH OK
[14:45:13] ✅ 1041496 → AUTH OK
[14:45:13] ✅ 1027903 → AUTH OK
[14:45:13] ✅ 1064038 → AUTH OK
[14:45:13] ✅ 1041473 → AUTH OK
[14:45:13] ✅ 1037514 → AUTH OK
[14:45:13] ✅ 7137 → AUTH OK
[14:45:13] ✅ 18460 → AUTH OK
[14:45:13] ✅ 51499 → AUTH OK
[14:45:13] ✅ 27219 → AUTH OK
[14:45:13] ✅ 7679 → AUTH OK
[14:45:13] ✅ 4051 → AUTH OK
[14:45:13] ✅ 7618 → AUTH OK
[14:45:13] ✅ 1037510 → AUTH OK
[14:45:13] ✅ 1041393 → AUTH OK
[14:45:13] ✅ 16522 → AUTH OK
[14:45:13] ✅ 9136 → AUTH OK
[14:45:13] ✅ 1020453 → AUTH OK
[14:45:13] ✅ 5145 → AUTH OK
[14:45:13] ✅ 1041242 → AUTH OK
[14:45:13] ✅ 1041458 → AUTH OK
[14:45:13] ✅ 1016381 → AUTH OK
[14:45:13] ✅ 1020547 → AUTH OK
[14:45:13] ✅ 3965 → AUTH OK
[14:45:13] ✅ 1075745 → AUTH OK
[14:45:13] ✅ 1084553 → AUTH OK
[14:45:13] ✅ 1037531 → AUTH OK
[14:45:13] ✅ 1015286 → AUTH OK
[14:45:13] ✅ 1039840 → AUTH OK
[14:45:13] ✅ 9384 → AUTH OK
[14:45:13] ✅ 55466 → AUTH OK
[14:45:13] ✅ 9174 → AUTH OK
[14:45:13] ✅ 25571 → AUTH OK
[14:45:13] ✅ 1032460 → AUTH OK
[14:45:13] ✅ 9194 → AUTH OK
[14:45:13] ✅ 1032461 → AUTH OK
[14:45:13] ✅ 7232 → AUTH OK
[14:45:13] ✅ 30784 → AUTH OK
[14:45:13] ✅ 1037527 → AUTH OK
[14:45:13] ✅ 26281 → AUTH OK
[14:45:13] ✅ 25045 → AUTH OK
[14:45:13] ✅ 9246 → AUTH OK
[14:45:13] ✅ 55853 → AUTH OK
[14:45:13] ✅ 1037491 → AUTH OK
[14:45:13] ✅ 1029684 → AUTH OK
[14:45:13] ✅ 1016383 → AUTH OK
[14:45:13] ✅ 1037503 → AUTH OK
[14:45:13] ✅ 1003767 → AUTH OK
[14:45:13] ✅ 1015975 → AUTH OK
[14:45:13] ✅ 18164 → AUTH OK
[14:45:13] ✅ 25181 → AUTH OK
[14:45:13] ✅ 1007282 → AUTH OK
[14:45:13] ✅ 5182 → AUTH OK
[14:45:13] ✅ 19513 → AUTH OK
[14:45:13] ✅ 1041239 → AUTH OK
[14:45:13] ✅ 62250 → AUTH OK
[14:45:13] ✅ 1088811 → AUTH OK
[14:45:14] ✅ 1037517 → AUTH OK
[14:45:14] ✅ 3896 → AUTH OK
[14:45:14] ✅ 1037521 → AUTH OK
[14:45:14] ✅ 1042605 → AUTH OK
[14:45:14] ✅ 1012280 → AUTH OK
[14:45:14] ✅ 1035744 → AUTH OK
[14:45:14] ✅ 9285 → AUTH OK
[14:45:14] ✅ 1037516 → AUTH OK
[14:45:14] ✅ 1040181 → AUTH OK
[14:45:14] ✅ 1041804 → AUTH OK
[14:45:14] ✅ 1032901 → AUTH OK
[14:45:14] ✅ 5220 → AUTH OK
[14:45:14] ✅ 5150 → AUTH OK
[14:45:14] ✅ 1041199 → AUTH OK
[14:45:14] ✅ 1020338 → AUTH OK
[14:45:14] ✅ 14354 → AUTH OK
[14:45:14] ✅ 16523 → AUTH OK
[14:45:14] ✅ 4919 → AUTH OK
[14:45:14] ✅ 7293 → AUTH OK
[14:45:14] ✅ 1056892 → AUTH OK
[14:45:14] ✅ 1047917 → AUTH OK
[14:45:14] ✅ 6119 → AUTH OK
[14:45:14] ✅ 4889 → AUTH OK
[14:45:14] ✅ 1052727 → AUTH OK
[14:45:14] ✅ 1061843 → AUTH OK
[14:45:14] ✅ 4780 → AUTH OK
[14:45:14] ✅ 1041683 → AUTH OK
[14:45:14] ✅ 1050804 → AUTH OK
[14:45:14] ✅ 4910 → AUTH OK
[14:45:14] ✅ 1036383 → AUTH OK
[14:45:14] ✅ 1084822 → AUTH OK
[14:45:14] ✅ 9661 → AUTH OK
[14:45:14] ✅ 17483 → AUTH OK
[14:45:14] ✅ 1033177 → AUTH OK
[14:45:14] ✅ 29954 → AUTH OK
[14:45:14] ✅ 28235 → AUTH OK
[14:45:14] ✅ 1018468 → AUTH OK
[14:45:14] ✅ 7537 → AUTH OK
[14:45:14] ✅ 4852 → AUTH OK
[14:45:14] ✅ 7826 → AUTH OK
[14:45:14] ✅ 1006037 → AUTH OK
[14:45:14] ✅ 25281 → AUTH OK
[14:45:14] ✅ 1041726 → AUTH OK
[14:45:14] ✅ 9150 → AUTH OK
[14:45:14] ✅ 1030383 → AUTH OK
[14:45:14] ✅ 1013210 → AUTH OK
[14:45:14] ✅ 9784 → AUTH OK
[14:45:14] ✅ 3145 → AUTH OK
[14:45:14] ✅ 27725 → AUTH OK
[14:45:14] ✅ 1041465 → AUTH OK
[14:45:14] ✅ 1041732 → AUTH OK
[14:45:14] ✅ 7753 → AUTH OK
[14:45:14] ✅ 1074202 → AUTH OK
[14:45:14] ✅ 1055922 → AUTH OK
[14:45:14] ✅ 4163 → AUTH OK
[14:45:14] ✅ 7814 → AUTH OK
[14:45:14] ✅ 58822 → AUTH OK
[14:45:14] ✅ 1028118 → AUTH OK
[14:45:15] ✅ 7312 → AUTH OK
[14:45:15] ✅ 28863 → AUTH OK
[14:45:15] ✅ 9044 → AUTH OK
[14:45:15] ✅ 4904 → AUTH OK
[14:45:15] ✅ 4340 → AUTH OK
[14:45:15] ✅ 1050768 → AUTH OK
[14:45:15] ✅ 1019687 → AUTH OK
[14:45:15] ✅ 6096 → AUTH OK
[14:45:15] ✅ 4379 → AUTH OK
[14:45:15] ✅ 27432 → AUTH OK
[14:45:15] ✅ 7260 → AUTH OK
[14:45:15] ✅ 4255 → AUTH OK
[14:45:15] ✅ 9131 → AUTH OK
[14:45:15] ✅ 7856 → AUTH OK
[14:45:15] ✅ 1088778 → AUTH OK
[14:45:15] ✅ 19110 → AUTH OK
[14:45:15] ✅ 5080 → AUTH OK
[14:45:15] ✅ 1398 → AUTH OK
[14:45:15] ✅ 1041566 → AUTH OK
[14:45:15] ✅ 5105 → AUTH OK
[14:45:15] ✅ 1020350 → AUTH OK
[14:45:15] ✅ 19289 → AUTH OK
[14:45:15] ✅ 7627 → AUTH OK
[14:45:15] ✅ 1026095 → AUTH OK
[14:45:15] ✅ 1042822 → AUTH OK
[14:45:15] ✅ 1041495 → AUTH OK
[14:45:15] ✅ 1041211 → AUTH OK
[14:45:15] ✅ 1014297 → AUTH OK
[14:45:15] ✅ 1039748 → AUTH OK
[14:45:15] ✅ 1033524 → AUTH OK
[14:45:15] ✅ 1041691 → AUTH OK
[14:45:15] ✅ 30441 → AUTH OK
[14:45:15] ✅ 19294 → AUTH OK
[14:45:15] ✅ 6079 → AUTH OK
[14:45:15] ✅ 1031639 → AUTH OK
[14:45:15] ✅ 1054202 → AUTH OK
[14:45:15] ✅ 4425 → AUTH OK
[14:45:15] ✅ 9176 → AUTH OK
[14:45:15] ✅ 26729 → AUTH OK
[14:45:15] ✅ 1009967 → AUTH OK
[14:45:15] ✅ 1013662 → AUTH OK
[14:45:15] ✅ 29510 → AUTH OK
[14:45:15] ✅ 1031640 → AUTH OK
[14:45:15] ✅ 10268 → AUTH OK
[14:45:15] ✅ 24522 → AUTH OK
[14:45:15] ✅ 1055117 → AUTH OK
[14:45:15] ✅ 43960 → AUTH OK
[14:45:15] ✅ 9780 → AUTH OK
[14:45:15] ✅ 32811 → AUTH OK
[14:45:15] ✅ 54684 → AUTH OK
[14:45:15] ✅ 7308 → AUTH OK
[14:45:15] ✅ 1066216 → AUTH OK
[14:45:15] ✅ 33645 → AUTH OK
[14:45:15] ✅ 1039923 → AUTH OK
[14:45:15] ✅ 9497 → AUTH OK
[14:45:15] ✅ 984 → AUTH OK
[14:45:15] ✅ 1041684 → AUTH OK
[14:45:15] ✅ 1041729 → AUTH OK
[14:45:15] ✅ 12947 → AUTH OK
[14:45:15] ✅ 482 → AUTH OK
[14:45:15] ✅ 1041782 → AUTH OK
[14:45:16] ✅ 4714 → AUTH OK
[14:45:16] ✅ 22884 → AUTH OK
[14:45:16] ✅ 4881 → AUTH OK
[14:45:16] ✅ 9527 → AUTH OK
[14:45:16] ✅ 1030384 → AUTH OK
[14:45:16] ✅ 1018796 → AUTH OK
[14:45:16] ✅ 9291 → AUTH OK
[14:45:16] ✅ 9653 → AUTH OK
[14:45:16] ✅ 1039863 → AUTH OK
[14:45:16] ✅ 1089364 → AUTH OK
[14:45:16] ✅ 476 → AUTH OK
[14:45:16] ✅ 1056146 → AUTH OK
[14:45:16] ✅ 1065452 → AUTH OK
[14:45:16] ✅ 1078620 → AUTH OK
[14:45:16] ✅ 1008441 → AUTH OK
[14:45:16] ✅ 1049289 → AUTH OK
[14:45:16] ✅ 5103 → AUTH OK
[14:45:16] ✅ 15614 → AUTH OK
[14:45:16] ✅ 1035939 → AUTH OK
[14:45:16] ✅ 24767 → AUTH OK
[14:45:16] ✅ 1075662 → AUTH OK
[14:45:16] ✅ 3976 → AUTH OK
[14:45:16] ✅ 1019544 → AUTH OK
[14:45:16] ✅ 14703 → AUTH OK
[14:45:16] ✅ 1049288 → AUTH OK
[14:45:16] ✅ 1054735 → AUTH OK
[14:45:16] ✅ 1054736 → AUTH OK
[14:45:16] ✅ 1027244 → AUTH OK
[14:45:16] ✅ 52682 → AUTH OK
[14:45:16] ✅ 1004633 → AUTH OK
[14:45:16] ✅ 1092992 → AUTH OK
[14:45:16] ✅ 62907 → AUTH OK
[14:45:16] ✅ 6035 → AUTH OK
[14:45:16] ✅ 1041567 → AUTH OK
[14:45:16] ✅ 5061 → AUTH OK
[14:45:16] ✅ 3906 → AUTH OK
[14:45:16] ✅ 25008 → AUTH OK
[14:45:16] ✅ 26294 → AUTH OK
[14:45:16] ✅ 31792 → AUTH OK
[14:45:16] ✅ 1024041 → AUTH OK
[14:45:16] ✅ 1056839 → AUTH OK
[14:45:16] ✅ 1054730 → AUTH OK
[14:45:16] ✅ 38446 → AUTH OK
[14:45:16] ✅ 1042215 → AUTH OK
[14:45:16] ✅ 6121 → AUTH OK
[14:45:16] ✅ 1032344 → AUTH OK
[14:45:16] ✅ 4976 → AUTH OK
[14:45:16] ✅ 1009010 → AUTH OK
[14:45:16] ✅ 1009117 → AUTH OK
[14:45:16] ✅ 24880 → AUTH OK
[14:45:16] ✅ 1056846 → AUTH OK
[14:45:16] ✅ 49852 → AUTH OK
[14:45:16] ✅ 1059680 → AUTH OK
[14:45:16] ✅ 4124 → AUTH OK
[14:45:16] ✅ 1036955 → AUTH OK
[14:45:16] ✅ 1068242 → AUTH OK
[14:45:16] ✅ 1025576 → AUTH OK
[14:45:16] ✅ 1088219 → AUTH OK
[14:45:17] ✅ 15526 → AUTH OK
[14:45:17] ✅ 39874 → AUTH OK
[14:45:17] ✅ 9100 → AUTH OK
[14:45:17] ✅ 9169 → AUTH OK
[14:45:17] ✅ 1020755 → AUTH OK
[14:45:17] ✅ 1021629 → AUTH OK
[14:45:17] ✅ 9041 → AUTH OK
[14:45:17] ✅ 4038 → AUTH OK
[14:45:17] ✅ 4890 → AUTH OK
[14:45:17] ✅ 1054742 → AUTH OK
[14:45:17] ✅ 9368 → AUTH OK
[14:45:17] ✅ 9504 → AUTH OK
[14:45:17] ✅ 24246 → AUTH OK
[14:45:17] ✅ 1004635 → AUTH OK
[14:45:17] ✅ 7504 → AUTH OK
[14:45:17] ✅ 1036114 → AUTH OK
[14:45:17] ✅ 31788 → AUTH OK
[14:45:17] ✅ 10255 → AUTH OK
[14:45:17] ✅ 1082851 → AUTH OK
[14:45:17] ✅ 1013355 → AUTH OK
[14:45:17] ✅ 1012136 → AUTH OK
[14:45:17] ✅ 56144 → AUTH OK
[14:45:17] ✅ 24981 → AUTH OK
[14:45:17] ✅ 1028879 → AUTH OK
[14:45:17] ✅ 1003803 → AUTH OK
[14:45:17] ✅ 10270 → AUTH OK
[14:45:17] ✅ 4174 → AUTH OK
[14:45:17] ✅ 1053155 → AUTH OK
[14:45:17] ✅ 7511 → AUTH OK
[14:45:17] ✅ 1004634 → AUTH OK
[14:45:17] ✅ 1011192 → AUTH OK
[14:45:17] ✅ 1053536 → AUTH OK
[14:45:17] ✅ Fetched 545 venues with shows
[14:45:17] ✅ DONE | Shows=3653 | Movies=59
