[18:55:11] 🚀 SCRIPT STARTED (enhanced anti‑detection)
[18:55:11] [1/445] TGMR
[18:55:12] 🧠 New identity created
[18:55:12] [2/445] CXKR
[18:55:13] [3/445] SROP
[18:55:14] [4/445] GTSV
[18:55:15] [5/445] SNTY
[18:55:16] [6/445] SMYY
[18:55:17] [7/445] CNCS
[18:55:18] [8/445] CSTM
[18:55:19] [9/445] NUCD
[18:55:21] [10/445] SHCZ
[18:55:21] 🔄 Identity reset
[18:55:21] 🔄 Identity rotated (every 10 requests)
[18:55:22] [11/445] NJCT
[18:55:23] [12/445] COPC
[18:55:23] [13/445] STVV
[18:55:24] [14/445] SKRN
[18:55:25] [15/445] APPZ
[18:55:26] [16/445] YMGN
[18:55:27] [17/445] SVTU
[18:55:29] [18/445] GTAD
[18:55:31] [19/445] PSUS
[18:55:32] [20/445] SMCD
[18:55:32] 🔄 Identity reset
[18:55:32] 🔄 Identity rotated (every 10 requests)
[18:55:33] [21/445] CMCM
[18:55:34] [22/445] SYCT
[18:55:35] [23/445] STLY
[18:55:36] [24/445] CMHU
[18:55:37] [25/445] CMSA
[18:55:38] [26/445] CLCU
[18:55:39] [27/445] PPNT
[18:55:40] [28/445] JTAB
[18:55:41] [29/445] BUUC
[18:55:42] [30/445] BSVK
[18:55:43] 🔄 Identity reset
[18:55:43] 🔄 Identity rotated (every 10 requests)
[18:55:43] [31/445] VVVQ
[18:55:44] [32/445] TKMU
[18:55:45] [33/445] ESYL
[18:55:46] [34/445] ACHP
[18:55:47] [35/445] BTKD
[18:55:48] [36/445] DESA
[18:55:49] [37/445] GBCT
[18:55:50] [38/445] BLLD
[18:55:51] [39/445] SKNT
[18:55:51] [40/445] SSTE
[18:55:52] 🔄 Identity reset
[18:55:52] 🔄 Identity rotated (every 10 requests)
[18:55:53] [41/445] VJMR
[18:55:53] [42/445] NTPU
[18:55:54] [43/445] RDKN
[18:55:55] [44/445] ADGC
[18:55:56] [45/445] VRBP
[18:55:57] [46/445] NMNA
[18:55:58] [47/445] CMMX
[18:55:59] [48/445] PTKO
[18:56:00] [49/445] RBML
[18:56:01] [50/445] SAIC
[18:56:01] 🔄 Identity reset
[18:56:01] 🔄 Identity rotated (every 10 requests)
[18:56:02] [51/445] SVTJ
[18:56:03] [52/445] MRTE
[18:56:04] [53/445] RBTP
[18:56:05] [54/445] NLPS
[18:56:06] [55/445] GTNA
[18:56:07] [56/445] DGGC
[18:56:08] [57/445] SMCR
[18:56:09] [58/445] SCGD
[18:56:09] [59/445] SRRJ
[18:56:11] [60/445] CNRY
[18:56:12] 🔄 Identity reset
[18:56:12] 🔄 Identity rotated (every 10 requests)
[18:56:12] [61/445] KTDI
[18:56:13] [62/445] SNJL
[18:56:14] [63/445] RKMD
[18:56:15] [64/445] SMDC
[18:56:17] [65/445] TADG
[18:56:18] [66/445] MCGS
[18:56:19] [67/445] PETK
[18:56:20] [68/445] CHAG
[18:56:21] [69/445] KSTL
[18:56:21] [70/445] AADS
[18:56:22] 🔄 Identity reset
[18:56:22] 🔄 Identity rotated (every 10 requests)
[18:56:22] 🔄 Retry 1/5 for AADS in 2.6s
[18:56:22] 🔄 Identity reset
[18:56:25] 🧠 New identity created
[18:56:25] [71/445] NTHZ
[18:56:26] [72/445] HCKI
[18:56:27] [73/445] SSEF
[18:56:28] [74/445] MCGX
[18:56:29] [75/445] ERRA
[18:56:30] [76/445] SDTW
[18:56:32] [77/445] RMPK
[18:56:32] [78/445] PTHK
[18:56:34] [79/445] PXCS
[18:56:35] 🔄 Identity reset
[18:56:35] 🔄 Identity rotated (every 10 requests)
[18:56:35] [80/445] SVLU
[18:56:36] [81/445] STAH
[18:56:37] [82/445] JRGF
[18:56:38] [83/445] CDOK
[18:56:39] [84/445] CMSG
[18:56:41] [85/445] APTD
[18:56:42] [86/445] KMPG
[18:56:43] [87/445] MUTJ
[18:56:44] [88/445] VCCI
[18:56:45] [89/445] URBE
[18:56:46] 🔄 Identity reset
[18:56:46] 🔄 Identity rotated (every 10 requests)
[18:56:46] [90/445] TCTS
[18:56:47] [91/445] STSN
[18:56:49] [92/445] AKCH
[18:56:50] [93/445] APSC
[18:56:51] [94/445] VLTB
[18:56:52] [95/445] SANU
[18:56:53] [96/445] AXAM
[18:56:54] [97/445] MGMG
[18:56:55] [98/445] HTBY
[18:56:56] [99/445] MMZS
[18:56:57] 🔄 Identity reset
[18:56:57] 🔄 Identity rotated (every 10 requests)
[18:56:57] [100/445] SUDR
[18:56:58] [101/445] CCAD
[18:56:59] [102/445] SKKC
[18:57:00] [103/445] RMCD
[18:57:01] [104/445] SBCQ
[18:57:02] [105/445] DCCT
[18:57:03] [106/445] VTKP
[18:57:04] [107/445] MLAM
[18:57:05] [108/445] SAVT
[18:57:06] [109/445] GEPL
[18:57:07] 🔄 Identity reset
[18:57:07] 🔄 Identity rotated (every 10 requests)
[18:57:07] [110/445] AMCD
[18:57:08] [111/445] CCXR
[18:57:09] [112/445] GRNG
[18:57:10] [113/445] EBCA
[18:57:11] [114/445] CNVG
[18:57:12] [115/445] MWSS
[18:57:13] [116/445] VBOR
[18:57:14] [117/445] NEEB
[18:57:15] [118/445] SUTH
[18:57:16] [119/445] ANDB
[18:57:16] 🔄 Identity reset
[18:57:16] 🔄 Identity rotated (every 10 requests)
[18:57:17] [120/445] MMXS
[18:57:18] [121/445] CNPD
[18:57:19] [122/445] SDCE
[18:57:21] [123/445] DHCB
[18:57:21] [124/445] ODEN
[18:57:22] [125/445] TNTC
[18:57:24] [126/445] VBKM
[18:57:25] [127/445] RZYM
[18:57:26] [128/445] JEMC
[18:57:27] [129/445] CMAU
[18:57:27] 🔄 Identity reset
[18:57:27] 🔄 Identity rotated (every 10 requests)
[18:57:28] [130/445] SIVP
[18:57:28] [131/445] ATAG
[18:57:29] [132/445] CHTM
[18:57:30] [133/445] AAEE
[18:57:31] [134/445] IWPM
[18:57:33] [135/445] KCMW
[18:57:34] [136/445] MCTD
[18:57:34] [137/445] SPWR
[18:57:36] [138/445] SDPO
[18:57:37] [139/445] PCSK
[18:57:37] 🔄 Identity reset
[18:57:37] 🔄 Identity rotated (every 10 requests)
[18:57:38] [140/445] ACHV
[18:57:40] [141/445] SVLA
[18:57:41] [142/445] PICT
[18:57:42] [143/445] BXDR
[18:57:43] [144/445] SPWA
[18:57:44] [145/445] MCKO
[18:57:45] [146/445] RTHK
[18:57:46] [147/445] CCMF
[18:57:47] [148/445] MRGB
[18:57:49] [149/445] CPLC
[18:57:49] 🔄 Identity reset
[18:57:49] 🔄 Identity rotated (every 10 requests)
[18:57:50] [150/445] RACD
[18:57:51] [151/445] ATKT
[18:57:52] [152/445] SARN
[18:57:53] [153/445] KKUI
[18:57:53] [154/445] RGCM
[18:57:54] [155/445] BRVP
[18:57:55] [156/445] HRSR
[18:57:56] [157/445] GKGM
[18:57:57] [158/445] TTCD
[18:57:58] [159/445] PTTI
[18:57:59] 🔄 Identity reset
[18:57:59] 🔄 Identity rotated (every 10 requests)
[18:57:59] [160/445] MPTT
[18:58:01] [161/445] CVTT
[18:58:02] [162/445] PCXD
[18:58:04] [163/445] GCDC
[18:58:05] [164/445] CCCF
[18:58:05] [165/445] MRAD
[18:58:06] [166/445] CPLK
[18:58:07] [167/445] SATB
[18:58:08] [168/445] SNVG
[18:58:09] [169/445] JMBA
[18:58:10] 🔄 Identity reset
[18:58:10] 🔄 Identity rotated (every 10 requests)
[18:58:11] [170/445] TEJA
[18:58:12] [171/445] STYO
[18:58:13] [172/445] JTBP
[18:58:14] [173/445] KRGD
[18:58:15] [174/445] SLJJ
[18:58:15] [175/445] SPTJ
[18:58:17] [176/445] SWJG
[18:58:18] [177/445] LKRT
[18:58:19] [178/445] KCKA
[18:58:20] [179/445] SNCR
[18:58:21] 🔄 Identity reset
[18:58:21] 🔄 Identity rotated (every 10 requests)
[18:58:21] [180/445] SMKL
[18:58:22] [181/445] GCFA
[18:58:23] [182/445] DDCK
[18:58:24] [183/445] NCHJ
[18:58:25] [184/445] RDMA
[18:58:26] [185/445] SVSV
[18:58:27] [186/445] SCJG
[18:58:28] [187/445] VKLP
[18:58:29] [188/445] NWCC
[18:58:30] [189/445] VKNS
[18:58:31] 🔄 Identity reset
[18:58:31] 🔄 Identity rotated (every 10 requests)
[18:58:31] [190/445] SDDP
[18:58:32] [191/445] ACSI
[18:58:33] [192/445] SATG
[18:58:34] [193/445] SCMW
[18:58:36] [194/445] LKTK
[18:58:37] [195/445] VCKV
[18:58:38] [196/445] KKPE
[18:58:39] [197/445] KIGH
[18:58:41] [198/445] SRPM
[18:58:42] [199/445] SCAH
[18:58:42] 🔄 Identity reset
[18:58:42] 🔄 Identity rotated (every 10 requests)
[18:58:43] [200/445] MUTA
[18:58:44] [201/445] SEPU
[18:58:44] [202/445] INOA
[18:58:45] [203/445] BASK
[18:58:46] [204/445] NECB
[18:58:47] [205/445] GTTG
[18:58:48] [206/445] ASSA
[18:58:49] [207/445] ANCL
[18:58:50] [208/445] GCTI
[18:58:51] [209/445] RCTS
[18:58:51] 🔄 Identity reset
[18:58:51] 🔄 Identity rotated (every 10 requests)
[18:58:52] [210/445] ACNL
[18:58:53] [211/445] MYCT
[18:58:54] [212/445] NMHT
[18:58:55] [213/445] MDIT
[18:58:56] [214/445] LATG
[18:58:57] [215/445] SMTY
[18:58:58] [216/445] CVCT
[18:58:59] [217/445] RAMB
[18:59:00] [218/445] TGMS
[18:59:01] [219/445] BHEL
[18:59:02] 🔄 Identity reset
[18:59:02] 🔄 Identity rotated (every 10 requests)
[18:59:02] 🔄 Retry 1/5 for BHEL in 3.0s
[18:59:02] 🔄 Identity reset
[18:59:05] 🧠 New identity created
[18:59:05] 🔄 Retry 2/5 for BHEL in 4.7s
[18:59:05] 🔄 Identity reset
[18:59:10] 🧠 New identity created
[18:59:10] [220/445] SHCT
[18:59:11] [221/445] SVCT
[18:59:12] [222/445] MRIY
[18:59:13] [223/445] SARO
[18:59:14] [224/445] STCT
[18:59:15] [225/445] JKKC
[18:59:16] [226/445] PLTT
[18:59:17] [227/445] SRNT
[18:59:18] 🔄 Identity reset
[18:59:18] 🔄 Identity rotated (every 10 requests)
[18:59:18] [228/445] YAST
[18:59:20] [229/445] PERL
[18:59:21] [230/445] CICM
[18:59:21] [231/445] MMTR
[18:59:23] [232/445] ABTK
[18:59:23] [233/445] ATYY
[18:59:24] [234/445] ASTK
[18:59:25] [235/445] VVCK
[18:59:26] [236/445] ATKY
[18:59:27] [237/445] GWEK
[18:59:28] 🔄 Identity reset
[18:59:28] 🔄 Identity rotated (every 10 requests)
[18:59:28] [238/445] SVFH
[18:59:29] [239/445] SLTA
[18:59:30] [240/445] AASH
[18:59:31] [241/445] ACXB
[18:59:32] [242/445] SMTX
[18:59:34] [243/445] AZDH
[18:59:34] [244/445] CMMH
[18:59:35] [245/445] SCSZ
[18:59:36] [246/445] SCKP
[18:59:37] [247/445] NXTM
[18:59:38] 🔄 Identity reset
[18:59:38] 🔄 Identity rotated (every 10 requests)
[18:59:38] [248/445] NWCS
[18:59:39] [249/445] CXMH
[18:59:40] [250/445] PCMA
[18:59:41] [251/445] SGCM
[18:59:42] [252/445] SDTU
[18:59:42] [253/445] MMVI
[18:59:43] [254/445] JKCM
[18:59:44] [255/445] VCMM
[18:59:45] [256/445] SYEE
[18:59:46] [257/445] VASD
[18:59:47] 🔄 Identity reset
[18:59:47] 🔄 Identity rotated (every 10 requests)
[18:59:47] [258/445] BDRB
[18:59:48] [259/445] LASM
[18:59:49] [260/445] DCRL
[18:59:50] [261/445] DVPM
[18:59:51] [262/445] SBMJ
[18:59:52] [263/445] CBMU
[18:59:53] [264/445] IUBS
[18:59:54] [265/445] INAP
[18:59:54] [266/445] SRRC
[18:59:55] [267/445] SAGR
[18:59:56] 🔄 Identity reset
[18:59:56] 🔄 Identity rotated (every 10 requests)
[18:59:56] [268/445] CPMJ
[18:59:57] [269/445] ATJL
[18:59:58] [270/445] NNTD
[18:59:59] [271/445] JHCJ
[19:00:00] [272/445] CMMP
[19:00:01] [273/445] RSDR
[19:00:02] [274/445] AMTI
[19:00:03] [275/445] NYSG
[19:00:04] [276/445] AVSG
[19:00:05] [277/445] SYTP
[19:00:06] 🔄 Identity reset
[19:00:06] 🔄 Identity rotated (every 10 requests)
[19:00:06] [278/445] LARC
[19:00:07] [279/445] RJTP
[19:00:08] [280/445] LAKC
[19:00:09] [281/445] MCXE
[19:00:10] [282/445] CCZC
[19:00:10] [283/445] AVCH
[19:00:11] [284/445] CMBE
[19:00:12] [285/445] MRRC
[19:00:13] [286/445] PCPY
[19:00:14] [287/445] SRMH
[19:00:15] 🔄 Identity reset
[19:00:15] 🔄 Identity rotated (every 10 requests)
[19:00:15] [288/445] SVGS
[19:00:16] [289/445] PCSE
[19:00:17] [290/445] SVFT
[19:00:18] [291/445] TNZP
[19:00:19] [292/445] ICTP
[19:00:21] [293/445] ACTZ
[19:00:21] [294/445] GTUR
[19:00:22] [295/445] MAFC
[19:00:23] [296/445] MINL
[19:00:24] [297/445] MRCL
[19:00:25] 🔄 Identity reset
[19:00:25] 🔄 Identity rotated (every 10 requests)
[19:00:26] [298/445] RCRP
[19:00:27] [299/445] RFFG
[19:00:28] [300/445] RMAS
[19:00:29] [301/445] INVR
[19:00:30] [302/445] RMAR
[19:00:30] [303/445] CNIS
[19:00:31] [304/445] RHRJ
[19:00:32] [305/445] INXR
[19:00:33] [306/445] VALT
[19:00:34] [307/445] LCSH
[19:00:35] 🔄 Identity reset
[19:00:35] 🔄 Identity rotated (every 10 requests)
[19:00:36] [308/445] CMVS
[19:00:37] [309/445] CNMS
[19:00:38] [310/445] ROOG
[19:00:39] [311/445] ISRM
[19:00:39] [312/445] RCRM
[19:00:41] [313/445] ACJA
[19:00:42] [314/445] RCVS
[19:00:43] [315/445] CPUS
[19:00:44] [316/445] TGCS
[19:00:45] [317/445] RKCJ
[19:00:46] 🔄 Identity reset
[19:00:46] 🔄 Identity rotated (every 10 requests)
[19:00:46] [318/445] MKSB
[19:00:47] [319/445] TCSJ
[19:00:48] [320/445] RMGP
[19:00:49] [321/445] CLLP
[19:00:50] [322/445] RCMV
[19:00:51] [323/445] CCKS
[19:00:51] [324/445] RSRP
[19:00:52] [325/445] APLP
[19:00:53] [326/445] CNVS
[19:00:54] [327/445] RMVY
[19:00:55] 🔄 Identity reset
[19:00:55] 🔄 Identity rotated (every 10 requests)
[19:00:55] [328/445] PGBD
[19:00:56] [329/445] KLMS
[19:00:57] [330/445] RUST
[19:00:59] [331/445] MASM
[19:00:59] [332/445] BACS
[19:01:01] [333/445] BWST
[19:01:03] [334/445] RRFH
[19:01:04] [335/445] SJTM
[19:01:04] [336/445] BEMR
[19:01:05] [337/445] MCGR
[19:01:06] 🔄 Identity reset
[19:01:06] 🔄 Identity rotated (every 10 requests)
[19:01:06] [338/445] SDSK
[19:01:07] [339/445] VBOL
[19:01:08] [340/445] RMGM
[19:01:09] [341/445] NOPL
[19:01:11] [342/445] MKJK
[19:01:12] [343/445] CVRN
[19:01:13] [344/445] MMEN
[19:01:14] [345/445] AMNG
[19:01:15] [346/445] INTM
[19:01:16] [347/445] SLCZ
[19:01:16] 🔄 Identity reset
[19:01:16] 🔄 Identity rotated (every 10 requests)
[19:01:17] [348/445] AMJN
[19:01:17] [349/445] ACJN
[19:01:19] [350/445] AMKN
[19:01:20] [351/445] BTCN
[19:01:21] [352/445] AMBT
[19:01:22] [353/445] PACN
[19:01:22] [354/445] LCNS
[19:01:23] [355/445] PPKC
[19:01:24] [356/445] JYYN
[19:01:25] [357/445] JTNR
[19:01:26] 🔄 Identity reset
[19:01:26] 🔄 Identity rotated (every 10 requests)
[19:01:26] [358/445] GTEE
[19:01:27] [359/445] SRNM
[19:01:28] [360/445] SDTC
[19:01:29] [361/445] VPCA
[19:01:30] [362/445] VLRA
[19:01:31] [363/445] SHKR
[19:01:32] [364/445] SBKD
[19:01:33] [365/445] SAAD
[19:01:34] [366/445] JTGN
[19:01:35] [367/445] SLAM
[19:01:35] 🔄 Identity reset
[19:01:35] 🔄 Identity rotated (every 10 requests)
[19:01:35] 🔄 Retry 1/5 for SLAM in 2.9s
[19:01:35] 🔄 Identity reset
[19:01:38] 🧠 New identity created
[19:01:39] [368/445] VTPM
[19:01:40] [369/445] ANPT
[19:01:41] [370/445] PUNB
[19:01:42] [371/445] CPKT
[19:01:43] [372/445] CNWE
[19:01:44] [373/445] ECPP
[19:01:45] [374/445] CPAR
[19:01:46] [375/445] ESBW
[19:01:47] [376/445] PKPU
[19:01:48] 🔄 Identity reset
[19:01:48] 🔄 Identity rotated (every 10 requests)
[19:01:48] [377/445] CPRP
[19:01:49] [378/445] RAHU
[19:01:50] [379/445] RHMN
[19:01:51] [380/445] FMJP
[19:01:52] [381/445] CTMP
[19:01:53] [382/445] INPN
[19:01:54] [383/445] STTG
[19:01:55] [384/445] CTRD
[19:01:56] [385/445] PUVB
[19:01:58] [386/445] ESVP
[19:01:58] 🔄 Identity reset
[19:01:58] 🔄 Identity rotated (every 10 requests)
[19:01:59] [387/445] CPFT
[19:02:00] [388/445] LCPC
[19:02:00] [389/445] VBCT
[19:02:02] [390/445] FSCW
[19:02:03] [391/445] VCMP
[19:02:04] [392/445] ASHC
[19:02:05] [393/445] VLCX
[19:02:06] [394/445] SHEV
[19:02:08] [395/445] APCO
[19:02:09] [396/445] SILC
[19:02:09] 🔄 Identity reset
[19:02:09] 🔄 Identity rotated (every 10 requests)
[19:02:10] [397/445] SNMR
[19:02:11] [398/445] KYBO
[19:02:12] [399/445] SATK
[19:02:12] [400/445] SSCS
[19:02:13] [401/445] CLSB
[19:02:14] [402/445] KMJR
[19:02:15] [403/445] FSCK
[19:02:16] [404/445] NNKA
[19:02:17] [405/445] CLMK
[19:02:18] [406/445] DMPZ
[19:02:19] 🔄 Identity reset
[19:02:19] 🔄 Identity rotated (every 10 requests)
[19:02:20] [407/445] INQM
[19:02:21] [408/445] CAML
[19:02:22] [409/445] INRK
[19:02:22] [410/445] IMKN
[19:02:23] [411/445] SVNR
[19:02:24] [412/445] INSL
[19:02:25] [413/445] MSMA
[19:02:26] [414/445] MCKK
[19:02:27] [415/445] FCHP
[19:02:28] [416/445] SFCR
[19:02:29] 🔄 Identity reset
[19:02:29] 🔄 Identity rotated (every 10 requests)
[19:02:29] [417/445] NACK
[19:02:30] [418/445] PVAK
[19:02:31] [419/445] INER
[19:02:33] [420/445] RDBK
[19:02:33] [421/445] SVFN
[19:02:34] [422/445] IFRM
[19:02:35] [423/445] ATCK
[19:02:36] [424/445] ASKO
[19:02:37] [425/445] STKT
[19:02:38] [426/445] SVFB
[19:02:39] 🔄 Identity reset
[19:02:39] 🔄 Identity rotated (every 10 requests)
[19:02:39] [427/445] INKS
[19:02:41] [428/445] PCRA
[19:02:42] [429/445] ATJA
[19:02:43] [430/445] IMJN
[19:02:43] [431/445] INHD
[19:02:44] [432/445] BARA
[19:02:45] [433/445] MCSL
[19:02:46] [434/445] RTOY
[19:02:47] [435/445] MENO
[19:02:49] [436/445] PUDM
[19:02:49] 🔄 Identity reset
[19:02:50] 🔄 Identity rotated (every 10 requests)
[19:02:50] [437/445] PRCN
[19:02:51] [438/445] JMJR
[19:02:52] [439/445] SSGK
[19:02:53] [440/445] SSRL
[19:02:54] [441/445] JYKL
[19:02:55] [442/445] ACNB
[19:02:56] [443/445] SONP
[19:02:58] [444/445] EMCI
[19:02:58] [445/445] MRJH
[19:02:59] 🧹 Deduping shows
[19:02:59] ✅ DONE | Shows=583 | Movies=12
[10:26:50] 🚀 SCRIPT STARTED
[10:26:50] [1/445] TGMR
[10:26:50] 🧠 New identity created
[10:26:51] [2/445] CXKR
[10:26:54] [3/445] SROP
[10:26:56] [4/445] GTSV
[10:26:57] [5/445] SNTY
[10:26:59] [6/445] SMYY
[10:27:00] [7/445] CNCS
[10:27:02] [8/445] CSTM
[10:27:04] [9/445] NUCD
[10:27:06] [10/445] SHCZ
[10:27:06] 🔄 Identity reset
[10:27:06] 🔄 Identity rotated (every 10 requests)
[10:27:07] [11/445] NJCT
[10:27:08] [12/445] COPC
[10:27:10] [13/445] STVV
[10:27:11] [14/445] SKRN
[10:27:12] [15/445] APPZ
[10:27:14] [16/445] YMGN
[10:27:15] [17/445] SVTU
[10:27:17] [18/445] GTAD
[10:27:18] [19/445] PSUS
[10:27:20] [20/445] SMCD
[10:27:20] 🔄 Identity reset
[10:27:20] 🔄 Identity rotated (every 10 requests)
[10:27:22] [21/445] CMCM
[10:27:23] [22/445] SYCT
[10:27:25] [23/445] STLY
[10:27:26] [24/445] CMHU
[10:27:27] [25/445] CMSA
[10:27:29] [26/445] CLCU
[10:27:29] [27/445] PPNT
[10:27:31] [28/445] JTAB
[10:27:33] [29/445] BUUC
[10:27:35] [30/445] BSVK
[10:27:35] 🔄 Identity reset
[10:27:35] 🔄 Identity rotated (every 10 requests)
[10:27:36] [31/445] VVVQ
[10:27:37] [32/445] TKMU
[10:27:38] [33/445] ESYL
[10:27:39] [34/445] ACHP
[10:27:40] [35/445] BTKD
[10:27:41] [36/445] DESA
[10:27:43] [37/445] GBCT
[10:27:44] [38/445] BLLD
[10:27:46] [39/445] SKNT
[10:27:47] [40/445] SSTE
[10:27:47] 🔄 Identity reset
[10:27:47] 🔄 Identity rotated (every 10 requests)
[10:27:49] [41/445] VJMR
[10:27:50] [42/445] NTPU
[10:28:02] 🔄 Retry 1/5 for NTPU in 3.0s
[10:28:02] 🔄 Identity reset
[10:28:05] 🧠 New identity created
[10:28:17] 🔄 Retry 2/5 for NTPU in 4.9s
[10:28:17] 🔄 Identity reset
[10:28:22] 🧠 New identity created
[10:28:33] [43/445] RDKN
[10:28:35] [44/445] ADGC
[10:28:36] [45/445] VRBP
[10:28:38] [46/445] NMNA
[10:28:39] [47/445] CMMX
[10:28:40] [48/445] PTKO
[10:28:40] 🔄 Identity reset
[10:28:40] 🔄 Identity rotated (every 10 requests)
[10:28:42] [49/445] RBML
[10:28:43] [50/445] SAIC
[10:28:44] [51/445] SVTJ
[10:28:45] [52/445] MRTE
[10:28:47] [53/445] RBTP
[10:28:48] [54/445] NLPS
[10:28:49] [55/445] GTNA
[10:28:50] [56/445] DGGC
[10:28:52] [57/445] SMCR
[10:28:53] [58/445] SCGD
[10:28:53] 🔄 Identity reset
[10:28:53] 🔄 Identity rotated (every 10 requests)
[10:28:54] [59/445] SRRJ
[10:28:56] [60/445] CNRY
[10:28:57] [61/445] KTDI
[10:28:59] [62/445] SNJL
[10:29:01] [63/445] RKMD
[10:29:02] [64/445] SMDC
[10:29:03] [65/445] TADG
[10:29:05] [66/445] MCGS
[10:29:07] [67/445] PETK
[10:29:08] [68/445] CHAG
[10:29:08] 🔄 Identity reset
[10:29:08] 🔄 Identity rotated (every 10 requests)
[10:29:10] [69/445] KSTL
[10:29:11] [70/445] AADS
[10:29:13] [71/445] NTHZ
[10:29:14] [72/445] HCKI
[10:29:15] [73/445] SSEF
[10:29:17] [74/445] MCGX
[10:29:18] [75/445] ERRA
[10:29:19] [76/445] SDTW
[10:29:22] [77/445] RMPK
[10:29:23] [78/445] PTHK
[10:29:23] 🔄 Identity reset
[10:29:23] 🔄 Identity rotated (every 10 requests)
[10:29:24] [79/445] PXCS
[10:29:25] [80/445] SVLU
[10:29:27] [81/445] STAH
[10:29:29] [82/445] JRGF
[10:29:32] [83/445] CDOK
[10:29:33] [84/445] CMSG
[10:29:35] [85/445] APTD
[10:29:36] [86/445] KMPG
[10:29:38] [87/445] MUTJ
[10:29:39] [88/445] VCCI
[10:29:39] 🔄 Identity reset
[10:29:39] 🔄 Identity rotated (every 10 requests)
[10:29:40] [89/445] URBE
[10:29:41] [90/445] TCTS
[10:29:42] [91/445] STSN
[10:29:43] [92/445] AKCH
[10:29:44] [93/445] APSC
[10:29:46] [94/445] VLTB
[10:29:48] [95/445] SANU
[10:29:49] [96/445] AXAM
[10:29:51] [97/445] MGMG
[10:29:52] [98/445] HTBY
[10:29:52] 🔄 Identity reset
[10:29:52] 🔄 Identity rotated (every 10 requests)
[10:29:52] 🔄 Retry 1/5 for HTBY in 2.5s
[10:29:52] 🔄 Identity reset
[10:29:55] 🧠 New identity created
[10:29:55] 🔄 Retry 2/5 for HTBY in 4.4s
[10:29:55] 🔄 Identity reset
[10:29:59] 🧠 New identity created
[10:29:59] 🔄 Retry 3/5 for HTBY in 8.8s
[10:29:59] 🔄 Identity reset
[10:30:08] 🧠 New identity created
[10:30:10] [99/445] MMZS
[10:30:12] [100/445] SUDR
[10:30:13] [101/445] CCAD
[10:30:15] [102/445] SKKC
[10:30:16] [103/445] RMCD
[10:30:18] [104/445] SBCQ
[10:30:20] [105/445] DCCT
[10:30:20] 🔄 Identity reset
[10:30:20] 🔄 Identity rotated (every 10 requests)
[10:30:21] [106/445] VTKP
[10:30:22] [107/445] MLAM
[10:30:23] [108/445] SAVT
[10:30:25] [109/445] GEPL
[10:30:27] [110/445] AMCD
[10:30:28] [111/445] CCXR
[10:30:30] [112/445] GRNG
[10:30:34] [113/445] EBCA
[10:30:36] [114/445] CNVG
[10:30:38] [115/445] MWSS
[10:30:38] 🔄 Identity reset
[10:30:38] 🔄 Identity rotated (every 10 requests)
[10:30:38] 🔄 Retry 1/5 for MWSS in 3.0s
[10:30:38] 🔄 Identity reset
[10:30:41] 🧠 New identity created
[10:30:42] [116/445] VBOR
[10:30:44] [117/445] NEEB
[10:30:46] [118/445] SUTH
[10:30:47] [119/445] ANDB
[10:30:49] [120/445] MMXS
[10:30:50] [121/445] CNPD
[10:30:52] [122/445] SDCE
[10:30:53] [123/445] DHCB
[10:30:54] [124/445] ODEN
[10:30:54] 🔄 Identity reset
[10:30:55] 🔄 Identity rotated (every 10 requests)
[10:30:55] 🔄 Retry 1/5 for ODEN in 2.2s
[10:30:55] 🔄 Identity reset
[10:30:57] 🧠 New identity created
[10:30:58] [125/445] TNTC
[10:30:59] [126/445] VBKM
[10:31:01] [127/445] RZYM
[10:31:02] [128/445] JEMC
[10:31:03] [129/445] CMAU
[10:31:05] [130/445] SIVP
[10:31:06] [131/445] ATAG
[10:31:07] [132/445] CHTM
[10:31:19] 🔄 Retry 1/5 for CHTM in 2.9s
[10:31:19] 🔄 Identity reset
[10:31:22] 🧠 New identity created
[10:31:22] 🔄 Identity reset
[10:31:22] 🔄 Identity rotated (every 10 requests)
[10:31:32] [133/445] AAEE
[10:31:33] [134/445] IWPM
[10:31:34] [135/445] KCMW
[10:31:36] [136/445] MCTD
[10:31:37] [137/445] SPWR
[10:31:38] [138/445] SDPO
[10:31:40] [139/445] PCSK
[10:31:42] [140/445] ACHV
[10:31:43] [141/445] SVLA
[10:31:44] [142/445] PICT
[10:31:44] 🔄 Identity reset
[10:31:44] 🔄 Identity rotated (every 10 requests)
[10:31:46] [143/445] BXDR
[10:31:47] [144/445] SPWA
[10:31:48] [145/445] MCKO
[10:31:51] [146/445] RTHK
[10:31:52] [147/445] CCMF
[10:31:54] [148/445] MRGB
[10:31:54] [149/445] CPLC
[10:31:56] [150/445] RACD
[10:31:57] [151/445] ATKT
[10:31:59] [152/445] SARN
[10:31:59] 🔄 Identity reset
[10:31:59] 🔄 Identity rotated (every 10 requests)
[10:32:00] [153/445] KKUI
[10:32:00] [154/445] RGCM
[10:32:02] [155/445] BRVP
[10:32:03] [156/445] HRSR
[10:32:04] [157/445] GKGM
[10:32:06] [158/445] TTCD
[10:32:07] [159/445] PTTI
[10:32:09] [160/445] MPTT
[10:32:10] [161/445] CVTT
[10:32:11] [162/445] PCXD
[10:32:11] 🔄 Identity reset
[10:32:11] 🔄 Identity rotated (every 10 requests)
[10:32:19] [163/445] GCDC
[10:32:30] [164/445] CCCF
[10:32:31] [165/445] MRAD
[10:32:32] [166/445] CPLK
[10:32:34] [167/445] SATB
[10:32:35] [168/445] SNVG
[10:32:36] [169/445] JMBA
[10:32:38] [170/445] TEJA
[10:32:39] [171/445] STYO
[10:32:40] [172/445] JTBP
[10:32:40] 🔄 Identity reset
[10:32:40] 🔄 Identity rotated (every 10 requests)
[10:32:41] [173/445] KRGD
[10:32:43] [174/445] SLJJ
[10:32:44] [175/445] SPTJ
[10:32:45] [176/445] SWJG
[10:32:46] [177/445] LKRT
[10:32:48] [178/445] KCKA
[10:32:49] [179/445] SNCR
[10:32:51] [180/445] SMKL
[10:32:52] [181/445] GCFA
[10:32:53] [182/445] DDCK
[10:32:53] 🔄 Identity reset
[10:32:53] 🔄 Identity rotated (every 10 requests)
[10:32:54] [183/445] NCHJ
[10:32:55] [184/445] RDMA
[10:32:57] [185/445] SVSV
[10:32:59] [186/445] SCJG
[10:33:01] [187/445] VKLP
[10:33:02] [188/445] NWCC
[10:33:03] [189/445] VKNS
[10:33:04] [190/445] SDDP
[10:33:05] [191/445] ACSI
[10:33:07] [192/445] SATG
[10:33:07] 🔄 Identity reset
[10:33:07] 🔄 Identity rotated (every 10 requests)
[10:33:08] [193/445] SCMW
[10:33:09] [194/445] LKTK
[10:33:10] [195/445] VCKV
[10:33:11] [196/445] KKPE
[10:33:13] [197/445] KIGH
[10:33:14] [198/445] SRPM
[10:33:15] [199/445] SCAH
[10:33:20] [200/445] MUTA
[10:33:21] [201/445] SEPU
[10:33:22] [202/445] INOA
[10:33:22] 🔄 Identity reset
[10:33:22] 🔄 Identity rotated (every 10 requests)
[10:33:23] [203/445] BASK
[10:33:24] [204/445] NECB
[10:33:26] [205/445] GTTG
[10:33:27] [206/445] ASSA
[10:33:34] [207/445] ANCL
[10:33:35] [208/445] GCTI
[10:33:35] [209/445] RCTS
[10:33:37] [210/445] ACNL
[10:33:38] [211/445] MYCT
[10:33:39] [212/445] NMHT
[10:33:39] 🔄 Identity reset
[10:33:39] 🔄 Identity rotated (every 10 requests)
[10:33:39] 🔄 Retry 1/5 for NMHT in 2.3s
[10:33:39] 🔄 Identity reset
[10:33:42] 🧠 New identity created
[10:33:43] [213/445] MDIT
[10:33:45] [214/445] LATG
[10:33:46] [215/445] SMTY
[10:33:48] [216/445] CVCT
[10:33:50] [217/445] RAMB
[10:33:52] [218/445] TGMS
[10:33:52] [219/445] BHEL
[10:33:54] [220/445] SHCT
[10:33:55] [221/445] SVCT
[10:33:55] 🔄 Identity reset
[10:33:55] 🔄 Identity rotated (every 10 requests)
[10:34:07] 🔄 Retry 1/5 for SVCT in 2.4s
[10:34:07] 🔄 Identity reset
[10:34:09] 🧠 New identity created
[10:34:09] 🔄 Retry 2/5 for SVCT in 4.7s
[10:34:09] 🔄 Identity reset
[10:34:14] 🧠 New identity created
[10:34:15] [222/445] MRIY
[10:34:16] [223/445] SARO
[10:34:17] [224/445] STCT
[10:34:19] [225/445] JKKC
[10:34:20] [226/445] PLTT
[10:34:22] [227/445] SRNT
[10:34:23] [228/445] YAST
[10:34:23] [229/445] PERL
[10:34:23] 🔄 Identity reset
[10:34:23] 🔄 Identity rotated (every 10 requests)
[10:34:25] [230/445] CICM
[10:34:27] [231/445] MMTR
[10:34:28] [232/445] ABTK
[10:34:29] [233/445] ATYY
[10:34:31] [234/445] ASTK
[10:34:31] [235/445] VVCK
[10:34:32] [236/445] ATKY
[10:34:33] [237/445] GWEK
[10:34:34] [238/445] SVFH
[10:34:36] [239/445] SLTA
[10:34:36] 🔄 Identity reset
[10:34:36] 🔄 Identity rotated (every 10 requests)
[10:34:38] [240/445] AASH
[10:34:39] [241/445] ACXB
[10:34:40] [242/445] SMTX
[10:34:42] [243/445] AZDH
[10:34:43] [244/445] CMMH
[10:34:44] [245/445] SCSZ
[10:34:46] [246/445] SCKP
[10:34:47] [247/445] NXTM
[10:34:49] [248/445] NWCS
[10:34:50] [249/445] CXMH
[10:34:50] 🔄 Identity reset
[10:34:50] 🔄 Identity rotated (every 10 requests)
[10:34:52] [250/445] PCMA
[10:34:53] [251/445] SGCM
[10:34:55] [252/445] SDTU
[10:34:56] [253/445] MMVI
[10:34:58] [254/445] JKCM
[10:35:00] [255/445] VCMM
[10:35:00] [256/445] SYEE
[10:35:01] [257/445] VASD
[10:35:02] [258/445] BDRB
[10:35:04] [259/445] LASM
[10:35:04] 🔄 Identity reset
[10:35:04] 🔄 Identity rotated (every 10 requests)
[10:35:05] [260/445] DCRL
[10:35:06] [261/445] DVPM
[10:35:07] [262/445] SBMJ
[10:35:08] [263/445] CBMU
[10:35:09] [264/445] IUBS
[10:35:10] [265/445] INAP
[10:35:13] [266/445] SRRC
[10:35:14] [267/445] SAGR
[10:35:16] [268/445] CPMJ
[10:35:17] [269/445] ATJL
[10:35:17] 🔄 Identity reset
[10:35:17] 🔄 Identity rotated (every 10 requests)
[10:35:18] [270/445] NNTD
[10:35:20] [271/445] JHCJ
[10:35:21] [272/445] CMMP
[10:35:22] [273/445] RSDR
[10:35:23] [274/445] AMTI
[10:35:25] [275/445] NYSG
[10:35:27] [276/445] AVSG
[10:35:39] 🔄 Retry 1/5 for AVSG in 2.7s
[10:35:39] 🔄 Identity reset
[10:35:41] 🧠 New identity created
[10:35:47] [277/445] SYTP
[10:35:49] [278/445] LARC
[10:35:49] 🔄 Identity reset
[10:35:49] 🔄 Identity rotated (every 10 requests)
[10:35:51] [279/445] RJTP
[10:35:52] [280/445] LAKC
[10:35:52] [281/445] MCXE
[10:35:54] [282/445] CCZC
[10:35:55] [283/445] AVCH
[10:35:56] [284/445] CMBE
[10:35:57] [285/445] MRRC
[10:35:58] [286/445] PCPY
[10:36:00] [287/445] SRMH
[10:36:01] [288/445] SVGS
[10:36:01] 🔄 Identity reset
[10:36:01] 🔄 Identity rotated (every 10 requests)
[10:36:01] 🔄 Retry 1/5 for SVGS in 2.2s
[10:36:01] 🔄 Identity reset
[10:36:03] 🧠 New identity created
[10:36:04] [289/445] PCSE
[10:36:05] [290/445] SVFT
[10:36:06] [291/445] TNZP
[10:36:07] [292/445] ICTP
[10:36:09] [293/445] ACTZ
[10:36:10] [294/445] GTUR
[10:36:11] [295/445] MAFC
[10:36:12] [296/445] MINL
[10:36:24] 🔄 Retry 1/5 for MINL in 2.4s
[10:36:24] 🔄 Identity reset
[10:36:27] 🧠 New identity created
[10:36:27] 🔄 Identity reset
[10:36:27] 🔄 Identity rotated (every 10 requests)
[10:36:39] 🔄 Retry 2/5 for MINL in 4.5s
[10:36:39] 🔄 Identity reset
[10:36:43] 🧠 New identity created
[10:36:51] [297/445] MRCL
[10:36:52] [298/445] RCRP
[10:36:54] [299/445] RFFG
[10:36:55] [300/445] RMAS
[10:36:55] [301/445] INVR
[10:36:57] [302/445] RMAR
[10:36:59] [303/445] CNIS
[10:37:00] [304/445] RHRJ
[10:37:02] [305/445] INXR
[10:37:02] 🔄 Identity reset
[10:37:02] 🔄 Identity rotated (every 10 requests)
[10:37:03] [306/445] VALT
[10:37:05] [307/445] LCSH
[10:37:05] [308/445] CMVS
[10:37:07] [309/445] CNMS
[10:37:09] [310/445] ROOG
[10:37:09] [311/445] ISRM
[10:37:11] [312/445] RCRM
[10:37:12] [313/445] ACJA
[10:37:14] [314/445] RCVS
[10:37:15] [315/445] CPUS
[10:37:15] 🔄 Identity reset
[10:37:15] 🔄 Identity rotated (every 10 requests)
[10:37:16] [316/445] TGCS
[10:37:18] [317/445] RKCJ
[10:37:20] [318/445] MKSB
[10:37:21] [319/445] TCSJ
[10:37:22] [320/445] RMGP
[10:37:23] [321/445] CLLP
[10:37:35] 🔄 Retry 1/5 for CLLP in 2.3s
[10:37:35] 🔄 Identity reset
[10:37:38] 🧠 New identity created
[10:37:44] [322/445] RCMV
[10:37:46] [323/445] CCKS
[10:37:48] [324/445] RSRP
[10:37:48] 🔄 Identity reset
[10:37:48] 🔄 Identity rotated (every 10 requests)
[10:37:49] [325/445] APLP
[10:37:52] [326/445] CNVS
[10:37:52] [327/445] RMVY
[10:37:54] [328/445] PGBD
[10:37:56] [329/445] KLMS
[10:37:57] [330/445] RUST
[10:37:58] [331/445] MASM
[10:37:59] [332/445] BACS
[10:38:01] [333/445] BWST
[10:38:03] [334/445] RRFH
[10:38:03] 🔄 Identity reset
[10:38:03] 🔄 Identity rotated (every 10 requests)
[10:38:04] [335/445] SJTM
[10:38:06] [336/445] BEMR
[10:38:07] [337/445] MCGR
[10:38:09] [338/445] SDSK
[10:38:10] [339/445] VBOL
[10:38:12] [340/445] RMGM
[10:38:16] [341/445] NOPL
[10:38:17] [342/445] MKJK
[10:38:18] [343/445] CVRN
[10:38:19] [344/445] MMEN
[10:38:19] 🔄 Identity reset
[10:38:19] 🔄 Identity rotated (every 10 requests)
[10:38:21] [345/445] AMNG
[10:38:22] [346/445] INTM
[10:38:23] [347/445] SLCZ
[10:38:24] [348/445] AMJN
[10:38:26] [349/445] ACJN
[10:38:28] [350/445] AMKN
[10:38:28] [351/445] BTCN
[10:38:30] [352/445] AMBT
[10:38:32] [353/445] PACN
[10:38:33] [354/445] LCNS
[10:38:33] 🔄 Identity reset
[10:38:33] 🔄 Identity rotated (every 10 requests)
[10:38:35] [355/445] PPKC
[10:38:36] [356/445] JYYN
[10:38:37] [357/445] JTNR
[10:38:39] [358/445] GTEE
[10:38:42] [359/445] SRNM
[10:38:42] [360/445] SDTC
[10:38:43] [361/445] VPCA
[10:38:45] [362/445] VLRA
[10:38:46] [363/445] SHKR
[10:38:48] [364/445] SBKD
[10:38:48] 🔄 Identity reset
[10:38:48] 🔄 Identity rotated (every 10 requests)
[10:38:50] [365/445] SAAD
[10:38:51] [366/445] JTGN
[10:38:53] [367/445] SLAM
[10:38:54] [368/445] VTPM
[10:38:56] [369/445] ANPT
[10:38:57] [370/445] PUNB
[10:38:58] [371/445] CPKT
[10:39:00] [372/445] CNWE
[10:39:01] [373/445] ECPP
[10:39:03] [374/445] CPAR
[10:39:03] 🔄 Identity reset
[10:39:03] 🔄 Identity rotated (every 10 requests)
[10:39:04] [375/445] ESBW
[10:39:06] [376/445] PKPU
[10:39:07] [377/445] CPRP
[10:39:08] [378/445] RAHU
[10:39:09] [379/445] RHMN
[10:39:11] [380/445] FMJP
[10:39:12] [381/445] CTMP
[10:39:13] [382/445] INPN
[10:39:15] [383/445] STTG
[10:39:16] [384/445] CTRD
[10:39:16] 🔄 Identity reset
[10:39:16] 🔄 Identity rotated (every 10 requests)
[10:39:21] [385/445] PUVB
[10:39:22] [386/445] ESVP
[10:39:23] [387/445] CPFT
[10:39:24] [388/445] LCPC
[10:39:26] [389/445] VBCT
[10:39:27] [390/445] FSCW
[10:39:28] [391/445] VCMP
[10:39:30] [392/445] ASHC
[10:39:32] [393/445] VLCX
[10:39:33] [394/445] SHEV
[10:39:33] 🔄 Identity reset
[10:39:33] 🔄 Identity rotated (every 10 requests)
[10:39:33] [395/445] APCO
[10:39:35] [396/445] SILC
[10:39:36] [397/445] SNMR
[10:39:38] [398/445] KYBO
[10:39:39] [399/445] SATK
[10:39:39] [400/445] SSCS
[10:39:40] [401/445] CLSB
[10:39:42] [402/445] KMJR
[10:39:43] [403/445] FSCK
[10:39:44] [404/445] NNKA
[10:39:44] 🔄 Identity reset
[10:39:44] 🔄 Identity rotated (every 10 requests)
[10:39:46] [405/445] CLMK
[10:39:48] [406/445] DMPZ
[10:39:50] [407/445] INQM
[10:39:51] [408/445] CAML
[10:39:53] [409/445] INRK
[10:39:54] [410/445] IMKN
[10:39:56] [411/445] SVNR
[10:39:57] [412/445] INSL
[10:39:59] [413/445] MSMA
[10:40:00] [414/445] MCKK
[10:40:00] 🔄 Identity reset
[10:40:00] 🔄 Identity rotated (every 10 requests)
[10:40:01] [415/445] FCHP
[10:40:03] [416/445] SFCR
[10:40:04] [417/445] NACK
[10:40:06] [418/445] PVAK
[10:40:07] [419/445] INER
[10:40:09] [420/445] RDBK
[10:40:10] [421/445] SVFN
[10:40:11] [422/445] IFRM
[10:40:13] [423/445] ATCK
[10:40:14] [424/445] ASKO
[10:40:14] 🔄 Identity reset
[10:40:14] 🔄 Identity rotated (every 10 requests)
[10:40:15] [425/445] STKT
[10:40:17] [426/445] SVFB
[10:40:18] [427/445] INKS
[10:40:19] [428/445] PCRA
[10:40:21] [429/445] ATJA
[10:40:22] [430/445] IMJN
[10:40:24] [431/445] INHD
[10:40:25] [432/445] BARA
[10:40:27] [433/445] MCSL
[10:40:28] [434/445] RTOY
[10:40:28] 🔄 Identity reset
[10:40:28] 🔄 Identity rotated (every 10 requests)
[10:40:29] [435/445] MENO
[10:40:30] [436/445] PUDM
[10:40:31] [437/445] PRCN
[10:40:33] [438/445] JMJR
[10:40:34] [439/445] SSGK
[10:40:35] [440/445] SSRL
[10:40:37] [441/445] JYKL
[10:40:39] [442/445] ACNB
[10:40:40] [443/445] SONP
[10:40:41] [444/445] EMCI
[10:40:41] 🔄 Identity reset
[10:40:41] 🔄 Identity rotated (every 10 requests)
[10:40:42] [445/445] MRJH
[10:40:44] 🧹 Deduping shows
[10:40:44] ✅ DONE | Shows=3139 | Movies=73
[17:05:41] 🚀 SCRIPT STARTED
[17:05:41] [1/445] TGMR
[17:05:41] 🧠 New identity created
[17:05:43] [2/445] CXKR
[17:05:44] [3/445] SROP
[17:05:44] [4/445] GTSV
[17:05:46] [5/445] SNTY
[17:05:47] [6/445] SMYY
[17:05:48] [7/445] CNCS
[17:05:50] [8/445] CSTM
[17:05:50] [9/445] NUCD
[17:05:51] [10/445] SHCZ
[17:05:51] 🔄 Identity reset
[17:05:51] 🔄 Identity rotated (every 10 requests)
[17:05:53] [11/445] NJCT
[17:05:54] [12/445] COPC
[17:05:55] [13/445] STVV
[17:05:56] [14/445] SKRN
[17:05:57] [15/445] APPZ
[17:05:58] [16/445] YMGN
[17:05:59] [17/445] SVTU
[17:06:00] [18/445] GTAD
[17:06:01] [19/445] PSUS
[17:06:01] [20/445] SMCD
[17:06:01] 🔄 Identity reset
[17:06:02] 🔄 Identity rotated (every 10 requests)
[17:06:03] [21/445] CMCM
[17:06:04] [22/445] SYCT
[17:06:05] [23/445] STLY
[17:06:06] [24/445] CMHU
[17:06:07] [25/445] CMSA
[17:06:08] [26/445] CLCU
[17:06:09] [27/445] PPNT
[17:06:10] [28/445] JTAB
[17:06:11] [29/445] BUUC
[17:06:11] [30/445] BSVK
[17:06:11] 🔄 Identity reset
[17:06:11] 🔄 Identity rotated (every 10 requests)
[17:06:13] [31/445] VVVQ
[17:06:14] [32/445] TKMU
[17:06:15] [33/445] ESYL
[17:06:16] [34/445] ACHP
[17:06:17] [35/445] BTKD
[17:06:18] [36/445] DESA
[17:06:19] [37/445] GBCT
[17:06:20] [38/445] BLLD
[17:06:21] [39/445] SKNT
[17:06:22] [40/445] SSTE
[17:06:22] 🔄 Identity reset
[17:06:22] 🔄 Identity rotated (every 10 requests)
[17:06:23] [41/445] VJMR
[17:06:24] [42/445] NTPU
[17:06:25] [43/445] RDKN
[17:06:26] [44/445] ADGC
[17:06:27] [45/445] VRBP
[17:06:27] [46/445] NMNA
[17:06:28] [47/445] CMMX
[17:06:30] [48/445] PTKO
[17:06:30] [49/445] RBML
[17:06:31] [50/445] SAIC
[17:06:31] 🔄 Identity reset
[17:06:31] 🔄 Identity rotated (every 10 requests)
[17:06:32] [51/445] SVTJ
[17:06:33] [52/445] MRTE
[17:06:34] [53/445] RBTP
[17:06:35] [54/445] NLPS
[17:06:36] [55/445] GTNA
[17:06:37] [56/445] DGGC
[17:06:39] [57/445] SMCR
[17:06:40] [58/445] SCGD
[17:06:41] [59/445] SRRJ
[17:06:42] [60/445] CNRY
[17:06:42] 🔄 Identity reset
[17:06:42] 🔄 Identity rotated (every 10 requests)
[17:06:43] [61/445] KTDI
[17:06:44] [62/445] SNJL
[17:06:45] [63/445] RKMD
[17:06:46] [64/445] SMDC
[17:06:47] [65/445] TADG
[17:06:48] [66/445] MCGS
[17:06:49] [67/445] PETK
[17:06:50] [68/445] CHAG
[17:06:51] [69/445] KSTL
[17:06:52] [70/445] AADS
[17:06:52] 🔄 Identity reset
[17:06:52] 🔄 Identity rotated (every 10 requests)
[17:06:53] [71/445] NTHZ
[17:06:54] [72/445] HCKI
[17:06:55] [73/445] SSEF
[17:06:56] [74/445] MCGX
[17:06:57] [75/445] ERRA
[17:06:58] [76/445] SDTW
[17:06:58] [77/445] RMPK
[17:06:59] [78/445] PTHK
[17:07:00] [79/445] PXCS
[17:07:01] [80/445] SVLU
[17:07:01] 🔄 Identity reset
[17:07:01] 🔄 Identity rotated (every 10 requests)
[17:07:02] [81/445] STAH
[17:07:03] [82/445] JRGF
[17:07:04] [83/445] CDOK
[17:07:06] [84/445] CMSG
[17:07:07] [85/445] APTD
[17:07:07] [86/445] KMPG
[17:07:08] [87/445] MUTJ
[17:07:09] [88/445] VCCI
[17:07:10] [89/445] URBE
[17:07:11] [90/445] TCTS
[17:07:11] 🔄 Identity reset
[17:07:11] 🔄 Identity rotated (every 10 requests)
[17:07:13] [91/445] STSN
[17:07:13] [92/445] AKCH
[17:07:15] [93/445] APSC
[17:07:16] [94/445] VLTB
[17:07:17] [95/445] SANU
[17:07:18] [96/445] AXAM
[17:07:19] [97/445] MGMG
[17:07:20] [98/445] HTBY
[17:07:21] [99/445] MMZS
[17:07:22] [100/445] SUDR
[17:07:22] 🔄 Identity reset
[17:07:22] 🔄 Identity rotated (every 10 requests)
[17:07:23] [101/445] CCAD
[17:07:24] [102/445] SKKC
[17:07:25] [103/445] RMCD
[17:07:26] [104/445] SBCQ
[17:07:27] [105/445] DCCT
[17:07:28] [106/445] VTKP
[17:07:30] [107/445] MLAM
[17:07:31] [108/445] SAVT
[17:07:32] [109/445] GEPL
[17:07:33] [110/445] AMCD
[17:07:33] 🔄 Identity reset
[17:07:33] 🔄 Identity rotated (every 10 requests)
[17:07:33] [111/445] CCXR
[17:07:34] [112/445] GRNG
[17:07:35] [113/445] EBCA
[17:07:36] [114/445] CNVG
[17:07:37] [115/445] MWSS
[17:07:38] [116/445] VBOR
[17:07:39] [117/445] NEEB
[17:07:41] [118/445] SUTH
[17:07:42] [119/445] ANDB
[17:07:43] [120/445] MMXS
[17:07:43] 🔄 Identity reset
[17:07:43] 🔄 Identity rotated (every 10 requests)
[17:07:43] 🔄 Retry 1/5 for MMXS in 2.2s
[17:07:43] 🔄 Identity reset
[17:07:45] 🧠 New identity created
[17:07:46] [121/445] CNPD
[17:07:47] [122/445] SDCE
[17:07:47] [123/445] DHCB
[17:07:48] [124/445] ODEN
[17:07:49] [125/445] TNTC
[17:07:50] [126/445] VBKM
[17:07:51] [127/445] RZYM
[17:07:52] [128/445] JEMC
[17:07:53] [129/445] CMAU
[17:07:53] 🔄 Identity reset
[17:07:54] 🔄 Identity rotated (every 10 requests)
[17:07:55] [130/445] SIVP
[17:07:55] [131/445] ATAG
[17:07:56] [132/445] CHTM
[17:07:57] [133/445] AAEE
[17:07:58] [134/445] IWPM
[17:07:59] [135/445] KCMW
[17:08:00] [136/445] MCTD
[17:08:01] [137/445] SPWR
[17:08:02] [138/445] SDPO
[17:08:03] [139/445] PCSK
[17:08:03] 🔄 Identity reset
[17:08:03] 🔄 Identity rotated (every 10 requests)
[17:08:04] [140/445] ACHV
[17:08:05] [141/445] SVLA
[17:08:06] [142/445] PICT
[17:08:07] [143/445] BXDR
[17:08:08] [144/445] SPWA
[17:08:09] [145/445] MCKO
[17:08:10] [146/445] RTHK
[17:08:11] [147/445] CCMF
[17:08:12] [148/445] MRGB
[17:08:12] [149/445] CPLC
[17:08:12] 🔄 Identity reset
[17:08:12] 🔄 Identity rotated (every 10 requests)
[17:08:13] [150/445] RACD
[17:08:14] [151/445] ATKT
[17:08:15] [152/445] SARN
[17:08:16] [153/445] KKUI
[17:08:17] [154/445] RGCM
[17:08:19] [155/445] BRVP
[17:08:19] [156/445] HRSR
[17:08:20] [157/445] GKGM
[17:08:21] [158/445] TTCD
[17:08:22] [159/445] PTTI
[17:08:22] 🔄 Identity reset
[17:08:22] 🔄 Identity rotated (every 10 requests)
[17:08:23] [160/445] MPTT
[17:08:24] [161/445] CVTT
[17:08:25] [162/445] PCXD
[17:08:26] [163/445] GCDC
[17:08:27] [164/445] CCCF
[17:08:28] [165/445] MRAD
[17:08:29] [166/445] CPLK
[17:08:31] [167/445] SATB
[17:08:32] [168/445] SNVG
[17:08:34] [169/445] JMBA
[17:08:34] 🔄 Identity reset
[17:08:34] 🔄 Identity rotated (every 10 requests)
[17:08:35] [170/445] TEJA
[17:08:35] [171/445] STYO
[17:08:36] [172/445] JTBP
[17:08:38] [173/445] KRGD
[17:08:38] [174/445] SLJJ
[17:08:40] [175/445] SPTJ
[17:08:41] [176/445] SWJG
[17:08:42] [177/445] LKRT
[17:08:43] [178/445] KCKA
[17:08:44] [179/445] SNCR
[17:08:44] 🔄 Identity reset
[17:08:44] 🔄 Identity rotated (every 10 requests)
[17:08:45] [180/445] SMKL
[17:08:46] [181/445] GCFA
[17:08:46] [182/445] DDCK
[17:08:47] [183/445] NCHJ
[17:08:48] [184/445] RDMA
[17:08:49] [185/445] SVSV
[17:08:50] [186/445] SCJG
[17:08:51] [187/445] VKLP
[17:08:52] [188/445] NWCC
[17:08:53] [189/445] VKNS
[17:08:53] 🔄 Identity reset
[17:08:53] 🔄 Identity rotated (every 10 requests)
[17:08:54] [190/445] SDDP
[17:08:55] [191/445] ACSI
[17:08:56] [192/445] SATG
[17:08:57] [193/445] SCMW
[17:08:59] [194/445] LKTK
[17:09:00] [195/445] VCKV
[17:09:01] [196/445] KKPE
[17:09:02] [197/445] KIGH
[17:09:03] [198/445] SRPM
[17:09:04] [199/445] SCAH
[17:09:04] 🔄 Identity reset
[17:09:04] 🔄 Identity rotated (every 10 requests)
[17:09:05] [200/445] MUTA
[17:09:06] [201/445] SEPU
[17:09:07] [202/445] INOA
[17:09:08] [203/445] BASK
[17:09:09] [204/445] NECB
[17:09:10] [205/445] GTTG
[17:09:11] [206/445] ASSA
[17:09:12] [207/445] ANCL
[17:09:13] [208/445] GCTI
[17:09:14] [209/445] RCTS
[17:09:14] 🔄 Identity reset
[17:09:14] 🔄 Identity rotated (every 10 requests)
[17:09:15] [210/445] ACNL
[17:09:16] [211/445] MYCT
[17:09:17] [212/445] NMHT
[17:09:18] [213/445] MDIT
[17:09:18] [214/445] LATG
[17:09:19] [215/445] SMTY
[17:09:20] [216/445] CVCT
[17:09:21] [217/445] RAMB
[17:09:22] [218/445] TGMS
[17:09:23] [219/445] BHEL
[17:09:23] 🔄 Identity reset
[17:09:23] 🔄 Identity rotated (every 10 requests)
[17:09:24] [220/445] SHCT
[17:09:25] [221/445] SVCT
[17:09:26] [222/445] MRIY
[17:09:27] [223/445] SARO
[17:09:28] [224/445] STCT
[17:09:29] [225/445] JKKC
[17:09:30] [226/445] PLTT
[17:09:31] [227/445] SRNT
[17:09:32] [228/445] YAST
[17:09:33] [229/445] PERL
[17:09:33] 🔄 Identity reset
[17:09:33] 🔄 Identity rotated (every 10 requests)
[17:09:34] [230/445] CICM
[17:09:35] [231/445] MMTR
[17:09:36] [232/445] ABTK
[17:09:37] [233/445] ATYY
[17:09:38] [234/445] ASTK
[17:09:39] [235/445] VVCK
[17:09:39] [236/445] ATKY
[17:09:40] [237/445] GWEK
[17:09:41] [238/445] SVFH
[17:09:42] [239/445] SLTA
[17:09:42] 🔄 Identity reset
[17:09:42] 🔄 Identity rotated (every 10 requests)
[17:09:43] [240/445] AASH
[17:09:44] [241/445] ACXB
[17:09:45] [242/445] SMTX
[17:09:46] [243/445] AZDH
[17:09:47] [244/445] CMMH
[17:09:48] [245/445] SCSZ
[17:09:49] [246/445] SCKP
[17:09:50] [247/445] NXTM
[17:09:50] [248/445] NWCS
[17:09:51] [249/445] CXMH
[17:09:51] 🔄 Identity reset
[17:09:51] 🔄 Identity rotated (every 10 requests)
[17:09:52] [250/445] PCMA
[17:09:54] [251/445] SGCM
[17:09:55] [252/445] SDTU
[17:09:56] [253/445] MMVI
[17:09:57] [254/445] JKCM
[17:09:58] [255/445] VCMM
[17:09:59] [256/445] SYEE
[17:10:00] [257/445] VASD
[17:10:00] [258/445] BDRB
[17:10:01] [259/445] LASM
[17:10:01] 🔄 Identity reset
[17:10:01] 🔄 Identity rotated (every 10 requests)
[17:10:02] 🔄 Retry 1/5 for LASM in 2.9s
[17:10:02] 🔄 Identity reset
[17:10:04] 🧠 New identity created
[17:10:05] [260/445] DCRL
[17:10:06] [261/445] DVPM
[17:10:07] [262/445] SBMJ
[17:10:08] [263/445] CBMU
[17:10:09] [264/445] IUBS
[17:10:09] [265/445] INAP
[17:10:10] [266/445] SRRC
[17:10:12] [267/445] SAGR
[17:10:13] [268/445] CPMJ
[17:10:13] 🔄 Identity reset
[17:10:13] 🔄 Identity rotated (every 10 requests)
[17:10:14] [269/445] ATJL
[17:10:15] [270/445] NNTD
[17:10:16] [271/445] JHCJ
[17:10:16] [272/445] CMMP
[17:10:17] [273/445] RSDR
[17:10:18] [274/445] AMTI
[17:10:19] [275/445] NYSG
[17:10:20] [276/445] AVSG
[17:10:21] [277/445] SYTP
[17:10:22] [278/445] LARC
[17:10:22] 🔄 Identity reset
[17:10:22] 🔄 Identity rotated (every 10 requests)
[17:10:22] [279/445] RJTP
[17:10:24] [280/445] LAKC
[17:10:24] [281/445] MCXE
[17:10:25] [282/445] CCZC
[17:10:26] [283/445] AVCH
[17:10:27] [284/445] CMBE
[17:10:28] [285/445] MRRC
[17:10:29] [286/445] PCPY
[17:10:30] [287/445] SRMH
[17:10:31] [288/445] SVGS
[17:10:31] 🔄 Identity reset
[17:10:31] 🔄 Identity rotated (every 10 requests)
[17:10:32] [289/445] PCSE
[17:10:33] [290/445] SVFT
[17:10:33] [291/445] TNZP
[17:10:34] [292/445] ICTP
[17:10:35] [293/445] ACTZ
[17:10:36] [294/445] GTUR
[17:10:37] [295/445] MAFC
[17:10:38] [296/445] MINL
[17:10:39] [297/445] MRCL
[17:10:39] [298/445] RCRP
[17:10:39] 🔄 Identity reset
[17:10:39] 🔄 Identity rotated (every 10 requests)
[17:10:40] [299/445] RFFG
[17:10:41] [300/445] RMAS
[17:10:42] [301/445] INVR
[17:10:43] [302/445] RMAR
[17:10:44] [303/445] CNIS
[17:10:45] [304/445] RHRJ
[17:10:46] [305/445] INXR
[17:10:46] [306/445] VALT
[17:10:47] [307/445] LCSH
[17:10:48] [308/445] CMVS
[17:10:48] 🔄 Identity reset
[17:10:48] 🔄 Identity rotated (every 10 requests)
[17:10:50] [309/445] CNMS
[17:10:50] [310/445] ROOG
[17:10:51] [311/445] ISRM
[17:10:52] [312/445] RCRM
[17:10:53] [313/445] ACJA
[17:10:54] [314/445] RCVS
[17:10:55] [315/445] CPUS
[17:10:56] [316/445] TGCS
[17:10:57] [317/445] RKCJ
[17:10:58] [318/445] MKSB
[17:10:58] 🔄 Identity reset
[17:10:58] 🔄 Identity rotated (every 10 requests)
[17:10:59] [319/445] TCSJ
[17:11:00] [320/445] RMGP
[17:11:01] [321/445] CLLP
[17:11:02] [322/445] RCMV
[17:11:02] [323/445] CCKS
[17:11:03] [324/445] RSRP
[17:11:04] [325/445] APLP
[17:11:06] [326/445] CNVS
[17:11:07] [327/445] RMVY
[17:11:08] [328/445] PGBD
[17:11:08] 🔄 Identity reset
[17:11:08] 🔄 Identity rotated (every 10 requests)
[17:11:09] [329/445] KLMS
[17:11:10] [330/445] RUST
[17:11:11] [331/445] MASM
[17:11:12] [332/445] BACS
[17:11:13] [333/445] BWST
[17:11:13] [334/445] RRFH
[17:11:14] [335/445] SJTM
[17:11:15] [336/445] BEMR
[17:11:16] [337/445] MCGR
[17:11:17] [338/445] SDSK
[17:11:17] 🔄 Identity reset
[17:11:17] 🔄 Identity rotated (every 10 requests)
[17:11:18] [339/445] VBOL
[17:11:19] [340/445] RMGM
[17:11:20] [341/445] NOPL
[17:11:21] [342/445] MKJK
[17:11:22] [343/445] CVRN
[17:11:23] [344/445] MMEN
[17:11:24] [345/445] AMNG
[17:11:25] [346/445] INTM
[17:11:26] [347/445] SLCZ
[17:11:27] [348/445] AMJN
[17:11:27] 🔄 Identity reset
[17:11:27] 🔄 Identity rotated (every 10 requests)
[17:11:27] 🔄 Retry 1/5 for AMJN in 2.3s
[17:11:27] 🔄 Identity reset
[17:11:29] 🧠 New identity created
[17:11:30] [349/445] ACJN
[17:11:31] [350/445] AMKN
[17:11:32] [351/445] BTCN
[17:11:33] [352/445] AMBT
[17:11:35] [353/445] PACN
[17:11:36] [354/445] LCNS
[17:11:36] [355/445] PPKC
[17:11:37] [356/445] JYYN
[17:11:38] [357/445] JTNR
[17:11:38] 🔄 Identity reset
[17:11:38] 🔄 Identity rotated (every 10 requests)
[17:11:39] [358/445] GTEE
[17:11:40] [359/445] SRNM
[17:11:40] [360/445] SDTC
[17:11:41] [361/445] VPCA
[17:11:42] [362/445] VLRA
[17:11:43] [363/445] SHKR
[17:11:44] [364/445] SBKD
[17:11:44] [365/445] SAAD
[17:11:45] [366/445] JTGN
[17:11:47] [367/445] SLAM
[17:11:47] 🔄 Identity reset
[17:11:47] 🔄 Identity rotated (every 10 requests)
[17:11:48] [368/445] VTPM
[17:11:49] [369/445] ANPT
[17:11:50] [370/445] PUNB
[17:11:51] [371/445] CPKT
[17:11:52] [372/445] CNWE
[17:11:53] [373/445] ECPP
[17:11:54] [374/445] CPAR
[17:11:56] [375/445] ESBW
[17:11:57] [376/445] PKPU
[17:11:58] [377/445] CPRP
[17:11:58] 🔄 Identity reset
[17:11:58] 🔄 Identity rotated (every 10 requests)
[17:11:59] [378/445] RAHU
[17:12:00] [379/445] RHMN
[17:12:01] [380/445] FMJP
[17:12:02] [381/445] CTMP
[17:12:03] [382/445] INPN
[17:12:04] [383/445] STTG
[17:12:05] [384/445] CTRD
[17:12:07] [385/445] PUVB
[17:12:08] [386/445] ESVP
[17:12:09] [387/445] CPFT
[17:12:09] 🔄 Identity reset
[17:12:09] 🔄 Identity rotated (every 10 requests)
[17:12:10] [388/445] LCPC
[17:12:11] [389/445] VBCT
[17:12:11] [390/445] FSCW
[17:12:12] [391/445] VCMP
[17:12:13] [392/445] ASHC
[17:12:14] [393/445] VLCX
[17:12:15] [394/445] SHEV
[17:12:16] [395/445] APCO
[17:12:17] [396/445] SILC
[17:12:18] [397/445] SNMR
[17:12:18] 🔄 Identity reset
[17:12:18] 🔄 Identity rotated (every 10 requests)
[17:12:19] [398/445] KYBO
[17:12:20] [399/445] SATK
[17:12:21] [400/445] SSCS
[17:12:22] [401/445] CLSB
[17:12:23] [402/445] KMJR
[17:12:25] [403/445] FSCK
[17:12:25] [404/445] NNKA
[17:12:27] [405/445] CLMK
[17:12:28] [406/445] DMPZ
[17:12:29] [407/445] INQM
[17:12:29] 🔄 Identity reset
[17:12:29] 🔄 Identity rotated (every 10 requests)
[17:12:30] [408/445] CAML
[17:12:31] [409/445] INRK
[17:12:32] [410/445] IMKN
[17:12:33] [411/445] SVNR
[17:12:33] [412/445] INSL
[17:12:34] [413/445] MSMA
[17:12:35] [414/445] MCKK
[17:12:36] [415/445] FCHP
[17:12:37] [416/445] SFCR
[17:12:38] [417/445] NACK
[17:12:38] 🔄 Identity reset
[17:12:38] 🔄 Identity rotated (every 10 requests)
[17:12:39] [418/445] PVAK
[17:12:40] [419/445] INER
[17:12:41] [420/445] RDBK
[17:12:41] [421/445] SVFN
[17:12:42] [422/445] IFRM
[17:12:43] [423/445] ATCK
[17:12:45] [424/445] ASKO
[17:12:46] [425/445] STKT
[17:12:47] [426/445] SVFB
[17:12:47] [427/445] INKS
[17:12:47] 🔄 Identity reset
[17:12:47] 🔄 Identity rotated (every 10 requests)
[17:12:48] [428/445] PCRA
[17:12:49] [429/445] ATJA
[17:12:50] [430/445] IMJN
[17:12:51] [431/445] INHD
[17:12:53] [432/445] BARA
[17:12:54] [433/445] MCSL
[17:12:55] [434/445] RTOY
[17:12:55] [435/445] MENO
[17:12:56] [436/445] PUDM
[17:12:57] [437/445] PRCN
[17:12:57] 🔄 Identity reset
[17:12:57] 🔄 Identity rotated (every 10 requests)
[17:12:59] [438/445] JMJR
[17:13:00] [439/445] SSGK
[17:13:01] [440/445] SSRL
[17:13:02] [441/445] JYKL
[17:13:02] [442/445] ACNB
[17:13:04] [443/445] SONP
[17:13:04] [444/445] EMCI
[17:13:05] [445/445] MRJH
[17:13:06] 🧹 Deduping shows
[17:13:06] ✅ DONE | Shows=3481 | Movies=76
[21:21:44] 🚀 SCRIPT STARTED
[21:21:44] [1/445] TGMR
[21:21:44] 🧠 New identity created
[21:21:45] [2/445] CXKR
[21:21:46] [3/445] SROP
[21:21:47] [4/445] GTSV
[21:21:48] [5/445] SNTY
[21:21:49] [6/445] SMYY
[21:21:50] [7/445] CNCS
[21:21:51] [8/445] CSTM
[21:21:52] [9/445] NUCD
[21:21:53] [10/445] SHCZ
[21:21:53] 🔄 Identity reset
[21:21:53] 🔄 Identity rotated (every 10 requests)
[21:21:53] 🔄 Retry 1/5 for SHCZ in 2.6s
[21:21:53] 🔄 Identity reset
[21:21:56] 🧠 New identity created
[21:21:57] [11/445] NJCT
[21:21:58] [12/445] COPC
[21:21:59] [13/445] STVV
[21:22:00] [14/445] SKRN
[21:22:00] [15/445] APPZ
[21:22:01] [16/445] YMGN
[21:22:03] [17/445] SVTU
[21:22:03] [18/445] GTAD
[21:22:05] [19/445] PSUS
[21:22:05] 🔄 Identity reset
[21:22:05] 🔄 Identity rotated (every 10 requests)
[21:22:05] 🔄 Retry 1/5 for PSUS in 2.0s
[21:22:05] 🔄 Identity reset
[21:22:07] 🧠 New identity created
[21:22:08] [20/445] SMCD
[21:22:09] [21/445] CMCM
[21:22:10] [22/445] SYCT
[21:22:11] [23/445] STLY
[21:22:12] [24/445] CMHU
[21:22:12] [25/445] CMSA
[21:22:13] [26/445] CLCU
[21:22:14] [27/445] PPNT
[21:22:16] [28/445] JTAB
[21:22:16] 🔄 Identity reset
[21:22:16] 🔄 Identity rotated (every 10 requests)
[21:22:16] 🔄 Retry 1/5 for JTAB in 2.8s
[21:22:16] 🔄 Identity reset
[21:22:19] 🧠 New identity created
[21:22:19] 🔄 Retry 2/5 for JTAB in 4.6s
[21:22:19] 🔄 Identity reset
[21:22:24] 🧠 New identity created
[21:22:25] [29/445] BUUC
[21:22:26] [30/445] BSVK
[21:22:26] [31/445] VVVQ
[21:22:27] [32/445] TKMU
[21:22:28] [33/445] ESYL
[21:22:29] [34/445] ACHP
[21:22:31] [35/445] BTKD
[21:22:32] [36/445] DESA
[21:22:32] 🔄 Identity reset
[21:22:32] 🔄 Identity rotated (every 10 requests)
[21:22:33] [37/445] GBCT
[21:22:34] [38/445] BLLD
[21:22:35] [39/445] SKNT
[21:22:36] [40/445] SSTE
[21:22:38] [41/445] VJMR
[21:22:39] [42/445] NTPU
[21:22:40] [43/445] RDKN
[21:22:40] [44/445] ADGC
[21:22:41] [45/445] VRBP
[21:22:42] [46/445] NMNA
[21:22:42] 🔄 Identity reset
[21:22:42] 🔄 Identity rotated (every 10 requests)
[21:22:42] 🔄 Retry 1/5 for NMNA in 2.9s
[21:22:42] 🔄 Identity reset
[21:22:45] 🧠 New identity created
[21:22:46] [47/445] CMMX
[21:22:48] [48/445] PTKO
[21:22:49] [49/445] RBML
[21:22:50] [50/445] SAIC
[21:22:51] [51/445] SVTJ
[21:22:52] [52/445] MRTE
[21:22:53] [53/445] RBTP
[21:22:54] [54/445] NLPS
[21:22:55] [55/445] GTNA
[21:22:55] 🔄 Identity reset
[21:22:55] 🔄 Identity rotated (every 10 requests)
[21:22:56] [56/445] DGGC
[21:22:57] [57/445] SMCR
[21:22:58] [58/445] SCGD
[21:22:59] [59/445] SRRJ
[21:22:59] [60/445] CNRY
[21:23:00] [61/445] KTDI
[21:23:01] [62/445] SNJL
[21:23:02] [63/445] RKMD
[21:23:04] [64/445] SMDC
[21:23:05] [65/445] TADG
[21:23:05] 🔄 Identity reset
[21:23:05] 🔄 Identity rotated (every 10 requests)
[21:23:05] 🔄 Retry 1/5 for TADG in 2.5s
[21:23:05] 🔄 Identity reset
[21:23:08] 🧠 New identity created
[21:23:08] 🔄 Retry 2/5 for TADG in 4.7s
[21:23:08] 🔄 Identity reset
[21:23:13] 🧠 New identity created
[21:23:14] [66/445] MCGS
[21:23:15] [67/445] PETK
[21:23:16] [68/445] CHAG
[21:23:16] [69/445] KSTL
[21:23:17] [70/445] AADS
[21:23:18] [71/445] NTHZ
[21:23:19] [72/445] HCKI
[21:23:21] [73/445] SSEF
[21:23:21] 🔄 Identity reset
[21:23:21] 🔄 Identity rotated (every 10 requests)
[21:23:22] [74/445] MCGX
[21:23:23] [75/445] ERRA
[21:23:24] [76/445] SDTW
[21:23:25] [77/445] RMPK
[21:23:26] [78/445] PTHK
[21:23:27] [79/445] PXCS
[21:23:27] [80/445] SVLU
[21:23:28] [81/445] STAH
[21:23:29] [82/445] JRGF
[21:23:30] [83/445] CDOK
[21:23:30] 🔄 Identity reset
[21:23:30] 🔄 Identity rotated (every 10 requests)
[21:23:31] [84/445] CMSG
[21:23:32] [85/445] APTD
[21:23:33] [86/445] KMPG
[21:23:35] [87/445] MUTJ
[21:23:35] [88/445] VCCI
[21:23:36] [89/445] URBE
[21:23:37] [90/445] TCTS
[21:23:38] [91/445] STSN
[21:23:39] [92/445] AKCH
[21:23:40] [93/445] APSC
[21:23:40] 🔄 Identity reset
[21:23:40] 🔄 Identity rotated (every 10 requests)
[21:23:41] [94/445] VLTB
[21:23:42] [95/445] SANU
[21:23:43] [96/445] AXAM
[21:23:44] [97/445] MGMG
[21:23:45] [98/445] HTBY
[21:23:46] [99/445] MMZS
[21:23:47] [100/445] SUDR
[21:23:48] [101/445] CCAD
[21:23:49] [102/445] SKKC
[21:23:50] [103/445] RMCD
[21:23:50] 🔄 Identity reset
[21:23:50] 🔄 Identity rotated (every 10 requests)
[21:23:51] [104/445] SBCQ
[21:23:51] [105/445] DCCT
[21:23:52] [106/445] VTKP
[21:23:53] [107/445] MLAM
[21:23:54] [108/445] SAVT
[21:23:55] [109/445] GEPL
[21:23:56] [110/445] AMCD
[21:23:57] [111/445] CCXR
[21:23:58] [112/445] GRNG
[21:23:59] [113/445] EBCA
[21:23:59] 🔄 Identity reset
[21:23:59] 🔄 Identity rotated (every 10 requests)
[21:24:00] [114/445] CNVG
[21:24:01] [115/445] MWSS
[21:24:02] [116/445] VBOR
[21:24:03] [117/445] NEEB
[21:24:04] [118/445] SUTH
[21:24:04] [119/445] ANDB
[21:24:05] [120/445] MMXS
[21:24:06] [121/445] CNPD
[21:24:07] [122/445] SDCE
[21:24:08] [123/445] DHCB
[21:24:08] 🔄 Identity reset
[21:24:08] 🔄 Identity rotated (every 10 requests)
[21:24:09] [124/445] ODEN
[21:24:10] [125/445] TNTC
[21:24:12] [126/445] VBKM
[21:24:13] [127/445] RZYM
[21:24:14] [128/445] JEMC
[21:24:14] [129/445] CMAU
[21:24:16] [130/445] SIVP
[21:24:17] [131/445] ATAG
[21:24:18] [132/445] CHTM
[21:24:19] [133/445] AAEE
[21:24:19] 🔄 Identity reset
[21:24:19] 🔄 Identity rotated (every 10 requests)
[21:24:20] [134/445] IWPM
[21:24:21] [135/445] KCMW
[21:24:22] [136/445] MCTD
[21:24:23] [137/445] SPWR
[21:24:24] [138/445] SDPO
[21:24:25] [139/445] PCSK
[21:24:25] [140/445] ACHV
[21:24:26] [141/445] SVLA
[21:24:27] [142/445] PICT
[21:24:28] [143/445] BXDR
[21:24:28] 🔄 Identity reset
[21:24:28] 🔄 Identity rotated (every 10 requests)
[21:24:29] [144/445] SPWA
[21:24:30] [145/445] MCKO
[21:24:31] [146/445] RTHK
[21:24:32] [147/445] CCMF
[21:24:33] [148/445] MRGB
[21:24:34] [149/445] CPLC
[21:24:35] [150/445] RACD
[21:24:36] [151/445] ATKT
[21:24:37] [152/445] SARN
[21:24:37] [153/445] KKUI
[21:24:37] 🔄 Identity reset
[21:24:38] 🔄 Identity rotated (every 10 requests)
[21:24:38] 🔄 Retry 1/5 for KKUI in 2.0s
[21:24:38] 🔄 Identity reset
[21:24:40] 🧠 New identity created
[21:24:41] [154/445] RGCM
[21:24:42] [155/445] BRVP
[21:24:43] [156/445] HRSR
[21:24:44] [157/445] GKGM
[21:24:45] [158/445] TTCD
[21:24:46] [159/445] PTTI
[21:24:48] [160/445] MPTT
[21:24:49] [161/445] CVTT
[21:24:50] [162/445] PCXD
[21:24:50] 🔄 Identity reset
[21:24:50] 🔄 Identity rotated (every 10 requests)
[21:24:50] 🔄 Retry 1/5 for PCXD in 2.2s
[21:24:50] 🔄 Identity reset
[21:24:52] 🧠 New identity created
[21:24:53] [163/445] GCDC
[21:24:54] [164/445] CCCF
[21:24:55] [165/445] MRAD
[21:24:56] [166/445] CPLK
[21:24:57] [167/445] SATB
[21:24:58] [168/445] SNVG
[21:24:59] [169/445] JMBA
[21:25:00] [170/445] TEJA
[21:25:01] [171/445] STYO
[21:25:01] 🔄 Identity reset
[21:25:01] 🔄 Identity rotated (every 10 requests)
[21:25:02] [172/445] JTBP
[21:25:03] [173/445] KRGD
[21:25:04] [174/445] SLJJ
[21:25:06] [175/445] SPTJ
[21:25:07] [176/445] SWJG
[21:25:08] [177/445] LKRT
[21:25:09] [178/445] KCKA
[21:25:10] [179/445] SNCR
[21:25:11] [180/445] SMKL
[21:25:12] [181/445] GCFA
[21:25:12] 🔄 Identity reset
[21:25:12] 🔄 Identity rotated (every 10 requests)
[21:25:13] [182/445] DDCK
[21:25:14] [183/445] NCHJ
[21:25:15] [184/445] RDMA
[21:25:16] [185/445] SVSV
[21:25:17] [186/445] SCJG
[21:25:18] [187/445] VKLP
[21:25:19] [188/445] NWCC
[21:25:21] [189/445] VKNS
[21:25:22] [190/445] SDDP
[21:25:23] [191/445] ACSI
[21:25:23] 🔄 Identity reset
[21:25:23] 🔄 Identity rotated (every 10 requests)
[21:25:23] [192/445] SATG
[21:25:24] [193/445] SCMW
[21:25:25] [194/445] LKTK
[21:25:26] [195/445] VCKV
[21:25:27] [196/445] KKPE
[21:25:28] [197/445] KIGH
[21:25:28] [198/445] SRPM
[21:25:29] [199/445] SCAH
[21:25:30] [200/445] MUTA
[21:25:32] [201/445] SEPU
[21:25:32] 🔄 Identity reset
[21:25:32] 🔄 Identity rotated (every 10 requests)
[21:25:33] [202/445] INOA
[21:25:34] [203/445] BASK
[21:25:35] [204/445] NECB
[21:25:37] [205/445] GTTG
[21:25:38] [206/445] ASSA
[21:25:39] [207/445] ANCL
[21:25:40] [208/445] GCTI
[21:25:41] [209/445] RCTS
[21:25:42] [210/445] ACNL
[21:25:43] [211/445] MYCT
[21:25:43] 🔄 Identity reset
[21:25:43] 🔄 Identity rotated (every 10 requests)
[21:25:45] [212/445] NMHT
[21:25:45] [213/445] MDIT
[21:25:46] [214/445] LATG
[21:25:47] [215/445] SMTY
[21:25:48] [216/445] CVCT
[21:25:49] [217/445] RAMB
[21:25:50] [218/445] TGMS
[21:25:51] [219/445] BHEL
[21:25:52] [220/445] SHCT
[21:25:53] [221/445] SVCT
[21:25:53] 🔄 Identity reset
[21:25:53] 🔄 Identity rotated (every 10 requests)
[21:25:55] [222/445] MRIY
[21:25:55] [223/445] SARO
[21:25:56] [224/445] STCT
[21:25:57] [225/445] JKKC
[21:25:58] [226/445] PLTT
[21:25:59] [227/445] SRNT
[21:26:01] [228/445] YAST
[21:26:02] [229/445] PERL
[21:26:03] [230/445] CICM
[21:26:04] [231/445] MMTR
[21:26:04] 🔄 Identity reset
[21:26:04] 🔄 Identity rotated (every 10 requests)
[21:26:05] [232/445] ABTK
[21:26:06] [233/445] ATYY
[21:26:07] [234/445] ASTK
[21:26:08] [235/445] VVCK
[21:26:09] [236/445] ATKY
[21:26:10] [237/445] GWEK
[21:26:11] [238/445] SVFH
[21:26:12] [239/445] SLTA
[21:26:13] [240/445] AASH
[21:26:14] [241/445] ACXB
[21:26:14] 🔄 Identity reset
[21:26:14] 🔄 Identity rotated (every 10 requests)
[21:26:16] [242/445] SMTX
[21:26:17] [243/445] AZDH
[21:26:18] [244/445] CMMH
[21:26:19] [245/445] SCSZ
[21:26:20] [246/445] SCKP
[21:26:21] [247/445] NXTM
[21:26:22] [248/445] NWCS
[21:26:22] [249/445] CXMH
[21:26:23] [250/445] PCMA
[21:26:24] [251/445] SGCM
[21:26:24] 🔄 Identity reset
[21:26:24] 🔄 Identity rotated (every 10 requests)
[21:26:25] [252/445] SDTU
[21:26:26] [253/445] MMVI
[21:26:27] [254/445] JKCM
[21:26:28] [255/445] VCMM
[21:26:29] [256/445] SYEE
[21:26:31] [257/445] VASD
[21:26:32] [258/445] BDRB
[21:26:33] [259/445] LASM
[21:26:34] [260/445] DCRL
[21:26:34] [261/445] DVPM
[21:26:34] 🔄 Identity reset
[21:26:34] 🔄 Identity rotated (every 10 requests)
[21:26:36] [262/445] SBMJ
[21:26:37] [263/445] CBMU
[21:26:39] [264/445] IUBS
[21:26:40] [265/445] INAP
[21:26:41] [266/445] SRRC
[21:26:41] [267/445] SAGR
[21:26:42] [268/445] CPMJ
[21:26:43] [269/445] ATJL
[21:26:44] [270/445] NNTD
[21:26:45] [271/445] JHCJ
[21:26:45] 🔄 Identity reset
[21:26:45] 🔄 Identity rotated (every 10 requests)
[21:26:46] [272/445] CMMP
[21:26:47] [273/445] RSDR
[21:26:48] [274/445] AMTI
[21:26:49] [275/445] NYSG
[21:26:50] [276/445] AVSG
[21:26:51] [277/445] SYTP
[21:26:53] [278/445] LARC
[21:26:54] [279/445] RJTP
[21:26:54] [280/445] LAKC
[21:26:56] [281/445] MCXE
[21:26:56] 🔄 Identity reset
[21:26:56] 🔄 Identity rotated (every 10 requests)
[21:26:57] [282/445] CCZC
[21:26:58] [283/445] AVCH
[21:26:59] [284/445] CMBE
[21:27:00] [285/445] MRRC
[21:27:01] [286/445] PCPY
[21:27:02] [287/445] SRMH
[21:27:03] [288/445] SVGS
[21:27:04] [289/445] PCSE
[21:27:05] [290/445] SVFT
[21:27:05] [291/445] TNZP
[21:27:05] 🔄 Identity reset
[21:27:05] 🔄 Identity rotated (every 10 requests)
[21:27:07] [292/445] ICTP
[21:27:07] [293/445] ACTZ
[21:27:08] [294/445] GTUR
[21:27:09] [295/445] MAFC
[21:27:11] [296/445] MINL
[21:27:12] [297/445] MRCL
[21:27:13] [298/445] RCRP
[21:27:14] [299/445] RFFG
[21:27:16] [300/445] RMAS
[21:27:16] [301/445] INVR
[21:27:16] 🔄 Identity reset
[21:27:16] 🔄 Identity rotated (every 10 requests)
[21:27:18] [302/445] RMAR
[21:27:19] [303/445] CNIS
[21:27:21] [304/445] RHRJ
[21:27:21] [305/445] INXR
[21:27:22] [306/445] VALT
[21:27:23] [307/445] LCSH
[21:27:24] [308/445] CMVS
[21:27:25] [309/445] CNMS
[21:27:26] [310/445] ROOG
[21:27:27] [311/445] ISRM
[21:27:27] 🔄 Identity reset
[21:27:27] 🔄 Identity rotated (every 10 requests)
[21:27:28] [312/445] RCRM
[21:27:29] [313/445] ACJA
[21:27:30] [314/445] RCVS
[21:27:31] [315/445] CPUS
[21:27:32] [316/445] TGCS
[21:27:33] [317/445] RKCJ
[21:27:34] [318/445] MKSB
[21:27:35] [319/445] TCSJ
[21:27:36] [320/445] RMGP
[21:27:37] [321/445] CLLP
[21:27:37] 🔄 Identity reset
[21:27:37] 🔄 Identity rotated (every 10 requests)
[21:27:38] [322/445] RCMV
[21:27:39] [323/445] CCKS
[21:27:40] [324/445] RSRP
[21:27:41] [325/445] APLP
[21:27:42] [326/445] CNVS
[21:27:44] [327/445] RMVY
[21:27:45] [328/445] PGBD
[21:27:46] [329/445] KLMS
[21:27:48] [330/445] RUST
[21:27:50] [331/445] MASM
[21:27:50] 🔄 Identity reset
[21:27:50] 🔄 Identity rotated (every 10 requests)
[21:27:51] [332/445] BACS
[21:27:52] [333/445] BWST
[21:27:52] [334/445] RRFH
[21:27:53] [335/445] SJTM
[21:27:54] [336/445] BEMR
[21:27:56] [337/445] MCGR
[21:27:57] [338/445] SDSK
[21:27:58] [339/445] VBOL
[21:27:59] [340/445] RMGM
[21:28:00] [341/445] NOPL
[21:28:00] 🔄 Identity reset
[21:28:00] 🔄 Identity rotated (every 10 requests)
[21:28:00] [342/445] MKJK
[21:28:01] [343/445] CVRN
[21:28:03] [344/445] MMEN
[21:28:04] [345/445] AMNG
[21:28:05] [346/445] INTM
[21:28:06] [347/445] SLCZ
[21:28:07] [348/445] AMJN
[21:28:08] [349/445] ACJN
[21:28:08] [350/445] AMKN
[21:28:10] [351/445] BTCN
[21:28:10] 🔄 Identity reset
[21:28:10] 🔄 Identity rotated (every 10 requests)
[21:28:11] [352/445] AMBT
[21:28:11] [353/445] PACN
[21:28:12] [354/445] LCNS
[21:28:13] [355/445] PPKC
[21:28:14] [356/445] JYYN
[21:28:15] [357/445] JTNR
[21:28:16] [358/445] GTEE
[21:28:18] [359/445] SRNM
[21:28:19] [360/445] SDTC
[21:28:20] [361/445] VPCA
[21:28:20] 🔄 Identity reset
[21:28:20] 🔄 Identity rotated (every 10 requests)
[21:28:21] [362/445] VLRA
[21:28:22] [363/445] SHKR
[21:28:23] [364/445] SBKD
[21:28:24] [365/445] SAAD
[21:28:25] [366/445] JTGN
[21:28:26] [367/445] SLAM
[21:28:27] [368/445] VTPM
[21:28:28] [369/445] ANPT
[21:28:29] [370/445] PUNB
[21:28:29] [371/445] CPKT
[21:28:29] 🔄 Identity reset
[21:28:29] 🔄 Identity rotated (every 10 requests)
[21:28:30] [372/445] CNWE
[21:28:31] [373/445] ECPP
[21:28:32] [374/445] CPAR
[21:28:33] [375/445] ESBW
[21:28:35] [376/445] PKPU
[21:28:36] [377/445] CPRP
[21:28:37] [378/445] RAHU
[21:28:39] [379/445] RHMN
[21:28:39] [380/445] FMJP
[21:28:40] [381/445] CTMP
[21:28:40] 🔄 Identity reset
[21:28:40] 🔄 Identity rotated (every 10 requests)
[21:28:41] [382/445] INPN
[21:28:42] [383/445] STTG
[21:28:43] [384/445] CTRD
[21:28:44] [385/445] PUVB
[21:28:45] [386/445] ESVP
[21:28:46] [387/445] CPFT
[21:28:47] [388/445] LCPC
[21:28:48] [389/445] VBCT
[21:28:50] [390/445] FSCW
[21:28:50] [391/445] VCMP
[21:28:50] 🔄 Identity reset
[21:28:50] 🔄 Identity rotated (every 10 requests)
[21:28:51] [392/445] ASHC
[21:28:53] [393/445] VLCX
[21:28:54] [394/445] SHEV
[21:28:55] [395/445] APCO
[21:28:56] [396/445] SILC
[21:28:56] [397/445] SNMR
[21:28:57] [398/445] KYBO
[21:28:58] [399/445] SATK
[21:29:00] [400/445] SSCS
[21:29:01] [401/445] CLSB
[21:29:01] 🔄 Identity reset
[21:29:01] 🔄 Identity rotated (every 10 requests)
[21:29:02] [402/445] KMJR
[21:29:03] [403/445] FSCK
[21:29:04] [404/445] NNKA
[21:29:05] [405/445] CLMK
[21:29:06] [406/445] DMPZ
[21:29:06] [407/445] INQM
[21:29:07] [408/445] CAML
[21:29:08] [409/445] INRK
[21:29:09] [410/445] IMKN
[21:29:10] [411/445] SVNR
[21:29:10] 🔄 Identity reset
[21:29:10] 🔄 Identity rotated (every 10 requests)
[21:29:11] [412/445] INSL
[21:29:13] [413/445] MSMA
[21:29:14] [414/445] MCKK
[21:29:15] [415/445] FCHP
[21:29:16] [416/445] SFCR
[21:29:18] [417/445] NACK
[21:29:19] [418/445] PVAK
[21:29:20] [419/445] INER
[21:29:21] [420/445] RDBK
[21:29:22] [421/445] SVFN
[21:29:22] 🔄 Identity reset
[21:29:22] 🔄 Identity rotated (every 10 requests)
[21:29:24] [422/445] IFRM
[21:29:24] [423/445] ATCK
[21:29:25] [424/445] ASKO
[21:29:26] [425/445] STKT
[21:29:27] [426/445] SVFB
[21:29:28] [427/445] INKS
[21:29:29] [428/445] PCRA
[21:29:30] [429/445] ATJA
[21:29:31] [430/445] IMJN
[21:29:32] [431/445] INHD
[21:29:32] 🔄 Identity reset
[21:29:32] 🔄 Identity rotated (every 10 requests)
[21:29:33] [432/445] BARA
[21:29:34] [433/445] MCSL
[21:29:35] [434/445] RTOY
[21:29:36] [435/445] MENO
[21:29:37] [436/445] PUDM
[21:29:38] [437/445] PRCN
[21:29:39] [438/445] JMJR
[21:29:40] [439/445] SSGK
[21:29:42] [440/445] SSRL
[21:29:42] [441/445] JYKL
[21:29:42] 🔄 Identity reset
[21:29:42] 🔄 Identity rotated (every 10 requests)
[21:29:43] [442/445] ACNB
[21:29:44] [443/445] SONP
[21:29:45] [444/445] EMCI
[21:29:46] [445/445] MRJH
[21:29:47] 🧹 Deduping shows
[21:29:47] ✅ DONE | Shows=3581 | Movies=74
[22:03:25] 🚀 SCRIPT STARTED
[22:03:25] [1/445] TGMR
[22:03:25] 🧠 New identity created
[22:03:26] [2/445] CXKR
[22:03:27] [3/445] SROP
[22:03:28] [4/445] GTSV
[22:03:29] [5/445] SNTY
[22:03:30] [6/445] SMYY
[22:03:31] [7/445] CNCS
[22:03:32] [8/445] CSTM
[22:03:33] [9/445] NUCD
[22:03:34] [10/445] SHCZ
[22:03:34] 🔄 Identity reset
[22:03:34] 🔄 Identity rotated (every 10 requests)
[22:03:36] [11/445] NJCT
[22:03:36] [12/445] COPC
[22:03:37] [13/445] STVV
[22:03:38] [14/445] SKRN
[22:03:39] [15/445] APPZ
[22:03:40] [16/445] YMGN
[22:03:41] [17/445] SVTU
[22:03:42] [18/445] GTAD
[22:03:43] [19/445] PSUS
[22:03:44] [20/445] SMCD
[22:03:44] 🔄 Identity reset
[22:03:44] 🔄 Identity rotated (every 10 requests)
[22:03:45] [21/445] CMCM
[22:03:46] [22/445] SYCT
[22:03:48] [23/445] STLY
[22:03:49] [24/445] CMHU
[22:03:50] [25/445] CMSA
[22:03:51] [26/445] CLCU
[22:03:53] [27/445] PPNT
[22:03:53] [28/445] JTAB
[22:03:55] [29/445] BUUC
[22:03:55] [30/445] BSVK
[22:03:55] 🔄 Identity reset
[22:03:55] 🔄 Identity rotated (every 10 requests)
[22:03:57] [31/445] VVVQ
[22:03:58] [32/445] TKMU
[22:03:59] [33/445] ESYL
[22:04:00] [34/445] ACHP
[22:04:01] [35/445] BTKD
[22:04:02] [36/445] DESA
[22:04:03] [37/445] GBCT
[22:04:04] [38/445] BLLD
[22:04:05] [39/445] SKNT
[22:04:06] [40/445] SSTE
[22:04:06] 🔄 Identity reset
[22:04:06] 🔄 Identity rotated (every 10 requests)
[22:04:07] [41/445] VJMR
[22:04:08] [42/445] NTPU
[22:04:09] [43/445] RDKN
[22:04:10] [44/445] ADGC
[22:04:10] [45/445] VRBP
[22:04:12] [46/445] NMNA
[22:04:13] [47/445] CMMX
[22:04:14] [48/445] PTKO
[22:04:15] [49/445] RBML
[22:04:16] [50/445] SAIC
[22:04:16] 🔄 Identity reset
[22:04:16] 🔄 Identity rotated (every 10 requests)
[22:04:18] [51/445] SVTJ
[22:04:18] [52/445] MRTE
[22:04:19] [53/445] RBTP
[22:04:20] [54/445] NLPS
[22:04:21] [55/445] GTNA
[22:04:22] [56/445] DGGC
[22:04:24] [57/445] SMCR
[22:04:25] [58/445] SCGD
[22:04:26] [59/445] SRRJ
[22:04:27] [60/445] CNRY
[22:04:27] 🔄 Identity reset
[22:04:27] 🔄 Identity rotated (every 10 requests)
[22:04:28] [61/445] KTDI
[22:04:29] [62/445] SNJL
[22:04:31] [63/445] RKMD
[22:04:32] [64/445] SMDC
[22:04:33] [65/445] TADG
[22:04:34] [66/445] MCGS
[22:04:35] [67/445] PETK
[22:04:36] [68/445] CHAG
[22:04:37] [69/445] KSTL
[22:04:38] [70/445] AADS
[22:04:38] 🔄 Identity reset
[22:04:38] 🔄 Identity rotated (every 10 requests)
[22:04:39] [71/445] NTHZ
[22:04:40] [72/445] HCKI
[22:04:42] [73/445] SSEF
[22:04:43] [74/445] MCGX
[22:04:44] [75/445] ERRA
[22:04:45] [76/445] SDTW
[22:04:46] [77/445] RMPK
[22:04:47] [78/445] PTHK
[22:04:48] [79/445] PXCS
[22:04:49] [80/445] SVLU
[22:04:49] 🔄 Identity reset
[22:04:49] 🔄 Identity rotated (every 10 requests)
[22:04:50] [81/445] STAH
[22:04:52] [82/445] JRGF
[22:04:53] [83/445] CDOK
[22:04:54] [84/445] CMSG
[22:04:55] [85/445] APTD
[22:04:56] [86/445] KMPG
[22:04:57] [87/445] MUTJ
[22:04:57] [88/445] VCCI
[22:04:59] [89/445] URBE
[22:05:00] [90/445] TCTS
[22:05:00] 🔄 Identity reset
[22:05:00] 🔄 Identity rotated (every 10 requests)
[22:05:01] [91/445] STSN
[22:05:03] [92/445] AKCH
[22:05:04] [93/445] APSC
[22:05:05] [94/445] VLTB
[22:05:06] [95/445] SANU
[22:05:08] [96/445] AXAM
[22:05:09] [97/445] MGMG
[22:05:10] [98/445] HTBY
[22:05:11] [99/445] MMZS
[22:05:12] [100/445] SUDR
[22:05:12] 🔄 Identity reset
[22:05:12] 🔄 Identity rotated (every 10 requests)
[22:05:13] [101/445] CCAD
[22:05:14] [102/445] SKKC
[22:05:14] [103/445] RMCD
[22:05:16] [104/445] SBCQ
[22:05:17] [105/445] DCCT
[22:05:18] [106/445] VTKP
[22:05:19] [107/445] MLAM
[22:05:20] [108/445] SAVT
[22:05:20] [109/445] GEPL
[22:05:21] [110/445] AMCD
[22:05:21] 🔄 Identity reset
[22:05:21] 🔄 Identity rotated (every 10 requests)
[22:05:22] [111/445] CCXR
[22:05:23] [112/445] GRNG
[22:05:24] [113/445] EBCA
[22:05:25] [114/445] CNVG
[22:05:26] [115/445] MWSS
[22:05:27] [116/445] VBOR
[22:05:28] [117/445] NEEB
[22:05:30] [118/445] SUTH
[22:05:31] [119/445] ANDB
[22:05:32] [120/445] MMXS
[22:05:32] 🔄 Identity reset
[22:05:32] 🔄 Identity rotated (every 10 requests)
[22:05:33] [121/445] CNPD
[22:05:34] [122/445] SDCE
[22:05:35] [123/445] DHCB
[22:05:35] [124/445] ODEN
[22:05:36] [125/445] TNTC
[22:05:38] [126/445] VBKM
[22:05:38] [127/445] RZYM
[22:05:39] [128/445] JEMC
[22:05:41] [129/445] CMAU
[22:05:43] [130/445] SIVP
[22:05:43] 🔄 Identity reset
[22:05:43] 🔄 Identity rotated (every 10 requests)
[22:05:44] [131/445] ATAG
[22:05:44] [132/445] CHTM
[22:05:45] [133/445] AAEE
[22:05:46] [134/445] IWPM
[22:05:47] [135/445] KCMW
[22:05:48] [136/445] MCTD
[22:05:49] [137/445] SPWR
[22:05:50] [138/445] SDPO
[22:05:51] [139/445] PCSK
[22:05:52] [140/445] ACHV
[22:05:52] 🔄 Identity reset
[22:05:52] 🔄 Identity rotated (every 10 requests)
[22:05:53] [141/445] SVLA
[22:05:54] [142/445] PICT
[22:05:55] [143/445] BXDR
[22:05:56] [144/445] SPWA
[22:05:57] [145/445] MCKO
[22:05:58] [146/445] RTHK
[22:05:59] [147/445] CCMF
[22:06:00] [148/445] MRGB
[22:06:01] [149/445] CPLC
[22:06:02] [150/445] RACD
[22:06:02] 🔄 Identity reset
[22:06:02] 🔄 Identity rotated (every 10 requests)
[22:06:03] [151/445] ATKT
[22:06:04] [152/445] SARN
[22:06:05] [153/445] KKUI
[22:06:06] [154/445] RGCM
[22:06:07] [155/445] BRVP
[22:06:08] [156/445] HRSR
[22:06:09] [157/445] GKGM
[22:06:10] [158/445] TTCD
[22:06:11] [159/445] PTTI
[22:06:12] [160/445] MPTT
[22:06:12] 🔄 Identity reset
[22:06:12] 🔄 Identity rotated (every 10 requests)
[22:06:13] [161/445] CVTT
[22:06:14] [162/445] PCXD
[22:06:15] [163/445] GCDC
[22:06:16] [164/445] CCCF
[22:06:16] [165/445] MRAD
[22:06:18] [166/445] CPLK
[22:06:19] [167/445] SATB
[22:06:20] [168/445] SNVG
[22:06:21] [169/445] JMBA
[22:06:22] [170/445] TEJA
[22:06:22] 🔄 Identity reset
[22:06:22] 🔄 Identity rotated (every 10 requests)
[22:06:23] [171/445] STYO
[22:06:24] [172/445] JTBP
[22:06:25] [173/445] KRGD
[22:06:27] [174/445] SLJJ
[22:06:28] [175/445] SPTJ
[22:06:28] [176/445] SWJG
[22:06:30] [177/445] LKRT
[22:06:31] [178/445] KCKA
[22:06:32] [179/445] SNCR
[22:06:34] [180/445] SMKL
[22:06:34] 🔄 Identity reset
[22:06:34] 🔄 Identity rotated (every 10 requests)
[22:06:35] [181/445] GCFA
[22:06:36] [182/445] DDCK
[22:06:37] [183/445] NCHJ
[22:06:38] [184/445] RDMA
[22:06:39] [185/445] SVSV
[22:06:40] [186/445] SCJG
[22:06:41] [187/445] VKLP
[22:06:42] [188/445] NWCC
[22:06:43] [189/445] VKNS
[22:06:44] [190/445] SDDP
[22:06:44] 🔄 Identity reset
[22:06:44] 🔄 Identity rotated (every 10 requests)
[22:06:45] [191/445] ACSI
[22:06:46] [192/445] SATG
[22:06:47] [193/445] SCMW
[22:06:48] [194/445] LKTK
[22:06:49] [195/445] VCKV
[22:06:50] [196/445] KKPE
[22:06:51] [197/445] KIGH
[22:06:52] [198/445] SRPM
[22:06:53] [199/445] SCAH
[22:06:54] [200/445] MUTA
[22:06:54] 🔄 Identity reset
[22:06:54] 🔄 Identity rotated (every 10 requests)
[22:06:55] [201/445] SEPU
[22:06:56] [202/445] INOA
[22:06:57] [203/445] BASK
[22:06:58] [204/445] NECB
[22:06:58] [205/445] GTTG
[22:06:59] [206/445] ASSA
[22:07:00] [207/445] ANCL
[22:07:01] [208/445] GCTI
[22:07:02] [209/445] RCTS
[22:07:03] [210/445] ACNL
[22:07:03] 🔄 Identity reset
[22:07:03] 🔄 Identity rotated (every 10 requests)
[22:07:03] [211/445] MYCT
[22:07:05] [212/445] NMHT
[22:07:05] [213/445] MDIT
[22:07:06] [214/445] LATG
[22:07:08] [215/445] SMTY
[22:07:09] [216/445] CVCT
[22:07:09] [217/445] RAMB
[22:07:10] [218/445] TGMS
[22:07:11] [219/445] BHEL
[22:07:12] [220/445] SHCT
[22:07:12] 🔄 Identity reset
[22:07:12] 🔄 Identity rotated (every 10 requests)
[22:07:13] [221/445] SVCT
[22:07:14] [222/445] MRIY
[22:07:15] [223/445] SARO
[22:07:16] [224/445] STCT
[22:07:16] [225/445] JKKC
[22:07:17] [226/445] PLTT
[22:07:19] [227/445] SRNT
[22:07:20] [228/445] YAST
[22:07:21] [229/445] PERL
[22:07:22] [230/445] CICM
[22:07:22] 🔄 Identity reset
[22:07:22] 🔄 Identity rotated (every 10 requests)
[22:07:23] [231/445] MMTR
[22:07:25] [232/445] ABTK
[22:07:27] [233/445] ATYY
[22:07:28] [234/445] ASTK
[22:07:29] [235/445] VVCK
[22:07:30] [236/445] ATKY
[22:07:30] [237/445] GWEK
[22:07:31] [238/445] SVFH
[22:07:33] [239/445] SLTA
[22:07:34] [240/445] AASH
[22:07:34] 🔄 Identity reset
[22:07:34] 🔄 Identity rotated (every 10 requests)
[22:07:35] [241/445] ACXB
[22:07:36] [242/445] SMTX
[22:07:37] [243/445] AZDH
[22:07:38] [244/445] CMMH
[22:07:39] [245/445] SCSZ
[22:07:39] [246/445] SCKP
[22:07:40] [247/445] NXTM
[22:07:41] [248/445] NWCS
[22:07:42] [249/445] CXMH
[22:07:43] [250/445] PCMA
[22:07:43] 🔄 Identity reset
[22:07:43] 🔄 Identity rotated (every 10 requests)
[22:07:44] [251/445] SGCM
[22:07:45] [252/445] SDTU
[22:07:46] [253/445] MMVI
[22:07:47] [254/445] JKCM
[22:07:48] [255/445] VCMM
[22:07:49] [256/445] SYEE
[22:07:50] [257/445] VASD
[22:07:51] [258/445] BDRB
[22:07:52] [259/445] LASM
[22:07:53] [260/445] DCRL
[22:07:53] 🔄 Identity reset
[22:07:53] 🔄 Identity rotated (every 10 requests)
[22:07:54] [261/445] DVPM
[22:07:55] [262/445] SBMJ
[22:07:56] [263/445] CBMU
[22:07:57] [264/445] IUBS
[22:07:58] [265/445] INAP
[22:07:58] [266/445] SRRC
[22:07:59] [267/445] SAGR
[22:08:00] [268/445] CPMJ
[22:08:01] [269/445] ATJL
[22:08:02] [270/445] NNTD
[22:08:02] 🔄 Identity reset
[22:08:02] 🔄 Identity rotated (every 10 requests)
[22:08:03] [271/445] JHCJ
[22:08:04] [272/445] CMMP
[22:08:05] [273/445] RSDR
[22:08:06] [274/445] AMTI
[22:08:07] [275/445] NYSG
[22:08:08] [276/445] AVSG
[22:08:09] [277/445] SYTP
[22:08:11] [278/445] LARC
[22:08:12] [279/445] RJTP
[22:08:13] [280/445] LAKC
[22:08:13] 🔄 Identity reset
[22:08:13] 🔄 Identity rotated (every 10 requests)
[22:08:13] [281/445] MCXE
[22:08:14] [282/445] CCZC
[22:08:15] [283/445] AVCH
[22:08:16] [284/445] CMBE
[22:08:17] [285/445] MRRC
[22:08:18] [286/445] PCPY
[22:08:19] [287/445] SRMH
[22:08:20] [288/445] SVGS
[22:08:21] [289/445] PCSE
[22:08:22] [290/445] SVFT
[22:08:22] 🔄 Identity reset
[22:08:22] 🔄 Identity rotated (every 10 requests)
[22:08:23] [291/445] TNZP
[22:08:24] [292/445] ICTP
[22:08:24] [293/445] ACTZ
[22:08:25] [294/445] GTUR
[22:08:26] [295/445] MAFC
[22:08:28] [296/445] MINL
[22:08:29] [297/445] MRCL
[22:08:30] [298/445] RCRP
[22:08:31] [299/445] RFFG
[22:08:33] [300/445] RMAS
[22:08:33] 🔄 Identity reset
[22:08:33] 🔄 Identity rotated (every 10 requests)
[22:08:34] [301/445] INVR
[22:08:35] [302/445] RMAR
[22:08:36] [303/445] CNIS
[22:08:37] [304/445] RHRJ
[22:08:38] [305/445] INXR
[22:08:38] [306/445] VALT
[22:08:39] [307/445] LCSH
[22:08:40] [308/445] CMVS
[22:08:41] [309/445] CNMS
[22:08:42] [310/445] ROOG
[22:08:42] 🔄 Identity reset
[22:08:42] 🔄 Identity rotated (every 10 requests)
[22:08:43] [311/445] ISRM
[22:08:44] [312/445] RCRM
[22:08:45] [313/445] ACJA
[22:08:46] [314/445] RCVS
[22:08:47] [315/445] CPUS
[22:08:48] [316/445] TGCS
[22:08:49] [317/445] RKCJ
[22:08:50] [318/445] MKSB
[22:08:51] [319/445] TCSJ
[22:08:52] [320/445] RMGP
[22:08:52] 🔄 Identity reset
[22:08:52] 🔄 Identity rotated (every 10 requests)
[22:08:53] [321/445] CLLP
[22:08:54] [322/445] RCMV
[22:08:55] [323/445] CCKS
[22:08:55] [324/445] RSRP
[22:08:56] [325/445] APLP
[22:08:57] [326/445] CNVS
[22:08:57] [327/445] RMVY
[22:08:58] [328/445] PGBD
[22:08:59] [329/445] KLMS
[22:09:00] [330/445] RUST
[22:09:00] 🔄 Identity reset
[22:09:00] 🔄 Identity rotated (every 10 requests)
[22:09:02] [331/445] MASM
[22:09:03] [332/445] BACS
[22:09:04] [333/445] BWST
[22:09:05] [334/445] RRFH
[22:09:06] [335/445] SJTM
[22:09:07] [336/445] BEMR
[22:09:07] [337/445] MCGR
[22:09:09] [338/445] SDSK
[22:09:10] [339/445] VBOL
[22:09:11] [340/445] RMGM
[22:09:11] 🔄 Identity reset
[22:09:11] 🔄 Identity rotated (every 10 requests)
[22:09:12] [341/445] NOPL
[22:09:13] [342/445] MKJK
[22:09:14] [343/445] CVRN
[22:09:15] [344/445] MMEN
[22:09:15] [345/445] AMNG
[22:09:16] [346/445] INTM
[22:09:17] [347/445] SLCZ
[22:09:19] [348/445] AMJN
[22:09:19] [349/445] ACJN
[22:09:20] [350/445] AMKN
[22:09:20] 🔄 Identity reset
[22:09:20] 🔄 Identity rotated (every 10 requests)
[22:09:21] [351/445] BTCN
[22:09:23] [352/445] AMBT
[22:09:24] [353/445] PACN
[22:09:25] [354/445] LCNS
[22:09:25] [355/445] PPKC
[22:09:26] [356/445] JYYN
[22:09:27] [357/445] JTNR
[22:09:29] [358/445] GTEE
[22:09:30] [359/445] SRNM
[22:09:31] [360/445] SDTC
[22:09:31] 🔄 Identity reset
[22:09:31] 🔄 Identity rotated (every 10 requests)
[22:09:32] [361/445] VPCA
[22:09:33] [362/445] VLRA
[22:09:34] [363/445] SHKR
[22:09:35] [364/445] SBKD
[22:09:36] [365/445] SAAD
[22:09:37] [366/445] JTGN
[22:09:37] [367/445] SLAM
[22:09:39] [368/445] VTPM
[22:09:40] [369/445] ANPT
[22:09:40] [370/445] PUNB
[22:09:40] 🔄 Identity reset
[22:09:40] 🔄 Identity rotated (every 10 requests)
[22:09:41] [371/445] CPKT
[22:09:42] [372/445] CNWE
[22:09:44] [373/445] ECPP
[22:09:45] [374/445] CPAR
[22:09:46] [375/445] ESBW
[22:09:48] [376/445] PKPU
[22:09:48] [377/445] CPRP
[22:09:49] [378/445] RAHU
[22:09:51] [379/445] RHMN
[22:09:53] [380/445] FMJP
[22:09:53] 🔄 Identity reset
[22:09:53] 🔄 Identity rotated (every 10 requests)
[22:09:54] [381/445] CTMP
[22:09:56] [382/445] INPN
[22:09:57] [383/445] STTG
[22:09:58] [384/445] CTRD
[22:09:59] [385/445] PUVB
[22:09:59] [386/445] ESVP
[22:10:01] [387/445] CPFT
[22:10:02] [388/445] LCPC
[22:10:03] [389/445] VBCT
[22:10:04] [390/445] FSCW
[22:10:04] 🔄 Identity reset
[22:10:04] 🔄 Identity rotated (every 10 requests)
[22:10:04] [391/445] VCMP
[22:10:05] [392/445] ASHC
[22:10:06] [393/445] VLCX
[22:10:07] [394/445] SHEV
[22:10:08] [395/445] APCO
[22:10:08] [396/445] SILC
[22:10:09] [397/445] SNMR
[22:10:11] [398/445] KYBO
[22:10:12] [399/445] SATK
[22:10:12] [400/445] SSCS
[22:10:12] 🔄 Identity reset
[22:10:12] 🔄 Identity rotated (every 10 requests)
[22:10:13] [401/445] CLSB
[22:10:14] [402/445] KMJR
[22:10:15] [403/445] FSCK
[22:10:16] [404/445] NNKA
[22:10:18] [405/445] CLMK
[22:10:19] [406/445] DMPZ
[22:10:20] [407/445] INQM
[22:10:21] [408/445] CAML
[22:10:23] [409/445] INRK
[22:10:24] [410/445] IMKN
[22:10:24] 🔄 Identity reset
[22:10:24] 🔄 Identity rotated (every 10 requests)
[22:10:25] [411/445] SVNR
[22:10:26] [412/445] INSL
[22:10:27] [413/445] MSMA
[22:10:28] [414/445] MCKK
[22:10:29] [415/445] FCHP
[22:10:31] [416/445] SFCR
[22:10:31] [417/445] NACK
[22:10:32] [418/445] PVAK
[22:10:33] [419/445] INER
[22:10:35] [420/445] RDBK
[22:10:35] 🔄 Identity reset
[22:10:35] 🔄 Identity rotated (every 10 requests)
[22:10:36] [421/445] SVFN
[22:10:37] [422/445] IFRM
[22:10:38] [423/445] ATCK
[22:10:39] [424/445] ASKO
[22:10:41] [425/445] STKT
[22:10:42] [426/445] SVFB
[22:10:43] [427/445] INKS
[22:10:44] [428/445] PCRA
[22:10:45] [429/445] ATJA
[22:10:45] [430/445] IMJN
[22:10:45] 🔄 Identity reset
[22:10:45] 🔄 Identity rotated (every 10 requests)
[22:10:47] [431/445] INHD
[22:10:48] [432/445] BARA
[22:10:50] [433/445] MCSL
[22:10:51] [434/445] RTOY
[22:10:52] [435/445] MENO
[22:10:53] [436/445] PUDM
[22:10:54] [437/445] PRCN
[22:10:55] [438/445] JMJR
[22:10:56] [439/445] SSGK
[22:10:57] [440/445] SSRL
[22:10:57] 🔄 Identity reset
[22:10:57] 🔄 Identity rotated (every 10 requests)
[22:10:57] [441/445] JYKL
[22:10:58] [442/445] ACNB
[22:10:59] [443/445] SONP
[22:11:00] [444/445] EMCI
[22:11:01] [445/445] MRJH
[22:11:01] 🧹 Deduping shows
[22:11:02] ✅ DONE | Shows=3589 | Movies=74
[23:32:04] 🚀 SCRIPT STARTED
[23:32:04] [1/445] TGMR
[23:32:04] 🧠 New identity created
[23:32:05] [2/445] CXKR
[23:32:06] [3/445] SROP
[23:32:08] [4/445] GTSV
[23:32:09] [5/445] SNTY
[23:32:10] [6/445] SMYY
[23:32:11] [7/445] CNCS
[23:32:12] [8/445] CSTM
[23:32:13] [9/445] NUCD
[23:32:14] [10/445] SHCZ
[23:32:14] 🔄 Identity reset
[23:32:14] 🔄 Identity rotated (every 10 requests)
[23:32:15] [11/445] NJCT
[23:32:16] [12/445] COPC
[23:32:17] [13/445] STVV
[23:32:18] [14/445] SKRN
[23:32:19] [15/445] APPZ
[23:32:20] [16/445] YMGN
[23:32:21] [17/445] SVTU
[23:32:22] [18/445] GTAD
[23:32:23] [19/445] PSUS
[23:32:24] [20/445] SMCD
[23:32:24] 🔄 Identity reset
[23:32:24] 🔄 Identity rotated (every 10 requests)
[23:32:24] 🔄 Retry 1/5 for SMCD in 2.3s
[23:32:24] 🔄 Identity reset
[23:32:26] 🧠 New identity created
[23:32:27] 🔄 Retry 2/5 for SMCD in 4.5s
[23:32:27] 🔄 Identity reset
[23:32:31] 🧠 New identity created
[23:32:32] [21/445] CMCM
[23:32:34] [22/445] SYCT
[23:32:35] [23/445] STLY
[23:32:36] [24/445] CMHU
[23:32:38] [25/445] CMSA
[23:32:38] [26/445] CLCU
[23:32:39] [27/445] PPNT
[23:32:40] [28/445] JTAB
[23:32:40] 🔄 Identity reset
[23:32:40] 🔄 Identity rotated (every 10 requests)
[23:32:40] 🔄 Retry 1/5 for JTAB in 2.5s
[23:32:40] 🔄 Identity reset
[23:32:43] 🧠 New identity created
[23:32:44] [29/445] BUUC
[23:32:45] [30/445] BSVK
[23:32:46] [31/445] VVVQ
[23:32:47] [32/445] TKMU
[23:32:48] [33/445] ESYL
[23:32:50] [34/445] ACHP
[23:32:51] [35/445] BTKD
[23:32:52] [36/445] DESA
[23:32:52] [37/445] GBCT
[23:32:52] 🔄 Identity reset
[23:32:52] 🔄 Identity rotated (every 10 requests)
[23:32:53] [38/445] BLLD
[23:32:55] [39/445] SKNT
[23:32:56] [40/445] SSTE
[23:32:57] [41/445] VJMR
[23:32:58] [42/445] NTPU
[23:32:59] [43/445] RDKN
[23:33:00] [44/445] ADGC
[23:33:01] [45/445] VRBP
[23:33:02] [46/445] NMNA
[23:33:03] [47/445] CMMX
[23:33:03] 🔄 Identity reset
[23:33:03] 🔄 Identity rotated (every 10 requests)
[23:33:04] [48/445] PTKO
[23:33:05] [49/445] RBML
[23:33:06] [50/445] SAIC
[23:33:07] [51/445] SVTJ
[23:33:08] [52/445] MRTE
[23:33:09] [53/445] RBTP
[23:33:09] [54/445] NLPS
[23:33:10] [55/445] GTNA
[23:33:11] [56/445] DGGC
[23:33:12] [57/445] SMCR
[23:33:12] 🔄 Identity reset
[23:33:12] 🔄 Identity rotated (every 10 requests)
[23:33:13] [58/445] SCGD
[23:33:15] [59/445] SRRJ
[23:33:16] [60/445] CNRY
[23:33:17] [61/445] KTDI
[23:33:18] [62/445] SNJL
[23:33:19] [63/445] RKMD
[23:33:20] [64/445] SMDC
[23:33:21] [65/445] TADG
[23:33:22] [66/445] MCGS
[23:33:23] [67/445] PETK
[23:33:23] 🔄 Identity reset
[23:33:23] 🔄 Identity rotated (every 10 requests)
[23:33:24] [68/445] CHAG
[23:33:25] [69/445] KSTL
[23:33:26] [70/445] AADS
[23:33:27] [71/445] NTHZ
[23:33:29] [72/445] HCKI
[23:33:29] [73/445] SSEF
[23:33:30] [74/445] MCGX
[23:33:31] [75/445] ERRA
[23:33:32] [76/445] SDTW
[23:33:33] [77/445] RMPK
[23:33:33] 🔄 Identity reset
[23:33:33] 🔄 Identity rotated (every 10 requests)
[23:33:33] 🔄 Retry 1/5 for RMPK in 2.0s
[23:33:33] 🔄 Identity reset
[23:33:35] 🧠 New identity created
[23:33:36] [78/445] PTHK
[23:33:37] [79/445] PXCS
[23:33:38] [80/445] SVLU
[23:33:40] [81/445] STAH
[23:33:41] [82/445] JRGF
[23:33:42] [83/445] CDOK
[23:33:43] [84/445] CMSG
[23:33:44] [85/445] APTD
[23:33:45] [86/445] KMPG
[23:33:45] 🔄 Identity reset
[23:33:45] 🔄 Identity rotated (every 10 requests)
[23:33:46] [87/445] MUTJ
[23:33:47] [88/445] VCCI
[23:33:48] [89/445] URBE
[23:33:49] [90/445] TCTS
[23:33:50] [91/445] STSN
[23:33:52] [92/445] AKCH
[23:33:53] [93/445] APSC
[23:33:54] [94/445] VLTB
[23:33:55] [95/445] SANU
[23:33:57] [96/445] AXAM
[23:33:57] 🔄 Identity reset
[23:33:57] 🔄 Identity rotated (every 10 requests)
[23:33:58] [97/445] MGMG
[23:33:59] [98/445] HTBY
[23:34:00] [99/445] MMZS
[23:34:01] [100/445] SUDR
[23:34:02] [101/445] CCAD
[23:34:03] [102/445] SKKC
[23:34:04] [103/445] RMCD
[23:34:05] [104/445] SBCQ
[23:34:06] [105/445] DCCT
[23:34:08] [106/445] VTKP
[23:34:08] 🔄 Identity reset
[23:34:08] 🔄 Identity rotated (every 10 requests)
[23:34:09] [107/445] MLAM
[23:34:10] [108/445] SAVT
[23:34:10] [109/445] GEPL
[23:34:11] [110/445] AMCD
[23:34:12] [111/445] CCXR
[23:34:14] [112/445] GRNG
[23:34:14] [113/445] EBCA
[23:34:15] [114/445] CNVG
[23:34:16] [115/445] MWSS
[23:34:18] [116/445] VBOR
[23:34:18] 🔄 Identity reset
[23:34:18] 🔄 Identity rotated (every 10 requests)
[23:34:19] [117/445] NEEB
[23:34:20] [118/445] SUTH
[23:34:21] [119/445] ANDB
[23:34:22] [120/445] MMXS
[23:34:23] [121/445] CNPD
[23:34:25] [122/445] SDCE
[23:34:27] [123/445] DHCB
[23:34:28] [124/445] ODEN
[23:34:29] [125/445] TNTC
[23:34:30] [126/445] VBKM
[23:34:30] 🔄 Identity reset
[23:34:30] 🔄 Identity rotated (every 10 requests)
[23:34:31] [127/445] RZYM
[23:34:32] [128/445] JEMC
[23:34:33] [129/445] CMAU
[23:34:34] [130/445] SIVP
[23:34:35] [131/445] ATAG
[23:34:36] [132/445] CHTM
[23:34:37] [133/445] AAEE
[23:34:38] [134/445] IWPM
[23:34:39] [135/445] KCMW
[23:34:40] [136/445] MCTD
[23:34:40] 🔄 Identity reset
[23:34:40] 🔄 Identity rotated (every 10 requests)
[23:34:41] [137/445] SPWR
[23:34:42] [138/445] SDPO
[23:34:44] [139/445] PCSK
[23:34:45] [140/445] ACHV
[23:34:46] [141/445] SVLA
[23:34:46] [142/445] PICT
[23:34:47] [143/445] BXDR
[23:34:48] [144/445] SPWA
[23:34:49] [145/445] MCKO
[23:34:50] [146/445] RTHK
[23:34:50] 🔄 Identity reset
[23:34:50] 🔄 Identity rotated (every 10 requests)
[23:34:51] [147/445] CCMF
[23:34:52] [148/445] MRGB
[23:34:53] [149/445] CPLC
[23:34:54] [150/445] RACD
[23:34:55] [151/445] ATKT
[23:34:56] [152/445] SARN
[23:34:57] [153/445] KKUI
[23:34:58] [154/445] RGCM
[23:34:59] [155/445] BRVP
[23:35:00] [156/445] HRSR
[23:35:00] 🔄 Identity reset
[23:35:00] 🔄 Identity rotated (every 10 requests)
[23:35:00] 🔄 Retry 1/5 for HRSR in 2.7s
[23:35:00] 🔄 Identity reset
[23:35:02] 🧠 New identity created
[23:35:03] 🔄 Retry 2/5 for HRSR in 4.9s
[23:35:03] 🔄 Identity reset
[23:35:07] 🧠 New identity created
[23:35:09] [157/445] GKGM
[23:35:10] [158/445] TTCD
[23:35:11] [159/445] PTTI
[23:35:12] [160/445] MPTT
[23:35:13] [161/445] CVTT
[23:35:14] [162/445] PCXD
[23:35:15] [163/445] GCDC
[23:35:16] [164/445] CCCF
[23:35:16] 🔄 Identity reset
[23:35:16] 🔄 Identity rotated (every 10 requests)
[23:35:17] [165/445] MRAD
[23:35:18] [166/445] CPLK
[23:35:18] [167/445] SATB
[23:35:19] [168/445] SNVG
[23:35:20] [169/445] JMBA
[23:35:21] [170/445] TEJA
[23:35:22] [171/445] STYO
[23:35:24] [172/445] JTBP
[23:35:25] [173/445] KRGD
[23:35:26] [174/445] SLJJ
[23:35:26] 🔄 Identity reset
[23:35:26] 🔄 Identity rotated (every 10 requests)
[23:35:27] [175/445] SPTJ
[23:35:28] [176/445] SWJG
[23:35:29] [177/445] LKRT
[23:35:30] [178/445] KCKA
[23:35:31] [179/445] SNCR
[23:35:32] [180/445] SMKL
[23:35:33] [181/445] GCFA
[23:35:34] [182/445] DDCK
[23:35:35] [183/445] NCHJ
[23:35:36] [184/445] RDMA
[23:35:36] 🔄 Identity reset
[23:35:36] 🔄 Identity rotated (every 10 requests)
[23:35:37] [185/445] SVSV
[23:35:38] [186/445] SCJG
[23:35:39] [187/445] VKLP
[23:35:40] [188/445] NWCC
[23:35:41] [189/445] VKNS
[23:35:42] [190/445] SDDP
[23:35:43] [191/445] ACSI
[23:35:45] [192/445] SATG
[23:35:46] [193/445] SCMW
[23:35:47] [194/445] LKTK
[23:35:47] 🔄 Identity reset
[23:35:47] 🔄 Identity rotated (every 10 requests)
[23:35:47] 🔄 Retry 1/5 for LKTK in 2.5s
[23:35:47] 🔄 Identity reset
[23:35:49] 🧠 New identity created
[23:35:51] [195/445] VCKV
[23:35:52] [196/445] KKPE
[23:35:53] [197/445] KIGH
[23:35:54] [198/445] SRPM
[23:35:55] [199/445] SCAH
[23:35:56] [200/445] MUTA
[23:35:57] [201/445] SEPU
[23:35:58] [202/445] INOA
[23:35:59] [203/445] BASK
[23:35:59] 🔄 Identity reset
[23:35:59] 🔄 Identity rotated (every 10 requests)
[23:35:59] 🔄 Retry 1/5 for BASK in 2.7s
[23:35:59] 🔄 Identity reset
[23:36:02] 🧠 New identity created
[23:36:02] 🔄 Retry 2/5 for BASK in 4.7s
[23:36:02] 🔄 Identity reset
[23:36:06] 🧠 New identity created
[23:36:06] 🔄 Retry 3/5 for BASK in 8.5s
[23:36:06] 🔄 Identity reset
[23:36:15] 🧠 New identity created
[23:36:16] [204/445] NECB
[23:36:17] [205/445] GTTG
[23:36:18] [206/445] ASSA
[23:36:19] [207/445] ANCL
[23:36:20] [208/445] GCTI
[23:36:21] [209/445] RCTS
[23:36:22] [210/445] ACNL
[23:36:22] 🔄 Identity reset
[23:36:22] 🔄 Identity rotated (every 10 requests)
[23:36:22] 🔄 Retry 1/5 for ACNL in 2.1s
[23:36:22] 🔄 Identity reset
[23:36:24] 🧠 New identity created
[23:36:24] 🔄 Retry 2/5 for ACNL in 4.5s
[23:36:24] 🔄 Identity reset
[23:36:29] 🧠 New identity created
[23:36:30] [211/445] MYCT
[23:36:31] [212/445] NMHT
[23:36:32] [213/445] MDIT
[23:36:34] [214/445] LATG
[23:36:35] [215/445] SMTY
[23:36:36] [216/445] CVCT
[23:36:36] [217/445] RAMB
[23:36:38] [218/445] TGMS
[23:36:38] 🔄 Identity reset
[23:36:38] 🔄 Identity rotated (every 10 requests)
[23:36:39] [219/445] BHEL
[23:36:39] [220/445] SHCT
[23:36:40] [221/445] SVCT
[23:36:42] [222/445] MRIY
[23:36:42] [223/445] SARO
[23:36:44] [224/445] STCT
[23:36:45] [225/445] JKKC
[23:36:46] [226/445] PLTT
[23:36:47] [227/445] SRNT
[23:36:49] [228/445] YAST
[23:36:49] 🔄 Identity reset
[23:36:49] 🔄 Identity rotated (every 10 requests)
[23:36:50] [229/445] PERL
[23:36:51] [230/445] CICM
[23:36:52] [231/445] MMTR
[23:36:53] [232/445] ABTK
[23:36:54] [233/445] ATYY
[23:36:54] [234/445] ASTK
[23:36:55] [235/445] VVCK
[23:36:56] [236/445] ATKY
[23:36:57] [237/445] GWEK
[23:36:58] [238/445] SVFH
[23:36:58] 🔄 Identity reset
[23:36:58] 🔄 Identity rotated (every 10 requests)
[23:36:59] [239/445] SLTA
[23:37:01] [240/445] AASH
[23:37:02] [241/445] ACXB
[23:37:03] [242/445] SMTX
[23:37:04] [243/445] AZDH
[23:37:05] [244/445] CMMH
[23:37:06] [245/445] SCSZ
[23:37:07] [246/445] SCKP
[23:37:09] [247/445] NXTM
[23:37:10] [248/445] NWCS
[23:37:10] 🔄 Identity reset
[23:37:10] 🔄 Identity rotated (every 10 requests)
[23:37:11] [249/445] CXMH
[23:37:12] [250/445] PCMA
[23:37:13] [251/445] SGCM
[23:37:14] [252/445] SDTU
[23:37:15] [253/445] MMVI
[23:37:16] [254/445] JKCM
[23:37:17] [255/445] VCMM
[23:37:18] [256/445] SYEE
[23:37:19] [257/445] VASD
[23:37:20] [258/445] BDRB
[23:37:20] 🔄 Identity reset
[23:37:20] 🔄 Identity rotated (every 10 requests)
[23:37:21] [259/445] LASM
[23:37:21] [260/445] DCRL
[23:37:22] [261/445] DVPM
[23:37:24] [262/445] SBMJ
[23:37:25] [263/445] CBMU
[23:37:26] [264/445] IUBS
[23:37:27] [265/445] INAP
[23:37:28] [266/445] SRRC
[23:37:28] [267/445] SAGR
[23:37:29] [268/445] CPMJ
[23:37:29] 🔄 Identity reset
[23:37:29] 🔄 Identity rotated (every 10 requests)
[23:37:31] [269/445] ATJL
[23:37:32] [270/445] NNTD
[23:37:33] [271/445] JHCJ
[23:37:34] [272/445] CMMP
[23:37:35] [273/445] RSDR
[23:37:36] [274/445] AMTI
[23:37:37] [275/445] NYSG
[23:37:38] [276/445] AVSG
[23:37:39] [277/445] SYTP
[23:37:41] [278/445] LARC
[23:37:41] 🔄 Identity reset
[23:37:41] 🔄 Identity rotated (every 10 requests)
[23:37:42] [279/445] RJTP
[23:37:43] [280/445] LAKC
[23:37:45] [281/445] MCXE
[23:37:46] [282/445] CCZC
[23:37:47] [283/445] AVCH
[23:37:48] [284/445] CMBE
[23:37:49] [285/445] MRRC
[23:37:50] [286/445] PCPY
[23:37:52] [287/445] SRMH
[23:37:54] [288/445] SVGS
[23:37:54] 🔄 Identity reset
[23:37:54] 🔄 Identity rotated (every 10 requests)
[23:37:55] [289/445] PCSE
[23:37:56] [290/445] SVFT
[23:37:57] [291/445] TNZP
[23:37:58] [292/445] ICTP
[23:37:59] [293/445] ACTZ
[23:38:01] [294/445] GTUR
[23:38:02] [295/445] MAFC
[23:38:03] [296/445] MINL
[23:38:04] [297/445] MRCL
[23:38:06] [298/445] RCRP
[23:38:06] 🔄 Identity reset
[23:38:06] 🔄 Identity rotated (every 10 requests)
[23:38:07] [299/445] RFFG
[23:38:08] [300/445] RMAS
[23:38:09] [301/445] INVR
[23:38:10] [302/445] RMAR
[23:38:11] [303/445] CNIS
[23:38:12] [304/445] RHRJ
[23:38:14] [305/445] INXR
[23:38:15] [306/445] VALT
[23:38:16] [307/445] LCSH
[23:38:17] [308/445] CMVS
[23:38:17] 🔄 Identity reset
[23:38:17] 🔄 Identity rotated (every 10 requests)
[23:38:18] [309/445] CNMS
[23:38:19] [310/445] ROOG
[23:38:20] [311/445] ISRM
[23:38:21] [312/445] RCRM
[23:38:22] [313/445] ACJA
[23:38:23] [314/445] RCVS
[23:38:24] [315/445] CPUS
[23:38:25] [316/445] TGCS
[23:38:26] [317/445] RKCJ
[23:38:27] [318/445] MKSB
[23:38:27] 🔄 Identity reset
[23:38:27] 🔄 Identity rotated (every 10 requests)
[23:38:28] [319/445] TCSJ
[23:38:29] [320/445] RMGP
[23:38:31] [321/445] CLLP
[23:38:32] [322/445] RCMV
[23:38:33] [323/445] CCKS
[23:38:34] [324/445] RSRP
[23:38:35] [325/445] APLP
[23:38:36] [326/445] CNVS
[23:38:36] [327/445] RMVY
[23:38:37] [328/445] PGBD
[23:38:37] 🔄 Identity reset
[23:38:38] 🔄 Identity rotated (every 10 requests)
[23:38:39] [329/445] KLMS
[23:38:40] [330/445] RUST
[23:38:41] [331/445] MASM
[23:38:42] [332/445] BACS
[23:38:43] [333/445] BWST
[23:38:44] [334/445] RRFH
[23:38:45] [335/445] SJTM
[23:38:46] [336/445] BEMR
[23:38:47] [337/445] MCGR
[23:38:48] [338/445] SDSK
[23:38:48] 🔄 Identity reset
[23:38:48] 🔄 Identity rotated (every 10 requests)
[23:38:49] [339/445] VBOL
[23:38:50] [340/445] RMGM
[23:38:51] [341/445] NOPL
[23:38:52] [342/445] MKJK
[23:38:53] [343/445] CVRN
[23:38:54] [344/445] MMEN
[23:38:55] [345/445] AMNG
[23:38:57] [346/445] INTM
[23:38:58] [347/445] SLCZ
[23:38:59] [348/445] AMJN
[23:38:59] 🔄 Identity reset
[23:38:59] 🔄 Identity rotated (every 10 requests)
[23:39:00] [349/445] ACJN
[23:39:01] [350/445] AMKN
[23:39:03] [351/445] BTCN
[23:39:04] [352/445] AMBT
[23:39:05] [353/445] PACN
[23:39:06] [354/445] LCNS
[23:39:07] [355/445] PPKC
[23:39:08] [356/445] JYYN
[23:39:09] [357/445] JTNR
[23:39:10] [358/445] GTEE
[23:39:10] 🔄 Identity reset
[23:39:10] 🔄 Identity rotated (every 10 requests)
[23:39:11] [359/445] SRNM
[23:39:13] [360/445] SDTC
[23:39:14] [361/445] VPCA
[23:39:14] [362/445] VLRA
[23:39:15] [363/445] SHKR
[23:39:17] [364/445] SBKD
[23:39:18] [365/445] SAAD
[23:39:19] [366/445] JTGN
[23:39:20] [367/445] SLAM
[23:39:21] [368/445] VTPM
[23:39:21] 🔄 Identity reset
[23:39:21] 🔄 Identity rotated (every 10 requests)
[23:39:22] [369/445] ANPT
[23:39:23] [370/445] PUNB
[23:39:24] [371/445] CPKT
[23:39:25] [372/445] CNWE
[23:39:26] [373/445] ECPP
[23:39:27] [374/445] CPAR
[23:39:28] [375/445] ESBW
[23:39:30] [376/445] PKPU
[23:39:30] [377/445] CPRP
[23:39:32] [378/445] RAHU
[23:39:32] 🔄 Identity reset
[23:39:32] 🔄 Identity rotated (every 10 requests)
[23:39:34] [379/445] RHMN
[23:39:35] [380/445] FMJP
[23:39:36] [381/445] CTMP
[23:39:37] [382/445] INPN
[23:39:38] [383/445] STTG
[23:39:39] [384/445] CTRD
[23:39:41] [385/445] PUVB
[23:39:41] [386/445] ESVP
[23:39:42] [387/445] CPFT
[23:39:43] [388/445] LCPC
[23:39:43] 🔄 Identity reset
[23:39:43] 🔄 Identity rotated (every 10 requests)
[23:39:44] [389/445] VBCT
[23:39:45] [390/445] FSCW
[23:39:46] [391/445] VCMP
[23:39:47] [392/445] ASHC
[23:39:48] [393/445] VLCX
[23:39:50] [394/445] SHEV
[23:39:51] [395/445] APCO
[23:39:52] [396/445] SILC
[23:39:53] [397/445] SNMR
[23:39:54] [398/445] KYBO
[23:39:54] 🔄 Identity reset
[23:39:54] 🔄 Identity rotated (every 10 requests)
[23:39:55] [399/445] SATK
[23:39:56] [400/445] SSCS
[23:39:57] [401/445] CLSB
[23:39:58] [402/445] KMJR
[23:39:59] [403/445] FSCK
[23:40:00] [404/445] NNKA
[23:40:01] [405/445] CLMK
[23:40:02] [406/445] DMPZ
[23:40:04] [407/445] INQM
[23:40:05] [408/445] CAML
[23:40:05] 🔄 Identity reset
[23:40:05] 🔄 Identity rotated (every 10 requests)
[23:40:06] [409/445] INRK
[23:40:07] [410/445] IMKN
[23:40:08] [411/445] SVNR
[23:40:09] [412/445] INSL
[23:40:09] [413/445] MSMA
[23:40:11] [414/445] MCKK
[23:40:12] [415/445] FCHP
[23:40:13] [416/445] SFCR
[23:40:14] [417/445] NACK
[23:40:15] [418/445] PVAK
[23:40:15] 🔄 Identity reset
[23:40:15] 🔄 Identity rotated (every 10 requests)
[23:40:16] [419/445] INER
[23:40:17] [420/445] RDBK
[23:40:18] [421/445] SVFN
[23:40:18] [422/445] IFRM
[23:40:19] [423/445] ATCK
[23:40:20] [424/445] ASKO
[23:40:22] [425/445] STKT
[23:40:23] [426/445] SVFB
[23:40:24] [427/445] INKS
[23:40:25] [428/445] PCRA
[23:40:25] 🔄 Identity reset
[23:40:25] 🔄 Identity rotated (every 10 requests)
[23:40:26] [429/445] ATJA
[23:40:27] [430/445] IMJN
[23:40:28] [431/445] INHD
[23:40:29] [432/445] BARA
[23:40:30] [433/445] MCSL
[23:40:31] [434/445] RTOY
[23:40:32] [435/445] MENO
[23:40:33] [436/445] PUDM
[23:40:34] [437/445] PRCN
[23:40:36] [438/445] JMJR
[23:40:36] 🔄 Identity reset
[23:40:36] 🔄 Identity rotated (every 10 requests)
[23:40:37] [439/445] SSGK
[23:40:38] [440/445] SSRL
[23:40:40] [441/445] JYKL
[23:40:41] [442/445] ACNB
[23:40:42] [443/445] SONP
[23:40:43] [444/445] EMCI
[23:40:44] [445/445] MRJH
[23:40:45] 🧹 Deduping shows
[23:40:45] ✅ DONE | Shows=3612 | Movies=74
