[18:55:07] 🚀 SCRIPT STARTED (enhanced anti‑detection)
[18:55:07] [1/459] NECA
[18:55:08] 🧠 New identity created
[18:55:08] [2/459] BJLC
[18:55:10] [3/459] BASU
[18:55:11] [4/459] RUPI
[18:55:12] [5/459] LCBK
[18:55:13] [6/459] PMAC
[18:55:14] [7/459] AMLC
[18:55:15] [8/459] LICL
[18:55:16] [9/459] UDMM
[18:55:17] [10/459] STBZ
[18:55:18] 🔄 Identity reset
[18:55:18] 🔄 Identity rotated (every 10 requests)
[18:55:18] 🔄 Retry 1/5 for STBZ in 2.8s
[18:55:18] 🔄 Identity reset
[18:55:21] 🧠 New identity created
[18:55:21] [11/459] UUBT
[18:55:23] [12/459] SJKC
[18:55:24] [13/459] TUAL
[18:55:25] [14/459] MRSE
[18:55:26] [15/459] RMRK
[18:55:27] [16/459] TTKP
[18:55:27] [17/459] KTKO
[18:55:28] [18/459] SDBK
[18:55:29] [19/459] MCPR
[18:55:30] 🔄 Identity reset
[18:55:30] 🔄 Identity rotated (every 10 requests)
[18:55:30] [20/459] CHTI
[18:55:31] [21/459] GCCP
[18:55:32] [22/459] SRMY
[18:55:33] [23/459] NYST
[18:55:33] [24/459] NYAG
[18:55:34] [25/459] SBMT
[18:55:35] [26/459] INGA
[18:55:36] [27/459] WSIC
[18:55:37] [28/459] SCSS
[18:55:38] [29/459] COPG
[18:55:38] 🔄 Identity reset
[18:55:38] 🔄 Identity rotated (every 10 requests)
[18:55:39] [30/459] RCGR
[18:55:40] [31/459] TCZA
[18:55:41] [32/459] CNLP
[18:55:42] [33/459] CLKN
[18:55:43] [34/459] LHDF
[18:55:43] [35/459] ELKC
[18:55:44] [36/459] VCEM
[18:55:45] [37/459] SSZA
[18:55:47] [38/459] KRMT
[18:55:48] [39/459] LCMV
[18:55:49] 🔄 Identity reset
[18:55:49] 🔄 Identity rotated (every 10 requests)
[18:55:49] [40/459] AYCZ
[18:55:50] [41/459] CUMS
[18:55:51] [42/459] BOCK
[18:55:52] [43/459] PNMR
[18:55:53] [44/459] PJCP
[18:55:54] [45/459] JDDD
[18:55:55] [46/459] STMS
[18:55:55] [47/459] FLMB
[18:55:56] [48/459] PKCM
[18:55:57] [49/459] SPPR
[18:55:58] 🔄 Identity reset
[18:55:58] 🔄 Identity rotated (every 10 requests)
[18:55:58] [50/459] EYLH
[18:55:59] [51/459] RJCC
[18:56:00] [52/459] MMPS
[18:56:01] [53/459] SHMX
[18:56:02] [54/459] CCNL
[18:56:03] [55/459] RCNV
[18:56:04] [56/459] MAAG
[18:56:05] [57/459] LXCM
[18:56:05] [58/459] RCNI
[18:56:07] [59/459] SNNI
[18:56:07] 🔄 Identity reset
[18:56:07] 🔄 Identity rotated (every 10 requests)
[18:56:08] [60/459] LALC
[18:56:08] [61/459] SOCN
[18:56:10] [62/459] JHTP
[18:56:11] [63/459] PITP
[18:56:12] [64/459] CCKW
[18:56:13] [65/459] MCMC
[18:56:14] [66/459] DEES
[18:56:16] [67/459] SABT
[18:56:16] [68/459] VSPP
[18:56:17] [69/459] ABCT
[18:56:18] 🔄 Identity reset
[18:56:18] 🔄 Identity rotated (every 10 requests)
[18:56:18] [70/459] JVTB
[18:56:19] [71/459] VCBD
[18:56:21] [72/459] RMGG
[18:56:22] [73/459] RNMH
[18:56:23] [74/459] SPGL
[18:56:24] [75/459] JTTR
[18:56:25] [76/459] SICS
[18:56:26] [77/459] SRMI
[18:56:27] [78/459] SSIJ
[18:56:28] [79/459] KFMT
[18:56:28] 🔄 Identity reset
[18:56:28] 🔄 Identity rotated (every 10 requests)
[18:56:29] [80/459] VBIT
[18:56:30] [81/459] JKCT
[18:56:31] [82/459] GCGP
[18:56:31] [83/459] GDCS
[18:56:32] [84/459] TRBA
[18:56:33] [85/459] QUST
[18:56:34] [86/459] VSHM
[18:56:35] [87/459] SDCP
[18:56:36] [88/459] SNVS
[18:56:36] [89/459] NYTO
[18:56:37] 🔄 Identity reset
[18:56:37] 🔄 Identity rotated (every 10 requests)
[18:56:38] [90/459] URWC
[18:56:39] [91/459] GTWH
[18:56:40] [92/459] PFCM
[18:56:41] [93/459] KRTA
[18:56:42] [94/459] AXMC
[18:56:43] [95/459] EVMC
[18:56:44] [96/459] HGSM
[18:56:45] [97/459] ACVM
[18:56:46] [98/459] PSKL
[18:56:47] [99/459] RDMP
[18:56:48] 🔄 Identity reset
[18:56:48] 🔄 Identity rotated (every 10 requests)
[18:56:48] [100/459] RHGH
[18:56:49] [101/459] OMCM
[18:56:50] [102/459] DCCP
[18:56:51] [103/459] MCPB
[18:56:52] [104/459] ALCI
[18:56:53] [105/459] BLMX
[18:56:54] [106/459] BTMV
[18:56:55] [107/459] FVPN
[18:56:56] [108/459] CMAR
[18:56:56] [109/459] CEIM
[18:56:57] 🔄 Identity reset
[18:56:57] 🔄 Identity rotated (every 10 requests)
[18:56:57] [110/459] CMVA
[18:56:58] [111/459] CPIV
[18:56:59] [112/459] CNPE
[18:57:00] [113/459] COLV
[18:57:01] [114/459] DNNV
[18:57:02] [115/459] HCAD
[18:57:03] [116/459] TAKA
[18:57:04] [117/459] INVD
[18:57:05] [118/459] IRMM
[18:57:06] [119/459] INSE
[18:57:07] 🔄 Identity reset
[18:57:07] 🔄 Identity rotated (every 10 requests)
[18:57:07] 🔄 Retry 1/5 for INSE in 2.8s
[18:57:07] 🔄 Identity reset
[18:57:09] 🧠 New identity created
[18:57:10] [120/459] MRSW
[18:57:11] [121/459] MCVD
[18:57:12] [122/459] MCSO
[18:57:13] [123/459] PEVM
[18:57:14] [124/459] PVNL
[18:57:15] [125/459] PTCV
[18:57:16] [126/459] PRTC
[18:57:17] [127/459] RCVA
[18:57:18] [128/459] MTBN
[18:57:18] 🔄 Identity reset
[18:57:19] 🔄 Identity rotated (every 10 requests)
[18:57:19] [129/459] LUCP
[18:57:20] [130/459] FMPT
[18:57:21] [131/459] JLSL
[18:57:22] [132/459] SBHA
[18:57:23] [133/459] SHRC
[18:57:24] [134/459] AVPS
[18:57:25] [135/459] STPM
[18:57:26] [136/459] ATRD
[18:57:27] [137/459] VTED
[18:57:28] [138/459] ACAI
[18:57:28] 🔄 Identity reset
[18:57:28] 🔄 Identity rotated (every 10 requests)
[18:57:29] [139/459] SMAE
[18:57:30] [140/459] VMAT
[18:57:31] [141/459] LKCT
[18:57:32] [142/459] JTVK
[18:57:33] [143/459] PRTY
[18:57:34] [144/459] GETT
[18:57:34] [145/459] ESAP
[18:57:35] [146/459] NCPM
[18:57:36] [147/459] PCPA
[18:57:37] [148/459] MMOM
[18:57:38] 🔄 Identity reset
[18:57:38] 🔄 Identity rotated (every 10 requests)
[18:57:38] [149/459] PHUP
[18:57:39] [150/459] CCPI
[18:57:40] [151/459] CNTD
[18:57:41] [152/459] NLJR
[18:57:42] [153/459] SRNG
[18:57:43] [154/459] MHAL
[18:57:44] [155/459] PNSM
[18:57:45] [156/459] DRMY
[18:57:46] [157/459] CCMU
[18:57:48] [158/459] SCMY
[18:57:49] 🔄 Identity reset
[18:57:49] 🔄 Identity rotated (every 10 requests)
[18:57:49] [159/459] PVSY
[18:57:50] [160/459] SDLM
[18:57:51] [161/459] ICCM
[18:57:52] [162/459] PYSU
[18:57:52] [163/459] GATM
[18:57:53] [164/459] WOTM
[18:57:54] [165/459] RKTS
[18:57:55] [166/459] PMTY
[18:57:56] [167/459] LYMS
[18:57:57] [168/459] TGCA
[18:57:58] 🔄 Identity reset
[18:57:58] 🔄 Identity rotated (every 10 requests)
[18:57:58] [169/459] DSTA
[18:57:59] [170/459] CNGE
[18:58:00] [171/459] VSTG
[18:58:01] [172/459] GTCK
[18:58:01] [173/459] TGNT
[18:58:03] [174/459] ASLC
[18:58:04] [175/459] SSST
[18:58:05] [176/459] KBTT
[18:58:06] [177/459] HKCP
[18:58:06] [178/459] SWLC
[18:58:07] 🔄 Identity reset
[18:58:07] 🔄 Identity rotated (every 10 requests)
[18:58:07] [179/459] RTND
[18:58:08] [180/459] PKKT
[18:58:10] [181/459] HSTK
[18:58:11] [182/459] SPTT
[18:58:12] [183/459] IMPM
[18:58:13] [184/459] SCMV
[18:58:14] [185/459] SPCT
[18:58:15] [186/459] JBCA
[18:58:16] [187/459] ATTR
[18:58:17] [188/459] SPMT
[18:58:17] 🔄 Identity reset
[18:58:17] 🔄 Identity rotated (every 10 requests)
[18:58:19] [189/459] LCTM
[18:58:20] [190/459] SCVL
[18:58:20] [191/459] SCVT
[18:58:21] [192/459] KRIC
[18:58:22] [193/459] CTMG
[18:58:23] [194/459] ACNC
[18:58:24] [195/459] DMCK
[18:58:25] [196/459] KMTV
[18:58:26] [197/459] PFCJ
[18:58:26] [198/459] VNMD
[18:58:27] 🔄 Identity reset
[18:58:27] 🔄 Identity rotated (every 10 requests)
[18:58:27] [199/459] VPCZ
[18:58:28] [200/459] SRYR
[18:58:29] [201/459] SYTR
[18:58:30] [202/459] GATR
[18:58:31] [203/459] URTR
[18:58:32] [204/459] MKSM
[18:58:33] [205/459] VSMH
[18:58:34] [206/459] SKRJ
[18:58:35] [207/459] SSJR
[18:58:35] [208/459] SVSM
[18:58:36] 🔄 Identity reset
[18:58:36] 🔄 Identity rotated (every 10 requests)
[18:58:36] 🔄 Retry 1/5 for SVSM in 2.2s
[18:58:36] 🔄 Identity reset
[18:58:38] 🧠 New identity created
[18:58:39] [209/459] RUCM
[18:58:40] [210/459] PRKN
[18:58:41] [211/459] RROH
[18:58:41] [212/459] SCTN
[18:58:42] [213/459] RTDM
[18:58:44] [214/459] ASRM
[18:58:45] [215/459] SKMD
[18:58:46] [216/459] SUTD
[18:58:47] [217/459] SADM
[18:58:47] 🔄 Identity reset
[18:58:47] 🔄 Identity rotated (every 10 requests)
[18:58:48] [218/459] WCNR
[18:58:49] [219/459] CNED
[18:58:49] [220/459] MPDB
[18:58:50] [221/459] KTBH
[18:58:51] [222/459] IDRM
[18:58:52] [223/459] PJJT
[18:58:53] [224/459] PFCV
[18:58:54] [225/459] AACT
[18:58:54] [226/459] AAAD
[18:58:55] [227/459] ANES
[18:58:56] 🔄 Identity reset
[18:58:56] 🔄 Identity rotated (every 10 requests)
[18:58:57] [228/459] MNCA
[18:58:58] [229/459] RMGU
[18:58:58] [230/459] DLCN
[18:58:59] [231/459] LJWT
[18:59:00] [232/459] MCBG
[18:59:01] [233/459] MYBG
[18:59:02] [234/459] GCCA
[18:59:03] [235/459] GCGA
[18:59:04] [236/459] ECGN
[18:59:05] [237/459] PRAB
[18:59:05] 🔄 Identity reset
[18:59:05] 🔄 Identity rotated (every 10 requests)
[18:59:06] [238/459] PNMP
[18:59:06] [239/459] GCPT
[18:59:07] [240/459] ROYN
[18:59:09] [241/459] VATM
[18:59:10] [242/459] KSNT
[18:59:11] [243/459] ACTC
[18:59:12] [244/459] PLTD
[18:59:13] [245/459] SKMK
[18:59:14] [246/459] CMTT
[18:59:14] [247/459] SMXP
[18:59:15] 🔄 Identity reset
[18:59:15] 🔄 Identity rotated (every 10 requests)
[18:59:15] [248/459] SCMX
[18:59:16] [249/459] ACXN
[18:59:17] [250/459] ASWT
[18:59:18] [251/459] VVVL
[18:59:19] [252/459] NAGO
[18:59:20] [253/459] SNCN
[18:59:21] [254/459] MCKP
[18:59:22] [255/459] SAMO
[18:59:22] [256/459] JBTV
[18:59:23] [257/459] DCVV
[18:59:24] 🔄 Identity reset
[18:59:24] 🔄 Identity rotated (every 10 requests)
[18:59:24] [258/459] KMSV
[18:59:25] [259/459] KDCN
[18:59:26] [260/459] CNCP
[18:59:27] [261/459] HAMC
[18:59:29] [262/459] CCVZ
[18:59:29] [263/459] NCCK
[18:59:31] [264/459] MCHR
[18:59:31] [265/459] SCHT
[18:59:32] [266/459] ESSH
[18:59:33] [267/459] CUJC
[18:59:34] 🔄 Identity reset
[18:59:34] 🔄 Identity rotated (every 10 requests)
[18:59:34] [268/459] PECP
[18:59:35] [269/459] PMMI
[18:59:37] [270/459] PCCH
[18:59:38] [271/459] PRPM
[18:59:39] [272/459] PVKL
[18:59:40] [273/459] CBSM
[18:59:41] [274/459] PVCZ
[18:59:41] [275/459] PCVV
[18:59:43] [276/459] CTMJ
[18:59:44] [277/459] RCPS
[18:59:44] 🔄 Identity reset
[18:59:44] 🔄 Identity rotated (every 10 requests)
[18:59:44] 🔄 Retry 1/5 for RCPS in 2.8s
[18:59:44] 🔄 Identity reset
[18:59:47] 🧠 New identity created
[18:59:49] [278/459] PCIT
[18:59:50] [279/459] FNCH
[18:59:51] [280/459] INZD
[18:59:52] [281/459] INPC
[18:59:53] [282/459] LCZP
[18:59:54] [283/459] SMCB
[18:59:56] [284/459] PTSB
[18:59:57] [285/459] TPSI
[18:59:58] [286/459] KHMJ
[18:59:59] 🔄 Identity reset
[18:59:59] 🔄 Identity rotated (every 10 requests)
[18:59:59] [287/459] RCCJ
[19:00:00] [288/459] NCJA
[19:00:01] [289/459] NCJN
[19:00:02] [290/459] BTDP
[19:00:03] [291/459] PADY
[19:00:04] [292/459] NYBH
[19:00:05] [293/459] MTBR
[19:00:06] [294/459] KRBC
[19:00:07] [295/459] DKTI
[19:00:07] [296/459] ANAN
[19:00:08] 🔄 Identity reset
[19:00:08] 🔄 Identity rotated (every 10 requests)
[19:00:08] [297/459] INBP
[19:00:09] [298/459] PATB
[19:00:10] [299/459] RGNT
[19:00:11] [300/459] CGPM
[19:00:12] [301/459] INTN
[19:00:13] [302/459] MCMP
[19:00:14] [303/459] ASRG
[19:00:15] [304/459] CXJD
[19:00:16] [305/459] SPCP
[19:00:17] [306/459] CSTP
[19:00:17] 🔄 Identity reset
[19:00:17] 🔄 Identity rotated (every 10 requests)
[19:00:17] 🔄 Retry 1/5 for CSTP in 2.4s
[19:00:17] 🔄 Identity reset
[19:00:20] 🧠 New identity created
[19:00:20] [307/459] PKVC
[19:00:22] [308/459] ESCP
[19:00:23] [309/459] CAEP
[19:00:24] [310/459] CCSP
[19:00:25] [311/459] KTPC
[19:00:26] [312/459] DACA
[19:00:27] [313/459] NVKY
[19:00:27] [314/459] PTIN
[19:00:28] [315/459] SCIN
[19:00:29] 🔄 Identity reset
[19:00:29] 🔄 Identity rotated (every 10 requests)
[19:00:29] [316/459] MCTY
[19:00:30] [317/459] PCMX
[19:00:31] [318/459] INIC
[19:00:32] [319/459] MMZM
[19:00:33] [320/459] SSLP
[19:00:34] [321/459] DTDT
[19:00:35] [322/459] FFCX
[19:00:36] [323/459] RCMM
[19:00:37] [324/459] KYID
[19:00:38] [325/459] CSCI
[19:00:39] 🔄 Identity reset
[19:00:39] 🔄 Identity rotated (every 10 requests)
[19:00:39] [326/459] FCMC
[19:00:40] [327/459] MMXI
[19:00:41] [328/459] ASTC
[19:00:42] [329/459] CMRA
[19:00:43] [330/459] DICI
[19:00:44] [331/459] KDIN
[19:00:44] [332/459] PRFI
[19:00:45] [333/459] SVFC
[19:00:46] [334/459] UCPL
[19:00:47] [335/459] COOC
[19:00:48] 🔄 Identity reset
[19:00:48] 🔄 Identity rotated (every 10 requests)
[19:00:48] [336/459] SCAL
[19:00:49] [337/459] SVFF
[19:00:50] [338/459] VCMG
[19:00:51] [339/459] UUCT
[19:00:52] [340/459] GCSE
[19:00:53] [341/459] SUSC
[19:00:54] [342/459] MISC
[19:00:55] [343/459] RMBL
[19:00:56] [344/459] CMXN
[19:00:57] [345/459] PVBK
[19:00:57] 🔄 Identity reset
[19:00:57] 🔄 Identity rotated (every 10 requests)
[19:00:58] [346/459] HHCG
[19:00:58] [347/459] SCAG
[19:00:59] [348/459] CNPR
[19:01:00] [349/459] CSER
[19:01:01] [350/459] HLWD
[19:01:02] [351/459] BOLY
[19:01:03] [352/459] SSPG
[19:01:04] [353/459] MUPX
[19:01:05] [354/459] HAMR
[19:01:06] [355/459] SDNC
[19:01:07] 🔄 Identity reset
[19:01:07] 🔄 Identity rotated (every 10 requests)
[19:01:07] [356/459] RTEN
[19:01:08] [357/459] SDTD
[19:01:09] [358/459] KAWS
[19:01:10] [359/459] CMZX
[19:01:10] [360/459] DCDD
[19:01:12] [361/459] ALSN
[19:01:13] [362/459] IMXS
[19:01:13] [363/459] PVFF
[19:01:14] [364/459] PVOO
[19:01:15] [365/459] CFBS
[19:01:16] 🔄 Identity reset
[19:01:16] 🔄 Identity rotated (every 10 requests)
[19:01:16] [366/459] PVER
[19:01:17] [367/459] PPNX
[19:01:18] [368/459] CNRM
[19:01:19] [369/459] PVWW
[19:01:20] [370/459] INMB
[19:01:21] [371/459] CPJR
[19:01:22] [372/459] INRZ
[19:01:22] [373/459] PMSR
[19:01:23] [374/459] GPGM
[19:01:24] [375/459] PGWB
[19:01:25] 🔄 Identity reset
[19:01:25] 🔄 Identity rotated (every 10 requests)
[19:01:25] [376/459] PMBR
[19:01:26] [377/459] GPAM
[19:01:27] [378/459] INBC
[19:01:28] [379/459] PZVK
[19:01:28] [380/459] CPEB
[19:01:29] [381/459] FMLB
[19:01:30] [382/459] INBG
[19:01:31] [383/459] GPBR
[19:01:32] [384/459] PAAS
[19:01:33] [385/459] VTBR
[19:01:33] 🔄 Identity reset
[19:01:33] 🔄 Identity rotated (every 10 requests)
[19:01:34] [386/459] GPMY
[19:01:35] [387/459] GYBU
[19:01:36] [388/459] INBJ
[19:01:36] [389/459] LKTH
[19:01:37] [390/459] NSBR
[19:01:38] [391/459] PDRD
[19:01:39] [392/459] VRBL
[19:01:40] [393/459] VTGB
[19:01:41] [394/459] VTSK
[19:01:42] [395/459] BKDV
[19:01:42] 🔄 Identity reset
[19:01:42] 🔄 Identity rotated (every 10 requests)
[19:01:43] [396/459] SVTB
[19:01:43] [397/459] MLDT
[19:01:44] [398/459] NRBL
[19:01:46] [399/459] SLTR
[19:01:47] [400/459] VNKA
[19:01:48] [401/459] TDCA
[19:01:49] [402/459] INBM
[19:01:50] [403/459] SSNR
[19:01:51] [404/459] BHAC
[19:01:52] [405/459] SDSD
[19:01:52] 🔄 Identity reset
[19:01:52] 🔄 Identity rotated (every 10 requests)
[19:01:52] [406/459] SAMP
[19:01:54] [407/459] RATK
[19:01:55] [408/459] KCBI
[19:01:56] [409/459] URBL
[19:01:57] [410/459] MKBG
[19:01:57] [411/459] ASTB
[19:01:58] [412/459] VBWT
[19:01:59] [413/459] GPSM
[19:02:00] [414/459] ROON
[19:02:01] [415/459] CHTH
[19:02:02] 🔄 Identity reset
[19:02:02] 🔄 Identity rotated (every 10 requests)
[19:02:02] [416/459] SSPA
[19:02:03] [417/459] ANBL
[19:02:04] [418/459] VTBE
[19:02:05] [419/459] SVKT
[19:02:06] [420/459] SVYK
[19:02:06] [421/459] PTBK
[19:02:07] [422/459] RKTB
[19:02:08] [423/459] BALT
[19:02:09] [424/459] STSV
[19:02:10] [425/459] VCCB
[19:02:11] 🔄 Identity reset
[19:02:11] 🔄 Identity rotated (every 10 requests)
[19:02:11] [426/459] SLTB
[19:02:12] [427/459] SBCR
[19:02:13] [428/459] VDCS
[19:02:14] [429/459] MDKI
[19:02:15] [430/459] SMRN
[19:02:16] [431/459] PTBC
[19:02:16] [432/459] RADI
[19:02:17] [433/459] ADCR
[19:02:18] [434/459] SDCS
[19:02:19] [435/459] SRPJ
[19:02:19] 🔄 Identity reset
[19:02:20] 🔄 Identity rotated (every 10 requests)
[19:02:20] [436/459] ARTS
[19:02:21] [437/459] SRHK
[19:02:22] [438/459] SPAY
[19:02:23] [439/459] GPTB
[19:02:23] [440/459] SNNN
[19:02:24] [441/459] BALJ
[19:02:26] [442/459] TRIG
[19:02:27] [443/459] GTYT
[19:02:28] [444/459] ATGN
[19:02:29] [445/459] ANTE
[19:02:29] 🔄 Identity reset
[19:02:29] 🔄 Identity rotated (every 10 requests)
[19:02:30] [446/459] BDCG
[19:02:31] [447/459] VECI
[19:02:32] [448/459] SCPR
[19:02:33] [449/459] RTEA
[19:02:33] [450/459] JSAI
[19:02:34] [451/459] VJTP
[19:02:35] [452/459] GNDS
[19:02:36] [453/459] PAXA
[19:02:38] [454/459] CGGM
[19:02:39] [455/459] ACKZ
[19:02:39] 🔄 Identity reset
[19:02:39] 🔄 Identity rotated (every 10 requests)
[19:02:40] [456/459] EMCC
[19:02:40] [457/459] KLSK
[19:02:41] [458/459] AVCK
[19:02:42] [459/459] JTCK
[19:02:43] 🧹 Deduping shows
[19:02:43] ✅ DONE | Shows=533 | Movies=21
[10:27:02] 🚀 SCRIPT STARTED
[10:27:02] [1/459] NECA
[10:27:02] 🧠 New identity created
[10:27:03] [2/459] BJLC
[10:27:04] [3/459] BASU
[10:27:05] [4/459] RUPI
[10:27:06] [5/459] LCBK
[10:27:09] [6/459] PMAC
[10:27:10] [7/459] AMLC
[10:27:11] [8/459] LICL
[10:27:12] [9/459] UDMM
[10:27:13] [10/459] STBZ
[10:27:13] 🔄 Identity reset
[10:27:13] 🔄 Identity rotated (every 10 requests)
[10:27:14] [11/459] UUBT
[10:27:14] [12/459] SJKC
[10:27:16] [13/459] TUAL
[10:27:17] [14/459] MRSE
[10:27:18] [15/459] RMRK
[10:27:19] [16/459] TTKP
[10:27:20] [17/459] KTKO
[10:27:21] [18/459] SDBK
[10:27:26] [19/459] MCPR
[10:27:27] [20/459] CHTI
[10:27:27] 🔄 Identity reset
[10:27:27] 🔄 Identity rotated (every 10 requests)
[10:27:28] [21/459] GCCP
[10:27:29] [22/459] SRMY
[10:27:30] [23/459] NYST
[10:27:36] [24/459] NYAG
[10:27:37] [25/459] SBMT
[10:27:38] [26/459] INGA
[10:27:39] [27/459] WSIC
[10:27:40] [28/459] SCSS
[10:27:42] [29/459] COPG
[10:27:43] [30/459] RCGR
[10:27:43] 🔄 Identity reset
[10:27:43] 🔄 Identity rotated (every 10 requests)
[10:27:44] [31/459] TCZA
[10:27:45] [32/459] CNLP
[10:27:46] [33/459] CLKN
[10:27:47] [34/459] LHDF
[10:27:48] [35/459] ELKC
[10:27:49] [36/459] VCEM
[10:27:50] [37/459] SSZA
[10:27:51] [38/459] KRMT
[10:27:52] [39/459] LCMV
[10:27:53] [40/459] AYCZ
[10:27:53] 🔄 Identity reset
[10:27:53] 🔄 Identity rotated (every 10 requests)
[10:27:55] [41/459] CUMS
[10:27:56] [42/459] BOCK
[10:27:57] [43/459] PNMR
[10:27:58] [44/459] PJCP
[10:27:59] [45/459] JDDD
[10:28:00] [46/459] STMS
[10:28:01] [47/459] FLMB
[10:28:02] [48/459] PKCM
[10:28:03] [49/459] SPPR
[10:28:04] [50/459] EYLH
[10:28:04] 🔄 Identity reset
[10:28:04] 🔄 Identity rotated (every 10 requests)
[10:28:05] [51/459] RJCC
[10:28:17] 🔄 Retry 1/5 for RJCC in 2.9s
[10:28:17] 🔄 Identity reset
[10:28:20] 🧠 New identity created
[10:28:28] [52/459] MMPS
[10:28:29] [53/459] SHMX
[10:28:30] [54/459] CCNL
[10:28:31] [55/459] RCNV
[10:28:32] [56/459] MAAG
[10:28:33] [57/459] LXCM
[10:28:34] [58/459] RCNI
[10:28:35] [59/459] SNNI
[10:28:35] 🔄 Identity reset
[10:28:35] 🔄 Identity rotated (every 10 requests)
[10:28:36] [60/459] LALC
[10:28:37] [61/459] SOCN
[10:28:38] [62/459] JHTP
[10:28:39] [63/459] PITP
[10:28:40] [64/459] CCKW
[10:28:41] [65/459] MCMC
[10:28:42] [66/459] DEES
[10:28:43] [67/459] SABT
[10:28:44] [68/459] VSPP
[10:28:45] [69/459] ABCT
[10:28:45] 🔄 Identity reset
[10:28:45] 🔄 Identity rotated (every 10 requests)
[10:28:46] [70/459] JVTB
[10:28:47] [71/459] VCBD
[10:28:48] [72/459] RMGG
[10:28:49] [73/459] RNMH
[10:28:50] [74/459] SPGL
[10:28:50] [75/459] JTTR
[10:28:52] [76/459] SICS
[10:28:53] [77/459] SRMI
[10:28:54] [78/459] SSIJ
[10:28:55] [79/459] KFMT
[10:28:55] 🔄 Identity reset
[10:28:55] 🔄 Identity rotated (every 10 requests)
[10:28:56] [80/459] VBIT
[10:28:57] [81/459] JKCT
[10:28:58] [82/459] GCGP
[10:28:59] [83/459] GDCS
[10:29:01] [84/459] TRBA
[10:29:01] [85/459] QUST
[10:29:03] [86/459] VSHM
[10:29:04] [87/459] SDCP
[10:29:05] [88/459] SNVS
[10:29:06] [89/459] NYTO
[10:29:06] 🔄 Identity reset
[10:29:06] 🔄 Identity rotated (every 10 requests)
[10:29:08] [90/459] URWC
[10:29:08] [91/459] GTWH
[10:29:10] [92/459] PFCM
[10:29:11] [93/459] KRTA
[10:29:12] [94/459] AXMC
[10:29:13] [95/459] EVMC
[10:29:15] [96/459] HGSM
[10:29:15] [97/459] ACVM
[10:29:16] [98/459] PSKL
[10:29:17] [99/459] RDMP
[10:29:17] 🔄 Identity reset
[10:29:17] 🔄 Identity rotated (every 10 requests)
[10:29:19] [100/459] RHGH
[10:29:21] [101/459] OMCM
[10:29:22] [102/459] DCCP
[10:29:23] [103/459] MCPB
[10:29:24] [104/459] ALCI
[10:29:25] [105/459] BLMX
[10:29:26] [106/459] BTMV
[10:29:27] [107/459] FVPN
[10:29:28] [108/459] CMAR
[10:29:29] [109/459] CEIM
[10:29:29] 🔄 Identity reset
[10:29:29] 🔄 Identity rotated (every 10 requests)
[10:29:30] [110/459] CMVA
[10:29:31] [111/459] CPIV
[10:29:32] [112/459] CNPE
[10:29:33] [113/459] COLV
[10:29:34] [114/459] DNNV
[10:29:35] [115/459] HCAD
[10:29:36] [116/459] TAKA
[10:29:37] [117/459] INVD
[10:29:38] [118/459] IRMM
[10:29:39] [119/459] INSE
[10:29:39] 🔄 Identity reset
[10:29:39] 🔄 Identity rotated (every 10 requests)
[10:29:40] [120/459] MRSW
[10:29:41] [121/459] MCVD
[10:29:42] [122/459] MCSO
[10:29:43] [123/459] PEVM
[10:29:49] [124/459] PVNL
[10:29:50] [125/459] PTCV
[10:29:51] [126/459] PRTC
[10:29:52] [127/459] RCVA
[10:29:53] [128/459] MTBN
[10:29:54] [129/459] LUCP
[10:29:54] 🔄 Identity reset
[10:29:54] 🔄 Identity rotated (every 10 requests)
[10:29:54] [130/459] FMPT
[10:29:55] [131/459] JLSL
[10:29:57] [132/459] SBHA
[10:29:59] [133/459] SHRC
[10:30:00] [134/459] AVPS
[10:30:01] [135/459] STPM
[10:30:03] [136/459] ATRD
[10:30:04] [137/459] VTED
[10:30:06] [138/459] ACAI
[10:30:07] [139/459] SMAE
[10:30:07] 🔄 Identity reset
[10:30:07] 🔄 Identity rotated (every 10 requests)
[10:30:09] [140/459] VMAT
[10:30:10] [141/459] LKCT
[10:30:10] [142/459] JTVK
[10:30:11] [143/459] PRTY
[10:30:13] [144/459] GETT
[10:30:14] [145/459] ESAP
[10:30:15] [146/459] NCPM
[10:30:16] [147/459] PCPA
[10:30:17] [148/459] MMOM
[10:30:19] [149/459] PHUP
[10:30:19] 🔄 Identity reset
[10:30:19] 🔄 Identity rotated (every 10 requests)
[10:30:20] [150/459] CCPI
[10:30:21] [151/459] CNTD
[10:30:22] [152/459] NLJR
[10:30:23] [153/459] SRNG
[10:30:24] [154/459] MHAL
[10:30:25] [155/459] PNSM
[10:30:26] [156/459] DRMY
[10:30:27] [157/459] CCMU
[10:30:28] [158/459] SCMY
[10:30:29] [159/459] PVSY
[10:30:29] 🔄 Identity reset
[10:30:29] 🔄 Identity rotated (every 10 requests)
[10:30:31] [160/459] SDLM
[10:30:32] [161/459] ICCM
[10:30:34] [162/459] PYSU
[10:30:35] [163/459] GATM
[10:30:35] [164/459] WOTM
[10:30:36] [165/459] RKTS
[10:30:37] [166/459] PMTY
[10:30:39] [167/459] LYMS
[10:30:40] [168/459] TGCA
[10:30:41] [169/459] DSTA
[10:30:41] 🔄 Identity reset
[10:30:41] 🔄 Identity rotated (every 10 requests)
[10:30:43] [170/459] CNGE
[10:30:44] [171/459] VSTG
[10:30:45] [172/459] GTCK
[10:30:45] [173/459] TGNT
[10:30:46] [174/459] ASLC
[10:30:47] [175/459] SSST
[10:30:48] [176/459] KBTT
[10:30:50] [177/459] HKCP
[10:30:51] [178/459] SWLC
[10:30:52] [179/459] RTND
[10:30:52] 🔄 Identity reset
[10:30:52] 🔄 Identity rotated (every 10 requests)
[10:30:53] [180/459] PKKT
[10:30:53] [181/459] HSTK
[10:30:54] [182/459] SPTT
[10:30:55] [183/459] IMPM
[10:30:58] [184/459] SCMV
[10:30:59] [185/459] SPCT
[10:30:59] [186/459] JBCA
[10:31:01] [187/459] ATTR
[10:31:02] [188/459] SPMT
[10:31:03] [189/459] LCTM
[10:31:03] 🔄 Identity reset
[10:31:03] 🔄 Identity rotated (every 10 requests)
[10:31:04] [190/459] SCVL
[10:31:06] [191/459] SCVT
[10:31:06] [192/459] KRIC
[10:31:07] [193/459] CTMG
[10:31:08] [194/459] ACNC
[10:31:09] [195/459] DMCK
[10:31:10] [196/459] KMTV
[10:31:11] [197/459] PFCJ
[10:31:12] [198/459] VNMD
[10:31:13] [199/459] VPCZ
[10:31:13] 🔄 Identity reset
[10:31:13] 🔄 Identity rotated (every 10 requests)
[10:31:14] [200/459] SRYR
[10:31:15] [201/459] SYTR
[10:31:20] [202/459] GATR
[10:31:21] [203/459] URTR
[10:31:21] [204/459] MKSM
[10:31:22] [205/459] VSMH
[10:31:23] [206/459] SKRJ
[10:31:24] [207/459] SSJR
[10:31:25] [208/459] SVSM
[10:31:26] [209/459] RUCM
[10:31:26] 🔄 Identity reset
[10:31:26] 🔄 Identity rotated (every 10 requests)
[10:31:27] [210/459] PRKN
[10:31:28] [211/459] RROH
[10:31:29] [212/459] SCTN
[10:31:31] [213/459] RTDM
[10:31:32] [214/459] ASRM
[10:31:33] [215/459] SKMD
[10:31:34] [216/459] SUTD
[10:31:35] [217/459] SADM
[10:31:36] [218/459] WCNR
[10:31:37] [219/459] CNED
[10:31:37] 🔄 Identity reset
[10:31:37] 🔄 Identity rotated (every 10 requests)
[10:31:38] [220/459] MPDB
[10:31:39] [221/459] KTBH
[10:31:40] [222/459] IDRM
[10:31:41] [223/459] PJJT
[10:31:43] [224/459] PFCV
[10:31:44] [225/459] AACT
[10:31:45] [226/459] AAAD
[10:31:46] [227/459] ANES
[10:31:47] [228/459] MNCA
[10:31:48] [229/459] RMGU
[10:31:48] 🔄 Identity reset
[10:31:48] 🔄 Identity rotated (every 10 requests)
[10:31:49] [230/459] DLCN
[10:31:57] [231/459] LJWT
[10:31:58] [232/459] MCBG
[10:31:59] [233/459] MYBG
[10:32:01] [234/459] GCCA
[10:32:02] [235/459] GCGA
[10:32:03] [236/459] ECGN
[10:32:04] [237/459] PRAB
[10:32:05] [238/459] PNMP
[10:32:06] [239/459] GCPT
[10:32:06] 🔄 Identity reset
[10:32:06] 🔄 Identity rotated (every 10 requests)
[10:32:08] [240/459] ROYN
[10:32:09] [241/459] VATM
[10:32:10] [242/459] KSNT
[10:32:14] [243/459] ACTC
[10:32:15] [244/459] PLTD
[10:32:16] [245/459] SKMK
[10:32:16] [246/459] CMTT
[10:32:18] [247/459] SMXP
[10:32:18] [248/459] SCMX
[10:32:19] [249/459] ACXN
[10:32:19] 🔄 Identity reset
[10:32:19] 🔄 Identity rotated (every 10 requests)
[10:32:19] 🔄 Retry 1/5 for ACXN in 2.8s
[10:32:19] 🔄 Identity reset
[10:32:22] 🧠 New identity created
[10:32:23] [250/459] ASWT
[10:32:24] [251/459] VVVL
[10:32:24] [252/459] NAGO
[10:32:26] [253/459] SNCN
[10:32:27] [254/459] MCKP
[10:32:29] [255/459] SAMO
[10:32:29] [256/459] JBTV
[10:32:30] [257/459] DCVV
[10:32:31] [258/459] KMSV
[10:32:31] 🔄 Identity reset
[10:32:32] 🔄 Identity rotated (every 10 requests)
[10:32:32] [259/459] KDCN
[10:32:33] [260/459] CNCP
[10:32:35] [261/459] HAMC
[10:32:36] [262/459] CCVZ
[10:32:37] [263/459] NCCK
[10:32:38] [264/459] MCHR
[10:32:39] [265/459] SCHT
[10:32:40] [266/459] ESSH
[10:32:41] [267/459] CUJC
[10:32:42] [268/459] PECP
[10:32:42] 🔄 Identity reset
[10:32:42] 🔄 Identity rotated (every 10 requests)
[10:32:44] [269/459] PMMI
[10:32:45] [270/459] PCCH
[10:32:46] [271/459] PRPM
[10:32:47] [272/459] PVKL
[10:32:51] [273/459] CBSM
[10:32:52] [274/459] PVCZ
[10:32:53] [275/459] PCVV
[10:32:54] [276/459] CTMJ
[10:32:55] [277/459] RCPS
[10:33:07] 🔄 Retry 1/5 for RCPS in 2.2s
[10:33:07] 🔄 Identity reset
[10:33:09] 🧠 New identity created
[10:33:09] 🔄 Identity reset
[10:33:09] 🔄 Identity rotated (every 10 requests)
[10:33:21] 🔄 Retry 2/5 for RCPS in 4.5s
[10:33:21] 🔄 Identity reset
[10:33:26] 🧠 New identity created
[10:33:38] 🔄 Retry 3/5 for RCPS in 8.7s
[10:33:38] 🔄 Identity reset
[10:33:46] 🧠 New identity created
[10:33:48] [278/459] PCIT
[10:33:49] [279/459] FNCH
[10:33:50] [280/459] INZD
[10:33:50] [281/459] INPC
[10:33:51] [282/459] LCZP
[10:33:52] [283/459] SMCB
[10:33:53] [284/459] PTSB
[10:33:54] [285/459] TPSI
[10:33:54] 🔄 Identity reset
[10:33:54] 🔄 Identity rotated (every 10 requests)
[10:33:55] [286/459] KHMJ
[10:33:59] [287/459] RCCJ
[10:34:01] [288/459] NCJA
[10:34:02] [289/459] NCJN
[10:34:03] [290/459] BTDP
[10:34:04] [291/459] PADY
[10:34:05] [292/459] NYBH
[10:34:11] [293/459] MTBR
[10:34:12] [294/459] KRBC
[10:34:13] [295/459] DKTI
[10:34:13] 🔄 Identity reset
[10:34:13] 🔄 Identity rotated (every 10 requests)
[10:34:15] [296/459] ANAN
[10:34:17] [297/459] INBP
[10:34:18] [298/459] PATB
[10:34:19] [299/459] RGNT
[10:34:19] [300/459] CGPM
[10:34:20] [301/459] INTN
[10:34:21] [302/459] MCMP
[10:34:22] [303/459] ASRG
[10:34:23] [304/459] CXJD
[10:34:24] [305/459] SPCP
[10:34:24] 🔄 Identity reset
[10:34:24] 🔄 Identity rotated (every 10 requests)
[10:34:25] [306/459] CSTP
[10:34:26] [307/459] PKVC
[10:34:27] [308/459] ESCP
[10:34:28] [309/459] CAEP
[10:34:29] [310/459] CCSP
[10:34:30] [311/459] KTPC
[10:34:31] [312/459] DACA
[10:34:32] [313/459] NVKY
[10:34:33] [314/459] PTIN
[10:34:35] [315/459] SCIN
[10:34:35] 🔄 Identity reset
[10:34:35] 🔄 Identity rotated (every 10 requests)
[10:34:37] [316/459] MCTY
[10:34:38] [317/459] PCMX
[10:34:48] [318/459] INIC
[10:34:50] [319/459] MMZM
[10:34:51] [320/459] SSLP
[10:34:51] [321/459] DTDT
[10:34:53] [322/459] FFCX
[10:34:54] [323/459] RCMM
[10:34:55] [324/459] KYID
[10:34:56] [325/459] CSCI
[10:34:56] 🔄 Identity reset
[10:34:56] 🔄 Identity rotated (every 10 requests)
[10:34:58] [326/459] FCMC
[10:34:59] [327/459] MMXI
[10:35:00] [328/459] ASTC
[10:35:01] [329/459] CMRA
[10:35:02] [330/459] DICI
[10:35:04] [331/459] KDIN
[10:35:04] [332/459] PRFI
[10:35:05] [333/459] SVFC
[10:35:06] [334/459] UCPL
[10:35:07] [335/459] COOC
[10:35:07] 🔄 Identity reset
[10:35:07] 🔄 Identity rotated (every 10 requests)
[10:35:07] 🔄 Retry 1/5 for COOC in 2.4s
[10:35:07] 🔄 Identity reset
[10:35:10] 🧠 New identity created
[10:35:11] [336/459] SCAL
[10:35:15] [337/459] SVFF
[10:35:16] [338/459] VCMG
[10:35:17] [339/459] UUCT
[10:35:18] [340/459] GCSE
[10:35:20] [341/459] SUSC
[10:35:21] [342/459] MISC
[10:35:22] [343/459] RMBL
[10:35:25] [344/459] CMXN
[10:35:25] 🔄 Identity reset
[10:35:25] 🔄 Identity rotated (every 10 requests)
[10:35:26] [345/459] PVBK
[10:35:28] [346/459] HHCG
[10:35:29] [347/459] SCAG
[10:35:30] [348/459] CNPR
[10:35:31] [349/459] CSER
[10:35:32] [350/459] HLWD
[10:35:33] [351/459] BOLY
[10:35:34] [352/459] SSPG
[10:35:36] [353/459] MUPX
[10:35:37] [354/459] HAMR
[10:35:37] 🔄 Identity reset
[10:35:37] 🔄 Identity rotated (every 10 requests)
[10:35:38] [355/459] SDNC
[10:35:39] [356/459] RTEN
[10:35:40] [357/459] SDTD
[10:35:41] [358/459] KAWS
[10:35:42] [359/459] CMZX
[10:35:42] [360/459] DCDD
[10:35:43] [361/459] ALSN
[10:35:45] [362/459] IMXS
[10:35:47] [363/459] PVFF
[10:35:48] [364/459] PVOO
[10:35:48] 🔄 Identity reset
[10:35:48] 🔄 Identity rotated (every 10 requests)
[10:35:49] [365/459] CFBS
[10:35:51] [366/459] PVER
[10:35:52] [367/459] PPNX
[10:35:52] [368/459] CNRM
[10:35:53] [369/459] PVWW
[10:35:54] [370/459] INMB
[10:35:56] [371/459] CPJR
[10:35:57] [372/459] INRZ
[10:35:58] [373/459] PMSR
[10:36:00] [374/459] GPGM
[10:36:00] 🔄 Identity reset
[10:36:00] 🔄 Identity rotated (every 10 requests)
[10:36:01] [375/459] PGWB
[10:36:02] [376/459] PMBR
[10:36:03] [377/459] GPAM
[10:36:04] [378/459] INBC
[10:36:05] [379/459] PZVK
[10:36:07] [380/459] CPEB
[10:36:07] [381/459] FMLB
[10:36:09] [382/459] INBG
[10:36:10] [383/459] GPBR
[10:36:11] [384/459] PAAS
[10:36:11] 🔄 Identity reset
[10:36:11] 🔄 Identity rotated (every 10 requests)
[10:36:13] [385/459] VTBR
[10:36:14] [386/459] GPMY
[10:36:16] [387/459] GYBU
[10:36:16] [388/459] INBJ
[10:36:17] [389/459] LKTH
[10:36:18] [390/459] NSBR
[10:36:19] [391/459] PDRD
[10:36:20] [392/459] VRBL
[10:36:21] [393/459] VTGB
[10:36:22] [394/459] VTSK
[10:36:22] 🔄 Identity reset
[10:36:22] 🔄 Identity rotated (every 10 requests)
[10:36:23] [395/459] BKDV
[10:36:25] [396/459] SVTB
[10:36:26] [397/459] MLDT
[10:36:27] [398/459] NRBL
[10:36:28] [399/459] SLTR
[10:36:30] [400/459] VNKA
[10:36:31] [401/459] TDCA
[10:36:32] [402/459] INBM
[10:36:33] [403/459] SSNR
[10:36:34] [404/459] BHAC
[10:36:34] 🔄 Identity reset
[10:36:34] 🔄 Identity rotated (every 10 requests)
[10:36:35] [405/459] SDSD
[10:36:36] [406/459] SAMP
[10:36:37] [407/459] RATK
[10:36:37] [408/459] KCBI
[10:36:38] [409/459] URBL
[10:36:39] [410/459] MKBG
[10:36:40] [411/459] ASTB
[10:36:41] [412/459] VBWT
[10:36:42] [413/459] GPSM
[10:36:44] [414/459] ROON
[10:36:44] 🔄 Identity reset
[10:36:44] 🔄 Identity rotated (every 10 requests)
[10:36:45] [415/459] CHTH
[10:36:46] [416/459] SSPA
[10:36:47] [417/459] ANBL
[10:36:48] [418/459] VTBE
[10:36:50] [419/459] SVKT
[10:36:50] [420/459] SVYK
[10:36:51] [421/459] PTBK
[10:36:52] [422/459] RKTB
[10:36:53] [423/459] BALT
[10:36:54] [424/459] STSV
[10:36:54] 🔄 Identity reset
[10:36:54] 🔄 Identity rotated (every 10 requests)
[10:36:55] [425/459] VCCB
[10:36:56] [426/459] SLTB
[10:36:57] [427/459] SBCR
[10:36:58] [428/459] VDCS
[10:37:00] [429/459] MDKI
[10:37:01] [430/459] SMRN
[10:37:02] [431/459] PTBC
[10:37:02] [432/459] RADI
[10:37:04] [433/459] ADCR
[10:37:05] [434/459] SDCS
[10:37:05] 🔄 Identity reset
[10:37:05] 🔄 Identity rotated (every 10 requests)
[10:37:06] [435/459] SRPJ
[10:37:07] [436/459] ARTS
[10:37:08] [437/459] SRHK
[10:37:09] [438/459] SPAY
[10:37:13] [439/459] GPTB
[10:37:15] [440/459] SNNN
[10:37:16] [441/459] BALJ
[10:37:16] [442/459] TRIG
[10:37:17] [443/459] GTYT
[10:37:19] [444/459] ATGN
[10:37:19] 🔄 Identity reset
[10:37:19] 🔄 Identity rotated (every 10 requests)
[10:37:20] [445/459] ANTE
[10:37:21] [446/459] BDCG
[10:37:21] [447/459] VECI
[10:37:22] [448/459] SCPR
[10:37:23] [449/459] RTEA
[10:37:25] [450/459] JSAI
[10:37:26] [451/459] VJTP
[10:37:28] [452/459] GNDS
[10:37:29] [453/459] PAXA
[10:37:30] [454/459] CGGM
[10:37:30] 🔄 Identity reset
[10:37:30] 🔄 Identity rotated (every 10 requests)
[10:37:31] [455/459] ACKZ
[10:37:32] [456/459] EMCC
[10:37:32] [457/459] KLSK
[10:37:33] [458/459] AVCK
[10:37:34] [459/459] JTCK
[10:37:35] 🧹 Deduping shows
[10:37:35] ✅ DONE | Shows=3939 | Movies=74
[17:05:33] 🚀 SCRIPT STARTED
[17:05:33] [1/459] NECA
[17:05:33] 🧠 New identity created
[17:05:34] [2/459] BJLC
[17:05:36] [3/459] BASU
[17:05:37] [4/459] RUPI
[17:05:38] [5/459] LCBK
[17:05:39] [6/459] PMAC
[17:05:40] [7/459] AMLC
[17:05:42] [8/459] LICL
[17:05:43] [9/459] UDMM
[17:05:44] [10/459] STBZ
[17:05:44] 🔄 Identity reset
[17:05:44] 🔄 Identity rotated (every 10 requests)
[17:05:45] [11/459] UUBT
[17:05:46] [12/459] SJKC
[17:05:47] [13/459] TUAL
[17:05:48] [14/459] MRSE
[17:05:49] [15/459] RMRK
[17:05:50] [16/459] TTKP
[17:05:52] [17/459] KTKO
[17:05:53] [18/459] SDBK
[17:05:54] [19/459] MCPR
[17:05:55] [20/459] CHTI
[17:05:55] 🔄 Identity reset
[17:05:55] 🔄 Identity rotated (every 10 requests)
[17:05:56] [21/459] GCCP
[17:05:58] [22/459] SRMY
[17:05:59] [23/459] NYST
[17:06:00] [24/459] NYAG
[17:06:01] [25/459] SBMT
[17:06:02] [26/459] INGA
[17:06:03] [27/459] WSIC
[17:06:04] [28/459] SCSS
[17:06:04] [29/459] COPG
[17:06:05] [30/459] RCGR
[17:06:05] 🔄 Identity reset
[17:06:05] 🔄 Identity rotated (every 10 requests)
[17:06:06] [31/459] TCZA
[17:06:08] [32/459] CNLP
[17:06:09] [33/459] CLKN
[17:06:10] [34/459] LHDF
[17:06:11] [35/459] ELKC
[17:06:12] [36/459] VCEM
[17:06:13] [37/459] SSZA
[17:06:14] [38/459] KRMT
[17:06:14] [39/459] LCMV
[17:06:15] [40/459] AYCZ
[17:06:15] 🔄 Identity reset
[17:06:15] 🔄 Identity rotated (every 10 requests)
[17:06:16] [41/459] CUMS
[17:06:18] [42/459] BOCK
[17:06:19] [43/459] PNMR
[17:06:19] [44/459] PJCP
[17:06:20] [45/459] JDDD
[17:06:21] [46/459] STMS
[17:06:22] [47/459] FLMB
[17:06:23] [48/459] PKCM
[17:06:24] [49/459] SPPR
[17:06:25] [50/459] EYLH
[17:06:25] 🔄 Identity reset
[17:06:25] 🔄 Identity rotated (every 10 requests)
[17:06:26] [51/459] RJCC
[17:06:27] [52/459] MMPS
[17:06:28] [53/459] SHMX
[17:06:29] [54/459] CCNL
[17:06:30] [55/459] RCNV
[17:06:31] [56/459] MAAG
[17:06:31] [57/459] LXCM
[17:06:32] [58/459] RCNI
[17:06:34] [59/459] SNNI
[17:06:35] [60/459] LALC
[17:06:35] 🔄 Identity reset
[17:06:35] 🔄 Identity rotated (every 10 requests)
[17:06:36] [61/459] SOCN
[17:06:37] [62/459] JHTP
[17:06:39] [63/459] PITP
[17:06:40] [64/459] CCKW
[17:06:40] [65/459] MCMC
[17:06:41] [66/459] DEES
[17:06:42] [67/459] SABT
[17:06:44] [68/459] VSPP
[17:06:44] [69/459] ABCT
[17:06:45] [70/459] JVTB
[17:06:45] 🔄 Identity reset
[17:06:45] 🔄 Identity rotated (every 10 requests)
[17:06:45] 🔄 Retry 1/5 for JVTB in 2.4s
[17:06:45] 🔄 Identity reset
[17:06:48] 🧠 New identity created
[17:06:49] [71/459] VCBD
[17:06:50] [72/459] RMGG
[17:06:52] [73/459] RNMH
[17:06:53] [74/459] SPGL
[17:06:53] [75/459] JTTR
[17:06:54] [76/459] SICS
[17:06:56] [77/459] SRMI
[17:06:56] [78/459] SSIJ
[17:06:58] [79/459] KFMT
[17:06:58] 🔄 Identity reset
[17:06:58] 🔄 Identity rotated (every 10 requests)
[17:06:59] [80/459] VBIT
[17:07:00] [81/459] JKCT
[17:07:02] [82/459] GCGP
[17:07:03] [83/459] GDCS
[17:07:04] [84/459] TRBA
[17:07:06] [85/459] QUST
[17:07:07] [86/459] VSHM
[17:07:08] [87/459] SDCP
[17:07:09] [88/459] SNVS
[17:07:10] [89/459] NYTO
[17:07:10] 🔄 Identity reset
[17:07:10] 🔄 Identity rotated (every 10 requests)
[17:07:11] [90/459] URWC
[17:07:12] [91/459] GTWH
[17:07:14] [92/459] PFCM
[17:07:15] [93/459] KRTA
[17:07:16] [94/459] AXMC
[17:07:16] [95/459] EVMC
[17:07:17] [96/459] HGSM
[17:07:18] [97/459] ACVM
[17:07:19] [98/459] PSKL
[17:07:21] [99/459] RDMP
[17:07:21] 🔄 Identity reset
[17:07:21] 🔄 Identity rotated (every 10 requests)
[17:07:22] [100/459] RHGH
[17:07:23] [101/459] OMCM
[17:07:24] [102/459] DCCP
[17:07:24] [103/459] MCPB
[17:07:25] [104/459] ALCI
[17:07:26] [105/459] BLMX
[17:07:26] [106/459] BTMV
[17:07:27] [107/459] FVPN
[17:07:28] [108/459] CMAR
[17:07:29] [109/459] CEIM
[17:07:29] 🔄 Identity reset
[17:07:29] 🔄 Identity rotated (every 10 requests)
[17:07:30] [110/459] CMVA
[17:07:30] [111/459] CPIV
[17:07:31] [112/459] CNPE
[17:07:32] [113/459] COLV
[17:07:33] [114/459] DNNV
[17:07:34] [115/459] HCAD
[17:07:34] [116/459] TAKA
[17:07:36] [117/459] INVD
[17:07:37] [118/459] IRMM
[17:07:38] [119/459] INSE
[17:07:38] 🔄 Identity reset
[17:07:38] 🔄 Identity rotated (every 10 requests)
[17:07:39] [120/459] MRSW
[17:07:39] [121/459] MCVD
[17:07:40] [122/459] MCSO
[17:07:41] [123/459] PEVM
[17:07:42] [124/459] PVNL
[17:07:43] [125/459] PTCV
[17:07:44] [126/459] PRTC
[17:07:45] [127/459] RCVA
[17:07:46] [128/459] MTBN
[17:07:47] [129/459] LUCP
[17:07:47] 🔄 Identity reset
[17:07:47] 🔄 Identity rotated (every 10 requests)
[17:07:47] 🔄 Retry 1/5 for LUCP in 2.7s
[17:07:47] 🔄 Identity reset
[17:07:50] 🧠 New identity created
[17:07:50] 🔄 Retry 2/5 for LUCP in 4.5s
[17:07:50] 🔄 Identity reset
[17:07:54] 🧠 New identity created
[17:07:55] [130/459] FMPT
[17:07:56] [131/459] JLSL
[17:07:57] [132/459] SBHA
[17:07:58] [133/459] SHRC
[17:07:59] [134/459] AVPS
[17:08:00] [135/459] STPM
[17:08:01] [136/459] ATRD
[17:08:02] [137/459] VTED
[17:08:02] 🔄 Identity reset
[17:08:02] 🔄 Identity rotated (every 10 requests)
[17:08:03] [138/459] ACAI
[17:08:04] [139/459] SMAE
[17:08:05] [140/459] VMAT
[17:08:06] [141/459] LKCT
[17:08:06] [142/459] JTVK
[17:08:07] [143/459] PRTY
[17:08:09] [144/459] GETT
[17:08:10] [145/459] ESAP
[17:08:10] [146/459] NCPM
[17:08:11] [147/459] PCPA
[17:08:11] 🔄 Identity reset
[17:08:11] 🔄 Identity rotated (every 10 requests)
[17:08:12] [148/459] MMOM
[17:08:13] [149/459] PHUP
[17:08:14] [150/459] CCPI
[17:08:15] [151/459] CNTD
[17:08:16] [152/459] NLJR
[17:08:18] [153/459] SRNG
[17:08:18] [154/459] MHAL
[17:08:20] [155/459] PNSM
[17:08:21] [156/459] DRMY
[17:08:22] [157/459] CCMU
[17:08:22] 🔄 Identity reset
[17:08:22] 🔄 Identity rotated (every 10 requests)
[17:08:22] 🔄 Retry 1/5 for CCMU in 2.5s
[17:08:22] 🔄 Identity reset
[17:08:24] 🧠 New identity created
[17:08:25] [158/459] SCMY
[17:08:26] [159/459] PVSY
[17:08:27] [160/459] SDLM
[17:08:27] [161/459] ICCM
[17:08:28] [162/459] PYSU
[17:08:29] [163/459] GATM
[17:08:30] [164/459] WOTM
[17:08:32] [165/459] RKTS
[17:08:33] [166/459] PMTY
[17:08:33] 🔄 Identity reset
[17:08:33] 🔄 Identity rotated (every 10 requests)
[17:08:33] [167/459] LYMS
[17:08:34] [168/459] TGCA
[17:08:36] [169/459] DSTA
[17:08:36] [170/459] CNGE
[17:08:37] [171/459] VSTG
[17:08:39] [172/459] GTCK
[17:08:39] [173/459] TGNT
[17:08:40] [174/459] ASLC
[17:08:41] [175/459] SSST
[17:08:42] [176/459] KBTT
[17:08:42] 🔄 Identity reset
[17:08:42] 🔄 Identity rotated (every 10 requests)
[17:08:42] 🔄 Retry 1/5 for KBTT in 2.8s
[17:08:42] 🔄 Identity reset
[17:08:45] 🧠 New identity created
[17:08:46] [177/459] HKCP
[17:08:46] [178/459] SWLC
[17:08:47] [179/459] RTND
[17:08:49] [180/459] PKKT
[17:08:50] [181/459] HSTK
[17:08:51] [182/459] SPTT
[17:08:52] [183/459] IMPM
[17:08:52] [184/459] SCMV
[17:08:53] [185/459] SPCT
[17:08:53] 🔄 Identity reset
[17:08:53] 🔄 Identity rotated (every 10 requests)
[17:08:55] [186/459] JBCA
[17:08:55] [187/459] ATTR
[17:08:56] [188/459] SPMT
[17:08:58] [189/459] LCTM
[17:08:58] [190/459] SCVL
[17:08:59] [191/459] SCVT
[17:09:00] [192/459] KRIC
[17:09:00] [193/459] CTMG
[17:09:01] [194/459] ACNC
[17:09:02] [195/459] DMCK
[17:09:02] 🔄 Identity reset
[17:09:02] 🔄 Identity rotated (every 10 requests)
[17:09:03] [196/459] KMTV
[17:09:03] [197/459] PFCJ
[17:09:05] [198/459] VNMD
[17:09:06] [199/459] VPCZ
[17:09:07] [200/459] SRYR
[17:09:08] [201/459] SYTR
[17:09:09] [202/459] GATR
[17:09:10] [203/459] URTR
[17:09:11] [204/459] MKSM
[17:09:12] [205/459] VSMH
[17:09:12] 🔄 Identity reset
[17:09:12] 🔄 Identity rotated (every 10 requests)
[17:09:13] [206/459] SKRJ
[17:09:14] [207/459] SSJR
[17:09:15] [208/459] SVSM
[17:09:16] [209/459] RUCM
[17:09:17] [210/459] PRKN
[17:09:18] [211/459] RROH
[17:09:20] [212/459] SCTN
[17:09:20] [213/459] RTDM
[17:09:21] [214/459] ASRM
[17:09:22] [215/459] SKMD
[17:09:22] 🔄 Identity reset
[17:09:22] 🔄 Identity rotated (every 10 requests)
[17:09:23] [216/459] SUTD
[17:09:24] [217/459] SADM
[17:09:26] [218/459] WCNR
[17:09:26] [219/459] CNED
[17:09:27] [220/459] MPDB
[17:09:29] [221/459] KTBH
[17:09:29] [222/459] IDRM
[17:09:30] [223/459] PJJT
[17:09:31] [224/459] PFCV
[17:09:31] [225/459] AACT
[17:09:31] 🔄 Identity reset
[17:09:31] 🔄 Identity rotated (every 10 requests)
[17:09:32] [226/459] AAAD
[17:09:33] [227/459] ANES
[17:09:34] [228/459] MNCA
[17:09:34] [229/459] RMGU
[17:09:35] [230/459] DLCN
[17:09:36] [231/459] LJWT
[17:09:37] [232/459] MCBG
[17:09:37] [233/459] MYBG
[17:09:38] [234/459] GCCA
[17:09:39] [235/459] GCGA
[17:09:39] 🔄 Identity reset
[17:09:39] 🔄 Identity rotated (every 10 requests)
[17:09:40] [236/459] ECGN
[17:09:40] [237/459] PRAB
[17:09:41] [238/459] PNMP
[17:09:42] [239/459] GCPT
[17:09:44] [240/459] ROYN
[17:09:45] [241/459] VATM
[17:09:45] [242/459] KSNT
[17:09:47] [243/459] ACTC
[17:09:48] [244/459] PLTD
[17:09:49] [245/459] SKMK
[17:09:49] 🔄 Identity reset
[17:09:49] 🔄 Identity rotated (every 10 requests)
[17:09:50] [246/459] CMTT
[17:09:51] [247/459] SMXP
[17:09:53] [248/459] SCMX
[17:09:54] [249/459] ACXN
[17:09:55] [250/459] ASWT
[17:09:55] [251/459] VVVL
[17:09:56] [252/459] NAGO
[17:09:57] [253/459] SNCN
[17:09:58] [254/459] MCKP
[17:09:59] [255/459] SAMO
[17:09:59] 🔄 Identity reset
[17:09:59] 🔄 Identity rotated (every 10 requests)
[17:10:00] [256/459] JBTV
[17:10:01] [257/459] DCVV
[17:10:01] [258/459] KMSV
[17:10:02] [259/459] KDCN
[17:10:03] [260/459] CNCP
[17:10:03] [261/459] HAMC
[17:10:04] [262/459] CCVZ
[17:10:05] [263/459] NCCK
[17:10:06] [264/459] MCHR
[17:10:07] [265/459] SCHT
[17:10:07] 🔄 Identity reset
[17:10:07] 🔄 Identity rotated (every 10 requests)
[17:10:08] [266/459] ESSH
[17:10:08] [267/459] CUJC
[17:10:09] [268/459] PECP
[17:10:10] [269/459] PMMI
[17:10:10] [270/459] PCCH
[17:10:11] [271/459] PRPM
[17:10:12] [272/459] PVKL
[17:10:12] [273/459] CBSM
[17:10:13] [274/459] PVCZ
[17:10:14] [275/459] PCVV
[17:10:14] 🔄 Identity reset
[17:10:14] 🔄 Identity rotated (every 10 requests)
[17:10:15] [276/459] CTMJ
[17:10:16] [277/459] RCPS
[17:10:16] [278/459] PCIT
[17:10:17] [279/459] FNCH
[17:10:18] [280/459] INZD
[17:10:18] [281/459] INPC
[17:10:20] [282/459] LCZP
[17:10:20] [283/459] SMCB
[17:10:21] [284/459] PTSB
[17:10:22] [285/459] TPSI
[17:10:22] 🔄 Identity reset
[17:10:22] 🔄 Identity rotated (every 10 requests)
[17:10:24] [286/459] KHMJ
[17:10:25] [287/459] RCCJ
[17:10:27] [288/459] NCJA
[17:10:27] [289/459] NCJN
[17:10:28] [290/459] BTDP
[17:10:29] [291/459] PADY
[17:10:29] [292/459] NYBH
[17:10:30] [293/459] MTBR
[17:10:30] [294/459] KRBC
[17:10:31] [295/459] DKTI
[17:10:31] 🔄 Identity reset
[17:10:31] 🔄 Identity rotated (every 10 requests)
[17:10:31] 🔄 Retry 1/5 for DKTI in 2.4s
[17:10:31] 🔄 Identity reset
[17:10:33] 🧠 New identity created
[17:10:34] [296/459] ANAN
[17:10:36] [297/459] INBP
[17:10:37] [298/459] PATB
[17:10:38] [299/459] RGNT
[17:10:39] [300/459] CGPM
[17:10:39] [301/459] INTN
[17:10:41] [302/459] MCMP
[17:10:43] [303/459] ASRG
[17:10:43] [304/459] CXJD
[17:10:43] 🔄 Identity reset
[17:10:43] 🔄 Identity rotated (every 10 requests)
[17:10:44] [305/459] SPCP
[17:10:45] [306/459] CSTP
[17:10:45] [307/459] PKVC
[17:10:47] [308/459] ESCP
[17:10:48] [309/459] CAEP
[17:10:49] [310/459] CCSP
[17:10:49] [311/459] KTPC
[17:10:50] [312/459] DACA
[17:10:50] [313/459] NVKY
[17:10:51] [314/459] PTIN
[17:10:51] 🔄 Identity reset
[17:10:51] 🔄 Identity rotated (every 10 requests)
[17:10:52] [315/459] SCIN
[17:10:53] [316/459] MCTY
[17:10:53] [317/459] PCMX
[17:10:54] [318/459] INIC
[17:10:56] [319/459] MMZM
[17:10:56] [320/459] SSLP
[17:10:58] [321/459] DTDT
[17:10:58] [322/459] FFCX
[17:10:59] [323/459] RCMM
[17:11:00] [324/459] KYID
[17:11:00] 🔄 Identity reset
[17:11:00] 🔄 Identity rotated (every 10 requests)
[17:11:00] [325/459] CSCI
[17:11:01] [326/459] FCMC
[17:11:02] [327/459] MMXI
[17:11:03] [328/459] ASTC
[17:11:03] [329/459] CMRA
[17:11:04] [330/459] DICI
[17:11:05] [331/459] KDIN
[17:11:07] [332/459] PRFI
[17:11:07] [333/459] SVFC
[17:11:08] [334/459] UCPL
[17:11:08] 🔄 Identity reset
[17:11:08] 🔄 Identity rotated (every 10 requests)
[17:11:09] [335/459] COOC
[17:11:10] [336/459] SCAL
[17:11:11] [337/459] SVFF
[17:11:12] [338/459] VCMG
[17:11:13] [339/459] UUCT
[17:11:14] [340/459] GCSE
[17:11:15] [341/459] SUSC
[17:11:16] [342/459] MISC
[17:11:17] [343/459] RMBL
[17:11:18] [344/459] CMXN
[17:11:18] 🔄 Identity reset
[17:11:18] 🔄 Identity rotated (every 10 requests)
[17:11:19] [345/459] PVBK
[17:11:20] [346/459] HHCG
[17:11:20] [347/459] SCAG
[17:11:21] [348/459] CNPR
[17:11:22] [349/459] CSER
[17:11:23] [350/459] HLWD
[17:11:24] [351/459] BOLY
[17:11:25] [352/459] SSPG
[17:11:26] [353/459] MUPX
[17:11:27] [354/459] HAMR
[17:11:27] 🔄 Identity reset
[17:11:27] 🔄 Identity rotated (every 10 requests)
[17:11:28] [355/459] SDNC
[17:11:28] [356/459] RTEN
[17:11:29] [357/459] SDTD
[17:11:30] [358/459] KAWS
[17:11:31] [359/459] CMZX
[17:11:32] [360/459] DCDD
[17:11:32] [361/459] ALSN
[17:11:33] [362/459] IMXS
[17:11:35] [363/459] PVFF
[17:11:35] [364/459] PVOO
[17:11:35] 🔄 Identity reset
[17:11:35] 🔄 Identity rotated (every 10 requests)
[17:11:36] [365/459] CFBS
[17:11:37] [366/459] PVER
[17:11:38] [367/459] PPNX
[17:11:39] [368/459] CNRM
[17:11:40] [369/459] PVWW
[17:11:40] [370/459] INMB
[17:11:41] [371/459] CPJR
[17:11:42] [372/459] INRZ
[17:11:43] [373/459] PMSR
[17:11:44] [374/459] GPGM
[17:11:44] 🔄 Identity reset
[17:11:44] 🔄 Identity rotated (every 10 requests)
[17:11:44] [375/459] PGWB
[17:11:45] [376/459] PMBR
[17:11:46] [377/459] GPAM
[17:11:46] [378/459] INBC
[17:11:47] [379/459] PZVK
[17:11:48] [380/459] CPEB
[17:11:48] [381/459] FMLB
[17:11:49] [382/459] INBG
[17:11:50] [383/459] GPBR
[17:11:51] [384/459] PAAS
[17:11:51] 🔄 Identity reset
[17:11:51] 🔄 Identity rotated (every 10 requests)
[17:11:52] [385/459] VTBR
[17:11:53] [386/459] GPMY
[17:11:53] [387/459] GYBU
[17:11:54] [388/459] INBJ
[17:11:55] [389/459] LKTH
[17:11:55] [390/459] NSBR
[17:11:57] [391/459] PDRD
[17:11:58] [392/459] VRBL
[17:11:59] [393/459] VTGB
[17:12:00] [394/459] VTSK
[17:12:00] 🔄 Identity reset
[17:12:00] 🔄 Identity rotated (every 10 requests)
[17:12:01] [395/459] BKDV
[17:12:02] [396/459] SVTB
[17:12:02] [397/459] MLDT
[17:12:03] [398/459] NRBL
[17:12:04] [399/459] SLTR
[17:12:05] [400/459] VNKA
[17:12:06] [401/459] TDCA
[17:12:07] [402/459] INBM
[17:12:07] [403/459] SSNR
[17:12:08] [404/459] BHAC
[17:12:08] 🔄 Identity reset
[17:12:08] 🔄 Identity rotated (every 10 requests)
[17:12:09] [405/459] SDSD
[17:12:10] [406/459] SAMP
[17:12:11] [407/459] RATK
[17:12:12] [408/459] KCBI
[17:12:12] [409/459] URBL
[17:12:13] [410/459] MKBG
[17:12:14] [411/459] ASTB
[17:12:15] [412/459] VBWT
[17:12:16] [413/459] GPSM
[17:12:17] [414/459] ROON
[17:12:17] 🔄 Identity reset
[17:12:17] 🔄 Identity rotated (every 10 requests)
[17:12:18] [415/459] CHTH
[17:12:19] [416/459] SSPA
[17:12:19] [417/459] ANBL
[17:12:20] [418/459] VTBE
[17:12:21] [419/459] SVKT
[17:12:22] [420/459] SVYK
[17:12:23] [421/459] PTBK
[17:12:23] [422/459] RKTB
[17:12:24] [423/459] BALT
[17:12:25] [424/459] STSV
[17:12:25] 🔄 Identity reset
[17:12:25] 🔄 Identity rotated (every 10 requests)
[17:12:26] [425/459] VCCB
[17:12:27] [426/459] SLTB
[17:12:27] [427/459] SBCR
[17:12:28] [428/459] VDCS
[17:12:29] [429/459] MDKI
[17:12:29] [430/459] SMRN
[17:12:30] [431/459] PTBC
[17:12:31] [432/459] RADI
[17:12:32] [433/459] ADCR
[17:12:33] [434/459] SDCS
[17:12:33] 🔄 Identity reset
[17:12:33] 🔄 Identity rotated (every 10 requests)
[17:12:33] [435/459] SRPJ
[17:12:34] [436/459] ARTS
[17:12:35] [437/459] SRHK
[17:12:36] [438/459] SPAY
[17:12:37] [439/459] GPTB
[17:12:38] [440/459] SNNN
[17:12:38] [441/459] BALJ
[17:12:40] [442/459] TRIG
[17:12:40] [443/459] GTYT
[17:12:41] [444/459] ATGN
[17:12:41] 🔄 Identity reset
[17:12:41] 🔄 Identity rotated (every 10 requests)
[17:12:42] [445/459] ANTE
[17:12:43] [446/459] BDCG
[17:12:44] [447/459] VECI
[17:12:45] [448/459] SCPR
[17:12:46] [449/459] RTEA
[17:12:47] [450/459] JSAI
[17:12:48] [451/459] VJTP
[17:12:49] [452/459] GNDS
[17:12:50] [453/459] PAXA
[17:12:50] [454/459] CGGM
[17:12:50] 🔄 Identity reset
[17:12:50] 🔄 Identity rotated (every 10 requests)
[17:12:51] [455/459] ACKZ
[17:12:52] [456/459] EMCC
[17:12:53] [457/459] KLSK
[17:12:54] [458/459] AVCK
[17:12:55] [459/459] JTCK
[17:12:56] 🧹 Deduping shows
[17:12:56] ✅ DONE | Shows=4407 | Movies=76
[21:21:46] 🚀 SCRIPT STARTED
[21:21:46] [1/459] NECA
[21:21:46] 🧠 New identity created
[21:21:46] 🔄 Retry 1/5 for NECA in 2.6s
[21:21:46] 🔄 Identity reset
[21:21:49] 🧠 New identity created
[21:21:50] [2/459] BJLC
[21:21:50] [3/459] BASU
[21:21:51] [4/459] RUPI
[21:21:52] [5/459] LCBK
[21:21:53] [6/459] PMAC
[21:21:55] [7/459] AMLC
[21:21:56] [8/459] LICL
[21:21:56] [9/459] UDMM
[21:21:56] 🔄 Identity reset
[21:21:56] 🔄 Identity rotated (every 10 requests)
[21:21:58] [10/459] STBZ
[21:21:59] [11/459] UUBT
[21:22:00] [12/459] SJKC
[21:22:01] [13/459] TUAL
[21:22:02] [14/459] MRSE
[21:22:04] [15/459] RMRK
[21:22:05] [16/459] TTKP
[21:22:06] [17/459] KTKO
[21:22:06] [18/459] SDBK
[21:22:08] [19/459] MCPR
[21:22:08] 🔄 Identity reset
[21:22:08] 🔄 Identity rotated (every 10 requests)
[21:22:09] [20/459] CHTI
[21:22:09] [21/459] GCCP
[21:22:11] [22/459] SRMY
[21:22:12] [23/459] NYST
[21:22:13] [24/459] NYAG
[21:22:14] [25/459] SBMT
[21:22:14] [26/459] INGA
[21:22:16] [27/459] WSIC
[21:22:17] [28/459] SCSS
[21:22:18] [29/459] COPG
[21:22:18] 🔄 Identity reset
[21:22:18] 🔄 Identity rotated (every 10 requests)
[21:22:18] 🔄 Retry 1/5 for COPG in 2.0s
[21:22:18] 🔄 Identity reset
[21:22:20] 🧠 New identity created
[21:22:21] [30/459] RCGR
[21:22:23] [31/459] TCZA
[21:22:23] [32/459] CNLP
[21:22:25] [33/459] CLKN
[21:22:25] [34/459] LHDF
[21:22:26] [35/459] ELKC
[21:22:27] [36/459] VCEM
[21:22:28] [37/459] SSZA
[21:22:29] [38/459] KRMT
[21:22:29] 🔄 Identity reset
[21:22:29] 🔄 Identity rotated (every 10 requests)
[21:22:30] [39/459] LCMV
[21:22:32] [40/459] AYCZ
[21:22:33] [41/459] CUMS
[21:22:34] [42/459] BOCK
[21:22:36] [43/459] PNMR
[21:22:37] [44/459] PJCP
[21:22:38] [45/459] JDDD
[21:22:40] [46/459] STMS
[21:22:41] [47/459] FLMB
[21:22:42] [48/459] PKCM
[21:22:42] 🔄 Identity reset
[21:22:42] 🔄 Identity rotated (every 10 requests)
[21:22:43] [49/459] SPPR
[21:22:45] [50/459] EYLH
[21:22:46] [51/459] RJCC
[21:22:46] [52/459] MMPS
[21:22:47] [53/459] SHMX
[21:22:49] [54/459] CCNL
[21:22:50] [55/459] RCNV
[21:22:51] [56/459] MAAG
[21:22:51] [57/459] LXCM
[21:22:52] [58/459] RCNI
[21:22:52] 🔄 Identity reset
[21:22:53] 🔄 Identity rotated (every 10 requests)
[21:22:53] 🔄 Retry 1/5 for RCNI in 2.5s
[21:22:53] 🔄 Identity reset
[21:22:55] 🧠 New identity created
[21:22:57] [59/459] SNNI
[21:22:58] [60/459] LALC
[21:22:59] [61/459] SOCN
[21:23:00] [62/459] JHTP
[21:23:01] [63/459] PITP
[21:23:03] [64/459] CCKW
[21:23:04] [65/459] MCMC
[21:23:05] [66/459] DEES
[21:23:06] [67/459] SABT
[21:23:06] 🔄 Identity reset
[21:23:06] 🔄 Identity rotated (every 10 requests)
[21:23:07] [68/459] VSPP
[21:23:08] [69/459] ABCT
[21:23:09] [70/459] JVTB
[21:23:10] [71/459] VCBD
[21:23:12] [72/459] RMGG
[21:23:14] [73/459] RNMH
[21:23:15] [74/459] SPGL
[21:23:16] [75/459] JTTR
[21:23:17] [76/459] SICS
[21:23:19] [77/459] SRMI
[21:23:19] 🔄 Identity reset
[21:23:19] 🔄 Identity rotated (every 10 requests)
[21:23:19] [78/459] SSIJ
[21:23:20] [79/459] KFMT
[21:23:21] [80/459] VBIT
[21:23:21] [81/459] JKCT
[21:23:22] [82/459] GCGP
[21:23:23] [83/459] GDCS
[21:23:24] [84/459] TRBA
[21:23:25] [85/459] QUST
[21:23:26] [86/459] VSHM
[21:23:27] [87/459] SDCP
[21:23:27] 🔄 Identity reset
[21:23:27] 🔄 Identity rotated (every 10 requests)
[21:23:27] 🔄 Retry 1/5 for SDCP in 2.2s
[21:23:27] 🔄 Identity reset
[21:23:29] 🧠 New identity created
[21:23:30] [88/459] SNVS
[21:23:31] [89/459] NYTO
[21:23:32] [90/459] URWC
[21:23:34] [91/459] GTWH
[21:23:35] [92/459] PFCM
[21:23:36] [93/459] KRTA
[21:23:37] [94/459] AXMC
[21:23:38] [95/459] EVMC
[21:23:39] [96/459] HGSM
[21:23:39] 🔄 Identity reset
[21:23:39] 🔄 Identity rotated (every 10 requests)
[21:23:41] [97/459] ACVM
[21:23:43] [98/459] PSKL
[21:23:44] [99/459] RDMP
[21:23:44] [100/459] RHGH
[21:23:45] [101/459] OMCM
[21:23:46] [102/459] DCCP
[21:23:48] [103/459] MCPB
[21:23:48] [104/459] ALCI
[21:23:50] [105/459] BLMX
[21:23:51] [106/459] BTMV
[21:23:51] 🔄 Identity reset
[21:23:51] 🔄 Identity rotated (every 10 requests)
[21:23:51] 🔄 Retry 1/5 for BTMV in 2.9s
[21:23:51] 🔄 Identity reset
[21:23:54] 🧠 New identity created
[21:23:56] [107/459] FVPN
[21:23:57] [108/459] CMAR
[21:23:57] [109/459] CEIM
[21:23:58] [110/459] CMVA
[21:23:59] [111/459] CPIV
[21:24:00] [112/459] CNPE
[21:24:02] [113/459] COLV
[21:24:03] [114/459] DNNV
[21:24:04] [115/459] HCAD
[21:24:04] 🔄 Identity reset
[21:24:04] 🔄 Identity rotated (every 10 requests)
[21:24:05] [116/459] TAKA
[21:24:06] [117/459] INVD
[21:24:08] [118/459] IRMM
[21:24:08] [119/459] INSE
[21:24:09] [120/459] MRSW
[21:24:10] [121/459] MCVD
[21:24:11] [122/459] MCSO
[21:24:13] [123/459] PEVM
[21:24:14] [124/459] PVNL
[21:24:15] [125/459] PTCV
[21:24:15] 🔄 Identity reset
[21:24:15] 🔄 Identity rotated (every 10 requests)
[21:24:16] [126/459] PRTC
[21:24:17] [127/459] RCVA
[21:24:18] [128/459] MTBN
[21:24:19] [129/459] LUCP
[21:24:20] [130/459] FMPT
[21:24:21] [131/459] JLSL
[21:24:22] [132/459] SBHA
[21:24:23] [133/459] SHRC
[21:24:24] [134/459] AVPS
[21:24:25] [135/459] STPM
[21:24:25] 🔄 Identity reset
[21:24:25] 🔄 Identity rotated (every 10 requests)
[21:24:26] [136/459] ATRD
[21:24:28] [137/459] VTED
[21:24:30] [138/459] ACAI
[21:24:31] [139/459] SMAE
[21:24:32] [140/459] VMAT
[21:24:33] [141/459] LKCT
[21:24:34] [142/459] JTVK
[21:24:35] [143/459] PRTY
[21:24:36] [144/459] GETT
[21:24:37] [145/459] ESAP
[21:24:37] 🔄 Identity reset
[21:24:37] 🔄 Identity rotated (every 10 requests)
[21:24:38] [146/459] NCPM
[21:24:39] [147/459] PCPA
[21:24:40] [148/459] MMOM
[21:24:41] [149/459] PHUP
[21:24:42] [150/459] CCPI
[21:24:43] [151/459] CNTD
[21:24:44] [152/459] NLJR
[21:24:45] [153/459] SRNG
[21:24:46] [154/459] MHAL
[21:24:48] [155/459] PNSM
[21:24:48] 🔄 Identity reset
[21:24:48] 🔄 Identity rotated (every 10 requests)
[21:24:48] 🔄 Retry 1/5 for PNSM in 2.8s
[21:24:48] 🔄 Identity reset
[21:24:50] 🧠 New identity created
[21:24:50] 🔄 Retry 2/5 for PNSM in 4.9s
[21:24:50] 🔄 Identity reset
[21:24:55] 🧠 New identity created
[21:24:57] [156/459] DRMY
[21:24:59] [157/459] CCMU
[21:25:00] [158/459] SCMY
[21:25:01] [159/459] PVSY
[21:25:02] [160/459] SDLM
[21:25:03] [161/459] ICCM
[21:25:05] [162/459] PYSU
[21:25:06] [163/459] GATM
[21:25:06] 🔄 Identity reset
[21:25:06] 🔄 Identity rotated (every 10 requests)
[21:25:07] [164/459] WOTM
[21:25:09] [165/459] RKTS
[21:25:10] [166/459] PMTY
[21:25:11] [167/459] LYMS
[21:25:11] [168/459] TGCA
[21:25:12] [169/459] DSTA
[21:25:13] [170/459] CNGE
[21:25:14] [171/459] VSTG
[21:25:16] [172/459] GTCK
[21:25:16] [173/459] TGNT
[21:25:16] 🔄 Identity reset
[21:25:16] 🔄 Identity rotated (every 10 requests)
[21:25:17] [174/459] ASLC
[21:25:18] [175/459] SSST
[21:25:20] [176/459] KBTT
[21:25:21] [177/459] HKCP
[21:25:22] [178/459] SWLC
[21:25:23] [179/459] RTND
[21:25:24] [180/459] PKKT
[21:25:24] [181/459] HSTK
[21:25:25] [182/459] SPTT
[21:25:27] [183/459] IMPM
[21:25:27] 🔄 Identity reset
[21:25:27] 🔄 Identity rotated (every 10 requests)
[21:25:28] [184/459] SCMV
[21:25:30] [185/459] SPCT
[21:25:32] [186/459] JBCA
[21:25:32] [187/459] ATTR
[21:25:33] [188/459] SPMT
[21:25:35] [189/459] LCTM
[21:25:36] [190/459] SCVL
[21:25:37] [191/459] SCVT
[21:25:38] [192/459] KRIC
[21:25:39] [193/459] CTMG
[21:25:39] 🔄 Identity reset
[21:25:39] 🔄 Identity rotated (every 10 requests)
[21:25:40] [194/459] ACNC
[21:25:40] [195/459] DMCK
[21:25:41] [196/459] KMTV
[21:25:43] [197/459] PFCJ
[21:25:44] [198/459] VNMD
[21:25:45] [199/459] VPCZ
[21:25:46] [200/459] SRYR
[21:25:47] [201/459] SYTR
[21:25:48] [202/459] GATR
[21:25:50] [203/459] URTR
[21:25:50] 🔄 Identity reset
[21:25:50] 🔄 Identity rotated (every 10 requests)
[21:25:51] [204/459] MKSM
[21:25:52] [205/459] VSMH
[21:25:54] [206/459] SKRJ
[21:25:55] [207/459] SSJR
[21:25:56] [208/459] SVSM
[21:25:57] [209/459] RUCM
[21:25:58] [210/459] PRKN
[21:25:59] [211/459] RROH
[21:26:00] [212/459] SCTN
[21:26:02] [213/459] RTDM
[21:26:02] 🔄 Identity reset
[21:26:02] 🔄 Identity rotated (every 10 requests)
[21:26:02] 🔄 Retry 1/5 for RTDM in 2.5s
[21:26:02] 🔄 Identity reset
[21:26:04] 🧠 New identity created
[21:26:04] 🔄 Retry 2/5 for RTDM in 4.4s
[21:26:04] 🔄 Identity reset
[21:26:09] 🧠 New identity created
[21:26:10] [214/459] ASRM
[21:26:11] [215/459] SKMD
[21:26:12] [216/459] SUTD
[21:26:13] [217/459] SADM
[21:26:14] [218/459] WCNR
[21:26:15] [219/459] CNED
[21:26:17] [220/459] MPDB
[21:26:18] [221/459] KTBH
[21:26:18] 🔄 Identity reset
[21:26:18] 🔄 Identity rotated (every 10 requests)
[21:26:18] 🔄 Retry 1/5 for KTBH in 2.6s
[21:26:18] 🔄 Identity reset
[21:26:20] 🧠 New identity created
[21:26:20] 🔄 Retry 2/5 for KTBH in 4.4s
[21:26:20] 🔄 Identity reset
[21:26:25] 🧠 New identity created
[21:26:25] [222/459] IDRM
[21:26:26] [223/459] PJJT
[21:26:27] [224/459] PFCV
[21:26:28] [225/459] AACT
[21:26:29] [226/459] AAAD
[21:26:30] [227/459] ANES
[21:26:31] [228/459] MNCA
[21:26:32] [229/459] RMGU
[21:26:32] 🔄 Identity reset
[21:26:32] 🔄 Identity rotated (every 10 requests)
[21:26:33] [230/459] DLCN
[21:26:33] [231/459] LJWT
[21:26:34] [232/459] MCBG
[21:26:35] [233/459] MYBG
[21:26:37] [234/459] GCCA
[21:26:39] [235/459] GCGA
[21:26:40] [236/459] ECGN
[21:26:41] [237/459] PRAB
[21:26:42] [238/459] PNMP
[21:26:43] [239/459] GCPT
[21:26:43] 🔄 Identity reset
[21:26:43] 🔄 Identity rotated (every 10 requests)
[21:26:44] [240/459] ROYN
[21:26:45] [241/459] VATM
[21:26:46] [242/459] KSNT
[21:26:47] [243/459] ACTC
[21:26:48] [244/459] PLTD
[21:26:50] [245/459] SKMK
[21:26:51] [246/459] CMTT
[21:26:52] [247/459] SMXP
[21:26:53] [248/459] SCMX
[21:26:54] [249/459] ACXN
[21:26:54] 🔄 Identity reset
[21:26:54] 🔄 Identity rotated (every 10 requests)
[21:26:55] [250/459] ASWT
[21:26:56] [251/459] VVVL
[21:26:57] [252/459] NAGO
[21:26:58] [253/459] SNCN
[21:26:59] [254/459] MCKP
[21:27:00] [255/459] SAMO
[21:27:01] [256/459] JBTV
[21:27:02] [257/459] DCVV
[21:27:03] [258/459] KMSV
[21:27:04] [259/459] KDCN
[21:27:04] 🔄 Identity reset
[21:27:04] 🔄 Identity rotated (every 10 requests)
[21:27:04] 🔄 Retry 1/5 for KDCN in 2.6s
[21:27:04] 🔄 Identity reset
[21:27:06] 🧠 New identity created
[21:27:08] [260/459] CNCP
[21:27:09] [261/459] HAMC
[21:27:10] [262/459] CCVZ
[21:27:11] [263/459] NCCK
[21:27:12] [264/459] MCHR
[21:27:13] [265/459] SCHT
[21:27:15] [266/459] ESSH
[21:27:16] [267/459] CUJC
[21:27:17] [268/459] PECP
[21:27:17] 🔄 Identity reset
[21:27:17] 🔄 Identity rotated (every 10 requests)
[21:27:19] [269/459] PMMI
[21:27:20] [270/459] PCCH
[21:27:21] [271/459] PRPM
[21:27:22] [272/459] PVKL
[21:27:23] [273/459] CBSM
[21:27:24] [274/459] PVCZ
[21:27:25] [275/459] PCVV
[21:27:26] [276/459] CTMJ
[21:27:27] [277/459] RCPS
[21:27:28] [278/459] PCIT
[21:27:28] 🔄 Identity reset
[21:27:28] 🔄 Identity rotated (every 10 requests)
[21:27:29] [279/459] FNCH
[21:27:30] [280/459] INZD
[21:27:31] [281/459] INPC
[21:27:32] [282/459] LCZP
[21:27:33] [283/459] SMCB
[21:27:34] [284/459] PTSB
[21:27:35] [285/459] TPSI
[21:27:35] [286/459] KHMJ
[21:27:37] [287/459] RCCJ
[21:27:38] [288/459] NCJA
[21:27:38] 🔄 Identity reset
[21:27:38] 🔄 Identity rotated (every 10 requests)
[21:27:40] [289/459] NCJN
[21:27:41] [290/459] BTDP
[21:27:41] [291/459] PADY
[21:27:42] [292/459] NYBH
[21:27:43] [293/459] MTBR
[21:27:45] [294/459] KRBC
[21:27:46] [295/459] DKTI
[21:27:47] [296/459] ANAN
[21:27:48] [297/459] INBP
[21:27:49] [298/459] PATB
[21:27:49] 🔄 Identity reset
[21:27:49] 🔄 Identity rotated (every 10 requests)
[21:27:50] [299/459] RGNT
[21:27:51] [300/459] CGPM
[21:27:52] [301/459] INTN
[21:27:54] [302/459] MCMP
[21:27:55] [303/459] ASRG
[21:27:57] [304/459] CXJD
[21:27:58] [305/459] SPCP
[21:27:59] [306/459] CSTP
[21:28:00] [307/459] PKVC
[21:28:01] [308/459] ESCP
[21:28:01] 🔄 Identity reset
[21:28:01] 🔄 Identity rotated (every 10 requests)
[21:28:01] 🔄 Retry 1/5 for ESCP in 2.5s
[21:28:01] 🔄 Identity reset
[21:28:04] 🧠 New identity created
[21:28:05] [309/459] CAEP
[21:28:06] [310/459] CCSP
[21:28:08] [311/459] KTPC
[21:28:09] [312/459] DACA
[21:28:10] [313/459] NVKY
[21:28:11] [314/459] PTIN
[21:28:12] [315/459] SCIN
[21:28:13] [316/459] MCTY
[21:28:14] [317/459] PCMX
[21:28:14] 🔄 Identity reset
[21:28:14] 🔄 Identity rotated (every 10 requests)
[21:28:15] [318/459] INIC
[21:28:16] [319/459] MMZM
[21:28:17] [320/459] SSLP
[21:28:18] [321/459] DTDT
[21:28:19] [322/459] FFCX
[21:28:20] [323/459] RCMM
[21:28:21] [324/459] KYID
[21:28:22] [325/459] CSCI
[21:28:23] [326/459] FCMC
[21:28:24] [327/459] MMXI
[21:28:24] 🔄 Identity reset
[21:28:24] 🔄 Identity rotated (every 10 requests)
[21:28:25] [328/459] ASTC
[21:28:26] [329/459] CMRA
[21:28:28] [330/459] DICI
[21:28:28] [331/459] KDIN
[21:28:29] [332/459] PRFI
[21:28:31] [333/459] SVFC
[21:28:32] [334/459] UCPL
[21:28:33] [335/459] COOC
[21:28:34] [336/459] SCAL
[21:28:35] [337/459] SVFF
[21:28:35] 🔄 Identity reset
[21:28:35] 🔄 Identity rotated (every 10 requests)
[21:28:36] [338/459] VCMG
[21:28:37] [339/459] UUCT
[21:28:39] [340/459] GCSE
[21:28:40] [341/459] SUSC
[21:28:41] [342/459] MISC
[21:28:42] [343/459] RMBL
[21:28:43] [344/459] CMXN
[21:28:44] [345/459] PVBK
[21:28:45] [346/459] HHCG
[21:28:46] [347/459] SCAG
[21:28:46] 🔄 Identity reset
[21:28:46] 🔄 Identity rotated (every 10 requests)
[21:28:47] [348/459] CNPR
[21:28:48] [349/459] CSER
[21:28:50] [350/459] HLWD
[21:28:51] [351/459] BOLY
[21:28:52] [352/459] SSPG
[21:28:54] [353/459] MUPX
[21:28:55] [354/459] HAMR
[21:28:56] [355/459] SDNC
[21:28:56] [356/459] RTEN
[21:28:57] [357/459] SDTD
[21:28:57] 🔄 Identity reset
[21:28:57] 🔄 Identity rotated (every 10 requests)
[21:28:58] [358/459] KAWS
[21:29:00] [359/459] CMZX
[21:29:01] [360/459] DCDD
[21:29:02] [361/459] ALSN
[21:29:04] [362/459] IMXS
[21:29:05] [363/459] PVFF
[21:29:06] [364/459] PVOO
[21:29:07] [365/459] CFBS
[21:29:08] [366/459] PVER
[21:29:09] [367/459] PPNX
[21:29:09] 🔄 Identity reset
[21:29:09] 🔄 Identity rotated (every 10 requests)
[21:29:10] [368/459] CNRM
[21:29:11] [369/459] PVWW
[21:29:11] [370/459] INMB
[21:29:12] [371/459] CPJR
[21:29:13] [372/459] INRZ
[21:29:15] [373/459] PMSR
[21:29:16] [374/459] GPGM
[21:29:17] [375/459] PGWB
[21:29:18] [376/459] PMBR
[21:29:19] [377/459] GPAM
[21:29:19] 🔄 Identity reset
[21:29:19] 🔄 Identity rotated (every 10 requests)
[21:29:20] [378/459] INBC
[21:29:21] [379/459] PZVK
[21:29:21] [380/459] CPEB
[21:29:22] [381/459] FMLB
[21:29:23] [382/459] INBG
[21:29:24] [383/459] GPBR
[21:29:25] [384/459] PAAS
[21:29:27] [385/459] VTBR
[21:29:28] [386/459] GPMY
[21:29:29] [387/459] GYBU
[21:29:29] 🔄 Identity reset
[21:29:29] 🔄 Identity rotated (every 10 requests)
[21:29:30] [388/459] INBJ
[21:29:31] [389/459] LKTH
[21:29:32] [390/459] NSBR
[21:29:33] [391/459] PDRD
[21:29:34] [392/459] VRBL
[21:29:35] [393/459] VTGB
[21:29:36] [394/459] VTSK
[21:29:37] [395/459] BKDV
[21:29:38] [396/459] SVTB
[21:29:39] [397/459] MLDT
[21:29:39] 🔄 Identity reset
[21:29:39] 🔄 Identity rotated (every 10 requests)
[21:29:41] [398/459] NRBL
[21:29:42] [399/459] SLTR
[21:29:42] [400/459] VNKA
[21:29:43] [401/459] TDCA
[21:29:44] [402/459] INBM
[21:29:46] [403/459] SSNR
[21:29:48] [404/459] BHAC
[21:29:48] [405/459] SDSD
[21:29:49] [406/459] SAMP
[21:29:50] [407/459] RATK
[21:29:50] 🔄 Identity reset
[21:29:50] 🔄 Identity rotated (every 10 requests)
[21:29:51] [408/459] KCBI
[21:29:53] [409/459] URBL
[21:29:53] [410/459] MKBG
[21:29:55] [411/459] ASTB
[21:29:56] [412/459] VBWT
[21:29:58] [413/459] GPSM
[21:29:58] [414/459] ROON
[21:30:00] [415/459] CHTH
[21:30:01] [416/459] SSPA
[21:30:02] [417/459] ANBL
[21:30:02] 🔄 Identity reset
[21:30:02] 🔄 Identity rotated (every 10 requests)
[21:30:04] [418/459] VTBE
[21:30:05] [419/459] SVKT
[21:30:06] [420/459] SVYK
[21:30:07] [421/459] PTBK
[21:30:08] [422/459] RKTB
[21:30:09] [423/459] BALT
[21:30:10] [424/459] STSV
[21:30:11] [425/459] VCCB
[21:30:12] [426/459] SLTB
[21:30:13] [427/459] SBCR
[21:30:13] 🔄 Identity reset
[21:30:13] 🔄 Identity rotated (every 10 requests)
[21:30:14] [428/459] VDCS
[21:30:15] [429/459] MDKI
[21:30:16] [430/459] SMRN
[21:30:17] [431/459] PTBC
[21:30:18] [432/459] RADI
[21:30:19] [433/459] ADCR
[21:30:20] [434/459] SDCS
[21:30:21] [435/459] SRPJ
[21:30:22] [436/459] ARTS
[21:30:23] [437/459] SRHK
[21:30:23] 🔄 Identity reset
[21:30:23] 🔄 Identity rotated (every 10 requests)
[21:30:25] [438/459] SPAY
[21:30:27] [439/459] GPTB
[21:30:28] [440/459] SNNN
[21:30:29] [441/459] BALJ
[21:30:30] [442/459] TRIG
[21:30:31] [443/459] GTYT
[21:30:32] [444/459] ATGN
[21:30:34] [445/459] ANTE
[21:30:35] [446/459] BDCG
[21:30:35] [447/459] VECI
[21:30:35] 🔄 Identity reset
[21:30:35] 🔄 Identity rotated (every 10 requests)
[21:30:37] [448/459] SCPR
[21:30:39] [449/459] RTEA
[21:30:40] [450/459] JSAI
[21:30:41] [451/459] VJTP
[21:30:41] [452/459] GNDS
[21:30:42] [453/459] PAXA
[21:30:44] [454/459] CGGM
[21:30:45] [455/459] ACKZ
[21:30:46] [456/459] EMCC
[21:30:47] [457/459] KLSK
[21:30:47] 🔄 Identity reset
[21:30:47] 🔄 Identity rotated (every 10 requests)
[21:30:48] [458/459] AVCK
[21:30:49] [459/459] JTCK
[21:30:51] 🧹 Deduping shows
[21:30:51] ✅ DONE | Shows=4557 | Movies=76
[22:03:07] 🚀 SCRIPT STARTED
[22:03:07] [1/459] NECA
[22:03:07] 🧠 New identity created
[22:03:08] [2/459] BJLC
[22:03:09] [3/459] BASU
[22:03:10] [4/459] RUPI
[22:03:11] [5/459] LCBK
[22:03:12] [6/459] PMAC
[22:03:12] [7/459] AMLC
[22:03:13] [8/459] LICL
[22:03:14] [9/459] UDMM
[22:03:15] [10/459] STBZ
[22:03:15] 🔄 Identity reset
[22:03:15] 🔄 Identity rotated (every 10 requests)
[22:03:16] [11/459] UUBT
[22:03:17] [12/459] SJKC
[22:03:18] [13/459] TUAL
[22:03:18] [14/459] MRSE
[22:03:19] [15/459] RMRK
[22:03:21] [16/459] TTKP
[22:03:22] [17/459] KTKO
[22:03:23] [18/459] SDBK
[22:03:24] [19/459] MCPR
[22:03:25] [20/459] CHTI
[22:03:25] 🔄 Identity reset
[22:03:25] 🔄 Identity rotated (every 10 requests)
[22:03:26] [21/459] GCCP
[22:03:27] [22/459] SRMY
[22:03:28] [23/459] NYST
[22:03:29] [24/459] NYAG
[22:03:30] [25/459] SBMT
[22:03:31] [26/459] INGA
[22:03:32] [27/459] WSIC
[22:03:34] [28/459] SCSS
[22:03:35] [29/459] COPG
[22:03:36] [30/459] RCGR
[22:03:36] 🔄 Identity reset
[22:03:36] 🔄 Identity rotated (every 10 requests)
[22:03:37] [31/459] TCZA
[22:03:38] [32/459] CNLP
[22:03:39] [33/459] CLKN
[22:03:40] [34/459] LHDF
[22:03:41] [35/459] ELKC
[22:03:42] [36/459] VCEM
[22:03:43] [37/459] SSZA
[22:03:44] [38/459] KRMT
[22:03:45] [39/459] LCMV
[22:03:46] [40/459] AYCZ
[22:03:46] 🔄 Identity reset
[22:03:46] 🔄 Identity rotated (every 10 requests)
[22:03:48] [41/459] CUMS
[22:03:48] [42/459] BOCK
[22:03:50] [43/459] PNMR
[22:03:50] [44/459] PJCP
[22:03:51] [45/459] JDDD
[22:03:52] [46/459] STMS
[22:03:54] [47/459] FLMB
[22:03:54] [48/459] PKCM
[22:03:55] [49/459] SPPR
[22:03:56] [50/459] EYLH
[22:03:56] 🔄 Identity reset
[22:03:56] 🔄 Identity rotated (every 10 requests)
[22:03:57] [51/459] RJCC
[22:03:58] [52/459] MMPS
[22:04:00] [53/459] SHMX
[22:04:01] [54/459] CCNL
[22:04:02] [55/459] RCNV
[22:04:03] [56/459] MAAG
[22:04:04] [57/459] LXCM
[22:04:05] [58/459] RCNI
[22:04:06] [59/459] SNNI
[22:04:07] [60/459] LALC
[22:04:07] 🔄 Identity reset
[22:04:07] 🔄 Identity rotated (every 10 requests)
[22:04:08] [61/459] SOCN
[22:04:08] [62/459] JHTP
[22:04:10] [63/459] PITP
[22:04:11] [64/459] CCKW
[22:04:12] [65/459] MCMC
[22:04:12] [66/459] DEES
[22:04:13] [67/459] SABT
[22:04:14] [68/459] VSPP
[22:04:15] [69/459] ABCT
[22:04:16] [70/459] JVTB
[22:04:16] 🔄 Identity reset
[22:04:16] 🔄 Identity rotated (every 10 requests)
[22:04:17] [71/459] VCBD
[22:04:18] [72/459] RMGG
[22:04:19] [73/459] RNMH
[22:04:20] [74/459] SPGL
[22:04:21] [75/459] JTTR
[22:04:22] [76/459] SICS
[22:04:23] [77/459] SRMI
[22:04:23] [78/459] SSIJ
[22:04:25] [79/459] KFMT
[22:04:26] [80/459] VBIT
[22:04:26] 🔄 Identity reset
[22:04:27] 🔄 Identity rotated (every 10 requests)
[22:04:28] [81/459] JKCT
[22:04:28] [82/459] GCGP
[22:04:29] [83/459] GDCS
[22:04:31] [84/459] TRBA
[22:04:32] [85/459] QUST
[22:04:33] [86/459] VSHM
[22:04:34] [87/459] SDCP
[22:04:35] [88/459] SNVS
[22:04:36] [89/459] NYTO
[22:04:37] [90/459] URWC
[22:04:37] 🔄 Identity reset
[22:04:37] 🔄 Identity rotated (every 10 requests)
[22:04:38] [91/459] GTWH
[22:04:39] [92/459] PFCM
[22:04:40] [93/459] KRTA
[22:04:41] [94/459] AXMC
[22:04:42] [95/459] EVMC
[22:04:43] [96/459] HGSM
[22:04:43] [97/459] ACVM
[22:04:44] [98/459] PSKL
[22:04:46] [99/459] RDMP
[22:04:46] [100/459] RHGH
[22:04:46] 🔄 Identity reset
[22:04:46] 🔄 Identity rotated (every 10 requests)
[22:04:47] [101/459] OMCM
[22:04:48] [102/459] DCCP
[22:04:50] [103/459] MCPB
[22:04:51] [104/459] ALCI
[22:04:52] [105/459] BLMX
[22:04:53] [106/459] BTMV
[22:04:53] [107/459] FVPN
[22:04:54] [108/459] CMAR
[22:04:55] [109/459] CEIM
[22:04:56] [110/459] CMVA
[22:04:56] 🔄 Identity reset
[22:04:56] 🔄 Identity rotated (every 10 requests)
[22:04:57] [111/459] CPIV
[22:04:58] [112/459] CNPE
[22:04:59] [113/459] COLV
[22:05:00] [114/459] DNNV
[22:05:01] [115/459] HCAD
[22:05:02] [116/459] TAKA
[22:05:03] [117/459] INVD
[22:05:04] [118/459] IRMM
[22:05:05] [119/459] INSE
[22:05:05] [120/459] MRSW
[22:05:05] 🔄 Identity reset
[22:05:06] 🔄 Identity rotated (every 10 requests)
[22:05:07] [121/459] MCVD
[22:05:08] [122/459] MCSO
[22:05:08] [123/459] PEVM
[22:05:09] [124/459] PVNL
[22:05:11] [125/459] PTCV
[22:05:12] [126/459] PRTC
[22:05:13] [127/459] RCVA
[22:05:14] [128/459] MTBN
[22:05:15] [129/459] LUCP
[22:05:16] [130/459] FMPT
[22:05:16] 🔄 Identity reset
[22:05:16] 🔄 Identity rotated (every 10 requests)
[22:05:17] [131/459] JLSL
[22:05:19] [132/459] SBHA
[22:05:20] [133/459] SHRC
[22:05:21] [134/459] AVPS
[22:05:22] [135/459] STPM
[22:05:23] [136/459] ATRD
[22:05:24] [137/459] VTED
[22:05:25] [138/459] ACAI
[22:05:26] [139/459] SMAE
[22:05:27] [140/459] VMAT
[22:05:27] 🔄 Identity reset
[22:05:27] 🔄 Identity rotated (every 10 requests)
[22:05:27] [141/459] LKCT
[22:05:28] [142/459] JTVK
[22:05:30] [143/459] PRTY
[22:05:30] [144/459] GETT
[22:05:31] [145/459] ESAP
[22:05:33] [146/459] NCPM
[22:05:33] [147/459] PCPA
[22:05:34] [148/459] MMOM
[22:05:35] [149/459] PHUP
[22:05:36] [150/459] CCPI
[22:05:36] 🔄 Identity reset
[22:05:36] 🔄 Identity rotated (every 10 requests)
[22:05:37] [151/459] CNTD
[22:05:38] [152/459] NLJR
[22:05:39] [153/459] SRNG
[22:05:40] [154/459] MHAL
[22:05:41] [155/459] PNSM
[22:05:42] [156/459] DRMY
[22:05:43] [157/459] CCMU
[22:05:45] [158/459] SCMY
[22:05:46] [159/459] PVSY
[22:05:47] [160/459] SDLM
[22:05:47] 🔄 Identity reset
[22:05:47] 🔄 Identity rotated (every 10 requests)
[22:05:48] [161/459] ICCM
[22:05:49] [162/459] PYSU
[22:05:49] [163/459] GATM
[22:05:50] [164/459] WOTM
[22:05:51] [165/459] RKTS
[22:05:52] [166/459] PMTY
[22:05:54] [167/459] LYMS
[22:05:55] [168/459] TGCA
[22:05:56] [169/459] DSTA
[22:05:57] [170/459] CNGE
[22:05:57] 🔄 Identity reset
[22:05:57] 🔄 Identity rotated (every 10 requests)
[22:05:59] [171/459] VSTG
[22:05:59] [172/459] GTCK
[22:06:01] [173/459] TGNT
[22:06:01] [174/459] ASLC
[22:06:02] [175/459] SSST
[22:06:03] [176/459] KBTT
[22:06:04] [177/459] HKCP
[22:06:05] [178/459] SWLC
[22:06:06] [179/459] RTND
[22:06:06] [180/459] PKKT
[22:06:06] 🔄 Identity reset
[22:06:06] 🔄 Identity rotated (every 10 requests)
[22:06:07] [181/459] HSTK
[22:06:08] [182/459] SPTT
[22:06:09] [183/459] IMPM
[22:06:10] [184/459] SCMV
[22:06:11] [185/459] SPCT
[22:06:12] [186/459] JBCA
[22:06:13] [187/459] ATTR
[22:06:14] [188/459] SPMT
[22:06:15] [189/459] LCTM
[22:06:16] [190/459] SCVL
[22:06:16] 🔄 Identity reset
[22:06:16] 🔄 Identity rotated (every 10 requests)
[22:06:17] [191/459] SCVT
[22:06:18] [192/459] KRIC
[22:06:19] [193/459] CTMG
[22:06:21] [194/459] ACNC
[22:06:22] [195/459] DMCK
[22:06:23] [196/459] KMTV
[22:06:24] [197/459] PFCJ
[22:06:25] [198/459] VNMD
[22:06:26] [199/459] VPCZ
[22:06:27] [200/459] SRYR
[22:06:27] 🔄 Identity reset
[22:06:27] 🔄 Identity rotated (every 10 requests)
[22:06:28] [201/459] SYTR
[22:06:29] [202/459] GATR
[22:06:30] [203/459] URTR
[22:06:31] [204/459] MKSM
[22:06:32] [205/459] VSMH
[22:06:33] [206/459] SKRJ
[22:06:34] [207/459] SSJR
[22:06:35] [208/459] SVSM
[22:06:36] [209/459] RUCM
[22:06:37] [210/459] PRKN
[22:06:37] 🔄 Identity reset
[22:06:37] 🔄 Identity rotated (every 10 requests)
[22:06:37] 🔄 Retry 1/5 for PRKN in 2.5s
[22:06:37] 🔄 Identity reset
[22:06:39] 🧠 New identity created
[22:06:40] [211/459] RROH
[22:06:41] [212/459] SCTN
[22:06:42] [213/459] RTDM
[22:06:43] [214/459] ASRM
[22:06:43] [215/459] SKMD
[22:06:45] [216/459] SUTD
[22:06:45] [217/459] SADM
[22:06:46] [218/459] WCNR
[22:06:47] [219/459] CNED
[22:06:47] 🔄 Identity reset
[22:06:47] 🔄 Identity rotated (every 10 requests)
[22:06:48] [220/459] MPDB
[22:06:49] [221/459] KTBH
[22:06:50] [222/459] IDRM
[22:06:51] [223/459] PJJT
[22:06:53] [224/459] PFCV
[22:06:54] [225/459] AACT
[22:06:56] [226/459] AAAD
[22:06:57] [227/459] ANES
[22:06:58] [228/459] MNCA
[22:06:59] [229/459] RMGU
[22:06:59] 🔄 Identity reset
[22:06:59] 🔄 Identity rotated (every 10 requests)
[22:07:00] [230/459] DLCN
[22:07:00] [231/459] LJWT
[22:07:01] [232/459] MCBG
[22:07:02] [233/459] MYBG
[22:07:03] [234/459] GCCA
[22:07:04] [235/459] GCGA
[22:07:05] [236/459] ECGN
[22:07:06] [237/459] PRAB
[22:07:07] [238/459] PNMP
[22:07:08] [239/459] GCPT
[22:07:08] 🔄 Identity reset
[22:07:08] 🔄 Identity rotated (every 10 requests)
[22:07:09] [240/459] ROYN
[22:07:10] [241/459] VATM
[22:07:11] [242/459] KSNT
[22:07:12] [243/459] ACTC
[22:07:13] [244/459] PLTD
[22:07:14] [245/459] SKMK
[22:07:15] [246/459] CMTT
[22:07:16] [247/459] SMXP
[22:07:17] [248/459] SCMX
[22:07:18] [249/459] ACXN
[22:07:18] 🔄 Identity reset
[22:07:18] 🔄 Identity rotated (every 10 requests)
[22:07:19] [250/459] ASWT
[22:07:20] [251/459] VVVL
[22:07:21] [252/459] NAGO
[22:07:22] [253/459] SNCN
[22:07:23] [254/459] MCKP
[22:07:24] [255/459] SAMO
[22:07:25] [256/459] JBTV
[22:07:25] [257/459] DCVV
[22:07:26] [258/459] KMSV
[22:07:27] [259/459] KDCN
[22:07:27] 🔄 Identity reset
[22:07:27] 🔄 Identity rotated (every 10 requests)
[22:07:28] [260/459] CNCP
[22:07:29] [261/459] HAMC
[22:07:30] [262/459] CCVZ
[22:07:30] [263/459] NCCK
[22:07:31] [264/459] MCHR
[22:07:33] [265/459] SCHT
[22:07:34] [266/459] ESSH
[22:07:35] [267/459] CUJC
[22:07:36] [268/459] PECP
[22:07:37] [269/459] PMMI
[22:07:37] 🔄 Identity reset
[22:07:37] 🔄 Identity rotated (every 10 requests)
[22:07:38] [270/459] PCCH
[22:07:39] [271/459] PRPM
[22:07:40] [272/459] PVKL
[22:07:41] [273/459] CBSM
[22:07:42] [274/459] PVCZ
[22:07:43] [275/459] PCVV
[22:07:44] [276/459] CTMJ
[22:07:45] [277/459] RCPS
[22:07:46] [278/459] PCIT
[22:07:47] [279/459] FNCH
[22:07:47] 🔄 Identity reset
[22:07:47] 🔄 Identity rotated (every 10 requests)
[22:07:48] [280/459] INZD
[22:07:49] [281/459] INPC
[22:07:50] [282/459] LCZP
[22:07:50] [283/459] SMCB
[22:07:51] [284/459] PTSB
[22:07:52] [285/459] TPSI
[22:07:53] [286/459] KHMJ
[22:07:54] [287/459] RCCJ
[22:07:55] [288/459] NCJA
[22:07:56] [289/459] NCJN
[22:07:56] 🔄 Identity reset
[22:07:56] 🔄 Identity rotated (every 10 requests)
[22:07:57] [290/459] BTDP
[22:07:58] [291/459] PADY
[22:07:59] [292/459] NYBH
[22:08:00] [293/459] MTBR
[22:08:01] [294/459] KRBC
[22:08:01] [295/459] DKTI
[22:08:02] [296/459] ANAN
[22:08:03] [297/459] INBP
[22:08:04] [298/459] PATB
[22:08:05] [299/459] RGNT
[22:08:05] 🔄 Identity reset
[22:08:05] 🔄 Identity rotated (every 10 requests)
[22:08:06] [300/459] CGPM
[22:08:07] [301/459] INTN
[22:08:08] [302/459] MCMP
[22:08:09] [303/459] ASRG
[22:08:10] [304/459] CXJD
[22:08:11] [305/459] SPCP
[22:08:12] [306/459] CSTP
[22:08:13] [307/459] PKVC
[22:08:13] [308/459] ESCP
[22:08:14] [309/459] CAEP
[22:08:14] 🔄 Identity reset
[22:08:14] 🔄 Identity rotated (every 10 requests)
[22:08:15] [310/459] CCSP
[22:08:16] [311/459] KTPC
[22:08:17] [312/459] DACA
[22:08:18] [313/459] NVKY
[22:08:19] [314/459] PTIN
[22:08:20] [315/459] SCIN
[22:08:22] [316/459] MCTY
[22:08:22] [317/459] PCMX
[22:08:23] [318/459] INIC
[22:08:24] [319/459] MMZM
[22:08:24] 🔄 Identity reset
[22:08:25] 🔄 Identity rotated (every 10 requests)
[22:08:25] [320/459] SSLP
[22:08:26] [321/459] DTDT
[22:08:27] [322/459] FFCX
[22:08:28] [323/459] RCMM
[22:08:29] [324/459] KYID
[22:08:30] [325/459] CSCI
[22:08:31] [326/459] FCMC
[22:08:32] [327/459] MMXI
[22:08:32] [328/459] ASTC
[22:08:33] [329/459] CMRA
[22:08:33] 🔄 Identity reset
[22:08:33] 🔄 Identity rotated (every 10 requests)
[22:08:35] [330/459] DICI
[22:08:35] [331/459] KDIN
[22:08:36] [332/459] PRFI
[22:08:37] [333/459] SVFC
[22:08:38] [334/459] UCPL
[22:08:39] [335/459] COOC
[22:08:41] [336/459] SCAL
[22:08:41] [337/459] SVFF
[22:08:42] [338/459] VCMG
[22:08:43] [339/459] UUCT
[22:08:43] 🔄 Identity reset
[22:08:43] 🔄 Identity rotated (every 10 requests)
[22:08:44] [340/459] GCSE
[22:08:45] [341/459] SUSC
[22:08:46] [342/459] MISC
[22:08:47] [343/459] RMBL
[22:08:48] [344/459] CMXN
[22:08:48] [345/459] PVBK
[22:08:49] [346/459] HHCG
[22:08:50] [347/459] SCAG
[22:08:51] [348/459] CNPR
[22:08:52] [349/459] CSER
[22:08:52] 🔄 Identity reset
[22:08:52] 🔄 Identity rotated (every 10 requests)
[22:08:53] [350/459] HLWD
[22:08:54] [351/459] BOLY
[22:08:55] [352/459] SSPG
[22:08:56] [353/459] MUPX
[22:08:56] [354/459] HAMR
[22:08:58] [355/459] SDNC
[22:08:59] [356/459] RTEN
[22:09:00] [357/459] SDTD
[22:09:01] [358/459] KAWS
[22:09:02] [359/459] CMZX
[22:09:02] 🔄 Identity reset
[22:09:02] 🔄 Identity rotated (every 10 requests)
[22:09:03] [360/459] DCDD
[22:09:04] [361/459] ALSN
[22:09:05] [362/459] IMXS
[22:09:05] [363/459] PVFF
[22:09:06] [364/459] PVOO
[22:09:07] [365/459] CFBS
[22:09:08] [366/459] PVER
[22:09:09] [367/459] PPNX
[22:09:10] [368/459] CNRM
[22:09:11] [369/459] PVWW
[22:09:11] 🔄 Identity reset
[22:09:11] 🔄 Identity rotated (every 10 requests)
[22:09:12] [370/459] INMB
[22:09:13] [371/459] CPJR
[22:09:13] [372/459] INRZ
[22:09:14] [373/459] PMSR
[22:09:15] [374/459] GPGM
[22:09:16] [375/459] PGWB
[22:09:17] [376/459] PMBR
[22:09:17] [377/459] GPAM
[22:09:18] [378/459] INBC
[22:09:19] [379/459] PZVK
[22:09:19] 🔄 Identity reset
[22:09:19] 🔄 Identity rotated (every 10 requests)
[22:09:20] [380/459] CPEB
[22:09:20] [381/459] FMLB
[22:09:22] [382/459] INBG
[22:09:23] [383/459] GPBR
[22:09:24] [384/459] PAAS
[22:09:25] [385/459] VTBR
[22:09:26] [386/459] GPMY
[22:09:27] [387/459] GYBU
[22:09:28] [388/459] INBJ
[22:09:29] [389/459] LKTH
[22:09:29] 🔄 Identity reset
[22:09:29] 🔄 Identity rotated (every 10 requests)
[22:09:30] [390/459] NSBR
[22:09:31] [391/459] PDRD
[22:09:32] [392/459] VRBL
[22:09:33] [393/459] VTGB
[22:09:33] [394/459] VTSK
[22:09:35] [395/459] BKDV
[22:09:36] [396/459] SVTB
[22:09:37] [397/459] MLDT
[22:09:37] [398/459] NRBL
[22:09:38] [399/459] SLTR
[22:09:38] 🔄 Identity reset
[22:09:38] 🔄 Identity rotated (every 10 requests)
[22:09:39] [400/459] VNKA
[22:09:40] [401/459] TDCA
[22:09:41] [402/459] INBM
[22:09:43] [403/459] SSNR
[22:09:43] [404/459] BHAC
[22:09:44] [405/459] SDSD
[22:09:45] [406/459] SAMP
[22:09:46] [407/459] RATK
[22:09:47] [408/459] KCBI
[22:09:48] [409/459] URBL
[22:09:48] 🔄 Identity reset
[22:09:48] 🔄 Identity rotated (every 10 requests)
[22:09:49] [410/459] MKBG
[22:09:49] [411/459] ASTB
[22:09:50] [412/459] VBWT
[22:09:51] [413/459] GPSM
[22:09:52] [414/459] ROON
[22:09:53] [415/459] CHTH
[22:09:54] [416/459] SSPA
[22:09:55] [417/459] ANBL
[22:09:56] [418/459] VTBE
[22:09:56] [419/459] SVKT
[22:09:56] 🔄 Identity reset
[22:09:56] 🔄 Identity rotated (every 10 requests)
[22:09:58] [420/459] SVYK
[22:09:59] [421/459] PTBK
[22:10:00] [422/459] RKTB
[22:10:01] [423/459] BALT
[22:10:02] [424/459] STSV
[22:10:03] [425/459] VCCB
[22:10:04] [426/459] SLTB
[22:10:05] [427/459] SBCR
[22:10:06] [428/459] VDCS
[22:10:07] [429/459] MDKI
[22:10:07] 🔄 Identity reset
[22:10:07] 🔄 Identity rotated (every 10 requests)
[22:10:07] [430/459] SMRN
[22:10:09] [431/459] PTBC
[22:10:10] [432/459] RADI
[22:10:11] [433/459] ADCR
[22:10:12] [434/459] SDCS
[22:10:12] [435/459] SRPJ
[22:10:13] [436/459] ARTS
[22:10:14] [437/459] SRHK
[22:10:15] [438/459] SPAY
[22:10:16] [439/459] GPTB
[22:10:16] 🔄 Identity reset
[22:10:16] 🔄 Identity rotated (every 10 requests)
[22:10:18] [440/459] SNNN
[22:10:19] [441/459] BALJ
[22:10:20] [442/459] TRIG
[22:10:21] [443/459] GTYT
[22:10:21] [444/459] ATGN
[22:10:22] [445/459] ANTE
[22:10:23] [446/459] BDCG
[22:10:24] [447/459] VECI
[22:10:25] [448/459] SCPR
[22:10:27] [449/459] RTEA
[22:10:27] 🔄 Identity reset
[22:10:27] 🔄 Identity rotated (every 10 requests)
[22:10:28] [450/459] JSAI
[22:10:29] [451/459] VJTP
[22:10:30] [452/459] GNDS
[22:10:31] [453/459] PAXA
[22:10:32] [454/459] CGGM
[22:10:33] [455/459] ACKZ
[22:10:34] [456/459] EMCC
[22:10:35] [457/459] KLSK
[22:10:36] [458/459] AVCK
[22:10:37] [459/459] JTCK
[22:10:37] 🔄 Identity reset
[22:10:37] 🔄 Identity rotated (every 10 requests)
[22:10:38] 🧹 Deduping shows
[22:10:38] ✅ DONE | Shows=4587 | Movies=76
[23:32:18] 🚀 SCRIPT STARTED
[23:32:18] [1/459] NECA
[23:32:18] 🧠 New identity created
[23:32:18] 🔄 Retry 1/5 for NECA in 2.6s
[23:32:18] 🔄 Identity reset
[23:32:20] 🧠 New identity created
[23:32:21] [2/459] BJLC
[23:32:22] [3/459] BASU
[23:32:22] [4/459] RUPI
[23:32:23] [5/459] LCBK
[23:32:23] [6/459] PMAC
[23:32:24] [7/459] AMLC
[23:32:25] [8/459] LICL
[23:32:25] [9/459] UDMM
[23:32:25] 🔄 Identity reset
[23:32:25] 🔄 Identity rotated (every 10 requests)
[23:32:26] [10/459] STBZ
[23:32:27] [11/459] UUBT
[23:32:28] [12/459] SJKC
[23:32:28] [13/459] TUAL
[23:32:29] [14/459] MRSE
[23:32:30] [15/459] RMRK
[23:32:30] [16/459] TTKP
[23:32:31] [17/459] KTKO
[23:32:32] [18/459] SDBK
[23:32:32] [19/459] MCPR
[23:32:32] 🔄 Identity reset
[23:32:32] 🔄 Identity rotated (every 10 requests)
[23:32:33] [20/459] CHTI
[23:32:34] [21/459] GCCP
[23:32:34] [22/459] SRMY
[23:32:35] [23/459] NYST
[23:32:36] [24/459] NYAG
[23:32:37] [25/459] SBMT
[23:32:37] [26/459] INGA
[23:32:38] [27/459] WSIC
[23:32:39] [28/459] SCSS
[23:32:40] [29/459] COPG
[23:32:40] 🔄 Identity reset
[23:32:40] 🔄 Identity rotated (every 10 requests)
[23:32:40] [30/459] RCGR
[23:32:41] [31/459] TCZA
[23:32:42] [32/459] CNLP
[23:32:42] [33/459] CLKN
[23:32:43] [34/459] LHDF
[23:32:44] [35/459] ELKC
[23:32:44] [36/459] VCEM
[23:32:45] [37/459] SSZA
[23:32:46] [38/459] KRMT
[23:32:46] [39/459] LCMV
[23:32:46] 🔄 Identity reset
[23:32:46] 🔄 Identity rotated (every 10 requests)
[23:32:47] [40/459] AYCZ
[23:32:48] [41/459] CUMS
[23:32:49] [42/459] BOCK
[23:32:49] [43/459] PNMR
[23:32:50] [44/459] PJCP
[23:32:51] [45/459] JDDD
[23:32:51] [46/459] STMS
[23:32:52] [47/459] FLMB
[23:32:52] [48/459] PKCM
[23:32:53] [49/459] SPPR
[23:32:53] 🔄 Identity reset
[23:32:53] 🔄 Identity rotated (every 10 requests)
[23:32:54] [50/459] EYLH
[23:32:54] [51/459] RJCC
[23:32:55] [52/459] MMPS
[23:32:56] [53/459] SHMX
[23:32:57] [54/459] CCNL
[23:32:57] [55/459] RCNV
[23:32:58] [56/459] MAAG
[23:32:59] [57/459] LXCM
[23:33:00] [58/459] RCNI
[23:33:00] [59/459] SNNI
[23:33:00] 🔄 Identity reset
[23:33:00] 🔄 Identity rotated (every 10 requests)
[23:33:01] [60/459] LALC
[23:33:02] [61/459] SOCN
[23:33:02] [62/459] JHTP
[23:33:03] [63/459] PITP
[23:33:04] [64/459] CCKW
[23:33:04] [65/459] MCMC
[23:33:05] [66/459] DEES
[23:33:05] [67/459] SABT
[23:33:06] [68/459] VSPP
[23:33:07] [69/459] ABCT
[23:33:07] 🔄 Identity reset
[23:33:07] 🔄 Identity rotated (every 10 requests)
[23:33:08] [70/459] JVTB
[23:33:08] [71/459] VCBD
[23:33:09] [72/459] RMGG
[23:33:10] [73/459] RNMH
[23:33:11] [74/459] SPGL
[23:33:11] [75/459] JTTR
[23:33:12] [76/459] SICS
[23:33:13] [77/459] SRMI
[23:33:13] [78/459] SSIJ
[23:33:14] [79/459] KFMT
[23:33:14] 🔄 Identity reset
[23:33:14] 🔄 Identity rotated (every 10 requests)
[23:33:15] [80/459] VBIT
[23:33:15] [81/459] JKCT
[23:33:16] [82/459] GCGP
[23:33:17] [83/459] GDCS
[23:33:18] [84/459] TRBA
[23:33:18] [85/459] QUST
[23:33:19] [86/459] VSHM
[23:33:20] [87/459] SDCP
[23:33:20] [88/459] SNVS
[23:33:21] [89/459] NYTO
[23:33:21] 🔄 Identity reset
[23:33:21] 🔄 Identity rotated (every 10 requests)
[23:33:22] [90/459] URWC
[23:33:22] [91/459] GTWH
[23:33:23] [92/459] PFCM
[23:33:23] [93/459] KRTA
[23:33:24] [94/459] AXMC
[23:33:25] [95/459] EVMC
[23:33:25] [96/459] HGSM
[23:33:26] [97/459] ACVM
[23:33:27] [98/459] PSKL
[23:33:27] [99/459] RDMP
[23:33:27] 🔄 Identity reset
[23:33:28] 🔄 Identity rotated (every 10 requests)
[23:33:28] 🔄 Retry 1/5 for RDMP in 2.5s
[23:33:28] 🔄 Identity reset
[23:33:30] 🧠 New identity created
[23:33:31] [100/459] RHGH
[23:33:32] [101/459] OMCM
[23:33:33] [102/459] DCCP
[23:33:33] [103/459] MCPB
[23:33:34] [104/459] ALCI
[23:33:35] [105/459] BLMX
[23:33:35] [106/459] BTMV
[23:33:36] [107/459] FVPN
[23:33:37] [108/459] CMAR
[23:33:37] 🔄 Identity reset
[23:33:37] 🔄 Identity rotated (every 10 requests)
[23:33:37] 🔄 Retry 1/5 for CMAR in 2.2s
[23:33:37] 🔄 Identity reset
[23:33:39] 🧠 New identity created
[23:33:39] 🔄 Retry 2/5 for CMAR in 4.3s
[23:33:39] 🔄 Identity reset
[23:33:44] 🧠 New identity created
[23:33:44] [109/459] CEIM
[23:33:45] [110/459] CMVA
[23:33:46] [111/459] CPIV
[23:33:46] [112/459] CNPE
[23:33:47] [113/459] COLV
[23:33:48] [114/459] DNNV
[23:33:49] [115/459] HCAD
[23:33:49] [116/459] TAKA
[23:33:49] 🔄 Identity reset
[23:33:49] 🔄 Identity rotated (every 10 requests)
[23:33:50] [117/459] INVD
[23:33:51] [118/459] IRMM
[23:33:51] [119/459] INSE
[23:33:52] [120/459] MRSW
[23:33:53] [121/459] MCVD
[23:33:54] [122/459] MCSO
[23:33:54] [123/459] PEVM
[23:33:55] [124/459] PVNL
[23:33:56] [125/459] PTCV
[23:33:56] [126/459] PRTC
[23:33:56] 🔄 Identity reset
[23:33:56] 🔄 Identity rotated (every 10 requests)
[23:33:57] 🔄 Retry 1/5 for PRTC in 2.6s
[23:33:57] 🔄 Identity reset
[23:33:59] 🧠 New identity created
[23:34:00] [127/459] RCVA
[23:34:01] [128/459] MTBN
[23:34:01] [129/459] LUCP
[23:34:02] [130/459] FMPT
[23:34:03] [131/459] JLSL
[23:34:03] [132/459] SBHA
[23:34:04] [133/459] SHRC
[23:34:05] [134/459] AVPS
[23:34:06] [135/459] STPM
[23:34:06] 🔄 Identity reset
[23:34:06] 🔄 Identity rotated (every 10 requests)
[23:34:06] 🔄 Retry 1/5 for STPM in 2.9s
[23:34:06] 🔄 Identity reset
[23:34:09] 🧠 New identity created
[23:34:09] [136/459] ATRD
[23:34:10] [137/459] VTED
[23:34:11] [138/459] ACAI
[23:34:11] [139/459] SMAE
[23:34:12] [140/459] VMAT
[23:34:13] [141/459] LKCT
[23:34:13] [142/459] JTVK
[23:34:14] [143/459] PRTY
[23:34:15] [144/459] GETT
[23:34:15] 🔄 Identity reset
[23:34:15] 🔄 Identity rotated (every 10 requests)
[23:34:15] 🔄 Retry 1/5 for GETT in 2.5s
[23:34:15] 🔄 Identity reset
[23:34:17] 🧠 New identity created
[23:34:18] [145/459] ESAP
[23:34:19] [146/459] NCPM
[23:34:20] [147/459] PCPA
[23:34:21] [148/459] MMOM
[23:34:21] [149/459] PHUP
[23:34:22] [150/459] CCPI
[23:34:23] [151/459] CNTD
[23:34:23] [152/459] NLJR
[23:34:24] [153/459] SRNG
[23:34:24] 🔄 Identity reset
[23:34:24] 🔄 Identity rotated (every 10 requests)
[23:34:25] [154/459] MHAL
[23:34:25] [155/459] PNSM
[23:34:26] [156/459] DRMY
[23:34:27] [157/459] CCMU
[23:34:27] [158/459] SCMY
[23:34:28] [159/459] PVSY
[23:34:29] [160/459] SDLM
[23:34:29] [161/459] ICCM
[23:34:30] [162/459] PYSU
[23:34:31] [163/459] GATM
[23:34:31] 🔄 Identity reset
[23:34:31] 🔄 Identity rotated (every 10 requests)
[23:34:32] [164/459] WOTM
[23:34:32] [165/459] RKTS
[23:34:33] [166/459] PMTY
[23:34:34] [167/459] LYMS
[23:34:35] [168/459] TGCA
[23:34:35] [169/459] DSTA
[23:34:36] [170/459] CNGE
[23:34:37] [171/459] VSTG
[23:34:37] [172/459] GTCK
[23:34:38] [173/459] TGNT
[23:34:38] 🔄 Identity reset
[23:34:38] 🔄 Identity rotated (every 10 requests)
[23:34:39] [174/459] ASLC
[23:34:39] [175/459] SSST
[23:34:40] [176/459] KBTT
[23:34:41] [177/459] HKCP
[23:34:41] [178/459] SWLC
[23:34:42] [179/459] RTND
[23:34:43] [180/459] PKKT
[23:34:43] [181/459] HSTK
[23:34:44] [182/459] SPTT
[23:34:45] [183/459] IMPM
[23:34:45] 🔄 Identity reset
[23:34:45] 🔄 Identity rotated (every 10 requests)
[23:34:46] [184/459] SCMV
[23:34:46] [185/459] SPCT
[23:34:47] [186/459] JBCA
[23:34:47] [187/459] ATTR
[23:34:48] [188/459] SPMT
[23:34:49] [189/459] LCTM
[23:34:49] [190/459] SCVL
[23:34:50] [191/459] SCVT
[23:34:51] [192/459] KRIC
[23:34:51] [193/459] CTMG
[23:34:51] 🔄 Identity reset
[23:34:51] 🔄 Identity rotated (every 10 requests)
[23:34:52] [194/459] ACNC
[23:34:53] [195/459] DMCK
[23:34:53] [196/459] KMTV
[23:34:54] [197/459] PFCJ
[23:34:55] [198/459] VNMD
[23:34:55] [199/459] VPCZ
[23:34:56] [200/459] SRYR
[23:34:57] [201/459] SYTR
[23:34:57] [202/459] GATR
[23:34:58] [203/459] URTR
[23:34:58] 🔄 Identity reset
[23:34:58] 🔄 Identity rotated (every 10 requests)
[23:34:59] [204/459] MKSM
[23:34:59] [205/459] VSMH
[23:35:00] [206/459] SKRJ
[23:35:00] [207/459] SSJR
[23:35:01] [208/459] SVSM
[23:35:02] [209/459] RUCM
[23:35:03] [210/459] PRKN
[23:35:03] [211/459] RROH
[23:35:04] [212/459] SCTN
[23:35:04] [213/459] RTDM
[23:35:04] 🔄 Identity reset
[23:35:04] 🔄 Identity rotated (every 10 requests)
[23:35:05] [214/459] ASRM
[23:35:06] [215/459] SKMD
[23:35:07] [216/459] SUTD
[23:35:08] [217/459] SADM
[23:35:08] [218/459] WCNR
[23:35:09] [219/459] CNED
[23:35:10] [220/459] MPDB
[23:35:10] [221/459] KTBH
[23:35:11] [222/459] IDRM
[23:35:11] [223/459] PJJT
[23:35:11] 🔄 Identity reset
[23:35:11] 🔄 Identity rotated (every 10 requests)
[23:35:12] [224/459] PFCV
[23:35:13] [225/459] AACT
[23:35:14] [226/459] AAAD
[23:35:14] [227/459] ANES
[23:35:15] [228/459] MNCA
[23:35:16] [229/459] RMGU
[23:35:16] [230/459] DLCN
[23:35:17] [231/459] LJWT
[23:35:18] [232/459] MCBG
[23:35:19] [233/459] MYBG
[23:35:19] 🔄 Identity reset
[23:35:19] 🔄 Identity rotated (every 10 requests)
[23:35:19] [234/459] GCCA
[23:35:20] [235/459] GCGA
[23:35:21] [236/459] ECGN
[23:35:21] [237/459] PRAB
[23:35:22] [238/459] PNMP
[23:35:23] [239/459] GCPT
[23:35:24] [240/459] ROYN
[23:35:24] [241/459] VATM
[23:35:25] [242/459] KSNT
[23:35:26] [243/459] ACTC
[23:35:26] 🔄 Identity reset
[23:35:26] 🔄 Identity rotated (every 10 requests)
[23:35:26] [244/459] PLTD
[23:35:27] [245/459] SKMK
[23:35:28] [246/459] CMTT
[23:35:28] [247/459] SMXP
[23:35:29] [248/459] SCMX
[23:35:30] [249/459] ACXN
[23:35:31] [250/459] ASWT
[23:35:31] [251/459] VVVL
[23:35:32] [252/459] NAGO
[23:35:33] [253/459] SNCN
[23:35:33] 🔄 Identity reset
[23:35:33] 🔄 Identity rotated (every 10 requests)
[23:35:34] [254/459] MCKP
[23:35:34] [255/459] SAMO
[23:35:35] [256/459] JBTV
[23:35:36] [257/459] DCVV
[23:35:36] [258/459] KMSV
[23:35:37] [259/459] KDCN
[23:35:38] [260/459] CNCP
[23:35:38] [261/459] HAMC
[23:35:39] [262/459] CCVZ
[23:35:40] [263/459] NCCK
[23:35:40] 🔄 Identity reset
[23:35:40] 🔄 Identity rotated (every 10 requests)
[23:35:41] [264/459] MCHR
[23:35:41] [265/459] SCHT
[23:35:42] [266/459] ESSH
[23:35:43] [267/459] CUJC
[23:35:43] [268/459] PECP
[23:35:44] [269/459] PMMI
[23:35:45] [270/459] PCCH
[23:35:45] [271/459] PRPM
[23:35:46] [272/459] PVKL
[23:35:47] [273/459] CBSM
[23:35:47] 🔄 Identity reset
[23:35:47] 🔄 Identity rotated (every 10 requests)
[23:35:48] [274/459] PVCZ
[23:35:48] [275/459] PCVV
[23:35:49] [276/459] CTMJ
[23:35:49] [277/459] RCPS
[23:35:50] [278/459] PCIT
[23:35:51] [279/459] FNCH
[23:35:52] [280/459] INZD
[23:35:52] [281/459] INPC
[23:35:53] [282/459] LCZP
[23:35:54] [283/459] SMCB
[23:35:54] 🔄 Identity reset
[23:35:54] 🔄 Identity rotated (every 10 requests)
[23:35:54] [284/459] PTSB
[23:35:55] [285/459] TPSI
[23:35:56] [286/459] KHMJ
[23:35:56] [287/459] RCCJ
[23:35:57] [288/459] NCJA
[23:35:58] [289/459] NCJN
[23:35:58] [290/459] BTDP
[23:35:59] [291/459] PADY
[23:36:00] [292/459] NYBH
[23:36:01] [293/459] MTBR
[23:36:01] 🔄 Identity reset
[23:36:01] 🔄 Identity rotated (every 10 requests)
[23:36:02] [294/459] KRBC
[23:36:03] [295/459] DKTI
[23:36:03] [296/459] ANAN
[23:36:04] [297/459] INBP
[23:36:05] [298/459] PATB
[23:36:06] [299/459] RGNT
[23:36:06] [300/459] CGPM
[23:36:07] [301/459] INTN
[23:36:08] [302/459] MCMP
[23:36:08] [303/459] ASRG
[23:36:08] 🔄 Identity reset
[23:36:08] 🔄 Identity rotated (every 10 requests)
[23:36:09] [304/459] CXJD
[23:36:10] [305/459] SPCP
[23:36:11] [306/459] CSTP
[23:36:11] [307/459] PKVC
[23:36:12] [308/459] ESCP
[23:36:13] [309/459] CAEP
[23:36:13] [310/459] CCSP
[23:36:14] [311/459] KTPC
[23:36:15] [312/459] DACA
[23:36:16] [313/459] NVKY
[23:36:16] 🔄 Identity reset
[23:36:16] 🔄 Identity rotated (every 10 requests)
[23:36:16] 🔄 Retry 1/5 for NVKY in 3.0s
[23:36:16] 🔄 Identity reset
[23:36:19] 🧠 New identity created
[23:36:20] [314/459] PTIN
[23:36:20] [315/459] SCIN
[23:36:21] [316/459] MCTY
[23:36:22] [317/459] PCMX
[23:36:22] [318/459] INIC
[23:36:23] [319/459] MMZM
[23:36:24] [320/459] SSLP
[23:36:25] [321/459] DTDT
[23:36:25] [322/459] FFCX
[23:36:25] 🔄 Identity reset
[23:36:25] 🔄 Identity rotated (every 10 requests)
[23:36:26] [323/459] RCMM
[23:36:27] [324/459] KYID
[23:36:27] [325/459] CSCI
[23:36:28] [326/459] FCMC
[23:36:29] [327/459] MMXI
[23:36:29] [328/459] ASTC
[23:36:30] [329/459] CMRA
[23:36:31] [330/459] DICI
[23:36:32] [331/459] KDIN
[23:36:32] [332/459] PRFI
[23:36:32] 🔄 Identity reset
[23:36:32] 🔄 Identity rotated (every 10 requests)
[23:36:33] [333/459] SVFC
[23:36:33] [334/459] UCPL
[23:36:34] [335/459] COOC
[23:36:35] [336/459] SCAL
[23:36:35] [337/459] SVFF
[23:36:36] [338/459] VCMG
[23:36:37] [339/459] UUCT
[23:36:37] [340/459] GCSE
[23:36:38] [341/459] SUSC
[23:36:39] [342/459] MISC
[23:36:39] 🔄 Identity reset
[23:36:39] 🔄 Identity rotated (every 10 requests)
[23:36:40] [343/459] RMBL
[23:36:40] [344/459] CMXN
[23:36:41] [345/459] PVBK
[23:36:41] [346/459] HHCG
[23:36:42] [347/459] SCAG
[23:36:43] [348/459] CNPR
[23:36:43] [349/459] CSER
[23:36:44] [350/459] HLWD
[23:36:45] [351/459] BOLY
[23:36:45] [352/459] SSPG
[23:36:45] 🔄 Identity reset
[23:36:45] 🔄 Identity rotated (every 10 requests)
[23:36:46] [353/459] MUPX
[23:36:47] [354/459] HAMR
[23:36:47] [355/459] SDNC
[23:36:48] [356/459] RTEN
[23:36:49] [357/459] SDTD
[23:36:50] [358/459] KAWS
[23:36:50] [359/459] CMZX
[23:36:51] [360/459] DCDD
[23:36:52] [361/459] ALSN
[23:36:52] [362/459] IMXS
[23:36:52] 🔄 Identity reset
[23:36:52] 🔄 Identity rotated (every 10 requests)
[23:36:53] [363/459] PVFF
[23:36:54] [364/459] PVOO
[23:36:55] [365/459] CFBS
[23:36:55] [366/459] PVER
[23:36:56] [367/459] PPNX
[23:36:57] [368/459] CNRM
[23:36:58] [369/459] PVWW
[23:36:58] [370/459] INMB
[23:36:59] [371/459] CPJR
[23:37:00] [372/459] INRZ
[23:37:00] 🔄 Identity reset
[23:37:00] 🔄 Identity rotated (every 10 requests)
[23:37:00] [373/459] PMSR
[23:37:01] [374/459] GPGM
[23:37:02] [375/459] PGWB
[23:37:03] [376/459] PMBR
[23:37:03] [377/459] GPAM
[23:37:04] [378/459] INBC
[23:37:05] [379/459] PZVK
[23:37:05] [380/459] CPEB
[23:37:06] [381/459] FMLB
[23:37:07] [382/459] INBG
[23:37:07] 🔄 Identity reset
[23:37:07] 🔄 Identity rotated (every 10 requests)
[23:37:08] [383/459] GPBR
[23:37:08] [384/459] PAAS
[23:37:09] [385/459] VTBR
[23:37:10] [386/459] GPMY
[23:37:10] [387/459] GYBU
[23:37:11] [388/459] INBJ
[23:37:12] [389/459] LKTH
[23:37:12] [390/459] NSBR
[23:37:13] [391/459] PDRD
[23:37:14] [392/459] VRBL
[23:37:14] 🔄 Identity reset
[23:37:14] 🔄 Identity rotated (every 10 requests)
[23:37:15] [393/459] VTGB
[23:37:15] [394/459] VTSK
[23:37:16] [395/459] BKDV
[23:37:17] [396/459] SVTB
[23:37:17] [397/459] MLDT
[23:37:18] [398/459] NRBL
[23:37:19] [399/459] SLTR
[23:37:20] [400/459] VNKA
[23:37:20] [401/459] TDCA
[23:37:21] [402/459] INBM
[23:37:21] 🔄 Identity reset
[23:37:21] 🔄 Identity rotated (every 10 requests)
[23:37:21] 🔄 Retry 1/5 for INBM in 2.2s
[23:37:21] 🔄 Identity reset
[23:37:23] 🧠 New identity created
[23:37:23] 🔄 Retry 2/5 for INBM in 4.3s
[23:37:23] 🔄 Identity reset
[23:37:28] 🧠 New identity created
[23:37:29] [403/459] SSNR
[23:37:29] [404/459] BHAC
[23:37:30] [405/459] SDSD
[23:37:31] [406/459] SAMP
[23:37:32] [407/459] RATK
[23:37:32] [408/459] KCBI
[23:37:33] [409/459] URBL
[23:37:33] [410/459] MKBG
[23:37:33] 🔄 Identity reset
[23:37:34] 🔄 Identity rotated (every 10 requests)
[23:37:34] [411/459] ASTB
[23:37:35] [412/459] VBWT
[23:37:35] [413/459] GPSM
[23:37:36] [414/459] ROON
[23:37:37] [415/459] CHTH
[23:37:37] [416/459] SSPA
[23:37:38] [417/459] ANBL
[23:37:39] [418/459] VTBE
[23:37:39] [419/459] SVKT
[23:37:40] [420/459] SVYK
[23:37:40] 🔄 Identity reset
[23:37:40] 🔄 Identity rotated (every 10 requests)
[23:37:41] [421/459] PTBK
[23:37:41] [422/459] RKTB
[23:37:42] [423/459] BALT
[23:37:43] [424/459] STSV
[23:37:43] [425/459] VCCB
[23:37:44] [426/459] SLTB
[23:37:45] [427/459] SBCR
[23:37:45] [428/459] VDCS
[23:37:46] [429/459] MDKI
[23:37:47] [430/459] SMRN
[23:37:47] 🔄 Identity reset
[23:37:47] 🔄 Identity rotated (every 10 requests)
[23:37:48] [431/459] PTBC
[23:37:48] [432/459] RADI
[23:37:49] [433/459] ADCR
[23:37:50] [434/459] SDCS
[23:37:51] [435/459] SRPJ
[23:37:52] [436/459] ARTS
[23:37:52] [437/459] SRHK
[23:37:53] [438/459] SPAY
[23:37:54] [439/459] GPTB
[23:37:54] [440/459] SNNN
[23:37:54] 🔄 Identity reset
[23:37:54] 🔄 Identity rotated (every 10 requests)
[23:37:55] [441/459] BALJ
[23:37:56] [442/459] TRIG
[23:37:56] [443/459] GTYT
[23:37:57] [444/459] ATGN
[23:37:58] [445/459] ANTE
[23:37:59] [446/459] BDCG
[23:37:59] [447/459] VECI
[23:38:00] [448/459] SCPR
[23:38:01] [449/459] RTEA
[23:38:02] [450/459] JSAI
[23:38:02] 🔄 Identity reset
[23:38:02] 🔄 Identity rotated (every 10 requests)
[23:38:02] [451/459] VJTP
[23:38:03] [452/459] GNDS
[23:38:04] [453/459] PAXA
[23:38:04] [454/459] CGGM
[23:38:05] [455/459] ACKZ
[23:38:06] [456/459] EMCC
[23:38:06] [457/459] KLSK
[23:38:07] [458/459] AVCK
[23:38:08] [459/459] JTCK
[23:38:08] 🧹 Deduping shows
[23:38:08] ✅ DONE | Shows=4599 | Movies=77
