[18:55:09] 🚀 SCRIPT STARTED (enhanced anti‑detection)
[18:55:09] [1/458] MBDC
[18:55:09] 🧠 New identity created
[18:55:10] [2/458] CHKM
[18:55:11] [3/458] JTKZ
[18:55:11] [4/458] CMCT
[18:55:12] [5/458] ASHO
[18:55:13] [6/458] ECDG
[18:55:14] [7/458] SPAT
[18:55:15] [8/458] HILC
[18:55:16] [9/458] SPPH
[18:55:17] [10/458] SBHN
[18:55:18] 🔄 Identity reset
[18:55:18] 🔄 Identity rotated (every 10 requests)
[18:55:18] [11/458] RRCA
[18:55:19] [12/458] APAA
[18:55:20] [13/458] RAME
[18:55:21] [14/458] TMMS
[18:55:22] [15/458] BATK
[18:55:24] [16/458] LKOP
[18:55:25] [17/458] AMTT
[18:55:26] [18/458] PTGK
[18:55:27] [19/458] ANRS
[18:55:28] [20/458] VWBW
[18:55:28] 🔄 Identity reset
[18:55:28] 🔄 Identity rotated (every 10 requests)
[18:55:30] [21/458] SVFG
[18:55:31] [22/458] STAT
[18:55:32] [23/458] GDCV
[18:55:33] [24/458] VEBI
[18:55:34] [25/458] VDSS
[18:55:35] [26/458] NTHV
[18:55:36] [27/458] AOCH
[18:55:37] [28/458] KASR
[18:55:38] [29/458] AYCS
[18:55:39] [30/458] SHAI
[18:55:40] 🔄 Identity reset
[18:55:40] 🔄 Identity rotated (every 10 requests)
[18:55:40] [31/458] SKPE
[18:55:41] [32/458] SBTA
[18:55:42] [33/458] RTTD
[18:55:43] [34/458] CCJD
[18:55:44] [35/458] RSJJ
[18:55:45] [36/458] RKND
[18:55:46] [37/458] SVTX
[18:55:47] [38/458] BAKM
[18:55:47] [39/458] SVDC
[18:55:48] [40/458] MNCV
[18:55:49] 🔄 Identity reset
[18:55:49] 🔄 Identity rotated (every 10 requests)
[18:55:49] [41/458] SJGC
[18:55:50] [42/458] MTPK
[18:55:51] [43/458] GATP
[18:55:52] [44/458] ABTS
[18:55:53] [45/458] ABDE
[18:55:54] [46/458] RCNM
[18:55:56] [47/458] KTHV
[18:55:56] [48/458] MDGJ
[18:55:57] [49/458] SMLM
[18:55:58] [50/458] JTMA
[18:55:59] 🔄 Identity reset
[18:55:59] 🔄 Identity rotated (every 10 requests)
[18:55:59] [51/458] ACKP
[18:56:00] [52/458] SRTA
[18:56:01] [53/458] STAY
[18:56:02] [54/458] MAVO
[18:56:03] [55/458] APTS
[18:56:03] [56/458] OMEA
[18:56:04] [57/458] TTFD
[18:56:07] [58/458] MJCU
[18:56:08] [59/458] CXTE
[18:56:09] [60/458] CTPX
[18:56:10] 🔄 Identity reset
[18:56:10] 🔄 Identity rotated (every 10 requests)
[18:56:10] [61/458] ASSL
[18:56:11] [62/458] CMVB
[18:56:12] [63/458] VPUR
[18:56:13] [64/458] JJDA
[18:56:14] [65/458] INBL
[18:56:14] [66/458] BIKB
[18:56:16] [67/458] NTBB
[18:56:17] [68/458] GLOB
[18:56:19] [69/458] SNTB
[18:56:20] [70/458] CHGV
[18:56:20] 🔄 Identity reset
[18:56:20] 🔄 Identity rotated (every 10 requests)
[18:56:21] [71/458] SSBZ
[18:56:22] [72/458] PRDB
[18:56:23] [73/458] ISMT
[18:56:24] [74/458] MCSD
[18:56:25] [75/458] JBTT
[18:56:26] [76/458] GEKR
[18:56:27] [77/458] PVUN
[18:56:27] [78/458] NRTB
[18:56:28] [79/458] PRAA
[18:56:29] [80/458] PCBL
[18:56:30] 🔄 Identity reset
[18:56:30] 🔄 Identity rotated (every 10 requests)
[18:56:30] [81/458] PTCM
[18:56:31] [82/458] KHNN
[18:56:32] [83/458] OMJE
[18:56:33] [84/458] STGN
[18:56:35] [85/458] RPMS
[18:56:36] [86/458] NWAD
[18:56:36] [87/458] BLCK
[18:56:37] [88/458] SVAA
[18:56:38] [89/458] URVM
[18:56:39] [90/458] ANTM
[18:56:40] 🔄 Identity reset
[18:56:40] 🔄 Identity rotated (every 10 requests)
[18:56:40] [91/458] VJYM
[18:56:41] [92/458] MAZZ
[18:56:42] [93/458] CSHM
[18:56:43] [94/458] WGMH
[18:56:44] [95/458] SALN
[18:56:45] [96/458] BRTP
[18:56:46] [97/458] SVTA
[18:56:47] [98/458] SBTP
[18:56:48] [99/458] VLSS
[18:56:49] [100/458] SRJA
[18:56:49] 🔄 Identity reset
[18:56:49] 🔄 Identity rotated (every 10 requests)
[18:56:50] [101/458] ANCG
[18:56:51] [102/458] CGGC
[18:56:52] [103/458] CRJA
[18:56:53] [104/458] USCR
[18:56:54] [105/458] MMEF
[18:56:54] [106/458] JCRJ
[18:56:55] [107/458] ADCM
[18:56:56] [108/458] BMYK
[18:56:57] [109/458] KICS
[18:56:59] [110/458] MBBT
[18:57:00] 🔄 Identity reset
[18:57:00] 🔄 Identity rotated (every 10 requests)
[18:57:00] 🔄 Retry 1/5 for MBBT in 2.8s
[18:57:00] 🔄 Identity reset
[18:57:03] 🧠 New identity created
[18:57:03] [111/458] MACK
[18:57:04] [112/458] CLDR
[18:57:05] [113/458] JYCR
[18:57:06] [114/458] DCRP
[18:57:06] [115/458] RAHT
[18:57:07] [116/458] CSSM
[18:57:08] [117/458] ATPK
[18:57:09] [118/458] KLRT
[18:57:10] [119/458] SRDD
[18:57:10] 🔄 Identity reset
[18:57:11] 🔄 Identity rotated (every 10 requests)
[18:57:11] [120/458] CKMC
[18:57:12] [121/458] KRVM
[18:57:13] [122/458] AKCP
[18:57:14] [123/458] CNCV
[18:57:15] [124/458] PACT
[18:57:16] [125/458] NATP
[18:57:17] [126/458] PCPK
[18:57:18] [127/458] SMHO
[18:57:19] [128/458] CWTK
[18:57:20] [129/458] RVKZ
[18:57:20] 🔄 Identity reset
[18:57:20] 🔄 Identity rotated (every 10 requests)
[18:57:22] [130/458] ASPD
[18:57:22] [131/458] VTKZ
[18:57:23] [132/458] LCSO
[18:57:24] [133/458] PRDY
[18:57:25] [134/458] RCAP
[18:57:26] [135/458] RGAR
[18:57:27] [136/458] RCAC
[18:57:28] [137/458] PMOD
[18:57:29] [138/458] PVCN
[18:57:30] [139/458] SCRZ
[18:57:31] 🔄 Identity reset
[18:57:31] 🔄 Identity rotated (every 10 requests)
[18:57:32] [140/458] PVPC
[18:57:34] [141/458] STID
[18:57:35] [142/458] NEDD
[18:57:36] [143/458] BNBA
[18:57:38] [144/458] NTCD
[18:57:38] [145/458] OCDE
[18:57:39] [146/458] CCDU
[18:57:40] [147/458] CRXH
[18:57:41] [148/458] VLVT
[18:57:42] [149/458] CICI
[18:57:43] 🔄 Identity reset
[18:57:43] 🔄 Identity rotated (every 10 requests)
[18:57:43] [150/458] SUCB
[18:57:44] [151/458] TCBP
[18:57:45] [152/458] SCCY
[18:57:46] [153/458] LXCY
[18:57:47] [154/458] NCMD
[18:57:48] [155/458] PHCS
[18:57:48] [156/458] DUXR
[18:57:49] [157/458] VNKS
[18:57:50] [158/458] SEDP
[18:57:51] [159/458] SVEN
[18:57:52] 🔄 Identity reset
[18:57:52] 🔄 Identity rotated (every 10 requests)
[18:57:52] [160/458] SRKM
[18:57:53] [161/458] JTLT
[18:57:55] [162/458] SVSS
[18:57:56] [163/458] AMDE
[18:57:57] [164/458] WVRN
[18:57:58] [165/458] ISMG
[18:57:58] [166/458] WVKS
[18:57:59] [167/458] USCG
[18:58:00] [168/458] IOTG
[18:58:01] [169/458] RRJM
[18:58:02] 🔄 Identity reset
[18:58:02] 🔄 Identity rotated (every 10 requests)
[18:58:02] [170/458] EDMP
[18:58:03] [171/458] SCGZ
[18:58:04] [172/458] GMGX
[18:58:05] [173/458] OMTP
[18:58:06] [174/458] MITD
[18:58:06] [175/458] SMMD
[18:58:07] [176/458] STML
[18:58:09] [177/458] MCFS
[18:58:09] [178/458] FPKA
[18:58:10] [179/458] OMLR
[18:58:11] 🔄 Identity reset
[18:58:11] 🔄 Identity rotated (every 10 requests)
[18:58:11] [180/458] KKSC
[18:58:12] [181/458] RVMA
[18:58:13] [182/458] SCLL
[18:58:14] [183/458] SCDK
[18:58:15] [184/458] SXMI
[18:58:16] [185/458] SHDN
[18:58:17] [186/458] PAAD
[18:58:18] [187/458] UUCB
[18:58:20] [188/458] JHOL
[18:58:21] [189/458] SGWT
[18:58:21] 🔄 Identity reset
[18:58:21] 🔄 Identity rotated (every 10 requests)
[18:58:22] [190/458] SRII
[18:58:23] [191/458] SGCK
[18:58:24] [192/458] SVVB
[18:58:24] [193/458] DMHA
[18:58:25] [194/458] PPNL
[18:58:27] [195/458] CPNL
[18:58:28] [196/458] WVLD
[18:58:29] [197/458] PSLV
[18:58:30] [198/458] VTTL
[18:58:31] [199/458] NPAD
[18:58:32] 🔄 Identity reset
[18:58:32] 🔄 Identity rotated (every 10 requests)
[18:58:32] [200/458] PVCS
[18:58:33] [201/458] MCHL
[18:58:34] [202/458] PPLL
[18:58:35] [203/458] MALO
[18:58:36] [204/458] SWBH
[18:58:37] [205/458] PUGB
[18:58:38] [206/458] INBB
[18:58:39] [207/458] INNS
[18:58:40] [208/458] MCPT
[18:58:41] [209/458] SCMI
[18:58:41] 🔄 Identity reset
[18:58:41] 🔄 Identity rotated (every 10 requests)
[18:58:42] [210/458] OCON
[18:58:43] [211/458] SCSM
[18:58:44] [212/458] RJVN
[18:58:45] [213/458] AMDK
[18:58:46] [214/458] ISMR
[18:58:47] [215/458] SMTD
[18:58:48] [216/458] VTDD
[18:58:49] [217/458] PDDZ
[18:58:50] [218/458] PCCK
[18:58:51] [219/458] INAM
[18:58:51] 🔄 Identity reset
[18:58:51] 🔄 Identity rotated (every 10 requests)
[18:58:52] [220/458] FNKT
[18:58:52] [221/458] GDKA
[18:58:53] [222/458] MAYU
[18:58:54] [223/458] TCGU
[18:58:55] [224/458] KDCA
[18:58:56] [225/458] DOMY
[18:58:57] [226/458] PDDD
[18:58:57] [227/458] BJTS
[18:58:59] [228/458] VTCA
[18:59:00] [229/458] SBTM
[18:59:01] 🔄 Identity reset
[18:59:01] 🔄 Identity rotated (every 10 requests)
[18:59:01] 🔄 Retry 1/5 for SBTM in 2.9s
[18:59:01] 🔄 Identity reset
[18:59:04] 🧠 New identity created
[18:59:04] [230/458] SEET
[18:59:05] [231/458] SSTJ
[18:59:07] [232/458] SVNT
[18:59:08] [233/458] PPPR
[18:59:09] [234/458] PVYS
[18:59:09] [235/458] IOSE
[18:59:10] [236/458] ACTV
[18:59:11] [237/458] APVE
[18:59:12] [238/458] TCCL
[18:59:13] 🔄 Identity reset
[18:59:13] 🔄 Identity rotated (every 10 requests)
[18:59:13] [239/458] SCMO
[18:59:14] [240/458] SAUM
[18:59:15] [241/458] KCJS
[18:59:16] [242/458] NJCJ
[18:59:17] [243/458] NECF
[18:59:18] [244/458] CCGW
[18:59:18] [245/458] CCMG
[18:59:20] [246/458] NYRG
[18:59:20] [247/458] NCSQ
[18:59:21] [248/458] GRCG
[18:59:22] 🔄 Identity reset
[18:59:22] 🔄 Identity rotated (every 10 requests)
[18:59:22] [249/458] CCBT
[18:59:23] [250/458] ACGA
[18:59:24] [251/458] INAG
[18:59:26] [252/458] FUCG
[18:59:27] [253/458] AICF
[18:59:28] [254/458] GRGA
[18:59:29] [255/458] GDCN
[18:59:30] [256/458] RRCG
[18:59:30] [257/458] SDCH
[18:59:32] [258/458] WVJM
[18:59:32] 🔄 Identity reset
[18:59:32] 🔄 Identity rotated (every 10 requests)
[18:59:32] 🔄 Retry 1/5 for WVJM in 2.8s
[18:59:32] 🔄 Identity reset
[18:59:35] 🧠 New identity created
[18:59:35] 🔄 Retry 2/5 for WVJM in 4.9s
[18:59:35] 🔄 Identity reset
[18:59:40] 🧠 New identity created
[18:59:41] [259/458] JCCZ
[18:59:42] [260/458] CNCL
[18:59:43] [261/458] TMLV
[18:59:44] [262/458] MEMB
[18:59:45] [263/458] SGTD
[18:59:46] [264/458] CONX
[18:59:47] [265/458] CCMH
[18:59:48] [266/458] ACMC
[18:59:49] 🔄 Identity reset
[18:59:49] 🔄 Identity rotated (every 10 requests)
[18:59:49] [267/458] DTPD
[18:59:50] [268/458] POJA
[18:59:51] [269/458] FNBH
[18:59:52] [270/458] CGCB
[18:59:53] [271/458] RACN
[18:59:53] [272/458] JTSM
[18:59:54] [273/458] SCDN
[18:59:55] [274/458] AACK
[18:59:56] [275/458] RMCE
[18:59:57] [276/458] BSGB
[18:59:58] 🔄 Identity reset
[18:59:58] 🔄 Identity rotated (every 10 requests)
[18:59:58] [277/458] MRCB
[18:59:59] [278/458] SRVR
[19:00:00] [279/458] VTKK
[19:00:01] [280/458] AMST
[19:00:02] [281/458] APCY
[19:00:04] [282/458] LMHO
[19:00:05] [283/458] MTZH
[19:00:06] [284/458] AMZB
[19:00:06] [285/458] SUVT
[19:00:08] [286/458] RCIP
[19:00:09] 🔄 Identity reset
[19:00:09] 🔄 Identity rotated (every 10 requests)
[19:00:09] [287/458] KESR
[19:00:10] [288/458] SNKC
[19:00:11] [289/458] SCED
[19:00:12] [290/458] DVCA
[19:00:13] [291/458] VCDT
[19:00:13] [292/458] RRDI
[19:00:15] [293/458] DFCH
[19:00:17] [294/458] INSC
[19:00:19] [295/458] RGTR
[19:00:20] [296/458] FMOT
[19:00:20] 🔄 Identity reset
[19:00:20] 🔄 Identity rotated (every 10 requests)
[19:00:21] [297/458] SCPM
[19:00:22] [298/458] GCDT
[19:00:23] [299/458] BRKT
[19:00:24] [300/458] DEMP
[19:00:25] [301/458] SRLC
[19:00:26] [302/458] KSTT
[19:00:27] [303/458] SMMT
[19:00:28] [304/458] SILM
[19:00:29] [305/458] JCVM
[19:00:30] [306/458] KCSV
[19:00:31] 🔄 Identity reset
[19:00:31] 🔄 Identity rotated (every 10 requests)
[19:00:31] [307/458] MHLK
[19:00:32] [308/458] SLVL
[19:00:33] [309/458] RJKP
[19:00:34] [310/458] BBPC
[19:00:35] [311/458] MXCB
[19:00:36] [312/458] TCPK
[19:00:37] [313/458] RTBR
[19:00:38] [314/458] GAUT
[19:00:40] [315/458] DVCF
[19:00:40] [316/458] JTSB
[19:00:41] 🔄 Identity reset
[19:00:41] 🔄 Identity rotated (every 10 requests)
[19:00:41] [317/458] SBLS
[19:00:42] [318/458] UDAY
[19:00:43] [319/458] PTNP
[19:00:45] [320/458] DMKT
[19:00:46] [321/458] NTDT
[19:00:47] [322/458] SHDJ
[19:00:48] [323/458] OTNC
[19:00:49] [324/458] RNTW
[19:00:50] [325/458] GCMI
[19:00:51] [326/458] CRCM
[19:00:52] 🔄 Identity reset
[19:00:52] 🔄 Identity rotated (every 10 requests)
[19:00:53] [327/458] NNCZ
[19:00:53] [328/458] OEMO
[19:00:54] [329/458] PVJM
[19:00:55] [330/458] CPJI
[19:00:56] [331/458] RMCJ
[19:00:57] [332/458] CNWJ
[19:00:58] [333/458] EPJM
[19:00:59] [334/458] FNJJ
[19:01:00] [335/458] GCMJ
[19:01:01] [336/458] INPS
[19:01:02] 🔄 Identity reset
[19:01:02] 🔄 Identity rotated (every 10 requests)
[19:01:02] [337/458] BICJ
[19:01:03] [338/458] ISTJ
[19:01:05] [339/458] INJC
[19:01:06] [340/458] GLXJ
[19:01:07] [341/458] INEM
[19:01:08] [342/458] JTMN
[19:01:09] [343/458] FRCJ
[19:01:10] [344/458] DDJP
[19:01:11] [345/458] INJV
[19:01:11] [346/458] GOLC
[19:01:12] 🔄 Identity reset
[19:01:12] 🔄 Identity rotated (every 10 requests)
[19:01:12] [347/458] KOCI
[19:01:13] [348/458] FSTD
[19:01:14] [349/458] PACJ
[19:01:15] [350/458] GMCN
[19:01:16] [351/458] MMDJ
[19:01:17] [352/458] GODH
[19:01:19] [353/458] SKYN
[19:01:20] [354/458] NCTH
[19:01:21] [355/458] SKVZ
[19:01:22] [356/458] SVML
[19:01:22] 🔄 Identity reset
[19:01:22] 🔄 Identity rotated (every 10 requests)
[19:01:23] [357/458] ACVZ
[19:01:24] [358/458] SURA
[19:01:25] [359/458] RTRB
[19:01:25] [360/458] LLCT
[19:01:26] [361/458] ATTS
[19:01:27] [362/458] JYCM
[19:01:28] [363/458] CTKR
[19:01:28] [364/458] LCKR
[19:01:29] [365/458] NYCV
[19:01:30] [366/458] NYOH
[19:01:31] 🔄 Identity reset
[19:01:31] 🔄 Identity rotated (every 10 requests)
[19:01:31] 🔄 Retry 1/5 for NYOH in 2.7s
[19:01:31] 🔄 Identity reset
[19:01:34] 🧠 New identity created
[19:01:34] 🔄 Retry 2/5 for NYOH in 4.7s
[19:01:34] 🔄 Identity reset
[19:01:39] 🧠 New identity created
[19:01:40] [367/458] NOVX
[19:01:41] [368/458] MRGK
[19:01:41] [369/458] MOON
[19:01:42] [370/458] SBUC
[19:01:44] [371/458] GSVA
[19:01:45] [372/458] VIAK
[19:01:46] [373/458] SMVZ
[19:01:47] [374/458] MATE
[19:01:47] 🔄 Identity reset
[19:01:47] 🔄 Identity rotated (every 10 requests)
[19:01:48] [375/458] RDCN
[19:01:48] [376/458] ASBL
[19:01:49] [377/458] ASVS
[19:01:50] [378/458] ASSR
[19:01:51] [379/458] SSKN
[19:01:52] [380/458] DRPV
[19:01:54] [381/458] MRHT
[19:01:55] [382/458] BSCN
[19:01:55] [383/458] RKNX
[19:01:56] [384/458] MSMC
[19:01:57] 🔄 Identity reset
[19:01:57] 🔄 Identity rotated (every 10 requests)
[19:01:57] [385/458] MSCJ
[19:01:58] [386/458] BTBJ
[19:01:59] [387/458] MJCC
[19:02:00] [388/458] IOMM
[19:02:01] [389/458] ADGR
[19:02:01] [390/458] MYCP
[19:02:02] [391/458] IGCM
[19:02:03] [392/458] PGRK
[19:02:05] [393/458] VPGO
[19:02:06] [394/458] KOMS
[19:02:06] 🔄 Identity reset
[19:02:06] 🔄 Identity rotated (every 10 requests)
[19:02:07] [395/458] URGG
[19:02:08] [396/458] GOST
[19:02:08] [397/458] LACT
[19:02:10] [398/458] BWCM
[19:02:11] [399/458] NCCW
[19:02:12] [400/458] SKYC
[19:02:13] [401/458] CCPM
[19:02:14] [402/458] VCBT
[19:02:14] [403/458] SDKR
[19:02:15] [404/458] CTYB
[19:02:16] 🔄 Identity reset
[19:02:16] 🔄 Identity rotated (every 10 requests)
[19:02:16] [405/458] SHCX
[19:02:17] [406/458] RCUN
[19:02:18] [407/458] CNRA
[19:02:19] [408/458] RFCA
[19:02:20] [409/458] RDCU
[19:02:21] [410/458] SARK
[19:02:22] [411/458] SPPP
[19:02:23] [412/458] ADMB
[19:02:24] [413/458] JYOE
[19:02:25] [414/458] SRMD
[19:02:25] 🔄 Identity reset
[19:02:25] 🔄 Identity rotated (every 10 requests)
[19:02:26] [415/458] RJDH
[19:02:27] [416/458] SSTD
[19:02:28] [417/458] AACV
[19:02:29] [418/458] PPVD
[19:02:30] [419/458] STCP
[19:02:31] [420/458] ANLS
[19:02:32] [421/458] BIJO
[19:02:33] [422/458] AVAB
[19:02:34] [423/458] SPMD
[19:02:35] [424/458] SVJL
[19:02:36] 🔄 Identity reset
[19:02:36] 🔄 Identity rotated (every 10 requests)
[19:02:36] [425/458] SDDJ
[19:02:37] [426/458] SLTU
[19:02:38] [427/458] SAKA
[19:02:39] [428/458] PMAM
[19:02:40] [429/458] FNAM
[19:02:41] [430/458] ACAM
[19:02:42] [431/458] SCMM
[19:02:42] [432/458] PMAK
[19:02:43] [433/458] NYSA
[19:02:44] [434/458] FCPA
[19:02:45] 🔄 Identity reset
[19:02:45] 🔄 Identity rotated (every 10 requests)
[19:02:45] [435/458] GDAN
[19:02:46] [436/458] RSCA
[19:02:47] [437/458] DMAN
[19:02:48] [438/458] DZCM
[19:02:48] [439/458] NSGL
[19:02:49] [440/458] CCPP
[19:02:50] [441/458] PSMG
[19:02:51] [442/458] GSER
[19:02:53] [443/458] FCCT
[19:02:54] [444/458] FCTB
[19:02:55] 🔄 Identity reset
[19:02:55] 🔄 Identity rotated (every 10 requests)
[19:02:55] [445/458] LCNK
[19:02:56] [446/458] SKTY
[19:02:57] [447/458] INAA
[19:02:58] [448/458] RCWN
[19:02:59] [449/458] VAIS
[19:03:00] [450/458] CVMN
[19:03:00] [451/458] INTS
[19:03:01] [452/458] FRGS
[19:03:02] [453/458] DTCK
[19:03:03] [454/458] MCMH
[19:03:04] 🔄 Identity reset
[19:03:04] 🔄 Identity rotated (every 10 requests)
[19:03:04] [455/458] ECRR
[19:03:05] [456/458] RLLP
[19:03:06] [457/458] CCSN
[19:03:07] [458/458] CCBA
[19:03:08] 🧹 Deduping shows
[19:03:08] ✅ DONE | Shows=520 | Movies=12
[10:26:58] 🚀 SCRIPT STARTED
[10:26:58] [1/458] MBDC
[10:26:58] 🧠 New identity created
[10:26:59] [2/458] CHKM
[10:27:00] [3/458] JTKZ
[10:27:02] [4/458] CMCT
[10:27:03] [5/458] ASHO
[10:27:04] [6/458] ECDG
[10:27:06] [7/458] SPAT
[10:27:06] [8/458] HILC
[10:27:08] [9/458] SPPH
[10:27:09] [10/458] SBHN
[10:27:09] 🔄 Identity reset
[10:27:09] 🔄 Identity rotated (every 10 requests)
[10:27:10] [11/458] RRCA
[10:27:11] [12/458] APAA
[10:27:12] [13/458] RAME
[10:27:14] [14/458] TMMS
[10:27:15] [15/458] BATK
[10:27:17] [16/458] LKOP
[10:27:18] [17/458] AMTT
[10:27:20] [18/458] PTGK
[10:27:22] [19/458] ANRS
[10:27:23] [20/458] VWBW
[10:27:23] 🔄 Identity reset
[10:27:23] 🔄 Identity rotated (every 10 requests)
[10:27:24] [21/458] SVFG
[10:27:25] [22/458] STAT
[10:27:26] [23/458] GDCV
[10:27:29] [24/458] VEBI
[10:27:29] [25/458] VDSS
[10:27:30] [26/458] NTHV
[10:27:34] [27/458] AOCH
[10:27:36] [28/458] KASR
[10:27:48] 🔄 Retry 1/5 for KASR in 2.3s
[10:27:48] 🔄 Identity reset
[10:27:50] 🧠 New identity created
[10:27:51] [29/458] AYCS
[10:27:51] 🔄 Identity reset
[10:27:51] 🔄 Identity rotated (every 10 requests)
[10:27:53] [30/458] SHAI
[10:27:54] [31/458] SKPE
[10:27:56] [32/458] SBTA
[10:27:58] [33/458] RTTD
[10:27:59] [34/458] CCJD
[10:28:00] [35/458] RSJJ
[10:28:01] [36/458] RKND
[10:28:03] [37/458] SVTX
[10:28:04] [38/458] BAKM
[10:28:05] [39/458] SVDC
[10:28:05] 🔄 Identity reset
[10:28:05] 🔄 Identity rotated (every 10 requests)
[10:28:07] [40/458] MNCV
[10:28:09] [41/458] SJGC
[10:28:10] [42/458] MTPK
[10:28:12] [43/458] GATP
[10:28:13] [44/458] ABTS
[10:28:14] [45/458] ABDE
[10:28:16] [46/458] RCNM
[10:28:17] [47/458] KTHV
[10:28:19] [48/458] MDGJ
[10:28:31] 🔄 Retry 1/5 for MDGJ in 2.5s
[10:28:31] 🔄 Identity reset
[10:28:33] 🧠 New identity created
[10:28:33] 🔄 Identity reset
[10:28:33] 🔄 Identity rotated (every 10 requests)
[10:28:40] [49/458] SMLM
[10:28:42] [50/458] JTMA
[10:28:43] [51/458] ACKP
[10:28:44] [52/458] SRTA
[10:28:46] [53/458] STAY
[10:28:47] [54/458] MAVO
[10:28:49] [55/458] APTS
[10:28:50] [56/458] OMEA
[10:28:52] [57/458] TTFD
[10:28:53] [58/458] MJCU
[10:28:53] 🔄 Identity reset
[10:28:53] 🔄 Identity rotated (every 10 requests)
[10:28:55] [59/458] CXTE
[10:28:56] [60/458] CTPX
[10:29:01] [61/458] ASSL
[10:29:03] [62/458] CMVB
[10:29:04] [63/458] VPUR
[10:29:05] [64/458] JJDA
[10:29:07] [65/458] INBL
[10:29:08] [66/458] BIKB
[10:29:09] [67/458] NTBB
[10:29:11] [68/458] GLOB
[10:29:11] 🔄 Identity reset
[10:29:11] 🔄 Identity rotated (every 10 requests)
[10:29:13] [69/458] SNTB
[10:29:15] [70/458] CHGV
[10:29:16] [71/458] SSBZ
[10:29:18] [72/458] PRDB
[10:29:19] [73/458] ISMT
[10:29:21] [74/458] MCSD
[10:29:22] [75/458] JBTT
[10:29:24] [76/458] GEKR
[10:29:26] [77/458] PVUN
[10:29:28] [78/458] NRTB
[10:29:28] 🔄 Identity reset
[10:29:28] 🔄 Identity rotated (every 10 requests)
[10:29:29] [79/458] PRAA
[10:29:31] [80/458] PCBL
[10:29:32] [81/458] PTCM
[10:29:33] [82/458] KHNN
[10:29:35] [83/458] OMJE
[10:29:36] [84/458] STGN
[10:29:38] [85/458] RPMS
[10:29:40] [86/458] NWAD
[10:29:43] [87/458] BLCK
[10:29:44] [88/458] SVAA
[10:29:44] 🔄 Identity reset
[10:29:44] 🔄 Identity rotated (every 10 requests)
[10:29:45] [89/458] URVM
[10:29:46] [90/458] ANTM
[10:29:47] [91/458] VJYM
[10:29:49] [92/458] MAZZ
[10:29:51] [93/458] CSHM
[10:29:53] [94/458] WGMH
[10:29:54] [95/458] SALN
[10:29:55] [96/458] BRTP
[10:29:57] [97/458] SVTA
[10:29:59] [98/458] SBTP
[10:29:59] 🔄 Identity reset
[10:29:59] 🔄 Identity rotated (every 10 requests)
[10:30:01] [99/458] VLSS
[10:30:02] [100/458] SRJA
[10:30:03] [101/458] ANCG
[10:30:05] [102/458] CGGC
[10:30:06] [103/458] CRJA
[10:30:08] [104/458] USCR
[10:30:09] [105/458] MMEF
[10:30:11] [106/458] JCRJ
[10:30:12] [107/458] ADCM
[10:30:14] [108/458] BMYK
[10:30:14] 🔄 Identity reset
[10:30:14] 🔄 Identity rotated (every 10 requests)
[10:30:16] [109/458] KICS
[10:30:18] [110/458] MBBT
[10:30:19] [111/458] MACK
[10:30:21] [112/458] CLDR
[10:30:22] [113/458] JYCR
[10:30:24] [114/458] DCRP
[10:30:25] [115/458] RAHT
[10:30:27] [116/458] CSSM
[10:30:28] [117/458] ATPK
[10:30:30] [118/458] KLRT
[10:30:30] 🔄 Identity reset
[10:30:30] 🔄 Identity rotated (every 10 requests)
[10:30:31] [119/458] SRDD
[10:30:32] [120/458] CKMC
[10:30:34] [121/458] KRVM
[10:30:36] [122/458] AKCP
[10:30:37] [123/458] CNCV
[10:30:38] [124/458] PACT
[10:30:40] [125/458] NATP
[10:30:41] [126/458] PCPK
[10:30:43] [127/458] SMHO
[10:30:55] [128/458] CWTK
[10:30:55] 🔄 Identity reset
[10:30:55] 🔄 Identity rotated (every 10 requests)
[10:30:56] [129/458] RVKZ
[10:30:58] [130/458] ASPD
[10:30:59] [131/458] VTKZ
[10:31:00] [132/458] LCSO
[10:31:02] [133/458] PRDY
[10:31:04] [134/458] RCAP
[10:31:05] [135/458] RGAR
[10:31:07] [136/458] RCAC
[10:31:08] [137/458] PMOD
[10:31:09] [138/458] PVCN
[10:31:09] 🔄 Identity reset
[10:31:09] 🔄 Identity rotated (every 10 requests)
[10:31:11] [139/458] SCRZ
[10:31:13] [140/458] PVPC
[10:31:15] [141/458] STID
[10:31:16] [142/458] NEDD
[10:31:18] [143/458] BNBA
[10:31:20] [144/458] NTCD
[10:31:21] [145/458] OCDE
[10:31:22] [146/458] CCDU
[10:31:24] [147/458] CRXH
[10:31:26] [148/458] VLVT
[10:31:26] 🔄 Identity reset
[10:31:26] 🔄 Identity rotated (every 10 requests)
[10:31:27] [149/458] CICI
[10:31:29] [150/458] SUCB
[10:31:30] [151/458] TCBP
[10:31:31] [152/458] SCCY
[10:31:32] [153/458] LXCY
[10:31:34] [154/458] NCMD
[10:31:35] [155/458] PHCS
[10:31:36] [156/458] DUXR
[10:31:38] [157/458] VNKS
[10:31:39] [158/458] SEDP
[10:31:39] 🔄 Identity reset
[10:31:39] 🔄 Identity rotated (every 10 requests)
[10:31:40] [159/458] SVEN
[10:31:44] [160/458] SRKM
[10:31:46] [161/458] JTLT
[10:31:47] [162/458] SVSS
[10:31:48] [163/458] AMDE
[10:31:49] [164/458] WVRN
[10:31:50] [165/458] ISMG
[10:31:52] [166/458] WVKS
[10:31:53] [167/458] USCG
[10:31:58] [168/458] IOTG
[10:31:58] 🔄 Identity reset
[10:31:58] 🔄 Identity rotated (every 10 requests)
[10:32:00] [169/458] RRJM
[10:32:01] [170/458] EDMP
[10:32:02] [171/458] SCGZ
[10:32:03] [172/458] GMGX
[10:32:04] [173/458] OMTP
[10:32:05] [174/458] MITD
[10:32:07] [175/458] SMMD
[10:32:09] [176/458] STML
[10:32:11] [177/458] MCFS
[10:32:12] [178/458] FPKA
[10:32:12] 🔄 Identity reset
[10:32:12] 🔄 Identity rotated (every 10 requests)
[10:32:13] [179/458] OMLR
[10:32:15] [180/458] KKSC
[10:32:16] [181/458] RVMA
[10:32:18] [182/458] SCLL
[10:32:19] [183/458] SCDK
[10:32:20] [184/458] SXMI
[10:32:22] [185/458] SHDN
[10:32:23] [186/458] PAAD
[10:32:24] [187/458] UUCB
[10:32:26] [188/458] JHOL
[10:32:26] 🔄 Identity reset
[10:32:26] 🔄 Identity rotated (every 10 requests)
[10:32:28] [189/458] SGWT
[10:32:30] [190/458] SRII
[10:32:30] [191/458] SGCK
[10:32:31] [192/458] SVVB
[10:32:33] [193/458] DMHA
[10:32:34] [194/458] PPNL
[10:32:35] [195/458] CPNL
[10:32:37] [196/458] WVLD
[10:32:38] [197/458] PSLV
[10:32:39] [198/458] VTTL
[10:32:39] 🔄 Identity reset
[10:32:39] 🔄 Identity rotated (every 10 requests)
[10:32:40] [199/458] NPAD
[10:32:41] [200/458] PVCS
[10:32:42] [201/458] MCHL
[10:32:43] [202/458] PPLL
[10:32:45] [203/458] MALO
[10:32:47] [204/458] SWBH
[10:32:47] [205/458] PUGB
[10:32:50] [206/458] INBB
[10:32:52] [207/458] INNS
[10:32:52] [208/458] MCPT
[10:32:52] 🔄 Identity reset
[10:32:52] 🔄 Identity rotated (every 10 requests)
[10:32:54] [209/458] SCMI
[10:32:54] [210/458] OCON
[10:32:55] [211/458] SCSM
[10:32:56] [212/458] RJVN
[10:32:57] [213/458] AMDK
[10:32:58] [214/458] ISMR
[10:32:59] [215/458] SMTD
[10:33:00] [216/458] VTDD
[10:33:02] [217/458] PDDZ
[10:33:03] [218/458] PCCK
[10:33:03] 🔄 Identity reset
[10:33:03] 🔄 Identity rotated (every 10 requests)
[10:33:04] [219/458] INAM
[10:33:05] [220/458] FNKT
[10:33:06] [221/458] GDKA
[10:33:08] [222/458] MAYU
[10:33:16] [223/458] TCGU
[10:33:17] [224/458] KDCA
[10:33:19] [225/458] DOMY
[10:33:19] [226/458] PDDD
[10:33:20] [227/458] BJTS
[10:33:22] [228/458] VTCA
[10:33:22] 🔄 Identity reset
[10:33:22] 🔄 Identity rotated (every 10 requests)
[10:33:23] [229/458] SBTM
[10:33:25] [230/458] SEET
[10:33:30] [231/458] SSTJ
[10:33:31] [232/458] SVNT
[10:33:33] [233/458] PPPR
[10:33:35] [234/458] PVYS
[10:33:36] [235/458] IOSE
[10:33:37] [236/458] ACTV
[10:33:39] [237/458] APVE
[10:33:40] [238/458] TCCL
[10:33:40] 🔄 Identity reset
[10:33:40] 🔄 Identity rotated (every 10 requests)
[10:33:42] [239/458] SCMO
[10:33:50] [240/458] SAUM
[10:33:51] [241/458] KCJS
[10:33:52] [242/458] NJCJ
[10:33:54] [243/458] NECF
[10:33:55] [244/458] CCGW
[10:33:56] [245/458] CCMG
[10:33:57] [246/458] NYRG
[10:33:59] [247/458] NCSQ
[10:34:00] [248/458] GRCG
[10:34:00] 🔄 Identity reset
[10:34:00] 🔄 Identity rotated (every 10 requests)
[10:34:01] [249/458] CCBT
[10:34:03] [250/458] ACGA
[10:34:05] [251/458] INAG
[10:34:07] [252/458] FUCG
[10:34:08] [253/458] AICF
[10:34:09] [254/458] GRGA
[10:34:11] [255/458] GDCN
[10:34:12] [256/458] RRCG
[10:34:14] [257/458] SDCH
[10:34:16] [258/458] WVJM
[10:34:16] 🔄 Identity reset
[10:34:16] 🔄 Identity rotated (every 10 requests)
[10:34:17] [259/458] JCCZ
[10:34:19] [260/458] CNCL
[10:34:20] [261/458] TMLV
[10:34:21] [262/458] MEMB
[10:34:22] [263/458] SGTD
[10:34:24] [264/458] CONX
[10:34:25] [265/458] CCMH
[10:34:27] [266/458] ACMC
[10:34:28] [267/458] DTPD
[10:34:30] [268/458] POJA
[10:34:30] 🔄 Identity reset
[10:34:30] 🔄 Identity rotated (every 10 requests)
[10:34:32] [269/458] FNBH
[10:34:33] [270/458] CGCB
[10:34:34] [271/458] RACN
[10:34:35] [272/458] JTSM
[10:34:37] [273/458] SCDN
[10:34:38] [274/458] AACK
[10:34:40] [275/458] RMCE
[10:34:41] [276/458] BSGB
[10:34:42] [277/458] MRCB
[10:34:44] [278/458] SRVR
[10:34:44] 🔄 Identity reset
[10:34:44] 🔄 Identity rotated (every 10 requests)
[10:34:45] [279/458] VTKK
[10:34:46] [280/458] AMST
[10:34:47] [281/458] APCY
[10:34:49] [282/458] LMHO
[10:34:50] [283/458] MTZH
[10:34:52] [284/458] AMZB
[10:34:53] [285/458] SUVT
[10:34:55] [286/458] RCIP
[10:34:56] [287/458] KESR
[10:34:57] [288/458] SNKC
[10:34:57] 🔄 Identity reset
[10:34:57] 🔄 Identity rotated (every 10 requests)
[10:35:06] [289/458] SCED
[10:35:07] [290/458] DVCA
[10:35:08] [291/458] VCDT
[10:35:10] [292/458] RRDI
[10:35:12] [293/458] DFCH
[10:35:13] [294/458] INSC
[10:35:14] [295/458] RGTR
[10:35:16] [296/458] FMOT
[10:35:17] [297/458] SCPM
[10:35:19] [298/458] GCDT
[10:35:19] 🔄 Identity reset
[10:35:19] 🔄 Identity rotated (every 10 requests)
[10:35:20] [299/458] BRKT
[10:35:21] [300/458] DEMP
[10:35:23] [301/458] SRLC
[10:35:24] [302/458] KSTT
[10:35:25] [303/458] SMMT
[10:35:27] [304/458] SILM
[10:35:27] [305/458] JCVM
[10:35:29] [306/458] KCSV
[10:35:30] [307/458] MHLK
[10:35:31] [308/458] SLVL
[10:35:31] 🔄 Identity reset
[10:35:31] 🔄 Identity rotated (every 10 requests)
[10:35:33] [309/458] RJKP
[10:35:38] [310/458] BBPC
[10:35:44] [311/458] MXCB
[10:35:44] [312/458] TCPK
[10:35:46] [313/458] RTBR
[10:35:47] [314/458] GAUT
[10:35:48] [315/458] DVCF
[10:35:49] [316/458] JTSB
[10:35:57] [317/458] SBLS
[10:35:58] [318/458] UDAY
[10:35:58] 🔄 Identity reset
[10:35:58] 🔄 Identity rotated (every 10 requests)
[10:36:00] [319/458] PTNP
[10:36:02] [320/458] DMKT
[10:36:04] [321/458] NTDT
[10:36:05] [322/458] SHDJ
[10:36:06] [323/458] OTNC
[10:36:07] [324/458] RNTW
[10:36:08] [325/458] GCMI
[10:36:20] 🔄 Retry 1/5 for GCMI in 2.2s
[10:36:20] 🔄 Identity reset
[10:36:22] 🧠 New identity created
[10:36:29] [326/458] CRCM
[10:36:34] [327/458] NNCZ
[10:36:34] 🔄 Identity reset
[10:36:34] 🔄 Identity rotated (every 10 requests)
[10:36:35] [328/458] OEMO
[10:36:36] [329/458] PVJM
[10:36:37] [330/458] CPJI
[10:36:39] [331/458] RMCJ
[10:36:41] [332/458] CNWJ
[10:36:43] [333/458] EPJM
[10:36:43] [334/458] FNJJ
[10:36:45] [335/458] GCMJ
[10:36:47] [336/458] INPS
[10:36:48] [337/458] BICJ
[10:36:48] 🔄 Identity reset
[10:36:48] 🔄 Identity rotated (every 10 requests)
[10:36:50] [338/458] ISTJ
[10:36:52] [339/458] INJC
[10:36:54] [340/458] GLXJ
[10:36:55] [341/458] INEM
[10:36:56] [342/458] JTMN
[10:36:58] [343/458] FRCJ
[10:36:59] [344/458] DDJP
[10:37:01] [345/458] INJV
[10:37:02] [346/458] GOLC
[10:37:03] [347/458] KOCI
[10:37:03] 🔄 Identity reset
[10:37:03] 🔄 Identity rotated (every 10 requests)
[10:37:05] [348/458] FSTD
[10:37:06] [349/458] PACJ
[10:37:08] [350/458] GMCN
[10:37:09] [351/458] MMDJ
[10:37:10] [352/458] GODH
[10:37:12] [353/458] SKYN
[10:37:12] [354/458] NCTH
[10:37:13] [355/458] SKVZ
[10:37:15] [356/458] SVML
[10:37:17] [357/458] ACVZ
[10:37:17] 🔄 Identity reset
[10:37:17] 🔄 Identity rotated (every 10 requests)
[10:37:18] [358/458] SURA
[10:37:19] [359/458] RTRB
[10:37:21] [360/458] LLCT
[10:37:23] [361/458] ATTS
[10:37:24] [362/458] JYCM
[10:37:26] [363/458] CTKR
[10:37:28] [364/458] LCKR
[10:37:29] [365/458] NYCV
[10:37:38] [366/458] NYOH
[10:37:39] [367/458] NOVX
[10:37:39] 🔄 Identity reset
[10:37:39] 🔄 Identity rotated (every 10 requests)
[10:37:41] [368/458] MRGK
[10:37:42] [369/458] MOON
[10:37:44] [370/458] SBUC
[10:37:45] [371/458] GSVA
[10:37:46] [372/458] VIAK
[10:37:48] [373/458] SMVZ
[10:37:49] [374/458] MATE
[10:37:51] [375/458] RDCN
[10:37:53] [376/458] ASBL
[10:37:54] [377/458] ASVS
[10:37:54] 🔄 Identity reset
[10:37:54] 🔄 Identity rotated (every 10 requests)
[10:37:55] [378/458] ASSR
[10:37:56] [379/458] SSKN
[10:37:58] [380/458] DRPV
[10:37:59] [381/458] MRHT
[10:38:00] [382/458] BSCN
[10:38:02] [383/458] RKNX
[10:38:03] [384/458] MSMC
[10:38:04] [385/458] MSCJ
[10:38:06] [386/458] BTBJ
[10:38:07] [387/458] MJCC
[10:38:07] 🔄 Identity reset
[10:38:07] 🔄 Identity rotated (every 10 requests)
[10:38:10] [388/458] IOMM
[10:38:12] [389/458] ADGR
[10:38:13] [390/458] MYCP
[10:38:14] [391/458] IGCM
[10:38:16] [392/458] PGRK
[10:38:17] [393/458] VPGO
[10:38:18] [394/458] KOMS
[10:38:19] [395/458] URGG
[10:38:20] [396/458] GOST
[10:38:22] [397/458] LACT
[10:38:22] 🔄 Identity reset
[10:38:22] 🔄 Identity rotated (every 10 requests)
[10:38:23] [398/458] BWCM
[10:38:24] [399/458] NCCW
[10:38:26] [400/458] SKYC
[10:38:27] [401/458] CCPM
[10:38:35] [402/458] VCBT
[10:38:36] [403/458] SDKR
[10:38:38] [404/458] CTYB
[10:38:39] [405/458] SHCX
[10:38:41] [406/458] RCUN
[10:38:42] [407/458] CNRA
[10:38:42] 🔄 Identity reset
[10:38:42] 🔄 Identity rotated (every 10 requests)
[10:38:43] [408/458] RFCA
[10:38:45] [409/458] RDCU
[10:38:46] [410/458] SARK
[10:38:48] [411/458] SPPP
[10:38:50] [412/458] ADMB
[10:38:51] [413/458] JYOE
[10:38:52] [414/458] SRMD
[10:38:54] [415/458] RJDH
[10:38:55] [416/458] SSTD
[10:38:56] [417/458] AACV
[10:38:56] 🔄 Identity reset
[10:38:56] 🔄 Identity rotated (every 10 requests)
[10:38:58] [418/458] PPVD
[10:38:59] [419/458] STCP
[10:39:00] [420/458] ANLS
[10:39:01] [421/458] BIJO
[10:39:03] [422/458] AVAB
[10:39:04] [423/458] SPMD
[10:39:05] [424/458] SVJL
[10:39:07] [425/458] SDDJ
[10:39:08] [426/458] SLTU
[10:39:09] [427/458] SAKA
[10:39:09] 🔄 Identity reset
[10:39:09] 🔄 Identity rotated (every 10 requests)
[10:39:10] [428/458] PMAM
[10:39:12] [429/458] FNAM
[10:39:13] [430/458] ACAM
[10:39:19] [431/458] SCMM
[10:39:21] [432/458] PMAK
[10:39:22] [433/458] NYSA
[10:39:23] [434/458] FCPA
[10:39:24] [435/458] GDAN
[10:39:25] [436/458] RSCA
[10:39:27] [437/458] DMAN
[10:39:27] 🔄 Identity reset
[10:39:27] 🔄 Identity rotated (every 10 requests)
[10:39:39] 🔄 Retry 1/5 for DMAN in 2.1s
[10:39:39] 🔄 Identity reset
[10:39:41] 🧠 New identity created
[10:39:43] [438/458] DZCM
[10:39:45] [439/458] NSGL
[10:39:46] [440/458] CCPP
[10:39:47] [441/458] PSMG
[10:39:49] [442/458] GSER
[10:39:50] [443/458] FCCT
[10:39:52] [444/458] FCTB
[10:39:53] [445/458] LCNK
[10:39:54] [446/458] SKTY
[10:39:54] 🔄 Identity reset
[10:39:54] 🔄 Identity rotated (every 10 requests)
[10:39:55] [447/458] INAA
[10:39:57] [448/458] RCWN
[10:39:59] [449/458] VAIS
[10:39:59] [450/458] CVMN
[10:40:01] [451/458] INTS
[10:40:03] [452/458] FRGS
[10:40:04] [453/458] DTCK
[10:40:06] [454/458] MCMH
[10:40:07] [455/458] ECRR
[10:40:08] [456/458] RLLP
[10:40:08] 🔄 Identity reset
[10:40:08] 🔄 Identity rotated (every 10 requests)
[10:40:10] [457/458] CCSN
[10:40:11] [458/458] CCBA
[10:40:12] 🧹 Deduping shows
[10:40:12] ✅ DONE | Shows=2912 | Movies=65
[17:05:36] 🚀 SCRIPT STARTED
[17:05:36] [1/458] MBDC
[17:05:37] 🧠 New identity created
[17:05:38] [2/458] CHKM
[17:05:38] [3/458] JTKZ
[17:05:40] [4/458] CMCT
[17:05:41] [5/458] ASHO
[17:05:42] [6/458] ECDG
[17:05:43] [7/458] SPAT
[17:05:44] [8/458] HILC
[17:05:46] [9/458] SPPH
[17:05:47] [10/458] SBHN
[17:05:47] 🔄 Identity reset
[17:05:47] 🔄 Identity rotated (every 10 requests)
[17:05:47] 🔄 Retry 1/5 for SBHN in 2.2s
[17:05:47] 🔄 Identity reset
[17:05:50] 🧠 New identity created
[17:05:50] [11/458] RRCA
[17:05:52] [12/458] APAA
[17:05:53] [13/458] RAME
[17:05:54] [14/458] TMMS
[17:05:56] [15/458] BATK
[17:05:57] [16/458] LKOP
[17:05:58] [17/458] AMTT
[17:06:00] [18/458] PTGK
[17:06:01] [19/458] ANRS
[17:06:01] 🔄 Identity reset
[17:06:01] 🔄 Identity rotated (every 10 requests)
[17:06:02] [20/458] VWBW
[17:06:03] [21/458] SVFG
[17:06:04] [22/458] STAT
[17:06:05] [23/458] GDCV
[17:06:06] [24/458] VEBI
[17:06:07] [25/458] VDSS
[17:06:08] [26/458] NTHV
[17:06:09] [27/458] AOCH
[17:06:10] [28/458] KASR
[17:06:11] [29/458] AYCS
[17:06:11] 🔄 Identity reset
[17:06:11] 🔄 Identity rotated (every 10 requests)
[17:06:13] [30/458] SHAI
[17:06:15] [31/458] SKPE
[17:06:16] [32/458] SBTA
[17:06:17] [33/458] RTTD
[17:06:19] [34/458] CCJD
[17:06:20] [35/458] RSJJ
[17:06:20] [36/458] RKND
[17:06:21] [37/458] SVTX
[17:06:22] [38/458] BAKM
[17:06:23] [39/458] SVDC
[17:06:23] 🔄 Identity reset
[17:06:23] 🔄 Identity rotated (every 10 requests)
[17:06:24] [40/458] MNCV
[17:06:26] [41/458] SJGC
[17:06:26] [42/458] MTPK
[17:06:27] [43/458] GATP
[17:06:28] [44/458] ABTS
[17:06:29] [45/458] ABDE
[17:06:29] [46/458] RCNM
[17:06:30] [47/458] KTHV
[17:06:31] [48/458] MDGJ
[17:06:32] [49/458] SMLM
[17:06:32] 🔄 Identity reset
[17:06:32] 🔄 Identity rotated (every 10 requests)
[17:06:33] [50/458] JTMA
[17:06:34] [51/458] ACKP
[17:06:35] [52/458] SRTA
[17:06:36] [53/458] STAY
[17:06:37] [54/458] MAVO
[17:06:38] [55/458] APTS
[17:06:39] [56/458] OMEA
[17:06:40] [57/458] TTFD
[17:06:41] [58/458] MJCU
[17:06:41] [59/458] CXTE
[17:06:41] 🔄 Identity reset
[17:06:41] 🔄 Identity rotated (every 10 requests)
[17:06:42] [60/458] CTPX
[17:06:43] [61/458] ASSL
[17:06:44] [62/458] CMVB
[17:06:44] [63/458] VPUR
[17:06:45] [64/458] JJDA
[17:06:47] [65/458] INBL
[17:06:48] [66/458] BIKB
[17:06:48] [67/458] NTBB
[17:06:50] [68/458] GLOB
[17:06:51] [69/458] SNTB
[17:06:51] 🔄 Identity reset
[17:06:51] 🔄 Identity rotated (every 10 requests)
[17:06:51] [70/458] CHGV
[17:06:52] [71/458] SSBZ
[17:06:53] [72/458] PRDB
[17:06:54] [73/458] ISMT
[17:06:56] [74/458] MCSD
[17:06:57] [75/458] JBTT
[17:06:58] [76/458] GEKR
[17:06:59] [77/458] PVUN
[17:07:00] [78/458] NRTB
[17:07:01] [79/458] PRAA
[17:07:01] 🔄 Identity reset
[17:07:01] 🔄 Identity rotated (every 10 requests)
[17:07:02] [80/458] PCBL
[17:07:04] [81/458] PTCM
[17:07:04] [82/458] KHNN
[17:07:05] [83/458] OMJE
[17:07:06] [84/458] STGN
[17:07:07] [85/458] RPMS
[17:07:08] [86/458] NWAD
[17:07:09] [87/458] BLCK
[17:07:11] [88/458] SVAA
[17:07:12] [89/458] URVM
[17:07:12] 🔄 Identity reset
[17:07:12] 🔄 Identity rotated (every 10 requests)
[17:07:13] [90/458] ANTM
[17:07:13] [91/458] VJYM
[17:07:15] [92/458] MAZZ
[17:07:16] [93/458] CSHM
[17:07:17] [94/458] WGMH
[17:07:19] [95/458] SALN
[17:07:20] [96/458] BRTP
[17:07:20] [97/458] SVTA
[17:07:22] [98/458] SBTP
[17:07:24] [99/458] VLSS
[17:07:24] 🔄 Identity reset
[17:07:24] 🔄 Identity rotated (every 10 requests)
[17:07:25] [100/458] SRJA
[17:07:26] [101/458] ANCG
[17:07:27] [102/458] CGGC
[17:07:28] [103/458] CRJA
[17:07:29] [104/458] USCR
[17:07:30] [105/458] MMEF
[17:07:31] [106/458] JCRJ
[17:07:33] [107/458] ADCM
[17:07:33] [108/458] BMYK
[17:07:34] [109/458] KICS
[17:07:34] 🔄 Identity reset
[17:07:34] 🔄 Identity rotated (every 10 requests)
[17:07:35] [110/458] MBBT
[17:07:36] [111/458] MACK
[17:07:37] [112/458] CLDR
[17:07:38] [113/458] JYCR
[17:07:39] [114/458] DCRP
[17:07:40] [115/458] RAHT
[17:07:41] [116/458] CSSM
[17:07:42] [117/458] ATPK
[17:07:43] [118/458] KLRT
[17:07:43] [119/458] SRDD
[17:07:43] 🔄 Identity reset
[17:07:43] 🔄 Identity rotated (every 10 requests)
[17:07:45] [120/458] CKMC
[17:07:46] [121/458] KRVM
[17:07:47] [122/458] AKCP
[17:07:48] [123/458] CNCV
[17:07:49] [124/458] PACT
[17:07:49] [125/458] NATP
[17:07:50] [126/458] PCPK
[17:07:52] [127/458] SMHO
[17:07:53] [128/458] CWTK
[17:07:53] [129/458] RVKZ
[17:07:53] 🔄 Identity reset
[17:07:53] 🔄 Identity rotated (every 10 requests)
[17:07:54] [130/458] ASPD
[17:07:55] [131/458] VTKZ
[17:07:57] [132/458] LCSO
[17:07:58] [133/458] PRDY
[17:07:59] [134/458] RCAP
[17:08:01] [135/458] RGAR
[17:08:03] [136/458] RCAC
[17:08:04] [137/458] PMOD
[17:08:05] [138/458] PVCN
[17:08:06] [139/458] SCRZ
[17:08:06] 🔄 Identity reset
[17:08:06] 🔄 Identity rotated (every 10 requests)
[17:08:07] [140/458] PVPC
[17:08:08] [141/458] STID
[17:08:09] [142/458] NEDD
[17:08:10] [143/458] BNBA
[17:08:10] [144/458] NTCD
[17:08:12] [145/458] OCDE
[17:08:13] [146/458] CCDU
[17:08:13] [147/458] CRXH
[17:08:14] [148/458] VLVT
[17:08:15] [149/458] CICI
[17:08:15] 🔄 Identity reset
[17:08:15] 🔄 Identity rotated (every 10 requests)
[17:08:16] [150/458] SUCB
[17:08:17] [151/458] TCBP
[17:08:18] [152/458] SCCY
[17:08:19] [153/458] LXCY
[17:08:20] [154/458] NCMD
[17:08:21] [155/458] PHCS
[17:08:23] [156/458] DUXR
[17:08:24] [157/458] VNKS
[17:08:25] [158/458] SEDP
[17:08:26] [159/458] SVEN
[17:08:26] 🔄 Identity reset
[17:08:26] 🔄 Identity rotated (every 10 requests)
[17:08:27] [160/458] SRKM
[17:08:28] [161/458] JTLT
[17:08:28] [162/458] SVSS
[17:08:29] [163/458] AMDE
[17:08:30] [164/458] WVRN
[17:08:31] [165/458] ISMG
[17:08:32] [166/458] WVKS
[17:08:33] [167/458] USCG
[17:08:35] [168/458] IOTG
[17:08:35] [169/458] RRJM
[17:08:35] 🔄 Identity reset
[17:08:35] 🔄 Identity rotated (every 10 requests)
[17:08:35] 🔄 Retry 1/5 for RRJM in 2.2s
[17:08:35] 🔄 Identity reset
[17:08:38] 🧠 New identity created
[17:08:38] [170/458] EDMP
[17:08:39] [171/458] SCGZ
[17:08:40] [172/458] GMGX
[17:08:41] [173/458] OMTP
[17:08:42] [174/458] MITD
[17:08:43] [175/458] SMMD
[17:08:44] [176/458] STML
[17:08:45] [177/458] MCFS
[17:08:46] [178/458] FPKA
[17:08:46] 🔄 Identity reset
[17:08:46] 🔄 Identity rotated (every 10 requests)
[17:08:47] [179/458] OMLR
[17:08:48] [180/458] KKSC
[17:08:48] [181/458] RVMA
[17:08:49] [182/458] SCLL
[17:08:50] [183/458] SCDK
[17:08:52] [184/458] SXMI
[17:08:53] [185/458] SHDN
[17:08:54] [186/458] PAAD
[17:08:56] [187/458] UUCB
[17:08:57] [188/458] JHOL
[17:08:57] 🔄 Identity reset
[17:08:57] 🔄 Identity rotated (every 10 requests)
[17:08:57] [189/458] SGWT
[17:08:59] [190/458] SRII
[17:09:00] [191/458] SGCK
[17:09:01] [192/458] SVVB
[17:09:02] [193/458] DMHA
[17:09:03] [194/458] PPNL
[17:09:04] [195/458] CPNL
[17:09:04] [196/458] WVLD
[17:09:05] [197/458] PSLV
[17:09:06] [198/458] VTTL
[17:09:06] 🔄 Identity reset
[17:09:06] 🔄 Identity rotated (every 10 requests)
[17:09:06] 🔄 Retry 1/5 for VTTL in 2.1s
[17:09:06] 🔄 Identity reset
[17:09:08] 🧠 New identity created
[17:09:09] [199/458] NPAD
[17:09:10] [200/458] PVCS
[17:09:11] [201/458] MCHL
[17:09:12] [202/458] PPLL
[17:09:12] [203/458] MALO
[17:09:13] [204/458] SWBH
[17:09:14] [205/458] PUGB
[17:09:15] [206/458] INBB
[17:09:15] [207/458] INNS
[17:09:15] 🔄 Identity reset
[17:09:15] 🔄 Identity rotated (every 10 requests)
[17:09:16] [208/458] MCPT
[17:09:17] [209/458] SCMI
[17:09:18] [210/458] OCON
[17:09:19] [211/458] SCSM
[17:09:19] [212/458] RJVN
[17:09:21] [213/458] AMDK
[17:09:21] [214/458] ISMR
[17:09:22] [215/458] SMTD
[17:09:23] [216/458] VTDD
[17:09:24] [217/458] PDDZ
[17:09:24] 🔄 Identity reset
[17:09:24] 🔄 Identity rotated (every 10 requests)
[17:09:25] [218/458] PCCK
[17:09:27] [219/458] INAM
[17:09:27] [220/458] FNKT
[17:09:28] [221/458] GDKA
[17:09:29] [222/458] MAYU
[17:09:30] [223/458] TCGU
[17:09:31] [224/458] KDCA
[17:09:31] [225/458] DOMY
[17:09:32] [226/458] PDDD
[17:09:33] [227/458] BJTS
[17:09:33] 🔄 Identity reset
[17:09:33] 🔄 Identity rotated (every 10 requests)
[17:09:33] 🔄 Retry 1/5 for BJTS in 2.5s
[17:09:33] 🔄 Identity reset
[17:09:35] 🧠 New identity created
[17:09:36] [228/458] VTCA
[17:09:37] [229/458] SBTM
[17:09:38] [230/458] SEET
[17:09:39] [231/458] SSTJ
[17:09:41] [232/458] SVNT
[17:09:42] [233/458] PPPR
[17:09:43] [234/458] PVYS
[17:09:44] [235/458] IOSE
[17:09:44] [236/458] ACTV
[17:09:44] 🔄 Identity reset
[17:09:44] 🔄 Identity rotated (every 10 requests)
[17:09:45] [237/458] APVE
[17:09:46] [238/458] TCCL
[17:09:47] [239/458] SCMO
[17:09:48] [240/458] SAUM
[17:09:49] [241/458] KCJS
[17:09:50] [242/458] NJCJ
[17:09:50] [243/458] NECF
[17:09:51] [244/458] CCGW
[17:09:52] [245/458] CCMG
[17:09:53] [246/458] NYRG
[17:09:53] 🔄 Identity reset
[17:09:53] 🔄 Identity rotated (every 10 requests)
[17:09:54] [247/458] NCSQ
[17:09:55] [248/458] GRCG
[17:09:55] [249/458] CCBT
[17:09:56] [250/458] ACGA
[17:09:56] [251/458] INAG
[17:09:57] [252/458] FUCG
[17:09:58] [253/458] AICF
[17:10:00] [254/458] GRGA
[17:10:01] [255/458] GDCN
[17:10:02] [256/458] RRCG
[17:10:02] 🔄 Identity reset
[17:10:02] 🔄 Identity rotated (every 10 requests)
[17:10:02] 🔄 Retry 1/5 for RRCG in 2.9s
[17:10:02] 🔄 Identity reset
[17:10:05] 🧠 New identity created
[17:10:05] 🔄 Retry 2/5 for RRCG in 4.5s
[17:10:05] 🔄 Identity reset
[17:10:10] 🧠 New identity created
[17:10:10] 🔄 Retry 3/5 for RRCG in 8.2s
[17:10:10] 🔄 Identity reset
[17:10:18] 🧠 New identity created
[17:10:19] [257/458] SDCH
[17:10:20] [258/458] WVJM
[17:10:21] [259/458] JCCZ
[17:10:22] [260/458] CNCL
[17:10:23] [261/458] TMLV
[17:10:24] [262/458] MEMB
[17:10:24] [263/458] SGTD
[17:10:24] 🔄 Identity reset
[17:10:24] 🔄 Identity rotated (every 10 requests)
[17:10:25] [264/458] CONX
[17:10:26] [265/458] CCMH
[17:10:27] [266/458] ACMC
[17:10:28] [267/458] DTPD
[17:10:29] [268/458] POJA
[17:10:29] [269/458] FNBH
[17:10:31] [270/458] CGCB
[17:10:32] [271/458] RACN
[17:10:32] [272/458] JTSM
[17:10:33] [273/458] SCDN
[17:10:33] 🔄 Identity reset
[17:10:33] 🔄 Identity rotated (every 10 requests)
[17:10:34] [274/458] AACK
[17:10:35] [275/458] RMCE
[17:10:36] [276/458] BSGB
[17:10:36] [277/458] MRCB
[17:10:37] [278/458] SRVR
[17:10:39] [279/458] VTKK
[17:10:40] [280/458] AMST
[17:10:41] [281/458] APCY
[17:10:43] [282/458] LMHO
[17:10:43] [283/458] MTZH
[17:10:43] 🔄 Identity reset
[17:10:43] 🔄 Identity rotated (every 10 requests)
[17:10:44] [284/458] AMZB
[17:10:45] [285/458] SUVT
[17:10:46] [286/458] RCIP
[17:10:47] [287/458] KESR
[17:10:47] [288/458] SNKC
[17:10:48] [289/458] SCED
[17:10:49] [290/458] DVCA
[17:10:50] [291/458] VCDT
[17:10:50] [292/458] RRDI
[17:10:51] [293/458] DFCH
[17:10:51] 🔄 Identity reset
[17:10:51] 🔄 Identity rotated (every 10 requests)
[17:10:52] [294/458] INSC
[17:10:53] [295/458] RGTR
[17:10:53] [296/458] FMOT
[17:10:55] [297/458] SCPM
[17:10:56] [298/458] GCDT
[17:10:56] [299/458] BRKT
[17:10:57] [300/458] DEMP
[17:10:58] [301/458] SRLC
[17:10:58] [302/458] KSTT
[17:10:59] [303/458] SMMT
[17:10:59] 🔄 Identity reset
[17:10:59] 🔄 Identity rotated (every 10 requests)
[17:11:00] [304/458] SILM
[17:11:01] [305/458] JCVM
[17:11:02] [306/458] KCSV
[17:11:02] [307/458] MHLK
[17:11:03] [308/458] SLVL
[17:11:04] [309/458] RJKP
[17:11:05] [310/458] BBPC
[17:11:06] [311/458] MXCB
[17:11:06] [312/458] TCPK
[17:11:07] [313/458] RTBR
[17:11:07] 🔄 Identity reset
[17:11:07] 🔄 Identity rotated (every 10 requests)
[17:11:08] [314/458] GAUT
[17:11:09] [315/458] DVCF
[17:11:09] [316/458] JTSB
[17:11:10] [317/458] SBLS
[17:11:11] [318/458] UDAY
[17:11:12] [319/458] PTNP
[17:11:13] [320/458] DMKT
[17:11:13] [321/458] NTDT
[17:11:14] [322/458] SHDJ
[17:11:15] [323/458] OTNC
[17:11:15] 🔄 Identity reset
[17:11:15] 🔄 Identity rotated (every 10 requests)
[17:11:16] [324/458] RNTW
[17:11:17] [325/458] GCMI
[17:11:17] [326/458] CRCM
[17:11:18] [327/458] NNCZ
[17:11:19] [328/458] OEMO
[17:11:20] [329/458] PVJM
[17:11:22] [330/458] CPJI
[17:11:22] [331/458] RMCJ
[17:11:23] [332/458] CNWJ
[17:11:24] [333/458] EPJM
[17:11:24] 🔄 Identity reset
[17:11:24] 🔄 Identity rotated (every 10 requests)
[17:11:25] [334/458] FNJJ
[17:11:25] [335/458] GCMJ
[17:11:26] [336/458] INPS
[17:11:26] [337/458] BICJ
[17:11:27] [338/458] ISTJ
[17:11:28] [339/458] INJC
[17:11:28] [340/458] GLXJ
[17:11:30] [341/458] INEM
[17:11:32] [342/458] JTMN
[17:11:32] [343/458] FRCJ
[17:11:32] 🔄 Identity reset
[17:11:32] 🔄 Identity rotated (every 10 requests)
[17:11:33] [344/458] DDJP
[17:11:34] [345/458] INJV
[17:11:35] [346/458] GOLC
[17:11:35] [347/458] KOCI
[17:11:36] [348/458] FSTD
[17:11:37] [349/458] PACJ
[17:11:38] [350/458] GMCN
[17:11:38] [351/458] MMDJ
[17:11:39] [352/458] GODH
[17:11:40] [353/458] SKYN
[17:11:40] 🔄 Identity reset
[17:11:40] 🔄 Identity rotated (every 10 requests)
[17:11:40] [354/458] NCTH
[17:11:41] [355/458] SKVZ
[17:11:41] [356/458] SVML
[17:11:42] [357/458] ACVZ
[17:11:43] [358/458] SURA
[17:11:44] [359/458] RTRB
[17:11:45] [360/458] LLCT
[17:11:45] [361/458] ATTS
[17:11:46] [362/458] JYCM
[17:11:47] [363/458] CTKR
[17:11:47] 🔄 Identity reset
[17:11:47] 🔄 Identity rotated (every 10 requests)
[17:11:48] [364/458] LCKR
[17:11:49] [365/458] NYCV
[17:11:49] [366/458] NYOH
[17:11:50] [367/458] NOVX
[17:11:51] [368/458] MRGK
[17:11:51] [369/458] MOON
[17:11:52] [370/458] SBUC
[17:11:53] [371/458] GSVA
[17:11:54] [372/458] VIAK
[17:11:55] [373/458] SMVZ
[17:11:55] 🔄 Identity reset
[17:11:55] 🔄 Identity rotated (every 10 requests)
[17:11:55] [374/458] MATE
[17:11:56] [375/458] RDCN
[17:11:56] [376/458] ASBL
[17:11:58] [377/458] ASVS
[17:11:59] [378/458] ASSR
[17:12:00] [379/458] SSKN
[17:12:01] [380/458] DRPV
[17:12:01] [381/458] MRHT
[17:12:02] [382/458] BSCN
[17:12:03] [383/458] RKNX
[17:12:03] 🔄 Identity reset
[17:12:03] 🔄 Identity rotated (every 10 requests)
[17:12:04] [384/458] MSMC
[17:12:04] [385/458] MSCJ
[17:12:05] [386/458] BTBJ
[17:12:06] [387/458] MJCC
[17:12:07] [388/458] IOMM
[17:12:07] [389/458] ADGR
[17:12:08] [390/458] MYCP
[17:12:08] [391/458] IGCM
[17:12:09] [392/458] PGRK
[17:12:11] [393/458] VPGO
[17:12:11] 🔄 Identity reset
[17:12:11] 🔄 Identity rotated (every 10 requests)
[17:12:12] [394/458] KOMS
[17:12:12] [395/458] URGG
[17:12:13] [396/458] GOST
[17:12:14] [397/458] LACT
[17:12:15] [398/458] BWCM
[17:12:16] [399/458] NCCW
[17:12:17] [400/458] SKYC
[17:12:18] [401/458] CCPM
[17:12:19] [402/458] VCBT
[17:12:20] [403/458] SDKR
[17:12:20] 🔄 Identity reset
[17:12:20] 🔄 Identity rotated (every 10 requests)
[17:12:21] [404/458] CTYB
[17:12:22] [405/458] SHCX
[17:12:23] [406/458] RCUN
[17:12:24] [407/458] CNRA
[17:12:25] [408/458] RFCA
[17:12:26] [409/458] RDCU
[17:12:26] [410/458] SARK
[17:12:28] [411/458] SPPP
[17:12:29] [412/458] ADMB
[17:12:30] [413/458] JYOE
[17:12:30] 🔄 Identity reset
[17:12:30] 🔄 Identity rotated (every 10 requests)
[17:12:30] [414/458] SRMD
[17:12:32] [415/458] RJDH
[17:12:32] [416/458] SSTD
[17:12:33] [417/458] AACV
[17:12:34] [418/458] PPVD
[17:12:35] [419/458] STCP
[17:12:35] [420/458] ANLS
[17:12:36] [421/458] BIJO
[17:12:37] [422/458] AVAB
[17:12:38] [423/458] SPMD
[17:12:38] 🔄 Identity reset
[17:12:38] 🔄 Identity rotated (every 10 requests)
[17:12:40] [424/458] SVJL
[17:12:40] [425/458] SDDJ
[17:12:41] [426/458] SLTU
[17:12:42] [427/458] SAKA
[17:12:43] [428/458] PMAM
[17:12:44] [429/458] FNAM
[17:12:46] [430/458] ACAM
[17:12:47] [431/458] SCMM
[17:12:48] [432/458] PMAK
[17:12:49] [433/458] NYSA
[17:12:49] 🔄 Identity reset
[17:12:49] 🔄 Identity rotated (every 10 requests)
[17:12:50] [434/458] FCPA
[17:12:51] [435/458] GDAN
[17:12:52] [436/458] RSCA
[17:12:52] [437/458] DMAN
[17:12:54] [438/458] DZCM
[17:12:56] [439/458] NSGL
[17:12:56] [440/458] CCPP
[17:12:57] [441/458] PSMG
[17:12:58] [442/458] GSER
[17:12:59] [443/458] FCCT
[17:12:59] 🔄 Identity reset
[17:12:59] 🔄 Identity rotated (every 10 requests)
[17:13:00] [444/458] FCTB
[17:13:01] [445/458] LCNK
[17:13:03] [446/458] SKTY
[17:13:03] [447/458] INAA
[17:13:04] [448/458] RCWN
[17:13:05] [449/458] VAIS
[17:13:06] [450/458] CVMN
[17:13:07] [451/458] INTS
[17:13:07] [452/458] FRGS
[17:13:08] [453/458] DTCK
[17:13:08] 🔄 Identity reset
[17:13:08] 🔄 Identity rotated (every 10 requests)
[17:13:10] [454/458] MCMH
[17:13:11] [455/458] ECRR
[17:13:12] [456/458] RLLP
[17:13:13] [457/458] CCSN
[17:13:14] [458/458] CCBA
[17:13:15] 🧹 Deduping shows
[17:13:15] ✅ DONE | Shows=3266 | Movies=68
[21:21:50] 🚀 SCRIPT STARTED
[21:21:50] [1/458] MBDC
[21:21:50] 🧠 New identity created
[21:21:51] [2/458] CHKM
[21:21:52] [3/458] JTKZ
[21:21:53] [4/458] CMCT
[21:21:54] [5/458] ASHO
[21:21:55] [6/458] ECDG
[21:21:57] [7/458] SPAT
[21:21:58] [8/458] HILC
[21:22:00] [9/458] SPPH
[21:22:01] [10/458] SBHN
[21:22:01] 🔄 Identity reset
[21:22:01] 🔄 Identity rotated (every 10 requests)
[21:22:01] [11/458] RRCA
[21:22:02] [12/458] APAA
[21:22:04] [13/458] RAME
[21:22:06] [14/458] TMMS
[21:22:06] [15/458] BATK
[21:22:07] [16/458] LKOP
[21:22:09] [17/458] AMTT
[21:22:10] [18/458] PTGK
[21:22:11] [19/458] ANRS
[21:22:12] [20/458] VWBW
[21:22:12] 🔄 Identity reset
[21:22:12] 🔄 Identity rotated (every 10 requests)
[21:22:13] [21/458] SVFG
[21:22:15] [22/458] STAT
[21:22:15] [23/458] GDCV
[21:22:16] [24/458] VEBI
[21:22:17] [25/458] VDSS
[21:22:18] [26/458] NTHV
[21:22:19] [27/458] AOCH
[21:22:20] [28/458] KASR
[21:22:21] [29/458] AYCS
[21:22:23] [30/458] SHAI
[21:22:23] 🔄 Identity reset
[21:22:23] 🔄 Identity rotated (every 10 requests)
[21:22:24] [31/458] SKPE
[21:22:25] [32/458] SBTA
[21:22:26] [33/458] RTTD
[21:22:27] [34/458] CCJD
[21:22:28] [35/458] RSJJ
[21:22:29] [36/458] RKND
[21:22:30] [37/458] SVTX
[21:22:31] [38/458] BAKM
[21:22:32] [39/458] SVDC
[21:22:33] [40/458] MNCV
[21:22:33] 🔄 Identity reset
[21:22:33] 🔄 Identity rotated (every 10 requests)
[21:22:34] [41/458] SJGC
[21:22:35] [42/458] MTPK
[21:22:35] [43/458] GATP
[21:22:36] [44/458] ABTS
[21:22:37] [45/458] ABDE
[21:22:38] [46/458] RCNM
[21:22:40] [47/458] KTHV
[21:22:41] [48/458] MDGJ
[21:22:42] [49/458] SMLM
[21:22:43] [50/458] JTMA
[21:22:43] 🔄 Identity reset
[21:22:43] 🔄 Identity rotated (every 10 requests)
[21:22:44] [51/458] ACKP
[21:22:44] [52/458] SRTA
[21:22:46] [53/458] STAY
[21:22:48] [54/458] MAVO
[21:22:49] [55/458] APTS
[21:22:50] [56/458] OMEA
[21:22:50] [57/458] TTFD
[21:22:51] [58/458] MJCU
[21:22:52] [59/458] CXTE
[21:22:53] [60/458] CTPX
[21:22:53] 🔄 Identity reset
[21:22:53] 🔄 Identity rotated (every 10 requests)
[21:22:54] [61/458] ASSL
[21:22:55] [62/458] CMVB
[21:22:56] [63/458] VPUR
[21:22:57] [64/458] JJDA
[21:22:59] [65/458] INBL
[21:22:59] [66/458] BIKB
[21:23:01] [67/458] NTBB
[21:23:02] [68/458] GLOB
[21:23:03] [69/458] SNTB
[21:23:04] [70/458] CHGV
[21:23:04] 🔄 Identity reset
[21:23:04] 🔄 Identity rotated (every 10 requests)
[21:23:05] [71/458] SSBZ
[21:23:05] [72/458] PRDB
[21:23:06] [73/458] ISMT
[21:23:07] [74/458] MCSD
[21:23:09] [75/458] JBTT
[21:23:10] [76/458] GEKR
[21:23:11] [77/458] PVUN
[21:23:12] [78/458] NRTB
[21:23:13] [79/458] PRAA
[21:23:14] [80/458] PCBL
[21:23:14] 🔄 Identity reset
[21:23:14] 🔄 Identity rotated (every 10 requests)
[21:23:15] [81/458] PTCM
[21:23:16] [82/458] KHNN
[21:23:17] [83/458] OMJE
[21:23:18] [84/458] STGN
[21:23:19] [85/458] RPMS
[21:23:20] [86/458] NWAD
[21:23:21] [87/458] BLCK
[21:23:21] [88/458] SVAA
[21:23:22] [89/458] URVM
[21:23:23] [90/458] ANTM
[21:23:23] 🔄 Identity reset
[21:23:23] 🔄 Identity rotated (every 10 requests)
[21:23:24] [91/458] VJYM
[21:23:25] [92/458] MAZZ
[21:23:26] [93/458] CSHM
[21:23:28] [94/458] WGMH
[21:23:29] [95/458] SALN
[21:23:30] [96/458] BRTP
[21:23:31] [97/458] SVTA
[21:23:32] [98/458] SBTP
[21:23:33] [99/458] VLSS
[21:23:33] [100/458] SRJA
[21:23:33] 🔄 Identity reset
[21:23:33] 🔄 Identity rotated (every 10 requests)
[21:23:34] [101/458] ANCG
[21:23:35] [102/458] CGGC
[21:23:37] [103/458] CRJA
[21:23:38] [104/458] USCR
[21:23:40] [105/458] MMEF
[21:23:41] [106/458] JCRJ
[21:23:42] [107/458] ADCM
[21:23:43] [108/458] BMYK
[21:23:45] [109/458] KICS
[21:23:46] [110/458] MBBT
[21:23:46] 🔄 Identity reset
[21:23:46] 🔄 Identity rotated (every 10 requests)
[21:23:47] [111/458] MACK
[21:23:48] [112/458] CLDR
[21:23:49] [113/458] JYCR
[21:23:50] [114/458] DCRP
[21:23:51] [115/458] RAHT
[21:23:53] [116/458] CSSM
[21:23:54] [117/458] ATPK
[21:23:56] [118/458] KLRT
[21:23:58] [119/458] SRDD
[21:23:59] [120/458] CKMC
[21:23:59] 🔄 Identity reset
[21:23:59] 🔄 Identity rotated (every 10 requests)
[21:24:00] [121/458] KRVM
[21:24:01] [122/458] AKCP
[21:24:01] [123/458] CNCV
[21:24:02] [124/458] PACT
[21:24:03] [125/458] NATP
[21:24:04] [126/458] PCPK
[21:24:06] [127/458] SMHO
[21:24:07] [128/458] CWTK
[21:24:08] [129/458] RVKZ
[21:24:09] [130/458] ASPD
[21:24:09] 🔄 Identity reset
[21:24:09] 🔄 Identity rotated (every 10 requests)
[21:24:09] 🔄 Retry 1/5 for ASPD in 2.6s
[21:24:09] 🔄 Identity reset
[21:24:12] 🧠 New identity created
[21:24:13] [131/458] VTKZ
[21:24:14] [132/458] LCSO
[21:24:16] [133/458] PRDY
[21:24:17] [134/458] RCAP
[21:24:18] [135/458] RGAR
[21:24:20] [136/458] RCAC
[21:24:21] [137/458] PMOD
[21:24:22] [138/458] PVCN
[21:24:23] [139/458] SCRZ
[21:24:23] 🔄 Identity reset
[21:24:23] 🔄 Identity rotated (every 10 requests)
[21:24:24] [140/458] PVPC
[21:24:25] [141/458] STID
[21:24:26] [142/458] NEDD
[21:24:27] [143/458] BNBA
[21:24:28] [144/458] NTCD
[21:24:29] [145/458] OCDE
[21:24:30] [146/458] CCDU
[21:24:31] [147/458] CRXH
[21:24:32] [148/458] VLVT
[21:24:33] [149/458] CICI
[21:24:33] 🔄 Identity reset
[21:24:33] 🔄 Identity rotated (every 10 requests)
[21:24:33] [150/458] SUCB
[21:24:34] [151/458] TCBP
[21:24:36] [152/458] SCCY
[21:24:36] [153/458] LXCY
[21:24:37] [154/458] NCMD
[21:24:38] [155/458] PHCS
[21:24:39] [156/458] DUXR
[21:24:40] [157/458] VNKS
[21:24:41] [158/458] SEDP
[21:24:42] [159/458] SVEN
[21:24:42] 🔄 Identity reset
[21:24:42] 🔄 Identity rotated (every 10 requests)
[21:24:43] [160/458] SRKM
[21:24:44] [161/458] JTLT
[21:24:45] [162/458] SVSS
[21:24:47] [163/458] AMDE
[21:24:48] [164/458] WVRN
[21:24:49] [165/458] ISMG
[21:24:50] [166/458] WVKS
[21:24:51] [167/458] USCG
[21:24:52] [168/458] IOTG
[21:24:53] [169/458] RRJM
[21:24:53] 🔄 Identity reset
[21:24:53] 🔄 Identity rotated (every 10 requests)
[21:24:54] [170/458] EDMP
[21:24:55] [171/458] SCGZ
[21:24:56] [172/458] GMGX
[21:24:57] [173/458] OMTP
[21:24:58] [174/458] MITD
[21:24:59] [175/458] SMMD
[21:25:00] [176/458] STML
[21:25:01] [177/458] MCFS
[21:25:02] [178/458] FPKA
[21:25:04] [179/458] OMLR
[21:25:04] 🔄 Identity reset
[21:25:04] 🔄 Identity rotated (every 10 requests)
[21:25:05] [180/458] KKSC
[21:25:06] [181/458] RVMA
[21:25:07] [182/458] SCLL
[21:25:07] [183/458] SCDK
[21:25:08] [184/458] SXMI
[21:25:09] [185/458] SHDN
[21:25:10] [186/458] PAAD
[21:25:12] [187/458] UUCB
[21:25:13] [188/458] JHOL
[21:25:14] [189/458] SGWT
[21:25:14] 🔄 Identity reset
[21:25:14] 🔄 Identity rotated (every 10 requests)
[21:25:16] [190/458] SRII
[21:25:17] [191/458] SGCK
[21:25:18] [192/458] SVVB
[21:25:19] [193/458] DMHA
[21:25:20] [194/458] PPNL
[21:25:21] [195/458] CPNL
[21:25:22] [196/458] WVLD
[21:25:23] [197/458] PSLV
[21:25:24] [198/458] VTTL
[21:25:26] [199/458] NPAD
[21:25:26] 🔄 Identity reset
[21:25:26] 🔄 Identity rotated (every 10 requests)
[21:25:27] [200/458] PVCS
[21:25:28] [201/458] MCHL
[21:25:29] [202/458] PPLL
[21:25:31] [203/458] MALO
[21:25:32] [204/458] SWBH
[21:25:33] [205/458] PUGB
[21:25:34] [206/458] INBB
[21:25:35] [207/458] INNS
[21:25:37] [208/458] MCPT
[21:25:38] [209/458] SCMI
[21:25:38] 🔄 Identity reset
[21:25:38] 🔄 Identity rotated (every 10 requests)
[21:25:40] [210/458] OCON
[21:25:41] [211/458] SCSM
[21:25:42] [212/458] RJVN
[21:25:42] [213/458] AMDK
[21:25:43] [214/458] ISMR
[21:25:44] [215/458] SMTD
[21:25:45] [216/458] VTDD
[21:25:46] [217/458] PDDZ
[21:25:47] [218/458] PCCK
[21:25:48] [219/458] INAM
[21:25:48] 🔄 Identity reset
[21:25:48] 🔄 Identity rotated (every 10 requests)
[21:25:49] [220/458] FNKT
[21:25:50] [221/458] GDKA
[21:25:51] [222/458] MAYU
[21:25:51] [223/458] TCGU
[21:25:52] [224/458] KDCA
[21:25:54] [225/458] DOMY
[21:25:55] [226/458] PDDD
[21:25:56] [227/458] BJTS
[21:25:57] [228/458] VTCA
[21:25:58] [229/458] SBTM
[21:25:58] 🔄 Identity reset
[21:25:58] 🔄 Identity rotated (every 10 requests)
[21:25:59] [230/458] SEET
[21:26:00] [231/458] SSTJ
[21:26:02] [232/458] SVNT
[21:26:03] [233/458] PPPR
[21:26:04] [234/458] PVYS
[21:26:05] [235/458] IOSE
[21:26:06] [236/458] ACTV
[21:26:07] [237/458] APVE
[21:26:08] [238/458] TCCL
[21:26:10] [239/458] SCMO
[21:26:10] 🔄 Identity reset
[21:26:10] 🔄 Identity rotated (every 10 requests)
[21:26:10] 🔄 Retry 1/5 for SCMO in 2.2s
[21:26:10] 🔄 Identity reset
[21:26:12] 🧠 New identity created
[21:26:13] [240/458] SAUM
[21:26:14] [241/458] KCJS
[21:26:15] [242/458] NJCJ
[21:26:16] [243/458] NECF
[21:26:17] [244/458] CCGW
[21:26:17] [245/458] CCMG
[21:26:18] [246/458] NYRG
[21:26:19] [247/458] NCSQ
[21:26:21] [248/458] GRCG
[21:26:21] 🔄 Identity reset
[21:26:21] 🔄 Identity rotated (every 10 requests)
[21:26:22] [249/458] CCBT
[21:26:23] [250/458] ACGA
[21:26:23] [251/458] INAG
[21:26:25] [252/458] FUCG
[21:26:26] [253/458] AICF
[21:26:28] [254/458] GRGA
[21:26:29] [255/458] GDCN
[21:26:30] [256/458] RRCG
[21:26:31] [257/458] SDCH
[21:26:33] [258/458] WVJM
[21:26:33] 🔄 Identity reset
[21:26:33] 🔄 Identity rotated (every 10 requests)
[21:26:34] [259/458] JCCZ
[21:26:35] [260/458] CNCL
[21:26:37] [261/458] TMLV
[21:26:37] [262/458] MEMB
[21:26:39] [263/458] SGTD
[21:26:40] [264/458] CONX
[21:26:41] [265/458] CCMH
[21:26:42] [266/458] ACMC
[21:26:43] [267/458] DTPD
[21:26:44] [268/458] POJA
[21:26:44] 🔄 Identity reset
[21:26:44] 🔄 Identity rotated (every 10 requests)
[21:26:46] [269/458] FNBH
[21:26:47] [270/458] CGCB
[21:26:48] [271/458] RACN
[21:26:49] [272/458] JTSM
[21:26:50] [273/458] SCDN
[21:26:51] [274/458] AACK
[21:26:52] [275/458] RMCE
[21:26:53] [276/458] BSGB
[21:26:54] [277/458] MRCB
[21:26:55] [278/458] SRVR
[21:26:55] 🔄 Identity reset
[21:26:55] 🔄 Identity rotated (every 10 requests)
[21:26:56] [279/458] VTKK
[21:26:57] [280/458] AMST
[21:26:59] [281/458] APCY
[21:27:01] [282/458] LMHO
[21:27:01] [283/458] MTZH
[21:27:02] [284/458] AMZB
[21:27:03] [285/458] SUVT
[21:27:04] [286/458] RCIP
[21:27:05] [287/458] KESR
[21:27:06] [288/458] SNKC
[21:27:06] 🔄 Identity reset
[21:27:06] 🔄 Identity rotated (every 10 requests)
[21:27:07] [289/458] SCED
[21:27:07] [290/458] DVCA
[21:27:08] [291/458] VCDT
[21:27:10] [292/458] RRDI
[21:27:11] [293/458] DFCH
[21:27:12] [294/458] INSC
[21:27:13] [295/458] RGTR
[21:27:14] [296/458] FMOT
[21:27:15] [297/458] SCPM
[21:27:16] [298/458] GCDT
[21:27:16] 🔄 Identity reset
[21:27:16] 🔄 Identity rotated (every 10 requests)
[21:27:17] [299/458] BRKT
[21:27:18] [300/458] DEMP
[21:27:19] [301/458] SRLC
[21:27:20] [302/458] KSTT
[21:27:21] [303/458] SMMT
[21:27:22] [304/458] SILM
[21:27:23] [305/458] JCVM
[21:27:24] [306/458] KCSV
[21:27:25] [307/458] MHLK
[21:27:26] [308/458] SLVL
[21:27:26] 🔄 Identity reset
[21:27:26] 🔄 Identity rotated (every 10 requests)
[21:27:27] [309/458] RJKP
[21:27:28] [310/458] BBPC
[21:27:29] [311/458] MXCB
[21:27:30] [312/458] TCPK
[21:27:31] [313/458] RTBR
[21:27:32] [314/458] GAUT
[21:27:33] [315/458] DVCF
[21:27:34] [316/458] JTSB
[21:27:35] [317/458] SBLS
[21:27:36] [318/458] UDAY
[21:27:36] 🔄 Identity reset
[21:27:36] 🔄 Identity rotated (every 10 requests)
[21:27:37] [319/458] PTNP
[21:27:38] [320/458] DMKT
[21:27:38] [321/458] NTDT
[21:27:39] [322/458] SHDJ
[21:27:40] [323/458] OTNC
[21:27:42] [324/458] RNTW
[21:27:43] [325/458] GCMI
[21:27:43] [326/458] CRCM
[21:27:45] [327/458] NNCZ
[21:27:46] [328/458] OEMO
[21:27:46] 🔄 Identity reset
[21:27:46] 🔄 Identity rotated (every 10 requests)
[21:27:47] [329/458] PVJM
[21:27:48] [330/458] CPJI
[21:27:49] [331/458] RMCJ
[21:27:50] [332/458] CNWJ
[21:27:51] [333/458] EPJM
[21:27:51] [334/458] FNJJ
[21:27:52] [335/458] GCMJ
[21:27:54] [336/458] INPS
[21:27:55] [337/458] BICJ
[21:27:56] [338/458] ISTJ
[21:27:56] 🔄 Identity reset
[21:27:56] 🔄 Identity rotated (every 10 requests)
[21:27:57] [339/458] INJC
[21:27:58] [340/458] GLXJ
[21:27:59] [341/458] INEM
[21:28:00] [342/458] JTMN
[21:28:01] [343/458] FRCJ
[21:28:02] [344/458] DDJP
[21:28:03] [345/458] INJV
[21:28:04] [346/458] GOLC
[21:28:05] [347/458] KOCI
[21:28:05] [348/458] FSTD
[21:28:05] 🔄 Identity reset
[21:28:05] 🔄 Identity rotated (every 10 requests)
[21:28:06] [349/458] PACJ
[21:28:07] [350/458] GMCN
[21:28:08] [351/458] MMDJ
[21:28:10] [352/458] GODH
[21:28:11] [353/458] SKYN
[21:28:12] [354/458] NCTH
[21:28:14] [355/458] SKVZ
[21:28:15] [356/458] SVML
[21:28:16] [357/458] ACVZ
[21:28:17] [358/458] SURA
[21:28:17] 🔄 Identity reset
[21:28:17] 🔄 Identity rotated (every 10 requests)
[21:28:18] [359/458] RTRB
[21:28:19] [360/458] LLCT
[21:28:19] [361/458] ATTS
[21:28:20] [362/458] JYCM
[21:28:21] [363/458] CTKR
[21:28:23] [364/458] LCKR
[21:28:24] [365/458] NYCV
[21:28:24] [366/458] NYOH
[21:28:25] [367/458] NOVX
[21:28:26] [368/458] MRGK
[21:28:26] 🔄 Identity reset
[21:28:27] 🔄 Identity rotated (every 10 requests)
[21:28:27] [369/458] MOON
[21:28:28] [370/458] SBUC
[21:28:29] [371/458] GSVA
[21:28:30] [372/458] VIAK
[21:28:31] [373/458] SMVZ
[21:28:32] [374/458] MATE
[21:28:33] [375/458] RDCN
[21:28:34] [376/458] ASBL
[21:28:36] [377/458] ASVS
[21:28:37] [378/458] ASSR
[21:28:37] 🔄 Identity reset
[21:28:37] 🔄 Identity rotated (every 10 requests)
[21:28:39] [379/458] SSKN
[21:28:41] [380/458] DRPV
[21:28:42] [381/458] MRHT
[21:28:43] [382/458] BSCN
[21:28:43] [383/458] RKNX
[21:28:44] [384/458] MSMC
[21:28:46] [385/458] MSCJ
[21:28:47] [386/458] BTBJ
[21:28:48] [387/458] MJCC
[21:28:49] [388/458] IOMM
[21:28:49] 🔄 Identity reset
[21:28:49] 🔄 Identity rotated (every 10 requests)
[21:28:50] [389/458] ADGR
[21:28:52] [390/458] MYCP
[21:28:52] [391/458] IGCM
[21:28:54] [392/458] PGRK
[21:28:55] [393/458] VPGO
[21:28:57] [394/458] KOMS
[21:28:58] [395/458] URGG
[21:29:00] [396/458] GOST
[21:29:00] [397/458] LACT
[21:29:01] [398/458] BWCM
[21:29:01] 🔄 Identity reset
[21:29:02] 🔄 Identity rotated (every 10 requests)
[21:29:02] [399/458] NCCW
[21:29:03] [400/458] SKYC
[21:29:05] [401/458] CCPM
[21:29:06] [402/458] VCBT
[21:29:07] [403/458] SDKR
[21:29:08] [404/458] CTYB
[21:29:09] [405/458] SHCX
[21:29:10] [406/458] RCUN
[21:29:10] [407/458] CNRA
[21:29:12] [408/458] RFCA
[21:29:12] 🔄 Identity reset
[21:29:12] 🔄 Identity rotated (every 10 requests)
[21:29:12] [409/458] RDCU
[21:29:13] [410/458] SARK
[21:29:14] [411/458] SPPP
[21:29:15] [412/458] ADMB
[21:29:16] [413/458] JYOE
[21:29:17] [414/458] SRMD
[21:29:19] [415/458] RJDH
[21:29:20] [416/458] SSTD
[21:29:21] [417/458] AACV
[21:29:22] [418/458] PPVD
[21:29:22] 🔄 Identity reset
[21:29:22] 🔄 Identity rotated (every 10 requests)
[21:29:23] [419/458] STCP
[21:29:24] [420/458] ANLS
[21:29:25] [421/458] BIJO
[21:29:25] [422/458] AVAB
[21:29:26] [423/458] SPMD
[21:29:28] [424/458] SVJL
[21:29:30] [425/458] SDDJ
[21:29:32] [426/458] SLTU
[21:29:33] [427/458] SAKA
[21:29:34] [428/458] PMAM
[21:29:34] 🔄 Identity reset
[21:29:34] 🔄 Identity rotated (every 10 requests)
[21:29:35] [429/458] FNAM
[21:29:36] [430/458] ACAM
[21:29:36] [431/458] SCMM
[21:29:37] [432/458] PMAK
[21:29:39] [433/458] NYSA
[21:29:40] [434/458] FCPA
[21:29:42] [435/458] GDAN
[21:29:43] [436/458] RSCA
[21:29:43] [437/458] DMAN
[21:29:44] [438/458] DZCM
[21:29:44] 🔄 Identity reset
[21:29:44] 🔄 Identity rotated (every 10 requests)
[21:29:45] [439/458] NSGL
[21:29:46] [440/458] CCPP
[21:29:47] [441/458] PSMG
[21:29:49] [442/458] GSER
[21:29:50] [443/458] FCCT
[21:29:51] [444/458] FCTB
[21:29:52] [445/458] LCNK
[21:29:52] [446/458] SKTY
[21:29:54] [447/458] INAA
[21:29:55] [448/458] RCWN
[21:29:55] 🔄 Identity reset
[21:29:55] 🔄 Identity rotated (every 10 requests)
[21:29:56] [449/458] VAIS
[21:29:57] [450/458] CVMN
[21:29:58] [451/458] INTS
[21:29:59] [452/458] FRGS
[21:30:00] [453/458] DTCK
[21:30:01] [454/458] MCMH
[21:30:02] [455/458] ECRR
[21:30:04] [456/458] RLLP
[21:30:05] [457/458] CCSN
[21:30:06] [458/458] CCBA
[21:30:06] 🔄 Identity reset
[21:30:06] 🔄 Identity rotated (every 10 requests)
[21:30:07] 🧹 Deduping shows
[21:30:08] ✅ DONE | Shows=3453 | Movies=68
[22:03:23] 🚀 SCRIPT STARTED
[22:03:23] [1/458] MBDC
[22:03:23] 🧠 New identity created
[22:03:24] [2/458] CHKM
[22:03:25] [3/458] JTKZ
[22:03:26] [4/458] CMCT
[22:03:27] [5/458] ASHO
[22:03:28] [6/458] ECDG
[22:03:29] [7/458] SPAT
[22:03:30] [8/458] HILC
[22:03:31] [9/458] SPPH
[22:03:32] [10/458] SBHN
[22:03:32] 🔄 Identity reset
[22:03:32] 🔄 Identity rotated (every 10 requests)
[22:03:33] [11/458] RRCA
[22:03:34] [12/458] APAA
[22:03:35] [13/458] RAME
[22:03:36] [14/458] TMMS
[22:03:37] [15/458] BATK
[22:03:37] [16/458] LKOP
[22:03:38] [17/458] AMTT
[22:03:39] [18/458] PTGK
[22:03:40] [19/458] ANRS
[22:03:42] [20/458] VWBW
[22:03:42] 🔄 Identity reset
[22:03:42] 🔄 Identity rotated (every 10 requests)
[22:03:43] [21/458] SVFG
[22:03:44] [22/458] STAT
[22:03:45] [23/458] GDCV
[22:03:45] [24/458] VEBI
[22:03:47] [25/458] VDSS
[22:03:48] [26/458] NTHV
[22:03:49] [27/458] AOCH
[22:03:50] [28/458] KASR
[22:03:51] [29/458] AYCS
[22:03:52] [30/458] SHAI
[22:03:52] 🔄 Identity reset
[22:03:52] 🔄 Identity rotated (every 10 requests)
[22:03:53] [31/458] SKPE
[22:03:55] [32/458] SBTA
[22:03:55] [33/458] RTTD
[22:03:56] [34/458] CCJD
[22:03:57] [35/458] RSJJ
[22:03:58] [36/458] RKND
[22:03:59] [37/458] SVTX
[22:04:00] [38/458] BAKM
[22:04:01] [39/458] SVDC
[22:04:03] [40/458] MNCV
[22:04:03] 🔄 Identity reset
[22:04:03] 🔄 Identity rotated (every 10 requests)
[22:04:04] [41/458] SJGC
[22:04:05] [42/458] MTPK
[22:04:06] [43/458] GATP
[22:04:07] [44/458] ABTS
[22:04:08] [45/458] ABDE
[22:04:09] [46/458] RCNM
[22:04:11] [47/458] KTHV
[22:04:12] [48/458] MDGJ
[22:04:13] [49/458] SMLM
[22:04:13] [50/458] JTMA
[22:04:13] 🔄 Identity reset
[22:04:13] 🔄 Identity rotated (every 10 requests)
[22:04:14] [51/458] ACKP
[22:04:15] [52/458] SRTA
[22:04:16] [53/458] STAY
[22:04:17] [54/458] MAVO
[22:04:18] [55/458] APTS
[22:04:19] [56/458] OMEA
[22:04:20] [57/458] TTFD
[22:04:21] [58/458] MJCU
[22:04:22] [59/458] CXTE
[22:04:23] [60/458] CTPX
[22:04:23] 🔄 Identity reset
[22:04:23] 🔄 Identity rotated (every 10 requests)
[22:04:24] [61/458] ASSL
[22:04:26] [62/458] CMVB
[22:04:27] [63/458] VPUR
[22:04:28] [64/458] JJDA
[22:04:29] [65/458] INBL
[22:04:30] [66/458] BIKB
[22:04:31] [67/458] NTBB
[22:04:32] [68/458] GLOB
[22:04:33] [69/458] SNTB
[22:04:34] [70/458] CHGV
[22:04:34] 🔄 Identity reset
[22:04:34] 🔄 Identity rotated (every 10 requests)
[22:04:35] [71/458] SSBZ
[22:04:36] [72/458] PRDB
[22:04:37] [73/458] ISMT
[22:04:39] [74/458] MCSD
[22:04:40] [75/458] JBTT
[22:04:41] [76/458] GEKR
[22:04:42] [77/458] PVUN
[22:04:43] [78/458] NRTB
[22:04:44] [79/458] PRAA
[22:04:45] [80/458] PCBL
[22:04:45] 🔄 Identity reset
[22:04:45] 🔄 Identity rotated (every 10 requests)
[22:04:45] [81/458] PTCM
[22:04:47] [82/458] KHNN
[22:04:49] [83/458] OMJE
[22:04:50] [84/458] STGN
[22:04:51] [85/458] RPMS
[22:04:51] [86/458] NWAD
[22:04:52] [87/458] BLCK
[22:04:53] [88/458] SVAA
[22:04:55] [89/458] URVM
[22:04:56] [90/458] ANTM
[22:04:56] 🔄 Identity reset
[22:04:56] 🔄 Identity rotated (every 10 requests)
[22:04:57] [91/458] VJYM
[22:04:59] [92/458] MAZZ
[22:05:00] [93/458] CSHM
[22:05:01] [94/458] WGMH
[22:05:01] [95/458] SALN
[22:05:02] [96/458] BRTP
[22:05:03] [97/458] SVTA
[22:05:04] [98/458] SBTP
[22:05:05] [99/458] VLSS
[22:05:06] [100/458] SRJA
[22:05:06] 🔄 Identity reset
[22:05:06] 🔄 Identity rotated (every 10 requests)
[22:05:07] [101/458] ANCG
[22:05:08] [102/458] CGGC
[22:05:10] [103/458] CRJA
[22:05:11] [104/458] USCR
[22:05:12] [105/458] MMEF
[22:05:13] [106/458] JCRJ
[22:05:14] [107/458] ADCM
[22:05:15] [108/458] BMYK
[22:05:17] [109/458] KICS
[22:05:17] [110/458] MBBT
[22:05:17] 🔄 Identity reset
[22:05:17] 🔄 Identity rotated (every 10 requests)
[22:05:18] [111/458] MACK
[22:05:20] [112/458] CLDR
[22:05:21] [113/458] JYCR
[22:05:22] [114/458] DCRP
[22:05:23] [115/458] RAHT
[22:05:24] [116/458] CSSM
[22:05:24] [117/458] ATPK
[22:05:25] [118/458] KLRT
[22:05:26] [119/458] SRDD
[22:05:27] [120/458] CKMC
[22:05:27] 🔄 Identity reset
[22:05:27] 🔄 Identity rotated (every 10 requests)
[22:05:28] [121/458] KRVM
[22:05:29] [122/458] AKCP
[22:05:30] [123/458] CNCV
[22:05:31] [124/458] PACT
[22:05:32] [125/458] NATP
[22:05:33] [126/458] PCPK
[22:05:34] [127/458] SMHO
[22:05:36] [128/458] CWTK
[22:05:36] [129/458] RVKZ
[22:05:37] [130/458] ASPD
[22:05:37] 🔄 Identity reset
[22:05:37] 🔄 Identity rotated (every 10 requests)
[22:05:38] [131/458] VTKZ
[22:05:39] [132/458] LCSO
[22:05:40] [133/458] PRDY
[22:05:41] [134/458] RCAP
[22:05:42] [135/458] RGAR
[22:05:43] [136/458] RCAC
[22:05:44] [137/458] PMOD
[22:05:45] [138/458] PVCN
[22:05:45] [139/458] SCRZ
[22:05:46] [140/458] PVPC
[22:05:46] 🔄 Identity reset
[22:05:46] 🔄 Identity rotated (every 10 requests)
[22:05:48] [141/458] STID
[22:05:49] [142/458] NEDD
[22:05:50] [143/458] BNBA
[22:05:51] [144/458] NTCD
[22:05:52] [145/458] OCDE
[22:05:53] [146/458] CCDU
[22:05:54] [147/458] CRXH
[22:05:55] [148/458] VLVT
[22:05:56] [149/458] CICI
[22:05:57] [150/458] SUCB
[22:05:57] 🔄 Identity reset
[22:05:57] 🔄 Identity rotated (every 10 requests)
[22:05:58] [151/458] TCBP
[22:05:59] [152/458] SCCY
[22:06:00] [153/458] LXCY
[22:06:00] [154/458] NCMD
[22:06:02] [155/458] PHCS
[22:06:03] [156/458] DUXR
[22:06:04] [157/458] VNKS
[22:06:05] [158/458] SEDP
[22:06:06] [159/458] SVEN
[22:06:06] [160/458] SRKM
[22:06:06] 🔄 Identity reset
[22:06:06] 🔄 Identity rotated (every 10 requests)
[22:06:07] [161/458] JTLT
[22:06:08] [162/458] SVSS
[22:06:10] [163/458] AMDE
[22:06:11] [164/458] WVRN
[22:06:12] [165/458] ISMG
[22:06:13] [166/458] WVKS
[22:06:13] [167/458] USCG
[22:06:15] [168/458] IOTG
[22:06:16] [169/458] RRJM
[22:06:17] [170/458] EDMP
[22:06:17] 🔄 Identity reset
[22:06:17] 🔄 Identity rotated (every 10 requests)
[22:06:18] [171/458] SCGZ
[22:06:19] [172/458] GMGX
[22:06:20] [173/458] OMTP
[22:06:21] [174/458] MITD
[22:06:22] [175/458] SMMD
[22:06:22] [176/458] STML
[22:06:23] [177/458] MCFS
[22:06:24] [178/458] FPKA
[22:06:25] [179/458] OMLR
[22:06:26] [180/458] KKSC
[22:06:26] 🔄 Identity reset
[22:06:26] 🔄 Identity rotated (every 10 requests)
[22:06:28] [181/458] RVMA
[22:06:29] [182/458] SCLL
[22:06:30] [183/458] SCDK
[22:06:31] [184/458] SXMI
[22:06:32] [185/458] SHDN
[22:06:33] [186/458] PAAD
[22:06:34] [187/458] UUCB
[22:06:35] [188/458] JHOL
[22:06:36] [189/458] SGWT
[22:06:37] [190/458] SRII
[22:06:37] 🔄 Identity reset
[22:06:37] 🔄 Identity rotated (every 10 requests)
[22:06:38] [191/458] SGCK
[22:06:39] [192/458] SVVB
[22:06:40] [193/458] DMHA
[22:06:41] [194/458] PPNL
[22:06:42] [195/458] CPNL
[22:06:42] [196/458] WVLD
[22:06:43] [197/458] PSLV
[22:06:45] [198/458] VTTL
[22:06:46] [199/458] NPAD
[22:06:47] [200/458] PVCS
[22:06:47] 🔄 Identity reset
[22:06:47] 🔄 Identity rotated (every 10 requests)
[22:06:48] [201/458] MCHL
[22:06:49] [202/458] PPLL
[22:06:50] [203/458] MALO
[22:06:51] [204/458] SWBH
[22:06:52] [205/458] PUGB
[22:06:53] [206/458] INBB
[22:06:53] [207/458] INNS
[22:06:54] [208/458] MCPT
[22:06:55] [209/458] SCMI
[22:06:56] [210/458] OCON
[22:06:56] 🔄 Identity reset
[22:06:56] 🔄 Identity rotated (every 10 requests)
[22:06:57] [211/458] SCSM
[22:06:58] [212/458] RJVN
[22:06:59] [213/458] AMDK
[22:07:00] [214/458] ISMR
[22:07:01] [215/458] SMTD
[22:07:02] [216/458] VTDD
[22:07:02] [217/458] PDDZ
[22:07:03] [218/458] PCCK
[22:07:05] [219/458] INAM
[22:07:06] [220/458] FNKT
[22:07:06] 🔄 Identity reset
[22:07:06] 🔄 Identity rotated (every 10 requests)
[22:07:07] [221/458] GDKA
[22:07:07] [222/458] MAYU
[22:07:09] [223/458] TCGU
[22:07:10] [224/458] KDCA
[22:07:11] [225/458] DOMY
[22:07:12] [226/458] PDDD
[22:07:13] [227/458] BJTS
[22:07:14] [228/458] VTCA
[22:07:15] [229/458] SBTM
[22:07:16] [230/458] SEET
[22:07:16] 🔄 Identity reset
[22:07:16] 🔄 Identity rotated (every 10 requests)
[22:07:17] [231/458] SSTJ
[22:07:18] [232/458] SVNT
[22:07:20] [233/458] PPPR
[22:07:21] [234/458] PVYS
[22:07:22] [235/458] IOSE
[22:07:22] [236/458] ACTV
[22:07:23] [237/458] APVE
[22:07:24] [238/458] TCCL
[22:07:25] [239/458] SCMO
[22:07:26] [240/458] SAUM
[22:07:26] 🔄 Identity reset
[22:07:26] 🔄 Identity rotated (every 10 requests)
[22:07:27] [241/458] KCJS
[22:07:28] [242/458] NJCJ
[22:07:29] [243/458] NECF
[22:07:30] [244/458] CCGW
[22:07:31] [245/458] CCMG
[22:07:32] [246/458] NYRG
[22:07:33] [247/458] NCSQ
[22:07:35] [248/458] GRCG
[22:07:35] [249/458] CCBT
[22:07:37] [250/458] ACGA
[22:07:37] 🔄 Identity reset
[22:07:37] 🔄 Identity rotated (every 10 requests)
[22:07:38] [251/458] INAG
[22:07:39] [252/458] FUCG
[22:07:40] [253/458] AICF
[22:07:41] [254/458] GRGA
[22:07:42] [255/458] GDCN
[22:07:42] [256/458] RRCG
[22:07:43] [257/458] SDCH
[22:07:44] [258/458] WVJM
[22:07:46] [259/458] JCCZ
[22:07:47] [260/458] CNCL
[22:07:47] 🔄 Identity reset
[22:07:47] 🔄 Identity rotated (every 10 requests)
[22:07:47] [261/458] TMLV
[22:07:48] [262/458] MEMB
[22:07:50] [263/458] SGTD
[22:07:51] [264/458] CONX
[22:07:52] [265/458] CCMH
[22:07:53] [266/458] ACMC
[22:07:53] [267/458] DTPD
[22:07:54] [268/458] POJA
[22:07:55] [269/458] FNBH
[22:07:56] [270/458] CGCB
[22:07:56] 🔄 Identity reset
[22:07:56] 🔄 Identity rotated (every 10 requests)
[22:07:56] 🔄 Retry 1/5 for CGCB in 2.9s
[22:07:56] 🔄 Identity reset
[22:07:59] 🧠 New identity created
[22:08:01] [271/458] RACN
[22:08:02] [272/458] JTSM
[22:08:03] [273/458] SCDN
[22:08:03] [274/458] AACK
[22:08:04] [275/458] RMCE
[22:08:05] [276/458] BSGB
[22:08:06] [277/458] MRCB
[22:08:07] [278/458] SRVR
[22:08:08] [279/458] VTKK
[22:08:08] 🔄 Identity reset
[22:08:08] 🔄 Identity rotated (every 10 requests)
[22:08:09] [280/458] AMST
[22:08:10] [281/458] APCY
[22:08:11] [282/458] LMHO
[22:08:12] [283/458] MTZH
[22:08:13] [284/458] AMZB
[22:08:14] [285/458] SUVT
[22:08:15] [286/458] RCIP
[22:08:16] [287/458] KESR
[22:08:16] [288/458] SNKC
[22:08:17] [289/458] SCED
[22:08:17] 🔄 Identity reset
[22:08:17] 🔄 Identity rotated (every 10 requests)
[22:08:18] [290/458] DVCA
[22:08:19] [291/458] VCDT
[22:08:20] [292/458] RRDI
[22:08:21] [293/458] DFCH
[22:08:22] [294/458] INSC
[22:08:22] [295/458] RGTR
[22:08:24] [296/458] FMOT
[22:08:25] [297/458] SCPM
[22:08:26] [298/458] GCDT
[22:08:27] [299/458] BRKT
[22:08:27] 🔄 Identity reset
[22:08:27] 🔄 Identity rotated (every 10 requests)
[22:08:28] [300/458] DEMP
[22:08:28] [301/458] SRLC
[22:08:29] [302/458] KSTT
[22:08:30] [303/458] SMMT
[22:08:31] [304/458] SILM
[22:08:32] [305/458] JCVM
[22:08:33] [306/458] KCSV
[22:08:34] [307/458] MHLK
[22:08:35] [308/458] SLVL
[22:08:37] [309/458] RJKP
[22:08:37] 🔄 Identity reset
[22:08:37] 🔄 Identity rotated (every 10 requests)
[22:08:38] [310/458] BBPC
[22:08:39] [311/458] MXCB
[22:08:40] [312/458] TCPK
[22:08:41] [313/458] RTBR
[22:08:41] [314/458] GAUT
[22:08:42] [315/458] DVCF
[22:08:43] [316/458] JTSB
[22:08:44] [317/458] SBLS
[22:08:45] [318/458] UDAY
[22:08:46] [319/458] PTNP
[22:08:46] 🔄 Identity reset
[22:08:46] 🔄 Identity rotated (every 10 requests)
[22:08:47] [320/458] DMKT
[22:08:48] [321/458] NTDT
[22:08:50] [322/458] SHDJ
[22:08:51] [323/458] OTNC
[22:08:52] [324/458] RNTW
[22:08:53] [325/458] GCMI
[22:08:54] [326/458] CRCM
[22:08:55] [327/458] NNCZ
[22:08:55] [328/458] OEMO
[22:08:56] [329/458] PVJM
[22:08:56] 🔄 Identity reset
[22:08:56] 🔄 Identity rotated (every 10 requests)
[22:08:57] [330/458] CPJI
[22:08:58] [331/458] RMCJ
[22:08:59] [332/458] CNWJ
[22:09:00] [333/458] EPJM
[22:09:02] [334/458] FNJJ
[22:09:02] [335/458] GCMJ
[22:09:03] [336/458] INPS
[22:09:04] [337/458] BICJ
[22:09:05] [338/458] ISTJ
[22:09:05] [339/458] INJC
[22:09:05] 🔄 Identity reset
[22:09:05] 🔄 Identity rotated (every 10 requests)
[22:09:07] [340/458] GLXJ
[22:09:08] [341/458] INEM
[22:09:09] [342/458] JTMN
[22:09:10] [343/458] FRCJ
[22:09:11] [344/458] DDJP
[22:09:12] [345/458] INJV
[22:09:13] [346/458] GOLC
[22:09:14] [347/458] KOCI
[22:09:15] [348/458] FSTD
[22:09:17] [349/458] PACJ
[22:09:17] 🔄 Identity reset
[22:09:17] 🔄 Identity rotated (every 10 requests)
[22:09:17] [350/458] GMCN
[22:09:18] [351/458] MMDJ
[22:09:19] [352/458] GODH
[22:09:20] [353/458] SKYN
[22:09:21] [354/458] NCTH
[22:09:21] [355/458] SKVZ
[22:09:22] [356/458] SVML
[22:09:23] [357/458] ACVZ
[22:09:24] [358/458] SURA
[22:09:26] [359/458] RTRB
[22:09:26] 🔄 Identity reset
[22:09:26] 🔄 Identity rotated (every 10 requests)
[22:09:27] [360/458] LLCT
[22:09:28] [361/458] ATTS
[22:09:29] [362/458] JYCM
[22:09:30] [363/458] CTKR
[22:09:31] [364/458] LCKR
[22:09:31] [365/458] NYCV
[22:09:32] [366/458] NYOH
[22:09:33] [367/458] NOVX
[22:09:33] [368/458] MRGK
[22:09:35] [369/458] MOON
[22:09:35] 🔄 Identity reset
[22:09:35] 🔄 Identity rotated (every 10 requests)
[22:09:36] [370/458] SBUC
[22:09:37] [371/458] GSVA
[22:09:38] [372/458] VIAK
[22:09:39] [373/458] SMVZ
[22:09:40] [374/458] MATE
[22:09:41] [375/458] RDCN
[22:09:42] [376/458] ASBL
[22:09:43] [377/458] ASVS
[22:09:44] [378/458] ASSR
[22:09:45] [379/458] SSKN
[22:09:45] 🔄 Identity reset
[22:09:45] 🔄 Identity rotated (every 10 requests)
[22:09:46] [380/458] DRPV
[22:09:47] [381/458] MRHT
[22:09:48] [382/458] BSCN
[22:09:49] [383/458] RKNX
[22:09:49] [384/458] MSMC
[22:09:50] [385/458] MSCJ
[22:09:50] [386/458] BTBJ
[22:09:52] [387/458] MJCC
[22:09:53] [388/458] IOMM
[22:09:54] [389/458] ADGR
[22:09:54] 🔄 Identity reset
[22:09:54] 🔄 Identity rotated (every 10 requests)
[22:09:56] [390/458] MYCP
[22:09:56] [391/458] IGCM
[22:09:57] [392/458] PGRK
[22:09:58] [393/458] VPGO
[22:09:59] [394/458] KOMS
[22:10:00] [395/458] URGG
[22:10:01] [396/458] GOST
[22:10:01] [397/458] LACT
[22:10:02] [398/458] BWCM
[22:10:03] [399/458] NCCW
[22:10:03] 🔄 Identity reset
[22:10:03] 🔄 Identity rotated (every 10 requests)
[22:10:04] [400/458] SKYC
[22:10:05] [401/458] CCPM
[22:10:06] [402/458] VCBT
[22:10:07] [403/458] SDKR
[22:10:08] [404/458] CTYB
[22:10:09] [405/458] SHCX
[22:10:10] [406/458] RCUN
[22:10:12] [407/458] CNRA
[22:10:13] [408/458] RFCA
[22:10:14] [409/458] RDCU
[22:10:14] 🔄 Identity reset
[22:10:14] 🔄 Identity rotated (every 10 requests)
[22:10:15] [410/458] SARK
[22:10:16] [411/458] SPPP
[22:10:17] [412/458] ADMB
[22:10:17] [413/458] JYOE
[22:10:18] [414/458] SRMD
[22:10:20] [415/458] RJDH
[22:10:20] [416/458] SSTD
[22:10:21] [417/458] AACV
[22:10:23] [418/458] PPVD
[22:10:24] [419/458] STCP
[22:10:24] 🔄 Identity reset
[22:10:24] 🔄 Identity rotated (every 10 requests)
[22:10:24] [420/458] ANLS
[22:10:26] [421/458] BIJO
[22:10:27] [422/458] AVAB
[22:10:27] [423/458] SPMD
[22:10:28] [424/458] SVJL
[22:10:29] [425/458] SDDJ
[22:10:30] [426/458] SLTU
[22:10:31] [427/458] SAKA
[22:10:31] [428/458] PMAM
[22:10:32] [429/458] FNAM
[22:10:32] 🔄 Identity reset
[22:10:32] 🔄 Identity rotated (every 10 requests)
[22:10:33] [430/458] ACAM
[22:10:34] [431/458] SCMM
[22:10:35] [432/458] PMAK
[22:10:35] [433/458] NYSA
[22:10:36] [434/458] FCPA
[22:10:37] [435/458] GDAN
[22:10:38] [436/458] RSCA
[22:10:39] [437/458] DMAN
[22:10:39] [438/458] DZCM
[22:10:40] [439/458] NSGL
[22:10:40] 🔄 Identity reset
[22:10:41] 🔄 Identity rotated (every 10 requests)
[22:10:41] [440/458] CCPP
[22:10:42] [441/458] PSMG
[22:10:43] [442/458] GSER
[22:10:44] [443/458] FCCT
[22:10:45] [444/458] FCTB
[22:10:47] [445/458] LCNK
[22:10:48] [446/458] SKTY
[22:10:49] [447/458] INAA
[22:10:50] [448/458] RCWN
[22:10:51] [449/458] VAIS
[22:10:51] 🔄 Identity reset
[22:10:51] 🔄 Identity rotated (every 10 requests)
[22:10:51] [450/458] CVMN
[22:10:52] [451/458] INTS
[22:10:53] [452/458] FRGS
[22:10:54] [453/458] DTCK
[22:10:55] [454/458] MCMH
[22:10:56] [455/458] ECRR
[22:10:57] [456/458] RLLP
[22:10:57] [457/458] CCSN
[22:10:58] [458/458] CCBA
[22:10:59] 🧹 Deduping shows
[22:10:59] ✅ DONE | Shows=3462 | Movies=67
[23:31:57] 🚀 SCRIPT STARTED
[23:31:57] [1/458] MBDC
[23:31:57] 🧠 New identity created
[23:31:58] [2/458] CHKM
[23:31:58] [3/458] JTKZ
[23:31:59] [4/458] CMCT
[23:32:00] [5/458] ASHO
[23:32:00] [6/458] ECDG
[23:32:01] [7/458] SPAT
[23:32:01] [8/458] HILC
[23:32:02] [9/458] SPPH
[23:32:03] [10/458] SBHN
[23:32:03] 🔄 Identity reset
[23:32:03] 🔄 Identity rotated (every 10 requests)
[23:32:03] [11/458] RRCA
[23:32:04] [12/458] APAA
[23:32:05] [13/458] RAME
[23:32:06] [14/458] TMMS
[23:32:06] [15/458] BATK
[23:32:07] [16/458] LKOP
[23:32:08] [17/458] AMTT
[23:32:09] [18/458] PTGK
[23:32:09] [19/458] ANRS
[23:32:10] [20/458] VWBW
[23:32:10] 🔄 Identity reset
[23:32:10] 🔄 Identity rotated (every 10 requests)
[23:32:11] [21/458] SVFG
[23:32:12] [22/458] STAT
[23:32:12] [23/458] GDCV
[23:32:13] [24/458] VEBI
[23:32:14] [25/458] VDSS
[23:32:14] [26/458] NTHV
[23:32:15] [27/458] AOCH
[23:32:15] [28/458] KASR
[23:32:16] [29/458] AYCS
[23:32:17] [30/458] SHAI
[23:32:17] 🔄 Identity reset
[23:32:17] 🔄 Identity rotated (every 10 requests)
[23:32:17] [31/458] SKPE
[23:32:18] [32/458] SBTA
[23:32:19] [33/458] RTTD
[23:32:19] [34/458] CCJD
[23:32:20] [35/458] RSJJ
[23:32:20] [36/458] RKND
[23:32:21] [37/458] SVTX
[23:32:22] [38/458] BAKM
[23:32:22] [39/458] SVDC
[23:32:23] [40/458] MNCV
[23:32:23] 🔄 Identity reset
[23:32:23] 🔄 Identity rotated (every 10 requests)
[23:32:23] 🔄 Retry 1/5 for MNCV in 2.2s
[23:32:23] 🔄 Identity reset
[23:32:25] 🧠 New identity created
[23:32:26] [41/458] SJGC
[23:32:26] [42/458] MTPK
[23:32:27] [43/458] GATP
[23:32:28] [44/458] ABTS
[23:32:28] [45/458] ABDE
[23:32:29] [46/458] RCNM
[23:32:30] [47/458] KTHV
[23:32:30] [48/458] MDGJ
[23:32:31] [49/458] SMLM
[23:32:31] 🔄 Identity reset
[23:32:31] 🔄 Identity rotated (every 10 requests)
[23:32:31] 🔄 Retry 1/5 for SMLM in 2.8s
[23:32:31] 🔄 Identity reset
[23:32:34] 🧠 New identity created
[23:32:35] [50/458] JTMA
[23:32:35] [51/458] ACKP
[23:32:36] [52/458] SRTA
[23:32:37] [53/458] STAY
[23:32:37] [54/458] MAVO
[23:32:38] [55/458] APTS
[23:32:38] [56/458] OMEA
[23:32:39] [57/458] TTFD
[23:32:40] [58/458] MJCU
[23:32:40] 🔄 Identity reset
[23:32:40] 🔄 Identity rotated (every 10 requests)
[23:32:40] [59/458] CXTE
[23:32:41] [60/458] CTPX
[23:32:42] [61/458] ASSL
[23:32:42] [62/458] CMVB
[23:32:43] [63/458] VPUR
[23:32:44] [64/458] JJDA
[23:32:44] [65/458] INBL
[23:32:45] [66/458] BIKB
[23:32:46] [67/458] NTBB
[23:32:46] [68/458] GLOB
[23:32:46] 🔄 Identity reset
[23:32:47] 🔄 Identity rotated (every 10 requests)
[23:32:47] [69/458] SNTB
[23:32:48] [70/458] CHGV
[23:32:49] [71/458] SSBZ
[23:32:49] [72/458] PRDB
[23:32:50] [73/458] ISMT
[23:32:50] [74/458] MCSD
[23:32:51] [75/458] JBTT
[23:32:52] [76/458] GEKR
[23:32:52] [77/458] PVUN
[23:32:53] [78/458] NRTB
[23:32:53] 🔄 Identity reset
[23:32:53] 🔄 Identity rotated (every 10 requests)
[23:32:54] [79/458] PRAA
[23:32:54] [80/458] PCBL
[23:32:55] [81/458] PTCM
[23:32:56] [82/458] KHNN
[23:32:56] [83/458] OMJE
[23:32:57] [84/458] STGN
[23:32:57] [85/458] RPMS
[23:32:58] [86/458] NWAD
[23:32:59] [87/458] BLCK
[23:32:59] [88/458] SVAA
[23:32:59] 🔄 Identity reset
[23:32:59] 🔄 Identity rotated (every 10 requests)
[23:32:59] 🔄 Retry 1/5 for SVAA in 2.6s
[23:32:59] 🔄 Identity reset
[23:33:02] 🧠 New identity created
[23:33:03] [89/458] URVM
[23:33:04] [90/458] ANTM
[23:33:04] [91/458] VJYM
[23:33:05] [92/458] MAZZ
[23:33:06] [93/458] CSHM
[23:33:06] [94/458] WGMH
[23:33:07] [95/458] SALN
[23:33:08] [96/458] BRTP
[23:33:09] [97/458] SVTA
[23:33:09] 🔄 Identity reset
[23:33:09] 🔄 Identity rotated (every 10 requests)
[23:33:09] 🔄 Retry 1/5 for SVTA in 2.3s
[23:33:09] 🔄 Identity reset
[23:33:11] 🧠 New identity created
[23:33:12] [98/458] SBTP
[23:33:12] [99/458] VLSS
[23:33:13] [100/458] SRJA
[23:33:14] [101/458] ANCG
[23:33:14] [102/458] CGGC
[23:33:15] [103/458] CRJA
[23:33:15] [104/458] USCR
[23:33:16] [105/458] MMEF
[23:33:17] [106/458] JCRJ
[23:33:17] 🔄 Identity reset
[23:33:17] 🔄 Identity rotated (every 10 requests)
[23:33:17] [107/458] ADCM
[23:33:18] [108/458] BMYK
[23:33:19] [109/458] KICS
[23:33:19] [110/458] MBBT
[23:33:20] [111/458] MACK
[23:33:21] [112/458] CLDR
[23:33:22] [113/458] JYCR
[23:33:22] [114/458] DCRP
[23:33:23] [115/458] RAHT
[23:33:24] [116/458] CSSM
[23:33:24] 🔄 Identity reset
[23:33:24] 🔄 Identity rotated (every 10 requests)
[23:33:24] 🔄 Retry 1/5 for CSSM in 2.3s
[23:33:24] 🔄 Identity reset
[23:33:26] 🧠 New identity created
[23:33:27] [117/458] ATPK
[23:33:27] [118/458] KLRT
[23:33:28] [119/458] SRDD
[23:33:29] [120/458] CKMC
[23:33:29] [121/458] KRVM
[23:33:30] [122/458] AKCP
[23:33:31] [123/458] CNCV
[23:33:32] [124/458] PACT
[23:33:32] [125/458] NATP
[23:33:32] 🔄 Identity reset
[23:33:32] 🔄 Identity rotated (every 10 requests)
[23:33:33] [126/458] PCPK
[23:33:33] [127/458] SMHO
[23:33:34] [128/458] CWTK
[23:33:34] [129/458] RVKZ
[23:33:35] [130/458] ASPD
[23:33:36] [131/458] VTKZ
[23:33:36] [132/458] LCSO
[23:33:37] [133/458] PRDY
[23:33:38] [134/458] RCAP
[23:33:39] [135/458] RGAR
[23:33:39] 🔄 Identity reset
[23:33:39] 🔄 Identity rotated (every 10 requests)
[23:33:39] 🔄 Retry 1/5 for RGAR in 2.1s
[23:33:39] 🔄 Identity reset
[23:33:41] 🧠 New identity created
[23:33:41] [136/458] RCAC
[23:33:42] [137/458] PMOD
[23:33:43] [138/458] PVCN
[23:33:44] [139/458] SCRZ
[23:33:44] [140/458] PVPC
[23:33:45] [141/458] STID
[23:33:45] [142/458] NEDD
[23:33:46] [143/458] BNBA
[23:33:47] [144/458] NTCD
[23:33:47] 🔄 Identity reset
[23:33:47] 🔄 Identity rotated (every 10 requests)
[23:33:47] [145/458] OCDE
[23:33:48] [146/458] CCDU
[23:33:49] [147/458] CRXH
[23:33:49] [148/458] VLVT
[23:33:50] [149/458] CICI
[23:33:51] [150/458] SUCB
[23:33:51] [151/458] TCBP
[23:33:52] [152/458] SCCY
[23:33:52] [153/458] LXCY
[23:33:53] [154/458] NCMD
[23:33:53] 🔄 Identity reset
[23:33:53] 🔄 Identity rotated (every 10 requests)
[23:33:54] [155/458] PHCS
[23:33:54] [156/458] DUXR
[23:33:55] [157/458] VNKS
[23:33:56] [158/458] SEDP
[23:33:56] [159/458] SVEN
[23:33:57] [160/458] SRKM
[23:33:58] [161/458] JTLT
[23:33:58] [162/458] SVSS
[23:33:59] [163/458] AMDE
[23:33:59] [164/458] WVRN
[23:33:59] 🔄 Identity reset
[23:33:59] 🔄 Identity rotated (every 10 requests)
[23:34:00] 🔄 Retry 1/5 for WVRN in 2.2s
[23:34:00] 🔄 Identity reset
[23:34:02] 🧠 New identity created
[23:34:02] 🔄 Retry 2/5 for WVRN in 4.0s
[23:34:02] 🔄 Identity reset
[23:34:06] 🧠 New identity created
[23:34:06] [165/458] ISMG
[23:34:07] [166/458] WVKS
[23:34:08] [167/458] USCG
[23:34:09] [168/458] IOTG
[23:34:09] [169/458] RRJM
[23:34:10] [170/458] EDMP
[23:34:11] [171/458] SCGZ
[23:34:11] [172/458] GMGX
[23:34:11] 🔄 Identity reset
[23:34:11] 🔄 Identity rotated (every 10 requests)
[23:34:11] 🔄 Retry 1/5 for GMGX in 2.3s
[23:34:11] 🔄 Identity reset
[23:34:14] 🧠 New identity created
[23:34:14] [173/458] OMTP
[23:34:15] [174/458] MITD
[23:34:16] [175/458] SMMD
[23:34:17] [176/458] STML
[23:34:17] [177/458] MCFS
[23:34:18] [178/458] FPKA
[23:34:19] [179/458] OMLR
[23:34:19] [180/458] KKSC
[23:34:20] [181/458] RVMA
[23:34:20] 🔄 Identity reset
[23:34:20] 🔄 Identity rotated (every 10 requests)
[23:34:21] [182/458] SCLL
[23:34:21] [183/458] SCDK
[23:34:22] [184/458] SXMI
[23:34:23] [185/458] SHDN
[23:34:23] [186/458] PAAD
[23:34:24] [187/458] UUCB
[23:34:25] [188/458] JHOL
[23:34:25] [189/458] SGWT
[23:34:26] [190/458] SRII
[23:34:27] [191/458] SGCK
[23:34:27] 🔄 Identity reset
[23:34:27] 🔄 Identity rotated (every 10 requests)
[23:34:27] [192/458] SVVB
[23:34:28] [193/458] DMHA
[23:34:29] [194/458] PPNL
[23:34:29] [195/458] CPNL
[23:34:30] [196/458] WVLD
[23:34:30] [197/458] PSLV
[23:34:31] [198/458] VTTL
[23:34:32] [199/458] NPAD
[23:34:32] [200/458] PVCS
[23:34:33] [201/458] MCHL
[23:34:33] 🔄 Identity reset
[23:34:33] 🔄 Identity rotated (every 10 requests)
[23:34:33] 🔄 Retry 1/5 for MCHL in 3.0s
[23:34:33] 🔄 Identity reset
[23:34:36] 🧠 New identity created
[23:34:37] [202/458] PPLL
[23:34:37] [203/458] MALO
[23:34:38] [204/458] SWBH
[23:34:39] [205/458] PUGB
[23:34:39] [206/458] INBB
[23:34:40] [207/458] INNS
[23:34:41] [208/458] MCPT
[23:34:41] [209/458] SCMI
[23:34:42] [210/458] OCON
[23:34:42] 🔄 Identity reset
[23:34:42] 🔄 Identity rotated (every 10 requests)
[23:34:42] 🔄 Retry 1/5 for OCON in 2.8s
[23:34:42] 🔄 Identity reset
[23:34:45] 🧠 New identity created
[23:34:46] [211/458] SCSM
[23:34:47] [212/458] RJVN
[23:34:47] [213/458] AMDK
[23:34:48] [214/458] ISMR
[23:34:48] [215/458] SMTD
[23:34:49] [216/458] VTDD
[23:34:50] [217/458] PDDZ
[23:34:50] [218/458] PCCK
[23:34:51] [219/458] INAM
[23:34:51] 🔄 Identity reset
[23:34:51] 🔄 Identity rotated (every 10 requests)
[23:34:51] 🔄 Retry 1/5 for INAM in 2.7s
[23:34:51] 🔄 Identity reset
[23:34:54] 🧠 New identity created
[23:34:55] [220/458] FNKT
[23:34:55] [221/458] GDKA
[23:34:56] [222/458] MAYU
[23:34:57] [223/458] TCGU
[23:34:58] [224/458] KDCA
[23:34:58] [225/458] DOMY
[23:34:59] [226/458] PDDD
[23:35:00] [227/458] BJTS
[23:35:00] [228/458] VTCA
[23:35:00] 🔄 Identity reset
[23:35:00] 🔄 Identity rotated (every 10 requests)
[23:35:00] 🔄 Retry 1/5 for VTCA in 2.3s
[23:35:00] 🔄 Identity reset
[23:35:03] 🧠 New identity created
[23:35:03] 🔄 Retry 2/5 for VTCA in 4.7s
[23:35:03] 🔄 Identity reset
[23:35:08] 🧠 New identity created
[23:35:08] [229/458] SBTM
[23:35:09] [230/458] SEET
[23:35:10] [231/458] SSTJ
[23:35:10] [232/458] SVNT
[23:35:11] [233/458] PPPR
[23:35:12] [234/458] PVYS
[23:35:13] [235/458] IOSE
[23:35:13] [236/458] ACTV
[23:35:13] 🔄 Identity reset
[23:35:13] 🔄 Identity rotated (every 10 requests)
[23:35:14] [237/458] APVE
[23:35:15] [238/458] TCCL
[23:35:15] [239/458] SCMO
[23:35:16] [240/458] SAUM
[23:35:16] [241/458] KCJS
[23:35:17] [242/458] NJCJ
[23:35:18] [243/458] NECF
[23:35:19] [244/458] CCGW
[23:35:19] [245/458] CCMG
[23:35:20] [246/458] NYRG
[23:35:20] 🔄 Identity reset
[23:35:20] 🔄 Identity rotated (every 10 requests)
[23:35:21] [247/458] NCSQ
[23:35:21] [248/458] GRCG
[23:35:22] [249/458] CCBT
[23:35:22] [250/458] ACGA
[23:35:23] [251/458] INAG
[23:35:24] [252/458] FUCG
[23:35:24] [253/458] AICF
[23:35:26] [254/458] GRGA
[23:35:27] [255/458] GDCN
[23:35:27] [256/458] RRCG
[23:35:27] 🔄 Identity reset
[23:35:27] 🔄 Identity rotated (every 10 requests)
[23:35:28] [257/458] SDCH
[23:35:29] [258/458] WVJM
[23:35:29] [259/458] JCCZ
[23:35:30] [260/458] CNCL
[23:35:31] [261/458] TMLV
[23:35:32] [262/458] MEMB
[23:35:32] [263/458] SGTD
[23:35:33] [264/458] CONX
[23:35:34] [265/458] CCMH
[23:35:34] [266/458] ACMC
[23:35:34] 🔄 Identity reset
[23:35:34] 🔄 Identity rotated (every 10 requests)
[23:35:35] [267/458] DTPD
[23:35:36] [268/458] POJA
[23:35:37] [269/458] FNBH
[23:35:37] [270/458] CGCB
[23:35:38] [271/458] RACN
[23:35:39] [272/458] JTSM
[23:35:39] [273/458] SCDN
[23:35:40] [274/458] AACK
[23:35:42] [275/458] RMCE
[23:35:42] [276/458] BSGB
[23:35:42] 🔄 Identity reset
[23:35:42] 🔄 Identity rotated (every 10 requests)
[23:35:43] [277/458] MRCB
[23:35:44] [278/458] SRVR
[23:35:44] [279/458] VTKK
[23:35:45] [280/458] AMST
[23:35:47] [281/458] APCY
[23:35:48] [282/458] LMHO
[23:35:49] [283/458] MTZH
[23:35:49] [284/458] AMZB
[23:35:50] [285/458] SUVT
[23:35:51] [286/458] RCIP
[23:35:51] 🔄 Identity reset
[23:35:51] 🔄 Identity rotated (every 10 requests)
[23:35:51] 🔄 Retry 1/5 for RCIP in 2.9s
[23:35:51] 🔄 Identity reset
[23:35:54] 🧠 New identity created
[23:35:55] [287/458] KESR
[23:35:55] [288/458] SNKC
[23:35:56] [289/458] SCED
[23:35:56] [290/458] DVCA
[23:35:57] [291/458] VCDT
[23:35:58] [292/458] RRDI
[23:35:58] [293/458] DFCH
[23:35:59] [294/458] INSC
[23:35:59] [295/458] RGTR
[23:35:59] 🔄 Identity reset
[23:35:59] 🔄 Identity rotated (every 10 requests)
[23:36:00] [296/458] FMOT
[23:36:00] [297/458] SCPM
[23:36:01] [298/458] GCDT
[23:36:02] [299/458] BRKT
[23:36:02] [300/458] DEMP
[23:36:03] [301/458] SRLC
[23:36:04] [302/458] KSTT
[23:36:04] [303/458] SMMT
[23:36:05] [304/458] SILM
[23:36:06] [305/458] JCVM
[23:36:06] 🔄 Identity reset
[23:36:06] 🔄 Identity rotated (every 10 requests)
[23:36:06] [306/458] KCSV
[23:36:07] [307/458] MHLK
[23:36:07] [308/458] SLVL
[23:36:08] [309/458] RJKP
[23:36:09] [310/458] BBPC
[23:36:10] [311/458] MXCB
[23:36:10] [312/458] TCPK
[23:36:11] [313/458] RTBR
[23:36:11] [314/458] GAUT
[23:36:12] [315/458] DVCF
[23:36:12] 🔄 Identity reset
[23:36:12] 🔄 Identity rotated (every 10 requests)
[23:36:12] 🔄 Retry 1/5 for DVCF in 2.4s
[23:36:12] 🔄 Identity reset
[23:36:14] 🧠 New identity created
[23:36:15] [316/458] JTSB
[23:36:16] [317/458] SBLS
[23:36:17] [318/458] UDAY
[23:36:17] [319/458] PTNP
[23:36:18] [320/458] DMKT
[23:36:19] [321/458] NTDT
[23:36:19] [322/458] SHDJ
[23:36:20] [323/458] OTNC
[23:36:21] [324/458] RNTW
[23:36:21] 🔄 Identity reset
[23:36:21] 🔄 Identity rotated (every 10 requests)
[23:36:21] 🔄 Retry 1/5 for RNTW in 2.5s
[23:36:21] 🔄 Identity reset
[23:36:23] 🧠 New identity created
[23:36:24] [325/458] GCMI
[23:36:25] [326/458] CRCM
[23:36:27] [327/458] NNCZ
[23:36:27] [328/458] OEMO
[23:36:28] [329/458] PVJM
[23:36:29] [330/458] CPJI
[23:36:29] [331/458] RMCJ
[23:36:30] [332/458] CNWJ
[23:36:31] [333/458] EPJM
[23:36:31] 🔄 Identity reset
[23:36:31] 🔄 Identity rotated (every 10 requests)
[23:36:31] [334/458] FNJJ
[23:36:32] [335/458] GCMJ
[23:36:33] [336/458] INPS
[23:36:33] [337/458] BICJ
[23:36:34] [338/458] ISTJ
[23:36:35] [339/458] INJC
[23:36:35] [340/458] GLXJ
[23:36:36] [341/458] INEM
[23:36:37] [342/458] JTMN
[23:36:37] [343/458] FRCJ
[23:36:37] 🔄 Identity reset
[23:36:37] 🔄 Identity rotated (every 10 requests)
[23:36:38] [344/458] DDJP
[23:36:39] [345/458] INJV
[23:36:40] [346/458] GOLC
[23:36:40] [347/458] KOCI
[23:36:41] [348/458] FSTD
[23:36:42] [349/458] PACJ
[23:36:43] [350/458] GMCN
[23:36:44] [351/458] MMDJ
[23:36:44] [352/458] GODH
[23:36:46] [353/458] SKYN
[23:36:46] 🔄 Identity reset
[23:36:46] 🔄 Identity rotated (every 10 requests)
[23:36:46] [354/458] NCTH
[23:36:47] [355/458] SKVZ
[23:36:48] [356/458] SVML
[23:36:49] [357/458] ACVZ
[23:36:49] [358/458] SURA
[23:36:50] [359/458] RTRB
[23:36:51] [360/458] LLCT
[23:36:51] [361/458] ATTS
[23:36:52] [362/458] JYCM
[23:36:53] [363/458] CTKR
[23:36:53] 🔄 Identity reset
[23:36:53] 🔄 Identity rotated (every 10 requests)
[23:36:54] [364/458] LCKR
[23:36:55] [365/458] NYCV
[23:36:56] [366/458] NYOH
[23:36:56] [367/458] NOVX
[23:36:57] [368/458] MRGK
[23:36:57] [369/458] MOON
[23:36:58] [370/458] SBUC
[23:36:59] [371/458] GSVA
[23:37:00] [372/458] VIAK
[23:37:01] [373/458] SMVZ
[23:37:01] 🔄 Identity reset
[23:37:01] 🔄 Identity rotated (every 10 requests)
[23:37:02] [374/458] MATE
[23:37:03] [375/458] RDCN
[23:37:03] [376/458] ASBL
[23:37:04] [377/458] ASVS
[23:37:05] [378/458] ASSR
[23:37:06] [379/458] SSKN
[23:37:06] [380/458] DRPV
[23:37:07] [381/458] MRHT
[23:37:08] [382/458] BSCN
[23:37:09] [383/458] RKNX
[23:37:09] 🔄 Identity reset
[23:37:09] 🔄 Identity rotated (every 10 requests)
[23:37:10] [384/458] MSMC
[23:37:10] [385/458] MSCJ
[23:37:11] [386/458] BTBJ
[23:37:12] [387/458] MJCC
[23:37:13] [388/458] IOMM
[23:37:13] [389/458] ADGR
[23:37:14] [390/458] MYCP
[23:37:15] [391/458] IGCM
[23:37:17] [392/458] PGRK
[23:37:17] [393/458] VPGO
[23:37:17] 🔄 Identity reset
[23:37:17] 🔄 Identity rotated (every 10 requests)
[23:37:18] [394/458] KOMS
[23:37:19] [395/458] URGG
[23:37:20] [396/458] GOST
[23:37:20] [397/458] LACT
[23:37:21] [398/458] BWCM
[23:37:22] [399/458] NCCW
[23:37:22] [400/458] SKYC
[23:37:23] [401/458] CCPM
[23:37:24] [402/458] VCBT
[23:37:24] [403/458] SDKR
[23:37:24] 🔄 Identity reset
[23:37:24] 🔄 Identity rotated (every 10 requests)
[23:37:24] 🔄 Retry 1/5 for SDKR in 2.7s
[23:37:24] 🔄 Identity reset
[23:37:27] 🧠 New identity created
[23:37:27] 🔄 Retry 2/5 for SDKR in 4.0s
[23:37:27] 🔄 Identity reset
[23:37:31] 🧠 New identity created
[23:37:32] [404/458] CTYB
[23:37:32] [405/458] SHCX
[23:37:33] [406/458] RCUN
[23:37:34] [407/458] CNRA
[23:37:34] [408/458] RFCA
[23:37:35] [409/458] RDCU
[23:37:35] [410/458] SARK
[23:37:36] [411/458] SPPP
[23:37:36] 🔄 Identity reset
[23:37:36] 🔄 Identity rotated (every 10 requests)
[23:37:37] [412/458] ADMB
[23:37:38] [413/458] JYOE
[23:37:38] [414/458] SRMD
[23:37:39] [415/458] RJDH
[23:37:39] [416/458] SSTD
[23:37:40] [417/458] AACV
[23:37:41] [418/458] PPVD
[23:37:41] [419/458] STCP
[23:37:42] [420/458] ANLS
[23:37:43] [421/458] BIJO
[23:37:43] 🔄 Identity reset
[23:37:43] 🔄 Identity rotated (every 10 requests)
[23:37:44] [422/458] AVAB
[23:37:45] [423/458] SPMD
[23:37:46] [424/458] SVJL
[23:37:47] [425/458] SDDJ
[23:37:47] [426/458] SLTU
[23:37:48] [427/458] SAKA
[23:37:49] [428/458] PMAM
[23:37:49] [429/458] FNAM
[23:37:50] [430/458] ACAM
[23:37:51] [431/458] SCMM
[23:37:51] 🔄 Identity reset
[23:37:51] 🔄 Identity rotated (every 10 requests)
[23:37:51] [432/458] PMAK
[23:37:52] [433/458] NYSA
[23:37:53] [434/458] FCPA
[23:37:54] [435/458] GDAN
[23:37:55] [436/458] RSCA
[23:37:55] [437/458] DMAN
[23:37:56] [438/458] DZCM
[23:37:57] [439/458] NSGL
[23:37:58] [440/458] CCPP
[23:38:00] [441/458] PSMG
[23:38:00] 🔄 Identity reset
[23:38:00] 🔄 Identity rotated (every 10 requests)
[23:38:00] [442/458] GSER
[23:38:01] [443/458] FCCT
[23:38:02] [444/458] FCTB
[23:38:02] [445/458] LCNK
[23:38:03] [446/458] SKTY
[23:38:04] [447/458] INAA
[23:38:05] [448/458] RCWN
[23:38:05] [449/458] VAIS
[23:38:06] [450/458] CVMN
[23:38:08] [451/458] INTS
[23:38:08] 🔄 Identity reset
[23:38:08] 🔄 Identity rotated (every 10 requests)
[23:38:08] [452/458] FRGS
[23:38:09] [453/458] DTCK
[23:38:10] [454/458] MCMH
[23:38:10] [455/458] ECRR
[23:38:11] [456/458] RLLP
[23:38:12] [457/458] CCSN
[23:38:12] [458/458] CCBA
[23:38:13] 🧹 Deduping shows
[23:38:13] ✅ DONE | Shows=3481 | Movies=67
