[18:55:09] 🚀 SCRIPT STARTED (enhanced anti‑detection)
[18:55:09] [1/456] FNDB
[18:55:09] 🧠 New identity created
[18:55:10] [2/456] AMBH
[18:55:11] [3/456] PRHN
[18:55:12] [4/456] ACPM
[18:55:13] [5/456] PVFS
[18:55:14] [6/456] AACN
[18:55:15] [7/456] ACAS
[18:55:16] [8/456] CTNR
[18:55:17] [9/456] MMAH
[18:55:18] [10/456] CPMH
[18:55:18] 🔄 Identity reset
[18:55:18] 🔄 Identity rotated (every 10 requests)
[18:55:19] [11/456] IGMH
[18:55:21] [12/456] ABCS
[18:55:22] [13/456] CMMA
[18:55:22] [14/456] GPRH
[18:55:23] [15/456] PNNG
[18:55:24] [16/456] AMCA
[18:55:25] [17/456] ISTN
[18:55:26] [18/456] PIIC
[18:55:27] [19/456] AHMH
[18:55:28] [20/456] ASHN
[18:55:29] 🔄 Identity reset
[18:55:29] 🔄 Identity rotated (every 10 requests)
[18:55:29] [21/456] INHY
[18:55:30] [22/456] SRMO
[18:55:32] [23/456] PIMH
[18:55:33] [24/456] PVTS
[18:55:34] [25/456] MMCA
[18:55:35] [26/456] AKYJ
[18:55:35] [27/456] BRKH
[18:55:36] [28/456] MAHM
[18:55:37] [29/456] CPHY
[18:55:38] [30/456] PVTP
[18:55:39] 🔄 Identity reset
[18:55:39] 🔄 Identity rotated (every 10 requests)
[18:55:39] [31/456] SMMR
[18:55:40] [32/456] PVHM
[18:55:41] [33/456] SNDY
[18:55:42] [34/456] GOKU
[18:55:43] [35/456] ACEV
[18:55:44] [36/456] PVUM
[18:55:45] [37/456] VSWA
[18:55:46] [38/456] IPRS
[18:55:46] [39/456] BKMV
[18:55:48] [40/456] PVYH
[18:55:49] 🔄 Identity reset
[18:55:49] 🔄 Identity rotated (every 10 requests)
[18:55:49] 🔄 Retry 1/5 for PVYH in 2.3s
[18:55:49] 🔄 Identity reset
[18:55:51] 🧠 New identity created
[18:55:52] [41/456] INKM
[18:55:53] [42/456] ARJU
[18:55:54] [43/456] JJPP
[18:55:54] [44/456] SSRM
[18:55:55] [45/456] HMHD
[18:55:57] [46/456] SNKH
[18:55:58] [47/456] ACHI
[18:55:59] [48/456] MRAA
[18:56:00] [49/456] INMH
[18:56:01] 🔄 Identity reset
[18:56:01] 🔄 Identity rotated (every 10 requests)
[18:56:01] 🔄 Retry 1/5 for INMH in 2.1s
[18:56:01] 🔄 Identity reset
[18:56:03] 🧠 New identity created
[18:56:03] 🔄 Retry 2/5 for INMH in 4.7s
[18:56:03] 🔄 Identity reset
[18:56:08] 🧠 New identity created
[18:56:08] [50/456] ARMH
[18:56:09] [51/456] DVRR
[18:56:10] [52/456] SUDA
[18:56:11] [53/456] MCSS
[18:56:12] [54/456] VRKC
[18:56:13] [55/456] PRCX
[18:56:14] [56/456] ASJY
[18:56:15] [57/456] MTHY
[18:56:15] 🔄 Identity reset
[18:56:15] 🔄 Identity rotated (every 10 requests)
[18:56:16] [58/456] SRCM
[18:56:17] [59/456] TVHY
[18:56:18] [60/456] STHD
[18:56:19] [61/456] CPCL
[18:56:20] [62/456] PSMJ
[18:56:21] [63/456] MRGT
[18:56:22] [64/456] ARYH
[18:56:23] [65/456] VTRB
[18:56:25] [66/456] SCHC
[18:56:26] [67/456] MRRG
[18:56:26] 🔄 Identity reset
[18:56:26] 🔄 Identity rotated (every 10 requests)
[18:56:27] [68/456] SPCB
[18:56:27] [69/456] AMCM
[18:56:28] [70/456] IVNM
[18:56:29] [71/456] TRHY
[18:56:31] [72/456] PTTH
[18:56:32] [73/456] RKMH
[18:56:33] [74/456] PRCS
[18:56:34] [75/456] VAJA
[18:56:35] [76/456] BJNG
[18:56:36] [77/456] SCVM
[18:56:37] 🔄 Identity reset
[18:56:37] 🔄 Identity rotated (every 10 requests)
[18:56:37] [78/456] GNHB
[18:56:39] [79/456] TLUR
[18:56:40] [80/456] UKCC
[18:56:41] [81/456] SRKR
[18:56:42] [82/456] RMKN
[18:56:43] [83/456] SLRT
[18:56:44] [84/456] LKMT
[18:56:45] [85/456] SSRJ
[18:56:46] [86/456] SPHT
[18:56:47] [87/456] ANTT
[18:56:47] 🔄 Identity reset
[18:56:47] 🔄 Identity rotated (every 10 requests)
[18:56:48] [88/456] SRCH
[18:56:48] [89/456] SRCA
[18:56:49] [90/456] ARTH
[18:56:50] [91/456] MCBH
[18:56:51] [92/456] SNIB
[18:56:52] [93/456] SART
[18:56:53] [94/456] SKTA
[18:56:54] [95/456] YAKT
[18:56:55] [96/456] MLCK
[18:56:56] [97/456] ANTS
[18:56:56] 🔄 Identity reset
[18:56:56] 🔄 Identity rotated (every 10 requests)
[18:56:56] 🔄 Retry 1/5 for ANTS in 2.2s
[18:56:56] 🔄 Identity reset
[18:56:58] 🧠 New identity created
[18:56:59] [98/456] DGCA
[18:57:00] [99/456] SGMP
[18:57:01] [100/456] ASWN
[18:57:01] [101/456] KFVU
[18:57:02] [102/456] POOR
[18:57:03] [103/456] GKDN
[18:57:04] [104/456] EOSE
[18:57:05] [105/456] GTTT
[18:57:06] [106/456] ARRO
[18:57:07] 🔄 Identity reset
[18:57:07] 🔄 Identity rotated (every 10 requests)
[18:57:08] [107/456] CMMK
[18:57:09] [108/456] MSCN
[18:57:10] [109/456] GDKH
[18:57:11] [110/456] DLMT
[18:57:12] [111/456] PVMF
[18:57:13] [112/456] CPCK
[18:57:14] [113/456] VMHE
[18:57:14] [114/456] PVLC
[18:57:15] [115/456] PCVB
[18:57:16] [116/456] SNYK
[18:57:17] 🔄 Identity reset
[18:57:17] 🔄 Identity rotated (every 10 requests)
[18:57:18] [117/456] KTEK
[18:57:20] [118/456] PCNM
[18:57:20] [119/456] NTTR
[18:57:21] [120/456] CPSK
[18:57:22] [121/456] JMMA
[18:57:23] [122/456] GCFK
[18:57:24] [123/456] MYCA
[18:57:24] [124/456] KSNP
[18:57:26] [125/456] PMCE
[18:57:27] [126/456] SCKI
[18:57:28] 🔄 Identity reset
[18:57:28] 🔄 Identity rotated (every 10 requests)
[18:57:28] [127/456] FSMA
[18:57:29] [128/456] CETA
[18:57:30] [129/456] MCIK
[18:57:31] [130/456] MYCR
[18:57:31] [131/456] EVMP
[18:57:32] [132/456] SSGT
[18:57:33] [133/456] KCTK
[18:57:34] [134/456] ZTKC
[18:57:35] [135/456] MMTA
[18:57:36] [136/456] MAJT
[18:57:36] 🔄 Identity reset
[18:57:36] 🔄 Identity rotated (every 10 requests)
[18:57:37] [137/456] ACPK
[18:57:38] [138/456] JMAX
[18:57:38] [139/456] SETK
[18:57:39] [140/456] CAIS
[18:57:40] [141/456] AGCD
[18:57:41] [142/456] URCL
[18:57:43] [143/456] VTDS
[18:57:44] [144/456] JCNM
[18:57:45] [145/456] KCAM
[18:57:45] [146/456] ADCU
[18:57:46] 🔄 Identity reset
[18:57:46] 🔄 Identity rotated (every 10 requests)
[18:57:46] [147/456] GXYN
[18:57:47] [148/456] SMJG
[18:57:48] [149/456] EYCJ
[18:57:50] [150/456] CCEJ
[18:57:51] [151/456] MARS
[18:57:52] [152/456] CPVJ
[18:57:53] [153/456] INVP
[18:57:54] [154/456] CPOV
[18:57:55] [155/456] VIJK
[18:57:56] [156/456] LAIM
[18:57:56] 🔄 Identity reset
[18:57:56] 🔄 Identity rotated (every 10 requests)
[18:57:57] [157/456] STHV
[18:57:58] [158/456] SVLJ
[18:57:59] [159/456] ATVJ
[18:58:00] [160/456] JTSC
[18:58:01] [161/456] RMTV
[18:58:02] [162/456] MGGG
[18:58:03] [163/456] SWTH
[18:58:03] [164/456] INVJ
[18:58:04] [165/456] PRSV
[18:58:05] [166/456] JATV
[18:58:06] 🔄 Identity reset
[18:58:06] 🔄 Identity rotated (every 10 requests)
[18:58:06] [167/456] RCVD
[18:58:07] [168/456] BDMA
[18:58:08] [169/456] BLJI
[18:58:09] [170/456] SWOT
[18:58:10] [171/456] SWRN
[18:58:10] [172/456] TVRA
[18:58:11] [173/456] NVRN
[18:58:12] [174/456] SIKC
[18:58:13] [175/456] VAKR
[18:58:14] [176/456] SYLN
[18:58:15] 🔄 Identity reset
[18:58:15] 🔄 Identity rotated (every 10 requests)
[18:58:15] [177/456] KLJL
[18:58:16] [178/456] LKMY
[18:58:17] [179/456] VSLY
[18:58:18] [180/456] CIKO
[18:58:19] [181/456] GPBG
[18:58:20] [182/456] CECM
[18:58:21] [183/456] SLKB
[18:58:22] [184/456] MTBO
[18:58:23] [185/456] SSHB
[18:58:24] [186/456] VPCS
[18:58:24] 🔄 Identity reset
[18:58:24] 🔄 Identity rotated (every 10 requests)
[18:58:24] 🔄 Retry 1/5 for VPCS in 2.1s
[18:58:24] 🔄 Identity reset
[18:58:26] 🧠 New identity created
[18:58:27] [187/456] RCSR
[18:58:28] [188/456] RJRM
[18:58:29] [189/456] KPPB
[18:58:30] [190/456] SEDC
[18:58:30] [191/456] SCAI
[18:58:31] [192/456] RMTR
[18:58:32] [193/456] ASST
[18:58:33] [194/456] GCAK
[18:58:34] [195/456] ANNK
[18:58:35] 🔄 Identity reset
[18:58:35] 🔄 Identity rotated (every 10 requests)
[18:58:35] [196/456] KDDF
[18:58:36] [197/456] NRDP
[18:58:37] [198/456] PLAK
[18:58:38] [199/456] GCMC
[18:58:39] [200/456] ALPY
[18:58:41] [201/456] SICE
[18:58:41] [202/456] SISR
[18:58:42] [203/456] SRPZ
[18:58:43] [204/456] SRSW
[18:58:45] [205/456] SUYA
[18:58:46] 🔄 Identity reset
[18:58:46] 🔄 Identity rotated (every 10 requests)
[18:58:46] [206/456] AMMT
[18:58:47] [207/456] BHCU
[18:58:48] [208/456] KLPA
[18:58:49] [209/456] NVKH
[18:58:50] [210/456] JMRC
[18:58:51] [211/456] KTTT
[18:58:52] [212/456] MAGH
[18:58:52] [213/456] MMMX
[18:58:53] [214/456] SALJ
[18:58:54] [215/456] GTJA
[18:58:55] 🔄 Identity reset
[18:58:55] 🔄 Identity rotated (every 10 requests)
[18:58:56] [216/456] MAHT
[18:58:57] [217/456] SSNN
[18:58:58] [218/456] ARRP
[18:58:59] [219/456] ATNS
[18:59:00] [220/456] SKDT
[18:59:01] [221/456] ACAT
[18:59:02] [222/456] APRC
[18:59:03] [223/456] SWAG
[18:59:04] [224/456] SDPT
[18:59:05] [225/456] STPS
[18:59:05] 🔄 Identity reset
[18:59:05] 🔄 Identity rotated (every 10 requests)
[18:59:06] [226/456] WWCZ
[18:59:07] [227/456] LLCH
[18:59:07] [228/456] MZHA
[18:59:08] [229/456] CRJG
[18:59:09] [230/456] JGTK
[18:59:10] [231/456] KCSR
[18:59:11] [232/456] CHTL
[18:59:12] [233/456] EDSR
[18:59:12] [234/456] CSWO
[18:59:13] [235/456] CPVM
[18:59:14] 🔄 Identity reset
[18:59:14] 🔄 Identity rotated (every 10 requests)
[18:59:14] [236/456] MXBY
[18:59:15] [237/456] FMMA
[18:59:16] [238/456] POVI
[18:59:17] [239/456] MTHB
[18:59:18] [240/456] INRC
[18:59:19] [241/456] PIPP
[18:59:20] [242/456] BMXC
[18:59:21] [243/456] PCMM
[18:59:22] [244/456] PMKM
[18:59:23] [245/456] GATY
[18:59:24] 🔄 Identity reset
[18:59:24] 🔄 Identity rotated (every 10 requests)
[18:59:24] [246/456] IMCM
[18:59:25] [247/456] POPE
[18:59:26] [248/456] MTCR
[18:59:27] [249/456] PVAE
[18:59:28] [250/456] PVMI
[18:59:29] [251/456] CPNM
[18:59:30] [252/456] FMRL
[18:59:30] [253/456] MCIW
[18:59:31] [254/456] MXBO
[18:59:32] [255/456] FMKY
[18:59:33] 🔄 Identity reset
[18:59:33] 🔄 Identity rotated (every 10 requests)
[18:59:33] [256/456] FMDA
[18:59:34] [257/456] THAB
[18:59:35] [258/456] PRCW
[18:59:36] [259/456] PITI
[18:59:37] [260/456] MCFF
[18:59:38] [261/456] PDDV
[18:59:39] [262/456] MCRM
[18:59:40] [263/456] KKMB
[18:59:41] [264/456] INKO
[18:59:42] [265/456] PLXP
[18:59:42] 🔄 Identity reset
[18:59:42] 🔄 Identity rotated (every 10 requests)
[18:59:43] [266/456] MMHA
[18:59:44] [267/456] FMVS
[18:59:44] [268/456] POLM
[18:59:45] [269/456] STER
[18:59:46] [270/456] PVWJ
[18:59:47] [271/456] IMJW
[18:59:48] [272/456] FNAN
[18:59:49] [273/456] CAGL
[18:59:50] [274/456] IPBG
[18:59:52] [275/456] SMFV
[18:59:52] 🔄 Identity reset
[18:59:52] 🔄 Identity rotated (every 10 requests)
[18:59:53] [276/456] MMMR
[18:59:54] [277/456] MMWM
[18:59:54] [278/456] FNCM
[18:59:56] [279/456] MDVA
[18:59:57] [280/456] MMET
[18:59:58] [281/456] MIDO
[18:59:59] [282/456] INNP
[19:00:00] [283/456] MIFU
[19:00:01] [284/456] MMSZ
[19:00:02] [285/456] BMXA
[19:00:03] 🔄 Identity reset
[19:00:03] 🔄 Identity rotated (every 10 requests)
[19:00:03] [286/456] MCAA
[19:00:04] [287/456] SCVP
[19:00:05] [288/456] PLUS
[19:00:06] [289/456] MUCK
[19:00:07] [290/456] MTMA
[19:00:08] [291/456] HPVR
[19:00:09] [292/456] PMPK
[19:00:10] [293/456] MAJB
[19:00:11] [294/456] CTRR
[19:00:12] [295/456] MCTG
[19:00:13] 🔄 Identity reset
[19:00:13] 🔄 Identity rotated (every 10 requests)
[19:00:13] [296/456] MACE
[19:00:14] [297/456] AAAS
[19:00:15] [298/456] CPVV
[19:00:16] [299/456] RCHG
[19:00:17] [300/456] MCNE
[19:00:18] [301/456] EMNC
[19:00:18] [302/456] MCAN
[19:00:19] [303/456] TCDM
[19:00:20] [304/456] IRGT
[19:00:22] [305/456] GCMG
[19:00:22] 🔄 Identity reset
[19:00:22] 🔄 Identity rotated (every 10 requests)
[19:00:23] [306/456] MXSN
[19:00:24] [307/456] MXCK
[19:00:25] [308/456] MCRC
[19:00:26] [309/456] RSMI
[19:00:27] [310/456] WAML
[19:00:28] [311/456] MTSC
[19:00:28] [312/456] FMDR
[19:00:29] [313/456] LEPV
[19:00:30] [314/456] MTGD
[19:00:31] [315/456] IMOB
[19:00:32] 🔄 Identity reset
[19:00:32] 🔄 Identity rotated (every 10 requests)
[19:00:32] [316/456] CLMM
[19:00:33] [317/456] PZCD
[19:00:34] [318/456] GOCS
[19:00:35] [319/456] KCMA
[19:00:36] [320/456] CCMP
[19:00:37] [321/456] MTSU
[19:00:38] [322/456] SNGL
[19:00:39] [323/456] MMMC
[19:00:40] [324/456] MMAA
[19:00:41] [325/456] GCDM
[19:00:42] 🔄 Identity reset
[19:00:42] 🔄 Identity rotated (every 10 requests)
[19:00:43] [326/456] KTMV
[19:00:43] [327/456] AETE
[19:00:44] [328/456] OMCS
[19:00:45] [329/456] GDCD
[19:00:46] [330/456] NYMD
[19:00:47] [331/456] RNCV
[19:00:48] [332/456] KKMT
[19:00:49] [333/456] GDTH
[19:00:50] [334/456] KMMV
[19:00:51] [335/456] NHCG
[19:00:51] 🔄 Identity reset
[19:00:51] 🔄 Identity rotated (every 10 requests)
[19:00:52] [336/456] PJDW
[19:00:53] [337/456] MMCV
[19:00:54] [338/456] FQSA
[19:00:55] [339/456] KURL
[19:00:56] [340/456] NNNX
[19:00:57] [341/456] AMAU
[19:00:58] [342/456] VVVM
[19:00:59] [343/456] VECU
[19:01:00] [344/456] WCVR
[19:01:01] [345/456] MTGG
[19:01:02] 🔄 Identity reset
[19:01:02] 🔄 Identity rotated (every 10 requests)
[19:01:03] [346/456] SGTG
[19:01:04] [347/456] MNTG
[19:01:05] [348/456] JDDG
[19:01:06] [349/456] MBTK
[19:01:07] [350/456] SGCD
[19:01:08] [351/456] MCTC
[19:01:10] [352/456] JTPC
[19:01:11] [353/456] SDKT
[19:01:12] [354/456] KRCC
[19:01:13] [355/456] RMMD
[19:01:13] 🔄 Identity reset
[19:01:13] 🔄 Identity rotated (every 10 requests)
[19:01:14] [356/456] AAME
[19:01:14] [357/456] TMWC
[19:01:15] [358/456] NRWY
[19:01:16] [359/456] CITD
[19:01:17] [360/456] VERD
[19:01:18] [361/456] MKSK
[19:01:19] [362/456] STSM
[19:01:20] [363/456] MJDG
[19:01:21] [364/456] RKPM
[19:01:22] [365/456] SSCE
[19:01:23] 🔄 Identity reset
[19:01:23] 🔄 Identity rotated (every 10 requests)
[19:01:23] [366/456] VMAE
[19:01:25] [367/456] SBRU
[19:01:26] [368/456] AMBC
[19:01:27] [369/456] AMLU
[19:01:29] [370/456] INVZ
[19:01:29] [371/456] LGTV
[19:01:30] [372/456] SVAD
[19:01:31] [373/456] SMSA
[19:01:32] [374/456] SPCZ
[19:01:33] [375/456] GTCX
[19:01:34] 🔄 Identity reset
[19:01:34] 🔄 Identity rotated (every 10 requests)
[19:01:35] [376/456] SCSL
[19:01:36] [377/456] SAHU
[19:01:37] [378/456] NCDA
[19:01:38] [379/456] SCCG
[19:01:39] [380/456] VKTL
[19:01:40] [381/456] PUUJ
[19:01:40] [382/456] STEJ
[19:01:41] [383/456] RJAL
[19:01:42] [384/456] ACJC
[19:01:43] [385/456] ARVB
[19:01:44] 🔄 Identity reset
[19:01:44] 🔄 Identity rotated (every 10 requests)
[19:01:44] [386/456] AUBB
[19:01:45] [387/456] GDBR
[19:01:46] [388/456] PVND
[19:01:46] [389/456] BGRJ
[19:01:47] [390/456] RJMM
[19:01:48] [391/456] MCSA
[19:01:49] [392/456] BODA
[19:01:50] [393/456] JAGG
[19:01:51] [394/456] SCGA
[19:01:52] [395/456] LRCM
[19:01:52] 🔄 Identity reset
[19:01:52] 🔄 Identity rotated (every 10 requests)
[19:01:53] [396/456] CPCN
[19:01:54] [397/456] SSTF
[19:01:55] [398/456] SRXP
[19:01:55] [399/456] CNFX
[19:01:57] [400/456] ANDI
[19:01:58] [401/456] SYEW
[19:01:59] [402/456] RCRE
[19:02:00] [403/456] SCRW
[19:02:00] [404/456] MBKR
[19:02:01] [405/456] ASNT
[19:02:02] 🔄 Identity reset
[19:02:02] 🔄 Identity rotated (every 10 requests)
[19:02:02] [406/456] JTMT
[19:02:04] [407/456] SHAY
[19:02:05] [408/456] VRTH
[19:02:06] [409/456] SPTI
[19:02:07] [410/456] DPTD
[19:02:09] [411/456] TGSN
[19:02:10] [412/456] RCWV
[19:02:11] [413/456] OCUR
[19:02:12] [414/456] KSTC
[19:02:13] [415/456] SANI
[19:02:13] 🔄 Identity reset
[19:02:14] 🔄 Identity rotated (every 10 requests)
[19:02:14] [416/456] MLCA
[19:02:15] [417/456] EGCA
[19:02:16] [418/456] SYSN
[19:02:17] [419/456] PKTA
[19:02:18] [420/456] PRCC
[19:02:18] [421/456] KSTR
[19:02:20] [422/456] SNTP
[19:02:21] [423/456] RCHA
[19:02:22] [424/456] SEEA
[19:02:23] [425/456] ALAT
[19:02:23] 🔄 Identity reset
[19:02:24] 🔄 Identity rotated (every 10 requests)
[19:02:25] [426/456] AATV
[19:02:25] [427/456] RJTE
[19:02:26] [428/456] AAPP
[19:02:27] [429/456] PMMH
[19:02:28] [430/456] INRJ
[19:02:29] [431/456] SARB
[19:02:30] [432/456] PCJL
[19:02:31] [433/456] PFJJ
[19:02:32] [434/456] GRDC
[19:02:33] [435/456] BCBA
[19:02:33] 🔄 Identity reset
[19:02:33] 🔄 Identity rotated (every 10 requests)
[19:02:34] [436/456] VIXL
[19:02:34] [437/456] CSTL
[19:02:35] [438/456] MTDK
[19:02:36] [439/456] TDAC
[19:02:37] [440/456] GTDN
[19:02:38] [441/456] TTDE
[19:02:39] [442/456] ASTS
[19:02:40] [443/456] CPNS
[19:02:40] [444/456] PVVW
[19:02:41] [445/456] USEB
[19:02:42] 🔄 Identity reset
[19:02:42] 🔄 Identity rotated (every 10 requests)
[19:02:42] [446/456] DTYN
[19:02:43] [447/456] PVLE
[19:02:44] [448/456] CIPS
[19:02:45] [449/456] PAEG
[19:02:46] [450/456] PTCW
[19:02:47] [451/456] G3SR
[19:02:48] [452/456] PGND
[19:02:49] [453/456] INVM
[19:02:50] [454/456] SPIA
[19:02:51] [455/456] PCSN
[19:02:51] 🔄 Identity reset
[19:02:51] 🔄 Identity rotated (every 10 requests)
[19:02:51] [456/456] PPGV
[19:02:53] 🧹 Deduping shows
[19:02:53] ✅ DONE | Shows=721 | Movies=21
[10:27:07] 🚀 SCRIPT STARTED
[10:27:07] [1/456] FNDB
[10:27:07] 🧠 New identity created
[10:27:09] [2/456] AMBH
[10:27:10] [3/456] PRHN
[10:27:11] [4/456] ACPM
[10:27:12] [5/456] PVFS
[10:27:14] [6/456] AACN
[10:27:15] [7/456] ACAS
[10:27:17] [8/456] CTNR
[10:27:18] [9/456] MMAH
[10:27:23] [10/456] CPMH
[10:27:23] 🔄 Identity reset
[10:27:23] 🔄 Identity rotated (every 10 requests)
[10:27:24] [11/456] IGMH
[10:27:26] [12/456] ABCS
[10:27:28] [13/456] CMMA
[10:27:29] [14/456] GPRH
[10:27:30] [15/456] PNNG
[10:27:32] [16/456] AMCA
[10:27:33] [17/456] ISTN
[10:27:43] [18/456] PIIC
[10:27:44] [19/456] AHMH
[10:27:46] [20/456] ASHN
[10:27:46] 🔄 Identity reset
[10:27:46] 🔄 Identity rotated (every 10 requests)
[10:27:46] 🔄 Retry 1/5 for ASHN in 2.1s
[10:27:46] 🔄 Identity reset
[10:27:48] 🧠 New identity created
[10:27:48] 🔄 Retry 2/5 for ASHN in 4.4s
[10:27:48] 🔄 Identity reset
[10:27:52] 🧠 New identity created
[10:27:54] [21/456] INHY
[10:27:56] [22/456] SRMO
[10:27:59] [23/456] PIMH
[10:28:11] 🔄 Retry 1/5 for PIMH in 3.0s
[10:28:11] 🔄 Identity reset
[10:28:14] 🧠 New identity created
[10:28:21] [24/456] PVTS
[10:28:33] 🔄 Retry 1/5 for PVTS in 2.8s
[10:28:33] 🔄 Identity reset
[10:28:36] 🧠 New identity created
[10:28:42] [25/456] MMCA
[10:28:44] [26/456] AKYJ
[10:28:44] 🔄 Identity reset
[10:28:44] 🔄 Identity rotated (every 10 requests)
[10:28:46] [27/456] BRKH
[10:28:48] [28/456] MAHM
[10:28:49] [29/456] CPHY
[10:28:51] [30/456] PVTP
[10:28:52] [31/456] SMMR
[10:29:04] 🔄 Retry 1/5 for SMMR in 2.2s
[10:29:04] 🔄 Identity reset
[10:29:07] 🧠 New identity created
[10:29:07] 🔄 Retry 2/5 for SMMR in 4.3s
[10:29:07] 🔄 Identity reset
[10:29:11] 🧠 New identity created
[10:29:13] [32/456] PVHM
[10:29:15] [33/456] SNDY
[10:29:16] [34/456] GOKU
[10:29:16] 🔄 Identity reset
[10:29:16] 🔄 Identity rotated (every 10 requests)
[10:29:16] 🔄 Retry 1/5 for GOKU in 2.3s
[10:29:16] 🔄 Identity reset
[10:29:18] 🧠 New identity created
[10:29:18] 🔄 Retry 2/5 for GOKU in 4.5s
[10:29:18] 🔄 Identity reset
[10:29:23] 🧠 New identity created
[10:29:23] 🔄 Retry 3/5 for GOKU in 8.2s
[10:29:23] 🔄 Identity reset
[10:29:31] 🧠 New identity created
[10:29:32] [35/456] ACEV
[10:29:33] [36/456] PVUM
[10:29:34] [37/456] VSWA
[10:29:35] [38/456] IPRS
[10:29:38] [39/456] BKMV
[10:29:40] [40/456] PVYH
[10:29:41] [41/456] INKM
[10:29:41] 🔄 Identity reset
[10:29:41] 🔄 Identity rotated (every 10 requests)
[10:29:43] [42/456] ARJU
[10:29:44] [43/456] JJPP
[10:29:46] [44/456] SSRM
[10:29:48] [45/456] HMHD
[10:30:00] 🔄 Retry 1/5 for HMHD in 2.5s
[10:30:00] 🔄 Identity reset
[10:30:03] 🧠 New identity created
[10:30:13] [46/456] SNKH
[10:30:15] [47/456] ACHI
[10:30:16] [48/456] MRAA
[10:30:18] [49/456] INMH
[10:30:20] [50/456] ARMH
[10:30:20] 🔄 Identity reset
[10:30:20] 🔄 Identity rotated (every 10 requests)
[10:30:21] [51/456] DVRR
[10:30:23] [52/456] SUDA
[10:30:24] [53/456] MCSS
[10:30:25] [54/456] VRKC
[10:30:27] [55/456] PRCX
[10:30:28] [56/456] ASJY
[10:30:29] [57/456] MTHY
[10:30:31] [58/456] SRCM
[10:30:33] [59/456] TVHY
[10:30:34] [60/456] STHD
[10:30:34] 🔄 Identity reset
[10:30:34] 🔄 Identity rotated (every 10 requests)
[10:30:36] [61/456] CPCL
[10:30:37] [62/456] PSMJ
[10:30:39] [63/456] MRGT
[10:30:40] [64/456] ARYH
[10:30:41] [65/456] VTRB
[10:30:43] [66/456] SCHC
[10:30:44] [67/456] MRRG
[10:30:46] [68/456] SPCB
[10:30:47] [69/456] AMCM
[10:30:48] [70/456] IVNM
[10:30:48] 🔄 Identity reset
[10:30:48] 🔄 Identity rotated (every 10 requests)
[10:30:49] [71/456] TRHY
[10:30:50] [72/456] PTTH
[10:30:51] [73/456] RKMH
[10:30:53] [74/456] PRCS
[10:30:54] [75/456] VAJA
[10:30:56] [76/456] BJNG
[10:30:57] [77/456] SCVM
[10:30:58] [78/456] GNHB
[10:30:59] [79/456] TLUR
[10:31:01] [80/456] UKCC
[10:31:01] 🔄 Identity reset
[10:31:01] 🔄 Identity rotated (every 10 requests)
[10:31:02] [81/456] SRKR
[10:31:03] [82/456] RMKN
[10:31:04] [83/456] SLRT
[10:31:06] [84/456] LKMT
[10:31:08] [85/456] SSRJ
[10:31:09] [86/456] SPHT
[10:31:11] [87/456] ANTT
[10:31:12] [88/456] SRCH
[10:31:13] [89/456] SRCA
[10:31:15] [90/456] ARTH
[10:31:15] 🔄 Identity reset
[10:31:15] 🔄 Identity rotated (every 10 requests)
[10:31:16] [91/456] MCBH
[10:31:17] [92/456] SNIB
[10:31:19] [93/456] SART
[10:31:21] [94/456] SKTA
[10:31:22] [95/456] YAKT
[10:31:24] [96/456] MLCK
[10:31:25] [97/456] ANTS
[10:31:26] [98/456] DGCA
[10:31:27] [99/456] SGMP
[10:31:28] [100/456] ASWN
[10:31:28] 🔄 Identity reset
[10:31:28] 🔄 Identity rotated (every 10 requests)
[10:31:29] [101/456] KFVU
[10:31:31] [102/456] POOR
[10:31:33] [103/456] GKDN
[10:31:36] [104/456] EOSE
[10:31:41] [105/456] GTTT
[10:31:42] [106/456] ARRO
[10:31:44] [107/456] CMMK
[10:31:45] [108/456] MSCN
[10:31:46] [109/456] GDKH
[10:31:48] [110/456] DLMT
[10:31:48] 🔄 Identity reset
[10:31:48] 🔄 Identity rotated (every 10 requests)
[10:31:49] [111/456] PVMF
[10:31:53] [112/456] CPCK
[10:31:55] [113/456] VMHE
[10:31:56] [114/456] PVLC
[10:31:57] [115/456] PCVB
[10:31:58] [116/456] SNYK
[10:31:59] [117/456] KTEK
[10:32:00] [118/456] PCNM
[10:32:01] [119/456] NTTR
[10:32:03] [120/456] CPSK
[10:32:03] 🔄 Identity reset
[10:32:03] 🔄 Identity rotated (every 10 requests)
[10:32:04] [121/456] JMMA
[10:32:05] [122/456] GCFK
[10:32:06] [123/456] MYCA
[10:32:07] [124/456] KSNP
[10:32:08] [125/456] PMCE
[10:32:10] [126/456] SCKI
[10:32:12] [127/456] FSMA
[10:32:13] [128/456] CETA
[10:32:14] [129/456] MCIK
[10:32:15] [130/456] MYCR
[10:32:15] 🔄 Identity reset
[10:32:15] 🔄 Identity rotated (every 10 requests)
[10:32:17] [131/456] EVMP
[10:32:18] [132/456] SSGT
[10:32:19] [133/456] KCTK
[10:32:20] [134/456] ZTKC
[10:32:22] [135/456] MMTA
[10:32:23] [136/456] MAJT
[10:32:27] [137/456] ACPK
[10:32:28] [138/456] JMAX
[10:32:29] [139/456] SETK
[10:32:30] [140/456] CAIS
[10:32:30] 🔄 Identity reset
[10:32:30] 🔄 Identity rotated (every 10 requests)
[10:32:32] [141/456] AGCD
[10:32:33] [142/456] URCL
[10:32:34] [143/456] VTDS
[10:32:35] [144/456] JCNM
[10:32:36] [145/456] KCAM
[10:32:37] [146/456] ADCU
[10:32:38] [147/456] GXYN
[10:32:39] [148/456] SMJG
[10:32:41] [149/456] EYCJ
[10:32:43] [150/456] CCEJ
[10:32:43] 🔄 Identity reset
[10:32:43] 🔄 Identity rotated (every 10 requests)
[10:32:44] [151/456] MARS
[10:32:45] [152/456] CPVJ
[10:32:46] [153/456] INVP
[10:32:48] [154/456] CPOV
[10:32:51] [155/456] VIJK
[10:32:53] [156/456] LAIM
[10:32:54] [157/456] STHV
[10:32:55] [158/456] SVLJ
[10:32:57] [159/456] ATVJ
[10:32:58] [160/456] JTSC
[10:32:58] 🔄 Identity reset
[10:32:58] 🔄 Identity rotated (every 10 requests)
[10:32:58] [161/456] RMTV
[10:33:00] [162/456] MGGG
[10:33:02] [163/456] SWTH
[10:33:03] [164/456] INVJ
[10:33:04] [165/456] PRSV
[10:33:06] [166/456] JATV
[10:33:07] [167/456] RCVD
[10:33:08] [168/456] BDMA
[10:33:09] [169/456] BLJI
[10:33:10] [170/456] SWOT
[10:33:10] 🔄 Identity reset
[10:33:10] 🔄 Identity rotated (every 10 requests)
[10:33:12] [171/456] SWRN
[10:33:13] [172/456] TVRA
[10:33:15] [173/456] NVRN
[10:33:16] [174/456] SIKC
[10:33:17] [175/456] VAKR
[10:33:17] [176/456] SYLN
[10:33:18] [177/456] KLJL
[10:33:20] [178/456] LKMY
[10:33:21] [179/456] VSLY
[10:33:22] [180/456] CIKO
[10:33:22] 🔄 Identity reset
[10:33:22] 🔄 Identity rotated (every 10 requests)
[10:33:22] 🔄 Retry 1/5 for CIKO in 2.9s
[10:33:22] 🔄 Identity reset
[10:33:25] 🧠 New identity created
[10:33:27] [181/456] GPBG
[10:33:28] [182/456] CECM
[10:33:30] [183/456] SLKB
[10:33:31] [184/456] MTBO
[10:33:32] [185/456] SSHB
[10:33:34] [186/456] VPCS
[10:33:37] [187/456] RCSR
[10:33:38] [188/456] RJRM
[10:33:39] [189/456] KPPB
[10:33:39] 🔄 Identity reset
[10:33:39] 🔄 Identity rotated (every 10 requests)
[10:33:41] [190/456] SEDC
[10:33:42] [191/456] SCAI
[10:33:44] [192/456] RMTR
[10:33:46] [193/456] ASST
[10:33:47] [194/456] GCAK
[10:33:48] [195/456] ANNK
[10:33:50] [196/456] KDDF
[10:33:51] [197/456] NRDP
[10:33:53] [198/456] PLAK
[10:33:54] [199/456] GCMC
[10:33:54] 🔄 Identity reset
[10:33:54] 🔄 Identity rotated (every 10 requests)
[10:33:56] [200/456] ALPY
[10:33:57] [201/456] SICE
[10:33:58] [202/456] SISR
[10:33:59] [203/456] SRPZ
[10:34:01] [204/456] SRSW
[10:34:02] [205/456] SUYA
[10:34:03] [206/456] AMMT
[10:34:08] [207/456] BHCU
[10:34:09] [208/456] KLPA
[10:34:09] [209/456] NVKH
[10:34:09] 🔄 Identity reset
[10:34:09] 🔄 Identity rotated (every 10 requests)
[10:34:10] 🔄 Retry 1/5 for NVKH in 2.2s
[10:34:10] 🔄 Identity reset
[10:34:12] 🧠 New identity created
[10:34:13] [210/456] JMRC
[10:34:15] [211/456] KTTT
[10:34:15] [212/456] MAGH
[10:34:18] [213/456] MMMX
[10:34:20] [214/456] SALJ
[10:34:20] [215/456] GTJA
[10:34:21] [216/456] MAHT
[10:34:22] [217/456] SSNN
[10:34:24] [218/456] ARRP
[10:34:24] 🔄 Identity reset
[10:34:24] 🔄 Identity rotated (every 10 requests)
[10:34:25] [219/456] ATNS
[10:34:27] [220/456] SKDT
[10:34:28] [221/456] ACAT
[10:34:28] [222/456] APRC
[10:34:33] [223/456] SWAG
[10:34:34] [224/456] SDPT
[10:34:35] [225/456] STPS
[10:34:36] [226/456] WWCZ
[10:34:37] [227/456] LLCH
[10:34:38] [228/456] MZHA
[10:34:38] 🔄 Identity reset
[10:34:38] 🔄 Identity rotated (every 10 requests)
[10:34:40] [229/456] CRJG
[10:34:41] [230/456] JGTK
[10:34:42] [231/456] KCSR
[10:34:46] [232/456] CHTL
[10:34:47] [233/456] EDSR
[10:34:51] [234/456] CSWO
[10:35:03] 🔄 Retry 1/5 for CSWO in 2.6s
[10:35:03] 🔄 Identity reset
[10:35:05] 🧠 New identity created
[10:35:06] [235/456] CPVM
[10:35:08] [236/456] MXBY
[10:35:09] [237/456] FMMA
[10:35:09] 🔄 Identity reset
[10:35:09] 🔄 Identity rotated (every 10 requests)
[10:35:09] 🔄 Retry 1/5 for FMMA in 2.9s
[10:35:09] 🔄 Identity reset
[10:35:12] 🧠 New identity created
[10:35:13] [238/456] POVI
[10:35:13] [239/456] MTHB
[10:35:15] [240/456] INRC
[10:35:17] [241/456] PIPP
[10:35:18] [242/456] BMXC
[10:35:19] [243/456] PCMM
[10:35:20] [244/456] PMKM
[10:35:21] [245/456] GATY
[10:35:23] [246/456] IMCM
[10:35:23] 🔄 Identity reset
[10:35:23] 🔄 Identity rotated (every 10 requests)
[10:35:25] [247/456] POPE
[10:35:27] [248/456] MTCR
[10:35:28] [249/456] PVAE
[10:35:29] [250/456] PVMI
[10:35:34] [251/456] CPNM
[10:35:35] [252/456] FMRL
[10:35:36] [253/456] MCIW
[10:35:37] [254/456] MXBO
[10:35:38] [255/456] FMKY
[10:35:40] [256/456] FMDA
[10:35:40] 🔄 Identity reset
[10:35:40] 🔄 Identity rotated (every 10 requests)
[10:35:41] [257/456] THAB
[10:35:42] [258/456] PRCW
[10:35:43] [259/456] PITI
[10:35:45] [260/456] MCFF
[10:35:46] [261/456] PDDV
[10:35:54] [262/456] MCRM
[10:35:56] [263/456] KKMB
[10:35:57] [264/456] INKO
[10:35:58] [265/456] PLXP
[10:35:59] [266/456] MMHA
[10:35:59] 🔄 Identity reset
[10:35:59] 🔄 Identity rotated (every 10 requests)
[10:36:00] [267/456] FMVS
[10:36:01] [268/456] POLM
[10:36:03] [269/456] STER
[10:36:04] [270/456] PVWJ
[10:36:06] [271/456] IMJW
[10:36:10] [272/456] FNAN
[10:36:12] [273/456] CAGL
[10:36:14] [274/456] IPBG
[10:36:15] [275/456] SMFV
[10:36:17] [276/456] MMMR
[10:36:17] 🔄 Identity reset
[10:36:17] 🔄 Identity rotated (every 10 requests)
[10:36:19] [277/456] MMWM
[10:36:20] [278/456] FNCM
[10:36:21] [279/456] MDVA
[10:36:22] [280/456] MMET
[10:36:23] [281/456] MIDO
[10:36:25] [282/456] INNP
[10:36:26] [283/456] MIFU
[10:36:27] [284/456] MMSZ
[10:36:28] [285/456] BMXA
[10:36:35] [286/456] MCAA
[10:36:35] 🔄 Identity reset
[10:36:35] 🔄 Identity rotated (every 10 requests)
[10:36:37] [287/456] SCVP
[10:36:39] [288/456] PLUS
[10:36:39] [289/456] MUCK
[10:36:41] [290/456] MTMA
[10:36:42] [291/456] HPVR
[10:36:44] [292/456] PMPK
[10:36:46] [293/456] MAJB
[10:36:48] [294/456] CTRR
[10:36:49] [295/456] MCTG
[10:36:50] [296/456] MACE
[10:36:50] 🔄 Identity reset
[10:36:50] 🔄 Identity rotated (every 10 requests)
[10:36:52] [297/456] AAAS
[10:36:53] [298/456] CPVV
[10:36:54] [299/456] RCHG
[10:36:56] [300/456] MCNE
[10:36:57] [301/456] EMNC
[10:36:58] [302/456] MCAN
[10:37:02] [303/456] TCDM
[10:37:04] [304/456] IRGT
[10:37:05] [305/456] GCMG
[10:37:06] [306/456] MXSN
[10:37:06] 🔄 Identity reset
[10:37:06] 🔄 Identity rotated (every 10 requests)
[10:37:07] [307/456] MXCK
[10:37:08] [308/456] MCRC
[10:37:09] [309/456] RSMI
[10:37:11] [310/456] WAML
[10:37:12] [311/456] MTSC
[10:37:14] [312/456] FMDR
[10:37:16] [313/456] LEPV
[10:37:17] [314/456] MTGD
[10:37:18] [315/456] IMOB
[10:37:20] [316/456] CLMM
[10:37:20] 🔄 Identity reset
[10:37:20] 🔄 Identity rotated (every 10 requests)
[10:37:21] [317/456] PZCD
[10:37:22] [318/456] GOCS
[10:37:23] [319/456] KCMA
[10:37:24] [320/456] CCMP
[10:37:26] [321/456] MTSU
[10:37:28] [322/456] SNGL
[10:37:29] [323/456] MMMC
[10:37:30] [324/456] MMAA
[10:37:32] [325/456] GCDM
[10:37:34] [326/456] KTMV
[10:37:34] 🔄 Identity reset
[10:37:34] 🔄 Identity rotated (every 10 requests)
[10:37:35] [327/456] AETE
[10:37:36] [328/456] OMCS
[10:37:37] [329/456] GDCD
[10:37:39] [330/456] NYMD
[10:37:40] [331/456] RNCV
[10:37:42] [332/456] KKMT
[10:37:43] [333/456] GDTH
[10:37:44] [334/456] KMMV
[10:37:46] [335/456] NHCG
[10:37:47] [336/456] PJDW
[10:37:47] 🔄 Identity reset
[10:37:47] 🔄 Identity rotated (every 10 requests)
[10:37:49] [337/456] MMCV
[10:37:51] [338/456] FQSA
[10:38:03] 🔄 Retry 1/5 for FQSA in 2.8s
[10:38:03] 🔄 Identity reset
[10:38:05] 🧠 New identity created
[10:38:12] [339/456] KURL
[10:38:14] [340/456] NNNX
[10:38:14] [341/456] AMAU
[10:38:16] [342/456] VVVM
[10:38:17] [343/456] VECU
[10:38:18] [344/456] WCVR
[10:38:20] [345/456] MTGG
[10:38:20] 🔄 Identity reset
[10:38:20] 🔄 Identity rotated (every 10 requests)
[10:38:20] [346/456] SGTG
[10:38:22] [347/456] MNTG
[10:38:23] [348/456] JDDG
[10:38:25] [349/456] MBTK
[10:38:26] [350/456] SGCD
[10:38:28] [351/456] MCTC
[10:38:29] [352/456] JTPC
[10:38:31] [353/456] SDKT
[10:38:33] [354/456] KRCC
[10:38:34] [355/456] RMMD
[10:38:34] 🔄 Identity reset
[10:38:34] 🔄 Identity rotated (every 10 requests)
[10:38:36] [356/456] AAME
[10:38:37] [357/456] TMWC
[10:38:39] [358/456] NRWY
[10:38:40] [359/456] CITD
[10:38:41] [360/456] VERD
[10:38:42] [361/456] MKSK
[10:38:44] [362/456] STSM
[10:38:45] [363/456] MJDG
[10:38:46] [364/456] RKPM
[10:38:47] [365/456] SSCE
[10:38:47] 🔄 Identity reset
[10:38:47] 🔄 Identity rotated (every 10 requests)
[10:38:48] [366/456] VMAE
[10:38:49] [367/456] SBRU
[10:38:51] [368/456] AMBC
[10:38:53] [369/456] AMLU
[10:38:54] [370/456] INVZ
[10:38:55] [371/456] LGTV
[10:38:57] [372/456] SVAD
[10:38:59] [373/456] SMSA
[10:39:00] [374/456] SPCZ
[10:39:01] [375/456] GTCX
[10:39:01] 🔄 Identity reset
[10:39:01] 🔄 Identity rotated (every 10 requests)
[10:39:03] [376/456] SCSL
[10:39:04] [377/456] SAHU
[10:39:06] [378/456] NCDA
[10:39:07] [379/456] SCCG
[10:39:08] [380/456] VKTL
[10:39:10] [381/456] PUUJ
[10:39:11] [382/456] STEJ
[10:39:13] [383/456] RJAL
[10:39:15] [384/456] ACJC
[10:39:16] [385/456] ARVB
[10:39:16] 🔄 Identity reset
[10:39:16] 🔄 Identity rotated (every 10 requests)
[10:39:18] [386/456] AUBB
[10:39:20] [387/456] GDBR
[10:39:21] [388/456] PVND
[10:39:21] [389/456] BGRJ
[10:39:22] [390/456] RJMM
[10:39:24] [391/456] MCSA
[10:39:25] [392/456] BODA
[10:39:27] [393/456] JAGG
[10:39:28] [394/456] SCGA
[10:39:30] [395/456] LRCM
[10:39:30] 🔄 Identity reset
[10:39:30] 🔄 Identity rotated (every 10 requests)
[10:39:31] [396/456] CPCN
[10:39:32] [397/456] SSTF
[10:39:33] [398/456] SRXP
[10:39:35] [399/456] CNFX
[10:39:37] [400/456] ANDI
[10:39:38] [401/456] SYEW
[10:39:39] [402/456] RCRE
[10:39:40] [403/456] SCRW
[10:39:41] [404/456] MBKR
[10:39:43] [405/456] ASNT
[10:39:43] 🔄 Identity reset
[10:39:43] 🔄 Identity rotated (every 10 requests)
[10:39:44] [406/456] JTMT
[10:39:45] [407/456] SHAY
[10:39:47] [408/456] VRTH
[10:39:48] [409/456] SPTI
[10:39:50] [410/456] DPTD
[10:39:51] [411/456] TGSN
[10:39:52] [412/456] RCWV
[10:39:54] [413/456] OCUR
[10:39:55] [414/456] KSTC
[10:39:57] [415/456] SANI
[10:39:57] 🔄 Identity reset
[10:39:57] 🔄 Identity rotated (every 10 requests)
[10:39:58] [416/456] MLCA
[10:39:59] [417/456] EGCA
[10:40:00] [418/456] SYSN
[10:40:02] [419/456] PKTA
[10:40:03] [420/456] PRCC
[10:40:05] [421/456] KSTR
[10:40:06] [422/456] SNTP
[10:40:08] [423/456] RCHA
[10:40:09] [424/456] SEEA
[10:40:11] [425/456] ALAT
[10:40:11] 🔄 Identity reset
[10:40:11] 🔄 Identity rotated (every 10 requests)
[10:40:11] 🔄 Retry 1/5 for ALAT in 2.2s
[10:40:11] 🔄 Identity reset
[10:40:13] 🧠 New identity created
[10:40:15] [426/456] AATV
[10:40:16] [427/456] RJTE
[10:40:17] [428/456] AAPP
[10:40:18] [429/456] PMMH
[10:40:20] [430/456] INRJ
[10:40:20] [431/456] SARB
[10:40:22] [432/456] PCJL
[10:40:23] [433/456] PFJJ
[10:40:24] [434/456] GRDC
[10:40:24] 🔄 Identity reset
[10:40:24] 🔄 Identity rotated (every 10 requests)
[10:40:26] [435/456] BCBA
[10:40:28] [436/456] VIXL
[10:40:29] [437/456] CSTL
[10:40:31] [438/456] MTDK
[10:40:32] [439/456] TDAC
[10:40:33] [440/456] GTDN
[10:40:35] [441/456] TTDE
[10:40:37] [442/456] ASTS
[10:40:38] [443/456] CPNS
[10:40:40] [444/456] PVVW
[10:40:40] 🔄 Identity reset
[10:40:40] 🔄 Identity rotated (every 10 requests)
[10:40:41] [445/456] USEB
[10:40:43] [446/456] DTYN
[10:40:44] [447/456] PVLE
[10:40:45] [448/456] CIPS
[10:40:46] [449/456] PAEG
[10:40:50] [450/456] PTCW
[10:40:52] [451/456] G3SR
[10:40:53] [452/456] PGND
[10:40:55] [453/456] INVM
[10:40:56] [454/456] SPIA
[10:40:56] 🔄 Identity reset
[10:40:56] 🔄 Identity rotated (every 10 requests)
[10:40:58] [455/456] PCSN
[10:40:59] [456/456] PPGV
[10:41:01] 🧹 Deduping shows
[10:41:01] ✅ DONE | Shows=4914 | Movies=90
[17:05:36] 🚀 SCRIPT STARTED
[17:05:36] [1/456] FNDB
[17:05:36] 🧠 New identity created
[17:05:38] [2/456] AMBH
[17:05:39] [3/456] PRHN
[17:05:40] [4/456] ACPM
[17:05:41] [5/456] PVFS
[17:05:42] [6/456] AACN
[17:05:43] [7/456] ACAS
[17:05:44] [8/456] CTNR
[17:05:46] [9/456] MMAH
[17:05:47] [10/456] CPMH
[17:05:47] 🔄 Identity reset
[17:05:47] 🔄 Identity rotated (every 10 requests)
[17:05:49] [11/456] IGMH
[17:05:51] [12/456] ABCS
[17:05:51] [13/456] CMMA
[17:05:52] [14/456] GPRH
[17:05:53] [15/456] PNNG
[17:05:54] [16/456] AMCA
[17:05:55] [17/456] ISTN
[17:05:55] [18/456] PIIC
[17:05:57] [19/456] AHMH
[17:05:58] [20/456] ASHN
[17:05:58] 🔄 Identity reset
[17:05:59] 🔄 Identity rotated (every 10 requests)
[17:06:00] [21/456] INHY
[17:06:00] [22/456] SRMO
[17:06:02] [23/456] PIMH
[17:06:03] [24/456] PVTS
[17:06:04] [25/456] MMCA
[17:06:05] [26/456] AKYJ
[17:06:06] [27/456] BRKH
[17:06:07] [28/456] MAHM
[17:06:09] [29/456] CPHY
[17:06:10] [30/456] PVTP
[17:06:10] 🔄 Identity reset
[17:06:10] 🔄 Identity rotated (every 10 requests)
[17:06:11] [31/456] SMMR
[17:06:13] [32/456] PVHM
[17:06:13] [33/456] SNDY
[17:06:14] [34/456] GOKU
[17:06:15] [35/456] ACEV
[17:06:16] [36/456] PVUM
[17:06:18] [37/456] VSWA
[17:06:19] [38/456] IPRS
[17:06:19] [39/456] BKMV
[17:06:20] [40/456] PVYH
[17:06:20] 🔄 Identity reset
[17:06:20] 🔄 Identity rotated (every 10 requests)
[17:06:21] [41/456] INKM
[17:06:22] [42/456] ARJU
[17:06:23] [43/456] JJPP
[17:06:24] [44/456] SSRM
[17:06:24] [45/456] HMHD
[17:06:26] [46/456] SNKH
[17:06:27] [47/456] ACHI
[17:06:28] [48/456] MRAA
[17:06:29] [49/456] INMH
[17:06:31] [50/456] ARMH
[17:06:31] 🔄 Identity reset
[17:06:31] 🔄 Identity rotated (every 10 requests)
[17:06:31] [51/456] DVRR
[17:06:32] [52/456] SUDA
[17:06:33] [53/456] MCSS
[17:06:35] [54/456] VRKC
[17:06:36] [55/456] PRCX
[17:06:37] [56/456] ASJY
[17:06:38] [57/456] MTHY
[17:06:39] [58/456] SRCM
[17:06:40] [59/456] TVHY
[17:06:41] [60/456] STHD
[17:06:41] 🔄 Identity reset
[17:06:41] 🔄 Identity rotated (every 10 requests)
[17:06:42] [61/456] CPCL
[17:06:43] [62/456] PSMJ
[17:06:44] [63/456] MRGT
[17:06:45] [64/456] ARYH
[17:06:46] [65/456] VTRB
[17:06:46] [66/456] SCHC
[17:06:47] [67/456] MRRG
[17:06:48] [68/456] SPCB
[17:06:49] [69/456] AMCM
[17:06:50] [70/456] IVNM
[17:06:50] 🔄 Identity reset
[17:06:50] 🔄 Identity rotated (every 10 requests)
[17:06:52] [71/456] TRHY
[17:06:53] [72/456] PTTH
[17:06:54] [73/456] RKMH
[17:06:55] [74/456] PRCS
[17:06:56] [75/456] VAJA
[17:06:58] [76/456] BJNG
[17:06:58] [77/456] SCVM
[17:06:59] [78/456] GNHB
[17:07:00] [79/456] TLUR
[17:07:01] [80/456] UKCC
[17:07:01] 🔄 Identity reset
[17:07:01] 🔄 Identity rotated (every 10 requests)
[17:07:01] 🔄 Retry 1/5 for UKCC in 2.4s
[17:07:01] 🔄 Identity reset
[17:07:03] 🧠 New identity created
[17:07:04] [81/456] SRKR
[17:07:05] [82/456] RMKN
[17:07:06] [83/456] SLRT
[17:07:07] [84/456] LKMT
[17:07:08] [85/456] SSRJ
[17:07:09] [86/456] SPHT
[17:07:10] [87/456] ANTT
[17:07:11] [88/456] SRCH
[17:07:12] [89/456] SRCA
[17:07:12] 🔄 Identity reset
[17:07:12] 🔄 Identity rotated (every 10 requests)
[17:07:13] [90/456] ARTH
[17:07:13] [91/456] MCBH
[17:07:14] [92/456] SNIB
[17:07:15] [93/456] SART
[17:07:16] [94/456] SKTA
[17:07:18] [95/456] YAKT
[17:07:19] [96/456] MLCK
[17:07:20] [97/456] ANTS
[17:07:21] [98/456] DGCA
[17:07:22] [99/456] SGMP
[17:07:22] 🔄 Identity reset
[17:07:22] 🔄 Identity rotated (every 10 requests)
[17:07:23] [100/456] ASWN
[17:07:24] [101/456] KFVU
[17:07:25] [102/456] POOR
[17:07:26] [103/456] GKDN
[17:07:27] [104/456] EOSE
[17:07:27] [105/456] GTTT
[17:07:28] [106/456] ARRO
[17:07:28] [107/456] CMMK
[17:07:29] [108/456] MSCN
[17:07:31] [109/456] GDKH
[17:07:31] 🔄 Identity reset
[17:07:31] 🔄 Identity rotated (every 10 requests)
[17:07:31] 🔄 Retry 1/5 for GDKH in 2.4s
[17:07:31] 🔄 Identity reset
[17:07:33] 🧠 New identity created
[17:07:34] [110/456] DLMT
[17:07:35] [111/456] PVMF
[17:07:35] [112/456] CPCK
[17:07:36] [113/456] VMHE
[17:07:37] [114/456] PVLC
[17:07:38] [115/456] PCVB
[17:07:39] [116/456] SNYK
[17:07:40] [117/456] KTEK
[17:07:41] [118/456] PCNM
[17:07:41] 🔄 Identity reset
[17:07:41] 🔄 Identity rotated (every 10 requests)
[17:07:42] [119/456] NTTR
[17:07:43] [120/456] CPSK
[17:07:43] [121/456] JMMA
[17:07:44] [122/456] GCFK
[17:07:45] [123/456] MYCA
[17:07:46] [124/456] KSNP
[17:07:48] [125/456] PMCE
[17:07:49] [126/456] SCKI
[17:07:50] [127/456] FSMA
[17:07:51] [128/456] CETA
[17:07:51] 🔄 Identity reset
[17:07:51] 🔄 Identity rotated (every 10 requests)
[17:07:52] [129/456] MCIK
[17:07:54] [130/456] MYCR
[17:07:55] [131/456] EVMP
[17:07:56] [132/456] SSGT
[17:07:57] [133/456] KCTK
[17:07:57] [134/456] ZTKC
[17:07:58] [135/456] MMTA
[17:07:59] [136/456] MAJT
[17:08:00] [137/456] ACPK
[17:08:01] [138/456] JMAX
[17:08:01] 🔄 Identity reset
[17:08:01] 🔄 Identity rotated (every 10 requests)
[17:08:02] [139/456] SETK
[17:08:02] [140/456] CAIS
[17:08:04] [141/456] AGCD
[17:08:05] [142/456] URCL
[17:08:06] [143/456] VTDS
[17:08:07] [144/456] JCNM
[17:08:08] [145/456] KCAM
[17:08:08] [146/456] ADCU
[17:08:09] [147/456] GXYN
[17:08:10] [148/456] SMJG
[17:08:10] 🔄 Identity reset
[17:08:10] 🔄 Identity rotated (every 10 requests)
[17:08:11] [149/456] EYCJ
[17:08:11] [150/456] CCEJ
[17:08:12] [151/456] MARS
[17:08:13] [152/456] CPVJ
[17:08:14] [153/456] INVP
[17:08:14] [154/456] CPOV
[17:08:16] [155/456] VIJK
[17:08:18] [156/456] LAIM
[17:08:18] [157/456] STHV
[17:08:20] [158/456] SVLJ
[17:08:20] 🔄 Identity reset
[17:08:20] 🔄 Identity rotated (every 10 requests)
[17:08:21] [159/456] ATVJ
[17:08:21] [160/456] JTSC
[17:08:22] [161/456] RMTV
[17:08:23] [162/456] MGGG
[17:08:23] [163/456] SWTH
[17:08:24] [164/456] INVJ
[17:08:25] [165/456] PRSV
[17:08:27] [166/456] JATV
[17:08:28] [167/456] RCVD
[17:08:29] [168/456] BDMA
[17:08:29] 🔄 Identity reset
[17:08:29] 🔄 Identity rotated (every 10 requests)
[17:08:30] [169/456] BLJI
[17:08:31] [170/456] SWOT
[17:08:32] [171/456] SWRN
[17:08:32] [172/456] TVRA
[17:08:34] [173/456] NVRN
[17:08:35] [174/456] SIKC
[17:08:36] [175/456] VAKR
[17:08:37] [176/456] SYLN
[17:08:37] [177/456] KLJL
[17:08:38] [178/456] LKMY
[17:08:38] 🔄 Identity reset
[17:08:38] 🔄 Identity rotated (every 10 requests)
[17:08:39] [179/456] VSLY
[17:08:41] [180/456] CIKO
[17:08:41] [181/456] GPBG
[17:08:43] [182/456] CECM
[17:08:44] [183/456] SLKB
[17:08:45] [184/456] MTBO
[17:08:46] [185/456] SSHB
[17:08:48] [186/456] VPCS
[17:08:49] [187/456] RCSR
[17:08:50] [188/456] RJRM
[17:08:50] 🔄 Identity reset
[17:08:50] 🔄 Identity rotated (every 10 requests)
[17:08:51] [189/456] KPPB
[17:08:52] [190/456] SEDC
[17:08:53] [191/456] SCAI
[17:08:55] [192/456] RMTR
[17:08:56] [193/456] ASST
[17:08:57] [194/456] GCAK
[17:08:58] [195/456] ANNK
[17:08:58] [196/456] KDDF
[17:08:59] [197/456] NRDP
[17:09:01] [198/456] PLAK
[17:09:01] 🔄 Identity reset
[17:09:01] 🔄 Identity rotated (every 10 requests)
[17:09:02] [199/456] GCMC
[17:09:02] [200/456] ALPY
[17:09:03] [201/456] SICE
[17:09:04] [202/456] SISR
[17:09:05] [203/456] SRPZ
[17:09:05] [204/456] SRSW
[17:09:06] [205/456] SUYA
[17:09:07] [206/456] AMMT
[17:09:08] [207/456] BHCU
[17:09:08] [208/456] KLPA
[17:09:08] 🔄 Identity reset
[17:09:08] 🔄 Identity rotated (every 10 requests)
[17:09:09] [209/456] NVKH
[17:09:10] [210/456] JMRC
[17:09:11] [211/456] KTTT
[17:09:12] [212/456] MAGH
[17:09:13] [213/456] MMMX
[17:09:13] [214/456] SALJ
[17:09:14] [215/456] GTJA
[17:09:15] [216/456] MAHT
[17:09:17] [217/456] SSNN
[17:09:18] [218/456] ARRP
[17:09:18] 🔄 Identity reset
[17:09:18] 🔄 Identity rotated (every 10 requests)
[17:09:20] [219/456] ATNS
[17:09:20] [220/456] SKDT
[17:09:22] [221/456] ACAT
[17:09:22] [222/456] APRC
[17:09:24] [223/456] SWAG
[17:09:25] [224/456] SDPT
[17:09:26] [225/456] STPS
[17:09:27] [226/456] WWCZ
[17:09:29] [227/456] LLCH
[17:09:29] [228/456] MZHA
[17:09:29] 🔄 Identity reset
[17:09:29] 🔄 Identity rotated (every 10 requests)
[17:09:30] [229/456] CRJG
[17:09:32] [230/456] JGTK
[17:09:33] [231/456] KCSR
[17:09:33] [232/456] CHTL
[17:09:34] [233/456] EDSR
[17:09:35] [234/456] CSWO
[17:09:35] [235/456] CPVM
[17:09:36] [236/456] MXBY
[17:09:37] [237/456] FMMA
[17:09:37] [238/456] POVI
[17:09:37] 🔄 Identity reset
[17:09:37] 🔄 Identity rotated (every 10 requests)
[17:09:38] [239/456] MTHB
[17:09:39] [240/456] INRC
[17:09:40] [241/456] PIPP
[17:09:41] [242/456] BMXC
[17:09:41] [243/456] PCMM
[17:09:42] [244/456] PMKM
[17:09:43] [245/456] GATY
[17:09:44] [246/456] IMCM
[17:09:45] [247/456] POPE
[17:09:45] [248/456] MTCR
[17:09:45] 🔄 Identity reset
[17:09:45] 🔄 Identity rotated (every 10 requests)
[17:09:45] 🔄 Retry 1/5 for MTCR in 2.4s
[17:09:45] 🔄 Identity reset
[17:09:48] 🧠 New identity created
[17:09:48] 🔄 Retry 2/5 for MTCR in 4.2s
[17:09:48] 🔄 Identity reset
[17:09:52] 🧠 New identity created
[17:09:53] [249/456] PVAE
[17:09:54] [250/456] PVMI
[17:09:55] [251/456] CPNM
[17:09:56] [252/456] FMRL
[17:09:57] [253/456] MCIW
[17:09:58] [254/456] MXBO
[17:09:59] [255/456] FMKY
[17:10:00] [256/456] FMDA
[17:10:00] 🔄 Identity reset
[17:10:00] 🔄 Identity rotated (every 10 requests)
[17:10:00] [257/456] THAB
[17:10:01] [258/456] PRCW
[17:10:03] [259/456] PITI
[17:10:04] [260/456] MCFF
[17:10:04] [261/456] PDDV
[17:10:05] [262/456] MCRM
[17:10:06] [263/456] KKMB
[17:10:06] [264/456] INKO
[17:10:07] [265/456] PLXP
[17:10:08] [266/456] MMHA
[17:10:08] 🔄 Identity reset
[17:10:08] 🔄 Identity rotated (every 10 requests)
[17:10:10] [267/456] FMVS
[17:10:11] [268/456] POLM
[17:10:12] [269/456] STER
[17:10:13] [270/456] PVWJ
[17:10:13] [271/456] IMJW
[17:10:14] [272/456] FNAN
[17:10:15] [273/456] CAGL
[17:10:15] [274/456] IPBG
[17:10:16] [275/456] SMFV
[17:10:18] [276/456] MMMR
[17:10:18] 🔄 Identity reset
[17:10:18] 🔄 Identity rotated (every 10 requests)
[17:10:18] [277/456] MMWM
[17:10:19] [278/456] FNCM
[17:10:20] [279/456] MDVA
[17:10:21] [280/456] MMET
[17:10:21] [281/456] MIDO
[17:10:22] [282/456] INNP
[17:10:23] [283/456] MIFU
[17:10:24] [284/456] MMSZ
[17:10:25] [285/456] BMXA
[17:10:26] [286/456] MCAA
[17:10:26] 🔄 Identity reset
[17:10:26] 🔄 Identity rotated (every 10 requests)
[17:10:26] [287/456] SCVP
[17:10:28] [288/456] PLUS
[17:10:29] [289/456] MUCK
[17:10:30] [290/456] MTMA
[17:10:30] [291/456] HPVR
[17:10:31] [292/456] PMPK
[17:10:32] [293/456] MAJB
[17:10:34] [294/456] CTRR
[17:10:34] [295/456] MCTG
[17:10:35] [296/456] MACE
[17:10:35] 🔄 Identity reset
[17:10:35] 🔄 Identity rotated (every 10 requests)
[17:10:36] [297/456] AAAS
[17:10:37] [298/456] CPVV
[17:10:38] [299/456] RCHG
[17:10:39] [300/456] MCNE
[17:10:39] [301/456] EMNC
[17:10:40] [302/456] MCAN
[17:10:41] [303/456] TCDM
[17:10:42] [304/456] IRGT
[17:10:43] [305/456] GCMG
[17:10:44] [306/456] MXSN
[17:10:44] 🔄 Identity reset
[17:10:44] 🔄 Identity rotated (every 10 requests)
[17:10:45] [307/456] MXCK
[17:10:47] [308/456] MCRC
[17:10:48] [309/456] RSMI
[17:10:50] [310/456] WAML
[17:10:51] [311/456] MTSC
[17:10:52] [312/456] FMDR
[17:10:53] [313/456] LEPV
[17:10:54] [314/456] MTGD
[17:10:56] [315/456] IMOB
[17:10:57] [316/456] CLMM
[17:10:57] 🔄 Identity reset
[17:10:57] 🔄 Identity rotated (every 10 requests)
[17:10:59] [317/456] PZCD
[17:11:00] [318/456] GOCS
[17:11:00] [319/456] KCMA
[17:11:01] [320/456] CCMP
[17:11:02] [321/456] MTSU
[17:11:02] [322/456] SNGL
[17:11:03] [323/456] MMMC
[17:11:03] [324/456] MMAA
[17:11:04] [325/456] GCDM
[17:11:05] [326/456] KTMV
[17:11:05] 🔄 Identity reset
[17:11:05] 🔄 Identity rotated (every 10 requests)
[17:11:06] [327/456] AETE
[17:11:07] [328/456] OMCS
[17:11:08] [329/456] GDCD
[17:11:09] [330/456] NYMD
[17:11:10] [331/456] RNCV
[17:11:11] [332/456] KKMT
[17:11:12] [333/456] GDTH
[17:11:13] [334/456] KMMV
[17:11:14] [335/456] NHCG
[17:11:15] [336/456] PJDW
[17:11:15] 🔄 Identity reset
[17:11:15] 🔄 Identity rotated (every 10 requests)
[17:11:15] [337/456] MMCV
[17:11:16] [338/456] FQSA
[17:11:17] [339/456] KURL
[17:11:18] [340/456] NNNX
[17:11:19] [341/456] AMAU
[17:11:19] [342/456] VVVM
[17:11:20] [343/456] VECU
[17:11:21] [344/456] WCVR
[17:11:23] [345/456] MTGG
[17:11:23] [346/456] SGTG
[17:11:23] 🔄 Identity reset
[17:11:23] 🔄 Identity rotated (every 10 requests)
[17:11:24] [347/456] MNTG
[17:11:25] [348/456] JDDG
[17:11:25] [349/456] MBTK
[17:11:26] [350/456] SGCD
[17:11:27] [351/456] MCTC
[17:11:27] [352/456] JTPC
[17:11:28] [353/456] SDKT
[17:11:29] [354/456] KRCC
[17:11:30] [355/456] RMMD
[17:11:31] [356/456] AAME
[17:11:31] 🔄 Identity reset
[17:11:31] 🔄 Identity rotated (every 10 requests)
[17:11:33] [357/456] TMWC
[17:11:34] [358/456] NRWY
[17:11:34] [359/456] CITD
[17:11:35] [360/456] VERD
[17:11:36] [361/456] MKSK
[17:11:37] [362/456] STSM
[17:11:38] [363/456] MJDG
[17:11:38] [364/456] RKPM
[17:11:39] [365/456] SSCE
[17:11:40] [366/456] VMAE
[17:11:40] 🔄 Identity reset
[17:11:40] 🔄 Identity rotated (every 10 requests)
[17:11:41] [367/456] SBRU
[17:11:42] [368/456] AMBC
[17:11:43] [369/456] AMLU
[17:11:44] [370/456] INVZ
[17:11:45] [371/456] LGTV
[17:11:46] [372/456] SVAD
[17:11:47] [373/456] SMSA
[17:11:47] [374/456] SPCZ
[17:11:48] [375/456] GTCX
[17:11:49] [376/456] SCSL
[17:11:49] 🔄 Identity reset
[17:11:49] 🔄 Identity rotated (every 10 requests)
[17:11:49] [377/456] SAHU
[17:11:50] [378/456] NCDA
[17:11:51] [379/456] SCCG
[17:11:51] [380/456] VKTL
[17:11:52] [381/456] PUUJ
[17:11:53] [382/456] STEJ
[17:11:54] [383/456] RJAL
[17:11:54] [384/456] ACJC
[17:11:55] [385/456] ARVB
[17:11:56] [386/456] AUBB
[17:11:56] 🔄 Identity reset
[17:11:56] 🔄 Identity rotated (every 10 requests)
[17:11:58] [387/456] GDBR
[17:11:58] [388/456] PVND
[17:11:59] [389/456] BGRJ
[17:12:01] [390/456] RJMM
[17:12:02] [391/456] MCSA
[17:12:02] [392/456] BODA
[17:12:03] [393/456] JAGG
[17:12:04] [394/456] SCGA
[17:12:05] [395/456] LRCM
[17:12:06] [396/456] CPCN
[17:12:06] 🔄 Identity reset
[17:12:06] 🔄 Identity rotated (every 10 requests)
[17:12:06] 🔄 Retry 1/5 for CPCN in 2.6s
[17:12:06] 🔄 Identity reset
[17:12:08] 🧠 New identity created
[17:12:09] [397/456] SSTF
[17:12:10] [398/456] SRXP
[17:12:11] [399/456] CNFX
[17:12:12] [400/456] ANDI
[17:12:13] [401/456] SYEW
[17:12:14] [402/456] RCRE
[17:12:15] [403/456] SCRW
[17:12:15] [404/456] MBKR
[17:12:16] [405/456] ASNT
[17:12:16] 🔄 Identity reset
[17:12:16] 🔄 Identity rotated (every 10 requests)
[17:12:17] [406/456] JTMT
[17:12:18] [407/456] SHAY
[17:12:19] [408/456] VRTH
[17:12:20] [409/456] SPTI
[17:12:20] [410/456] DPTD
[17:12:21] [411/456] TGSN
[17:12:22] [412/456] RCWV
[17:12:23] [413/456] OCUR
[17:12:24] [414/456] KSTC
[17:12:25] [415/456] SANI
[17:12:25] 🔄 Identity reset
[17:12:25] 🔄 Identity rotated (every 10 requests)
[17:12:26] [416/456] MLCA
[17:12:27] [417/456] EGCA
[17:12:28] [418/456] SYSN
[17:12:29] [419/456] PKTA
[17:12:30] [420/456] PRCC
[17:12:30] [421/456] KSTR
[17:12:31] [422/456] SNTP
[17:12:32] [423/456] RCHA
[17:12:33] [424/456] SEEA
[17:12:33] [425/456] ALAT
[17:12:33] 🔄 Identity reset
[17:12:33] 🔄 Identity rotated (every 10 requests)
[17:12:35] [426/456] AATV
[17:12:35] [427/456] RJTE
[17:12:36] [428/456] AAPP
[17:12:37] [429/456] PMMH
[17:12:38] [430/456] INRJ
[17:12:39] [431/456] SARB
[17:12:39] [432/456] PCJL
[17:12:40] [433/456] PFJJ
[17:12:42] [434/456] GRDC
[17:12:43] [435/456] BCBA
[17:12:43] 🔄 Identity reset
[17:12:43] 🔄 Identity rotated (every 10 requests)
[17:12:45] [436/456] VIXL
[17:12:47] [437/456] CSTL
[17:12:47] [438/456] MTDK
[17:12:48] [439/456] TDAC
[17:12:49] [440/456] GTDN
[17:12:50] [441/456] TTDE
[17:12:51] [442/456] ASTS
[17:12:52] [443/456] CPNS
[17:12:53] [444/456] PVVW
[17:12:54] [445/456] USEB
[17:12:54] 🔄 Identity reset
[17:12:54] 🔄 Identity rotated (every 10 requests)
[17:12:55] [446/456] DTYN
[17:12:56] [447/456] PVLE
[17:12:57] [448/456] CIPS
[17:12:58] [449/456] PAEG
[17:13:00] [450/456] PTCW
[17:13:01] [451/456] G3SR
[17:13:02] [452/456] PGND
[17:13:03] [453/456] INVM
[17:13:04] [454/456] SPIA
[17:13:05] [455/456] PCSN
[17:13:05] 🔄 Identity reset
[17:13:05] 🔄 Identity rotated (every 10 requests)
[17:13:05] [456/456] PPGV
[17:13:06] 🧹 Deduping shows
[17:13:06] ✅ DONE | Shows=5224 | Movies=89
[21:21:47] 🚀 SCRIPT STARTED
[21:21:47] [1/456] FNDB
[21:21:47] 🧠 New identity created
[21:21:47] 🔄 Retry 1/5 for FNDB in 2.2s
[21:21:47] 🔄 Identity reset
[21:21:50] 🧠 New identity created
[21:21:51] [2/456] AMBH
[21:21:52] [3/456] PRHN
[21:21:53] [4/456] ACPM
[21:21:54] [5/456] PVFS
[21:21:55] [6/456] AACN
[21:21:56] [7/456] ACAS
[21:21:57] [8/456] CTNR
[21:21:58] [9/456] MMAH
[21:21:58] 🔄 Identity reset
[21:21:58] 🔄 Identity rotated (every 10 requests)
[21:22:00] [10/456] CPMH
[21:22:01] [11/456] IGMH
[21:22:02] [12/456] ABCS
[21:22:03] [13/456] CMMA
[21:22:04] [14/456] GPRH
[21:22:06] [15/456] PNNG
[21:22:07] [16/456] AMCA
[21:22:07] [17/456] ISTN
[21:22:09] [18/456] PIIC
[21:22:09] [19/456] AHMH
[21:22:09] 🔄 Identity reset
[21:22:09] 🔄 Identity rotated (every 10 requests)
[21:22:10] [20/456] ASHN
[21:22:11] [21/456] INHY
[21:22:12] [22/456] SRMO
[21:22:14] [23/456] PIMH
[21:22:14] [24/456] PVTS
[21:22:16] [25/456] MMCA
[21:22:17] [26/456] AKYJ
[21:22:19] [27/456] BRKH
[21:22:20] [28/456] MAHM
[21:22:21] [29/456] CPHY
[21:22:21] 🔄 Identity reset
[21:22:21] 🔄 Identity rotated (every 10 requests)
[21:22:22] [30/456] PVTP
[21:22:23] [31/456] SMMR
[21:22:24] [32/456] PVHM
[21:22:25] [33/456] SNDY
[21:22:26] [34/456] GOKU
[21:22:28] [35/456] ACEV
[21:22:29] [36/456] PVUM
[21:22:30] [37/456] VSWA
[21:22:30] [38/456] IPRS
[21:22:31] [39/456] BKMV
[21:22:31] 🔄 Identity reset
[21:22:31] 🔄 Identity rotated (every 10 requests)
[21:22:32] [40/456] PVYH
[21:22:33] [41/456] INKM
[21:22:34] [42/456] ARJU
[21:22:35] [43/456] JJPP
[21:22:36] [44/456] SSRM
[21:22:37] [45/456] HMHD
[21:22:38] [46/456] SNKH
[21:22:39] [47/456] ACHI
[21:22:40] [48/456] MRAA
[21:22:41] [49/456] INMH
[21:22:41] 🔄 Identity reset
[21:22:41] 🔄 Identity rotated (every 10 requests)
[21:22:42] [50/456] ARMH
[21:22:44] [51/456] DVRR
[21:22:45] [52/456] SUDA
[21:22:46] [53/456] MCSS
[21:22:48] [54/456] VRKC
[21:22:49] [55/456] PRCX
[21:22:50] [56/456] ASJY
[21:22:51] [57/456] MTHY
[21:22:52] [58/456] SRCM
[21:22:54] [59/456] TVHY
[21:22:54] 🔄 Identity reset
[21:22:54] 🔄 Identity rotated (every 10 requests)
[21:22:55] [60/456] STHD
[21:22:56] [61/456] CPCL
[21:22:56] [62/456] PSMJ
[21:22:57] [63/456] MRGT
[21:22:58] [64/456] ARYH
[21:22:59] [65/456] VTRB
[21:23:00] [66/456] SCHC
[21:23:01] [67/456] MRRG
[21:23:02] [68/456] SPCB
[21:23:02] [69/456] AMCM
[21:23:02] 🔄 Identity reset
[21:23:02] 🔄 Identity rotated (every 10 requests)
[21:23:04] [70/456] IVNM
[21:23:05] [71/456] TRHY
[21:23:05] [72/456] PTTH
[21:23:06] [73/456] RKMH
[21:23:07] [74/456] PRCS
[21:23:08] [75/456] VAJA
[21:23:09] [76/456] BJNG
[21:23:11] [77/456] SCVM
[21:23:12] [78/456] GNHB
[21:23:12] [79/456] TLUR
[21:23:12] 🔄 Identity reset
[21:23:12] 🔄 Identity rotated (every 10 requests)
[21:23:13] [80/456] UKCC
[21:23:14] [81/456] SRKR
[21:23:15] [82/456] RMKN
[21:23:16] [83/456] SLRT
[21:23:17] [84/456] LKMT
[21:23:18] [85/456] SSRJ
[21:23:19] [86/456] SPHT
[21:23:20] [87/456] ANTT
[21:23:21] [88/456] SRCH
[21:23:22] [89/456] SRCA
[21:23:22] 🔄 Identity reset
[21:23:22] 🔄 Identity rotated (every 10 requests)
[21:23:23] [90/456] ARTH
[21:23:24] [91/456] MCBH
[21:23:25] [92/456] SNIB
[21:23:26] [93/456] SART
[21:23:27] [94/456] SKTA
[21:23:28] [95/456] YAKT
[21:23:29] [96/456] MLCK
[21:23:30] [97/456] ANTS
[21:23:32] [98/456] DGCA
[21:23:33] [99/456] SGMP
[21:23:33] 🔄 Identity reset
[21:23:33] 🔄 Identity rotated (every 10 requests)
[21:23:33] 🔄 Retry 1/5 for SGMP in 2.8s
[21:23:33] 🔄 Identity reset
[21:23:36] 🧠 New identity created
[21:23:38] [100/456] ASWN
[21:23:39] [101/456] KFVU
[21:23:40] [102/456] POOR
[21:23:41] [103/456] GKDN
[21:23:42] [104/456] EOSE
[21:23:43] [105/456] GTTT
[21:23:44] [106/456] ARRO
[21:23:45] [107/456] CMMK
[21:23:46] [108/456] MSCN
[21:23:46] 🔄 Identity reset
[21:23:46] 🔄 Identity rotated (every 10 requests)
[21:23:47] [109/456] GDKH
[21:23:48] [110/456] DLMT
[21:23:49] [111/456] PVMF
[21:23:50] [112/456] CPCK
[21:23:51] [113/456] VMHE
[21:23:53] [114/456] PVLC
[21:23:54] [115/456] PCVB
[21:23:55] [116/456] SNYK
[21:23:56] [117/456] KTEK
[21:23:56] [118/456] PCNM
[21:23:56] 🔄 Identity reset
[21:23:56] 🔄 Identity rotated (every 10 requests)
[21:23:57] 🔄 Retry 1/5 for PCNM in 2.6s
[21:23:57] 🔄 Identity reset
[21:23:59] 🧠 New identity created
[21:23:59] 🔄 Retry 2/5 for PCNM in 4.8s
[21:23:59] 🔄 Identity reset
[21:24:04] 🧠 New identity created
[21:24:05] [119/456] NTTR
[21:24:06] [120/456] CPSK
[21:24:07] [121/456] JMMA
[21:24:08] [122/456] GCFK
[21:24:10] [123/456] MYCA
[21:24:11] [124/456] KSNP
[21:24:12] [125/456] PMCE
[21:24:13] [126/456] SCKI
[21:24:13] 🔄 Identity reset
[21:24:13] 🔄 Identity rotated (every 10 requests)
[21:24:13] 🔄 Retry 1/5 for SCKI in 2.6s
[21:24:13] 🔄 Identity reset
[21:24:16] 🧠 New identity created
[21:24:16] 🔄 Retry 2/5 for SCKI in 4.6s
[21:24:16] 🔄 Identity reset
[21:24:21] 🧠 New identity created
[21:24:22] [127/456] FSMA
[21:24:23] [128/456] CETA
[21:24:24] [129/456] MCIK
[21:24:26] [130/456] MYCR
[21:24:27] [131/456] EVMP
[21:24:27] [132/456] SSGT
[21:24:29] [133/456] KCTK
[21:24:29] [134/456] ZTKC
[21:24:29] 🔄 Identity reset
[21:24:29] 🔄 Identity rotated (every 10 requests)
[21:24:29] 🔄 Retry 1/5 for ZTKC in 2.1s
[21:24:29] 🔄 Identity reset
[21:24:32] 🧠 New identity created
[21:24:33] [135/456] MMTA
[21:24:33] [136/456] MAJT
[21:24:35] [137/456] ACPK
[21:24:36] [138/456] JMAX
[21:24:37] [139/456] SETK
[21:24:38] [140/456] CAIS
[21:24:38] [141/456] AGCD
[21:24:39] [142/456] URCL
[21:24:41] [143/456] VTDS
[21:24:41] 🔄 Identity reset
[21:24:41] 🔄 Identity rotated (every 10 requests)
[21:24:42] [144/456] JCNM
[21:24:44] [145/456] KCAM
[21:24:45] [146/456] ADCU
[21:24:46] [147/456] GXYN
[21:24:46] [148/456] SMJG
[21:24:47] [149/456] EYCJ
[21:24:48] [150/456] CCEJ
[21:24:49] [151/456] MARS
[21:24:50] [152/456] CPVJ
[21:24:51] [153/456] INVP
[21:24:51] 🔄 Identity reset
[21:24:51] 🔄 Identity rotated (every 10 requests)
[21:24:52] [154/456] CPOV
[21:24:53] [155/456] VIJK
[21:24:55] [156/456] LAIM
[21:24:55] [157/456] STHV
[21:24:56] [158/456] SVLJ
[21:24:58] [159/456] ATVJ
[21:24:59] [160/456] JTSC
[21:25:00] [161/456] RMTV
[21:25:01] [162/456] MGGG
[21:25:02] [163/456] SWTH
[21:25:02] 🔄 Identity reset
[21:25:02] 🔄 Identity rotated (every 10 requests)
[21:25:02] [164/456] INVJ
[21:25:03] [165/456] PRSV
[21:25:04] [166/456] JATV
[21:25:05] [167/456] RCVD
[21:25:07] [168/456] BDMA
[21:25:08] [169/456] BLJI
[21:25:09] [170/456] SWOT
[21:25:11] [171/456] SWRN
[21:25:12] [172/456] TVRA
[21:25:12] [173/456] NVRN
[21:25:12] 🔄 Identity reset
[21:25:12] 🔄 Identity rotated (every 10 requests)
[21:25:13] [174/456] SIKC
[21:25:15] [175/456] VAKR
[21:25:16] [176/456] SYLN
[21:25:17] [177/456] KLJL
[21:25:18] [178/456] LKMY
[21:25:20] [179/456] VSLY
[21:25:20] [180/456] CIKO
[21:25:22] [181/456] GPBG
[21:25:23] [182/456] CECM
[21:25:24] [183/456] SLKB
[21:25:24] 🔄 Identity reset
[21:25:24] 🔄 Identity rotated (every 10 requests)
[21:25:26] [184/456] MTBO
[21:25:26] [185/456] SSHB
[21:25:28] [186/456] VPCS
[21:25:30] [187/456] RCSR
[21:25:31] [188/456] RJRM
[21:25:32] [189/456] KPPB
[21:25:33] [190/456] SEDC
[21:25:33] [191/456] SCAI
[21:25:35] [192/456] RMTR
[21:25:35] [193/456] ASST
[21:25:35] 🔄 Identity reset
[21:25:35] 🔄 Identity rotated (every 10 requests)
[21:25:36] [194/456] GCAK
[21:25:37] [195/456] ANNK
[21:25:38] [196/456] KDDF
[21:25:39] [197/456] NRDP
[21:25:40] [198/456] PLAK
[21:25:41] [199/456] GCMC
[21:25:42] [200/456] ALPY
[21:25:43] [201/456] SICE
[21:25:44] [202/456] SISR
[21:25:45] [203/456] SRPZ
[21:25:45] 🔄 Identity reset
[21:25:45] 🔄 Identity rotated (every 10 requests)
[21:25:46] [204/456] SRSW
[21:25:47] [205/456] SUYA
[21:25:48] [206/456] AMMT
[21:25:50] [207/456] BHCU
[21:25:51] [208/456] KLPA
[21:25:53] [209/456] NVKH
[21:25:54] [210/456] JMRC
[21:25:54] [211/456] KTTT
[21:25:56] [212/456] MAGH
[21:25:57] [213/456] MMMX
[21:25:57] 🔄 Identity reset
[21:25:57] 🔄 Identity rotated (every 10 requests)
[21:25:58] [214/456] SALJ
[21:25:58] [215/456] GTJA
[21:26:00] [216/456] MAHT
[21:26:01] [217/456] SSNN
[21:26:02] [218/456] ARRP
[21:26:03] [219/456] ATNS
[21:26:03] [220/456] SKDT
[21:26:05] [221/456] ACAT
[21:26:05] [222/456] APRC
[21:26:06] [223/456] SWAG
[21:26:06] 🔄 Identity reset
[21:26:06] 🔄 Identity rotated (every 10 requests)
[21:26:07] [224/456] SDPT
[21:26:08] [225/456] STPS
[21:26:09] [226/456] WWCZ
[21:26:10] [227/456] LLCH
[21:26:11] [228/456] MZHA
[21:26:12] [229/456] CRJG
[21:26:14] [230/456] JGTK
[21:26:15] [231/456] KCSR
[21:26:16] [232/456] CHTL
[21:26:17] [233/456] EDSR
[21:26:17] 🔄 Identity reset
[21:26:17] 🔄 Identity rotated (every 10 requests)
[21:26:18] [234/456] CSWO
[21:26:19] [235/456] CPVM
[21:26:20] [236/456] MXBY
[21:26:21] [237/456] FMMA
[21:26:22] [238/456] POVI
[21:26:23] [239/456] MTHB
[21:26:24] [240/456] INRC
[21:26:25] [241/456] PIPP
[21:26:26] [242/456] BMXC
[21:26:27] [243/456] PCMM
[21:26:27] 🔄 Identity reset
[21:26:27] 🔄 Identity rotated (every 10 requests)
[21:26:28] [244/456] PMKM
[21:26:29] [245/456] GATY
[21:26:31] [246/456] IMCM
[21:26:32] [247/456] POPE
[21:26:33] [248/456] MTCR
[21:26:34] [249/456] PVAE
[21:26:36] [250/456] PVMI
[21:26:37] [251/456] CPNM
[21:26:38] [252/456] FMRL
[21:26:39] [253/456] MCIW
[21:26:39] 🔄 Identity reset
[21:26:39] 🔄 Identity rotated (every 10 requests)
[21:26:39] 🔄 Retry 1/5 for MCIW in 2.2s
[21:26:39] 🔄 Identity reset
[21:26:42] 🧠 New identity created
[21:26:43] [254/456] MXBO
[21:26:44] [255/456] FMKY
[21:26:45] [256/456] FMDA
[21:26:46] [257/456] THAB
[21:26:47] [258/456] PRCW
[21:26:48] [259/456] PITI
[21:26:49] [260/456] MCFF
[21:26:50] [261/456] PDDV
[21:26:51] [262/456] MCRM
[21:26:51] 🔄 Identity reset
[21:26:51] 🔄 Identity rotated (every 10 requests)
[21:26:52] [263/456] KKMB
[21:26:53] [264/456] INKO
[21:26:54] [265/456] PLXP
[21:26:55] [266/456] MMHA
[21:26:56] [267/456] FMVS
[21:26:58] [268/456] POLM
[21:26:59] [269/456] STER
[21:27:00] [270/456] PVWJ
[21:27:01] [271/456] IMJW
[21:27:01] [272/456] FNAN
[21:27:01] 🔄 Identity reset
[21:27:01] 🔄 Identity rotated (every 10 requests)
[21:27:02] [273/456] CAGL
[21:27:03] [274/456] IPBG
[21:27:04] [275/456] SMFV
[21:27:05] [276/456] MMMR
[21:27:06] [277/456] MMWM
[21:27:07] [278/456] FNCM
[21:27:08] [279/456] MDVA
[21:27:09] [280/456] MMET
[21:27:10] [281/456] MIDO
[21:27:11] [282/456] INNP
[21:27:11] 🔄 Identity reset
[21:27:11] 🔄 Identity rotated (every 10 requests)
[21:27:12] [283/456] MIFU
[21:27:13] [284/456] MMSZ
[21:27:14] [285/456] BMXA
[21:27:15] [286/456] MCAA
[21:27:16] [287/456] SCVP
[21:27:16] [288/456] PLUS
[21:27:17] [289/456] MUCK
[21:27:18] [290/456] MTMA
[21:27:19] [291/456] HPVR
[21:27:20] [292/456] PMPK
[21:27:20] 🔄 Identity reset
[21:27:20] 🔄 Identity rotated (every 10 requests)
[21:27:21] [293/456] MAJB
[21:27:22] [294/456] CTRR
[21:27:24] [295/456] MCTG
[21:27:25] [296/456] MACE
[21:27:26] [297/456] AAAS
[21:27:27] [298/456] CPVV
[21:27:29] [299/456] RCHG
[21:27:30] [300/456] MCNE
[21:27:32] [301/456] EMNC
[21:27:33] [302/456] MCAN
[21:27:33] 🔄 Identity reset
[21:27:33] 🔄 Identity rotated (every 10 requests)
[21:27:34] [303/456] TCDM
[21:27:35] [304/456] IRGT
[21:27:36] [305/456] GCMG
[21:27:36] [306/456] MXSN
[21:27:37] [307/456] MXCK
[21:27:38] [308/456] MCRC
[21:27:39] [309/456] RSMI
[21:27:40] [310/456] WAML
[21:27:41] [311/456] MTSC
[21:27:42] [312/456] FMDR
[21:27:42] 🔄 Identity reset
[21:27:42] 🔄 Identity rotated (every 10 requests)
[21:27:43] [313/456] LEPV
[21:27:44] [314/456] MTGD
[21:27:45] [315/456] IMOB
[21:27:46] [316/456] CLMM
[21:27:47] [317/456] PZCD
[21:27:48] [318/456] GOCS
[21:27:49] [319/456] KCMA
[21:27:50] [320/456] CCMP
[21:27:50] [321/456] MTSU
[21:27:51] [322/456] SNGL
[21:27:51] 🔄 Identity reset
[21:27:51] 🔄 Identity rotated (every 10 requests)
[21:27:52] [323/456] MMMC
[21:27:53] [324/456] MMAA
[21:27:54] [325/456] GCDM
[21:27:55] [326/456] KTMV
[21:27:56] [327/456] AETE
[21:27:56] [328/456] OMCS
[21:27:57] [329/456] GDCD
[21:27:58] [330/456] NYMD
[21:27:59] [331/456] RNCV
[21:28:00] [332/456] KKMT
[21:28:00] 🔄 Identity reset
[21:28:00] 🔄 Identity rotated (every 10 requests)
[21:28:02] [333/456] GDTH
[21:28:03] [334/456] KMMV
[21:28:04] [335/456] NHCG
[21:28:04] [336/456] PJDW
[21:28:05] [337/456] MMCV
[21:28:06] [338/456] FQSA
[21:28:07] [339/456] KURL
[21:28:08] [340/456] NNNX
[21:28:09] [341/456] AMAU
[21:28:10] [342/456] VVVM
[21:28:10] 🔄 Identity reset
[21:28:10] 🔄 Identity rotated (every 10 requests)
[21:28:11] [343/456] VECU
[21:28:12] [344/456] WCVR
[21:28:13] [345/456] MTGG
[21:28:14] [346/456] SGTG
[21:28:15] [347/456] MNTG
[21:28:15] [348/456] JDDG
[21:28:16] [349/456] MBTK
[21:28:17] [350/456] SGCD
[21:28:18] [351/456] MCTC
[21:28:19] [352/456] JTPC
[21:28:19] 🔄 Identity reset
[21:28:19] 🔄 Identity rotated (every 10 requests)
[21:28:20] [353/456] SDKT
[21:28:21] [354/456] KRCC
[21:28:22] [355/456] RMMD
[21:28:23] [356/456] AAME
[21:28:24] [357/456] TMWC
[21:28:25] [358/456] NRWY
[21:28:25] [359/456] CITD
[21:28:26] [360/456] VERD
[21:28:27] [361/456] MKSK
[21:28:28] [362/456] STSM
[21:28:28] 🔄 Identity reset
[21:28:28] 🔄 Identity rotated (every 10 requests)
[21:28:29] [363/456] MJDG
[21:28:30] [364/456] RKPM
[21:28:31] [365/456] SSCE
[21:28:32] [366/456] VMAE
[21:28:33] [367/456] SBRU
[21:28:34] [368/456] AMBC
[21:28:35] [369/456] AMLU
[21:28:36] [370/456] INVZ
[21:28:37] [371/456] LGTV
[21:28:38] [372/456] SVAD
[21:28:38] 🔄 Identity reset
[21:28:38] 🔄 Identity rotated (every 10 requests)
[21:28:39] [373/456] SMSA
[21:28:40] [374/456] SPCZ
[21:28:41] [375/456] GTCX
[21:28:42] [376/456] SCSL
[21:28:43] [377/456] SAHU
[21:28:44] [378/456] NCDA
[21:28:45] [379/456] SCCG
[21:28:46] [380/456] VKTL
[21:28:47] [381/456] PUUJ
[21:28:48] [382/456] STEJ
[21:28:48] 🔄 Identity reset
[21:28:48] 🔄 Identity rotated (every 10 requests)
[21:28:49] [383/456] RJAL
[21:28:51] [384/456] ACJC
[21:28:52] [385/456] ARVB
[21:28:52] [386/456] AUBB
[21:28:54] [387/456] GDBR
[21:28:55] [388/456] PVND
[21:28:56] [389/456] BGRJ
[21:28:57] [390/456] RJMM
[21:28:58] [391/456] MCSA
[21:28:59] [392/456] BODA
[21:28:59] 🔄 Identity reset
[21:28:59] 🔄 Identity rotated (every 10 requests)
[21:28:59] [393/456] JAGG
[21:29:01] [394/456] SCGA
[21:29:02] [395/456] LRCM
[21:29:03] [396/456] CPCN
[21:29:04] [397/456] SSTF
[21:29:05] [398/456] SRXP
[21:29:05] [399/456] CNFX
[21:29:06] [400/456] ANDI
[21:29:08] [401/456] SYEW
[21:29:09] [402/456] RCRE
[21:29:09] 🔄 Identity reset
[21:29:09] 🔄 Identity rotated (every 10 requests)
[21:29:09] [403/456] SCRW
[21:29:11] [404/456] MBKR
[21:29:11] [405/456] ASNT
[21:29:12] [406/456] JTMT
[21:29:13] [407/456] SHAY
[21:29:14] [408/456] VRTH
[21:29:15] [409/456] SPTI
[21:29:16] [410/456] DPTD
[21:29:17] [411/456] TGSN
[21:29:18] [412/456] RCWV
[21:29:18] 🔄 Identity reset
[21:29:18] 🔄 Identity rotated (every 10 requests)
[21:29:19] [413/456] OCUR
[21:29:20] [414/456] KSTC
[21:29:21] [415/456] SANI
[21:29:22] [416/456] MLCA
[21:29:23] [417/456] EGCA
[21:29:25] [418/456] SYSN
[21:29:26] [419/456] PKTA
[21:29:27] [420/456] PRCC
[21:29:28] [421/456] KSTR
[21:29:28] [422/456] SNTP
[21:29:28] 🔄 Identity reset
[21:29:28] 🔄 Identity rotated (every 10 requests)
[21:29:29] [423/456] RCHA
[21:29:30] [424/456] SEEA
[21:29:32] [425/456] ALAT
[21:29:33] [426/456] AATV
[21:29:34] [427/456] RJTE
[21:29:35] [428/456] AAPP
[21:29:36] [429/456] PMMH
[21:29:37] [430/456] INRJ
[21:29:38] [431/456] SARB
[21:29:39] [432/456] PCJL
[21:29:39] 🔄 Identity reset
[21:29:39] 🔄 Identity rotated (every 10 requests)
[21:29:40] [433/456] PFJJ
[21:29:41] [434/456] GRDC
[21:29:43] [435/456] BCBA
[21:29:44] [436/456] VIXL
[21:29:45] [437/456] CSTL
[21:29:46] [438/456] MTDK
[21:29:47] [439/456] TDAC
[21:29:48] [440/456] GTDN
[21:29:49] [441/456] TTDE
[21:29:50] [442/456] ASTS
[21:29:50] 🔄 Identity reset
[21:29:50] 🔄 Identity rotated (every 10 requests)
[21:29:51] [443/456] CPNS
[21:29:52] [444/456] PVVW
[21:29:53] [445/456] USEB
[21:29:54] [446/456] DTYN
[21:29:55] [447/456] PVLE
[21:29:56] [448/456] CIPS
[21:29:57] [449/456] PAEG
[21:29:59] [450/456] PTCW
[21:30:00] [451/456] G3SR
[21:30:01] [452/456] PGND
[21:30:01] 🔄 Identity reset
[21:30:01] 🔄 Identity rotated (every 10 requests)
[21:30:01] [453/456] INVM
[21:30:02] [454/456] SPIA
[21:30:03] [455/456] PCSN
[21:30:05] [456/456] PPGV
[21:30:06] 🧹 Deduping shows
[21:30:06] ✅ DONE | Shows=5348 | Movies=89
[22:03:41] 🚀 SCRIPT STARTED
[22:03:41] [1/456] FNDB
[22:03:41] 🧠 New identity created
[22:03:42] [2/456] AMBH
[22:03:42] [3/456] PRHN
[22:03:44] [4/456] ACPM
[22:03:44] [5/456] PVFS
[22:03:45] [6/456] AACN
[22:03:46] [7/456] ACAS
[22:03:48] [8/456] CTNR
[22:03:49] [9/456] MMAH
[22:03:49] [10/456] CPMH
[22:03:49] 🔄 Identity reset
[22:03:49] 🔄 Identity rotated (every 10 requests)
[22:03:50] [11/456] IGMH
[22:03:51] [12/456] ABCS
[22:03:52] [13/456] CMMA
[22:03:53] [14/456] GPRH
[22:03:54] [15/456] PNNG
[22:03:55] [16/456] AMCA
[22:03:57] [17/456] ISTN
[22:03:58] [18/456] PIIC
[22:04:00] [19/456] AHMH
[22:04:00] [20/456] ASHN
[22:04:00] 🔄 Identity reset
[22:04:00] 🔄 Identity rotated (every 10 requests)
[22:04:01] [21/456] INHY
[22:04:02] [22/456] SRMO
[22:04:03] [23/456] PIMH
[22:04:04] [24/456] PVTS
[22:04:05] [25/456] MMCA
[22:04:06] [26/456] AKYJ
[22:04:07] [27/456] BRKH
[22:04:09] [28/456] MAHM
[22:04:11] [29/456] CPHY
[22:04:11] [30/456] PVTP
[22:04:11] 🔄 Identity reset
[22:04:11] 🔄 Identity rotated (every 10 requests)
[22:04:12] [31/456] SMMR
[22:04:13] [32/456] PVHM
[22:04:14] [33/456] SNDY
[22:04:16] [34/456] GOKU
[22:04:16] [35/456] ACEV
[22:04:17] [36/456] PVUM
[22:04:19] [37/456] VSWA
[22:04:20] [38/456] IPRS
[22:04:21] [39/456] BKMV
[22:04:22] [40/456] PVYH
[22:04:22] 🔄 Identity reset
[22:04:22] 🔄 Identity rotated (every 10 requests)
[22:04:23] [41/456] INKM
[22:04:24] [42/456] ARJU
[22:04:25] [43/456] JJPP
[22:04:26] [44/456] SSRM
[22:04:27] [45/456] HMHD
[22:04:28] [46/456] SNKH
[22:04:29] [47/456] ACHI
[22:04:30] [48/456] MRAA
[22:04:31] [49/456] INMH
[22:04:32] [50/456] ARMH
[22:04:32] 🔄 Identity reset
[22:04:32] 🔄 Identity rotated (every 10 requests)
[22:04:33] [51/456] DVRR
[22:04:34] [52/456] SUDA
[22:04:35] [53/456] MCSS
[22:04:36] [54/456] VRKC
[22:04:38] [55/456] PRCX
[22:04:39] [56/456] ASJY
[22:04:40] [57/456] MTHY
[22:04:41] [58/456] SRCM
[22:04:42] [59/456] TVHY
[22:04:43] [60/456] STHD
[22:04:43] 🔄 Identity reset
[22:04:43] 🔄 Identity rotated (every 10 requests)
[22:04:44] [61/456] CPCL
[22:04:45] [62/456] PSMJ
[22:04:46] [63/456] MRGT
[22:04:47] [64/456] ARYH
[22:04:48] [65/456] VTRB
[22:04:49] [66/456] SCHC
[22:04:50] [67/456] MRRG
[22:04:51] [68/456] SPCB
[22:04:52] [69/456] AMCM
[22:04:53] [70/456] IVNM
[22:04:53] 🔄 Identity reset
[22:04:53] 🔄 Identity rotated (every 10 requests)
[22:04:54] [71/456] TRHY
[22:04:55] [72/456] PTTH
[22:04:57] [73/456] RKMH
[22:04:58] [74/456] PRCS
[22:04:59] [75/456] VAJA
[22:05:00] [76/456] BJNG
[22:05:02] [77/456] SCVM
[22:05:02] [78/456] GNHB
[22:05:03] [79/456] TLUR
[22:05:04] [80/456] UKCC
[22:05:04] 🔄 Identity reset
[22:05:04] 🔄 Identity rotated (every 10 requests)
[22:05:05] [81/456] SRKR
[22:05:07] [82/456] RMKN
[22:05:08] [83/456] SLRT
[22:05:09] [84/456] LKMT
[22:05:11] [85/456] SSRJ
[22:05:12] [86/456] SPHT
[22:05:13] [87/456] ANTT
[22:05:14] [88/456] SRCH
[22:05:15] [89/456] SRCA
[22:05:16] [90/456] ARTH
[22:05:16] 🔄 Identity reset
[22:05:16] 🔄 Identity rotated (every 10 requests)
[22:05:17] [91/456] MCBH
[22:05:18] [92/456] SNIB
[22:05:19] [93/456] SART
[22:05:20] [94/456] SKTA
[22:05:22] [95/456] YAKT
[22:05:23] [96/456] MLCK
[22:05:24] [97/456] ANTS
[22:05:25] [98/456] DGCA
[22:05:26] [99/456] SGMP
[22:05:27] [100/456] ASWN
[22:05:27] 🔄 Identity reset
[22:05:27] 🔄 Identity rotated (every 10 requests)
[22:05:29] [101/456] KFVU
[22:05:29] [102/456] POOR
[22:05:30] [103/456] GKDN
[22:05:31] [104/456] EOSE
[22:05:32] [105/456] GTTT
[22:05:33] [106/456] ARRO
[22:05:34] [107/456] CMMK
[22:05:35] [108/456] MSCN
[22:05:36] [109/456] GDKH
[22:05:37] [110/456] DLMT
[22:05:37] 🔄 Identity reset
[22:05:37] 🔄 Identity rotated (every 10 requests)
[22:05:39] [111/456] PVMF
[22:05:41] [112/456] CPCK
[22:05:41] [113/456] VMHE
[22:05:43] [114/456] PVLC
[22:05:44] [115/456] PCVB
[22:05:45] [116/456] SNYK
[22:05:46] [117/456] KTEK
[22:05:46] [118/456] PCNM
[22:05:47] [119/456] NTTR
[22:05:48] [120/456] CPSK
[22:05:48] 🔄 Identity reset
[22:05:48] 🔄 Identity rotated (every 10 requests)
[22:05:49] [121/456] JMMA
[22:05:50] [122/456] GCFK
[22:05:52] [123/456] MYCA
[22:05:54] [124/456] KSNP
[22:05:55] [125/456] PMCE
[22:05:57] [126/456] SCKI
[22:05:58] [127/456] FSMA
[22:05:59] [128/456] CETA
[22:06:00] [129/456] MCIK
[22:06:01] [130/456] MYCR
[22:06:01] 🔄 Identity reset
[22:06:01] 🔄 Identity rotated (every 10 requests)
[22:06:01] [131/456] EVMP
[22:06:02] [132/456] SSGT
[22:06:03] [133/456] KCTK
[22:06:04] [134/456] ZTKC
[22:06:05] [135/456] MMTA
[22:06:06] [136/456] MAJT
[22:06:07] [137/456] ACPK
[22:06:08] [138/456] JMAX
[22:06:09] [139/456] SETK
[22:06:10] [140/456] CAIS
[22:06:10] 🔄 Identity reset
[22:06:10] 🔄 Identity rotated (every 10 requests)
[22:06:12] [141/456] AGCD
[22:06:14] [142/456] URCL
[22:06:15] [143/456] VTDS
[22:06:16] [144/456] JCNM
[22:06:17] [145/456] KCAM
[22:06:18] [146/456] ADCU
[22:06:18] [147/456] GXYN
[22:06:19] [148/456] SMJG
[22:06:20] [149/456] EYCJ
[22:06:21] [150/456] CCEJ
[22:06:21] 🔄 Identity reset
[22:06:21] 🔄 Identity rotated (every 10 requests)
[22:06:22] [151/456] MARS
[22:06:23] [152/456] CPVJ
[22:06:24] [153/456] INVP
[22:06:25] [154/456] CPOV
[22:06:25] [155/456] VIJK
[22:06:26] [156/456] LAIM
[22:06:27] [157/456] STHV
[22:06:28] [158/456] SVLJ
[22:06:29] [159/456] ATVJ
[22:06:31] [160/456] JTSC
[22:06:31] 🔄 Identity reset
[22:06:31] 🔄 Identity rotated (every 10 requests)
[22:06:32] [161/456] RMTV
[22:06:32] [162/456] MGGG
[22:06:33] [163/456] SWTH
[22:06:35] [164/456] INVJ
[22:06:36] [165/456] PRSV
[22:06:37] [166/456] JATV
[22:06:38] [167/456] RCVD
[22:06:39] [168/456] BDMA
[22:06:39] [169/456] BLJI
[22:06:40] [170/456] SWOT
[22:06:40] 🔄 Identity reset
[22:06:40] 🔄 Identity rotated (every 10 requests)
[22:06:42] [171/456] SWRN
[22:06:44] [172/456] TVRA
[22:06:45] [173/456] NVRN
[22:06:46] [174/456] SIKC
[22:06:47] [175/456] VAKR
[22:06:48] [176/456] SYLN
[22:06:49] [177/456] KLJL
[22:06:50] [178/456] LKMY
[22:06:51] [179/456] VSLY
[22:06:52] [180/456] CIKO
[22:06:52] 🔄 Identity reset
[22:06:52] 🔄 Identity rotated (every 10 requests)
[22:06:53] [181/456] GPBG
[22:06:54] [182/456] CECM
[22:06:55] [183/456] SLKB
[22:06:56] [184/456] MTBO
[22:06:57] [185/456] SSHB
[22:06:58] [186/456] VPCS
[22:06:59] [187/456] RCSR
[22:07:00] [188/456] RJRM
[22:07:01] [189/456] KPPB
[22:07:02] [190/456] SEDC
[22:07:02] 🔄 Identity reset
[22:07:02] 🔄 Identity rotated (every 10 requests)
[22:07:03] [191/456] SCAI
[22:07:04] [192/456] RMTR
[22:07:05] [193/456] ASST
[22:07:06] [194/456] GCAK
[22:07:07] [195/456] ANNK
[22:07:08] [196/456] KDDF
[22:07:09] [197/456] NRDP
[22:07:10] [198/456] PLAK
[22:07:10] [199/456] GCMC
[22:07:11] [200/456] ALPY
[22:07:11] 🔄 Identity reset
[22:07:11] 🔄 Identity rotated (every 10 requests)
[22:07:12] [201/456] SICE
[22:07:13] [202/456] SISR
[22:07:14] [203/456] SRPZ
[22:07:15] [204/456] SRSW
[22:07:16] [205/456] SUYA
[22:07:17] [206/456] AMMT
[22:07:18] [207/456] BHCU
[22:07:19] [208/456] KLPA
[22:07:20] [209/456] NVKH
[22:07:21] [210/456] JMRC
[22:07:21] 🔄 Identity reset
[22:07:21] 🔄 Identity rotated (every 10 requests)
[22:07:22] [211/456] KTTT
[22:07:23] [212/456] MAGH
[22:07:24] [213/456] MMMX
[22:07:24] [214/456] SALJ
[22:07:26] [215/456] GTJA
[22:07:27] [216/456] MAHT
[22:07:28] [217/456] SSNN
[22:07:29] [218/456] ARRP
[22:07:30] [219/456] ATNS
[22:07:31] [220/456] SKDT
[22:07:31] 🔄 Identity reset
[22:07:31] 🔄 Identity rotated (every 10 requests)
[22:07:32] [221/456] ACAT
[22:07:33] [222/456] APRC
[22:07:34] [223/456] SWAG
[22:07:35] [224/456] SDPT
[22:07:36] [225/456] STPS
[22:07:37] [226/456] WWCZ
[22:07:39] [227/456] LLCH
[22:07:39] [228/456] MZHA
[22:07:40] [229/456] CRJG
[22:07:41] [230/456] JGTK
[22:07:41] 🔄 Identity reset
[22:07:41] 🔄 Identity rotated (every 10 requests)
[22:07:42] [231/456] KCSR
[22:07:43] [232/456] CHTL
[22:07:44] [233/456] EDSR
[22:07:45] [234/456] CSWO
[22:07:46] [235/456] CPVM
[22:07:47] [236/456] MXBY
[22:07:48] [237/456] FMMA
[22:07:49] [238/456] POVI
[22:07:50] [239/456] MTHB
[22:07:51] [240/456] INRC
[22:07:51] 🔄 Identity reset
[22:07:51] 🔄 Identity rotated (every 10 requests)
[22:07:52] [241/456] PIPP
[22:07:53] [242/456] BMXC
[22:07:54] [243/456] PCMM
[22:07:55] [244/456] PMKM
[22:07:56] [245/456] GATY
[22:07:57] [246/456] IMCM
[22:07:58] [247/456] POPE
[22:07:59] [248/456] MTCR
[22:08:01] [249/456] PVAE
[22:08:01] [250/456] PVMI
[22:08:01] 🔄 Identity reset
[22:08:01] 🔄 Identity rotated (every 10 requests)
[22:08:02] [251/456] CPNM
[22:08:03] [252/456] FMRL
[22:08:05] [253/456] MCIW
[22:08:06] [254/456] MXBO
[22:08:07] [255/456] FMKY
[22:08:08] [256/456] FMDA
[22:08:09] [257/456] THAB
[22:08:10] [258/456] PRCW
[22:08:11] [259/456] PITI
[22:08:12] [260/456] MCFF
[22:08:12] 🔄 Identity reset
[22:08:13] 🔄 Identity rotated (every 10 requests)
[22:08:14] [261/456] PDDV
[22:08:14] [262/456] MCRM
[22:08:15] [263/456] KKMB
[22:08:17] [264/456] INKO
[22:08:18] [265/456] PLXP
[22:08:19] [266/456] MMHA
[22:08:20] [267/456] FMVS
[22:08:21] [268/456] POLM
[22:08:22] [269/456] STER
[22:08:23] [270/456] PVWJ
[22:08:23] 🔄 Identity reset
[22:08:23] 🔄 Identity rotated (every 10 requests)
[22:08:24] [271/456] IMJW
[22:08:25] [272/456] FNAN
[22:08:26] [273/456] CAGL
[22:08:27] [274/456] IPBG
[22:08:28] [275/456] SMFV
[22:08:29] [276/456] MMMR
[22:08:30] [277/456] MMWM
[22:08:31] [278/456] FNCM
[22:08:32] [279/456] MDVA
[22:08:33] [280/456] MMET
[22:08:33] 🔄 Identity reset
[22:08:33] 🔄 Identity rotated (every 10 requests)
[22:08:34] [281/456] MIDO
[22:08:35] [282/456] INNP
[22:08:36] [283/456] MIFU
[22:08:37] [284/456] MMSZ
[22:08:38] [285/456] BMXA
[22:08:39] [286/456] MCAA
[22:08:40] [287/456] SCVP
[22:08:41] [288/456] PLUS
[22:08:42] [289/456] MUCK
[22:08:43] [290/456] MTMA
[22:08:43] 🔄 Identity reset
[22:08:43] 🔄 Identity rotated (every 10 requests)
[22:08:44] [291/456] HPVR
[22:08:45] [292/456] PMPK
[22:08:46] [293/456] MAJB
[22:08:47] [294/456] CTRR
[22:08:47] [295/456] MCTG
[22:08:48] [296/456] MACE
[22:08:49] [297/456] AAAS
[22:08:50] [298/456] CPVV
[22:08:51] [299/456] RCHG
[22:08:53] [300/456] MCNE
[22:08:53] 🔄 Identity reset
[22:08:53] 🔄 Identity rotated (every 10 requests)
[22:08:54] [301/456] EMNC
[22:08:55] [302/456] MCAN
[22:08:55] [303/456] TCDM
[22:08:56] [304/456] IRGT
[22:08:57] [305/456] GCMG
[22:08:58] [306/456] MXSN
[22:08:59] [307/456] MXCK
[22:09:00] [308/456] MCRC
[22:09:01] [309/456] RSMI
[22:09:02] [310/456] WAML
[22:09:02] 🔄 Identity reset
[22:09:02] 🔄 Identity rotated (every 10 requests)
[22:09:04] [311/456] MTSC
[22:09:04] [312/456] FMDR
[22:09:06] [313/456] LEPV
[22:09:07] [314/456] MTGD
[22:09:08] [315/456] IMOB
[22:09:08] [316/456] CLMM
[22:09:09] [317/456] PZCD
[22:09:10] [318/456] GOCS
[22:09:12] [319/456] KCMA
[22:09:13] [320/456] CCMP
[22:09:13] 🔄 Identity reset
[22:09:13] 🔄 Identity rotated (every 10 requests)
[22:09:14] [321/456] MTSU
[22:09:15] [322/456] SNGL
[22:09:16] [323/456] MMMC
[22:09:17] [324/456] MMAA
[22:09:18] [325/456] GCDM
[22:09:19] [326/456] KTMV
[22:09:20] [327/456] AETE
[22:09:21] [328/456] OMCS
[22:09:22] [329/456] GDCD
[22:09:24] [330/456] NYMD
[22:09:24] 🔄 Identity reset
[22:09:24] 🔄 Identity rotated (every 10 requests)
[22:09:25] [331/456] RNCV
[22:09:26] [332/456] KKMT
[22:09:27] [333/456] GDTH
[22:09:28] [334/456] KMMV
[22:09:29] [335/456] NHCG
[22:09:30] [336/456] PJDW
[22:09:31] [337/456] MMCV
[22:09:32] [338/456] FQSA
[22:09:33] [339/456] KURL
[22:09:34] [340/456] NNNX
[22:09:34] 🔄 Identity reset
[22:09:34] 🔄 Identity rotated (every 10 requests)
[22:09:35] [341/456] AMAU
[22:09:36] [342/456] VVVM
[22:09:37] [343/456] VECU
[22:09:38] [344/456] WCVR
[22:09:39] [345/456] MTGG
[22:09:40] [346/456] SGTG
[22:09:40] [347/456] MNTG
[22:09:41] [348/456] JDDG
[22:09:43] [349/456] MBTK
[22:09:45] [350/456] SGCD
[22:09:45] 🔄 Identity reset
[22:09:45] 🔄 Identity rotated (every 10 requests)
[22:09:46] [351/456] MCTC
[22:09:47] [352/456] JTPC
[22:09:48] [353/456] SDKT
[22:09:49] [354/456] KRCC
[22:09:51] [355/456] RMMD
[22:09:52] [356/456] AAME
[22:09:53] [357/456] TMWC
[22:09:54] [358/456] NRWY
[22:09:55] [359/456] CITD
[22:09:56] [360/456] VERD
[22:09:56] 🔄 Identity reset
[22:09:56] 🔄 Identity rotated (every 10 requests)
[22:09:57] [361/456] MKSK
[22:09:58] [362/456] STSM
[22:09:59] [363/456] MJDG
[22:10:01] [364/456] RKPM
[22:10:02] [365/456] SSCE
[22:10:03] [366/456] VMAE
[22:10:04] [367/456] SBRU
[22:10:05] [368/456] AMBC
[22:10:07] [369/456] AMLU
[22:10:08] [370/456] INVZ
[22:10:08] 🔄 Identity reset
[22:10:08] 🔄 Identity rotated (every 10 requests)
[22:10:09] [371/456] LGTV
[22:10:10] [372/456] SVAD
[22:10:11] [373/456] SMSA
[22:10:12] [374/456] SPCZ
[22:10:13] [375/456] GTCX
[22:10:15] [376/456] SCSL
[22:10:16] [377/456] SAHU
[22:10:18] [378/456] NCDA
[22:10:19] [379/456] SCCG
[22:10:20] [380/456] VKTL
[22:10:20] 🔄 Identity reset
[22:10:20] 🔄 Identity rotated (every 10 requests)
[22:10:21] [381/456] PUUJ
[22:10:22] [382/456] STEJ
[22:10:23] [383/456] RJAL
[22:10:24] [384/456] ACJC
[22:10:25] [385/456] ARVB
[22:10:26] [386/456] AUBB
[22:10:27] [387/456] GDBR
[22:10:28] [388/456] PVND
[22:10:29] [389/456] BGRJ
[22:10:30] [390/456] RJMM
[22:10:30] 🔄 Identity reset
[22:10:30] 🔄 Identity rotated (every 10 requests)
[22:10:31] [391/456] MCSA
[22:10:32] [392/456] BODA
[22:10:32] [393/456] JAGG
[22:10:33] [394/456] SCGA
[22:10:34] [395/456] LRCM
[22:10:35] [396/456] CPCN
[22:10:36] [397/456] SSTF
[22:10:37] [398/456] SRXP
[22:10:37] [399/456] CNFX
[22:10:38] [400/456] ANDI
[22:10:38] 🔄 Identity reset
[22:10:38] 🔄 Identity rotated (every 10 requests)
[22:10:39] [401/456] SYEW
[22:10:40] [402/456] RCRE
[22:10:41] [403/456] SCRW
[22:10:42] [404/456] MBKR
[22:10:43] [405/456] ASNT
[22:10:44] [406/456] JTMT
[22:10:45] [407/456] SHAY
[22:10:46] [408/456] VRTH
[22:10:47] [409/456] SPTI
[22:10:48] [410/456] DPTD
[22:10:48] 🔄 Identity reset
[22:10:48] 🔄 Identity rotated (every 10 requests)
[22:10:49] [411/456] TGSN
[22:10:50] [412/456] RCWV
[22:10:51] [413/456] OCUR
[22:10:52] [414/456] KSTC
[22:10:53] [415/456] SANI
[22:10:54] [416/456] MLCA
[22:10:55] [417/456] EGCA
[22:10:55] [418/456] SYSN
[22:10:56] [419/456] PKTA
[22:10:58] [420/456] PRCC
[22:10:58] 🔄 Identity reset
[22:10:58] 🔄 Identity rotated (every 10 requests)
[22:10:59] [421/456] KSTR
[22:11:00] [422/456] SNTP
[22:11:01] [423/456] RCHA
[22:11:02] [424/456] SEEA
[22:11:03] [425/456] ALAT
[22:11:04] [426/456] AATV
[22:11:05] [427/456] RJTE
[22:11:06] [428/456] AAPP
[22:11:07] [429/456] PMMH
[22:11:08] [430/456] INRJ
[22:11:08] 🔄 Identity reset
[22:11:08] 🔄 Identity rotated (every 10 requests)
[22:11:09] [431/456] SARB
[22:11:10] [432/456] PCJL
[22:11:11] [433/456] PFJJ
[22:11:12] [434/456] GRDC
[22:11:13] [435/456] BCBA
[22:11:14] [436/456] VIXL
[22:11:15] [437/456] CSTL
[22:11:16] [438/456] MTDK
[22:11:17] [439/456] TDAC
[22:11:18] [440/456] GTDN
[22:11:18] 🔄 Identity reset
[22:11:18] 🔄 Identity rotated (every 10 requests)
[22:11:19] [441/456] TTDE
[22:11:20] [442/456] ASTS
[22:11:21] [443/456] CPNS
[22:11:23] [444/456] PVVW
[22:11:24] [445/456] USEB
[22:11:26] [446/456] DTYN
[22:11:27] [447/456] PVLE
[22:11:28] [448/456] CIPS
[22:11:29] [449/456] PAEG
[22:11:29] [450/456] PTCW
[22:11:29] 🔄 Identity reset
[22:11:29] 🔄 Identity rotated (every 10 requests)
[22:11:31] [451/456] G3SR
[22:11:32] [452/456] PGND
[22:11:33] [453/456] INVM
[22:11:34] [454/456] SPIA
[22:11:35] [455/456] PCSN
[22:11:36] [456/456] PPGV
[22:11:37] 🧹 Deduping shows
[22:11:37] ✅ DONE | Shows=5371 | Movies=89
[23:31:59] 🚀 SCRIPT STARTED
[23:31:59] [1/456] FNDB
[23:31:59] 🧠 New identity created
[23:32:00] [2/456] AMBH
[23:32:01] [3/456] PRHN
[23:32:01] [4/456] ACPM
[23:32:02] [5/456] PVFS
[23:32:03] [6/456] AACN
[23:32:04] [7/456] ACAS
[23:32:05] [8/456] CTNR
[23:32:05] [9/456] MMAH
[23:32:06] [10/456] CPMH
[23:32:06] 🔄 Identity reset
[23:32:06] 🔄 Identity rotated (every 10 requests)
[23:32:06] 🔄 Retry 1/5 for CPMH in 2.2s
[23:32:06] 🔄 Identity reset
[23:32:08] 🧠 New identity created
[23:32:09] [11/456] IGMH
[23:32:09] [12/456] ABCS
[23:32:10] [13/456] CMMA
[23:32:11] [14/456] GPRH
[23:32:11] [15/456] PNNG
[23:32:12] [16/456] AMCA
[23:32:13] [17/456] ISTN
[23:32:13] [18/456] PIIC
[23:32:14] [19/456] AHMH
[23:32:14] 🔄 Identity reset
[23:32:14] 🔄 Identity rotated (every 10 requests)
[23:32:15] [20/456] ASHN
[23:32:16] [21/456] INHY
[23:32:17] [22/456] SRMO
[23:32:18] [23/456] PIMH
[23:32:18] [24/456] PVTS
[23:32:19] [25/456] MMCA
[23:32:19] [26/456] AKYJ
[23:32:20] [27/456] BRKH
[23:32:21] [28/456] MAHM
[23:32:22] [29/456] CPHY
[23:32:22] 🔄 Identity reset
[23:32:22] 🔄 Identity rotated (every 10 requests)
[23:32:23] [30/456] PVTP
[23:32:23] [31/456] SMMR
[23:32:24] [32/456] PVHM
[23:32:25] [33/456] SNDY
[23:32:26] [34/456] GOKU
[23:32:26] [35/456] ACEV
[23:32:27] [36/456] PVUM
[23:32:27] [37/456] VSWA
[23:32:28] [38/456] IPRS
[23:32:29] [39/456] BKMV
[23:32:29] 🔄 Identity reset
[23:32:29] 🔄 Identity rotated (every 10 requests)
[23:32:29] 🔄 Retry 1/5 for BKMV in 2.2s
[23:32:29] 🔄 Identity reset
[23:32:31] 🧠 New identity created
[23:32:31] 🔄 Retry 2/5 for BKMV in 4.4s
[23:32:31] 🔄 Identity reset
[23:32:35] 🧠 New identity created
[23:32:36] [40/456] PVYH
[23:32:37] [41/456] INKM
[23:32:38] [42/456] ARJU
[23:32:38] [43/456] JJPP
[23:32:39] [44/456] SSRM
[23:32:39] [45/456] HMHD
[23:32:40] [46/456] SNKH
[23:32:41] [47/456] ACHI
[23:32:41] 🔄 Identity reset
[23:32:41] 🔄 Identity rotated (every 10 requests)
[23:32:41] [48/456] MRAA
[23:32:42] [49/456] INMH
[23:32:43] [50/456] ARMH
[23:32:44] [51/456] DVRR
[23:32:44] [52/456] SUDA
[23:32:45] [53/456] MCSS
[23:32:46] [54/456] VRKC
[23:32:46] [55/456] PRCX
[23:32:47] [56/456] ASJY
[23:32:48] [57/456] MTHY
[23:32:48] 🔄 Identity reset
[23:32:48] 🔄 Identity rotated (every 10 requests)
[23:32:49] [58/456] SRCM
[23:32:50] [59/456] TVHY
[23:32:50] [60/456] STHD
[23:32:51] [61/456] CPCL
[23:32:51] [62/456] PSMJ
[23:32:52] [63/456] MRGT
[23:32:53] [64/456] ARYH
[23:32:53] [65/456] VTRB
[23:32:54] [66/456] SCHC
[23:32:55] [67/456] MRRG
[23:32:55] 🔄 Identity reset
[23:32:55] 🔄 Identity rotated (every 10 requests)
[23:32:55] [68/456] SPCB
[23:32:56] [69/456] AMCM
[23:32:57] [70/456] IVNM
[23:32:57] [71/456] TRHY
[23:32:58] [72/456] PTTH
[23:32:59] [73/456] RKMH
[23:33:00] [74/456] PRCS
[23:33:00] [75/456] VAJA
[23:33:01] [76/456] BJNG
[23:33:02] [77/456] SCVM
[23:33:02] 🔄 Identity reset
[23:33:02] 🔄 Identity rotated (every 10 requests)
[23:33:03] [78/456] GNHB
[23:33:03] [79/456] TLUR
[23:33:04] [80/456] UKCC
[23:33:05] [81/456] SRKR
[23:33:05] [82/456] RMKN
[23:33:06] [83/456] SLRT
[23:33:06] [84/456] LKMT
[23:33:07] [85/456] SSRJ
[23:33:08] [86/456] SPHT
[23:33:08] [87/456] ANTT
[23:33:08] 🔄 Identity reset
[23:33:08] 🔄 Identity rotated (every 10 requests)
[23:33:09] [88/456] SRCH
[23:33:10] [89/456] SRCA
[23:33:11] [90/456] ARTH
[23:33:11] [91/456] MCBH
[23:33:12] [92/456] SNIB
[23:33:13] [93/456] SART
[23:33:13] [94/456] SKTA
[23:33:14] [95/456] YAKT
[23:33:15] [96/456] MLCK
[23:33:15] [97/456] ANTS
[23:33:15] 🔄 Identity reset
[23:33:15] 🔄 Identity rotated (every 10 requests)
[23:33:16] [98/456] DGCA
[23:33:17] [99/456] SGMP
[23:33:17] [100/456] ASWN
[23:33:18] [101/456] KFVU
[23:33:19] [102/456] POOR
[23:33:19] [103/456] GKDN
[23:33:20] [104/456] EOSE
[23:33:20] [105/456] GTTT
[23:33:21] [106/456] ARRO
[23:33:22] [107/456] CMMK
[23:33:22] 🔄 Identity reset
[23:33:22] 🔄 Identity rotated (every 10 requests)
[23:33:23] [108/456] MSCN
[23:33:24] [109/456] GDKH
[23:33:24] [110/456] DLMT
[23:33:25] [111/456] PVMF
[23:33:26] [112/456] CPCK
[23:33:26] [113/456] VMHE
[23:33:27] [114/456] PVLC
[23:33:28] [115/456] PCVB
[23:33:28] [116/456] SNYK
[23:33:29] [117/456] KTEK
[23:33:29] 🔄 Identity reset
[23:33:29] 🔄 Identity rotated (every 10 requests)
[23:33:30] [118/456] PCNM
[23:33:31] [119/456] NTTR
[23:33:31] [120/456] CPSK
[23:33:32] [121/456] JMMA
[23:33:33] [122/456] GCFK
[23:33:34] [123/456] MYCA
[23:33:35] [124/456] KSNP
[23:33:36] [125/456] PMCE
[23:33:37] [126/456] SCKI
[23:33:38] [127/456] FSMA
[23:33:38] 🔄 Identity reset
[23:33:38] 🔄 Identity rotated (every 10 requests)
[23:33:38] 🔄 Retry 1/5 for FSMA in 2.0s
[23:33:38] 🔄 Identity reset
[23:33:40] 🧠 New identity created
[23:33:41] [128/456] CETA
[23:33:41] [129/456] MCIK
[23:33:42] [130/456] MYCR
[23:33:43] [131/456] EVMP
[23:33:43] [132/456] SSGT
[23:33:45] [133/456] KCTK
[23:33:46] [134/456] ZTKC
[23:33:46] [135/456] MMTA
[23:33:47] [136/456] MAJT
[23:33:47] 🔄 Identity reset
[23:33:47] 🔄 Identity rotated (every 10 requests)
[23:33:48] [137/456] ACPK
[23:33:49] [138/456] JMAX
[23:33:49] [139/456] SETK
[23:33:51] [140/456] CAIS
[23:33:53] [141/456] AGCD
[23:33:53] [142/456] URCL
[23:33:54] [143/456] VTDS
[23:33:55] [144/456] JCNM
[23:33:56] [145/456] KCAM
[23:33:57] [146/456] ADCU
[23:33:57] 🔄 Identity reset
[23:33:57] 🔄 Identity rotated (every 10 requests)
[23:33:58] 🔄 Retry 1/5 for ADCU in 2.0s
[23:33:58] 🔄 Identity reset
[23:34:00] 🧠 New identity created
[23:34:00] [147/456] GXYN
[23:34:01] [148/456] SMJG
[23:34:02] [149/456] EYCJ
[23:34:02] [150/456] CCEJ
[23:34:03] [151/456] MARS
[23:34:04] [152/456] CPVJ
[23:34:05] [153/456] INVP
[23:34:06] [154/456] CPOV
[23:34:07] [155/456] VIJK
[23:34:07] 🔄 Identity reset
[23:34:07] 🔄 Identity rotated (every 10 requests)
[23:34:09] [156/456] LAIM
[23:34:10] [157/456] STHV
[23:34:11] [158/456] SVLJ
[23:34:12] [159/456] ATVJ
[23:34:13] [160/456] JTSC
[23:34:14] [161/456] RMTV
[23:34:15] [162/456] MGGG
[23:34:16] [163/456] SWTH
[23:34:16] [164/456] INVJ
[23:34:17] [165/456] PRSV
[23:34:17] 🔄 Identity reset
[23:34:17] 🔄 Identity rotated (every 10 requests)
[23:34:17] 🔄 Retry 1/5 for PRSV in 2.9s
[23:34:17] 🔄 Identity reset
[23:34:20] 🧠 New identity created
[23:34:21] [166/456] JATV
[23:34:22] [167/456] RCVD
[23:34:23] [168/456] BDMA
[23:34:23] [169/456] BLJI
[23:34:24] [170/456] SWOT
[23:34:25] [171/456] SWRN
[23:34:26] [172/456] TVRA
[23:34:26] [173/456] NVRN
[23:34:27] [174/456] SIKC
[23:34:27] 🔄 Identity reset
[23:34:27] 🔄 Identity rotated (every 10 requests)
[23:34:27] 🔄 Retry 1/5 for SIKC in 2.8s
[23:34:27] 🔄 Identity reset
[23:34:30] 🧠 New identity created
[23:34:31] [175/456] VAKR
[23:34:32] [176/456] SYLN
[23:34:32] [177/456] KLJL
[23:34:33] [178/456] LKMY
[23:34:34] [179/456] VSLY
[23:34:35] [180/456] CIKO
[23:34:35] [181/456] GPBG
[23:34:36] [182/456] CECM
[23:34:37] [183/456] SLKB
[23:34:37] 🔄 Identity reset
[23:34:37] 🔄 Identity rotated (every 10 requests)
[23:34:38] [184/456] MTBO
[23:34:38] [185/456] SSHB
[23:34:39] [186/456] VPCS
[23:34:39] [187/456] RCSR
[23:34:40] [188/456] RJRM
[23:34:41] [189/456] KPPB
[23:34:42] [190/456] SEDC
[23:34:43] [191/456] SCAI
[23:34:44] [192/456] RMTR
[23:34:45] [193/456] ASST
[23:34:45] 🔄 Identity reset
[23:34:45] 🔄 Identity rotated (every 10 requests)
[23:34:45] [194/456] GCAK
[23:34:46] [195/456] ANNK
[23:34:47] [196/456] KDDF
[23:34:48] [197/456] NRDP
[23:34:49] [198/456] PLAK
[23:34:50] [199/456] GCMC
[23:34:51] [200/456] ALPY
[23:34:52] [201/456] SICE
[23:34:53] [202/456] SISR
[23:34:54] [203/456] SRPZ
[23:34:54] 🔄 Identity reset
[23:34:54] 🔄 Identity rotated (every 10 requests)
[23:34:55] [204/456] SRSW
[23:34:56] [205/456] SUYA
[23:34:57] [206/456] AMMT
[23:34:58] [207/456] BHCU
[23:34:59] [208/456] KLPA
[23:35:00] [209/456] NVKH
[23:35:01] [210/456] JMRC
[23:35:01] [211/456] KTTT
[23:35:02] [212/456] MAGH
[23:35:03] [213/456] MMMX
[23:35:03] 🔄 Identity reset
[23:35:03] 🔄 Identity rotated (every 10 requests)
[23:35:04] [214/456] SALJ
[23:35:05] [215/456] GTJA
[23:35:06] [216/456] MAHT
[23:35:06] [217/456] SSNN
[23:35:07] [218/456] ARRP
[23:35:08] [219/456] ATNS
[23:35:09] [220/456] SKDT
[23:35:10] [221/456] ACAT
[23:35:11] [222/456] APRC
[23:35:12] [223/456] SWAG
[23:35:12] 🔄 Identity reset
[23:35:12] 🔄 Identity rotated (every 10 requests)
[23:35:13] [224/456] SDPT
[23:35:14] [225/456] STPS
[23:35:15] [226/456] WWCZ
[23:35:16] [227/456] LLCH
[23:35:16] [228/456] MZHA
[23:35:17] [229/456] CRJG
[23:35:18] [230/456] JGTK
[23:35:18] [231/456] KCSR
[23:35:19] [232/456] CHTL
[23:35:20] [233/456] EDSR
[23:35:20] 🔄 Identity reset
[23:35:20] 🔄 Identity rotated (every 10 requests)
[23:35:21] [234/456] CSWO
[23:35:22] [235/456] CPVM
[23:35:23] [236/456] MXBY
[23:35:25] [237/456] FMMA
[23:35:25] [238/456] POVI
[23:35:26] [239/456] MTHB
[23:35:27] [240/456] INRC
[23:35:28] [241/456] PIPP
[23:35:28] [242/456] BMXC
[23:35:30] [243/456] PCMM
[23:35:30] 🔄 Identity reset
[23:35:30] 🔄 Identity rotated (every 10 requests)
[23:35:31] [244/456] PMKM
[23:35:32] [245/456] GATY
[23:35:33] [246/456] IMCM
[23:35:34] [247/456] POPE
[23:35:35] [248/456] MTCR
[23:35:36] [249/456] PVAE
[23:35:36] [250/456] PVMI
[23:35:37] [251/456] CPNM
[23:35:38] [252/456] FMRL
[23:35:40] [253/456] MCIW
[23:35:40] 🔄 Identity reset
[23:35:40] 🔄 Identity rotated (every 10 requests)
[23:35:41] [254/456] MXBO
[23:35:41] [255/456] FMKY
[23:35:42] [256/456] FMDA
[23:35:43] [257/456] THAB
[23:35:44] [258/456] PRCW
[23:35:44] [259/456] PITI
[23:35:45] [260/456] MCFF
[23:35:46] [261/456] PDDV
[23:35:47] [262/456] MCRM
[23:35:48] [263/456] KKMB
[23:35:48] 🔄 Identity reset
[23:35:48] 🔄 Identity rotated (every 10 requests)
[23:35:48] 🔄 Retry 1/5 for KKMB in 2.8s
[23:35:48] 🔄 Identity reset
[23:35:51] 🧠 New identity created
[23:35:51] [264/456] INKO
[23:35:52] [265/456] PLXP
[23:35:53] [266/456] MMHA
[23:35:53] [267/456] FMVS
[23:35:54] [268/456] POLM
[23:35:55] [269/456] STER
[23:35:55] [270/456] PVWJ
[23:35:56] [271/456] IMJW
[23:35:57] [272/456] FNAN
[23:35:57] 🔄 Identity reset
[23:35:57] 🔄 Identity rotated (every 10 requests)
[23:35:58] [273/456] CAGL
[23:35:58] [274/456] IPBG
[23:35:59] [275/456] SMFV
[23:36:00] [276/456] MMMR
[23:36:01] [277/456] MMWM
[23:36:03] [278/456] FNCM
[23:36:04] [279/456] MDVA
[23:36:05] [280/456] MMET
[23:36:06] [281/456] MIDO
[23:36:07] [282/456] INNP
[23:36:07] 🔄 Identity reset
[23:36:07] 🔄 Identity rotated (every 10 requests)
[23:36:07] 🔄 Retry 1/5 for INNP in 2.4s
[23:36:07] 🔄 Identity reset
[23:36:09] 🧠 New identity created
[23:36:10] [283/456] MIFU
[23:36:11] [284/456] MMSZ
[23:36:11] [285/456] BMXA
[23:36:12] [286/456] MCAA
[23:36:13] [287/456] SCVP
[23:36:13] [288/456] PLUS
[23:36:14] [289/456] MUCK
[23:36:15] [290/456] MTMA
[23:36:15] [291/456] HPVR
[23:36:15] 🔄 Identity reset
[23:36:16] 🔄 Identity rotated (every 10 requests)
[23:36:17] [292/456] PMPK
[23:36:18] [293/456] MAJB
[23:36:19] [294/456] CTRR
[23:36:20] [295/456] MCTG
[23:36:21] [296/456] MACE
[23:36:22] [297/456] AAAS
[23:36:23] [298/456] CPVV
[23:36:24] [299/456] RCHG
[23:36:25] [300/456] MCNE
[23:36:26] [301/456] EMNC
[23:36:26] 🔄 Identity reset
[23:36:26] 🔄 Identity rotated (every 10 requests)
[23:36:27] [302/456] MCAN
[23:36:27] [303/456] TCDM
[23:36:28] [304/456] IRGT
[23:36:29] [305/456] GCMG
[23:36:30] [306/456] MXSN
[23:36:31] [307/456] MXCK
[23:36:31] [308/456] MCRC
[23:36:33] [309/456] RSMI
[23:36:34] [310/456] WAML
[23:36:35] [311/456] MTSC
[23:36:35] 🔄 Identity reset
[23:36:35] 🔄 Identity rotated (every 10 requests)
[23:36:36] [312/456] FMDR
[23:36:37] [313/456] LEPV
[23:36:38] [314/456] MTGD
[23:36:40] [315/456] IMOB
[23:36:40] [316/456] CLMM
[23:36:41] [317/456] PZCD
[23:36:42] [318/456] GOCS
[23:36:43] [319/456] KCMA
[23:36:45] [320/456] CCMP
[23:36:46] [321/456] MTSU
[23:36:46] 🔄 Identity reset
[23:36:46] 🔄 Identity rotated (every 10 requests)
[23:36:46] 🔄 Retry 1/5 for MTSU in 2.7s
[23:36:46] 🔄 Identity reset
[23:36:48] 🧠 New identity created
[23:36:49] [322/456] SNGL
[23:36:50] [323/456] MMMC
[23:36:51] [324/456] MMAA
[23:36:52] [325/456] GCDM
[23:36:52] [326/456] KTMV
[23:36:53] [327/456] AETE
[23:36:53] [328/456] OMCS
[23:36:54] [329/456] GDCD
[23:36:55] [330/456] NYMD
[23:36:55] 🔄 Identity reset
[23:36:55] 🔄 Identity rotated (every 10 requests)
[23:36:56] [331/456] RNCV
[23:36:56] [332/456] KKMT
[23:36:57] [333/456] GDTH
[23:36:58] [334/456] KMMV
[23:36:58] [335/456] NHCG
[23:36:59] [336/456] PJDW
[23:37:00] [337/456] MMCV
[23:37:00] [338/456] FQSA
[23:37:01] [339/456] KURL
[23:37:02] [340/456] NNNX
[23:37:02] 🔄 Identity reset
[23:37:02] 🔄 Identity rotated (every 10 requests)
[23:37:02] 🔄 Retry 1/5 for NNNX in 2.8s
[23:37:02] 🔄 Identity reset
[23:37:05] 🧠 New identity created
[23:37:05] [341/456] AMAU
[23:37:06] [342/456] VVVM
[23:37:07] [343/456] VECU
[23:37:07] [344/456] WCVR
[23:37:08] [345/456] MTGG
[23:37:08] [346/456] SGTG
[23:37:09] [347/456] MNTG
[23:37:10] [348/456] JDDG
[23:37:11] [349/456] MBTK
[23:37:11] 🔄 Identity reset
[23:37:11] 🔄 Identity rotated (every 10 requests)
[23:37:12] [350/456] SGCD
[23:37:12] [351/456] MCTC
[23:37:13] [352/456] JTPC
[23:37:14] [353/456] SDKT
[23:37:14] [354/456] KRCC
[23:37:15] [355/456] RMMD
[23:37:16] [356/456] AAME
[23:37:18] [357/456] TMWC
[23:37:18] [358/456] NRWY
[23:37:19] [359/456] CITD
[23:37:19] 🔄 Identity reset
[23:37:19] 🔄 Identity rotated (every 10 requests)
[23:37:20] [360/456] VERD
[23:37:21] [361/456] MKSK
[23:37:22] [362/456] STSM
[23:37:23] [363/456] MJDG
[23:37:25] [364/456] RKPM
[23:37:26] [365/456] SSCE
[23:37:28] [366/456] VMAE
[23:37:28] [367/456] SBRU
[23:37:29] [368/456] AMBC
[23:37:30] [369/456] AMLU
[23:37:30] 🔄 Identity reset
[23:37:30] 🔄 Identity rotated (every 10 requests)
[23:37:30] 🔄 Retry 1/5 for AMLU in 2.9s
[23:37:30] 🔄 Identity reset
[23:37:33] 🧠 New identity created
[23:37:34] [370/456] INVZ
[23:37:35] [371/456] LGTV
[23:37:35] [372/456] SVAD
[23:37:36] [373/456] SMSA
[23:37:37] [374/456] SPCZ
[23:37:38] [375/456] GTCX
[23:37:38] [376/456] SCSL
[23:37:39] [377/456] SAHU
[23:37:40] [378/456] NCDA
[23:37:40] 🔄 Identity reset
[23:37:40] 🔄 Identity rotated (every 10 requests)
[23:37:41] [379/456] SCCG
[23:37:41] [380/456] VKTL
[23:37:42] [381/456] PUUJ
[23:37:43] [382/456] STEJ
[23:37:43] [383/456] RJAL
[23:37:44] [384/456] ACJC
[23:37:45] [385/456] ARVB
[23:37:46] [386/456] AUBB
[23:37:48] [387/456] GDBR
[23:37:50] [388/456] PVND
[23:37:50] 🔄 Identity reset
[23:37:50] 🔄 Identity rotated (every 10 requests)
[23:37:51] [389/456] BGRJ
[23:37:52] [390/456] RJMM
[23:37:53] [391/456] MCSA
[23:37:53] [392/456] BODA
[23:37:54] [393/456] JAGG
[23:37:55] [394/456] SCGA
[23:37:56] [395/456] LRCM
[23:37:57] [396/456] CPCN
[23:37:58] [397/456] SSTF
[23:37:58] [398/456] SRXP
[23:37:58] 🔄 Identity reset
[23:37:58] 🔄 Identity rotated (every 10 requests)
[23:37:59] [399/456] CNFX
[23:38:00] [400/456] ANDI
[23:38:01] [401/456] SYEW
[23:38:02] [402/456] RCRE
[23:38:03] [403/456] SCRW
[23:38:04] [404/456] MBKR
[23:38:05] [405/456] ASNT
[23:38:06] [406/456] JTMT
[23:38:06] [407/456] SHAY
[23:38:07] [408/456] VRTH
[23:38:07] 🔄 Identity reset
[23:38:07] 🔄 Identity rotated (every 10 requests)
[23:38:08] [409/456] SPTI
[23:38:10] [410/456] DPTD
[23:38:10] [411/456] TGSN
[23:38:11] [412/456] RCWV
[23:38:12] [413/456] OCUR
[23:38:13] [414/456] KSTC
[23:38:14] [415/456] SANI
[23:38:15] [416/456] MLCA
[23:38:15] [417/456] EGCA
[23:38:16] [418/456] SYSN
[23:38:16] 🔄 Identity reset
[23:38:16] 🔄 Identity rotated (every 10 requests)
[23:38:17] [419/456] PKTA
[23:38:18] [420/456] PRCC
[23:38:19] [421/456] KSTR
[23:38:20] [422/456] SNTP
[23:38:21] [423/456] RCHA
[23:38:22] [424/456] SEEA
[23:38:23] [425/456] ALAT
[23:38:23] [426/456] AATV
[23:38:24] [427/456] RJTE
[23:38:25] [428/456] AAPP
[23:38:25] 🔄 Identity reset
[23:38:25] 🔄 Identity rotated (every 10 requests)
[23:38:26] [429/456] PMMH
[23:38:27] [430/456] INRJ
[23:38:28] [431/456] SARB
[23:38:29] [432/456] PCJL
[23:38:30] [433/456] PFJJ
[23:38:31] [434/456] GRDC
[23:38:31] [435/456] BCBA
[23:38:33] [436/456] VIXL
[23:38:34] [437/456] CSTL
[23:38:35] [438/456] MTDK
[23:38:35] 🔄 Identity reset
[23:38:35] 🔄 Identity rotated (every 10 requests)
[23:38:35] 🔄 Retry 1/5 for MTDK in 2.2s
[23:38:35] 🔄 Identity reset
[23:38:37] 🧠 New identity created
[23:38:37] 🔄 Retry 2/5 for MTDK in 4.3s
[23:38:37] 🔄 Identity reset
[23:38:42] 🧠 New identity created
[23:38:42] [439/456] TDAC
[23:38:43] [440/456] GTDN
[23:38:44] [441/456] TTDE
[23:38:44] [442/456] ASTS
[23:38:45] [443/456] CPNS
[23:38:46] [444/456] PVVW
[23:38:46] [445/456] USEB
[23:38:47] [446/456] DTYN
[23:38:47] 🔄 Identity reset
[23:38:47] 🔄 Identity rotated (every 10 requests)
[23:38:48] [447/456] PVLE
[23:38:49] [448/456] CIPS
[23:38:49] [449/456] PAEG
[23:38:50] [450/456] PTCW
[23:38:51] [451/456] G3SR
[23:38:51] [452/456] PGND
[23:38:52] [453/456] INVM
[23:38:53] [454/456] SPIA
[23:38:54] [455/456] PCSN
[23:38:54] [456/456] PPGV
[23:38:54] 🔄 Identity reset
[23:38:55] 🔄 Identity rotated (every 10 requests)
[23:38:55] 🧹 Deduping shows
[23:38:55] ✅ DONE | Shows=5387 | Movies=89
