[18:55:01] 🚀 SCRIPT STARTED (enhanced anti‑detection)
[18:55:01] [1/455] MXGN
[18:55:02] 🧠 New identity created
[18:55:02] [2/455] PGGM
[18:55:03] [3/455] IPMJ
[18:55:04] [4/455] M2PP
[18:55:05] [5/455] PMMS
[18:55:06] [6/455] SCJN
[18:55:07] [7/455] CPUM
[18:55:08] [8/455] SCND
[18:55:09] [9/455] INWM
[18:55:10] [10/455] DVDC
[18:55:10] 🔄 Identity reset
[18:55:10] 🔄 Identity rotated (every 10 requests)
[18:55:11] [11/455] WVND
[18:55:12] [12/455] LBDL
[18:55:12] [13/455] CRGM
[18:55:13] [14/455] PVKS
[18:55:14] [15/455] PBLL
[18:55:15] [16/455] FNLN
[18:55:16] [17/455] PPDA
[18:55:17] [18/455] SCPT
[18:55:17] [19/455] IAJS
[18:55:18] [20/455] MMZG
[18:55:19] 🔄 Identity reset
[18:55:19] 🔄 Identity rotated (every 10 requests)
[18:55:19] [21/455] MCTI
[18:55:20] [22/455] PPMF
[18:55:21] [23/455] FNSD
[18:55:22] [24/455] M2RH
[18:55:24] [25/455] CPGV
[18:55:25] [26/455] PECD
[18:55:25] [27/455] CTEE
[18:55:26] [28/455] IOMG
[18:55:27] [29/455] CIJA
[18:55:29] [30/455] NYCG
[18:55:29] 🔄 Identity reset
[18:55:29] 🔄 Identity rotated (every 10 requests)
[18:55:30] [31/455] CEST
[18:55:31] [32/455] WVRG
[18:55:32] [33/455] DPDC
[18:55:32] [34/455] PDIV
[18:55:33] [35/455] MTPP
[18:55:34] [36/455] MHNU
[18:55:35] [37/455] WUPG
[18:55:36] [38/455] USCO
[18:55:37] [39/455] INFR
[18:55:38] [40/455] PVPD
[18:55:39] 🔄 Identity reset
[18:55:39] 🔄 Identity rotated (every 10 requests)
[18:55:39] [41/455] RONC
[18:55:41] [42/455] IOCP
[18:55:43] [43/455] EMPS
[18:55:44] [44/455] PNAD
[18:55:45] [45/455] VVGZ
[18:55:46] [46/455] MDDC
[18:55:47] [47/455] MMAP
[18:55:47] [48/455] GPDC
[18:55:48] [49/455] PVPU
[18:55:49] [50/455] DCMV
[18:55:50] 🔄 Identity reset
[18:55:50] 🔄 Identity rotated (every 10 requests)
[18:55:50] [51/455] PCCF
[18:55:51] [52/455] MCEF
[18:55:52] [53/455] INRD
[18:55:53] [54/455] CCPZ
[18:55:54] [55/455] BCWG
[18:55:55] [56/455] PMGU
[18:55:56] [57/455] MCVM
[18:55:57] [58/455] MCDE
[18:55:58] [59/455] IEFM
[18:55:59] [60/455] MXCS
[18:55:59] 🔄 Identity reset
[18:55:59] 🔄 Identity rotated (every 10 requests)
[18:56:00] [61/455] RNMT
[18:56:01] [62/455] PSDD
[18:56:01] [63/455] PETA
[18:56:02] [64/455] IZOP
[18:56:03] [65/455] PDEI
[18:56:04] [66/455] MTND
[18:56:09] [67/455] PCPL
[18:56:09] [68/455] LSCM
[18:56:10] [69/455] BTFD
[18:56:11] [70/455] MERM
[18:56:12] 🔄 Identity reset
[18:56:12] 🔄 Identity rotated (every 10 requests)
[18:56:12] [71/455] PVMS
[18:56:13] [72/455] CIGK
[18:56:14] [73/455] INSG
[18:56:15] [74/455] IDEN
[18:56:17] [75/455] MCGN
[18:56:18] [76/455] IGAM
[18:56:19] [77/455] SLCU
[18:56:20] [78/455] MIMU
[18:56:21] [79/455] QLAC
[18:56:22] [80/455] MENL
[18:56:23] 🔄 Identity reset
[18:56:23] 🔄 Identity rotated (every 10 requests)
[18:56:23] 🔄 Retry 1/5 for MENL in 2.8s
[18:56:23] 🔄 Identity reset
[18:56:26] 🧠 New identity created
[18:56:26] 🔄 Retry 2/5 for MENL in 4.4s
[18:56:26] 🔄 Identity reset
[18:56:30] 🧠 New identity created
[18:56:30] [81/455] SCUR
[18:56:31] [82/455] MDGD
[18:56:32] [83/455] LSRS
[18:56:33] [84/455] KMLG
[18:56:34] [85/455] MKLJ
[18:56:35] [86/455] IBYG
[18:56:35] [87/455] ISML
[18:56:36] [88/455] MJMM
[18:56:37] 🔄 Identity reset
[18:56:37] 🔄 Identity rotated (every 10 requests)
[18:56:37] [89/455] RCGD
[18:56:38] [90/455] MMOC
[18:56:39] [91/455] RRCO
[18:56:41] [92/455] MEDM
[18:56:42] [93/455] MCAZ
[18:56:43] [94/455] STWA
[18:56:43] [95/455] PFFG
[18:56:44] [96/455] GAGC
[18:56:45] [97/455] PMPM
[18:56:46] [98/455] HVCD
[18:56:47] 🔄 Identity reset
[18:56:47] 🔄 Identity rotated (every 10 requests)
[18:56:47] [99/455] AKRF
[18:56:49] [100/455] AKRC
[18:56:50] [101/455] MIDA
[18:56:51] [102/455] MAGX
[18:56:52] [103/455] ESOS
[18:56:54] [104/455] BBCL
[18:56:55] [105/455] LYAS
[18:56:56] [106/455] NRMS
[18:56:57] [107/455] BHUC
[18:56:58] [108/455] SRIC
[18:56:58] 🔄 Identity reset
[18:56:58] 🔄 Identity rotated (every 10 requests)
[18:56:58] 🔄 Retry 1/5 for SRIC in 2.4s
[18:56:58] 🔄 Identity reset
[18:57:01] 🧠 New identity created
[18:57:02] [109/455] PDME
[18:57:03] [110/455] MJCS
[18:57:04] [111/455] NRAA
[18:57:05] [112/455] VATA
[18:57:06] [113/455] MNKC
[18:57:07] [114/455] DHCL
[18:57:08] [115/455] JCPC
[18:57:09] [116/455] CTML
[18:57:10] [117/455] RMMR
[18:57:10] 🔄 Identity reset
[18:57:10] 🔄 Identity rotated (every 10 requests)
[18:57:11] [118/455] STTL
[18:57:11] [119/455] CNPS
[18:57:12] [120/455] ACKL
[18:57:13] [121/455] SCAU
[18:57:14] [122/455] RMIA
[18:57:15] [123/455] MANU
[18:57:16] [124/455] ARDC
[18:57:17] [125/455] GLDA
[18:57:18] [126/455] KVSW
[18:57:18] [127/455] CGCA
[18:57:19] 🔄 Identity reset
[18:57:19] 🔄 Identity rotated (every 10 requests)
[18:57:19] [128/455] CMLO
[18:57:20] [129/455] CECB
[18:57:21] [130/455] RCPN
[18:57:22] [131/455] ASMW
[18:57:23] [132/455] PWLM
[18:57:24] [133/455] ASGM
[18:57:25] [134/455] ACWH
[18:57:26] [135/455] AAPW
[18:57:27] [136/455] RTWA
[18:57:28] [137/455] RAMW
[18:57:28] 🔄 Identity reset
[18:57:28] 🔄 Identity rotated (every 10 requests)
[18:57:29] [138/455] VKTR
[18:57:30] [139/455] SMBH
[18:57:30] [140/455] BVDR
[18:57:31] [141/455] MRTP
[18:57:32] [142/455] BLBR
[18:57:33] [143/455] LPIN
[18:57:34] [144/455] SNPC
[18:57:35] [145/455] PDCB
[18:57:36] [146/455] DYPK
[18:57:37] [147/455] INMK
[18:57:38] 🔄 Identity reset
[18:57:38] 🔄 Identity rotated (every 10 requests)
[18:57:38] [148/455] PDCK
[18:57:39] [149/455] PCKR
[18:57:40] [150/455] SHUA
[18:57:41] [151/455] SCVK
[18:57:42] [152/455] STPA
[18:57:43] [153/455] WVHD
[18:57:44] [154/455] MRCH
[18:57:45] [155/455] MCNP
[18:57:46] [156/455] RCAG
[18:57:47] [157/455] JTSN
[18:57:47] 🔄 Identity reset
[18:57:47] 🔄 Identity rotated (every 10 requests)
[18:57:48] [158/455] AANS
[18:57:48] [159/455] GDDR
[18:57:50] [160/455] SRER
[18:57:51] [161/455] JKMA
[18:57:52] [162/455] ARAN
[18:57:53] [163/455] ALCT
[18:57:54] [164/455] CCTA
[18:57:55] [165/455] CNCT
[18:57:56] [166/455] NZBL
[18:57:57] [167/455] SRRA
[18:57:57] 🔄 Identity reset
[18:57:57] 🔄 Identity rotated (every 10 requests)
[18:57:58] [168/455] SVPW
[18:57:59] [169/455] SRTW
[18:58:00] [170/455] XMTD
[18:58:01] [171/455] SCCZ
[18:58:02] [172/455] PBCR
[18:58:03] [173/455] RTSC
[18:58:04] [174/455] TLSV
[18:58:05] [175/455] RMTK
[18:58:06] [176/455] SRAT
[18:58:07] [177/455] GCYC
[18:58:07] 🔄 Identity reset
[18:58:07] 🔄 Identity rotated (every 10 requests)
[18:58:08] [178/455] HCAJ
[18:58:09] [179/455] LCXA
[18:58:10] [180/455] BINT
[18:58:10] [181/455] IXIM
[18:58:11] [182/455] MBCR
[18:58:12] [183/455] BMCJ
[18:58:13] [184/455] NICJ
[18:58:15] [185/455] SCAJ
[18:58:17] [186/455] CMXS
[18:58:17] [187/455] MMSR
[18:58:18] 🔄 Identity reset
[18:58:18] 🔄 Identity rotated (every 10 requests)
[18:58:19] [188/455] PRKT
[18:58:19] [189/455] LPTH
[18:58:20] [190/455] SARP
[18:58:21] [191/455] MNPP
[18:58:22] [192/455] PRLR
[18:58:23] [193/455] RCMW
[18:58:24] [194/455] FCMG
[18:58:25] [195/455] RTNK
[18:58:26] [196/455] LRCP
[18:58:26] [197/455] DBJR
[18:58:27] 🔄 Identity reset
[18:58:27] 🔄 Identity rotated (every 10 requests)
[18:58:27] 🔄 Retry 1/5 for DBJR in 2.3s
[18:58:27] 🔄 Identity reset
[18:58:29] 🧠 New identity created
[18:58:30] [198/455] CACN
[18:58:31] [199/455] AMRL
[18:58:31] [200/455] SBBC
[18:58:32] [201/455] VENN
[18:58:33] [202/455] STSS
[18:58:34] [203/455] SMRB
[18:58:36] [204/455] CCMX
[18:58:37] [205/455] KCMR
[18:58:37] [206/455] SALH
[18:58:38] 🔄 Identity reset
[18:58:38] 🔄 Identity rotated (every 10 requests)
[18:58:38] [207/455] CGTT
[18:58:39] [208/455] PMDR
[18:58:40] [209/455] VCPM
[18:58:41] [210/455] RZMX
[18:58:42] [211/455] TMSY
[18:58:43] [212/455] NTMS
[18:58:45] [213/455] VTAG
[18:58:46] [214/455] REMA
[18:58:47] [215/455] NXCC
[18:58:49] [216/455] SKYM
[18:58:49] 🔄 Identity reset
[18:58:49] 🔄 Identity rotated (every 10 requests)
[18:58:50] [217/455] CCMO
[18:58:51] [218/455] DMXM
[18:58:53] [219/455] SPPM
[18:58:53] [220/455] PTKL
[18:58:54] [221/455] SLVO
[18:58:55] [222/455] VASL
[18:58:56] [223/455] CBCM
[18:58:57] [224/455] STMA
[18:58:58] [225/455] LASK
[18:58:58] [226/455] VITE
[18:58:59] 🔄 Identity reset
[18:58:59] 🔄 Identity rotated (every 10 requests)
[18:58:59] [227/455] AAST
[18:59:00] [228/455] JTPT
[18:59:02] [229/455] RRSH
[18:59:03] [230/455] CINL
[18:59:04] [231/455] MCSR
[18:59:05] [232/455] SBCF
[18:59:06] [233/455] GCDU
[18:59:08] [234/455] PSPR
[18:59:09] [235/455] IMMO
[18:59:10] [236/455] CLGM
[18:59:11] 🔄 Identity reset
[18:59:11] 🔄 Identity rotated (every 10 requests)
[18:59:11] [237/455] PBMM
[18:59:12] [238/455] CEHR
[18:59:13] [239/455] CPOE
[18:59:14] [240/455] PGFD
[18:59:15] [241/455] PSLC
[18:59:17] [242/455] MSMD
[18:59:18] [243/455] FMFB
[18:59:19] [244/455] RKCL
[18:59:20] [245/455] PMMC
[18:59:21] [246/455] SKMM
[18:59:22] 🔄 Identity reset
[18:59:22] 🔄 Identity rotated (every 10 requests)
[18:59:22] [247/455] VOIB
[18:59:23] [248/455] KINO
[18:59:24] [249/455] VCTP
[18:59:25] [250/455] PDWR
[18:59:26] [251/455] SAED
[18:59:27] [252/455] SRRT
[18:59:28] [253/455] CVLG
[18:59:28] [254/455] SNGN
[18:59:29] [255/455] SIDA
[18:59:30] [256/455] IMCB
[18:59:31] 🔄 Identity reset
[18:59:31] 🔄 Identity rotated (every 10 requests)
[18:59:31] [257/455] SMHP
[18:59:32] [258/455] GDTY
[18:59:33] [259/455] VYCH
[18:59:34] [260/455] PDYA
[18:59:35] [261/455] RKDO
[18:59:35] [262/455] VECG
[18:59:36] [263/455] NFGD
[18:59:37] [264/455] SNDC
[18:59:38] [265/455] SDJH
[18:59:39] [266/455] HASV
[18:59:40] 🔄 Identity reset
[18:59:40] 🔄 Identity rotated (every 10 requests)
[18:59:40] [267/455] PTYK
[18:59:41] [268/455] MUTB
[18:59:42] [269/455] AMRT
[18:59:44] [270/455] VACD
[18:59:44] [271/455] SKDD
[18:59:45] [272/455] STGR
[18:59:46] [273/455] GDAK
[18:59:47] [274/455] SKHK
[18:59:48] [275/455] SLND
[18:59:49] [276/455] APAP
[18:59:50] 🔄 Identity reset
[18:59:50] 🔄 Identity rotated (every 10 requests)
[18:59:50] [277/455] AYYA
[18:59:51] [278/455] VCCZ
[18:59:52] [279/455] MEML
[18:59:53] [280/455] MAOU
[18:59:54] [281/455] ESND
[18:59:55] [282/455] PTBZ
[18:59:57] [283/455] LBCN
[18:59:58] [284/455] PAWA
[18:59:59] [285/455] ZEIC
[18:59:59] [286/455] CGMM
[19:00:00] 🔄 Identity reset
[19:00:00] 🔄 Identity rotated (every 10 requests)
[19:00:00] [287/455] PJPM
[19:00:01] [288/455] ECMR
[19:00:02] [289/455] SHMZ
[19:00:03] [290/455] STCA
[19:00:04] [291/455] VDRC
[19:00:05] [292/455] SEEM
[19:00:07] [293/455] MKNS
[19:00:08] [294/455] KPPP
[19:00:09] [295/455] CCML
[19:00:10] [296/455] CIBA
[19:00:10] 🔄 Identity reset
[19:00:10] 🔄 Identity rotated (every 10 requests)
[19:00:10] [297/455] NACS
[19:00:11] [298/455] CTMK
[19:00:13] [299/455] CTCT
[19:00:14] [300/455] MCSN
[19:00:16] [301/455] MAXX
[19:00:17] [302/455] MECB
[19:00:18] [303/455] NTBY
[19:00:19] [304/455] UTBI
[19:00:20] [305/455] RADK
[19:00:21] [306/455] STBY
[19:00:22] 🔄 Identity reset
[19:00:22] 🔄 Identity rotated (every 10 requests)
[19:00:22] 🔄 Retry 1/5 for STBY in 2.9s
[19:00:22] 🔄 Identity reset
[19:00:25] 🧠 New identity created
[19:00:25] [307/455] GTBY
[19:00:26] [308/455] RRMB
[19:00:27] [309/455] ABRN
[19:00:28] [310/455] GTSG
[19:00:29] [311/455] GBTG
[19:00:30] [312/455] SBGS
[19:00:31] [313/455] KBPM
[19:00:32] [314/455] SMHT
[19:00:32] [315/455] VTDM
[19:00:33] 🔄 Identity reset
[19:00:33] 🔄 Identity rotated (every 10 requests)
[19:00:33] [316/455] ASCT
[19:00:34] [317/455] AWCT
[19:00:35] [318/455] DCCU
[19:00:36] [319/455] PSCE
[19:00:37] [320/455] KSNY
[19:00:38] [321/455] ACID
[19:00:38] [322/455] LVCD
[19:00:39] [323/455] KSSB
[19:00:40] [324/455] SWTD
[19:00:41] [325/455] RBMR
[19:00:42] 🔄 Identity reset
[19:00:42] 🔄 Identity rotated (every 10 requests)
[19:00:43] [326/455] SCBC
[19:00:44] [327/455] RKME
[19:00:45] [328/455] GALX
[19:00:46] [329/455] GCCH
[19:00:46] [330/455] RATR
[19:00:47] [331/455] GTGA
[19:00:48] [332/455] LTTR
[19:00:49] [333/455] TTAA
[19:00:50] [334/455] TVHP
[19:00:51] [335/455] KVCS
[19:00:51] 🔄 Identity reset
[19:00:51] 🔄 Identity rotated (every 10 requests)
[19:00:52] [336/455] CBMC
[19:00:53] [337/455] MAYJ
[19:00:54] [338/455] INPR
[19:00:55] [339/455] RSSC
[19:00:56] [340/455] PCAN
[19:00:56] [341/455] PVHR
[19:00:57] [342/455] AGSM
[19:00:58] [343/455] PVES
[19:00:59] [344/455] INTO
[19:01:00] [345/455] ACON
[19:01:01] 🔄 Identity reset
[19:01:01] 🔄 Identity rotated (every 10 requests)
[19:01:01] [346/455] PVPZ
[19:01:02] [347/455] PVHC
[19:01:03] [348/455] KSTK
[19:01:04] [349/455] PVSR
[19:01:07] [350/455] ACTN
[19:01:08] [351/455] FMCN
[19:01:09] [352/455] PABC
[19:01:10] [353/455] SUTC
[19:01:11] [354/455] PGMV
[19:01:12] [355/455] GKCP
[19:01:12] 🔄 Identity reset
[19:01:12] 🔄 Identity rotated (every 10 requests)
[19:01:13] [356/455] INCH
[19:01:14] [357/455] MLMT
[19:01:14] [358/455] SSCC
[19:01:15] [359/455] SLMP
[19:01:16] [360/455] VVTN
[19:01:17] [361/455] SBTR
[19:01:18] [362/455] PGRA
[19:01:19] [363/455] PBRM
[19:01:20] [364/455] GCRP
[19:01:22] [365/455] MCSK
[19:01:22] 🔄 Identity reset
[19:01:22] 🔄 Identity rotated (every 10 requests)
[19:01:23] [366/455] NLTC
[19:01:24] [367/455] MTLM
[19:01:25] [368/455] VECT
[19:01:26] [369/455] KMRM
[19:01:27] [370/455] RACM
[19:01:28] [371/455] WSTC
[19:01:29] [372/455] PVTJ
[19:01:30] [373/455] MMKC
[19:01:31] [374/455] SVWT
[19:01:32] [375/455] JOTG
[19:01:32] 🔄 Identity reset
[19:01:32] 🔄 Identity rotated (every 10 requests)
[19:01:32] 🔄 Retry 1/5 for JOTG in 2.0s
[19:01:32] 🔄 Identity reset
[19:01:35] 🧠 New identity created
[19:01:35] [376/455] VCDK
[19:01:36] [377/455] ANAC
[19:01:37] [378/455] GRTC
[19:01:38] [379/455] JTPL
[19:01:39] [380/455] VRCP
[19:01:39] [381/455] REMC
[19:01:40] [382/455] ATMG
[19:01:42] [383/455] GAHC
[19:01:43] [384/455] JTMV
[19:01:44] 🔄 Identity reset
[19:01:44] 🔄 Identity rotated (every 10 requests)
[19:01:44] [385/455] OMTT
[19:01:45] [386/455] GKKC
[19:01:46] [387/455] BBPO
[19:01:47] [388/455] ZCBB
[19:01:48] [389/455] DCGO
[19:01:48] [390/455] STOP
[19:01:49] [391/455] BSPC
[19:01:50] [392/455] SOND
[19:01:51] [393/455] GCKG
[19:01:52] [394/455] PCDB
[19:01:53] 🔄 Identity reset
[19:01:53] 🔄 Identity rotated (every 10 requests)
[19:01:53] [395/455] PGRC
[19:01:54] [396/455] CSCT
[19:01:55] [397/455] STDA
[19:01:55] [398/455] JAYD
[19:01:56] [399/455] PPPD
[19:01:57] [400/455] KRTT
[19:01:58] [401/455] PTDT
[19:01:59] [402/455] TRSV
[19:02:00] [403/455] VELR
[19:02:00] [404/455] STDT
[19:02:01] 🔄 Identity reset
[19:02:01] 🔄 Identity rotated (every 10 requests)
[19:02:01] [405/455] SATT
[19:02:03] [406/455] KCPM
[19:02:04] [407/455] MFCP
[19:02:05] [408/455] AXMP
[19:02:06] [409/455] LTVB
[19:02:07] [410/455] APST
[19:02:08] [411/455] DTVP
[19:02:09] [412/455] AAVB
[19:02:10] [413/455] PMBL
[19:02:11] [414/455] STKC
[19:02:12] 🔄 Identity reset
[19:02:12] 🔄 Identity rotated (every 10 requests)
[19:02:12] [415/455] KKMA
[19:02:14] [416/455] NMXS
[19:02:15] [417/455] DECX
[19:02:15] [418/455] MAPJ
[19:02:16] [419/455] SMLK
[19:02:17] [420/455] PMPU
[19:02:18] [421/455] AFST
[19:02:19] [422/455] SRSY
[19:02:20] [423/455] RMKT
[19:02:21] [424/455] RAJX
[19:02:22] 🔄 Identity reset
[19:02:22] 🔄 Identity rotated (every 10 requests)
[19:02:22] [425/455] UVCD
[19:02:23] [426/455] LISA
[19:02:24] [427/455] LMSR
[19:02:25] [428/455] PMCA
[19:02:26] [429/455] INPO
[19:02:27] [430/455] INGO
[19:02:29] [431/455] HFSQ
[19:02:29] [432/455] INMG
[19:02:30] [433/455] NYCP
[19:02:31] [434/455] HFSV
[19:02:32] 🔄 Identity reset
[19:02:32] 🔄 Identity rotated (every 10 requests)
[19:02:32] [435/455] MMZP
[19:02:33] [436/455] KSES
[19:02:34] [437/455] HFSA
[19:02:35] [438/455] ACMM
[19:02:36] [439/455] RCKD
[19:02:36] [440/455] BCKR
[19:02:38] [441/455] SFCO
[19:02:39] [442/455] JCCB
[19:02:39] [443/455] BCCR
[19:02:40] [444/455] NWCB
[19:02:41] 🔄 Identity reset
[19:02:41] 🔄 Identity rotated (every 10 requests)
[19:02:42] [445/455] SAMT
[19:02:43] [446/455] TMST
[19:02:44] [447/455] SJCN
[19:02:45] [448/455] MCBS
[19:02:46] [449/455] CMKR
[19:02:47] [450/455] INPM
[19:02:48] [451/455] WVMT
[19:02:49] [452/455] NYSM
[19:02:50] [453/455] RCMA
[19:02:51] [454/455] RECM
[19:02:51] 🔄 Identity reset
[19:02:51] 🔄 Identity rotated (every 10 requests)
[19:02:52] [455/455] CYCM
[19:02:52] 🧹 Deduping shows
[19:02:52] ✅ DONE | Shows=623 | Movies=16
[10:27:05] 🚀 SCRIPT STARTED
[10:27:05] [1/455] MXGN
[10:27:05] 🧠 New identity created
[10:27:07] [2/455] PGGM
[10:27:08] [3/455] IPMJ
[10:27:10] [4/455] M2PP
[10:27:12] [5/455] PMMS
[10:27:13] [6/455] SCJN
[10:27:14] [7/455] CPUM
[10:27:15] [8/455] SCND
[10:27:17] [9/455] INWM
[10:27:26] [10/455] DVDC
[10:27:26] 🔄 Identity reset
[10:27:26] 🔄 Identity rotated (every 10 requests)
[10:27:27] [11/455] WVND
[10:27:28] [12/455] LBDL
[10:27:29] [13/455] CRGM
[10:27:30] [14/455] PVKS
[10:27:32] [15/455] PBLL
[10:27:33] [16/455] FNLN
[10:27:34] [17/455] PPDA
[10:27:35] [18/455] SCPT
[10:27:36] [19/455] IAJS
[10:27:38] [20/455] MMZG
[10:27:38] 🔄 Identity reset
[10:27:38] 🔄 Identity rotated (every 10 requests)
[10:27:40] [21/455] MCTI
[10:27:41] [22/455] PPMF
[10:27:43] [23/455] FNSD
[10:27:44] [24/455] M2RH
[10:27:45] [25/455] CPGV
[10:27:46] [26/455] PECD
[10:27:48] [27/455] CTEE
[10:27:49] [28/455] IOMG
[10:27:51] [29/455] CIJA
[10:27:53] [30/455] NYCG
[10:27:53] 🔄 Identity reset
[10:27:53] 🔄 Identity rotated (every 10 requests)
[10:27:54] [31/455] CEST
[10:27:56] [32/455] WVRG
[10:27:56] [33/455] DPDC
[10:27:57] [34/455] PDIV
[10:27:59] [35/455] MTPP
[10:28:11] 🔄 Retry 1/5 for MTPP in 2.5s
[10:28:11] 🔄 Identity reset
[10:28:14] 🧠 New identity created
[10:28:20] [36/455] MHNU
[10:28:21] [37/455] WUPG
[10:28:22] [38/455] USCO
[10:28:23] [39/455] INFR
[10:28:23] 🔄 Identity reset
[10:28:23] 🔄 Identity rotated (every 10 requests)
[10:28:24] [40/455] PVPD
[10:28:26] [41/455] RONC
[10:28:28] [42/455] IOCP
[10:28:29] [43/455] EMPS
[10:28:30] [44/455] PNAD
[10:28:32] [45/455] VVGZ
[10:28:32] [46/455] MDDC
[10:28:34] [47/455] MMAP
[10:28:35] [48/455] GPDC
[10:28:37] [49/455] PVPU
[10:28:37] 🔄 Identity reset
[10:28:37] 🔄 Identity rotated (every 10 requests)
[10:28:38] [50/455] DCMV
[10:28:40] [51/455] PCCF
[10:28:41] [52/455] MCEF
[10:28:42] [53/455] INRD
[10:28:44] [54/455] CCPZ
[10:28:45] [55/455] BCWG
[10:28:45] [56/455] PMGU
[10:28:46] [57/455] MCVM
[10:28:47] [58/455] MCDE
[10:28:49] [59/455] IEFM
[10:28:49] 🔄 Identity reset
[10:28:49] 🔄 Identity rotated (every 10 requests)
[10:28:50] [60/455] MXCS
[10:28:52] [61/455] RNMT
[10:28:53] [62/455] PSDD
[10:28:54] [63/455] PETA
[10:29:06] 🔄 Retry 1/5 for PETA in 2.5s
[10:29:06] 🔄 Identity reset
[10:29:08] 🧠 New identity created
[10:29:16] [64/455] IZOP
[10:29:18] [65/455] PDEI
[10:29:18] [66/455] MTND
[10:29:20] [67/455] PCPL
[10:29:22] [68/455] LSCM
[10:29:22] 🔄 Identity reset
[10:29:22] 🔄 Identity rotated (every 10 requests)
[10:29:22] 🔄 Retry 1/5 for LSCM in 2.2s
[10:29:22] 🔄 Identity reset
[10:29:24] 🧠 New identity created
[10:29:25] [69/455] BTFD
[10:29:27] [70/455] MERM
[10:29:28] [71/455] PVMS
[10:29:30] [72/455] CIGK
[10:29:37] [73/455] INSG
[10:29:39] [74/455] IDEN
[10:29:41] [75/455] MCGN
[10:29:42] [76/455] IGAM
[10:29:43] [77/455] SLCU
[10:29:43] 🔄 Identity reset
[10:29:43] 🔄 Identity rotated (every 10 requests)
[10:29:45] [78/455] MIMU
[10:29:46] [79/455] QLAC
[10:29:48] [80/455] MENL
[10:29:49] [81/455] SCUR
[10:29:50] [82/455] MDGD
[10:29:52] [83/455] LSRS
[10:29:52] [84/455] KMLG
[10:29:54] [85/455] MKLJ
[10:29:55] [86/455] IBYG
[10:29:56] [87/455] ISML
[10:29:56] 🔄 Identity reset
[10:29:56] 🔄 Identity rotated (every 10 requests)
[10:29:56] 🔄 Retry 1/5 for ISML in 2.1s
[10:29:56] 🔄 Identity reset
[10:29:58] 🧠 New identity created
[10:29:59] [88/455] MJMM
[10:30:00] [89/455] RCGD
[10:30:02] [90/455] MMOC
[10:30:04] [91/455] RRCO
[10:30:05] [92/455] MEDM
[10:30:05] [93/455] MCAZ
[10:30:07] [94/455] STWA
[10:30:09] [95/455] PFFG
[10:30:10] [96/455] GAGC
[10:30:10] 🔄 Identity reset
[10:30:10] 🔄 Identity rotated (every 10 requests)
[10:30:12] [97/455] PMPM
[10:30:13] [98/455] HVCD
[10:30:15] [99/455] AKRF
[10:30:17] [100/455] AKRC
[10:30:18] [101/455] MIDA
[10:30:20] [102/455] MAGX
[10:30:22] [103/455] ESOS
[10:30:22] [104/455] BBCL
[10:30:24] [105/455] LYAS
[10:30:26] [106/455] NRMS
[10:30:26] 🔄 Identity reset
[10:30:26] 🔄 Identity rotated (every 10 requests)
[10:30:27] [107/455] BHUC
[10:30:39] 🔄 Retry 1/5 for BHUC in 3.0s
[10:30:39] 🔄 Identity reset
[10:30:42] 🧠 New identity created
[10:30:48] [108/455] SRIC
[10:30:50] [109/455] PDME
[10:30:50] [110/455] MJCS
[10:30:52] [111/455] NRAA
[10:30:53] [112/455] VATA
[10:30:55] [113/455] MNKC
[10:30:55] [114/455] DHCL
[10:30:57] [115/455] JCPC
[10:30:57] 🔄 Identity reset
[10:30:57] 🔄 Identity rotated (every 10 requests)
[10:30:59] [116/455] CTML
[10:31:00] [117/455] RMMR
[10:31:02] [118/455] STTL
[10:31:04] [119/455] CNPS
[10:31:08] [120/455] ACKL
[10:31:09] [121/455] SCAU
[10:31:10] [122/455] RMIA
[10:31:11] [123/455] MANU
[10:31:13] [124/455] ARDC
[10:31:14] [125/455] GLDA
[10:31:14] 🔄 Identity reset
[10:31:14] 🔄 Identity rotated (every 10 requests)
[10:31:26] 🔄 Retry 1/5 for GLDA in 2.7s
[10:31:26] 🔄 Identity reset
[10:31:29] 🧠 New identity created
[10:31:35] [126/455] KVSW
[10:31:37] [127/455] CGCA
[10:31:38] [128/455] CMLO
[10:31:39] [129/455] CECB
[10:31:41] [130/455] RCPN
[10:31:42] [131/455] ASMW
[10:31:43] [132/455] PWLM
[10:31:44] [133/455] ASGM
[10:31:46] [134/455] ACWH
[10:31:46] 🔄 Identity reset
[10:31:46] 🔄 Identity rotated (every 10 requests)
[10:31:47] [135/455] AAPW
[10:31:48] [136/455] RTWA
[10:31:49] [137/455] RAMW
[10:31:50] [138/455] VKTR
[10:31:50] [139/455] SMBH
[10:31:52] [140/455] BVDR
[10:31:54] [141/455] MRTP
[10:31:55] [142/455] BLBR
[10:31:57] [143/455] LPIN
[10:31:58] [144/455] SNPC
[10:31:58] 🔄 Identity reset
[10:31:58] 🔄 Identity rotated (every 10 requests)
[10:31:59] [145/455] PDCB
[10:32:01] [146/455] DYPK
[10:32:02] [147/455] INMK
[10:32:03] [148/455] PDCK
[10:32:04] [149/455] PCKR
[10:32:06] [150/455] SHUA
[10:32:07] [151/455] SCVK
[10:32:09] [152/455] STPA
[10:32:10] [153/455] WVHD
[10:32:13] [154/455] MRCH
[10:32:13] 🔄 Identity reset
[10:32:13] 🔄 Identity rotated (every 10 requests)
[10:32:15] [155/455] MCNP
[10:32:17] [156/455] RCAG
[10:32:18] [157/455] JTSN
[10:32:19] [158/455] AANS
[10:32:21] [159/455] GDDR
[10:32:22] [160/455] SRER
[10:32:24] [161/455] JKMA
[10:32:25] [162/455] ARAN
[10:32:26] [163/455] ALCT
[10:32:27] [164/455] CCTA
[10:32:27] 🔄 Identity reset
[10:32:27] 🔄 Identity rotated (every 10 requests)
[10:32:27] 🔄 Retry 1/5 for CCTA in 2.6s
[10:32:27] 🔄 Identity reset
[10:32:29] 🧠 New identity created
[10:32:31] [165/455] CNCT
[10:32:33] [166/455] NZBL
[10:32:33] [167/455] SRRA
[10:32:35] [168/455] SVPW
[10:32:36] [169/455] SRTW
[10:32:38] [170/455] XMTD
[10:32:40] [171/455] SCCZ
[10:32:40] [172/455] PBCR
[10:32:42] [173/455] RTSC
[10:32:42] 🔄 Identity reset
[10:32:42] 🔄 Identity rotated (every 10 requests)
[10:32:44] [174/455] TLSV
[10:32:44] [175/455] RMTK
[10:32:45] [176/455] SRAT
[10:32:46] [177/455] GCYC
[10:32:48] [178/455] HCAJ
[10:32:50] [179/455] LCXA
[10:32:52] [180/455] BINT
[10:32:54] [181/455] IXIM
[10:32:58] [182/455] MBCR
[10:32:59] [183/455] BMCJ
[10:32:59] 🔄 Identity reset
[10:32:59] 🔄 Identity rotated (every 10 requests)
[10:33:00] [184/455] NICJ
[10:33:02] [185/455] SCAJ
[10:33:03] [186/455] CMXS
[10:33:04] [187/455] MMSR
[10:33:05] [188/455] PRKT
[10:33:05] [189/455] LPTH
[10:33:07] [190/455] SARP
[10:33:09] [191/455] MNPP
[10:33:10] [192/455] PRLR
[10:33:11] [193/455] RCMW
[10:33:11] 🔄 Identity reset
[10:33:11] 🔄 Identity rotated (every 10 requests)
[10:33:12] [194/455] FCMG
[10:33:14] [195/455] RTNK
[10:33:16] [196/455] LRCP
[10:33:17] [197/455] DBJR
[10:33:19] [198/455] CACN
[10:33:20] [199/455] AMRL
[10:33:22] [200/455] SBBC
[10:33:24] [201/455] VENN
[10:33:25] [202/455] STSS
[10:33:29] [203/455] SMRB
[10:33:29] 🔄 Identity reset
[10:33:29] 🔄 Identity rotated (every 10 requests)
[10:33:30] [204/455] CCMX
[10:33:31] [205/455] KCMR
[10:33:32] [206/455] SALH
[10:33:34] [207/455] CGTT
[10:33:35] [208/455] PMDR
[10:33:36] [209/455] VCPM
[10:33:37] [210/455] RZMX
[10:33:38] [211/455] TMSY
[10:33:39] [212/455] NTMS
[10:33:40] [213/455] VTAG
[10:33:40] 🔄 Identity reset
[10:33:40] 🔄 Identity rotated (every 10 requests)
[10:33:41] [214/455] REMA
[10:33:42] [215/455] NXCC
[10:33:44] [216/455] SKYM
[10:33:45] [217/455] CCMO
[10:33:46] [218/455] DMXM
[10:33:47] [219/455] SPPM
[10:33:48] [220/455] PTKL
[10:33:49] [221/455] SLVO
[10:33:50] [222/455] VASL
[10:33:51] [223/455] CBCM
[10:33:51] 🔄 Identity reset
[10:33:51] 🔄 Identity rotated (every 10 requests)
[10:33:53] [224/455] STMA
[10:33:54] [225/455] LASK
[10:33:55] [226/455] VITE
[10:33:56] [227/455] AAST
[10:33:57] [228/455] JTPT
[10:33:59] [229/455] RRSH
[10:33:59] [230/455] CINL
[10:34:01] [231/455] MCSR
[10:34:02] [232/455] SBCF
[10:34:03] [233/455] GCDU
[10:34:03] 🔄 Identity reset
[10:34:03] 🔄 Identity rotated (every 10 requests)
[10:34:05] [234/455] PSPR
[10:34:07] [235/455] IMMO
[10:34:08] [236/455] CLGM
[10:34:09] [237/455] PBMM
[10:34:11] [238/455] CEHR
[10:34:12] [239/455] CPOE
[10:34:13] [240/455] PGFD
[10:34:14] [241/455] PSLC
[10:34:15] [242/455] MSMD
[10:34:17] [243/455] FMFB
[10:34:17] 🔄 Identity reset
[10:34:17] 🔄 Identity rotated (every 10 requests)
[10:34:17] [244/455] RKCL
[10:34:18] [245/455] PMMC
[10:34:20] [246/455] SKMM
[10:34:21] [247/455] VOIB
[10:34:22] [248/455] KINO
[10:34:23] [249/455] VCTP
[10:34:24] [250/455] PDWR
[10:34:26] [251/455] SAED
[10:34:27] [252/455] SRRT
[10:34:29] [253/455] CVLG
[10:34:29] 🔄 Identity reset
[10:34:29] 🔄 Identity rotated (every 10 requests)
[10:34:30] [254/455] SNGN
[10:34:31] [255/455] SIDA
[10:34:32] [256/455] IMCB
[10:34:33] [257/455] SMHP
[10:34:35] [258/455] GDTY
[10:34:36] [259/455] VYCH
[10:34:38] [260/455] PDYA
[10:34:38] [261/455] RKDO
[10:34:40] [262/455] VECG
[10:34:41] [263/455] NFGD
[10:34:41] 🔄 Identity reset
[10:34:41] 🔄 Identity rotated (every 10 requests)
[10:34:43] [264/455] SNDC
[10:34:44] [265/455] SDJH
[10:34:45] [266/455] HASV
[10:34:47] [267/455] PTYK
[10:34:48] [268/455] MUTB
[10:34:49] [269/455] AMRT
[10:34:51] [270/455] VACD
[10:34:53] [271/455] SKDD
[10:34:54] [272/455] STGR
[10:34:56] [273/455] GDAK
[10:34:56] 🔄 Identity reset
[10:34:56] 🔄 Identity rotated (every 10 requests)
[10:34:57] [274/455] SKHK
[10:34:58] [275/455] SLND
[10:35:00] [276/455] APAP
[10:35:00] [277/455] AYYA
[10:35:01] [278/455] VCCZ
[10:35:03] [279/455] MEML
[10:35:04] [280/455] MAOU
[10:35:06] [281/455] ESND
[10:35:08] [282/455] PTBZ
[10:35:09] [283/455] LBCN
[10:35:09] 🔄 Identity reset
[10:35:09] 🔄 Identity rotated (every 10 requests)
[10:35:11] [284/455] PAWA
[10:35:12] [285/455] ZEIC
[10:35:14] [286/455] CGMM
[10:35:17] [287/455] PJPM
[10:35:22] [288/455] ECMR
[10:35:23] [289/455] SHMZ
[10:35:24] [290/455] STCA
[10:35:26] [291/455] VDRC
[10:35:26] [292/455] SEEM
[10:35:28] [293/455] MKNS
[10:35:28] 🔄 Identity reset
[10:35:28] 🔄 Identity rotated (every 10 requests)
[10:35:30] [294/455] KPPP
[10:35:31] [295/455] CCML
[10:35:33] [296/455] CIBA
[10:35:34] [297/455] NACS
[10:35:35] [298/455] CTMK
[10:35:36] [299/455] CTCT
[10:35:38] [300/455] MCSN
[10:35:40] [301/455] MAXX
[10:35:41] [302/455] MECB
[10:35:42] [303/455] NTBY
[10:35:42] 🔄 Identity reset
[10:35:42] 🔄 Identity rotated (every 10 requests)
[10:35:44] [304/455] UTBI
[10:35:45] [305/455] RADK
[10:35:46] [306/455] STBY
[10:35:47] [307/455] GTBY
[10:35:49] [308/455] RRMB
[10:35:50] [309/455] ABRN
[10:35:51] [310/455] GTSG
[10:35:52] [311/455] GBTG
[10:35:53] [312/455] SBGS
[10:35:55] [313/455] KBPM
[10:35:55] 🔄 Identity reset
[10:35:55] 🔄 Identity rotated (every 10 requests)
[10:35:56] [314/455] SMHT
[10:35:57] [315/455] VTDM
[10:35:58] [316/455] ASCT
[10:36:00] [317/455] AWCT
[10:36:02] [318/455] DCCU
[10:36:04] [319/455] PSCE
[10:36:06] [320/455] KSNY
[10:36:07] [321/455] ACID
[10:36:08] [322/455] LVCD
[10:36:09] [323/455] KSSB
[10:36:09] 🔄 Identity reset
[10:36:09] 🔄 Identity rotated (every 10 requests)
[10:36:11] [324/455] SWTD
[10:36:12] [325/455] RBMR
[10:36:13] [326/455] SCBC
[10:36:16] [327/455] RKME
[10:36:17] [328/455] GALX
[10:36:18] [329/455] GCCH
[10:36:20] [330/455] RATR
[10:36:21] [331/455] GTGA
[10:36:22] [332/455] LTTR
[10:36:23] [333/455] TTAA
[10:36:23] 🔄 Identity reset
[10:36:23] 🔄 Identity rotated (every 10 requests)
[10:36:24] [334/455] TVHP
[10:36:25] [335/455] KVCS
[10:36:27] [336/455] CBMC
[10:36:28] [337/455] MAYJ
[10:36:29] [338/455] INPR
[10:36:30] [339/455] RSSC
[10:36:32] [340/455] PCAN
[10:36:33] [341/455] PVHR
[10:36:35] [342/455] AGSM
[10:36:36] [343/455] PVES
[10:36:36] 🔄 Identity reset
[10:36:36] 🔄 Identity rotated (every 10 requests)
[10:36:38] [344/455] INTO
[10:36:39] [345/455] ACON
[10:36:41] [346/455] PVPZ
[10:36:42] [347/455] PVHC
[10:36:43] [348/455] KSTK
[10:36:45] [349/455] PVSR
[10:36:46] [350/455] ACTN
[10:36:47] [351/455] FMCN
[10:36:49] [352/455] PABC
[10:36:50] [353/455] SUTC
[10:36:50] 🔄 Identity reset
[10:36:50] 🔄 Identity rotated (every 10 requests)
[10:36:51] [354/455] PGMV
[10:36:52] [355/455] GKCP
[10:36:53] [356/455] INCH
[10:36:55] [357/455] MLMT
[10:36:56] [358/455] SSCC
[10:36:57] [359/455] SLMP
[10:36:59] [360/455] VVTN
[10:37:00] [361/455] SBTR
[10:37:02] [362/455] PGRA
[10:37:02] [363/455] PBRM
[10:37:02] 🔄 Identity reset
[10:37:02] 🔄 Identity rotated (every 10 requests)
[10:37:03] [364/455] GCRP
[10:37:05] [365/455] MCSK
[10:37:06] [366/455] NLTC
[10:37:08] [367/455] MTLM
[10:37:10] [368/455] VECT
[10:37:10] [369/455] KMRM
[10:37:12] [370/455] RACM
[10:37:14] [371/455] WSTC
[10:37:16] [372/455] PVTJ
[10:37:17] [373/455] MMKC
[10:37:17] 🔄 Identity reset
[10:37:17] 🔄 Identity rotated (every 10 requests)
[10:37:18] [374/455] SVWT
[10:37:19] [375/455] JOTG
[10:37:21] [376/455] VCDK
[10:37:23] [377/455] ANAC
[10:37:24] [378/455] GRTC
[10:37:26] [379/455] JTPL
[10:37:27] [380/455] VRCP
[10:37:28] [381/455] REMC
[10:37:29] [382/455] ATMG
[10:37:30] [383/455] GAHC
[10:37:30] 🔄 Identity reset
[10:37:30] 🔄 Identity rotated (every 10 requests)
[10:37:32] [384/455] JTMV
[10:37:34] [385/455] OMTT
[10:37:34] [386/455] GKKC
[10:37:36] [387/455] BBPO
[10:37:37] [388/455] ZCBB
[10:37:39] [389/455] DCGO
[10:37:41] [390/455] STOP
[10:37:42] [391/455] BSPC
[10:37:44] [392/455] SOND
[10:37:46] [393/455] GCKG
[10:37:46] 🔄 Identity reset
[10:37:46] 🔄 Identity rotated (every 10 requests)
[10:37:47] [394/455] PCDB
[10:37:49] [395/455] PGRC
[10:37:50] [396/455] CSCT
[10:37:51] [397/455] STDA
[10:37:53] [398/455] JAYD
[10:37:54] [399/455] PPPD
[10:37:56] [400/455] KRTT
[10:37:57] [401/455] PTDT
[10:37:58] [402/455] TRSV
[10:38:00] [403/455] VELR
[10:38:00] 🔄 Identity reset
[10:38:00] 🔄 Identity rotated (every 10 requests)
[10:38:01] [404/455] STDT
[10:38:03] [405/455] SATT
[10:38:05] [406/455] KCPM
[10:38:06] [407/455] MFCP
[10:38:08] [408/455] AXMP
[10:38:10] [409/455] LTVB
[10:38:11] [410/455] APST
[10:38:13] [411/455] DTVP
[10:38:14] [412/455] AAVB
[10:38:15] [413/455] PMBL
[10:38:15] 🔄 Identity reset
[10:38:15] 🔄 Identity rotated (every 10 requests)
[10:38:16] [414/455] STKC
[10:38:18] [415/455] KKMA
[10:38:19] [416/455] NMXS
[10:38:21] [417/455] DECX
[10:38:22] [418/455] MAPJ
[10:38:34] 🔄 Retry 1/5 for MAPJ in 2.4s
[10:38:34] 🔄 Identity reset
[10:38:37] 🧠 New identity created
[10:38:44] [419/455] SMLK
[10:38:46] [420/455] PMPU
[10:38:47] [421/455] AFST
[10:38:49] [422/455] SRSY
[10:38:49] 🔄 Identity reset
[10:38:49] 🔄 Identity rotated (every 10 requests)
[10:38:51] [423/455] RMKT
[10:38:52] [424/455] RAJX
[10:38:54] [425/455] UVCD
[10:38:55] [426/455] LISA
[10:38:57] [427/455] LMSR
[10:38:58] [428/455] PMCA
[10:39:00] [429/455] INPO
[10:39:04] [430/455] INGO
[10:39:06] [431/455] HFSQ
[10:39:07] [432/455] INMG
[10:39:07] 🔄 Identity reset
[10:39:07] 🔄 Identity rotated (every 10 requests)
[10:39:09] [433/455] NYCP
[10:39:09] [434/455] HFSV
[10:39:10] [435/455] MMZP
[10:39:12] [436/455] KSES
[10:39:14] [437/455] HFSA
[10:39:16] [438/455] ACMM
[10:39:17] [439/455] RCKD
[10:39:19] [440/455] BCKR
[10:39:22] [441/455] SFCO
[10:39:23] [442/455] JCCB
[10:39:23] 🔄 Identity reset
[10:39:23] 🔄 Identity rotated (every 10 requests)
[10:39:25] [443/455] BCCR
[10:39:27] [444/455] NWCB
[10:39:28] [445/455] SAMT
[10:39:30] [446/455] TMST
[10:39:31] [447/455] SJCN
[10:39:32] [448/455] MCBS
[10:39:33] [449/455] CMKR
[10:39:35] [450/455] INPM
[10:39:36] [451/455] WVMT
[10:39:38] [452/455] NYSM
[10:39:38] 🔄 Identity reset
[10:39:38] 🔄 Identity rotated (every 10 requests)
[10:39:40] [453/455] RCMA
[10:39:42] [454/455] RECM
[10:39:43] [455/455] CYCM
[10:39:44] 🧹 Deduping shows
[10:39:44] ✅ DONE | Shows=4334 | Movies=83
[17:05:52] 🚀 SCRIPT STARTED
[17:05:52] [1/455] MXGN
[17:05:52] 🧠 New identity created
[17:05:53] [2/455] PGGM
[17:05:55] [3/455] IPMJ
[17:05:56] [4/455] M2PP
[17:05:57] [5/455] PMMS
[17:05:58] [6/455] SCJN
[17:05:59] [7/455] CPUM
[17:06:00] [8/455] SCND
[17:06:02] [9/455] INWM
[17:06:03] [10/455] DVDC
[17:06:03] 🔄 Identity reset
[17:06:03] 🔄 Identity rotated (every 10 requests)
[17:06:04] [11/455] WVND
[17:06:05] [12/455] LBDL
[17:06:07] [13/455] CRGM
[17:06:09] [14/455] PVKS
[17:06:10] [15/455] PBLL
[17:06:11] [16/455] FNLN
[17:06:12] [17/455] PPDA
[17:06:13] [18/455] SCPT
[17:06:14] [19/455] IAJS
[17:06:15] [20/455] MMZG
[17:06:15] 🔄 Identity reset
[17:06:15] 🔄 Identity rotated (every 10 requests)
[17:06:16] [21/455] MCTI
[17:06:17] [22/455] PPMF
[17:06:19] [23/455] FNSD
[17:06:20] [24/455] M2RH
[17:06:21] [25/455] CPGV
[17:06:23] [26/455] PECD
[17:06:24] [27/455] CTEE
[17:06:25] [28/455] IOMG
[17:06:26] [29/455] CIJA
[17:06:26] [30/455] NYCG
[17:06:26] 🔄 Identity reset
[17:06:26] 🔄 Identity rotated (every 10 requests)
[17:06:27] [31/455] CEST
[17:06:28] [32/455] WVRG
[17:06:29] [33/455] DPDC
[17:06:30] [34/455] PDIV
[17:06:32] [35/455] MTPP
[17:06:33] [36/455] MHNU
[17:06:33] [37/455] WUPG
[17:06:35] [38/455] USCO
[17:06:36] [39/455] INFR
[17:06:37] [40/455] PVPD
[17:06:37] 🔄 Identity reset
[17:06:37] 🔄 Identity rotated (every 10 requests)
[17:06:39] [41/455] RONC
[17:06:40] [42/455] IOCP
[17:06:41] [43/455] EMPS
[17:06:43] [44/455] PNAD
[17:06:44] [45/455] VVGZ
[17:06:45] [46/455] MDDC
[17:06:46] [47/455] MMAP
[17:06:47] [48/455] GPDC
[17:06:48] [49/455] PVPU
[17:06:49] [50/455] DCMV
[17:06:49] 🔄 Identity reset
[17:06:49] 🔄 Identity rotated (every 10 requests)
[17:06:50] [51/455] PCCF
[17:06:51] [52/455] MCEF
[17:06:52] [53/455] INRD
[17:06:53] [54/455] CCPZ
[17:06:54] [55/455] BCWG
[17:06:54] [56/455] PMGU
[17:06:55] [57/455] MCVM
[17:06:56] [58/455] MCDE
[17:06:58] [59/455] IEFM
[17:06:59] [60/455] MXCS
[17:06:59] 🔄 Identity reset
[17:06:59] 🔄 Identity rotated (every 10 requests)
[17:07:01] [61/455] RNMT
[17:07:02] [62/455] PSDD
[17:07:03] [63/455] PETA
[17:07:04] [64/455] IZOP
[17:07:05] [65/455] PDEI
[17:07:07] [66/455] MTND
[17:07:08] [67/455] PCPL
[17:07:08] [68/455] LSCM
[17:07:10] [69/455] BTFD
[17:07:11] [70/455] MERM
[17:07:11] 🔄 Identity reset
[17:07:11] 🔄 Identity rotated (every 10 requests)
[17:07:12] [71/455] PVMS
[17:07:13] [72/455] CIGK
[17:07:13] [73/455] INSG
[17:07:15] [74/455] IDEN
[17:07:16] [75/455] MCGN
[17:07:17] [76/455] IGAM
[17:07:18] [77/455] SLCU
[17:07:19] [78/455] MIMU
[17:07:19] [79/455] QLAC
[17:07:21] [80/455] MENL
[17:07:21] 🔄 Identity reset
[17:07:21] 🔄 Identity rotated (every 10 requests)
[17:07:22] [81/455] SCUR
[17:07:23] [82/455] MDGD
[17:07:24] [83/455] LSRS
[17:07:25] [84/455] KMLG
[17:07:27] [85/455] MKLJ
[17:07:27] [86/455] IBYG
[17:07:28] [87/455] ISML
[17:07:29] [88/455] MJMM
[17:07:30] [89/455] RCGD
[17:07:32] [90/455] MMOC
[17:07:32] 🔄 Identity reset
[17:07:32] 🔄 Identity rotated (every 10 requests)
[17:07:33] [91/455] RRCO
[17:07:34] [92/455] MEDM
[17:07:36] [93/455] MCAZ
[17:07:37] [94/455] STWA
[17:07:38] [95/455] PFFG
[17:07:38] [96/455] GAGC
[17:07:39] [97/455] PMPM
[17:07:40] [98/455] HVCD
[17:07:41] [99/455] AKRF
[17:07:42] [100/455] AKRC
[17:07:42] 🔄 Identity reset
[17:07:42] 🔄 Identity rotated (every 10 requests)
[17:07:43] [101/455] MIDA
[17:07:44] [102/455] MAGX
[17:07:45] [103/455] ESOS
[17:07:46] [104/455] BBCL
[17:07:47] [105/455] LYAS
[17:07:48] [106/455] NRMS
[17:07:49] [107/455] BHUC
[17:07:49] [108/455] SRIC
[17:07:51] [109/455] PDME
[17:07:52] [110/455] MJCS
[17:07:52] 🔄 Identity reset
[17:07:52] 🔄 Identity rotated (every 10 requests)
[17:07:53] [111/455] NRAA
[17:07:55] [112/455] VATA
[17:07:56] [113/455] MNKC
[17:07:57] [114/455] DHCL
[17:07:58] [115/455] JCPC
[17:07:59] [116/455] CTML
[17:08:00] [117/455] RMMR
[17:08:00] [118/455] STTL
[17:08:02] [119/455] CNPS
[17:08:03] [120/455] ACKL
[17:08:03] 🔄 Identity reset
[17:08:03] 🔄 Identity rotated (every 10 requests)
[17:08:04] [121/455] SCAU
[17:08:05] [122/455] RMIA
[17:08:06] [123/455] MANU
[17:08:07] [124/455] ARDC
[17:08:07] [125/455] GLDA
[17:08:08] [126/455] KVSW
[17:08:09] [127/455] CGCA
[17:08:10] [128/455] CMLO
[17:08:11] [129/455] CECB
[17:08:12] [130/455] RCPN
[17:08:12] 🔄 Identity reset
[17:08:12] 🔄 Identity rotated (every 10 requests)
[17:08:13] [131/455] ASMW
[17:08:14] [132/455] PWLM
[17:08:15] [133/455] ASGM
[17:08:15] [134/455] ACWH
[17:08:16] [135/455] AAPW
[17:08:17] [136/455] RTWA
[17:08:17] [137/455] RAMW
[17:08:18] [138/455] VKTR
[17:08:19] [139/455] SMBH
[17:08:20] [140/455] BVDR
[17:08:20] 🔄 Identity reset
[17:08:20] 🔄 Identity rotated (every 10 requests)
[17:08:21] [141/455] MRTP
[17:08:23] [142/455] BLBR
[17:08:24] [143/455] LPIN
[17:08:25] [144/455] SNPC
[17:08:26] [145/455] PDCB
[17:08:27] [146/455] DYPK
[17:08:28] [147/455] INMK
[17:08:29] [148/455] PDCK
[17:08:30] [149/455] PCKR
[17:08:31] [150/455] SHUA
[17:08:31] 🔄 Identity reset
[17:08:31] 🔄 Identity rotated (every 10 requests)
[17:08:32] [151/455] SCVK
[17:08:34] [152/455] STPA
[17:08:35] [153/455] WVHD
[17:08:36] [154/455] MRCH
[17:08:37] [155/455] MCNP
[17:08:38] [156/455] RCAG
[17:08:39] [157/455] JTSN
[17:08:40] [158/455] AANS
[17:08:42] [159/455] GDDR
[17:08:43] [160/455] SRER
[17:08:43] 🔄 Identity reset
[17:08:43] 🔄 Identity rotated (every 10 requests)
[17:08:43] [161/455] JKMA
[17:08:44] [162/455] ARAN
[17:08:45] [163/455] ALCT
[17:08:45] [164/455] CCTA
[17:08:46] [165/455] CNCT
[17:08:47] [166/455] NZBL
[17:08:49] [167/455] SRRA
[17:08:50] [168/455] SVPW
[17:08:51] [169/455] SRTW
[17:08:52] [170/455] XMTD
[17:08:52] 🔄 Identity reset
[17:08:52] 🔄 Identity rotated (every 10 requests)
[17:08:53] [171/455] SCCZ
[17:08:54] [172/455] PBCR
[17:08:55] [173/455] RTSC
[17:08:57] [174/455] TLSV
[17:08:58] [175/455] RMTK
[17:08:59] [176/455] SRAT
[17:09:00] [177/455] GCYC
[17:09:01] [178/455] HCAJ
[17:09:02] [179/455] LCXA
[17:09:02] [180/455] BINT
[17:09:02] 🔄 Identity reset
[17:09:02] 🔄 Identity rotated (every 10 requests)
[17:09:03] [181/455] IXIM
[17:09:04] [182/455] MBCR
[17:09:05] [183/455] BMCJ
[17:09:06] [184/455] NICJ
[17:09:07] [185/455] SCAJ
[17:09:08] [186/455] CMXS
[17:09:09] [187/455] MMSR
[17:09:09] [188/455] PRKT
[17:09:10] [189/455] LPTH
[17:09:11] [190/455] SARP
[17:09:11] 🔄 Identity reset
[17:09:11] 🔄 Identity rotated (every 10 requests)
[17:09:13] [191/455] MNPP
[17:09:13] [192/455] PRLR
[17:09:15] [193/455] RCMW
[17:09:16] [194/455] FCMG
[17:09:17] [195/455] RTNK
[17:09:19] [196/455] LRCP
[17:09:19] [197/455] DBJR
[17:09:20] [198/455] CACN
[17:09:21] [199/455] AMRL
[17:09:22] [200/455] SBBC
[17:09:22] 🔄 Identity reset
[17:09:22] 🔄 Identity rotated (every 10 requests)
[17:09:23] [201/455] VENN
[17:09:25] [202/455] STSS
[17:09:26] [203/455] SMRB
[17:09:26] [204/455] CCMX
[17:09:27] [205/455] KCMR
[17:09:28] [206/455] SALH
[17:09:30] [207/455] CGTT
[17:09:31] [208/455] PMDR
[17:09:31] [209/455] VCPM
[17:09:33] [210/455] RZMX
[17:09:33] 🔄 Identity reset
[17:09:33] 🔄 Identity rotated (every 10 requests)
[17:09:34] [211/455] TMSY
[17:09:35] [212/455] NTMS
[17:09:35] [213/455] VTAG
[17:09:36] [214/455] REMA
[17:09:37] [215/455] NXCC
[17:09:39] [216/455] SKYM
[17:09:39] [217/455] CCMO
[17:09:40] [218/455] DMXM
[17:09:42] [219/455] SPPM
[17:09:44] [220/455] PTKL
[17:09:44] 🔄 Identity reset
[17:09:44] 🔄 Identity rotated (every 10 requests)
[17:09:44] [221/455] SLVO
[17:09:46] [222/455] VASL
[17:09:47] [223/455] CBCM
[17:09:48] [224/455] STMA
[17:09:49] [225/455] LASK
[17:09:50] [226/455] VITE
[17:09:51] [227/455] AAST
[17:09:52] [228/455] JTPT
[17:09:52] [229/455] RRSH
[17:09:54] [230/455] CINL
[17:09:54] 🔄 Identity reset
[17:09:54] 🔄 Identity rotated (every 10 requests)
[17:09:55] [231/455] MCSR
[17:09:56] [232/455] SBCF
[17:09:57] [233/455] GCDU
[17:09:58] [234/455] PSPR
[17:09:59] [235/455] IMMO
[17:10:00] [236/455] CLGM
[17:10:01] [237/455] PBMM
[17:10:02] [238/455] CEHR
[17:10:03] [239/455] CPOE
[17:10:05] [240/455] PGFD
[17:10:05] 🔄 Identity reset
[17:10:05] 🔄 Identity rotated (every 10 requests)
[17:10:05] [241/455] PSLC
[17:10:06] [242/455] MSMD
[17:10:07] [243/455] FMFB
[17:10:08] [244/455] RKCL
[17:10:09] [245/455] PMMC
[17:10:10] [246/455] SKMM
[17:10:11] [247/455] VOIB
[17:10:12] [248/455] KINO
[17:10:12] [249/455] VCTP
[17:10:13] [250/455] PDWR
[17:10:13] 🔄 Identity reset
[17:10:13] 🔄 Identity rotated (every 10 requests)
[17:10:14] [251/455] SAED
[17:10:15] [252/455] SRRT
[17:10:17] [253/455] CVLG
[17:10:18] [254/455] SNGN
[17:10:19] [255/455] SIDA
[17:10:20] [256/455] IMCB
[17:10:21] [257/455] SMHP
[17:10:22] [258/455] GDTY
[17:10:23] [259/455] VYCH
[17:10:25] [260/455] PDYA
[17:10:25] 🔄 Identity reset
[17:10:25] 🔄 Identity rotated (every 10 requests)
[17:10:25] [261/455] RKDO
[17:10:26] [262/455] VECG
[17:10:27] [263/455] NFGD
[17:10:28] [264/455] SNDC
[17:10:29] [265/455] SDJH
[17:10:30] [266/455] HASV
[17:10:31] [267/455] PTYK
[17:10:32] [268/455] MUTB
[17:10:33] [269/455] AMRT
[17:10:34] [270/455] VACD
[17:10:34] 🔄 Identity reset
[17:10:34] 🔄 Identity rotated (every 10 requests)
[17:10:35] [271/455] SKDD
[17:10:36] [272/455] STGR
[17:10:37] [273/455] GDAK
[17:10:38] [274/455] SKHK
[17:10:39] [275/455] SLND
[17:10:40] [276/455] APAP
[17:10:41] [277/455] AYYA
[17:10:41] [278/455] VCCZ
[17:10:42] [279/455] MEML
[17:10:43] [280/455] MAOU
[17:10:43] 🔄 Identity reset
[17:10:43] 🔄 Identity rotated (every 10 requests)
[17:10:44] [281/455] ESND
[17:10:45] [282/455] PTBZ
[17:10:46] [283/455] LBCN
[17:10:47] [284/455] PAWA
[17:10:49] [285/455] ZEIC
[17:10:50] [286/455] CGMM
[17:10:50] [287/455] PJPM
[17:10:51] [288/455] ECMR
[17:10:52] [289/455] SHMZ
[17:10:53] [290/455] STCA
[17:10:53] 🔄 Identity reset
[17:10:53] 🔄 Identity rotated (every 10 requests)
[17:10:54] [291/455] VDRC
[17:10:54] [292/455] SEEM
[17:10:55] [293/455] MKNS
[17:10:56] [294/455] KPPP
[17:10:57] [295/455] CCML
[17:10:58] [296/455] CIBA
[17:10:59] [297/455] NACS
[17:11:00] [298/455] CTMK
[17:11:00] [299/455] CTCT
[17:11:01] [300/455] MCSN
[17:11:01] 🔄 Identity reset
[17:11:01] 🔄 Identity rotated (every 10 requests)
[17:11:02] [301/455] MAXX
[17:11:03] [302/455] MECB
[17:11:03] [303/455] NTBY
[17:11:05] [304/455] UTBI
[17:11:06] [305/455] RADK
[17:11:06] [306/455] STBY
[17:11:07] [307/455] GTBY
[17:11:08] [308/455] RRMB
[17:11:09] [309/455] ABRN
[17:11:10] [310/455] GTSG
[17:11:10] 🔄 Identity reset
[17:11:10] 🔄 Identity rotated (every 10 requests)
[17:11:12] [311/455] GBTG
[17:11:13] [312/455] SBGS
[17:11:14] [313/455] KBPM
[17:11:15] [314/455] SMHT
[17:11:16] [315/455] VTDM
[17:11:17] [316/455] ASCT
[17:11:19] [317/455] AWCT
[17:11:20] [318/455] DCCU
[17:11:21] [319/455] PSCE
[17:11:22] [320/455] KSNY
[17:11:22] 🔄 Identity reset
[17:11:22] 🔄 Identity rotated (every 10 requests)
[17:11:22] [321/455] ACID
[17:11:23] [322/455] LVCD
[17:11:24] [323/455] KSSB
[17:11:25] [324/455] SWTD
[17:11:25] [325/455] RBMR
[17:11:26] [326/455] SCBC
[17:11:27] [327/455] RKME
[17:11:28] [328/455] GALX
[17:11:29] [329/455] GCCH
[17:11:30] [330/455] RATR
[17:11:30] 🔄 Identity reset
[17:11:30] 🔄 Identity rotated (every 10 requests)
[17:11:30] [331/455] GTGA
[17:11:31] [332/455] LTTR
[17:11:32] [333/455] TTAA
[17:11:33] [334/455] TVHP
[17:11:34] [335/455] KVCS
[17:11:34] [336/455] CBMC
[17:11:36] [337/455] MAYJ
[17:11:37] [338/455] INPR
[17:11:37] [339/455] RSSC
[17:11:38] [340/455] PCAN
[17:11:38] 🔄 Identity reset
[17:11:38] 🔄 Identity rotated (every 10 requests)
[17:11:40] [341/455] PVHR
[17:11:41] [342/455] AGSM
[17:11:42] [343/455] PVES
[17:11:42] [344/455] INTO
[17:11:43] [345/455] ACON
[17:11:44] [346/455] PVPZ
[17:11:45] [347/455] PVHC
[17:11:46] [348/455] KSTK
[17:11:46] [349/455] PVSR
[17:11:48] [350/455] ACTN
[17:11:48] 🔄 Identity reset
[17:11:48] 🔄 Identity rotated (every 10 requests)
[17:11:49] [351/455] FMCN
[17:11:50] [352/455] PABC
[17:11:51] [353/455] SUTC
[17:11:51] [354/455] PGMV
[17:11:53] [355/455] GKCP
[17:11:55] [356/455] INCH
[17:11:55] [357/455] MLMT
[17:11:56] [358/455] SSCC
[17:11:57] [359/455] SLMP
[17:11:57] [360/455] VVTN
[17:11:57] 🔄 Identity reset
[17:11:57] 🔄 Identity rotated (every 10 requests)
[17:11:58] [361/455] SBTR
[17:11:59] [362/455] PGRA
[17:12:00] [363/455] PBRM
[17:12:01] [364/455] GCRP
[17:12:01] [365/455] MCSK
[17:12:02] [366/455] NLTC
[17:12:03] [367/455] MTLM
[17:12:04] [368/455] VECT
[17:12:05] [369/455] KMRM
[17:12:06] [370/455] RACM
[17:12:06] 🔄 Identity reset
[17:12:06] 🔄 Identity rotated (every 10 requests)
[17:12:06] [371/455] WSTC
[17:12:07] [372/455] PVTJ
[17:12:08] [373/455] MMKC
[17:12:09] [374/455] SVWT
[17:12:09] [375/455] JOTG
[17:12:10] [376/455] VCDK
[17:12:11] [377/455] ANAC
[17:12:12] [378/455] GRTC
[17:12:14] [379/455] JTPL
[17:12:14] [380/455] VRCP
[17:12:14] 🔄 Identity reset
[17:12:14] 🔄 Identity rotated (every 10 requests)
[17:12:15] [381/455] REMC
[17:12:16] [382/455] ATMG
[17:12:17] [383/455] GAHC
[17:12:18] [384/455] JTMV
[17:12:19] [385/455] OMTT
[17:12:19] [386/455] GKKC
[17:12:20] [387/455] BBPO
[17:12:21] [388/455] ZCBB
[17:12:22] [389/455] DCGO
[17:12:23] [390/455] STOP
[17:12:23] 🔄 Identity reset
[17:12:23] 🔄 Identity rotated (every 10 requests)
[17:12:24] [391/455] BSPC
[17:12:26] [392/455] SOND
[17:12:27] [393/455] GCKG
[17:12:28] [394/455] PCDB
[17:12:29] [395/455] PGRC
[17:12:29] [396/455] CSCT
[17:12:30] [397/455] STDA
[17:12:31] [398/455] JAYD
[17:12:32] [399/455] PPPD
[17:12:33] [400/455] KRTT
[17:12:33] 🔄 Identity reset
[17:12:33] 🔄 Identity rotated (every 10 requests)
[17:12:33] [401/455] PTDT
[17:12:34] [402/455] TRSV
[17:12:35] [403/455] VELR
[17:12:36] [404/455] STDT
[17:12:37] [405/455] SATT
[17:12:38] [406/455] KCPM
[17:12:38] [407/455] MFCP
[17:12:39] [408/455] AXMP
[17:12:40] [409/455] LTVB
[17:12:41] [410/455] APST
[17:12:41] 🔄 Identity reset
[17:12:41] 🔄 Identity rotated (every 10 requests)
[17:12:42] [411/455] DTVP
[17:12:43] [412/455] AAVB
[17:12:44] [413/455] PMBL
[17:12:45] [414/455] STKC
[17:12:46] [415/455] KKMA
[17:12:46] [416/455] NMXS
[17:12:47] [417/455] DECX
[17:12:48] [418/455] MAPJ
[17:12:49] [419/455] SMLK
[17:12:50] [420/455] PMPU
[17:12:50] 🔄 Identity reset
[17:12:50] 🔄 Identity rotated (every 10 requests)
[17:12:51] [421/455] AFST
[17:12:51] [422/455] SRSY
[17:12:52] [423/455] RMKT
[17:12:53] [424/455] RAJX
[17:12:54] [425/455] UVCD
[17:12:55] [426/455] LISA
[17:12:56] [427/455] LMSR
[17:12:58] [428/455] PMCA
[17:12:58] [429/455] INPO
[17:12:59] [430/455] INGO
[17:12:59] 🔄 Identity reset
[17:12:59] 🔄 Identity rotated (every 10 requests)
[17:13:00] [431/455] HFSQ
[17:13:01] [432/455] INMG
[17:13:02] [433/455] NYCP
[17:13:03] [434/455] HFSV
[17:13:04] [435/455] MMZP
[17:13:05] [436/455] KSES
[17:13:06] [437/455] HFSA
[17:13:07] [438/455] ACMM
[17:13:09] [439/455] RCKD
[17:13:10] [440/455] BCKR
[17:13:10] 🔄 Identity reset
[17:13:10] 🔄 Identity rotated (every 10 requests)
[17:13:11] [441/455] SFCO
[17:13:12] [442/455] JCCB
[17:13:13] [443/455] BCCR
[17:13:14] [444/455] NWCB
[17:13:14] [445/455] SAMT
[17:13:15] [446/455] TMST
[17:13:16] [447/455] SJCN
[17:13:17] [448/455] MCBS
[17:13:17] [449/455] CMKR
[17:13:19] [450/455] INPM
[17:13:19] 🔄 Identity reset
[17:13:19] 🔄 Identity rotated (every 10 requests)
[17:13:20] [451/455] WVMT
[17:13:21] [452/455] NYSM
[17:13:22] [453/455] RCMA
[17:13:23] [454/455] RECM
[17:13:24] [455/455] CYCM
[17:13:25] 🧹 Deduping shows
[17:13:25] ✅ DONE | Shows=4647 | Movies=84
[21:21:45] 🚀 SCRIPT STARTED
[21:21:45] [1/455] MXGN
[21:21:45] 🧠 New identity created
[21:21:46] [2/455] PGGM
[21:21:47] [3/455] IPMJ
[21:21:48] [4/455] M2PP
[21:21:49] [5/455] PMMS
[21:21:50] [6/455] SCJN
[21:21:51] [7/455] CPUM
[21:21:52] [8/455] SCND
[21:21:53] [9/455] INWM
[21:21:54] [10/455] DVDC
[21:21:54] 🔄 Identity reset
[21:21:54] 🔄 Identity rotated (every 10 requests)
[21:21:55] [11/455] WVND
[21:21:57] [12/455] LBDL
[21:21:58] [13/455] CRGM
[21:21:59] [14/455] PVKS
[21:22:00] [15/455] PBLL
[21:22:01] [16/455] FNLN
[21:22:02] [17/455] PPDA
[21:22:03] [18/455] SCPT
[21:22:04] [19/455] IAJS
[21:22:05] [20/455] MMZG
[21:22:05] 🔄 Identity reset
[21:22:05] 🔄 Identity rotated (every 10 requests)
[21:22:06] [21/455] MCTI
[21:22:08] [22/455] PPMF
[21:22:09] [23/455] FNSD
[21:22:10] [24/455] M2RH
[21:22:11] [25/455] CPGV
[21:22:13] [26/455] PECD
[21:22:14] [27/455] CTEE
[21:22:15] [28/455] IOMG
[21:22:16] [29/455] CIJA
[21:22:18] [30/455] NYCG
[21:22:18] 🔄 Identity reset
[21:22:18] 🔄 Identity rotated (every 10 requests)
[21:22:19] [31/455] CEST
[21:22:19] [32/455] WVRG
[21:22:20] [33/455] DPDC
[21:22:21] [34/455] PDIV
[21:22:22] [35/455] MTPP
[21:22:23] [36/455] MHNU
[21:22:24] [37/455] WUPG
[21:22:26] [38/455] USCO
[21:22:26] [39/455] INFR
[21:22:27] [40/455] PVPD
[21:22:27] 🔄 Identity reset
[21:22:27] 🔄 Identity rotated (every 10 requests)
[21:22:28] [41/455] RONC
[21:22:30] [42/455] IOCP
[21:22:31] [43/455] EMPS
[21:22:32] [44/455] PNAD
[21:22:34] [45/455] VVGZ
[21:22:35] [46/455] MDDC
[21:22:36] [47/455] MMAP
[21:22:37] [48/455] GPDC
[21:22:38] [49/455] PVPU
[21:22:39] [50/455] DCMV
[21:22:39] 🔄 Identity reset
[21:22:39] 🔄 Identity rotated (every 10 requests)
[21:22:39] 🔄 Retry 1/5 for DCMV in 2.3s
[21:22:39] 🔄 Identity reset
[21:22:41] 🧠 New identity created
[21:22:41] 🔄 Retry 2/5 for DCMV in 4.8s
[21:22:41] 🔄 Identity reset
[21:22:46] 🧠 New identity created
[21:22:47] [51/455] PCCF
[21:22:48] [52/455] MCEF
[21:22:49] [53/455] INRD
[21:22:50] [54/455] CCPZ
[21:22:50] [55/455] BCWG
[21:22:51] [56/455] PMGU
[21:22:52] [57/455] MCVM
[21:22:53] [58/455] MCDE
[21:22:53] 🔄 Identity reset
[21:22:53] 🔄 Identity rotated (every 10 requests)
[21:22:55] [59/455] IEFM
[21:22:55] [60/455] MXCS
[21:22:57] [61/455] RNMT
[21:22:58] [62/455] PSDD
[21:22:59] [63/455] PETA
[21:23:00] [64/455] IZOP
[21:23:01] [65/455] PDEI
[21:23:02] [66/455] MTND
[21:23:03] [67/455] PCPL
[21:23:04] [68/455] LSCM
[21:23:04] 🔄 Identity reset
[21:23:04] 🔄 Identity rotated (every 10 requests)
[21:23:04] 🔄 Retry 1/5 for LSCM in 2.6s
[21:23:04] 🔄 Identity reset
[21:23:07] 🧠 New identity created
[21:23:08] [69/455] BTFD
[21:23:09] [70/455] MERM
[21:23:10] [71/455] PVMS
[21:23:11] [72/455] CIGK
[21:23:12] [73/455] INSG
[21:23:13] [74/455] IDEN
[21:23:13] [75/455] MCGN
[21:23:14] [76/455] IGAM
[21:23:16] [77/455] SLCU
[21:23:16] 🔄 Identity reset
[21:23:16] 🔄 Identity rotated (every 10 requests)
[21:23:17] [78/455] MIMU
[21:23:18] [79/455] QLAC
[21:23:20] [80/455] MENL
[21:23:20] [81/455] SCUR
[21:23:21] [82/455] MDGD
[21:23:22] [83/455] LSRS
[21:23:24] [84/455] KMLG
[21:23:25] [85/455] MKLJ
[21:23:26] [86/455] IBYG
[21:23:27] [87/455] ISML
[21:23:27] 🔄 Identity reset
[21:23:27] 🔄 Identity rotated (every 10 requests)
[21:23:27] [88/455] MJMM
[21:23:28] [89/455] RCGD
[21:23:30] [90/455] MMOC
[21:23:31] [91/455] RRCO
[21:23:32] [92/455] MEDM
[21:23:33] [93/455] MCAZ
[21:23:34] [94/455] STWA
[21:23:35] [95/455] PFFG
[21:23:36] [96/455] GAGC
[21:23:37] [97/455] PMPM
[21:23:37] 🔄 Identity reset
[21:23:37] 🔄 Identity rotated (every 10 requests)
[21:23:38] [98/455] HVCD
[21:23:38] [99/455] AKRF
[21:23:40] [100/455] AKRC
[21:23:41] [101/455] MIDA
[21:23:43] [102/455] MAGX
[21:23:44] [103/455] ESOS
[21:23:45] [104/455] BBCL
[21:23:46] [105/455] LYAS
[21:23:47] [106/455] NRMS
[21:23:48] [107/455] BHUC
[21:23:48] 🔄 Identity reset
[21:23:48] 🔄 Identity rotated (every 10 requests)
[21:23:49] [108/455] SRIC
[21:23:50] [109/455] PDME
[21:23:51] [110/455] MJCS
[21:23:52] [111/455] NRAA
[21:23:53] [112/455] VATA
[21:23:54] [113/455] MNKC
[21:23:55] [114/455] DHCL
[21:23:56] [115/455] JCPC
[21:23:58] [116/455] CTML
[21:24:00] [117/455] RMMR
[21:24:00] 🔄 Identity reset
[21:24:00] 🔄 Identity rotated (every 10 requests)
[21:24:01] [118/455] STTL
[21:24:01] [119/455] CNPS
[21:24:03] [120/455] ACKL
[21:24:04] [121/455] SCAU
[21:24:05] [122/455] RMIA
[21:24:06] [123/455] MANU
[21:24:07] [124/455] ARDC
[21:24:08] [125/455] GLDA
[21:24:09] [126/455] KVSW
[21:24:10] [127/455] CGCA
[21:24:10] 🔄 Identity reset
[21:24:10] 🔄 Identity rotated (every 10 requests)
[21:24:11] [128/455] CMLO
[21:24:12] [129/455] CECB
[21:24:13] [130/455] RCPN
[21:24:14] [131/455] ASMW
[21:24:15] [132/455] PWLM
[21:24:16] [133/455] ASGM
[21:24:17] [134/455] ACWH
[21:24:18] [135/455] AAPW
[21:24:19] [136/455] RTWA
[21:24:20] [137/455] RAMW
[21:24:20] 🔄 Identity reset
[21:24:20] 🔄 Identity rotated (every 10 requests)
[21:24:20] 🔄 Retry 1/5 for RAMW in 2.8s
[21:24:20] 🔄 Identity reset
[21:24:23] 🧠 New identity created
[21:24:24] [138/455] VKTR
[21:24:25] [139/455] SMBH
[21:24:26] [140/455] BVDR
[21:24:27] [141/455] MRTP
[21:24:28] [142/455] BLBR
[21:24:30] [143/455] LPIN
[21:24:31] [144/455] SNPC
[21:24:32] [145/455] PDCB
[21:24:33] [146/455] DYPK
[21:24:33] 🔄 Identity reset
[21:24:33] 🔄 Identity rotated (every 10 requests)
[21:24:34] [147/455] INMK
[21:24:35] [148/455] PDCK
[21:24:36] [149/455] PCKR
[21:24:38] [150/455] SHUA
[21:24:38] [151/455] SCVK
[21:24:39] [152/455] STPA
[21:24:41] [153/455] WVHD
[21:24:42] [154/455] MRCH
[21:24:43] [155/455] MCNP
[21:24:44] [156/455] RCAG
[21:24:44] 🔄 Identity reset
[21:24:44] 🔄 Identity rotated (every 10 requests)
[21:24:45] [157/455] JTSN
[21:24:46] [158/455] AANS
[21:24:48] [159/455] GDDR
[21:24:49] [160/455] SRER
[21:24:50] [161/455] JKMA
[21:24:51] [162/455] ARAN
[21:24:52] [163/455] ALCT
[21:24:53] [164/455] CCTA
[21:24:54] [165/455] CNCT
[21:24:56] [166/455] NZBL
[21:24:56] 🔄 Identity reset
[21:24:56] 🔄 Identity rotated (every 10 requests)
[21:24:57] [167/455] SRRA
[21:24:58] [168/455] SVPW
[21:24:59] [169/455] SRTW
[21:25:01] [170/455] XMTD
[21:25:02] [171/455] SCCZ
[21:25:03] [172/455] PBCR
[21:25:04] [173/455] RTSC
[21:25:06] [174/455] TLSV
[21:25:07] [175/455] RMTK
[21:25:08] [176/455] SRAT
[21:25:08] 🔄 Identity reset
[21:25:08] 🔄 Identity rotated (every 10 requests)
[21:25:08] 🔄 Retry 1/5 for SRAT in 2.4s
[21:25:08] 🔄 Identity reset
[21:25:10] 🧠 New identity created
[21:25:10] 🔄 Retry 2/5 for SRAT in 4.0s
[21:25:10] 🔄 Identity reset
[21:25:14] 🧠 New identity created
[21:25:15] [177/455] GCYC
[21:25:16] [178/455] HCAJ
[21:25:16] [179/455] LCXA
[21:25:17] [180/455] BINT
[21:25:19] [181/455] IXIM
[21:25:20] [182/455] MBCR
[21:25:21] [183/455] BMCJ
[21:25:21] [184/455] NICJ
[21:25:21] 🔄 Identity reset
[21:25:21] 🔄 Identity rotated (every 10 requests)
[21:25:22] [185/455] SCAJ
[21:25:23] [186/455] CMXS
[21:25:24] [187/455] MMSR
[21:25:25] [188/455] PRKT
[21:25:26] [189/455] LPTH
[21:25:27] [190/455] SARP
[21:25:28] [191/455] MNPP
[21:25:28] [192/455] PRLR
[21:25:29] [193/455] RCMW
[21:25:30] [194/455] FCMG
[21:25:30] 🔄 Identity reset
[21:25:30] 🔄 Identity rotated (every 10 requests)
[21:25:31] [195/455] RTNK
[21:25:32] [196/455] LRCP
[21:25:33] [197/455] DBJR
[21:25:34] [198/455] CACN
[21:25:36] [199/455] AMRL
[21:25:37] [200/455] SBBC
[21:25:38] [201/455] VENN
[21:25:40] [202/455] STSS
[21:25:42] [203/455] SMRB
[21:25:42] [204/455] CCMX
[21:25:42] 🔄 Identity reset
[21:25:43] 🔄 Identity rotated (every 10 requests)
[21:25:44] [205/455] KCMR
[21:25:45] [206/455] SALH
[21:25:47] [207/455] CGTT
[21:25:48] [208/455] PMDR
[21:25:49] [209/455] VCPM
[21:25:51] [210/455] RZMX
[21:25:52] [211/455] TMSY
[21:25:53] [212/455] NTMS
[21:25:54] [213/455] VTAG
[21:25:55] [214/455] REMA
[21:25:55] 🔄 Identity reset
[21:25:55] 🔄 Identity rotated (every 10 requests)
[21:25:56] [215/455] NXCC
[21:25:57] [216/455] SKYM
[21:25:58] [217/455] CCMO
[21:25:58] [218/455] DMXM
[21:26:00] [219/455] SPPM
[21:26:01] [220/455] PTKL
[21:26:02] [221/455] SLVO
[21:26:03] [222/455] VASL
[21:26:04] [223/455] CBCM
[21:26:05] [224/455] STMA
[21:26:05] 🔄 Identity reset
[21:26:05] 🔄 Identity rotated (every 10 requests)
[21:26:05] 🔄 Retry 1/5 for STMA in 2.3s
[21:26:05] 🔄 Identity reset
[21:26:07] 🧠 New identity created
[21:26:07] 🔄 Retry 2/5 for STMA in 4.9s
[21:26:07] 🔄 Identity reset
[21:26:12] 🧠 New identity created
[21:26:13] [225/455] LASK
[21:26:14] [226/455] VITE
[21:26:15] [227/455] AAST
[21:26:16] [228/455] JTPT
[21:26:17] [229/455] RRSH
[21:26:18] [230/455] CINL
[21:26:19] [231/455] MCSR
[21:26:20] [232/455] SBCF
[21:26:20] 🔄 Identity reset
[21:26:20] 🔄 Identity rotated (every 10 requests)
[21:26:21] [233/455] GCDU
[21:26:22] [234/455] PSPR
[21:26:23] [235/455] IMMO
[21:26:24] [236/455] CLGM
[21:26:25] [237/455] PBMM
[21:26:26] [238/455] CEHR
[21:26:27] [239/455] CPOE
[21:26:28] [240/455] PGFD
[21:26:29] [241/455] PSLC
[21:26:30] [242/455] MSMD
[21:26:30] 🔄 Identity reset
[21:26:30] 🔄 Identity rotated (every 10 requests)
[21:26:31] [243/455] FMFB
[21:26:32] [244/455] RKCL
[21:26:32] [245/455] PMMC
[21:26:33] [246/455] SKMM
[21:26:34] [247/455] VOIB
[21:26:35] [248/455] KINO
[21:26:36] [249/455] VCTP
[21:26:37] [250/455] PDWR
[21:26:38] [251/455] SAED
[21:26:39] [252/455] SRRT
[21:26:39] 🔄 Identity reset
[21:26:39] 🔄 Identity rotated (every 10 requests)
[21:26:39] 🔄 Retry 1/5 for SRRT in 2.1s
[21:26:39] 🔄 Identity reset
[21:26:41] 🧠 New identity created
[21:26:42] [253/455] CVLG
[21:26:43] [254/455] SNGN
[21:26:44] [255/455] SIDA
[21:26:44] [256/455] IMCB
[21:26:45] [257/455] SMHP
[21:26:46] [258/455] GDTY
[21:26:47] [259/455] VYCH
[21:26:49] [260/455] PDYA
[21:26:50] [261/455] RKDO
[21:26:50] 🔄 Identity reset
[21:26:50] 🔄 Identity rotated (every 10 requests)
[21:26:51] [262/455] VECG
[21:26:52] [263/455] NFGD
[21:26:53] [264/455] SNDC
[21:26:54] [265/455] SDJH
[21:26:55] [266/455] HASV
[21:26:56] [267/455] PTYK
[21:26:57] [268/455] MUTB
[21:26:58] [269/455] AMRT
[21:26:59] [270/455] VACD
[21:26:59] [271/455] SKDD
[21:26:59] 🔄 Identity reset
[21:26:59] 🔄 Identity rotated (every 10 requests)
[21:27:00] [272/455] STGR
[21:27:01] [273/455] GDAK
[21:27:03] [274/455] SKHK
[21:27:04] [275/455] SLND
[21:27:05] [276/455] APAP
[21:27:06] [277/455] AYYA
[21:27:06] [278/455] VCCZ
[21:27:07] [279/455] MEML
[21:27:08] [280/455] MAOU
[21:27:09] [281/455] ESND
[21:27:09] 🔄 Identity reset
[21:27:09] 🔄 Identity rotated (every 10 requests)
[21:27:10] [282/455] PTBZ
[21:27:12] [283/455] LBCN
[21:27:14] [284/455] PAWA
[21:27:15] [285/455] ZEIC
[21:27:16] [286/455] CGMM
[21:27:17] [287/455] PJPM
[21:27:18] [288/455] ECMR
[21:27:19] [289/455] SHMZ
[21:27:20] [290/455] STCA
[21:27:21] [291/455] VDRC
[21:27:21] 🔄 Identity reset
[21:27:21] 🔄 Identity rotated (every 10 requests)
[21:27:22] [292/455] SEEM
[21:27:24] [293/455] MKNS
[21:27:25] [294/455] KPPP
[21:27:26] [295/455] CCML
[21:27:27] [296/455] CIBA
[21:27:28] [297/455] NACS
[21:27:29] [298/455] CTMK
[21:27:30] [299/455] CTCT
[21:27:31] [300/455] MCSN
[21:27:32] [301/455] MAXX
[21:27:32] 🔄 Identity reset
[21:27:32] 🔄 Identity rotated (every 10 requests)
[21:27:33] [302/455] MECB
[21:27:35] [303/455] NTBY
[21:27:36] [304/455] UTBI
[21:27:37] [305/455] RADK
[21:27:38] [306/455] STBY
[21:27:40] [307/455] GTBY
[21:27:41] [308/455] RRMB
[21:27:42] [309/455] ABRN
[21:27:43] [310/455] GTSG
[21:27:44] [311/455] GBTG
[21:27:44] 🔄 Identity reset
[21:27:44] 🔄 Identity rotated (every 10 requests)
[21:27:44] [312/455] SBGS
[21:27:45] [313/455] KBPM
[21:27:46] [314/455] SMHT
[21:27:48] [315/455] VTDM
[21:27:49] [316/455] ASCT
[21:27:50] [317/455] AWCT
[21:27:51] [318/455] DCCU
[21:27:52] [319/455] PSCE
[21:27:56] [320/455] KSNY
[21:27:57] [321/455] ACID
[21:27:57] 🔄 Identity reset
[21:27:57] 🔄 Identity rotated (every 10 requests)
[21:27:58] [322/455] LVCD
[21:27:59] [323/455] KSSB
[21:28:00] [324/455] SWTD
[21:28:01] [325/455] RBMR
[21:28:02] [326/455] SCBC
[21:28:03] [327/455] RKME
[21:28:04] [328/455] GALX
[21:28:05] [329/455] GCCH
[21:28:06] [330/455] RATR
[21:28:07] [331/455] GTGA
[21:28:07] 🔄 Identity reset
[21:28:07] 🔄 Identity rotated (every 10 requests)
[21:28:08] [332/455] LTTR
[21:28:09] [333/455] TTAA
[21:28:10] [334/455] TVHP
[21:28:11] [335/455] KVCS
[21:28:12] [336/455] CBMC
[21:28:13] [337/455] MAYJ
[21:28:14] [338/455] INPR
[21:28:15] [339/455] RSSC
[21:28:16] [340/455] PCAN
[21:28:17] [341/455] PVHR
[21:28:17] 🔄 Identity reset
[21:28:17] 🔄 Identity rotated (every 10 requests)
[21:28:18] [342/455] AGSM
[21:28:19] [343/455] PVES
[21:28:21] [344/455] INTO
[21:28:22] [345/455] ACON
[21:28:23] [346/455] PVPZ
[21:28:24] [347/455] PVHC
[21:28:26] [348/455] KSTK
[21:28:27] [349/455] PVSR
[21:28:28] [350/455] ACTN
[21:28:28] [351/455] FMCN
[21:28:28] 🔄 Identity reset
[21:28:28] 🔄 Identity rotated (every 10 requests)
[21:28:29] [352/455] PABC
[21:28:30] [353/455] SUTC
[21:28:31] [354/455] PGMV
[21:28:32] [355/455] GKCP
[21:28:33] [356/455] INCH
[21:28:34] [357/455] MLMT
[21:28:35] [358/455] SSCC
[21:28:36] [359/455] SLMP
[21:28:37] [360/455] VVTN
[21:28:38] [361/455] SBTR
[21:28:38] 🔄 Identity reset
[21:28:38] 🔄 Identity rotated (every 10 requests)
[21:28:39] [362/455] PGRA
[21:28:40] [363/455] PBRM
[21:28:41] [364/455] GCRP
[21:28:43] [365/455] MCSK
[21:28:44] [366/455] NLTC
[21:28:46] [367/455] MTLM
[21:28:47] [368/455] VECT
[21:28:48] [369/455] KMRM
[21:28:49] [370/455] RACM
[21:28:51] [371/455] WSTC
[21:28:51] 🔄 Identity reset
[21:28:51] 🔄 Identity rotated (every 10 requests)
[21:28:52] [372/455] PVTJ
[21:28:53] [373/455] MMKC
[21:28:54] [374/455] SVWT
[21:28:54] [375/455] JOTG
[21:28:56] [376/455] VCDK
[21:28:57] [377/455] ANAC
[21:28:58] [378/455] GRTC
[21:28:59] [379/455] JTPL
[21:29:00] [380/455] VRCP
[21:29:01] [381/455] REMC
[21:29:01] 🔄 Identity reset
[21:29:01] 🔄 Identity rotated (every 10 requests)
[21:29:02] [382/455] ATMG
[21:29:02] [383/455] GAHC
[21:29:04] [384/455] JTMV
[21:29:05] [385/455] OMTT
[21:29:06] [386/455] GKKC
[21:29:06] [387/455] BBPO
[21:29:08] [388/455] ZCBB
[21:29:09] [389/455] DCGO
[21:29:10] [390/455] STOP
[21:29:11] [391/455] BSPC
[21:29:11] 🔄 Identity reset
[21:29:11] 🔄 Identity rotated (every 10 requests)
[21:29:12] [392/455] SOND
[21:29:13] [393/455] GCKG
[21:29:14] [394/455] PCDB
[21:29:15] [395/455] PGRC
[21:29:16] [396/455] CSCT
[21:29:17] [397/455] STDA
[21:29:18] [398/455] JAYD
[21:29:18] [399/455] PPPD
[21:29:19] [400/455] KRTT
[21:29:20] [401/455] PTDT
[21:29:20] 🔄 Identity reset
[21:29:20] 🔄 Identity rotated (every 10 requests)
[21:29:21] [402/455] TRSV
[21:29:22] [403/455] VELR
[21:29:23] [404/455] STDT
[21:29:24] [405/455] SATT
[21:29:26] [406/455] KCPM
[21:29:27] [407/455] MFCP
[21:29:28] [408/455] AXMP
[21:29:29] [409/455] LTVB
[21:29:30] [410/455] APST
[21:29:31] [411/455] DTVP
[21:29:31] 🔄 Identity reset
[21:29:31] 🔄 Identity rotated (every 10 requests)
[21:29:31] 🔄 Retry 1/5 for DTVP in 3.0s
[21:29:31] 🔄 Identity reset
[21:29:34] 🧠 New identity created
[21:29:35] [412/455] AAVB
[21:29:37] [413/455] PMBL
[21:29:38] [414/455] STKC
[21:29:39] [415/455] KKMA
[21:29:40] [416/455] NMXS
[21:29:40] [417/455] DECX
[21:29:41] [418/455] MAPJ
[21:29:42] [419/455] SMLK
[21:29:44] [420/455] PMPU
[21:29:44] 🔄 Identity reset
[21:29:44] 🔄 Identity rotated (every 10 requests)
[21:29:45] [421/455] AFST
[21:29:46] [422/455] SRSY
[21:29:47] [423/455] RMKT
[21:29:47] [424/455] RAJX
[21:29:48] [425/455] UVCD
[21:29:49] [426/455] LISA
[21:29:50] [427/455] LMSR
[21:29:51] [428/455] PMCA
[21:29:52] [429/455] INPO
[21:29:53] [430/455] INGO
[21:29:53] 🔄 Identity reset
[21:29:53] 🔄 Identity rotated (every 10 requests)
[21:29:54] [431/455] HFSQ
[21:29:55] [432/455] INMG
[21:29:56] [433/455] NYCP
[21:29:57] [434/455] HFSV
[21:29:58] [435/455] MMZP
[21:29:59] [436/455] KSES
[21:30:00] [437/455] HFSA
[21:30:01] [438/455] ACMM
[21:30:03] [439/455] RCKD
[21:30:04] [440/455] BCKR
[21:30:04] 🔄 Identity reset
[21:30:04] 🔄 Identity rotated (every 10 requests)
[21:30:05] [441/455] SFCO
[21:30:06] [442/455] JCCB
[21:30:07] [443/455] BCCR
[21:30:08] [444/455] NWCB
[21:30:10] [445/455] SAMT
[21:30:11] [446/455] TMST
[21:30:12] [447/455] SJCN
[21:30:13] [448/455] MCBS
[21:30:14] [449/455] CMKR
[21:30:15] [450/455] INPM
[21:30:15] 🔄 Identity reset
[21:30:15] 🔄 Identity rotated (every 10 requests)
[21:30:16] [451/455] WVMT
[21:30:17] [452/455] NYSM
[21:30:19] [453/455] RCMA
[21:30:20] [454/455] RECM
[21:30:20] [455/455] CYCM
[21:30:21] 🧹 Deduping shows
[21:30:21] ✅ DONE | Shows=4795 | Movies=84
[22:03:14] 🚀 SCRIPT STARTED
[22:03:14] [1/455] MXGN
[22:03:14] 🧠 New identity created
[22:03:15] [2/455] PGGM
[22:03:16] [3/455] IPMJ
[22:03:17] [4/455] M2PP
[22:03:18] [5/455] PMMS
[22:03:20] [6/455] SCJN
[22:03:21] [7/455] CPUM
[22:03:22] [8/455] SCND
[22:03:22] [9/455] INWM
[22:03:23] [10/455] DVDC
[22:03:23] 🔄 Identity reset
[22:03:23] 🔄 Identity rotated (every 10 requests)
[22:03:25] [11/455] WVND
[22:03:27] [12/455] LBDL
[22:03:27] [13/455] CRGM
[22:03:28] [14/455] PVKS
[22:03:29] [15/455] PBLL
[22:03:30] [16/455] FNLN
[22:03:31] [17/455] PPDA
[22:03:32] [18/455] SCPT
[22:03:33] [19/455] IAJS
[22:03:35] [20/455] MMZG
[22:03:35] 🔄 Identity reset
[22:03:35] 🔄 Identity rotated (every 10 requests)
[22:03:36] [21/455] MCTI
[22:03:38] [22/455] PPMF
[22:03:39] [23/455] FNSD
[22:03:40] [24/455] M2RH
[22:03:41] [25/455] CPGV
[22:03:42] [26/455] PECD
[22:03:43] [27/455] CTEE
[22:03:44] [28/455] IOMG
[22:03:45] [29/455] CIJA
[22:03:46] [30/455] NYCG
[22:03:46] 🔄 Identity reset
[22:03:46] 🔄 Identity rotated (every 10 requests)
[22:03:47] [31/455] CEST
[22:03:48] [32/455] WVRG
[22:03:49] [33/455] DPDC
[22:03:50] [34/455] PDIV
[22:03:51] [35/455] MTPP
[22:03:53] [36/455] MHNU
[22:03:54] [37/455] WUPG
[22:03:56] [38/455] USCO
[22:03:57] [39/455] INFR
[22:03:58] [40/455] PVPD
[22:03:58] 🔄 Identity reset
[22:03:58] 🔄 Identity rotated (every 10 requests)
[22:03:59] [41/455] RONC
[22:04:01] [42/455] IOCP
[22:04:02] [43/455] EMPS
[22:04:02] [44/455] PNAD
[22:04:03] [45/455] VVGZ
[22:04:04] [46/455] MDDC
[22:04:06] [47/455] MMAP
[22:04:07] [48/455] GPDC
[22:04:08] [49/455] PVPU
[22:04:08] [50/455] DCMV
[22:04:08] 🔄 Identity reset
[22:04:09] 🔄 Identity rotated (every 10 requests)
[22:04:10] [51/455] PCCF
[22:04:11] [52/455] MCEF
[22:04:12] [53/455] INRD
[22:04:13] [54/455] CCPZ
[22:04:14] [55/455] BCWG
[22:04:15] [56/455] PMGU
[22:04:16] [57/455] MCVM
[22:04:16] [58/455] MCDE
[22:04:17] [59/455] IEFM
[22:04:18] [60/455] MXCS
[22:04:18] 🔄 Identity reset
[22:04:18] 🔄 Identity rotated (every 10 requests)
[22:04:20] [61/455] RNMT
[22:04:22] [62/455] PSDD
[22:04:23] [63/455] PETA
[22:04:24] [64/455] IZOP
[22:04:25] [65/455] PDEI
[22:04:26] [66/455] MTND
[22:04:27] [67/455] PCPL
[22:04:28] [68/455] LSCM
[22:04:29] [69/455] BTFD
[22:04:30] [70/455] MERM
[22:04:30] 🔄 Identity reset
[22:04:30] 🔄 Identity rotated (every 10 requests)
[22:04:31] [71/455] PVMS
[22:04:32] [72/455] CIGK
[22:04:32] [73/455] INSG
[22:04:33] [74/455] IDEN
[22:04:35] [75/455] MCGN
[22:04:36] [76/455] IGAM
[22:04:37] [77/455] SLCU
[22:04:38] [78/455] MIMU
[22:04:39] [79/455] QLAC
[22:04:39] [80/455] MENL
[22:04:39] 🔄 Identity reset
[22:04:39] 🔄 Identity rotated (every 10 requests)
[22:04:40] [81/455] SCUR
[22:04:41] [82/455] MDGD
[22:04:42] [83/455] LSRS
[22:04:43] [84/455] KMLG
[22:04:45] [85/455] MKLJ
[22:04:46] [86/455] IBYG
[22:04:47] [87/455] ISML
[22:04:48] [88/455] MJMM
[22:04:48] [89/455] RCGD
[22:04:49] [90/455] MMOC
[22:04:49] 🔄 Identity reset
[22:04:49] 🔄 Identity rotated (every 10 requests)
[22:04:51] [91/455] RRCO
[22:04:52] [92/455] MEDM
[22:04:52] [93/455] MCAZ
[22:04:53] [94/455] STWA
[22:04:54] [95/455] PFFG
[22:04:55] [96/455] GAGC
[22:04:56] [97/455] PMPM
[22:04:57] [98/455] HVCD
[22:04:58] [99/455] AKRF
[22:04:59] [100/455] AKRC
[22:04:59] 🔄 Identity reset
[22:04:59] 🔄 Identity rotated (every 10 requests)
[22:05:01] [101/455] MIDA
[22:05:02] [102/455] MAGX
[22:05:03] [103/455] ESOS
[22:05:04] [104/455] BBCL
[22:05:06] [105/455] LYAS
[22:05:07] [106/455] NRMS
[22:05:08] [107/455] BHUC
[22:05:09] [108/455] SRIC
[22:05:10] [109/455] PDME
[22:05:11] [110/455] MJCS
[22:05:11] 🔄 Identity reset
[22:05:11] 🔄 Identity rotated (every 10 requests)
[22:05:11] [111/455] NRAA
[22:05:12] [112/455] VATA
[22:05:14] [113/455] MNKC
[22:05:14] [114/455] DHCL
[22:05:16] [115/455] JCPC
[22:05:17] [116/455] CTML
[22:05:19] [117/455] RMMR
[22:05:20] [118/455] STTL
[22:05:21] [119/455] CNPS
[22:05:22] [120/455] ACKL
[22:05:22] 🔄 Identity reset
[22:05:22] 🔄 Identity rotated (every 10 requests)
[22:05:24] [121/455] SCAU
[22:05:25] [122/455] RMIA
[22:05:26] [123/455] MANU
[22:05:26] [124/455] ARDC
[22:05:28] [125/455] GLDA
[22:05:29] [126/455] KVSW
[22:05:30] [127/455] CGCA
[22:05:31] [128/455] CMLO
[22:05:32] [129/455] CECB
[22:05:33] [130/455] RCPN
[22:05:33] 🔄 Identity reset
[22:05:33] 🔄 Identity rotated (every 10 requests)
[22:05:34] [131/455] ASMW
[22:05:34] [132/455] PWLM
[22:05:36] [133/455] ASGM
[22:05:37] [134/455] ACWH
[22:05:38] [135/455] AAPW
[22:05:39] [136/455] RTWA
[22:05:41] [137/455] RAMW
[22:05:41] [138/455] VKTR
[22:05:42] [139/455] SMBH
[22:05:44] [140/455] BVDR
[22:05:44] 🔄 Identity reset
[22:05:44] 🔄 Identity rotated (every 10 requests)
[22:05:45] [141/455] MRTP
[22:05:46] [142/455] BLBR
[22:05:48] [143/455] LPIN
[22:05:49] [144/455] SNPC
[22:05:50] [145/455] PDCB
[22:05:51] [146/455] DYPK
[22:05:52] [147/455] INMK
[22:05:53] [148/455] PDCK
[22:05:54] [149/455] PCKR
[22:05:55] [150/455] SHUA
[22:05:55] 🔄 Identity reset
[22:05:55] 🔄 Identity rotated (every 10 requests)
[22:05:56] [151/455] SCVK
[22:05:57] [152/455] STPA
[22:05:58] [153/455] WVHD
[22:06:00] [154/455] MRCH
[22:06:01] [155/455] MCNP
[22:06:02] [156/455] RCAG
[22:06:03] [157/455] JTSN
[22:06:04] [158/455] AANS
[22:06:05] [159/455] GDDR
[22:06:06] [160/455] SRER
[22:06:06] 🔄 Identity reset
[22:06:06] 🔄 Identity rotated (every 10 requests)
[22:06:07] [161/455] JKMA
[22:06:08] [162/455] ARAN
[22:06:09] [163/455] ALCT
[22:06:10] [164/455] CCTA
[22:06:11] [165/455] CNCT
[22:06:12] [166/455] NZBL
[22:06:13] [167/455] SRRA
[22:06:15] [168/455] SVPW
[22:06:16] [169/455] SRTW
[22:06:16] [170/455] XMTD
[22:06:16] 🔄 Identity reset
[22:06:16] 🔄 Identity rotated (every 10 requests)
[22:06:18] [171/455] SCCZ
[22:06:18] [172/455] PBCR
[22:06:19] [173/455] RTSC
[22:06:21] [174/455] TLSV
[22:06:22] [175/455] RMTK
[22:06:23] [176/455] SRAT
[22:06:24] [177/455] GCYC
[22:06:25] [178/455] HCAJ
[22:06:26] [179/455] LCXA
[22:06:28] [180/455] BINT
[22:06:28] 🔄 Identity reset
[22:06:28] 🔄 Identity rotated (every 10 requests)
[22:06:29] [181/455] IXIM
[22:06:30] [182/455] MBCR
[22:06:31] [183/455] BMCJ
[22:06:31] [184/455] NICJ
[22:06:32] [185/455] SCAJ
[22:06:33] [186/455] CMXS
[22:06:34] [187/455] MMSR
[22:06:35] [188/455] PRKT
[22:06:37] [189/455] LPTH
[22:06:38] [190/455] SARP
[22:06:38] 🔄 Identity reset
[22:06:38] 🔄 Identity rotated (every 10 requests)
[22:06:39] [191/455] MNPP
[22:06:40] [192/455] PRLR
[22:06:41] [193/455] RCMW
[22:06:43] [194/455] FCMG
[22:06:43] [195/455] RTNK
[22:06:44] [196/455] LRCP
[22:06:45] [197/455] DBJR
[22:06:47] [198/455] CACN
[22:06:48] [199/455] AMRL
[22:06:48] [200/455] SBBC
[22:06:48] 🔄 Identity reset
[22:06:48] 🔄 Identity rotated (every 10 requests)
[22:06:50] [201/455] VENN
[22:06:51] [202/455] STSS
[22:06:52] [203/455] SMRB
[22:06:53] [204/455] CCMX
[22:06:55] [205/455] KCMR
[22:06:56] [206/455] SALH
[22:06:58] [207/455] CGTT
[22:06:58] [208/455] PMDR
[22:07:00] [209/455] VCPM
[22:07:01] [210/455] RZMX
[22:07:01] 🔄 Identity reset
[22:07:01] 🔄 Identity rotated (every 10 requests)
[22:07:02] [211/455] TMSY
[22:07:02] [212/455] NTMS
[22:07:03] [213/455] VTAG
[22:07:04] [214/455] REMA
[22:07:05] [215/455] NXCC
[22:07:06] [216/455] SKYM
[22:07:07] [217/455] CCMO
[22:07:08] [218/455] DMXM
[22:07:08] [219/455] SPPM
[22:07:09] [220/455] PTKL
[22:07:09] 🔄 Identity reset
[22:07:09] 🔄 Identity rotated (every 10 requests)
[22:07:10] [221/455] SLVO
[22:07:11] [222/455] VASL
[22:07:12] [223/455] CBCM
[22:07:13] [224/455] STMA
[22:07:14] [225/455] LASK
[22:07:15] [226/455] VITE
[22:07:16] [227/455] AAST
[22:07:17] [228/455] JTPT
[22:07:18] [229/455] RRSH
[22:07:19] [230/455] CINL
[22:07:19] 🔄 Identity reset
[22:07:19] 🔄 Identity rotated (every 10 requests)
[22:07:20] [231/455] MCSR
[22:07:21] [232/455] SBCF
[22:07:22] [233/455] GCDU
[22:07:23] [234/455] PSPR
[22:07:25] [235/455] IMMO
[22:07:26] [236/455] CLGM
[22:07:27] [237/455] PBMM
[22:07:27] [238/455] CEHR
[22:07:28] [239/455] CPOE
[22:07:29] [240/455] PGFD
[22:07:29] 🔄 Identity reset
[22:07:29] 🔄 Identity rotated (every 10 requests)
[22:07:31] [241/455] PSLC
[22:07:32] [242/455] MSMD
[22:07:33] [243/455] FMFB
[22:07:34] [244/455] RKCL
[22:07:35] [245/455] PMMC
[22:07:36] [246/455] SKMM
[22:07:38] [247/455] VOIB
[22:07:39] [248/455] KINO
[22:07:40] [249/455] VCTP
[22:07:41] [250/455] PDWR
[22:07:41] 🔄 Identity reset
[22:07:41] 🔄 Identity rotated (every 10 requests)
[22:07:42] [251/455] SAED
[22:07:42] [252/455] SRRT
[22:07:43] [253/455] CVLG
[22:07:44] [254/455] SNGN
[22:07:45] [255/455] SIDA
[22:07:46] [256/455] IMCB
[22:07:47] [257/455] SMHP
[22:07:48] [258/455] GDTY
[22:07:48] [259/455] VYCH
[22:07:50] [260/455] PDYA
[22:07:50] 🔄 Identity reset
[22:07:50] 🔄 Identity rotated (every 10 requests)
[22:07:51] [261/455] RKDO
[22:07:52] [262/455] VECG
[22:07:53] [263/455] NFGD
[22:07:55] [264/455] SNDC
[22:07:56] [265/455] SDJH
[22:07:56] [266/455] HASV
[22:07:57] [267/455] PTYK
[22:07:59] [268/455] MUTB
[22:08:00] [269/455] AMRT
[22:08:01] [270/455] VACD
[22:08:01] 🔄 Identity reset
[22:08:01] 🔄 Identity rotated (every 10 requests)
[22:08:02] [271/455] SKDD
[22:08:03] [272/455] STGR
[22:08:03] [273/455] GDAK
[22:08:04] [274/455] SKHK
[22:08:05] [275/455] SLND
[22:08:07] [276/455] APAP
[22:08:08] [277/455] AYYA
[22:08:09] [278/455] VCCZ
[22:08:10] [279/455] MEML
[22:08:11] [280/455] MAOU
[22:08:11] 🔄 Identity reset
[22:08:11] 🔄 Identity rotated (every 10 requests)
[22:08:12] [281/455] ESND
[22:08:13] [282/455] PTBZ
[22:08:14] [283/455] LBCN
[22:08:16] [284/455] PAWA
[22:08:17] [285/455] ZEIC
[22:08:18] [286/455] CGMM
[22:08:19] [287/455] PJPM
[22:08:20] [288/455] ECMR
[22:08:21] [289/455] SHMZ
[22:08:22] [290/455] STCA
[22:08:22] 🔄 Identity reset
[22:08:22] 🔄 Identity rotated (every 10 requests)
[22:08:23] [291/455] VDRC
[22:08:24] [292/455] SEEM
[22:08:25] [293/455] MKNS
[22:08:26] [294/455] KPPP
[22:08:27] [295/455] CCML
[22:08:28] [296/455] CIBA
[22:08:29] [297/455] NACS
[22:08:30] [298/455] CTMK
[22:08:32] [299/455] CTCT
[22:08:33] [300/455] MCSN
[22:08:33] 🔄 Identity reset
[22:08:33] 🔄 Identity rotated (every 10 requests)
[22:08:34] [301/455] MAXX
[22:08:36] [302/455] MECB
[22:08:38] [303/455] NTBY
[22:08:39] [304/455] UTBI
[22:08:41] [305/455] RADK
[22:08:42] [306/455] STBY
[22:08:43] [307/455] GTBY
[22:08:44] [308/455] RRMB
[22:08:45] [309/455] ABRN
[22:08:45] [310/455] GTSG
[22:08:45] 🔄 Identity reset
[22:08:45] 🔄 Identity rotated (every 10 requests)
[22:08:46] [311/455] GBTG
[22:08:47] [312/455] SBGS
[22:08:48] [313/455] KBPM
[22:08:49] [314/455] SMHT
[22:08:50] [315/455] VTDM
[22:08:51] [316/455] ASCT
[22:08:53] [317/455] AWCT
[22:08:54] [318/455] DCCU
[22:08:55] [319/455] PSCE
[22:08:55] [320/455] KSNY
[22:08:55] 🔄 Identity reset
[22:08:56] 🔄 Identity rotated (every 10 requests)
[22:08:56] [321/455] ACID
[22:08:57] [322/455] LVCD
[22:08:58] [323/455] KSSB
[22:09:00] [324/455] SWTD
[22:09:01] [325/455] RBMR
[22:09:02] [326/455] SCBC
[22:09:04] [327/455] RKME
[22:09:04] [328/455] GALX
[22:09:05] [329/455] GCCH
[22:09:06] [330/455] RATR
[22:09:06] 🔄 Identity reset
[22:09:06] 🔄 Identity rotated (every 10 requests)
[22:09:07] [331/455] GTGA
[22:09:08] [332/455] LTTR
[22:09:10] [333/455] TTAA
[22:09:11] [334/455] TVHP
[22:09:12] [335/455] KVCS
[22:09:12] [336/455] CBMC
[22:09:14] [337/455] MAYJ
[22:09:15] [338/455] INPR
[22:09:16] [339/455] RSSC
[22:09:17] [340/455] PCAN
[22:09:17] 🔄 Identity reset
[22:09:17] 🔄 Identity rotated (every 10 requests)
[22:09:18] [341/455] PVHR
[22:09:20] [342/455] AGSM
[22:09:20] [343/455] PVES
[22:09:22] [344/455] INTO
[22:09:23] [345/455] ACON
[22:09:24] [346/455] PVPZ
[22:09:25] [347/455] PVHC
[22:09:26] [348/455] KSTK
[22:09:27] [349/455] PVSR
[22:09:29] [350/455] ACTN
[22:09:29] 🔄 Identity reset
[22:09:29] 🔄 Identity rotated (every 10 requests)
[22:09:30] [351/455] FMCN
[22:09:30] [352/455] PABC
[22:09:32] [353/455] SUTC
[22:09:33] [354/455] PGMV
[22:09:34] [355/455] GKCP
[22:09:35] [356/455] INCH
[22:09:37] [357/455] MLMT
[22:09:38] [358/455] SSCC
[22:09:39] [359/455] SLMP
[22:09:41] [360/455] VVTN
[22:09:41] 🔄 Identity reset
[22:09:41] 🔄 Identity rotated (every 10 requests)
[22:09:42] [361/455] SBTR
[22:09:43] [362/455] PGRA
[22:09:45] [363/455] PBRM
[22:09:47] [364/455] GCRP
[22:09:49] [365/455] MCSK
[22:09:50] [366/455] NLTC
[22:09:51] [367/455] MTLM
[22:09:52] [368/455] VECT
[22:09:53] [369/455] KMRM
[22:09:55] [370/455] RACM
[22:09:55] 🔄 Identity reset
[22:09:55] 🔄 Identity rotated (every 10 requests)
[22:09:56] [371/455] WSTC
[22:09:57] [372/455] PVTJ
[22:09:58] [373/455] MMKC
[22:09:59] [374/455] SVWT
[22:10:00] [375/455] JOTG
[22:10:01] [376/455] VCDK
[22:10:03] [377/455] ANAC
[22:10:04] [378/455] GRTC
[22:10:05] [379/455] JTPL
[22:10:06] [380/455] VRCP
[22:10:06] 🔄 Identity reset
[22:10:06] 🔄 Identity rotated (every 10 requests)
[22:10:07] [381/455] REMC
[22:10:07] [382/455] ATMG
[22:10:08] [383/455] GAHC
[22:10:09] [384/455] JTMV
[22:10:10] [385/455] OMTT
[22:10:11] [386/455] GKKC
[22:10:12] [387/455] BBPO
[22:10:13] [388/455] ZCBB
[22:10:14] [389/455] DCGO
[22:10:15] [390/455] STOP
[22:10:15] 🔄 Identity reset
[22:10:15] 🔄 Identity rotated (every 10 requests)
[22:10:16] [391/455] BSPC
[22:10:16] [392/455] SOND
[22:10:17] [393/455] GCKG
[22:10:18] [394/455] PCDB
[22:10:19] [395/455] PGRC
[22:10:20] [396/455] CSCT
[22:10:21] [397/455] STDA
[22:10:22] [398/455] JAYD
[22:10:23] [399/455] PPPD
[22:10:24] [400/455] KRTT
[22:10:24] 🔄 Identity reset
[22:10:24] 🔄 Identity rotated (every 10 requests)
[22:10:25] [401/455] PTDT
[22:10:26] [402/455] TRSV
[22:10:27] [403/455] VELR
[22:10:28] [404/455] STDT
[22:10:29] [405/455] SATT
[22:10:30] [406/455] KCPM
[22:10:31] [407/455] MFCP
[22:10:33] [408/455] AXMP
[22:10:33] [409/455] LTVB
[22:10:35] [410/455] APST
[22:10:35] 🔄 Identity reset
[22:10:35] 🔄 Identity rotated (every 10 requests)
[22:10:35] [411/455] DTVP
[22:10:37] [412/455] AAVB
[22:10:38] [413/455] PMBL
[22:10:40] [414/455] STKC
[22:10:41] [415/455] KKMA
[22:10:41] [416/455] NMXS
[22:10:43] [417/455] DECX
[22:10:43] [418/455] MAPJ
[22:10:44] [419/455] SMLK
[22:10:46] [420/455] PMPU
[22:10:46] 🔄 Identity reset
[22:10:46] 🔄 Identity rotated (every 10 requests)
[22:10:48] [421/455] AFST
[22:10:48] [422/455] SRSY
[22:10:49] [423/455] RMKT
[22:10:50] [424/455] RAJX
[22:10:52] [425/455] UVCD
[22:10:53] [426/455] LISA
[22:10:54] [427/455] LMSR
[22:10:55] [428/455] PMCA
[22:10:56] [429/455] INPO
[22:10:57] [430/455] INGO
[22:10:57] 🔄 Identity reset
[22:10:57] 🔄 Identity rotated (every 10 requests)
[22:10:58] [431/455] HFSQ
[22:10:59] [432/455] INMG
[22:11:00] [433/455] NYCP
[22:11:01] [434/455] HFSV
[22:11:01] [435/455] MMZP
[22:11:02] [436/455] KSES
[22:11:03] [437/455] HFSA
[22:11:04] [438/455] ACMM
[22:11:05] [439/455] RCKD
[22:11:06] [440/455] BCKR
[22:11:06] 🔄 Identity reset
[22:11:06] 🔄 Identity rotated (every 10 requests)
[22:11:07] [441/455] SFCO
[22:11:08] [442/455] JCCB
[22:11:09] [443/455] BCCR
[22:11:09] [444/455] NWCB
[22:11:11] [445/455] SAMT
[22:11:12] [446/455] TMST
[22:11:14] [447/455] SJCN
[22:11:15] [448/455] MCBS
[22:11:16] [449/455] CMKR
[22:11:17] [450/455] INPM
[22:11:17] 🔄 Identity reset
[22:11:17] 🔄 Identity rotated (every 10 requests)
[22:11:18] [451/455] WVMT
[22:11:19] [452/455] NYSM
[22:11:20] [453/455] RCMA
[22:11:21] [454/455] RECM
[22:11:22] [455/455] CYCM
[22:11:23] 🧹 Deduping shows
[22:11:23] ✅ DONE | Shows=4797 | Movies=84
[23:31:55] 🚀 SCRIPT STARTED
[23:31:55] [1/455] MXGN
[23:31:55] 🧠 New identity created
[23:31:55] 🔄 Retry 1/5 for MXGN in 3.0s
[23:31:55] 🔄 Identity reset
[23:31:58] 🧠 New identity created
[23:31:59] [2/455] PGGM
[23:32:00] [3/455] IPMJ
[23:32:01] [4/455] M2PP
[23:32:01] [5/455] PMMS
[23:32:02] [6/455] SCJN
[23:32:03] [7/455] CPUM
[23:32:03] [8/455] SCND
[23:32:04] [9/455] INWM
[23:32:04] 🔄 Identity reset
[23:32:04] 🔄 Identity rotated (every 10 requests)
[23:32:04] 🔄 Retry 1/5 for INWM in 2.8s
[23:32:04] 🔄 Identity reset
[23:32:07] 🧠 New identity created
[23:32:08] [10/455] DVDC
[23:32:08] [11/455] WVND
[23:32:09] [12/455] LBDL
[23:32:10] [13/455] CRGM
[23:32:10] [14/455] PVKS
[23:32:11] [15/455] PBLL
[23:32:12] [16/455] FNLN
[23:32:12] [17/455] PPDA
[23:32:13] [18/455] SCPT
[23:32:13] 🔄 Identity reset
[23:32:13] 🔄 Identity rotated (every 10 requests)
[23:32:14] [19/455] IAJS
[23:32:15] [20/455] MMZG
[23:32:15] [21/455] MCTI
[23:32:16] [22/455] PPMF
[23:32:17] [23/455] FNSD
[23:32:17] [24/455] M2RH
[23:32:18] [25/455] CPGV
[23:32:19] [26/455] PECD
[23:32:20] [27/455] CTEE
[23:32:20] [28/455] IOMG
[23:32:20] 🔄 Identity reset
[23:32:21] 🔄 Identity rotated (every 10 requests)
[23:32:21] [29/455] CIJA
[23:32:22] [30/455] NYCG
[23:32:23] [31/455] CEST
[23:32:23] [32/455] WVRG
[23:32:24] [33/455] DPDC
[23:32:25] [34/455] PDIV
[23:32:25] [35/455] MTPP
[23:32:26] [36/455] MHNU
[23:32:27] [37/455] WUPG
[23:32:27] [38/455] USCO
[23:32:27] 🔄 Identity reset
[23:32:27] 🔄 Identity rotated (every 10 requests)
[23:32:28] [39/455] INFR
[23:32:29] [40/455] PVPD
[23:32:30] [41/455] RONC
[23:32:30] [42/455] IOCP
[23:32:31] [43/455] EMPS
[23:32:31] [44/455] PNAD
[23:32:32] [45/455] VVGZ
[23:32:33] [46/455] MDDC
[23:32:33] [47/455] MMAP
[23:32:34] [48/455] GPDC
[23:32:34] 🔄 Identity reset
[23:32:34] 🔄 Identity rotated (every 10 requests)
[23:32:35] [49/455] PVPU
[23:32:35] [50/455] DCMV
[23:32:36] [51/455] PCCF
[23:32:37] [52/455] MCEF
[23:32:37] [53/455] INRD
[23:32:38] [54/455] CCPZ
[23:32:38] [55/455] BCWG
[23:32:39] [56/455] PMGU
[23:32:40] [57/455] MCVM
[23:32:41] [58/455] MCDE
[23:32:41] 🔄 Identity reset
[23:32:41] 🔄 Identity rotated (every 10 requests)
[23:32:41] [59/455] IEFM
[23:32:42] [60/455] MXCS
[23:32:43] [61/455] RNMT
[23:32:44] [62/455] PSDD
[23:32:44] [63/455] PETA
[23:32:45] [64/455] IZOP
[23:32:45] [65/455] PDEI
[23:32:46] [66/455] MTND
[23:32:47] [67/455] PCPL
[23:32:48] [68/455] LSCM
[23:32:48] 🔄 Identity reset
[23:32:48] 🔄 Identity rotated (every 10 requests)
[23:32:48] 🔄 Retry 1/5 for LSCM in 2.4s
[23:32:48] 🔄 Identity reset
[23:32:50] 🧠 New identity created
[23:32:50] 🔄 Retry 2/5 for LSCM in 4.3s
[23:32:50] 🔄 Identity reset
[23:32:55] 🧠 New identity created
[23:32:55] [69/455] BTFD
[23:32:56] [70/455] MERM
[23:32:57] [71/455] PVMS
[23:32:58] [72/455] CIGK
[23:32:58] [73/455] INSG
[23:32:59] [74/455] IDEN
[23:33:00] [75/455] MCGN
[23:33:00] [76/455] IGAM
[23:33:00] 🔄 Identity reset
[23:33:00] 🔄 Identity rotated (every 10 requests)
[23:33:01] [77/455] SLCU
[23:33:02] [78/455] MIMU
[23:33:03] [79/455] QLAC
[23:33:03] [80/455] MENL
[23:33:04] [81/455] SCUR
[23:33:04] [82/455] MDGD
[23:33:05] [83/455] LSRS
[23:33:06] [84/455] KMLG
[23:33:06] [85/455] MKLJ
[23:33:07] [86/455] IBYG
[23:33:07] 🔄 Identity reset
[23:33:07] 🔄 Identity rotated (every 10 requests)
[23:33:08] [87/455] ISML
[23:33:09] [88/455] MJMM
[23:33:09] [89/455] RCGD
[23:33:10] [90/455] MMOC
[23:33:11] [91/455] RRCO
[23:33:11] [92/455] MEDM
[23:33:12] [93/455] MCAZ
[23:33:13] [94/455] STWA
[23:33:14] [95/455] PFFG
[23:33:15] [96/455] GAGC
[23:33:15] 🔄 Identity reset
[23:33:15] 🔄 Identity rotated (every 10 requests)
[23:33:16] [97/455] PMPM
[23:33:16] [98/455] HVCD
[23:33:17] [99/455] AKRF
[23:33:17] [100/455] AKRC
[23:33:18] [101/455] MIDA
[23:33:19] [102/455] MAGX
[23:33:19] [103/455] ESOS
[23:33:20] [104/455] BBCL
[23:33:21] [105/455] LYAS
[23:33:21] [106/455] NRMS
[23:33:21] 🔄 Identity reset
[23:33:21] 🔄 Identity rotated (every 10 requests)
[23:33:22] [107/455] BHUC
[23:33:23] [108/455] SRIC
[23:33:24] [109/455] PDME
[23:33:24] [110/455] MJCS
[23:33:25] [111/455] NRAA
[23:33:26] [112/455] VATA
[23:33:26] [113/455] MNKC
[23:33:27] [114/455] DHCL
[23:33:28] [115/455] JCPC
[23:33:28] [116/455] CTML
[23:33:28] 🔄 Identity reset
[23:33:28] 🔄 Identity rotated (every 10 requests)
[23:33:29] [117/455] RMMR
[23:33:30] [118/455] STTL
[23:33:30] [119/455] CNPS
[23:33:31] [120/455] ACKL
[23:33:32] [121/455] SCAU
[23:33:33] [122/455] RMIA
[23:33:33] [123/455] MANU
[23:33:34] [124/455] ARDC
[23:33:35] [125/455] GLDA
[23:33:35] [126/455] KVSW
[23:33:35] 🔄 Identity reset
[23:33:35] 🔄 Identity rotated (every 10 requests)
[23:33:36] [127/455] CGCA
[23:33:37] [128/455] CMLO
[23:33:37] [129/455] CECB
[23:33:38] [130/455] RCPN
[23:33:39] [131/455] ASMW
[23:33:40] [132/455] PWLM
[23:33:40] [133/455] ASGM
[23:33:41] [134/455] ACWH
[23:33:42] [135/455] AAPW
[23:33:42] [136/455] RTWA
[23:33:42] 🔄 Identity reset
[23:33:43] 🔄 Identity rotated (every 10 requests)
[23:33:43] [137/455] RAMW
[23:33:44] [138/455] VKTR
[23:33:44] [139/455] SMBH
[23:33:45] [140/455] BVDR
[23:33:46] [141/455] MRTP
[23:33:46] [142/455] BLBR
[23:33:47] [143/455] LPIN
[23:33:48] [144/455] SNPC
[23:33:49] [145/455] PDCB
[23:33:49] [146/455] DYPK
[23:33:49] 🔄 Identity reset
[23:33:49] 🔄 Identity rotated (every 10 requests)
[23:33:50] [147/455] INMK
[23:33:51] [148/455] PDCK
[23:33:52] [149/455] PCKR
[23:33:52] [150/455] SHUA
[23:33:53] [151/455] SCVK
[23:33:54] [152/455] STPA
[23:33:54] [153/455] WVHD
[23:33:55] [154/455] MRCH
[23:33:56] [155/455] MCNP
[23:33:56] [156/455] RCAG
[23:33:56] 🔄 Identity reset
[23:33:56] 🔄 Identity rotated (every 10 requests)
[23:33:57] [157/455] JTSN
[23:33:58] [158/455] AANS
[23:33:58] [159/455] GDDR
[23:33:59] [160/455] SRER
[23:34:00] [161/455] JKMA
[23:34:00] [162/455] ARAN
[23:34:01] [163/455] ALCT
[23:34:02] [164/455] CCTA
[23:34:02] [165/455] CNCT
[23:34:03] [166/455] NZBL
[23:34:03] 🔄 Identity reset
[23:34:03] 🔄 Identity rotated (every 10 requests)
[23:34:04] [167/455] SRRA
[23:34:04] [168/455] SVPW
[23:34:05] [169/455] SRTW
[23:34:06] [170/455] XMTD
[23:34:06] [171/455] SCCZ
[23:34:07] [172/455] PBCR
[23:34:07] [173/455] RTSC
[23:34:08] [174/455] TLSV
[23:34:09] [175/455] RMTK
[23:34:09] [176/455] SRAT
[23:34:09] 🔄 Identity reset
[23:34:09] 🔄 Identity rotated (every 10 requests)
[23:34:10] [177/455] GCYC
[23:34:11] [178/455] HCAJ
[23:34:12] [179/455] LCXA
[23:34:12] [180/455] BINT
[23:34:13] [181/455] IXIM
[23:34:14] [182/455] MBCR
[23:34:14] [183/455] BMCJ
[23:34:16] [184/455] NICJ
[23:34:16] [185/455] SCAJ
[23:34:17] [186/455] CMXS
[23:34:17] 🔄 Identity reset
[23:34:17] 🔄 Identity rotated (every 10 requests)
[23:34:18] [187/455] MMSR
[23:34:19] [188/455] PRKT
[23:34:19] [189/455] LPTH
[23:34:20] [190/455] SARP
[23:34:21] [191/455] MNPP
[23:34:21] [192/455] PRLR
[23:34:22] [193/455] RCMW
[23:34:23] [194/455] FCMG
[23:34:23] [195/455] RTNK
[23:34:24] [196/455] LRCP
[23:34:24] 🔄 Identity reset
[23:34:24] 🔄 Identity rotated (every 10 requests)
[23:34:25] [197/455] DBJR
[23:34:25] [198/455] CACN
[23:34:26] [199/455] AMRL
[23:34:27] [200/455] SBBC
[23:34:27] [201/455] VENN
[23:34:28] [202/455] STSS
[23:34:29] [203/455] SMRB
[23:34:30] [204/455] CCMX
[23:34:30] [205/455] KCMR
[23:34:31] [206/455] SALH
[23:34:31] 🔄 Identity reset
[23:34:31] 🔄 Identity rotated (every 10 requests)
[23:34:32] [207/455] CGTT
[23:34:32] [208/455] PMDR
[23:34:33] [209/455] VCPM
[23:34:34] [210/455] RZMX
[23:34:34] [211/455] TMSY
[23:34:35] [212/455] NTMS
[23:34:36] [213/455] VTAG
[23:34:36] [214/455] REMA
[23:34:37] [215/455] NXCC
[23:34:37] [216/455] SKYM
[23:34:37] 🔄 Identity reset
[23:34:37] 🔄 Identity rotated (every 10 requests)
[23:34:38] [217/455] CCMO
[23:34:39] [218/455] DMXM
[23:34:40] [219/455] SPPM
[23:34:40] [220/455] PTKL
[23:34:41] [221/455] SLVO
[23:34:42] [222/455] VASL
[23:34:42] [223/455] CBCM
[23:34:43] [224/455] STMA
[23:34:44] [225/455] LASK
[23:34:44] [226/455] VITE
[23:34:44] 🔄 Identity reset
[23:34:44] 🔄 Identity rotated (every 10 requests)
[23:34:45] [227/455] AAST
[23:34:46] [228/455] JTPT
[23:34:47] [229/455] RRSH
[23:34:47] [230/455] CINL
[23:34:48] [231/455] MCSR
[23:34:48] [232/455] SBCF
[23:34:49] [233/455] GCDU
[23:34:50] [234/455] PSPR
[23:34:50] [235/455] IMMO
[23:34:51] [236/455] CLGM
[23:34:51] 🔄 Identity reset
[23:34:51] 🔄 Identity rotated (every 10 requests)
[23:34:52] [237/455] PBMM
[23:34:52] [238/455] CEHR
[23:34:53] [239/455] CPOE
[23:34:53] [240/455] PGFD
[23:34:54] [241/455] PSLC
[23:34:55] [242/455] MSMD
[23:34:56] [243/455] FMFB
[23:34:56] [244/455] RKCL
[23:34:57] [245/455] PMMC
[23:34:58] [246/455] SKMM
[23:34:58] 🔄 Identity reset
[23:34:58] 🔄 Identity rotated (every 10 requests)
[23:34:58] [247/455] VOIB
[23:34:59] [248/455] KINO
[23:35:00] [249/455] VCTP
[23:35:01] [250/455] PDWR
[23:35:01] [251/455] SAED
[23:35:02] [252/455] SRRT
[23:35:03] [253/455] CVLG
[23:35:03] [254/455] SNGN
[23:35:04] [255/455] SIDA
[23:35:05] [256/455] IMCB
[23:35:05] 🔄 Identity reset
[23:35:05] 🔄 Identity rotated (every 10 requests)
[23:35:06] [257/455] SMHP
[23:35:06] [258/455] GDTY
[23:35:07] [259/455] VYCH
[23:35:08] [260/455] PDYA
[23:35:09] [261/455] RKDO
[23:35:09] [262/455] VECG
[23:35:10] [263/455] NFGD
[23:35:11] [264/455] SNDC
[23:35:11] [265/455] SDJH
[23:35:12] [266/455] HASV
[23:35:12] 🔄 Identity reset
[23:35:12] 🔄 Identity rotated (every 10 requests)
[23:35:12] [267/455] PTYK
[23:35:13] [268/455] MUTB
[23:35:14] [269/455] AMRT
[23:35:15] [270/455] VACD
[23:35:16] [271/455] SKDD
[23:35:16] [272/455] STGR
[23:35:17] [273/455] GDAK
[23:35:17] [274/455] SKHK
[23:35:18] [275/455] SLND
[23:35:19] [276/455] APAP
[23:35:19] 🔄 Identity reset
[23:35:19] 🔄 Identity rotated (every 10 requests)
[23:35:19] [277/455] AYYA
[23:35:20] [278/455] VCCZ
[23:35:21] [279/455] MEML
[23:35:21] [280/455] MAOU
[23:35:22] [281/455] ESND
[23:35:22] [282/455] PTBZ
[23:35:23] [283/455] LBCN
[23:35:24] [284/455] PAWA
[23:35:25] [285/455] ZEIC
[23:35:25] [286/455] CGMM
[23:35:25] 🔄 Identity reset
[23:35:25] 🔄 Identity rotated (every 10 requests)
[23:35:25] 🔄 Retry 1/5 for CGMM in 2.8s
[23:35:25] 🔄 Identity reset
[23:35:28] 🧠 New identity created
[23:35:29] [287/455] PJPM
[23:35:30] [288/455] ECMR
[23:35:30] [289/455] SHMZ
[23:35:31] [290/455] STCA
[23:35:32] [291/455] VDRC
[23:35:32] [292/455] SEEM
[23:35:33] [293/455] MKNS
[23:35:33] [294/455] KPPP
[23:35:34] [295/455] CCML
[23:35:34] 🔄 Identity reset
[23:35:34] 🔄 Identity rotated (every 10 requests)
[23:35:35] [296/455] CIBA
[23:35:35] [297/455] NACS
[23:35:36] [298/455] CTMK
[23:35:37] [299/455] CTCT
[23:35:38] [300/455] MCSN
[23:35:38] [301/455] MAXX
[23:35:39] [302/455] MECB
[23:35:40] [303/455] NTBY
[23:35:41] [304/455] UTBI
[23:35:41] [305/455] RADK
[23:35:41] 🔄 Identity reset
[23:35:41] 🔄 Identity rotated (every 10 requests)
[23:35:42] [306/455] STBY
[23:35:43] [307/455] GTBY
[23:35:43] [308/455] RRMB
[23:35:44] [309/455] ABRN
[23:35:45] [310/455] GTSG
[23:35:46] [311/455] GBTG
[23:35:47] [312/455] SBGS
[23:35:47] [313/455] KBPM
[23:35:48] [314/455] SMHT
[23:35:49] [315/455] VTDM
[23:35:49] 🔄 Identity reset
[23:35:49] 🔄 Identity rotated (every 10 requests)
[23:35:50] [316/455] ASCT
[23:35:50] [317/455] AWCT
[23:35:52] [318/455] DCCU
[23:35:53] [319/455] PSCE
[23:35:54] [320/455] KSNY
[23:35:54] [321/455] ACID
[23:35:55] [322/455] LVCD
[23:35:56] [323/455] KSSB
[23:35:56] [324/455] SWTD
[23:35:57] [325/455] RBMR
[23:35:57] 🔄 Identity reset
[23:35:57] 🔄 Identity rotated (every 10 requests)
[23:35:58] [326/455] SCBC
[23:35:58] [327/455] RKME
[23:35:59] [328/455] GALX
[23:36:00] [329/455] GCCH
[23:36:00] [330/455] RATR
[23:36:01] [331/455] GTGA
[23:36:02] [332/455] LTTR
[23:36:02] [333/455] TTAA
[23:36:03] [334/455] TVHP
[23:36:04] [335/455] KVCS
[23:36:04] 🔄 Identity reset
[23:36:04] 🔄 Identity rotated (every 10 requests)
[23:36:04] [336/455] CBMC
[23:36:05] [337/455] MAYJ
[23:36:06] [338/455] INPR
[23:36:07] [339/455] RSSC
[23:36:07] [340/455] PCAN
[23:36:08] [341/455] PVHR
[23:36:09] [342/455] AGSM
[23:36:10] [343/455] PVES
[23:36:10] [344/455] INTO
[23:36:11] [345/455] ACON
[23:36:11] 🔄 Identity reset
[23:36:11] 🔄 Identity rotated (every 10 requests)
[23:36:12] [346/455] PVPZ
[23:36:12] [347/455] PVHC
[23:36:13] [348/455] KSTK
[23:36:14] [349/455] PVSR
[23:36:14] [350/455] ACTN
[23:36:16] [351/455] FMCN
[23:36:17] [352/455] PABC
[23:36:17] [353/455] SUTC
[23:36:18] [354/455] PGMV
[23:36:19] [355/455] GKCP
[23:36:19] 🔄 Identity reset
[23:36:19] 🔄 Identity rotated (every 10 requests)
[23:36:19] 🔄 Retry 1/5 for GKCP in 2.8s
[23:36:19] 🔄 Identity reset
[23:36:22] 🧠 New identity created
[23:36:22] [356/455] INCH
[23:36:23] [357/455] MLMT
[23:36:23] [358/455] SSCC
[23:36:24] [359/455] SLMP
[23:36:25] [360/455] VVTN
[23:36:26] [361/455] SBTR
[23:36:26] [362/455] PGRA
[23:36:27] [363/455] PBRM
[23:36:28] [364/455] GCRP
[23:36:28] 🔄 Identity reset
[23:36:28] 🔄 Identity rotated (every 10 requests)
[23:36:28] 🔄 Retry 1/5 for GCRP in 2.1s
[23:36:28] 🔄 Identity reset
[23:36:30] 🧠 New identity created
[23:36:30] [365/455] MCSK
[23:36:31] [366/455] NLTC
[23:36:32] [367/455] MTLM
[23:36:33] [368/455] VECT
[23:36:33] [369/455] KMRM
[23:36:34] [370/455] RACM
[23:36:35] [371/455] WSTC
[23:36:35] [372/455] PVTJ
[23:36:36] [373/455] MMKC
[23:36:36] 🔄 Identity reset
[23:36:36] 🔄 Identity rotated (every 10 requests)
[23:36:37] [374/455] SVWT
[23:36:37] [375/455] JOTG
[23:36:38] [376/455] VCDK
[23:36:38] [377/455] ANAC
[23:36:39] [378/455] GRTC
[23:36:40] [379/455] JTPL
[23:36:41] [380/455] VRCP
[23:36:41] [381/455] REMC
[23:36:42] [382/455] ATMG
[23:36:43] [383/455] GAHC
[23:36:43] 🔄 Identity reset
[23:36:43] 🔄 Identity rotated (every 10 requests)
[23:36:43] 🔄 Retry 1/5 for GAHC in 2.9s
[23:36:43] 🔄 Identity reset
[23:36:46] 🧠 New identity created
[23:36:47] [384/455] JTMV
[23:36:47] [385/455] OMTT
[23:36:48] [386/455] GKKC
[23:36:49] [387/455] BBPO
[23:36:50] [388/455] ZCBB
[23:36:50] [389/455] DCGO
[23:36:51] [390/455] STOP
[23:36:52] [391/455] BSPC
[23:36:52] [392/455] SOND
[23:36:52] 🔄 Identity reset
[23:36:53] 🔄 Identity rotated (every 10 requests)
[23:36:53] [393/455] GCKG
[23:36:54] [394/455] PCDB
[23:36:54] [395/455] PGRC
[23:36:55] [396/455] CSCT
[23:36:57] [397/455] STDA
[23:36:57] [398/455] JAYD
[23:36:58] [399/455] PPPD
[23:36:59] [400/455] KRTT
[23:36:59] [401/455] PTDT
[23:37:00] [402/455] TRSV
[23:37:00] 🔄 Identity reset
[23:37:00] 🔄 Identity rotated (every 10 requests)
[23:37:01] [403/455] VELR
[23:37:01] [404/455] STDT
[23:37:02] [405/455] SATT
[23:37:03] [406/455] KCPM
[23:37:03] [407/455] MFCP
[23:37:04] [408/455] AXMP
[23:37:05] [409/455] LTVB
[23:37:05] [410/455] APST
[23:37:06] [411/455] DTVP
[23:37:07] [412/455] AAVB
[23:37:07] 🔄 Identity reset
[23:37:07] 🔄 Identity rotated (every 10 requests)
[23:37:08] [413/455] PMBL
[23:37:08] [414/455] STKC
[23:37:09] [415/455] KKMA
[23:37:10] [416/455] NMXS
[23:37:10] [417/455] DECX
[23:37:11] [418/455] MAPJ
[23:37:12] [419/455] SMLK
[23:37:13] [420/455] PMPU
[23:37:14] [421/455] AFST
[23:37:14] [422/455] SRSY
[23:37:14] 🔄 Identity reset
[23:37:14] 🔄 Identity rotated (every 10 requests)
[23:37:15] [423/455] RMKT
[23:37:16] [424/455] RAJX
[23:37:17] [425/455] UVCD
[23:37:17] [426/455] LISA
[23:37:18] [427/455] LMSR
[23:37:19] [428/455] PMCA
[23:37:20] [429/455] INPO
[23:37:21] [430/455] INGO
[23:37:22] [431/455] HFSQ
[23:37:22] [432/455] INMG
[23:37:22] 🔄 Identity reset
[23:37:22] 🔄 Identity rotated (every 10 requests)
[23:37:23] [433/455] NYCP
[23:37:24] [434/455] HFSV
[23:37:26] [435/455] MMZP
[23:37:27] [436/455] KSES
[23:37:27] [437/455] HFSA
[23:37:28] [438/455] ACMM
[23:37:30] [439/455] RCKD
[23:37:30] [440/455] BCKR
[23:37:31] [441/455] SFCO
[23:37:32] [442/455] JCCB
[23:37:32] 🔄 Identity reset
[23:37:32] 🔄 Identity rotated (every 10 requests)
[23:37:33] [443/455] BCCR
[23:37:34] [444/455] NWCB
[23:37:35] [445/455] SAMT
[23:37:36] [446/455] TMST
[23:37:36] [447/455] SJCN
[23:37:37] [448/455] MCBS
[23:37:38] [449/455] CMKR
[23:37:39] [450/455] INPM
[23:37:39] [451/455] WVMT
[23:37:40] [452/455] NYSM
[23:37:40] 🔄 Identity reset
[23:37:40] 🔄 Identity rotated (every 10 requests)
[23:37:41] [453/455] RCMA
[23:37:41] [454/455] RECM
[23:37:42] [455/455] CYCM
[23:37:44] 🧹 Deduping shows
[23:37:44] ✅ DONE | Shows=4827 | Movies=84
