[18:55:06] 🚀 SCRIPT STARTED (enhanced anti‑detection)
[18:55:06] [1/459] MCCZ
[18:55:07] 🧠 New identity created
[18:55:07] [2/459] FRPU
[18:55:08] [3/459] SKSI
[18:55:09] [4/459] SSCK
[18:55:10] [5/459] SRDC
[18:55:11] [6/459] RSCZ
[18:55:12] [7/459] PRVT
[18:55:13] [8/459] GAGJ
[18:55:13] [9/459] SMHG
[18:55:14] [10/459] JTST
[18:55:15] 🔄 Identity reset
[18:55:15] 🔄 Identity rotated (every 10 requests)
[18:55:15] [11/459] MYTH
[18:55:16] [12/459] JPCC
[18:55:17] [13/459] ACDC
[18:55:18] [14/459] SVFP
[18:55:19] [15/459] SFCM
[18:55:20] [16/459] RUPK
[18:55:22] [17/459] NTCR
[18:55:23] [18/459] RTCH
[18:55:24] [19/459] SCMH
[18:55:25] [20/459] SVYM
[18:55:25] 🔄 Identity reset
[18:55:25] 🔄 Identity rotated (every 10 requests)
[18:55:25] [21/459] SPYM
[18:55:26] [22/459] SMMF
[18:55:27] [23/459] CLLB
[18:55:28] [24/459] FMCB
[18:55:29] [25/459] BBTC
[18:55:30] [26/459] NTHS
[18:55:31] [27/459] PKKJ
[18:55:33] [28/459] MTJA
[18:55:35] [29/459] PMSJ
[18:55:35] [30/459] JMJU
[18:55:36] 🔄 Identity reset
[18:55:36] 🔄 Identity rotated (every 10 requests)
[18:55:37] [31/459] SRAD
[18:55:38] [32/459] MJMC
[18:55:39] [33/459] DFRM
[18:55:40] [34/459] PMRS
[18:55:41] [35/459] RKPP
[18:55:42] [36/459] BMBK
[18:55:43] [37/459] NEWS
[18:55:43] [38/459] SALB
[18:55:44] [39/459] SCPW
[18:55:45] [40/459] RAYL
[18:55:46] 🔄 Identity reset
[18:55:46] 🔄 Identity rotated (every 10 requests)
[18:55:46] [41/459] CMGJ
[18:55:47] [42/459] JRCR
[18:55:48] [43/459] SRTB
[18:55:50] [44/459] ETPB
[18:55:51] [45/459] MXBN
[18:55:51] [46/459] TOPE
[18:55:52] [47/459] SNLJ
[18:55:53] [48/459] CDDP
[18:55:54] [49/459] APCX
[18:55:55] [50/459] TALP
[18:55:56] 🔄 Identity reset
[18:55:56] 🔄 Identity rotated (every 10 requests)
[18:55:56] 🔄 Retry 1/5 for TALP in 3.0s
[18:55:56] 🔄 Identity reset
[18:55:59] 🧠 New identity created
[18:55:59] [51/459] RRMP
[18:56:00] [52/459] MAHB
[18:56:01] [53/459] MTKR
[18:56:01] [54/459] KSKL
[18:56:02] [55/459] RJLT
[18:56:03] [56/459] ATAS
[18:56:04] [57/459] AMHR
[18:56:05] [58/459] RSRM
[18:56:06] [59/459] GCAT
[18:56:06] 🔄 Identity reset
[18:56:06] 🔄 Identity rotated (every 10 requests)
[18:56:07] [60/459] SMML
[18:56:08] [61/459] ACCD
[18:56:09] [62/459] VYDA
[18:56:10] [63/459] MSKT
[18:56:11] [64/459] AVDM
[18:56:12] [65/459] ASMH
[18:56:14] [66/459] VTMB
[18:56:14] [67/459] WVMB
[18:56:15] [68/459] PPMN
[18:56:16] [69/459] MTMD
[18:56:17] 🔄 Identity reset
[18:56:17] 🔄 Identity rotated (every 10 requests)
[18:56:17] [70/459] SMMO
[18:56:18] [71/459] DLPB
[18:56:19] [72/459] AKMD
[18:56:20] [73/459] SHRR
[18:56:21] [74/459] ASCO
[18:56:22] [75/459] CZVX
[18:56:23] [76/459] GCBB
[18:56:23] [77/459] ATBM
[18:56:24] [78/459] TCGM
[18:56:25] [79/459] UMSE
[18:56:26] 🔄 Identity reset
[18:56:26] 🔄 Identity rotated (every 10 requests)
[18:56:26] 🔄 Retry 1/5 for UMSE in 2.4s
[18:56:26] 🔄 Identity reset
[18:56:28] 🧠 New identity created
[18:56:29] [80/459] NKCL
[18:56:30] [81/459] BTLR
[18:56:30] [82/459] GOCL
[18:56:31] [83/459] MIRN
[18:56:32] [84/459] THEC
[18:56:33] [85/459] SPPB
[18:56:34] [86/459] PMMM
[18:56:35] [87/459] GGMC
[18:56:36] [88/459] AVSR
[18:56:36] 🔄 Identity reset
[18:56:36] 🔄 Identity rotated (every 10 requests)
[18:56:37] [89/459] RDMH
[18:56:37] [90/459] JSRS
[18:56:38] [91/459] VKGP
[18:56:39] [92/459] ACRT
[18:56:40] [93/459] GCBA
[18:56:41] [94/459] GTCP
[18:56:43] [95/459] AKFC
[18:56:44] [96/459] INCS
[18:56:44] [97/459] SMCK
[18:56:45] [98/459] BRUN
[18:56:46] 🔄 Identity reset
[18:56:46] 🔄 Identity rotated (every 10 requests)
[18:56:46] [99/459] RPPC
[18:56:47] [100/459] PAYD
[18:56:48] [101/459] SVVT
[18:56:49] [102/459] RNCC
[18:56:49] [103/459] PCRC
[18:56:50] [104/459] PMRM
[18:56:51] [105/459] CCRP
[18:56:52] [106/459] INCR
[18:56:53] [107/459] ZTMP
[18:56:54] [108/459] MCNR
[18:56:55] 🔄 Identity reset
[18:56:55] 🔄 Identity rotated (every 10 requests)
[18:56:56] [109/459] INRP
[18:56:57] [110/459] STRC
[18:56:58] [111/459] RATI
[18:56:59] [112/459] PBTR
[18:57:00] [113/459] CMHP
[18:57:01] [114/459] ZECJ
[18:57:02] [115/459] CCCB
[18:57:03] [116/459] BWCB
[18:57:05] [117/459] CCAT
[18:57:06] [118/459] KGCM
[18:57:06] 🔄 Identity reset
[18:57:06] 🔄 Identity rotated (every 10 requests)
[18:57:07] [119/459] INPT
[18:57:08] [120/459] FNCO
[18:57:09] [121/459] SRMJ
[18:57:10] [122/459] PFSC
[18:57:11] [123/459] PBMC
[18:57:12] [124/459] KARP
[18:57:13] [125/459] KOVI
[18:57:14] [126/459] ACXL
[18:57:15] [127/459] GKCC
[18:57:16] [128/459] ASCC
[18:57:17] 🔄 Identity reset
[18:57:17] 🔄 Identity rotated (every 10 requests)
[18:57:17] [129/459] SETC
[18:57:18] [130/459] KACC
[18:57:19] [131/459] KAVE
[18:57:20] [132/459] CNTC
[18:57:21] [133/459] MEEN
[18:57:22] [134/459] BMRV
[18:57:23] [135/459] SVAM
[18:57:23] [136/459] VTBP
[18:57:24] [137/459] VCKN
[18:57:25] [138/459] SGTK
[18:57:26] 🔄 Identity reset
[18:57:26] 🔄 Identity rotated (every 10 requests)
[18:57:26] 🔄 Retry 1/5 for SGTK in 2.3s
[18:57:26] 🔄 Identity reset
[18:57:28] 🧠 New identity created
[18:57:28] [139/459] RCGS
[18:57:29] [140/459] RCCB
[18:57:30] [141/459] RKSR
[18:57:31] [142/459] RKCU
[18:57:32] [143/459] GIBH
[18:57:33] [144/459] CXBS
[18:57:34] [145/459] GGCB
[18:57:35] [146/459] SCPB
[18:57:36] [147/459] AKTB
[18:57:37] 🔄 Identity reset
[18:57:37] 🔄 Identity rotated (every 10 requests)
[18:57:37] [148/459] SRBU
[18:57:38] [149/459] CSSA
[18:57:39] [150/459] MYAN
[18:57:40] [151/459] EXCA
[18:57:41] [152/459] CKSA
[18:57:42] [153/459] JTNM
[18:57:42] [154/459] CXKT
[18:57:44] [155/459] NCLM
[18:57:45] [156/459] JAAD
[18:57:47] [157/459] RDCR
[18:57:47] 🔄 Identity reset
[18:57:47] 🔄 Identity rotated (every 10 requests)
[18:57:47] [158/459] MEER
[18:57:48] [159/459] SIBT
[18:57:49] [160/459] PVVB
[18:57:50] [161/459] FNPN
[18:57:51] [162/459] CRPX
[18:57:52] [163/459] STET
[18:57:53] [164/459] METE
[18:57:54] [165/459] BJML
[18:57:55] [166/459] MAVT
[18:57:56] [167/459] MSRM
[18:57:56] 🔄 Identity reset
[18:57:56] 🔄 Identity rotated (every 10 requests)
[18:57:57] [168/459] TJMP
[18:57:58] [169/459] MHCK
[18:57:59] [170/459] SVGP
[18:58:01] [171/459] KRRC
[18:58:02] [172/459] IMCH
[18:58:03] [173/459] CMCS
[18:58:03] [174/459] SGND
[18:58:04] [175/459] RNAT
[18:58:06] [176/459] PRTN
[18:58:07] [177/459] MPTN
[18:58:07] 🔄 Identity reset
[18:58:07] 🔄 Identity rotated (every 10 requests)
[18:58:07] [178/459] ARCC
[18:58:08] [179/459] NTTE
[18:58:09] [180/459] ABND
[18:58:10] [181/459] KCSN
[18:58:11] [182/459] KCSA
[18:58:12] [183/459] DCKT
[18:58:13] [184/459] MBBR
[18:58:14] [185/459] RAMU
[18:58:15] [186/459] RACW
[18:58:16] [187/459] MCHP
[18:58:16] 🔄 Identity reset
[18:58:16] 🔄 Identity rotated (every 10 requests)
[18:58:17] [188/459] TMHM
[18:58:18] [189/459] STXH
[18:58:19] [190/459] AGSG
[18:58:20] [191/459] SIRA
[18:58:21] [192/459] RCAN
[18:58:21] [193/459] CWTB
[18:58:22] [194/459] VTYM
[18:58:23] [195/459] RRPP
[18:58:24] [196/459] ASMR
[18:58:25] [197/459] RONO
[18:58:25] 🔄 Identity reset
[18:58:25] 🔄 Identity rotated (every 10 requests)
[18:58:26] [198/459] MEMR
[18:58:27] [199/459] CTMR
[18:58:27] [200/459] PMTT
[18:58:28] [201/459] PSLX
[18:58:29] [202/459] IPPL
[18:58:31] [203/459] MMSG
[18:58:32] [204/459] INEL
[18:58:33] [205/459] COAC
[18:58:34] [206/459] WVLK
[18:58:35] [207/459] PPXL
[18:58:35] 🔄 Identity reset
[18:58:35] 🔄 Identity rotated (every 10 requests)
[18:58:36] [208/459] PSML
[18:58:37] [209/459] FNLK
[18:58:37] [210/459] ILUM
[18:58:38] [211/459] ILCM
[18:58:39] [212/459] MSNL
[18:58:40] [213/459] VINB
[18:58:41] [214/459] SALW
[18:58:43] [215/459] PRTB
[18:58:44] [216/459] NCIL
[18:58:45] [217/459] PSUL
[18:58:45] 🔄 Identity reset
[18:58:45] 🔄 Identity rotated (every 10 requests)
[18:58:45] [218/459] SCLK
[18:58:46] [219/459] ADDC
[18:58:47] [220/459] OACL
[18:58:48] [221/459] OOCF
[18:58:49] [222/459] GPMF
[18:58:51] [223/459] SSDG
[18:58:52] [224/459] SKRS
[18:58:53] [225/459] NTTP
[18:58:54] [226/459] SLTP
[18:58:54] [227/459] JTLC
[18:58:55] 🔄 Identity reset
[18:58:55] 🔄 Identity rotated (every 10 requests)
[18:58:55] [228/459] POON
[18:58:56] [229/459] CCPC
[18:58:57] [230/459] DCKC
[18:58:58] [231/459] CPRT
[18:58:59] [232/459] EYHZ
[18:59:00] [233/459] ARBL
[18:59:01] [234/459] SBTB
[18:59:02] [235/459] MMCK
[18:59:03] [236/459] PLMR
[18:59:04] [237/459] BIJH
[18:59:05] 🔄 Identity reset
[18:59:05] 🔄 Identity rotated (every 10 requests)
[18:59:05] [238/459] SDRT
[18:59:06] [239/459] PRDC
[18:59:07] [240/459] OMJA
[18:59:08] [241/459] VKCR
[18:59:09] [242/459] ATRT
[18:59:10] [243/459] WVRP
[18:59:11] [244/459] MVRP
[18:59:13] [245/459] FCAX
[18:59:13] [246/459] CTLC
[18:59:14] [247/459] JCHB
[18:59:15] 🔄 Identity reset
[18:59:15] 🔄 Identity rotated (every 10 requests)
[18:59:15] [248/459] SELP
[18:59:16] [249/459] VCPG
[18:59:17] [250/459] ASCX
[18:59:18] [251/459] EOCS
[18:59:19] [252/459] RCPH
[18:59:20] [253/459] RJTM
[18:59:20] [254/459] SGMD
[18:59:21] [255/459] SVJT
[18:59:23] [256/459] SPPO
[18:59:24] [257/459] MNRL
[18:59:25] 🔄 Identity reset
[18:59:25] 🔄 Identity rotated (every 10 requests)
[18:59:25] [258/459] KNOX
[18:59:26] [259/459] GIER
[18:59:26] [260/459] PJMS
[18:59:28] [261/459] UNSP
[18:59:29] [262/459] JETP
[18:59:31] [263/459] VTWA
[18:59:31] [264/459] SCJI
[18:59:32] [265/459] CBZZ
[18:59:33] [266/459] SDCJ
[18:59:34] [267/459] RRCC
[18:59:35] 🔄 Identity reset
[18:59:35] 🔄 Identity rotated (every 10 requests)
[18:59:35] [268/459] VNKG
[18:59:36] [269/459] LKTO
[18:59:37] [270/459] PJRM
[18:59:38] [271/459] NVRM
[18:59:39] [272/459] SJCS
[18:59:39] [273/459] VIGK
[18:59:40] [274/459] ANST
[18:59:41] [275/459] JTTS
[18:59:42] [276/459] NTST
[18:59:43] [277/459] PREB
[18:59:43] 🔄 Identity reset
[18:59:43] 🔄 Identity rotated (every 10 requests)
[18:59:44] [278/459] TSCZ
[18:59:45] [279/459] CDCM
[18:59:46] [280/459] ELYE
[18:59:47] [281/459] INBS
[18:59:48] [282/459] SMGC
[18:59:49] [283/459] UTMP
[18:59:50] [284/459] INTA
[18:59:51] [285/459] OMPT
[18:59:52] [286/459] SCIR
[18:59:53] [287/459] GCKJ
[18:59:54] 🔄 Identity reset
[18:59:54] 🔄 Identity rotated (every 10 requests)
[18:59:55] [288/459] INOG
[18:59:57] [289/459] SMGB
[18:59:58] [290/459] MCSG
[18:59:59] [291/459] STKG
[19:00:00] [292/459] TTKG
[19:00:01] [293/459] SRTR
[19:00:02] [294/459] ETTR
[19:00:03] [295/459] GGGZ
[19:00:04] [296/459] IPGM
[19:00:05] [297/459] FCDH
[19:00:05] 🔄 Identity reset
[19:00:05] 🔄 Identity rotated (every 10 requests)
[19:00:07] [298/459] DESB
[19:00:08] [299/459] VNTP
[19:00:09] [300/459] ANNT
[19:00:10] [301/459] SLTI
[19:00:10] [302/459] MAJU
[19:00:11] [303/459] JCXP
[19:00:12] [304/459] HARK
[19:00:13] [305/459] JPCJ
[19:00:14] [306/459] RXBD
[19:00:15] [307/459] PTKJ
[19:00:16] 🔄 Identity reset
[19:00:16] 🔄 Identity rotated (every 10 requests)
[19:00:16] [308/459] CMTU
[19:00:17] [309/459] SWOR
[19:00:18] [310/459] JMEX
[19:00:19] [311/459] DTPT
[19:00:20] [312/459] VGMM
[19:00:21] [313/459] VCSG
[19:00:22] [314/459] CVCG
[19:00:22] [315/459] TNTT
[19:00:23] [316/459] SHRM
[19:00:24] [317/459] CGKD
[19:00:25] 🔄 Identity reset
[19:00:25] 🔄 Identity rotated (every 10 requests)
[19:00:25] 🔄 Retry 1/5 for CGKD in 2.9s
[19:00:25] 🔄 Identity reset
[19:00:28] 🧠 New identity created
[19:00:29] [318/459] EKCM
[19:00:30] [319/459] SDCX
[19:00:31] [320/459] SBTE
[19:00:31] [321/459] STKJ
[19:00:32] [322/459] TPCE
[19:00:33] [323/459] JTNP
[19:00:34] [324/459] LPCH
[19:00:35] [325/459] CPUO
[19:00:36] [326/459] APSU
[19:00:36] 🔄 Identity reset
[19:00:37] 🔄 Identity rotated (every 10 requests)
[19:00:37] [327/459] RTHC
[19:00:38] [328/459] PTBU
[19:00:39] [329/459] CUCC
[19:00:40] [330/459] CPSA
[19:00:41] [331/459] SUAY
[19:00:42] [332/459] AYAA
[19:00:43] [333/459] MUCH
[19:00:45] [334/459] PCIN
[19:00:46] [335/459] JRRM
[19:00:46] [336/459] KATS
[19:00:47] 🔄 Identity reset
[19:00:47] 🔄 Identity rotated (every 10 requests)
[19:00:47] [337/459] MHFF
[19:00:48] [338/459] ESYM
[19:00:49] [339/459] STYV
[19:00:50] [340/459] SDKG
[19:00:52] [341/459] SMTI
[19:00:53] [342/459] NYCS
[19:00:54] [343/459] MTBG
[19:00:54] [344/459] RHCA
[19:00:55] [345/459] PCKH
[19:00:56] [346/459] ARCR
[19:00:57] 🔄 Identity reset
[19:00:57] 🔄 Identity rotated (every 10 requests)
[19:00:57] [347/459] NCMB
[19:00:58] [348/459] SHYC
[19:00:59] [349/459] LACK
[19:01:00] [350/459] MTCM
[19:01:01] [351/459] RRBN
[19:01:01] [352/459] MYDC
[19:01:02] [353/459] STCS
[19:01:03] [354/459] CONN
[19:01:04] [355/459] SIPS
[19:01:05] [356/459] SMMX
[19:01:05] 🔄 Identity reset
[19:01:05] 🔄 Identity rotated (every 10 requests)
[19:01:06] [357/459] SCBY
[19:01:08] [358/459] SUAP
[19:01:09] [359/459] RSMK
[19:01:10] [360/459] STKP
[19:01:11] [361/459] CIPC
[19:01:13] [362/459] KKCI
[19:01:13] [363/459] CTNK
[19:01:14] [364/459] MMTZ
[19:01:15] [365/459] DCCO
[19:01:16] [366/459] VNMN
[19:01:17] 🔄 Identity reset
[19:01:17] 🔄 Identity rotated (every 10 requests)
[19:01:17] 🔄 Retry 1/5 for VNMN in 2.6s
[19:01:17] 🔄 Identity reset
[19:01:19] 🧠 New identity created
[19:01:20] [367/459] RLCN
[19:01:21] [368/459] CMMS
[19:01:21] [369/459] AYOU
[19:01:22] [370/459] SSCN
[19:01:23] [371/459] SMXN
[19:01:24] [372/459] ASSK
[19:01:25] [373/459] VCKM
[19:01:26] [374/459] PCPH
[19:01:26] [375/459] PADM
[19:01:27] 🔄 Identity reset
[19:01:27] 🔄 Identity rotated (every 10 requests)
[19:01:27] [376/459] IESA
[19:01:28] [377/459] VCSP
[19:01:29] [378/459] AEST
[19:01:30] [379/459] VTNR
[19:01:31] [380/459] GTTA
[19:01:33] [381/459] CMMM
[19:01:34] [382/459] AHKT
[19:01:35] [383/459] SIJI
[19:01:35] [384/459] VCEI
[19:01:36] [385/459] SAKR
[19:01:37] 🔄 Identity reset
[19:01:37] 🔄 Identity rotated (every 10 requests)
[19:01:37] [386/459] VSMT
[19:01:38] [387/459] SSCT
[19:01:39] [388/459] USTR
[19:01:41] [389/459] MTKT
[19:01:42] [390/459] TGMP
[19:01:43] [391/459] SIVC
[19:01:44] [392/459] KICT
[19:01:45] [393/459] DAMD
[19:01:46] [394/459] CNPT
[19:01:48] [395/459] RVTT
[19:01:49] 🔄 Identity reset
[19:01:49] 🔄 Identity rotated (every 10 requests)
[19:01:50] [396/459] SNCM
[19:01:51] [397/459] GHTE
[19:01:52] [398/459] PPAM
[19:01:53] [399/459] PVAA
[19:01:54] [400/459] CPAO
[19:01:55] [401/459] HAMD
[19:01:56] [402/459] RCCA
[19:01:57] [403/459] MPCH
[19:01:58] [404/459] ARED
[19:01:59] [405/459] RRCV
[19:01:59] 🔄 Identity reset
[19:01:59] 🔄 Identity rotated (every 10 requests)
[19:02:00] [406/459] MTRB
[19:02:01] [407/459] CKUA
[19:02:02] [408/459] ABMP
[19:02:03] [409/459] RCWA
[19:02:03] [410/459] CGAR
[19:02:05] [411/459] METH
[19:02:07] [412/459] WAGA
[19:02:08] [413/459] MCMA
[19:02:09] [414/459] CSMP
[19:02:10] [415/459] RCNK
[19:02:11] 🔄 Identity reset
[19:02:11] 🔄 Identity rotated (every 10 requests)
[19:02:11] [416/459] PSTM
[19:02:12] [417/459] CSEP
[19:02:13] [418/459] AMGD
[19:02:14] [419/459] CSTE
[19:02:15] [420/459] CONS
[19:02:16] [421/459] APPX
[19:02:17] [422/459] MABC
[19:02:18] [423/459] CXST
[19:02:19] [424/459] MATN
[19:02:20] [425/459] MACZ
[19:02:21] 🔄 Identity reset
[19:02:21] 🔄 Identity rotated (every 10 requests)
[19:02:21] [426/459] MASA
[19:02:22] [427/459] MBSX
[19:02:23] [428/459] CSST
[19:02:24] [429/459] APCL
[19:02:25] [430/459] CGOS
[19:02:25] [431/459] CPEC
[19:02:26] [432/459] MCCP
[19:02:27] [433/459] BSSO
[19:02:28] [434/459] SJKA
[19:02:29] [435/459] CGBO
[19:02:30] 🔄 Identity reset
[19:02:30] 🔄 Identity rotated (every 10 requests)
[19:02:30] [436/459] MVSK
[19:02:31] [437/459] HVCA
[19:02:32] [438/459] NAMD
[19:02:34] [439/459] DEVI
[19:02:34] [440/459] SCSV
[19:02:35] [441/459] PSMA
[19:02:37] [442/459] CLDJ
[19:02:38] [443/459] NMAD
[19:02:39] [444/459] CGMO
[19:02:40] [445/459] MCNA
[19:02:40] 🔄 Identity reset
[19:02:40] 🔄 Identity rotated (every 10 requests)
[19:02:41] [446/459] OCBN
[19:02:42] [447/459] CPEM
[19:02:43] [448/459] CPSM
[19:02:43] [449/459] RCAD
[19:02:44] [450/459] CPMU
[19:02:45] [451/459] DICD
[19:02:46] [452/459] CHOE
[19:02:47] [453/459] PDJM
[19:02:48] [454/459] SSTU
[19:02:49] [455/459] VNRN
[19:02:49] 🔄 Identity reset
[19:02:49] 🔄 Identity rotated (every 10 requests)
[19:02:50] [456/459] PVLG
[19:02:51] [457/459] SWBL
[19:02:51] [458/459] SCAB
[19:02:52] [459/459] RDDA
[19:02:53] 🧹 Deduping shows
[19:02:53] ✅ DONE | Shows=540 | Movies=9
[10:27:28] 🚀 SCRIPT STARTED
[10:27:28] [1/459] MCCZ
[10:27:28] 🧠 New identity created
[10:27:30] [2/459] FRPU
[10:27:31] [3/459] SKSI
[10:27:32] [4/459] SSCK
[10:27:33] [5/459] SRDC
[10:27:34] [6/459] RSCZ
[10:27:35] [7/459] PRVT
[10:27:36] [8/459] GAGJ
[10:27:37] [9/459] SMHG
[10:27:38] [10/459] JTST
[10:27:38] 🔄 Identity reset
[10:27:38] 🔄 Identity rotated (every 10 requests)
[10:27:39] [11/459] MYTH
[10:27:41] [12/459] JPCC
[10:27:42] [13/459] ACDC
[10:27:43] [14/459] SVFP
[10:27:45] [15/459] SFCM
[10:27:46] [16/459] RUPK
[10:27:47] [17/459] NTCR
[10:27:47] [18/459] RTCH
[10:27:48] [19/459] SCMH
[10:27:51] [20/459] SVYM
[10:27:51] 🔄 Identity reset
[10:27:51] 🔄 Identity rotated (every 10 requests)
[10:27:52] [21/459] SPYM
[10:27:53] [22/459] SMMF
[10:27:54] [23/459] CLLB
[10:27:56] [24/459] FMCB
[10:27:57] [25/459] BBTC
[10:28:00] [26/459] NTHS
[10:28:01] [27/459] PKKJ
[10:28:02] [28/459] MTJA
[10:28:02] [29/459] PMSJ
[10:28:04] [30/459] JMJU
[10:28:04] 🔄 Identity reset
[10:28:04] 🔄 Identity rotated (every 10 requests)
[10:28:05] [31/459] SRAD
[10:28:06] [32/459] MJMC
[10:28:07] [33/459] DFRM
[10:28:08] [34/459] PMRS
[10:28:10] [35/459] RKPP
[10:28:12] [36/459] BMBK
[10:28:12] [37/459] NEWS
[10:28:13] [38/459] SALB
[10:28:14] [39/459] SCPW
[10:28:15] [40/459] RAYL
[10:28:15] 🔄 Identity reset
[10:28:15] 🔄 Identity rotated (every 10 requests)
[10:28:17] [41/459] CMGJ
[10:28:18] [42/459] JRCR
[10:28:19] [43/459] SRTB
[10:28:20] [44/459] ETPB
[10:28:21] [45/459] MXBN
[10:28:22] [46/459] TOPE
[10:28:23] [47/459] SNLJ
[10:28:24] [48/459] CDDP
[10:28:25] [49/459] APCX
[10:28:26] [50/459] TALP
[10:28:26] 🔄 Identity reset
[10:28:26] 🔄 Identity rotated (every 10 requests)
[10:28:27] [51/459] RRMP
[10:28:28] [52/459] MAHB
[10:28:29] [53/459] MTKR
[10:28:29] [54/459] KSKL
[10:28:31] [55/459] RJLT
[10:28:31] [56/459] ATAS
[10:28:33] [57/459] AMHR
[10:28:33] [58/459] RSRM
[10:28:35] [59/459] GCAT
[10:28:36] [60/459] SMML
[10:28:36] 🔄 Identity reset
[10:28:36] 🔄 Identity rotated (every 10 requests)
[10:28:37] [61/459] ACCD
[10:28:37] [62/459] VYDA
[10:28:39] [63/459] MSKT
[10:28:40] [64/459] AVDM
[10:28:41] [65/459] ASMH
[10:28:42] [66/459] VTMB
[10:28:42] [67/459] WVMB
[10:28:43] [68/459] PPMN
[10:28:44] [69/459] MTMD
[10:28:45] [70/459] SMMO
[10:28:45] 🔄 Identity reset
[10:28:45] 🔄 Identity rotated (every 10 requests)
[10:28:45] 🔄 Retry 1/5 for SMMO in 2.2s
[10:28:45] 🔄 Identity reset
[10:28:48] 🧠 New identity created
[10:28:48] 🔄 Retry 2/5 for SMMO in 4.2s
[10:28:48] 🔄 Identity reset
[10:28:52] 🧠 New identity created
[10:28:53] [71/459] DLPB
[10:28:54] [72/459] AKMD
[10:28:55] [73/459] SHRR
[10:28:56] [74/459] ASCO
[10:28:56] [75/459] CZVX
[10:28:58] [76/459] GCBB
[10:29:00] [77/459] ATBM
[10:29:01] [78/459] TCGM
[10:29:01] 🔄 Identity reset
[10:29:01] 🔄 Identity rotated (every 10 requests)
[10:29:02] [79/459] UMSE
[10:29:03] [80/459] NKCL
[10:29:04] [81/459] BTLR
[10:29:05] [82/459] GOCL
[10:29:06] [83/459] MIRN
[10:29:07] [84/459] THEC
[10:29:08] [85/459] SPPB
[10:29:08] [86/459] PMMM
[10:29:10] [87/459] GGMC
[10:29:11] [88/459] AVSR
[10:29:11] 🔄 Identity reset
[10:29:11] 🔄 Identity rotated (every 10 requests)
[10:29:12] [89/459] RDMH
[10:29:14] [90/459] JSRS
[10:29:15] [91/459] VKGP
[10:29:17] [92/459] ACRT
[10:29:18] [93/459] GCBA
[10:29:19] [94/459] GTCP
[10:29:20] [95/459] AKFC
[10:29:21] [96/459] INCS
[10:29:23] [97/459] SMCK
[10:29:24] [98/459] BRUN
[10:29:24] 🔄 Identity reset
[10:29:25] 🔄 Identity rotated (every 10 requests)
[10:29:25] 🔄 Retry 1/5 for BRUN in 2.5s
[10:29:25] 🔄 Identity reset
[10:29:27] 🧠 New identity created
[10:29:28] [99/459] RPPC
[10:29:29] [100/459] PAYD
[10:29:30] [101/459] SVVT
[10:29:32] [102/459] RNCC
[10:29:33] [103/459] PCRC
[10:29:35] [104/459] PMRM
[10:29:37] [105/459] CCRP
[10:29:38] [106/459] INCR
[10:29:39] [107/459] ZTMP
[10:29:39] 🔄 Identity reset
[10:29:39] 🔄 Identity rotated (every 10 requests)
[10:29:39] 🔄 Retry 1/5 for ZTMP in 2.5s
[10:29:39] 🔄 Identity reset
[10:29:42] 🧠 New identity created
[10:29:52] [108/459] MCNR
[10:29:53] [109/459] INRP
[10:29:54] [110/459] STRC
[10:29:55] [111/459] RATI
[10:29:56] [112/459] PBTR
[10:29:58] [113/459] CMHP
[10:29:59] [114/459] ZECJ
[10:29:59] [115/459] CCCB
[10:30:00] [116/459] BWCB
[10:30:00] 🔄 Identity reset
[10:30:00] 🔄 Identity rotated (every 10 requests)
[10:30:02] [117/459] CCAT
[10:30:03] [118/459] KGCM
[10:30:04] [119/459] INPT
[10:30:05] [120/459] FNCO
[10:30:13] [121/459] SRMJ
[10:30:14] [122/459] PFSC
[10:30:15] [123/459] PBMC
[10:30:17] [124/459] KARP
[10:30:18] [125/459] KOVI
[10:30:18] [126/459] ACXL
[10:30:18] 🔄 Identity reset
[10:30:19] 🔄 Identity rotated (every 10 requests)
[10:30:19] [127/459] GKCC
[10:30:20] [128/459] ASCC
[10:30:21] [129/459] SETC
[10:30:22] [130/459] KACC
[10:30:23] [131/459] KAVE
[10:30:24] [132/459] CNTC
[10:30:25] [133/459] MEEN
[10:30:26] [134/459] BMRV
[10:30:27] [135/459] SVAM
[10:30:28] [136/459] VTBP
[10:30:28] 🔄 Identity reset
[10:30:28] 🔄 Identity rotated (every 10 requests)
[10:30:29] [137/459] VCKN
[10:30:30] [138/459] SGTK
[10:30:31] [139/459] RCGS
[10:30:33] [140/459] RCCB
[10:30:33] [141/459] RKSR
[10:30:34] [142/459] RKCU
[10:30:36] [143/459] GIBH
[10:30:37] [144/459] CXBS
[10:30:38] [145/459] GGCB
[10:30:39] [146/459] SCPB
[10:30:39] 🔄 Identity reset
[10:30:39] 🔄 Identity rotated (every 10 requests)
[10:30:40] [147/459] AKTB
[10:30:41] [148/459] SRBU
[10:30:42] [149/459] CSSA
[10:30:43] [150/459] MYAN
[10:30:44] [151/459] EXCA
[10:30:45] [152/459] CKSA
[10:30:46] [153/459] JTNM
[10:30:47] [154/459] CXKT
[10:30:48] [155/459] NCLM
[10:30:49] [156/459] JAAD
[10:30:49] 🔄 Identity reset
[10:30:49] 🔄 Identity rotated (every 10 requests)
[10:30:50] [157/459] RDCR
[10:30:51] [158/459] MEER
[10:30:52] [159/459] SIBT
[10:30:53] [160/459] PVVB
[10:30:54] [161/459] FNPN
[10:30:55] [162/459] CRPX
[10:30:57] [163/459] STET
[10:30:59] [164/459] METE
[10:31:00] [165/459] BJML
[10:31:01] [166/459] MAVT
[10:31:01] 🔄 Identity reset
[10:31:01] 🔄 Identity rotated (every 10 requests)
[10:31:03] [167/459] MSRM
[10:31:03] [168/459] TJMP
[10:31:05] [169/459] MHCK
[10:31:06] [170/459] SVGP
[10:31:08] [171/459] KRRC
[10:31:08] [172/459] IMCH
[10:31:10] [173/459] CMCS
[10:31:11] [174/459] SGND
[10:31:12] [175/459] RNAT
[10:31:13] [176/459] PRTN
[10:31:13] 🔄 Identity reset
[10:31:13] 🔄 Identity rotated (every 10 requests)
[10:31:14] [177/459] MPTN
[10:31:15] [178/459] ARCC
[10:31:16] [179/459] NTTE
[10:31:18] [180/459] ABND
[10:31:19] [181/459] KCSN
[10:31:21] [182/459] KCSA
[10:31:22] [183/459] DCKT
[10:31:22] [184/459] MBBR
[10:31:24] [185/459] RAMU
[10:31:24] [186/459] RACW
[10:31:24] 🔄 Identity reset
[10:31:24] 🔄 Identity rotated (every 10 requests)
[10:31:25] [187/459] MCHP
[10:31:26] [188/459] TMHM
[10:31:27] [189/459] STXH
[10:31:28] [190/459] AGSG
[10:31:30] [191/459] SIRA
[10:31:31] [192/459] RCAN
[10:31:32] [193/459] CWTB
[10:31:33] [194/459] VTYM
[10:31:34] [195/459] RRPP
[10:31:36] [196/459] ASMR
[10:31:36] 🔄 Identity reset
[10:31:36] 🔄 Identity rotated (every 10 requests)
[10:31:37] [197/459] RONO
[10:31:38] [198/459] MEMR
[10:31:39] [199/459] CTMR
[10:31:41] [200/459] PMTT
[10:31:42] [201/459] PSLX
[10:31:43] [202/459] IPPL
[10:31:44] [203/459] MMSG
[10:31:53] [204/459] INEL
[10:31:54] [205/459] COAC
[10:31:55] [206/459] WVLK
[10:31:55] 🔄 Identity reset
[10:31:55] 🔄 Identity rotated (every 10 requests)
[10:31:56] [207/459] PPXL
[10:31:57] [208/459] PSML
[10:31:58] [209/459] FNLK
[10:31:59] [210/459] ILUM
[10:32:00] [211/459] ILCM
[10:32:02] [212/459] MSNL
[10:32:03] [213/459] VINB
[10:32:03] [214/459] SALW
[10:32:04] [215/459] PRTB
[10:32:05] [216/459] NCIL
[10:32:05] 🔄 Identity reset
[10:32:05] 🔄 Identity rotated (every 10 requests)
[10:32:06] [217/459] PSUL
[10:32:07] [218/459] SCLK
[10:32:08] [219/459] ADDC
[10:32:09] [220/459] OACL
[10:32:10] [221/459] OOCF
[10:32:11] [222/459] GPMF
[10:32:13] [223/459] SSDG
[10:32:14] [224/459] SKRS
[10:32:15] [225/459] NTTP
[10:32:17] [226/459] SLTP
[10:32:17] 🔄 Identity reset
[10:32:17] 🔄 Identity rotated (every 10 requests)
[10:32:17] [227/459] JTLC
[10:32:19] [228/459] POON
[10:32:20] [229/459] CCPC
[10:32:21] [230/459] DCKC
[10:32:23] [231/459] CPRT
[10:32:23] [232/459] EYHZ
[10:32:28] [233/459] ARBL
[10:32:29] [234/459] SBTB
[10:32:30] [235/459] MMCK
[10:32:31] [236/459] PLMR
[10:32:31] 🔄 Identity reset
[10:32:31] 🔄 Identity rotated (every 10 requests)
[10:32:32] [237/459] BIJH
[10:32:33] [238/459] SDRT
[10:32:34] [239/459] PRDC
[10:32:35] [240/459] OMJA
[10:32:36] [241/459] VKCR
[10:32:37] [242/459] ATRT
[10:32:38] [243/459] WVRP
[10:32:44] [244/459] MVRP
[10:32:45] [245/459] FCAX
[10:32:46] [246/459] CTLC
[10:32:46] 🔄 Identity reset
[10:32:46] 🔄 Identity rotated (every 10 requests)
[10:32:48] [247/459] JCHB
[10:32:49] [248/459] SELP
[10:32:49] [249/459] VCPG
[10:32:50] [250/459] ASCX
[10:32:52] [251/459] EOCS
[10:32:53] [252/459] RCPH
[10:32:54] [253/459] RJTM
[10:32:55] [254/459] SGMD
[10:32:56] [255/459] SVJT
[10:32:57] [256/459] SPPO
[10:32:57] 🔄 Identity reset
[10:32:57] 🔄 Identity rotated (every 10 requests)
[10:32:59] [257/459] MNRL
[10:33:00] [258/459] KNOX
[10:33:01] [259/459] GIER
[10:33:02] [260/459] PJMS
[10:33:03] [261/459] UNSP
[10:33:03] [262/459] JETP
[10:33:05] [263/459] VTWA
[10:33:07] [264/459] SCJI
[10:33:08] [265/459] CBZZ
[10:33:09] [266/459] SDCJ
[10:33:09] 🔄 Identity reset
[10:33:09] 🔄 Identity rotated (every 10 requests)
[10:33:10] [267/459] RRCC
[10:33:11] [268/459] VNKG
[10:33:12] [269/459] LKTO
[10:33:13] [270/459] PJRM
[10:33:14] [271/459] NVRM
[10:33:15] [272/459] SJCS
[10:33:16] [273/459] VIGK
[10:33:20] [274/459] ANST
[10:33:21] [275/459] JTTS
[10:33:22] [276/459] NTST
[10:33:22] 🔄 Identity reset
[10:33:22] 🔄 Identity rotated (every 10 requests)
[10:33:23] [277/459] PREB
[10:33:24] [278/459] TSCZ
[10:33:25] [279/459] CDCM
[10:33:26] [280/459] ELYE
[10:33:27] [281/459] INBS
[10:33:29] [282/459] SMGC
[10:33:30] [283/459] UTMP
[10:33:32] [284/459] INTA
[10:33:33] [285/459] OMPT
[10:33:33] [286/459] SCIR
[10:33:33] 🔄 Identity reset
[10:33:34] 🔄 Identity rotated (every 10 requests)
[10:33:35] [287/459] GCKJ
[10:33:36] [288/459] INOG
[10:33:37] [289/459] SMGB
[10:33:38] [290/459] MCSG
[10:33:39] [291/459] STKG
[10:33:40] [292/459] TTKG
[10:33:41] [293/459] SRTR
[10:33:42] [294/459] ETTR
[10:33:43] [295/459] GGGZ
[10:33:47] [296/459] IPGM
[10:33:47] 🔄 Identity reset
[10:33:47] 🔄 Identity rotated (every 10 requests)
[10:33:48] [297/459] FCDH
[10:33:49] [298/459] DESB
[10:33:50] [299/459] VNTP
[10:33:51] [300/459] ANNT
[10:33:52] [301/459] SLTI
[10:33:53] [302/459] MAJU
[10:33:54] [303/459] JCXP
[10:33:55] [304/459] HARK
[10:33:58] [305/459] JPCJ
[10:33:59] [306/459] RXBD
[10:33:59] 🔄 Identity reset
[10:33:59] 🔄 Identity rotated (every 10 requests)
[10:34:00] [307/459] PTKJ
[10:34:01] [308/459] CMTU
[10:34:03] [309/459] SWOR
[10:34:04] [310/459] JMEX
[10:34:05] [311/459] DTPT
[10:34:06] [312/459] VGMM
[10:34:07] [313/459] VCSG
[10:34:08] [314/459] CVCG
[10:34:10] [315/459] TNTT
[10:34:11] [316/459] SHRM
[10:34:11] 🔄 Identity reset
[10:34:11] 🔄 Identity rotated (every 10 requests)
[10:34:12] [317/459] CGKD
[10:34:15] [318/459] EKCM
[10:34:16] [319/459] SDCX
[10:34:18] [320/459] SBTE
[10:34:19] [321/459] STKJ
[10:34:21] [322/459] TPCE
[10:34:22] [323/459] JTNP
[10:34:23] [324/459] LPCH
[10:34:24] [325/459] CPUO
[10:34:25] [326/459] APSU
[10:34:25] 🔄 Identity reset
[10:34:25] 🔄 Identity rotated (every 10 requests)
[10:34:26] [327/459] RTHC
[10:34:27] [328/459] PTBU
[10:34:28] [329/459] CUCC
[10:34:29] [330/459] CPSA
[10:34:30] [331/459] SUAY
[10:34:31] [332/459] AYAA
[10:34:32] [333/459] MUCH
[10:34:33] [334/459] PCIN
[10:34:34] [335/459] JRRM
[10:34:35] [336/459] KATS
[10:34:35] 🔄 Identity reset
[10:34:35] 🔄 Identity rotated (every 10 requests)
[10:34:36] [337/459] MHFF
[10:34:37] [338/459] ESYM
[10:34:38] [339/459] STYV
[10:34:39] [340/459] SDKG
[10:34:40] [341/459] SMTI
[10:34:41] [342/459] NYCS
[10:34:42] [343/459] MTBG
[10:34:43] [344/459] RHCA
[10:34:44] [345/459] PCKH
[10:34:45] [346/459] ARCR
[10:34:45] 🔄 Identity reset
[10:34:45] 🔄 Identity rotated (every 10 requests)
[10:34:46] [347/459] NCMB
[10:34:47] [348/459] SHYC
[10:34:48] [349/459] LACK
[10:34:49] [350/459] MTCM
[10:34:51] [351/459] RRBN
[10:34:51] [352/459] MYDC
[10:34:52] [353/459] STCS
[10:34:53] [354/459] CONN
[10:35:01] [355/459] SIPS
[10:35:02] [356/459] SMMX
[10:35:02] 🔄 Identity reset
[10:35:02] 🔄 Identity rotated (every 10 requests)
[10:35:03] [357/459] SCBY
[10:35:04] [358/459] SUAP
[10:35:05] [359/459] RSMK
[10:35:08] [360/459] STKP
[10:35:09] [361/459] CIPC
[10:35:10] [362/459] KKCI
[10:35:11] [363/459] CTNK
[10:35:12] [364/459] MMTZ
[10:35:13] [365/459] DCCO
[10:35:14] [366/459] VNMN
[10:35:14] 🔄 Identity reset
[10:35:14] 🔄 Identity rotated (every 10 requests)
[10:35:14] [367/459] RLCN
[10:35:15] [368/459] CMMS
[10:35:16] [369/459] AYOU
[10:35:17] [370/459] SSCN
[10:35:18] [371/459] SMXN
[10:35:20] [372/459] ASSK
[10:35:21] [373/459] VCKM
[10:35:22] [374/459] PCPH
[10:35:23] [375/459] PADM
[10:35:24] [376/459] IESA
[10:35:24] 🔄 Identity reset
[10:35:24] 🔄 Identity rotated (every 10 requests)
[10:35:25] [377/459] VCSP
[10:35:26] [378/459] AEST
[10:35:27] [379/459] VTNR
[10:35:28] [380/459] GTTA
[10:35:29] [381/459] CMMM
[10:35:30] [382/459] AHKT
[10:35:31] [383/459] SIJI
[10:35:32] [384/459] VCEI
[10:35:33] [385/459] SAKR
[10:35:34] [386/459] VSMT
[10:35:34] 🔄 Identity reset
[10:35:34] 🔄 Identity rotated (every 10 requests)
[10:35:35] [387/459] SSCT
[10:35:37] [388/459] USTR
[10:35:38] [389/459] MTKT
[10:35:40] [390/459] TGMP
[10:35:40] [391/459] SIVC
[10:35:42] [392/459] KICT
[10:35:44] [393/459] DAMD
[10:35:44] [394/459] CNPT
[10:35:45] [395/459] RVTT
[10:35:47] [396/459] SNCM
[10:35:47] 🔄 Identity reset
[10:35:47] 🔄 Identity rotated (every 10 requests)
[10:35:48] [397/459] GHTE
[10:35:50] [398/459] PPAM
[10:35:51] [399/459] PVAA
[10:35:52] [400/459] CPAO
[10:35:52] [401/459] HAMD
[10:35:53] [402/459] RCCA
[10:35:54] [403/459] MPCH
[10:35:56] [404/459] ARED
[10:35:57] [405/459] RRCV
[10:35:58] [406/459] MTRB
[10:35:58] 🔄 Identity reset
[10:35:58] 🔄 Identity rotated (every 10 requests)
[10:35:58] 🔄 Retry 1/5 for MTRB in 2.3s
[10:35:58] 🔄 Identity reset
[10:36:00] 🧠 New identity created
[10:36:01] [407/459] CKUA
[10:36:02] [408/459] ABMP
[10:36:03] [409/459] RCWA
[10:36:04] [410/459] CGAR
[10:36:06] [411/459] METH
[10:36:07] [412/459] WAGA
[10:36:08] [413/459] MCMA
[10:36:09] [414/459] CSMP
[10:36:10] [415/459] RCNK
[10:36:10] 🔄 Identity reset
[10:36:10] 🔄 Identity rotated (every 10 requests)
[10:36:11] [416/459] PSTM
[10:36:12] [417/459] CSEP
[10:36:13] [418/459] AMGD
[10:36:14] [419/459] CSTE
[10:36:15] [420/459] CONS
[10:36:16] [421/459] APPX
[10:36:17] [422/459] MABC
[10:36:29] 🔄 Retry 1/5 for MABC in 2.4s
[10:36:29] 🔄 Identity reset
[10:36:32] 🧠 New identity created
[10:36:39] [423/459] CXST
[10:36:41] [424/459] MATN
[10:36:41] 🔄 Identity reset
[10:36:41] 🔄 Identity rotated (every 10 requests)
[10:36:42] [425/459] MACZ
[10:36:43] [426/459] MASA
[10:36:44] [427/459] MBSX
[10:36:46] [428/459] CSST
[10:36:47] [429/459] APCL
[10:36:48] [430/459] CGOS
[10:36:49] [431/459] CPEC
[10:36:50] [432/459] MCCP
[10:36:50] [433/459] BSSO
[10:36:51] [434/459] SJKA
[10:36:51] 🔄 Identity reset
[10:36:51] 🔄 Identity rotated (every 10 requests)
[10:36:53] [435/459] CGBO
[10:36:54] [436/459] MVSK
[10:37:06] 🔄 Retry 1/5 for MVSK in 2.7s
[10:37:06] 🔄 Identity reset
[10:37:09] 🧠 New identity created
[10:37:15] [437/459] HVCA
[10:37:16] [438/459] NAMD
[10:37:17] [439/459] DEVI
[10:37:18] [440/459] SCSV
[10:37:19] [441/459] PSMA
[10:37:20] [442/459] CLDJ
[10:37:21] [443/459] NMAD
[10:37:21] 🔄 Identity reset
[10:37:21] 🔄 Identity rotated (every 10 requests)
[10:37:22] [444/459] CGMO
[10:37:23] [445/459] MCNA
[10:37:24] [446/459] OCBN
[10:37:25] [447/459] CPEM
[10:37:26] [448/459] CPSM
[10:37:27] [449/459] RCAD
[10:37:28] [450/459] CPMU
[10:37:29] [451/459] DICD
[10:37:30] [452/459] CHOE
[10:37:31] [453/459] PDJM
[10:37:31] 🔄 Identity reset
[10:37:31] 🔄 Identity rotated (every 10 requests)
[10:37:32] [454/459] SSTU
[10:37:34] [455/459] VNRN
[10:37:35] [456/459] PVLG
[10:37:36] [457/459] SWBL
[10:37:37] [458/459] SCAB
[10:37:38] [459/459] RDDA
[10:37:39] 🧹 Deduping shows
[10:37:39] ✅ DONE | Shows=3522 | Movies=75
[17:05:46] 🚀 SCRIPT STARTED
[17:05:46] [1/459] MCCZ
[17:05:46] 🧠 New identity created
[17:05:47] [2/459] FRPU
[17:05:47] [3/459] SKSI
[17:05:48] [4/459] SSCK
[17:05:49] [5/459] SRDC
[17:05:51] [6/459] RSCZ
[17:05:52] [7/459] PRVT
[17:05:53] [8/459] GAGJ
[17:05:55] [9/459] SMHG
[17:05:56] [10/459] JTST
[17:05:56] 🔄 Identity reset
[17:05:56] 🔄 Identity rotated (every 10 requests)
[17:05:57] [11/459] MYTH
[17:05:58] [12/459] JPCC
[17:05:59] [13/459] ACDC
[17:06:00] [14/459] SVFP
[17:06:01] [15/459] SFCM
[17:06:02] [16/459] RUPK
[17:06:03] [17/459] NTCR
[17:06:04] [18/459] RTCH
[17:06:05] [19/459] SCMH
[17:06:06] [20/459] SVYM
[17:06:06] 🔄 Identity reset
[17:06:06] 🔄 Identity rotated (every 10 requests)
[17:06:07] [21/459] SPYM
[17:06:08] [22/459] SMMF
[17:06:10] [23/459] CLLB
[17:06:11] [24/459] FMCB
[17:06:11] [25/459] BBTC
[17:06:12] [26/459] NTHS
[17:06:13] [27/459] PKKJ
[17:06:15] [28/459] MTJA
[17:06:16] [29/459] PMSJ
[17:06:17] [30/459] JMJU
[17:06:17] 🔄 Identity reset
[17:06:17] 🔄 Identity rotated (every 10 requests)
[17:06:18] [31/459] SRAD
[17:06:19] [32/459] MJMC
[17:06:19] [33/459] DFRM
[17:06:20] [34/459] PMRS
[17:06:21] [35/459] RKPP
[17:06:22] [36/459] BMBK
[17:06:23] [37/459] NEWS
[17:06:25] [38/459] SALB
[17:06:26] [39/459] SCPW
[17:06:27] [40/459] RAYL
[17:06:27] 🔄 Identity reset
[17:06:27] 🔄 Identity rotated (every 10 requests)
[17:06:28] [41/459] CMGJ
[17:06:29] [42/459] JRCR
[17:06:30] [43/459] SRTB
[17:06:31] [44/459] ETPB
[17:06:32] [45/459] MXBN
[17:06:33] [46/459] TOPE
[17:06:34] [47/459] SNLJ
[17:06:35] [48/459] CDDP
[17:06:36] [49/459] APCX
[17:06:37] [50/459] TALP
[17:06:37] 🔄 Identity reset
[17:06:37] 🔄 Identity rotated (every 10 requests)
[17:06:38] [51/459] RRMP
[17:06:39] [52/459] MAHB
[17:06:40] [53/459] MTKR
[17:06:41] [54/459] KSKL
[17:06:42] [55/459] RJLT
[17:06:43] [56/459] ATAS
[17:06:44] [57/459] AMHR
[17:06:45] [58/459] RSRM
[17:06:46] [59/459] GCAT
[17:06:47] [60/459] SMML
[17:06:47] 🔄 Identity reset
[17:06:47] 🔄 Identity rotated (every 10 requests)
[17:06:47] [61/459] ACCD
[17:06:48] [62/459] VYDA
[17:06:49] [63/459] MSKT
[17:06:50] [64/459] AVDM
[17:06:51] [65/459] ASMH
[17:06:52] [66/459] VTMB
[17:06:53] [67/459] WVMB
[17:06:54] [68/459] PPMN
[17:06:55] [69/459] MTMD
[17:06:56] [70/459] SMMO
[17:06:56] 🔄 Identity reset
[17:06:56] 🔄 Identity rotated (every 10 requests)
[17:06:57] [71/459] DLPB
[17:06:59] [72/459] AKMD
[17:06:59] [73/459] SHRR
[17:07:00] [74/459] ASCO
[17:07:01] [75/459] CZVX
[17:07:03] [76/459] GCBB
[17:07:03] [77/459] ATBM
[17:07:04] [78/459] TCGM
[17:07:05] [79/459] UMSE
[17:07:06] [80/459] NKCL
[17:07:06] 🔄 Identity reset
[17:07:06] 🔄 Identity rotated (every 10 requests)
[17:07:07] [81/459] BTLR
[17:07:08] [82/459] GOCL
[17:07:08] [83/459] MIRN
[17:07:10] [84/459] THEC
[17:07:11] [85/459] SPPB
[17:07:12] [86/459] PMMM
[17:07:14] [87/459] GGMC
[17:07:14] [88/459] AVSR
[17:07:16] [89/459] RDMH
[17:07:17] [90/459] JSRS
[17:07:17] 🔄 Identity reset
[17:07:17] 🔄 Identity rotated (every 10 requests)
[17:07:18] [91/459] VKGP
[17:07:19] [92/459] ACRT
[17:07:20] [93/459] GCBA
[17:07:20] [94/459] GTCP
[17:07:21] [95/459] AKFC
[17:07:22] [96/459] INCS
[17:07:24] [97/459] SMCK
[17:07:25] [98/459] BRUN
[17:07:26] [99/459] RPPC
[17:07:27] [100/459] PAYD
[17:07:27] 🔄 Identity reset
[17:07:27] 🔄 Identity rotated (every 10 requests)
[17:07:29] [101/459] SVVT
[17:07:30] [102/459] RNCC
[17:07:31] [103/459] PCRC
[17:07:32] [104/459] PMRM
[17:07:33] [105/459] CCRP
[17:07:34] [106/459] INCR
[17:07:35] [107/459] ZTMP
[17:07:36] [108/459] MCNR
[17:07:37] [109/459] INRP
[17:07:37] [110/459] STRC
[17:07:37] 🔄 Identity reset
[17:07:37] 🔄 Identity rotated (every 10 requests)
[17:07:38] 🔄 Retry 1/5 for STRC in 2.5s
[17:07:38] 🔄 Identity reset
[17:07:40] 🧠 New identity created
[17:07:41] [111/459] RATI
[17:07:42] [112/459] PBTR
[17:07:43] [113/459] CMHP
[17:07:44] [114/459] ZECJ
[17:07:45] [115/459] CCCB
[17:07:46] [116/459] BWCB
[17:07:47] [117/459] CCAT
[17:07:48] [118/459] KGCM
[17:07:49] [119/459] INPT
[17:07:49] 🔄 Identity reset
[17:07:49] 🔄 Identity rotated (every 10 requests)
[17:07:50] [120/459] FNCO
[17:07:51] [121/459] SRMJ
[17:07:52] [122/459] PFSC
[17:07:53] [123/459] PBMC
[17:07:54] [124/459] KARP
[17:07:54] [125/459] KOVI
[17:07:55] [126/459] ACXL
[17:07:56] [127/459] GKCC
[17:07:57] [128/459] ASCC
[17:07:58] [129/459] SETC
[17:07:58] 🔄 Identity reset
[17:07:58] 🔄 Identity rotated (every 10 requests)
[17:07:58] 🔄 Retry 1/5 for SETC in 2.7s
[17:07:58] 🔄 Identity reset
[17:08:00] 🧠 New identity created
[17:08:01] [130/459] KACC
[17:08:02] [131/459] KAVE
[17:08:03] [132/459] CNTC
[17:08:04] [133/459] MEEN
[17:08:04] [134/459] BMRV
[17:08:05] [135/459] SVAM
[17:08:07] [136/459] VTBP
[17:08:08] [137/459] VCKN
[17:08:09] [138/459] SGTK
[17:08:09] 🔄 Identity reset
[17:08:09] 🔄 Identity rotated (every 10 requests)
[17:08:09] [139/459] RCGS
[17:08:10] [140/459] RCCB
[17:08:11] [141/459] RKSR
[17:08:12] [142/459] RKCU
[17:08:13] [143/459] GIBH
[17:08:13] [144/459] CXBS
[17:08:14] [145/459] GGCB
[17:08:15] [146/459] SCPB
[17:08:16] [147/459] AKTB
[17:08:17] [148/459] SRBU
[17:08:17] 🔄 Identity reset
[17:08:17] 🔄 Identity rotated (every 10 requests)
[17:08:18] [149/459] CSSA
[17:08:19] [150/459] MYAN
[17:08:20] [151/459] EXCA
[17:08:21] [152/459] CKSA
[17:08:22] [153/459] JTNM
[17:08:23] [154/459] CXKT
[17:08:24] [155/459] NCLM
[17:08:26] [156/459] JAAD
[17:08:26] [157/459] RDCR
[17:08:27] [158/459] MEER
[17:08:27] 🔄 Identity reset
[17:08:27] 🔄 Identity rotated (every 10 requests)
[17:08:28] [159/459] SIBT
[17:08:29] [160/459] PVVB
[17:08:30] [161/459] FNPN
[17:08:31] [162/459] CRPX
[17:08:32] [163/459] STET
[17:08:34] [164/459] METE
[17:08:35] [165/459] BJML
[17:08:35] [166/459] MAVT
[17:08:36] [167/459] MSRM
[17:08:37] [168/459] TJMP
[17:08:37] 🔄 Identity reset
[17:08:37] 🔄 Identity rotated (every 10 requests)
[17:08:38] [169/459] MHCK
[17:08:39] [170/459] SVGP
[17:08:40] [171/459] KRRC
[17:08:41] [172/459] IMCH
[17:08:42] [173/459] CMCS
[17:08:43] [174/459] SGND
[17:08:44] [175/459] RNAT
[17:08:46] [176/459] PRTN
[17:08:47] [177/459] MPTN
[17:08:48] [178/459] ARCC
[17:08:48] 🔄 Identity reset
[17:08:48] 🔄 Identity rotated (every 10 requests)
[17:08:49] [179/459] NTTE
[17:08:49] [180/459] ABND
[17:08:50] [181/459] KCSN
[17:08:51] [182/459] KCSA
[17:08:52] [183/459] DCKT
[17:08:53] [184/459] MBBR
[17:08:54] [185/459] RAMU
[17:08:55] [186/459] RACW
[17:08:56] [187/459] MCHP
[17:08:57] [188/459] TMHM
[17:08:57] 🔄 Identity reset
[17:08:57] 🔄 Identity rotated (every 10 requests)
[17:08:58] [189/459] STXH
[17:08:59] [190/459] AGSG
[17:09:00] [191/459] SIRA
[17:09:01] [192/459] RCAN
[17:09:02] [193/459] CWTB
[17:09:03] [194/459] VTYM
[17:09:04] [195/459] RRPP
[17:09:06] [196/459] ASMR
[17:09:06] [197/459] RONO
[17:09:07] [198/459] MEMR
[17:09:07] 🔄 Identity reset
[17:09:07] 🔄 Identity rotated (every 10 requests)
[17:09:08] [199/459] CTMR
[17:09:09] [200/459] PMTT
[17:09:10] [201/459] PSLX
[17:09:11] [202/459] IPPL
[17:09:12] [203/459] MMSG
[17:09:13] [204/459] INEL
[17:09:14] [205/459] COAC
[17:09:15] [206/459] WVLK
[17:09:16] [207/459] PPXL
[17:09:17] [208/459] PSML
[17:09:17] 🔄 Identity reset
[17:09:17] 🔄 Identity rotated (every 10 requests)
[17:09:18] [209/459] FNLK
[17:09:19] [210/459] ILUM
[17:09:19] [211/459] ILCM
[17:09:21] [212/459] MSNL
[17:09:22] [213/459] VINB
[17:09:23] [214/459] SALW
[17:09:25] [215/459] PRTB
[17:09:26] [216/459] NCIL
[17:09:27] [217/459] PSUL
[17:09:28] [218/459] SCLK
[17:09:28] 🔄 Identity reset
[17:09:28] 🔄 Identity rotated (every 10 requests)
[17:09:29] [219/459] ADDC
[17:09:30] [220/459] OACL
[17:09:31] [221/459] OOCF
[17:09:32] [222/459] GPMF
[17:09:33] [223/459] SSDG
[17:09:34] [224/459] SKRS
[17:09:35] [225/459] NTTP
[17:09:36] [226/459] SLTP
[17:09:37] [227/459] JTLC
[17:09:38] [228/459] POON
[17:09:38] 🔄 Identity reset
[17:09:38] 🔄 Identity rotated (every 10 requests)
[17:09:39] [229/459] CCPC
[17:09:40] [230/459] DCKC
[17:09:41] [231/459] CPRT
[17:09:42] [232/459] EYHZ
[17:09:42] [233/459] ARBL
[17:09:43] [234/459] SBTB
[17:09:44] [235/459] MMCK
[17:09:45] [236/459] PLMR
[17:09:46] [237/459] BIJH
[17:09:47] [238/459] SDRT
[17:09:47] 🔄 Identity reset
[17:09:47] 🔄 Identity rotated (every 10 requests)
[17:09:48] [239/459] PRDC
[17:09:49] [240/459] OMJA
[17:09:50] [241/459] VKCR
[17:09:51] [242/459] ATRT
[17:09:52] [243/459] WVRP
[17:09:53] [244/459] MVRP
[17:09:54] [245/459] FCAX
[17:09:55] [246/459] CTLC
[17:09:56] [247/459] JCHB
[17:09:57] [248/459] SELP
[17:09:57] 🔄 Identity reset
[17:09:57] 🔄 Identity rotated (every 10 requests)
[17:09:58] [249/459] VCPG
[17:09:59] [250/459] ASCX
[17:10:00] [251/459] EOCS
[17:10:01] [252/459] RCPH
[17:10:01] [253/459] RJTM
[17:10:02] [254/459] SGMD
[17:10:03] [255/459] SVJT
[17:10:04] [256/459] SPPO
[17:10:05] [257/459] MNRL
[17:10:06] [258/459] KNOX
[17:10:06] 🔄 Identity reset
[17:10:06] 🔄 Identity rotated (every 10 requests)
[17:10:07] [259/459] GIER
[17:10:07] [260/459] PJMS
[17:10:08] [261/459] UNSP
[17:10:10] [262/459] JETP
[17:10:11] [263/459] VTWA
[17:10:12] [264/459] SCJI
[17:10:13] [265/459] CBZZ
[17:10:14] [266/459] SDCJ
[17:10:15] [267/459] RRCC
[17:10:16] [268/459] VNKG
[17:10:16] 🔄 Identity reset
[17:10:16] 🔄 Identity rotated (every 10 requests)
[17:10:16] [269/459] LKTO
[17:10:17] [270/459] PJRM
[17:10:18] [271/459] NVRM
[17:10:19] [272/459] SJCS
[17:10:20] [273/459] VIGK
[17:10:21] [274/459] ANST
[17:10:22] [275/459] JTTS
[17:10:23] [276/459] NTST
[17:10:24] [277/459] PREB
[17:10:25] [278/459] TSCZ
[17:10:25] 🔄 Identity reset
[17:10:25] 🔄 Identity rotated (every 10 requests)
[17:10:26] [279/459] CDCM
[17:10:26] [280/459] ELYE
[17:10:27] [281/459] INBS
[17:10:28] [282/459] SMGC
[17:10:30] [283/459] UTMP
[17:10:31] [284/459] INTA
[17:10:32] [285/459] OMPT
[17:10:32] [286/459] SCIR
[17:10:33] [287/459] GCKJ
[17:10:34] [288/459] INOG
[17:10:34] 🔄 Identity reset
[17:10:34] 🔄 Identity rotated (every 10 requests)
[17:10:35] [289/459] SMGB
[17:10:36] [290/459] MCSG
[17:10:37] [291/459] STKG
[17:10:38] [292/459] TTKG
[17:10:39] [293/459] SRTR
[17:10:40] [294/459] ETTR
[17:10:40] [295/459] GGGZ
[17:10:41] [296/459] IPGM
[17:10:42] [297/459] FCDH
[17:10:43] [298/459] DESB
[17:10:43] 🔄 Identity reset
[17:10:43] 🔄 Identity rotated (every 10 requests)
[17:10:44] [299/459] VNTP
[17:10:45] [300/459] ANNT
[17:10:45] [301/459] SLTI
[17:10:46] [302/459] MAJU
[17:10:47] [303/459] JCXP
[17:10:48] [304/459] HARK
[17:10:49] [305/459] JPCJ
[17:10:50] [306/459] RXBD
[17:10:51] [307/459] PTKJ
[17:10:51] [308/459] CMTU
[17:10:51] 🔄 Identity reset
[17:10:51] 🔄 Identity rotated (every 10 requests)
[17:10:53] [309/459] SWOR
[17:10:53] [310/459] JMEX
[17:10:54] [311/459] DTPT
[17:10:55] [312/459] VGMM
[17:10:56] [313/459] VCSG
[17:10:57] [314/459] CVCG
[17:10:58] [315/459] TNTT
[17:10:59] [316/459] SHRM
[17:11:00] [317/459] CGKD
[17:11:01] [318/459] EKCM
[17:11:01] 🔄 Identity reset
[17:11:01] 🔄 Identity rotated (every 10 requests)
[17:11:02] [319/459] SDCX
[17:11:03] [320/459] SBTE
[17:11:04] [321/459] STKJ
[17:11:05] [322/459] TPCE
[17:11:06] [323/459] JTNP
[17:11:07] [324/459] LPCH
[17:11:08] [325/459] CPUO
[17:11:09] [326/459] APSU
[17:11:10] [327/459] RTHC
[17:11:11] [328/459] PTBU
[17:11:11] 🔄 Identity reset
[17:11:11] 🔄 Identity rotated (every 10 requests)
[17:11:12] [329/459] CUCC
[17:11:13] [330/459] CPSA
[17:11:14] [331/459] SUAY
[17:11:16] [332/459] AYAA
[17:11:17] [333/459] MUCH
[17:11:18] [334/459] PCIN
[17:11:19] [335/459] JRRM
[17:11:19] [336/459] KATS
[17:11:20] [337/459] MHFF
[17:11:21] [338/459] ESYM
[17:11:21] 🔄 Identity reset
[17:11:21] 🔄 Identity rotated (every 10 requests)
[17:11:23] [339/459] STYV
[17:11:23] [340/459] SDKG
[17:11:24] [341/459] SMTI
[17:11:25] [342/459] NYCS
[17:11:26] [343/459] MTBG
[17:11:27] [344/459] RHCA
[17:11:28] [345/459] PCKH
[17:11:28] [346/459] ARCR
[17:11:29] [347/459] NCMB
[17:11:30] [348/459] SHYC
[17:11:30] 🔄 Identity reset
[17:11:30] 🔄 Identity rotated (every 10 requests)
[17:11:30] [349/459] LACK
[17:11:31] [350/459] MTCM
[17:11:32] [351/459] RRBN
[17:11:33] [352/459] MYDC
[17:11:34] [353/459] STCS
[17:11:35] [354/459] CONN
[17:11:36] [355/459] SIPS
[17:11:37] [356/459] SMMX
[17:11:38] [357/459] SCBY
[17:11:39] [358/459] SUAP
[17:11:39] 🔄 Identity reset
[17:11:39] 🔄 Identity rotated (every 10 requests)
[17:11:40] [359/459] RSMK
[17:11:41] [360/459] STKP
[17:11:42] [361/459] CIPC
[17:11:43] [362/459] KKCI
[17:11:44] [363/459] CTNK
[17:11:45] [364/459] MMTZ
[17:11:46] [365/459] DCCO
[17:11:46] [366/459] VNMN
[17:11:47] [367/459] RLCN
[17:11:48] [368/459] CMMS
[17:11:48] 🔄 Identity reset
[17:11:48] 🔄 Identity rotated (every 10 requests)
[17:11:49] [369/459] AYOU
[17:11:50] [370/459] SSCN
[17:11:51] [371/459] SMXN
[17:11:51] [372/459] ASSK
[17:11:52] [373/459] VCKM
[17:11:54] [374/459] PCPH
[17:11:55] [375/459] PADM
[17:11:56] [376/459] IESA
[17:11:57] [377/459] VCSP
[17:11:58] [378/459] AEST
[17:11:58] 🔄 Identity reset
[17:11:58] 🔄 Identity rotated (every 10 requests)
[17:11:59] [379/459] VTNR
[17:11:59] [380/459] GTTA
[17:12:00] [381/459] CMMM
[17:12:01] [382/459] AHKT
[17:12:02] [383/459] SIJI
[17:12:03] [384/459] VCEI
[17:12:04] [385/459] SAKR
[17:12:04] [386/459] VSMT
[17:12:05] [387/459] SSCT
[17:12:06] [388/459] USTR
[17:12:06] 🔄 Identity reset
[17:12:06] 🔄 Identity rotated (every 10 requests)
[17:12:07] [389/459] MTKT
[17:12:08] [390/459] TGMP
[17:12:09] [391/459] SIVC
[17:12:10] [392/459] KICT
[17:12:11] [393/459] DAMD
[17:12:12] [394/459] CNPT
[17:12:13] [395/459] RVTT
[17:12:14] [396/459] SNCM
[17:12:15] [397/459] GHTE
[17:12:16] [398/459] PPAM
[17:12:16] 🔄 Identity reset
[17:12:16] 🔄 Identity rotated (every 10 requests)
[17:12:17] [399/459] PVAA
[17:12:19] [400/459] CPAO
[17:12:20] [401/459] HAMD
[17:12:21] [402/459] RCCA
[17:12:22] [403/459] MPCH
[17:12:23] [404/459] ARED
[17:12:23] [405/459] RRCV
[17:12:24] [406/459] MTRB
[17:12:25] [407/459] CKUA
[17:12:26] [408/459] ABMP
[17:12:26] 🔄 Identity reset
[17:12:26] 🔄 Identity rotated (every 10 requests)
[17:12:28] [409/459] RCWA
[17:12:29] [410/459] CGAR
[17:12:30] [411/459] METH
[17:12:31] [412/459] WAGA
[17:12:32] [413/459] MCMA
[17:12:33] [414/459] CSMP
[17:12:34] [415/459] RCNK
[17:12:35] [416/459] PSTM
[17:12:36] [417/459] CSEP
[17:12:38] [418/459] AMGD
[17:12:38] 🔄 Identity reset
[17:12:38] 🔄 Identity rotated (every 10 requests)
[17:12:39] [419/459] CSTE
[17:12:40] [420/459] CONS
[17:12:41] [421/459] APPX
[17:12:42] [422/459] MABC
[17:12:43] [423/459] CXST
[17:12:44] [424/459] MATN
[17:12:45] [425/459] MACZ
[17:12:45] [426/459] MASA
[17:12:47] [427/459] MBSX
[17:12:48] [428/459] CSST
[17:12:48] 🔄 Identity reset
[17:12:48] 🔄 Identity rotated (every 10 requests)
[17:12:49] [429/459] APCL
[17:12:49] [430/459] CGOS
[17:12:50] [431/459] CPEC
[17:12:51] [432/459] MCCP
[17:12:52] [433/459] BSSO
[17:12:53] [434/459] SJKA
[17:12:53] [435/459] CGBO
[17:12:54] [436/459] MVSK
[17:12:56] [437/459] HVCA
[17:12:57] [438/459] NAMD
[17:12:57] 🔄 Identity reset
[17:12:57] 🔄 Identity rotated (every 10 requests)
[17:12:58] [439/459] DEVI
[17:12:59] [440/459] SCSV
[17:12:59] [441/459] PSMA
[17:13:00] [442/459] CLDJ
[17:13:01] [443/459] NMAD
[17:13:02] [444/459] CGMO
[17:13:03] [445/459] MCNA
[17:13:04] [446/459] OCBN
[17:13:05] [447/459] CPEM
[17:13:06] [448/459] CPSM
[17:13:06] 🔄 Identity reset
[17:13:06] 🔄 Identity rotated (every 10 requests)
[17:13:06] [449/459] RCAD
[17:13:07] [450/459] CPMU
[17:13:08] [451/459] DICD
[17:13:09] [452/459] CHOE
[17:13:10] [453/459] PDJM
[17:13:10] [454/459] SSTU
[17:13:11] [455/459] VNRN
[17:13:12] [456/459] PVLG
[17:13:13] [457/459] SWBL
[17:13:13] [458/459] SCAB
[17:13:13] 🔄 Identity reset
[17:13:13] 🔄 Identity rotated (every 10 requests)
[17:13:15] [459/459] RDDA
[17:13:16] 🧹 Deduping shows
[17:13:16] ✅ DONE | Shows=3931 | Movies=81
[21:21:56] 🚀 SCRIPT STARTED
[21:21:56] [1/459] MCCZ
[21:21:57] 🧠 New identity created
[21:21:58] [2/459] FRPU
[21:21:59] [3/459] SKSI
[21:21:59] [4/459] SSCK
[21:22:00] [5/459] SRDC
[21:22:02] [6/459] RSCZ
[21:22:03] [7/459] PRVT
[21:22:04] [8/459] GAGJ
[21:22:05] [9/459] SMHG
[21:22:06] [10/459] JTST
[21:22:06] 🔄 Identity reset
[21:22:06] 🔄 Identity rotated (every 10 requests)
[21:22:07] [11/459] MYTH
[21:22:08] [12/459] JPCC
[21:22:09] [13/459] ACDC
[21:22:10] [14/459] SVFP
[21:22:11] [15/459] SFCM
[21:22:11] [16/459] RUPK
[21:22:12] [17/459] NTCR
[21:22:14] [18/459] RTCH
[21:22:14] [19/459] SCMH
[21:22:16] [20/459] SVYM
[21:22:16] 🔄 Identity reset
[21:22:16] 🔄 Identity rotated (every 10 requests)
[21:22:17] [21/459] SPYM
[21:22:18] [22/459] SMMF
[21:22:19] [23/459] CLLB
[21:22:20] [24/459] FMCB
[21:22:21] [25/459] BBTC
[21:22:22] [26/459] NTHS
[21:22:23] [27/459] PKKJ
[21:22:25] [28/459] MTJA
[21:22:26] [29/459] PMSJ
[21:22:26] [30/459] JMJU
[21:22:26] 🔄 Identity reset
[21:22:26] 🔄 Identity rotated (every 10 requests)
[21:22:27] [31/459] SRAD
[21:22:28] [32/459] MJMC
[21:22:29] [33/459] DFRM
[21:22:31] [34/459] PMRS
[21:22:32] [35/459] RKPP
[21:22:33] [36/459] BMBK
[21:22:34] [37/459] NEWS
[21:22:35] [38/459] SALB
[21:22:35] [39/459] SCPW
[21:22:36] [40/459] RAYL
[21:22:36] 🔄 Identity reset
[21:22:36] 🔄 Identity rotated (every 10 requests)
[21:22:38] [41/459] CMGJ
[21:22:39] [42/459] JRCR
[21:22:40] [43/459] SRTB
[21:22:41] [44/459] ETPB
[21:22:42] [45/459] MXBN
[21:22:43] [46/459] TOPE
[21:22:43] [47/459] SNLJ
[21:22:44] [48/459] CDDP
[21:22:46] [49/459] APCX
[21:22:47] [50/459] TALP
[21:22:47] 🔄 Identity reset
[21:22:47] 🔄 Identity rotated (every 10 requests)
[21:22:48] [51/459] RRMP
[21:22:49] [52/459] MAHB
[21:22:50] [53/459] MTKR
[21:22:51] [54/459] KSKL
[21:22:52] [55/459] RJLT
[21:22:53] [56/459] ATAS
[21:22:54] [57/459] AMHR
[21:22:55] [58/459] RSRM
[21:22:57] [59/459] GCAT
[21:22:58] [60/459] SMML
[21:22:58] 🔄 Identity reset
[21:22:58] 🔄 Identity rotated (every 10 requests)
[21:22:58] [61/459] ACCD
[21:22:59] [62/459] VYDA
[21:23:00] [63/459] MSKT
[21:23:01] [64/459] AVDM
[21:23:02] [65/459] ASMH
[21:23:03] [66/459] VTMB
[21:23:04] [67/459] WVMB
[21:23:05] [68/459] PPMN
[21:23:07] [69/459] MTMD
[21:23:08] [70/459] SMMO
[21:23:08] 🔄 Identity reset
[21:23:08] 🔄 Identity rotated (every 10 requests)
[21:23:09] [71/459] DLPB
[21:23:10] [72/459] AKMD
[21:23:11] [73/459] SHRR
[21:23:12] [74/459] ASCO
[21:23:13] [75/459] CZVX
[21:23:14] [76/459] GCBB
[21:23:15] [77/459] ATBM
[21:23:16] [78/459] TCGM
[21:23:17] [79/459] UMSE
[21:23:18] [80/459] NKCL
[21:23:18] 🔄 Identity reset
[21:23:18] 🔄 Identity rotated (every 10 requests)
[21:23:19] [81/459] BTLR
[21:23:20] [82/459] GOCL
[21:23:21] [83/459] MIRN
[21:23:22] [84/459] THEC
[21:23:23] [85/459] SPPB
[21:23:23] [86/459] PMMM
[21:23:24] [87/459] GGMC
[21:23:25] [88/459] AVSR
[21:23:26] [89/459] RDMH
[21:23:27] [90/459] JSRS
[21:23:27] 🔄 Identity reset
[21:23:27] 🔄 Identity rotated (every 10 requests)
[21:23:29] [91/459] VKGP
[21:23:30] [92/459] ACRT
[21:23:31] [93/459] GCBA
[21:23:32] [94/459] GTCP
[21:23:33] [95/459] AKFC
[21:23:34] [96/459] INCS
[21:23:35] [97/459] SMCK
[21:23:36] [98/459] BRUN
[21:23:37] [99/459] RPPC
[21:23:38] [100/459] PAYD
[21:23:38] 🔄 Identity reset
[21:23:38] 🔄 Identity rotated (every 10 requests)
[21:23:39] [101/459] SVVT
[21:23:41] [102/459] RNCC
[21:23:42] [103/459] PCRC
[21:23:43] [104/459] PMRM
[21:23:44] [105/459] CCRP
[21:23:45] [106/459] INCR
[21:23:46] [107/459] ZTMP
[21:23:47] [108/459] MCNR
[21:23:48] [109/459] INRP
[21:23:49] [110/459] STRC
[21:23:49] 🔄 Identity reset
[21:23:49] 🔄 Identity rotated (every 10 requests)
[21:23:50] [111/459] RATI
[21:23:52] [112/459] PBTR
[21:23:53] [113/459] CMHP
[21:23:54] [114/459] ZECJ
[21:23:55] [115/459] CCCB
[21:23:56] [116/459] BWCB
[21:23:57] [117/459] CCAT
[21:23:59] [118/459] KGCM
[21:24:00] [119/459] INPT
[21:24:01] [120/459] FNCO
[21:24:01] 🔄 Identity reset
[21:24:01] 🔄 Identity rotated (every 10 requests)
[21:24:03] [121/459] SRMJ
[21:24:04] [122/459] PFSC
[21:24:05] [123/459] PBMC
[21:24:06] [124/459] KARP
[21:24:07] [125/459] KOVI
[21:24:08] [126/459] ACXL
[21:24:09] [127/459] GKCC
[21:24:10] [128/459] ASCC
[21:24:12] [129/459] SETC
[21:24:12] [130/459] KACC
[21:24:12] 🔄 Identity reset
[21:24:12] 🔄 Identity rotated (every 10 requests)
[21:24:13] [131/459] KAVE
[21:24:14] [132/459] CNTC
[21:24:15] [133/459] MEEN
[21:24:16] [134/459] BMRV
[21:24:17] [135/459] SVAM
[21:24:18] [136/459] VTBP
[21:24:19] [137/459] VCKN
[21:24:20] [138/459] SGTK
[21:24:21] [139/459] RCGS
[21:24:22] [140/459] RCCB
[21:24:22] 🔄 Identity reset
[21:24:22] 🔄 Identity rotated (every 10 requests)
[21:24:23] [141/459] RKSR
[21:24:25] [142/459] RKCU
[21:24:26] [143/459] GIBH
[21:24:27] [144/459] CXBS
[21:24:28] [145/459] GGCB
[21:24:30] [146/459] SCPB
[21:24:32] [147/459] AKTB
[21:24:33] [148/459] SRBU
[21:24:34] [149/459] CSSA
[21:24:35] [150/459] MYAN
[21:24:35] 🔄 Identity reset
[21:24:35] 🔄 Identity rotated (every 10 requests)
[21:24:36] [151/459] EXCA
[21:24:37] [152/459] CKSA
[21:24:38] [153/459] JTNM
[21:24:39] [154/459] CXKT
[21:24:40] [155/459] NCLM
[21:24:41] [156/459] JAAD
[21:24:42] [157/459] RDCR
[21:24:43] [158/459] MEER
[21:24:44] [159/459] SIBT
[21:24:45] [160/459] PVVB
[21:24:45] 🔄 Identity reset
[21:24:45] 🔄 Identity rotated (every 10 requests)
[21:24:46] [161/459] FNPN
[21:24:47] [162/459] CRPX
[21:24:48] [163/459] STET
[21:24:49] [164/459] METE
[21:24:50] [165/459] BJML
[21:24:51] [166/459] MAVT
[21:24:52] [167/459] MSRM
[21:24:53] [168/459] TJMP
[21:24:54] [169/459] MHCK
[21:24:55] [170/459] SVGP
[21:24:55] 🔄 Identity reset
[21:24:55] 🔄 Identity rotated (every 10 requests)
[21:24:56] [171/459] KRRC
[21:24:57] [172/459] IMCH
[21:24:58] [173/459] CMCS
[21:25:00] [174/459] SGND
[21:25:01] [175/459] RNAT
[21:25:02] [176/459] PRTN
[21:25:03] [177/459] MPTN
[21:25:04] [178/459] ARCC
[21:25:05] [179/459] NTTE
[21:25:06] [180/459] ABND
[21:25:06] 🔄 Identity reset
[21:25:06] 🔄 Identity rotated (every 10 requests)
[21:25:07] [181/459] KCSN
[21:25:08] [182/459] KCSA
[21:25:09] [183/459] DCKT
[21:25:10] [184/459] MBBR
[21:25:11] [185/459] RAMU
[21:25:12] [186/459] RACW
[21:25:13] [187/459] MCHP
[21:25:14] [188/459] TMHM
[21:25:15] [189/459] STXH
[21:25:16] [190/459] AGSG
[21:25:16] 🔄 Identity reset
[21:25:16] 🔄 Identity rotated (every 10 requests)
[21:25:17] [191/459] SIRA
[21:25:18] [192/459] RCAN
[21:25:19] [193/459] CWTB
[21:25:20] [194/459] VTYM
[21:25:21] [195/459] RRPP
[21:25:22] [196/459] ASMR
[21:25:23] [197/459] RONO
[21:25:24] [198/459] MEMR
[21:25:25] [199/459] CTMR
[21:25:26] [200/459] PMTT
[21:25:26] 🔄 Identity reset
[21:25:26] 🔄 Identity rotated (every 10 requests)
[21:25:27] [201/459] PSLX
[21:25:29] [202/459] IPPL
[21:25:30] [203/459] MMSG
[21:25:31] [204/459] INEL
[21:25:32] [205/459] COAC
[21:25:33] [206/459] WVLK
[21:25:34] [207/459] PPXL
[21:25:35] [208/459] PSML
[21:25:36] [209/459] FNLK
[21:25:37] [210/459] ILUM
[21:25:37] 🔄 Identity reset
[21:25:37] 🔄 Identity rotated (every 10 requests)
[21:25:37] 🔄 Retry 1/5 for ILUM in 2.5s
[21:25:37] 🔄 Identity reset
[21:25:40] 🧠 New identity created
[21:25:41] [211/459] ILCM
[21:25:42] [212/459] MSNL
[21:25:43] [213/459] VINB
[21:25:44] [214/459] SALW
[21:25:45] [215/459] PRTB
[21:25:46] [216/459] NCIL
[21:25:47] [217/459] PSUL
[21:25:48] [218/459] SCLK
[21:25:49] [219/459] ADDC
[21:25:49] 🔄 Identity reset
[21:25:49] 🔄 Identity rotated (every 10 requests)
[21:25:49] 🔄 Retry 1/5 for ADDC in 2.4s
[21:25:49] 🔄 Identity reset
[21:25:51] 🧠 New identity created
[21:25:52] [220/459] OACL
[21:25:53] [221/459] OOCF
[21:25:54] [222/459] GPMF
[21:25:55] [223/459] SSDG
[21:25:56] [224/459] SKRS
[21:25:57] [225/459] NTTP
[21:25:59] [226/459] SLTP
[21:25:59] [227/459] JTLC
[21:26:01] [228/459] POON
[21:26:01] 🔄 Identity reset
[21:26:01] 🔄 Identity rotated (every 10 requests)
[21:26:02] [229/459] CCPC
[21:26:03] [230/459] DCKC
[21:26:04] [231/459] CPRT
[21:26:05] [232/459] EYHZ
[21:26:06] [233/459] ARBL
[21:26:07] [234/459] SBTB
[21:26:08] [235/459] MMCK
[21:26:09] [236/459] PLMR
[21:26:10] [237/459] BIJH
[21:26:11] [238/459] SDRT
[21:26:11] 🔄 Identity reset
[21:26:11] 🔄 Identity rotated (every 10 requests)
[21:26:12] [239/459] PRDC
[21:26:12] [240/459] OMJA
[21:26:13] [241/459] VKCR
[21:26:15] [242/459] ATRT
[21:26:16] [243/459] WVRP
[21:26:17] [244/459] MVRP
[21:26:18] [245/459] FCAX
[21:26:19] [246/459] CTLC
[21:26:20] [247/459] JCHB
[21:26:22] [248/459] SELP
[21:26:22] 🔄 Identity reset
[21:26:22] 🔄 Identity rotated (every 10 requests)
[21:26:23] [249/459] VCPG
[21:26:25] [250/459] ASCX
[21:26:26] [251/459] EOCS
[21:26:27] [252/459] RCPH
[21:26:28] [253/459] RJTM
[21:26:29] [254/459] SGMD
[21:26:30] [255/459] SVJT
[21:26:31] [256/459] SPPO
[21:26:32] [257/459] MNRL
[21:26:33] [258/459] KNOX
[21:26:33] 🔄 Identity reset
[21:26:33] 🔄 Identity rotated (every 10 requests)
[21:26:34] [259/459] GIER
[21:26:35] [260/459] PJMS
[21:26:36] [261/459] UNSP
[21:26:37] [262/459] JETP
[21:26:38] [263/459] VTWA
[21:26:40] [264/459] SCJI
[21:26:41] [265/459] CBZZ
[21:26:43] [266/459] SDCJ
[21:26:45] [267/459] RRCC
[21:26:46] [268/459] VNKG
[21:26:46] 🔄 Identity reset
[21:26:46] 🔄 Identity rotated (every 10 requests)
[21:26:47] [269/459] LKTO
[21:26:48] [270/459] PJRM
[21:26:49] [271/459] NVRM
[21:26:50] [272/459] SJCS
[21:26:51] [273/459] VIGK
[21:26:52] [274/459] ANST
[21:26:53] [275/459] JTTS
[21:26:54] [276/459] NTST
[21:26:55] [277/459] PREB
[21:26:56] [278/459] TSCZ
[21:26:56] 🔄 Identity reset
[21:26:56] 🔄 Identity rotated (every 10 requests)
[21:26:57] [279/459] CDCM
[21:26:58] [280/459] ELYE
[21:26:59] [281/459] INBS
[21:27:00] [282/459] SMGC
[21:27:01] [283/459] UTMP
[21:27:02] [284/459] INTA
[21:27:03] [285/459] OMPT
[21:27:03] [286/459] SCIR
[21:27:04] [287/459] GCKJ
[21:27:05] [288/459] INOG
[21:27:05] 🔄 Identity reset
[21:27:05] 🔄 Identity rotated (every 10 requests)
[21:27:07] [289/459] SMGB
[21:27:08] [290/459] MCSG
[21:27:09] [291/459] STKG
[21:27:10] [292/459] TTKG
[21:27:11] [293/459] SRTR
[21:27:12] [294/459] ETTR
[21:27:13] [295/459] GGGZ
[21:27:14] [296/459] IPGM
[21:27:15] [297/459] FCDH
[21:27:16] [298/459] DESB
[21:27:16] 🔄 Identity reset
[21:27:16] 🔄 Identity rotated (every 10 requests)
[21:27:16] 🔄 Retry 1/5 for DESB in 2.7s
[21:27:16] 🔄 Identity reset
[21:27:19] 🧠 New identity created
[21:27:20] [299/459] VNTP
[21:27:22] [300/459] ANNT
[21:27:23] [301/459] SLTI
[21:27:24] [302/459] MAJU
[21:27:25] [303/459] JCXP
[21:27:26] [304/459] HARK
[21:27:27] [305/459] JPCJ
[21:27:27] [306/459] RXBD
[21:27:28] [307/459] PTKJ
[21:27:28] 🔄 Identity reset
[21:27:28] 🔄 Identity rotated (every 10 requests)
[21:27:29] [308/459] CMTU
[21:27:31] [309/459] SWOR
[21:27:32] [310/459] JMEX
[21:27:33] [311/459] DTPT
[21:27:34] [312/459] VGMM
[21:27:35] [313/459] VCSG
[21:27:36] [314/459] CVCG
[21:27:37] [315/459] TNTT
[21:27:38] [316/459] SHRM
[21:27:39] [317/459] CGKD
[21:27:39] 🔄 Identity reset
[21:27:39] 🔄 Identity rotated (every 10 requests)
[21:27:40] [318/459] EKCM
[21:27:41] [319/459] SDCX
[21:27:42] [320/459] SBTE
[21:27:43] [321/459] STKJ
[21:27:44] [322/459] TPCE
[21:27:45] [323/459] JTNP
[21:27:46] [324/459] LPCH
[21:27:48] [325/459] CPUO
[21:27:49] [326/459] APSU
[21:27:50] [327/459] RTHC
[21:27:50] 🔄 Identity reset
[21:27:50] 🔄 Identity rotated (every 10 requests)
[21:27:51] [328/459] PTBU
[21:27:52] [329/459] CUCC
[21:27:53] [330/459] CPSA
[21:27:54] [331/459] SUAY
[21:27:55] [332/459] AYAA
[21:27:56] [333/459] MUCH
[21:27:57] [334/459] PCIN
[21:27:59] [335/459] JRRM
[21:27:59] [336/459] KATS
[21:28:01] [337/459] MHFF
[21:28:01] 🔄 Identity reset
[21:28:01] 🔄 Identity rotated (every 10 requests)
[21:28:02] [338/459] ESYM
[21:28:03] [339/459] STYV
[21:28:04] [340/459] SDKG
[21:28:05] [341/459] SMTI
[21:28:06] [342/459] NYCS
[21:28:07] [343/459] MTBG
[21:28:09] [344/459] RHCA
[21:28:10] [345/459] PCKH
[21:28:11] [346/459] ARCR
[21:28:11] [347/459] NCMB
[21:28:11] 🔄 Identity reset
[21:28:12] 🔄 Identity rotated (every 10 requests)
[21:28:13] [348/459] SHYC
[21:28:14] [349/459] LACK
[21:28:15] [350/459] MTCM
[21:28:16] [351/459] RRBN
[21:28:17] [352/459] MYDC
[21:28:18] [353/459] STCS
[21:28:19] [354/459] CONN
[21:28:20] [355/459] SIPS
[21:28:21] [356/459] SMMX
[21:28:22] [357/459] SCBY
[21:28:22] 🔄 Identity reset
[21:28:22] 🔄 Identity rotated (every 10 requests)
[21:28:23] [358/459] SUAP
[21:28:24] [359/459] RSMK
[21:28:25] [360/459] STKP
[21:28:26] [361/459] CIPC
[21:28:27] [362/459] KKCI
[21:28:28] [363/459] CTNK
[21:28:29] [364/459] MMTZ
[21:28:30] [365/459] DCCO
[21:28:31] [366/459] VNMN
[21:28:32] [367/459] RLCN
[21:28:32] 🔄 Identity reset
[21:28:32] 🔄 Identity rotated (every 10 requests)
[21:28:33] [368/459] CMMS
[21:28:34] [369/459] AYOU
[21:28:35] [370/459] SSCN
[21:28:36] [371/459] SMXN
[21:28:38] [372/459] ASSK
[21:28:39] [373/459] VCKM
[21:28:40] [374/459] PCPH
[21:28:41] [375/459] PADM
[21:28:42] [376/459] IESA
[21:28:43] [377/459] VCSP
[21:28:43] 🔄 Identity reset
[21:28:43] 🔄 Identity rotated (every 10 requests)
[21:28:44] [378/459] AEST
[21:28:45] [379/459] VTNR
[21:28:46] [380/459] GTTA
[21:28:47] [381/459] CMMM
[21:28:48] [382/459] AHKT
[21:28:49] [383/459] SIJI
[21:28:50] [384/459] VCEI
[21:28:51] [385/459] SAKR
[21:28:52] [386/459] VSMT
[21:28:53] [387/459] SSCT
[21:28:53] 🔄 Identity reset
[21:28:53] 🔄 Identity rotated (every 10 requests)
[21:28:54] [388/459] USTR
[21:28:55] [389/459] MTKT
[21:28:56] [390/459] TGMP
[21:28:57] [391/459] SIVC
[21:28:58] [392/459] KICT
[21:28:59] [393/459] DAMD
[21:29:00] [394/459] CNPT
[21:29:01] [395/459] RVTT
[21:29:02] [396/459] SNCM
[21:29:03] [397/459] GHTE
[21:29:03] 🔄 Identity reset
[21:29:03] 🔄 Identity rotated (every 10 requests)
[21:29:04] [398/459] PPAM
[21:29:05] [399/459] PVAA
[21:29:06] [400/459] CPAO
[21:29:07] [401/459] HAMD
[21:29:08] [402/459] RCCA
[21:29:09] [403/459] MPCH
[21:29:11] [404/459] ARED
[21:29:12] [405/459] RRCV
[21:29:13] [406/459] MTRB
[21:29:14] [407/459] CKUA
[21:29:14] 🔄 Identity reset
[21:29:14] 🔄 Identity rotated (every 10 requests)
[21:29:15] [408/459] ABMP
[21:29:16] [409/459] RCWA
[21:29:17] [410/459] CGAR
[21:29:18] [411/459] METH
[21:29:19] [412/459] WAGA
[21:29:21] [413/459] MCMA
[21:29:22] [414/459] CSMP
[21:29:23] [415/459] RCNK
[21:29:24] [416/459] PSTM
[21:29:25] [417/459] CSEP
[21:29:25] 🔄 Identity reset
[21:29:25] 🔄 Identity rotated (every 10 requests)
[21:29:26] [418/459] AMGD
[21:29:27] [419/459] CSTE
[21:29:28] [420/459] CONS
[21:29:29] [421/459] APPX
[21:29:29] [422/459] MABC
[21:29:30] [423/459] CXST
[21:29:31] [424/459] MATN
[21:29:32] [425/459] MACZ
[21:29:33] [426/459] MASA
[21:29:34] [427/459] MBSX
[21:29:34] 🔄 Identity reset
[21:29:34] 🔄 Identity rotated (every 10 requests)
[21:29:35] [428/459] CSST
[21:29:37] [429/459] APCL
[21:29:37] [430/459] CGOS
[21:29:39] [431/459] CPEC
[21:29:40] [432/459] MCCP
[21:29:40] [433/459] BSSO
[21:29:42] [434/459] SJKA
[21:29:43] [435/459] CGBO
[21:29:44] [436/459] MVSK
[21:29:45] [437/459] HVCA
[21:29:45] 🔄 Identity reset
[21:29:45] 🔄 Identity rotated (every 10 requests)
[21:29:46] [438/459] NAMD
[21:29:48] [439/459] DEVI
[21:29:49] [440/459] SCSV
[21:29:50] [441/459] PSMA
[21:29:51] [442/459] CLDJ
[21:29:52] [443/459] NMAD
[21:29:53] [444/459] CGMO
[21:29:54] [445/459] MCNA
[21:29:55] [446/459] OCBN
[21:29:56] [447/459] CPEM
[21:29:56] 🔄 Identity reset
[21:29:56] 🔄 Identity rotated (every 10 requests)
[21:29:57] [448/459] CPSM
[21:29:58] [449/459] RCAD
[21:29:59] [450/459] CPMU
[21:30:00] [451/459] DICD
[21:30:01] [452/459] CHOE
[21:30:02] [453/459] PDJM
[21:30:03] [454/459] SSTU
[21:30:04] [455/459] VNRN
[21:30:05] [456/459] PVLG
[21:30:07] [457/459] SWBL
[21:30:07] 🔄 Identity reset
[21:30:07] 🔄 Identity rotated (every 10 requests)
[21:30:08] [458/459] SCAB
[21:30:09] [459/459] RDDA
[21:30:10] 🧹 Deduping shows
[21:30:10] ✅ DONE | Shows=4127 | Movies=82
[22:03:13] 🚀 SCRIPT STARTED
[22:03:13] [1/459] MCCZ
[22:03:13] 🧠 New identity created
[22:03:14] [2/459] FRPU
[22:03:15] [3/459] SKSI
[22:03:16] [4/459] SSCK
[22:03:17] [5/459] SRDC
[22:03:18] [6/459] RSCZ
[22:03:19] [7/459] PRVT
[22:03:20] [8/459] GAGJ
[22:03:20] [9/459] SMHG
[22:03:22] [10/459] JTST
[22:03:22] 🔄 Identity reset
[22:03:22] 🔄 Identity rotated (every 10 requests)
[22:03:23] [11/459] MYTH
[22:03:24] [12/459] JPCC
[22:03:25] [13/459] ACDC
[22:03:26] [14/459] SVFP
[22:03:27] [15/459] SFCM
[22:03:28] [16/459] RUPK
[22:03:29] [17/459] NTCR
[22:03:30] [18/459] RTCH
[22:03:31] [19/459] SCMH
[22:03:32] [20/459] SVYM
[22:03:32] 🔄 Identity reset
[22:03:32] 🔄 Identity rotated (every 10 requests)
[22:03:33] [21/459] SPYM
[22:03:34] [22/459] SMMF
[22:03:35] [23/459] CLLB
[22:03:36] [24/459] FMCB
[22:03:37] [25/459] BBTC
[22:03:37] [26/459] NTHS
[22:03:38] [27/459] PKKJ
[22:03:39] [28/459] MTJA
[22:03:41] [29/459] PMSJ
[22:03:42] [30/459] JMJU
[22:03:42] 🔄 Identity reset
[22:03:42] 🔄 Identity rotated (every 10 requests)
[22:03:42] [31/459] SRAD
[22:03:43] [32/459] MJMC
[22:03:45] [33/459] DFRM
[22:03:46] [34/459] PMRS
[22:03:47] [35/459] RKPP
[22:03:48] [36/459] BMBK
[22:03:49] [37/459] NEWS
[22:03:50] [38/459] SALB
[22:03:51] [39/459] SCPW
[22:03:53] [40/459] RAYL
[22:03:53] 🔄 Identity reset
[22:03:53] 🔄 Identity rotated (every 10 requests)
[22:03:54] [41/459] CMGJ
[22:03:55] [42/459] JRCR
[22:03:56] [43/459] SRTB
[22:03:58] [44/459] ETPB
[22:03:59] [45/459] MXBN
[22:04:00] [46/459] TOPE
[22:04:01] [47/459] SNLJ
[22:04:02] [48/459] CDDP
[22:04:03] [49/459] APCX
[22:04:04] [50/459] TALP
[22:04:04] 🔄 Identity reset
[22:04:04] 🔄 Identity rotated (every 10 requests)
[22:04:04] 🔄 Retry 1/5 for TALP in 2.3s
[22:04:04] 🔄 Identity reset
[22:04:07] 🧠 New identity created
[22:04:08] [51/459] RRMP
[22:04:08] [52/459] MAHB
[22:04:09] [53/459] MTKR
[22:04:11] [54/459] KSKL
[22:04:12] [55/459] RJLT
[22:04:13] [56/459] ATAS
[22:04:13] [57/459] AMHR
[22:04:14] [58/459] RSRM
[22:04:15] [59/459] GCAT
[22:04:15] 🔄 Identity reset
[22:04:15] 🔄 Identity rotated (every 10 requests)
[22:04:16] [60/459] SMML
[22:04:18] [61/459] ACCD
[22:04:19] [62/459] VYDA
[22:04:20] [63/459] MSKT
[22:04:21] [64/459] AVDM
[22:04:22] [65/459] ASMH
[22:04:23] [66/459] VTMB
[22:04:24] [67/459] WVMB
[22:04:25] [68/459] PPMN
[22:04:27] [69/459] MTMD
[22:04:27] 🔄 Identity reset
[22:04:27] 🔄 Identity rotated (every 10 requests)
[22:04:28] [70/459] SMMO
[22:04:28] [71/459] DLPB
[22:04:30] [72/459] AKMD
[22:04:31] [73/459] SHRR
[22:04:32] [74/459] ASCO
[22:04:33] [75/459] CZVX
[22:04:34] [76/459] GCBB
[22:04:36] [77/459] ATBM
[22:04:38] [78/459] TCGM
[22:04:39] [79/459] UMSE
[22:04:39] 🔄 Identity reset
[22:04:39] 🔄 Identity rotated (every 10 requests)
[22:04:40] [80/459] NKCL
[22:04:41] [81/459] BTLR
[22:04:41] [82/459] GOCL
[22:04:42] [83/459] MIRN
[22:04:43] [84/459] THEC
[22:04:45] [85/459] SPPB
[22:04:45] [86/459] PMMM
[22:04:46] [87/459] GGMC
[22:04:48] [88/459] AVSR
[22:04:49] [89/459] RDMH
[22:04:49] 🔄 Identity reset
[22:04:49] 🔄 Identity rotated (every 10 requests)
[22:04:50] [90/459] JSRS
[22:04:51] [91/459] VKGP
[22:04:52] [92/459] ACRT
[22:04:52] [93/459] GCBA
[22:04:53] [94/459] GTCP
[22:04:55] [95/459] AKFC
[22:04:56] [96/459] INCS
[22:04:57] [97/459] SMCK
[22:04:58] [98/459] BRUN
[22:05:00] [99/459] RPPC
[22:05:00] 🔄 Identity reset
[22:05:00] 🔄 Identity rotated (every 10 requests)
[22:05:01] [100/459] PAYD
[22:05:02] [101/459] SVVT
[22:05:03] [102/459] RNCC
[22:05:04] [103/459] PCRC
[22:05:05] [104/459] PMRM
[22:05:07] [105/459] CCRP
[22:05:08] [106/459] INCR
[22:05:09] [107/459] ZTMP
[22:05:10] [108/459] MCNR
[22:05:11] [109/459] INRP
[22:05:11] 🔄 Identity reset
[22:05:11] 🔄 Identity rotated (every 10 requests)
[22:05:13] [110/459] STRC
[22:05:13] [111/459] RATI
[22:05:14] [112/459] PBTR
[22:05:15] [113/459] CMHP
[22:05:17] [114/459] ZECJ
[22:05:18] [115/459] CCCB
[22:05:19] [116/459] BWCB
[22:05:20] [117/459] CCAT
[22:05:21] [118/459] KGCM
[22:05:23] [119/459] INPT
[22:05:23] 🔄 Identity reset
[22:05:23] 🔄 Identity rotated (every 10 requests)
[22:05:24] [120/459] FNCO
[22:05:25] [121/459] SRMJ
[22:05:26] [122/459] PFSC
[22:05:27] [123/459] PBMC
[22:05:28] [124/459] KARP
[22:05:29] [125/459] KOVI
[22:05:31] [126/459] ACXL
[22:05:32] [127/459] GKCC
[22:05:33] [128/459] ASCC
[22:05:35] [129/459] SETC
[22:05:35] 🔄 Identity reset
[22:05:35] 🔄 Identity rotated (every 10 requests)
[22:05:36] [130/459] KACC
[22:05:37] [131/459] KAVE
[22:05:37] [132/459] CNTC
[22:05:38] [133/459] MEEN
[22:05:39] [134/459] BMRV
[22:05:40] [135/459] SVAM
[22:05:41] [136/459] VTBP
[22:05:42] [137/459] VCKN
[22:05:43] [138/459] SGTK
[22:05:44] [139/459] RCGS
[22:05:44] 🔄 Identity reset
[22:05:44] 🔄 Identity rotated (every 10 requests)
[22:05:45] [140/459] RCCB
[22:05:45] [141/459] RKSR
[22:05:46] [142/459] RKCU
[22:05:47] [143/459] GIBH
[22:05:48] [144/459] CXBS
[22:05:49] [145/459] GGCB
[22:05:51] [146/459] SCPB
[22:05:52] [147/459] AKTB
[22:05:53] [148/459] SRBU
[22:05:54] [149/459] CSSA
[22:05:54] 🔄 Identity reset
[22:05:54] 🔄 Identity rotated (every 10 requests)
[22:05:55] [150/459] MYAN
[22:05:57] [151/459] EXCA
[22:05:58] [152/459] CKSA
[22:06:00] [153/459] JTNM
[22:06:01] [154/459] CXKT
[22:06:02] [155/459] NCLM
[22:06:03] [156/459] JAAD
[22:06:04] [157/459] RDCR
[22:06:05] [158/459] MEER
[22:06:07] [159/459] SIBT
[22:06:07] 🔄 Identity reset
[22:06:07] 🔄 Identity rotated (every 10 requests)
[22:06:09] [160/459] PVVB
[22:06:10] [161/459] FNPN
[22:06:11] [162/459] CRPX
[22:06:11] [163/459] STET
[22:06:12] [164/459] METE
[22:06:13] [165/459] BJML
[22:06:14] [166/459] MAVT
[22:06:15] [167/459] MSRM
[22:06:16] [168/459] TJMP
[22:06:18] [169/459] MHCK
[22:06:18] 🔄 Identity reset
[22:06:18] 🔄 Identity rotated (every 10 requests)
[22:06:19] [170/459] SVGP
[22:06:20] [171/459] KRRC
[22:06:21] [172/459] IMCH
[22:06:22] [173/459] CMCS
[22:06:24] [174/459] SGND
[22:06:25] [175/459] RNAT
[22:06:26] [176/459] PRTN
[22:06:27] [177/459] MPTN
[22:06:28] [178/459] ARCC
[22:06:29] [179/459] NTTE
[22:06:29] 🔄 Identity reset
[22:06:29] 🔄 Identity rotated (every 10 requests)
[22:06:30] [180/459] ABND
[22:06:31] [181/459] KCSN
[22:06:32] [182/459] KCSA
[22:06:33] [183/459] DCKT
[22:06:34] [184/459] MBBR
[22:06:35] [185/459] RAMU
[22:06:36] [186/459] RACW
[22:06:38] [187/459] MCHP
[22:06:38] [188/459] TMHM
[22:06:39] [189/459] STXH
[22:06:39] 🔄 Identity reset
[22:06:39] 🔄 Identity rotated (every 10 requests)
[22:06:41] [190/459] AGSG
[22:06:42] [191/459] SIRA
[22:06:43] [192/459] RCAN
[22:06:43] [193/459] CWTB
[22:06:44] [194/459] VTYM
[22:06:45] [195/459] RRPP
[22:06:46] [196/459] ASMR
[22:06:47] [197/459] RONO
[22:06:48] [198/459] MEMR
[22:06:49] [199/459] CTMR
[22:06:49] 🔄 Identity reset
[22:06:49] 🔄 Identity rotated (every 10 requests)
[22:06:50] [200/459] PMTT
[22:06:51] [201/459] PSLX
[22:06:52] [202/459] IPPL
[22:06:54] [203/459] MMSG
[22:06:54] [204/459] INEL
[22:06:55] [205/459] COAC
[22:06:56] [206/459] WVLK
[22:06:57] [207/459] PPXL
[22:06:58] [208/459] PSML
[22:06:59] [209/459] FNLK
[22:06:59] 🔄 Identity reset
[22:06:59] 🔄 Identity rotated (every 10 requests)
[22:07:00] [210/459] ILUM
[22:07:02] [211/459] ILCM
[22:07:03] [212/459] MSNL
[22:07:04] [213/459] VINB
[22:07:05] [214/459] SALW
[22:07:05] [215/459] PRTB
[22:07:06] [216/459] NCIL
[22:07:07] [217/459] PSUL
[22:07:08] [218/459] SCLK
[22:07:09] [219/459] ADDC
[22:07:09] 🔄 Identity reset
[22:07:09] 🔄 Identity rotated (every 10 requests)
[22:07:10] [220/459] OACL
[22:07:11] [221/459] OOCF
[22:07:12] [222/459] GPMF
[22:07:13] [223/459] SSDG
[22:07:15] [224/459] SKRS
[22:07:16] [225/459] NTTP
[22:07:17] [226/459] SLTP
[22:07:18] [227/459] JTLC
[22:07:19] [228/459] POON
[22:07:20] [229/459] CCPC
[22:07:20] 🔄 Identity reset
[22:07:20] 🔄 Identity rotated (every 10 requests)
[22:07:21] [230/459] DCKC
[22:07:22] [231/459] CPRT
[22:07:24] [232/459] EYHZ
[22:07:25] [233/459] ARBL
[22:07:26] [234/459] SBTB
[22:07:27] [235/459] MMCK
[22:07:28] [236/459] PLMR
[22:07:29] [237/459] BIJH
[22:07:30] [238/459] SDRT
[22:07:31] [239/459] PRDC
[22:07:31] 🔄 Identity reset
[22:07:31] 🔄 Identity rotated (every 10 requests)
[22:07:32] [240/459] OMJA
[22:07:33] [241/459] VKCR
[22:07:33] [242/459] ATRT
[22:07:35] [243/459] WVRP
[22:07:36] [244/459] MVRP
[22:07:37] [245/459] FCAX
[22:07:38] [246/459] CTLC
[22:07:39] [247/459] JCHB
[22:07:40] [248/459] SELP
[22:07:41] [249/459] VCPG
[22:07:41] 🔄 Identity reset
[22:07:41] 🔄 Identity rotated (every 10 requests)
[22:07:42] [250/459] ASCX
[22:07:43] [251/459] EOCS
[22:07:44] [252/459] RCPH
[22:07:45] [253/459] RJTM
[22:07:45] [254/459] SGMD
[22:07:46] [255/459] SVJT
[22:07:47] [256/459] SPPO
[22:07:48] [257/459] MNRL
[22:07:49] [258/459] KNOX
[22:07:51] [259/459] GIER
[22:07:51] 🔄 Identity reset
[22:07:51] 🔄 Identity rotated (every 10 requests)
[22:07:52] [260/459] PJMS
[22:07:53] [261/459] UNSP
[22:07:54] [262/459] JETP
[22:07:55] [263/459] VTWA
[22:07:56] [264/459] SCJI
[22:07:57] [265/459] CBZZ
[22:07:58] [266/459] SDCJ
[22:07:59] [267/459] RRCC
[22:07:59] [268/459] VNKG
[22:08:00] [269/459] LKTO
[22:08:00] 🔄 Identity reset
[22:08:00] 🔄 Identity rotated (every 10 requests)
[22:08:01] [270/459] PJRM
[22:08:03] [271/459] NVRM
[22:08:04] [272/459] SJCS
[22:08:04] [273/459] VIGK
[22:08:05] [274/459] ANST
[22:08:06] [275/459] JTTS
[22:08:07] [276/459] NTST
[22:08:08] [277/459] PREB
[22:08:09] [278/459] TSCZ
[22:08:11] [279/459] CDCM
[22:08:11] 🔄 Identity reset
[22:08:11] 🔄 Identity rotated (every 10 requests)
[22:08:13] [280/459] ELYE
[22:08:14] [281/459] INBS
[22:08:15] [282/459] SMGC
[22:08:16] [283/459] UTMP
[22:08:21] [284/459] INTA
[22:08:22] [285/459] OMPT
[22:08:23] [286/459] SCIR
[22:08:23] [287/459] GCKJ
[22:08:24] [288/459] INOG
[22:08:26] [289/459] SMGB
[22:08:26] 🔄 Identity reset
[22:08:26] 🔄 Identity rotated (every 10 requests)
[22:08:27] [290/459] MCSG
[22:08:28] [291/459] STKG
[22:08:29] [292/459] TTKG
[22:08:30] [293/459] SRTR
[22:08:30] [294/459] ETTR
[22:08:32] [295/459] GGGZ
[22:08:34] [296/459] IPGM
[22:08:34] [297/459] FCDH
[22:08:35] [298/459] DESB
[22:08:37] [299/459] VNTP
[22:08:37] 🔄 Identity reset
[22:08:37] 🔄 Identity rotated (every 10 requests)
[22:08:38] [300/459] ANNT
[22:08:39] [301/459] SLTI
[22:08:40] [302/459] MAJU
[22:08:41] [303/459] JCXP
[22:08:42] [304/459] HARK
[22:08:43] [305/459] JPCJ
[22:08:44] [306/459] RXBD
[22:08:45] [307/459] PTKJ
[22:08:47] [308/459] CMTU
[22:08:48] [309/459] SWOR
[22:08:48] 🔄 Identity reset
[22:08:48] 🔄 Identity rotated (every 10 requests)
[22:08:49] [310/459] JMEX
[22:08:50] [311/459] DTPT
[22:08:51] [312/459] VGMM
[22:08:52] [313/459] VCSG
[22:08:53] [314/459] CVCG
[22:08:54] [315/459] TNTT
[22:08:54] [316/459] SHRM
[22:08:56] [317/459] CGKD
[22:08:57] [318/459] EKCM
[22:08:58] [319/459] SDCX
[22:08:58] 🔄 Identity reset
[22:08:58] 🔄 Identity rotated (every 10 requests)
[22:08:59] [320/459] SBTE
[22:09:00] [321/459] STKJ
[22:09:01] [322/459] TPCE
[22:09:02] [323/459] JTNP
[22:09:03] [324/459] LPCH
[22:09:04] [325/459] CPUO
[22:09:05] [326/459] APSU
[22:09:06] [327/459] RTHC
[22:09:07] [328/459] PTBU
[22:09:09] [329/459] CUCC
[22:09:09] 🔄 Identity reset
[22:09:09] 🔄 Identity rotated (every 10 requests)
[22:09:10] [330/459] CPSA
[22:09:11] [331/459] SUAY
[22:09:13] [332/459] AYAA
[22:09:14] [333/459] MUCH
[22:09:15] [334/459] PCIN
[22:09:16] [335/459] JRRM
[22:09:17] [336/459] KATS
[22:09:18] [337/459] MHFF
[22:09:20] [338/459] ESYM
[22:09:21] [339/459] STYV
[22:09:21] 🔄 Identity reset
[22:09:21] 🔄 Identity rotated (every 10 requests)
[22:09:22] [340/459] SDKG
[22:09:23] [341/459] SMTI
[22:09:24] [342/459] NYCS
[22:09:24] [343/459] MTBG
[22:09:25] [344/459] RHCA
[22:09:26] [345/459] PCKH
[22:09:27] [346/459] ARCR
[22:09:28] [347/459] NCMB
[22:09:29] [348/459] SHYC
[22:09:30] [349/459] LACK
[22:09:30] 🔄 Identity reset
[22:09:30] 🔄 Identity rotated (every 10 requests)
[22:09:31] [350/459] MTCM
[22:09:32] [351/459] RRBN
[22:09:33] [352/459] MYDC
[22:09:34] [353/459] STCS
[22:09:35] [354/459] CONN
[22:09:36] [355/459] SIPS
[22:09:37] [356/459] SMMX
[22:09:38] [357/459] SCBY
[22:09:40] [358/459] SUAP
[22:09:40] [359/459] RSMK
[22:09:40] 🔄 Identity reset
[22:09:40] 🔄 Identity rotated (every 10 requests)
[22:09:41] [360/459] STKP
[22:09:43] [361/459] CIPC
[22:09:44] [362/459] KKCI
[22:09:45] [363/459] CTNK
[22:09:46] [364/459] MMTZ
[22:09:48] [365/459] DCCO
[22:09:48] [366/459] VNMN
[22:09:49] [367/459] RLCN
[22:09:50] [368/459] CMMS
[22:09:52] [369/459] AYOU
[22:09:52] 🔄 Identity reset
[22:09:52] 🔄 Identity rotated (every 10 requests)
[22:09:53] [370/459] SSCN
[22:09:54] [371/459] SMXN
[22:09:55] [372/459] ASSK
[22:09:56] [373/459] VCKM
[22:09:57] [374/459] PCPH
[22:09:58] [375/459] PADM
[22:09:59] [376/459] IESA
[22:10:00] [377/459] VCSP
[22:10:00] [378/459] AEST
[22:10:01] [379/459] VTNR
[22:10:01] 🔄 Identity reset
[22:10:01] 🔄 Identity rotated (every 10 requests)
[22:10:02] [380/459] GTTA
[22:10:03] [381/459] CMMM
[22:10:04] [382/459] AHKT
[22:10:05] [383/459] SIJI
[22:10:06] [384/459] VCEI
[22:10:07] [385/459] SAKR
[22:10:08] [386/459] VSMT
[22:10:09] [387/459] SSCT
[22:10:10] [388/459] USTR
[22:10:11] [389/459] MTKT
[22:10:11] 🔄 Identity reset
[22:10:11] 🔄 Identity rotated (every 10 requests)
[22:10:12] [390/459] TGMP
[22:10:13] [391/459] SIVC
[22:10:14] [392/459] KICT
[22:10:15] [393/459] DAMD
[22:10:16] [394/459] CNPT
[22:10:17] [395/459] RVTT
[22:10:18] [396/459] SNCM
[22:10:20] [397/459] GHTE
[22:10:21] [398/459] PPAM
[22:10:22] [399/459] PVAA
[22:10:22] 🔄 Identity reset
[22:10:22] 🔄 Identity rotated (every 10 requests)
[22:10:23] [400/459] CPAO
[22:10:25] [401/459] HAMD
[22:10:26] [402/459] RCCA
[22:10:27] [403/459] MPCH
[22:10:28] [404/459] ARED
[22:10:29] [405/459] RRCV
[22:10:30] [406/459] MTRB
[22:10:31] [407/459] CKUA
[22:10:32] [408/459] ABMP
[22:10:34] [409/459] RCWA
[22:10:34] 🔄 Identity reset
[22:10:34] 🔄 Identity rotated (every 10 requests)
[22:10:35] [410/459] CGAR
[22:10:36] [411/459] METH
[22:10:37] [412/459] WAGA
[22:10:38] [413/459] MCMA
[22:10:39] [414/459] CSMP
[22:10:40] [415/459] RCNK
[22:10:41] [416/459] PSTM
[22:10:42] [417/459] CSEP
[22:10:43] [418/459] AMGD
[22:10:44] [419/459] CSTE
[22:10:44] 🔄 Identity reset
[22:10:44] 🔄 Identity rotated (every 10 requests)
[22:10:45] [420/459] CONS
[22:10:46] [421/459] APPX
[22:10:47] [422/459] MABC
[22:10:48] [423/459] CXST
[22:10:49] [424/459] MATN
[22:10:50] [425/459] MACZ
[22:10:51] [426/459] MASA
[22:10:52] [427/459] MBSX
[22:10:53] [428/459] CSST
[22:10:54] [429/459] APCL
[22:10:54] 🔄 Identity reset
[22:10:54] 🔄 Identity rotated (every 10 requests)
[22:10:55] [430/459] CGOS
[22:10:57] [431/459] CPEC
[22:10:58] [432/459] MCCP
[22:10:58] [433/459] BSSO
[22:10:59] [434/459] SJKA
[22:11:00] [435/459] CGBO
[22:11:01] [436/459] MVSK
[22:11:02] [437/459] HVCA
[22:11:03] [438/459] NAMD
[22:11:04] [439/459] DEVI
[22:11:04] 🔄 Identity reset
[22:11:04] 🔄 Identity rotated (every 10 requests)
[22:11:05] [440/459] SCSV
[22:11:06] [441/459] PSMA
[22:11:07] [442/459] CLDJ
[22:11:07] [443/459] NMAD
[22:11:08] [444/459] CGMO
[22:11:09] [445/459] MCNA
[22:11:11] [446/459] OCBN
[22:11:12] [447/459] CPEM
[22:11:13] [448/459] CPSM
[22:11:14] [449/459] RCAD
[22:11:14] 🔄 Identity reset
[22:11:14] 🔄 Identity rotated (every 10 requests)
[22:11:14] [450/459] CPMU
[22:11:16] [451/459] DICD
[22:11:16] [452/459] CHOE
[22:11:17] [453/459] PDJM
[22:11:18] [454/459] SSTU
[22:11:19] [455/459] VNRN
[22:11:20] [456/459] PVLG
[22:11:21] [457/459] SWBL
[22:11:22] [458/459] SCAB
[22:11:23] [459/459] RDDA
[22:11:23] 🔄 Identity reset
[22:11:23] 🔄 Identity rotated (every 10 requests)
[22:11:25] 🧹 Deduping shows
[22:11:25] ✅ DONE | Shows=4130 | Movies=82
[23:31:58] 🚀 SCRIPT STARTED
[23:31:58] [1/459] MCCZ
[23:31:58] 🧠 New identity created
[23:31:59] [2/459] FRPU
[23:32:00] [3/459] SKSI
[23:32:00] [4/459] SSCK
[23:32:01] [5/459] SRDC
[23:32:02] [6/459] RSCZ
[23:32:02] [7/459] PRVT
[23:32:03] [8/459] GAGJ
[23:32:04] [9/459] SMHG
[23:32:04] [10/459] JTST
[23:32:04] 🔄 Identity reset
[23:32:04] 🔄 Identity rotated (every 10 requests)
[23:32:05] [11/459] MYTH
[23:32:06] [12/459] JPCC
[23:32:07] [13/459] ACDC
[23:32:07] [14/459] SVFP
[23:32:08] [15/459] SFCM
[23:32:08] [16/459] RUPK
[23:32:09] [17/459] NTCR
[23:32:10] [18/459] RTCH
[23:32:10] [19/459] SCMH
[23:32:11] [20/459] SVYM
[23:32:11] 🔄 Identity reset
[23:32:11] 🔄 Identity rotated (every 10 requests)
[23:32:12] [21/459] SPYM
[23:32:12] [22/459] SMMF
[23:32:13] [23/459] CLLB
[23:32:14] [24/459] FMCB
[23:32:14] [25/459] BBTC
[23:32:15] [26/459] NTHS
[23:32:15] [27/459] PKKJ
[23:32:16] [28/459] MTJA
[23:32:17] [29/459] PMSJ
[23:32:17] [30/459] JMJU
[23:32:17] 🔄 Identity reset
[23:32:17] 🔄 Identity rotated (every 10 requests)
[23:32:18] [31/459] SRAD
[23:32:19] [32/459] MJMC
[23:32:20] [33/459] DFRM
[23:32:20] [34/459] PMRS
[23:32:21] [35/459] RKPP
[23:32:22] [36/459] BMBK
[23:32:22] [37/459] NEWS
[23:32:23] [38/459] SALB
[23:32:24] [39/459] SCPW
[23:32:24] [40/459] RAYL
[23:32:24] 🔄 Identity reset
[23:32:24] 🔄 Identity rotated (every 10 requests)
[23:32:25] [41/459] CMGJ
[23:32:27] [42/459] JRCR
[23:32:28] [43/459] SRTB
[23:32:29] [44/459] ETPB
[23:32:30] [45/459] MXBN
[23:32:31] [46/459] TOPE
[23:32:32] [47/459] SNLJ
[23:32:33] [48/459] CDDP
[23:32:34] [49/459] APCX
[23:32:35] [50/459] TALP
[23:32:35] 🔄 Identity reset
[23:32:35] 🔄 Identity rotated (every 10 requests)
[23:32:35] 🔄 Retry 1/5 for TALP in 2.6s
[23:32:35] 🔄 Identity reset
[23:32:38] 🧠 New identity created
[23:32:38] 🔄 Retry 2/5 for TALP in 4.3s
[23:32:38] 🔄 Identity reset
[23:32:42] 🧠 New identity created
[23:32:43] [51/459] RRMP
[23:32:43] [52/459] MAHB
[23:32:44] [53/459] MTKR
[23:32:44] [54/459] KSKL
[23:32:45] [55/459] RJLT
[23:32:46] [56/459] ATAS
[23:32:46] [57/459] AMHR
[23:32:47] [58/459] RSRM
[23:32:47] 🔄 Identity reset
[23:32:47] 🔄 Identity rotated (every 10 requests)
[23:32:48] [59/459] GCAT
[23:32:49] [60/459] SMML
[23:32:50] [61/459] ACCD
[23:32:50] [62/459] VYDA
[23:32:51] [63/459] MSKT
[23:32:52] [64/459] AVDM
[23:32:52] [65/459] ASMH
[23:32:53] [66/459] VTMB
[23:32:54] [67/459] WVMB
[23:32:54] [68/459] PPMN
[23:32:54] 🔄 Identity reset
[23:32:54] 🔄 Identity rotated (every 10 requests)
[23:32:54] 🔄 Retry 1/5 for PPMN in 2.6s
[23:32:54] 🔄 Identity reset
[23:32:57] 🧠 New identity created
[23:32:58] [69/459] MTMD
[23:32:59] [70/459] SMMO
[23:33:00] [71/459] DLPB
[23:33:02] [72/459] AKMD
[23:33:03] [73/459] SHRR
[23:33:04] [74/459] ASCO
[23:33:04] [75/459] CZVX
[23:33:05] [76/459] GCBB
[23:33:06] [77/459] ATBM
[23:33:06] 🔄 Identity reset
[23:33:06] 🔄 Identity rotated (every 10 requests)
[23:33:07] [78/459] TCGM
[23:33:09] [79/459] UMSE
[23:33:11] [80/459] NKCL
[23:33:12] [81/459] BTLR
[23:33:13] [82/459] GOCL
[23:33:14] [83/459] MIRN
[23:33:15] [84/459] THEC
[23:33:16] [85/459] SPPB
[23:33:17] [86/459] PMMM
[23:33:18] [87/459] GGMC
[23:33:18] 🔄 Identity reset
[23:33:18] 🔄 Identity rotated (every 10 requests)
[23:33:19] [88/459] AVSR
[23:33:20] [89/459] RDMH
[23:33:21] [90/459] JSRS
[23:33:21] [91/459] VKGP
[23:33:23] [92/459] ACRT
[23:33:23] [93/459] GCBA
[23:33:24] [94/459] GTCP
[23:33:25] [95/459] AKFC
[23:33:26] [96/459] INCS
[23:33:28] [97/459] SMCK
[23:33:28] 🔄 Identity reset
[23:33:28] 🔄 Identity rotated (every 10 requests)
[23:33:28] [98/459] BRUN
[23:33:29] [99/459] RPPC
[23:33:30] [100/459] PAYD
[23:33:30] [101/459] SVVT
[23:33:31] [102/459] RNCC
[23:33:32] [103/459] PCRC
[23:33:32] [104/459] PMRM
[23:33:33] [105/459] CCRP
[23:33:34] [106/459] INCR
[23:33:34] [107/459] ZTMP
[23:33:34] 🔄 Identity reset
[23:33:34] 🔄 Identity rotated (every 10 requests)
[23:33:35] [108/459] MCNR
[23:33:36] [109/459] INRP
[23:33:37] [110/459] STRC
[23:33:38] [111/459] RATI
[23:33:38] [112/459] PBTR
[23:33:39] [113/459] CMHP
[23:33:40] [114/459] ZECJ
[23:33:41] [115/459] CCCB
[23:33:42] [116/459] BWCB
[23:33:43] [117/459] CCAT
[23:33:43] 🔄 Identity reset
[23:33:43] 🔄 Identity rotated (every 10 requests)
[23:33:44] [118/459] KGCM
[23:33:45] [119/459] INPT
[23:33:46] [120/459] FNCO
[23:33:48] [121/459] SRMJ
[23:33:49] [122/459] PFSC
[23:33:51] [123/459] PBMC
[23:33:53] [124/459] KARP
[23:33:54] [125/459] KOVI
[23:33:55] [126/459] ACXL
[23:33:56] [127/459] GKCC
[23:33:56] 🔄 Identity reset
[23:33:56] 🔄 Identity rotated (every 10 requests)
[23:33:57] [128/459] ASCC
[23:33:58] [129/459] SETC
[23:33:58] [130/459] KACC
[23:33:59] [131/459] KAVE
[23:34:00] [132/459] CNTC
[23:34:00] [133/459] MEEN
[23:34:01] [134/459] BMRV
[23:34:02] [135/459] SVAM
[23:34:02] [136/459] VTBP
[23:34:03] [137/459] VCKN
[23:34:03] 🔄 Identity reset
[23:34:03] 🔄 Identity rotated (every 10 requests)
[23:34:04] [138/459] SGTK
[23:34:05] [139/459] RCGS
[23:34:06] [140/459] RCCB
[23:34:07] [141/459] RKSR
[23:34:08] [142/459] RKCU
[23:34:09] [143/459] GIBH
[23:34:10] [144/459] CXBS
[23:34:11] [145/459] GGCB
[23:34:11] [146/459] SCPB
[23:34:12] [147/459] AKTB
[23:34:12] 🔄 Identity reset
[23:34:12] 🔄 Identity rotated (every 10 requests)
[23:34:13] [148/459] SRBU
[23:34:14] [149/459] CSSA
[23:34:15] [150/459] MYAN
[23:34:15] [151/459] EXCA
[23:34:16] [152/459] CKSA
[23:34:17] [153/459] JTNM
[23:34:18] [154/459] CXKT
[23:34:18] [155/459] NCLM
[23:34:19] [156/459] JAAD
[23:34:19] [157/459] RDCR
[23:34:19] 🔄 Identity reset
[23:34:19] 🔄 Identity rotated (every 10 requests)
[23:34:20] [158/459] MEER
[23:34:21] [159/459] SIBT
[23:34:21] [160/459] PVVB
[23:34:22] [161/459] FNPN
[23:34:23] [162/459] CRPX
[23:34:24] [163/459] STET
[23:34:24] [164/459] METE
[23:34:25] [165/459] BJML
[23:34:26] [166/459] MAVT
[23:34:26] [167/459] MSRM
[23:34:26] 🔄 Identity reset
[23:34:26] 🔄 Identity rotated (every 10 requests)
[23:34:27] [168/459] TJMP
[23:34:27] [169/459] MHCK
[23:34:28] [170/459] SVGP
[23:34:28] [171/459] KRRC
[23:34:29] [172/459] IMCH
[23:34:30] [173/459] CMCS
[23:34:30] [174/459] SGND
[23:34:31] [175/459] RNAT
[23:34:32] [176/459] PRTN
[23:34:33] [177/459] MPTN
[23:34:33] 🔄 Identity reset
[23:34:33] 🔄 Identity rotated (every 10 requests)
[23:34:33] 🔄 Retry 1/5 for MPTN in 2.6s
[23:34:33] 🔄 Identity reset
[23:34:35] 🧠 New identity created
[23:34:36] [178/459] ARCC
[23:34:37] [179/459] NTTE
[23:34:37] [180/459] ABND
[23:34:38] [181/459] KCSN
[23:34:39] [182/459] KCSA
[23:34:39] [183/459] DCKT
[23:34:40] [184/459] MBBR
[23:34:41] [185/459] RAMU
[23:34:42] [186/459] RACW
[23:34:42] 🔄 Identity reset
[23:34:42] 🔄 Identity rotated (every 10 requests)
[23:34:43] [187/459] MCHP
[23:34:43] [188/459] TMHM
[23:34:44] [189/459] STXH
[23:34:45] [190/459] AGSG
[23:34:46] [191/459] SIRA
[23:34:48] [192/459] RCAN
[23:34:49] [193/459] CWTB
[23:34:50] [194/459] VTYM
[23:34:51] [195/459] RRPP
[23:34:53] [196/459] ASMR
[23:34:53] 🔄 Identity reset
[23:34:53] 🔄 Identity rotated (every 10 requests)
[23:34:53] [197/459] RONO
[23:34:54] [198/459] MEMR
[23:34:55] [199/459] CTMR
[23:34:55] [200/459] PMTT
[23:34:56] [201/459] PSLX
[23:34:56] [202/459] IPPL
[23:34:57] [203/459] MMSG
[23:34:58] [204/459] INEL
[23:34:58] [205/459] COAC
[23:34:59] [206/459] WVLK
[23:34:59] 🔄 Identity reset
[23:34:59] 🔄 Identity rotated (every 10 requests)
[23:34:59] 🔄 Retry 1/5 for WVLK in 2.1s
[23:34:59] 🔄 Identity reset
[23:35:01] 🧠 New identity created
[23:35:02] [207/459] PPXL
[23:35:04] [208/459] PSML
[23:35:04] [209/459] FNLK
[23:35:06] [210/459] ILUM
[23:35:07] [211/459] ILCM
[23:35:08] [212/459] MSNL
[23:35:09] [213/459] VINB
[23:35:10] [214/459] SALW
[23:35:11] [215/459] PRTB
[23:35:11] 🔄 Identity reset
[23:35:11] 🔄 Identity rotated (every 10 requests)
[23:35:12] [216/459] NCIL
[23:35:13] [217/459] PSUL
[23:35:14] [218/459] SCLK
[23:35:16] [219/459] ADDC
[23:35:17] [220/459] OACL
[23:35:18] [221/459] OOCF
[23:35:19] [222/459] GPMF
[23:35:20] [223/459] SSDG
[23:35:22] [224/459] SKRS
[23:35:23] [225/459] NTTP
[23:35:23] 🔄 Identity reset
[23:35:23] 🔄 Identity rotated (every 10 requests)
[23:35:24] [226/459] SLTP
[23:35:25] [227/459] JTLC
[23:35:26] [228/459] POON
[23:35:27] [229/459] CCPC
[23:35:28] [230/459] DCKC
[23:35:29] [231/459] CPRT
[23:35:30] [232/459] EYHZ
[23:35:31] [233/459] ARBL
[23:35:32] [234/459] SBTB
[23:35:33] [235/459] MMCK
[23:35:33] 🔄 Identity reset
[23:35:33] 🔄 Identity rotated (every 10 requests)
[23:35:34] [236/459] PLMR
[23:35:35] [237/459] BIJH
[23:35:36] [238/459] SDRT
[23:35:36] [239/459] PRDC
[23:35:37] [240/459] OMJA
[23:35:38] [241/459] VKCR
[23:35:39] [242/459] ATRT
[23:35:40] [243/459] WVRP
[23:35:40] [244/459] MVRP
[23:35:41] [245/459] FCAX
[23:35:41] 🔄 Identity reset
[23:35:41] 🔄 Identity rotated (every 10 requests)
[23:35:42] [246/459] CTLC
[23:35:43] [247/459] JCHB
[23:35:43] [248/459] SELP
[23:35:44] [249/459] VCPG
[23:35:45] [250/459] ASCX
[23:35:46] [251/459] EOCS
[23:35:46] [252/459] RCPH
[23:35:47] [253/459] RJTM
[23:35:48] [254/459] SGMD
[23:35:48] [255/459] SVJT
[23:35:48] 🔄 Identity reset
[23:35:48] 🔄 Identity rotated (every 10 requests)
[23:35:49] [256/459] SPPO
[23:35:50] [257/459] MNRL
[23:35:52] [258/459] KNOX
[23:35:53] [259/459] GIER
[23:35:54] [260/459] PJMS
[23:35:55] [261/459] UNSP
[23:35:55] [262/459] JETP
[23:35:57] [263/459] VTWA
[23:35:59] [264/459] SCJI
[23:36:00] [265/459] CBZZ
[23:36:00] 🔄 Identity reset
[23:36:00] 🔄 Identity rotated (every 10 requests)
[23:36:01] [266/459] SDCJ
[23:36:02] [267/459] RRCC
[23:36:02] [268/459] VNKG
[23:36:03] [269/459] LKTO
[23:36:03] [270/459] PJRM
[23:36:04] [271/459] NVRM
[23:36:05] [272/459] SJCS
[23:36:05] [273/459] VIGK
[23:36:06] [274/459] ANST
[23:36:07] [275/459] JTTS
[23:36:07] 🔄 Identity reset
[23:36:07] 🔄 Identity rotated (every 10 requests)
[23:36:08] [276/459] NTST
[23:36:10] [277/459] PREB
[23:36:11] [278/459] TSCZ
[23:36:12] [279/459] CDCM
[23:36:14] [280/459] ELYE
[23:36:15] [281/459] INBS
[23:36:16] [282/459] SMGC
[23:36:18] [283/459] UTMP
[23:36:19] [284/459] INTA
[23:36:20] [285/459] OMPT
[23:36:20] 🔄 Identity reset
[23:36:20] 🔄 Identity rotated (every 10 requests)
[23:36:21] [286/459] SCIR
[23:36:22] [287/459] GCKJ
[23:36:23] [288/459] INOG
[23:36:23] [289/459] SMGB
[23:36:24] [290/459] MCSG
[23:36:25] [291/459] STKG
[23:36:25] [292/459] TTKG
[23:36:26] [293/459] SRTR
[23:36:26] [294/459] ETTR
[23:36:27] [295/459] GGGZ
[23:36:27] 🔄 Identity reset
[23:36:27] 🔄 Identity rotated (every 10 requests)
[23:36:27] 🔄 Retry 1/5 for GGGZ in 2.4s
[23:36:27] 🔄 Identity reset
[23:36:30] 🧠 New identity created
[23:36:31] [296/459] IPGM
[23:36:32] [297/459] FCDH
[23:36:32] [298/459] DESB
[23:36:34] [299/459] VNTP
[23:36:35] [300/459] ANNT
[23:36:35] [301/459] SLTI
[23:36:36] [302/459] MAJU
[23:36:37] [303/459] JCXP
[23:36:38] [304/459] HARK
[23:36:38] 🔄 Identity reset
[23:36:38] 🔄 Identity rotated (every 10 requests)
[23:36:38] [305/459] JPCJ
[23:36:39] [306/459] RXBD
[23:36:40] [307/459] PTKJ
[23:36:41] [308/459] CMTU
[23:36:41] [309/459] SWOR
[23:36:42] [310/459] JMEX
[23:36:43] [311/459] DTPT
[23:36:44] [312/459] VGMM
[23:36:44] [313/459] VCSG
[23:36:45] [314/459] CVCG
[23:36:45] 🔄 Identity reset
[23:36:45] 🔄 Identity rotated (every 10 requests)
[23:36:46] [315/459] TNTT
[23:36:47] [316/459] SHRM
[23:36:48] [317/459] CGKD
[23:36:49] [318/459] EKCM
[23:36:50] [319/459] SDCX
[23:36:51] [320/459] SBTE
[23:36:52] [321/459] STKJ
[23:36:53] [322/459] TPCE
[23:36:54] [323/459] JTNP
[23:36:55] [324/459] LPCH
[23:36:55] 🔄 Identity reset
[23:36:55] 🔄 Identity rotated (every 10 requests)
[23:36:56] [325/459] CPUO
[23:36:57] [326/459] APSU
[23:36:58] [327/459] RTHC
[23:36:58] [328/459] PTBU
[23:36:59] [329/459] CUCC
[23:37:00] [330/459] CPSA
[23:37:01] [331/459] SUAY
[23:37:02] [332/459] AYAA
[23:37:03] [333/459] MUCH
[23:37:03] [334/459] PCIN
[23:37:03] 🔄 Identity reset
[23:37:03] 🔄 Identity rotated (every 10 requests)
[23:37:04] [335/459] JRRM
[23:37:05] [336/459] KATS
[23:37:05] [337/459] MHFF
[23:37:06] [338/459] ESYM
[23:37:07] [339/459] STYV
[23:37:08] [340/459] SDKG
[23:37:08] [341/459] SMTI
[23:37:09] [342/459] NYCS
[23:37:10] [343/459] MTBG
[23:37:11] [344/459] RHCA
[23:37:11] 🔄 Identity reset
[23:37:11] 🔄 Identity rotated (every 10 requests)
[23:37:11] [345/459] PCKH
[23:37:12] [346/459] ARCR
[23:37:13] [347/459] NCMB
[23:37:14] [348/459] SHYC
[23:37:14] [349/459] LACK
[23:37:15] [350/459] MTCM
[23:37:15] [351/459] RRBN
[23:37:16] [352/459] MYDC
[23:37:17] [353/459] STCS
[23:37:17] [354/459] CONN
[23:37:17] 🔄 Identity reset
[23:37:17] 🔄 Identity rotated (every 10 requests)
[23:37:18] [355/459] SIPS
[23:37:19] [356/459] SMMX
[23:37:19] [357/459] SCBY
[23:37:20] [358/459] SUAP
[23:37:21] [359/459] RSMK
[23:37:21] [360/459] STKP
[23:37:22] [361/459] CIPC
[23:37:24] [362/459] KKCI
[23:37:25] [363/459] CTNK
[23:37:25] [364/459] MMTZ
[23:37:25] 🔄 Identity reset
[23:37:25] 🔄 Identity rotated (every 10 requests)
[23:37:27] [365/459] DCCO
[23:37:28] [366/459] VNMN
[23:37:29] [367/459] RLCN
[23:37:30] [368/459] CMMS
[23:37:32] [369/459] AYOU
[23:37:33] [370/459] SSCN
[23:37:34] [371/459] SMXN
[23:37:34] [372/459] ASSK
[23:37:35] [373/459] VCKM
[23:37:36] [374/459] PCPH
[23:37:36] 🔄 Identity reset
[23:37:36] 🔄 Identity rotated (every 10 requests)
[23:37:37] [375/459] PADM
[23:37:39] [376/459] IESA
[23:37:40] [377/459] VCSP
[23:37:41] [378/459] AEST
[23:37:43] [379/459] VTNR
[23:37:44] [380/459] GTTA
[23:37:45] [381/459] CMMM
[23:37:46] [382/459] AHKT
[23:37:48] [383/459] SIJI
[23:37:49] [384/459] VCEI
[23:37:49] 🔄 Identity reset
[23:37:49] 🔄 Identity rotated (every 10 requests)
[23:37:49] 🔄 Retry 1/5 for VCEI in 2.3s
[23:37:49] 🔄 Identity reset
[23:37:51] 🧠 New identity created
[23:37:52] [385/459] SAKR
[23:37:52] [386/459] VSMT
[23:37:53] [387/459] SSCT
[23:37:53] [388/459] USTR
[23:37:54] [389/459] MTKT
[23:37:55] [390/459] TGMP
[23:37:55] [391/459] SIVC
[23:37:56] [392/459] KICT
[23:37:57] [393/459] DAMD
[23:37:57] 🔄 Identity reset
[23:37:57] 🔄 Identity rotated (every 10 requests)
[23:37:57] 🔄 Retry 1/5 for DAMD in 2.3s
[23:37:57] 🔄 Identity reset
[23:37:59] 🧠 New identity created
[23:38:00] [394/459] CNPT
[23:38:01] [395/459] RVTT
[23:38:01] [396/459] SNCM
[23:38:02] [397/459] GHTE
[23:38:03] [398/459] PPAM
[23:38:03] [399/459] PVAA
[23:38:04] [400/459] CPAO
[23:38:05] [401/459] HAMD
[23:38:06] [402/459] RCCA
[23:38:06] 🔄 Identity reset
[23:38:06] 🔄 Identity rotated (every 10 requests)
[23:38:06] [403/459] MPCH
[23:38:07] [404/459] ARED
[23:38:08] [405/459] RRCV
[23:38:09] [406/459] MTRB
[23:38:10] [407/459] CKUA
[23:38:10] [408/459] ABMP
[23:38:11] [409/459] RCWA
[23:38:12] [410/459] CGAR
[23:38:13] [411/459] METH
[23:38:14] [412/459] WAGA
[23:38:14] 🔄 Identity reset
[23:38:14] 🔄 Identity rotated (every 10 requests)
[23:38:14] [413/459] MCMA
[23:38:16] [414/459] CSMP
[23:38:17] [415/459] RCNK
[23:38:18] [416/459] PSTM
[23:38:18] [417/459] CSEP
[23:38:20] [418/459] AMGD
[23:38:21] [419/459] CSTE
[23:38:21] [420/459] CONS
[23:38:22] [421/459] APPX
[23:38:23] [422/459] MABC
[23:38:23] 🔄 Identity reset
[23:38:23] 🔄 Identity rotated (every 10 requests)
[23:38:24] [423/459] CXST
[23:38:24] [424/459] MATN
[23:38:25] [425/459] MACZ
[23:38:26] [426/459] MASA
[23:38:27] [427/459] MBSX
[23:38:29] [428/459] CSST
[23:38:30] [429/459] APCL
[23:38:30] [430/459] CGOS
[23:38:31] [431/459] CPEC
[23:38:32] [432/459] MCCP
[23:38:32] 🔄 Identity reset
[23:38:32] 🔄 Identity rotated (every 10 requests)
[23:38:33] [433/459] BSSO
[23:38:34] [434/459] SJKA
[23:38:35] [435/459] CGBO
[23:38:36] [436/459] MVSK
[23:38:37] [437/459] HVCA
[23:38:39] [438/459] NAMD
[23:38:40] [439/459] DEVI
[23:38:41] [440/459] SCSV
[23:38:42] [441/459] PSMA
[23:38:43] [442/459] CLDJ
[23:38:43] 🔄 Identity reset
[23:38:43] 🔄 Identity rotated (every 10 requests)
[23:38:44] [443/459] NMAD
[23:38:44] [444/459] CGMO
[23:38:45] [445/459] MCNA
[23:38:46] [446/459] OCBN
[23:38:47] [447/459] CPEM
[23:38:48] [448/459] CPSM
[23:38:48] [449/459] RCAD
[23:38:49] [450/459] CPMU
[23:38:50] [451/459] DICD
[23:38:51] [452/459] CHOE
[23:38:51] 🔄 Identity reset
[23:38:51] 🔄 Identity rotated (every 10 requests)
[23:38:52] [453/459] PDJM
[23:38:53] [454/459] SSTU
[23:38:54] [455/459] VNRN
[23:38:55] [456/459] PVLG
[23:38:55] [457/459] SWBL
[23:38:56] [458/459] SCAB
[23:38:57] [459/459] RDDA
[23:38:58] 🧹 Deduping shows
[23:38:58] ✅ DONE | Shows=4163 | Movies=82
