[18:55:04] 🚀 SCRIPT STARTED (enhanced anti‑detection)
[18:55:04] [1/322] CDCA
[18:55:05] 🧠 New identity created
[18:55:05] [2/322] VBCZ
[18:55:06] [3/322] MSDR
[18:55:07] [4/322] ACPV
[18:55:08] [5/322] PVHB
[18:55:09] [6/322] RCNH
[18:55:10] [7/322] IOMH
[18:55:11] [8/322] ILKS
[18:55:12] [9/322] AMSN
[18:55:13] [10/322] ANTP
[18:55:13] 🔄 Identity reset
[18:55:13] 🔄 Identity rotated (every 10 requests)
[18:55:14] [11/322] SSEK
[18:55:15] [12/322] PICP
[18:55:16] [13/322] SICO
[18:55:17] [14/322] SISP
[18:55:18] [15/322] SCPI
[18:55:19] [16/322] CRPR
[18:55:20] [17/322] DCTW
[18:55:22] [18/322] DCSP
[18:55:23] [19/322] KRPM
[18:55:24] [20/322] THKK
[18:55:24] 🔄 Identity reset
[18:55:24] 🔄 Identity rotated (every 10 requests)
[18:55:25] [21/322] SNMY
[18:55:26] [22/322] AKCC
[18:55:27] [23/322] PCAT
[18:55:28] [24/322] RFGO
[18:55:29] [25/322] GGCS
[18:55:30] [26/322] ACKR
[18:55:32] [27/322] STDO
[18:55:33] [28/322] ACKB
[18:55:34] [29/322] ALUC
[18:55:35] [30/322] MNSR
[18:55:35] 🔄 Identity reset
[18:55:35] 🔄 Identity rotated (every 10 requests)
[18:55:36] [31/322] CSSL
[18:55:37] [32/322] BGGM
[18:55:38] [33/322] MANT
[18:55:38] [34/322] SOOY
[18:55:39] [35/322] VPPK
[18:55:40] [36/322] MYHJ
[18:55:42] [37/322] KSCK
[18:55:43] [38/322] KATK
[18:55:44] [39/322] RTRT
[18:55:45] [40/322] SSTT
[18:55:46] 🔄 Identity reset
[18:55:46] 🔄 Identity rotated (every 10 requests)
[18:55:46] [41/322] SSTV
[18:55:47] [42/322] LACM
[18:55:48] [43/322] SGMG
[18:55:49] [44/322] KACX
[18:55:50] [45/322] GVCP
[18:55:50] [46/322] CSNC
[18:55:51] [47/322] SXCB
[18:55:52] [48/322] BAHS
[18:55:53] [49/322] PCBI
[18:55:54] [50/322] PSSM
[18:55:55] 🔄 Identity reset
[18:55:55] 🔄 Identity rotated (every 10 requests)
[18:55:55] [51/322] RCOK
[18:55:56] [52/322] SCPF
[18:55:57] [53/322] SSAS
[18:55:58] [54/322] EVMM
[18:55:59] [55/322] SYCB
[18:56:00] [56/322] GCKI
[18:56:01] [57/322] IAET
[18:56:02] [58/322] DDTD
[18:56:03] [59/322] GMDH
[18:56:04] [60/322] STLE
[18:56:04] 🔄 Identity reset
[18:56:04] 🔄 Identity rotated (every 10 requests)
[18:56:05] [61/322] JTRA
[18:56:06] [62/322] RPPA
[18:56:07] [63/322] ARUT
[18:56:08] [64/322] JTVM
[18:56:09] [65/322] SWRH
[18:56:10] [66/322] DCPC
[18:56:11] [67/322] RAPR
[18:56:12] [68/322] GCRT
[18:56:13] [69/322] ATUN
[18:56:14] [70/322] LTRM
[18:56:15] 🔄 Identity reset
[18:56:15] 🔄 Identity rotated (every 10 requests)
[18:56:15] [71/322] TASR
[18:56:16] [72/322] RLLC
[18:56:17] [73/322] MABI
[18:56:18] [74/322] SVHB
[18:56:19] [75/322] NVTB
[18:56:21] [76/322] KCKG
[18:56:22] [77/322] SSRN
[18:56:23] [78/322] VDDC
[18:56:23] [79/322] GKTK
[18:56:24] [80/322] YFSN
[18:56:25] 🔄 Identity reset
[18:56:25] 🔄 Identity rotated (every 10 requests)
[18:56:25] [81/322] GCSG
[18:56:26] [82/322] ESSM
[18:56:27] [83/322] KRIH
[18:56:28] [84/322] GCDS
[18:56:29] [85/322] CCSH
[18:56:30] [86/322] ACSK
[18:56:31] [87/322] APRK
[18:56:32] [88/322] ADKM
[18:56:33] [89/322] SRDM
[18:56:34] [90/322] SJMY
[18:56:35] 🔄 Identity reset
[18:56:35] 🔄 Identity rotated (every 10 requests)
[18:56:35] [91/322] PGGC
[18:56:36] [92/322] INGM
[18:56:37] [93/322] LSCB
[18:56:38] [94/322] STAD
[18:56:39] [95/322] MCCR
[18:56:40] [96/322] ABCC
[18:56:41] [97/322] RKCC
[18:56:42] [98/322] RTCR
[18:56:43] [99/322] GGBC
[18:56:44] [100/322] GCSD
[18:56:44] 🔄 Identity reset
[18:56:44] 🔄 Identity rotated (every 10 requests)
[18:56:45] [101/322] LPTY
[18:56:46] [102/322] MCFD
[18:56:47] [103/322] HENN
[18:56:48] [104/322] SMKU
[18:56:48] [105/322] TNZC
[18:56:49] [106/322] DRCD
[18:56:50] [107/322] DLCD
[18:56:52] [108/322] RCDA
[18:56:53] [109/322] COSM
[18:56:54] [110/322] MCMJ
[18:56:54] 🔄 Identity reset
[18:56:54] 🔄 Identity rotated (every 10 requests)
[18:56:55] [111/322] CSTR
[18:56:56] [112/322] CVDK
[18:56:56] [113/322] INRR
[18:56:57] [114/322] RJRT
[18:56:58] [115/322] IRMR
[18:56:59] [116/322] SRCF
[18:57:00] [117/322] GRCR
[18:57:02] [118/322] SURC
[18:57:03] [119/322] NMNH
[18:57:04] [120/322] SVBL
[18:57:04] 🔄 Identity reset
[18:57:04] 🔄 Identity rotated (every 10 requests)
[18:57:05] [121/322] KACI
[18:57:06] [122/322] TDGO
[18:57:07] [123/322] KTBR
[18:57:08] [124/322] PMAD
[18:57:09] [125/322] CCPN
[18:57:10] [126/322] SBTK
[18:57:11] [127/322] LMDK
[18:57:12] [128/322] PGDA
[18:57:13] [129/322] SRML
[18:57:14] [130/322] EVCK
[18:57:14] 🔄 Identity reset
[18:57:14] 🔄 Identity rotated (every 10 requests)
[18:57:15] [131/322] RTTK
[18:57:15] [132/322] SRTU
[18:57:16] [133/322] VRSA
[18:57:18] [134/322] VARS
[18:57:19] [135/322] DSCZ
[18:57:20] [136/322] GAGA
[18:57:21] [137/322] SARV
[18:57:22] [138/322] SEEG
[18:57:23] [139/322] GLCA
[18:57:24] [140/322] APAS
[18:57:25] 🔄 Identity reset
[18:57:25] 🔄 Identity rotated (every 10 requests)
[18:57:25] [141/322] VCIA
[18:57:26] [142/322] SJTA
[18:57:27] [143/322] SABM
[18:57:28] [144/322] PPAG
[18:57:29] [145/322] RVCA
[18:57:30] [146/322] CCIA
[18:57:31] [147/322] HTAG
[18:57:32] [148/322] SMBI
[18:57:33] [149/322] MCJR
[18:57:34] [150/322] CCJR
[18:57:35] 🔄 Identity reset
[18:57:35] 🔄 Identity rotated (every 10 requests)
[18:57:36] [151/322] SINF
[18:57:37] [152/322] CPLX
[18:57:37] [153/322] KKTJ
[18:57:38] [154/322] GDBW
[18:57:39] [155/322] CSUB
[18:57:40] [156/322] DABA
[18:57:41] [157/322] TITR
[18:57:42] [158/322] NYCR
[18:57:43] [159/322] RTRY
[18:57:44] [160/322] JTJL
[18:57:45] 🔄 Identity reset
[18:57:45] 🔄 Identity rotated (every 10 requests)
[18:57:45] [161/322] SJCP
[18:57:46] [162/322] KCCA
[18:57:47] [163/322] MLPG
[18:57:48] [164/322] VRCK
[18:57:49] [165/322] SRIN
[18:57:50] [166/322] CXMK
[18:57:51] [167/322] SKAD
[18:57:52] [168/322] AVTR
[18:57:53] [169/322] PTAJ
[18:57:54] [170/322] SCNK
[18:57:54] 🔄 Identity reset
[18:57:54] 🔄 Identity rotated (every 10 requests)
[18:57:54] 🔄 Retry 1/5 for SCNK in 2.9s
[18:57:54] 🔄 Identity reset
[18:57:57] 🧠 New identity created
[18:57:58] [171/322] STTI
[18:57:59] [172/322] KACR
[18:58:00] [173/322] SSDX
[18:58:01] [174/322] VRTJ
[18:58:03] [175/322] RAJD
[18:58:04] [176/322] SCIP
[18:58:05] [177/322] RJSL
[18:58:06] [178/322] ARRS
[18:58:07] [179/322] ASMS
[18:58:07] 🔄 Identity reset
[18:58:07] 🔄 Identity rotated (every 10 requests)
[18:58:08] [180/322] RDTS
[18:58:09] [181/322] DVMY
[18:58:10] [182/322] RASA
[18:58:11] [183/322] INOM
[18:58:11] [184/322] SPRS
[18:58:12] [185/322] SGCS
[18:58:13] [186/322] SALM
[18:58:15] [187/322] PKHC
[18:58:16] [188/322] RCSV
[18:58:17] [189/322] CPKC
[18:58:18] 🔄 Identity reset
[18:58:18] 🔄 Identity rotated (every 10 requests)
[18:58:19] [190/322] AACD
[18:58:20] [191/322] GGCV
[18:58:21] [192/322] SMKD
[18:58:22] [193/322] NBCH
[18:58:23] [194/322] AMCB
[18:58:24] [195/322] OPCN
[18:58:24] [196/322] DCIN
[18:58:25] [197/322] INGW
[18:58:26] [198/322] PKKW
[18:58:27] [199/322] FNGW
[18:58:28] 🔄 Identity reset
[18:58:28] 🔄 Identity rotated (every 10 requests)
[18:58:28] [200/322] GCGD
[18:58:29] [201/322] MSTW
[18:58:30] [202/322] KCCG
[18:58:31] [203/322] MRSS
[18:58:32] [204/322] CLCF
[18:58:33] [205/322] EETS
[18:58:34] [206/322] AATR
[18:58:35] [207/322] CMMN
[18:58:36] [208/322] SCCJ
[18:58:36] [209/322] CDTK
[18:58:37] 🔄 Identity reset
[18:58:37] 🔄 Identity rotated (every 10 requests)
[18:58:38] [210/322] AICP
[18:58:38] [211/322] FNBP
[18:58:40] [212/322] CBPB
[18:58:41] [213/322] CPAS
[18:58:42] [214/322] MAPM
[18:58:42] [215/322] PASD
[18:58:43] [216/322] JCMN
[18:58:44] [217/322] MALB
[18:58:45] [218/322] SACG
[18:58:46] [219/322] DDRX
[18:58:47] 🔄 Identity reset
[18:58:47] 🔄 Identity rotated (every 10 requests)
[18:58:48] [220/322] DDXB
[18:58:49] [221/322] RAMC
[18:58:50] [222/322] SANC
[18:58:51] [223/322] BCBP
[18:58:51] [224/322] ALPC
[18:58:52] [225/322] RBAC
[18:58:53] [226/322] RAJL
[18:58:54] [227/322] MPDX
[18:58:55] [228/322] MUSC
[18:58:56] [229/322] VKMK
[18:58:57] 🔄 Identity reset
[18:58:57] 🔄 Identity rotated (every 10 requests)
[18:58:57] [230/322] SKCG
[18:58:58] [231/322] ANCN
[18:58:59] [232/322] MMCJ
[18:59:00] [233/322] DCAK
[18:59:01] [234/322] SCKG
[18:59:02] [235/322] LMCK
[18:59:03] [236/322] CKKX
[18:59:04] [237/322] ANKU
[18:59:05] [238/322] CSMD
[18:59:07] [239/322] MKMP
[18:59:07] 🔄 Identity reset
[18:59:07] 🔄 Identity rotated (every 10 requests)
[18:59:08] [240/322] SVBG
[18:59:08] [241/322] ROOP
[18:59:10] [242/322] GDMT
[18:59:10] [243/322] FPPF
[18:59:11] [244/322] SFUU
[18:59:12] [245/322] ANCB
[18:59:13] [246/322] SMMC
[18:59:14] [247/322] UGKT
[18:59:15] [248/322] JVRM
[18:59:16] [249/322] BATG
[18:59:17] 🔄 Identity reset
[18:59:17] 🔄 Identity rotated (every 10 requests)
[18:59:17] [250/322] RATE
[18:59:19] [251/322] SKME
[18:59:20] [252/322] LMTP
[18:59:21] [253/322] TCBD
[18:59:22] [254/322] ESBD
[18:59:23] [255/322] GDCU
[18:59:24] [256/322] SNKT
[18:59:25] [257/322] SRNK
[18:59:26] [258/322] SMED
[18:59:27] [259/322] CSQS
[18:59:27] 🔄 Identity reset
[18:59:27] 🔄 Identity rotated (every 10 requests)
[18:59:28] [260/322] ALCS
[18:59:29] [261/322] KCKN
[18:59:30] [262/322] VCCL
[18:59:31] [263/322] MCDA
[18:59:32] [264/322] SHMI
[18:59:33] [265/322] SKHA
[18:59:34] [266/322] SVFK
[18:59:35] [267/322] INVB
[18:59:36] [268/322] MELD
[18:59:37] [269/322] JTYS
[18:59:37] 🔄 Identity reset
[18:59:37] 🔄 Identity rotated (every 10 requests)
[18:59:38] [270/322] INCM
[18:59:39] [271/322] MCDV
[18:59:39] [272/322] KSGK
[18:59:40] [273/322] ICMG
[18:59:41] [274/322] CSCV
[18:59:42] [275/322] STMD
[18:59:44] [276/322] STTR
[18:59:45] [277/322] INVC
[18:59:46] [278/322] JTBL
[18:59:47] [279/322] SRVV
[18:59:48] 🔄 Identity reset
[18:59:48] 🔄 Identity rotated (every 10 requests)
[18:59:48] [280/322] MAVC
[18:59:49] [281/322] SRPP
[18:59:50] [282/322] JGDM
[18:59:51] [283/322] MBSJ
[18:59:53] [284/322] SSLL
[18:59:54] [285/322] SLKP
[18:59:55] [286/322] NSRV
[18:59:56] [287/322] UTDV
[18:59:57] [288/322] KICM
[18:59:58] [289/322] KCMD
[18:59:58] 🔄 Identity reset
[18:59:58] 🔄 Identity rotated (every 10 requests)
[18:59:59] [290/322] TTPP
[19:00:00] [291/322] KMPV
[19:00:01] [292/322] SKTV
[19:00:02] [293/322] STCV
[19:00:03] [294/322] SRDA
[19:00:04] [295/322] JTSX
[19:00:05] [296/322] STBV
[19:00:06] [297/322] APVZ
[19:00:07] [298/322] GSTV
[19:00:09] [299/322] NMVS
[19:00:09] 🔄 Identity reset
[19:00:09] 🔄 Identity rotated (every 10 requests)
[19:00:10] [300/322] SKRT
[19:00:12] [301/322] RMDV
[19:00:13] [302/322] RATG
[19:00:14] [303/322] SJYV
[19:00:15] [304/322] NDGP
[19:00:16] [305/322] SNDG
[19:00:17] [306/322] INSR
[19:00:18] [307/322] INSO
[19:00:19] [308/322] CCSI
[19:00:20] [309/322] RASM
[19:00:21] 🔄 Identity reset
[19:00:21] 🔄 Identity rotated (every 10 requests)
[19:00:21] [310/322] NEWC
[19:00:22] [311/322] VSHL
[19:00:23] [312/322] BISW
[19:00:23] [313/322] GCNG
[19:00:24] [314/322] CWSC
[19:00:25] [315/322] SKAN
[19:00:26] [316/322] CCOA
[19:00:27] [317/322] MCAJ
[19:00:28] [318/322] ACDE
[19:00:29] [319/322] AACM
[19:00:30] 🔄 Identity reset
[19:00:30] 🔄 Identity rotated (every 10 requests)
[19:00:30] [320/322] JJCK
[19:00:31] [321/322] RCMO
[19:00:32] [322/322] GDAW
[19:00:33] 🧹 Deduping shows
[19:00:33] ✅ DONE | Shows=295 | Movies=10
[10:26:59] 🚀 SCRIPT STARTED
[10:26:59] [1/326] VCHA
[10:26:59] 🧠 New identity created
[10:27:01] [2/326] SCKO
[10:27:03] [3/326] VKTK
[10:27:04] [4/326] DXEC
[10:27:05] [5/326] CDCA
[10:27:07] [6/326] VBCZ
[10:27:09] [7/326] MSDR
[10:27:09] [8/326] ACPV
[10:27:10] [9/326] PVHB
[10:27:12] [10/326] RCNH
[10:27:12] 🔄 Identity reset
[10:27:12] 🔄 Identity rotated (every 10 requests)
[10:27:12] 🔄 Retry 1/5 for RCNH in 2.2s
[10:27:12] 🔄 Identity reset
[10:27:14] 🧠 New identity created
[10:27:15] [11/326] IOMH
[10:27:17] [12/326] ILKS
[10:27:18] [13/326] AMSN
[10:27:19] [14/326] ANTP
[10:27:21] [15/326] SSEK
[10:27:22] [16/326] PICP
[10:27:24] [17/326] SICO
[10:27:25] [18/326] SISP
[10:27:27] [19/326] SCPI
[10:27:27] 🔄 Identity reset
[10:27:27] 🔄 Identity rotated (every 10 requests)
[10:27:28] [20/326] CRPR
[10:27:30] [21/326] DCTW
[10:27:32] [22/326] DCSP
[10:27:33] [23/326] KRPM
[10:27:35] [24/326] THKK
[10:27:37] [25/326] SNMY
[10:27:38] [26/326] AKCC
[10:27:40] [27/326] PCAT
[10:27:40] [28/326] RFGO
[10:27:42] [29/326] GGCS
[10:27:42] 🔄 Identity reset
[10:27:42] 🔄 Identity rotated (every 10 requests)
[10:27:43] [30/326] ACKR
[10:27:44] [31/326] STDO
[10:27:45] [32/326] ACKB
[10:27:47] [33/326] ALUC
[10:27:48] [34/326] MNSR
[10:27:49] [35/326] CSSL
[10:27:50] [36/326] BGGM
[10:27:52] [37/326] MANT
[10:27:53] [38/326] SOOY
[10:27:55] [39/326] VPPK
[10:27:55] 🔄 Identity reset
[10:27:55] 🔄 Identity rotated (every 10 requests)
[10:27:57] [40/326] MYHJ
[10:27:57] [41/326] KSCK
[10:27:59] [42/326] KATK
[10:28:00] [43/326] RTRT
[10:28:02] [44/326] SSTT
[10:28:03] [45/326] SSTV
[10:28:05] [46/326] LACM
[10:28:07] [47/326] SGMG
[10:28:08] [48/326] KACX
[10:28:12] [49/326] GVCP
[10:28:12] 🔄 Identity reset
[10:28:12] 🔄 Identity rotated (every 10 requests)
[10:28:14] [50/326] CSNC
[10:28:15] [51/326] SXCB
[10:28:16] [52/326] BAHS
[10:28:18] [53/326] PCBI
[10:28:19] [54/326] PSSM
[10:28:21] [55/326] RCOK
[10:28:23] [56/326] SCPF
[10:28:24] [57/326] SSAS
[10:28:25] [58/326] EVMM
[10:28:26] [59/326] SYCB
[10:28:26] 🔄 Identity reset
[10:28:26] 🔄 Identity rotated (every 10 requests)
[10:28:28] [60/326] GCKI
[10:28:29] [61/326] IAET
[10:28:31] [62/326] DDTD
[10:28:32] [63/326] GMDH
[10:28:33] [64/326] STLE
[10:28:34] [65/326] JTRA
[10:28:36] [66/326] RPPA
[10:28:36] [67/326] ARUT
[10:28:37] [68/326] JTVM
[10:28:39] [69/326] SWRH
[10:28:39] 🔄 Identity reset
[10:28:39] 🔄 Identity rotated (every 10 requests)
[10:28:39] 🔄 Retry 1/5 for SWRH in 2.2s
[10:28:39] 🔄 Identity reset
[10:28:41] 🧠 New identity created
[10:28:43] [70/326] DCPC
[10:28:44] [71/326] RAPR
[10:28:46] [72/326] GCRT
[10:28:47] [73/326] ATUN
[10:28:48] [74/326] LTRM
[10:28:49] [75/326] TASR
[10:28:51] [76/326] RLLC
[10:28:53] [77/326] MABI
[10:28:54] [78/326] SVHB
[10:28:54] 🔄 Identity reset
[10:28:54] 🔄 Identity rotated (every 10 requests)
[10:28:56] [79/326] NVTB
[10:28:57] [80/326] KCKG
[10:29:09] 🔄 Retry 1/5 for KCKG in 2.4s
[10:29:09] 🔄 Identity reset
[10:29:11] 🧠 New identity created
[10:29:11] 🔄 Retry 2/5 for KCKG in 4.7s
[10:29:11] 🔄 Identity reset
[10:29:16] 🧠 New identity created
[10:29:17] [81/326] SSRN
[10:29:18] [82/326] VDDC
[10:29:19] [83/326] GKTK
[10:29:21] [84/326] YFSN
[10:29:22] [85/326] GCSG
[10:29:24] [86/326] ESSM
[10:29:24] 🔄 Identity reset
[10:29:24] 🔄 Identity rotated (every 10 requests)
[10:29:25] [87/326] KRIH
[10:29:27] [88/326] GCDS
[10:29:29] [89/326] CCSH
[10:29:30] [90/326] ACSK
[10:29:32] [91/326] APRK
[10:29:33] [92/326] ADKM
[10:29:35] [93/326] SRDM
[10:29:36] [94/326] SJMY
[10:29:37] [95/326] PGGC
[10:29:38] [96/326] INGM
[10:29:38] 🔄 Identity reset
[10:29:38] 🔄 Identity rotated (every 10 requests)
[10:29:39] [97/326] LSCB
[10:29:40] [98/326] STAD
[10:29:42] [99/326] MCCR
[10:29:42] [100/326] ABCC
[10:29:44] [101/326] RKCC
[10:29:45] [102/326] RTCR
[10:29:47] [103/326] GGBC
[10:29:48] [104/326] GCSD
[10:29:50] [105/326] LPTY
[10:29:52] [106/326] MCFD
[10:29:52] 🔄 Identity reset
[10:29:52] 🔄 Identity rotated (every 10 requests)
[10:29:52] 🔄 Retry 1/5 for MCFD in 2.5s
[10:29:52] 🔄 Identity reset
[10:29:54] 🧠 New identity created
[10:30:06] 🔄 Retry 2/5 for MCFD in 4.8s
[10:30:06] 🔄 Identity reset
[10:30:11] 🧠 New identity created
[10:30:12] [107/326] HENN
[10:30:13] [108/326] SMKU
[10:30:14] [109/326] TNZC
[10:30:16] [110/326] DRCD
[10:30:17] [111/326] DLCD
[10:30:18] [112/326] RCDA
[10:30:20] [113/326] COSM
[10:30:21] [114/326] MCMJ
[10:30:21] 🔄 Identity reset
[10:30:21] 🔄 Identity rotated (every 10 requests)
[10:30:22] [115/326] CSTR
[10:30:24] [116/326] CVDK
[10:30:25] [117/326] INRR
[10:30:26] [118/326] RJRT
[10:30:27] [119/326] IRMR
[10:30:28] [120/326] SRCF
[10:30:29] [121/326] GRCR
[10:30:31] [122/326] SURC
[10:30:32] [123/326] NMNH
[10:30:33] [124/326] SVBL
[10:30:33] 🔄 Identity reset
[10:30:33] 🔄 Identity rotated (every 10 requests)
[10:30:35] [125/326] KACI
[10:30:37] [126/326] TDGO
[10:30:38] [127/326] KTBR
[10:30:40] [128/326] PMAD
[10:30:42] [129/326] CCPN
[10:30:44] [130/326] SBTK
[10:30:44] [131/326] LMDK
[10:30:46] [132/326] PGDA
[10:30:48] [133/326] SRML
[10:30:49] [134/326] EVCK
[10:30:49] 🔄 Identity reset
[10:30:49] 🔄 Identity rotated (every 10 requests)
[10:30:51] [135/326] RTTK
[10:31:01] [136/326] SRTU
[10:31:02] [137/326] VRSA
[10:31:03] [138/326] VARS
[10:31:05] [139/326] DSCZ
[10:31:07] [140/326] GAGA
[10:31:09] [141/326] SARV
[10:31:10] [142/326] SEEG
[10:31:11] [143/326] GLCA
[10:31:12] [144/326] APAS
[10:31:12] 🔄 Identity reset
[10:31:12] 🔄 Identity rotated (every 10 requests)
[10:31:13] 🔄 Retry 1/5 for APAS in 2.7s
[10:31:13] 🔄 Identity reset
[10:31:15] 🧠 New identity created
[10:31:17] [145/326] VCIA
[10:31:19] [146/326] SJTA
[10:31:20] [147/326] SABM
[10:31:21] [148/326] PPAG
[10:31:22] [149/326] RVCA
[10:31:23] [150/326] CCIA
[10:31:24] [151/326] HTAG
[10:31:26] [152/326] SMBI
[10:31:27] [153/326] MCJR
[10:31:27] 🔄 Identity reset
[10:31:27] 🔄 Identity rotated (every 10 requests)
[10:31:28] [154/326] CCJR
[10:31:29] [155/326] SINF
[10:31:31] [156/326] CPLX
[10:31:32] [157/326] KKTJ
[10:31:33] [158/326] GDBW
[10:31:34] [159/326] CSUB
[10:31:36] [160/326] DABA
[10:31:37] [161/326] TITR
[10:31:38] [162/326] NYCR
[10:31:39] [163/326] RTRY
[10:31:39] 🔄 Identity reset
[10:31:39] 🔄 Identity rotated (every 10 requests)
[10:31:41] [164/326] JTJL
[10:31:42] [165/326] SJCP
[10:31:44] [166/326] KCCA
[10:31:45] [167/326] MLPG
[10:31:46] [168/326] VRCK
[10:31:48] [169/326] SRIN
[10:31:49] [170/326] CXMK
[10:31:51] [171/326] SKAD
[10:31:52] [172/326] AVTR
[10:31:53] [173/326] PTAJ
[10:31:53] 🔄 Identity reset
[10:31:53] 🔄 Identity rotated (every 10 requests)
[10:31:54] [174/326] SCNK
[10:31:56] [175/326] STTI
[10:31:58] [176/326] KACR
[10:31:59] [177/326] SSDX
[10:32:00] [178/326] VRTJ
[10:32:01] [179/326] RAJD
[10:32:02] [180/326] SCIP
[10:32:03] [181/326] RJSL
[10:32:04] [182/326] ARRS
[10:32:06] [183/326] ASMS
[10:32:06] 🔄 Identity reset
[10:32:06] 🔄 Identity rotated (every 10 requests)
[10:32:07] [184/326] RDTS
[10:32:09] [185/326] DVMY
[10:32:10] [186/326] RASA
[10:32:12] [187/326] INOM
[10:32:13] [188/326] SPRS
[10:32:15] [189/326] SGCS
[10:32:17] [190/326] SALM
[10:32:18] [191/326] PKHC
[10:32:20] [192/326] RCSV
[10:32:21] [193/326] CPKC
[10:32:21] 🔄 Identity reset
[10:32:21] 🔄 Identity rotated (every 10 requests)
[10:32:22] [194/326] AACD
[10:32:23] [195/326] GGCV
[10:32:24] [196/326] SMKD
[10:32:25] [197/326] NBCH
[10:32:26] [198/326] AMCB
[10:32:28] [199/326] OPCN
[10:32:38] [200/326] DCIN
[10:32:39] [201/326] INGW
[10:32:40] [202/326] PKKW
[10:32:42] [203/326] FNGW
[10:32:42] 🔄 Identity reset
[10:32:42] 🔄 Identity rotated (every 10 requests)
[10:32:43] [204/326] GCGD
[10:32:44] [205/326] MSTW
[10:32:45] [206/326] KCCG
[10:32:48] [207/326] MRSS
[10:32:49] [208/326] CLCF
[10:32:50] [209/326] EETS
[10:32:51] [210/326] AATR
[10:32:52] [211/326] CMMN
[10:32:54] [212/326] SCCJ
[10:32:55] [213/326] CDTK
[10:32:55] 🔄 Identity reset
[10:32:55] 🔄 Identity rotated (every 10 requests)
[10:32:56] [214/326] AICP
[10:32:57] [215/326] FNBP
[10:32:58] [216/326] CBPB
[10:32:59] [217/326] CPAS
[10:33:01] [218/326] MAPM
[10:33:02] [219/326] PASD
[10:33:02] [220/326] JCMN
[10:33:04] [221/326] MALB
[10:33:05] [222/326] SACG
[10:33:06] [223/326] DDRX
[10:33:06] 🔄 Identity reset
[10:33:06] 🔄 Identity rotated (every 10 requests)
[10:33:08] [224/326] DDXB
[10:33:09] [225/326] RAMC
[10:33:10] [226/326] SANC
[10:33:12] [227/326] BCBP
[10:33:13] [228/326] ALPC
[10:33:14] [229/326] RBAC
[10:33:15] [230/326] RAJL
[10:33:16] [231/326] MPDX
[10:33:17] [232/326] MUSC
[10:33:18] [233/326] VKMK
[10:33:18] 🔄 Identity reset
[10:33:18] 🔄 Identity rotated (every 10 requests)
[10:33:19] [234/326] SKCG
[10:33:20] [235/326] ANCN
[10:33:21] [236/326] MMCJ
[10:33:21] [237/326] DCAK
[10:33:23] [238/326] SCKG
[10:33:24] [239/326] LMCK
[10:33:32] [240/326] CKKX
[10:33:33] [241/326] ANKU
[10:33:34] [242/326] CSMD
[10:33:36] [243/326] MKMP
[10:33:36] 🔄 Identity reset
[10:33:36] 🔄 Identity rotated (every 10 requests)
[10:33:37] [244/326] SVBG
[10:33:38] [245/326] ROOP
[10:33:39] [246/326] GDMT
[10:33:40] [247/326] FPPF
[10:33:41] [248/326] SFUU
[10:33:42] [249/326] ANCB
[10:33:43] [250/326] SMMC
[10:33:45] [251/326] UGKT
[10:33:46] [252/326] JVRM
[10:33:47] [253/326] BATG
[10:33:47] 🔄 Identity reset
[10:33:47] 🔄 Identity rotated (every 10 requests)
[10:33:48] [254/326] RATE
[10:33:50] [255/326] SKME
[10:33:51] [256/326] LMTP
[10:33:53] [257/326] TCBD
[10:33:54] [258/326] ESBD
[10:33:55] [259/326] GDCU
[10:33:56] [260/326] SNKT
[10:33:58] [261/326] SRNK
[10:33:58] [262/326] SMED
[10:34:00] [263/326] CSQS
[10:34:00] 🔄 Identity reset
[10:34:00] 🔄 Identity rotated (every 10 requests)
[10:34:12] 🔄 Retry 1/5 for CSQS in 2.9s
[10:34:12] 🔄 Identity reset
[10:34:15] 🧠 New identity created
[10:34:21] [264/326] ALCS
[10:34:23] [265/326] KCKN
[10:34:24] [266/326] VCCL
[10:34:25] [267/326] MCDA
[10:34:26] [268/326] SHMI
[10:34:28] [269/326] SKHA
[10:34:28] [270/326] SVFK
[10:34:30] [271/326] INVB
[10:34:32] [272/326] MELD
[10:34:32] 🔄 Identity reset
[10:34:32] 🔄 Identity rotated (every 10 requests)
[10:34:33] [273/326] JTYS
[10:34:34] [274/326] INCM
[10:34:36] [275/326] MCDV
[10:34:38] [276/326] KSGK
[10:34:39] [277/326] ICMG
[10:34:40] [278/326] CSCV
[10:34:41] [279/326] STMD
[10:34:42] [280/326] STTR
[10:34:43] [281/326] INVC
[10:34:45] [282/326] JTBL
[10:34:45] 🔄 Identity reset
[10:34:45] 🔄 Identity rotated (every 10 requests)
[10:34:47] [283/326] SRVV
[10:34:48] [284/326] MAVC
[10:34:49] [285/326] SRPP
[10:34:50] [286/326] JGDM
[10:34:52] [287/326] MBSJ
[10:34:53] [288/326] SSLL
[10:34:54] [289/326] SLKP
[10:34:55] [290/326] NSRV
[10:34:56] [291/326] UTDV
[10:34:58] [292/326] KICM
[10:34:58] 🔄 Identity reset
[10:34:58] 🔄 Identity rotated (every 10 requests)
[10:34:59] [293/326] KCMD
[10:35:00] [294/326] TTPP
[10:35:01] [295/326] KMPV
[10:35:02] [296/326] SKTV
[10:35:03] [297/326] STCV
[10:35:07] [298/326] SRDA
[10:35:08] [299/326] JTSX
[10:35:10] [300/326] STBV
[10:35:11] [301/326] APVZ
[10:35:12] [302/326] GSTV
[10:35:12] 🔄 Identity reset
[10:35:12] 🔄 Identity rotated (every 10 requests)
[10:35:14] [303/326] NMVS
[10:35:16] [304/326] SKRT
[10:35:18] [305/326] RMDV
[10:35:19] [306/326] RATG
[10:35:21] [307/326] SJYV
[10:35:22] [308/326] NDGP
[10:35:23] [309/326] SNDG
[10:35:24] [310/326] INSR
[10:35:25] [311/326] INSO
[10:35:26] [312/326] CCSI
[10:35:26] 🔄 Identity reset
[10:35:26] 🔄 Identity rotated (every 10 requests)
[10:35:26] 🔄 Retry 1/5 for CCSI in 2.3s
[10:35:26] 🔄 Identity reset
[10:35:28] 🧠 New identity created
[10:35:29] [313/326] RASM
[10:35:31] [314/326] NEWC
[10:35:32] [315/326] VSHL
[10:35:33] [316/326] BISW
[10:35:35] [317/326] GCNG
[10:35:36] [318/326] CWSC
[10:35:37] [319/326] SKAN
[10:35:39] [320/326] CCOA
[10:35:40] [321/326] MCAJ
[10:35:40] 🔄 Identity reset
[10:35:40] 🔄 Identity rotated (every 10 requests)
[10:35:41] [322/326] ACDE
[10:35:43] [323/326] AACM
[10:35:44] [324/326] JJCK
[10:35:45] [325/326] RCMO
[10:35:47] [326/326] GDAW
[10:35:48] 🧹 Deduping shows
[10:35:48] ✅ DONE | Shows=2102 | Movies=62
[17:05:45] 🚀 SCRIPT STARTED
[17:05:45] [1/326] VCHA
[17:05:45] 🧠 New identity created
[17:05:46] [2/326] SCKO
[17:05:47] [3/326] VKTK
[17:05:47] [4/326] DXEC
[17:05:48] [5/326] CDCA
[17:05:49] [6/326] VBCZ
[17:05:50] [7/326] MSDR
[17:05:52] [8/326] ACPV
[17:05:53] [9/326] PVHB
[17:05:54] [10/326] RCNH
[17:05:54] 🔄 Identity reset
[17:05:54] 🔄 Identity rotated (every 10 requests)
[17:05:55] [11/326] IOMH
[17:05:56] [12/326] ILKS
[17:05:57] [13/326] AMSN
[17:05:58] [14/326] ANTP
[17:05:59] [15/326] SSEK
[17:06:00] [16/326] PICP
[17:06:01] [17/326] SICO
[17:06:03] [18/326] SISP
[17:06:04] [19/326] SCPI
[17:06:05] [20/326] CRPR
[17:06:05] 🔄 Identity reset
[17:06:05] 🔄 Identity rotated (every 10 requests)
[17:06:06] [21/326] DCTW
[17:06:07] [22/326] DCSP
[17:06:08] [23/326] KRPM
[17:06:10] [24/326] THKK
[17:06:11] [25/326] SNMY
[17:06:13] [26/326] AKCC
[17:06:13] [27/326] PCAT
[17:06:14] [28/326] RFGO
[17:06:15] [29/326] GGCS
[17:06:16] [30/326] ACKR
[17:06:16] 🔄 Identity reset
[17:06:16] 🔄 Identity rotated (every 10 requests)
[17:06:17] [31/326] STDO
[17:06:18] [32/326] ACKB
[17:06:18] [33/326] ALUC
[17:06:19] [34/326] MNSR
[17:06:21] [35/326] CSSL
[17:06:22] [36/326] BGGM
[17:06:23] [37/326] MANT
[17:06:24] [38/326] SOOY
[17:06:25] [39/326] VPPK
[17:06:26] [40/326] MYHJ
[17:06:26] 🔄 Identity reset
[17:06:26] 🔄 Identity rotated (every 10 requests)
[17:06:27] [41/326] KSCK
[17:06:28] [42/326] KATK
[17:06:29] [43/326] RTRT
[17:06:30] [44/326] SSTT
[17:06:31] [45/326] SSTV
[17:06:32] [46/326] LACM
[17:06:33] [47/326] SGMG
[17:06:34] [48/326] KACX
[17:06:36] [49/326] GVCP
[17:06:36] [50/326] CSNC
[17:06:36] 🔄 Identity reset
[17:06:36] 🔄 Identity rotated (every 10 requests)
[17:06:36] 🔄 Retry 1/5 for CSNC in 2.7s
[17:06:36] 🔄 Identity reset
[17:06:39] 🧠 New identity created
[17:06:40] [51/326] SXCB
[17:06:41] [52/326] BAHS
[17:06:41] [53/326] PCBI
[17:06:43] [54/326] PSSM
[17:06:44] [55/326] RCOK
[17:06:45] [56/326] SCPF
[17:06:46] [57/326] SSAS
[17:06:47] [58/326] EVMM
[17:06:48] [59/326] SYCB
[17:06:48] 🔄 Identity reset
[17:06:48] 🔄 Identity rotated (every 10 requests)
[17:06:50] [60/326] GCKI
[17:06:51] [61/326] IAET
[17:06:52] [62/326] DDTD
[17:06:53] [63/326] GMDH
[17:06:54] [64/326] STLE
[17:06:55] [65/326] JTRA
[17:06:56] [66/326] RPPA
[17:06:58] [67/326] ARUT
[17:06:59] [68/326] JTVM
[17:07:00] [69/326] SWRH
[17:07:00] 🔄 Identity reset
[17:07:00] 🔄 Identity rotated (every 10 requests)
[17:07:01] [70/326] DCPC
[17:07:03] [71/326] RAPR
[17:07:04] [72/326] GCRT
[17:07:05] [73/326] ATUN
[17:07:06] [74/326] LTRM
[17:07:07] [75/326] TASR
[17:07:08] [76/326] RLLC
[17:07:10] [77/326] MABI
[17:07:10] [78/326] SVHB
[17:07:11] [79/326] NVTB
[17:07:11] 🔄 Identity reset
[17:07:11] 🔄 Identity rotated (every 10 requests)
[17:07:12] [80/326] KCKG
[17:07:13] [81/326] SSRN
[17:07:15] [82/326] VDDC
[17:07:17] [83/326] GKTK
[17:07:17] [84/326] YFSN
[17:07:19] [85/326] GCSG
[17:07:20] [86/326] ESSM
[17:07:21] [87/326] KRIH
[17:07:22] [88/326] GCDS
[17:07:22] [89/326] CCSH
[17:07:22] 🔄 Identity reset
[17:07:22] 🔄 Identity rotated (every 10 requests)
[17:07:23] [90/326] ACSK
[17:07:24] [91/326] APRK
[17:07:25] [92/326] ADKM
[17:07:25] [93/326] SRDM
[17:07:26] [94/326] SJMY
[17:07:27] [95/326] PGGC
[17:07:28] [96/326] INGM
[17:07:29] [97/326] LSCB
[17:07:30] [98/326] STAD
[17:07:31] [99/326] MCCR
[17:07:31] 🔄 Identity reset
[17:07:31] 🔄 Identity rotated (every 10 requests)
[17:07:32] [100/326] ABCC
[17:07:34] [101/326] RKCC
[17:07:35] [102/326] RTCR
[17:07:36] [103/326] GGBC
[17:07:36] [104/326] GCSD
[17:07:37] [105/326] LPTY
[17:07:38] [106/326] MCFD
[17:07:39] [107/326] HENN
[17:07:40] [108/326] SMKU
[17:07:42] [109/326] TNZC
[17:07:42] 🔄 Identity reset
[17:07:42] 🔄 Identity rotated (every 10 requests)
[17:07:43] [110/326] DRCD
[17:07:44] [111/326] DLCD
[17:07:44] [112/326] RCDA
[17:07:45] [113/326] COSM
[17:07:46] [114/326] MCMJ
[17:07:47] [115/326] CSTR
[17:07:47] [116/326] CVDK
[17:07:48] [117/326] INRR
[17:07:49] [118/326] RJRT
[17:07:50] [119/326] IRMR
[17:07:50] 🔄 Identity reset
[17:07:50] 🔄 Identity rotated (every 10 requests)
[17:07:50] 🔄 Retry 1/5 for IRMR in 2.5s
[17:07:50] 🔄 Identity reset
[17:07:53] 🧠 New identity created
[17:07:54] [120/326] SRCF
[17:07:55] [121/326] GRCR
[17:07:56] [122/326] SURC
[17:07:56] [123/326] NMNH
[17:07:57] [124/326] SVBL
[17:07:58] [125/326] KACI
[17:07:59] [126/326] TDGO
[17:08:00] [127/326] KTBR
[17:08:00] [128/326] PMAD
[17:08:00] 🔄 Identity reset
[17:08:00] 🔄 Identity rotated (every 10 requests)
[17:08:01] [129/326] CCPN
[17:08:02] [130/326] SBTK
[17:08:03] [131/326] LMDK
[17:08:04] [132/326] PGDA
[17:08:05] [133/326] SRML
[17:08:06] [134/326] EVCK
[17:08:06] [135/326] RTTK
[17:08:07] [136/326] SRTU
[17:08:08] [137/326] VRSA
[17:08:09] [138/326] VARS
[17:08:09] 🔄 Identity reset
[17:08:09] 🔄 Identity rotated (every 10 requests)
[17:08:11] [139/326] DSCZ
[17:08:12] [140/326] GAGA
[17:08:13] [141/326] SARV
[17:08:13] [142/326] SEEG
[17:08:15] [143/326] GLCA
[17:08:16] [144/326] APAS
[17:08:17] [145/326] VCIA
[17:08:18] [146/326] SJTA
[17:08:20] [147/326] SABM
[17:08:20] [148/326] PPAG
[17:08:20] 🔄 Identity reset
[17:08:20] 🔄 Identity rotated (every 10 requests)
[17:08:21] [149/326] RVCA
[17:08:22] [150/326] CCIA
[17:08:24] [151/326] HTAG
[17:08:25] [152/326] SMBI
[17:08:26] [153/326] MCJR
[17:08:26] [154/326] CCJR
[17:08:27] [155/326] SINF
[17:08:28] [156/326] CPLX
[17:08:28] [157/326] KKTJ
[17:08:29] [158/326] GDBW
[17:08:29] 🔄 Identity reset
[17:08:29] 🔄 Identity rotated (every 10 requests)
[17:08:30] [159/326] CSUB
[17:08:31] [160/326] DABA
[17:08:32] [161/326] TITR
[17:08:34] [162/326] NYCR
[17:08:35] [163/326] RTRY
[17:08:36] [164/326] JTJL
[17:08:38] [165/326] SJCP
[17:08:39] [166/326] KCCA
[17:08:39] [167/326] MLPG
[17:08:40] [168/326] VRCK
[17:08:40] 🔄 Identity reset
[17:08:40] 🔄 Identity rotated (every 10 requests)
[17:08:41] [169/326] SRIN
[17:08:43] [170/326] CXMK
[17:08:43] [171/326] SKAD
[17:08:44] [172/326] AVTR
[17:08:45] [173/326] PTAJ
[17:08:47] [174/326] SCNK
[17:08:48] [175/326] STTI
[17:08:49] [176/326] KACR
[17:08:49] [177/326] SSDX
[17:08:50] [178/326] VRTJ
[17:08:50] 🔄 Identity reset
[17:08:50] 🔄 Identity rotated (every 10 requests)
[17:08:50] 🔄 Retry 1/5 for VRTJ in 2.3s
[17:08:50] 🔄 Identity reset
[17:08:53] 🧠 New identity created
[17:08:53] [179/326] RAJD
[17:08:55] [180/326] SCIP
[17:08:57] [181/326] RJSL
[17:08:57] [182/326] ARRS
[17:08:58] [183/326] ASMS
[17:08:59] [184/326] RDTS
[17:09:01] [185/326] DVMY
[17:09:02] [186/326] RASA
[17:09:03] [187/326] INOM
[17:09:03] 🔄 Identity reset
[17:09:03] 🔄 Identity rotated (every 10 requests)
[17:09:03] 🔄 Retry 1/5 for INOM in 2.5s
[17:09:03] 🔄 Identity reset
[17:09:05] 🧠 New identity created
[17:09:07] [188/326] SPRS
[17:09:09] [189/326] SGCS
[17:09:09] [190/326] SALM
[17:09:10] [191/326] PKHC
[17:09:11] [192/326] RCSV
[17:09:12] [193/326] CPKC
[17:09:14] [194/326] AACD
[17:09:14] [195/326] GGCV
[17:09:15] [196/326] SMKD
[17:09:15] 🔄 Identity reset
[17:09:15] 🔄 Identity rotated (every 10 requests)
[17:09:16] [197/326] NBCH
[17:09:17] [198/326] AMCB
[17:09:18] [199/326] OPCN
[17:09:18] [200/326] DCIN
[17:09:19] [201/326] INGW
[17:09:20] [202/326] PKKW
[17:09:20] [203/326] FNGW
[17:09:21] [204/326] GCGD
[17:09:22] [205/326] MSTW
[17:09:24] [206/326] KCCG
[17:09:24] 🔄 Identity reset
[17:09:24] 🔄 Identity rotated (every 10 requests)
[17:09:24] [207/326] MRSS
[17:09:25] [208/326] CLCF
[17:09:26] [209/326] EETS
[17:09:27] [210/326] AATR
[17:09:27] [211/326] CMMN
[17:09:28] [212/326] SCCJ
[17:09:29] [213/326] CDTK
[17:09:30] [214/326] AICP
[17:09:30] [215/326] FNBP
[17:09:31] [216/326] CBPB
[17:09:31] 🔄 Identity reset
[17:09:31] 🔄 Identity rotated (every 10 requests)
[17:09:32] [217/326] CPAS
[17:09:33] [218/326] MAPM
[17:09:34] [219/326] PASD
[17:09:35] [220/326] JCMN
[17:09:36] [221/326] MALB
[17:09:37] [222/326] SACG
[17:09:38] [223/326] DDRX
[17:09:40] [224/326] DDXB
[17:09:40] [225/326] RAMC
[17:09:41] [226/326] SANC
[17:09:41] 🔄 Identity reset
[17:09:41] 🔄 Identity rotated (every 10 requests)
[17:09:43] [227/326] BCBP
[17:09:43] [228/326] ALPC
[17:09:44] [229/326] RBAC
[17:09:45] [230/326] RAJL
[17:09:45] [231/326] MPDX
[17:09:46] [232/326] MUSC
[17:09:47] [233/326] VKMK
[17:09:48] [234/326] SKCG
[17:09:49] [235/326] ANCN
[17:09:51] [236/326] MMCJ
[17:09:51] 🔄 Identity reset
[17:09:51] 🔄 Identity rotated (every 10 requests)
[17:09:51] [237/326] DCAK
[17:09:52] [238/326] SCKG
[17:09:53] [239/326] LMCK
[17:09:53] [240/326] CKKX
[17:09:55] [241/326] ANKU
[17:09:56] [242/326] CSMD
[17:09:58] [243/326] MKMP
[17:09:59] [244/326] SVBG
[17:10:00] [245/326] ROOP
[17:10:01] [246/326] GDMT
[17:10:01] 🔄 Identity reset
[17:10:01] 🔄 Identity rotated (every 10 requests)
[17:10:02] [247/326] FPPF
[17:10:03] [248/326] SFUU
[17:10:04] [249/326] ANCB
[17:10:05] [250/326] SMMC
[17:10:06] [251/326] UGKT
[17:10:07] [252/326] JVRM
[17:10:09] [253/326] BATG
[17:10:09] [254/326] RATE
[17:10:10] [255/326] SKME
[17:10:11] [256/326] LMTP
[17:10:11] 🔄 Identity reset
[17:10:11] 🔄 Identity rotated (every 10 requests)
[17:10:12] [257/326] TCBD
[17:10:14] [258/326] ESBD
[17:10:15] [259/326] GDCU
[17:10:16] [260/326] SNKT
[17:10:17] [261/326] SRNK
[17:10:18] [262/326] SMED
[17:10:19] [263/326] CSQS
[17:10:20] [264/326] ALCS
[17:10:21] [265/326] KCKN
[17:10:22] [266/326] VCCL
[17:10:22] 🔄 Identity reset
[17:10:22] 🔄 Identity rotated (every 10 requests)
[17:10:23] [267/326] MCDA
[17:10:24] [268/326] SHMI
[17:10:25] [269/326] SKHA
[17:10:26] [270/326] SVFK
[17:10:27] [271/326] INVB
[17:10:28] [272/326] MELD
[17:10:28] [273/326] JTYS
[17:10:29] [274/326] INCM
[17:10:30] [275/326] MCDV
[17:10:30] [276/326] KSGK
[17:10:30] 🔄 Identity reset
[17:10:30] 🔄 Identity rotated (every 10 requests)
[17:10:31] [277/326] ICMG
[17:10:32] [278/326] CSCV
[17:10:33] [279/326] STMD
[17:10:34] [280/326] STTR
[17:10:35] [281/326] INVC
[17:10:36] [282/326] JTBL
[17:10:37] [283/326] SRVV
[17:10:37] [284/326] MAVC
[17:10:38] [285/326] SRPP
[17:10:39] [286/326] JGDM
[17:10:39] 🔄 Identity reset
[17:10:39] 🔄 Identity rotated (every 10 requests)
[17:10:39] 🔄 Retry 1/5 for JGDM in 2.4s
[17:10:39] 🔄 Identity reset
[17:10:42] 🧠 New identity created
[17:10:42] [287/326] MBSJ
[17:10:43] [288/326] SSLL
[17:10:44] [289/326] SLKP
[17:10:46] [290/326] NSRV
[17:10:46] [291/326] UTDV
[17:10:47] [292/326] KICM
[17:10:48] [293/326] KCMD
[17:10:49] [294/326] TTPP
[17:10:51] [295/326] KMPV
[17:10:51] 🔄 Identity reset
[17:10:51] 🔄 Identity rotated (every 10 requests)
[17:10:51] [296/326] SKTV
[17:10:53] [297/326] STCV
[17:10:54] [298/326] SRDA
[17:10:55] [299/326] JTSX
[17:10:56] [300/326] STBV
[17:10:58] [301/326] APVZ
[17:10:59] [302/326] GSTV
[17:11:00] [303/326] NMVS
[17:11:01] [304/326] SKRT
[17:11:01] [305/326] RMDV
[17:11:01] 🔄 Identity reset
[17:11:01] 🔄 Identity rotated (every 10 requests)
[17:11:02] [306/326] RATG
[17:11:03] [307/326] SJYV
[17:11:03] [308/326] NDGP
[17:11:04] [309/326] SNDG
[17:11:05] [310/326] INSR
[17:11:06] [311/326] INSO
[17:11:07] [312/326] CCSI
[17:11:08] [313/326] RASM
[17:11:09] [314/326] NEWC
[17:11:09] [315/326] VSHL
[17:11:09] 🔄 Identity reset
[17:11:09] 🔄 Identity rotated (every 10 requests)
[17:11:10] [316/326] BISW
[17:11:11] [317/326] GCNG
[17:11:12] [318/326] CWSC
[17:11:13] [319/326] SKAN
[17:11:14] [320/326] CCOA
[17:11:16] [321/326] MCAJ
[17:11:17] [322/326] ACDE
[17:11:18] [323/326] AACM
[17:11:19] [324/326] JJCK
[17:11:19] [325/326] RCMO
[17:11:19] 🔄 Identity reset
[17:11:19] 🔄 Identity rotated (every 10 requests)
[17:11:20] [326/326] GDAW
[17:11:20] 🧹 Deduping shows
[17:11:20] ✅ DONE | Shows=2419 | Movies=66
[21:21:53] 🚀 SCRIPT STARTED
[21:21:53] [1/326] VCHA
[21:21:53] 🧠 New identity created
[21:21:54] [2/326] SCKO
[21:21:55] [3/326] VKTK
[21:21:57] [4/326] DXEC
[21:21:57] [5/326] CDCA
[21:21:58] [6/326] VBCZ
[21:21:59] [7/326] MSDR
[21:22:00] [8/326] ACPV
[21:22:01] [9/326] PVHB
[21:22:02] [10/326] RCNH
[21:22:02] 🔄 Identity reset
[21:22:02] 🔄 Identity rotated (every 10 requests)
[21:22:03] [11/326] IOMH
[21:22:04] [12/326] ILKS
[21:22:05] [13/326] AMSN
[21:22:06] [14/326] ANTP
[21:22:07] [15/326] SSEK
[21:22:08] [16/326] PICP
[21:22:09] [17/326] SICO
[21:22:10] [18/326] SISP
[21:22:10] [19/326] SCPI
[21:22:11] [20/326] CRPR
[21:22:11] 🔄 Identity reset
[21:22:11] 🔄 Identity rotated (every 10 requests)
[21:22:12] [21/326] DCTW
[21:22:13] [22/326] DCSP
[21:22:15] [23/326] KRPM
[21:22:16] [24/326] THKK
[21:22:17] [25/326] SNMY
[21:22:18] [26/326] AKCC
[21:22:18] [27/326] PCAT
[21:22:19] [28/326] RFGO
[21:22:20] [29/326] GGCS
[21:22:21] [30/326] ACKR
[21:22:21] 🔄 Identity reset
[21:22:21] 🔄 Identity rotated (every 10 requests)
[21:22:22] [31/326] STDO
[21:22:23] [32/326] ACKB
[21:22:24] [33/326] ALUC
[21:22:25] [34/326] MNSR
[21:22:26] [35/326] CSSL
[21:22:27] [36/326] BGGM
[21:22:28] [37/326] MANT
[21:22:29] [38/326] SOOY
[21:22:30] [39/326] VPPK
[21:22:31] [40/326] MYHJ
[21:22:31] 🔄 Identity reset
[21:22:31] 🔄 Identity rotated (every 10 requests)
[21:22:32] [41/326] KSCK
[21:22:33] [42/326] KATK
[21:22:34] [43/326] RTRT
[21:22:35] [44/326] SSTT
[21:22:36] [45/326] SSTV
[21:22:37] [46/326] LACM
[21:22:38] [47/326] SGMG
[21:22:39] [48/326] KACX
[21:22:40] [49/326] GVCP
[21:22:42] [50/326] CSNC
[21:22:42] 🔄 Identity reset
[21:22:42] 🔄 Identity rotated (every 10 requests)
[21:22:43] [51/326] SXCB
[21:22:44] [52/326] BAHS
[21:22:45] [53/326] PCBI
[21:22:45] [54/326] PSSM
[21:22:46] [55/326] RCOK
[21:22:47] [56/326] SCPF
[21:22:48] [57/326] SSAS
[21:22:50] [58/326] EVMM
[21:22:51] [59/326] SYCB
[21:22:52] [60/326] GCKI
[21:22:52] 🔄 Identity reset
[21:22:52] 🔄 Identity rotated (every 10 requests)
[21:22:52] 🔄 Retry 1/5 for GCKI in 2.8s
[21:22:52] 🔄 Identity reset
[21:22:54] 🧠 New identity created
[21:22:56] [61/326] IAET
[21:22:56] [62/326] DDTD
[21:22:57] [63/326] GMDH
[21:22:58] [64/326] STLE
[21:22:59] [65/326] JTRA
[21:23:00] [66/326] RPPA
[21:23:01] [67/326] ARUT
[21:23:02] [68/326] JTVM
[21:23:04] [69/326] SWRH
[21:23:04] 🔄 Identity reset
[21:23:04] 🔄 Identity rotated (every 10 requests)
[21:23:04] 🔄 Retry 1/5 for SWRH in 3.0s
[21:23:04] 🔄 Identity reset
[21:23:07] 🧠 New identity created
[21:23:08] [70/326] DCPC
[21:23:09] [71/326] RAPR
[21:23:10] [72/326] GCRT
[21:23:11] [73/326] ATUN
[21:23:12] [74/326] LTRM
[21:23:13] [75/326] TASR
[21:23:14] [76/326] RLLC
[21:23:16] [77/326] MABI
[21:23:17] [78/326] SVHB
[21:23:17] 🔄 Identity reset
[21:23:17] 🔄 Identity rotated (every 10 requests)
[21:23:18] [79/326] NVTB
[21:23:19] [80/326] KCKG
[21:23:19] [81/326] SSRN
[21:23:20] [82/326] VDDC
[21:23:21] [83/326] GKTK
[21:23:23] [84/326] YFSN
[21:23:24] [85/326] GCSG
[21:23:25] [86/326] ESSM
[21:23:26] [87/326] KRIH
[21:23:27] [88/326] GCDS
[21:23:27] 🔄 Identity reset
[21:23:27] 🔄 Identity rotated (every 10 requests)
[21:23:28] [89/326] CCSH
[21:23:28] [90/326] ACSK
[21:23:30] [91/326] APRK
[21:23:31] [92/326] ADKM
[21:23:32] [93/326] SRDM
[21:23:33] [94/326] SJMY
[21:23:34] [95/326] PGGC
[21:23:35] [96/326] INGM
[21:23:36] [97/326] LSCB
[21:23:37] [98/326] STAD
[21:23:37] 🔄 Identity reset
[21:23:37] 🔄 Identity rotated (every 10 requests)
[21:23:38] [99/326] MCCR
[21:23:39] [100/326] ABCC
[21:23:40] [101/326] RKCC
[21:23:41] [102/326] RTCR
[21:23:42] [103/326] GGBC
[21:23:43] [104/326] GCSD
[21:23:44] [105/326] LPTY
[21:23:45] [106/326] MCFD
[21:23:46] [107/326] HENN
[21:23:47] [108/326] SMKU
[21:23:47] 🔄 Identity reset
[21:23:47] 🔄 Identity rotated (every 10 requests)
[21:23:47] 🔄 Retry 1/5 for SMKU in 3.0s
[21:23:47] 🔄 Identity reset
[21:23:50] 🧠 New identity created
[21:23:52] [109/326] TNZC
[21:23:52] [110/326] DRCD
[21:23:53] [111/326] DLCD
[21:23:54] [112/326] RCDA
[21:23:56] [113/326] COSM
[21:23:57] [114/326] MCMJ
[21:23:58] [115/326] CSTR
[21:23:59] [116/326] CVDK
[21:24:00] [117/326] INRR
[21:24:00] 🔄 Identity reset
[21:24:00] 🔄 Identity rotated (every 10 requests)
[21:24:01] [118/326] RJRT
[21:24:03] [119/326] IRMR
[21:24:04] [120/326] SRCF
[21:24:05] [121/326] GRCR
[21:24:06] [122/326] SURC
[21:24:07] [123/326] NMNH
[21:24:09] [124/326] SVBL
[21:24:11] [125/326] KACI
[21:24:12] [126/326] TDGO
[21:24:13] [127/326] KTBR
[21:24:13] 🔄 Identity reset
[21:24:13] 🔄 Identity rotated (every 10 requests)
[21:24:13] 🔄 Retry 1/5 for KTBR in 2.7s
[21:24:13] 🔄 Identity reset
[21:24:16] 🧠 New identity created
[21:24:16] [128/326] PMAD
[21:24:17] [129/326] CCPN
[21:24:18] [130/326] SBTK
[21:24:19] [131/326] LMDK
[21:24:20] [132/326] PGDA
[21:24:21] [133/326] SRML
[21:24:22] [134/326] EVCK
[21:24:23] [135/326] RTTK
[21:24:24] [136/326] SRTU
[21:24:24] 🔄 Identity reset
[21:24:24] 🔄 Identity rotated (every 10 requests)
[21:24:25] [137/326] VRSA
[21:24:26] [138/326] VARS
[21:24:28] [139/326] DSCZ
[21:24:29] [140/326] GAGA
[21:24:29] [141/326] SARV
[21:24:30] [142/326] SEEG
[21:24:31] [143/326] GLCA
[21:24:32] [144/326] APAS
[21:24:33] [145/326] VCIA
[21:24:34] [146/326] SJTA
[21:24:34] 🔄 Identity reset
[21:24:34] 🔄 Identity rotated (every 10 requests)
[21:24:36] [147/326] SABM
[21:24:37] [148/326] PPAG
[21:24:38] [149/326] RVCA
[21:24:39] [150/326] CCIA
[21:24:39] [151/326] HTAG
[21:24:40] [152/326] SMBI
[21:24:42] [153/326] MCJR
[21:24:42] [154/326] CCJR
[21:24:43] [155/326] SINF
[21:24:44] [156/326] CPLX
[21:24:44] 🔄 Identity reset
[21:24:44] 🔄 Identity rotated (every 10 requests)
[21:24:44] 🔄 Retry 1/5 for CPLX in 2.9s
[21:24:44] 🔄 Identity reset
[21:24:47] 🧠 New identity created
[21:24:48] [157/326] KKTJ
[21:24:49] [158/326] GDBW
[21:24:50] [159/326] CSUB
[21:24:51] [160/326] DABA
[21:24:53] [161/326] TITR
[21:24:54] [162/326] NYCR
[21:24:55] [163/326] RTRY
[21:24:55] [164/326] JTJL
[21:24:56] [165/326] SJCP
[21:24:56] 🔄 Identity reset
[21:24:56] 🔄 Identity rotated (every 10 requests)
[21:24:57] [166/326] KCCA
[21:24:58] [167/326] MLPG
[21:24:59] [168/326] VRCK
[21:25:01] [169/326] SRIN
[21:25:03] [170/326] CXMK
[21:25:04] [171/326] SKAD
[21:25:05] [172/326] AVTR
[21:25:06] [173/326] PTAJ
[21:25:07] [174/326] SCNK
[21:25:09] [175/326] STTI
[21:25:09] 🔄 Identity reset
[21:25:09] 🔄 Identity rotated (every 10 requests)
[21:25:10] [176/326] KACR
[21:25:11] [177/326] SSDX
[21:25:12] [178/326] VRTJ
[21:25:13] [179/326] RAJD
[21:25:14] [180/326] SCIP
[21:25:15] [181/326] RJSL
[21:25:16] [182/326] ARRS
[21:25:17] [183/326] ASMS
[21:25:18] [184/326] RDTS
[21:25:20] [185/326] DVMY
[21:25:20] 🔄 Identity reset
[21:25:20] 🔄 Identity rotated (every 10 requests)
[21:25:20] 🔄 Retry 1/5 for DVMY in 3.0s
[21:25:20] 🔄 Identity reset
[21:25:23] 🧠 New identity created
[21:25:23] 🔄 Retry 2/5 for DVMY in 4.8s
[21:25:23] 🔄 Identity reset
[21:25:28] 🧠 New identity created
[21:25:29] [186/326] RASA
[21:25:30] [187/326] INOM
[21:25:31] [188/326] SPRS
[21:25:32] [189/326] SGCS
[21:25:33] [190/326] SALM
[21:25:34] [191/326] PKHC
[21:25:35] [192/326] RCSV
[21:25:36] [193/326] CPKC
[21:25:36] 🔄 Identity reset
[21:25:36] 🔄 Identity rotated (every 10 requests)
[21:25:37] [194/326] AACD
[21:25:38] [195/326] GGCV
[21:25:39] [196/326] SMKD
[21:25:40] [197/326] NBCH
[21:25:41] [198/326] AMCB
[21:25:42] [199/326] OPCN
[21:25:43] [200/326] DCIN
[21:25:44] [201/326] INGW
[21:25:45] [202/326] PKKW
[21:25:46] [203/326] FNGW
[21:25:46] 🔄 Identity reset
[21:25:46] 🔄 Identity rotated (every 10 requests)
[21:25:47] [204/326] GCGD
[21:25:48] [205/326] MSTW
[21:25:49] [206/326] KCCG
[21:25:50] [207/326] MRSS
[21:25:52] [208/326] CLCF
[21:25:52] [209/326] EETS
[21:25:53] [210/326] AATR
[21:25:54] [211/326] CMMN
[21:25:56] [212/326] SCCJ
[21:25:57] [213/326] CDTK
[21:25:57] 🔄 Identity reset
[21:25:57] 🔄 Identity rotated (every 10 requests)
[21:25:58] [214/326] AICP
[21:25:59] [215/326] FNBP
[21:26:00] [216/326] CBPB
[21:26:01] [217/326] CPAS
[21:26:03] [218/326] MAPM
[21:26:04] [219/326] PASD
[21:26:05] [220/326] JCMN
[21:26:05] [221/326] MALB
[21:26:07] [222/326] SACG
[21:26:08] [223/326] DDRX
[21:26:08] 🔄 Identity reset
[21:26:08] 🔄 Identity rotated (every 10 requests)
[21:26:09] [224/326] DDXB
[21:26:10] [225/326] RAMC
[21:26:11] [226/326] SANC
[21:26:12] [227/326] BCBP
[21:26:13] [228/326] ALPC
[21:26:14] [229/326] RBAC
[21:26:15] [230/326] RAJL
[21:26:17] [231/326] MPDX
[21:26:18] [232/326] MUSC
[21:26:19] [233/326] VKMK
[21:26:19] 🔄 Identity reset
[21:26:20] 🔄 Identity rotated (every 10 requests)
[21:26:21] [234/326] SKCG
[21:26:22] [235/326] ANCN
[21:26:23] [236/326] MMCJ
[21:26:24] [237/326] DCAK
[21:26:24] [238/326] SCKG
[21:26:25] [239/326] LMCK
[21:26:27] [240/326] CKKX
[21:26:28] [241/326] ANKU
[21:26:29] [242/326] CSMD
[21:26:30] [243/326] MKMP
[21:26:30] 🔄 Identity reset
[21:26:30] 🔄 Identity rotated (every 10 requests)
[21:26:30] 🔄 Retry 1/5 for MKMP in 2.7s
[21:26:30] 🔄 Identity reset
[21:26:33] 🧠 New identity created
[21:26:34] [244/326] SVBG
[21:26:35] [245/326] ROOP
[21:26:36] [246/326] GDMT
[21:26:37] [247/326] FPPF
[21:26:38] [248/326] SFUU
[21:26:40] [249/326] ANCB
[21:26:41] [250/326] SMMC
[21:26:41] [251/326] UGKT
[21:26:43] [252/326] JVRM
[21:26:43] 🔄 Identity reset
[21:26:43] 🔄 Identity rotated (every 10 requests)
[21:26:44] [253/326] BATG
[21:26:45] [254/326] RATE
[21:26:46] [255/326] SKME
[21:26:48] [256/326] LMTP
[21:26:49] [257/326] TCBD
[21:26:50] [258/326] ESBD
[21:26:51] [259/326] GDCU
[21:26:52] [260/326] SNKT
[21:26:53] [261/326] SRNK
[21:26:54] [262/326] SMED
[21:26:54] 🔄 Identity reset
[21:26:54] 🔄 Identity rotated (every 10 requests)
[21:26:55] [263/326] CSQS
[21:26:57] [264/326] ALCS
[21:26:59] [265/326] KCKN
[21:27:00] [266/326] VCCL
[21:27:01] [267/326] MCDA
[21:27:02] [268/326] SHMI
[21:27:03] [269/326] SKHA
[21:27:04] [270/326] SVFK
[21:27:05] [271/326] INVB
[21:27:06] [272/326] MELD
[21:27:06] 🔄 Identity reset
[21:27:06] 🔄 Identity rotated (every 10 requests)
[21:27:07] [273/326] JTYS
[21:27:08] [274/326] INCM
[21:27:09] [275/326] MCDV
[21:27:10] [276/326] KSGK
[21:27:11] [277/326] ICMG
[21:27:12] [278/326] CSCV
[21:27:13] [279/326] STMD
[21:27:14] [280/326] STTR
[21:27:15] [281/326] INVC
[21:27:16] [282/326] JTBL
[21:27:16] 🔄 Identity reset
[21:27:16] 🔄 Identity rotated (every 10 requests)
[21:27:17] [283/326] SRVV
[21:27:18] [284/326] MAVC
[21:27:19] [285/326] SRPP
[21:27:20] [286/326] JGDM
[21:27:20] [287/326] MBSJ
[21:27:21] [288/326] SSLL
[21:27:22] [289/326] SLKP
[21:27:24] [290/326] NSRV
[21:27:25] [291/326] UTDV
[21:27:26] [292/326] KICM
[21:27:26] 🔄 Identity reset
[21:27:26] 🔄 Identity rotated (every 10 requests)
[21:27:27] [293/326] KCMD
[21:27:29] [294/326] TTPP
[21:27:29] [295/326] KMPV
[21:27:30] [296/326] SKTV
[21:27:31] [297/326] STCV
[21:27:32] [298/326] SRDA
[21:27:34] [299/326] JTSX
[21:27:35] [300/326] STBV
[21:27:36] [301/326] APVZ
[21:27:38] [302/326] GSTV
[21:27:38] 🔄 Identity reset
[21:27:38] 🔄 Identity rotated (every 10 requests)
[21:27:39] [303/326] NMVS
[21:27:40] [304/326] SKRT
[21:27:41] [305/326] RMDV
[21:27:42] [306/326] RATG
[21:27:43] [307/326] SJYV
[21:27:44] [308/326] NDGP
[21:27:45] [309/326] SNDG
[21:27:47] [310/326] INSR
[21:27:48] [311/326] INSO
[21:27:49] [312/326] CCSI
[21:27:49] 🔄 Identity reset
[21:27:49] 🔄 Identity rotated (every 10 requests)
[21:27:50] [313/326] RASM
[21:27:51] [314/326] NEWC
[21:27:51] [315/326] VSHL
[21:27:53] [316/326] BISW
[21:27:54] [317/326] GCNG
[21:27:55] [318/326] CWSC
[21:27:56] [319/326] SKAN
[21:27:57] [320/326] CCOA
[21:27:57] [321/326] MCAJ
[21:27:58] [322/326] ACDE
[21:27:58] 🔄 Identity reset
[21:27:58] 🔄 Identity rotated (every 10 requests)
[21:27:59] [323/326] AACM
[21:28:00] [324/326] JJCK
[21:28:01] [325/326] RCMO
[21:28:02] [326/326] GDAW
[21:28:03] 🧹 Deduping shows
[21:28:03] ✅ DONE | Shows=2483 | Movies=65
[22:03:39] 🚀 SCRIPT STARTED
[22:03:39] [1/326] VCHA
[22:03:39] 🧠 New identity created
[22:03:40] [2/326] SCKO
[22:03:41] [3/326] VKTK
[22:03:42] [4/326] DXEC
[22:03:43] [5/326] CDCA
[22:03:44] [6/326] VBCZ
[22:03:45] [7/326] MSDR
[22:03:46] [8/326] ACPV
[22:03:48] [9/326] PVHB
[22:03:49] [10/326] RCNH
[22:03:49] 🔄 Identity reset
[22:03:49] 🔄 Identity rotated (every 10 requests)
[22:03:50] [11/326] IOMH
[22:03:51] [12/326] ILKS
[22:03:52] [13/326] AMSN
[22:03:53] [14/326] ANTP
[22:03:54] [15/326] SSEK
[22:03:55] [16/326] PICP
[22:03:56] [17/326] SICO
[22:03:57] [18/326] SISP
[22:03:58] [19/326] SCPI
[22:04:00] [20/326] CRPR
[22:04:00] 🔄 Identity reset
[22:04:00] 🔄 Identity rotated (every 10 requests)
[22:04:01] [21/326] DCTW
[22:04:02] [22/326] DCSP
[22:04:03] [23/326] KRPM
[22:04:03] [24/326] THKK
[22:04:04] [25/326] SNMY
[22:04:05] [26/326] AKCC
[22:04:06] [27/326] PCAT
[22:04:07] [28/326] RFGO
[22:04:08] [29/326] GGCS
[22:04:09] [30/326] ACKR
[22:04:09] 🔄 Identity reset
[22:04:09] 🔄 Identity rotated (every 10 requests)
[22:04:10] [31/326] STDO
[22:04:11] [32/326] ACKB
[22:04:13] [33/326] ALUC
[22:04:14] [34/326] MNSR
[22:04:15] [35/326] CSSL
[22:04:16] [36/326] BGGM
[22:04:18] [37/326] MANT
[22:04:18] [38/326] SOOY
[22:04:19] [39/326] VPPK
[22:04:21] [40/326] MYHJ
[22:04:21] 🔄 Identity reset
[22:04:21] 🔄 Identity rotated (every 10 requests)
[22:04:21] [41/326] KSCK
[22:04:22] [42/326] KATK
[22:04:23] [43/326] RTRT
[22:04:24] [44/326] SSTT
[22:04:25] [45/326] SSTV
[22:04:26] [46/326] LACM
[22:04:28] [47/326] SGMG
[22:04:29] [48/326] KACX
[22:04:30] [49/326] GVCP
[22:04:32] [50/326] CSNC
[22:04:32] 🔄 Identity reset
[22:04:32] 🔄 Identity rotated (every 10 requests)
[22:04:33] [51/326] SXCB
[22:04:34] [52/326] BAHS
[22:04:35] [53/326] PCBI
[22:04:36] [54/326] PSSM
[22:04:37] [55/326] RCOK
[22:04:38] [56/326] SCPF
[22:04:39] [57/326] SSAS
[22:04:40] [58/326] EVMM
[22:04:41] [59/326] SYCB
[22:04:42] [60/326] GCKI
[22:04:42] 🔄 Identity reset
[22:04:42] 🔄 Identity rotated (every 10 requests)
[22:04:43] [61/326] IAET
[22:04:43] [62/326] DDTD
[22:04:44] [63/326] GMDH
[22:04:45] [64/326] STLE
[22:04:46] [65/326] JTRA
[22:04:47] [66/326] RPPA
[22:04:48] [67/326] ARUT
[22:04:49] [68/326] JTVM
[22:04:50] [69/326] SWRH
[22:04:51] [70/326] DCPC
[22:04:51] 🔄 Identity reset
[22:04:51] 🔄 Identity rotated (every 10 requests)
[22:04:52] [71/326] RAPR
[22:04:53] [72/326] GCRT
[22:04:54] [73/326] ATUN
[22:04:55] [74/326] LTRM
[22:04:56] [75/326] TASR
[22:04:57] [76/326] RLLC
[22:04:58] [77/326] MABI
[22:04:59] [78/326] SVHB
[22:05:00] [79/326] NVTB
[22:05:01] [80/326] KCKG
[22:05:01] 🔄 Identity reset
[22:05:01] 🔄 Identity rotated (every 10 requests)
[22:05:03] [81/326] SSRN
[22:05:04] [82/326] VDDC
[22:05:05] [83/326] GKTK
[22:05:06] [84/326] YFSN
[22:05:07] [85/326] GCSG
[22:05:08] [86/326] ESSM
[22:05:10] [87/326] KRIH
[22:05:11] [88/326] GCDS
[22:05:11] [89/326] CCSH
[22:05:13] [90/326] ACSK
[22:05:13] 🔄 Identity reset
[22:05:13] 🔄 Identity rotated (every 10 requests)
[22:05:14] [91/326] APRK
[22:05:15] [92/326] ADKM
[22:05:16] [93/326] SRDM
[22:05:17] [94/326] SJMY
[22:05:18] [95/326] PGGC
[22:05:19] [96/326] INGM
[22:05:20] [97/326] LSCB
[22:05:21] [98/326] STAD
[22:05:22] [99/326] MCCR
[22:05:23] [100/326] ABCC
[22:05:23] 🔄 Identity reset
[22:05:23] 🔄 Identity rotated (every 10 requests)
[22:05:24] [101/326] RKCC
[22:05:25] [102/326] RTCR
[22:05:26] [103/326] GGBC
[22:05:27] [104/326] GCSD
[22:05:27] [105/326] LPTY
[22:05:28] [106/326] MCFD
[22:05:29] [107/326] HENN
[22:05:30] [108/326] SMKU
[22:05:31] [109/326] TNZC
[22:05:33] [110/326] DRCD
[22:05:33] 🔄 Identity reset
[22:05:33] 🔄 Identity rotated (every 10 requests)
[22:05:34] [111/326] DLCD
[22:05:35] [112/326] RCDA
[22:05:36] [113/326] COSM
[22:05:37] [114/326] MCMJ
[22:05:38] [115/326] CSTR
[22:05:39] [116/326] CVDK
[22:05:40] [117/326] INRR
[22:05:42] [118/326] RJRT
[22:05:43] [119/326] IRMR
[22:05:44] [120/326] SRCF
[22:05:44] 🔄 Identity reset
[22:05:44] 🔄 Identity rotated (every 10 requests)
[22:05:45] [121/326] GRCR
[22:05:47] [122/326] SURC
[22:05:48] [123/326] NMNH
[22:05:48] [124/326] SVBL
[22:05:50] [125/326] KACI
[22:05:51] [126/326] TDGO
[22:05:52] [127/326] KTBR
[22:05:53] [128/326] PMAD
[22:05:54] [129/326] CCPN
[22:05:55] [130/326] SBTK
[22:05:55] 🔄 Identity reset
[22:05:55] 🔄 Identity rotated (every 10 requests)
[22:05:56] [131/326] LMDK
[22:05:57] [132/326] PGDA
[22:05:58] [133/326] SRML
[22:05:59] [134/326] EVCK
[22:06:01] [135/326] RTTK
[22:06:02] [136/326] SRTU
[22:06:03] [137/326] VRSA
[22:06:04] [138/326] VARS
[22:06:05] [139/326] DSCZ
[22:06:06] [140/326] GAGA
[22:06:06] 🔄 Identity reset
[22:06:06] 🔄 Identity rotated (every 10 requests)
[22:06:07] [141/326] SARV
[22:06:08] [142/326] SEEG
[22:06:09] [143/326] GLCA
[22:06:10] [144/326] APAS
[22:06:11] [145/326] VCIA
[22:06:12] [146/326] SJTA
[22:06:14] [147/326] SABM
[22:06:14] [148/326] PPAG
[22:06:15] [149/326] RVCA
[22:06:16] [150/326] CCIA
[22:06:16] 🔄 Identity reset
[22:06:16] 🔄 Identity rotated (every 10 requests)
[22:06:17] [151/326] HTAG
[22:06:18] [152/326] SMBI
[22:06:19] [153/326] MCJR
[22:06:20] [154/326] CCJR
[22:06:21] [155/326] SINF
[22:06:22] [156/326] CPLX
[22:06:23] [157/326] KKTJ
[22:06:24] [158/326] GDBW
[22:06:25] [159/326] CSUB
[22:06:26] [160/326] DABA
[22:06:26] 🔄 Identity reset
[22:06:26] 🔄 Identity rotated (every 10 requests)
[22:06:27] [161/326] TITR
[22:06:28] [162/326] NYCR
[22:06:29] [163/326] RTRY
[22:06:31] [164/326] JTJL
[22:06:31] [165/326] SJCP
[22:06:33] [166/326] KCCA
[22:06:34] [167/326] MLPG
[22:06:35] [168/326] VRCK
[22:06:36] [169/326] SRIN
[22:06:37] [170/326] CXMK
[22:06:37] 🔄 Identity reset
[22:06:37] 🔄 Identity rotated (every 10 requests)
[22:06:38] [171/326] SKAD
[22:06:39] [172/326] AVTR
[22:06:40] [173/326] PTAJ
[22:06:41] [174/326] SCNK
[22:06:42] [175/326] STTI
[22:06:43] [176/326] KACR
[22:06:44] [177/326] SSDX
[22:06:44] [178/326] VRTJ
[22:06:45] [179/326] RAJD
[22:06:46] [180/326] SCIP
[22:06:46] 🔄 Identity reset
[22:06:46] 🔄 Identity rotated (every 10 requests)
[22:06:47] [181/326] RJSL
[22:06:48] [182/326] ARRS
[22:06:49] [183/326] ASMS
[22:06:50] [184/326] RDTS
[22:06:51] [185/326] DVMY
[22:06:52] [186/326] RASA
[22:06:53] [187/326] INOM
[22:06:54] [188/326] SPRS
[22:06:55] [189/326] SGCS
[22:06:56] [190/326] SALM
[22:06:56] 🔄 Identity reset
[22:06:56] 🔄 Identity rotated (every 10 requests)
[22:06:57] [191/326] PKHC
[22:06:58] [192/326] RCSV
[22:06:59] [193/326] CPKC
[22:07:00] [194/326] AACD
[22:07:00] [195/326] GGCV
[22:07:01] [196/326] SMKD
[22:07:02] [197/326] NBCH
[22:07:03] [198/326] AMCB
[22:07:04] [199/326] OPCN
[22:07:05] [200/326] DCIN
[22:07:05] 🔄 Identity reset
[22:07:05] 🔄 Identity rotated (every 10 requests)
[22:07:06] [201/326] INGW
[22:07:07] [202/326] PKKW
[22:07:07] [203/326] FNGW
[22:07:08] [204/326] GCGD
[22:07:09] [205/326] MSTW
[22:07:10] [206/326] KCCG
[22:07:11] [207/326] MRSS
[22:07:12] [208/326] CLCF
[22:07:13] [209/326] EETS
[22:07:15] [210/326] AATR
[22:07:15] 🔄 Identity reset
[22:07:15] 🔄 Identity rotated (every 10 requests)
[22:07:15] [211/326] CMMN
[22:07:16] [212/326] SCCJ
[22:07:17] [213/326] CDTK
[22:07:18] [214/326] AICP
[22:07:18] [215/326] FNBP
[22:07:19] [216/326] CBPB
[22:07:20] [217/326] CPAS
[22:07:21] [218/326] MAPM
[22:07:22] [219/326] PASD
[22:07:23] [220/326] JCMN
[22:07:23] 🔄 Identity reset
[22:07:23] 🔄 Identity rotated (every 10 requests)
[22:07:24] [221/326] MALB
[22:07:25] [222/326] SACG
[22:07:26] [223/326] DDRX
[22:07:27] [224/326] DDXB
[22:07:28] [225/326] RAMC
[22:07:29] [226/326] SANC
[22:07:30] [227/326] BCBP
[22:07:31] [228/326] ALPC
[22:07:31] [229/326] RBAC
[22:07:32] [230/326] RAJL
[22:07:32] 🔄 Identity reset
[22:07:32] 🔄 Identity rotated (every 10 requests)
[22:07:33] [231/326] MPDX
[22:07:34] [232/326] MUSC
[22:07:35] [233/326] VKMK
[22:07:36] [234/326] SKCG
[22:07:37] [235/326] ANCN
[22:07:38] [236/326] MMCJ
[22:07:39] [237/326] DCAK
[22:07:40] [238/326] SCKG
[22:07:40] [239/326] LMCK
[22:07:41] [240/326] CKKX
[22:07:41] 🔄 Identity reset
[22:07:41] 🔄 Identity rotated (every 10 requests)
[22:07:42] [241/326] ANKU
[22:07:43] [242/326] CSMD
[22:07:44] [243/326] MKMP
[22:07:45] [244/326] SVBG
[22:07:47] [245/326] ROOP
[22:07:48] [246/326] GDMT
[22:07:49] [247/326] FPPF
[22:07:50] [248/326] SFUU
[22:07:51] [249/326] ANCB
[22:07:52] [250/326] SMMC
[22:07:52] 🔄 Identity reset
[22:07:52] 🔄 Identity rotated (every 10 requests)
[22:07:53] [251/326] UGKT
[22:07:54] [252/326] JVRM
[22:07:55] [253/326] BATG
[22:07:56] [254/326] RATE
[22:07:57] [255/326] SKME
[22:07:58] [256/326] LMTP
[22:07:59] [257/326] TCBD
[22:08:00] [258/326] ESBD
[22:08:01] [259/326] GDCU
[22:08:01] [260/326] SNKT
[22:08:01] 🔄 Identity reset
[22:08:01] 🔄 Identity rotated (every 10 requests)
[22:08:02] [261/326] SRNK
[22:08:03] [262/326] SMED
[22:08:04] [263/326] CSQS
[22:08:05] [264/326] ALCS
[22:08:06] [265/326] KCKN
[22:08:06] [266/326] VCCL
[22:08:07] [267/326] MCDA
[22:08:08] [268/326] SHMI
[22:08:09] [269/326] SKHA
[22:08:10] [270/326] SVFK
[22:08:10] 🔄 Identity reset
[22:08:10] 🔄 Identity rotated (every 10 requests)
[22:08:11] [271/326] INVB
[22:08:12] [272/326] MELD
[22:08:13] [273/326] JTYS
[22:08:14] [274/326] INCM
[22:08:15] [275/326] MCDV
[22:08:15] [276/326] KSGK
[22:08:16] [277/326] ICMG
[22:08:17] [278/326] CSCV
[22:08:17] [279/326] STMD
[22:08:18] [280/326] STTR
[22:08:18] 🔄 Identity reset
[22:08:18] 🔄 Identity rotated (every 10 requests)
[22:08:19] [281/326] INVC
[22:08:20] [282/326] JTBL
[22:08:21] [283/326] SRVV
[22:08:22] [284/326] MAVC
[22:08:23] [285/326] SRPP
[22:08:23] [286/326] JGDM
[22:08:24] [287/326] MBSJ
[22:08:25] [288/326] SSLL
[22:08:26] [289/326] SLKP
[22:08:27] [290/326] NSRV
[22:08:27] 🔄 Identity reset
[22:08:27] 🔄 Identity rotated (every 10 requests)
[22:08:28] [291/326] UTDV
[22:08:29] [292/326] KICM
[22:08:29] [293/326] KCMD
[22:08:30] [294/326] TTPP
[22:08:31] [295/326] KMPV
[22:08:32] [296/326] SKTV
[22:08:33] [297/326] STCV
[22:08:34] [298/326] SRDA
[22:08:35] [299/326] JTSX
[22:08:36] [300/326] STBV
[22:08:36] 🔄 Identity reset
[22:08:36] 🔄 Identity rotated (every 10 requests)
[22:08:37] [301/326] APVZ
[22:08:37] [302/326] GSTV
[22:08:38] [303/326] NMVS
[22:08:39] [304/326] SKRT
[22:08:40] [305/326] RMDV
[22:08:40] [306/326] RATG
[22:08:41] [307/326] SJYV
[22:08:42] [308/326] NDGP
[22:08:43] [309/326] SNDG
[22:08:45] [310/326] INSR
[22:08:45] 🔄 Identity reset
[22:08:45] 🔄 Identity rotated (every 10 requests)
[22:08:45] [311/326] INSO
[22:08:46] [312/326] CCSI
[22:08:47] [313/326] RASM
[22:08:48] [314/326] NEWC
[22:08:49] [315/326] VSHL
[22:08:50] [316/326] BISW
[22:08:51] [317/326] GCNG
[22:08:52] [318/326] CWSC
[22:08:52] [319/326] SKAN
[22:08:53] [320/326] CCOA
[22:08:53] 🔄 Identity reset
[22:08:53] 🔄 Identity rotated (every 10 requests)
[22:08:54] [321/326] MCAJ
[22:08:55] [322/326] ACDE
[22:08:56] [323/326] AACM
[22:08:57] [324/326] JJCK
[22:08:58] [325/326] RCMO
[22:08:59] [326/326] GDAW
[22:09:00] 🧹 Deduping shows
[22:09:00] ✅ DONE | Shows=2510 | Movies=66
[23:32:04] 🚀 SCRIPT STARTED
[23:32:04] [1/326] VCHA
[23:32:04] 🧠 New identity created
[23:32:05] [2/326] SCKO
[23:32:06] [3/326] VKTK
[23:32:07] [4/326] DXEC
[23:32:08] [5/326] CDCA
[23:32:09] [6/326] VBCZ
[23:32:10] [7/326] MSDR
[23:32:11] [8/326] ACPV
[23:32:11] [9/326] PVHB
[23:32:12] [10/326] RCNH
[23:32:12] 🔄 Identity reset
[23:32:12] 🔄 Identity rotated (every 10 requests)
[23:32:12] 🔄 Retry 1/5 for RCNH in 2.8s
[23:32:12] 🔄 Identity reset
[23:32:15] 🧠 New identity created
[23:32:16] [11/326] IOMH
[23:32:18] [12/326] ILKS
[23:32:19] [13/326] AMSN
[23:32:19] [14/326] ANTP
[23:32:20] [15/326] SSEK
[23:32:21] [16/326] PICP
[23:32:22] [17/326] SICO
[23:32:23] [18/326] SISP
[23:32:24] [19/326] SCPI
[23:32:24] 🔄 Identity reset
[23:32:24] 🔄 Identity rotated (every 10 requests)
[23:32:25] [20/326] CRPR
[23:32:26] [21/326] DCTW
[23:32:28] [22/326] DCSP
[23:32:28] [23/326] KRPM
[23:32:29] [24/326] THKK
[23:32:30] [25/326] SNMY
[23:32:31] [26/326] AKCC
[23:32:33] [27/326] PCAT
[23:32:34] [28/326] RFGO
[23:32:34] [29/326] GGCS
[23:32:34] 🔄 Identity reset
[23:32:34] 🔄 Identity rotated (every 10 requests)
[23:32:35] [30/326] ACKR
[23:32:36] [31/326] STDO
[23:32:38] [32/326] ACKB
[23:32:39] [33/326] ALUC
[23:32:39] [34/326] MNSR
[23:32:41] [35/326] CSSL
[23:32:41] [36/326] BGGM
[23:32:42] [37/326] MANT
[23:32:43] [38/326] SOOY
[23:32:44] [39/326] VPPK
[23:32:44] 🔄 Identity reset
[23:32:44] 🔄 Identity rotated (every 10 requests)
[23:32:45] [40/326] MYHJ
[23:32:46] [41/326] KSCK
[23:32:47] [42/326] KATK
[23:32:48] [43/326] RTRT
[23:32:49] [44/326] SSTT
[23:32:50] [45/326] SSTV
[23:32:50] [46/326] LACM
[23:32:51] [47/326] SGMG
[23:32:52] [48/326] KACX
[23:32:53] [49/326] GVCP
[23:32:53] 🔄 Identity reset
[23:32:53] 🔄 Identity rotated (every 10 requests)
[23:32:55] [50/326] CSNC
[23:32:56] [51/326] SXCB
[23:32:57] [52/326] BAHS
[23:32:57] [53/326] PCBI
[23:32:58] [54/326] PSSM
[23:32:59] [55/326] RCOK
[23:33:00] [56/326] SCPF
[23:33:02] [57/326] SSAS
[23:33:03] [58/326] EVMM
[23:33:04] [59/326] SYCB
[23:33:04] 🔄 Identity reset
[23:33:04] 🔄 Identity rotated (every 10 requests)
[23:33:05] [60/326] GCKI
[23:33:06] [61/326] IAET
[23:33:07] [62/326] DDTD
[23:33:08] [63/326] GMDH
[23:33:09] [64/326] STLE
[23:33:10] [65/326] JTRA
[23:33:10] [66/326] RPPA
[23:33:11] [67/326] ARUT
[23:33:12] [68/326] JTVM
[23:33:13] [69/326] SWRH
[23:33:13] 🔄 Identity reset
[23:33:13] 🔄 Identity rotated (every 10 requests)
[23:33:13] [70/326] DCPC
[23:33:14] [71/326] RAPR
[23:33:15] [72/326] GCRT
[23:33:15] [73/326] ATUN
[23:33:16] [74/326] LTRM
[23:33:17] [75/326] TASR
[23:33:18] [76/326] RLLC
[23:33:18] [77/326] MABI
[23:33:19] [78/326] SVHB
[23:33:19] [79/326] NVTB
[23:33:19] 🔄 Identity reset
[23:33:19] 🔄 Identity rotated (every 10 requests)
[23:33:19] 🔄 Retry 1/5 for NVTB in 2.2s
[23:33:19] 🔄 Identity reset
[23:33:22] 🧠 New identity created
[23:33:22] [80/326] KCKG
[23:33:23] [81/326] SSRN
[23:33:24] [82/326] VDDC
[23:33:24] [83/326] GKTK
[23:33:25] [84/326] YFSN
[23:33:26] [85/326] GCSG
[23:33:26] [86/326] ESSM
[23:33:27] [87/326] KRIH
[23:33:27] [88/326] GCDS
[23:33:27] 🔄 Identity reset
[23:33:27] 🔄 Identity rotated (every 10 requests)
[23:33:28] [89/326] CCSH
[23:33:28] [90/326] ACSK
[23:33:29] [91/326] APRK
[23:33:30] [92/326] ADKM
[23:33:31] [93/326] SRDM
[23:33:31] [94/326] SJMY
[23:33:32] [95/326] PGGC
[23:33:33] [96/326] INGM
[23:33:33] [97/326] LSCB
[23:33:34] [98/326] STAD
[23:33:34] 🔄 Identity reset
[23:33:34] 🔄 Identity rotated (every 10 requests)
[23:33:34] 🔄 Retry 1/5 for STAD in 2.2s
[23:33:34] 🔄 Identity reset
[23:33:36] 🧠 New identity created
[23:33:37] [99/326] MCCR
[23:33:38] [100/326] ABCC
[23:33:38] [101/326] RKCC
[23:33:39] [102/326] RTCR
[23:33:40] [103/326] GGBC
[23:33:40] [104/326] GCSD
[23:33:41] [105/326] LPTY
[23:33:42] [106/326] MCFD
[23:33:42] [107/326] HENN
[23:33:42] 🔄 Identity reset
[23:33:42] 🔄 Identity rotated (every 10 requests)
[23:33:43] [108/326] SMKU
[23:33:44] [109/326] TNZC
[23:33:45] [110/326] DRCD
[23:33:46] [111/326] DLCD
[23:33:46] [112/326] RCDA
[23:33:47] [113/326] COSM
[23:33:48] [114/326] MCMJ
[23:33:48] [115/326] CSTR
[23:33:49] [116/326] CVDK
[23:33:50] [117/326] INRR
[23:33:50] 🔄 Identity reset
[23:33:50] 🔄 Identity rotated (every 10 requests)
[23:33:50] 🔄 Retry 1/5 for INRR in 2.4s
[23:33:50] 🔄 Identity reset
[23:33:52] 🧠 New identity created
[23:33:53] [118/326] RJRT
[23:33:54] [119/326] IRMR
[23:33:55] [120/326] SRCF
[23:33:55] [121/326] GRCR
[23:33:56] [122/326] SURC
[23:33:56] [123/326] NMNH
[23:33:57] [124/326] SVBL
[23:33:58] [125/326] KACI
[23:33:58] [126/326] TDGO
[23:33:58] 🔄 Identity reset
[23:33:59] 🔄 Identity rotated (every 10 requests)
[23:33:59] [127/326] KTBR
[23:34:00] [128/326] PMAD
[23:34:01] [129/326] CCPN
[23:34:01] [130/326] SBTK
[23:34:02] [131/326] LMDK
[23:34:03] [132/326] PGDA
[23:34:03] [133/326] SRML
[23:34:04] [134/326] EVCK
[23:34:05] [135/326] RTTK
[23:34:06] [136/326] SRTU
[23:34:06] 🔄 Identity reset
[23:34:06] 🔄 Identity rotated (every 10 requests)
[23:34:07] [137/326] VRSA
[23:34:07] [138/326] VARS
[23:34:08] [139/326] DSCZ
[23:34:09] [140/326] GAGA
[23:34:09] [141/326] SARV
[23:34:10] [142/326] SEEG
[23:34:10] [143/326] GLCA
[23:34:11] [144/326] APAS
[23:34:12] [145/326] VCIA
[23:34:13] [146/326] SJTA
[23:34:13] 🔄 Identity reset
[23:34:13] 🔄 Identity rotated (every 10 requests)
[23:34:14] [147/326] SABM
[23:34:14] [148/326] PPAG
[23:34:15] [149/326] RVCA
[23:34:16] [150/326] CCIA
[23:34:17] [151/326] HTAG
[23:34:17] [152/326] SMBI
[23:34:18] [153/326] MCJR
[23:34:19] [154/326] CCJR
[23:34:20] [155/326] SINF
[23:34:20] [156/326] CPLX
[23:34:20] 🔄 Identity reset
[23:34:20] 🔄 Identity rotated (every 10 requests)
[23:34:21] [157/326] KKTJ
[23:34:21] [158/326] GDBW
[23:34:22] [159/326] CSUB
[23:34:23] [160/326] DABA
[23:34:23] [161/326] TITR
[23:34:24] [162/326] NYCR
[23:34:25] [163/326] RTRY
[23:34:25] [164/326] JTJL
[23:34:26] [165/326] SJCP
[23:34:27] [166/326] KCCA
[23:34:27] 🔄 Identity reset
[23:34:27] 🔄 Identity rotated (every 10 requests)
[23:34:27] 🔄 Retry 1/5 for KCCA in 2.2s
[23:34:27] 🔄 Identity reset
[23:34:29] 🧠 New identity created
[23:34:30] [167/326] MLPG
[23:34:31] [168/326] VRCK
[23:34:31] [169/326] SRIN
[23:34:32] [170/326] CXMK
[23:34:33] [171/326] SKAD
[23:34:33] [172/326] AVTR
[23:34:34] [173/326] PTAJ
[23:34:35] [174/326] SCNK
[23:34:36] [175/326] STTI
[23:34:36] 🔄 Identity reset
[23:34:36] 🔄 Identity rotated (every 10 requests)
[23:34:36] [176/326] KACR
[23:34:37] [177/326] SSDX
[23:34:38] [178/326] VRTJ
[23:34:38] [179/326] RAJD
[23:34:39] [180/326] SCIP
[23:34:40] [181/326] RJSL
[23:34:40] [182/326] ARRS
[23:34:41] [183/326] ASMS
[23:34:42] [184/326] RDTS
[23:34:42] [185/326] DVMY
[23:34:42] 🔄 Identity reset
[23:34:42] 🔄 Identity rotated (every 10 requests)
[23:34:42] 🔄 Retry 1/5 for DVMY in 2.9s
[23:34:42] 🔄 Identity reset
[23:34:45] 🧠 New identity created
[23:34:46] [186/326] RASA
[23:34:47] [187/326] INOM
[23:34:48] [188/326] SPRS
[23:34:49] [189/326] SGCS
[23:34:49] [190/326] SALM
[23:34:50] [191/326] PKHC
[23:34:51] [192/326] RCSV
[23:34:51] [193/326] CPKC
[23:34:52] [194/326] AACD
[23:34:52] 🔄 Identity reset
[23:34:52] 🔄 Identity rotated (every 10 requests)
[23:34:53] [195/326] GGCV
[23:34:54] [196/326] SMKD
[23:34:54] [197/326] NBCH
[23:34:55] [198/326] AMCB
[23:34:56] [199/326] OPCN
[23:34:56] [200/326] DCIN
[23:34:57] [201/326] INGW
[23:34:58] [202/326] PKKW
[23:34:59] [203/326] FNGW
[23:34:59] [204/326] GCGD
[23:34:59] 🔄 Identity reset
[23:34:59] 🔄 Identity rotated (every 10 requests)
[23:35:00] [205/326] MSTW
[23:35:01] [206/326] KCCG
[23:35:01] [207/326] MRSS
[23:35:02] [208/326] CLCF
[23:35:03] [209/326] EETS
[23:35:04] [210/326] AATR
[23:35:04] [211/326] CMMN
[23:35:05] [212/326] SCCJ
[23:35:06] [213/326] CDTK
[23:35:07] [214/326] AICP
[23:35:07] 🔄 Identity reset
[23:35:07] 🔄 Identity rotated (every 10 requests)
[23:35:07] [215/326] FNBP
[23:35:08] [216/326] CBPB
[23:35:09] [217/326] CPAS
[23:35:09] [218/326] MAPM
[23:35:10] [219/326] PASD
[23:35:11] [220/326] JCMN
[23:35:11] [221/326] MALB
[23:35:12] [222/326] SACG
[23:35:13] [223/326] DDRX
[23:35:14] [224/326] DDXB
[23:35:14] 🔄 Identity reset
[23:35:14] 🔄 Identity rotated (every 10 requests)
[23:35:14] [225/326] RAMC
[23:35:15] [226/326] SANC
[23:35:16] [227/326] BCBP
[23:35:16] [228/326] ALPC
[23:35:17] [229/326] RBAC
[23:35:18] [230/326] RAJL
[23:35:18] [231/326] MPDX
[23:35:19] [232/326] MUSC
[23:35:20] [233/326] VKMK
[23:35:20] [234/326] SKCG
[23:35:20] 🔄 Identity reset
[23:35:21] 🔄 Identity rotated (every 10 requests)
[23:35:21] 🔄 Retry 1/5 for SKCG in 3.0s
[23:35:21] 🔄 Identity reset
[23:35:24] 🧠 New identity created
[23:35:24] [235/326] ANCN
[23:35:25] [236/326] MMCJ
[23:35:25] [237/326] DCAK
[23:35:26] [238/326] SCKG
[23:35:27] [239/326] LMCK
[23:35:27] [240/326] CKKX
[23:35:28] [241/326] ANKU
[23:35:29] [242/326] CSMD
[23:35:30] [243/326] MKMP
[23:35:30] 🔄 Identity reset
[23:35:30] 🔄 Identity rotated (every 10 requests)
[23:35:31] [244/326] SVBG
[23:35:32] [245/326] ROOP
[23:35:32] [246/326] GDMT
[23:35:33] [247/326] FPPF
[23:35:33] [248/326] SFUU
[23:35:34] [249/326] ANCB
[23:35:35] [250/326] SMMC
[23:35:35] [251/326] UGKT
[23:35:36] [252/326] JVRM
[23:35:37] [253/326] BATG
[23:35:37] 🔄 Identity reset
[23:35:37] 🔄 Identity rotated (every 10 requests)
[23:35:37] [254/326] RATE
[23:35:38] [255/326] SKME
[23:35:39] [256/326] LMTP
[23:35:39] [257/326] TCBD
[23:35:40] [258/326] ESBD
[23:35:40] [259/326] GDCU
[23:35:41] [260/326] SNKT
[23:35:42] [261/326] SRNK
[23:35:42] [262/326] SMED
[23:35:43] [263/326] CSQS
[23:35:43] 🔄 Identity reset
[23:35:43] 🔄 Identity rotated (every 10 requests)
[23:35:44] [264/326] ALCS
[23:35:45] [265/326] KCKN
[23:35:45] [266/326] VCCL
[23:35:46] [267/326] MCDA
[23:35:47] [268/326] SHMI
[23:35:47] [269/326] SKHA
[23:35:48] [270/326] SVFK
[23:35:49] [271/326] INVB
[23:35:49] [272/326] MELD
[23:35:50] [273/326] JTYS
[23:35:50] 🔄 Identity reset
[23:35:50] 🔄 Identity rotated (every 10 requests)
[23:35:51] [274/326] INCM
[23:35:51] [275/326] MCDV
[23:35:52] [276/326] KSGK
[23:35:53] [277/326] ICMG
[23:35:54] [278/326] CSCV
[23:35:54] [279/326] STMD
[23:35:55] [280/326] STTR
[23:35:56] [281/326] INVC
[23:35:56] [282/326] JTBL
[23:35:57] [283/326] SRVV
[23:35:57] 🔄 Identity reset
[23:35:57] 🔄 Identity rotated (every 10 requests)
[23:35:57] 🔄 Retry 1/5 for SRVV in 2.9s
[23:35:57] 🔄 Identity reset
[23:36:00] 🧠 New identity created
[23:36:01] [284/326] MAVC
[23:36:02] [285/326] SRPP
[23:36:03] [286/326] JGDM
[23:36:03] [287/326] MBSJ
[23:36:04] [288/326] SSLL
[23:36:05] [289/326] SLKP
[23:36:05] [290/326] NSRV
[23:36:06] [291/326] UTDV
[23:36:07] [292/326] KICM
[23:36:07] 🔄 Identity reset
[23:36:07] 🔄 Identity rotated (every 10 requests)
[23:36:07] [293/326] KCMD
[23:36:08] [294/326] TTPP
[23:36:08] [295/326] KMPV
[23:36:09] [296/326] SKTV
[23:36:10] [297/326] STCV
[23:36:10] [298/326] SRDA
[23:36:11] [299/326] JTSX
[23:36:12] [300/326] STBV
[23:36:12] [301/326] APVZ
[23:36:13] [302/326] GSTV
[23:36:13] 🔄 Identity reset
[23:36:13] 🔄 Identity rotated (every 10 requests)
[23:36:14] [303/326] NMVS
[23:36:14] [304/326] SKRT
[23:36:15] [305/326] RMDV
[23:36:16] [306/326] RATG
[23:36:17] [307/326] SJYV
[23:36:17] [308/326] NDGP
[23:36:18] [309/326] SNDG
[23:36:19] [310/326] INSR
[23:36:19] [311/326] INSO
[23:36:20] [312/326] CCSI
[23:36:20] 🔄 Identity reset
[23:36:20] 🔄 Identity rotated (every 10 requests)
[23:36:21] [313/326] RASM
[23:36:21] [314/326] NEWC
[23:36:22] [315/326] VSHL
[23:36:22] [316/326] BISW
[23:36:23] [317/326] GCNG
[23:36:24] [318/326] CWSC
[23:36:24] [319/326] SKAN
[23:36:25] [320/326] CCOA
[23:36:26] [321/326] MCAJ
[23:36:27] [322/326] ACDE
[23:36:27] 🔄 Identity reset
[23:36:27] 🔄 Identity rotated (every 10 requests)
[23:36:27] [323/326] AACM
[23:36:28] [324/326] JJCK
[23:36:29] [325/326] RCMO
[23:36:30] [326/326] GDAW
[23:36:30] 🧹 Deduping shows
[23:36:30] ✅ DONE | Shows=2527 | Movies=67
