[18:55:00] 🚀 SCRIPT STARTED (enhanced anti‑detection)
[18:55:00] [1/326] BSAT
[18:55:01] 🧠 New identity created
[18:55:01] [2/326] RSSM
[18:55:02] [3/326] GCTA
[18:55:03] [4/326] TOPN
[18:55:04] [5/326] MCUS
[18:55:06] [6/326] SHRL
[18:55:07] [7/326] UPTP
[18:55:08] [8/326] TMMP
[18:55:09] [9/326] DNRP
[18:55:09] [10/326] SRLT
[18:55:10] 🔄 Identity reset
[18:55:10] 🔄 Identity rotated (every 10 requests)
[18:55:10] [11/326] RCNS
[18:55:11] [12/326] DCBH
[18:55:12] [13/326] NAGJ
[18:55:13] [14/326] JVRC
[18:55:14] [15/326] KRJG
[18:55:15] [16/326] SRTJ
[18:55:16] [17/326] CMXM
[18:55:17] [18/326] STMI
[18:55:18] [19/326] SLST
[18:55:19] [20/326] DTCN
[18:55:19] 🔄 Identity reset
[18:55:19] 🔄 Identity rotated (every 10 requests)
[18:55:20] [21/326] STYN
[18:55:21] [22/326] SZVR
[18:55:22] [23/326] SRKO
[18:55:22] [24/326] JTGT
[18:55:24] [25/326] SVFD
[18:55:25] [26/326] SISD
[18:55:27] [27/326] ABDD
[18:55:27] [28/326] DRCA
[18:55:28] [29/326] AVCS
[18:55:29] [30/326] MVKH
[18:55:30] 🔄 Identity reset
[18:55:30] 🔄 Identity rotated (every 10 requests)
[18:55:30] [31/326] ACPR
[18:55:31] [32/326] STIP
[18:55:32] [33/326] MTRA
[18:55:33] [34/326] RMKH
[18:55:34] [35/326] NKRL
[18:55:35] [36/326] PCWN
[18:55:36] [37/326] BLMT
[18:55:37] [38/326] GDPG
[18:55:38] [39/326] SRMX
[18:55:39] [40/326] JACP
[18:55:40] 🔄 Identity reset
[18:55:40] 🔄 Identity rotated (every 10 requests)
[18:55:40] [41/326] CPSH
[18:55:41] [42/326] MCCD
[18:55:42] [43/326] ECGH
[18:55:42] [44/326] MKCK
[18:55:43] [45/326] SRMM
[18:55:44] [46/326] SKYR
[18:55:45] [47/326] PCKC
[18:55:46] [48/326] JCMA
[18:55:47] [49/326] BSMP
[18:55:48] [50/326] VSPA
[18:55:49] 🔄 Identity reset
[18:55:49] 🔄 Identity rotated (every 10 requests)
[18:55:50] [51/326] DJYA
[18:55:51] [52/326] DIMP
[18:55:52] [53/326] FXDR
[18:55:52] [54/326] SSRC
[18:55:53] [55/326] STHP
[18:55:54] [56/326] CPPD
[18:55:55] [57/326] FCLK
[18:55:56] [58/326] SCPP
[18:55:57] [59/326] DCMJ
[18:55:58] [60/326] RCCR
[18:55:59] 🔄 Identity reset
[18:55:59] 🔄 Identity rotated (every 10 requests)
[18:55:59] 🔄 Retry 1/5 for RCCR in 2.3s
[18:55:59] 🔄 Identity reset
[18:56:01] 🧠 New identity created
[18:56:01] 🔄 Retry 2/5 for RCCR in 4.2s
[18:56:01] 🔄 Identity reset
[18:56:05] 🧠 New identity created
[18:56:06] [61/326] INMT
[18:56:07] [62/326] LXTK
[18:56:08] [63/326] SRYK
[18:56:08] [64/326] SGDK
[18:56:09] [65/326] PPKA
[18:56:10] [66/326] SPKA
[18:56:11] [67/326] CGHH
[18:56:12] [68/326] DCJN
[18:56:13] 🔄 Identity reset
[18:56:13] 🔄 Identity rotated (every 10 requests)
[18:56:13] [69/326] SRKV
[18:56:14] [70/326] SAJC
[18:56:15] [71/326] SUSR
[18:56:16] [72/326] STYG
[18:56:17] [73/326] NTKP
[18:56:18] [74/326] AKTG
[18:56:19] [75/326] CGCM
[18:56:20] [76/326] TULC
[18:56:20] [77/326] NYYZ
[18:56:21] [78/326] NYBW
[18:56:22] 🔄 Identity reset
[18:56:22] 🔄 Identity rotated (every 10 requests)
[18:56:22] [79/326] MACB
[18:56:23] [80/326] SLVT
[18:56:24] [81/326] SANA
[18:56:25] [82/326] ACMR
[18:56:26] [83/326] CPKN
[18:56:27] [84/326] DLGK
[18:56:28] [85/326] CWCK
[18:56:29] [86/326] FDDH
[18:56:30] [87/326] MMMD
[18:56:31] [88/326] CMEH
[18:56:32] 🔄 Identity reset
[18:56:32] 🔄 Identity rotated (every 10 requests)
[18:56:32] 🔄 Retry 1/5 for CMEH in 2.9s
[18:56:32] 🔄 Identity reset
[18:56:35] 🧠 New identity created
[18:56:36] [89/326] GGGV
[18:56:36] [90/326] SPJL
[18:56:38] [91/326] RCCD
[18:56:38] [92/326] STTZ
[18:56:39] [93/326] BTCF
[18:56:40] [94/326] TSTZ
[18:56:41] [95/326] IPMM
[18:56:42] [96/326] PMPW
[18:56:43] [97/326] PCMZ
[18:56:43] 🔄 Identity reset
[18:56:43] 🔄 Identity rotated (every 10 requests)
[18:56:44] [98/326] ESEM
[18:56:45] [99/326] PIPO
[18:56:45] [100/326] MATK
[18:56:46] [101/326] PGHM
[18:56:47] [102/326] CTSR
[18:56:48] [103/326] CYKR
[18:56:49] [104/326] MSCM
[18:56:50] [105/326] RFNP
[18:56:51] [106/326] PDCP
[18:56:52] [107/326] NPSE
[18:56:52] 🔄 Identity reset
[18:56:52] 🔄 Identity rotated (every 10 requests)
[18:56:53] [108/326] MKML
[18:56:53] [109/326] FTDP
[18:56:54] [110/326] MMXA
[18:56:55] [111/326] CEPO
[18:56:56] [112/326] CMVP
[18:56:57] [113/326] SGTH
[18:56:58] [114/326] SAYN
[18:56:59] [115/326] URVS
[18:56:59] [116/326] VJTN
[18:57:00] [117/326] BBYK
[18:57:01] 🔄 Identity reset
[18:57:01] 🔄 Identity rotated (every 10 requests)
[18:57:01] [118/326] SHBO
[18:57:02] [119/326] VCMR
[18:57:03] [120/326] MACT
[18:57:04] [121/326] JMNP
[18:57:05] [122/326] VICS
[18:57:06] [123/326] VCDA
[18:57:07] [124/326] GCMM
[18:57:08] [125/326] INVS
[18:57:09] [126/326] SCGM
[18:57:10] [127/326] PCDA
[18:57:11] 🔄 Identity reset
[18:57:11] 🔄 Identity rotated (every 10 requests)
[18:57:11] [128/326] KDCT
[18:57:13] [129/326] JACS
[18:57:14] [130/326] GMMC
[18:57:15] [131/326] AICM
[18:57:16] [132/326] TJCM
[18:57:16] [133/326] RMTI
[18:57:18] [134/326] SHAC
[18:57:18] [135/326] APJC
[18:57:19] [136/326] GCTG
[18:57:20] [137/326] SSMC
[18:57:21] 🔄 Identity reset
[18:57:21] 🔄 Identity rotated (every 10 requests)
[18:57:22] [138/326] THRM
[18:57:23] [139/326] RBCT
[18:57:24] [140/326] DIKT
[18:57:25] [141/326] MIDL
[18:57:26] [142/326] VCSN
[18:57:27] [143/326] SKTG
[18:57:28] [144/326] SMWC
[18:57:28] [145/326] MNKH
[18:57:29] [146/326] PIAT
[18:57:30] [147/326] LTTP
[18:57:31] 🔄 Identity reset
[18:57:31] 🔄 Identity rotated (every 10 requests)
[18:57:31] [148/326] PTPU
[18:57:32] [149/326] ACMG
[18:57:33] [150/326] SHMM
[18:57:34] [151/326] MCMN
[18:57:35] [152/326] GLDC
[18:57:37] [153/326] HOUT
[18:57:38] [154/326] SVRP
[18:57:39] [155/326] PVDN
[18:57:40] [156/326] SCPY
[18:57:41] [157/326] DTPY
[18:57:41] 🔄 Identity reset
[18:57:41] 🔄 Identity rotated (every 10 requests)
[18:57:42] [158/326] GKCS
[18:57:43] [159/326] NCAM
[18:57:44] [160/326] BSRM
[18:57:46] [161/326] RCLC
[18:57:46] [162/326] SKKD
[18:57:47] [163/326] ACHU
[18:57:48] [164/326] RSCF
[18:57:49] [165/326] IMSH
[18:57:50] [166/326] MACX
[18:57:51] [167/326] HMMW
[18:57:51] 🔄 Identity reset
[18:57:51] 🔄 Identity rotated (every 10 requests)
[18:57:52] [168/326] JTCP
[18:57:52] [169/326] SREN
[18:57:53] [170/326] PJRR
[18:57:54] [171/326] INAC
[18:57:55] [172/326] BMCA
[18:57:56] [173/326] SHCB
[18:57:57] [174/326] GABA
[18:57:58] [175/326] SBCT
[18:57:59] [176/326] GCMA
[18:58:00] [177/326] MYTK
[18:58:00] 🔄 Identity reset
[18:58:00] 🔄 Identity rotated (every 10 requests)
[18:58:01] [178/326] INZS
[18:58:02] [179/326] RMIK
[18:58:03] [180/326] NYCH
[18:58:04] [181/326] RAVE
[18:58:05] [182/326] PSXM
[18:58:06] [183/326] MCGP
[18:58:07] [184/326] PDDK
[18:58:07] [185/326] SPCK
[18:58:08] [186/326] MCRL
[18:58:10] [187/326] MHKT
[18:58:11] 🔄 Identity reset
[18:58:11] 🔄 Identity rotated (every 10 requests)
[18:58:11] [188/326] ANRR
[18:58:12] [189/326] SAPK
[18:58:13] [190/326] NCUK
[18:58:14] [191/326] JUGA
[18:58:15] [192/326] DBSC
[18:58:16] [193/326] LALK
[18:58:17] [194/326] GUCK
[18:58:19] [195/326] STSG
[18:58:20] [196/326] PPPZ
[18:58:21] [197/326] CNCY
[18:58:21] 🔄 Identity reset
[18:58:21] 🔄 Identity rotated (every 10 requests)
[18:58:22] [198/326] MTAR
[18:58:22] [199/326] VNKD
[18:58:24] [200/326] KMAJ
[18:58:25] [201/326] ACXK
[18:58:26] [202/326] UTKC
[18:58:27] [203/326] PBLK
[18:58:28] [204/326] ACBX
[18:58:28] [205/326] PTGM
[18:58:29] [206/326] BTDA
[18:58:30] [207/326] PJMB
[18:58:31] 🔄 Identity reset
[18:58:31] 🔄 Identity rotated (every 10 requests)
[18:58:31] [208/326] TPDA
[18:58:32] [209/326] AMOE
[18:58:33] [210/326] PRHT
[18:58:34] [211/326] PRTA
[18:58:35] [212/326] STAM
[18:58:36] [213/326] MSAA
[18:58:36] [214/326] SDLU
[18:58:37] [215/326] RCHH
[18:58:38] [216/326] KANT
[18:58:39] [217/326] FCRT
[18:58:40] 🔄 Identity reset
[18:58:40] 🔄 Identity rotated (every 10 requests)
[18:58:40] [218/326] DNKM
[18:58:41] [219/326] RYCP
[18:58:42] [220/326] MYRP
[18:58:43] [221/326] PPAK
[18:58:44] [222/326] NVPK
[18:58:45] [223/326] PRMC
[18:58:46] [224/326] JBCS
[18:58:47] [225/326] GXCK
[18:58:48] [226/326] USKO
[18:58:49] [227/326] GTEM
[18:58:49] 🔄 Identity reset
[18:58:49] 🔄 Identity rotated (every 10 requests)
[18:58:50] [228/326] SMBU
[18:58:51] [229/326] VETC
[18:58:52] [230/326] LCDA
[18:58:53] [231/326] MTVT
[18:58:54] [232/326] PYCP
[18:58:54] [233/326] PNSC
[18:58:55] [234/326] PPCC
[18:58:56] [235/326] TGRT
[18:58:57] [236/326] JYOT
[18:58:58] [237/326] SRCZ
[18:58:59] 🔄 Identity reset
[18:58:59] 🔄 Identity rotated (every 10 requests)
[18:58:59] [238/326] SJTE
[18:59:00] [239/326] DESC
[18:59:01] [240/326] JHVN
[18:59:02] [241/326] IPSG
[18:59:03] [242/326] IPCM
[18:59:04] [243/326] PDRS
[18:59:05] [244/326] ANCV
[18:59:06] [245/326] CMVV
[18:59:07] [246/326] SHYP
[18:59:08] [247/326] DNCS
[18:59:08] 🔄 Identity reset
[18:59:08] 🔄 Identity rotated (every 10 requests)
[18:59:09] [248/326] GAJK
[18:59:09] [249/326] AKTN
[18:59:10] [250/326] KAYA
[18:59:11] [251/326] SBRC
[18:59:12] [252/326] CHTP
[18:59:13] [253/326] SHRT
[18:59:14] [254/326] BCKU
[18:59:14] [255/326] FCPS
[18:59:15] [256/326] ARDD
[18:59:17] [257/326] CPCM
[18:59:18] 🔄 Identity reset
[18:59:18] 🔄 Identity rotated (every 10 requests)
[18:59:18] [258/326] CGSM
[18:59:19] [259/326] PSMP
[18:59:20] [260/326] SDAL
[18:59:21] [261/326] RTNB
[18:59:22] [262/326] LMCR
[18:59:23] [263/326] CIMA
[18:59:24] [264/326] RNAS
[18:59:24] [265/326] LITH
[18:59:26] [266/326] PBOX
[18:59:27] [267/326] FRTS
[18:59:28] 🔄 Identity reset
[18:59:28] 🔄 Identity rotated (every 10 requests)
[18:59:28] [268/326] RKIC
[18:59:29] [269/326] PTAI
[18:59:30] [270/326] GCIC
[18:59:31] [271/326] FNAS
[18:59:32] [272/326] SCAR
[18:59:33] [273/326] MTCA
[18:59:34] [274/326] SCTS
[18:59:35] [275/326] SYCS
[18:59:36] [276/326] RDMS
[18:59:37] [277/326] KAMP
[18:59:38] 🔄 Identity reset
[18:59:38] 🔄 Identity rotated (every 10 requests)
[18:59:38] [278/326] ERSD
[18:59:39] [279/326] MJMJ
[18:59:40] [280/326] SRCJ
[18:59:40] [281/326] SCXE
[18:59:41] [282/326] SVFR
[18:59:42] [283/326] BHCS
[18:59:43] [284/326] IMCC
[18:59:44] [285/326] PCBO
[18:59:45] [286/326] PRVN
[18:59:46] [287/326] AUPM
[18:59:47] 🔄 Identity reset
[18:59:47] 🔄 Identity rotated (every 10 requests)
[18:59:47] [288/326] INBW
[18:59:48] [289/326] SVCW
[18:59:49] [290/326] RKCF
[18:59:50] [291/326] UVBH
[18:59:50] [292/326] DNCY
[18:59:51] [293/326] ABCN
[18:59:53] [294/326] PRUR
[18:59:53] [295/326] PFMR
[18:59:54] [296/326] RKCN
[18:59:55] [297/326] CFEA
[18:59:56] 🔄 Identity reset
[18:59:56] 🔄 Identity rotated (every 10 requests)
[18:59:56] [298/326] SDBG
[18:59:57] [299/326] SNAR
[18:59:58] [300/326] YISI
[18:59:59] [301/326] JCFF
[19:00:00] [302/326] VTRK
[19:00:00] [303/326] PCLZ
[19:00:01] [304/326] DIMY
[19:00:02] [305/326] BBTS
[19:00:03] [306/326] GATH
[19:00:04] [307/326] GTMN
[19:00:05] 🔄 Identity reset
[19:00:05] 🔄 Identity rotated (every 10 requests)
[19:00:05] [308/326] VTMH
[19:00:06] [309/326] CCKP
[19:00:08] [310/326] GPKA
[19:00:09] [311/326] MHCL
[19:00:10] [312/326] ATCL
[19:00:11] [313/326] SBCK
[19:00:12] [314/326] AMMR
[19:00:13] [315/326] MADC
[19:00:14] [316/326] TMMA
[19:00:15] [317/326] CACC
[19:00:15] 🔄 Identity reset
[19:00:15] 🔄 Identity rotated (every 10 requests)
[19:00:16] [318/326] CHAL
[19:00:17] [319/326] DURG
[19:00:17] [320/326] GMKU
[19:00:18] [321/326] GECA
[19:00:19] [322/326] KYRR
[19:00:20] [323/326] KSDE
[19:00:21] [324/326] LMCI
[19:00:22] [325/326] NKCP
[19:00:23] [326/326] BGTC
[19:00:24] 🧹 Deduping shows
[19:00:24] ✅ DONE | Shows=325 | Movies=20
[10:26:47] 🚀 SCRIPT STARTED
[10:26:47] [1/326] BSAT
[10:26:47] 🧠 New identity created
[10:26:48] [2/326] RSSM
[10:26:49] [3/326] GCTA
[10:26:51] [4/326] TOPN
[10:26:53] [5/326] MCUS
[10:26:55] [6/326] SHRL
[10:26:56] [7/326] UPTP
[10:26:58] [8/326] TMMP
[10:26:59] [9/326] DNRP
[10:27:00] [10/326] SRLT
[10:27:00] 🔄 Identity reset
[10:27:00] 🔄 Identity rotated (every 10 requests)
[10:27:01] [11/326] RCNS
[10:27:03] [12/326] DCBH
[10:27:03] [13/326] NAGJ
[10:27:04] [14/326] JVRC
[10:27:06] [15/326] KRJG
[10:27:07] [16/326] SRTJ
[10:27:15] [17/326] CMXM
[10:27:16] [18/326] STMI
[10:27:18] [19/326] SLST
[10:27:19] [20/326] DTCN
[10:27:19] 🔄 Identity reset
[10:27:19] 🔄 Identity rotated (every 10 requests)
[10:27:19] 🔄 Retry 1/5 for DTCN in 3.0s
[10:27:19] 🔄 Identity reset
[10:27:22] 🧠 New identity created
[10:27:24] [21/326] STYN
[10:27:25] [22/326] SZVR
[10:27:26] [23/326] SRKO
[10:27:27] [24/326] JTGT
[10:27:28] [25/326] SVFD
[10:27:28] [26/326] SISD
[10:27:30] [27/326] ABDD
[10:27:31] [28/326] DRCA
[10:27:32] [29/326] AVCS
[10:27:32] 🔄 Identity reset
[10:27:32] 🔄 Identity rotated (every 10 requests)
[10:27:32] 🔄 Retry 1/5 for AVCS in 2.5s
[10:27:32] 🔄 Identity reset
[10:27:34] 🧠 New identity created
[10:27:36] [30/326] MVKH
[10:27:37] [31/326] ACPR
[10:27:38] [32/326] STIP
[10:27:39] [33/326] MTRA
[10:27:40] [34/326] RMKH
[10:27:45] [35/326] NKRL
[10:27:46] [36/326] PCWN
[10:27:47] [37/326] BLMT
[10:27:49] [38/326] GDPG
[10:27:49] 🔄 Identity reset
[10:27:49] 🔄 Identity rotated (every 10 requests)
[10:27:51] [39/326] SRMX
[10:27:52] [40/326] JACP
[10:27:54] [41/326] CPSH
[10:27:54] [42/326] MCCD
[10:27:55] [43/326] ECGH
[10:27:57] [44/326] MKCK
[10:27:58] [45/326] SRMM
[10:27:59] [46/326] SKYR
[10:28:03] [47/326] PCKC
[10:28:05] [48/326] JCMA
[10:28:05] 🔄 Identity reset
[10:28:05] 🔄 Identity rotated (every 10 requests)
[10:28:06] [49/326] BSMP
[10:28:07] [50/326] VSPA
[10:28:09] [51/326] DJYA
[10:28:10] [52/326] DIMP
[10:28:12] [53/326] FXDR
[10:28:13] [54/326] SSRC
[10:28:14] [55/326] STHP
[10:28:16] [56/326] CPPD
[10:28:17] [57/326] FCLK
[10:28:19] [58/326] SCPP
[10:28:19] 🔄 Identity reset
[10:28:19] 🔄 Identity rotated (every 10 requests)
[10:28:20] [59/326] DCMJ
[10:28:22] [60/326] RCCR
[10:28:23] [61/326] INMT
[10:28:24] [62/326] LXTK
[10:28:26] [63/326] SRYK
[10:28:28] [64/326] SGDK
[10:28:29] [65/326] PPKA
[10:28:31] [66/326] SPKA
[10:28:33] [67/326] CGHH
[10:28:35] [68/326] DCJN
[10:28:35] 🔄 Identity reset
[10:28:35] 🔄 Identity rotated (every 10 requests)
[10:28:36] [69/326] SRKV
[10:28:37] [70/326] SAJC
[10:28:38] [71/326] SUSR
[10:28:40] [72/326] STYG
[10:28:41] [73/326] NTKP
[10:28:42] [74/326] AKTG
[10:28:45] [75/326] CGCM
[10:28:47] [76/326] TULC
[10:28:48] [77/326] NYYZ
[10:28:50] [78/326] NYBW
[10:28:50] 🔄 Identity reset
[10:28:50] 🔄 Identity rotated (every 10 requests)
[10:28:51] [79/326] MACB
[10:28:53] [80/326] SLVT
[10:28:54] [81/326] SANA
[10:28:55] [82/326] ACMR
[10:28:56] [83/326] CPKN
[10:28:57] [84/326] DLGK
[10:28:59] [85/326] CWCK
[10:29:00] [86/326] FDDH
[10:29:01] [87/326] MMMD
[10:29:02] [88/326] CMEH
[10:29:02] 🔄 Identity reset
[10:29:02] 🔄 Identity rotated (every 10 requests)
[10:29:03] [89/326] GGGV
[10:29:05] [90/326] SPJL
[10:29:06] [91/326] RCCD
[10:29:07] [92/326] STTZ
[10:29:09] [93/326] BTCF
[10:29:10] [94/326] TSTZ
[10:29:12] [95/326] IPMM
[10:29:13] [96/326] PMPW
[10:29:14] [97/326] PCMZ
[10:29:16] [98/326] ESEM
[10:29:16] 🔄 Identity reset
[10:29:16] 🔄 Identity rotated (every 10 requests)
[10:29:16] 🔄 Retry 1/5 for ESEM in 2.0s
[10:29:16] 🔄 Identity reset
[10:29:18] 🧠 New identity created
[10:29:20] [99/326] PIPO
[10:29:21] [100/326] MATK
[10:29:22] [101/326] PGHM
[10:29:23] [102/326] CTSR
[10:29:25] [103/326] CYKR
[10:29:26] [104/326] MSCM
[10:29:28] [105/326] RFNP
[10:29:28] [106/326] PDCP
[10:29:30] [107/326] NPSE
[10:29:30] 🔄 Identity reset
[10:29:30] 🔄 Identity rotated (every 10 requests)
[10:29:31] [108/326] MKML
[10:29:32] [109/326] FTDP
[10:29:34] [110/326] MMXA
[10:29:36] [111/326] CEPO
[10:29:37] [112/326] CMVP
[10:29:38] [113/326] SGTH
[10:29:40] [114/326] SAYN
[10:29:42] [115/326] URVS
[10:29:43] [116/326] VJTN
[10:29:44] [117/326] BBYK
[10:29:44] 🔄 Identity reset
[10:29:44] 🔄 Identity rotated (every 10 requests)
[10:29:44] 🔄 Retry 1/5 for BBYK in 2.8s
[10:29:44] 🔄 Identity reset
[10:29:47] 🧠 New identity created
[10:29:47] 🔄 Retry 2/5 for BBYK in 4.5s
[10:29:47] 🔄 Identity reset
[10:29:52] 🧠 New identity created
[10:29:52] 🔄 Retry 3/5 for BBYK in 8.0s
[10:29:52] 🔄 Identity reset
[10:30:00] 🧠 New identity created
[10:30:01] [118/326] SHBO
[10:30:02] [119/326] VCMR
[10:30:04] [120/326] MACT
[10:30:05] [121/326] JMNP
[10:30:07] [122/326] VICS
[10:30:19] 🔄 Retry 1/5 for VICS in 2.5s
[10:30:19] 🔄 Identity reset
[10:30:21] 🧠 New identity created
[10:30:33] 🔄 Retry 2/5 for VICS in 4.9s
[10:30:33] 🔄 Identity reset
[10:30:38] 🧠 New identity created
[10:30:38] 🔄 Identity reset
[10:30:38] 🔄 Identity rotated (every 10 requests)
[10:30:39] [123/326] VCDA
[10:30:40] [124/326] GCMM
[10:30:42] [125/326] INVS
[10:30:43] [126/326] SCGM
[10:30:45] [127/326] PCDA
[10:30:47] [128/326] KDCT
[10:30:48] [129/326] JACS
[10:30:49] [130/326] GMMC
[10:30:51] [131/326] AICM
[10:30:52] [132/326] TJCM
[10:30:52] 🔄 Identity reset
[10:30:52] 🔄 Identity rotated (every 10 requests)
[10:30:53] [133/326] RMTI
[10:30:55] [134/326] SHAC
[10:30:57] [135/326] APJC
[10:30:59] [136/326] GCTG
[10:31:00] [137/326] SSMC
[10:31:02] [138/326] THRM
[10:31:03] [139/326] RBCT
[10:31:04] [140/326] DIKT
[10:31:05] [141/326] MIDL
[10:31:07] [142/326] VCSN
[10:31:07] 🔄 Identity reset
[10:31:07] 🔄 Identity rotated (every 10 requests)
[10:31:08] [143/326] SKTG
[10:31:09] [144/326] SMWC
[10:31:10] [145/326] MNKH
[10:31:11] [146/326] PIAT
[10:31:13] [147/326] LTTP
[10:31:15] [148/326] PTPU
[10:31:19] [149/326] ACMG
[10:31:20] [150/326] SHMM
[10:31:22] [151/326] MCMN
[10:31:22] [152/326] GLDC
[10:31:22] 🔄 Identity reset
[10:31:22] 🔄 Identity rotated (every 10 requests)
[10:31:22] 🔄 Retry 1/5 for GLDC in 2.0s
[10:31:22] 🔄 Identity reset
[10:31:25] 🧠 New identity created
[10:31:25] [153/326] HOUT
[10:31:26] [154/326] SVRP
[10:31:28] [155/326] PVDN
[10:31:30] [156/326] SCPY
[10:31:31] [157/326] DTPY
[10:31:33] [158/326] GKCS
[10:31:34] [159/326] NCAM
[10:31:36] [160/326] BSRM
[10:31:37] [161/326] RCLC
[10:31:37] 🔄 Identity reset
[10:31:37] 🔄 Identity rotated (every 10 requests)
[10:31:38] [162/326] SKKD
[10:31:40] [163/326] ACHU
[10:31:41] [164/326] RSCF
[10:31:42] [165/326] IMSH
[10:31:44] [166/326] MACX
[10:31:44] [167/326] HMMW
[10:31:45] [168/326] JTCP
[10:31:46] [169/326] SREN
[10:31:47] [170/326] PJRR
[10:31:49] [171/326] INAC
[10:31:49] 🔄 Identity reset
[10:31:49] 🔄 Identity rotated (every 10 requests)
[10:31:51] [172/326] BMCA
[10:31:52] [173/326] SHCB
[10:31:54] [174/326] GABA
[10:31:54] [175/326] SBCT
[10:31:56] [176/326] GCMA
[10:31:57] [177/326] MYTK
[10:31:59] [178/326] INZS
[10:32:00] [179/326] RMIK
[10:32:00] [180/326] NYCH
[10:32:02] [181/326] RAVE
[10:32:02] 🔄 Identity reset
[10:32:02] 🔄 Identity rotated (every 10 requests)
[10:32:04] [182/326] PSXM
[10:32:05] [183/326] MCGP
[10:32:07] [184/326] PDDK
[10:32:08] [185/326] SPCK
[10:32:09] [186/326] MCRL
[10:32:10] [187/326] MHKT
[10:32:12] [188/326] ANRR
[10:32:13] [189/326] SAPK
[10:32:14] [190/326] NCUK
[10:32:15] [191/326] JUGA
[10:32:15] 🔄 Identity reset
[10:32:15] 🔄 Identity rotated (every 10 requests)
[10:32:17] [192/326] DBSC
[10:32:19] [193/326] LALK
[10:32:20] [194/326] GUCK
[10:32:21] [195/326] STSG
[10:32:22] [196/326] PPPZ
[10:32:23] [197/326] CNCY
[10:32:25] [198/326] MTAR
[10:32:27] [199/326] VNKD
[10:32:28] [200/326] KMAJ
[10:32:29] [201/326] ACXK
[10:32:29] 🔄 Identity reset
[10:32:29] 🔄 Identity rotated (every 10 requests)
[10:32:29] 🔄 Retry 1/5 for ACXK in 2.7s
[10:32:29] 🔄 Identity reset
[10:32:32] 🧠 New identity created
[10:32:33] [202/326] UTKC
[10:32:34] [203/326] PBLK
[10:32:46] 🔄 Retry 1/5 for PBLK in 2.7s
[10:32:46] 🔄 Identity reset
[10:32:49] 🧠 New identity created
[10:32:55] [204/326] ACBX
[10:32:56] [205/326] PTGM
[10:32:57] [206/326] BTDA
[10:32:58] [207/326] PJMB
[10:32:59] [208/326] TPDA
[10:33:01] [209/326] AMOE
[10:33:01] 🔄 Identity reset
[10:33:01] 🔄 Identity rotated (every 10 requests)
[10:33:02] [210/326] PRHT
[10:33:04] [211/326] PRTA
[10:33:05] [212/326] STAM
[10:33:06] [213/326] MSAA
[10:33:10] [214/326] SDLU
[10:33:11] [215/326] RCHH
[10:33:12] [216/326] KANT
[10:33:13] [217/326] FCRT
[10:33:14] [218/326] DNKM
[10:33:15] [219/326] RYCP
[10:33:15] 🔄 Identity reset
[10:33:16] 🔄 Identity rotated (every 10 requests)
[10:33:18] [220/326] MYRP
[10:33:20] [221/326] PPAK
[10:33:20] [222/326] NVPK
[10:33:22] [223/326] PRMC
[10:33:24] [224/326] JBCS
[10:33:25] [225/326] GXCK
[10:33:26] [226/326] USKO
[10:33:27] [227/326] GTEM
[10:33:29] [228/326] SMBU
[10:33:30] [229/326] VETC
[10:33:30] 🔄 Identity reset
[10:33:30] 🔄 Identity rotated (every 10 requests)
[10:33:32] [230/326] LCDA
[10:33:33] [231/326] MTVT
[10:33:34] [232/326] PYCP
[10:33:36] [233/326] PNSC
[10:33:37] [234/326] PPCC
[10:33:39] [235/326] TGRT
[10:33:40] [236/326] JYOT
[10:33:42] [237/326] SRCZ
[10:33:43] [238/326] SJTE
[10:33:45] [239/326] DESC
[10:33:45] 🔄 Identity reset
[10:33:45] 🔄 Identity rotated (every 10 requests)
[10:33:46] [240/326] JHVN
[10:33:48] [241/326] IPSG
[10:33:49] [242/326] IPCM
[10:33:50] [243/326] PDRS
[10:33:52] [244/326] ANCV
[10:33:53] [245/326] CMVV
[10:33:54] [246/326] SHYP
[10:33:55] [247/326] DNCS
[10:33:57] [248/326] GAJK
[10:33:59] [249/326] AKTN
[10:33:59] 🔄 Identity reset
[10:33:59] 🔄 Identity rotated (every 10 requests)
[10:34:00] [250/326] KAYA
[10:34:01] [251/326] SBRC
[10:34:03] [252/326] CHTP
[10:34:05] [253/326] SHRT
[10:34:06] [254/326] BCKU
[10:34:07] [255/326] FCPS
[10:34:08] [256/326] ARDD
[10:34:08] [257/326] CPCM
[10:34:10] [258/326] CGSM
[10:34:11] [259/326] PSMP
[10:34:11] 🔄 Identity reset
[10:34:11] 🔄 Identity rotated (every 10 requests)
[10:34:12] [260/326] SDAL
[10:34:13] [261/326] RTNB
[10:34:14] [262/326] LMCR
[10:34:17] [263/326] CIMA
[10:34:18] [264/326] RNAS
[10:34:19] [265/326] LITH
[10:34:20] [266/326] PBOX
[10:34:22] [267/326] FRTS
[10:34:23] [268/326] RKIC
[10:34:24] [269/326] PTAI
[10:34:24] 🔄 Identity reset
[10:34:24] 🔄 Identity rotated (every 10 requests)
[10:34:25] [270/326] GCIC
[10:34:27] [271/326] FNAS
[10:34:28] [272/326] SCAR
[10:34:29] [273/326] MTCA
[10:34:30] [274/326] SCTS
[10:34:31] [275/326] SYCS
[10:34:33] [276/326] RDMS
[10:34:34] [277/326] KAMP
[10:34:36] [278/326] ERSD
[10:34:37] [279/326] MJMJ
[10:34:37] 🔄 Identity reset
[10:34:37] 🔄 Identity rotated (every 10 requests)
[10:34:40] [280/326] SRCJ
[10:34:42] [281/326] SCXE
[10:34:43] [282/326] SVFR
[10:34:44] [283/326] BHCS
[10:34:45] [284/326] IMCC
[10:34:46] [285/326] PCBO
[10:34:48] [286/326] PRVN
[10:34:49] [287/326] AUPM
[10:34:51] [288/326] INBW
[10:34:52] [289/326] SVCW
[10:34:52] 🔄 Identity reset
[10:34:52] 🔄 Identity rotated (every 10 requests)
[10:34:53] [290/326] RKCF
[10:34:54] [291/326] UVBH
[10:34:56] [292/326] DNCY
[10:34:57] [293/326] ABCN
[10:34:58] [294/326] PRUR
[10:34:59] [295/326] PFMR
[10:35:00] [296/326] RKCN
[10:35:01] [297/326] CFEA
[10:35:02] [298/326] SDBG
[10:35:04] [299/326] SNAR
[10:35:04] 🔄 Identity reset
[10:35:04] 🔄 Identity rotated (every 10 requests)
[10:35:05] [300/326] YISI
[10:35:06] [301/326] JCFF
[10:35:07] [302/326] VTRK
[10:35:08] [303/326] PCLZ
[10:35:10] [304/326] DIMY
[10:35:12] [305/326] BBTS
[10:35:13] [306/326] GATH
[10:35:14] [307/326] GTMN
[10:35:15] [308/326] VTMH
[10:35:16] [309/326] CCKP
[10:35:16] 🔄 Identity reset
[10:35:16] 🔄 Identity rotated (every 10 requests)
[10:35:17] [310/326] GPKA
[10:35:18] [311/326] MHCL
[10:35:20] [312/326] ATCL
[10:35:21] [313/326] SBCK
[10:35:23] [314/326] AMMR
[10:35:24] [315/326] MADC
[10:35:25] [316/326] TMMA
[10:35:35] [317/326] CACC
[10:35:37] [318/326] CHAL
[10:35:39] [319/326] DURG
[10:35:39] 🔄 Identity reset
[10:35:39] 🔄 Identity rotated (every 10 requests)
[10:35:40] [320/326] GMKU
[10:35:41] [321/326] GECA
[10:35:42] [322/326] KYRR
[10:35:43] [323/326] KSDE
[10:35:45] [324/326] LMCI
[10:35:46] [325/326] NKCP
[10:35:48] [326/326] BGTC
[10:35:49] 🧹 Deduping shows
[10:35:49] ✅ DONE | Shows=2054 | Movies=70
[17:05:40] 🚀 SCRIPT STARTED
[17:05:40] [1/326] BSAT
[17:05:40] 🧠 New identity created
[17:05:41] [2/326] RSSM
[17:05:42] [3/326] GCTA
[17:05:43] [4/326] TOPN
[17:05:44] [5/326] MCUS
[17:05:45] [6/326] SHRL
[17:05:46] [7/326] UPTP
[17:05:46] [8/326] TMMP
[17:05:47] [9/326] DNRP
[17:05:48] [10/326] SRLT
[17:05:48] 🔄 Identity reset
[17:05:48] 🔄 Identity rotated (every 10 requests)
[17:05:49] [11/326] RCNS
[17:05:50] [12/326] DCBH
[17:05:51] [13/326] NAGJ
[17:05:52] [14/326] JVRC
[17:05:53] [15/326] KRJG
[17:05:54] [16/326] SRTJ
[17:05:55] [17/326] CMXM
[17:05:56] [18/326] STMI
[17:05:57] [19/326] SLST
[17:05:58] [20/326] DTCN
[17:05:58] 🔄 Identity reset
[17:05:58] 🔄 Identity rotated (every 10 requests)
[17:06:00] [21/326] STYN
[17:06:01] [22/326] SZVR
[17:06:02] [23/326] SRKO
[17:06:03] [24/326] JTGT
[17:06:04] [25/326] SVFD
[17:06:06] [26/326] SISD
[17:06:07] [27/326] ABDD
[17:06:08] [28/326] DRCA
[17:06:09] [29/326] AVCS
[17:06:10] [30/326] MVKH
[17:06:10] 🔄 Identity reset
[17:06:10] 🔄 Identity rotated (every 10 requests)
[17:06:11] [31/326] ACPR
[17:06:13] [32/326] STIP
[17:06:14] [33/326] MTRA
[17:06:15] [34/326] RMKH
[17:06:16] [35/326] NKRL
[17:06:18] [36/326] PCWN
[17:06:19] [37/326] BLMT
[17:06:19] [38/326] GDPG
[17:06:20] [39/326] SRMX
[17:06:21] [40/326] JACP
[17:06:21] 🔄 Identity reset
[17:06:21] 🔄 Identity rotated (every 10 requests)
[17:06:22] [41/326] CPSH
[17:06:23] [42/326] MCCD
[17:06:24] [43/326] ECGH
[17:06:25] [44/326] MKCK
[17:06:25] [45/326] SRMM
[17:06:26] [46/326] SKYR
[17:06:28] [47/326] PCKC
[17:06:29] [48/326] JCMA
[17:06:30] [49/326] BSMP
[17:06:31] [50/326] VSPA
[17:06:31] 🔄 Identity reset
[17:06:31] 🔄 Identity rotated (every 10 requests)
[17:06:31] [51/326] DJYA
[17:06:32] [52/326] DIMP
[17:06:33] [53/326] FXDR
[17:06:34] [54/326] SSRC
[17:06:35] [55/326] STHP
[17:06:36] [56/326] CPPD
[17:06:37] [57/326] FCLK
[17:06:38] [58/326] SCPP
[17:06:38] [59/326] DCMJ
[17:06:39] [60/326] RCCR
[17:06:39] 🔄 Identity reset
[17:06:39] 🔄 Identity rotated (every 10 requests)
[17:06:40] [61/326] INMT
[17:06:41] [62/326] LXTK
[17:06:43] [63/326] SRYK
[17:06:44] [64/326] SGDK
[17:06:45] [65/326] PPKA
[17:06:47] [66/326] SPKA
[17:06:48] [67/326] CGHH
[17:06:49] [68/326] DCJN
[17:06:50] [69/326] SRKV
[17:06:51] [70/326] SAJC
[17:06:51] 🔄 Identity reset
[17:06:51] 🔄 Identity rotated (every 10 requests)
[17:06:52] [71/326] SUSR
[17:06:53] [72/326] STYG
[17:06:54] [73/326] NTKP
[17:06:55] [74/326] AKTG
[17:06:56] [75/326] CGCM
[17:06:58] [76/326] TULC
[17:06:59] [77/326] NYYZ
[17:07:00] [78/326] NYBW
[17:07:01] [79/326] MACB
[17:07:02] [80/326] SLVT
[17:07:02] 🔄 Identity reset
[17:07:02] 🔄 Identity rotated (every 10 requests)
[17:07:02] 🔄 Retry 1/5 for SLVT in 2.0s
[17:07:02] 🔄 Identity reset
[17:07:04] 🧠 New identity created
[17:07:05] [81/326] SANA
[17:07:07] [82/326] ACMR
[17:07:07] [83/326] CPKN
[17:07:08] [84/326] DLGK
[17:07:09] [85/326] CWCK
[17:07:10] [86/326] FDDH
[17:07:11] [87/326] MMMD
[17:07:11] [88/326] CMEH
[17:07:12] [89/326] GGGV
[17:07:12] 🔄 Identity reset
[17:07:12] 🔄 Identity rotated (every 10 requests)
[17:07:13] 🔄 Retry 1/5 for GGGV in 2.6s
[17:07:13] 🔄 Identity reset
[17:07:15] 🧠 New identity created
[17:07:16] [90/326] SPJL
[17:07:17] [91/326] RCCD
[17:07:18] [92/326] STTZ
[17:07:19] [93/326] BTCF
[17:07:19] [94/326] TSTZ
[17:07:20] [95/326] IPMM
[17:07:21] [96/326] PMPW
[17:07:22] [97/326] PCMZ
[17:07:23] [98/326] ESEM
[17:07:23] 🔄 Identity reset
[17:07:23] 🔄 Identity rotated (every 10 requests)
[17:07:24] [99/326] PIPO
[17:07:25] [100/326] MATK
[17:07:26] [101/326] PGHM
[17:07:27] [102/326] CTSR
[17:07:27] [103/326] CYKR
[17:07:28] [104/326] MSCM
[17:07:29] [105/326] RFNP
[17:07:30] [106/326] PDCP
[17:07:31] [107/326] NPSE
[17:07:32] [108/326] MKML
[17:07:32] 🔄 Identity reset
[17:07:32] 🔄 Identity rotated (every 10 requests)
[17:07:33] [109/326] FTDP
[17:07:34] [110/326] MMXA
[17:07:35] [111/326] CEPO
[17:07:35] [112/326] CMVP
[17:07:36] [113/326] SGTH
[17:07:37] [114/326] SAYN
[17:07:38] [115/326] URVS
[17:07:39] [116/326] VJTN
[17:07:40] [117/326] BBYK
[17:07:41] [118/326] SHBO
[17:07:41] 🔄 Identity reset
[17:07:41] 🔄 Identity rotated (every 10 requests)
[17:07:41] 🔄 Retry 1/5 for SHBO in 2.2s
[17:07:41] 🔄 Identity reset
[17:07:43] 🧠 New identity created
[17:07:44] [119/326] VCMR
[17:07:45] [120/326] MACT
[17:07:46] [121/326] JMNP
[17:07:48] [122/326] VICS
[17:07:49] [123/326] VCDA
[17:07:50] [124/326] GCMM
[17:07:50] [125/326] INVS
[17:07:51] [126/326] SCGM
[17:07:52] [127/326] PCDA
[17:07:52] 🔄 Identity reset
[17:07:52] 🔄 Identity rotated (every 10 requests)
[17:07:52] 🔄 Retry 1/5 for PCDA in 2.1s
[17:07:52] 🔄 Identity reset
[17:07:54] 🧠 New identity created
[17:07:55] [128/326] KDCT
[17:07:56] [129/326] JACS
[17:07:57] [130/326] GMMC
[17:07:58] [131/326] AICM
[17:07:59] [132/326] TJCM
[17:07:59] [133/326] RMTI
[17:08:00] [134/326] SHAC
[17:08:01] [135/326] APJC
[17:08:02] [136/326] GCTG
[17:08:02] 🔄 Identity reset
[17:08:02] 🔄 Identity rotated (every 10 requests)
[17:08:03] [137/326] SSMC
[17:08:04] [138/326] THRM
[17:08:05] [139/326] RBCT
[17:08:06] [140/326] DIKT
[17:08:07] [141/326] MIDL
[17:08:08] [142/326] VCSN
[17:08:09] [143/326] SKTG
[17:08:10] [144/326] SMWC
[17:08:11] [145/326] MNKH
[17:08:12] [146/326] PIAT
[17:08:12] 🔄 Identity reset
[17:08:12] 🔄 Identity rotated (every 10 requests)
[17:08:13] [147/326] LTTP
[17:08:14] [148/326] PTPU
[17:08:15] [149/326] ACMG
[17:08:16] [150/326] SHMM
[17:08:17] [151/326] MCMN
[17:08:18] [152/326] GLDC
[17:08:19] [153/326] HOUT
[17:08:20] [154/326] SVRP
[17:08:20] [155/326] PVDN
[17:08:21] [156/326] SCPY
[17:08:21] 🔄 Identity reset
[17:08:21] 🔄 Identity rotated (every 10 requests)
[17:08:22] 🔄 Retry 1/5 for SCPY in 2.3s
[17:08:22] 🔄 Identity reset
[17:08:24] 🧠 New identity created
[17:08:25] [157/326] DTPY
[17:08:25] [158/326] GKCS
[17:08:26] [159/326] NCAM
[17:08:27] [160/326] BSRM
[17:08:28] [161/326] RCLC
[17:08:29] [162/326] SKKD
[17:08:29] [163/326] ACHU
[17:08:30] [164/326] RSCF
[17:08:31] [165/326] IMSH
[17:08:31] 🔄 Identity reset
[17:08:31] 🔄 Identity rotated (every 10 requests)
[17:08:33] [166/326] MACX
[17:08:33] [167/326] HMMW
[17:08:34] [168/326] JTCP
[17:08:35] [169/326] SREN
[17:08:36] [170/326] PJRR
[17:08:37] [171/326] INAC
[17:08:38] [172/326] BMCA
[17:08:39] [173/326] SHCB
[17:08:40] [174/326] GABA
[17:08:41] [175/326] SBCT
[17:08:41] 🔄 Identity reset
[17:08:41] 🔄 Identity rotated (every 10 requests)
[17:08:42] [176/326] GCMA
[17:08:43] [177/326] MYTK
[17:08:43] [178/326] INZS
[17:08:44] [179/326] RMIK
[17:08:45] [180/326] NYCH
[17:08:46] [181/326] RAVE
[17:08:47] [182/326] PSXM
[17:08:48] [183/326] MCGP
[17:08:49] [184/326] PDDK
[17:08:50] [185/326] SPCK
[17:08:50] 🔄 Identity reset
[17:08:50] 🔄 Identity rotated (every 10 requests)
[17:08:51] [186/326] MCRL
[17:08:52] [187/326] MHKT
[17:08:53] [188/326] ANRR
[17:08:54] [189/326] SAPK
[17:08:55] [190/326] NCUK
[17:08:56] [191/326] JUGA
[17:08:57] [192/326] DBSC
[17:08:58] [193/326] LALK
[17:08:59] [194/326] GUCK
[17:08:59] [195/326] STSG
[17:08:59] 🔄 Identity reset
[17:08:59] 🔄 Identity rotated (every 10 requests)
[17:09:00] [196/326] PPPZ
[17:09:02] [197/326] CNCY
[17:09:03] [198/326] MTAR
[17:09:04] [199/326] VNKD
[17:09:05] [200/326] KMAJ
[17:09:06] [201/326] ACXK
[17:09:07] [202/326] UTKC
[17:09:08] [203/326] PBLK
[17:09:09] [204/326] ACBX
[17:09:09] [205/326] PTGM
[17:09:09] 🔄 Identity reset
[17:09:09] 🔄 Identity rotated (every 10 requests)
[17:09:10] [206/326] BTDA
[17:09:11] [207/326] PJMB
[17:09:12] [208/326] TPDA
[17:09:13] [209/326] AMOE
[17:09:14] [210/326] PRHT
[17:09:15] [211/326] PRTA
[17:09:15] [212/326] STAM
[17:09:16] [213/326] MSAA
[17:09:18] [214/326] SDLU
[17:09:19] [215/326] RCHH
[17:09:19] 🔄 Identity reset
[17:09:19] 🔄 Identity rotated (every 10 requests)
[17:09:20] [216/326] KANT
[17:09:20] [217/326] FCRT
[17:09:21] [218/326] DNKM
[17:09:22] [219/326] RYCP
[17:09:23] [220/326] MYRP
[17:09:24] [221/326] PPAK
[17:09:24] [222/326] NVPK
[17:09:25] [223/326] PRMC
[17:09:26] [224/326] JBCS
[17:09:27] [225/326] GXCK
[17:09:27] 🔄 Identity reset
[17:09:27] 🔄 Identity rotated (every 10 requests)
[17:09:28] [226/326] USKO
[17:09:29] [227/326] GTEM
[17:09:30] [228/326] SMBU
[17:09:31] [229/326] VETC
[17:09:33] [230/326] LCDA
[17:09:33] [231/326] MTVT
[17:09:34] [232/326] PYCP
[17:09:35] [233/326] PNSC
[17:09:36] [234/326] PPCC
[17:09:37] [235/326] TGRT
[17:09:37] 🔄 Identity reset
[17:09:37] 🔄 Identity rotated (every 10 requests)
[17:09:38] [236/326] JYOT
[17:09:39] [237/326] SRCZ
[17:09:39] [238/326] SJTE
[17:09:40] [239/326] DESC
[17:09:41] [240/326] JHVN
[17:09:42] [241/326] IPSG
[17:09:43] [242/326] IPCM
[17:09:44] [243/326] PDRS
[17:09:44] [244/326] ANCV
[17:09:45] [245/326] CMVV
[17:09:45] 🔄 Identity reset
[17:09:45] 🔄 Identity rotated (every 10 requests)
[17:09:46] [246/326] SHYP
[17:09:47] [247/326] DNCS
[17:09:48] [248/326] GAJK
[17:09:49] [249/326] AKTN
[17:09:50] [250/326] KAYA
[17:09:51] [251/326] SBRC
[17:09:52] [252/326] CHTP
[17:09:53] [253/326] SHRT
[17:09:54] [254/326] BCKU
[17:09:54] [255/326] FCPS
[17:09:54] 🔄 Identity reset
[17:09:54] 🔄 Identity rotated (every 10 requests)
[17:09:55] [256/326] ARDD
[17:09:56] [257/326] CPCM
[17:09:57] [258/326] CGSM
[17:09:58] [259/326] PSMP
[17:09:59] [260/326] SDAL
[17:10:00] [261/326] RTNB
[17:10:01] [262/326] LMCR
[17:10:03] [263/326] CIMA
[17:10:03] [264/326] RNAS
[17:10:04] [265/326] LITH
[17:10:04] 🔄 Identity reset
[17:10:04] 🔄 Identity rotated (every 10 requests)
[17:10:05] [266/326] PBOX
[17:10:06] [267/326] FRTS
[17:10:07] [268/326] RKIC
[17:10:08] [269/326] PTAI
[17:10:09] [270/326] GCIC
[17:10:09] [271/326] FNAS
[17:10:10] [272/326] SCAR
[17:10:12] [273/326] MTCA
[17:10:13] [274/326] SCTS
[17:10:15] [275/326] SYCS
[17:10:15] 🔄 Identity reset
[17:10:15] 🔄 Identity rotated (every 10 requests)
[17:10:16] [276/326] RDMS
[17:10:17] [277/326] KAMP
[17:10:18] [278/326] ERSD
[17:10:18] [279/326] MJMJ
[17:10:19] [280/326] SRCJ
[17:10:20] [281/326] SCXE
[17:10:21] [282/326] SVFR
[17:10:22] [283/326] BHCS
[17:10:23] [284/326] IMCC
[17:10:24] [285/326] PCBO
[17:10:24] 🔄 Identity reset
[17:10:24] 🔄 Identity rotated (every 10 requests)
[17:10:25] [286/326] PRVN
[17:10:27] [287/326] AUPM
[17:10:27] [288/326] INBW
[17:10:28] [289/326] SVCW
[17:10:30] [290/326] RKCF
[17:10:31] [291/326] UVBH
[17:10:32] [292/326] DNCY
[17:10:33] [293/326] ABCN
[17:10:34] [294/326] PRUR
[17:10:35] [295/326] PFMR
[17:10:35] 🔄 Identity reset
[17:10:35] 🔄 Identity rotated (every 10 requests)
[17:10:35] [296/326] RKCN
[17:10:36] [297/326] CFEA
[17:10:37] [298/326] SDBG
[17:10:38] [299/326] SNAR
[17:10:39] [300/326] YISI
[17:10:40] [301/326] JCFF
[17:10:41] [302/326] VTRK
[17:10:42] [303/326] PCLZ
[17:10:43] [304/326] DIMY
[17:10:44] [305/326] BBTS
[17:10:44] 🔄 Identity reset
[17:10:44] 🔄 Identity rotated (every 10 requests)
[17:10:44] 🔄 Retry 1/5 for BBTS in 2.8s
[17:10:44] 🔄 Identity reset
[17:10:47] 🧠 New identity created
[17:10:48] [306/326] GATH
[17:10:49] [307/326] GTMN
[17:10:50] [308/326] VTMH
[17:10:51] [309/326] CCKP
[17:10:52] [310/326] GPKA
[17:10:53] [311/326] MHCL
[17:10:54] [312/326] ATCL
[17:10:56] [313/326] SBCK
[17:10:57] [314/326] AMMR
[17:10:57] 🔄 Identity reset
[17:10:57] 🔄 Identity rotated (every 10 requests)
[17:10:58] [315/326] MADC
[17:10:59] [316/326] TMMA
[17:11:00] [317/326] CACC
[17:11:01] [318/326] CHAL
[17:11:02] [319/326] DURG
[17:11:03] [320/326] GMKU
[17:11:04] [321/326] GECA
[17:11:05] [322/326] KYRR
[17:11:06] [323/326] KSDE
[17:11:07] [324/326] LMCI
[17:11:07] 🔄 Identity reset
[17:11:07] 🔄 Identity rotated (every 10 requests)
[17:11:09] [325/326] NKCP
[17:11:10] [326/326] BGTC
[17:11:11] 🧹 Deduping shows
[17:11:11] ✅ DONE | Shows=2444 | Movies=70
[21:21:48] 🚀 SCRIPT STARTED
[21:21:48] [1/326] BSAT
[21:21:48] 🧠 New identity created
[21:21:50] [2/326] RSSM
[21:21:51] [3/326] GCTA
[21:21:52] [4/326] TOPN
[21:21:53] [5/326] MCUS
[21:21:54] [6/326] SHRL
[21:21:55] [7/326] UPTP
[21:21:56] [8/326] TMMP
[21:21:57] [9/326] DNRP
[21:21:58] [10/326] SRLT
[21:21:58] 🔄 Identity reset
[21:21:58] 🔄 Identity rotated (every 10 requests)
[21:21:59] [11/326] RCNS
[21:22:00] [12/326] DCBH
[21:22:02] [13/326] NAGJ
[21:22:03] [14/326] JVRC
[21:22:03] [15/326] KRJG
[21:22:04] [16/326] SRTJ
[21:22:05] [17/326] CMXM
[21:22:06] [18/326] STMI
[21:22:07] [19/326] SLST
[21:22:08] [20/326] DTCN
[21:22:08] 🔄 Identity reset
[21:22:08] 🔄 Identity rotated (every 10 requests)
[21:22:09] [21/326] STYN
[21:22:10] [22/326] SZVR
[21:22:11] [23/326] SRKO
[21:22:12] [24/326] JTGT
[21:22:13] [25/326] SVFD
[21:22:14] [26/326] SISD
[21:22:15] [27/326] ABDD
[21:22:16] [28/326] DRCA
[21:22:17] [29/326] AVCS
[21:22:18] [30/326] MVKH
[21:22:18] 🔄 Identity reset
[21:22:18] 🔄 Identity rotated (every 10 requests)
[21:22:20] [31/326] ACPR
[21:22:21] [32/326] STIP
[21:22:22] [33/326] MTRA
[21:22:23] [34/326] RMKH
[21:22:23] [35/326] NKRL
[21:22:24] [36/326] PCWN
[21:22:25] [37/326] BLMT
[21:22:26] [38/326] GDPG
[21:22:27] [39/326] SRMX
[21:22:28] [40/326] JACP
[21:22:28] 🔄 Identity reset
[21:22:28] 🔄 Identity rotated (every 10 requests)
[21:22:29] [41/326] CPSH
[21:22:31] [42/326] MCCD
[21:22:31] [43/326] ECGH
[21:22:33] [44/326] MKCK
[21:22:34] [45/326] SRMM
[21:22:35] [46/326] SKYR
[21:22:35] [47/326] PCKC
[21:22:36] [48/326] JCMA
[21:22:37] [49/326] BSMP
[21:22:38] [50/326] VSPA
[21:22:38] 🔄 Identity reset
[21:22:38] 🔄 Identity rotated (every 10 requests)
[21:22:39] [51/326] DJYA
[21:22:40] [52/326] DIMP
[21:22:41] [53/326] FXDR
[21:22:42] [54/326] SSRC
[21:22:43] [55/326] STHP
[21:22:44] [56/326] CPPD
[21:22:45] [57/326] FCLK
[21:22:46] [58/326] SCPP
[21:22:48] [59/326] DCMJ
[21:22:49] [60/326] RCCR
[21:22:49] 🔄 Identity reset
[21:22:49] 🔄 Identity rotated (every 10 requests)
[21:22:50] [61/326] INMT
[21:22:51] [62/326] LXTK
[21:22:52] [63/326] SRYK
[21:22:53] [64/326] SGDK
[21:22:54] [65/326] PPKA
[21:22:55] [66/326] SPKA
[21:22:56] [67/326] CGHH
[21:22:56] [68/326] DCJN
[21:22:57] [69/326] SRKV
[21:22:59] [70/326] SAJC
[21:22:59] 🔄 Identity reset
[21:22:59] 🔄 Identity rotated (every 10 requests)
[21:22:59] 🔄 Retry 1/5 for SAJC in 2.5s
[21:22:59] 🔄 Identity reset
[21:23:02] 🧠 New identity created
[21:23:03] [71/326] SUSR
[21:23:04] [72/326] STYG
[21:23:05] [73/326] NTKP
[21:23:06] [74/326] AKTG
[21:23:07] [75/326] CGCM
[21:23:08] [76/326] TULC
[21:23:09] [77/326] NYYZ
[21:23:11] [78/326] NYBW
[21:23:12] [79/326] MACB
[21:23:12] 🔄 Identity reset
[21:23:12] 🔄 Identity rotated (every 10 requests)
[21:23:13] [80/326] SLVT
[21:23:14] [81/326] SANA
[21:23:15] [82/326] ACMR
[21:23:16] [83/326] CPKN
[21:23:16] [84/326] DLGK
[21:23:18] [85/326] CWCK
[21:23:19] [86/326] FDDH
[21:23:21] [87/326] MMMD
[21:23:22] [88/326] CMEH
[21:23:22] [89/326] GGGV
[21:23:22] 🔄 Identity reset
[21:23:22] 🔄 Identity rotated (every 10 requests)
[21:23:22] 🔄 Retry 1/5 for GGGV in 2.7s
[21:23:22] 🔄 Identity reset
[21:23:25] 🧠 New identity created
[21:23:25] 🔄 Retry 2/5 for GGGV in 4.4s
[21:23:25] 🔄 Identity reset
[21:23:30] 🧠 New identity created
[21:23:31] [90/326] SPJL
[21:23:31] [91/326] RCCD
[21:23:32] [92/326] STTZ
[21:23:33] [93/326] BTCF
[21:23:34] [94/326] TSTZ
[21:23:36] [95/326] IPMM
[21:23:37] [96/326] PMPW
[21:23:38] [97/326] PCMZ
[21:23:38] 🔄 Identity reset
[21:23:38] 🔄 Identity rotated (every 10 requests)
[21:23:39] [98/326] ESEM
[21:23:40] [99/326] PIPO
[21:23:41] [100/326] MATK
[21:23:42] [101/326] PGHM
[21:23:44] [102/326] CTSR
[21:23:46] [103/326] CYKR
[21:23:47] [104/326] MSCM
[21:23:48] [105/326] RFNP
[21:23:49] [106/326] PDCP
[21:23:50] [107/326] NPSE
[21:23:50] 🔄 Identity reset
[21:23:50] 🔄 Identity rotated (every 10 requests)
[21:23:51] [108/326] MKML
[21:23:52] [109/326] FTDP
[21:23:53] [110/326] MMXA
[21:23:54] [111/326] CEPO
[21:23:55] [112/326] CMVP
[21:23:57] [113/326] SGTH
[21:23:57] [114/326] SAYN
[21:23:58] [115/326] URVS
[21:24:00] [116/326] VJTN
[21:24:01] [117/326] BBYK
[21:24:01] 🔄 Identity reset
[21:24:01] 🔄 Identity rotated (every 10 requests)
[21:24:02] [118/326] SHBO
[21:24:03] [119/326] VCMR
[21:24:04] [120/326] MACT
[21:24:05] [121/326] JMNP
[21:24:06] [122/326] VICS
[21:24:07] [123/326] VCDA
[21:24:07] [124/326] GCMM
[21:24:09] [125/326] INVS
[21:24:11] [126/326] SCGM
[21:24:12] [127/326] PCDA
[21:24:12] 🔄 Identity reset
[21:24:12] 🔄 Identity rotated (every 10 requests)
[21:24:14] [128/326] KDCT
[21:24:15] [129/326] JACS
[21:24:16] [130/326] GMMC
[21:24:17] [131/326] AICM
[21:24:18] [132/326] TJCM
[21:24:20] [133/326] RMTI
[21:24:21] [134/326] SHAC
[21:24:22] [135/326] APJC
[21:24:23] [136/326] GCTG
[21:24:23] [137/326] SSMC
[21:24:23] 🔄 Identity reset
[21:24:23] 🔄 Identity rotated (every 10 requests)
[21:24:24] 🔄 Retry 1/5 for SSMC in 2.9s
[21:24:24] 🔄 Identity reset
[21:24:26] 🧠 New identity created
[21:24:27] 🔄 Retry 2/5 for SSMC in 4.4s
[21:24:27] 🔄 Identity reset
[21:24:31] 🧠 New identity created
[21:24:32] [138/326] THRM
[21:24:33] [139/326] RBCT
[21:24:34] [140/326] DIKT
[21:24:36] [141/326] MIDL
[21:24:37] [142/326] VCSN
[21:24:38] [143/326] SKTG
[21:24:39] [144/326] SMWC
[21:24:40] [145/326] MNKH
[21:24:40] 🔄 Identity reset
[21:24:40] 🔄 Identity rotated (every 10 requests)
[21:24:41] [146/326] PIAT
[21:24:42] [147/326] LTTP
[21:24:43] [148/326] PTPU
[21:24:44] [149/326] ACMG
[21:24:45] [150/326] SHMM
[21:24:46] [151/326] MCMN
[21:24:47] [152/326] GLDC
[21:24:48] [153/326] HOUT
[21:24:49] [154/326] SVRP
[21:24:50] [155/326] PVDN
[21:24:50] 🔄 Identity reset
[21:24:50] 🔄 Identity rotated (every 10 requests)
[21:24:51] [156/326] SCPY
[21:24:53] [157/326] DTPY
[21:24:55] [158/326] GKCS
[21:24:56] [159/326] NCAM
[21:24:57] [160/326] BSRM
[21:24:59] [161/326] RCLC
[21:25:00] [162/326] SKKD
[21:25:01] [163/326] ACHU
[21:25:02] [164/326] RSCF
[21:25:03] [165/326] IMSH
[21:25:03] 🔄 Identity reset
[21:25:03] 🔄 Identity rotated (every 10 requests)
[21:25:04] [166/326] MACX
[21:25:05] [167/326] HMMW
[21:25:06] [168/326] JTCP
[21:25:06] [169/326] SREN
[21:25:07] [170/326] PJRR
[21:25:08] [171/326] INAC
[21:25:09] [172/326] BMCA
[21:25:10] [173/326] SHCB
[21:25:12] [174/326] GABA
[21:25:13] [175/326] SBCT
[21:25:13] 🔄 Identity reset
[21:25:13] 🔄 Identity rotated (every 10 requests)
[21:25:14] [176/326] GCMA
[21:25:15] [177/326] MYTK
[21:25:16] [178/326] INZS
[21:25:17] [179/326] RMIK
[21:25:17] [180/326] NYCH
[21:25:19] [181/326] RAVE
[21:25:20] [182/326] PSXM
[21:25:22] [183/326] MCGP
[21:25:23] [184/326] PDDK
[21:25:24] [185/326] SPCK
[21:25:24] 🔄 Identity reset
[21:25:24] 🔄 Identity rotated (every 10 requests)
[21:25:25] [186/326] MCRL
[21:25:26] [187/326] MHKT
[21:25:27] [188/326] ANRR
[21:25:29] [189/326] SAPK
[21:25:30] [190/326] NCUK
[21:25:31] [191/326] JUGA
[21:25:32] [192/326] DBSC
[21:25:33] [193/326] LALK
[21:25:34] [194/326] GUCK
[21:25:35] [195/326] STSG
[21:25:35] 🔄 Identity reset
[21:25:35] 🔄 Identity rotated (every 10 requests)
[21:25:36] [196/326] PPPZ
[21:25:38] [197/326] CNCY
[21:25:38] [198/326] MTAR
[21:25:39] [199/326] VNKD
[21:25:40] [200/326] KMAJ
[21:25:41] [201/326] ACXK
[21:25:43] [202/326] UTKC
[21:25:44] [203/326] PBLK
[21:25:46] [204/326] ACBX
[21:25:47] [205/326] PTGM
[21:25:47] 🔄 Identity reset
[21:25:47] 🔄 Identity rotated (every 10 requests)
[21:25:48] [206/326] BTDA
[21:25:49] [207/326] PJMB
[21:25:50] [208/326] TPDA
[21:25:51] [209/326] AMOE
[21:25:51] [210/326] PRHT
[21:25:52] [211/326] PRTA
[21:25:53] [212/326] STAM
[21:25:54] [213/326] MSAA
[21:25:56] [214/326] SDLU
[21:25:57] [215/326] RCHH
[21:25:57] 🔄 Identity reset
[21:25:57] 🔄 Identity rotated (every 10 requests)
[21:25:58] [216/326] KANT
[21:26:00] [217/326] FCRT
[21:26:01] [218/326] DNKM
[21:26:02] [219/326] RYCP
[21:26:03] [220/326] MYRP
[21:26:04] [221/326] PPAK
[21:26:06] [222/326] NVPK
[21:26:06] [223/326] PRMC
[21:26:08] [224/326] JBCS
[21:26:10] [225/326] GXCK
[21:26:10] 🔄 Identity reset
[21:26:10] 🔄 Identity rotated (every 10 requests)
[21:26:11] [226/326] USKO
[21:26:12] [227/326] GTEM
[21:26:13] [228/326] SMBU
[21:26:14] [229/326] VETC
[21:26:16] [230/326] LCDA
[21:26:17] [231/326] MTVT
[21:26:17] [232/326] PYCP
[21:26:18] [233/326] PNSC
[21:26:19] [234/326] PPCC
[21:26:20] [235/326] TGRT
[21:26:20] 🔄 Identity reset
[21:26:20] 🔄 Identity rotated (every 10 requests)
[21:26:21] [236/326] JYOT
[21:26:22] [237/326] SRCZ
[21:26:23] [238/326] SJTE
[21:26:25] [239/326] DESC
[21:26:26] [240/326] JHVN
[21:26:27] [241/326] IPSG
[21:26:29] [242/326] IPCM
[21:26:30] [243/326] PDRS
[21:26:31] [244/326] ANCV
[21:26:32] [245/326] CMVV
[21:26:32] 🔄 Identity reset
[21:26:32] 🔄 Identity rotated (every 10 requests)
[21:26:33] [246/326] SHYP
[21:26:34] [247/326] DNCS
[21:26:36] [248/326] GAJK
[21:26:37] [249/326] AKTN
[21:26:37] [250/326] KAYA
[21:26:39] [251/326] SBRC
[21:26:40] [252/326] CHTP
[21:26:41] [253/326] SHRT
[21:26:42] [254/326] BCKU
[21:26:42] [255/326] FCPS
[21:26:42] 🔄 Identity reset
[21:26:42] 🔄 Identity rotated (every 10 requests)
[21:26:44] [256/326] ARDD
[21:26:45] [257/326] CPCM
[21:26:46] [258/326] CGSM
[21:26:47] [259/326] PSMP
[21:26:48] [260/326] SDAL
[21:26:49] [261/326] RTNB
[21:26:51] [262/326] LMCR
[21:26:52] [263/326] CIMA
[21:26:53] [264/326] RNAS
[21:26:55] [265/326] LITH
[21:26:55] 🔄 Identity reset
[21:26:55] 🔄 Identity rotated (every 10 requests)
[21:26:56] [266/326] PBOX
[21:26:57] [267/326] FRTS
[21:26:58] [268/326] RKIC
[21:26:59] [269/326] PTAI
[21:27:01] [270/326] GCIC
[21:27:02] [271/326] FNAS
[21:27:03] [272/326] SCAR
[21:27:04] [273/326] MTCA
[21:27:05] [274/326] SCTS
[21:27:07] [275/326] SYCS
[21:27:07] 🔄 Identity reset
[21:27:07] 🔄 Identity rotated (every 10 requests)
[21:27:08] [276/326] RDMS
[21:27:10] [277/326] KAMP
[21:27:11] [278/326] ERSD
[21:27:12] [279/326] MJMJ
[21:27:13] [280/326] SRCJ
[21:27:14] [281/326] SCXE
[21:27:15] [282/326] SVFR
[21:27:16] [283/326] BHCS
[21:27:17] [284/326] IMCC
[21:27:18] [285/326] PCBO
[21:27:18] 🔄 Identity reset
[21:27:18] 🔄 Identity rotated (every 10 requests)
[21:27:19] [286/326] PRVN
[21:27:20] [287/326] AUPM
[21:27:21] [288/326] INBW
[21:27:22] [289/326] SVCW
[21:27:23] [290/326] RKCF
[21:27:24] [291/326] UVBH
[21:27:25] [292/326] DNCY
[21:27:26] [293/326] ABCN
[21:27:27] [294/326] PRUR
[21:27:28] [295/326] PFMR
[21:27:28] 🔄 Identity reset
[21:27:28] 🔄 Identity rotated (every 10 requests)
[21:27:29] [296/326] RKCN
[21:27:30] [297/326] CFEA
[21:27:31] [298/326] SDBG
[21:27:32] [299/326] SNAR
[21:27:33] [300/326] YISI
[21:27:34] [301/326] JCFF
[21:27:35] [302/326] VTRK
[21:27:35] [303/326] PCLZ
[21:27:36] [304/326] DIMY
[21:27:37] [305/326] BBTS
[21:27:37] 🔄 Identity reset
[21:27:37] 🔄 Identity rotated (every 10 requests)
[21:27:38] [306/326] GATH
[21:27:40] [307/326] GTMN
[21:27:41] [308/326] VTMH
[21:27:42] [309/326] CCKP
[21:27:42] [310/326] GPKA
[21:27:43] [311/326] MHCL
[21:27:44] [312/326] ATCL
[21:27:46] [313/326] SBCK
[21:27:47] [314/326] AMMR
[21:27:48] [315/326] MADC
[21:27:48] 🔄 Identity reset
[21:27:48] 🔄 Identity rotated (every 10 requests)
[21:27:49] [316/326] TMMA
[21:27:50] [317/326] CACC
[21:27:51] [318/326] CHAL
[21:27:52] [319/326] DURG
[21:27:53] [320/326] GMKU
[21:27:54] [321/326] GECA
[21:27:55] [322/326] KYRR
[21:27:55] [323/326] KSDE
[21:27:56] [324/326] LMCI
[21:27:58] [325/326] NKCP
[21:27:58] 🔄 Identity reset
[21:27:58] 🔄 Identity rotated (every 10 requests)
[21:27:59] [326/326] BGTC
[21:28:00] 🧹 Deduping shows
[21:28:00] ✅ DONE | Shows=2557 | Movies=73
[22:03:40] 🚀 SCRIPT STARTED
[22:03:40] [1/326] BSAT
[22:03:40] 🧠 New identity created
[22:03:41] [2/326] RSSM
[22:03:42] [3/326] GCTA
[22:03:43] [4/326] TOPN
[22:03:44] [5/326] MCUS
[22:03:46] [6/326] SHRL
[22:03:47] [7/326] UPTP
[22:03:48] [8/326] TMMP
[22:03:49] [9/326] DNRP
[22:03:49] [10/326] SRLT
[22:03:49] 🔄 Identity reset
[22:03:49] 🔄 Identity rotated (every 10 requests)
[22:03:50] [11/326] RCNS
[22:03:52] [12/326] DCBH
[22:03:53] [13/326] NAGJ
[22:03:54] [14/326] JVRC
[22:03:55] [15/326] KRJG
[22:03:56] [16/326] SRTJ
[22:03:58] [17/326] CMXM
[22:03:59] [18/326] STMI
[22:04:00] [19/326] SLST
[22:04:00] [20/326] DTCN
[22:04:00] 🔄 Identity reset
[22:04:00] 🔄 Identity rotated (every 10 requests)
[22:04:02] [21/326] STYN
[22:04:03] [22/326] SZVR
[22:04:04] [23/326] SRKO
[22:04:05] [24/326] JTGT
[22:04:06] [25/326] SVFD
[22:04:07] [26/326] SISD
[22:04:08] [27/326] ABDD
[22:04:09] [28/326] DRCA
[22:04:10] [29/326] AVCS
[22:04:11] [30/326] MVKH
[22:04:11] 🔄 Identity reset
[22:04:11] 🔄 Identity rotated (every 10 requests)
[22:04:13] [31/326] ACPR
[22:04:14] [32/326] STIP
[22:04:15] [33/326] MTRA
[22:04:16] [34/326] RMKH
[22:04:17] [35/326] NKRL
[22:04:17] [36/326] PCWN
[22:04:18] [37/326] BLMT
[22:04:20] [38/326] GDPG
[22:04:21] [39/326] SRMX
[22:04:22] [40/326] JACP
[22:04:22] 🔄 Identity reset
[22:04:22] 🔄 Identity rotated (every 10 requests)
[22:04:23] [41/326] CPSH
[22:04:24] [42/326] MCCD
[22:04:25] [43/326] ECGH
[22:04:26] [44/326] MKCK
[22:04:27] [45/326] SRMM
[22:04:28] [46/326] SKYR
[22:04:29] [47/326] PCKC
[22:04:30] [48/326] JCMA
[22:04:31] [49/326] BSMP
[22:04:32] [50/326] VSPA
[22:04:32] 🔄 Identity reset
[22:04:32] 🔄 Identity rotated (every 10 requests)
[22:04:33] [51/326] DJYA
[22:04:34] [52/326] DIMP
[22:04:35] [53/326] FXDR
[22:04:36] [54/326] SSRC
[22:04:37] [55/326] STHP
[22:04:38] [56/326] CPPD
[22:04:38] [57/326] FCLK
[22:04:39] [58/326] SCPP
[22:04:40] [59/326] DCMJ
[22:04:41] [60/326] RCCR
[22:04:41] 🔄 Identity reset
[22:04:41] 🔄 Identity rotated (every 10 requests)
[22:04:43] [61/326] INMT
[22:04:44] [62/326] LXTK
[22:04:45] [63/326] SRYK
[22:04:47] [64/326] SGDK
[22:04:48] [65/326] PPKA
[22:04:49] [66/326] SPKA
[22:04:50] [67/326] CGHH
[22:04:51] [68/326] DCJN
[22:04:52] [69/326] SRKV
[22:04:53] [70/326] SAJC
[22:04:53] 🔄 Identity reset
[22:04:53] 🔄 Identity rotated (every 10 requests)
[22:04:54] [71/326] SUSR
[22:04:55] [72/326] STYG
[22:04:56] [73/326] NTKP
[22:04:57] [74/326] AKTG
[22:04:58] [75/326] CGCM
[22:04:59] [76/326] TULC
[22:05:00] [77/326] NYYZ
[22:05:01] [78/326] NYBW
[22:05:02] [79/326] MACB
[22:05:03] [80/326] SLVT
[22:05:03] 🔄 Identity reset
[22:05:03] 🔄 Identity rotated (every 10 requests)
[22:05:04] [81/326] SANA
[22:05:05] [82/326] ACMR
[22:05:06] [83/326] CPKN
[22:05:07] [84/326] DLGK
[22:05:09] [85/326] CWCK
[22:05:09] [86/326] FDDH
[22:05:10] [87/326] MMMD
[22:05:11] [88/326] CMEH
[22:05:12] [89/326] GGGV
[22:05:13] [90/326] SPJL
[22:05:13] 🔄 Identity reset
[22:05:13] 🔄 Identity rotated (every 10 requests)
[22:05:14] [91/326] RCCD
[22:05:15] [92/326] STTZ
[22:05:17] [93/326] BTCF
[22:05:18] [94/326] TSTZ
[22:05:19] [95/326] IPMM
[22:05:20] [96/326] PMPW
[22:05:22] [97/326] PCMZ
[22:05:23] [98/326] ESEM
[22:05:24] [99/326] PIPO
[22:05:25] [100/326] MATK
[22:05:25] 🔄 Identity reset
[22:05:25] 🔄 Identity rotated (every 10 requests)
[22:05:26] [101/326] PGHM
[22:05:27] [102/326] CTSR
[22:05:27] [103/326] CYKR
[22:05:28] [104/326] MSCM
[22:05:29] [105/326] RFNP
[22:05:30] [106/326] PDCP
[22:05:31] [107/326] NPSE
[22:05:32] [108/326] MKML
[22:05:34] [109/326] FTDP
[22:05:35] [110/326] MMXA
[22:05:35] 🔄 Identity reset
[22:05:35] 🔄 Identity rotated (every 10 requests)
[22:05:37] [111/326] CEPO
[22:05:38] [112/326] CMVP
[22:05:38] [113/326] SGTH
[22:05:39] [114/326] SAYN
[22:05:40] [115/326] URVS
[22:05:41] [116/326] VJTN
[22:05:42] [117/326] BBYK
[22:05:43] [118/326] SHBO
[22:05:44] [119/326] VCMR
[22:05:45] [120/326] MACT
[22:05:45] 🔄 Identity reset
[22:05:45] 🔄 Identity rotated (every 10 requests)
[22:05:46] [121/326] JMNP
[22:05:47] [122/326] VICS
[22:05:48] [123/326] VCDA
[22:05:49] [124/326] GCMM
[22:05:50] [125/326] INVS
[22:05:51] [126/326] SCGM
[22:05:52] [127/326] PCDA
[22:05:53] [128/326] KDCT
[22:05:54] [129/326] JACS
[22:05:55] [130/326] GMMC
[22:05:55] 🔄 Identity reset
[22:05:55] 🔄 Identity rotated (every 10 requests)
[22:05:56] [131/326] AICM
[22:05:57] [132/326] TJCM
[22:05:58] [133/326] RMTI
[22:05:59] [134/326] SHAC
[22:06:00] [135/326] APJC
[22:06:01] [136/326] GCTG
[22:06:02] [137/326] SSMC
[22:06:03] [138/326] THRM
[22:06:04] [139/326] RBCT
[22:06:04] [140/326] DIKT
[22:06:04] 🔄 Identity reset
[22:06:04] 🔄 Identity rotated (every 10 requests)
[22:06:06] [141/326] MIDL
[22:06:06] [142/326] VCSN
[22:06:07] [143/326] SKTG
[22:06:08] [144/326] SMWC
[22:06:09] [145/326] MNKH
[22:06:10] [146/326] PIAT
[22:06:11] [147/326] LTTP
[22:06:12] [148/326] PTPU
[22:06:14] [149/326] ACMG
[22:06:15] [150/326] SHMM
[22:06:15] 🔄 Identity reset
[22:06:15] 🔄 Identity rotated (every 10 requests)
[22:06:16] [151/326] MCMN
[22:06:17] [152/326] GLDC
[22:06:18] [153/326] HOUT
[22:06:19] [154/326] SVRP
[22:06:20] [155/326] PVDN
[22:06:21] [156/326] SCPY
[22:06:21] [157/326] DTPY
[22:06:22] [158/326] GKCS
[22:06:23] [159/326] NCAM
[22:06:24] [160/326] BSRM
[22:06:24] 🔄 Identity reset
[22:06:24] 🔄 Identity rotated (every 10 requests)
[22:06:25] [161/326] RCLC
[22:06:26] [162/326] SKKD
[22:06:27] [163/326] ACHU
[22:06:28] [164/326] RSCF
[22:06:29] [165/326] IMSH
[22:06:30] [166/326] MACX
[22:06:31] [167/326] HMMW
[22:06:32] [168/326] JTCP
[22:06:33] [169/326] SREN
[22:06:34] [170/326] PJRR
[22:06:34] 🔄 Identity reset
[22:06:34] 🔄 Identity rotated (every 10 requests)
[22:06:35] [171/326] INAC
[22:06:36] [172/326] BMCA
[22:06:37] [173/326] SHCB
[22:06:38] [174/326] GABA
[22:06:39] [175/326] SBCT
[22:06:40] [176/326] GCMA
[22:06:41] [177/326] MYTK
[22:06:42] [178/326] INZS
[22:06:43] [179/326] RMIK
[22:06:43] [180/326] NYCH
[22:06:43] 🔄 Identity reset
[22:06:43] 🔄 Identity rotated (every 10 requests)
[22:06:44] [181/326] RAVE
[22:06:45] [182/326] PSXM
[22:06:47] [183/326] MCGP
[22:06:47] [184/326] PDDK
[22:06:48] [185/326] SPCK
[22:06:49] [186/326] MCRL
[22:06:50] [187/326] MHKT
[22:06:52] [188/326] ANRR
[22:06:53] [189/326] SAPK
[22:06:53] [190/326] NCUK
[22:06:53] 🔄 Identity reset
[22:06:53] 🔄 Identity rotated (every 10 requests)
[22:06:55] [191/326] JUGA
[22:06:56] [192/326] DBSC
[22:06:57] [193/326] LALK
[22:06:58] [194/326] GUCK
[22:06:58] [195/326] STSG
[22:06:59] [196/326] PPPZ
[22:07:00] [197/326] CNCY
[22:07:01] [198/326] MTAR
[22:07:02] [199/326] VNKD
[22:07:03] [200/326] KMAJ
[22:07:03] 🔄 Identity reset
[22:07:03] 🔄 Identity rotated (every 10 requests)
[22:07:04] [201/326] ACXK
[22:07:06] [202/326] UTKC
[22:07:07] [203/326] PBLK
[22:07:08] [204/326] ACBX
[22:07:09] [205/326] PTGM
[22:07:10] [206/326] BTDA
[22:07:12] [207/326] PJMB
[22:07:13] [208/326] TPDA
[22:07:14] [209/326] AMOE
[22:07:15] [210/326] PRHT
[22:07:15] 🔄 Identity reset
[22:07:15] 🔄 Identity rotated (every 10 requests)
[22:07:16] [211/326] PRTA
[22:07:17] [212/326] STAM
[22:07:18] [213/326] MSAA
[22:07:19] [214/326] SDLU
[22:07:19] [215/326] RCHH
[22:07:20] [216/326] KANT
[22:07:21] [217/326] FCRT
[22:07:22] [218/326] DNKM
[22:07:23] [219/326] RYCP
[22:07:24] [220/326] MYRP
[22:07:24] 🔄 Identity reset
[22:07:24] 🔄 Identity rotated (every 10 requests)
[22:07:26] [221/326] PPAK
[22:07:27] [222/326] NVPK
[22:07:28] [223/326] PRMC
[22:07:29] [224/326] JBCS
[22:07:30] [225/326] GXCK
[22:07:30] [226/326] USKO
[22:07:31] [227/326] GTEM
[22:07:32] [228/326] SMBU
[22:07:33] [229/326] VETC
[22:07:35] [230/326] LCDA
[22:07:35] 🔄 Identity reset
[22:07:35] 🔄 Identity rotated (every 10 requests)
[22:07:36] [231/326] MTVT
[22:07:37] [232/326] PYCP
[22:07:38] [233/326] PNSC
[22:07:39] [234/326] PPCC
[22:07:40] [235/326] TGRT
[22:07:40] [236/326] JYOT
[22:07:41] [237/326] SRCZ
[22:07:42] [238/326] SJTE
[22:07:43] [239/326] DESC
[22:07:44] [240/326] JHVN
[22:07:44] 🔄 Identity reset
[22:07:44] 🔄 Identity rotated (every 10 requests)
[22:07:45] [241/326] IPSG
[22:07:45] [242/326] IPCM
[22:07:46] [243/326] PDRS
[22:07:47] [244/326] ANCV
[22:07:48] [245/326] CMVV
[22:07:48] [246/326] SHYP
[22:07:50] [247/326] DNCS
[22:07:51] [248/326] GAJK
[22:07:52] [249/326] AKTN
[22:07:53] [250/326] KAYA
[22:07:53] 🔄 Identity reset
[22:07:53] 🔄 Identity rotated (every 10 requests)
[22:07:54] [251/326] SBRC
[22:07:55] [252/326] CHTP
[22:07:56] [253/326] SHRT
[22:07:57] [254/326] BCKU
[22:07:58] [255/326] FCPS
[22:07:59] [256/326] ARDD
[22:07:59] [257/326] CPCM
[22:08:00] [258/326] CGSM
[22:08:01] [259/326] PSMP
[22:08:02] [260/326] SDAL
[22:08:02] 🔄 Identity reset
[22:08:02] 🔄 Identity rotated (every 10 requests)
[22:08:03] [261/326] RTNB
[22:08:04] [262/326] LMCR
[22:08:04] [263/326] CIMA
[22:08:05] [264/326] RNAS
[22:08:07] [265/326] LITH
[22:08:07] [266/326] PBOX
[22:08:08] [267/326] FRTS
[22:08:09] [268/326] RKIC
[22:08:10] [269/326] PTAI
[22:08:11] [270/326] GCIC
[22:08:11] 🔄 Identity reset
[22:08:11] 🔄 Identity rotated (every 10 requests)
[22:08:13] [271/326] FNAS
[22:08:14] [272/326] SCAR
[22:08:15] [273/326] MTCA
[22:08:16] [274/326] SCTS
[22:08:17] [275/326] SYCS
[22:08:19] [276/326] RDMS
[22:08:21] [277/326] KAMP
[22:08:22] [278/326] ERSD
[22:08:22] [279/326] MJMJ
[22:08:24] [280/326] SRCJ
[22:08:24] 🔄 Identity reset
[22:08:24] 🔄 Identity rotated (every 10 requests)
[22:08:25] [281/326] SCXE
[22:08:27] [282/326] SVFR
[22:08:28] [283/326] BHCS
[22:08:28] [284/326] IMCC
[22:08:29] [285/326] PCBO
[22:08:30] [286/326] PRVN
[22:08:31] [287/326] AUPM
[22:08:33] [288/326] INBW
[22:08:34] [289/326] SVCW
[22:08:36] [290/326] RKCF
[22:08:36] 🔄 Identity reset
[22:08:36] 🔄 Identity rotated (every 10 requests)
[22:08:37] [291/326] UVBH
[22:08:38] [292/326] DNCY
[22:08:39] [293/326] ABCN
[22:08:40] [294/326] PRUR
[22:08:42] [295/326] PFMR
[22:08:43] [296/326] RKCN
[22:08:43] [297/326] CFEA
[22:08:45] [298/326] SDBG
[22:08:46] [299/326] SNAR
[22:08:47] [300/326] YISI
[22:08:47] 🔄 Identity reset
[22:08:47] 🔄 Identity rotated (every 10 requests)
[22:08:49] [301/326] JCFF
[22:08:49] [302/326] VTRK
[22:08:50] [303/326] PCLZ
[22:08:51] [304/326] DIMY
[22:08:52] [305/326] BBTS
[22:08:53] [306/326] GATH
[22:08:54] [307/326] GTMN
[22:08:56] [308/326] VTMH
[22:08:57] [309/326] CCKP
[22:08:58] [310/326] GPKA
[22:08:58] 🔄 Identity reset
[22:08:58] 🔄 Identity rotated (every 10 requests)
[22:08:59] [311/326] MHCL
[22:09:00] [312/326] ATCL
[22:09:01] [313/326] SBCK
[22:09:02] [314/326] AMMR
[22:09:03] [315/326] MADC
[22:09:04] [316/326] TMMA
[22:09:05] [317/326] CACC
[22:09:07] [318/326] CHAL
[22:09:07] [319/326] DURG
[22:09:08] [320/326] GMKU
[22:09:08] 🔄 Identity reset
[22:09:08] 🔄 Identity rotated (every 10 requests)
[22:09:08] [321/326] GECA
[22:09:09] [322/326] KYRR
[22:09:10] [323/326] KSDE
[22:09:10] [324/326] LMCI
[22:09:11] [325/326] NKCP
[22:09:12] [326/326] BGTC
[22:09:13] 🧹 Deduping shows
[22:09:13] ✅ DONE | Shows=2581 | Movies=73
[23:32:25] 🚀 SCRIPT STARTED
[23:32:25] [1/326] BSAT
[23:32:25] 🧠 New identity created
[23:32:25] 🔄 Retry 1/5 for BSAT in 2.6s
[23:32:25] 🔄 Identity reset
[23:32:28] 🧠 New identity created
[23:32:29] [2/326] RSSM
[23:32:30] [3/326] GCTA
[23:32:30] [4/326] TOPN
[23:32:31] [5/326] MCUS
[23:32:32] [6/326] SHRL
[23:32:32] [7/326] UPTP
[23:32:33] [8/326] TMMP
[23:32:34] [9/326] DNRP
[23:32:34] 🔄 Identity reset
[23:32:34] 🔄 Identity rotated (every 10 requests)
[23:32:34] [10/326] SRLT
[23:32:35] [11/326] RCNS
[23:32:36] [12/326] DCBH
[23:32:36] [13/326] NAGJ
[23:32:37] [14/326] JVRC
[23:32:38] [15/326] KRJG
[23:32:38] [16/326] SRTJ
[23:32:39] [17/326] CMXM
[23:32:40] [18/326] STMI
[23:32:40] [19/326] SLST
[23:32:40] 🔄 Identity reset
[23:32:40] 🔄 Identity rotated (every 10 requests)
[23:32:41] [20/326] DTCN
[23:32:42] [21/326] STYN
[23:32:42] [22/326] SZVR
[23:32:43] [23/326] SRKO
[23:32:44] [24/326] JTGT
[23:32:44] [25/326] SVFD
[23:32:45] [26/326] SISD
[23:32:46] [27/326] ABDD
[23:32:46] [28/326] DRCA
[23:32:47] [29/326] AVCS
[23:32:47] 🔄 Identity reset
[23:32:47] 🔄 Identity rotated (every 10 requests)
[23:32:48] [30/326] MVKH
[23:32:48] [31/326] ACPR
[23:32:49] [32/326] STIP
[23:32:49] [33/326] MTRA
[23:32:50] [34/326] RMKH
[23:32:51] [35/326] NKRL
[23:32:51] [36/326] PCWN
[23:32:52] [37/326] BLMT
[23:32:53] [38/326] GDPG
[23:32:53] [39/326] SRMX
[23:32:53] 🔄 Identity reset
[23:32:53] 🔄 Identity rotated (every 10 requests)
[23:32:54] [40/326] JACP
[23:32:55] [41/326] CPSH
[23:32:55] [42/326] MCCD
[23:32:56] [43/326] ECGH
[23:32:56] [44/326] MKCK
[23:32:57] [45/326] SRMM
[23:32:58] [46/326] SKYR
[23:32:59] [47/326] PCKC
[23:32:59] [48/326] JCMA
[23:33:00] [49/326] BSMP
[23:33:00] 🔄 Identity reset
[23:33:00] 🔄 Identity rotated (every 10 requests)
[23:33:00] 🔄 Retry 1/5 for BSMP in 2.1s
[23:33:00] 🔄 Identity reset
[23:33:02] 🧠 New identity created
[23:33:03] [50/326] VSPA
[23:33:03] [51/326] DJYA
[23:33:04] [52/326] DIMP
[23:33:05] [53/326] FXDR
[23:33:05] [54/326] SSRC
[23:33:06] [55/326] STHP
[23:33:07] [56/326] CPPD
[23:33:07] [57/326] FCLK
[23:33:08] [58/326] SCPP
[23:33:08] 🔄 Identity reset
[23:33:08] 🔄 Identity rotated (every 10 requests)
[23:33:08] [59/326] DCMJ
[23:33:09] [60/326] RCCR
[23:33:10] [61/326] INMT
[23:33:11] [62/326] LXTK
[23:33:11] [63/326] SRYK
[23:33:12] [64/326] SGDK
[23:33:13] [65/326] PPKA
[23:33:14] [66/326] SPKA
[23:33:14] [67/326] CGHH
[23:33:15] [68/326] DCJN
[23:33:15] 🔄 Identity reset
[23:33:15] 🔄 Identity rotated (every 10 requests)
[23:33:15] 🔄 Retry 1/5 for DCJN in 2.4s
[23:33:15] 🔄 Identity reset
[23:33:18] 🧠 New identity created
[23:33:18] [69/326] SRKV
[23:33:19] [70/326] SAJC
[23:33:20] [71/326] SUSR
[23:33:20] [72/326] STYG
[23:33:21] [73/326] NTKP
[23:33:22] [74/326] AKTG
[23:33:22] [75/326] CGCM
[23:33:23] [76/326] TULC
[23:33:24] [77/326] NYYZ
[23:33:24] 🔄 Identity reset
[23:33:24] 🔄 Identity rotated (every 10 requests)
[23:33:24] [78/326] NYBW
[23:33:25] [79/326] MACB
[23:33:26] [80/326] SLVT
[23:33:27] [81/326] SANA
[23:33:27] [82/326] ACMR
[23:33:28] [83/326] CPKN
[23:33:29] [84/326] DLGK
[23:33:30] [85/326] CWCK
[23:33:30] [86/326] FDDH
[23:33:31] [87/326] MMMD
[23:33:31] 🔄 Identity reset
[23:33:31] 🔄 Identity rotated (every 10 requests)
[23:33:32] [88/326] CMEH
[23:33:33] [89/326] GGGV
[23:33:33] [90/326] SPJL
[23:33:34] [91/326] RCCD
[23:33:35] [92/326] STTZ
[23:33:36] [93/326] BTCF
[23:33:36] [94/326] TSTZ
[23:33:37] [95/326] IPMM
[23:33:38] [96/326] PMPW
[23:33:39] [97/326] PCMZ
[23:33:39] 🔄 Identity reset
[23:33:39] 🔄 Identity rotated (every 10 requests)
[23:33:39] [98/326] ESEM
[23:33:40] [99/326] PIPO
[23:33:40] [100/326] MATK
[23:33:41] [101/326] PGHM
[23:33:42] [102/326] CTSR
[23:33:42] [103/326] CYKR
[23:33:43] [104/326] MSCM
[23:33:44] [105/326] RFNP
[23:33:44] [106/326] PDCP
[23:33:45] [107/326] NPSE
[23:33:45] 🔄 Identity reset
[23:33:45] 🔄 Identity rotated (every 10 requests)
[23:33:46] [108/326] MKML
[23:33:47] [109/326] FTDP
[23:33:47] [110/326] MMXA
[23:33:48] [111/326] CEPO
[23:33:48] [112/326] CMVP
[23:33:49] [113/326] SGTH
[23:33:50] [114/326] SAYN
[23:33:50] [115/326] URVS
[23:33:51] [116/326] VJTN
[23:33:52] [117/326] BBYK
[23:33:52] 🔄 Identity reset
[23:33:52] 🔄 Identity rotated (every 10 requests)
[23:33:52] [118/326] SHBO
[23:33:53] [119/326] VCMR
[23:33:54] [120/326] MACT
[23:33:55] [121/326] JMNP
[23:33:55] [122/326] VICS
[23:33:56] [123/326] VCDA
[23:33:56] [124/326] GCMM
[23:33:57] [125/326] INVS
[23:33:57] [126/326] SCGM
[23:33:58] [127/326] PCDA
[23:33:58] 🔄 Identity reset
[23:33:58] 🔄 Identity rotated (every 10 requests)
[23:33:59] [128/326] KDCT
[23:34:00] [129/326] JACS
[23:34:00] [130/326] GMMC
[23:34:01] [131/326] AICM
[23:34:01] [132/326] TJCM
[23:34:02] [133/326] RMTI
[23:34:02] [134/326] SHAC
[23:34:03] [135/326] APJC
[23:34:03] [136/326] GCTG
[23:34:04] [137/326] SSMC
[23:34:04] 🔄 Identity reset
[23:34:04] 🔄 Identity rotated (every 10 requests)
[23:34:05] [138/326] THRM
[23:34:06] [139/326] RBCT
[23:34:07] [140/326] DIKT
[23:34:07] [141/326] MIDL
[23:34:08] [142/326] VCSN
[23:34:09] [143/326] SKTG
[23:34:09] [144/326] SMWC
[23:34:10] [145/326] MNKH
[23:34:11] [146/326] PIAT
[23:34:11] [147/326] LTTP
[23:34:11] 🔄 Identity reset
[23:34:11] 🔄 Identity rotated (every 10 requests)
[23:34:12] [148/326] PTPU
[23:34:12] [149/326] ACMG
[23:34:13] [150/326] SHMM
[23:34:14] [151/326] MCMN
[23:34:14] [152/326] GLDC
[23:34:15] [153/326] HOUT
[23:34:15] [154/326] SVRP
[23:34:16] [155/326] PVDN
[23:34:17] [156/326] SCPY
[23:34:17] [157/326] DTPY
[23:34:17] 🔄 Identity reset
[23:34:17] 🔄 Identity rotated (every 10 requests)
[23:34:17] 🔄 Retry 1/5 for DTPY in 2.1s
[23:34:17] 🔄 Identity reset
[23:34:20] 🧠 New identity created
[23:34:20] [158/326] GKCS
[23:34:21] [159/326] NCAM
[23:34:22] [160/326] BSRM
[23:34:22] [161/326] RCLC
[23:34:23] [162/326] SKKD
[23:34:24] [163/326] ACHU
[23:34:25] [164/326] RSCF
[23:34:25] [165/326] IMSH
[23:34:26] [166/326] MACX
[23:34:26] 🔄 Identity reset
[23:34:26] 🔄 Identity rotated (every 10 requests)
[23:34:26] 🔄 Retry 1/5 for MACX in 2.4s
[23:34:26] 🔄 Identity reset
[23:34:28] 🧠 New identity created
[23:34:29] [167/326] HMMW
[23:34:30] [168/326] JTCP
[23:34:31] [169/326] SREN
[23:34:31] [170/326] PJRR
[23:34:32] [171/326] INAC
[23:34:33] [172/326] BMCA
[23:34:33] [173/326] SHCB
[23:34:34] [174/326] GABA
[23:34:35] [175/326] SBCT
[23:34:35] 🔄 Identity reset
[23:34:35] 🔄 Identity rotated (every 10 requests)
[23:34:36] [176/326] GCMA
[23:34:36] [177/326] MYTK
[23:34:37] [178/326] INZS
[23:34:38] [179/326] RMIK
[23:34:38] [180/326] NYCH
[23:34:39] [181/326] RAVE
[23:34:40] [182/326] PSXM
[23:34:40] [183/326] MCGP
[23:34:41] [184/326] PDDK
[23:34:42] [185/326] SPCK
[23:34:42] 🔄 Identity reset
[23:34:42] 🔄 Identity rotated (every 10 requests)
[23:34:43] [186/326] MCRL
[23:34:43] [187/326] MHKT
[23:34:44] [188/326] ANRR
[23:34:45] [189/326] SAPK
[23:34:45] [190/326] NCUK
[23:34:46] [191/326] JUGA
[23:34:47] [192/326] DBSC
[23:34:47] [193/326] LALK
[23:34:48] [194/326] GUCK
[23:34:49] [195/326] STSG
[23:34:49] 🔄 Identity reset
[23:34:49] 🔄 Identity rotated (every 10 requests)
[23:34:49] [196/326] PPPZ
[23:34:55] [197/326] CNCY
[23:34:56] [198/326] MTAR
[23:34:56] [199/326] VNKD
[23:34:57] [200/326] KMAJ
[23:34:58] [201/326] ACXK
[23:34:58] [202/326] UTKC
[23:34:59] [203/326] PBLK
[23:35:00] [204/326] ACBX
[23:35:00] [205/326] PTGM
[23:35:00] 🔄 Identity reset
[23:35:00] 🔄 Identity rotated (every 10 requests)
[23:35:01] [206/326] BTDA
[23:35:02] [207/326] PJMB
[23:35:02] [208/326] TPDA
[23:35:03] [209/326] AMOE
[23:35:03] [210/326] PRHT
[23:35:04] [211/326] PRTA
[23:35:05] [212/326] STAM
[23:35:05] [213/326] MSAA
[23:35:06] [214/326] SDLU
[23:35:07] [215/326] RCHH
[23:35:07] 🔄 Identity reset
[23:35:07] 🔄 Identity rotated (every 10 requests)
[23:35:07] [216/326] KANT
[23:35:08] [217/326] FCRT
[23:35:09] [218/326] DNKM
[23:35:10] [219/326] RYCP
[23:35:10] [220/326] MYRP
[23:35:11] [221/326] PPAK
[23:35:12] [222/326] NVPK
[23:35:12] [223/326] PRMC
[23:35:13] [224/326] JBCS
[23:35:14] [225/326] GXCK
[23:35:14] 🔄 Identity reset
[23:35:14] 🔄 Identity rotated (every 10 requests)
[23:35:14] 🔄 Retry 1/5 for GXCK in 2.4s
[23:35:14] 🔄 Identity reset
[23:35:16] 🧠 New identity created
[23:35:17] [226/326] USKO
[23:35:18] [227/326] GTEM
[23:35:18] [228/326] SMBU
[23:35:19] [229/326] VETC
[23:35:19] [230/326] LCDA
[23:35:20] [231/326] MTVT
[23:35:21] [232/326] PYCP
[23:35:21] [233/326] PNSC
[23:35:22] [234/326] PPCC
[23:35:22] 🔄 Identity reset
[23:35:22] 🔄 Identity rotated (every 10 requests)
[23:35:22] 🔄 Retry 1/5 for PPCC in 2.2s
[23:35:22] 🔄 Identity reset
[23:35:24] 🧠 New identity created
[23:35:25] [235/326] TGRT
[23:35:25] [236/326] JYOT
[23:35:26] [237/326] SRCZ
[23:35:26] [238/326] SJTE
[23:35:27] [239/326] DESC
[23:35:28] [240/326] JHVN
[23:35:28] [241/326] IPSG
[23:35:29] [242/326] IPCM
[23:35:30] [243/326] PDRS
[23:35:30] 🔄 Identity reset
[23:35:30] 🔄 Identity rotated (every 10 requests)
[23:35:30] [244/326] ANCV
[23:35:31] [245/326] CMVV
[23:35:32] [246/326] SHYP
[23:35:32] [247/326] DNCS
[23:35:33] [248/326] GAJK
[23:35:34] [249/326] AKTN
[23:35:35] [250/326] KAYA
[23:35:35] [251/326] SBRC
[23:35:36] [252/326] CHTP
[23:35:37] [253/326] SHRT
[23:35:37] 🔄 Identity reset
[23:35:37] 🔄 Identity rotated (every 10 requests)
[23:35:38] [254/326] BCKU
[23:35:38] [255/326] FCPS
[23:35:39] [256/326] ARDD
[23:35:41] [257/326] CPCM
[23:35:41] [258/326] CGSM
[23:35:42] [259/326] PSMP
[23:35:42] [260/326] SDAL
[23:35:43] [261/326] RTNB
[23:35:44] [262/326] LMCR
[23:35:45] [263/326] CIMA
[23:35:45] 🔄 Identity reset
[23:35:45] 🔄 Identity rotated (every 10 requests)
[23:35:45] [264/326] RNAS
[23:35:46] [265/326] LITH
[23:35:46] [266/326] PBOX
[23:35:47] [267/326] FRTS
[23:35:47] [268/326] RKIC
[23:35:48] [269/326] PTAI
[23:35:49] [270/326] GCIC
[23:35:50] [271/326] FNAS
[23:35:50] [272/326] SCAR
[23:35:51] [273/326] MTCA
[23:35:51] 🔄 Identity reset
[23:35:51] 🔄 Identity rotated (every 10 requests)
[23:35:51] [274/326] SCTS
[23:35:52] [275/326] SYCS
[23:35:53] [276/326] RDMS
[23:35:53] [277/326] KAMP
[23:35:54] [278/326] ERSD
[23:35:55] [279/326] MJMJ
[23:35:55] [280/326] SRCJ
[23:35:56] [281/326] SCXE
[23:35:57] [282/326] SVFR
[23:35:58] [283/326] BHCS
[23:35:58] 🔄 Identity reset
[23:35:58] 🔄 Identity rotated (every 10 requests)
[23:35:59] [284/326] IMCC
[23:35:59] [285/326] PCBO
[23:36:00] [286/326] PRVN
[23:36:01] [287/326] AUPM
[23:36:02] [288/326] INBW
[23:36:03] [289/326] SVCW
[23:36:03] [290/326] RKCF
[23:36:04] [291/326] UVBH
[23:36:05] [292/326] DNCY
[23:36:05] [293/326] ABCN
[23:36:05] 🔄 Identity reset
[23:36:05] 🔄 Identity rotated (every 10 requests)
[23:36:06] [294/326] PRUR
[23:36:07] [295/326] PFMR
[23:36:08] [296/326] RKCN
[23:36:08] [297/326] CFEA
[23:36:09] [298/326] SDBG
[23:36:09] [299/326] SNAR
[23:36:10] [300/326] YISI
[23:36:11] [301/326] JCFF
[23:36:11] [302/326] VTRK
[23:36:12] [303/326] PCLZ
[23:36:12] 🔄 Identity reset
[23:36:12] 🔄 Identity rotated (every 10 requests)
[23:36:12] 🔄 Retry 1/5 for PCLZ in 2.0s
[23:36:12] 🔄 Identity reset
[23:36:14] 🧠 New identity created
[23:36:14] 🔄 Retry 2/5 for PCLZ in 5.0s
[23:36:14] 🔄 Identity reset
[23:36:19] 🧠 New identity created
[23:36:20] [304/326] DIMY
[23:36:20] [305/326] BBTS
[23:36:21] [306/326] GATH
[23:36:22] [307/326] GTMN
[23:36:22] [308/326] VTMH
[23:36:23] [309/326] CCKP
[23:36:24] [310/326] GPKA
[23:36:24] [311/326] MHCL
[23:36:24] 🔄 Identity reset
[23:36:24] 🔄 Identity rotated (every 10 requests)
[23:36:25] [312/326] ATCL
[23:36:26] [313/326] SBCK
[23:36:26] [314/326] AMMR
[23:36:27] [315/326] MADC
[23:36:28] [316/326] TMMA
[23:36:29] [317/326] CACC
[23:36:29] [318/326] CHAL
[23:36:30] [319/326] DURG
[23:36:32] [320/326] GMKU
[23:36:33] [321/326] GECA
[23:36:33] 🔄 Identity reset
[23:36:33] 🔄 Identity rotated (every 10 requests)
[23:36:33] [322/326] KYRR
[23:36:34] [323/326] KSDE
[23:36:34] [324/326] LMCI
[23:36:35] [325/326] NKCP
[23:36:36] [326/326] BGTC
[23:36:37] 🧹 Deduping shows
[23:36:37] ✅ DONE | Shows=2602 | Movies=73
