[18:55:06] 🚀 DISTRICT → BMS9 CONVERTER STARTED
[18:55:06] 📅 Date: 2026-09-05
[18:55:06] 🚫 Worker logic: DISABLED
[18:55:06] 🔑 Venue matching: ID ONLY
[18:55:06] 🚫 alldistrictvenues.json: NOT USED
[18:55:06] 🚫 Venue-name matching: NOT USED
[18:55:06] 📍 Selected venue records: 755
[18:55:06] 🎯 Selected venue IDs: 755
[18:55:06] 📡 Fetching Detailed JSON:
[18:55:06]    https://districtdata2026.pages.dev/advance/2026-09-05_Detailed.json
[18:55:06] ❌ Source file not found (404) – will create empty outputs
[18:55:06] ⚠️ No source data – keeping existing output files unchanged
[18:55:06] 📄 Created empty detailed file: advance/data/20260905/detailed9.json
[18:55:06] 📄 Created empty summary file: advance/data/20260905/movie_summary9.json
[18:55:06] ✅ DONE | Existing data preserved
[10:27:07] 🚀 DISTRICT → BMS9 CONVERTER STARTED
[10:27:07] 📅 Date: 2026-09-05
[10:27:07] 🚫 Worker logic: DISABLED
[10:27:07] 🔑 Venue matching: ID ONLY
[10:27:07] 🚫 alldistrictvenues.json: NOT USED
[10:27:07] 🚫 Venue-name matching: NOT USED
[10:27:07] 📍 Selected venue records: 756
[10:27:07] 🎯 Selected venue IDs: 756
[10:27:07] 📡 Fetching Detailed JSON:
[10:27:07]    https://districtdata2026.pages.dev/advance/2026-09-05_Detailed.json
[10:27:07] ✅ Source loaded
[10:27:07]    Source date: 2026-09-05
[10:27:07]    Last updated: 10:06 AM, 04 September 2026
[10:27:07]    Movie keys: 90
[10:27:07] 🎬 Source movie keys: 90
[10:27:07] 🎟️ Selected-venue show rows: 3048
[10:27:07] 🚫 Non-selected show rows ignored: 15827
[10:27:07] ℹ️ Non-selected venue IDs encountered: 1054
[10:27:07]    ⏭️ Source venue ID not selected: 29911
[10:27:07]    ⏭️ Source venue ID not selected: 9245
[10:27:07]    ⏭️ Source venue ID not selected: 1102060
[10:27:07]    ⏭️ Source venue ID not selected: 1019227
[10:27:07]    ⏭️ Source venue ID not selected: 156
[10:27:07]    ⏭️ Source venue ID not selected: 1022306
[10:27:07]    ⏭️ Source venue ID not selected: 3870
[10:27:07]    ⏭️ Source venue ID not selected: 1019902
[10:27:07]    ⏭️ Source venue ID not selected: 1022269
[10:27:07]    ⏭️ Source venue ID not selected: 1035745
[10:27:07]    ⏭️ Source venue ID not selected: 1058372
[10:27:07]    ⏭️ Source venue ID not selected: 1102102
[10:27:07]    ⏭️ Source venue ID not selected: 27031
[10:27:07]    ⏭️ Source venue ID not selected: 1041686
[10:27:07]    ⏭️ Source venue ID not selected: 11981
[10:27:07]    ⏭️ Source venue ID not selected: 19318
[10:27:07]    ⏭️ Source venue ID not selected: 20936
[10:27:07]    ⏭️ Source venue ID not selected: 1020679
[10:27:07]    ⏭️ Source venue ID not selected: 51501
[10:27:07]    ⏭️ Source venue ID not selected: 1025101
[10:27:07]    ... and 1034 more
[10:27:07] 📦 Previous shows: 0
[10:27:07] 🆕 Fresh shows: 3048
[10:27:07] 📦 Final shows: 3048
[10:27:07] ✅ DONE | Shows=3048 | Movies=57
[10:27:07] 📄 Detailed: advance/data/20260905/detailed9.json
[10:27:07] 📄 Summary: advance/data/20260905/movie_summary9.json
[17:05:35] 🚀 DISTRICT → BMS9 CONVERTER STARTED
[17:05:35] 📅 Date: 2026-09-05
[17:05:35] 🚫 Worker logic: DISABLED
[17:05:35] 🔑 Venue matching: ID ONLY
[17:05:35] 🚫 alldistrictvenues.json: NOT USED
[17:05:35] 🚫 Venue-name matching: NOT USED
[17:05:35] 📍 Selected venue records: 756
[17:05:35] 🎯 Selected venue IDs: 756
[17:05:35] 📡 Fetching Detailed JSON:
[17:05:35]    https://districtdata2026.pages.dev/advance/2026-09-05_Detailed.json
[17:05:36] ✅ Source loaded
[17:05:36]    Source date: 2026-09-05
[17:05:36]    Last updated: 04:09 PM, 04 September 2026
[17:05:36]    Movie keys: 87
[17:05:36] 🎬 Source movie keys: 87
[17:05:36] 🎟️ Selected-venue show rows: 3638
[17:05:36] 🚫 Non-selected show rows ignored: 16589
[17:05:36] ℹ️ Non-selected venue IDs encountered: 1111
[17:05:36]    ⏭️ Source venue ID not selected: 5147
[17:05:36]    ⏭️ Source venue ID not selected: 27028
[17:05:36]    ⏭️ Source venue ID not selected: 9897
[17:05:36]    ⏭️ Source venue ID not selected: 1067158
[17:05:36]    ⏭️ Source venue ID not selected: 1023580
[17:05:36]    ⏭️ Source venue ID not selected: 1023491
[17:05:36]    ⏭️ Source venue ID not selected: 1018523
[17:05:36]    ⏭️ Source venue ID not selected: 48675
[17:05:36]    ⏭️ Source venue ID not selected: 1062613
[17:05:36]    ⏭️ Source venue ID not selected: 1042156
[17:05:36]    ⏭️ Source venue ID not selected: 1101080
[17:05:36]    ⏭️ Source venue ID not selected: 1053144
[17:05:36]    ⏭️ Source venue ID not selected: 1018530
[17:05:36]    ⏭️ Source venue ID not selected: 1102267
[17:05:36]    ⏭️ Source venue ID not selected: 1023790
[17:05:36]    ⏭️ Source venue ID not selected: 1029236
[17:05:36]    ⏭️ Source venue ID not selected: 3803
[17:05:36]    ⏭️ Source venue ID not selected: 1025280
[17:05:36]    ⏭️ Source venue ID not selected: 175
[17:05:36]    ⏭️ Source venue ID not selected: 1018544
[17:05:36]    ... and 1091 more
[17:05:36] 📦 Previous shows: 3048
[17:05:36] 🆕 Fresh shows: 3638
[17:05:36] 📦 Final shows: 3781
[17:05:36] ✅ DONE | Shows=3781 | Movies=59
[17:05:36] 📄 Detailed: advance/data/20260905/detailed9.json
[17:05:36] 📄 Summary: advance/data/20260905/movie_summary9.json
[21:21:51] 🚀 DISTRICT → BMS9 CONVERTER STARTED
[21:21:51] 📅 Date: 2026-09-05
[21:21:51] 🚫 Worker logic: DISABLED
[21:21:51] 🔑 Venue matching: ID ONLY
[21:21:51] 🚫 alldistrictvenues.json: NOT USED
[21:21:51] 🚫 Venue-name matching: NOT USED
[21:21:51] 📍 Selected venue records: 756
[21:21:51] 🎯 Selected venue IDs: 756
[21:21:51] 📡 Fetching Detailed JSON:
[21:21:51]    https://districtdata2026.pages.dev/advance/2026-09-05_Detailed.json
[21:21:51] ✅ Source loaded
[21:21:51]    Source date: 2026-09-05
[21:21:51]    Last updated: 08:33 PM, 04 September 2026
[21:21:51]    Movie keys: 89
[21:21:51] 🎬 Source movie keys: 89
[21:21:51] 🎟️ Selected-venue show rows: 4223
[21:21:51] 🚫 Non-selected show rows ignored: 17884
[21:21:51] ℹ️ Non-selected venue IDs encountered: 1165
[21:21:51]    ⏭️ Source venue ID not selected: 4437
[21:21:51]    ⏭️ Source venue ID not selected: 1041389
[21:21:51]    ⏭️ Source venue ID not selected: 1019885
[21:21:51]    ⏭️ Source venue ID not selected: 1020782
[21:21:51]    ⏭️ Source venue ID not selected: 1022268
[21:21:51]    ⏭️ Source venue ID not selected: 58725
[21:21:51]    ⏭️ Source venue ID not selected: 43123
[21:21:51]    ⏭️ Source venue ID not selected: 1079444
[21:21:51]    ⏭️ Source venue ID not selected: 149
[21:21:51]    ⏭️ Source venue ID not selected: 1024414
[21:21:51]    ⏭️ Source venue ID not selected: 9886
[21:21:51]    ⏭️ Source venue ID not selected: 62512
[21:21:51]    ⏭️ Source venue ID not selected: 52071
[21:21:51]    ⏭️ Source venue ID not selected: 4481
[21:21:51]    ⏭️ Source venue ID not selected: 1020741
[21:21:51]    ⏭️ Source venue ID not selected: 3134
[21:21:51]    ⏭️ Source venue ID not selected: 124
[21:21:51]    ⏭️ Source venue ID not selected: 156
[21:21:51]    ⏭️ Source venue ID not selected: 1019402
[21:21:51]    ⏭️ Source venue ID not selected: 1040245
[21:21:51]    ... and 1145 more
[21:21:51] 📦 Previous shows: 3781
[21:21:51] 🆕 Fresh shows: 4223
[21:21:51] 📦 Final shows: 4300
[21:21:51] ✅ DONE | Shows=4300 | Movies=61
[21:21:51] 📄 Detailed: advance/data/20260905/detailed9.json
[21:21:51] 📄 Summary: advance/data/20260905/movie_summary9.json
[22:03:40] 🚀 DISTRICT → BMS9 CONVERTER STARTED
[22:03:40] 📅 Date: 2026-09-05
[22:03:40] 🚫 Worker logic: DISABLED
[22:03:40] 🔑 Venue matching: ID ONLY
[22:03:40] 🚫 alldistrictvenues.json: NOT USED
[22:03:40] 🚫 Venue-name matching: NOT USED
[22:03:40] 📍 Selected venue records: 756
[22:03:40] 🎯 Selected venue IDs: 756
[22:03:40] 📡 Fetching Detailed JSON:
[22:03:40]    https://districtdata2026.pages.dev/advance/2026-09-05_Detailed.json
[22:03:41] ✅ Source loaded
[22:03:41]    Source date: 2026-09-05
[22:03:41]    Last updated: 08:33 PM, 04 September 2026
[22:03:41]    Movie keys: 89
[22:03:41] 🎬 Source movie keys: 89
[22:03:41] 🎟️ Selected-venue show rows: 4223
[22:03:41] 🚫 Non-selected show rows ignored: 17884
[22:03:41] ℹ️ Non-selected venue IDs encountered: 1165
[22:03:41]    ⏭️ Source venue ID not selected: 7716
[22:03:41]    ⏭️ Source venue ID not selected: 1022269
[22:03:41]    ⏭️ Source venue ID not selected: 1019929
[22:03:41]    ⏭️ Source venue ID not selected: 1102169
[22:03:41]    ⏭️ Source venue ID not selected: 1022292
[22:03:41]    ⏭️ Source venue ID not selected: 128
[22:03:41]    ⏭️ Source venue ID not selected: 1027253
[22:03:41]    ⏭️ Source venue ID not selected: 1023314
[22:03:41]    ⏭️ Source venue ID not selected: 1021207
[22:03:41]    ⏭️ Source venue ID not selected: 1039754
[22:03:41]    ⏭️ Source venue ID not selected: 1016943
[22:03:41]    ⏭️ Source venue ID not selected: 1014703
[22:03:41]    ⏭️ Source venue ID not selected: 1012608
[22:03:41]    ⏭️ Source venue ID not selected: 1098271
[22:03:41]    ⏭️ Source venue ID not selected: 24354
[22:03:41]    ⏭️ Source venue ID not selected: 1049441
[22:03:41]    ⏭️ Source venue ID not selected: 1044221
[22:03:41]    ⏭️ Source venue ID not selected: 119
[22:03:41]    ⏭️ Source venue ID not selected: 1032078
[22:03:41]    ⏭️ Source venue ID not selected: 1016130
[22:03:41]    ... and 1145 more
[22:03:41] 📦 Previous shows: 4300
[22:03:41] 🆕 Fresh shows: 4223
[22:03:41] 📦 Final shows: 4300
[22:03:41] ✅ DONE | Shows=4300 | Movies=61
[22:03:41] 📄 Detailed: advance/data/20260905/detailed9.json
[22:03:41] 📄 Summary: advance/data/20260905/movie_summary9.json
[23:32:00] 🚀 DISTRICT → BMS9 CONVERTER STARTED
[23:32:00] 📅 Date: 2026-09-05
[23:32:00] 🚫 Worker logic: DISABLED
[23:32:00] 🔑 Venue matching: ID ONLY
[23:32:00] 🚫 alldistrictvenues.json: NOT USED
[23:32:00] 🚫 Venue-name matching: NOT USED
[23:32:00] 📍 Selected venue records: 756
[23:32:00] 🎯 Selected venue IDs: 756
[23:32:00] 📡 Fetching Detailed JSON:
[23:32:00]    https://districtdata2026.pages.dev/advance/2026-09-05_Detailed.json
[23:32:01] ✅ Source loaded
[23:32:01]    Source date: 2026-09-05
[23:32:01]    Last updated: 10:08 PM, 04 September 2026
[23:32:01]    Movie keys: 89
[23:32:01] 🎬 Source movie keys: 89
[23:32:01] 🎟️ Selected-venue show rows: 4101
[23:32:01] 🚫 Non-selected show rows ignored: 16862
[23:32:01] ℹ️ Non-selected venue IDs encountered: 1143
[23:32:01]    ⏭️ Source venue ID not selected: 145
[23:32:01]    ⏭️ Source venue ID not selected: 4481
[23:32:01]    ⏭️ Source venue ID not selected: 61949
[23:32:01]    ⏭️ Source venue ID not selected: 7397
[23:32:01]    ⏭️ Source venue ID not selected: 17667
[23:32:01]    ⏭️ Source venue ID not selected: 1023968
[23:32:01]    ⏭️ Source venue ID not selected: 1029976
[23:32:01]    ⏭️ Source venue ID not selected: 1102209
[23:32:01]    ⏭️ Source venue ID not selected: 115
[23:32:01]    ⏭️ Source venue ID not selected: 1019919
[23:32:01]    ⏭️ Source venue ID not selected: 1020714
[23:32:01]    ⏭️ Source venue ID not selected: 1019889
[23:32:01]    ⏭️ Source venue ID not selected: 7356
[23:32:01]    ⏭️ Source venue ID not selected: 1020787
[23:32:01]    ⏭️ Source venue ID not selected: 1040668
[23:32:01]    ⏭️ Source venue ID not selected: 1020682
[23:32:01]    ⏭️ Source venue ID not selected: 37820
[23:32:01]    ⏭️ Source venue ID not selected: 1019940
[23:32:01]    ⏭️ Source venue ID not selected: 1102245
[23:32:01]    ⏭️ Source venue ID not selected: 9637
[23:32:01]    ... and 1123 more
[23:32:01] 📦 Previous shows: 4300
[23:32:01] 🆕 Fresh shows: 4101
[23:32:01] 📦 Final shows: 4427
[23:32:01] ✅ DONE | Shows=4427 | Movies=61
[23:32:01] 📄 Detailed: advance/data/20260905/detailed9.json
[23:32:01] 📄 Summary: advance/data/20260905/movie_summary9.json
