[00:17:19] 🚀 BMS DAILY TRACKER STARTED (enhanced anti‑detection)
[00:17:19] [1/455] MXGN
[00:17:19] 🧠 New identity created
[00:17:19] [2/455] PGGM
[00:17:20] [3/455] IPMJ
[00:17:21] [4/455] M2PP
[00:17:22] [5/455] PMMS
[00:17:23] [6/455] SCJN
[00:17:24] [7/455] CPUM
[00:17:25] [8/455] SCND
[00:17:26] [9/455] INWM
[00:17:27] [10/455] DVDC
[00:17:28] 🔄 Identity reset
[00:17:28] 🔄 Identity rotated (every 10 requests)
[00:17:28] [11/455] WVND
[00:17:29] [12/455] LBDL
[00:17:30] [13/455] CRGM
[00:17:30] [14/455] PVKS
[00:17:31] [15/455] PBLL
[00:17:32] [16/455] FNLN
[00:17:33] [17/455] PPDA
[00:17:35] [18/455] SCPT
[00:17:36] [19/455] IAJS
[00:17:37] [20/455] MMZG
[00:17:38] 🔄 Identity reset
[00:17:38] 🔄 Identity rotated (every 10 requests)
[00:17:38] [21/455] MCTI
[00:17:39] [22/455] PPMF
[00:17:40] [23/455] FNSD
[00:17:41] [24/455] M2RH
[00:17:41] [25/455] CPGV
[00:17:42] [26/455] PECD
[00:17:43] [27/455] CTEE
[00:17:44] [28/455] IOMG
[00:17:45] [29/455] CIJA
[00:17:46] [30/455] NYCG
[00:17:46] 🔄 Identity reset
[00:17:46] 🔄 Identity rotated (every 10 requests)
[00:17:47] [31/455] CEST
[00:17:47] [32/455] WVRG
[00:17:48] [33/455] DPDC
[00:17:50] [34/455] PDIV
[00:17:51] [35/455] MTPP
[00:17:51] [36/455] MHNU
[00:17:52] [37/455] WUPG
[00:17:53] [38/455] USCO
[00:17:54] [39/455] INFR
[00:17:55] [40/455] PVPD
[00:17:56] 🔄 Identity reset
[00:17:56] 🔄 Identity rotated (every 10 requests)
[00:17:56] [41/455] RONC
[00:17:57] [42/455] IOCP
[00:17:59] [43/455] EMPS
[00:18:00] [44/455] PNAD
[00:18:01] [45/455] VVGZ
[00:18:02] [46/455] MDDC
[00:18:03] [47/455] MMAP
[00:18:03] [48/455] GPDC
[00:18:05] [49/455] PVPU
[00:18:06] [50/455] DCMV
[00:18:06] 🔄 Identity reset
[00:18:06] 🔄 Identity rotated (every 10 requests)
[00:18:06] [51/455] PCCF
[00:18:07] [52/455] MCEF
[00:18:08] [53/455] INRD
[00:18:10] [54/455] CCPZ
[00:18:11] [55/455] BCWG
[00:18:12] [56/455] PMGU
[00:18:13] [57/455] MCVM
[00:18:14] [58/455] MCDE
[00:18:15] [59/455] IEFM
[00:18:15] [60/455] MXCS
[00:18:16] 🔄 Identity reset
[00:18:16] 🔄 Identity rotated (every 10 requests)
[00:18:16] [61/455] RNMT
[00:18:17] [62/455] PSDD
[00:18:18] [63/455] PETA
[00:18:19] [64/455] IZOP
[00:18:20] [65/455] PDEI
[00:18:20] [66/455] MTND
[00:18:21] [67/455] PCPL
[00:18:22] [68/455] LSCM
[00:18:22] [69/455] BTFD
[00:18:23] [70/455] MERM
[00:18:24] 🔄 Identity reset
[00:18:24] 🔄 Identity rotated (every 10 requests)
[00:18:24] 🔄 Retry 1/5 for MERM in 2.7s
[00:18:24] 🔄 Identity reset
[00:18:27] 🧠 New identity created
[00:18:27] [71/455] PVMS
[00:18:28] [72/455] CIGK
[00:18:29] [73/455] INSG
[00:18:30] [74/455] IDEN
[00:18:30] [75/455] MCGN
[00:18:31] [76/455] IGAM
[00:18:32] [77/455] SLCU
[00:18:33] [78/455] MIMU
[00:18:33] [79/455] QLAC
[00:18:34] 🔄 Identity reset
[00:18:34] 🔄 Identity rotated (every 10 requests)
[00:18:35] [80/455] MENL
[00:18:36] [81/455] SCUR
[00:18:36] [82/455] MDGD
[00:18:37] [83/455] LSRS
[00:18:38] [84/455] KMLG
[00:18:39] [85/455] MKLJ
[00:18:39] [86/455] IBYG
[00:18:41] [87/455] ISML
[00:18:42] [88/455] MJMM
[00:18:42] [89/455] RCGD
[00:18:43] 🔄 Identity reset
[00:18:43] 🔄 Identity rotated (every 10 requests)
[00:18:43] [90/455] MMOC
[00:18:44] [91/455] RRCO
[00:18:45] [92/455] MEDM
[00:18:46] [93/455] MCAZ
[00:18:47] [94/455] STWA
[00:18:48] [95/455] PFFG
[00:18:49] [96/455] GAGC
[00:18:50] [97/455] PMPM
[00:18:51] [98/455] HVCD
[00:18:52] [99/455] AKRF
[00:18:52] 🔄 Identity reset
[00:18:52] 🔄 Identity rotated (every 10 requests)
[00:18:52] [100/455] AKRC
[00:18:53] [101/455] MIDA
[00:18:54] [102/455] MAGX
[00:18:55] [103/455] ESOS
[00:18:56] [104/455] BBCL
[00:18:57] [105/455] LYAS
[00:18:58] [106/455] NRMS
[00:18:59] [107/455] BHUC
[00:19:00] [108/455] SRIC
[00:19:01] [109/455] PDME
[00:19:01] 🔄 Identity reset
[00:19:01] 🔄 Identity rotated (every 10 requests)
[00:19:01] 🔄 Retry 1/5 for PDME in 2.4s
[00:19:01] 🔄 Identity reset
[00:19:04] 🧠 New identity created
[00:19:04] [110/455] MJCS
[00:19:05] [111/455] NRAA
[00:19:05] [112/455] VATA
[00:19:06] [113/455] MNKC
[00:19:07] [114/455] DHCL
[00:19:08] [115/455] JCPC
[00:19:09] [116/455] CTML
[00:19:09] [117/455] RMMR
[00:19:10] [118/455] STTL
[00:19:11] 🔄 Identity reset
[00:19:11] 🔄 Identity rotated (every 10 requests)
[00:19:11] [119/455] CNPS
[00:19:12] [120/455] ACKL
[00:19:12] [121/455] SCAU
[00:19:13] [122/455] RMIA
[00:19:14] [123/455] MANU
[00:19:15] [124/455] ARDC
[00:19:16] [125/455] GLDA
[00:19:17] [126/455] KVSW
[00:19:17] [127/455] CGCA
[00:19:18] [128/455] CMLO
[00:19:19] 🔄 Identity reset
[00:19:19] 🔄 Identity rotated (every 10 requests)
[00:19:19] [129/455] CECB
[00:19:20] [130/455] RCPN
[00:19:21] [131/455] ASMW
[00:19:22] [132/455] PWLM
[00:19:23] [133/455] ASGM
[00:19:23] [134/455] ACWH
[00:19:25] [135/455] AAPW
[00:19:25] [136/455] RTWA
[00:19:26] [137/455] RAMW
[00:19:27] [138/455] VKTR
[00:19:27] 🔄 Identity reset
[00:19:27] 🔄 Identity rotated (every 10 requests)
[00:19:27] [139/455] SMBH
[00:19:28] [140/455] BVDR
[00:19:29] [141/455] MRTP
[00:19:30] [142/455] BLBR
[00:19:31] [143/455] LPIN
[00:19:32] [144/455] SNPC
[00:19:33] [145/455] PDCB
[00:19:34] [146/455] DYPK
[00:19:35] [147/455] INMK
[00:19:36] [148/455] PDCK
[00:19:36] 🔄 Identity reset
[00:19:36] 🔄 Identity rotated (every 10 requests)
[00:19:37] [149/455] PCKR
[00:19:37] [150/455] SHUA
[00:19:38] [151/455] SCVK
[00:19:39] [152/455] STPA
[00:19:40] [153/455] WVHD
[00:19:41] [154/455] MRCH
[00:19:41] [155/455] MCNP
[00:19:43] [156/455] RCAG
[00:19:44] [157/455] JTSN
[00:19:45] [158/455] AANS
[00:19:46] 🔄 Identity reset
[00:19:46] 🔄 Identity rotated (every 10 requests)
[00:19:46] [159/455] GDDR
[00:19:46] [160/455] SRER
[00:19:47] [161/455] JKMA
[00:19:48] [162/455] ARAN
[00:19:49] [163/455] ALCT
[00:19:50] [164/455] CCTA
[00:19:50] [165/455] CNCT
[00:19:51] [166/455] NZBL
[00:19:51] [167/455] SRRA
[00:19:52] [168/455] SVPW
[00:19:53] 🔄 Identity reset
[00:19:53] 🔄 Identity rotated (every 10 requests)
[00:19:53] [169/455] SRTW
[00:19:54] [170/455] XMTD
[00:19:55] [171/455] SCCZ
[00:19:56] [172/455] PBCR
[00:19:56] [173/455] RTSC
[00:19:57] [174/455] TLSV
[00:19:58] [175/455] RMTK
[00:20:00] [176/455] SRAT
[00:20:01] [177/455] GCYC
[00:20:01] [178/455] HCAJ
[00:20:02] 🔄 Identity reset
[00:20:02] 🔄 Identity rotated (every 10 requests)
[00:20:02] [179/455] LCXA
[00:20:02] [180/455] BINT
[00:20:03] [181/455] IXIM
[00:20:04] [182/455] MBCR
[00:20:05] [183/455] BMCJ
[00:20:06] [184/455] NICJ
[00:20:06] [185/455] SCAJ
[00:20:07] [186/455] CMXS
[00:20:08] [187/455] MMSR
[00:20:10] [188/455] PRKT
[00:20:10] 🔄 Identity reset
[00:20:10] 🔄 Identity rotated (every 10 requests)
[00:20:10] 🔄 Retry 1/5 for PRKT in 2.2s
[00:20:10] 🔄 Identity reset
[00:20:12] 🧠 New identity created
[00:20:12] [189/455] LPTH
[00:20:13] [190/455] SARP
[00:20:14] [191/455] MNPP
[00:20:14] [192/455] PRLR
[00:20:15] [193/455] RCMW
[00:20:16] [194/455] FCMG
[00:20:17] [195/455] RTNK
[00:20:18] [196/455] LRCP
[00:20:18] [197/455] DBJR
[00:20:19] 🔄 Identity reset
[00:20:19] 🔄 Identity rotated (every 10 requests)
[00:20:19] [198/455] CACN
[00:20:20] [199/455] AMRL
[00:20:21] [200/455] SBBC
[00:20:21] [201/455] VENN
[00:20:22] [202/455] STSS
[00:20:22] [203/455] SMRB
[00:20:23] [204/455] CCMX
[00:20:24] [205/455] KCMR
[00:20:25] [206/455] SALH
[00:20:26] [207/455] CGTT
[00:20:26] 🔄 Identity reset
[00:20:26] 🔄 Identity rotated (every 10 requests)
[00:20:27] [208/455] PMDR
[00:20:28] [209/455] VCPM
[00:20:28] [210/455] RZMX
[00:20:29] [211/455] TMSY
[00:20:30] [212/455] NTMS
[00:20:31] [213/455] VTAG
[00:20:32] [214/455] REMA
[00:20:33] [215/455] NXCC
[00:20:34] [216/455] SKYM
[00:20:34] [217/455] CCMO
[00:20:35] 🔄 Identity reset
[00:20:35] 🔄 Identity rotated (every 10 requests)
[00:20:35] [218/455] DMXM
[00:20:36] [219/455] SPPM
[00:20:37] [220/455] PTKL
[00:20:38] [221/455] SLVO
[00:20:39] [222/455] VASL
[00:20:40] [223/455] CBCM
[00:20:41] [224/455] STMA
[00:20:42] [225/455] LASK
[00:20:43] [226/455] VITE
[00:20:44] [227/455] AAST
[00:20:44] 🔄 Identity reset
[00:20:44] 🔄 Identity rotated (every 10 requests)
[00:20:45] [228/455] JTPT
[00:20:45] [229/455] RRSH
[00:20:46] [230/455] CINL
[00:20:46] [231/455] MCSR
[00:20:47] [232/455] SBCF
[00:20:48] [233/455] GCDU
[00:20:48] [234/455] PSPR
[00:20:49] [235/455] IMMO
[00:20:50] [236/455] CLGM
[00:20:51] [237/455] PBMM
[00:20:51] 🔄 Identity reset
[00:20:51] 🔄 Identity rotated (every 10 requests)
[00:20:51] 🔄 Retry 1/5 for PBMM in 2.3s
[00:20:51] 🔄 Identity reset
[00:20:53] 🧠 New identity created
[00:20:54] [238/455] CEHR
[00:20:55] [239/455] CPOE
[00:20:56] [240/455] PGFD
[00:20:57] [241/455] PSLC
[00:20:58] [242/455] MSMD
[00:20:59] [243/455] FMFB
[00:21:00] [244/455] RKCL
[00:21:00] [245/455] PMMC
[00:21:01] [246/455] SKMM
[00:21:02] 🔄 Identity reset
[00:21:02] 🔄 Identity rotated (every 10 requests)
[00:21:02] [247/455] VOIB
[00:21:03] [248/455] KINO
[00:21:04] [249/455] VCTP
[00:21:05] [250/455] PDWR
[00:21:05] [251/455] SAED
[00:21:06] [252/455] SRRT
[00:21:07] [253/455] CVLG
[00:21:08] [254/455] SNGN
[00:21:09] [255/455] SIDA
[00:21:09] [256/455] IMCB
[00:21:10] 🔄 Identity reset
[00:21:10] 🔄 Identity rotated (every 10 requests)
[00:21:11] [257/455] SMHP
[00:21:12] [258/455] GDTY
[00:21:13] [259/455] VYCH
[00:21:14] [260/455] PDYA
[00:21:15] [261/455] RKDO
[00:21:15] [262/455] VECG
[00:21:16] [263/455] NFGD
[00:21:17] [264/455] SNDC
[00:21:18] [265/455] SDJH
[00:21:19] [266/455] HASV
[00:21:20] 🔄 Identity reset
[00:21:20] 🔄 Identity rotated (every 10 requests)
[00:21:20] [267/455] PTYK
[00:21:21] [268/455] MUTB
[00:21:21] [269/455] AMRT
[00:21:22] [270/455] VACD
[00:21:23] [271/455] SKDD
[00:21:24] [272/455] STGR
[00:21:25] [273/455] GDAK
[00:21:26] [274/455] SKHK
[00:21:26] [275/455] SLND
[00:21:27] [276/455] APAP
[00:21:28] 🔄 Identity reset
[00:21:28] 🔄 Identity rotated (every 10 requests)
[00:21:28] [277/455] AYYA
[00:21:30] [278/455] VCCZ
[00:21:30] [279/455] MEML
[00:21:31] [280/455] MAOU
[00:21:32] [281/455] ESND
[00:21:32] [282/455] PTBZ
[00:21:33] [283/455] LBCN
[00:21:34] [284/455] PAWA
[00:21:35] [285/455] ZEIC
[00:21:36] [286/455] CGMM
[00:21:36] 🔄 Identity reset
[00:21:36] 🔄 Identity rotated (every 10 requests)
[00:21:37] [287/455] PJPM
[00:21:37] [288/455] ECMR
[00:21:38] [289/455] SHMZ
[00:21:39] [290/455] STCA
[00:21:40] [291/455] VDRC
[00:21:40] [292/455] SEEM
[00:21:41] [293/455] MKNS
[00:21:42] [294/455] KPPP
[00:21:43] [295/455] CCML
[00:21:44] [296/455] CIBA
[00:21:45] 🔄 Identity reset
[00:21:45] 🔄 Identity rotated (every 10 requests)
[00:21:45] [297/455] NACS
[00:21:46] [298/455] CTMK
[00:21:46] [299/455] CTCT
[00:21:47] [300/455] MCSN
[00:21:48] [301/455] MAXX
[00:21:48] [302/455] MECB
[00:21:49] [303/455] NTBY
[00:21:50] [304/455] UTBI
[00:21:51] [305/455] RADK
[00:21:52] [306/455] STBY
[00:21:52] 🔄 Identity reset
[00:21:52] 🔄 Identity rotated (every 10 requests)
[00:21:52] [307/455] GTBY
[00:21:53] [308/455] RRMB
[00:21:54] [309/455] ABRN
[00:21:54] [310/455] GTSG
[00:21:55] [311/455] GBTG
[00:21:55] [312/455] SBGS
[00:21:56] [313/455] KBPM
[00:21:57] [314/455] SMHT
[00:21:58] [315/455] VTDM
[00:21:59] [316/455] ASCT
[00:22:00] 🔄 Identity reset
[00:22:00] 🔄 Identity rotated (every 10 requests)
[00:22:00] [317/455] AWCT
[00:22:00] [318/455] DCCU
[00:22:01] [319/455] PSCE
[00:22:02] [320/455] KSNY
[00:22:03] [321/455] ACID
[00:22:04] [322/455] LVCD
[00:22:04] [323/455] KSSB
[00:22:05] [324/455] SWTD
[00:22:06] [325/455] RBMR
[00:22:07] [326/455] SCBC
[00:22:08] 🔄 Identity reset
[00:22:08] 🔄 Identity rotated (every 10 requests)
[00:22:08] 🔄 Retry 1/5 for SCBC in 2.6s
[00:22:08] 🔄 Identity reset
[00:22:10] 🧠 New identity created
[00:22:11] [327/455] RKME
[00:22:11] [328/455] GALX
[00:22:12] [329/455] GCCH
[00:22:13] [330/455] RATR
[00:22:14] [331/455] GTGA
[00:22:14] [332/455] LTTR
[00:22:15] [333/455] TTAA
[00:22:17] [334/455] TVHP
[00:22:17] [335/455] KVCS
[00:22:18] 🔄 Identity reset
[00:22:18] 🔄 Identity rotated (every 10 requests)
[00:22:18] [336/455] CBMC
[00:22:19] [337/455] MAYJ
[00:22:19] [338/455] INPR
[00:22:20] [339/455] RSSC
[00:22:21] [340/455] PCAN
[00:22:22] [341/455] PVHR
[00:22:23] [342/455] AGSM
[00:22:23] [343/455] PVES
[00:22:24] [344/455] INTO
[00:22:25] [345/455] ACON
[00:22:25] 🔄 Identity reset
[00:22:25] 🔄 Identity rotated (every 10 requests)
[00:22:26] [346/455] PVPZ
[00:22:27] [347/455] PVHC
[00:22:28] [348/455] KSTK
[00:22:28] [349/455] PVSR
[00:22:29] [350/455] ACTN
[00:22:30] [351/455] FMCN
[00:22:31] [352/455] PABC
[00:22:32] [353/455] SUTC
[00:22:32] [354/455] PGMV
[00:22:33] [355/455] GKCP
[00:22:34] 🔄 Identity reset
[00:22:34] 🔄 Identity rotated (every 10 requests)
[00:22:34] [356/455] INCH
[00:22:35] [357/455] MLMT
[00:22:35] [358/455] SSCC
[00:22:36] [359/455] SLMP
[00:22:38] [360/455] VVTN
[00:22:39] [361/455] SBTR
[00:22:39] [362/455] PGRA
[00:22:40] [363/455] PBRM
[00:22:41] [364/455] GCRP
[00:22:42] [365/455] MCSK
[00:22:42] 🔄 Identity reset
[00:22:42] 🔄 Identity rotated (every 10 requests)
[00:22:42] [366/455] NLTC
[00:22:43] [367/455] MTLM
[00:22:44] [368/455] VECT
[00:22:45] [369/455] KMRM
[00:22:46] [370/455] RACM
[00:22:46] [371/455] WSTC
[00:22:48] [372/455] PVTJ
[00:22:49] [373/455] MMKC
[00:22:50] [374/455] SVWT
[00:22:51] [375/455] JOTG
[00:22:51] 🔄 Identity reset
[00:22:51] 🔄 Identity rotated (every 10 requests)
[00:22:51] [376/455] VCDK
[00:22:52] [377/455] ANAC
[00:22:53] [378/455] GRTC
[00:22:53] [379/455] JTPL
[00:22:54] [380/455] VRCP
[00:22:55] [381/455] REMC
[00:22:55] [382/455] ATMG
[00:22:56] [383/455] GAHC
[00:22:57] [384/455] JTMV
[00:22:58] [385/455] OMTT
[00:22:58] 🔄 Identity reset
[00:22:59] 🔄 Identity rotated (every 10 requests)
[00:22:59] [386/455] GKKC
[00:23:00] [387/455] BBPO
[00:23:01] [388/455] ZCBB
[00:23:01] [389/455] DCGO
[00:23:02] [390/455] STOP
[00:23:03] [391/455] BSPC
[00:23:04] [392/455] SOND
[00:23:05] [393/455] GCKG
[00:23:06] [394/455] PCDB
[00:23:06] [395/455] PGRC
[00:23:07] 🔄 Identity reset
[00:23:07] 🔄 Identity rotated (every 10 requests)
[00:23:07] [396/455] CSCT
[00:23:08] [397/455] STDA
[00:23:09] [398/455] JAYD
[00:23:10] [399/455] PPPD
[00:23:11] [400/455] KRTT
[00:23:12] [401/455] PTDT
[00:23:12] [402/455] TRSV
[00:23:13] [403/455] VELR
[00:23:14] [404/455] STDT
[00:23:15] [405/455] SATT
[00:23:15] 🔄 Identity reset
[00:23:15] 🔄 Identity rotated (every 10 requests)
[00:23:15] 🔄 Retry 1/5 for SATT in 2.3s
[00:23:15] 🔄 Identity reset
[00:23:18] 🧠 New identity created
[00:23:18] [406/455] KCPM
[00:23:19] [407/455] MFCP
[00:23:19] [408/455] AXMP
[00:23:20] [409/455] LTVB
[00:23:21] [410/455] APST
[00:23:22] [411/455] DTVP
[00:23:24] [412/455] AAVB
[00:23:25] [413/455] PMBL
[00:23:25] [414/455] STKC
[00:23:26] 🔄 Identity reset
[00:23:26] 🔄 Identity rotated (every 10 requests)
[00:23:26] [415/455] KKMA
[00:23:28] [416/455] NMXS
[00:23:29] [417/455] DECX
[00:23:29] [418/455] MAPJ
[00:23:30] [419/455] SMLK
[00:23:31] [420/455] PMPU
[00:23:32] [421/455] AFST
[00:23:33] [422/455] SRSY
[00:23:34] [423/455] RMKT
[00:23:34] [424/455] RAJX
[00:23:35] 🔄 Identity reset
[00:23:35] 🔄 Identity rotated (every 10 requests)
[00:23:35] [425/455] UVCD
[00:23:36] [426/455] LISA
[00:23:37] [427/455] LMSR
[00:23:38] [428/455] PMCA
[00:23:38] [429/455] INPO
[00:23:39] [430/455] INGO
[00:23:40] [431/455] HFSQ
[00:23:41] [432/455] INMG
[00:23:42] [433/455] NYCP
[00:23:43] [434/455] HFSV
[00:23:43] 🔄 Identity reset
[00:23:43] 🔄 Identity rotated (every 10 requests)
[00:23:44] [435/455] MMZP
[00:23:45] [436/455] KSES
[00:23:46] [437/455] HFSA
[00:23:46] [438/455] ACMM
[00:23:47] [439/455] RCKD
[00:23:48] [440/455] BCKR
[00:23:49] [441/455] SFCO
[00:23:50] [442/455] JCCB
[00:23:50] [443/455] BCCR
[00:23:51] [444/455] NWCB
[00:23:52] 🔄 Identity reset
[00:23:52] 🔄 Identity rotated (every 10 requests)
[00:23:52] [445/455] SAMT
[00:23:53] [446/455] TMST
[00:23:53] [447/455] SJCN
[00:23:54] [448/455] MCBS
[00:23:55] [449/455] CMKR
[00:23:56] [450/455] INPM
[00:23:57] [451/455] WVMT
[00:23:57] [452/455] NYSM
[00:23:58] [453/455] RCMA
[00:23:59] [454/455] RECM
[00:24:00] 🔄 Identity reset
[00:24:00] 🔄 Identity rotated (every 10 requests)
[00:24:00] [455/455] CYCM
[00:24:00] ✅ DONE | Shows=1 | Movies=1
[01:17:38] 🚀 BMS DAILY TRACKER STARTED (enhanced anti‑detection)
[01:17:38] [1/455] MXGN
[01:17:38] 🧠 New identity created
[01:17:38] [2/455] PGGM
[01:17:39] [3/455] IPMJ
[01:17:40] [4/455] M2PP
[01:17:41] [5/455] PMMS
[01:17:43] [6/455] SCJN
[01:17:43] [7/455] CPUM
[01:17:45] [8/455] SCND
[01:17:47] [9/455] INWM
[01:17:47] [10/455] DVDC
[01:17:48] 🔄 Identity reset
[01:17:48] 🔄 Identity rotated (every 10 requests)
[01:17:49] [11/455] WVND
[01:17:49] [12/455] LBDL
[01:17:50] [13/455] CRGM
[01:17:51] [14/455] PVKS
[01:17:52] [15/455] PBLL
[01:17:53] [16/455] FNLN
[01:17:54] [17/455] PPDA
[01:17:55] [18/455] SCPT
[01:17:55] [19/455] IAJS
[01:17:56] [20/455] MMZG
[01:17:57] 🔄 Identity reset
[01:17:57] 🔄 Identity rotated (every 10 requests)
[01:17:58] [21/455] MCTI
[01:17:58] [22/455] PPMF
[01:17:59] [23/455] FNSD
[01:18:00] [24/455] M2RH
[01:18:02] [25/455] CPGV
[01:18:03] [26/455] PECD
[01:18:04] [27/455] CTEE
[01:18:05] [28/455] IOMG
[01:18:06] [29/455] CIJA
[01:18:07] [30/455] NYCG
[01:18:08] 🔄 Identity reset
[01:18:08] 🔄 Identity rotated (every 10 requests)
[01:18:08] [31/455] CEST
[01:18:09] [32/455] WVRG
[01:18:10] [33/455] DPDC
[01:18:11] [34/455] PDIV
[01:18:12] [35/455] MTPP
[01:18:13] [36/455] MHNU
[01:18:14] [37/455] WUPG
[01:18:15] [38/455] USCO
[01:18:16] [39/455] INFR
[01:18:17] [40/455] PVPD
[01:18:17] 🔄 Identity reset
[01:18:17] 🔄 Identity rotated (every 10 requests)
[01:18:18] [41/455] RONC
[01:18:19] [42/455] IOCP
[01:18:20] [43/455] EMPS
[01:18:21] [44/455] PNAD
[01:18:22] [45/455] VVGZ
[01:18:23] [46/455] MDDC
[01:18:23] [47/455] MMAP
[01:18:24] [48/455] GPDC
[01:18:25] [49/455] PVPU
[01:18:26] [50/455] DCMV
[01:18:27] 🔄 Identity reset
[01:18:27] 🔄 Identity rotated (every 10 requests)
[01:18:27] [51/455] PCCF
[01:18:28] [52/455] MCEF
[01:18:29] [53/455] INRD
[01:18:29] [54/455] CCPZ
[01:18:30] [55/455] BCWG
[01:18:31] [56/455] PMGU
[01:18:32] [57/455] MCVM
[01:18:33] [58/455] MCDE
[01:18:34] [59/455] IEFM
[01:18:35] [60/455] MXCS
[01:18:36] 🔄 Identity reset
[01:18:36] 🔄 Identity rotated (every 10 requests)
[01:18:36] [61/455] RNMT
[01:18:37] [62/455] PSDD
[01:18:38] [63/455] PETA
[01:18:40] [64/455] IZOP
[01:18:41] [65/455] PDEI
[01:18:41] [66/455] MTND
[01:18:43] [67/455] PCPL
[01:18:44] [68/455] LSCM
[01:18:45] [69/455] BTFD
[01:18:46] [70/455] MERM
[01:18:47] 🔄 Identity reset
[01:18:47] 🔄 Identity rotated (every 10 requests)
[01:18:47] [71/455] PVMS
[01:18:49] [72/455] CIGK
[01:18:50] [73/455] INSG
[01:18:51] [74/455] IDEN
[01:18:52] [75/455] MCGN
[01:18:53] [76/455] IGAM
[01:18:54] [77/455] SLCU
[01:18:55] [78/455] MIMU
[01:18:56] [79/455] QLAC
[01:18:57] [80/455] MENL
[01:18:57] 🔄 Identity reset
[01:18:57] 🔄 Identity rotated (every 10 requests)
[01:18:58] [81/455] SCUR
[01:18:58] [82/455] MDGD
[01:18:59] [83/455] LSRS
[01:19:00] [84/455] KMLG
[01:19:01] [85/455] MKLJ
[01:19:02] [86/455] IBYG
[01:19:03] [87/455] ISML
[01:19:04] [88/455] MJMM
[01:19:05] [89/455] RCGD
[01:19:06] [90/455] MMOC
[01:19:06] 🔄 Identity reset
[01:19:06] 🔄 Identity rotated (every 10 requests)
[01:19:06] [91/455] RRCO
[01:19:07] [92/455] MEDM
[01:19:08] [93/455] MCAZ
[01:19:09] [94/455] STWA
[01:19:10] [95/455] PFFG
[01:19:11] [96/455] GAGC
[01:19:12] [97/455] PMPM
[01:19:12] [98/455] HVCD
[01:19:13] [99/455] AKRF
[01:19:14] [100/455] AKRC
[01:19:15] 🔄 Identity reset
[01:19:15] 🔄 Identity rotated (every 10 requests)
[01:19:15] [101/455] MIDA
[01:19:16] [102/455] MAGX
[01:19:17] [103/455] ESOS
[01:19:18] [104/455] BBCL
[01:19:19] [105/455] LYAS
[01:19:20] [106/455] NRMS
[01:19:21] [107/455] BHUC
[01:19:22] [108/455] SRIC
[01:19:23] [109/455] PDME
[01:19:24] [110/455] MJCS
[01:19:24] 🔄 Identity reset
[01:19:24] 🔄 Identity rotated (every 10 requests)
[01:19:25] [111/455] NRAA
[01:19:26] [112/455] VATA
[01:19:27] [113/455] MNKC
[01:19:28] [114/455] DHCL
[01:19:29] [115/455] JCPC
[01:19:30] [116/455] CTML
[01:19:31] [117/455] RMMR
[01:19:32] [118/455] STTL
[01:19:33] [119/455] CNPS
[01:19:34] [120/455] ACKL
[01:19:34] 🔄 Identity reset
[01:19:34] 🔄 Identity rotated (every 10 requests)
[01:19:35] [121/455] SCAU
[01:19:36] [122/455] RMIA
[01:19:37] [123/455] MANU
[01:19:37] [124/455] ARDC
[01:19:38] [125/455] GLDA
[01:19:39] [126/455] KVSW
[01:19:40] [127/455] CGCA
[01:19:41] [128/455] CMLO
[01:19:42] [129/455] CECB
[01:19:43] [130/455] RCPN
[01:19:43] 🔄 Identity reset
[01:19:43] 🔄 Identity rotated (every 10 requests)
[01:19:44] [131/455] ASMW
[01:19:45] [132/455] PWLM
[01:19:46] [133/455] ASGM
[01:19:46] [134/455] ACWH
[01:19:47] [135/455] AAPW
[01:19:48] [136/455] RTWA
[01:19:49] [137/455] RAMW
[01:19:50] [138/455] VKTR
[01:19:51] [139/455] SMBH
[01:19:52] [140/455] BVDR
[01:19:52] 🔄 Identity reset
[01:19:52] 🔄 Identity rotated (every 10 requests)
[01:19:53] [141/455] MRTP
[01:19:54] [142/455] BLBR
[01:19:55] [143/455] LPIN
[01:19:56] [144/455] SNPC
[01:19:57] [145/455] PDCB
[01:19:58] [146/455] DYPK
[01:19:59] [147/455] INMK
[01:20:00] [148/455] PDCK
[01:20:01] [149/455] PCKR
[01:20:02] [150/455] SHUA
[01:20:03] 🔄 Identity reset
[01:20:03] 🔄 Identity rotated (every 10 requests)
[01:20:03] 🔄 Retry 1/5 for SHUA in 2.8s
[01:20:03] 🔄 Identity reset
[01:20:06] 🧠 New identity created
[01:20:06] [151/455] SCVK
[01:20:07] [152/455] STPA
[01:20:08] [153/455] WVHD
[01:20:09] [154/455] MRCH
[01:20:09] [155/455] MCNP
[01:20:10] [156/455] RCAG
[01:20:12] [157/455] JTSN
[01:20:13] [158/455] AANS
[01:20:14] [159/455] GDDR
[01:20:14] 🔄 Identity reset
[01:20:14] 🔄 Identity rotated (every 10 requests)
[01:20:15] [160/455] SRER
[01:20:16] [161/455] JKMA
[01:20:17] [162/455] ARAN
[01:20:18] [163/455] ALCT
[01:20:19] [164/455] CCTA
[01:20:20] [165/455] CNCT
[01:20:21] [166/455] NZBL
[01:20:23] [167/455] SRRA
[01:20:24] [168/455] SVPW
[01:20:25] [169/455] SRTW
[01:20:25] 🔄 Identity reset
[01:20:25] 🔄 Identity rotated (every 10 requests)
[01:20:26] [170/455] XMTD
[01:20:26] [171/455] SCCZ
[01:20:27] [172/455] PBCR
[01:20:28] [173/455] RTSC
[01:20:29] [174/455] TLSV
[01:20:30] [175/455] RMTK
[01:20:31] [176/455] SRAT
[01:20:33] [177/455] GCYC
[01:20:34] [178/455] HCAJ
[01:20:35] [179/455] LCXA
[01:20:35] 🔄 Identity reset
[01:20:35] 🔄 Identity rotated (every 10 requests)
[01:20:35] [180/455] BINT
[01:20:36] [181/455] IXIM
[01:20:37] [182/455] MBCR
[01:20:38] [183/455] BMCJ
[01:20:39] [184/455] NICJ
[01:20:40] [185/455] SCAJ
[01:20:41] [186/455] CMXS
[01:20:42] [187/455] MMSR
[01:20:43] [188/455] PRKT
[01:20:44] [189/455] LPTH
[01:20:45] 🔄 Identity reset
[01:20:45] 🔄 Identity rotated (every 10 requests)
[01:20:45] 🔄 Retry 1/5 for LPTH in 2.7s
[01:20:45] 🔄 Identity reset
[01:20:47] 🧠 New identity created
[01:20:48] [190/455] SARP
[01:20:49] [191/455] MNPP
[01:20:50] [192/455] PRLR
[01:20:51] [193/455] RCMW
[01:20:52] [194/455] FCMG
[01:20:53] [195/455] RTNK
[01:20:55] [196/455] LRCP
[01:20:56] [197/455] DBJR
[01:20:56] [198/455] CACN
[01:20:57] 🔄 Identity reset
[01:20:57] 🔄 Identity rotated (every 10 requests)
[01:20:57] [199/455] AMRL
[01:20:58] [200/455] SBBC
[01:20:59] [201/455] VENN
[01:21:00] [202/455] STSS
[01:21:01] [203/455] SMRB
[01:21:02] [204/455] CCMX
[01:21:03] [205/455] KCMR
[01:21:04] [206/455] SALH
[01:21:05] [207/455] CGTT
[01:21:06] [208/455] PMDR
[01:21:07] 🔄 Identity reset
[01:21:07] 🔄 Identity rotated (every 10 requests)
[01:21:07] [209/455] VCPM
[01:21:08] [210/455] RZMX
[01:21:09] [211/455] TMSY
[01:21:10] [212/455] NTMS
[01:21:11] [213/455] VTAG
[01:21:12] [214/455] REMA
[01:21:13] [215/455] NXCC
[01:21:14] [216/455] SKYM
[01:21:15] [217/455] CCMO
[01:21:16] [218/455] DMXM
[01:21:17] 🔄 Identity reset
[01:21:17] 🔄 Identity rotated (every 10 requests)
[01:21:17] 🔄 Retry 1/5 for DMXM in 2.0s
[01:21:17] 🔄 Identity reset
[01:21:19] 🧠 New identity created
[01:21:19] [219/455] SPPM
[01:21:20] [220/455] PTKL
[01:21:21] [221/455] SLVO
[01:21:23] [222/455] VASL
[01:21:24] [223/455] CBCM
[01:21:26] [224/455] STMA
[01:21:27] [225/455] LASK
[01:21:28] [226/455] VITE
[01:21:29] [227/455] AAST
[01:21:29] 🔄 Identity reset
[01:21:29] 🔄 Identity rotated (every 10 requests)
[01:21:30] [228/455] JTPT
[01:21:30] [229/455] RRSH
[01:21:31] [230/455] CINL
[01:21:32] [231/455] MCSR
[01:21:33] [232/455] SBCF
[01:21:34] [233/455] GCDU
[01:21:35] [234/455] PSPR
[01:21:37] [235/455] IMMO
[01:21:38] [236/455] CLGM
[01:21:39] [237/455] PBMM
[01:21:39] 🔄 Identity reset
[01:21:39] 🔄 Identity rotated (every 10 requests)
[01:21:40] [238/455] CEHR
[01:21:41] [239/455] CPOE
[01:21:42] [240/455] PGFD
[01:21:43] [241/455] PSLC
[01:21:43] [242/455] MSMD
[01:21:44] [243/455] FMFB
[01:21:46] [244/455] RKCL
[01:21:46] [245/455] PMMC
[01:21:47] [246/455] SKMM
[01:21:49] [247/455] VOIB
[01:21:49] 🔄 Identity reset
[01:21:49] 🔄 Identity rotated (every 10 requests)
[01:21:50] [248/455] KINO
[01:21:51] [249/455] VCTP
[01:21:52] [250/455] PDWR
[01:21:52] [251/455] SAED
[01:21:53] [252/455] SRRT
[01:21:54] [253/455] CVLG
[01:21:55] [254/455] SNGN
[01:21:56] [255/455] SIDA
[01:21:57] [256/455] IMCB
[01:21:59] [257/455] SMHP
[01:21:59] 🔄 Identity reset
[01:21:59] 🔄 Identity rotated (every 10 requests)
[01:21:59] [258/455] GDTY
[01:22:01] [259/455] VYCH
[01:22:02] [260/455] PDYA
[01:22:03] [261/455] RKDO
[01:22:04] [262/455] VECG
[01:22:05] [263/455] NFGD
[01:22:06] [264/455] SNDC
[01:22:07] [265/455] SDJH
[01:22:08] [266/455] HASV
[01:22:09] [267/455] PTYK
[01:22:10] 🔄 Identity reset
[01:22:10] 🔄 Identity rotated (every 10 requests)
[01:22:10] [268/455] MUTB
[01:22:11] [269/455] AMRT
[01:22:12] [270/455] VACD
[01:22:13] [271/455] SKDD
[01:22:14] [272/455] STGR
[01:22:15] [273/455] GDAK
[01:22:16] [274/455] SKHK
[01:22:16] [275/455] SLND
[01:22:17] [276/455] APAP
[01:22:19] [277/455] AYYA
[01:22:20] 🔄 Identity reset
[01:22:20] 🔄 Identity rotated (every 10 requests)
[01:22:20] [278/455] VCCZ
[01:22:21] [279/455] MEML
[01:22:22] [280/455] MAOU
[01:22:22] [281/455] ESND
[01:22:23] [282/455] PTBZ
[01:22:24] [283/455] LBCN
[01:22:25] [284/455] PAWA
[01:22:26] [285/455] ZEIC
[01:22:27] [286/455] CGMM
[01:22:28] [287/455] PJPM
[01:22:28] 🔄 Identity reset
[01:22:29] 🔄 Identity rotated (every 10 requests)
[01:22:29] [288/455] ECMR
[01:22:30] [289/455] SHMZ
[01:22:31] [290/455] STCA
[01:22:31] [291/455] VDRC
[01:22:32] [292/455] SEEM
[01:22:33] [293/455] MKNS
[01:22:34] [294/455] KPPP
[01:22:35] [295/455] CCML
[01:22:36] [296/455] CIBA
[01:22:37] [297/455] NACS
[01:22:38] 🔄 Identity reset
[01:22:38] 🔄 Identity rotated (every 10 requests)
[01:22:38] [298/455] CTMK
[01:22:39] [299/455] CTCT
[01:22:40] [300/455] MCSN
[01:22:41] [301/455] MAXX
[01:22:42] [302/455] MECB
[01:22:43] [303/455] NTBY
[01:22:44] [304/455] UTBI
[01:22:45] [305/455] RADK
[01:22:46] [306/455] STBY
[01:22:47] [307/455] GTBY
[01:22:47] 🔄 Identity reset
[01:22:47] 🔄 Identity rotated (every 10 requests)
[01:22:48] [308/455] RRMB
[01:22:49] [309/455] ABRN
[01:22:50] [310/455] GTSG
[01:22:51] [311/455] GBTG
[01:22:51] [312/455] SBGS
[01:22:52] [313/455] KBPM
[01:22:53] [314/455] SMHT
[01:22:54] [315/455] VTDM
[01:22:55] [316/455] ASCT
[01:22:56] [317/455] AWCT
[01:22:57] 🔄 Identity reset
[01:22:57] 🔄 Identity rotated (every 10 requests)
[01:22:57] [318/455] DCCU
[01:22:58] [319/455] PSCE
[01:22:59] [320/455] KSNY
[01:23:00] [321/455] ACID
[01:23:01] [322/455] LVCD
[01:23:02] [323/455] KSSB
[01:23:03] [324/455] SWTD
[01:23:04] [325/455] RBMR
[01:23:05] [326/455] SCBC
[01:23:06] [327/455] RKME
[01:23:06] 🔄 Identity reset
[01:23:06] 🔄 Identity rotated (every 10 requests)
[01:23:07] 🔄 Retry 1/5 for RKME in 2.0s
[01:23:07] 🔄 Identity reset
[01:23:09] 🧠 New identity created
[01:23:09] [328/455] GALX
[01:23:10] [329/455] GCCH
[01:23:11] [330/455] RATR
[01:23:12] [331/455] GTGA
[01:23:13] [332/455] LTTR
[01:23:14] [333/455] TTAA
[01:23:14] [334/455] TVHP
[01:23:15] [335/455] KVCS
[01:23:16] [336/455] CBMC
[01:23:17] 🔄 Identity reset
[01:23:17] 🔄 Identity rotated (every 10 requests)
[01:23:17] [337/455] MAYJ
[01:23:18] [338/455] INPR
[01:23:19] [339/455] RSSC
[01:23:20] [340/455] PCAN
[01:23:21] [341/455] PVHR
[01:23:22] [342/455] AGSM
[01:23:23] [343/455] PVES
[01:23:24] [344/455] INTO
[01:23:25] [345/455] ACON
[01:23:27] [346/455] PVPZ
[01:23:27] 🔄 Identity reset
[01:23:27] 🔄 Identity rotated (every 10 requests)
[01:23:28] [347/455] PVHC
[01:23:29] [348/455] KSTK
[01:23:31] [349/455] PVSR
[01:23:32] [350/455] ACTN
[01:23:33] [351/455] FMCN
[01:23:34] [352/455] PABC
[01:23:35] [353/455] SUTC
[01:23:36] [354/455] PGMV
[01:23:37] [355/455] GKCP
[01:23:38] [356/455] INCH
[01:23:39] 🔄 Identity reset
[01:23:39] 🔄 Identity rotated (every 10 requests)
[01:23:39] [357/455] MLMT
[01:23:40] [358/455] SSCC
[01:23:41] [359/455] SLMP
[01:23:42] [360/455] VVTN
[01:23:43] [361/455] SBTR
[01:23:44] [362/455] PGRA
[01:23:45] [363/455] PBRM
[01:23:46] [364/455] GCRP
[01:23:47] [365/455] MCSK
[01:23:48] [366/455] NLTC
[01:23:49] 🔄 Identity reset
[01:23:49] 🔄 Identity rotated (every 10 requests)
[01:23:49] [367/455] MTLM
[01:23:50] [368/455] VECT
[01:23:51] [369/455] KMRM
[01:23:52] [370/455] RACM
[01:23:53] [371/455] WSTC
[01:23:54] [372/455] PVTJ
[01:23:54] [373/455] MMKC
[01:23:55] [374/455] SVWT
[01:23:56] [375/455] JOTG
[01:23:57] [376/455] VCDK
[01:23:58] 🔄 Identity reset
[01:23:58] 🔄 Identity rotated (every 10 requests)
[01:23:58] [377/455] ANAC
[01:23:59] [378/455] GRTC
[01:24:00] [379/455] JTPL
[01:24:01] [380/455] VRCP
[01:24:02] [381/455] REMC
[01:24:03] [382/455] ATMG
[01:24:03] [383/455] GAHC
[01:24:04] [384/455] JTMV
[01:24:05] [385/455] OMTT
[01:24:06] [386/455] GKKC
[01:24:07] 🔄 Identity reset
[01:24:07] 🔄 Identity rotated (every 10 requests)
[01:24:07] [387/455] BBPO
[01:24:08] [388/455] ZCBB
[01:24:09] [389/455] DCGO
[01:24:10] [390/455] STOP
[01:24:11] [391/455] BSPC
[01:24:12] [392/455] SOND
[01:24:13] [393/455] GCKG
[01:24:14] [394/455] PCDB
[01:24:15] [395/455] PGRC
[01:24:16] [396/455] CSCT
[01:24:17] 🔄 Identity reset
[01:24:17] 🔄 Identity rotated (every 10 requests)
[01:24:17] [397/455] STDA
[01:24:18] [398/455] JAYD
[01:24:19] [399/455] PPPD
[01:24:21] [400/455] KRTT
[01:24:22] [401/455] PTDT
[01:24:22] [402/455] TRSV
[01:24:23] [403/455] VELR
[01:24:25] [404/455] STDT
[01:24:26] [405/455] SATT
[01:24:27] [406/455] KCPM
[01:24:28] 🔄 Identity reset
[01:24:28] 🔄 Identity rotated (every 10 requests)
[01:24:28] [407/455] MFCP
[01:24:29] [408/455] AXMP
[01:24:31] [409/455] LTVB
[01:24:32] [410/455] APST
[01:24:33] [411/455] DTVP
[01:24:34] [412/455] AAVB
[01:24:35] [413/455] PMBL
[01:24:35] [414/455] STKC
[01:24:36] [415/455] KKMA
[01:24:37] [416/455] NMXS
[01:24:38] 🔄 Identity reset
[01:24:38] 🔄 Identity rotated (every 10 requests)
[01:24:38] [417/455] DECX
[01:24:39] [418/455] MAPJ
[01:24:40] [419/455] SMLK
[01:24:41] [420/455] PMPU
[01:24:42] [421/455] AFST
[01:24:43] [422/455] SRSY
[01:24:45] [423/455] RMKT
[01:24:46] [424/455] RAJX
[01:24:47] [425/455] UVCD
[01:24:47] [426/455] LISA
[01:24:48] 🔄 Identity reset
[01:24:48] 🔄 Identity rotated (every 10 requests)
[01:24:48] [427/455] LMSR
[01:24:49] [428/455] PMCA
[01:24:50] [429/455] INPO
[01:24:51] [430/455] INGO
[01:24:52] [431/455] HFSQ
[01:24:53] [432/455] INMG
[01:24:54] [433/455] NYCP
[01:24:55] [434/455] HFSV
[01:24:56] [435/455] MMZP
[01:24:57] [436/455] KSES
[01:24:57] 🔄 Identity reset
[01:24:57] 🔄 Identity rotated (every 10 requests)
[01:24:58] [437/455] HFSA
[01:24:59] [438/455] ACMM
[01:25:00] [439/455] RCKD
[01:25:01] [440/455] BCKR
[01:25:02] [441/455] SFCO
[01:25:02] [442/455] JCCB
[01:25:03] [443/455] BCCR
[01:25:04] [444/455] NWCB
[01:25:05] [445/455] SAMT
[01:25:06] [446/455] TMST
[01:25:07] 🔄 Identity reset
[01:25:07] 🔄 Identity rotated (every 10 requests)
[01:25:07] [447/455] SJCN
[01:25:08] [448/455] MCBS
[01:25:09] [449/455] CMKR
[01:25:10] [450/455] INPM
[01:25:11] [451/455] WVMT
[01:25:12] [452/455] NYSM
[01:25:13] [453/455] RCMA
[01:25:14] [454/455] RECM
[01:25:15] [455/455] CYCM
[01:25:16] ✅ DONE | Shows=1 | Movies=1
[02:17:47] 🚀 BMS DAILY TRACKER STARTED (enhanced anti‑detection)
[02:17:47] [1/455] MXGN
[02:17:48] 🧠 New identity created
[02:17:48] [2/455] PGGM
[02:17:49] [3/455] IPMJ
[02:17:50] [4/455] M2PP
[02:17:52] [5/455] PMMS
[02:17:53] [6/455] SCJN
[02:17:54] [7/455] CPUM
[02:17:55] [8/455] SCND
[02:17:56] [9/455] INWM
[02:17:57] [10/455] DVDC
[02:17:58] 🔄 Identity reset
[02:17:58] 🔄 Identity rotated (every 10 requests)
[02:17:58] [11/455] WVND
[02:17:59] [12/455] LBDL
[02:18:00] [13/455] CRGM
[02:18:01] [14/455] PVKS
[02:18:02] [15/455] PBLL
[02:18:03] [16/455] FNLN
[02:18:04] [17/455] PPDA
[02:18:05] [18/455] SCPT
[02:18:06] [19/455] IAJS
[02:18:07] [20/455] MMZG
[02:18:07] 🔄 Identity reset
[02:18:07] 🔄 Identity rotated (every 10 requests)
[02:18:07] [21/455] MCTI
[02:18:09] [22/455] PPMF
[02:18:09] [23/455] FNSD
[02:18:10] [24/455] M2RH
[02:18:11] [25/455] CPGV
[02:18:13] [26/455] PECD
[02:18:14] [27/455] CTEE
[02:18:15] [28/455] IOMG
[02:18:16] [29/455] CIJA
[02:18:17] [30/455] NYCG
[02:18:18] 🔄 Identity reset
[02:18:18] 🔄 Identity rotated (every 10 requests)
[02:18:18] [31/455] CEST
[02:18:19] [32/455] WVRG
[02:18:20] [33/455] DPDC
[02:18:21] [34/455] PDIV
[02:18:22] [35/455] MTPP
[02:18:23] [36/455] MHNU
[02:18:24] [37/455] WUPG
[02:18:25] [38/455] USCO
[02:18:26] [39/455] INFR
[02:18:27] [40/455] PVPD
[02:18:27] 🔄 Identity reset
[02:18:27] 🔄 Identity rotated (every 10 requests)
[02:18:28] [41/455] RONC
[02:18:29] [42/455] IOCP
[02:18:29] [43/455] EMPS
[02:18:30] [44/455] PNAD
[02:18:31] [45/455] VVGZ
[02:18:32] [46/455] MDDC
[02:18:33] [47/455] MMAP
[02:18:34] [48/455] GPDC
[02:18:35] [49/455] PVPU
[02:18:36] [50/455] DCMV
[02:18:37] 🔄 Identity reset
[02:18:37] 🔄 Identity rotated (every 10 requests)
[02:18:37] [51/455] PCCF
[02:18:38] [52/455] MCEF
[02:18:39] [53/455] INRD
[02:18:40] [54/455] CCPZ
[02:18:41] [55/455] BCWG
[02:18:42] [56/455] PMGU
[02:18:43] [57/455] MCVM
[02:18:44] [58/455] MCDE
[02:18:45] [59/455] IEFM
[02:18:46] [60/455] MXCS
[02:18:47] 🔄 Identity reset
[02:18:47] 🔄 Identity rotated (every 10 requests)
[02:18:47] [61/455] RNMT
[02:18:48] [62/455] PSDD
[02:18:49] [63/455] PETA
[02:18:50] [64/455] IZOP
[02:18:51] [65/455] PDEI
[02:18:53] [66/455] MTND
[02:18:54] [67/455] PCPL
[02:18:55] [68/455] LSCM
[02:18:57] [69/455] BTFD
[02:18:57] [70/455] MERM
[02:18:58] 🔄 Identity reset
[02:18:58] 🔄 Identity rotated (every 10 requests)
[02:18:58] [71/455] PVMS
[02:18:59] [72/455] CIGK
[02:19:00] [73/455] INSG
[02:19:01] [74/455] IDEN
[02:19:02] [75/455] MCGN
[02:19:03] [76/455] IGAM
[02:19:04] [77/455] SLCU
[02:19:05] [78/455] MIMU
[02:19:06] [79/455] QLAC
[02:19:07] [80/455] MENL
[02:19:08] 🔄 Identity reset
[02:19:08] 🔄 Identity rotated (every 10 requests)
[02:19:08] [81/455] SCUR
[02:19:10] [82/455] MDGD
[02:19:10] [83/455] LSRS
[02:19:11] [84/455] KMLG
[02:19:12] [85/455] MKLJ
[02:19:13] [86/455] IBYG
[02:19:14] [87/455] ISML
[02:19:15] [88/455] MJMM
[02:19:16] [89/455] RCGD
[02:19:18] [90/455] MMOC
[02:19:18] 🔄 Identity reset
[02:19:18] 🔄 Identity rotated (every 10 requests)
[02:19:18] 🔄 Retry 1/5 for MMOC in 2.8s
[02:19:18] 🔄 Identity reset
[02:19:21] 🧠 New identity created
[02:19:21] [91/455] RRCO
[02:19:22] [92/455] MEDM
[02:19:23] [93/455] MCAZ
[02:19:25] [94/455] STWA
[02:19:26] [95/455] PFFG
[02:19:27] [96/455] GAGC
[02:19:28] [97/455] PMPM
[02:19:29] [98/455] HVCD
[02:19:30] [99/455] AKRF
[02:19:31] 🔄 Identity reset
[02:19:31] 🔄 Identity rotated (every 10 requests)
[02:19:31] [100/455] AKRC
[02:19:32] [101/455] MIDA
[02:19:33] [102/455] MAGX
[02:19:34] [103/455] ESOS
[02:19:35] [104/455] BBCL
[02:19:36] [105/455] LYAS
[02:19:37] [106/455] NRMS
[02:19:38] [107/455] BHUC
[02:19:39] [108/455] SRIC
[02:19:40] [109/455] PDME
[02:19:40] 🔄 Identity reset
[02:19:40] 🔄 Identity rotated (every 10 requests)
[02:19:41] [110/455] MJCS
[02:19:42] [111/455] NRAA
[02:19:42] [112/455] VATA
[02:19:43] [113/455] MNKC
[02:19:44] [114/455] DHCL
[02:19:45] [115/455] JCPC
[02:19:46] [116/455] CTML
[02:19:47] [117/455] RMMR
[02:19:48] [118/455] STTL
[02:19:49] [119/455] CNPS
[02:19:50] 🔄 Identity reset
[02:19:50] 🔄 Identity rotated (every 10 requests)
[02:19:50] [120/455] ACKL
[02:19:51] [121/455] SCAU
[02:19:52] [122/455] RMIA
[02:19:53] [123/455] MANU
[02:19:54] [124/455] ARDC
[02:19:55] [125/455] GLDA
[02:19:56] [126/455] KVSW
[02:19:57] [127/455] CGCA
[02:19:58] [128/455] CMLO
[02:19:58] [129/455] CECB
[02:19:59] 🔄 Identity reset
[02:19:59] 🔄 Identity rotated (every 10 requests)
[02:19:59] 🔄 Retry 1/5 for CECB in 2.9s
[02:19:59] 🔄 Identity reset
[02:20:02] 🧠 New identity created
[02:20:02] [130/455] RCPN
[02:20:03] [131/455] ASMW
[02:20:04] [132/455] PWLM
[02:20:06] [133/455] ASGM
[02:20:06] [134/455] ACWH
[02:20:07] [135/455] AAPW
[02:20:09] [136/455] RTWA
[02:20:10] [137/455] RAMW
[02:20:11] [138/455] VKTR
[02:20:12] 🔄 Identity reset
[02:20:12] 🔄 Identity rotated (every 10 requests)
[02:20:12] [139/455] SMBH
[02:20:13] [140/455] BVDR
[02:20:14] [141/455] MRTP
[02:20:15] [142/455] BLBR
[02:20:16] [143/455] LPIN
[02:20:17] [144/455] SNPC
[02:20:18] [145/455] PDCB
[02:20:18] [146/455] DYPK
[02:20:20] [147/455] INMK
[02:20:21] [148/455] PDCK
[02:20:21] 🔄 Identity reset
[02:20:21] 🔄 Identity rotated (every 10 requests)
[02:20:22] [149/455] PCKR
[02:20:22] [150/455] SHUA
[02:20:23] [151/455] SCVK
[02:20:24] [152/455] STPA
[02:20:26] [153/455] WVHD
[02:20:27] [154/455] MRCH
[02:20:27] [155/455] MCNP
[02:20:28] [156/455] RCAG
[02:20:30] [157/455] JTSN
[02:20:31] [158/455] AANS
[02:20:31] 🔄 Identity reset
[02:20:31] 🔄 Identity rotated (every 10 requests)
[02:20:32] [159/455] GDDR
[02:20:32] [160/455] SRER
[02:20:33] [161/455] JKMA
[02:20:34] [162/455] ARAN
[02:20:35] [163/455] ALCT
[02:20:36] [164/455] CCTA
[02:20:37] [165/455] CNCT
[02:20:38] [166/455] NZBL
[02:20:39] [167/455] SRRA
[02:20:40] [168/455] SVPW
[02:20:41] 🔄 Identity reset
[02:20:41] 🔄 Identity rotated (every 10 requests)
[02:20:41] 🔄 Retry 1/5 for SVPW in 3.0s
[02:20:41] 🔄 Identity reset
[02:20:44] 🧠 New identity created
[02:20:44] [169/455] SRTW
[02:20:45] [170/455] XMTD
[02:20:46] [171/455] SCCZ
[02:20:47] [172/455] PBCR
[02:20:48] [173/455] RTSC
[02:20:49] [174/455] TLSV
[02:20:50] [175/455] RMTK
[02:20:51] [176/455] SRAT
[02:20:52] [177/455] GCYC
[02:20:52] 🔄 Identity reset
[02:20:52] 🔄 Identity rotated (every 10 requests)
[02:20:53] [178/455] HCAJ
[02:20:54] [179/455] LCXA
[02:20:55] [180/455] BINT
[02:20:55] [181/455] IXIM
[02:20:56] [182/455] MBCR
[02:20:57] [183/455] BMCJ
[02:20:58] [184/455] NICJ
[02:20:59] [185/455] SCAJ
[02:21:00] [186/455] CMXS
[02:21:01] [187/455] MMSR
[02:21:01] 🔄 Identity reset
[02:21:01] 🔄 Identity rotated (every 10 requests)
[02:21:02] [188/455] PRKT
[02:21:03] [189/455] LPTH
[02:21:04] [190/455] SARP
[02:21:05] [191/455] MNPP
[02:21:06] [192/455] PRLR
[02:21:07] [193/455] RCMW
[02:21:08] [194/455] FCMG
[02:21:09] [195/455] RTNK
[02:21:10] [196/455] LRCP
[02:21:11] [197/455] DBJR
[02:21:11] 🔄 Identity reset
[02:21:11] 🔄 Identity rotated (every 10 requests)
[02:21:12] [198/455] CACN
[02:21:12] [199/455] AMRL
[02:21:13] [200/455] SBBC
[02:21:14] [201/455] VENN
[02:21:15] [202/455] STSS
[02:21:16] [203/455] SMRB
[02:21:17] [204/455] CCMX
[02:21:18] [205/455] KCMR
[02:21:19] [206/455] SALH
[02:21:20] [207/455] CGTT
[02:21:20] 🔄 Identity reset
[02:21:20] 🔄 Identity rotated (every 10 requests)
[02:21:20] 🔄 Retry 1/5 for CGTT in 2.4s
[02:21:20] 🔄 Identity reset
[02:21:23] 🧠 New identity created
[02:21:23] [208/455] PMDR
[02:21:24] [209/455] VCPM
[02:21:25] [210/455] RZMX
[02:21:26] [211/455] TMSY
[02:21:27] [212/455] NTMS
[02:21:28] [213/455] VTAG
[02:21:29] [214/455] REMA
[02:21:30] [215/455] NXCC
[02:21:30] [216/455] SKYM
[02:21:31] 🔄 Identity reset
[02:21:31] 🔄 Identity rotated (every 10 requests)
[02:21:31] [217/455] CCMO
[02:21:33] [218/455] DMXM
[02:21:34] [219/455] SPPM
[02:21:35] [220/455] PTKL
[02:21:35] [221/455] SLVO
[02:21:37] [222/455] VASL
[02:21:37] [223/455] CBCM
[02:21:38] [224/455] STMA
[02:21:39] [225/455] LASK
[02:21:40] [226/455] VITE
[02:21:41] 🔄 Identity reset
[02:21:41] 🔄 Identity rotated (every 10 requests)
[02:21:41] [227/455] AAST
[02:21:43] [228/455] JTPT
[02:21:44] [229/455] RRSH
[02:21:45] [230/455] CINL
[02:21:46] [231/455] MCSR
[02:21:47] [232/455] SBCF
[02:21:48] [233/455] GCDU
[02:21:48] [234/455] PSPR
[02:21:50] [235/455] IMMO
[02:21:51] [236/455] CLGM
[02:21:52] 🔄 Identity reset
[02:21:52] 🔄 Identity rotated (every 10 requests)
[02:21:52] [237/455] PBMM
[02:21:54] [238/455] CEHR
[02:21:55] [239/455] CPOE
[02:21:56] [240/455] PGFD
[02:21:57] [241/455] PSLC
[02:21:57] [242/455] MSMD
[02:21:59] [243/455] FMFB
[02:22:00] [244/455] RKCL
[02:22:01] [245/455] PMMC
[02:22:02] [246/455] SKMM
[02:22:03] 🔄 Identity reset
[02:22:03] 🔄 Identity rotated (every 10 requests)
[02:22:03] 🔄 Retry 1/5 for SKMM in 2.9s
[02:22:03] 🔄 Identity reset
[02:22:06] 🧠 New identity created
[02:22:06] 🔄 Retry 2/5 for SKMM in 4.4s
[02:22:06] 🔄 Identity reset
[02:22:10] 🧠 New identity created
[02:22:11] [247/455] VOIB
[02:22:12] [248/455] KINO
[02:22:13] [249/455] VCTP
[02:22:14] [250/455] PDWR
[02:22:16] [251/455] SAED
[02:22:16] [252/455] SRRT
[02:22:17] [253/455] CVLG
[02:22:18] [254/455] SNGN
[02:22:19] 🔄 Identity reset
[02:22:19] 🔄 Identity rotated (every 10 requests)
[02:22:19] [255/455] SIDA
[02:22:20] [256/455] IMCB
[02:22:21] [257/455] SMHP
[02:22:22] [258/455] GDTY
[02:22:22] [259/455] VYCH
[02:22:23] [260/455] PDYA
[02:22:24] [261/455] RKDO
[02:22:25] [262/455] VECG
[02:22:26] [263/455] NFGD
[02:22:27] [264/455] SNDC
[02:22:28] 🔄 Identity reset
[02:22:28] 🔄 Identity rotated (every 10 requests)
[02:22:28] 🔄 Retry 1/5 for SNDC in 2.2s
[02:22:28] 🔄 Identity reset
[02:22:30] 🧠 New identity created
[02:22:30] [265/455] SDJH
[02:22:31] [266/455] HASV
[02:22:32] [267/455] PTYK
[02:22:33] [268/455] MUTB
[02:22:34] [269/455] AMRT
[02:22:35] [270/455] VACD
[02:22:36] [271/455] SKDD
[02:22:37] [272/455] STGR
[02:22:38] [273/455] GDAK
[02:22:38] 🔄 Identity reset
[02:22:38] 🔄 Identity rotated (every 10 requests)
[02:22:38] [274/455] SKHK
[02:22:39] [275/455] SLND
[02:22:40] [276/455] APAP
[02:22:41] [277/455] AYYA
[02:22:42] [278/455] VCCZ
[02:22:43] [279/455] MEML
[02:22:44] [280/455] MAOU
[02:22:45] [281/455] ESND
[02:22:46] [282/455] PTBZ
[02:22:47] [283/455] LBCN
[02:22:47] 🔄 Identity reset
[02:22:47] 🔄 Identity rotated (every 10 requests)
[02:22:47] [284/455] PAWA
[02:22:48] [285/455] ZEIC
[02:22:49] [286/455] CGMM
[02:22:50] [287/455] PJPM
[02:22:51] [288/455] ECMR
[02:22:52] [289/455] SHMZ
[02:22:53] [290/455] STCA
[02:22:54] [291/455] VDRC
[02:22:55] [292/455] SEEM
[02:22:56] [293/455] MKNS
[02:22:56] 🔄 Identity reset
[02:22:56] 🔄 Identity rotated (every 10 requests)
[02:22:57] [294/455] KPPP
[02:22:58] [295/455] CCML
[02:22:58] [296/455] CIBA
[02:22:59] [297/455] NACS
[02:23:00] [298/455] CTMK
[02:23:01] [299/455] CTCT
[02:23:02] [300/455] MCSN
[02:23:03] [301/455] MAXX
[02:23:04] [302/455] MECB
[02:23:05] [303/455] NTBY
[02:23:05] 🔄 Identity reset
[02:23:05] 🔄 Identity rotated (every 10 requests)
[02:23:06] [304/455] UTBI
[02:23:07] [305/455] RADK
[02:23:09] [306/455] STBY
[02:23:10] [307/455] GTBY
[02:23:11] [308/455] RRMB
[02:23:12] [309/455] ABRN
[02:23:14] [310/455] GTSG
[02:23:15] [311/455] GBTG
[02:23:16] [312/455] SBGS
[02:23:17] [313/455] KBPM
[02:23:18] 🔄 Identity reset
[02:23:18] 🔄 Identity rotated (every 10 requests)
[02:23:18] [314/455] SMHT
[02:23:19] [315/455] VTDM
[02:23:20] [316/455] ASCT
[02:23:22] [317/455] AWCT
[02:23:23] [318/455] DCCU
[02:23:24] [319/455] PSCE
[02:23:25] [320/455] KSNY
[02:23:26] [321/455] ACID
[02:23:28] [322/455] LVCD
[02:23:28] [323/455] KSSB
[02:23:29] 🔄 Identity reset
[02:23:29] 🔄 Identity rotated (every 10 requests)
[02:23:30] [324/455] SWTD
[02:23:31] [325/455] RBMR
[02:23:32] [326/455] SCBC
[02:23:33] [327/455] RKME
[02:23:33] [328/455] GALX
[02:23:34] [329/455] GCCH
[02:23:35] [330/455] RATR
[02:23:37] [331/455] GTGA
[02:23:38] [332/455] LTTR
[02:23:39] [333/455] TTAA
[02:23:40] 🔄 Identity reset
[02:23:40] 🔄 Identity rotated (every 10 requests)
[02:23:40] 🔄 Retry 1/5 for TTAA in 2.2s
[02:23:40] 🔄 Identity reset
[02:23:42] 🧠 New identity created
[02:23:43] [334/455] TVHP
[02:23:44] [335/455] KVCS
[02:23:44] [336/455] CBMC
[02:23:45] [337/455] MAYJ
[02:23:46] [338/455] INPR
[02:23:48] [339/455] RSSC
[02:23:50] [340/455] PCAN
[02:23:51] [341/455] PVHR
[02:23:51] [342/455] AGSM
[02:23:52] 🔄 Identity reset
[02:23:52] 🔄 Identity rotated (every 10 requests)
[02:23:53] [343/455] PVES
[02:23:53] [344/455] INTO
[02:23:54] [345/455] ACON
[02:23:55] [346/455] PVPZ
[02:23:56] [347/455] PVHC
[02:23:57] [348/455] KSTK
[02:23:58] [349/455] PVSR
[02:23:59] [350/455] ACTN
[02:24:01] [351/455] FMCN
[02:24:02] [352/455] PABC
[02:24:03] 🔄 Identity reset
[02:24:03] 🔄 Identity rotated (every 10 requests)
[02:24:03] [353/455] SUTC
[02:24:04] [354/455] PGMV
[02:24:05] [355/455] GKCP
[02:24:06] [356/455] INCH
[02:24:08] [357/455] MLMT
[02:24:09] [358/455] SSCC
[02:24:10] [359/455] SLMP
[02:24:10] [360/455] VVTN
[02:24:11] [361/455] SBTR
[02:24:12] [362/455] PGRA
[02:24:13] 🔄 Identity reset
[02:24:13] 🔄 Identity rotated (every 10 requests)
[02:24:13] [363/455] PBRM
[02:24:14] [364/455] GCRP
[02:24:15] [365/455] MCSK
[02:24:16] [366/455] NLTC
[02:24:17] [367/455] MTLM
[02:24:18] [368/455] VECT
[02:24:18] [369/455] KMRM
[02:24:19] [370/455] RACM
[02:24:20] [371/455] WSTC
[02:24:21] [372/455] PVTJ
[02:24:22] 🔄 Identity reset
[02:24:22] 🔄 Identity rotated (every 10 requests)
[02:24:22] [373/455] MMKC
[02:24:23] [374/455] SVWT
[02:24:23] [375/455] JOTG
[02:24:24] [376/455] VCDK
[02:24:25] [377/455] ANAC
[02:24:26] [378/455] GRTC
[02:24:27] [379/455] JTPL
[02:24:28] [380/455] VRCP
[02:24:29] [381/455] REMC
[02:24:30] [382/455] ATMG
[02:24:31] 🔄 Identity reset
[02:24:31] 🔄 Identity rotated (every 10 requests)
[02:24:31] [383/455] GAHC
[02:24:32] [384/455] JTMV
[02:24:33] [385/455] OMTT
[02:24:34] [386/455] GKKC
[02:24:35] [387/455] BBPO
[02:24:36] [388/455] ZCBB
[02:24:37] [389/455] DCGO
[02:24:38] [390/455] STOP
[02:24:39] [391/455] BSPC
[02:24:39] [392/455] SOND
[02:24:40] 🔄 Identity reset
[02:24:40] 🔄 Identity rotated (every 10 requests)
[02:24:40] [393/455] GCKG
[02:24:41] [394/455] PCDB
[02:24:42] [395/455] PGRC
[02:24:43] [396/455] CSCT
[02:24:44] [397/455] STDA
[02:24:45] [398/455] JAYD
[02:24:46] [399/455] PPPD
[02:24:47] [400/455] KRTT
[02:24:48] [401/455] PTDT
[02:24:49] [402/455] TRSV
[02:24:50] 🔄 Identity reset
[02:24:50] 🔄 Identity rotated (every 10 requests)
[02:24:50] [403/455] VELR
[02:24:51] [404/455] STDT
[02:24:52] [405/455] SATT
[02:24:53] [406/455] KCPM
[02:24:55] [407/455] MFCP
[02:24:55] [408/455] AXMP
[02:24:56] [409/455] LTVB
[02:24:57] [410/455] APST
[02:24:58] [411/455] DTVP
[02:24:59] [412/455] AAVB
[02:25:00] 🔄 Identity reset
[02:25:00] 🔄 Identity rotated (every 10 requests)
[02:25:00] [413/455] PMBL
[02:25:01] [414/455] STKC
[02:25:02] [415/455] KKMA
[02:25:03] [416/455] NMXS
[02:25:04] [417/455] DECX
[02:25:05] [418/455] MAPJ
[02:25:06] [419/455] SMLK
[02:25:07] [420/455] PMPU
[02:25:07] [421/455] AFST
[02:25:08] [422/455] SRSY
[02:25:09] 🔄 Identity reset
[02:25:09] 🔄 Identity rotated (every 10 requests)
[02:25:09] [423/455] RMKT
[02:25:10] [424/455] RAJX
[02:25:11] [425/455] UVCD
[02:25:12] [426/455] LISA
[02:25:13] [427/455] LMSR
[02:25:15] [428/455] PMCA
[02:25:16] [429/455] INPO
[02:25:17] [430/455] INGO
[02:25:18] [431/455] HFSQ
[02:25:19] [432/455] INMG
[02:25:19] 🔄 Identity reset
[02:25:19] 🔄 Identity rotated (every 10 requests)
[02:25:19] [433/455] NYCP
[02:25:20] [434/455] HFSV
[02:25:21] [435/455] MMZP
[02:25:22] [436/455] KSES
[02:25:24] [437/455] HFSA
[02:25:25] [438/455] ACMM
[02:25:26] [439/455] RCKD
[02:25:26] [440/455] BCKR
[02:25:27] [441/455] SFCO
[02:25:28] [442/455] JCCB
[02:25:29] 🔄 Identity reset
[02:25:29] 🔄 Identity rotated (every 10 requests)
[02:25:29] [443/455] BCCR
[02:25:31] [444/455] NWCB
[02:25:32] [445/455] SAMT
[02:25:32] [446/455] TMST
[02:25:33] [447/455] SJCN
[02:25:34] [448/455] MCBS
[02:25:36] [449/455] CMKR
[02:25:37] [450/455] INPM
[02:25:38] [451/455] WVMT
[02:25:39] [452/455] NYSM
[02:25:40] 🔄 Identity reset
[02:25:40] 🔄 Identity rotated (every 10 requests)
[02:25:40] [453/455] RCMA
[02:25:41] [454/455] RECM
[02:25:42] [455/455] CYCM
[02:25:43] ✅ DONE | Shows=1 | Movies=1
[03:17:19] 🚀 BMS DAILY TRACKER STARTED (enhanced anti‑detection)
[03:17:19] [1/455] MXGN
[03:17:20] 🧠 New identity created
[03:17:20] [2/455] PGGM
[03:17:23] [3/455] IPMJ
[03:17:24] [4/455] M2PP
[03:17:25] [5/455] PMMS
[03:17:26] [6/455] SCJN
[03:17:27] [7/455] CPUM
[03:17:28] [8/455] SCND
[03:17:29] [9/455] INWM
[03:17:30] [10/455] DVDC
[03:17:31] 🔄 Identity reset
[03:17:31] 🔄 Identity rotated (every 10 requests)
[03:17:31] [11/455] WVND
[03:17:32] [12/455] LBDL
[03:17:33] [13/455] CRGM
[03:17:35] [14/455] PVKS
[03:17:35] [15/455] PBLL
[03:17:36] [16/455] FNLN
[03:17:38] [17/455] PPDA
[03:17:39] [18/455] SCPT
[03:17:40] [19/455] IAJS
[03:17:41] [20/455] MMZG
[03:17:41] 🔄 Identity reset
[03:17:41] 🔄 Identity rotated (every 10 requests)
[03:17:42] [21/455] MCTI
[03:17:43] [22/455] PPMF
[03:17:44] [23/455] FNSD
[03:17:45] [24/455] M2RH
[03:17:46] [25/455] CPGV
[03:17:47] [26/455] PECD
[03:17:48] [27/455] CTEE
[03:17:49] [28/455] IOMG
[03:17:50] [29/455] CIJA
[03:17:51] [30/455] NYCG
[03:17:51] 🔄 Identity reset
[03:17:51] 🔄 Identity rotated (every 10 requests)
[03:17:52] [31/455] CEST
[03:17:53] [32/455] WVRG
[03:17:54] [33/455] DPDC
[03:17:54] [34/455] PDIV
[03:17:55] [35/455] MTPP
[03:17:57] [36/455] MHNU
[03:17:58] [37/455] WUPG
[03:17:59] [38/455] USCO
[03:18:00] [39/455] INFR
[03:18:00] [40/455] PVPD
[03:18:01] 🔄 Identity reset
[03:18:01] 🔄 Identity rotated (every 10 requests)
[03:18:01] [41/455] RONC
[03:18:03] [42/455] IOCP
[03:18:04] [43/455] EMPS
[03:18:05] [44/455] PNAD
[03:18:06] [45/455] VVGZ
[03:18:08] [46/455] MDDC
[03:18:09] [47/455] MMAP
[03:18:10] [48/455] GPDC
[03:18:10] [49/455] PVPU
[03:18:11] [50/455] DCMV
[03:18:12] 🔄 Identity reset
[03:18:12] 🔄 Identity rotated (every 10 requests)
[03:18:13] [51/455] PCCF
[03:18:14] [52/455] MCEF
[03:18:15] [53/455] INRD
[03:18:16] [54/455] CCPZ
[03:18:17] [55/455] BCWG
[03:18:18] [56/455] PMGU
[03:18:19] [57/455] MCVM
[03:18:20] [58/455] MCDE
[03:18:21] [59/455] IEFM
[03:18:22] [60/455] MXCS
[03:18:22] 🔄 Identity reset
[03:18:22] 🔄 Identity rotated (every 10 requests)
[03:18:23] [61/455] RNMT
[03:18:24] [62/455] PSDD
[03:18:25] [63/455] PETA
[03:18:26] [64/455] IZOP
[03:18:26] [65/455] PDEI
[03:18:27] [66/455] MTND
[03:18:28] [67/455] PCPL
[03:18:29] [68/455] LSCM
[03:18:30] [69/455] BTFD
[03:18:31] [70/455] MERM
[03:18:32] 🔄 Identity reset
[03:18:32] 🔄 Identity rotated (every 10 requests)
[03:18:32] [71/455] PVMS
[03:18:33] [72/455] CIGK
[03:18:34] [73/455] INSG
[03:18:35] [74/455] IDEN
[03:18:36] [75/455] MCGN
[03:18:37] [76/455] IGAM
[03:18:37] [77/455] SLCU
[03:18:38] [78/455] MIMU
[03:18:39] [79/455] QLAC
[03:18:40] [80/455] MENL
[03:18:41] 🔄 Identity reset
[03:18:41] 🔄 Identity rotated (every 10 requests)
[03:18:41] [81/455] SCUR
[03:18:42] [82/455] MDGD
[03:18:43] [83/455] LSRS
[03:18:44] [84/455] KMLG
[03:18:45] [85/455] MKLJ
[03:18:46] [86/455] IBYG
[03:18:47] [87/455] ISML
[03:18:49] [88/455] MJMM
[03:18:50] [89/455] RCGD
[03:18:51] [90/455] MMOC
[03:18:52] 🔄 Identity reset
[03:18:52] 🔄 Identity rotated (every 10 requests)
[03:18:52] [91/455] RRCO
[03:18:53] [92/455] MEDM
[03:18:54] [93/455] MCAZ
[03:18:55] [94/455] STWA
[03:18:56] [95/455] PFFG
[03:18:57] [96/455] GAGC
[03:18:58] [97/455] PMPM
[03:18:59] [98/455] HVCD
[03:19:00] [99/455] AKRF
[03:19:01] [100/455] AKRC
[03:19:02] 🔄 Identity reset
[03:19:02] 🔄 Identity rotated (every 10 requests)
[03:19:02] [101/455] MIDA
[03:19:03] [102/455] MAGX
[03:19:04] [103/455] ESOS
[03:19:05] [104/455] BBCL
[03:19:06] [105/455] LYAS
[03:19:07] [106/455] NRMS
[03:19:08] [107/455] BHUC
[03:19:09] [108/455] SRIC
[03:19:10] [109/455] PDME
[03:19:11] [110/455] MJCS
[03:19:11] 🔄 Identity reset
[03:19:11] 🔄 Identity rotated (every 10 requests)
[03:19:12] [111/455] NRAA
[03:19:13] [112/455] VATA
[03:19:14] [113/455] MNKC
[03:19:15] [114/455] DHCL
[03:19:16] [115/455] JCPC
[03:19:17] [116/455] CTML
[03:19:18] [117/455] RMMR
[03:19:18] [118/455] STTL
[03:19:19] [119/455] CNPS
[03:19:20] [120/455] ACKL
[03:19:21] 🔄 Identity reset
[03:19:21] 🔄 Identity rotated (every 10 requests)
[03:19:21] [121/455] SCAU
[03:19:22] [122/455] RMIA
[03:19:23] [123/455] MANU
[03:19:23] [124/455] ARDC
[03:19:24] [125/455] GLDA
[03:19:26] [126/455] KVSW
[03:19:27] [127/455] CGCA
[03:19:28] [128/455] CMLO
[03:19:29] [129/455] CECB
[03:19:30] [130/455] RCPN
[03:19:31] 🔄 Identity reset
[03:19:31] 🔄 Identity rotated (every 10 requests)
[03:19:31] [131/455] ASMW
[03:19:32] [132/455] PWLM
[03:19:33] [133/455] ASGM
[03:19:34] [134/455] ACWH
[03:19:35] [135/455] AAPW
[03:19:36] [136/455] RTWA
[03:19:37] [137/455] RAMW
[03:19:37] [138/455] VKTR
[03:19:38] [139/455] SMBH
[03:19:39] [140/455] BVDR
[03:19:40] 🔄 Identity reset
[03:19:40] 🔄 Identity rotated (every 10 requests)
[03:19:41] [141/455] MRTP
[03:19:42] [142/455] BLBR
[03:19:43] [143/455] LPIN
[03:19:44] [144/455] SNPC
[03:19:45] [145/455] PDCB
[03:19:47] [146/455] DYPK
[03:19:48] [147/455] INMK
[03:19:49] [148/455] PDCK
[03:19:49] [149/455] PCKR
[03:19:50] [150/455] SHUA
[03:19:51] 🔄 Identity reset
[03:19:51] 🔄 Identity rotated (every 10 requests)
[03:19:51] [151/455] SCVK
[03:19:52] [152/455] STPA
[03:19:53] [153/455] WVHD
[03:19:54] [154/455] MRCH
[03:19:55] [155/455] MCNP
[03:19:56] [156/455] RCAG
[03:19:57] [157/455] JTSN
[03:19:58] [158/455] AANS
[03:19:59] [159/455] GDDR
[03:20:00] [160/455] SRER
[03:20:00] 🔄 Identity reset
[03:20:00] 🔄 Identity rotated (every 10 requests)
[03:20:01] [161/455] JKMA
[03:20:02] [162/455] ARAN
[03:20:03] [163/455] ALCT
[03:20:04] [164/455] CCTA
[03:20:04] [165/455] CNCT
[03:20:05] [166/455] NZBL
[03:20:06] [167/455] SRRA
[03:20:07] [168/455] SVPW
[03:20:08] [169/455] SRTW
[03:20:09] [170/455] XMTD
[03:20:10] 🔄 Identity reset
[03:20:10] 🔄 Identity rotated (every 10 requests)
[03:20:10] [171/455] SCCZ
[03:20:11] [172/455] PBCR
[03:20:12] [173/455] RTSC
[03:20:13] [174/455] TLSV
[03:20:14] [175/455] RMTK
[03:20:15] [176/455] SRAT
[03:20:15] [177/455] GCYC
[03:20:16] [178/455] HCAJ
[03:20:17] [179/455] LCXA
[03:20:18] [180/455] BINT
[03:20:18] 🔄 Identity reset
[03:20:18] 🔄 Identity rotated (every 10 requests)
[03:20:19] 🔄 Retry 1/5 for BINT in 2.8s
[03:20:19] 🔄 Identity reset
[03:20:21] 🧠 New identity created
[03:20:22] [181/455] IXIM
[03:20:23] [182/455] MBCR
[03:20:25] [183/455] BMCJ
[03:20:26] [184/455] NICJ
[03:20:26] [185/455] SCAJ
[03:20:27] [186/455] CMXS
[03:20:28] [187/455] MMSR
[03:20:29] [188/455] PRKT
[03:20:30] [189/455] LPTH
[03:20:31] 🔄 Identity reset
[03:20:31] 🔄 Identity rotated (every 10 requests)
[03:20:32] [190/455] SARP
[03:20:33] [191/455] MNPP
[03:20:33] [192/455] PRLR
[03:20:34] [193/455] RCMW
[03:20:35] [194/455] FCMG
[03:20:36] [195/455] RTNK
[03:20:38] [196/455] LRCP
[03:20:39] [197/455] DBJR
[03:20:40] [198/455] CACN
[03:20:41] [199/455] AMRL
[03:20:41] 🔄 Identity reset
[03:20:41] 🔄 Identity rotated (every 10 requests)
[03:20:42] [200/455] SBBC
[03:20:43] [201/455] VENN
[03:20:44] [202/455] STSS
[03:20:45] [203/455] SMRB
[03:20:46] [204/455] CCMX
[03:20:47] [205/455] KCMR
[03:20:48] [206/455] SALH
[03:20:49] [207/455] CGTT
[03:20:50] [208/455] PMDR
[03:20:51] [209/455] VCPM
[03:20:51] 🔄 Identity reset
[03:20:51] 🔄 Identity rotated (every 10 requests)
[03:20:52] [210/455] RZMX
[03:20:53] [211/455] TMSY
[03:20:53] [212/455] NTMS
[03:20:54] [213/455] VTAG
[03:20:56] [214/455] REMA
[03:20:57] [215/455] NXCC
[03:20:58] [216/455] SKYM
[03:20:58] [217/455] CCMO
[03:20:59] [218/455] DMXM
[03:21:01] [219/455] SPPM
[03:21:01] 🔄 Identity reset
[03:21:01] 🔄 Identity rotated (every 10 requests)
[03:21:02] [220/455] PTKL
[03:21:02] [221/455] SLVO
[03:21:04] [222/455] VASL
[03:21:05] [223/455] CBCM
[03:21:07] [224/455] STMA
[03:21:07] [225/455] LASK
[03:21:09] [226/455] VITE
[03:21:10] [227/455] AAST
[03:21:11] [228/455] JTPT
[03:21:11] [229/455] RRSH
[03:21:12] 🔄 Identity reset
[03:21:12] 🔄 Identity rotated (every 10 requests)
[03:21:13] [230/455] CINL
[03:21:14] [231/455] MCSR
[03:21:15] [232/455] SBCF
[03:21:16] [233/455] GCDU
[03:21:17] [234/455] PSPR
[03:21:18] [235/455] IMMO
[03:21:19] [236/455] CLGM
[03:21:20] [237/455] PBMM
[03:21:21] [238/455] CEHR
[03:21:22] [239/455] CPOE
[03:21:23] 🔄 Identity reset
[03:21:23] 🔄 Identity rotated (every 10 requests)
[03:21:23] [240/455] PGFD
[03:21:24] [241/455] PSLC
[03:21:26] [242/455] MSMD
[03:21:27] [243/455] FMFB
[03:21:28] [244/455] RKCL
[03:21:29] [245/455] PMMC
[03:21:30] [246/455] SKMM
[03:21:31] [247/455] VOIB
[03:21:31] [248/455] KINO
[03:21:32] [249/455] VCTP
[03:21:33] 🔄 Identity reset
[03:21:33] 🔄 Identity rotated (every 10 requests)
[03:21:33] [250/455] PDWR
[03:21:34] [251/455] SAED
[03:21:35] [252/455] SRRT
[03:21:36] [253/455] CVLG
[03:21:37] [254/455] SNGN
[03:21:38] [255/455] SIDA
[03:21:39] [256/455] IMCB
[03:21:40] [257/455] SMHP
[03:21:42] [258/455] GDTY
[03:21:43] [259/455] VYCH
[03:21:43] 🔄 Identity reset
[03:21:43] 🔄 Identity rotated (every 10 requests)
[03:21:45] [260/455] PDYA
[03:21:45] [261/455] RKDO
[03:21:47] [262/455] VECG
[03:21:49] [263/455] NFGD
[03:21:49] [264/455] SNDC
[03:21:50] [265/455] SDJH
[03:21:51] [266/455] HASV
[03:21:52] [267/455] PTYK
[03:21:53] [268/455] MUTB
[03:21:54] [269/455] AMRT
[03:21:54] 🔄 Identity reset
[03:21:54] 🔄 Identity rotated (every 10 requests)
[03:21:55] [270/455] VACD
[03:21:56] [271/455] SKDD
[03:21:57] [272/455] STGR
[03:21:59] [273/455] GDAK
[03:21:59] [274/455] SKHK
[03:22:00] [275/455] SLND
[03:22:01] [276/455] APAP
[03:22:02] [277/455] AYYA
[03:22:03] [278/455] VCCZ
[03:22:04] [279/455] MEML
[03:22:04] 🔄 Identity reset
[03:22:05] 🔄 Identity rotated (every 10 requests)
[03:22:05] [280/455] MAOU
[03:22:06] [281/455] ESND
[03:22:07] [282/455] PTBZ
[03:22:08] [283/455] LBCN
[03:22:09] [284/455] PAWA
[03:22:10] [285/455] ZEIC
[03:22:11] [286/455] CGMM
[03:22:12] [287/455] PJPM
[03:22:12] [288/455] ECMR
[03:22:13] [289/455] SHMZ
[03:22:14] 🔄 Identity reset
[03:22:14] 🔄 Identity rotated (every 10 requests)
[03:22:14] [290/455] STCA
[03:22:15] [291/455] VDRC
[03:22:16] [292/455] SEEM
[03:22:17] [293/455] MKNS
[03:22:18] [294/455] KPPP
[03:22:19] [295/455] CCML
[03:22:20] [296/455] CIBA
[03:22:21] [297/455] NACS
[03:22:22] [298/455] CTMK
[03:22:23] [299/455] CTCT
[03:22:23] 🔄 Identity reset
[03:22:23] 🔄 Identity rotated (every 10 requests)
[03:22:24] [300/455] MCSN
[03:22:25] [301/455] MAXX
[03:22:25] [302/455] MECB
[03:22:26] [303/455] NTBY
[03:22:27] [304/455] UTBI
[03:22:28] [305/455] RADK
[03:22:29] [306/455] STBY
[03:22:30] [307/455] GTBY
[03:22:31] [308/455] RRMB
[03:22:32] [309/455] ABRN
[03:22:32] 🔄 Identity reset
[03:22:32] 🔄 Identity rotated (every 10 requests)
[03:22:33] [310/455] GTSG
[03:22:33] [311/455] GBTG
[03:22:35] [312/455] SBGS
[03:22:36] [313/455] KBPM
[03:22:37] [314/455] SMHT
[03:22:38] [315/455] VTDM
[03:22:40] [316/455] ASCT
[03:22:41] [317/455] AWCT
[03:22:42] [318/455] DCCU
[03:22:43] [319/455] PSCE
[03:22:43] 🔄 Identity reset
[03:22:43] 🔄 Identity rotated (every 10 requests)
[03:22:43] [320/455] KSNY
[03:22:44] [321/455] ACID
[03:22:45] [322/455] LVCD
[03:22:46] [323/455] KSSB
[03:22:47] [324/455] SWTD
[03:22:48] [325/455] RBMR
[03:22:49] [326/455] SCBC
[03:22:50] [327/455] RKME
[03:22:51] [328/455] GALX
[03:22:52] [329/455] GCCH
[03:22:52] 🔄 Identity reset
[03:22:52] 🔄 Identity rotated (every 10 requests)
[03:22:53] [330/455] RATR
[03:22:53] [331/455] GTGA
[03:22:54] [332/455] LTTR
[03:22:55] [333/455] TTAA
[03:22:56] [334/455] TVHP
[03:22:57] [335/455] KVCS
[03:22:58] [336/455] CBMC
[03:22:59] [337/455] MAYJ
[03:23:00] [338/455] INPR
[03:23:01] [339/455] RSSC
[03:23:02] 🔄 Identity reset
[03:23:02] 🔄 Identity rotated (every 10 requests)
[03:23:02] [340/455] PCAN
[03:23:03] [341/455] PVHR
[03:23:04] [342/455] AGSM
[03:23:05] [343/455] PVES
[03:23:06] [344/455] INTO
[03:23:08] [345/455] ACON
[03:23:08] [346/455] PVPZ
[03:23:09] [347/455] PVHC
[03:23:10] [348/455] KSTK
[03:23:11] [349/455] PVSR
[03:23:12] 🔄 Identity reset
[03:23:12] 🔄 Identity rotated (every 10 requests)
[03:23:12] [350/455] ACTN
[03:23:13] [351/455] FMCN
[03:23:14] [352/455] PABC
[03:23:15] [353/455] SUTC
[03:23:17] [354/455] PGMV
[03:23:17] [355/455] GKCP
[03:23:19] [356/455] INCH
[03:23:19] [357/455] MLMT
[03:23:20] [358/455] SSCC
[03:23:21] [359/455] SLMP
[03:23:21] 🔄 Identity reset
[03:23:21] 🔄 Identity rotated (every 10 requests)
[03:23:23] [360/455] VVTN
[03:23:24] [361/455] SBTR
[03:23:24] [362/455] PGRA
[03:23:25] [363/455] PBRM
[03:23:26] [364/455] GCRP
[03:23:27] [365/455] MCSK
[03:23:28] [366/455] NLTC
[03:23:29] [367/455] MTLM
[03:23:30] [368/455] VECT
[03:23:31] [369/455] KMRM
[03:23:32] 🔄 Identity reset
[03:23:32] 🔄 Identity rotated (every 10 requests)
[03:23:32] [370/455] RACM
[03:23:33] [371/455] WSTC
[03:23:34] [372/455] PVTJ
[03:23:35] [373/455] MMKC
[03:23:36] [374/455] SVWT
[03:23:37] [375/455] JOTG
[03:23:38] [376/455] VCDK
[03:23:39] [377/455] ANAC
[03:23:40] [378/455] GRTC
[03:23:41] [379/455] JTPL
[03:23:41] 🔄 Identity reset
[03:23:41] 🔄 Identity rotated (every 10 requests)
[03:23:42] [380/455] VRCP
[03:23:43] [381/455] REMC
[03:23:44] [382/455] ATMG
[03:23:45] [383/455] GAHC
[03:23:45] [384/455] JTMV
[03:23:46] [385/455] OMTT
[03:23:47] [386/455] GKKC
[03:23:48] [387/455] BBPO
[03:23:49] [388/455] ZCBB
[03:23:50] [389/455] DCGO
[03:23:51] 🔄 Identity reset
[03:23:51] 🔄 Identity rotated (every 10 requests)
[03:23:52] [390/455] STOP
[03:23:53] [391/455] BSPC
[03:23:54] [392/455] SOND
[03:23:55] [393/455] GCKG
[03:23:56] [394/455] PCDB
[03:23:56] [395/455] PGRC
[03:23:57] [396/455] CSCT
[03:23:58] [397/455] STDA
[03:23:59] [398/455] JAYD
[03:24:00] [399/455] PPPD
[03:24:01] 🔄 Identity reset
[03:24:01] 🔄 Identity rotated (every 10 requests)
[03:24:01] [400/455] KRTT
[03:24:02] [401/455] PTDT
[03:24:03] [402/455] TRSV
[03:24:04] [403/455] VELR
[03:24:05] [404/455] STDT
[03:24:06] [405/455] SATT
[03:24:07] [406/455] KCPM
[03:24:08] [407/455] MFCP
[03:24:09] [408/455] AXMP
[03:24:10] [409/455] LTVB
[03:24:10] 🔄 Identity reset
[03:24:10] 🔄 Identity rotated (every 10 requests)
[03:24:11] [410/455] APST
[03:24:12] [411/455] DTVP
[03:24:13] [412/455] AAVB
[03:24:14] [413/455] PMBL
[03:24:15] [414/455] STKC
[03:24:15] [415/455] KKMA
[03:24:16] [416/455] NMXS
[03:24:17] [417/455] DECX
[03:24:19] [418/455] MAPJ
[03:24:20] [419/455] SMLK
[03:24:20] 🔄 Identity reset
[03:24:20] 🔄 Identity rotated (every 10 requests)
[03:24:21] [420/455] PMPU
[03:24:22] [421/455] AFST
[03:24:23] [422/455] SRSY
[03:24:24] [423/455] RMKT
[03:24:24] [424/455] RAJX
[03:24:25] [425/455] UVCD
[03:24:26] [426/455] LISA
[03:24:27] [427/455] LMSR
[03:24:28] [428/455] PMCA
[03:24:29] [429/455] INPO
[03:24:30] 🔄 Identity reset
[03:24:30] 🔄 Identity rotated (every 10 requests)
[03:24:30] [430/455] INGO
[03:24:31] [431/455] HFSQ
[03:24:32] [432/455] INMG
[03:24:33] [433/455] NYCP
[03:24:33] [434/455] HFSV
[03:24:34] [435/455] MMZP
[03:24:35] [436/455] KSES
[03:24:37] [437/455] HFSA
[03:24:38] [438/455] ACMM
[03:24:39] [439/455] RCKD
[03:24:40] 🔄 Identity reset
[03:24:40] 🔄 Identity rotated (every 10 requests)
[03:24:40] [440/455] BCKR
[03:24:41] [441/455] SFCO
[03:24:42] [442/455] JCCB
[03:24:43] [443/455] BCCR
[03:24:43] [444/455] NWCB
[03:24:44] [445/455] SAMT
[03:24:45] [446/455] TMST
[03:24:46] [447/455] SJCN
[03:24:47] [448/455] MCBS
[03:24:48] [449/455] CMKR
[03:24:48] 🔄 Identity reset
[03:24:48] 🔄 Identity rotated (every 10 requests)
[03:24:49] [450/455] INPM
[03:24:50] [451/455] WVMT
[03:24:50] [452/455] NYSM
[03:24:51] [453/455] RCMA
[03:24:52] [454/455] RECM
[03:24:53] [455/455] CYCM
[03:24:54] ✅ DONE | Shows=4 | Movies=2
