[00:17:23] 🚀 BMS DAILY TRACKER STARTED (enhanced anti‑detection)
[00:17:23] [1/326] VCHA
[00:17:24] 🧠 New identity created
[00:17:24] [2/326] SCKO
[00:17:26] [3/326] VKTK
[00:17:26] [4/326] DXEC
[00:17:28] [5/326] CDCA
[00:17:29] [6/326] VBCZ
[00:17:30] [7/326] MSDR
[00:17:31] [8/326] ACPV
[00:17:31] [9/326] PVHB
[00:17:32] [10/326] RCNH
[00:17:33] 🔄 Identity reset
[00:17:33] 🔄 Identity rotated (every 10 requests)
[00:17:33] [11/326] IOMH
[00:17:34] [12/326] ILKS
[00:17:35] [13/326] AMSN
[00:17:36] [14/326] ANTP
[00:17:37] [15/326] SSEK
[00:17:38] [16/326] PICP
[00:17:39] [17/326] SICO
[00:17:40] [18/326] SISP
[00:17:41] [19/326] SCPI
[00:17:42] [20/326] CRPR
[00:17:43] 🔄 Identity reset
[00:17:43] 🔄 Identity rotated (every 10 requests)
[00:17:43] [21/326] DCTW
[00:17:44] [22/326] DCSP
[00:17:45] [23/326] KRPM
[00:17:46] [24/326] THKK
[00:17:47] [25/326] SNMY
[00:17:48] [26/326] AKCC
[00:17:49] [27/326] PCAT
[00:17:49] [28/326] RFGO
[00:17:50] [29/326] GGCS
[00:17:51] [30/326] ACKR
[00:17:52] 🔄 Identity reset
[00:17:52] 🔄 Identity rotated (every 10 requests)
[00:17:52] [31/326] STDO
[00:17:53] [32/326] ACKB
[00:17:54] [33/326] ALUC
[00:17:55] [34/326] MNSR
[00:17:56] [35/326] CSSL
[00:17:56] [36/326] BGGM
[00:17:57] [37/326] MANT
[00:17:59] [38/326] SOOY
[00:18:00] [39/326] VPPK
[00:18:01] [40/326] MYHJ
[00:18:01] 🔄 Identity reset
[00:18:01] 🔄 Identity rotated (every 10 requests)
[00:18:02] [41/326] KSCK
[00:18:03] [42/326] KATK
[00:18:03] [43/326] RTRT
[00:18:04] [44/326] SSTT
[00:18:05] [45/326] SSTV
[00:18:06] [46/326] LACM
[00:18:07] [47/326] SGMG
[00:18:08] [48/326] KACX
[00:18:09] [49/326] GVCP
[00:18:10] [50/326] CSNC
[00:18:10] 🔄 Identity reset
[00:18:10] 🔄 Identity rotated (every 10 requests)
[00:18:10] [51/326] SXCB
[00:18:11] [52/326] BAHS
[00:18:12] [53/326] PCBI
[00:18:13] [54/326] PSSM
[00:18:14] [55/326] RCOK
[00:18:15] [56/326] SCPF
[00:18:16] [57/326] SSAS
[00:18:16] [58/326] EVMM
[00:18:17] [59/326] SYCB
[00:18:18] [60/326] GCKI
[00:18:19] 🔄 Identity reset
[00:18:19] 🔄 Identity rotated (every 10 requests)
[00:18:19] [61/326] IAET
[00:18:20] [62/326] DDTD
[00:18:21] [63/326] GMDH
[00:18:22] [64/326] STLE
[00:18:22] [65/326] JTRA
[00:18:23] [66/326] RPPA
[00:18:24] [67/326] ARUT
[00:18:25] [68/326] JTVM
[00:18:26] [69/326] SWRH
[00:18:27] [70/326] DCPC
[00:18:28] 🔄 Identity reset
[00:18:28] 🔄 Identity rotated (every 10 requests)
[00:18:28] [71/326] RAPR
[00:18:30] [72/326] GCRT
[00:18:30] [73/326] ATUN
[00:18:31] [74/326] LTRM
[00:18:32] [75/326] TASR
[00:18:33] [76/326] RLLC
[00:18:34] [77/326] MABI
[00:18:35] [78/326] SVHB
[00:18:35] [79/326] NVTB
[00:18:36] [80/326] KCKG
[00:18:37] 🔄 Identity reset
[00:18:37] 🔄 Identity rotated (every 10 requests)
[00:18:37] [81/326] SSRN
[00:18:38] [82/326] VDDC
[00:18:39] [83/326] GKTK
[00:18:40] [84/326] YFSN
[00:18:41] [85/326] GCSG
[00:18:42] [86/326] ESSM
[00:18:44] [87/326] KRIH
[00:18:44] [88/326] GCDS
[00:18:45] [89/326] CCSH
[00:18:46] [90/326] ACSK
[00:18:47] 🔄 Identity reset
[00:18:47] 🔄 Identity rotated (every 10 requests)
[00:18:47] [91/326] APRK
[00:18:48] [92/326] ADKM
[00:18:49] [93/326] SRDM
[00:18:50] [94/326] SJMY
[00:18:51] [95/326] PGGC
[00:18:52] [96/326] INGM
[00:18:52] [97/326] LSCB
[00:18:53] [98/326] STAD
[00:18:54] [99/326] MCCR
[00:18:55] [100/326] ABCC
[00:18:56] 🔄 Identity reset
[00:18:56] 🔄 Identity rotated (every 10 requests)
[00:18:56] [101/326] RKCC
[00:18:58] [102/326] RTCR
[00:18:58] [103/326] GGBC
[00:18:59] [104/326] GCSD
[00:19:00] [105/326] LPTY
[00:19:01] [106/326] MCFD
[00:19:02] [107/326] HENN
[00:19:03] [108/326] SMKU
[00:19:04] [109/326] TNZC
[00:19:05] [110/326] DRCD
[00:19:06] 🔄 Identity reset
[00:19:06] 🔄 Identity rotated (every 10 requests)
[00:19:06] [111/326] DLCD
[00:19:07] [112/326] RCDA
[00:19:09] [113/326] COSM
[00:19:10] [114/326] MCMJ
[00:19:11] [115/326] CSTR
[00:19:12] [116/326] CVDK
[00:19:13] [117/326] INRR
[00:19:14] [118/326] RJRT
[00:19:15] [119/326] IRMR
[00:19:16] [120/326] SRCF
[00:19:16] 🔄 Identity reset
[00:19:16] 🔄 Identity rotated (every 10 requests)
[00:19:17] [121/326] GRCR
[00:19:17] [122/326] SURC
[00:19:18] [123/326] NMNH
[00:19:19] [124/326] SVBL
[00:19:20] [125/326] KACI
[00:19:21] [126/326] TDGO
[00:19:22] [127/326] KTBR
[00:19:23] [128/326] PMAD
[00:19:24] [129/326] CCPN
[00:19:25] [130/326] SBTK
[00:19:26] 🔄 Identity reset
[00:19:26] 🔄 Identity rotated (every 10 requests)
[00:19:26] [131/326] LMDK
[00:19:27] [132/326] PGDA
[00:19:28] [133/326] SRML
[00:19:29] [134/326] EVCK
[00:19:30] [135/326] RTTK
[00:19:31] [136/326] SRTU
[00:19:32] [137/326] VRSA
[00:19:33] [138/326] VARS
[00:19:34] [139/326] DSCZ
[00:19:35] [140/326] GAGA
[00:19:36] 🔄 Identity reset
[00:19:36] 🔄 Identity rotated (every 10 requests)
[00:19:36] [141/326] SARV
[00:19:37] [142/326] SEEG
[00:19:38] [143/326] GLCA
[00:19:39] [144/326] APAS
[00:19:40] [145/326] VCIA
[00:19:41] [146/326] SJTA
[00:19:42] [147/326] SABM
[00:19:42] [148/326] PPAG
[00:19:44] [149/326] RVCA
[00:19:45] [150/326] CCIA
[00:19:45] 🔄 Identity reset
[00:19:45] 🔄 Identity rotated (every 10 requests)
[00:19:46] [151/326] HTAG
[00:19:46] [152/326] SMBI
[00:19:47] [153/326] MCJR
[00:19:48] [154/326] CCJR
[00:19:49] [155/326] SINF
[00:19:50] [156/326] CPLX
[00:19:51] [157/326] KKTJ
[00:19:51] [158/326] GDBW
[00:19:52] [159/326] CSUB
[00:19:54] [160/326] DABA
[00:19:55] 🔄 Identity reset
[00:19:55] 🔄 Identity rotated (every 10 requests)
[00:19:55] [161/326] TITR
[00:19:56] [162/326] NYCR
[00:19:57] [163/326] RTRY
[00:19:58] [164/326] JTJL
[00:19:59] [165/326] SJCP
[00:20:00] [166/326] KCCA
[00:20:01] [167/326] MLPG
[00:20:02] [168/326] VRCK
[00:20:03] [169/326] SRIN
[00:20:03] [170/326] CXMK
[00:20:04] 🔄 Identity reset
[00:20:04] 🔄 Identity rotated (every 10 requests)
[00:20:04] [171/326] SKAD
[00:20:05] [172/326] AVTR
[00:20:06] [173/326] PTAJ
[00:20:07] [174/326] SCNK
[00:20:08] [175/326] STTI
[00:20:09] [176/326] KACR
[00:20:10] [177/326] SSDX
[00:20:12] [178/326] VRTJ
[00:20:13] [179/326] RAJD
[00:20:14] [180/326] SCIP
[00:20:14] 🔄 Identity reset
[00:20:14] 🔄 Identity rotated (every 10 requests)
[00:20:15] [181/326] RJSL
[00:20:16] [182/326] ARRS
[00:20:16] [183/326] ASMS
[00:20:17] [184/326] RDTS
[00:20:18] [185/326] DVMY
[00:20:19] [186/326] RASA
[00:20:20] [187/326] INOM
[00:20:21] [188/326] SPRS
[00:20:22] [189/326] SGCS
[00:20:23] [190/326] SALM
[00:20:23] 🔄 Identity reset
[00:20:23] 🔄 Identity rotated (every 10 requests)
[00:20:24] [191/326] PKHC
[00:20:24] [192/326] RCSV
[00:20:25] [193/326] CPKC
[00:20:26] [194/326] AACD
[00:20:28] [195/326] GGCV
[00:20:29] [196/326] SMKD
[00:20:30] [197/326] NBCH
[00:20:31] [198/326] AMCB
[00:20:32] [199/326] OPCN
[00:20:33] [200/326] DCIN
[00:20:34] 🔄 Identity reset
[00:20:34] 🔄 Identity rotated (every 10 requests)
[00:20:34] [201/326] INGW
[00:20:35] [202/326] PKKW
[00:20:36] [203/326] FNGW
[00:20:37] [204/326] GCGD
[00:20:38] [205/326] MSTW
[00:20:39] [206/326] KCCG
[00:20:40] [207/326] MRSS
[00:20:41] [208/326] CLCF
[00:20:42] [209/326] EETS
[00:20:42] [210/326] AATR
[00:20:43] 🔄 Identity reset
[00:20:43] 🔄 Identity rotated (every 10 requests)
[00:20:43] [211/326] CMMN
[00:20:44] [212/326] SCCJ
[00:20:45] [213/326] CDTK
[00:20:46] [214/326] AICP
[00:20:47] [215/326] FNBP
[00:20:48] [216/326] CBPB
[00:20:49] [217/326] CPAS
[00:20:49] [218/326] MAPM
[00:20:50] [219/326] PASD
[00:20:51] [220/326] JCMN
[00:20:52] 🔄 Identity reset
[00:20:52] 🔄 Identity rotated (every 10 requests)
[00:20:52] [221/326] MALB
[00:20:53] [222/326] SACG
[00:20:54] [223/326] DDRX
[00:20:55] [224/326] DDXB
[00:20:56] [225/326] RAMC
[00:20:57] [226/326] SANC
[00:20:59] [227/326] BCBP
[00:20:59] [228/326] ALPC
[00:21:00] [229/326] RBAC
[00:21:01] [230/326] RAJL
[00:21:02] 🔄 Identity reset
[00:21:02] 🔄 Identity rotated (every 10 requests)
[00:21:02] [231/326] MPDX
[00:21:03] [232/326] MUSC
[00:21:04] [233/326] VKMK
[00:21:05] [234/326] SKCG
[00:21:06] [235/326] ANCN
[00:21:06] [236/326] MMCJ
[00:21:07] [237/326] DCAK
[00:21:09] [238/326] SCKG
[00:21:10] [239/326] LMCK
[00:21:11] [240/326] CKKX
[00:21:12] 🔄 Identity reset
[00:21:12] 🔄 Identity rotated (every 10 requests)
[00:21:12] [241/326] ANKU
[00:21:13] [242/326] CSMD
[00:21:14] [243/326] MKMP
[00:21:15] [244/326] SVBG
[00:21:16] [245/326] ROOP
[00:21:17] [246/326] GDMT
[00:21:18] [247/326] FPPF
[00:21:20] [248/326] SFUU
[00:21:21] [249/326] ANCB
[00:21:22] [250/326] SMMC
[00:21:22] 🔄 Identity reset
[00:21:22] 🔄 Identity rotated (every 10 requests)
[00:21:23] [251/326] UGKT
[00:21:23] [252/326] JVRM
[00:21:24] [253/326] BATG
[00:21:25] [254/326] RATE
[00:21:26] [255/326] SKME
[00:21:27] [256/326] LMTP
[00:21:28] [257/326] TCBD
[00:21:29] [258/326] ESBD
[00:21:30] [259/326] GDCU
[00:21:31] [260/326] SNKT
[00:21:31] 🔄 Identity reset
[00:21:31] 🔄 Identity rotated (every 10 requests)
[00:21:32] [261/326] SRNK
[00:21:32] [262/326] SMED
[00:21:33] [263/326] CSQS
[00:21:34] [264/326] ALCS
[00:21:35] [265/326] KCKN
[00:21:36] [266/326] VCCL
[00:21:37] [267/326] MCDA
[00:21:38] [268/326] SHMI
[00:21:39] [269/326] SKHA
[00:21:40] [270/326] SVFK
[00:21:40] 🔄 Identity reset
[00:21:40] 🔄 Identity rotated (every 10 requests)
[00:21:41] [271/326] INVB
[00:21:42] [272/326] MELD
[00:21:43] [273/326] JTYS
[00:21:44] [274/326] INCM
[00:21:45] [275/326] MCDV
[00:21:46] [276/326] KSGK
[00:21:47] [277/326] ICMG
[00:21:47] [278/326] CSCV
[00:21:48] [279/326] STMD
[00:21:49] [280/326] STTR
[00:21:50] 🔄 Identity reset
[00:21:50] 🔄 Identity rotated (every 10 requests)
[00:21:50] [281/326] INVC
[00:21:51] [282/326] JTBL
[00:21:52] [283/326] SRVV
[00:21:53] [284/326] MAVC
[00:21:54] [285/326] SRPP
[00:21:55] [286/326] JGDM
[00:21:55] [287/326] MBSJ
[00:21:57] [288/326] SSLL
[00:21:58] [289/326] SLKP
[00:21:58] [290/326] NSRV
[00:21:59] 🔄 Identity reset
[00:21:59] 🔄 Identity rotated (every 10 requests)
[00:21:59] [291/326] UTDV
[00:22:00] [292/326] KICM
[00:22:01] [293/326] KCMD
[00:22:02] [294/326] TTPP
[00:22:02] [295/326] KMPV
[00:22:03] [296/326] SKTV
[00:22:04] [297/326] STCV
[00:22:06] [298/326] SRDA
[00:22:07] [299/326] JTSX
[00:22:08] [300/326] STBV
[00:22:08] 🔄 Identity reset
[00:22:08] 🔄 Identity rotated (every 10 requests)
[00:22:09] [301/326] APVZ
[00:22:09] [302/326] GSTV
[00:22:11] [303/326] NMVS
[00:22:12] [304/326] SKRT
[00:22:13] [305/326] RMDV
[00:22:13] [306/326] RATG
[00:22:14] [307/326] SJYV
[00:22:15] [308/326] NDGP
[00:22:16] [309/326] SNDG
[00:22:17] [310/326] INSR
[00:22:18] 🔄 Identity reset
[00:22:18] 🔄 Identity rotated (every 10 requests)
[00:22:18] [311/326] INSO
[00:22:19] [312/326] CCSI
[00:22:20] [313/326] RASM
[00:22:21] [314/326] NEWC
[00:22:22] [315/326] VSHL
[00:22:23] [316/326] BISW
[00:22:24] [317/326] GCNG
[00:22:24] [318/326] CWSC
[00:22:25] [319/326] SKAN
[00:22:26] [320/326] CCOA
[00:22:27] 🔄 Identity reset
[00:22:27] 🔄 Identity rotated (every 10 requests)
[00:22:27] [321/326] MCAJ
[00:22:28] [322/326] ACDE
[00:22:29] [323/326] AACM
[00:22:30] [324/326] JJCK
[00:22:31] [325/326] RCMO
[00:22:32] [326/326] GDAW
[00:22:33] ✅ DONE | Shows=0 | Movies=0
