[00:17:21] 🚀 BMS DAILY TRACKER STARTED (enhanced anti‑detection)
[00:17:21] [1/456] FNDB
[00:17:22] 🧠 New identity created
[00:17:22] [2/456] AMBH
[00:17:22] [3/456] PRHN
[00:17:23] [4/456] ACPM
[00:17:24] [5/456] PVFS
[00:17:25] [6/456] AACN
[00:17:26] [7/456] ACAS
[00:17:27] [8/456] CTNR
[00:17:27] [9/456] MMAH
[00:17:29] [10/456] CPMH
[00:17:30] 🔄 Identity reset
[00:17:30] 🔄 Identity rotated (every 10 requests)
[00:17:30] [11/456] IGMH
[00:17:31] [12/456] ABCS
[00:17:32] [13/456] CMMA
[00:17:33] [14/456] GPRH
[00:17:34] [15/456] PNNG
[00:17:34] [16/456] AMCA
[00:17:35] [17/456] ISTN
[00:17:36] [18/456] PIIC
[00:17:37] [19/456] AHMH
[00:17:38] [20/456] ASHN
[00:17:38] 🔄 Identity reset
[00:17:38] 🔄 Identity rotated (every 10 requests)
[00:17:39] [21/456] INHY
[00:17:39] [22/456] SRMO
[00:17:40] [23/456] PIMH
[00:17:41] [24/456] PVTS
[00:17:42] [25/456] MMCA
[00:17:43] [26/456] AKYJ
[00:17:43] [27/456] BRKH
[00:17:44] [28/456] MAHM
[00:17:46] [29/456] CPHY
[00:17:47] [30/456] PVTP
[00:17:47] 🔄 Identity reset
[00:17:47] 🔄 Identity rotated (every 10 requests)
[00:17:47] [31/456] SMMR
[00:17:48] [32/456] PVHM
[00:17:50] [33/456] SNDY
[00:17:51] [34/456] GOKU
[00:17:52] [35/456] ACEV
[00:17:52] [36/456] PVUM
[00:17:53] [37/456] VSWA
[00:17:54] [38/456] IPRS
[00:17:55] [39/456] BKMV
[00:17:56] [40/456] PVYH
[00:17:57] 🔄 Identity reset
[00:17:57] 🔄 Identity rotated (every 10 requests)
[00:17:57] [41/456] INKM
[00:17:58] [42/456] ARJU
[00:17:59] [43/456] JJPP
[00:17:59] [44/456] SSRM
[00:18:00] [45/456] HMHD
[00:18:01] [46/456] SNKH
[00:18:02] [47/456] ACHI
[00:18:03] [48/456] MRAA
[00:18:03] [49/456] INMH
[00:18:04] [50/456] ARMH
[00:18:04] 🔄 Identity reset
[00:18:05] 🔄 Identity rotated (every 10 requests)
[00:18:05] [51/456] DVRR
[00:18:05] [52/456] SUDA
[00:18:06] [53/456] MCSS
[00:18:07] [54/456] VRKC
[00:18:08] [55/456] PRCX
[00:18:08] [56/456] ASJY
[00:18:09] [57/456] MTHY
[00:18:10] [58/456] SRCM
[00:18:11] [59/456] TVHY
[00:18:12] [60/456] STHD
[00:18:12] 🔄 Identity reset
[00:18:12] 🔄 Identity rotated (every 10 requests)
[00:18:12] [61/456] CPCL
[00:18:13] [62/456] PSMJ
[00:18:14] [63/456] MRGT
[00:18:15] [64/456] ARYH
[00:18:16] [65/456] VTRB
[00:18:17] [66/456] SCHC
[00:18:18] [67/456] MRRG
[00:18:19] [68/456] SPCB
[00:18:20] [69/456] AMCM
[00:18:21] [70/456] IVNM
[00:18:21] 🔄 Identity reset
[00:18:21] 🔄 Identity rotated (every 10 requests)
[00:18:21] [71/456] TRHY
[00:18:22] [72/456] PTTH
[00:18:23] [73/456] RKMH
[00:18:24] [74/456] PRCS
[00:18:24] [75/456] VAJA
[00:18:25] [76/456] BJNG
[00:18:26] [77/456] SCVM
[00:18:27] [78/456] GNHB
[00:18:28] [79/456] TLUR
[00:18:29] [80/456] UKCC
[00:18:29] 🔄 Identity reset
[00:18:29] 🔄 Identity rotated (every 10 requests)
[00:18:30] [81/456] SRKR
[00:18:30] [82/456] RMKN
[00:18:31] [83/456] SLRT
[00:18:32] [84/456] LKMT
[00:18:33] [85/456] SSRJ
[00:18:34] [86/456] SPHT
[00:18:35] [87/456] ANTT
[00:18:36] [88/456] SRCH
[00:18:36] [89/456] SRCA
[00:18:37] [90/456] ARTH
[00:18:38] 🔄 Identity reset
[00:18:38] 🔄 Identity rotated (every 10 requests)
[00:18:39] [91/456] MCBH
[00:18:40] [92/456] SNIB
[00:18:40] [93/456] SART
[00:18:42] [94/456] SKTA
[00:18:43] [95/456] YAKT
[00:18:44] [96/456] MLCK
[00:18:44] [97/456] ANTS
[00:18:45] [98/456] DGCA
[00:18:45] [99/456] SGMP
[00:18:46] [100/456] ASWN
[00:18:47] 🔄 Identity reset
[00:18:47] 🔄 Identity rotated (every 10 requests)
[00:18:48] [101/456] KFVU
[00:18:49] [102/456] POOR
[00:18:50] [103/456] GKDN
[00:18:50] [104/456] EOSE
[00:18:52] [105/456] GTTT
[00:18:53] [106/456] ARRO
[00:18:53] [107/456] CMMK
[00:18:54] [108/456] MSCN
[00:18:55] [109/456] GDKH
[00:18:56] [110/456] DLMT
[00:18:56] 🔄 Identity reset
[00:18:56] 🔄 Identity rotated (every 10 requests)
[00:18:57] [111/456] PVMF
[00:18:58] [112/456] CPCK
[00:18:59] [113/456] VMHE
[00:18:59] [114/456] PVLC
[00:19:00] [115/456] PCVB
[00:19:01] [116/456] SNYK
[00:19:02] [117/456] KTEK
[00:19:03] [118/456] PCNM
[00:19:04] [119/456] NTTR
[00:19:04] [120/456] CPSK
[00:19:05] 🔄 Identity reset
[00:19:05] 🔄 Identity rotated (every 10 requests)
[00:19:05] [121/456] JMMA
[00:19:06] [122/456] GCFK
[00:19:06] [123/456] MYCA
[00:19:07] [124/456] KSNP
[00:19:08] [125/456] PMCE
[00:19:09] [126/456] SCKI
[00:19:10] [127/456] FSMA
[00:19:11] [128/456] CETA
[00:19:11] [129/456] MCIK
[00:19:12] [130/456] MYCR
[00:19:13] 🔄 Identity reset
[00:19:13] 🔄 Identity rotated (every 10 requests)
[00:19:13] [131/456] EVMP
[00:19:14] [132/456] SSGT
[00:19:15] [133/456] KCTK
[00:19:16] [134/456] ZTKC
[00:19:17] [135/456] MMTA
[00:19:18] [136/456] MAJT
[00:19:19] [137/456] ACPK
[00:19:20] [138/456] JMAX
[00:19:21] [139/456] SETK
[00:19:21] [140/456] CAIS
[00:19:22] 🔄 Identity reset
[00:19:22] 🔄 Identity rotated (every 10 requests)
[00:19:22] [141/456] AGCD
[00:19:23] [142/456] URCL
[00:19:24] [143/456] VTDS
[00:19:24] [144/456] JCNM
[00:19:25] [145/456] KCAM
[00:19:26] [146/456] ADCU
[00:19:27] [147/456] GXYN
[00:19:28] [148/456] SMJG
[00:19:29] [149/456] EYCJ
[00:19:30] [150/456] CCEJ
[00:19:30] 🔄 Identity reset
[00:19:30] 🔄 Identity rotated (every 10 requests)
[00:19:30] [151/456] MARS
[00:19:31] [152/456] CPVJ
[00:19:32] [153/456] INVP
[00:19:33] [154/456] CPOV
[00:19:33] [155/456] VIJK
[00:19:35] [156/456] LAIM
[00:19:36] [157/456] STHV
[00:19:36] [158/456] SVLJ
[00:19:37] [159/456] ATVJ
[00:19:38] [160/456] JTSC
[00:19:38] 🔄 Identity reset
[00:19:38] 🔄 Identity rotated (every 10 requests)
[00:19:38] [161/456] RMTV
[00:19:39] [162/456] MGGG
[00:19:40] [163/456] SWTH
[00:19:41] [164/456] INVJ
[00:19:41] [165/456] PRSV
[00:19:42] [166/456] JATV
[00:19:43] [167/456] RCVD
[00:19:43] [168/456] BDMA
[00:19:44] [169/456] BLJI
[00:19:45] [170/456] SWOT
[00:19:45] 🔄 Identity reset
[00:19:45] 🔄 Identity rotated (every 10 requests)
[00:19:45] [171/456] SWRN
[00:19:46] [172/456] TVRA
[00:19:47] [173/456] NVRN
[00:19:48] [174/456] SIKC
[00:19:48] [175/456] VAKR
[00:19:49] [176/456] SYLN
[00:19:50] [177/456] KLJL
[00:19:51] [178/456] LKMY
[00:19:51] [179/456] VSLY
[00:19:52] [180/456] CIKO
[00:19:52] 🔄 Identity reset
[00:19:52] 🔄 Identity rotated (every 10 requests)
[00:19:53] [181/456] GPBG
[00:19:54] [182/456] CECM
[00:19:55] [183/456] SLKB
[00:19:55] [184/456] MTBO
[00:19:56] [185/456] SSHB
[00:19:57] [186/456] VPCS
[00:19:58] [187/456] RCSR
[00:19:58] [188/456] RJRM
[00:19:59] [189/456] KPPB
[00:19:59] [190/456] SEDC
[00:20:00] 🔄 Identity reset
[00:20:00] 🔄 Identity rotated (every 10 requests)
[00:20:00] [191/456] SCAI
[00:20:01] [192/456] RMTR
[00:20:01] [193/456] ASST
[00:20:03] [194/456] GCAK
[00:20:03] [195/456] ANNK
[00:20:04] [196/456] KDDF
[00:20:05] [197/456] NRDP
[00:20:06] [198/456] PLAK
[00:20:07] [199/456] GCMC
[00:20:07] [200/456] ALPY
[00:20:08] 🔄 Identity reset
[00:20:08] 🔄 Identity rotated (every 10 requests)
[00:20:08] 🔄 Retry 1/5 for ALPY in 2.2s
[00:20:08] 🔄 Identity reset
[00:20:10] 🧠 New identity created
[00:20:11] [201/456] SICE
[00:20:12] [202/456] SISR
[00:20:12] [203/456] SRPZ
[00:20:13] [204/456] SRSW
[00:20:14] [205/456] SUYA
[00:20:15] [206/456] AMMT
[00:20:15] [207/456] BHCU
[00:20:16] [208/456] KLPA
[00:20:17] [209/456] NVKH
[00:20:17] 🔄 Identity reset
[00:20:17] 🔄 Identity rotated (every 10 requests)
[00:20:18] [210/456] JMRC
[00:20:19] [211/456] KTTT
[00:20:20] [212/456] MAGH
[00:20:20] [213/456] MMMX
[00:20:22] [214/456] SALJ
[00:20:22] [215/456] GTJA
[00:20:23] [216/456] MAHT
[00:20:24] [217/456] SSNN
[00:20:25] [218/456] ARRP
[00:20:26] [219/456] ATNS
[00:20:26] 🔄 Identity reset
[00:20:26] 🔄 Identity rotated (every 10 requests)
[00:20:27] [220/456] SKDT
[00:20:27] [221/456] ACAT
[00:20:28] [222/456] APRC
[00:20:29] [223/456] SWAG
[00:20:29] [224/456] SDPT
[00:20:30] [225/456] STPS
[00:20:31] [226/456] WWCZ
[00:20:31] [227/456] LLCH
[00:20:32] [228/456] MZHA
[00:20:33] [229/456] CRJG
[00:20:34] 🔄 Identity reset
[00:20:34] 🔄 Identity rotated (every 10 requests)
[00:20:34] [230/456] JGTK
[00:20:34] [231/456] KCSR
[00:20:35] [232/456] CHTL
[00:20:36] [233/456] EDSR
[00:20:37] [234/456] CSWO
[00:20:38] [235/456] CPVM
[00:20:38] [236/456] MXBY
[00:20:39] [237/456] FMMA
[00:20:39] [238/456] POVI
[00:20:40] [239/456] MTHB
[00:20:41] 🔄 Identity reset
[00:20:41] 🔄 Identity rotated (every 10 requests)
[00:20:41] [240/456] INRC
[00:20:42] [241/456] PIPP
[00:20:42] [242/456] BMXC
[00:20:43] [243/456] PCMM
[00:20:44] [244/456] PMKM
[00:20:45] [245/456] GATY
[00:20:46] [246/456] IMCM
[00:20:46] [247/456] POPE
[00:20:47] [248/456] MTCR
[00:20:47] [249/456] PVAE
[00:20:48] 🔄 Identity reset
[00:20:48] 🔄 Identity rotated (every 10 requests)
[00:20:48] [250/456] PVMI
[00:20:49] [251/456] CPNM
[00:20:51] [252/456] FMRL
[00:20:51] [253/456] MCIW
[00:20:52] [254/456] MXBO
[00:20:52] [255/456] FMKY
[00:20:53] [256/456] FMDA
[00:20:54] [257/456] THAB
[00:20:55] [258/456] PRCW
[00:20:55] [259/456] PITI
[00:20:56] 🔄 Identity reset
[00:20:56] 🔄 Identity rotated (every 10 requests)
[00:20:56] [260/456] MCFF
[00:20:57] [261/456] PDDV
[00:20:58] [262/456] MCRM
[00:20:58] [263/456] KKMB
[00:20:59] [264/456] INKO
[00:21:00] [265/456] PLXP
[00:21:00] [266/456] MMHA
[00:21:01] [267/456] FMVS
[00:21:02] [268/456] POLM
[00:21:03] [269/456] STER
[00:21:04] 🔄 Identity reset
[00:21:04] 🔄 Identity rotated (every 10 requests)
[00:21:04] [270/456] PVWJ
[00:21:05] [271/456] IMJW
[00:21:06] [272/456] FNAN
[00:21:07] [273/456] CAGL
[00:21:08] [274/456] IPBG
[00:21:09] [275/456] SMFV
[00:21:10] [276/456] MMMR
[00:21:11] [277/456] MMWM
[00:21:12] [278/456] FNCM
[00:21:13] [279/456] MDVA
[00:21:13] 🔄 Identity reset
[00:21:13] 🔄 Identity rotated (every 10 requests)
[00:21:14] [280/456] MMET
[00:21:15] [281/456] MIDO
[00:21:16] [282/456] INNP
[00:21:16] [283/456] MIFU
[00:21:17] [284/456] MMSZ
[00:21:18] [285/456] BMXA
[00:21:18] [286/456] MCAA
[00:21:19] [287/456] SCVP
[00:21:20] [288/456] PLUS
[00:21:21] [289/456] MUCK
[00:21:21] 🔄 Identity reset
[00:21:22] 🔄 Identity rotated (every 10 requests)
[00:21:22] [290/456] MTMA
[00:21:22] [291/456] HPVR
[00:21:23] [292/456] PMPK
[00:21:24] [293/456] MAJB
[00:21:25] [294/456] CTRR
[00:21:25] [295/456] MCTG
[00:21:26] [296/456] MACE
[00:21:27] [297/456] AAAS
[00:21:27] [298/456] CPVV
[00:21:28] [299/456] RCHG
[00:21:29] 🔄 Identity reset
[00:21:29] 🔄 Identity rotated (every 10 requests)
[00:21:29] [300/456] MCNE
[00:21:30] [301/456] EMNC
[00:21:31] [302/456] MCAN
[00:21:31] [303/456] TCDM
[00:21:32] [304/456] IRGT
[00:21:33] [305/456] GCMG
[00:21:34] [306/456] MXSN
[00:21:34] [307/456] MXCK
[00:21:35] [308/456] MCRC
[00:21:36] [309/456] RSMI
[00:21:36] 🔄 Identity reset
[00:21:36] 🔄 Identity rotated (every 10 requests)
[00:21:37] [310/456] WAML
[00:21:38] [311/456] MTSC
[00:21:39] [312/456] FMDR
[00:21:40] [313/456] LEPV
[00:21:41] [314/456] MTGD
[00:21:42] [315/456] IMOB
[00:21:43] [316/456] CLMM
[00:21:43] [317/456] PZCD
[00:21:44] [318/456] GOCS
[00:21:45] [319/456] KCMA
[00:21:46] 🔄 Identity reset
[00:21:46] 🔄 Identity rotated (every 10 requests)
[00:21:46] [320/456] CCMP
[00:21:47] [321/456] MTSU
[00:21:48] [322/456] SNGL
[00:21:48] [323/456] MMMC
[00:21:49] [324/456] MMAA
[00:21:50] [325/456] GCDM
[00:21:50] [326/456] KTMV
[00:21:51] [327/456] AETE
[00:21:52] [328/456] OMCS
[00:21:53] [329/456] GDCD
[00:21:53] 🔄 Identity reset
[00:21:53] 🔄 Identity rotated (every 10 requests)
[00:21:53] 🔄 Retry 1/5 for GDCD in 2.4s
[00:21:53] 🔄 Identity reset
[00:21:56] 🧠 New identity created
[00:21:56] [330/456] NYMD
[00:21:57] [331/456] RNCV
[00:21:58] [332/456] KKMT
[00:21:59] [333/456] GDTH
[00:22:00] [334/456] KMMV
[00:22:01] [335/456] NHCG
[00:22:02] [336/456] PJDW
[00:22:02] [337/456] MMCV
[00:22:03] [338/456] FQSA
[00:22:03] 🔄 Identity reset
[00:22:03] 🔄 Identity rotated (every 10 requests)
[00:22:04] [339/456] KURL
[00:22:04] [340/456] NNNX
[00:22:05] [341/456] AMAU
[00:22:06] [342/456] VVVM
[00:22:07] [343/456] VECU
[00:22:07] [344/456] WCVR
[00:22:08] [345/456] MTGG
[00:22:09] [346/456] SGTG
[00:22:10] [347/456] MNTG
[00:22:11] [348/456] JDDG
[00:22:12] 🔄 Identity reset
[00:22:12] 🔄 Identity rotated (every 10 requests)
[00:22:12] 🔄 Retry 1/5 for JDDG in 2.5s
[00:22:12] 🔄 Identity reset
[00:22:14] 🧠 New identity created
[00:22:14] [349/456] MBTK
[00:22:16] [350/456] SGCD
[00:22:16] [351/456] MCTC
[00:22:17] [352/456] JTPC
[00:22:18] [353/456] SDKT
[00:22:19] [354/456] KRCC
[00:22:20] [355/456] RMMD
[00:22:21] [356/456] AAME
[00:22:22] [357/456] TMWC
[00:22:22] 🔄 Identity reset
[00:22:22] 🔄 Identity rotated (every 10 requests)
[00:22:22] [358/456] NRWY
[00:22:23] [359/456] CITD
[00:22:24] [360/456] VERD
[00:22:25] [361/456] MKSK
[00:22:26] [362/456] STSM
[00:22:27] [363/456] MJDG
[00:22:27] [364/456] RKPM
[00:22:28] [365/456] SSCE
[00:22:29] [366/456] VMAE
[00:22:30] [367/456] SBRU
[00:22:30] 🔄 Identity reset
[00:22:30] 🔄 Identity rotated (every 10 requests)
[00:22:31] [368/456] AMBC
[00:22:32] [369/456] AMLU
[00:22:33] [370/456] INVZ
[00:22:34] [371/456] LGTV
[00:22:35] [372/456] SVAD
[00:22:36] [373/456] SMSA
[00:22:36] [374/456] SPCZ
[00:22:37] [375/456] GTCX
[00:22:38] [376/456] SCSL
[00:22:39] [377/456] SAHU
[00:22:39] 🔄 Identity reset
[00:22:39] 🔄 Identity rotated (every 10 requests)
[00:22:40] [378/456] NCDA
[00:22:41] [379/456] SCCG
[00:22:41] [380/456] VKTL
[00:22:42] [381/456] PUUJ
[00:22:43] [382/456] STEJ
[00:22:44] [383/456] RJAL
[00:22:44] [384/456] ACJC
[00:22:45] [385/456] ARVB
[00:22:46] [386/456] AUBB
[00:22:47] [387/456] GDBR
[00:22:48] 🔄 Identity reset
[00:22:48] 🔄 Identity rotated (every 10 requests)
[00:22:49] [388/456] PVND
[00:22:50] [389/456] BGRJ
[00:22:50] [390/456] RJMM
[00:22:52] [391/456] MCSA
[00:22:53] [392/456] BODA
[00:22:53] [393/456] JAGG
[00:22:54] [394/456] SCGA
[00:22:55] [395/456] LRCM
[00:22:56] [396/456] CPCN
[00:22:57] [397/456] SSTF
[00:22:57] 🔄 Identity reset
[00:22:57] 🔄 Identity rotated (every 10 requests)
[00:22:58] [398/456] SRXP
[00:22:59] [399/456] CNFX
[00:22:59] [400/456] ANDI
[00:23:00] [401/456] SYEW
[00:23:01] [402/456] RCRE
[00:23:01] [403/456] SCRW
[00:23:02] [404/456] MBKR
[00:23:03] [405/456] ASNT
[00:23:04] [406/456] JTMT
[00:23:05] [407/456] SHAY
[00:23:06] 🔄 Identity reset
[00:23:06] 🔄 Identity rotated (every 10 requests)
[00:23:06] [408/456] VRTH
[00:23:06] [409/456] SPTI
[00:23:08] [410/456] DPTD
[00:23:09] [411/456] TGSN
[00:23:10] [412/456] RCWV
[00:23:11] [413/456] OCUR
[00:23:12] [414/456] KSTC
[00:23:12] [415/456] SANI
[00:23:13] [416/456] MLCA
[00:23:14] [417/456] EGCA
[00:23:14] 🔄 Identity reset
[00:23:14] 🔄 Identity rotated (every 10 requests)
[00:23:14] 🔄 Retry 1/5 for EGCA in 2.7s
[00:23:14] 🔄 Identity reset
[00:23:17] 🧠 New identity created
[00:23:17] [418/456] SYSN
[00:23:18] [419/456] PKTA
[00:23:20] [420/456] PRCC
[00:23:21] [421/456] KSTR
[00:23:23] [422/456] SNTP
[00:23:23] [423/456] RCHA
[00:23:24] [424/456] SEEA
[00:23:25] [425/456] ALAT
[00:23:26] [426/456] AATV
[00:23:27] 🔄 Identity reset
[00:23:27] 🔄 Identity rotated (every 10 requests)
[00:23:27] [427/456] RJTE
[00:23:28] [428/456] AAPP
[00:23:28] [429/456] PMMH
[00:23:29] [430/456] INRJ
[00:23:30] [431/456] SARB
[00:23:31] [432/456] PCJL
[00:23:32] [433/456] PFJJ
[00:23:32] [434/456] GRDC
[00:23:34] [435/456] BCBA
[00:23:35] [436/456] VIXL
[00:23:35] 🔄 Identity reset
[00:23:35] 🔄 Identity rotated (every 10 requests)
[00:23:35] [437/456] CSTL
[00:23:36] [438/456] MTDK
[00:23:37] [439/456] TDAC
[00:23:37] [440/456] GTDN
[00:23:38] [441/456] TTDE
[00:23:39] [442/456] ASTS
[00:23:40] [443/456] CPNS
[00:23:41] [444/456] PVVW
[00:23:41] [445/456] USEB
[00:23:43] [446/456] DTYN
[00:23:43] 🔄 Identity reset
[00:23:43] 🔄 Identity rotated (every 10 requests)
[00:23:43] [447/456] PVLE
[00:23:44] [448/456] CIPS
[00:23:45] [449/456] PAEG
[00:23:46] [450/456] PTCW
[00:23:47] [451/456] G3SR
[00:23:47] [452/456] PGND
[00:23:49] [453/456] INVM
[00:23:50] [454/456] SPIA
[00:23:51] [455/456] PCSN
[00:23:51] [456/456] PPGV
[00:23:52] 🔄 Identity reset
[00:23:52] 🔄 Identity rotated (every 10 requests)
[00:23:52] ✅ DONE | Shows=11 | Movies=2
[01:17:23] 🚀 BMS DAILY TRACKER STARTED (enhanced anti‑detection)
[01:17:23] [1/456] FNDB
[01:17:24] 🧠 New identity created
[01:17:24] [2/456] AMBH
[01:17:25] [3/456] PRHN
[01:17:27] [4/456] ACPM
[01:17:28] [5/456] PVFS
[01:17:29] [6/456] AACN
[01:17:30] [7/456] ACAS
[01:17:31] [8/456] CTNR
[01:17:32] [9/456] MMAH
[01:17:33] [10/456] CPMH
[01:17:33] 🔄 Identity reset
[01:17:33] 🔄 Identity rotated (every 10 requests)
[01:17:34] [11/456] IGMH
[01:17:35] [12/456] ABCS
[01:17:36] [13/456] CMMA
[01:17:37] [14/456] GPRH
[01:17:38] [15/456] PNNG
[01:17:39] [16/456] AMCA
[01:17:40] [17/456] ISTN
[01:17:40] [18/456] PIIC
[01:17:41] [19/456] AHMH
[01:17:42] [20/456] ASHN
[01:17:43] 🔄 Identity reset
[01:17:43] 🔄 Identity rotated (every 10 requests)
[01:17:43] [21/456] INHY
[01:17:44] [22/456] SRMO
[01:17:45] [23/456] PIMH
[01:17:46] [24/456] PVTS
[01:17:47] [25/456] MMCA
[01:17:48] [26/456] AKYJ
[01:17:49] [27/456] BRKH
[01:17:49] [28/456] MAHM
[01:17:50] [29/456] CPHY
[01:17:51] [30/456] PVTP
[01:17:52] 🔄 Identity reset
[01:17:52] 🔄 Identity rotated (every 10 requests)
[01:17:53] [31/456] SMMR
[01:17:54] [32/456] PVHM
[01:17:55] [33/456] SNDY
[01:17:55] [34/456] GOKU
[01:17:56] [35/456] ACEV
[01:17:57] [36/456] PVUM
[01:17:59] [37/456] VSWA
[01:18:00] [38/456] IPRS
[01:18:01] [39/456] BKMV
[01:18:01] [40/456] PVYH
[01:18:02] 🔄 Identity reset
[01:18:02] 🔄 Identity rotated (every 10 requests)
[01:18:02] [41/456] INKM
[01:18:03] [42/456] ARJU
[01:18:04] [43/456] JJPP
[01:18:05] [44/456] SSRM
[01:18:06] [45/456] HMHD
[01:18:07] [46/456] SNKH
[01:18:08] [47/456] ACHI
[01:18:09] [48/456] MRAA
[01:18:10] [49/456] INMH
[01:18:11] [50/456] ARMH
[01:18:12] 🔄 Identity reset
[01:18:12] 🔄 Identity rotated (every 10 requests)
[01:18:12] [51/456] DVRR
[01:18:13] [52/456] SUDA
[01:18:14] [53/456] MCSS
[01:18:15] [54/456] VRKC
[01:18:16] [55/456] PRCX
[01:18:17] [56/456] ASJY
[01:18:18] [57/456] MTHY
[01:18:18] [58/456] SRCM
[01:18:19] [59/456] TVHY
[01:18:20] [60/456] STHD
[01:18:21] 🔄 Identity reset
[01:18:21] 🔄 Identity rotated (every 10 requests)
[01:18:21] [61/456] CPCL
[01:18:22] [62/456] PSMJ
[01:18:23] [63/456] MRGT
[01:18:24] [64/456] ARYH
[01:18:25] [65/456] VTRB
[01:18:26] [66/456] SCHC
[01:18:27] [67/456] MRRG
[01:18:28] [68/456] SPCB
[01:18:28] [69/456] AMCM
[01:18:29] [70/456] IVNM
[01:18:30] 🔄 Identity reset
[01:18:30] 🔄 Identity rotated (every 10 requests)
[01:18:30] [71/456] TRHY
[01:18:32] [72/456] PTTH
[01:18:33] [73/456] RKMH
[01:18:34] [74/456] PRCS
[01:18:35] [75/456] VAJA
[01:18:36] [76/456] BJNG
[01:18:36] [77/456] SCVM
[01:18:38] [78/456] GNHB
[01:18:38] [79/456] TLUR
[01:18:39] [80/456] UKCC
[01:18:40] 🔄 Identity reset
[01:18:40] 🔄 Identity rotated (every 10 requests)
[01:18:40] [81/456] SRKR
[01:18:42] [82/456] RMKN
[01:18:43] [83/456] SLRT
[01:18:43] [84/456] LKMT
[01:18:44] [85/456] SSRJ
[01:18:45] [86/456] SPHT
[01:18:46] [87/456] ANTT
[01:18:47] [88/456] SRCH
[01:18:48] [89/456] SRCA
[01:18:49] [90/456] ARTH
[01:18:50] 🔄 Identity reset
[01:18:50] 🔄 Identity rotated (every 10 requests)
[01:18:50] [91/456] MCBH
[01:18:51] [92/456] SNIB
[01:18:52] [93/456] SART
[01:18:53] [94/456] SKTA
[01:18:54] [95/456] YAKT
[01:18:55] [96/456] MLCK
[01:18:56] [97/456] ANTS
[01:18:57] [98/456] DGCA
[01:18:57] [99/456] SGMP
[01:18:58] [100/456] ASWN
[01:18:59] 🔄 Identity reset
[01:18:59] 🔄 Identity rotated (every 10 requests)
[01:18:59] [101/456] KFVU
[01:19:00] [102/456] POOR
[01:19:01] [103/456] GKDN
[01:19:02] [104/456] EOSE
[01:19:03] [105/456] GTTT
[01:19:04] [106/456] ARRO
[01:19:05] [107/456] CMMK
[01:19:06] [108/456] MSCN
[01:19:07] [109/456] GDKH
[01:19:08] [110/456] DLMT
[01:19:09] 🔄 Identity reset
[01:19:09] 🔄 Identity rotated (every 10 requests)
[01:19:09] [111/456] PVMF
[01:19:10] [112/456] CPCK
[01:19:11] [113/456] VMHE
[01:19:12] [114/456] PVLC
[01:19:13] [115/456] PCVB
[01:19:14] [116/456] SNYK
[01:19:14] [117/456] KTEK
[01:19:15] [118/456] PCNM
[01:19:16] [119/456] NTTR
[01:19:18] [120/456] CPSK
[01:19:18] 🔄 Identity reset
[01:19:18] 🔄 Identity rotated (every 10 requests)
[01:19:19] [121/456] JMMA
[01:19:20] [122/456] GCFK
[01:19:20] [123/456] MYCA
[01:19:21] [124/456] KSNP
[01:19:22] [125/456] PMCE
[01:19:24] [126/456] SCKI
[01:19:25] [127/456] FSMA
[01:19:25] [128/456] CETA
[01:19:26] [129/456] MCIK
[01:19:27] [130/456] MYCR
[01:19:28] 🔄 Identity reset
[01:19:28] 🔄 Identity rotated (every 10 requests)
[01:19:28] [131/456] EVMP
[01:19:29] [132/456] SSGT
[01:19:30] [133/456] KCTK
[01:19:31] [134/456] ZTKC
[01:19:32] [135/456] MMTA
[01:19:33] [136/456] MAJT
[01:19:34] [137/456] ACPK
[01:19:36] [138/456] JMAX
[01:19:37] [139/456] SETK
[01:19:38] [140/456] CAIS
[01:19:39] 🔄 Identity reset
[01:19:39] 🔄 Identity rotated (every 10 requests)
[01:19:39] [141/456] AGCD
[01:19:40] [142/456] URCL
[01:19:41] [143/456] VTDS
[01:19:42] [144/456] JCNM
[01:19:43] [145/456] KCAM
[01:19:43] [146/456] ADCU
[01:19:44] [147/456] GXYN
[01:19:45] [148/456] SMJG
[01:19:46] [149/456] EYCJ
[01:19:48] [150/456] CCEJ
[01:19:48] 🔄 Identity reset
[01:19:48] 🔄 Identity rotated (every 10 requests)
[01:19:49] [151/456] MARS
[01:19:49] [152/456] CPVJ
[01:19:50] [153/456] INVP
[01:19:51] [154/456] CPOV
[01:19:52] [155/456] VIJK
[01:19:53] [156/456] LAIM
[01:19:54] [157/456] STHV
[01:19:55] [158/456] SVLJ
[01:19:56] [159/456] ATVJ
[01:19:57] [160/456] JTSC
[01:19:58] 🔄 Identity reset
[01:19:58] 🔄 Identity rotated (every 10 requests)
[01:19:58] 🔄 Retry 1/5 for JTSC in 2.5s
[01:19:58] 🔄 Identity reset
[01:20:01] 🧠 New identity created
[01:20:01] [161/456] RMTV
[01:20:02] [162/456] MGGG
[01:20:03] [163/456] SWTH
[01:20:03] [164/456] INVJ
[01:20:04] [165/456] PRSV
[01:20:06] [166/456] JATV
[01:20:07] [167/456] RCVD
[01:20:08] [168/456] BDMA
[01:20:09] [169/456] BLJI
[01:20:09] 🔄 Identity reset
[01:20:09] 🔄 Identity rotated (every 10 requests)
[01:20:10] [170/456] SWOT
[01:20:11] [171/456] SWRN
[01:20:12] [172/456] TVRA
[01:20:13] [173/456] NVRN
[01:20:14] [174/456] SIKC
[01:20:15] [175/456] VAKR
[01:20:15] [176/456] SYLN
[01:20:16] [177/456] KLJL
[01:20:17] [178/456] LKMY
[01:20:18] [179/456] VSLY
[01:20:19] 🔄 Identity reset
[01:20:19] 🔄 Identity rotated (every 10 requests)
[01:20:19] [180/456] CIKO
[01:20:20] [181/456] GPBG
[01:20:21] [182/456] CECM
[01:20:23] [183/456] SLKB
[01:20:24] [184/456] MTBO
[01:20:25] [185/456] SSHB
[01:20:26] [186/456] VPCS
[01:20:27] [187/456] RCSR
[01:20:28] [188/456] RJRM
[01:20:29] [189/456] KPPB
[01:20:29] 🔄 Identity reset
[01:20:29] 🔄 Identity rotated (every 10 requests)
[01:20:30] [190/456] SEDC
[01:20:31] [191/456] SCAI
[01:20:31] [192/456] RMTR
[01:20:32] [193/456] ASST
[01:20:34] [194/456] GCAK
[01:20:35] [195/456] ANNK
[01:20:36] [196/456] KDDF
[01:20:37] [197/456] NRDP
[01:20:38] [198/456] PLAK
[01:20:38] [199/456] GCMC
[01:20:39] 🔄 Identity reset
[01:20:39] 🔄 Identity rotated (every 10 requests)
[01:20:39] [200/456] ALPY
[01:20:41] [201/456] SICE
[01:20:42] [202/456] SISR
[01:20:43] [203/456] SRPZ
[01:20:44] [204/456] SRSW
[01:20:44] [205/456] SUYA
[01:20:45] [206/456] AMMT
[01:20:46] [207/456] BHCU
[01:20:47] [208/456] KLPA
[01:20:48] [209/456] NVKH
[01:20:49] 🔄 Identity reset
[01:20:49] 🔄 Identity rotated (every 10 requests)
[01:20:49] [210/456] JMRC
[01:20:50] [211/456] KTTT
[01:20:51] [212/456] MAGH
[01:20:52] [213/456] MMMX
[01:20:53] [214/456] SALJ
[01:20:54] [215/456] GTJA
[01:20:55] [216/456] MAHT
[01:20:56] [217/456] SSNN
[01:20:57] [218/456] ARRP
[01:20:58] [219/456] ATNS
[01:20:58] 🔄 Identity reset
[01:20:58] 🔄 Identity rotated (every 10 requests)
[01:20:58] [220/456] SKDT
[01:20:59] [221/456] ACAT
[01:21:00] [222/456] APRC
[01:21:01] [223/456] SWAG
[01:21:02] [224/456] SDPT
[01:21:03] [225/456] STPS
[01:21:04] [226/456] WWCZ
[01:21:06] [227/456] LLCH
[01:21:07] [228/456] MZHA
[01:21:08] [229/456] CRJG
[01:21:09] 🔄 Identity reset
[01:21:09] 🔄 Identity rotated (every 10 requests)
[01:21:09] [230/456] JGTK
[01:21:10] [231/456] KCSR
[01:21:11] [232/456] CHTL
[01:21:12] [233/456] EDSR
[01:21:13] [234/456] CSWO
[01:21:14] [235/456] CPVM
[01:21:15] [236/456] MXBY
[01:21:16] [237/456] FMMA
[01:21:17] [238/456] POVI
[01:21:18] [239/456] MTHB
[01:21:19] 🔄 Identity reset
[01:21:19] 🔄 Identity rotated (every 10 requests)
[01:21:19] [240/456] INRC
[01:21:20] [241/456] PIPP
[01:21:21] [242/456] BMXC
[01:21:22] [243/456] PCMM
[01:21:23] [244/456] PMKM
[01:21:24] [245/456] GATY
[01:21:24] [246/456] IMCM
[01:21:25] [247/456] POPE
[01:21:26] [248/456] MTCR
[01:21:27] [249/456] PVAE
[01:21:28] 🔄 Identity reset
[01:21:28] 🔄 Identity rotated (every 10 requests)
[01:21:29] [250/456] PVMI
[01:21:29] [251/456] CPNM
[01:21:30] [252/456] FMRL
[01:21:31] [253/456] MCIW
[01:21:32] [254/456] MXBO
[01:21:33] [255/456] FMKY
[01:21:34] [256/456] FMDA
[01:21:35] [257/456] THAB
[01:21:36] [258/456] PRCW
[01:21:37] [259/456] PITI
[01:21:37] 🔄 Identity reset
[01:21:37] 🔄 Identity rotated (every 10 requests)
[01:21:38] [260/456] MCFF
[01:21:39] [261/456] PDDV
[01:21:40] [262/456] MCRM
[01:21:41] [263/456] KKMB
[01:21:41] [264/456] INKO
[01:21:43] [265/456] PLXP
[01:21:45] [266/456] MMHA
[01:21:46] [267/456] FMVS
[01:21:46] [268/456] POLM
[01:21:47] [269/456] STER
[01:21:48] 🔄 Identity reset
[01:21:48] 🔄 Identity rotated (every 10 requests)
[01:21:48] [270/456] PVWJ
[01:21:49] [271/456] IMJW
[01:21:50] [272/456] FNAN
[01:21:52] [273/456] CAGL
[01:21:53] [274/456] IPBG
[01:21:54] [275/456] SMFV
[01:21:55] [276/456] MMMR
[01:21:56] [277/456] MMWM
[01:21:58] [278/456] FNCM
[01:21:59] [279/456] MDVA
[01:21:59] 🔄 Identity reset
[01:21:59] 🔄 Identity rotated (every 10 requests)
[01:22:00] [280/456] MMET
[01:22:01] [281/456] MIDO
[01:22:01] [282/456] INNP
[01:22:02] [283/456] MIFU
[01:22:03] [284/456] MMSZ
[01:22:04] [285/456] BMXA
[01:22:05] [286/456] MCAA
[01:22:06] [287/456] SCVP
[01:22:07] [288/456] PLUS
[01:22:08] [289/456] MUCK
[01:22:08] 🔄 Identity reset
[01:22:08] 🔄 Identity rotated (every 10 requests)
[01:22:09] [290/456] MTMA
[01:22:09] [291/456] HPVR
[01:22:11] [292/456] PMPK
[01:22:12] [293/456] MAJB
[01:22:13] [294/456] CTRR
[01:22:14] [295/456] MCTG
[01:22:16] [296/456] MACE
[01:22:17] [297/456] AAAS
[01:22:18] [298/456] CPVV
[01:22:19] [299/456] RCHG
[01:22:19] 🔄 Identity reset
[01:22:19] 🔄 Identity rotated (every 10 requests)
[01:22:19] 🔄 Retry 1/5 for RCHG in 2.8s
[01:22:19] 🔄 Identity reset
[01:22:22] 🧠 New identity created
[01:22:22] [300/456] MCNE
[01:22:23] [301/456] EMNC
[01:22:24] [302/456] MCAN
[01:22:25] [303/456] TCDM
[01:22:26] [304/456] IRGT
[01:22:27] [305/456] GCMG
[01:22:28] [306/456] MXSN
[01:22:29] [307/456] MXCK
[01:22:30] [308/456] MCRC
[01:22:30] 🔄 Identity reset
[01:22:30] 🔄 Identity rotated (every 10 requests)
[01:22:31] [309/456] RSMI
[01:22:32] [310/456] WAML
[01:22:33] [311/456] MTSC
[01:22:34] [312/456] FMDR
[01:22:35] [313/456] LEPV
[01:22:36] [314/456] MTGD
[01:22:37] [315/456] IMOB
[01:22:39] [316/456] CLMM
[01:22:40] [317/456] PZCD
[01:22:41] [318/456] GOCS
[01:22:42] 🔄 Identity reset
[01:22:42] 🔄 Identity rotated (every 10 requests)
[01:22:42] [319/456] KCMA
[01:22:43] [320/456] CCMP
[01:22:44] [321/456] MTSU
[01:22:45] [322/456] SNGL
[01:22:47] [323/456] MMMC
[01:22:48] [324/456] MMAA
[01:22:49] [325/456] GCDM
[01:22:50] [326/456] KTMV
[01:22:51] [327/456] AETE
[01:22:52] [328/456] OMCS
[01:22:53] 🔄 Identity reset
[01:22:53] 🔄 Identity rotated (every 10 requests)
[01:22:53] [329/456] GDCD
[01:22:54] [330/456] NYMD
[01:22:55] [331/456] RNCV
[01:22:56] [332/456] KKMT
[01:22:56] [333/456] GDTH
[01:22:57] [334/456] KMMV
[01:22:58] [335/456] NHCG
[01:22:59] [336/456] PJDW
[01:23:00] [337/456] MMCV
[01:23:01] [338/456] FQSA
[01:23:02] 🔄 Identity reset
[01:23:02] 🔄 Identity rotated (every 10 requests)
[01:23:02] [339/456] KURL
[01:23:03] [340/456] NNNX
[01:23:04] [341/456] AMAU
[01:23:05] [342/456] VVVM
[01:23:06] [343/456] VECU
[01:23:07] [344/456] WCVR
[01:23:07] [345/456] MTGG
[01:23:08] [346/456] SGTG
[01:23:09] [347/456] MNTG
[01:23:10] [348/456] JDDG
[01:23:11] 🔄 Identity reset
[01:23:11] 🔄 Identity rotated (every 10 requests)
[01:23:11] [349/456] MBTK
[01:23:12] [350/456] SGCD
[01:23:13] [351/456] MCTC
[01:23:14] [352/456] JTPC
[01:23:14] [353/456] SDKT
[01:23:16] [354/456] KRCC
[01:23:17] [355/456] RMMD
[01:23:18] [356/456] AAME
[01:23:18] [357/456] TMWC
[01:23:19] [358/456] NRWY
[01:23:20] 🔄 Identity reset
[01:23:20] 🔄 Identity rotated (every 10 requests)
[01:23:20] [359/456] CITD
[01:23:21] [360/456] VERD
[01:23:22] [361/456] MKSK
[01:23:23] [362/456] STSM
[01:23:24] [363/456] MJDG
[01:23:25] [364/456] RKPM
[01:23:26] [365/456] SSCE
[01:23:27] [366/456] VMAE
[01:23:28] [367/456] SBRU
[01:23:28] [368/456] AMBC
[01:23:29] 🔄 Identity reset
[01:23:29] 🔄 Identity rotated (every 10 requests)
[01:23:29] [369/456] AMLU
[01:23:31] [370/456] INVZ
[01:23:31] [371/456] LGTV
[01:23:32] [372/456] SVAD
[01:23:33] [373/456] SMSA
[01:23:34] [374/456] SPCZ
[01:23:36] [375/456] GTCX
[01:23:37] [376/456] SCSL
[01:23:38] [377/456] SAHU
[01:23:39] [378/456] NCDA
[01:23:39] 🔄 Identity reset
[01:23:39] 🔄 Identity rotated (every 10 requests)
[01:23:40] [379/456] SCCG
[01:23:41] [380/456] VKTL
[01:23:42] [381/456] PUUJ
[01:23:42] [382/456] STEJ
[01:23:43] [383/456] RJAL
[01:23:44] [384/456] ACJC
[01:23:45] [385/456] ARVB
[01:23:46] [386/456] AUBB
[01:23:47] [387/456] GDBR
[01:23:48] [388/456] PVND
[01:23:49] 🔄 Identity reset
[01:23:49] 🔄 Identity rotated (every 10 requests)
[01:23:49] [389/456] BGRJ
[01:23:50] [390/456] RJMM
[01:23:51] [391/456] MCSA
[01:23:52] [392/456] BODA
[01:23:53] [393/456] JAGG
[01:23:53] [394/456] SCGA
[01:23:54] [395/456] LRCM
[01:23:55] [396/456] CPCN
[01:23:56] [397/456] SSTF
[01:23:57] [398/456] SRXP
[01:23:58] 🔄 Identity reset
[01:23:58] 🔄 Identity rotated (every 10 requests)
[01:23:58] [399/456] CNFX
[01:23:59] [400/456] ANDI
[01:24:00] [401/456] SYEW
[01:24:01] [402/456] RCRE
[01:24:02] [403/456] SCRW
[01:24:03] [404/456] MBKR
[01:24:04] [405/456] ASNT
[01:24:05] [406/456] JTMT
[01:24:06] [407/456] SHAY
[01:24:07] [408/456] VRTH
[01:24:08] 🔄 Identity reset
[01:24:08] 🔄 Identity rotated (every 10 requests)
[01:24:08] [409/456] SPTI
[01:24:09] [410/456] DPTD
[01:24:10] [411/456] TGSN
[01:24:11] [412/456] RCWV
[01:24:12] [413/456] OCUR
[01:24:13] [414/456] KSTC
[01:24:14] [415/456] SANI
[01:24:15] [416/456] MLCA
[01:24:16] [417/456] EGCA
[01:24:16] [418/456] SYSN
[01:24:17] 🔄 Identity reset
[01:24:17] 🔄 Identity rotated (every 10 requests)
[01:24:17] [419/456] PKTA
[01:24:18] [420/456] PRCC
[01:24:19] [421/456] KSTR
[01:24:20] [422/456] SNTP
[01:24:21] [423/456] RCHA
[01:24:22] [424/456] SEEA
[01:24:23] [425/456] ALAT
[01:24:24] [426/456] AATV
[01:24:25] [427/456] RJTE
[01:24:26] [428/456] AAPP
[01:24:27] 🔄 Identity reset
[01:24:27] 🔄 Identity rotated (every 10 requests)
[01:24:27] [429/456] PMMH
[01:24:28] [430/456] INRJ
[01:24:29] [431/456] SARB
[01:24:29] [432/456] PCJL
[01:24:31] [433/456] PFJJ
[01:24:32] [434/456] GRDC
[01:24:33] [435/456] BCBA
[01:24:34] [436/456] VIXL
[01:24:34] [437/456] CSTL
[01:24:35] [438/456] MTDK
[01:24:36] 🔄 Identity reset
[01:24:36] 🔄 Identity rotated (every 10 requests)
[01:24:36] [439/456] TDAC
[01:24:37] [440/456] GTDN
[01:24:38] [441/456] TTDE
[01:24:39] [442/456] ASTS
[01:24:40] [443/456] CPNS
[01:24:41] [444/456] PVVW
[01:24:42] [445/456] USEB
[01:24:43] [446/456] DTYN
[01:24:44] [447/456] PVLE
[01:24:45] [448/456] CIPS
[01:24:46] 🔄 Identity reset
[01:24:46] 🔄 Identity rotated (every 10 requests)
[01:24:46] [449/456] PAEG
[01:24:48] [450/456] PTCW
[01:24:49] [451/456] G3SR
[01:24:50] [452/456] PGND
[01:24:51] [453/456] INVM
[01:24:52] [454/456] SPIA
[01:24:52] [455/456] PCSN
[01:24:53] [456/456] PPGV
[01:24:54] ✅ DONE | Shows=12 | Movies=2
