[00:17:28] 🚀 BMS DAILY TRACKER STARTED (enhanced anti‑detection)
[00:17:28] [1/458] MBDC
[00:17:29] 🧠 New identity created
[00:17:29] [2/458] CHKM
[00:17:30] [3/458] JTKZ
[00:17:31] [4/458] CMCT
[00:17:32] [5/458] ASHO
[00:17:33] [6/458] ECDG
[00:17:34] [7/458] SPAT
[00:17:35] [8/458] HILC
[00:17:35] [9/458] SPPH
[00:17:36] [10/458] SBHN
[00:17:37] 🔄 Identity reset
[00:17:37] 🔄 Identity rotated (every 10 requests)
[00:17:37] [11/458] RRCA
[00:17:38] [12/458] APAA
[00:17:39] [13/458] RAME
[00:17:40] [14/458] TMMS
[00:17:41] [15/458] BATK
[00:17:42] [16/458] LKOP
[00:17:43] [17/458] AMTT
[00:17:44] [18/458] PTGK
[00:17:45] [19/458] ANRS
[00:17:46] [20/458] VWBW
[00:17:46] 🔄 Identity reset
[00:17:46] 🔄 Identity rotated (every 10 requests)
[00:17:47] [21/458] SVFG
[00:17:48] [22/458] STAT
[00:17:48] [23/458] GDCV
[00:17:49] [24/458] VEBI
[00:17:50] [25/458] VDSS
[00:17:51] [26/458] NTHV
[00:17:56] [27/458] AOCH
[00:17:57] [28/458] KASR
[00:17:58] [29/458] AYCS
[00:17:59] [30/458] SHAI
[00:17:59] 🔄 Identity reset
[00:17:59] 🔄 Identity rotated (every 10 requests)
[00:18:00] [31/458] SKPE
[00:18:02] [32/458] SBTA
[00:18:03] [33/458] RTTD
[00:18:03] [34/458] CCJD
[00:18:04] [35/458] RSJJ
[00:18:05] [36/458] RKND
[00:18:06] [37/458] SVTX
[00:18:07] [38/458] BAKM
[00:18:08] [39/458] SVDC
[00:18:09] [40/458] MNCV
[00:18:10] 🔄 Identity reset
[00:18:10] 🔄 Identity rotated (every 10 requests)
[00:18:10] [41/458] SJGC
[00:18:11] [42/458] MTPK
[00:18:12] [43/458] GATP
[00:18:14] [44/458] ABTS
[00:18:14] [45/458] ABDE
[00:18:15] [46/458] RCNM
[00:18:17] [47/458] KTHV
[00:18:18] [48/458] MDGJ
[00:18:19] [49/458] SMLM
[00:18:20] [50/458] JTMA
[00:18:20] 🔄 Identity reset
[00:18:21] 🔄 Identity rotated (every 10 requests)
[00:18:21] [51/458] ACKP
[00:18:22] [52/458] SRTA
[00:18:23] [53/458] STAY
[00:18:24] [54/458] MAVO
[00:18:25] [55/458] APTS
[00:18:25] [56/458] OMEA
[00:18:26] [57/458] TTFD
[00:18:27] [58/458] MJCU
[00:18:28] [59/458] CXTE
[00:18:29] [60/458] CTPX
[00:18:30] 🔄 Identity reset
[00:18:30] 🔄 Identity rotated (every 10 requests)
[00:18:31] [61/458] ASSL
[00:18:32] [62/458] CMVB
[00:18:33] [63/458] VPUR
[00:18:34] [64/458] JJDA
[00:18:35] [65/458] INBL
[00:18:35] [66/458] BIKB
[00:18:36] [67/458] NTBB
[00:18:38] [68/458] GLOB
[00:18:39] [69/458] SNTB
[00:18:41] [70/458] CHGV
[00:18:41] 🔄 Identity reset
[00:18:41] 🔄 Identity rotated (every 10 requests)
[00:18:42] [71/458] SSBZ
[00:18:42] [72/458] PRDB
[00:18:43] [73/458] ISMT
[00:18:44] [74/458] MCSD
[00:18:45] [75/458] JBTT
[00:18:47] [76/458] GEKR
[00:18:48] [77/458] PVUN
[00:18:48] [78/458] NRTB
[00:18:49] [79/458] PRAA
[00:18:50] [80/458] PCBL
[00:18:51] 🔄 Identity reset
[00:18:51] 🔄 Identity rotated (every 10 requests)
[00:18:51] [81/458] PTCM
[00:18:52] [82/458] KHNN
[00:18:53] [83/458] OMJE
[00:18:54] [84/458] STGN
[00:18:55] [85/458] RPMS
[00:18:56] [86/458] NWAD
[00:18:57] [87/458] BLCK
[00:18:57] [88/458] SVAA
[00:18:58] [89/458] URVM
[00:18:59] [90/458] ANTM
[00:18:59] 🔄 Identity reset
[00:18:59] 🔄 Identity rotated (every 10 requests)
[00:19:00] [91/458] VJYM
[00:19:01] [92/458] MAZZ
[00:19:02] [93/458] CSHM
[00:19:03] [94/458] WGMH
[00:19:04] [95/458] SALN
[00:19:05] [96/458] BRTP
[00:19:06] [97/458] SVTA
[00:19:07] [98/458] SBTP
[00:19:08] [99/458] VLSS
[00:19:09] [100/458] SRJA
[00:19:10] 🔄 Identity reset
[00:19:10] 🔄 Identity rotated (every 10 requests)
[00:19:11] [101/458] ANCG
[00:19:12] [102/458] CGGC
[00:19:13] [103/458] CRJA
[00:19:14] [104/458] USCR
[00:19:15] [105/458] MMEF
[00:19:16] [106/458] JCRJ
[00:19:18] [107/458] ADCM
[00:19:20] [108/458] BMYK
[00:19:21] [109/458] KICS
[00:19:22] [110/458] MBBT
[00:19:22] 🔄 Identity reset
[00:19:22] 🔄 Identity rotated (every 10 requests)
[00:19:23] [111/458] MACK
[00:19:24] [112/458] CLDR
[00:19:24] [113/458] JYCR
[00:19:25] [114/458] DCRP
[00:19:26] [115/458] RAHT
[00:19:27] [116/458] CSSM
[00:19:28] [117/458] ATPK
[00:19:29] [118/458] KLRT
[00:19:30] [119/458] SRDD
[00:19:31] [120/458] CKMC
[00:19:32] 🔄 Identity reset
[00:19:32] 🔄 Identity rotated (every 10 requests)
[00:19:32] [121/458] KRVM
[00:19:33] [122/458] AKCP
[00:19:34] [123/458] CNCV
[00:19:35] [124/458] PACT
[00:19:36] [125/458] NATP
[00:19:37] [126/458] PCPK
[00:19:38] [127/458] SMHO
[00:19:39] [128/458] CWTK
[00:19:40] [129/458] RVKZ
[00:19:41] [130/458] ASPD
[00:19:42] 🔄 Identity reset
[00:19:42] 🔄 Identity rotated (every 10 requests)
[00:19:42] [131/458] VTKZ
[00:19:43] [132/458] LCSO
[00:19:44] [133/458] PRDY
[00:19:45] [134/458] RCAP
[00:19:47] [135/458] RGAR
[00:19:48] [136/458] RCAC
[00:19:49] [137/458] PMOD
[00:19:50] [138/458] PVCN
[00:19:51] [139/458] SCRZ
[00:19:51] [140/458] PVPC
[00:19:52] 🔄 Identity reset
[00:19:52] 🔄 Identity rotated (every 10 requests)
[00:19:52] [141/458] STID
[00:19:53] [142/458] NEDD
[00:19:54] [143/458] BNBA
[00:19:55] [144/458] NTCD
[00:19:57] [145/458] OCDE
[00:19:58] [146/458] CCDU
[00:19:59] [147/458] CRXH
[00:20:00] [148/458] VLVT
[00:20:01] [149/458] CICI
[00:20:01] [150/458] SUCB
[00:20:02] 🔄 Identity reset
[00:20:02] 🔄 Identity rotated (every 10 requests)
[00:20:02] [151/458] TCBP
[00:20:03] [152/458] SCCY
[00:20:04] [153/458] LXCY
[00:20:05] [154/458] NCMD
[00:20:07] [155/458] PHCS
[00:20:08] [156/458] DUXR
[00:20:10] [157/458] VNKS
[00:20:11] [158/458] SEDP
[00:20:12] [159/458] SVEN
[00:20:13] [160/458] SRKM
[00:20:13] 🔄 Identity reset
[00:20:13] 🔄 Identity rotated (every 10 requests)
[00:20:14] [161/458] JTLT
[00:20:15] [162/458] SVSS
[00:20:16] [163/458] AMDE
[00:20:17] [164/458] WVRN
[00:20:17] [165/458] ISMG
[00:20:18] [166/458] WVKS
[00:20:19] [167/458] USCG
[00:20:20] [168/458] IOTG
[00:20:21] [169/458] RRJM
[00:20:23] [170/458] EDMP
[00:20:23] 🔄 Identity reset
[00:20:23] 🔄 Identity rotated (every 10 requests)
[00:20:23] [171/458] SCGZ
[00:20:24] [172/458] GMGX
[00:20:25] [173/458] OMTP
[00:20:26] [174/458] MITD
[00:20:28] [175/458] SMMD
[00:20:29] [176/458] STML
[00:20:30] [177/458] MCFS
[00:20:31] [178/458] FPKA
[00:20:32] [179/458] OMLR
[00:20:33] [180/458] KKSC
[00:20:34] 🔄 Identity reset
[00:20:34] 🔄 Identity rotated (every 10 requests)
[00:20:34] [181/458] RVMA
[00:20:35] [182/458] SCLL
[00:20:36] [183/458] SCDK
[00:20:37] [184/458] SXMI
[00:20:38] [185/458] SHDN
[00:20:38] [186/458] PAAD
[00:20:39] [187/458] UUCB
[00:20:40] [188/458] JHOL
[00:20:42] [189/458] SGWT
[00:20:43] [190/458] SRII
[00:20:44] 🔄 Identity reset
[00:20:44] 🔄 Identity rotated (every 10 requests)
[00:20:44] [191/458] SGCK
[00:20:45] [192/458] SVVB
[00:20:46] [193/458] DMHA
[00:20:47] [194/458] PPNL
[00:20:47] [195/458] CPNL
[00:20:48] [196/458] WVLD
[00:20:49] [197/458] PSLV
[00:20:50] [198/458] VTTL
[00:20:51] [199/458] NPAD
[00:20:53] [200/458] PVCS
[00:20:53] 🔄 Identity reset
[00:20:53] 🔄 Identity rotated (every 10 requests)
[00:20:54] [201/458] MCHL
[00:20:55] [202/458] PPLL
[00:20:56] [203/458] MALO
[00:20:56] [204/458] SWBH
[00:20:57] [205/458] PUGB
[00:20:58] [206/458] INBB
[00:20:59] [207/458] INNS
[00:21:00] [208/458] MCPT
[00:21:01] [209/458] SCMI
[00:21:02] [210/458] OCON
[00:21:03] 🔄 Identity reset
[00:21:03] 🔄 Identity rotated (every 10 requests)
[00:21:03] 🔄 Retry 1/5 for OCON in 2.8s
[00:21:03] 🔄 Identity reset
[00:21:06] 🧠 New identity created
[00:21:06] [211/458] SCSM
[00:21:07] [212/458] RJVN
[00:21:09] [213/458] AMDK
[00:21:09] [214/458] ISMR
[00:21:11] [215/458] SMTD
[00:21:11] [216/458] VTDD
[00:21:13] [217/458] PDDZ
[00:21:14] [218/458] PCCK
[00:21:15] [219/458] INAM
[00:21:16] 🔄 Identity reset
[00:21:16] 🔄 Identity rotated (every 10 requests)
[00:21:16] [220/458] FNKT
[00:21:17] [221/458] GDKA
[00:21:18] [222/458] MAYU
[00:21:19] [223/458] TCGU
[00:21:21] [224/458] KDCA
[00:21:22] [225/458] DOMY
[00:21:23] [226/458] PDDD
[00:21:24] [227/458] BJTS
[00:21:25] [228/458] VTCA
[00:21:26] [229/458] SBTM
[00:21:26] 🔄 Identity reset
[00:21:26] 🔄 Identity rotated (every 10 requests)
[00:21:27] [230/458] SEET
[00:21:27] [231/458] SSTJ
[00:21:28] [232/458] SVNT
[00:21:29] [233/458] PPPR
[00:21:30] [234/458] PVYS
[00:21:32] [235/458] IOSE
[00:21:32] [236/458] ACTV
[00:21:33] [237/458] APVE
[00:21:34] [238/458] TCCL
[00:21:35] [239/458] SCMO
[00:21:36] 🔄 Identity reset
[00:21:36] 🔄 Identity rotated (every 10 requests)
[00:21:36] [240/458] SAUM
[00:21:37] [241/458] KCJS
[00:21:38] [242/458] NJCJ
[00:21:40] [243/458] NECF
[00:21:40] [244/458] CCGW
[00:21:41] [245/458] CCMG
[00:21:42] [246/458] NYRG
[00:21:43] [247/458] NCSQ
[00:21:44] [248/458] GRCG
[00:21:45] [249/458] CCBT
[00:21:45] 🔄 Identity reset
[00:21:45] 🔄 Identity rotated (every 10 requests)
[00:21:46] [250/458] ACGA
[00:21:46] [251/458] INAG
[00:21:47] [252/458] FUCG
[00:21:48] [253/458] AICF
[00:21:49] [254/458] GRGA
[00:21:50] [255/458] GDCN
[00:21:51] [256/458] RRCG
[00:21:52] [257/458] SDCH
[00:21:53] [258/458] WVJM
[00:21:54] [259/458] JCCZ
[00:21:54] 🔄 Identity reset
[00:21:54] 🔄 Identity rotated (every 10 requests)
[00:21:55] [260/458] CNCL
[00:21:56] [261/458] TMLV
[00:21:57] [262/458] MEMB
[00:21:58] [263/458] SGTD
[00:21:58] [264/458] CONX
[00:21:59] [265/458] CCMH
[00:22:00] [266/458] ACMC
[00:22:01] [267/458] DTPD
[00:22:02] [268/458] POJA
[00:22:03] [269/458] FNBH
[00:22:03] 🔄 Identity reset
[00:22:03] 🔄 Identity rotated (every 10 requests)
[00:22:04] [270/458] CGCB
[00:22:05] [271/458] RACN
[00:22:06] [272/458] JTSM
[00:22:07] [273/458] SCDN
[00:22:08] [274/458] AACK
[00:22:08] [275/458] RMCE
[00:22:09] [276/458] BSGB
[00:22:10] [277/458] MRCB
[00:22:11] [278/458] SRVR
[00:22:13] [279/458] VTKK
[00:22:13] 🔄 Identity reset
[00:22:13] 🔄 Identity rotated (every 10 requests)
[00:22:15] [280/458] AMST
[00:22:15] [281/458] APCY
[00:22:17] [282/458] LMHO
[00:22:18] [283/458] MTZH
[00:22:18] [284/458] AMZB
[00:22:19] [285/458] SUVT
[00:22:20] [286/458] RCIP
[00:22:21] [287/458] KESR
[00:22:22] [288/458] SNKC
[00:22:23] [289/458] SCED
[00:22:23] 🔄 Identity reset
[00:22:23] 🔄 Identity rotated (every 10 requests)
[00:22:24] [290/458] DVCA
[00:22:25] [291/458] VCDT
[00:22:26] [292/458] RRDI
[00:22:26] [293/458] DFCH
[00:22:27] [294/458] INSC
[00:22:29] [295/458] RGTR
[00:22:30] [296/458] FMOT
[00:22:31] [297/458] SCPM
[00:22:31] [298/458] GCDT
[00:22:32] [299/458] BRKT
[00:22:33] 🔄 Identity reset
[00:22:33] 🔄 Identity rotated (every 10 requests)
[00:22:34] [300/458] DEMP
[00:22:35] [301/458] SRLC
[00:22:36] [302/458] KSTT
[00:22:37] [303/458] SMMT
[00:22:38] [304/458] SILM
[00:22:39] [305/458] JCVM
[00:22:40] [306/458] KCSV
[00:22:41] [307/458] MHLK
[00:22:42] [308/458] SLVL
[00:22:43] [309/458] RJKP
[00:22:44] 🔄 Identity reset
[00:22:44] 🔄 Identity rotated (every 10 requests)
[00:22:45] [310/458] BBPC
[00:22:46] [311/458] MXCB
[00:22:47] [312/458] TCPK
[00:22:48] [313/458] RTBR
[00:22:49] [314/458] GAUT
[00:22:50] [315/458] DVCF
[00:22:51] [316/458] JTSB
[00:22:52] [317/458] SBLS
[00:22:52] [318/458] UDAY
[00:22:53] [319/458] PTNP
[00:22:54] 🔄 Identity reset
[00:22:54] 🔄 Identity rotated (every 10 requests)
[00:22:54] [320/458] DMKT
[00:22:55] [321/458] NTDT
[00:22:56] [322/458] SHDJ
[00:22:57] [323/458] OTNC
[00:22:59] [324/458] RNTW
[00:23:00] [325/458] GCMI
[00:23:01] [326/458] CRCM
[00:23:02] [327/458] NNCZ
[00:23:03] [328/458] OEMO
[00:23:05] [329/458] PVJM
[00:23:06] 🔄 Identity reset
[00:23:06] 🔄 Identity rotated (every 10 requests)
[00:23:06] [330/458] CPJI
[00:23:07] [331/458] RMCJ
[00:23:08] [332/458] CNWJ
[00:23:08] [333/458] EPJM
[00:23:09] [334/458] FNJJ
[00:23:10] [335/458] GCMJ
[00:23:12] [336/458] INPS
[00:23:14] [337/458] BICJ
[00:23:15] [338/458] ISTJ
[00:23:16] [339/458] INJC
[00:23:16] 🔄 Identity reset
[00:23:16] 🔄 Identity rotated (every 10 requests)
[00:23:17] [340/458] GLXJ
[00:23:19] [341/458] INEM
[00:23:20] [342/458] JTMN
[00:23:21] [343/458] FRCJ
[00:23:22] [344/458] DDJP
[00:23:23] [345/458] INJV
[00:23:25] [346/458] GOLC
[00:23:26] [347/458] KOCI
[00:23:27] [348/458] FSTD
[00:23:27] [349/458] PACJ
[00:23:28] 🔄 Identity reset
[00:23:28] 🔄 Identity rotated (every 10 requests)
[00:23:28] [350/458] GMCN
[00:23:29] [351/458] MMDJ
[00:23:30] [352/458] GODH
[00:23:31] [353/458] SKYN
[00:23:32] [354/458] NCTH
[00:23:33] [355/458] SKVZ
[00:23:33] [356/458] SVML
[00:23:34] [357/458] ACVZ
[00:23:35] [358/458] SURA
[00:23:36] [359/458] RTRB
[00:23:37] 🔄 Identity reset
[00:23:37] 🔄 Identity rotated (every 10 requests)
[00:23:37] [360/458] LLCT
[00:23:38] [361/458] ATTS
[00:23:39] [362/458] JYCM
[00:23:40] [363/458] CTKR
[00:23:41] [364/458] LCKR
[00:23:42] [365/458] NYCV
[00:23:43] [366/458] NYOH
[00:23:44] [367/458] NOVX
[00:23:46] [368/458] MRGK
[00:23:47] [369/458] MOON
[00:23:47] 🔄 Identity reset
[00:23:48] 🔄 Identity rotated (every 10 requests)
[00:23:48] [370/458] SBUC
[00:23:50] [371/458] GSVA
[00:23:50] [372/458] VIAK
[00:23:51] [373/458] SMVZ
[00:23:52] [374/458] MATE
[00:23:53] [375/458] RDCN
[00:23:54] [376/458] ASBL
[00:23:55] [377/458] ASVS
[00:23:56] [378/458] ASSR
[00:23:57] [379/458] SSKN
[00:23:57] 🔄 Identity reset
[00:23:57] 🔄 Identity rotated (every 10 requests)
[00:23:58] [380/458] DRPV
[00:23:58] [381/458] MRHT
[00:23:59] [382/458] BSCN
[00:24:00] [383/458] RKNX
[00:24:01] [384/458] MSMC
[00:24:02] [385/458] MSCJ
[00:24:03] [386/458] BTBJ
[00:24:04] [387/458] MJCC
[00:24:05] [388/458] IOMM
[00:24:06] [389/458] ADGR
[00:24:06] 🔄 Identity reset
[00:24:06] 🔄 Identity rotated (every 10 requests)
[00:24:07] [390/458] MYCP
[00:24:08] [391/458] IGCM
[00:24:09] [392/458] PGRK
[00:24:10] [393/458] VPGO
[00:24:11] [394/458] KOMS
[00:24:12] [395/458] URGG
[00:24:13] [396/458] GOST
[00:24:14] [397/458] LACT
[00:24:15] [398/458] BWCM
[00:24:15] [399/458] NCCW
[00:24:16] 🔄 Identity reset
[00:24:16] 🔄 Identity rotated (every 10 requests)
[00:24:17] [400/458] SKYC
[00:24:19] [401/458] CCPM
[00:24:20] [402/458] VCBT
[00:24:21] [403/458] SDKR
[00:24:22] [404/458] CTYB
[00:24:23] [405/458] SHCX
[00:24:24] [406/458] RCUN
[00:24:25] [407/458] CNRA
[00:24:26] [408/458] RFCA
[00:24:27] [409/458] RDCU
[00:24:28] 🔄 Identity reset
[00:24:28] 🔄 Identity rotated (every 10 requests)
[00:24:28] [410/458] SARK
[00:24:30] [411/458] SPPP
[00:24:31] [412/458] ADMB
[00:24:32] [413/458] JYOE
[00:24:33] [414/458] SRMD
[00:24:34] [415/458] RJDH
[00:24:35] [416/458] SSTD
[00:24:36] [417/458] AACV
[00:24:37] [418/458] PPVD
[00:24:38] [419/458] STCP
[00:24:39] 🔄 Identity reset
[00:24:39] 🔄 Identity rotated (every 10 requests)
[00:24:39] [420/458] ANLS
[00:24:40] [421/458] BIJO
[00:24:42] [422/458] AVAB
[00:24:43] [423/458] SPMD
[00:24:44] [424/458] SVJL
[00:24:45] [425/458] SDDJ
[00:24:46] [426/458] SLTU
[00:24:48] [427/458] SAKA
[00:24:49] [428/458] PMAM
[00:24:50] [429/458] FNAM
[00:24:50] 🔄 Identity reset
[00:24:50] 🔄 Identity rotated (every 10 requests)
[00:24:51] [430/458] ACAM
[00:24:52] [431/458] SCMM
[00:24:52] [432/458] PMAK
[00:24:54] [433/458] NYSA
[00:24:55] [434/458] FCPA
[00:24:56] [435/458] GDAN
[00:24:56] [436/458] RSCA
[00:24:57] [437/458] DMAN
[00:24:58] [438/458] DZCM
[00:24:59] [439/458] NSGL
[00:25:00] 🔄 Identity reset
[00:25:00] 🔄 Identity rotated (every 10 requests)
[00:25:00] [440/458] CCPP
[00:25:01] [441/458] PSMG
[00:25:02] [442/458] GSER
[00:25:03] [443/458] FCCT
[00:25:04] [444/458] FCTB
[00:25:05] [445/458] LCNK
[00:25:06] [446/458] SKTY
[00:25:07] [447/458] INAA
[00:25:07] [448/458] RCWN
[00:25:08] [449/458] VAIS
[00:25:09] 🔄 Identity reset
[00:25:09] 🔄 Identity rotated (every 10 requests)
[00:25:09] [450/458] CVMN
[00:25:11] [451/458] INTS
[00:25:11] [452/458] FRGS
[00:25:12] [453/458] DTCK
[00:25:13] [454/458] MCMH
[00:25:14] [455/458] ECRR
[00:25:15] [456/458] RLLP
[00:25:16] [457/458] CCSN
[00:25:17] [458/458] CCBA
[00:25:18] ✅ DONE | Shows=2 | Movies=2
