[00:17:22] 🚀 BMS DAILY TRACKER STARTED (enhanced anti‑detection)
[00:17:22] [1/459] NECA
[00:17:23] 🧠 New identity created
[00:17:24] [2/459] BJLC
[00:17:26] [3/459] BASU
[00:17:27] [4/459] RUPI
[00:17:28] [5/459] LCBK
[00:17:29] [6/459] PMAC
[00:17:30] [7/459] AMLC
[00:17:31] [8/459] LICL
[00:17:31] [9/459] UDMM
[00:17:32] [10/459] STBZ
[00:17:33] 🔄 Identity reset
[00:17:33] 🔄 Identity rotated (every 10 requests)
[00:17:34] [11/459] UUBT
[00:17:35] [12/459] SJKC
[00:17:36] [13/459] TUAL
[00:17:37] [14/459] MRSE
[00:17:38] [15/459] RMRK
[00:17:39] [16/459] TTKP
[00:17:40] [17/459] KTKO
[00:17:41] [18/459] SDBK
[00:17:42] [19/459] MCPR
[00:17:43] [20/459] CHTI
[00:17:43] 🔄 Identity reset
[00:17:43] 🔄 Identity rotated (every 10 requests)
[00:17:44] [21/459] GCCP
[00:17:45] [22/459] SRMY
[00:17:46] [23/459] NYST
[00:17:47] [24/459] NYAG
[00:17:47] [25/459] SBMT
[00:17:49] [26/459] INGA
[00:17:50] [27/459] WSIC
[00:17:52] [28/459] SCSS
[00:17:53] [29/459] COPG
[00:17:54] [30/459] RCGR
[00:17:55] 🔄 Identity reset
[00:17:55] 🔄 Identity rotated (every 10 requests)
[00:17:55] [31/459] TCZA
[00:17:56] [32/459] CNLP
[00:18:00] [33/459] CLKN
[00:18:01] [34/459] LHDF
[00:18:02] [35/459] ELKC
[00:18:03] [36/459] VCEM
[00:18:04] [37/459] SSZA
[00:18:05] [38/459] KRMT
[00:18:06] [39/459] LCMV
[00:18:07] [40/459] AYCZ
[00:18:07] 🔄 Identity reset
[00:18:07] 🔄 Identity rotated (every 10 requests)
[00:18:08] [41/459] CUMS
[00:18:09] [42/459] BOCK
[00:18:10] [43/459] PNMR
[00:18:10] [44/459] PJCP
[00:18:11] [45/459] JDDD
[00:18:12] [46/459] STMS
[00:18:13] [47/459] FLMB
[00:18:14] [48/459] PKCM
[00:18:15] [49/459] SPPR
[00:18:16] [50/459] EYLH
[00:18:17] 🔄 Identity reset
[00:18:17] 🔄 Identity rotated (every 10 requests)
[00:18:17] [51/459] RJCC
[00:18:18] [52/459] MMPS
[00:18:19] [53/459] SHMX
[00:18:21] [54/459] CCNL
[00:18:22] [55/459] RCNV
[00:18:23] [56/459] MAAG
[00:18:24] [57/459] LXCM
[00:18:25] [58/459] RCNI
[00:18:27] [59/459] SNNI
[00:18:28] [60/459] LALC
[00:18:28] 🔄 Identity reset
[00:18:28] 🔄 Identity rotated (every 10 requests)
[00:18:29] [61/459] SOCN
[00:18:30] [62/459] JHTP
[00:18:31] [63/459] PITP
[00:18:32] [64/459] CCKW
[00:18:33] [65/459] MCMC
[00:18:34] [66/459] DEES
[00:18:35] [67/459] SABT
[00:18:36] [68/459] VSPP
[00:18:38] [69/459] ABCT
[00:18:39] [70/459] JVTB
[00:18:39] 🔄 Identity reset
[00:18:39] 🔄 Identity rotated (every 10 requests)
[00:18:40] [71/459] VCBD
[00:18:41] [72/459] RMGG
[00:18:42] [73/459] RNMH
[00:18:43] [74/459] SPGL
[00:18:44] [75/459] JTTR
[00:18:45] [76/459] SICS
[00:18:46] [77/459] SRMI
[00:18:47] [78/459] SSIJ
[00:18:48] [79/459] KFMT
[00:18:49] [80/459] VBIT
[00:18:49] 🔄 Identity reset
[00:18:49] 🔄 Identity rotated (every 10 requests)
[00:18:50] [81/459] JKCT
[00:18:51] [82/459] GCGP
[00:18:51] [83/459] GDCS
[00:18:52] [84/459] TRBA
[00:18:53] [85/459] QUST
[00:18:55] [86/459] VSHM
[00:18:56] [87/459] SDCP
[00:18:56] [88/459] SNVS
[00:18:57] [89/459] NYTO
[00:18:58] [90/459] URWC
[00:18:59] 🔄 Identity reset
[00:18:59] 🔄 Identity rotated (every 10 requests)
[00:18:59] [91/459] GTWH
[00:19:01] [92/459] PFCM
[00:19:02] [93/459] KRTA
[00:19:03] [94/459] AXMC
[00:19:04] [95/459] EVMC
[00:19:05] [96/459] HGSM
[00:19:06] [97/459] ACVM
[00:19:07] [98/459] PSKL
[00:19:08] [99/459] RDMP
[00:19:09] [100/459] RHGH
[00:19:10] 🔄 Identity reset
[00:19:10] 🔄 Identity rotated (every 10 requests)
[00:19:10] [101/459] OMCM
[00:19:11] [102/459] DCCP
[00:19:12] [103/459] MCPB
[00:19:14] [104/459] ALCI
[00:19:15] [105/459] BLMX
[00:19:15] [106/459] BTMV
[00:19:16] [107/459] FVPN
[00:19:17] [108/459] CMAR
[00:19:18] [109/459] CEIM
[00:19:19] [110/459] CMVA
[00:19:20] 🔄 Identity reset
[00:19:20] 🔄 Identity rotated (every 10 requests)
[00:19:21] [111/459] CPIV
[00:19:22] [112/459] CNPE
[00:19:23] [113/459] COLV
[00:19:24] [114/459] DNNV
[00:19:26] [115/459] HCAD
[00:19:27] [116/459] TAKA
[00:19:28] [117/459] INVD
[00:19:29] [118/459] IRMM
[00:19:30] [119/459] INSE
[00:19:31] [120/459] MRSW
[00:19:31] 🔄 Identity reset
[00:19:31] 🔄 Identity rotated (every 10 requests)
[00:19:32] [121/459] MCVD
[00:19:33] [122/459] MCSO
[00:19:34] [123/459] PEVM
[00:19:34] [124/459] PVNL
[00:19:35] [125/459] PTCV
[00:19:36] [126/459] PRTC
[00:19:37] [127/459] RCVA
[00:19:38] [128/459] MTBN
[00:19:39] [129/459] LUCP
[00:19:40] [130/459] FMPT
[00:19:40] 🔄 Identity reset
[00:19:40] 🔄 Identity rotated (every 10 requests)
[00:19:41] [131/459] JLSL
[00:19:42] [132/459] SBHA
[00:19:43] [133/459] SHRC
[00:19:43] [134/459] AVPS
[00:19:44] [135/459] STPM
[00:19:45] [136/459] ATRD
[00:19:46] [137/459] VTED
[00:19:47] [138/459] ACAI
[00:19:49] [139/459] SMAE
[00:19:50] [140/459] VMAT
[00:19:50] 🔄 Identity reset
[00:19:50] 🔄 Identity rotated (every 10 requests)
[00:19:51] [141/459] LKCT
[00:19:51] [142/459] JTVK
[00:19:52] [143/459] PRTY
[00:19:53] [144/459] GETT
[00:19:54] [145/459] ESAP
[00:19:55] [146/459] NCPM
[00:19:56] [147/459] PCPA
[00:19:57] [148/459] MMOM
[00:19:58] [149/459] PHUP
[00:19:59] [150/459] CCPI
[00:20:00] 🔄 Identity reset
[00:20:00] 🔄 Identity rotated (every 10 requests)
[00:20:01] [151/459] CNTD
[00:20:02] [152/459] NLJR
[00:20:03] [153/459] SRNG
[00:20:03] [154/459] MHAL
[00:20:04] [155/459] PNSM
[00:20:05] [156/459] DRMY
[00:20:06] [157/459] CCMU
[00:20:07] [158/459] SCMY
[00:20:08] [159/459] PVSY
[00:20:09] [160/459] SDLM
[00:20:10] 🔄 Identity reset
[00:20:10] 🔄 Identity rotated (every 10 requests)
[00:20:10] [161/459] ICCM
[00:20:11] [162/459] PYSU
[00:20:12] [163/459] GATM
[00:20:13] [164/459] WOTM
[00:20:14] [165/459] RKTS
[00:20:15] [166/459] PMTY
[00:20:16] [167/459] LYMS
[00:20:17] [168/459] TGCA
[00:20:18] [169/459] DSTA
[00:20:19] [170/459] CNGE
[00:20:20] 🔄 Identity reset
[00:20:20] 🔄 Identity rotated (every 10 requests)
[00:20:20] [171/459] VSTG
[00:20:21] [172/459] GTCK
[00:20:22] [173/459] TGNT
[00:20:24] [174/459] ASLC
[00:20:25] [175/459] SSST
[00:20:25] [176/459] KBTT
[00:20:26] [177/459] HKCP
[00:20:28] [178/459] SWLC
[00:20:29] [179/459] RTND
[00:20:30] [180/459] PKKT
[00:20:31] 🔄 Identity reset
[00:20:31] 🔄 Identity rotated (every 10 requests)
[00:20:32] [181/459] HSTK
[00:20:33] [182/459] SPTT
[00:20:35] [183/459] IMPM
[00:20:36] [184/459] SCMV
[00:20:37] [185/459] SPCT
[00:20:38] [186/459] JBCA
[00:20:38] [187/459] ATTR
[00:20:40] [188/459] SPMT
[00:20:41] [189/459] LCTM
[00:20:42] [190/459] SCVL
[00:20:43] 🔄 Identity reset
[00:20:43] 🔄 Identity rotated (every 10 requests)
[00:20:43] [191/459] SCVT
[00:20:44] [192/459] KRIC
[00:20:45] [193/459] CTMG
[00:20:46] [194/459] ACNC
[00:20:47] [195/459] DMCK
[00:20:48] [196/459] KMTV
[00:20:49] [197/459] PFCJ
[00:20:50] [198/459] VNMD
[00:20:51] [199/459] VPCZ
[00:20:52] [200/459] SRYR
[00:20:52] 🔄 Identity reset
[00:20:52] 🔄 Identity rotated (every 10 requests)
[00:20:53] [201/459] SYTR
[00:20:54] [202/459] GATR
[00:20:55] [203/459] URTR
[00:20:56] [204/459] MKSM
[00:20:57] [205/459] VSMH
[00:20:58] [206/459] SKRJ
[00:21:00] [207/459] SSJR
[00:21:01] [208/459] SVSM
[00:21:02] [209/459] RUCM
[00:21:03] [210/459] PRKN
[00:21:03] 🔄 Identity reset
[00:21:03] 🔄 Identity rotated (every 10 requests)
[00:21:04] [211/459] RROH
[00:21:05] [212/459] SCTN
[00:21:06] [213/459] RTDM
[00:21:06] [214/459] ASRM
[00:21:07] [215/459] SKMD
[00:21:08] [216/459] SUTD
[00:21:09] [217/459] SADM
[00:21:10] [218/459] WCNR
[00:21:11] [219/459] CNED
[00:21:12] [220/459] MPDB
[00:21:12] 🔄 Identity reset
[00:21:13] 🔄 Identity rotated (every 10 requests)
[00:21:13] [221/459] KTBH
[00:21:14] [222/459] IDRM
[00:21:15] [223/459] PJJT
[00:21:16] [224/459] PFCV
[00:21:17] [225/459] AACT
[00:21:18] [226/459] AAAD
[00:21:18] [227/459] ANES
[00:21:20] [228/459] MNCA
[00:21:21] [229/459] RMGU
[00:21:22] [230/459] DLCN
[00:21:23] 🔄 Identity reset
[00:21:23] 🔄 Identity rotated (every 10 requests)
[00:21:23] [231/459] LJWT
[00:21:24] [232/459] MCBG
[00:21:25] [233/459] MYBG
[00:21:26] [234/459] GCCA
[00:21:27] [235/459] GCGA
[00:21:28] [236/459] ECGN
[00:21:29] [237/459] PRAB
[00:21:30] [238/459] PNMP
[00:21:31] [239/459] GCPT
[00:21:32] [240/459] ROYN
[00:21:33] 🔄 Identity reset
[00:21:33] 🔄 Identity rotated (every 10 requests)
[00:21:33] [241/459] VATM
[00:21:34] [242/459] KSNT
[00:21:35] [243/459] ACTC
[00:21:37] [244/459] PLTD
[00:21:38] [245/459] SKMK
[00:21:39] [246/459] CMTT
[00:21:40] [247/459] SMXP
[00:21:41] [248/459] SCMX
[00:21:43] [249/459] ACXN
[00:21:44] [250/459] ASWT
[00:21:45] 🔄 Identity reset
[00:21:45] 🔄 Identity rotated (every 10 requests)
[00:21:45] [251/459] VVVL
[00:21:46] [252/459] NAGO
[00:21:47] [253/459] SNCN
[00:21:48] [254/459] MCKP
[00:21:49] [255/459] SAMO
[00:21:50] [256/459] JBTV
[00:21:52] [257/459] DCVV
[00:21:54] [258/459] KMSV
[00:21:55] [259/459] KDCN
[00:21:55] [260/459] CNCP
[00:21:56] 🔄 Identity reset
[00:21:56] 🔄 Identity rotated (every 10 requests)
[00:21:56] [261/459] HAMC
[00:21:57] [262/459] CCVZ
[00:21:58] [263/459] NCCK
[00:21:59] [264/459] MCHR
[00:22:00] [265/459] SCHT
[00:22:01] [266/459] ESSH
[00:22:03] [267/459] CUJC
[00:22:04] [268/459] PECP
[00:22:05] [269/459] PMMI
[00:22:06] [270/459] PCCH
[00:22:06] 🔄 Identity reset
[00:22:06] 🔄 Identity rotated (every 10 requests)
[00:22:07] [271/459] PRPM
[00:22:08] [272/459] PVKL
[00:22:09] [273/459] CBSM
[00:22:10] [274/459] PVCZ
[00:22:11] [275/459] PCVV
[00:22:11] [276/459] CTMJ
[00:22:12] [277/459] RCPS
[00:22:14] [278/459] PCIT
[00:22:14] [279/459] FNCH
[00:22:16] [280/459] INZD
[00:22:16] 🔄 Identity reset
[00:22:16] 🔄 Identity rotated (every 10 requests)
[00:22:16] 🔄 Retry 1/5 for INZD in 2.9s
[00:22:16] 🔄 Identity reset
[00:22:19] 🧠 New identity created
[00:22:20] [281/459] INPC
[00:22:20] [282/459] LCZP
[00:22:21] [283/459] SMCB
[00:22:22] [284/459] PTSB
[00:22:23] [285/459] TPSI
[00:22:24] [286/459] KHMJ
[00:22:25] [287/459] RCCJ
[00:22:26] [288/459] NCJA
[00:22:27] [289/459] NCJN
[00:22:27] 🔄 Identity reset
[00:22:27] 🔄 Identity rotated (every 10 requests)
[00:22:28] [290/459] BTDP
[00:22:29] [291/459] PADY
[00:22:30] [292/459] NYBH
[00:22:31] [293/459] MTBR
[00:22:33] [294/459] KRBC
[00:22:33] [295/459] DKTI
[00:22:34] [296/459] ANAN
[00:22:35] [297/459] INBP
[00:22:36] [298/459] PATB
[00:22:37] [299/459] RGNT
[00:22:38] 🔄 Identity reset
[00:22:38] 🔄 Identity rotated (every 10 requests)
[00:22:38] [300/459] CGPM
[00:22:39] [301/459] INTN
[00:22:40] [302/459] MCMP
[00:22:41] [303/459] ASRG
[00:22:42] [304/459] CXJD
[00:22:43] [305/459] SPCP
[00:22:44] [306/459] CSTP
[00:22:45] [307/459] PKVC
[00:22:46] [308/459] ESCP
[00:22:47] [309/459] CAEP
[00:22:47] 🔄 Identity reset
[00:22:48] 🔄 Identity rotated (every 10 requests)
[00:22:48] 🔄 Retry 1/5 for CAEP in 2.8s
[00:22:48] 🔄 Identity reset
[00:22:50] 🧠 New identity created
[00:22:52] [310/459] CCSP
[00:22:53] [311/459] KTPC
[00:22:54] [312/459] DACA
[00:22:55] [313/459] NVKY
[00:22:56] [314/459] PTIN
[00:22:56] [315/459] SCIN
[00:22:57] [316/459] MCTY
[00:22:59] [317/459] PCMX
[00:23:00] [318/459] INIC
[00:23:00] 🔄 Identity reset
[00:23:00] 🔄 Identity rotated (every 10 requests)
[00:23:01] [319/459] MMZM
[00:23:02] [320/459] SSLP
[00:23:04] [321/459] DTDT
[00:23:05] [322/459] FFCX
[00:23:06] [323/459] RCMM
[00:23:06] [324/459] KYID
[00:23:07] [325/459] CSCI
[00:23:09] [326/459] FCMC
[00:23:10] [327/459] MMXI
[00:23:10] [328/459] ASTC
[00:23:11] 🔄 Identity reset
[00:23:11] 🔄 Identity rotated (every 10 requests)
[00:23:12] [329/459] CMRA
[00:23:12] [330/459] DICI
[00:23:13] [331/459] KDIN
[00:23:14] [332/459] PRFI
[00:23:15] [333/459] SVFC
[00:23:16] [334/459] UCPL
[00:23:17] [335/459] COOC
[00:23:18] [336/459] SCAL
[00:23:19] [337/459] SVFF
[00:23:20] [338/459] VCMG
[00:23:20] 🔄 Identity reset
[00:23:20] 🔄 Identity rotated (every 10 requests)
[00:23:21] [339/459] UUCT
[00:23:21] [340/459] GCSE
[00:23:22] [341/459] SUSC
[00:23:23] [342/459] MISC
[00:23:24] [343/459] RMBL
[00:23:26] [344/459] CMXN
[00:23:27] [345/459] PVBK
[00:23:28] [346/459] HHCG
[00:23:29] [347/459] SCAG
[00:23:29] [348/459] CNPR
[00:23:30] 🔄 Identity reset
[00:23:30] 🔄 Identity rotated (every 10 requests)
[00:23:31] [349/459] CSER
[00:23:32] [350/459] HLWD
[00:23:33] [351/459] BOLY
[00:23:34] [352/459] SSPG
[00:23:34] [353/459] MUPX
[00:23:35] [354/459] HAMR
[00:23:36] [355/459] SDNC
[00:23:37] [356/459] RTEN
[00:23:38] [357/459] SDTD
[00:23:39] [358/459] KAWS
[00:23:40] 🔄 Identity reset
[00:23:40] 🔄 Identity rotated (every 10 requests)
[00:23:40] [359/459] CMZX
[00:23:41] [360/459] DCDD
[00:23:42] [361/459] ALSN
[00:23:43] [362/459] IMXS
[00:23:44] [363/459] PVFF
[00:23:45] [364/459] PVOO
[00:23:46] [365/459] CFBS
[00:23:47] [366/459] PVER
[00:23:47] [367/459] PPNX
[00:23:49] [368/459] CNRM
[00:23:49] 🔄 Identity reset
[00:23:49] 🔄 Identity rotated (every 10 requests)
[00:23:50] [369/459] PVWW
[00:23:50] [370/459] INMB
[00:23:51] [371/459] CPJR
[00:23:52] [372/459] INRZ
[00:23:53] [373/459] PMSR
[00:23:54] [374/459] GPGM
[00:23:55] [375/459] PGWB
[00:23:56] [376/459] PMBR
[00:23:56] [377/459] GPAM
[00:23:58] [378/459] INBC
[00:23:59] 🔄 Identity reset
[00:23:59] 🔄 Identity rotated (every 10 requests)
[00:23:59] [379/459] PZVK
[00:24:00] [380/459] CPEB
[00:24:01] [381/459] FMLB
[00:24:02] [382/459] INBG
[00:24:03] [383/459] GPBR
[00:24:04] [384/459] PAAS
[00:24:05] [385/459] VTBR
[00:24:06] [386/459] GPMY
[00:24:07] [387/459] GYBU
[00:24:08] [388/459] INBJ
[00:24:08] 🔄 Identity reset
[00:24:09] 🔄 Identity rotated (every 10 requests)
[00:24:09] [389/459] LKTH
[00:24:10] [390/459] NSBR
[00:24:11] [391/459] PDRD
[00:24:12] [392/459] VRBL
[00:24:13] [393/459] VTGB
[00:24:14] [394/459] VTSK
[00:24:16] [395/459] BKDV
[00:24:17] [396/459] SVTB
[00:24:18] [397/459] MLDT
[00:24:19] [398/459] NRBL
[00:24:20] 🔄 Identity reset
[00:24:20] 🔄 Identity rotated (every 10 requests)
[00:24:20] [399/459] SLTR
[00:24:21] [400/459] VNKA
[00:24:22] [401/459] TDCA
[00:24:23] [402/459] INBM
[00:24:24] [403/459] SSNR
[00:24:25] [404/459] BHAC
[00:24:26] [405/459] SDSD
[00:24:27] [406/459] SAMP
[00:24:28] [407/459] RATK
[00:24:29] [408/459] KCBI
[00:24:30] 🔄 Identity reset
[00:24:30] 🔄 Identity rotated (every 10 requests)
[00:24:30] [409/459] URBL
[00:24:32] [410/459] MKBG
[00:24:32] [411/459] ASTB
[00:24:34] [412/459] VBWT
[00:24:35] [413/459] GPSM
[00:24:36] [414/459] ROON
[00:24:37] [415/459] CHTH
[00:24:38] [416/459] SSPA
[00:24:39] [417/459] ANBL
[00:24:40] [418/459] VTBE
[00:24:41] 🔄 Identity reset
[00:24:41] 🔄 Identity rotated (every 10 requests)
[00:24:41] [419/459] SVKT
[00:24:42] [420/459] SVYK
[00:24:43] [421/459] PTBK
[00:24:45] [422/459] RKTB
[00:24:45] [423/459] BALT
[00:24:46] [424/459] STSV
[00:24:47] [425/459] VCCB
[00:24:48] [426/459] SLTB
[00:24:49] [427/459] SBCR
[00:24:50] [428/459] VDCS
[00:24:51] 🔄 Identity reset
[00:24:51] 🔄 Identity rotated (every 10 requests)
[00:24:51] [429/459] MDKI
[00:24:52] [430/459] SMRN
[00:24:53] [431/459] PTBC
[00:24:54] [432/459] RADI
[00:24:55] [433/459] ADCR
[00:24:56] [434/459] SDCS
[00:24:57] [435/459] SRPJ
[00:24:58] [436/459] ARTS
[00:24:59] [437/459] SRHK
[00:25:00] [438/459] SPAY
[00:25:00] 🔄 Identity reset
[00:25:00] 🔄 Identity rotated (every 10 requests)
[00:25:00] [439/459] GPTB
[00:25:01] [440/459] SNNN
[00:25:02] [441/459] BALJ
[00:25:03] [442/459] TRIG
[00:25:04] [443/459] GTYT
[00:25:05] [444/459] ATGN
[00:25:06] [445/459] ANTE
[00:25:07] [446/459] BDCG
[00:25:08] [447/459] VECI
[00:25:09] [448/459] SCPR
[00:25:09] 🔄 Identity reset
[00:25:09] 🔄 Identity rotated (every 10 requests)
[00:25:10] [449/459] RTEA
[00:25:11] [450/459] JSAI
[00:25:13] [451/459] VJTP
[00:25:13] [452/459] GNDS
[00:25:14] [453/459] PAXA
[00:25:15] [454/459] CGGM
[00:25:16] [455/459] ACKZ
[00:25:18] [456/459] EMCC
[00:25:19] [457/459] KLSK
[00:25:20] [458/459] AVCK
[00:25:20] 🔄 Identity reset
[00:25:20] 🔄 Identity rotated (every 10 requests)
[00:25:21] [459/459] JTCK
[00:25:23] ✅ DONE | Shows=4 | Movies=2
[01:17:40] 🚀 BMS DAILY TRACKER STARTED (enhanced anti‑detection)
[01:17:40] [1/459] NECA
[01:17:40] 🧠 New identity created
[01:17:41] [2/459] BJLC
[01:17:42] [3/459] BASU
[01:17:42] [4/459] RUPI
[01:17:43] [5/459] LCBK
[01:17:44] [6/459] PMAC
[01:17:45] [7/459] AMLC
[01:17:47] [8/459] LICL
[01:17:48] [9/459] UDMM
[01:17:49] [10/459] STBZ
[01:17:49] 🔄 Identity reset
[01:17:49] 🔄 Identity rotated (every 10 requests)
[01:17:50] [11/459] UUBT
[01:17:51] [12/459] SJKC
[01:17:52] [13/459] TUAL
[01:17:53] [14/459] MRSE
[01:17:54] [15/459] RMRK
[01:17:55] [16/459] TTKP
[01:17:56] [17/459] KTKO
[01:17:57] [18/459] SDBK
[01:17:57] [19/459] MCPR
[01:17:59] [20/459] CHTI
[01:17:59] 🔄 Identity reset
[01:17:59] 🔄 Identity rotated (every 10 requests)
[01:18:00] [21/459] GCCP
[01:18:01] [22/459] SRMY
[01:18:02] [23/459] NYST
[01:18:03] [24/459] NYAG
[01:18:03] [25/459] SBMT
[01:18:05] [26/459] INGA
[01:18:06] [27/459] WSIC
[01:18:07] [28/459] SCSS
[01:18:07] [29/459] COPG
[01:18:09] [30/459] RCGR
[01:18:09] 🔄 Identity reset
[01:18:09] 🔄 Identity rotated (every 10 requests)
[01:18:10] [31/459] TCZA
[01:18:11] [32/459] CNLP
[01:18:11] [33/459] CLKN
[01:18:13] [34/459] LHDF
[01:18:14] [35/459] ELKC
[01:18:14] [36/459] VCEM
[01:18:15] [37/459] SSZA
[01:18:16] [38/459] KRMT
[01:18:18] [39/459] LCMV
[01:18:19] [40/459] AYCZ
[01:18:19] 🔄 Identity reset
[01:18:19] 🔄 Identity rotated (every 10 requests)
[01:18:20] [41/459] CUMS
[01:18:21] [42/459] BOCK
[01:18:22] [43/459] PNMR
[01:18:23] [44/459] PJCP
[01:18:24] [45/459] JDDD
[01:18:25] [46/459] STMS
[01:18:27] [47/459] FLMB
[01:18:28] [48/459] PKCM
[01:18:29] [49/459] SPPR
[01:18:30] [50/459] EYLH
[01:18:30] 🔄 Identity reset
[01:18:30] 🔄 Identity rotated (every 10 requests)
[01:18:30] [51/459] RJCC
[01:18:31] [52/459] MMPS
[01:18:32] [53/459] SHMX
[01:18:33] [54/459] CCNL
[01:18:34] [55/459] RCNV
[01:18:35] [56/459] MAAG
[01:18:36] [57/459] LXCM
[01:18:37] [58/459] RCNI
[01:18:38] [59/459] SNNI
[01:18:39] [60/459] LALC
[01:18:40] 🔄 Identity reset
[01:18:40] 🔄 Identity rotated (every 10 requests)
[01:18:40] [61/459] SOCN
[01:18:41] [62/459] JHTP
[01:18:42] [63/459] PITP
[01:18:43] [64/459] CCKW
[01:18:44] [65/459] MCMC
[01:18:44] [66/459] DEES
[01:18:45] [67/459] SABT
[01:18:46] [68/459] VSPP
[01:18:48] [69/459] ABCT
[01:18:49] [70/459] JVTB
[01:18:49] 🔄 Identity reset
[01:18:49] 🔄 Identity rotated (every 10 requests)
[01:18:50] [71/459] VCBD
[01:18:51] [72/459] RMGG
[01:18:51] [73/459] RNMH
[01:18:52] [74/459] SPGL
[01:18:54] [75/459] JTTR
[01:18:55] [76/459] SICS
[01:18:56] [77/459] SRMI
[01:18:57] [78/459] SSIJ
[01:18:58] [79/459] KFMT
[01:18:59] [80/459] VBIT
[01:19:00] 🔄 Identity reset
[01:19:00] 🔄 Identity rotated (every 10 requests)
[01:19:00] [81/459] JKCT
[01:19:01] [82/459] GCGP
[01:19:02] [83/459] GDCS
[01:19:03] [84/459] TRBA
[01:19:04] [85/459] QUST
[01:19:05] [86/459] VSHM
[01:19:06] [87/459] SDCP
[01:19:07] [88/459] SNVS
[01:19:08] [89/459] NYTO
[01:19:10] [90/459] URWC
[01:19:10] 🔄 Identity reset
[01:19:10] 🔄 Identity rotated (every 10 requests)
[01:19:11] [91/459] GTWH
[01:19:12] [92/459] PFCM
[01:19:13] [93/459] KRTA
[01:19:14] [94/459] AXMC
[01:19:14] [95/459] EVMC
[01:19:16] [96/459] HGSM
[01:19:17] [97/459] ACVM
[01:19:18] [98/459] PSKL
[01:19:19] [99/459] RDMP
[01:19:20] [100/459] RHGH
[01:19:20] 🔄 Identity reset
[01:19:20] 🔄 Identity rotated (every 10 requests)
[01:19:21] [101/459] OMCM
[01:19:21] [102/459] DCCP
[01:19:22] [103/459] MCPB
[01:19:23] [104/459] ALCI
[01:19:24] [105/459] BLMX
[01:19:25] [106/459] BTMV
[01:19:26] [107/459] FVPN
[01:19:26] [108/459] CMAR
[01:19:27] [109/459] CEIM
[01:19:28] [110/459] CMVA
[01:19:29] 🔄 Identity reset
[01:19:29] 🔄 Identity rotated (every 10 requests)
[01:19:29] [111/459] CPIV
[01:19:30] [112/459] CNPE
[01:19:31] [113/459] COLV
[01:19:32] [114/459] DNNV
[01:19:33] [115/459] HCAD
[01:19:34] [116/459] TAKA
[01:19:35] [117/459] INVD
[01:19:36] [118/459] IRMM
[01:19:37] [119/459] INSE
[01:19:38] [120/459] MRSW
[01:19:38] 🔄 Identity reset
[01:19:38] 🔄 Identity rotated (every 10 requests)
[01:19:39] [121/459] MCVD
[01:19:40] [122/459] MCSO
[01:19:41] [123/459] PEVM
[01:19:42] [124/459] PVNL
[01:19:43] [125/459] PTCV
[01:19:44] [126/459] PRTC
[01:19:45] [127/459] RCVA
[01:19:45] [128/459] MTBN
[01:19:46] [129/459] LUCP
[01:19:48] [130/459] FMPT
[01:19:48] 🔄 Identity reset
[01:19:48] 🔄 Identity rotated (every 10 requests)
[01:19:49] [131/459] JLSL
[01:19:50] [132/459] SBHA
[01:19:51] [133/459] SHRC
[01:19:52] [134/459] AVPS
[01:19:53] [135/459] STPM
[01:19:54] [136/459] ATRD
[01:19:55] [137/459] VTED
[01:19:56] [138/459] ACAI
[01:19:57] [139/459] SMAE
[01:19:58] [140/459] VMAT
[01:19:58] 🔄 Identity reset
[01:19:58] 🔄 Identity rotated (every 10 requests)
[01:19:59] [141/459] LKCT
[01:20:00] [142/459] JTVK
[01:20:00] [143/459] PRTY
[01:20:01] [144/459] GETT
[01:20:02] [145/459] ESAP
[01:20:03] [146/459] NCPM
[01:20:04] [147/459] PCPA
[01:20:05] [148/459] MMOM
[01:20:06] [149/459] PHUP
[01:20:07] [150/459] CCPI
[01:20:07] 🔄 Identity reset
[01:20:07] 🔄 Identity rotated (every 10 requests)
[01:20:08] [151/459] CNTD
[01:20:09] [152/459] NLJR
[01:20:10] [153/459] SRNG
[01:20:11] [154/459] MHAL
[01:20:11] [155/459] PNSM
[01:20:12] [156/459] DRMY
[01:20:13] [157/459] CCMU
[01:20:14] [158/459] SCMY
[01:20:15] [159/459] PVSY
[01:20:16] [160/459] SDLM
[01:20:17] 🔄 Identity reset
[01:20:17] 🔄 Identity rotated (every 10 requests)
[01:20:17] [161/459] ICCM
[01:20:18] [162/459] PYSU
[01:20:19] [163/459] GATM
[01:20:21] [164/459] WOTM
[01:20:22] [165/459] RKTS
[01:20:23] [166/459] PMTY
[01:20:23] [167/459] LYMS
[01:20:24] [168/459] TGCA
[01:20:25] [169/459] DSTA
[01:20:26] [170/459] CNGE
[01:20:27] 🔄 Identity reset
[01:20:27] 🔄 Identity rotated (every 10 requests)
[01:20:27] [171/459] VSTG
[01:20:28] [172/459] GTCK
[01:20:29] [173/459] TGNT
[01:20:30] [174/459] ASLC
[01:20:31] [175/459] SSST
[01:20:32] [176/459] KBTT
[01:20:33] [177/459] HKCP
[01:20:34] [178/459] SWLC
[01:20:35] [179/459] RTND
[01:20:36] [180/459] PKKT
[01:20:37] 🔄 Identity reset
[01:20:37] 🔄 Identity rotated (every 10 requests)
[01:20:37] [181/459] HSTK
[01:20:38] [182/459] SPTT
[01:20:39] [183/459] IMPM
[01:20:40] [184/459] SCMV
[01:20:41] [185/459] SPCT
[01:20:41] [186/459] JBCA
[01:20:42] [187/459] ATTR
[01:20:43] [188/459] SPMT
[01:20:44] [189/459] LCTM
[01:20:45] [190/459] SCVL
[01:20:46] 🔄 Identity reset
[01:20:46] 🔄 Identity rotated (every 10 requests)
[01:20:46] [191/459] SCVT
[01:20:47] [192/459] KRIC
[01:20:48] [193/459] CTMG
[01:20:49] [194/459] ACNC
[01:20:51] [195/459] DMCK
[01:20:52] [196/459] KMTV
[01:20:53] [197/459] PFCJ
[01:20:54] [198/459] VNMD
[01:20:55] [199/459] VPCZ
[01:20:56] [200/459] SRYR
[01:20:57] 🔄 Identity reset
[01:20:57] 🔄 Identity rotated (every 10 requests)
[01:20:57] 🔄 Retry 1/5 for SRYR in 2.9s
[01:20:57] 🔄 Identity reset
[01:21:00] 🧠 New identity created
[01:21:00] [201/459] SYTR
[01:21:01] [202/459] GATR
[01:21:02] [203/459] URTR
[01:21:02] [204/459] MKSM
[01:21:03] [205/459] VSMH
[01:21:04] [206/459] SKRJ
[01:21:05] [207/459] SSJR
[01:21:06] [208/459] SVSM
[01:21:07] [209/459] RUCM
[01:21:07] 🔄 Identity reset
[01:21:07] 🔄 Identity rotated (every 10 requests)
[01:21:08] [210/459] PRKN
[01:21:09] [211/459] RROH
[01:21:10] [212/459] SCTN
[01:21:12] [213/459] RTDM
[01:21:13] [214/459] ASRM
[01:21:14] [215/459] SKMD
[01:21:15] [216/459] SUTD
[01:21:15] [217/459] SADM
[01:21:16] [218/459] WCNR
[01:21:17] [219/459] CNED
[01:21:18] 🔄 Identity reset
[01:21:18] 🔄 Identity rotated (every 10 requests)
[01:21:18] [220/459] MPDB
[01:21:19] [221/459] KTBH
[01:21:20] [222/459] IDRM
[01:21:21] [223/459] PJJT
[01:21:22] [224/459] PFCV
[01:21:23] [225/459] AACT
[01:21:24] [226/459] AAAD
[01:21:25] [227/459] ANES
[01:21:26] [228/459] MNCA
[01:21:27] [229/459] RMGU
[01:21:28] 🔄 Identity reset
[01:21:28] 🔄 Identity rotated (every 10 requests)
[01:21:28] [230/459] DLCN
[01:21:29] [231/459] LJWT
[01:21:31] [232/459] MCBG
[01:21:32] [233/459] MYBG
[01:21:33] [234/459] GCCA
[01:21:34] [235/459] GCGA
[01:21:35] [236/459] ECGN
[01:21:36] [237/459] PRAB
[01:21:36] [238/459] PNMP
[01:21:38] [239/459] GCPT
[01:21:39] 🔄 Identity reset
[01:21:39] 🔄 Identity rotated (every 10 requests)
[01:21:39] [240/459] ROYN
[01:21:40] [241/459] VATM
[01:21:41] [242/459] KSNT
[01:21:42] [243/459] ACTC
[01:21:43] [244/459] PLTD
[01:21:44] [245/459] SKMK
[01:21:45] [246/459] CMTT
[01:21:47] [247/459] SMXP
[01:21:48] [248/459] SCMX
[01:21:49] [249/459] ACXN
[01:21:50] 🔄 Identity reset
[01:21:50] 🔄 Identity rotated (every 10 requests)
[01:21:51] [250/459] ASWT
[01:21:52] [251/459] VVVL
[01:21:53] [252/459] NAGO
[01:21:54] [253/459] SNCN
[01:21:55] [254/459] MCKP
[01:21:56] [255/459] SAMO
[01:21:57] [256/459] JBTV
[01:21:58] [257/459] DCVV
[01:21:58] [258/459] KMSV
[01:22:00] [259/459] KDCN
[01:22:01] 🔄 Identity reset
[01:22:01] 🔄 Identity rotated (every 10 requests)
[01:22:01] [260/459] CNCP
[01:22:02] [261/459] HAMC
[01:22:03] [262/459] CCVZ
[01:22:04] [263/459] NCCK
[01:22:05] [264/459] MCHR
[01:22:06] [265/459] SCHT
[01:22:07] [266/459] ESSH
[01:22:08] [267/459] CUJC
[01:22:09] [268/459] PECP
[01:22:09] [269/459] PMMI
[01:22:10] 🔄 Identity reset
[01:22:10] 🔄 Identity rotated (every 10 requests)
[01:22:10] [270/459] PCCH
[01:22:11] [271/459] PRPM
[01:22:12] [272/459] PVKL
[01:22:13] [273/459] CBSM
[01:22:14] [274/459] PVCZ
[01:22:15] [275/459] PCVV
[01:22:16] [276/459] CTMJ
[01:22:17] [277/459] RCPS
[01:22:18] [278/459] PCIT
[01:22:19] [279/459] FNCH
[01:22:19] 🔄 Identity reset
[01:22:19] 🔄 Identity rotated (every 10 requests)
[01:22:20] [280/459] INZD
[01:22:21] [281/459] INPC
[01:22:22] [282/459] LCZP
[01:22:23] [283/459] SMCB
[01:22:24] [284/459] PTSB
[01:22:25] [285/459] TPSI
[01:22:26] [286/459] KHMJ
[01:22:27] [287/459] RCCJ
[01:22:28] [288/459] NCJA
[01:22:29] [289/459] NCJN
[01:22:30] 🔄 Identity reset
[01:22:30] 🔄 Identity rotated (every 10 requests)
[01:22:30] [290/459] BTDP
[01:22:31] [291/459] PADY
[01:22:32] [292/459] NYBH
[01:22:33] [293/459] MTBR
[01:22:34] [294/459] KRBC
[01:22:35] [295/459] DKTI
[01:22:35] [296/459] ANAN
[01:22:36] [297/459] INBP
[01:22:38] [298/459] PATB
[01:22:40] [299/459] RGNT
[01:22:40] 🔄 Identity reset
[01:22:40] 🔄 Identity rotated (every 10 requests)
[01:22:40] [300/459] CGPM
[01:22:41] [301/459] INTN
[01:22:42] [302/459] MCMP
[01:22:43] [303/459] ASRG
[01:22:45] [304/459] CXJD
[01:22:46] [305/459] SPCP
[01:22:47] [306/459] CSTP
[01:22:48] [307/459] PKVC
[01:22:49] [308/459] ESCP
[01:22:50] [309/459] CAEP
[01:22:50] 🔄 Identity reset
[01:22:50] 🔄 Identity rotated (every 10 requests)
[01:22:51] [310/459] CCSP
[01:22:52] [311/459] KTPC
[01:22:53] [312/459] DACA
[01:22:53] [313/459] NVKY
[01:22:54] [314/459] PTIN
[01:22:55] [315/459] SCIN
[01:22:56] [316/459] MCTY
[01:22:57] [317/459] PCMX
[01:22:58] [318/459] INIC
[01:23:00] [319/459] MMZM
[01:23:00] 🔄 Identity reset
[01:23:00] 🔄 Identity rotated (every 10 requests)
[01:23:01] [320/459] SSLP
[01:23:02] [321/459] DTDT
[01:23:03] [322/459] FFCX
[01:23:04] [323/459] RCMM
[01:23:04] [324/459] KYID
[01:23:06] [325/459] CSCI
[01:23:06] [326/459] FCMC
[01:23:07] [327/459] MMXI
[01:23:08] [328/459] ASTC
[01:23:10] [329/459] CMRA
[01:23:10] 🔄 Identity reset
[01:23:10] 🔄 Identity rotated (every 10 requests)
[01:23:11] [330/459] DICI
[01:23:12] [331/459] KDIN
[01:23:12] [332/459] PRFI
[01:23:13] [333/459] SVFC
[01:23:14] [334/459] UCPL
[01:23:15] [335/459] COOC
[01:23:16] [336/459] SCAL
[01:23:18] [337/459] SVFF
[01:23:19] [338/459] VCMG
[01:23:19] [339/459] UUCT
[01:23:20] 🔄 Identity reset
[01:23:20] 🔄 Identity rotated (every 10 requests)
[01:23:20] [340/459] GCSE
[01:23:21] [341/459] SUSC
[01:23:22] [342/459] MISC
[01:23:24] [343/459] RMBL
[01:23:25] [344/459] CMXN
[01:23:26] [345/459] PVBK
[01:23:26] [346/459] HHCG
[01:23:28] [347/459] SCAG
[01:23:29] [348/459] CNPR
[01:23:30] [349/459] CSER
[01:23:30] 🔄 Identity reset
[01:23:30] 🔄 Identity rotated (every 10 requests)
[01:23:31] [350/459] HLWD
[01:23:32] [351/459] BOLY
[01:23:33] [352/459] SSPG
[01:23:34] [353/459] MUPX
[01:23:35] [354/459] HAMR
[01:23:36] [355/459] SDNC
[01:23:37] [356/459] RTEN
[01:23:38] [357/459] SDTD
[01:23:39] [358/459] KAWS
[01:23:40] [359/459] CMZX
[01:23:40] 🔄 Identity reset
[01:23:40] 🔄 Identity rotated (every 10 requests)
[01:23:41] [360/459] DCDD
[01:23:42] [361/459] ALSN
[01:23:43] [362/459] IMXS
[01:23:45] [363/459] PVFF
[01:23:46] [364/459] PVOO
[01:23:47] [365/459] CFBS
[01:23:47] [366/459] PVER
[01:23:48] [367/459] PPNX
[01:23:49] [368/459] CNRM
[01:23:50] [369/459] PVWW
[01:23:51] 🔄 Identity reset
[01:23:51] 🔄 Identity rotated (every 10 requests)
[01:23:52] [370/459] INMB
[01:23:53] [371/459] CPJR
[01:23:54] [372/459] INRZ
[01:23:55] [373/459] PMSR
[01:23:56] [374/459] GPGM
[01:23:57] [375/459] PGWB
[01:23:58] [376/459] PMBR
[01:23:59] [377/459] GPAM
[01:24:00] [378/459] INBC
[01:24:01] [379/459] PZVK
[01:24:02] 🔄 Identity reset
[01:24:02] 🔄 Identity rotated (every 10 requests)
[01:24:02] [380/459] CPEB
[01:24:03] [381/459] FMLB
[01:24:04] [382/459] INBG
[01:24:05] [383/459] GPBR
[01:24:07] [384/459] PAAS
[01:24:08] [385/459] VTBR
[01:24:08] [386/459] GPMY
[01:24:10] [387/459] GYBU
[01:24:11] [388/459] INBJ
[01:24:12] [389/459] LKTH
[01:24:12] 🔄 Identity reset
[01:24:12] 🔄 Identity rotated (every 10 requests)
[01:24:13] [390/459] NSBR
[01:24:14] [391/459] PDRD
[01:24:14] [392/459] VRBL
[01:24:15] [393/459] VTGB
[01:24:17] [394/459] VTSK
[01:24:19] [395/459] BKDV
[01:24:19] [396/459] SVTB
[01:24:20] [397/459] MLDT
[01:24:21] [398/459] NRBL
[01:24:22] [399/459] SLTR
[01:24:23] 🔄 Identity reset
[01:24:23] 🔄 Identity rotated (every 10 requests)
[01:24:23] 🔄 Retry 1/5 for SLTR in 2.4s
[01:24:23] 🔄 Identity reset
[01:24:25] 🧠 New identity created
[01:24:25] [400/459] VNKA
[01:24:26] [401/459] TDCA
[01:24:27] [402/459] INBM
[01:24:28] [403/459] SSNR
[01:24:29] [404/459] BHAC
[01:24:30] [405/459] SDSD
[01:24:31] [406/459] SAMP
[01:24:32] [407/459] RATK
[01:24:33] [408/459] KCBI
[01:24:34] 🔄 Identity reset
[01:24:34] 🔄 Identity rotated (every 10 requests)
[01:24:34] [409/459] URBL
[01:24:35] [410/459] MKBG
[01:24:36] [411/459] ASTB
[01:24:36] [412/459] VBWT
[01:24:37] [413/459] GPSM
[01:24:38] [414/459] ROON
[01:24:39] [415/459] CHTH
[01:24:40] [416/459] SSPA
[01:24:41] [417/459] ANBL
[01:24:42] [418/459] VTBE
[01:24:42] 🔄 Identity reset
[01:24:42] 🔄 Identity rotated (every 10 requests)
[01:24:42] [419/459] SVKT
[01:24:43] [420/459] SVYK
[01:24:44] [421/459] PTBK
[01:24:45] [422/459] RKTB
[01:24:46] [423/459] BALT
[01:24:47] [424/459] STSV
[01:24:48] [425/459] VCCB
[01:24:49] [426/459] SLTB
[01:24:50] [427/459] SBCR
[01:24:51] [428/459] VDCS
[01:24:52] 🔄 Identity reset
[01:24:52] 🔄 Identity rotated (every 10 requests)
[01:24:52] [429/459] MDKI
[01:24:53] [430/459] SMRN
[01:24:54] [431/459] PTBC
[01:24:55] [432/459] RADI
[01:24:56] [433/459] ADCR
[01:24:57] [434/459] SDCS
[01:24:58] [435/459] SRPJ
[01:24:59] [436/459] ARTS
[01:25:00] [437/459] SRHK
[01:25:01] [438/459] SPAY
[01:25:02] 🔄 Identity reset
[01:25:02] 🔄 Identity rotated (every 10 requests)
[01:25:02] [439/459] GPTB
[01:25:03] [440/459] SNNN
[01:25:04] [441/459] BALJ
[01:25:05] [442/459] TRIG
[01:25:06] [443/459] GTYT
[01:25:06] [444/459] ATGN
[01:25:08] [445/459] ANTE
[01:25:09] [446/459] BDCG
[01:25:10] [447/459] VECI
[01:25:11] [448/459] SCPR
[01:25:11] 🔄 Identity reset
[01:25:11] 🔄 Identity rotated (every 10 requests)
[01:25:11] [449/459] RTEA
[01:25:12] [450/459] JSAI
[01:25:13] [451/459] VJTP
[01:25:14] [452/459] GNDS
[01:25:15] [453/459] PAXA
[01:25:16] [454/459] CGGM
[01:25:17] [455/459] ACKZ
[01:25:18] [456/459] EMCC
[01:25:19] [457/459] KLSK
[01:25:20] [458/459] AVCK
[01:25:20] 🔄 Identity reset
[01:25:20] 🔄 Identity rotated (every 10 requests)
[01:25:20] 🔄 Retry 1/5 for AVCK in 2.7s
[01:25:20] 🔄 Identity reset
[01:25:23] 🧠 New identity created
[01:25:23] [459/459] JTCK
[01:25:24] ✅ DONE | Shows=4 | Movies=2
