[00:17:25] 🚀 BMS DAILY TRACKER STARTED (enhanced anti‑detection)
[00:17:25] [1/326] BSAT
[00:17:26] 🧠 New identity created
[00:17:26] [2/326] RSSM
[00:17:27] [3/326] GCTA
[00:17:28] [4/326] TOPN
[00:17:29] [5/326] MCUS
[00:17:30] [6/326] SHRL
[00:17:31] [7/326] UPTP
[00:17:32] [8/326] TMMP
[00:17:33] [9/326] DNRP
[00:17:34] [10/326] SRLT
[00:17:35] 🔄 Identity reset
[00:17:35] 🔄 Identity rotated (every 10 requests)
[00:17:35] [11/326] RCNS
[00:17:36] [12/326] DCBH
[00:17:37] [13/326] NAGJ
[00:17:38] [14/326] JVRC
[00:17:39] [15/326] KRJG
[00:17:40] [16/326] SRTJ
[00:17:40] [17/326] CMXM
[00:17:41] [18/326] STMI
[00:17:42] [19/326] SLST
[00:17:43] [20/326] DTCN
[00:17:44] 🔄 Identity reset
[00:17:44] 🔄 Identity rotated (every 10 requests)
[00:17:44] [21/326] STYN
[00:17:45] [22/326] SZVR
[00:17:46] [23/326] SRKO
[00:17:47] [24/326] JTGT
[00:17:48] [25/326] SVFD
[00:17:49] [26/326] SISD
[00:17:49] [27/326] ABDD
[00:17:51] [28/326] DRCA
[00:17:51] [29/326] AVCS
[00:17:52] [30/326] MVKH
[00:17:53] 🔄 Identity reset
[00:17:53] 🔄 Identity rotated (every 10 requests)
[00:17:53] [31/326] ACPR
[00:17:54] [32/326] STIP
[00:17:55] [33/326] MTRA
[00:17:56] [34/326] RMKH
[00:17:57] [35/326] NKRL
[00:17:58] [36/326] PCWN
[00:17:59] [37/326] BLMT
[00:17:59] [38/326] GDPG
[00:18:00] [39/326] SRMX
[00:18:01] [40/326] JACP
[00:18:02] 🔄 Identity reset
[00:18:02] 🔄 Identity rotated (every 10 requests)
[00:18:02] [41/326] CPSH
[00:18:03] [42/326] MCCD
[00:18:04] [43/326] ECGH
[00:18:05] [44/326] MKCK
[00:18:06] [45/326] SRMM
[00:18:07] [46/326] SKYR
[00:18:09] [47/326] PCKC
[00:18:10] [48/326] JCMA
[00:18:11] [49/326] BSMP
[00:18:12] [50/326] VSPA
[00:18:12] 🔄 Identity reset
[00:18:12] 🔄 Identity rotated (every 10 requests)
[00:18:13] [51/326] DJYA
[00:18:15] [52/326] DIMP
[00:18:16] [53/326] FXDR
[00:18:17] [54/326] SSRC
[00:18:18] [55/326] STHP
[00:18:19] [56/326] CPPD
[00:18:20] [57/326] FCLK
[00:18:21] [58/326] SCPP
[00:18:22] [59/326] DCMJ
[00:18:23] [60/326] RCCR
[00:18:23] 🔄 Identity reset
[00:18:23] 🔄 Identity rotated (every 10 requests)
[00:18:24] [61/326] INMT
[00:18:25] [62/326] LXTK
[00:18:26] [63/326] SRYK
[00:18:27] [64/326] SGDK
[00:18:27] [65/326] PPKA
[00:18:28] [66/326] SPKA
[00:18:29] [67/326] CGHH
[00:18:30] [68/326] DCJN
[00:18:31] [69/326] SRKV
[00:18:32] [70/326] SAJC
[00:18:32] 🔄 Identity reset
[00:18:32] 🔄 Identity rotated (every 10 requests)
[00:18:33] [71/326] SUSR
[00:18:34] [72/326] STYG
[00:18:35] [73/326] NTKP
[00:18:36] [74/326] AKTG
[00:18:37] [75/326] CGCM
[00:18:38] [76/326] TULC
[00:18:39] [77/326] NYYZ
[00:18:40] [78/326] NYBW
[00:18:41] [79/326] MACB
[00:18:42] [80/326] SLVT
[00:18:43] 🔄 Identity reset
[00:18:43] 🔄 Identity rotated (every 10 requests)
[00:18:43] [81/326] SANA
[00:18:44] [82/326] ACMR
[00:18:45] [83/326] CPKN
[00:18:46] [84/326] DLGK
[00:18:47] [85/326] CWCK
[00:18:48] [86/326] FDDH
[00:18:49] [87/326] MMMD
[00:18:50] [88/326] CMEH
[00:18:51] [89/326] GGGV
[00:18:52] [90/326] SPJL
[00:18:53] 🔄 Identity reset
[00:18:53] 🔄 Identity rotated (every 10 requests)
[00:18:53] [91/326] RCCD
[00:18:55] [92/326] STTZ
[00:18:56] [93/326] BTCF
[00:18:57] [94/326] TSTZ
[00:18:59] [95/326] IPMM
[00:19:00] [96/326] PMPW
[00:19:01] [97/326] PCMZ
[00:19:02] [98/326] ESEM
[00:19:03] [99/326] PIPO
[00:19:04] [100/326] MATK
[00:19:04] 🔄 Identity reset
[00:19:04] 🔄 Identity rotated (every 10 requests)
[00:19:04] [101/326] PGHM
[00:19:05] [102/326] CTSR
[00:19:06] [103/326] CYKR
[00:19:07] [104/326] MSCM
[00:19:08] [105/326] RFNP
[00:19:09] [106/326] PDCP
[00:19:10] [107/326] NPSE
[00:19:11] [108/326] MKML
[00:19:11] [109/326] FTDP
[00:19:12] [110/326] MMXA
[00:19:13] 🔄 Identity reset
[00:19:13] 🔄 Identity rotated (every 10 requests)
[00:19:13] [111/326] CEPO
[00:19:14] [112/326] CMVP
[00:19:15] [113/326] SGTH
[00:19:16] [114/326] SAYN
[00:19:17] [115/326] URVS
[00:19:18] [116/326] VJTN
[00:19:19] [117/326] BBYK
[00:19:20] [118/326] SHBO
[00:19:21] [119/326] VCMR
[00:19:22] [120/326] MACT
[00:19:22] 🔄 Identity reset
[00:19:22] 🔄 Identity rotated (every 10 requests)
[00:19:23] [121/326] JMNP
[00:19:24] [122/326] VICS
[00:19:25] [123/326] VCDA
[00:19:26] [124/326] GCMM
[00:19:27] [125/326] INVS
[00:19:27] [126/326] SCGM
[00:19:28] [127/326] PCDA
[00:19:29] [128/326] KDCT
[00:19:30] [129/326] JACS
[00:19:31] [130/326] GMMC
[00:19:31] 🔄 Identity reset
[00:19:31] 🔄 Identity rotated (every 10 requests)
[00:19:32] [131/326] AICM
[00:19:33] [132/326] TJCM
[00:19:34] [133/326] RMTI
[00:19:35] [134/326] SHAC
[00:19:36] [135/326] APJC
[00:19:37] [136/326] GCTG
[00:19:37] [137/326] SSMC
[00:19:38] [138/326] THRM
[00:19:39] [139/326] RBCT
[00:19:40] [140/326] DIKT
[00:19:41] 🔄 Identity reset
[00:19:41] 🔄 Identity rotated (every 10 requests)
[00:19:41] [141/326] MIDL
[00:19:42] [142/326] VCSN
[00:19:43] [143/326] SKTG
[00:19:44] [144/326] SMWC
[00:19:45] [145/326] MNKH
[00:19:46] [146/326] PIAT
[00:19:47] [147/326] LTTP
[00:19:48] [148/326] PTPU
[00:19:49] [149/326] ACMG
[00:19:50] [150/326] SHMM
[00:19:51] 🔄 Identity reset
[00:19:51] 🔄 Identity rotated (every 10 requests)
[00:19:51] [151/326] MCMN
[00:19:52] [152/326] GLDC
[00:19:53] [153/326] HOUT
[00:19:54] [154/326] SVRP
[00:19:55] [155/326] PVDN
[00:19:55] [156/326] SCPY
[00:19:56] [157/326] DTPY
[00:19:57] [158/326] GKCS
[00:19:58] [159/326] NCAM
[00:19:59] [160/326] BSRM
[00:19:59] 🔄 Identity reset
[00:20:00] 🔄 Identity rotated (every 10 requests)
[00:20:00] [161/326] RCLC
[00:20:01] [162/326] SKKD
[00:20:01] [163/326] ACHU
[00:20:02] [164/326] RSCF
[00:20:03] [165/326] IMSH
[00:20:04] [166/326] MACX
[00:20:05] [167/326] HMMW
[00:20:06] [168/326] JTCP
[00:20:07] [169/326] SREN
[00:20:07] [170/326] PJRR
[00:20:08] 🔄 Identity reset
[00:20:08] 🔄 Identity rotated (every 10 requests)
[00:20:08] [171/326] INAC
[00:20:09] [172/326] BMCA
[00:20:10] [173/326] SHCB
[00:20:11] [174/326] GABA
[00:20:12] [175/326] SBCT
[00:20:13] [176/326] GCMA
[00:20:15] [177/326] MYTK
[00:20:16] [178/326] INZS
[00:20:17] [179/326] RMIK
[00:20:18] [180/326] NYCH
[00:20:18] 🔄 Identity reset
[00:20:18] 🔄 Identity rotated (every 10 requests)
[00:20:18] [181/326] RAVE
[00:20:19] [182/326] PSXM
[00:20:21] [183/326] MCGP
[00:20:22] [184/326] PDDK
[00:20:23] [185/326] SPCK
[00:20:23] [186/326] MCRL
[00:20:24] [187/326] MHKT
[00:20:26] [188/326] ANRR
[00:20:27] [189/326] SAPK
[00:20:27] [190/326] NCUK
[00:20:28] 🔄 Identity reset
[00:20:28] 🔄 Identity rotated (every 10 requests)
[00:20:28] [191/326] JUGA
[00:20:29] [192/326] DBSC
[00:20:30] [193/326] LALK
[00:20:31] [194/326] GUCK
[00:20:32] [195/326] STSG
[00:20:32] [196/326] PPPZ
[00:20:33] [197/326] CNCY
[00:20:34] [198/326] MTAR
[00:20:35] [199/326] VNKD
[00:20:37] [200/326] KMAJ
[00:20:37] 🔄 Identity reset
[00:20:37] 🔄 Identity rotated (every 10 requests)
[00:20:38] [201/326] ACXK
[00:20:39] [202/326] UTKC
[00:20:39] [203/326] PBLK
[00:20:40] [204/326] ACBX
[00:20:41] [205/326] PTGM
[00:20:42] [206/326] BTDA
[00:20:43] [207/326] PJMB
[00:20:44] [208/326] TPDA
[00:20:45] [209/326] AMOE
[00:20:46] [210/326] PRHT
[00:20:47] 🔄 Identity reset
[00:20:47] 🔄 Identity rotated (every 10 requests)
[00:20:47] [211/326] PRTA
[00:20:48] [212/326] STAM
[00:20:49] [213/326] MSAA
[00:20:50] [214/326] SDLU
[00:20:51] [215/326] RCHH
[00:20:52] [216/326] KANT
[00:20:53] [217/326] FCRT
[00:20:54] [218/326] DNKM
[00:20:55] [219/326] RYCP
[00:20:56] [220/326] MYRP
[00:20:56] 🔄 Identity reset
[00:20:56] 🔄 Identity rotated (every 10 requests)
[00:20:56] [221/326] PPAK
[00:20:57] [222/326] NVPK
[00:20:58] [223/326] PRMC
[00:21:00] [224/326] JBCS
[00:21:01] [225/326] GXCK
[00:21:02] [226/326] USKO
[00:21:03] [227/326] GTEM
[00:21:04] [228/326] SMBU
[00:21:04] [229/326] VETC
[00:21:05] [230/326] LCDA
[00:21:06] 🔄 Identity reset
[00:21:06] 🔄 Identity rotated (every 10 requests)
[00:21:07] [231/326] MTVT
[00:21:07] [232/326] PYCP
[00:21:08] [233/326] PNSC
[00:21:09] [234/326] PPCC
[00:21:11] [235/326] TGRT
[00:21:12] [236/326] JYOT
[00:21:13] [237/326] SRCZ
[00:21:14] [238/326] SJTE
[00:21:15] [239/326] DESC
[00:21:16] [240/326] JHVN
[00:21:17] 🔄 Identity reset
[00:21:17] 🔄 Identity rotated (every 10 requests)
[00:21:17] [241/326] IPSG
[00:21:18] [242/326] IPCM
[00:21:19] [243/326] PDRS
[00:21:21] [244/326] ANCV
[00:21:22] [245/326] CMVV
[00:21:23] [246/326] SHYP
[00:21:24] [247/326] DNCS
[00:21:25] [248/326] GAJK
[00:21:26] [249/326] AKTN
[00:21:26] [250/326] KAYA
[00:21:27] 🔄 Identity reset
[00:21:27] 🔄 Identity rotated (every 10 requests)
[00:21:27] [251/326] SBRC
[00:21:28] [252/326] CHTP
[00:21:29] [253/326] SHRT
[00:21:30] [254/326] BCKU
[00:21:31] [255/326] FCPS
[00:21:32] [256/326] ARDD
[00:21:33] [257/326] CPCM
[00:21:34] [258/326] CGSM
[00:21:35] [259/326] PSMP
[00:21:36] [260/326] SDAL
[00:21:36] 🔄 Identity reset
[00:21:36] 🔄 Identity rotated (every 10 requests)
[00:21:37] [261/326] RTNB
[00:21:38] [262/326] LMCR
[00:21:39] [263/326] CIMA
[00:21:40] [264/326] RNAS
[00:21:41] [265/326] LITH
[00:21:42] [266/326] PBOX
[00:21:43] [267/326] FRTS
[00:21:44] [268/326] RKIC
[00:21:45] [269/326] PTAI
[00:21:46] [270/326] GCIC
[00:21:47] 🔄 Identity reset
[00:21:47] 🔄 Identity rotated (every 10 requests)
[00:21:47] [271/326] FNAS
[00:21:48] [272/326] SCAR
[00:21:49] [273/326] MTCA
[00:21:50] [274/326] SCTS
[00:21:51] [275/326] SYCS
[00:21:53] [276/326] RDMS
[00:21:53] [277/326] KAMP
[00:21:54] [278/326] ERSD
[00:21:55] [279/326] MJMJ
[00:21:56] [280/326] SRCJ
[00:21:57] 🔄 Identity reset
[00:21:57] 🔄 Identity rotated (every 10 requests)
[00:21:57] [281/326] SCXE
[00:21:58] [282/326] SVFR
[00:21:59] [283/326] BHCS
[00:22:00] [284/326] IMCC
[00:22:01] [285/326] PCBO
[00:22:02] [286/326] PRVN
[00:22:03] [287/326] AUPM
[00:22:04] [288/326] INBW
[00:22:05] [289/326] SVCW
[00:22:06] [290/326] RKCF
[00:22:07] 🔄 Identity reset
[00:22:07] 🔄 Identity rotated (every 10 requests)
[00:22:07] [291/326] UVBH
[00:22:08] [292/326] DNCY
[00:22:09] [293/326] ABCN
[00:22:10] [294/326] PRUR
[00:22:10] [295/326] PFMR
[00:22:11] [296/326] RKCN
[00:22:12] [297/326] CFEA
[00:22:13] [298/326] SDBG
[00:22:14] [299/326] SNAR
[00:22:15] [300/326] YISI
[00:22:15] 🔄 Identity reset
[00:22:15] 🔄 Identity rotated (every 10 requests)
[00:22:16] [301/326] JCFF
[00:22:17] [302/326] VTRK
[00:22:18] [303/326] PCLZ
[00:22:20] [304/326] DIMY
[00:22:21] [305/326] BBTS
[00:22:22] [306/326] GATH
[00:22:22] [307/326] GTMN
[00:22:23] [308/326] VTMH
[00:22:24] [309/326] CCKP
[00:22:25] [310/326] GPKA
[00:22:26] 🔄 Identity reset
[00:22:26] 🔄 Identity rotated (every 10 requests)
[00:22:26] [311/326] MHCL
[00:22:27] [312/326] ATCL
[00:22:28] [313/326] SBCK
[00:22:28] [314/326] AMMR
[00:22:29] [315/326] MADC
[00:22:30] [316/326] TMMA
[00:22:32] [317/326] CACC
[00:22:32] [318/326] CHAL
[00:22:33] [319/326] DURG
[00:22:34] [320/326] GMKU
[00:22:35] 🔄 Identity reset
[00:22:35] 🔄 Identity rotated (every 10 requests)
[00:22:35] 🔄 Retry 1/5 for GMKU in 2.8s
[00:22:35] 🔄 Identity reset
[00:22:38] 🧠 New identity created
[00:22:38] 🔄 Retry 2/5 for GMKU in 4.8s
[00:22:38] 🔄 Identity reset
[00:22:42] 🧠 New identity created
[00:22:43] [321/326] GECA
[00:22:44] [322/326] KYRR
[00:22:44] [323/326] KSDE
[00:22:45] [324/326] LMCI
[00:22:46] [325/326] NKCP
[00:22:47] [326/326] BGTC
[00:22:48] ✅ DONE | Shows=2 | Movies=1
[01:17:17] 🚀 BMS DAILY TRACKER STARTED (enhanced anti‑detection)
[01:17:17] [1/326] BSAT
[01:17:17] 🧠 New identity created
[01:17:19] [2/326] RSSM
[01:17:19] [3/326] GCTA
[01:17:20] [4/326] TOPN
[01:17:21] [5/326] MCUS
[01:17:22] [6/326] SHRL
[01:17:23] [7/326] UPTP
[01:17:23] [8/326] TMMP
[01:17:24] [9/326] DNRP
[01:17:25] [10/326] SRLT
[01:17:26] 🔄 Identity reset
[01:17:26] 🔄 Identity rotated (every 10 requests)
[01:17:26] [11/326] RCNS
[01:17:27] [12/326] DCBH
[01:17:29] [13/326] NAGJ
[01:17:30] [14/326] JVRC
[01:17:30] [15/326] KRJG
[01:17:31] [16/326] SRTJ
[01:17:32] [17/326] CMXM
[01:17:33] [18/326] STMI
[01:17:35] [19/326] SLST
[01:17:36] [20/326] DTCN
[01:17:36] 🔄 Identity reset
[01:17:36] 🔄 Identity rotated (every 10 requests)
[01:17:37] [21/326] STYN
[01:17:38] [22/326] SZVR
[01:17:39] [23/326] SRKO
[01:17:39] [24/326] JTGT
[01:17:40] [25/326] SVFD
[01:17:41] [26/326] SISD
[01:17:42] [27/326] ABDD
[01:17:43] [28/326] DRCA
[01:17:44] [29/326] AVCS
[01:17:45] [30/326] MVKH
[01:17:46] 🔄 Identity reset
[01:17:46] 🔄 Identity rotated (every 10 requests)
[01:17:46] [31/326] ACPR
[01:17:47] [32/326] STIP
[01:17:48] [33/326] MTRA
[01:17:49] [34/326] RMKH
[01:17:50] [35/326] NKRL
[01:17:51] [36/326] PCWN
[01:17:52] [37/326] BLMT
[01:17:53] [38/326] GDPG
[01:17:54] [39/326] SRMX
[01:17:54] [40/326] JACP
[01:17:55] 🔄 Identity reset
[01:17:55] 🔄 Identity rotated (every 10 requests)
[01:17:55] [41/326] CPSH
[01:17:57] [42/326] MCCD
[01:17:58] [43/326] ECGH
[01:17:59] [44/326] MKCK
[01:18:00] [45/326] SRMM
[01:18:01] [46/326] SKYR
[01:18:01] [47/326] PCKC
[01:18:02] [48/326] JCMA
[01:18:03] [49/326] BSMP
[01:18:04] [50/326] VSPA
[01:18:04] 🔄 Identity reset
[01:18:04] 🔄 Identity rotated (every 10 requests)
[01:18:04] [51/326] DJYA
[01:18:06] [52/326] DIMP
[01:18:07] [53/326] FXDR
[01:18:08] [54/326] SSRC
[01:18:09] [55/326] STHP
[01:18:10] [56/326] CPPD
[01:18:10] [57/326] FCLK
[01:18:11] [58/326] SCPP
[01:18:12] [59/326] DCMJ
[01:18:13] [60/326] RCCR
[01:18:14] 🔄 Identity reset
[01:18:14] 🔄 Identity rotated (every 10 requests)
[01:18:14] [61/326] INMT
[01:18:15] [62/326] LXTK
[01:18:16] [63/326] SRYK
[01:18:17] [64/326] SGDK
[01:18:17] [65/326] PPKA
[01:18:19] [66/326] SPKA
[01:18:20] [67/326] CGHH
[01:18:21] [68/326] DCJN
[01:18:22] [69/326] SRKV
[01:18:23] [70/326] SAJC
[01:18:24] 🔄 Identity reset
[01:18:24] 🔄 Identity rotated (every 10 requests)
[01:18:24] 🔄 Retry 1/5 for SAJC in 2.3s
[01:18:24] 🔄 Identity reset
[01:18:26] 🧠 New identity created
[01:18:26] [71/326] SUSR
[01:18:28] [72/326] STYG
[01:18:29] [73/326] NTKP
[01:18:30] [74/326] AKTG
[01:18:31] [75/326] CGCM
[01:18:32] [76/326] TULC
[01:18:32] [77/326] NYYZ
[01:18:33] [78/326] NYBW
[01:18:34] [79/326] MACB
[01:18:35] 🔄 Identity reset
[01:18:35] 🔄 Identity rotated (every 10 requests)
[01:18:35] 🔄 Retry 1/5 for MACB in 2.4s
[01:18:35] 🔄 Identity reset
[01:18:37] 🧠 New identity created
[01:18:38] [80/326] SLVT
[01:18:39] [81/326] SANA
[01:18:39] [82/326] ACMR
[01:18:40] [83/326] CPKN
[01:18:41] [84/326] DLGK
[01:18:42] [85/326] CWCK
[01:18:43] [86/326] FDDH
[01:18:44] [87/326] MMMD
[01:18:44] [88/326] CMEH
[01:18:45] 🔄 Identity reset
[01:18:45] 🔄 Identity rotated (every 10 requests)
[01:18:45] [89/326] GGGV
[01:18:46] [90/326] SPJL
[01:18:48] [91/326] RCCD
[01:18:49] [92/326] STTZ
[01:18:49] [93/326] BTCF
[01:18:50] [94/326] TSTZ
[01:18:52] [95/326] IPMM
[01:18:53] [96/326] PMPW
[01:18:54] [97/326] PCMZ
[01:18:54] [98/326] ESEM
[01:18:55] 🔄 Identity reset
[01:18:55] 🔄 Identity rotated (every 10 requests)
[01:18:55] [99/326] PIPO
[01:18:56] [100/326] MATK
[01:18:57] [101/326] PGHM
[01:18:58] [102/326] CTSR
[01:18:59] [103/326] CYKR
[01:19:00] [104/326] MSCM
[01:19:01] [105/326] RFNP
[01:19:02] [106/326] PDCP
[01:19:03] [107/326] NPSE
[01:19:04] [108/326] MKML
[01:19:05] 🔄 Identity reset
[01:19:05] 🔄 Identity rotated (every 10 requests)
[01:19:05] [109/326] FTDP
[01:19:06] [110/326] MMXA
[01:19:07] [111/326] CEPO
[01:19:08] [112/326] CMVP
[01:19:09] [113/326] SGTH
[01:19:10] [114/326] SAYN
[01:19:11] [115/326] URVS
[01:19:11] [116/326] VJTN
[01:19:12] [117/326] BBYK
[01:19:13] [118/326] SHBO
[01:19:13] 🔄 Identity reset
[01:19:13] 🔄 Identity rotated (every 10 requests)
[01:19:14] [119/326] VCMR
[01:19:14] [120/326] MACT
[01:19:15] [121/326] JMNP
[01:19:16] [122/326] VICS
[01:19:17] [123/326] VCDA
[01:19:18] [124/326] GCMM
[01:19:19] [125/326] INVS
[01:19:20] [126/326] SCGM
[01:19:21] [127/326] PCDA
[01:19:22] [128/326] KDCT
[01:19:23] 🔄 Identity reset
[01:19:23] 🔄 Identity rotated (every 10 requests)
[01:19:23] [129/326] JACS
[01:19:24] [130/326] GMMC
[01:19:26] [131/326] AICM
[01:19:26] [132/326] TJCM
[01:19:27] [133/326] RMTI
[01:19:28] [134/326] SHAC
[01:19:29] [135/326] APJC
[01:19:30] [136/326] GCTG
[01:19:31] [137/326] SSMC
[01:19:32] [138/326] THRM
[01:19:32] 🔄 Identity reset
[01:19:32] 🔄 Identity rotated (every 10 requests)
[01:19:32] 🔄 Retry 1/5 for THRM in 2.6s
[01:19:32] 🔄 Identity reset
[01:19:35] 🧠 New identity created
[01:19:35] 🔄 Retry 2/5 for THRM in 4.2s
[01:19:35] 🔄 Identity reset
[01:19:39] 🧠 New identity created
[01:19:39] [139/326] RBCT
[01:19:40] [140/326] DIKT
[01:19:41] [141/326] MIDL
[01:19:42] [142/326] VCSN
[01:19:43] [143/326] SKTG
[01:19:44] [144/326] SMWC
[01:19:45] [145/326] MNKH
[01:19:46] [146/326] PIAT
[01:19:46] 🔄 Identity reset
[01:19:46] 🔄 Identity rotated (every 10 requests)
[01:19:47] [147/326] LTTP
[01:19:47] [148/326] PTPU
[01:19:48] [149/326] ACMG
[01:19:49] [150/326] SHMM
[01:19:50] [151/326] MCMN
[01:19:51] [152/326] GLDC
[01:19:52] [153/326] HOUT
[01:19:53] [154/326] SVRP
[01:19:54] [155/326] PVDN
[01:19:55] [156/326] SCPY
[01:19:56] 🔄 Identity reset
[01:19:56] 🔄 Identity rotated (every 10 requests)
[01:19:56] [157/326] DTPY
[01:19:57] [158/326] GKCS
[01:19:59] [159/326] NCAM
[01:20:00] [160/326] BSRM
[01:20:00] [161/326] RCLC
[01:20:01] [162/326] SKKD
[01:20:02] [163/326] ACHU
[01:20:03] [164/326] RSCF
[01:20:04] [165/326] IMSH
[01:20:05] [166/326] MACX
[01:20:06] 🔄 Identity reset
[01:20:06] 🔄 Identity rotated (every 10 requests)
[01:20:06] [167/326] HMMW
[01:20:07] [168/326] JTCP
[01:20:08] [169/326] SREN
[01:20:09] [170/326] PJRR
[01:20:10] [171/326] INAC
[01:20:11] [172/326] BMCA
[01:20:12] [173/326] SHCB
[01:20:13] [174/326] GABA
[01:20:14] [175/326] SBCT
[01:20:15] [176/326] GCMA
[01:20:15] 🔄 Identity reset
[01:20:15] 🔄 Identity rotated (every 10 requests)
[01:20:16] [177/326] MYTK
[01:20:17] [178/326] INZS
[01:20:18] [179/326] RMIK
[01:20:18] [180/326] NYCH
[01:20:19] [181/326] RAVE
[01:20:20] [182/326] PSXM
[01:20:21] [183/326] MCGP
[01:20:22] [184/326] PDDK
[01:20:23] [185/326] SPCK
[01:20:25] [186/326] MCRL
[01:20:25] 🔄 Identity reset
[01:20:25] 🔄 Identity rotated (every 10 requests)
[01:20:26] [187/326] MHKT
[01:20:26] [188/326] ANRR
[01:20:27] [189/326] SAPK
[01:20:28] [190/326] NCUK
[01:20:29] [191/326] JUGA
[01:20:30] [192/326] DBSC
[01:20:31] [193/326] LALK
[01:20:32] [194/326] GUCK
[01:20:33] [195/326] STSG
[01:20:34] [196/326] PPPZ
[01:20:34] 🔄 Identity reset
[01:20:34] 🔄 Identity rotated (every 10 requests)
[01:20:35] [197/326] CNCY
[01:20:36] [198/326] MTAR
[01:20:37] [199/326] VNKD
[01:20:38] [200/326] KMAJ
[01:20:39] [201/326] ACXK
[01:20:40] [202/326] UTKC
[01:20:41] [203/326] PBLK
[01:20:42] [204/326] ACBX
[01:20:43] [205/326] PTGM
[01:20:43] [206/326] BTDA
[01:20:44] 🔄 Identity reset
[01:20:44] 🔄 Identity rotated (every 10 requests)
[01:20:44] [207/326] PJMB
[01:20:46] [208/326] TPDA
[01:20:47] [209/326] AMOE
[01:20:48] [210/326] PRHT
[01:20:49] [211/326] PRTA
[01:20:50] [212/326] STAM
[01:20:51] [213/326] MSAA
[01:20:51] [214/326] SDLU
[01:20:52] [215/326] RCHH
[01:20:53] [216/326] KANT
[01:20:54] 🔄 Identity reset
[01:20:54] 🔄 Identity rotated (every 10 requests)
[01:20:54] [217/326] FCRT
[01:20:55] [218/326] DNKM
[01:20:56] [219/326] RYCP
[01:20:57] [220/326] MYRP
[01:20:58] [221/326] PPAK
[01:20:59] [222/326] NVPK
[01:20:59] [223/326] PRMC
[01:21:00] [224/326] JBCS
[01:21:01] [225/326] GXCK
[01:21:02] [226/326] USKO
[01:21:02] 🔄 Identity reset
[01:21:02] 🔄 Identity rotated (every 10 requests)
[01:21:02] 🔄 Retry 1/5 for USKO in 2.2s
[01:21:02] 🔄 Identity reset
[01:21:04] 🧠 New identity created
[01:21:05] [227/326] GTEM
[01:21:06] [228/326] SMBU
[01:21:06] [229/326] VETC
[01:21:07] [230/326] LCDA
[01:21:08] [231/326] MTVT
[01:21:09] [232/326] PYCP
[01:21:10] [233/326] PNSC
[01:21:11] [234/326] PPCC
[01:21:12] [235/326] TGRT
[01:21:13] 🔄 Identity reset
[01:21:13] 🔄 Identity rotated (every 10 requests)
[01:21:13] [236/326] JYOT
[01:21:14] [237/326] SRCZ
[01:21:15] [238/326] SJTE
[01:21:15] [239/326] DESC
[01:21:16] [240/326] JHVN
[01:21:17] [241/326] IPSG
[01:21:18] [242/326] IPCM
[01:21:19] [243/326] PDRS
[01:21:20] [244/326] ANCV
[01:21:21] [245/326] CMVV
[01:21:21] 🔄 Identity reset
[01:21:21] 🔄 Identity rotated (every 10 requests)
[01:21:21] [246/326] SHYP
[01:21:22] [247/326] DNCS
[01:21:23] [248/326] GAJK
[01:21:24] [249/326] AKTN
[01:21:25] [250/326] KAYA
[01:21:26] [251/326] SBRC
[01:21:26] [252/326] CHTP
[01:21:27] [253/326] SHRT
[01:21:28] [254/326] BCKU
[01:21:30] [255/326] FCPS
[01:21:31] 🔄 Identity reset
[01:21:31] 🔄 Identity rotated (every 10 requests)
[01:21:31] 🔄 Retry 1/5 for FCPS in 2.9s
[01:21:31] 🔄 Identity reset
[01:21:34] 🧠 New identity created
[01:21:34] [256/326] ARDD
[01:21:35] [257/326] CPCM
[01:21:37] [258/326] CGSM
[01:21:38] [259/326] PSMP
[01:21:39] [260/326] SDAL
[01:21:40] [261/326] RTNB
[01:21:41] [262/326] LMCR
[01:21:42] [263/326] CIMA
[01:21:42] [264/326] RNAS
[01:21:43] 🔄 Identity reset
[01:21:43] 🔄 Identity rotated (every 10 requests)
[01:21:43] [265/326] LITH
[01:21:44] [266/326] PBOX
[01:21:45] [267/326] FRTS
[01:21:46] [268/326] RKIC
[01:21:47] [269/326] PTAI
[01:21:48] [270/326] GCIC
[01:21:49] [271/326] FNAS
[01:21:50] [272/326] SCAR
[01:21:51] [273/326] MTCA
[01:21:52] [274/326] SCTS
[01:21:52] 🔄 Identity reset
[01:21:53] 🔄 Identity rotated (every 10 requests)
[01:21:54] [275/326] SYCS
[01:21:54] [276/326] RDMS
[01:21:55] [277/326] KAMP
[01:21:57] [278/326] ERSD
[01:21:58] [279/326] MJMJ
[01:21:59] [280/326] SRCJ
[01:22:00] [281/326] SCXE
[01:22:01] [282/326] SVFR
[01:22:02] [283/326] BHCS
[01:22:03] [284/326] IMCC
[01:22:03] 🔄 Identity reset
[01:22:03] 🔄 Identity rotated (every 10 requests)
[01:22:04] [285/326] PCBO
[01:22:04] [286/326] PRVN
[01:22:05] [287/326] AUPM
[01:22:06] [288/326] INBW
[01:22:07] [289/326] SVCW
[01:22:09] [290/326] RKCF
[01:22:10] [291/326] UVBH
[01:22:11] [292/326] DNCY
[01:22:12] [293/326] ABCN
[01:22:13] [294/326] PRUR
[01:22:14] 🔄 Identity reset
[01:22:14] 🔄 Identity rotated (every 10 requests)
[01:22:14] [295/326] PFMR
[01:22:16] [296/326] RKCN
[01:22:17] [297/326] CFEA
[01:22:18] [298/326] SDBG
[01:22:19] [299/326] SNAR
[01:22:19] [300/326] YISI
[01:22:20] [301/326] JCFF
[01:22:21] [302/326] VTRK
[01:22:22] [303/326] PCLZ
[01:22:23] [304/326] DIMY
[01:22:23] 🔄 Identity reset
[01:22:23] 🔄 Identity rotated (every 10 requests)
[01:22:24] [305/326] BBTS
[01:22:24] [306/326] GATH
[01:22:25] [307/326] GTMN
[01:22:26] [308/326] VTMH
[01:22:28] [309/326] CCKP
[01:22:29] [310/326] GPKA
[01:22:30] [311/326] MHCL
[01:22:30] [312/326] ATCL
[01:22:31] [313/326] SBCK
[01:22:32] [314/326] AMMR
[01:22:33] 🔄 Identity reset
[01:22:33] 🔄 Identity rotated (every 10 requests)
[01:22:33] [315/326] MADC
[01:22:34] [316/326] TMMA
[01:22:36] [317/326] CACC
[01:22:36] [318/326] CHAL
[01:22:37] [319/326] DURG
[01:22:38] [320/326] GMKU
[01:22:39] [321/326] GECA
[01:22:40] [322/326] KYRR
[01:22:41] [323/326] KSDE
[01:22:43] [324/326] LMCI
[01:22:43] 🔄 Identity reset
[01:22:43] 🔄 Identity rotated (every 10 requests)
[01:22:44] [325/326] NKCP
[01:22:45] [326/326] BGTC
[01:22:46] ✅ DONE | Shows=2 | Movies=1
[02:17:43] 🚀 BMS DAILY TRACKER STARTED (enhanced anti‑detection)
[02:17:43] [1/326] BSAT
[02:17:44] 🧠 New identity created
[02:17:44] [2/326] RSSM
[02:17:45] [3/326] GCTA
[02:17:47] [4/326] TOPN
[02:17:48] [5/326] MCUS
[02:17:49] [6/326] SHRL
[02:17:50] [7/326] UPTP
[02:17:51] [8/326] TMMP
[02:17:52] [9/326] DNRP
[02:17:53] [10/326] SRLT
[02:17:54] 🔄 Identity reset
[02:17:54] 🔄 Identity rotated (every 10 requests)
[02:17:54] [11/326] RCNS
[02:17:55] [12/326] DCBH
[02:17:56] [13/326] NAGJ
[02:17:57] [14/326] JVRC
[02:17:58] [15/326] KRJG
[02:17:59] [16/326] SRTJ
[02:18:00] [17/326] CMXM
[02:18:00] [18/326] STMI
[02:18:01] [19/326] SLST
[02:18:02] [20/326] DTCN
[02:18:03] 🔄 Identity reset
[02:18:03] 🔄 Identity rotated (every 10 requests)
[02:18:03] [21/326] STYN
[02:18:04] [22/326] SZVR
[02:18:05] [23/326] SRKO
[02:18:06] [24/326] JTGT
[02:18:07] [25/326] SVFD
[02:18:08] [26/326] SISD
[02:18:08] [27/326] ABDD
[02:18:09] [28/326] DRCA
[02:18:11] [29/326] AVCS
[02:18:12] [30/326] MVKH
[02:18:12] 🔄 Identity reset
[02:18:12] 🔄 Identity rotated (every 10 requests)
[02:18:13] [31/326] ACPR
[02:18:14] [32/326] STIP
[02:18:15] [33/326] MTRA
[02:18:16] [34/326] RMKH
[02:18:17] [35/326] NKRL
[02:18:18] [36/326] PCWN
[02:18:19] [37/326] BLMT
[02:18:20] [38/326] GDPG
[02:18:21] [39/326] SRMX
[02:18:22] [40/326] JACP
[02:18:22] 🔄 Identity reset
[02:18:22] 🔄 Identity rotated (every 10 requests)
[02:18:23] [41/326] CPSH
[02:18:24] [42/326] MCCD
[02:18:24] [43/326] ECGH
[02:18:25] [44/326] MKCK
[02:18:26] [45/326] SRMM
[02:18:27] [46/326] SKYR
[02:18:28] [47/326] PCKC
[02:18:30] [48/326] JCMA
[02:18:31] [49/326] BSMP
[02:18:31] [50/326] VSPA
[02:18:32] 🔄 Identity reset
[02:18:32] 🔄 Identity rotated (every 10 requests)
[02:18:32] 🔄 Retry 1/5 for VSPA in 2.3s
[02:18:32] 🔄 Identity reset
[02:18:34] 🧠 New identity created
[02:18:35] [51/326] DJYA
[02:18:36] [52/326] DIMP
[02:18:37] [53/326] FXDR
[02:18:38] [54/326] SSRC
[02:18:39] [55/326] STHP
[02:18:40] [56/326] CPPD
[02:18:41] [57/326] FCLK
[02:18:42] [58/326] SCPP
[02:18:43] [59/326] DCMJ
[02:18:44] 🔄 Identity reset
[02:18:44] 🔄 Identity rotated (every 10 requests)
[02:18:45] [60/326] RCCR
[02:18:46] [61/326] INMT
[02:18:47] [62/326] LXTK
[02:18:48] [63/326] SRYK
[02:18:49] [64/326] SGDK
[02:18:50] [65/326] PPKA
[02:18:51] [66/326] SPKA
[02:18:52] [67/326] CGHH
[02:18:53] [68/326] DCJN
[02:18:53] [69/326] SRKV
[02:18:54] 🔄 Identity reset
[02:18:54] 🔄 Identity rotated (every 10 requests)
[02:18:55] [70/326] SAJC
[02:18:55] [71/326] SUSR
[02:18:57] [72/326] STYG
[02:18:58] [73/326] NTKP
[02:18:59] [74/326] AKTG
[02:19:00] [75/326] CGCM
[02:19:01] [76/326] TULC
[02:19:02] [77/326] NYYZ
[02:19:03] [78/326] NYBW
[02:19:04] [79/326] MACB
[02:19:04] 🔄 Identity reset
[02:19:04] 🔄 Identity rotated (every 10 requests)
[02:19:05] [80/326] SLVT
[02:19:06] [81/326] SANA
[02:19:07] [82/326] ACMR
[02:19:08] [83/326] CPKN
[02:19:09] [84/326] DLGK
[02:19:10] [85/326] CWCK
[02:19:10] [86/326] FDDH
[02:19:12] [87/326] MMMD
[02:19:12] [88/326] CMEH
[02:19:13] [89/326] GGGV
[02:19:14] 🔄 Identity reset
[02:19:14] 🔄 Identity rotated (every 10 requests)
[02:19:15] [90/326] SPJL
[02:19:16] [91/326] RCCD
[02:19:17] [92/326] STTZ
[02:19:18] [93/326] BTCF
[02:19:19] [94/326] TSTZ
[02:19:20] [95/326] IPMM
[02:19:21] [96/326] PMPW
[02:19:22] [97/326] PCMZ
[02:19:23] [98/326] ESEM
[02:19:24] [99/326] PIPO
[02:19:24] 🔄 Identity reset
[02:19:25] 🔄 Identity rotated (every 10 requests)
[02:19:25] [100/326] MATK
[02:19:26] [101/326] PGHM
[02:19:27] [102/326] CTSR
[02:19:29] [103/326] CYKR
[02:19:30] [104/326] MSCM
[02:19:30] [105/326] RFNP
[02:19:32] [106/326] PDCP
[02:19:33] [107/326] NPSE
[02:19:34] [108/326] MKML
[02:19:35] [109/326] FTDP
[02:19:36] 🔄 Identity reset
[02:19:36] 🔄 Identity rotated (every 10 requests)
[02:19:36] [110/326] MMXA
[02:19:37] [111/326] CEPO
[02:19:38] [112/326] CMVP
[02:19:39] [113/326] SGTH
[02:19:40] [114/326] SAYN
[02:19:41] [115/326] URVS
[02:19:42] [116/326] VJTN
[02:19:43] [117/326] BBYK
[02:19:44] [118/326] SHBO
[02:19:45] [119/326] VCMR
[02:19:46] 🔄 Identity reset
[02:19:46] 🔄 Identity rotated (every 10 requests)
[02:19:46] [120/326] MACT
[02:19:47] [121/326] JMNP
[02:19:48] [122/326] VICS
[02:19:49] [123/326] VCDA
[02:19:50] [124/326] GCMM
[02:19:51] [125/326] INVS
[02:19:52] [126/326] SCGM
[02:19:52] [127/326] PCDA
[02:19:53] [128/326] KDCT
[02:19:54] [129/326] JACS
[02:19:55] 🔄 Identity reset
[02:19:55] 🔄 Identity rotated (every 10 requests)
[02:19:55] [130/326] GMMC
[02:19:56] [131/326] AICM
[02:19:57] [132/326] TJCM
[02:19:58] [133/326] RMTI
[02:20:00] [134/326] SHAC
[02:20:00] [135/326] APJC
[02:20:01] [136/326] GCTG
[02:20:02] [137/326] SSMC
[02:20:03] [138/326] THRM
[02:20:04] [139/326] RBCT
[02:20:05] 🔄 Identity reset
[02:20:05] 🔄 Identity rotated (every 10 requests)
[02:20:05] [140/326] DIKT
[02:20:06] [141/326] MIDL
[02:20:07] [142/326] VCSN
[02:20:08] [143/326] SKTG
[02:20:09] [144/326] SMWC
[02:20:09] [145/326] MNKH
[02:20:10] [146/326] PIAT
[02:20:11] [147/326] LTTP
[02:20:12] [148/326] PTPU
[02:20:13] [149/326] ACMG
[02:20:14] 🔄 Identity reset
[02:20:14] 🔄 Identity rotated (every 10 requests)
[02:20:14] [150/326] SHMM
[02:20:15] [151/326] MCMN
[02:20:16] [152/326] GLDC
[02:20:17] [153/326] HOUT
[02:20:18] [154/326] SVRP
[02:20:19] [155/326] PVDN
[02:20:19] [156/326] SCPY
[02:20:21] [157/326] DTPY
[02:20:21] [158/326] GKCS
[02:20:22] [159/326] NCAM
[02:20:23] 🔄 Identity reset
[02:20:23] 🔄 Identity rotated (every 10 requests)
[02:20:23] [160/326] BSRM
[02:20:24] [161/326] RCLC
[02:20:25] [162/326] SKKD
[02:20:26] [163/326] ACHU
[02:20:27] [164/326] RSCF
[02:20:28] [165/326] IMSH
[02:20:29] [166/326] MACX
[02:20:30] [167/326] HMMW
[02:20:31] [168/326] JTCP
[02:20:32] [169/326] SREN
[02:20:32] 🔄 Identity reset
[02:20:32] 🔄 Identity rotated (every 10 requests)
[02:20:32] [170/326] PJRR
[02:20:34] [171/326] INAC
[02:20:35] [172/326] BMCA
[02:20:36] [173/326] SHCB
[02:20:37] [174/326] GABA
[02:20:38] [175/326] SBCT
[02:20:39] [176/326] GCMA
[02:20:40] [177/326] MYTK
[02:20:40] [178/326] INZS
[02:20:41] [179/326] RMIK
[02:20:42] 🔄 Identity reset
[02:20:42] 🔄 Identity rotated (every 10 requests)
[02:20:42] [180/326] NYCH
[02:20:43] [181/326] RAVE
[02:20:44] [182/326] PSXM
[02:20:45] [183/326] MCGP
[02:20:46] [184/326] PDDK
[02:20:47] [185/326] SPCK
[02:20:48] [186/326] MCRL
[02:20:49] [187/326] MHKT
[02:20:49] [188/326] ANRR
[02:20:50] [189/326] SAPK
[02:20:51] 🔄 Identity reset
[02:20:51] 🔄 Identity rotated (every 10 requests)
[02:20:51] [190/326] NCUK
[02:20:53] [191/326] JUGA
[02:20:54] [192/326] DBSC
[02:20:55] [193/326] LALK
[02:20:56] [194/326] GUCK
[02:20:56] [195/326] STSG
[02:20:57] [196/326] PPPZ
[02:20:59] [197/326] CNCY
[02:21:00] [198/326] MTAR
[02:21:02] [199/326] VNKD
[02:21:02] 🔄 Identity reset
[02:21:02] 🔄 Identity rotated (every 10 requests)
[02:21:02] [200/326] KMAJ
[02:21:03] [201/326] ACXK
[02:21:04] [202/326] UTKC
[02:21:05] [203/326] PBLK
[02:21:06] [204/326] ACBX
[02:21:07] [205/326] PTGM
[02:21:08] [206/326] BTDA
[02:21:08] [207/326] PJMB
[02:21:09] [208/326] TPDA
[02:21:10] [209/326] AMOE
[02:21:11] 🔄 Identity reset
[02:21:11] 🔄 Identity rotated (every 10 requests)
[02:21:11] [210/326] PRHT
[02:21:12] [211/326] PRTA
[02:21:13] [212/326] STAM
[02:21:14] [213/326] MSAA
[02:21:15] [214/326] SDLU
[02:21:16] [215/326] RCHH
[02:21:17] [216/326] KANT
[02:21:18] [217/326] FCRT
[02:21:18] [218/326] DNKM
[02:21:19] [219/326] RYCP
[02:21:20] 🔄 Identity reset
[02:21:20] 🔄 Identity rotated (every 10 requests)
[02:21:20] [220/326] MYRP
[02:21:21] [221/326] PPAK
[02:21:23] [222/326] NVPK
[02:21:23] [223/326] PRMC
[02:21:24] [224/326] JBCS
[02:21:25] [225/326] GXCK
[02:21:26] [226/326] USKO
[02:21:27] [227/326] GTEM
[02:21:28] [228/326] SMBU
[02:21:28] [229/326] VETC
[02:21:29] 🔄 Identity reset
[02:21:29] 🔄 Identity rotated (every 10 requests)
[02:21:29] [230/326] LCDA
[02:21:31] [231/326] MTVT
[02:21:32] [232/326] PYCP
[02:21:33] [233/326] PNSC
[02:21:34] [234/326] PPCC
[02:21:35] [235/326] TGRT
[02:21:36] [236/326] JYOT
[02:21:37] [237/326] SRCZ
[02:21:38] [238/326] SJTE
[02:21:39] [239/326] DESC
[02:21:40] 🔄 Identity reset
[02:21:40] 🔄 Identity rotated (every 10 requests)
[02:21:40] [240/326] JHVN
[02:21:41] [241/326] IPSG
[02:21:43] [242/326] IPCM
[02:21:43] [243/326] PDRS
[02:21:44] [244/326] ANCV
[02:21:45] [245/326] CMVV
[02:21:46] [246/326] SHYP
[02:21:47] [247/326] DNCS
[02:21:48] [248/326] GAJK
[02:21:49] [249/326] AKTN
[02:21:49] 🔄 Identity reset
[02:21:49] 🔄 Identity rotated (every 10 requests)
[02:21:50] [250/326] KAYA
[02:21:50] [251/326] SBRC
[02:21:51] [252/326] CHTP
[02:21:52] [253/326] SHRT
[02:21:53] [254/326] BCKU
[02:21:53] [255/326] FCPS
[02:21:55] [256/326] ARDD
[02:21:56] [257/326] CPCM
[02:21:57] [258/326] CGSM
[02:21:58] [259/326] PSMP
[02:21:58] 🔄 Identity reset
[02:21:58] 🔄 Identity rotated (every 10 requests)
[02:21:59] [260/326] SDAL
[02:21:59] [261/326] RTNB
[02:22:01] [262/326] LMCR
[02:22:02] [263/326] CIMA
[02:22:03] [264/326] RNAS
[02:22:04] [265/326] LITH
[02:22:05] [266/326] PBOX
[02:22:06] [267/326] FRTS
[02:22:07] [268/326] RKIC
[02:22:08] [269/326] PTAI
[02:22:08] 🔄 Identity reset
[02:22:08] 🔄 Identity rotated (every 10 requests)
[02:22:09] [270/326] GCIC
[02:22:09] [271/326] FNAS
[02:22:10] [272/326] SCAR
[02:22:11] [273/326] MTCA
[02:22:12] [274/326] SCTS
[02:22:14] [275/326] SYCS
[02:22:15] [276/326] RDMS
[02:22:15] [277/326] KAMP
[02:22:16] [278/326] ERSD
[02:22:17] [279/326] MJMJ
[02:22:18] 🔄 Identity reset
[02:22:18] 🔄 Identity rotated (every 10 requests)
[02:22:18] [280/326] SRCJ
[02:22:19] [281/326] SCXE
[02:22:20] [282/326] SVFR
[02:22:21] [283/326] BHCS
[02:22:22] [284/326] IMCC
[02:22:23] [285/326] PCBO
[02:22:24] [286/326] PRVN
[02:22:25] [287/326] AUPM
[02:22:25] [288/326] INBW
[02:22:26] [289/326] SVCW
[02:22:27] 🔄 Identity reset
[02:22:27] 🔄 Identity rotated (every 10 requests)
[02:22:28] [290/326] RKCF
[02:22:28] [291/326] UVBH
[02:22:30] [292/326] DNCY
[02:22:31] [293/326] ABCN
[02:22:32] [294/326] PRUR
[02:22:33] [295/326] PFMR
[02:22:34] [296/326] RKCN
[02:22:35] [297/326] CFEA
[02:22:36] [298/326] SDBG
[02:22:37] [299/326] SNAR
[02:22:38] 🔄 Identity reset
[02:22:38] 🔄 Identity rotated (every 10 requests)
[02:22:38] [300/326] YISI
[02:22:39] [301/326] JCFF
[02:22:40] [302/326] VTRK
[02:22:41] [303/326] PCLZ
[02:22:42] [304/326] DIMY
[02:22:43] [305/326] BBTS
[02:22:44] [306/326] GATH
[02:22:45] [307/326] GTMN
[02:22:46] [308/326] VTMH
[02:22:47] [309/326] CCKP
[02:22:48] 🔄 Identity reset
[02:22:48] 🔄 Identity rotated (every 10 requests)
[02:22:48] [310/326] GPKA
[02:22:50] [311/326] MHCL
[02:22:51] [312/326] ATCL
[02:22:52] [313/326] SBCK
[02:22:53] [314/326] AMMR
[02:22:54] [315/326] MADC
[02:22:54] [316/326] TMMA
[02:22:55] [317/326] CACC
[02:22:56] [318/326] CHAL
[02:22:57] [319/326] DURG
[02:22:58] 🔄 Identity reset
[02:22:58] 🔄 Identity rotated (every 10 requests)
[02:22:58] [320/326] GMKU
[02:22:59] [321/326] GECA
[02:23:00] [322/326] KYRR
[02:23:01] [323/326] KSDE
[02:23:02] [324/326] LMCI
[02:23:03] [325/326] NKCP
[02:23:04] [326/326] BGTC
[02:23:05] ✅ DONE | Shows=2 | Movies=1
[03:17:25] 🚀 BMS DAILY TRACKER STARTED (enhanced anti‑detection)
[03:17:25] [1/326] BSAT
[03:17:25] 🧠 New identity created
[03:17:26] [2/326] RSSM
[03:17:27] [3/326] GCTA
[03:17:28] [4/326] TOPN
[03:17:29] [5/326] MCUS
[03:17:30] [6/326] SHRL
[03:17:31] [7/326] UPTP
[03:17:32] [8/326] TMMP
[03:17:33] [9/326] DNRP
[03:17:35] [10/326] SRLT
[03:17:35] 🔄 Identity reset
[03:17:35] 🔄 Identity rotated (every 10 requests)
[03:17:36] [11/326] RCNS
[03:17:36] [12/326] DCBH
[03:17:37] [13/326] NAGJ
[03:17:38] [14/326] JVRC
[03:17:39] [15/326] KRJG
[03:17:40] [16/326] SRTJ
[03:17:41] [17/326] CMXM
[03:17:42] [18/326] STMI
[03:17:44] [19/326] SLST
[03:17:45] [20/326] DTCN
[03:17:45] 🔄 Identity reset
[03:17:45] 🔄 Identity rotated (every 10 requests)
[03:17:46] [21/326] STYN
[03:17:47] [22/326] SZVR
[03:17:47] [23/326] SRKO
[03:17:48] [24/326] JTGT
[03:17:49] [25/326] SVFD
[03:17:50] [26/326] SISD
[03:17:51] [27/326] ABDD
[03:17:52] [28/326] DRCA
[03:17:53] [29/326] AVCS
[03:17:54] [30/326] MVKH
[03:17:55] 🔄 Identity reset
[03:17:55] 🔄 Identity rotated (every 10 requests)
[03:17:55] [31/326] ACPR
[03:17:56] [32/326] STIP
[03:17:57] [33/326] MTRA
[03:17:58] [34/326] RMKH
[03:17:59] [35/326] NKRL
[03:18:00] [36/326] PCWN
[03:18:01] [37/326] BLMT
[03:18:03] [38/326] GDPG
[03:18:04] [39/326] SRMX
[03:18:04] [40/326] JACP
[03:18:05] 🔄 Identity reset
[03:18:05] 🔄 Identity rotated (every 10 requests)
[03:18:05] [41/326] CPSH
[03:18:06] [42/326] MCCD
[03:18:07] [43/326] ECGH
[03:18:08] [44/326] MKCK
[03:18:09] [45/326] SRMM
[03:18:10] [46/326] SKYR
[03:18:11] [47/326] PCKC
[03:18:12] [48/326] JCMA
[03:18:12] [49/326] BSMP
[03:18:13] [50/326] VSPA
[03:18:14] 🔄 Identity reset
[03:18:14] 🔄 Identity rotated (every 10 requests)
[03:18:14] [51/326] DJYA
[03:18:15] [52/326] DIMP
[03:18:16] [53/326] FXDR
[03:18:17] [54/326] SSRC
[03:18:18] [55/326] STHP
[03:18:19] [56/326] CPPD
[03:18:20] [57/326] FCLK
[03:18:21] [58/326] SCPP
[03:18:21] [59/326] DCMJ
[03:18:23] [60/326] RCCR
[03:18:23] 🔄 Identity reset
[03:18:23] 🔄 Identity rotated (every 10 requests)
[03:18:24] [61/326] INMT
[03:18:25] [62/326] LXTK
[03:18:26] [63/326] SRYK
[03:18:27] [64/326] SGDK
[03:18:28] [65/326] PPKA
[03:18:29] [66/326] SPKA
[03:18:30] [67/326] CGHH
[03:18:31] [68/326] DCJN
[03:18:32] [69/326] SRKV
[03:18:33] [70/326] SAJC
[03:18:33] 🔄 Identity reset
[03:18:33] 🔄 Identity rotated (every 10 requests)
[03:18:34] [71/326] SUSR
[03:18:35] [72/326] STYG
[03:18:36] [73/326] NTKP
[03:18:36] [74/326] AKTG
[03:18:37] [75/326] CGCM
[03:18:38] [76/326] TULC
[03:18:39] [77/326] NYYZ
[03:18:40] [78/326] NYBW
[03:18:41] [79/326] MACB
[03:18:42] [80/326] SLVT
[03:18:43] 🔄 Identity reset
[03:18:43] 🔄 Identity rotated (every 10 requests)
[03:18:43] [81/326] SANA
[03:18:44] [82/326] ACMR
[03:18:45] [83/326] CPKN
[03:18:46] [84/326] DLGK
[03:18:47] [85/326] CWCK
[03:18:48] [86/326] FDDH
[03:18:49] [87/326] MMMD
[03:18:50] [88/326] CMEH
[03:18:51] [89/326] GGGV
[03:18:52] [90/326] SPJL
[03:18:53] 🔄 Identity reset
[03:18:53] 🔄 Identity rotated (every 10 requests)
[03:18:53] [91/326] RCCD
[03:18:54] [92/326] STTZ
[03:18:55] [93/326] BTCF
[03:18:56] [94/326] TSTZ
[03:18:57] [95/326] IPMM
[03:18:58] [96/326] PMPW
[03:18:59] [97/326] PCMZ
[03:19:00] [98/326] ESEM
[03:19:01] [99/326] PIPO
[03:19:02] [100/326] MATK
[03:19:02] 🔄 Identity reset
[03:19:02] 🔄 Identity rotated (every 10 requests)
[03:19:03] [101/326] PGHM
[03:19:04] [102/326] CTSR
[03:19:05] [103/326] CYKR
[03:19:06] [104/326] MSCM
[03:19:07] [105/326] RFNP
[03:19:08] [106/326] PDCP
[03:19:09] [107/326] NPSE
[03:19:10] [108/326] MKML
[03:19:11] [109/326] FTDP
[03:19:12] [110/326] MMXA
[03:19:13] 🔄 Identity reset
[03:19:13] 🔄 Identity rotated (every 10 requests)
[03:19:14] [111/326] CEPO
[03:19:15] [112/326] CMVP
[03:19:16] [113/326] SGTH
[03:19:16] [114/326] SAYN
[03:19:17] [115/326] URVS
[03:19:18] [116/326] VJTN
[03:19:19] [117/326] BBYK
[03:19:21] [118/326] SHBO
[03:19:22] [119/326] VCMR
[03:19:22] [120/326] MACT
[03:19:23] 🔄 Identity reset
[03:19:23] 🔄 Identity rotated (every 10 requests)
[03:19:23] 🔄 Retry 1/5 for MACT in 2.4s
[03:19:23] 🔄 Identity reset
[03:19:25] 🧠 New identity created
[03:19:26] [121/326] JMNP
[03:19:27] [122/326] VICS
[03:19:28] [123/326] VCDA
[03:19:29] [124/326] GCMM
[03:19:30] [125/326] INVS
[03:19:31] [126/326] SCGM
[03:19:32] [127/326] PCDA
[03:19:33] [128/326] KDCT
[03:19:34] [129/326] JACS
[03:19:34] 🔄 Identity reset
[03:19:34] 🔄 Identity rotated (every 10 requests)
[03:19:34] [130/326] GMMC
[03:19:35] [131/326] AICM
[03:19:36] [132/326] TJCM
[03:19:37] [133/326] RMTI
[03:19:39] [134/326] SHAC
[03:19:39] [135/326] APJC
[03:19:40] [136/326] GCTG
[03:19:41] [137/326] SSMC
[03:19:42] [138/326] THRM
[03:19:43] [139/326] RBCT
[03:19:44] 🔄 Identity reset
[03:19:44] 🔄 Identity rotated (every 10 requests)
[03:19:44] [140/326] DIKT
[03:19:45] [141/326] MIDL
[03:19:46] [142/326] VCSN
[03:19:47] [143/326] SKTG
[03:19:48] [144/326] SMWC
[03:19:49] [145/326] MNKH
[03:19:50] [146/326] PIAT
[03:19:51] [147/326] LTTP
[03:19:51] [148/326] PTPU
[03:19:52] [149/326] ACMG
[03:19:53] 🔄 Identity reset
[03:19:53] 🔄 Identity rotated (every 10 requests)
[03:19:53] [150/326] SHMM
[03:19:54] [151/326] MCMN
[03:19:55] [152/326] GLDC
[03:19:56] [153/326] HOUT
[03:19:57] [154/326] SVRP
[03:19:58] [155/326] PVDN
[03:19:58] [156/326] SCPY
[03:19:59] [157/326] DTPY
[03:20:00] [158/326] GKCS
[03:20:01] [159/326] NCAM
[03:20:02] 🔄 Identity reset
[03:20:02] 🔄 Identity rotated (every 10 requests)
[03:20:02] [160/326] BSRM
[03:20:03] [161/326] RCLC
[03:20:04] [162/326] SKKD
[03:20:05] [163/326] ACHU
[03:20:06] [164/326] RSCF
[03:20:07] [165/326] IMSH
[03:20:08] [166/326] MACX
[03:20:09] [167/326] HMMW
[03:20:10] [168/326] JTCP
[03:20:11] [169/326] SREN
[03:20:11] 🔄 Identity reset
[03:20:11] 🔄 Identity rotated (every 10 requests)
[03:20:12] [170/326] PJRR
[03:20:13] [171/326] INAC
[03:20:14] [172/326] BMCA
[03:20:15] [173/326] SHCB
[03:20:16] [174/326] GABA
[03:20:17] [175/326] SBCT
[03:20:18] [176/326] GCMA
[03:20:19] [177/326] MYTK
[03:20:20] [178/326] INZS
[03:20:21] [179/326] RMIK
[03:20:21] 🔄 Identity reset
[03:20:21] 🔄 Identity rotated (every 10 requests)
[03:20:22] [180/326] NYCH
[03:20:23] [181/326] RAVE
[03:20:24] [182/326] PSXM
[03:20:25] [183/326] MCGP
[03:20:26] [184/326] PDDK
[03:20:27] [185/326] SPCK
[03:20:28] [186/326] MCRL
[03:20:29] [187/326] MHKT
[03:20:30] [188/326] ANRR
[03:20:31] [189/326] SAPK
[03:20:31] 🔄 Identity reset
[03:20:31] 🔄 Identity rotated (every 10 requests)
[03:20:31] [190/326] NCUK
[03:20:32] [191/326] JUGA
[03:20:33] [192/326] DBSC
[03:20:34] [193/326] LALK
[03:20:35] [194/326] GUCK
[03:20:36] [195/326] STSG
[03:20:37] [196/326] PPPZ
[03:20:38] [197/326] CNCY
[03:20:40] [198/326] MTAR
[03:20:40] [199/326] VNKD
[03:20:41] 🔄 Identity reset
[03:20:41] 🔄 Identity rotated (every 10 requests)
[03:20:42] [200/326] KMAJ
[03:20:43] [201/326] ACXK
[03:20:44] [202/326] UTKC
[03:20:45] [203/326] PBLK
[03:20:46] [204/326] ACBX
[03:20:47] [205/326] PTGM
[03:20:48] [206/326] BTDA
[03:20:49] [207/326] PJMB
[03:20:50] [208/326] TPDA
[03:20:51] [209/326] AMOE
[03:20:51] 🔄 Identity reset
[03:20:51] 🔄 Identity rotated (every 10 requests)
[03:20:52] [210/326] PRHT
[03:20:53] [211/326] PRTA
[03:20:53] [212/326] STAM
[03:20:54] [213/326] MSAA
[03:20:55] [214/326] SDLU
[03:20:56] [215/326] RCHH
[03:20:57] [216/326] KANT
[03:20:58] [217/326] FCRT
[03:20:59] [218/326] DNKM
[03:21:01] [219/326] RYCP
[03:21:02] 🔄 Identity reset
[03:21:02] 🔄 Identity rotated (every 10 requests)
[03:21:02] [220/326] MYRP
[03:21:03] [221/326] PPAK
[03:21:04] [222/326] NVPK
[03:21:05] [223/326] PRMC
[03:21:06] [224/326] JBCS
[03:21:07] [225/326] GXCK
[03:21:08] [226/326] USKO
[03:21:09] [227/326] GTEM
[03:21:10] [228/326] SMBU
[03:21:11] [229/326] VETC
[03:21:11] 🔄 Identity reset
[03:21:11] 🔄 Identity rotated (every 10 requests)
[03:21:12] [230/326] LCDA
[03:21:13] [231/326] MTVT
[03:21:14] [232/326] PYCP
[03:21:15] [233/326] PNSC
[03:21:16] [234/326] PPCC
[03:21:18] [235/326] TGRT
[03:21:19] [236/326] JYOT
[03:21:20] [237/326] SRCZ
[03:21:20] [238/326] SJTE
[03:21:21] [239/326] DESC
[03:21:22] 🔄 Identity reset
[03:21:22] 🔄 Identity rotated (every 10 requests)
[03:21:22] [240/326] JHVN
[03:21:23] [241/326] IPSG
[03:21:24] [242/326] IPCM
[03:21:25] [243/326] PDRS
[03:21:26] [244/326] ANCV
[03:21:27] [245/326] CMVV
[03:21:28] [246/326] SHYP
[03:21:29] [247/326] DNCS
[03:21:30] [248/326] GAJK
[03:21:31] [249/326] AKTN
[03:21:31] 🔄 Identity reset
[03:21:31] 🔄 Identity rotated (every 10 requests)
[03:21:32] [250/326] KAYA
[03:21:33] [251/326] SBRC
[03:21:34] [252/326] CHTP
[03:21:35] [253/326] SHRT
[03:21:36] [254/326] BCKU
[03:21:37] [255/326] FCPS
[03:21:38] [256/326] ARDD
[03:21:39] [257/326] CPCM
[03:21:40] [258/326] CGSM
[03:21:41] [259/326] PSMP
[03:21:42] 🔄 Identity reset
[03:21:42] 🔄 Identity rotated (every 10 requests)
[03:21:42] [260/326] SDAL
[03:21:43] [261/326] RTNB
[03:21:44] [262/326] LMCR
[03:21:45] [263/326] CIMA
[03:21:46] [264/326] RNAS
[03:21:47] [265/326] LITH
[03:21:48] [266/326] PBOX
[03:21:49] [267/326] FRTS
[03:21:50] [268/326] RKIC
[03:21:51] [269/326] PTAI
[03:21:51] 🔄 Identity reset
[03:21:51] 🔄 Identity rotated (every 10 requests)
[03:21:52] [270/326] GCIC
[03:21:53] [271/326] FNAS
[03:21:54] [272/326] SCAR
[03:21:55] [273/326] MTCA
[03:21:56] [274/326] SCTS
[03:21:56] [275/326] SYCS
[03:21:57] [276/326] RDMS
[03:21:58] [277/326] KAMP
[03:21:59] [278/326] ERSD
[03:22:00] [279/326] MJMJ
[03:22:01] 🔄 Identity reset
[03:22:01] 🔄 Identity rotated (every 10 requests)
[03:22:01] [280/326] SRCJ
[03:22:02] [281/326] SCXE
[03:22:03] [282/326] SVFR
[03:22:04] [283/326] BHCS
[03:22:05] [284/326] IMCC
[03:22:06] [285/326] PCBO
[03:22:07] [286/326] PRVN
[03:22:08] [287/326] AUPM
[03:22:09] [288/326] INBW
[03:22:10] [289/326] SVCW
[03:22:10] 🔄 Identity reset
[03:22:10] 🔄 Identity rotated (every 10 requests)
[03:22:10] 🔄 Retry 1/5 for SVCW in 2.4s
[03:22:10] 🔄 Identity reset
[03:22:13] 🧠 New identity created
[03:22:14] [290/326] RKCF
[03:22:15] [291/326] UVBH
[03:22:16] [292/326] DNCY
[03:22:17] [293/326] ABCN
[03:22:18] [294/326] PRUR
[03:22:19] [295/326] PFMR
[03:22:20] [296/326] RKCN
[03:22:21] [297/326] CFEA
[03:22:22] [298/326] SDBG
[03:22:23] 🔄 Identity reset
[03:22:23] 🔄 Identity rotated (every 10 requests)
[03:22:23] [299/326] SNAR
[03:22:24] [300/326] YISI
[03:22:25] [301/326] JCFF
[03:22:26] [302/326] VTRK
[03:22:27] [303/326] PCLZ
[03:22:28] [304/326] DIMY
[03:22:29] [305/326] BBTS
[03:22:30] [306/326] GATH
[03:22:31] [307/326] GTMN
[03:22:32] [308/326] VTMH
[03:22:32] 🔄 Identity reset
[03:22:32] 🔄 Identity rotated (every 10 requests)
[03:22:33] [309/326] CCKP
[03:22:33] [310/326] GPKA
[03:22:34] [311/326] MHCL
[03:22:35] [312/326] ATCL
[03:22:36] [313/326] SBCK
[03:22:37] [314/326] AMMR
[03:22:38] [315/326] MADC
[03:22:39] [316/326] TMMA
[03:22:40] [317/326] CACC
[03:22:41] [318/326] CHAL
[03:22:42] 🔄 Identity reset
[03:22:42] 🔄 Identity rotated (every 10 requests)
[03:22:42] [319/326] DURG
[03:22:43] [320/326] GMKU
[03:22:44] [321/326] GECA
[03:22:45] [322/326] KYRR
[03:22:46] [323/326] KSDE
[03:22:47] [324/326] LMCI
[03:22:48] [325/326] NKCP
[03:22:49] [326/326] BGTC
[03:22:50] ✅ DONE | Shows=3 | Movies=2
[04:17:13] 🚀 BMS DAILY TRACKER STARTED (enhanced anti‑detection)
[04:17:13] [1/326] BSAT
[04:17:14] 🧠 New identity created
[04:17:14] [2/326] RSSM
[04:17:15] [3/326] GCTA
[04:17:16] [4/326] TOPN
[04:17:18] [5/326] MCUS
[04:17:18] [6/326] SHRL
[04:17:19] [7/326] UPTP
[04:17:19] [8/326] TMMP
[04:17:20] [9/326] DNRP
[04:17:22] [10/326] SRLT
[04:17:22] 🔄 Identity reset
[04:17:22] 🔄 Identity rotated (every 10 requests)
[04:17:23] [11/326] RCNS
[04:17:23] [12/326] DCBH
[04:17:24] [13/326] NAGJ
[04:17:25] [14/326] JVRC
[04:17:26] [15/326] KRJG
[04:17:26] [16/326] SRTJ
[04:17:27] [17/326] CMXM
[04:17:28] [18/326] STMI
[04:17:29] [19/326] SLST
[04:17:30] [20/326] DTCN
[04:17:30] 🔄 Identity reset
[04:17:30] 🔄 Identity rotated (every 10 requests)
[04:17:31] [21/326] STYN
[04:17:31] [22/326] SZVR
[04:17:32] [23/326] SRKO
[04:17:33] [24/326] JTGT
[04:17:34] [25/326] SVFD
[04:17:34] [26/326] SISD
[04:17:35] [27/326] ABDD
[04:17:36] [28/326] DRCA
[04:17:36] [29/326] AVCS
[04:17:37] [30/326] MVKH
[04:17:38] 🔄 Identity reset
[04:17:38] 🔄 Identity rotated (every 10 requests)
[04:17:38] [31/326] ACPR
[04:17:40] [32/326] STIP
[04:17:40] [33/326] MTRA
[04:17:41] [34/326] RMKH
[04:17:41] [35/326] NKRL
[04:17:42] [36/326] PCWN
[04:17:43] [37/326] BLMT
[04:17:44] [38/326] GDPG
[04:17:44] [39/326] SRMX
[04:17:45] [40/326] JACP
[04:17:46] 🔄 Identity reset
[04:17:46] 🔄 Identity rotated (every 10 requests)
[04:17:46] [41/326] CPSH
[04:17:47] [42/326] MCCD
[04:17:48] [43/326] ECGH
[04:17:49] [44/326] MKCK
[04:17:49] [45/326] SRMM
[04:17:50] [46/326] SKYR
[04:17:51] [47/326] PCKC
[04:17:51] [48/326] JCMA
[04:17:52] [49/326] BSMP
[04:17:53] [50/326] VSPA
[04:17:54] 🔄 Identity reset
[04:17:54] 🔄 Identity rotated (every 10 requests)
[04:17:54] [51/326] DJYA
[04:17:55] [52/326] DIMP
[04:17:56] [53/326] FXDR
[04:17:57] [54/326] SSRC
[04:17:58] [55/326] STHP
[04:17:59] [56/326] CPPD
[04:18:00] [57/326] FCLK
[04:18:01] [58/326] SCPP
[04:18:02] [59/326] DCMJ
[04:18:03] [60/326] RCCR
[04:18:03] 🔄 Identity reset
[04:18:03] 🔄 Identity rotated (every 10 requests)
[04:18:04] [61/326] INMT
[04:18:05] [62/326] LXTK
[04:18:06] [63/326] SRYK
[04:18:06] [64/326] SGDK
[04:18:07] [65/326] PPKA
[04:18:08] [66/326] SPKA
[04:18:09] [67/326] CGHH
[04:18:10] [68/326] DCJN
[04:18:11] [69/326] SRKV
[04:18:12] [70/326] SAJC
[04:18:13] 🔄 Identity reset
[04:18:13] 🔄 Identity rotated (every 10 requests)
[04:18:13] [71/326] SUSR
[04:18:14] [72/326] STYG
[04:18:16] [73/326] NTKP
[04:18:16] [74/326] AKTG
[04:18:17] [75/326] CGCM
[04:18:18] [76/326] TULC
[04:18:19] [77/326] NYYZ
[04:18:21] [78/326] NYBW
[04:18:21] [79/326] MACB
[04:18:22] [80/326] SLVT
[04:18:22] 🔄 Identity reset
[04:18:22] 🔄 Identity rotated (every 10 requests)
[04:18:22] [81/326] SANA
[04:18:23] [82/326] ACMR
[04:18:25] [83/326] CPKN
[04:18:26] [84/326] DLGK
[04:18:27] [85/326] CWCK
[04:18:28] [86/326] FDDH
[04:18:29] [87/326] MMMD
[04:18:30] [88/326] CMEH
[04:18:31] [89/326] GGGV
[04:18:32] [90/326] SPJL
[04:18:33] 🔄 Identity reset
[04:18:33] 🔄 Identity rotated (every 10 requests)
[04:18:33] [91/326] RCCD
[04:18:34] [92/326] STTZ
[04:18:35] [93/326] BTCF
[04:18:35] [94/326] TSTZ
[04:18:36] [95/326] IPMM
[04:18:37] [96/326] PMPW
[04:18:38] [97/326] PCMZ
[04:18:39] [98/326] ESEM
[04:18:40] [99/326] PIPO
[04:18:40] [100/326] MATK
[04:18:41] 🔄 Identity reset
[04:18:41] 🔄 Identity rotated (every 10 requests)
[04:18:41] [101/326] PGHM
[04:18:42] [102/326] CTSR
[04:18:42] [103/326] CYKR
[04:18:44] [104/326] MSCM
[04:18:44] [105/326] RFNP
[04:18:45] [106/326] PDCP
[04:18:45] [107/326] NPSE
[04:18:46] [108/326] MKML
[04:18:46] [109/326] FTDP
[04:18:47] [110/326] MMXA
[04:18:48] 🔄 Identity reset
[04:18:48] 🔄 Identity rotated (every 10 requests)
[04:18:48] [111/326] CEPO
[04:18:49] [112/326] CMVP
[04:18:50] [113/326] SGTH
[04:18:51] [114/326] SAYN
[04:18:51] [115/326] URVS
[04:18:52] [116/326] VJTN
[04:18:53] [117/326] BBYK
[04:18:54] [118/326] SHBO
[04:18:55] [119/326] VCMR
[04:18:56] [120/326] MACT
[04:18:56] 🔄 Identity reset
[04:18:56] 🔄 Identity rotated (every 10 requests)
[04:18:57] [121/326] JMNP
[04:18:58] [122/326] VICS
[04:18:58] [123/326] VCDA
[04:18:59] [124/326] GCMM
[04:19:00] [125/326] INVS
[04:19:01] [126/326] SCGM
[04:19:01] [127/326] PCDA
[04:19:02] [128/326] KDCT
[04:19:03] [129/326] JACS
[04:19:04] [130/326] GMMC
[04:19:04] 🔄 Identity reset
[04:19:04] 🔄 Identity rotated (every 10 requests)
[04:19:05] [131/326] AICM
[04:19:06] [132/326] TJCM
[04:19:06] [133/326] RMTI
[04:19:07] [134/326] SHAC
[04:19:08] [135/326] APJC
[04:19:09] [136/326] GCTG
[04:19:10] [137/326] SSMC
[04:19:10] [138/326] THRM
[04:19:11] [139/326] RBCT
[04:19:12] [140/326] DIKT
[04:19:13] 🔄 Identity reset
[04:19:13] 🔄 Identity rotated (every 10 requests)
[04:19:13] 🔄 Retry 1/5 for DIKT in 2.9s
[04:19:13] 🔄 Identity reset
[04:19:16] 🧠 New identity created
[04:19:17] [141/326] MIDL
[04:19:18] [142/326] VCSN
[04:19:18] [143/326] SKTG
[04:19:19] [144/326] SMWC
[04:19:20] [145/326] MNKH
[04:19:21] [146/326] PIAT
[04:19:21] [147/326] LTTP
[04:19:23] [148/326] PTPU
[04:19:23] [149/326] ACMG
[04:19:24] 🔄 Identity reset
[04:19:24] 🔄 Identity rotated (every 10 requests)
[04:19:24] 🔄 Retry 1/5 for ACMG in 2.8s
[04:19:24] 🔄 Identity reset
[04:19:27] 🧠 New identity created
[04:19:27] [150/326] SHMM
[04:19:28] [151/326] MCMN
[04:19:29] [152/326] GLDC
[04:19:31] [153/326] HOUT
[04:19:32] [154/326] SVRP
[04:19:33] [155/326] PVDN
[04:19:33] [156/326] SCPY
[04:19:34] [157/326] DTPY
[04:19:35] [158/326] GKCS
[04:19:36] 🔄 Identity reset
[04:19:36] 🔄 Identity rotated (every 10 requests)
[04:19:36] 🔄 Retry 1/5 for GKCS in 2.2s
[04:19:36] 🔄 Identity reset
[04:19:38] 🧠 New identity created
[04:19:38] [159/326] NCAM
[04:19:39] [160/326] BSRM
[04:19:40] [161/326] RCLC
[04:19:41] [162/326] SKKD
[04:19:42] [163/326] ACHU
[04:19:43] [164/326] RSCF
[04:19:44] [165/326] IMSH
[04:19:45] [166/326] MACX
[04:19:46] [167/326] HMMW
[04:19:47] 🔄 Identity reset
[04:19:47] 🔄 Identity rotated (every 10 requests)
[04:19:49] [168/326] JTCP
[04:19:50] [169/326] SREN
[04:19:51] [170/326] PJRR
[04:19:52] [171/326] INAC
[04:19:52] [172/326] BMCA
[04:19:54] [173/326] SHCB
[04:19:54] [174/326] GABA
[04:19:55] [175/326] SBCT
[04:19:56] [176/326] GCMA
[04:19:57] [177/326] MYTK
[04:19:57] 🔄 Identity reset
[04:19:57] 🔄 Identity rotated (every 10 requests)
[04:19:58] [178/326] INZS
[04:19:59] [179/326] RMIK
[04:20:00] [180/326] NYCH
[04:20:01] [181/326] RAVE
[04:20:01] [182/326] PSXM
[04:20:03] [183/326] MCGP
[04:20:04] [184/326] PDDK
[04:20:05] [185/326] SPCK
[04:20:06] [186/326] MCRL
[04:20:07] [187/326] MHKT
[04:20:08] 🔄 Identity reset
[04:20:08] 🔄 Identity rotated (every 10 requests)
[04:20:08] 🔄 Retry 1/5 for MHKT in 2.4s
[04:20:08] 🔄 Identity reset
[04:20:10] 🧠 New identity created
[04:20:11] [188/326] ANRR
[04:20:12] [189/326] SAPK
[04:20:12] [190/326] NCUK
[04:20:13] [191/326] JUGA
[04:20:14] [192/326] DBSC
[04:20:15] [193/326] LALK
[04:20:16] [194/326] GUCK
[04:20:17] [195/326] STSG
[04:20:19] [196/326] PPPZ
[04:20:20] 🔄 Identity reset
[04:20:20] 🔄 Identity rotated (every 10 requests)
[04:20:20] [197/326] CNCY
[04:20:21] [198/326] MTAR
[04:20:22] [199/326] VNKD
[04:20:22] [200/326] KMAJ
[04:20:24] [201/326] ACXK
[04:20:24] [202/326] UTKC
[04:20:25] [203/326] PBLK
[04:20:26] [204/326] ACBX
[04:20:27] [205/326] PTGM
[04:20:28] [206/326] BTDA
[04:20:29] 🔄 Identity reset
[04:20:29] 🔄 Identity rotated (every 10 requests)
[04:20:29] [207/326] PJMB
[04:20:31] [208/326] TPDA
[04:20:31] [209/326] AMOE
[04:20:32] [210/326] PRHT
[04:20:33] [211/326] PRTA
[04:20:34] [212/326] STAM
[04:20:35] [213/326] MSAA
[04:20:36] [214/326] SDLU
[04:20:37] [215/326] RCHH
[04:20:38] [216/326] KANT
[04:20:38] 🔄 Identity reset
[04:20:38] 🔄 Identity rotated (every 10 requests)
[04:20:39] [217/326] FCRT
[04:20:40] [218/326] DNKM
[04:20:41] [219/326] RYCP
[04:20:41] [220/326] MYRP
[04:20:42] [221/326] PPAK
[04:20:44] [222/326] NVPK
[04:20:44] [223/326] PRMC
[04:20:45] [224/326] JBCS
[04:20:46] [225/326] GXCK
[04:20:47] [226/326] USKO
[04:20:48] 🔄 Identity reset
[04:20:48] 🔄 Identity rotated (every 10 requests)
[04:20:48] [227/326] GTEM
[04:20:49] [228/326] SMBU
[04:20:50] [229/326] VETC
[04:20:50] [230/326] LCDA
[04:20:51] [231/326] MTVT
[04:20:52] [232/326] PYCP
[04:20:53] [233/326] PNSC
[04:20:54] [234/326] PPCC
[04:20:55] [235/326] TGRT
[04:20:56] [236/326] JYOT
[04:20:57] 🔄 Identity reset
[04:20:57] 🔄 Identity rotated (every 10 requests)
[04:20:57] [237/326] SRCZ
[04:20:58] [238/326] SJTE
[04:20:58] [239/326] DESC
[04:20:59] [240/326] JHVN
[04:21:00] [241/326] IPSG
[04:21:01] [242/326] IPCM
[04:21:02] [243/326] PDRS
[04:21:03] [244/326] ANCV
[04:21:04] [245/326] CMVV
[04:21:05] [246/326] SHYP
[04:21:06] 🔄 Identity reset
[04:21:06] 🔄 Identity rotated (every 10 requests)
[04:21:06] [247/326] DNCS
[04:21:07] [248/326] GAJK
[04:21:08] [249/326] AKTN
[04:21:09] [250/326] KAYA
[04:21:10] [251/326] SBRC
[04:21:11] [252/326] CHTP
[04:21:12] [253/326] SHRT
[04:21:13] [254/326] BCKU
[04:21:14] [255/326] FCPS
[04:21:15] [256/326] ARDD
[04:21:15] 🔄 Identity reset
[04:21:15] 🔄 Identity rotated (every 10 requests)
[04:21:16] [257/326] CPCM
[04:21:17] [258/326] CGSM
[04:21:18] [259/326] PSMP
[04:21:19] [260/326] SDAL
[04:21:19] [261/326] RTNB
[04:21:20] [262/326] LMCR
[04:21:21] [263/326] CIMA
[04:21:22] [264/326] RNAS
[04:21:23] [265/326] LITH
[04:21:24] [266/326] PBOX
[04:21:25] 🔄 Identity reset
[04:21:25] 🔄 Identity rotated (every 10 requests)
[04:21:26] [267/326] FRTS
[04:21:26] [268/326] RKIC
[04:21:27] [269/326] PTAI
[04:21:29] [270/326] GCIC
[04:21:30] [271/326] FNAS
[04:21:30] [272/326] SCAR
[04:21:31] [273/326] MTCA
[04:21:32] [274/326] SCTS
[04:21:33] [275/326] SYCS
[04:21:34] [276/326] RDMS
[04:21:35] 🔄 Identity reset
[04:21:35] 🔄 Identity rotated (every 10 requests)
[04:21:35] [277/326] KAMP
[04:21:36] [278/326] ERSD
[04:21:37] [279/326] MJMJ
[04:21:38] [280/326] SRCJ
[04:21:39] [281/326] SCXE
[04:21:40] [282/326] SVFR
[04:21:40] [283/326] BHCS
[04:21:41] [284/326] IMCC
[04:21:43] [285/326] PCBO
[04:21:43] [286/326] PRVN
[04:21:44] 🔄 Identity reset
[04:21:44] 🔄 Identity rotated (every 10 requests)
[04:21:44] [287/326] AUPM
[04:21:45] [288/326] INBW
[04:21:46] [289/326] SVCW
[04:21:47] [290/326] RKCF
[04:21:48] [291/326] UVBH
[04:21:48] [292/326] DNCY
[04:21:49] [293/326] ABCN
[04:21:50] [294/326] PRUR
[04:21:52] [295/326] PFMR
[04:21:53] [296/326] RKCN
[04:21:54] 🔄 Identity reset
[04:21:54] 🔄 Identity rotated (every 10 requests)
[04:21:54] [297/326] CFEA
[04:21:55] [298/326] SDBG
[04:21:57] [299/326] SNAR
[04:21:58] [300/326] YISI
[04:21:58] [301/326] JCFF
[04:21:59] [302/326] VTRK
[04:22:00] [303/326] PCLZ
[04:22:01] [304/326] DIMY
[04:22:02] [305/326] BBTS
[04:22:03] [306/326] GATH
[04:22:04] 🔄 Identity reset
[04:22:04] 🔄 Identity rotated (every 10 requests)
[04:22:04] [307/326] GTMN
[04:22:05] [308/326] VTMH
[04:22:06] [309/326] CCKP
[04:22:07] [310/326] GPKA
[04:22:08] [311/326] MHCL
[04:22:09] [312/326] ATCL
[04:22:10] [313/326] SBCK
[04:22:11] [314/326] AMMR
[04:22:12] [315/326] MADC
[04:22:13] [316/326] TMMA
[04:22:13] 🔄 Identity reset
[04:22:13] 🔄 Identity rotated (every 10 requests)
[04:22:14] [317/326] CACC
[04:22:15] [318/326] CHAL
[04:22:16] [319/326] DURG
[04:22:16] [320/326] GMKU
[04:22:18] [321/326] GECA
[04:22:18] [322/326] KYRR
[04:22:19] [323/326] KSDE
[04:22:20] [324/326] LMCI
[04:22:21] [325/326] NKCP
[04:22:22] [326/326] BGTC
[04:22:23] 🔄 Identity reset
[04:22:23] 🔄 Identity rotated (every 10 requests)
[04:22:23] 🔄 Retry 1/5 for BGTC in 2.9s
[04:22:23] 🔄 Identity reset
[04:22:26] 🧠 New identity created
[04:22:27] ✅ DONE | Shows=7 | Movies=2
[05:05:12] 🚀 BMS DAILY TRACKER STARTED (enhanced anti‑detection)
[05:05:12] [1/326] BSAT
[05:05:13] 🧠 New identity created
[05:05:13] [2/326] RSSM
[05:05:14] [3/326] GCTA
[05:05:14] [4/326] TOPN
[05:05:15] [5/326] MCUS
[05:05:16] [6/326] SHRL
[05:05:16] [7/326] UPTP
[05:05:17] [8/326] TMMP
[05:05:17] [9/326] DNRP
[05:05:18] [10/326] SRLT
[05:05:19] 🔄 Identity reset
[05:05:19] 🔄 Identity rotated (every 10 requests)
[05:05:19] [11/326] RCNS
[05:05:20] [12/326] DCBH
[05:05:21] [13/326] NAGJ
[05:05:21] [14/326] JVRC
[05:05:22] [15/326] KRJG
[05:05:23] [16/326] SRTJ
[05:05:24] [17/326] CMXM
[05:05:24] [18/326] STMI
[05:05:25] [19/326] SLST
[05:05:26] [20/326] DTCN
[05:05:27] 🔄 Identity reset
[05:05:27] 🔄 Identity rotated (every 10 requests)
[05:05:27] [21/326] STYN
[05:05:27] [22/326] SZVR
[05:05:28] [23/326] SRKO
[05:05:29] [24/326] JTGT
[05:05:30] [25/326] SVFD
[05:05:30] [26/326] SISD
[05:05:31] [27/326] ABDD
[05:05:32] [28/326] DRCA
[05:05:33] [29/326] AVCS
[05:05:34] [30/326] MVKH
[05:05:34] 🔄 Identity reset
[05:05:34] 🔄 Identity rotated (every 10 requests)
[05:05:35] [31/326] ACPR
[05:05:36] [32/326] STIP
[05:05:37] [33/326] MTRA
[05:05:38] [34/326] RMKH
[05:05:38] [35/326] NKRL
[05:05:39] [36/326] PCWN
[05:05:40] [37/326] BLMT
[05:05:41] [38/326] GDPG
[05:05:42] [39/326] SRMX
[05:05:43] [40/326] JACP
[05:05:43] 🔄 Identity reset
[05:05:43] 🔄 Identity rotated (every 10 requests)
[05:05:43] [41/326] CPSH
[05:05:44] [42/326] MCCD
[05:05:44] [43/326] ECGH
[05:05:45] [44/326] MKCK
[05:05:45] [45/326] SRMM
[05:05:46] [46/326] SKYR
[05:05:47] [47/326] PCKC
[05:05:48] [48/326] JCMA
[05:05:48] [49/326] BSMP
[05:05:49] [50/326] VSPA
[05:05:50] 🔄 Identity reset
[05:05:50] 🔄 Identity rotated (every 10 requests)
[05:05:50] [51/326] DJYA
[05:05:50] [52/326] DIMP
[05:05:51] [53/326] FXDR
[05:05:52] [54/326] SSRC
[05:05:52] [55/326] STHP
[05:05:53] [56/326] CPPD
[05:05:54] [57/326] FCLK
[05:05:54] [58/326] SCPP
[05:05:55] [59/326] DCMJ
[05:05:56] [60/326] RCCR
[05:05:57] 🔄 Identity reset
[05:05:57] 🔄 Identity rotated (every 10 requests)
[05:05:58] [61/326] INMT
[05:05:58] [62/326] LXTK
[05:05:59] [63/326] SRYK
[05:05:59] [64/326] SGDK
[05:06:00] [65/326] PPKA
[05:06:02] [66/326] SPKA
[05:06:03] [67/326] CGHH
[05:06:04] [68/326] DCJN
[05:06:05] [69/326] SRKV
[05:06:06] [70/326] SAJC
[05:06:06] 🔄 Identity reset
[05:06:06] 🔄 Identity rotated (every 10 requests)
[05:06:06] [71/326] SUSR
[05:06:07] [72/326] STYG
[05:06:08] [73/326] NTKP
[05:06:08] [74/326] AKTG
[05:06:09] [75/326] CGCM
[05:06:10] [76/326] TULC
[05:06:11] [77/326] NYYZ
[05:06:12] [78/326] NYBW
[05:06:12] [79/326] MACB
[05:06:13] [80/326] SLVT
[05:06:13] 🔄 Identity reset
[05:06:13] 🔄 Identity rotated (every 10 requests)
[05:06:13] [81/326] SANA
[05:06:14] [82/326] ACMR
[05:06:15] [83/326] CPKN
[05:06:16] [84/326] DLGK
[05:06:17] [85/326] CWCK
[05:06:18] [86/326] FDDH
[05:06:18] [87/326] MMMD
[05:06:19] [88/326] CMEH
[05:06:20] [89/326] GGGV
[05:06:20] [90/326] SPJL
[05:06:21] 🔄 Identity reset
[05:06:21] 🔄 Identity rotated (every 10 requests)
[05:06:21] [91/326] RCCD
[05:06:22] [92/326] STTZ
[05:06:23] [93/326] BTCF
[05:06:24] [94/326] TSTZ
[05:06:24] [95/326] IPMM
[05:06:25] [96/326] PMPW
[05:06:26] [97/326] PCMZ
[05:06:26] [98/326] ESEM
[05:06:27] [99/326] PIPO
[05:06:28] [100/326] MATK
[05:06:28] 🔄 Identity reset
[05:06:28] 🔄 Identity rotated (every 10 requests)
[05:06:28] [101/326] PGHM
[05:06:29] [102/326] CTSR
[05:06:29] [103/326] CYKR
[05:06:30] [104/326] MSCM
[05:06:31] [105/326] RFNP
[05:06:31] [106/326] PDCP
[05:06:32] [107/326] NPSE
[05:06:33] [108/326] MKML
[05:06:33] [109/326] FTDP
[05:06:34] [110/326] MMXA
[05:06:35] 🔄 Identity reset
[05:06:35] 🔄 Identity rotated (every 10 requests)
[05:06:35] [111/326] CEPO
[05:06:35] [112/326] CMVP
[05:06:36] [113/326] SGTH
[05:06:37] [114/326] SAYN
[05:06:38] [115/326] URVS
[05:06:38] [116/326] VJTN
[05:06:39] [117/326] BBYK
[05:06:40] [118/326] SHBO
[05:06:41] [119/326] VCMR
[05:06:41] [120/326] MACT
[05:06:42] 🔄 Identity reset
[05:06:42] 🔄 Identity rotated (every 10 requests)
[05:06:42] [121/326] JMNP
[05:06:42] [122/326] VICS
[05:06:43] [123/326] VCDA
[05:06:44] [124/326] GCMM
[05:06:45] [125/326] INVS
[05:06:45] [126/326] SCGM
[05:06:46] [127/326] PCDA
[05:06:46] [128/326] KDCT
[05:06:47] [129/326] JACS
[05:06:48] [130/326] GMMC
[05:06:48] 🔄 Identity reset
[05:06:48] 🔄 Identity rotated (every 10 requests)
[05:06:48] [131/326] AICM
[05:06:50] [132/326] TJCM
[05:06:51] [133/326] RMTI
[05:06:52] [134/326] SHAC
[05:06:52] [135/326] APJC
[05:06:53] [136/326] GCTG
[05:06:54] [137/326] SSMC
[05:06:54] [138/326] THRM
[05:06:55] [139/326] RBCT
[05:06:56] [140/326] DIKT
[05:06:56] 🔄 Identity reset
[05:06:56] 🔄 Identity rotated (every 10 requests)
[05:06:57] [141/326] MIDL
[05:06:57] [142/326] VCSN
[05:06:58] [143/326] SKTG
[05:06:59] [144/326] SMWC
[05:06:59] [145/326] MNKH
[05:07:00] [146/326] PIAT
[05:07:01] [147/326] LTTP
[05:07:01] [148/326] PTPU
[05:07:02] [149/326] ACMG
[05:07:03] [150/326] SHMM
[05:07:03] 🔄 Identity reset
[05:07:04] 🔄 Identity rotated (every 10 requests)
[05:07:04] [151/326] MCMN
[05:07:04] [152/326] GLDC
[05:07:05] [153/326] HOUT
[05:07:06] [154/326] SVRP
[05:07:06] [155/326] PVDN
[05:07:07] [156/326] SCPY
[05:07:08] [157/326] DTPY
[05:07:09] [158/326] GKCS
[05:07:10] [159/326] NCAM
[05:07:10] [160/326] BSRM
[05:07:11] 🔄 Identity reset
[05:07:11] 🔄 Identity rotated (every 10 requests)
[05:07:11] [161/326] RCLC
[05:07:12] [162/326] SKKD
[05:07:13] [163/326] ACHU
[05:07:14] [164/326] RSCF
[05:07:14] [165/326] IMSH
[05:07:15] [166/326] MACX
[05:07:16] [167/326] HMMW
[05:07:17] [168/326] JTCP
[05:07:18] [169/326] SREN
[05:07:18] [170/326] PJRR
[05:07:19] 🔄 Identity reset
[05:07:19] 🔄 Identity rotated (every 10 requests)
[05:07:19] [171/326] INAC
[05:07:20] [172/326] BMCA
[05:07:21] [173/326] SHCB
[05:07:22] [174/326] GABA
[05:07:23] [175/326] SBCT
[05:07:23] [176/326] GCMA
[05:07:24] [177/326] MYTK
[05:07:25] [178/326] INZS
[05:07:25] [179/326] RMIK
[05:07:26] [180/326] NYCH
[05:07:26] 🔄 Identity reset
[05:07:26] 🔄 Identity rotated (every 10 requests)
[05:07:26] [181/326] RAVE
[05:07:27] [182/326] PSXM
[05:07:28] [183/326] MCGP
[05:07:28] [184/326] PDDK
[05:07:29] [185/326] SPCK
[05:07:30] [186/326] MCRL
[05:07:30] [187/326] MHKT
[05:07:31] [188/326] ANRR
[05:07:32] [189/326] SAPK
[05:07:33] [190/326] NCUK
[05:07:34] 🔄 Identity reset
[05:07:34] 🔄 Identity rotated (every 10 requests)
[05:07:34] 🔄 Retry 1/5 for NCUK in 2.7s
[05:07:34] 🔄 Identity reset
[05:07:36] 🧠 New identity created
[05:07:36] [191/326] JUGA
[05:07:37] [192/326] DBSC
[05:07:38] [193/326] LALK
[05:07:39] [194/326] GUCK
[05:07:40] [195/326] STSG
[05:07:41] [196/326] PPPZ
[05:07:42] [197/326] CNCY
[05:07:43] [198/326] MTAR
[05:07:43] [199/326] VNKD
[05:07:44] 🔄 Identity reset
[05:07:44] 🔄 Identity rotated (every 10 requests)
[05:07:44] [200/326] KMAJ
[05:07:45] [201/326] ACXK
[05:07:45] [202/326] UTKC
[05:07:46] [203/326] PBLK
[05:07:47] [204/326] ACBX
[05:07:48] [205/326] PTGM
[05:07:48] [206/326] BTDA
[05:07:49] [207/326] PJMB
[05:07:49] [208/326] TPDA
[05:07:50] [209/326] AMOE
[05:07:50] 🔄 Identity reset
[05:07:50] 🔄 Identity rotated (every 10 requests)
[05:07:51] [210/326] PRHT
[05:07:51] [211/326] PRTA
[05:07:52] [212/326] STAM
[05:07:53] [213/326] MSAA
[05:07:54] [214/326] SDLU
[05:07:55] [215/326] RCHH
[05:07:55] [216/326] KANT
[05:07:56] [217/326] FCRT
[05:07:57] [218/326] DNKM
[05:07:57] [219/326] RYCP
[05:07:58] 🔄 Identity reset
[05:07:58] 🔄 Identity rotated (every 10 requests)
[05:07:58] [220/326] MYRP
[05:07:58] [221/326] PPAK
[05:07:59] [222/326] NVPK
[05:08:00] [223/326] PRMC
[05:08:00] [224/326] JBCS
[05:08:01] [225/326] GXCK
[05:08:02] [226/326] USKO
[05:08:02] [227/326] GTEM
[05:08:03] [228/326] SMBU
[05:08:03] [229/326] VETC
[05:08:04] 🔄 Identity reset
[05:08:04] 🔄 Identity rotated (every 10 requests)
[05:08:04] [230/326] LCDA
[05:08:04] [231/326] MTVT
[05:08:05] [232/326] PYCP
[05:08:06] [233/326] PNSC
[05:08:06] [234/326] PPCC
[05:08:07] [235/326] TGRT
[05:08:08] [236/326] JYOT
[05:08:09] [237/326] SRCZ
[05:08:10] [238/326] SJTE
[05:08:11] [239/326] DESC
[05:08:11] 🔄 Identity reset
[05:08:11] 🔄 Identity rotated (every 10 requests)
[05:08:11] [240/326] JHVN
[05:08:12] [241/326] IPSG
[05:08:13] [242/326] IPCM
[05:08:14] [243/326] PDRS
[05:08:14] [244/326] ANCV
[05:08:15] [245/326] CMVV
[05:08:16] [246/326] SHYP
[05:08:16] [247/326] DNCS
[05:08:17] [248/326] GAJK
[05:08:18] [249/326] AKTN
[05:08:18] 🔄 Identity reset
[05:08:18] 🔄 Identity rotated (every 10 requests)
[05:08:19] [250/326] KAYA
[05:08:19] [251/326] SBRC
[05:08:20] [252/326] CHTP
[05:08:21] [253/326] SHRT
[05:08:21] [254/326] BCKU
[05:08:23] [255/326] FCPS
[05:08:24] [256/326] ARDD
[05:08:25] [257/326] CPCM
[05:08:26] [258/326] CGSM
[05:08:27] [259/326] PSMP
[05:08:27] 🔄 Identity reset
[05:08:27] 🔄 Identity rotated (every 10 requests)
[05:08:27] [260/326] SDAL
[05:08:28] [261/326] RTNB
[05:08:29] [262/326] LMCR
[05:08:29] [263/326] CIMA
[05:08:30] [264/326] RNAS
[05:08:31] [265/326] LITH
[05:08:31] [266/326] PBOX
[05:08:32] [267/326] FRTS
[05:08:33] [268/326] RKIC
[05:08:33] [269/326] PTAI
[05:08:34] 🔄 Identity reset
[05:08:34] 🔄 Identity rotated (every 10 requests)
[05:08:34] [270/326] GCIC
[05:08:34] [271/326] FNAS
[05:08:35] [272/326] SCAR
[05:08:36] [273/326] MTCA
[05:08:37] [274/326] SCTS
[05:08:37] [275/326] SYCS
[05:08:38] [276/326] RDMS
[05:08:39] [277/326] KAMP
[05:08:39] [278/326] ERSD
[05:08:40] [279/326] MJMJ
[05:08:41] 🔄 Identity reset
[05:08:41] 🔄 Identity rotated (every 10 requests)
[05:08:41] [280/326] SRCJ
[05:08:42] [281/326] SCXE
[05:08:43] [282/326] SVFR
[05:08:43] [283/326] BHCS
[05:08:44] [284/326] IMCC
[05:08:45] [285/326] PCBO
[05:08:46] [286/326] PRVN
[05:08:46] [287/326] AUPM
[05:08:47] [288/326] INBW
[05:08:48] [289/326] SVCW
[05:08:48] 🔄 Identity reset
[05:08:48] 🔄 Identity rotated (every 10 requests)
[05:08:48] [290/326] RKCF
[05:08:49] [291/326] UVBH
[05:08:50] [292/326] DNCY
[05:08:50] [293/326] ABCN
[05:08:51] [294/326] PRUR
[05:08:52] [295/326] PFMR
[05:08:52] [296/326] RKCN
[05:08:53] [297/326] CFEA
[05:08:54] [298/326] SDBG
[05:08:55] [299/326] SNAR
[05:08:55] 🔄 Identity reset
[05:08:55] 🔄 Identity rotated (every 10 requests)
[05:08:55] [300/326] YISI
[05:08:56] [301/326] JCFF
[05:08:57] [302/326] VTRK
[05:08:57] [303/326] PCLZ
[05:08:58] [304/326] DIMY
[05:08:58] [305/326] BBTS
[05:08:59] [306/326] GATH
[05:09:00] [307/326] GTMN
[05:09:01] [308/326] VTMH
[05:09:02] [309/326] CCKP
[05:09:02] 🔄 Identity reset
[05:09:02] 🔄 Identity rotated (every 10 requests)
[05:09:02] [310/326] GPKA
[05:09:03] [311/326] MHCL
[05:09:04] [312/326] ATCL
[05:09:05] [313/326] SBCK
[05:09:05] [314/326] AMMR
[05:09:06] [315/326] MADC
[05:09:07] [316/326] TMMA
[05:09:08] [317/326] CACC
[05:09:09] [318/326] CHAL
[05:09:10] [319/326] DURG
[05:09:10] 🔄 Identity reset
[05:09:10] 🔄 Identity rotated (every 10 requests)
[05:09:11] [320/326] GMKU
[05:09:12] [321/326] GECA
[05:09:13] [322/326] KYRR
[05:09:13] [323/326] KSDE
[05:09:14] [324/326] LMCI
[05:09:15] [325/326] NKCP
[05:09:16] [326/326] BGTC
[05:09:16] ✅ DONE | Shows=18 | Movies=2
