[09:34:48] 🚀 SCRIPT STARTED (enhanced anti‑detection)
[09:34:48] [1/445] TGMR
[09:34:48] 🧠 New identity created
[09:34:49] [2/445] CXKR
[09:34:50] [3/445] SROP
[09:34:50] [4/445] GTSV
[09:34:51] [5/445] SNTY
[09:34:52] [6/445] SMYY
[09:34:53] [7/445] CNCS
[09:34:54] [8/445] CSTM
[09:34:55] [9/445] NUCD
[09:34:56] [10/445] SHCZ
[09:34:57] 🔄 Identity reset
[09:34:57] 🔄 Identity rotated (every 10 requests)
[09:34:57] [11/445] NJCT
[09:34:58] [12/445] COPC
[09:34:59] [13/445] STVV
[09:35:00] [14/445] SKRN
[09:35:01] [15/445] APPZ
[09:35:01] [16/445] YMGN
[09:35:02] [17/445] SVTU
[09:35:03] [18/445] GTAD
[09:35:04] [19/445] PSUS
[09:35:05] [20/445] SMCD
[09:35:05] 🔄 Identity reset
[09:35:05] 🔄 Identity rotated (every 10 requests)
[09:35:06] [21/445] CMCM
[09:35:07] [22/445] SYCT
[09:35:08] [23/445] STLY
[09:35:09] [24/445] CMHU
[09:35:09] [25/445] CMSA
[09:35:11] [26/445] CLCU
[09:35:12] [27/445] PPNT
[09:35:13] [28/445] JTAB
[09:35:14] [29/445] BUUC
[09:35:15] [30/445] BSVK
[09:35:16] 🔄 Identity reset
[09:35:16] 🔄 Identity rotated (every 10 requests)
[09:35:16] [31/445] VVVQ
[09:35:17] [32/445] TKMU
[09:35:18] [33/445] ESYL
[09:35:19] [34/445] ACHP
[09:35:20] [35/445] BTKD
[09:35:20] [36/445] DESA
[09:35:21] [37/445] GBCT
[09:35:22] [38/445] BLLD
[09:35:23] [39/445] SKNT
[09:35:24] [40/445] SSTE
[09:35:25] 🔄 Identity reset
[09:35:25] 🔄 Identity rotated (every 10 requests)
[09:35:25] [41/445] VJMR
[09:35:26] [42/445] NTPU
[09:35:27] [43/445] RDKN
[09:35:28] [44/445] ADGC
[09:35:29] [45/445] VRBP
[09:35:30] [46/445] NMNA
[09:35:31] [47/445] CMMX
[09:35:32] [48/445] PTKO
[09:35:33] [49/445] RBML
[09:35:34] [50/445] SAIC
[09:35:35] 🔄 Identity reset
[09:35:35] 🔄 Identity rotated (every 10 requests)
[09:35:35] [51/445] SVTJ
[09:35:36] [52/445] MRTE
[09:35:37] [53/445] RBTP
[09:35:38] [54/445] NLPS
[09:35:39] [55/445] GTNA
[09:35:40] [56/445] DGGC
[09:35:41] [57/445] SMCR
[09:35:42] [58/445] SCGD
[09:35:43] [59/445] SRRJ
[09:35:44] [60/445] CNRY
[09:35:44] 🔄 Identity reset
[09:35:44] 🔄 Identity rotated (every 10 requests)
[09:35:45] [61/445] KTDI
[09:35:46] [62/445] SNJL
[09:35:47] [63/445] RKMD
[09:35:48] [64/445] SMDC
[09:35:48] [65/445] TADG
[09:35:49] [66/445] MCGS
[09:35:50] [67/445] PETK
[09:35:51] [68/445] CHAG
[09:35:52] [69/445] KSTL
[09:35:52] [70/445] AADS
[09:35:53] 🔄 Identity reset
[09:35:53] 🔄 Identity rotated (every 10 requests)
[09:35:53] [71/445] NTHZ
[09:35:54] [72/445] HCKI
[09:35:56] [73/445] SSEF
[09:35:57] [74/445] MCGX
[09:35:57] [75/445] ERRA
[09:35:58] [76/445] SDTW
[09:35:59] [77/445] RMPK
[09:36:00] [78/445] PTHK
[09:36:01] [79/445] PXCS
[09:36:02] [80/445] SVLU
[09:36:02] 🔄 Identity reset
[09:36:02] 🔄 Identity rotated (every 10 requests)
[09:36:03] [81/445] STAH
[09:36:03] [82/445] JRGF
[09:36:04] [83/445] CDOK
[09:36:05] [84/445] CMSG
[09:36:06] [85/445] APTD
[09:36:07] [86/445] KMPG
[09:36:08] [87/445] MUTJ
[09:36:09] [88/445] VCCI
[09:36:10] [89/445] URBE
[09:36:11] [90/445] TCTS
[09:36:11] 🔄 Identity reset
[09:36:12] 🔄 Identity rotated (every 10 requests)
[09:36:12] [91/445] STSN
[09:36:13] [92/445] AKCH
[09:36:13] [93/445] APSC
[09:36:14] [94/445] VLTB
[09:36:15] [95/445] SANU
[09:36:16] [96/445] AXAM
[09:36:18] [97/445] MGMG
[09:36:19] [98/445] HTBY
[09:36:20] [99/445] MMZS
[09:36:21] [100/445] SUDR
[09:36:22] 🔄 Identity reset
[09:36:22] 🔄 Identity rotated (every 10 requests)
[09:36:22] [101/445] CCAD
[09:36:23] [102/445] SKKC
[09:36:24] [103/445] RMCD
[09:36:25] [104/445] SBCQ
[09:36:26] [105/445] DCCT
[09:36:26] [106/445] VTKP
[09:36:27] [107/445] MLAM
[09:36:28] [108/445] SAVT
[09:36:29] [109/445] GEPL
[09:36:30] [110/445] AMCD
[09:36:31] 🔄 Identity reset
[09:36:31] 🔄 Identity rotated (every 10 requests)
[09:36:31] [111/445] CCXR
[09:36:32] [112/445] GRNG
[09:36:33] [113/445] EBCA
[09:36:34] [114/445] CNVG
[09:36:35] [115/445] MWSS
[09:36:36] [116/445] VBOR
[09:36:37] [117/445] NEEB
[09:36:38] [118/445] SUTH
[09:36:39] [119/445] ANDB
[09:36:40] [120/445] MMXS
[09:36:41] 🔄 Identity reset
[09:36:41] 🔄 Identity rotated (every 10 requests)
[09:36:41] [121/445] CNPD
[09:36:42] [122/445] SDCE
[09:36:43] [123/445] DHCB
[09:36:44] [124/445] ODEN
[09:36:45] [125/445] TNTC
[09:36:46] [126/445] VBKM
[09:36:47] [127/445] RZYM
[09:36:48] [128/445] JEMC
[09:36:48] [129/445] CMAU
[09:36:49] [130/445] SIVP
[09:36:50] 🔄 Identity reset
[09:36:50] 🔄 Identity rotated (every 10 requests)
[09:36:50] [131/445] ATAG
[09:36:51] [132/445] CHTM
[09:36:52] [133/445] AAEE
[09:36:53] [134/445] IWPM
[09:36:54] [135/445] KCMW
[09:36:55] [136/445] MCTD
[09:36:56] [137/445] SPWR
[09:36:57] [138/445] SDPO
[09:36:58] [139/445] PCSK
[09:36:58] [140/445] ACHV
[09:36:59] 🔄 Identity reset
[09:36:59] 🔄 Identity rotated (every 10 requests)
[09:37:00] [141/445] SVLA
[09:37:01] [142/445] PICT
[09:37:02] [143/445] BXDR
[09:37:03] [144/445] SPWA
[09:37:04] [145/445] MCKO
[09:37:05] [146/445] RTHK
[09:37:06] [147/445] CCMF
[09:37:06] [148/445] MRGB
[09:37:07] [149/445] CPLC
[09:37:08] [150/445] RACD
[09:37:08] 🔄 Identity reset
[09:37:09] 🔄 Identity rotated (every 10 requests)
[09:37:09] [151/445] ATKT
[09:37:10] [152/445] SARN
[09:37:11] [153/445] KKUI
[09:37:12] [154/445] RGCM
[09:37:12] [155/445] BRVP
[09:37:14] [156/445] HRSR
[09:37:15] [157/445] GKGM
[09:37:16] [158/445] TTCD
[09:37:17] [159/445] PTTI
[09:37:18] [160/445] MPTT
[09:37:18] 🔄 Identity reset
[09:37:19] 🔄 Identity rotated (every 10 requests)
[09:37:19] [161/445] CVTT
[09:37:20] [162/445] PCXD
[09:37:21] [163/445] GCDC
[09:37:21] [164/445] CCCF
[09:37:22] [165/445] MRAD
[09:37:23] [166/445] CPLK
[09:37:24] [167/445] SATB
[09:37:25] [168/445] SNVG
[09:37:27] [169/445] JMBA
[09:37:28] [170/445] TEJA
[09:37:28] 🔄 Identity reset
[09:37:28] 🔄 Identity rotated (every 10 requests)
[09:37:29] [171/445] STYO
[09:37:29] [172/445] JTBP
[09:37:30] [173/445] KRGD
[09:37:31] [174/445] SLJJ
[09:37:32] [175/445] SPTJ
[09:37:33] [176/445] SWJG
[09:37:34] [177/445] LKRT
[09:37:35] [178/445] KCKA
[09:37:36] [179/445] SNCR
[09:37:37] [180/445] SMKL
[09:37:38] 🔄 Identity reset
[09:37:38] 🔄 Identity rotated (every 10 requests)
[09:37:38] [181/445] GCFA
[09:37:39] [182/445] DDCK
[09:37:40] [183/445] NCHJ
[09:37:42] [184/445] RDMA
[09:37:43] [185/445] SVSV
[09:37:44] [186/445] SCJG
[09:37:45] [187/445] VKLP
[09:37:46] [188/445] NWCC
[09:37:47] [189/445] VKNS
[09:37:48] [190/445] SDDP
[09:37:48] 🔄 Identity reset
[09:37:48] 🔄 Identity rotated (every 10 requests)
[09:37:49] [191/445] ACSI
[09:37:50] [192/445] SATG
[09:37:51] [193/445] SCMW
[09:37:52] [194/445] LKTK
[09:37:52] [195/445] VCKV
[09:37:53] [196/445] KKPE
[09:37:54] [197/445] KIGH
[09:37:55] [198/445] SRPM
[09:37:56] [199/445] SCAH
[09:37:57] [200/445] MUTA
[09:37:57] 🔄 Identity reset
[09:37:58] 🔄 Identity rotated (every 10 requests)
[09:37:58] [201/445] SEPU
[09:37:59] [202/445] INOA
[09:38:00] [203/445] BASK
[09:38:01] [204/445] NECB
[09:38:02] [205/445] GTTG
[09:38:03] [206/445] ASSA
[09:38:04] [207/445] ANCL
[09:38:06] [208/445] GCTI
[09:38:07] [209/445] RCTS
[09:38:08] [210/445] ACNL
[09:38:09] 🔄 Identity reset
[09:38:09] 🔄 Identity rotated (every 10 requests)
[09:38:09] [211/445] MYCT
[09:38:10] [212/445] NMHT
[09:38:11] [213/445] MDIT
[09:38:12] [214/445] LATG
[09:38:13] [215/445] SMTY
[09:38:14] [216/445] CVCT
[09:38:15] [217/445] RAMB
[09:38:16] [218/445] TGMS
[09:38:17] [219/445] BHEL
[09:38:18] [220/445] SHCT
[09:38:18] 🔄 Identity reset
[09:38:18] 🔄 Identity rotated (every 10 requests)
[09:38:19] [221/445] SVCT
[09:38:19] [222/445] MRIY
[09:38:20] [223/445] SARO
[09:38:21] [224/445] STCT
[09:38:22] [225/445] JKKC
[09:38:24] [226/445] PLTT
[09:38:25] [227/445] SRNT
[09:38:26] [228/445] YAST
[09:38:26] [229/445] PERL
[09:38:28] [230/445] CICM
[09:38:28] 🔄 Identity reset
[09:38:28] 🔄 Identity rotated (every 10 requests)
[09:38:29] [231/445] MMTR
[09:38:30] [232/445] ABTK
[09:38:31] [233/445] ATYY
[09:38:32] [234/445] ASTK
[09:38:33] [235/445] VVCK
[09:38:34] [236/445] ATKY
[09:38:35] [237/445] GWEK
[09:38:36] [238/445] SVFH
[09:38:37] [239/445] SLTA
[09:38:38] [240/445] AASH
[09:38:39] 🔄 Identity reset
[09:38:39] 🔄 Identity rotated (every 10 requests)
[09:38:39] [241/445] ACXB
[09:38:40] [242/445] SMTX
[09:38:41] [243/445] AZDH
[09:38:42] [244/445] CMMH
[09:38:43] [245/445] SCSZ
[09:38:44] [246/445] SCKP
[09:38:45] [247/445] NXTM
[09:38:46] [248/445] NWCS
[09:38:47] [249/445] CXMH
[09:38:48] [250/445] PCMA
[09:38:48] 🔄 Identity reset
[09:38:48] 🔄 Identity rotated (every 10 requests)
[09:38:49] [251/445] SGCM
[09:38:50] [252/445] SDTU
[09:38:51] [253/445] MMVI
[09:38:52] [254/445] JKCM
[09:38:52] [255/445] VCMM
[09:38:53] [256/445] SYEE
[09:38:55] [257/445] VASD
[09:38:56] [258/445] BDRB
[09:38:57] [259/445] LASM
[09:38:58] [260/445] DCRL
[09:38:58] 🔄 Identity reset
[09:38:58] 🔄 Identity rotated (every 10 requests)
[09:38:58] 🔄 Retry 1/5 for DCRL in 2.8s
[09:38:58] 🔄 Identity reset
[09:39:01] 🧠 New identity created
[09:39:01] [261/445] DVPM
[09:39:02] [262/445] SBMJ
[09:39:03] [263/445] CBMU
[09:39:05] [264/445] IUBS
[09:39:06] [265/445] INAP
[09:39:07] [266/445] SRRC
[09:39:07] [267/445] SAGR
[09:39:08] [268/445] CPMJ
[09:39:09] [269/445] ATJL
[09:39:10] 🔄 Identity reset
[09:39:10] 🔄 Identity rotated (every 10 requests)
[09:39:10] [270/445] NNTD
[09:39:11] [271/445] JHCJ
[09:39:12] [272/445] CMMP
[09:39:13] [273/445] RSDR
[09:39:14] [274/445] AMTI
[09:39:15] [275/445] NYSG
[09:39:16] [276/445] AVSG
[09:39:17] [277/445] SYTP
[09:39:18] [278/445] LARC
[09:39:19] [279/445] RJTP
[09:39:19] 🔄 Identity reset
[09:39:19] 🔄 Identity rotated (every 10 requests)
[09:39:20] [280/445] LAKC
[09:39:20] [281/445] MCXE
[09:39:21] [282/445] CCZC
[09:39:22] [283/445] AVCH
[09:39:23] [284/445] CMBE
[09:39:24] [285/445] MRRC
[09:39:25] [286/445] PCPY
[09:39:26] [287/445] SRMH
[09:39:27] [288/445] SVGS
[09:39:28] [289/445] PCSE
[09:39:28] 🔄 Identity reset
[09:39:28] 🔄 Identity rotated (every 10 requests)
[09:39:28] [290/445] SVFT
[09:39:29] [291/445] TNZP
[09:39:30] [292/445] ICTP
[09:39:31] [293/445] ACTZ
[09:39:32] [294/445] GTUR
[09:39:33] [295/445] MAFC
[09:39:34] [296/445] MINL
[09:39:35] [297/445] MRCL
[09:39:36] [298/445] RCRP
[09:39:37] [299/445] RFFG
[09:39:37] 🔄 Identity reset
[09:39:37] 🔄 Identity rotated (every 10 requests)
[09:39:38] [300/445] RMAS
[09:39:39] [301/445] INVR
[09:39:40] [302/445] RMAR
[09:39:41] [303/445] CNIS
[09:39:42] [304/445] RHRJ
[09:39:43] [305/445] INXR
[09:39:44] [306/445] VALT
[09:39:45] [307/445] LCSH
[09:39:47] [308/445] CMVS
[09:39:47] [309/445] CNMS
[09:39:48] 🔄 Identity reset
[09:39:48] 🔄 Identity rotated (every 10 requests)
[09:39:48] [310/445] ROOG
[09:39:49] [311/445] ISRM
[09:39:50] [312/445] RCRM
[09:39:51] [313/445] ACJA
[09:39:52] [314/445] RCVS
[09:39:53] [315/445] CPUS
[09:39:54] [316/445] TGCS
[09:39:55] [317/445] RKCJ
[09:39:56] [318/445] MKSB
[09:39:57] [319/445] TCSJ
[09:39:57] 🔄 Identity reset
[09:39:57] 🔄 Identity rotated (every 10 requests)
[09:39:58] [320/445] RMGP
[09:39:58] [321/445] CLLP
[09:39:59] [322/445] RCMV
[09:40:00] [323/445] CCKS
[09:40:01] [324/445] RSRP
[09:40:02] [325/445] APLP
[09:40:03] [326/445] CNVS
[09:40:04] [327/445] RMVY
[09:40:06] [328/445] PGBD
[09:40:07] [329/445] KLMS
[09:40:07] 🔄 Identity reset
[09:40:07] 🔄 Identity rotated (every 10 requests)
[09:40:08] [330/445] RUST
[09:40:09] [331/445] MASM
[09:40:10] [332/445] BACS
[09:40:11] [333/445] BWST
[09:40:12] [334/445] RRFH
[09:40:12] [335/445] SJTM
[09:40:13] [336/445] BEMR
[09:40:14] [337/445] MCGR
[09:40:15] [338/445] SDSK
[09:40:16] [339/445] VBOL
[09:40:17] 🔄 Identity reset
[09:40:17] 🔄 Identity rotated (every 10 requests)
[09:40:17] [340/445] RMGM
[09:40:18] [341/445] NOPL
[09:40:19] [342/445] MKJK
[09:40:20] [343/445] CVRN
[09:40:21] [344/445] MMEN
[09:40:21] [345/445] AMNG
[09:40:22] [346/445] INTM
[09:40:23] [347/445] SLCZ
[09:40:24] [348/445] AMJN
[09:40:25] [349/445] ACJN
[09:40:26] 🔄 Identity reset
[09:40:26] 🔄 Identity rotated (every 10 requests)
[09:40:26] [350/445] AMKN
[09:40:27] [351/445] BTCN
[09:40:28] [352/445] AMBT
[09:40:29] [353/445] PACN
[09:40:30] [354/445] LCNS
[09:40:31] [355/445] PPKC
[09:40:32] [356/445] JYYN
[09:40:33] [357/445] JTNR
[09:40:34] [358/445] GTEE
[09:40:35] [359/445] SRNM
[09:40:35] 🔄 Identity reset
[09:40:35] 🔄 Identity rotated (every 10 requests)
[09:40:36] [360/445] SDTC
[09:40:37] [361/445] VPCA
[09:40:37] [362/445] VLRA
[09:40:38] [363/445] SHKR
[09:40:39] [364/445] SBKD
[09:40:40] [365/445] SAAD
[09:40:41] [366/445] JTGN
[09:40:43] [367/445] SLAM
[09:40:43] [368/445] VTPM
[09:40:44] [369/445] ANPT
[09:40:45] 🔄 Identity reset
[09:40:45] 🔄 Identity rotated (every 10 requests)
[09:40:45] [370/445] PUNB
[09:40:46] [371/445] CPKT
[09:40:47] [372/445] CNWE
[09:40:48] [373/445] ECPP
[09:40:49] [374/445] CPAR
[09:40:49] [375/445] ESBW
[09:40:50] [376/445] PKPU
[09:40:51] [377/445] CPRP
[09:40:53] [378/445] RAHU
[09:40:54] [379/445] RHMN
[09:40:54] 🔄 Identity reset
[09:40:54] 🔄 Identity rotated (every 10 requests)
[09:40:55] [380/445] FMJP
[09:40:56] [381/445] CTMP
[09:40:57] [382/445] INPN
[09:40:58] [383/445] STTG
[09:40:58] [384/445] CTRD
[09:40:59] [385/445] PUVB
[09:41:00] [386/445] ESVP
[09:41:01] [387/445] CPFT
[09:41:02] [388/445] LCPC
[09:41:03] [389/445] VBCT
[09:41:03] 🔄 Identity reset
[09:41:03] 🔄 Identity rotated (every 10 requests)
[09:41:04] [390/445] FSCW
[09:41:05] [391/445] VCMP
[09:41:06] [392/445] ASHC
[09:41:06] [393/445] VLCX
[09:41:07] [394/445] SHEV
[09:41:08] [395/445] APCO
[09:41:09] [396/445] SILC
[09:41:10] [397/445] SNMR
[09:41:11] [398/445] KYBO
[09:41:12] [399/445] SATK
[09:41:12] 🔄 Identity reset
[09:41:12] 🔄 Identity rotated (every 10 requests)
[09:41:13] [400/445] SSCS
[09:41:14] [401/445] CLSB
[09:41:15] [402/445] KMJR
[09:41:16] [403/445] FSCK
[09:41:17] [404/445] NNKA
[09:41:18] [405/445] CLMK
[09:41:19] [406/445] DMPZ
[09:41:20] [407/445] INQM
[09:41:21] [408/445] CAML
[09:41:22] [409/445] INRK
[09:41:23] 🔄 Identity reset
[09:41:23] 🔄 Identity rotated (every 10 requests)
[09:41:23] [410/445] IMKN
[09:41:24] [411/445] SVNR
[09:41:25] [412/445] INSL
[09:41:26] [413/445] MSMA
[09:41:27] [414/445] MCKK
[09:41:28] [415/445] FCHP
[09:41:29] [416/445] SFCR
[09:41:30] [417/445] NACK
[09:41:31] [418/445] PVAK
[09:41:31] [419/445] INER
[09:41:32] 🔄 Identity reset
[09:41:32] 🔄 Identity rotated (every 10 requests)
[09:41:32] [420/445] RDBK
[09:41:33] [421/445] SVFN
[09:41:34] [422/445] IFRM
[09:41:35] [423/445] ATCK
[09:41:36] [424/445] ASKO
[09:41:38] [425/445] STKT
[09:41:39] [426/445] SVFB
[09:41:40] [427/445] INKS
[09:41:41] [428/445] PCRA
[09:41:42] [429/445] ATJA
[09:41:42] 🔄 Identity reset
[09:41:42] 🔄 Identity rotated (every 10 requests)
[09:41:43] [430/445] IMJN
[09:41:43] [431/445] INHD
[09:41:44] [432/445] BARA
[09:41:45] [433/445] MCSL
[09:41:46] [434/445] RTOY
[09:41:47] [435/445] MENO
[09:41:48] [436/445] PUDM
[09:41:50] [437/445] PRCN
[09:41:51] [438/445] JMJR
[09:41:52] [439/445] SSGK
[09:41:52] 🔄 Identity reset
[09:41:52] 🔄 Identity rotated (every 10 requests)
[09:41:53] [440/445] SSRL
[09:41:54] [441/445] JYKL
[09:41:55] [442/445] ACNB
[09:41:56] [443/445] SONP
[09:41:58] [444/445] EMCI
[09:41:58] [445/445] MRJH
[09:41:59] 🧹 Deduping shows
[09:41:59] ✅ DONE | Shows=342 | Movies=26
[16:32:11] 🚀 SCRIPT STARTED (enhanced anti‑detection)
[16:32:11] [1/445] TGMR
[16:32:11] 🧠 New identity created
[16:32:12] [2/445] CXKR
[16:32:13] [3/445] SROP
[16:32:14] [4/445] GTSV
[16:32:14] [5/445] SNTY
[16:32:16] [6/445] SMYY
[16:32:18] [7/445] CNCS
[16:32:19] [8/445] CSTM
[16:32:19] [9/445] NUCD
[16:32:20] [10/445] SHCZ
[16:32:21] 🔄 Identity reset
[16:32:21] 🔄 Identity rotated (every 10 requests)
[16:32:21] [11/445] NJCT
[16:32:22] [12/445] COPC
[16:32:23] [13/445] STVV
[16:32:24] [14/445] SKRN
[16:32:25] [15/445] APPZ
[16:32:25] [16/445] YMGN
[16:32:26] [17/445] SVTU
[16:32:28] [18/445] GTAD
[16:32:29] [19/445] PSUS
[16:32:30] [20/445] SMCD
[16:32:31] 🔄 Identity reset
[16:32:31] 🔄 Identity rotated (every 10 requests)
[16:32:31] [21/445] CMCM
[16:32:32] [22/445] SYCT
[16:32:33] [23/445] STLY
[16:32:34] [24/445] CMHU
[16:32:36] [25/445] CMSA
[16:32:37] [26/445] CLCU
[16:32:38] [27/445] PPNT
[16:32:38] [28/445] JTAB
[16:32:39] [29/445] BUUC
[16:32:40] [30/445] BSVK
[16:32:40] 🔄 Identity reset
[16:32:40] 🔄 Identity rotated (every 10 requests)
[16:32:40] 🔄 Retry 1/5 for BSVK in 2.6s
[16:32:40] 🔄 Identity reset
[16:32:43] 🧠 New identity created
[16:32:43] [31/445] VVVQ
[16:32:44] [32/445] TKMU
[16:32:45] [33/445] ESYL
[16:32:46] [34/445] ACHP
[16:32:47] [35/445] BTKD
[16:32:48] [36/445] DESA
[16:32:49] [37/445] GBCT
[16:32:50] [38/445] BLLD
[16:32:51] [39/445] SKNT
[16:32:52] 🔄 Identity reset
[16:32:52] 🔄 Identity rotated (every 10 requests)
[16:32:52] [40/445] SSTE
[16:32:53] [41/445] VJMR
[16:32:54] [42/445] NTPU
[16:32:55] [43/445] RDKN
[16:32:56] [44/445] ADGC
[16:32:57] [45/445] VRBP
[16:32:58] [46/445] NMNA
[16:32:58] [47/445] CMMX
[16:32:59] [48/445] PTKO
[16:33:00] [49/445] RBML
[16:33:01] 🔄 Identity reset
[16:33:01] 🔄 Identity rotated (every 10 requests)
[16:33:01] [50/445] SAIC
[16:33:02] [51/445] SVTJ
[16:33:03] [52/445] MRTE
[16:33:04] [53/445] RBTP
[16:33:05] [54/445] NLPS
[16:33:05] [55/445] GTNA
[16:33:06] [56/445] DGGC
[16:33:07] [57/445] SMCR
[16:33:08] [58/445] SCGD
[16:33:09] [59/445] SRRJ
[16:33:09] 🔄 Identity reset
[16:33:09] 🔄 Identity rotated (every 10 requests)
[16:33:11] [60/445] CNRY
[16:33:11] [61/445] KTDI
[16:33:12] [62/445] SNJL
[16:33:13] [63/445] RKMD
[16:33:14] [64/445] SMDC
[16:33:15] [65/445] TADG
[16:33:16] [66/445] MCGS
[16:33:16] [67/445] PETK
[16:33:17] [68/445] CHAG
[16:33:18] [69/445] KSTL
[16:33:19] 🔄 Identity reset
[16:33:19] 🔄 Identity rotated (every 10 requests)
[16:33:19] [70/445] AADS
[16:33:20] [71/445] NTHZ
[16:33:20] [72/445] HCKI
[16:33:21] [73/445] SSEF
[16:33:22] [74/445] MCGX
[16:33:23] [75/445] ERRA
[16:33:24] [76/445] SDTW
[16:33:25] [77/445] RMPK
[16:33:25] [78/445] PTHK
[16:33:26] [79/445] PXCS
[16:33:27] 🔄 Identity reset
[16:33:27] 🔄 Identity rotated (every 10 requests)
[16:33:27] [80/445] SVLU
[16:33:28] [81/445] STAH
[16:33:29] [82/445] JRGF
[16:33:30] [83/445] CDOK
[16:33:31] [84/445] CMSG
[16:33:31] [85/445] APTD
[16:33:32] [86/445] KMPG
[16:33:33] [87/445] MUTJ
[16:33:34] [88/445] VCCI
[16:33:35] [89/445] URBE
[16:33:36] 🔄 Identity reset
[16:33:36] 🔄 Identity rotated (every 10 requests)
[16:33:36] [90/445] TCTS
[16:33:37] [91/445] STSN
[16:33:38] [92/445] AKCH
[16:33:39] [93/445] APSC
[16:33:40] [94/445] VLTB
[16:33:41] [95/445] SANU
[16:33:42] [96/445] AXAM
[16:33:43] [97/445] MGMG
[16:33:43] [98/445] HTBY
[16:33:44] [99/445] MMZS
[16:33:45] 🔄 Identity reset
[16:33:45] 🔄 Identity rotated (every 10 requests)
[16:33:46] [100/445] SUDR
[16:33:47] [101/445] CCAD
[16:33:47] [102/445] SKKC
[16:33:48] [103/445] RMCD
[16:33:50] [104/445] SBCQ
[16:33:51] [105/445] DCCT
[16:33:52] [106/445] VTKP
[16:33:52] [107/445] MLAM
[16:33:54] [108/445] SAVT
[16:33:55] [109/445] GEPL
[16:33:56] 🔄 Identity reset
[16:33:56] 🔄 Identity rotated (every 10 requests)
[16:33:56] [110/445] AMCD
[16:33:57] [111/445] CCXR
[16:33:58] [112/445] GRNG
[16:33:59] [113/445] EBCA
[16:33:59] [114/445] CNVG
[16:34:00] [115/445] MWSS
[16:34:01] [116/445] VBOR
[16:34:02] [117/445] NEEB
[16:34:04] [118/445] SUTH
[16:34:05] [119/445] ANDB
[16:34:05] 🔄 Identity reset
[16:34:05] 🔄 Identity rotated (every 10 requests)
[16:34:06] [120/445] MMXS
[16:34:07] [121/445] CNPD
[16:34:08] [122/445] SDCE
[16:34:09] [123/445] DHCB
[16:34:10] [124/445] ODEN
[16:34:12] [125/445] TNTC
[16:34:13] [126/445] VBKM
[16:34:13] [127/445] RZYM
[16:34:14] [128/445] JEMC
[16:34:15] [129/445] CMAU
[16:34:16] 🔄 Identity reset
[16:34:16] 🔄 Identity rotated (every 10 requests)
[16:34:16] [130/445] SIVP
[16:34:17] [131/445] ATAG
[16:34:18] [132/445] CHTM
[16:34:18] [133/445] AAEE
[16:34:19] [134/445] IWPM
[16:34:20] [135/445] KCMW
[16:34:21] [136/445] MCTD
[16:34:21] [137/445] SPWR
[16:34:22] [138/445] SDPO
[16:34:23] [139/445] PCSK
[16:34:24] 🔄 Identity reset
[16:34:24] 🔄 Identity rotated (every 10 requests)
[16:34:24] [140/445] ACHV
[16:34:25] [141/445] SVLA
[16:34:26] [142/445] PICT
[16:34:27] [143/445] BXDR
[16:34:28] [144/445] SPWA
[16:34:28] [145/445] MCKO
[16:34:29] [146/445] RTHK
[16:34:30] [147/445] CCMF
[16:34:31] [148/445] MRGB
[16:34:32] [149/445] CPLC
[16:34:32] 🔄 Identity reset
[16:34:32] 🔄 Identity rotated (every 10 requests)
[16:34:32] [150/445] RACD
[16:34:33] [151/445] ATKT
[16:34:34] [152/445] SARN
[16:34:35] [153/445] KKUI
[16:34:36] [154/445] RGCM
[16:34:37] [155/445] BRVP
[16:34:38] [156/445] HRSR
[16:34:39] [157/445] GKGM
[16:34:40] [158/445] TTCD
[16:34:42] [159/445] PTTI
[16:34:42] 🔄 Identity reset
[16:34:42] 🔄 Identity rotated (every 10 requests)
[16:34:43] [160/445] MPTT
[16:34:44] [161/445] CVTT
[16:34:44] [162/445] PCXD
[16:34:45] [163/445] GCDC
[16:34:46] [164/445] CCCF
[16:34:47] [165/445] MRAD
[16:34:48] [166/445] CPLK
[16:34:49] [167/445] SATB
[16:34:50] [168/445] SNVG
[16:34:51] [169/445] JMBA
[16:34:51] 🔄 Identity reset
[16:34:51] 🔄 Identity rotated (every 10 requests)
[16:34:51] [170/445] TEJA
[16:34:52] [171/445] STYO
[16:34:54] [172/445] JTBP
[16:34:55] [173/445] KRGD
[16:34:56] [174/445] SLJJ
[16:34:56] [175/445] SPTJ
[16:34:57] [176/445] SWJG
[16:34:58] [177/445] LKRT
[16:34:59] [178/445] KCKA
[16:35:00] [179/445] SNCR
[16:35:01] 🔄 Identity reset
[16:35:01] 🔄 Identity rotated (every 10 requests)
[16:35:01] [180/445] SMKL
[16:35:02] [181/445] GCFA
[16:35:03] [182/445] DDCK
[16:35:04] [183/445] NCHJ
[16:35:04] [184/445] RDMA
[16:35:05] [185/445] SVSV
[16:35:06] [186/445] SCJG
[16:35:07] [187/445] VKLP
[16:35:08] [188/445] NWCC
[16:35:09] [189/445] VKNS
[16:35:10] 🔄 Identity reset
[16:35:10] 🔄 Identity rotated (every 10 requests)
[16:35:10] [190/445] SDDP
[16:35:11] [191/445] ACSI
[16:35:12] [192/445] SATG
[16:35:13] [193/445] SCMW
[16:35:13] [194/445] LKTK
[16:35:14] [195/445] VCKV
[16:35:15] [196/445] KKPE
[16:35:16] [197/445] KIGH
[16:35:17] [198/445] SRPM
[16:35:18] [199/445] SCAH
[16:35:18] 🔄 Identity reset
[16:35:18] 🔄 Identity rotated (every 10 requests)
[16:35:18] [200/445] MUTA
[16:35:19] [201/445] SEPU
[16:35:20] [202/445] INOA
[16:35:22] [203/445] BASK
[16:35:24] [204/445] NECB
[16:35:25] [205/445] GTTG
[16:35:25] [206/445] ASSA
[16:35:26] [207/445] ANCL
[16:35:27] [208/445] GCTI
[16:35:28] [209/445] RCTS
[16:35:29] 🔄 Identity reset
[16:35:29] 🔄 Identity rotated (every 10 requests)
[16:35:29] 🔄 Retry 1/5 for RCTS in 2.4s
[16:35:29] 🔄 Identity reset
[16:35:31] 🧠 New identity created
[16:35:32] [210/445] ACNL
[16:35:33] [211/445] MYCT
[16:35:34] [212/445] NMHT
[16:35:35] [213/445] MDIT
[16:35:36] [214/445] LATG
[16:35:37] [215/445] SMTY
[16:35:38] [216/445] CVCT
[16:35:39] [217/445] RAMB
[16:35:40] [218/445] TGMS
[16:35:40] 🔄 Identity reset
[16:35:40] 🔄 Identity rotated (every 10 requests)
[16:35:40] [219/445] BHEL
[16:35:41] [220/445] SHCT
[16:35:42] [221/445] SVCT
[16:35:43] [222/445] MRIY
[16:35:44] [223/445] SARO
[16:35:45] [224/445] STCT
[16:35:46] [225/445] JKKC
[16:35:47] [226/445] PLTT
[16:35:48] [227/445] SRNT
[16:35:49] [228/445] YAST
[16:35:49] 🔄 Identity reset
[16:35:49] 🔄 Identity rotated (every 10 requests)
[16:35:49] [229/445] PERL
[16:35:50] [230/445] CICM
[16:35:51] [231/445] MMTR
[16:35:52] [232/445] ABTK
[16:35:53] [233/445] ATYY
[16:35:53] [234/445] ASTK
[16:35:54] [235/445] VVCK
[16:35:55] [236/445] ATKY
[16:35:56] [237/445] GWEK
[16:35:57] [238/445] SVFH
[16:35:57] 🔄 Identity reset
[16:35:57] 🔄 Identity rotated (every 10 requests)
[16:35:58] [239/445] SLTA
[16:35:58] [240/445] AASH
[16:35:59] [241/445] ACXB
[16:36:00] [242/445] SMTX
[16:36:01] [243/445] AZDH
[16:36:02] [244/445] CMMH
[16:36:03] [245/445] SCSZ
[16:36:03] [246/445] SCKP
[16:36:04] [247/445] NXTM
[16:36:05] [248/445] NWCS
[16:36:06] 🔄 Identity reset
[16:36:06] 🔄 Identity rotated (every 10 requests)
[16:36:06] [249/445] CXMH
[16:36:07] [250/445] PCMA
[16:36:08] [251/445] SGCM
[16:36:09] [252/445] SDTU
[16:36:10] [253/445] MMVI
[16:36:11] [254/445] JKCM
[16:36:11] [255/445] VCMM
[16:36:12] [256/445] SYEE
[16:36:13] [257/445] VASD
[16:36:14] [258/445] BDRB
[16:36:15] 🔄 Identity reset
[16:36:15] 🔄 Identity rotated (every 10 requests)
[16:36:15] [259/445] LASM
[16:36:16] [260/445] DCRL
[16:36:17] [261/445] DVPM
[16:36:18] [262/445] SBMJ
[16:36:19] [263/445] CBMU
[16:36:20] [264/445] IUBS
[16:36:21] [265/445] INAP
[16:36:22] [266/445] SRRC
[16:36:22] [267/445] SAGR
[16:36:23] [268/445] CPMJ
[16:36:24] 🔄 Identity reset
[16:36:24] 🔄 Identity rotated (every 10 requests)
[16:36:24] [269/445] ATJL
[16:36:25] [270/445] NNTD
[16:36:26] [271/445] JHCJ
[16:36:27] [272/445] CMMP
[16:36:28] [273/445] RSDR
[16:36:29] [274/445] AMTI
[16:36:29] [275/445] NYSG
[16:36:30] [276/445] AVSG
[16:36:31] [277/445] SYTP
[16:36:32] [278/445] LARC
[16:36:33] 🔄 Identity reset
[16:36:33] 🔄 Identity rotated (every 10 requests)
[16:36:33] [279/445] RJTP
[16:36:34] [280/445] LAKC
[16:36:35] [281/445] MCXE
[16:36:36] [282/445] CCZC
[16:36:38] [283/445] AVCH
[16:36:38] [284/445] CMBE
[16:36:40] [285/445] MRRC
[16:36:41] [286/445] PCPY
[16:36:42] [287/445] SRMH
[16:36:43] [288/445] SVGS
[16:36:44] 🔄 Identity reset
[16:36:44] 🔄 Identity rotated (every 10 requests)
[16:36:44] [289/445] PCSE
[16:36:45] [290/445] SVFT
[16:36:46] [291/445] TNZP
[16:36:47] [292/445] ICTP
[16:36:48] [293/445] ACTZ
[16:36:49] [294/445] GTUR
[16:36:50] [295/445] MAFC
[16:36:51] [296/445] MINL
[16:36:51] [297/445] MRCL
[16:36:52] [298/445] RCRP
[16:36:53] 🔄 Identity reset
[16:36:53] 🔄 Identity rotated (every 10 requests)
[16:36:53] [299/445] RFFG
[16:36:54] [300/445] RMAS
[16:36:55] [301/445] INVR
[16:36:56] [302/445] RMAR
[16:36:56] [303/445] CNIS
[16:36:57] [304/445] RHRJ
[16:36:58] [305/445] INXR
[16:36:59] [306/445] VALT
[16:37:00] [307/445] LCSH
[16:37:01] [308/445] CMVS
[16:37:01] 🔄 Identity reset
[16:37:01] 🔄 Identity rotated (every 10 requests)
[16:37:02] [309/445] CNMS
[16:37:03] [310/445] ROOG
[16:37:04] [311/445] ISRM
[16:37:05] [312/445] RCRM
[16:37:05] [313/445] ACJA
[16:37:06] [314/445] RCVS
[16:37:07] [315/445] CPUS
[16:37:08] [316/445] TGCS
[16:37:09] [317/445] RKCJ
[16:37:10] [318/445] MKSB
[16:37:11] 🔄 Identity reset
[16:37:11] 🔄 Identity rotated (every 10 requests)
[16:37:12] [319/445] TCSJ
[16:37:13] [320/445] RMGP
[16:37:13] [321/445] CLLP
[16:37:14] [322/445] RCMV
[16:37:16] [323/445] CCKS
[16:37:17] [324/445] RSRP
[16:37:18] [325/445] APLP
[16:37:18] [326/445] CNVS
[16:37:19] [327/445] RMVY
[16:37:20] [328/445] PGBD
[16:37:21] 🔄 Identity reset
[16:37:21] 🔄 Identity rotated (every 10 requests)
[16:37:21] [329/445] KLMS
[16:37:22] [330/445] RUST
[16:37:23] [331/445] MASM
[16:37:23] [332/445] BACS
[16:37:24] [333/445] BWST
[16:37:25] [334/445] RRFH
[16:37:26] [335/445] SJTM
[16:37:27] [336/445] BEMR
[16:37:28] [337/445] MCGR
[16:37:29] [338/445] SDSK
[16:37:29] 🔄 Identity reset
[16:37:29] 🔄 Identity rotated (every 10 requests)
[16:37:30] [339/445] VBOL
[16:37:30] [340/445] RMGM
[16:37:31] [341/445] NOPL
[16:37:32] [342/445] MKJK
[16:37:33] [343/445] CVRN
[16:37:35] [344/445] MMEN
[16:37:35] [345/445] AMNG
[16:37:36] [346/445] INTM
[16:37:37] [347/445] SLCZ
[16:37:38] [348/445] AMJN
[16:37:38] 🔄 Identity reset
[16:37:38] 🔄 Identity rotated (every 10 requests)
[16:37:39] [349/445] ACJN
[16:37:39] [350/445] AMKN
[16:37:40] [351/445] BTCN
[16:37:41] [352/445] AMBT
[16:37:42] [353/445] PACN
[16:37:43] [354/445] LCNS
[16:37:44] [355/445] PPKC
[16:37:45] [356/445] JYYN
[16:37:46] [357/445] JTNR
[16:37:46] [358/445] GTEE
[16:37:47] 🔄 Identity reset
[16:37:47] 🔄 Identity rotated (every 10 requests)
[16:37:47] [359/445] SRNM
[16:37:48] [360/445] SDTC
[16:37:49] [361/445] VPCA
[16:37:50] [362/445] VLRA
[16:37:51] [363/445] SHKR
[16:37:52] [364/445] SBKD
[16:37:53] [365/445] SAAD
[16:37:53] [366/445] JTGN
[16:37:54] [367/445] SLAM
[16:37:55] [368/445] VTPM
[16:37:56] 🔄 Identity reset
[16:37:56] 🔄 Identity rotated (every 10 requests)
[16:37:56] [369/445] ANPT
[16:37:57] [370/445] PUNB
[16:37:58] [371/445] CPKT
[16:37:58] [372/445] CNWE
[16:37:59] [373/445] ECPP
[16:38:00] [374/445] CPAR
[16:38:01] [375/445] ESBW
[16:38:03] [376/445] PKPU
[16:38:03] [377/445] CPRP
[16:38:04] [378/445] RAHU
[16:38:05] 🔄 Identity reset
[16:38:05] 🔄 Identity rotated (every 10 requests)
[16:38:05] [379/445] RHMN
[16:38:06] [380/445] FMJP
[16:38:07] [381/445] CTMP
[16:38:08] [382/445] INPN
[16:38:09] [383/445] STTG
[16:38:10] [384/445] CTRD
[16:38:12] [385/445] PUVB
[16:38:12] [386/445] ESVP
[16:38:13] [387/445] CPFT
[16:38:14] [388/445] LCPC
[16:38:15] 🔄 Identity reset
[16:38:15] 🔄 Identity rotated (every 10 requests)
[16:38:15] [389/445] VBCT
[16:38:16] [390/445] FSCW
[16:38:17] [391/445] VCMP
[16:38:18] [392/445] ASHC
[16:38:18] [393/445] VLCX
[16:38:19] [394/445] SHEV
[16:38:20] [395/445] APCO
[16:38:21] [396/445] SILC
[16:38:22] [397/445] SNMR
[16:38:23] [398/445] KYBO
[16:38:23] 🔄 Identity reset
[16:38:24] 🔄 Identity rotated (every 10 requests)
[16:38:24] [399/445] SATK
[16:38:25] [400/445] SSCS
[16:38:26] [401/445] CLSB
[16:38:27] [402/445] KMJR
[16:38:28] [403/445] FSCK
[16:38:29] [404/445] NNKA
[16:38:30] [405/445] CLMK
[16:38:31] [406/445] DMPZ
[16:38:32] [407/445] INQM
[16:38:34] [408/445] CAML
[16:38:34] 🔄 Identity reset
[16:38:34] 🔄 Identity rotated (every 10 requests)
[16:38:35] [409/445] INRK
[16:38:36] [410/445] IMKN
[16:38:36] [411/445] SVNR
[16:38:37] [412/445] INSL
[16:38:38] [413/445] MSMA
[16:38:39] [414/445] MCKK
[16:38:40] [415/445] FCHP
[16:38:41] [416/445] SFCR
[16:38:42] [417/445] NACK
[16:38:42] [418/445] PVAK
[16:38:43] 🔄 Identity reset
[16:38:43] 🔄 Identity rotated (every 10 requests)
[16:38:43] [419/445] INER
[16:38:44] [420/445] RDBK
[16:38:45] [421/445] SVFN
[16:38:46] [422/445] IFRM
[16:38:47] [423/445] ATCK
[16:38:48] [424/445] ASKO
[16:38:50] [425/445] STKT
[16:38:51] [426/445] SVFB
[16:38:51] [427/445] INKS
[16:38:52] [428/445] PCRA
[16:38:53] 🔄 Identity reset
[16:38:53] 🔄 Identity rotated (every 10 requests)
[16:38:53] [429/445] ATJA
[16:38:54] [430/445] IMJN
[16:38:55] [431/445] INHD
[16:38:56] [432/445] BARA
[16:38:57] [433/445] MCSL
[16:38:58] [434/445] RTOY
[16:38:59] [435/445] MENO
[16:39:00] [436/445] PUDM
[16:39:01] [437/445] PRCN
[16:39:02] [438/445] JMJR
[16:39:03] 🔄 Identity reset
[16:39:03] 🔄 Identity rotated (every 10 requests)
[16:39:03] [439/445] SSGK
[16:39:04] [440/445] SSRL
[16:39:05] [441/445] JYKL
[16:39:06] [442/445] ACNB
[16:39:07] [443/445] SONP
[16:39:08] [444/445] EMCI
[16:39:09] [445/445] MRJH
[16:39:10] 🧹 Deduping shows
[16:39:10] ✅ DONE | Shows=508 | Movies=28
[04:41:26] 🚀 SCRIPT STARTED (enhanced anti‑detection)
[04:41:26] [1/445] TGMR
[04:41:26] 🧠 New identity created
[04:41:27] [2/445] CXKR
[04:41:28] [3/445] SROP
[04:41:29] [4/445] GTSV
[04:41:31] [5/445] SNTY
[04:41:33] [6/445] SMYY
[04:41:34] [7/445] CNCS
[04:41:35] [8/445] CSTM
[04:41:37] [9/445] NUCD
[04:41:38] [10/445] SHCZ
[04:41:39] 🔄 Identity reset
[04:41:39] 🔄 Identity rotated (every 10 requests)
[04:41:39] [11/445] NJCT
[04:41:41] [12/445] COPC
[04:41:42] [13/445] STVV
[04:41:42] [14/445] SKRN
[04:41:43] [15/445] APPZ
[04:41:45] [16/445] YMGN
[04:41:46] [17/445] SVTU
[04:41:48] [18/445] GTAD
[04:41:49] [19/445] PSUS
[04:41:50] [20/445] SMCD
[04:41:51] 🔄 Identity reset
[04:41:51] 🔄 Identity rotated (every 10 requests)
[04:41:52] [21/445] CMCM
[04:41:53] [22/445] SYCT
[04:41:54] [23/445] STLY
[04:41:55] [24/445] CMHU
[04:41:56] [25/445] CMSA
[04:41:58] [26/445] CLCU
[04:41:59] [27/445] PPNT
[04:42:01] [28/445] JTAB
[04:42:03] [29/445] BUUC
[04:42:04] [30/445] BSVK
[04:42:04] 🔄 Identity reset
[04:42:04] 🔄 Identity rotated (every 10 requests)
[04:42:05] [31/445] VVVQ
[04:42:06] [32/445] TKMU
[04:42:07] [33/445] ESYL
[04:42:08] [34/445] ACHP
[04:42:09] [35/445] BTKD
[04:42:11] [36/445] DESA
[04:42:13] [37/445] GBCT
[04:42:14] [38/445] BLLD
[04:42:16] [39/445] SKNT
[04:42:17] [40/445] SSTE
[04:42:18] 🔄 Identity reset
[04:42:18] 🔄 Identity rotated (every 10 requests)
[04:42:18] [41/445] VJMR
[04:42:20] [42/445] NTPU
[04:42:21] [43/445] RDKN
[04:42:22] [44/445] ADGC
[04:42:23] [45/445] VRBP
[04:42:24] [46/445] NMNA
[04:42:25] [47/445] CMMX
[04:42:26] [48/445] PTKO
[04:42:27] [49/445] RBML
[04:42:28] [50/445] SAIC
[04:42:29] 🔄 Identity reset
[04:42:29] 🔄 Identity rotated (every 10 requests)
[04:42:29] 🔄 Retry 1/5 for SAIC in 2.2s
[04:42:29] 🔄 Identity reset
[04:42:31] 🧠 New identity created
[04:42:34] [51/445] SVTJ
[04:42:35] [52/445] MRTE
[04:42:36] [53/445] RBTP
[04:42:37] [54/445] NLPS
[04:42:39] [55/445] GTNA
[04:42:40] [56/445] DGGC
[04:42:42] [57/445] SMCR
[04:42:42] [58/445] SCGD
[04:42:44] [59/445] SRRJ
[04:42:45] 🔄 Identity reset
[04:42:45] 🔄 Identity rotated (every 10 requests)
[04:42:45] [60/445] CNRY
[04:42:46] [61/445] KTDI
[04:42:47] [62/445] SNJL
[04:42:48] [63/445] RKMD
[04:42:50] [64/445] SMDC
[04:42:51] [65/445] TADG
[04:42:52] [66/445] MCGS
[04:42:53] [67/445] PETK
[04:42:54] [68/445] CHAG
[04:42:56] [69/445] KSTL
[04:42:57] 🔄 Identity reset
[04:42:57] 🔄 Identity rotated (every 10 requests)
[04:42:57] [70/445] AADS
[04:42:58] [71/445] NTHZ
[04:43:00] [72/445] HCKI
[04:43:01] [73/445] SSEF
[04:43:02] [74/445] MCGX
[04:43:03] [75/445] ERRA
[04:43:05] [76/445] SDTW
[04:43:06] [77/445] RMPK
[04:43:07] [78/445] PTHK
[04:43:09] [79/445] PXCS
[04:43:09] 🔄 Identity reset
[04:43:10] 🔄 Identity rotated (every 10 requests)
[04:43:11] [80/445] SVLU
[04:43:13] [81/445] STAH
[04:43:14] [82/445] JRGF
[04:43:15] [83/445] CDOK
[04:43:17] [84/445] CMSG
[04:43:18] [85/445] APTD
[04:43:19] [86/445] KMPG
[04:43:20] [87/445] MUTJ
[04:43:22] [88/445] VCCI
[04:43:23] [89/445] URBE
[04:43:24] 🔄 Identity reset
[04:43:24] 🔄 Identity rotated (every 10 requests)
[04:43:24] [90/445] TCTS
[04:43:26] [91/445] STSN
[04:43:28] [92/445] AKCH
[04:43:29] [93/445] APSC
[04:43:31] [94/445] VLTB
[04:43:32] [95/445] SANU
[04:43:34] [96/445] AXAM
[04:43:36] [97/445] MGMG
[04:43:37] [98/445] HTBY
[04:43:38] [99/445] MMZS
[04:43:39] 🔄 Identity reset
[04:43:39] 🔄 Identity rotated (every 10 requests)
[04:43:39] [100/445] SUDR
[04:43:40] [101/445] CCAD
[04:43:42] [102/445] SKKC
[04:43:43] [103/445] RMCD
[04:43:45] [104/445] SBCQ
[04:43:46] [105/445] DCCT
[04:43:48] [106/445] VTKP
[04:43:49] [107/445] MLAM
[04:43:50] [108/445] SAVT
[04:43:51] [109/445] GEPL
[04:43:52] 🔄 Identity reset
[04:43:52] 🔄 Identity rotated (every 10 requests)
[04:43:53] [110/445] AMCD
[04:43:55] [111/445] CCXR
[04:43:56] [112/445] GRNG
[04:43:57] [113/445] EBCA
[04:43:59] [114/445] CNVG
[04:44:00] [115/445] MWSS
[04:44:02] [116/445] VBOR
[04:44:03] [117/445] NEEB
[04:44:05] [118/445] SUTH
[04:44:06] [119/445] ANDB
[04:44:07] 🔄 Identity reset
[04:44:07] 🔄 Identity rotated (every 10 requests)
[04:44:08] [120/445] MMXS
[04:44:10] [121/445] CNPD
[04:44:11] [122/445] SDCE
[04:44:12] [123/445] DHCB
[04:44:14] [124/445] ODEN
[04:44:15] [125/445] TNTC
[04:44:16] [126/445] VBKM
[04:44:18] [127/445] RZYM
[04:44:20] [128/445] JEMC
[04:44:21] [129/445] CMAU
[04:44:21] 🔄 Identity reset
[04:44:21] 🔄 Identity rotated (every 10 requests)
[04:44:22] 🔄 Retry 1/5 for CMAU in 2.4s
[04:44:22] 🔄 Identity reset
[04:44:24] 🧠 New identity created
[04:44:25] [130/445] SIVP
[04:44:27] [131/445] ATAG
[04:44:29] [132/445] CHTM
[04:44:30] [133/445] AAEE
[04:44:31] [134/445] IWPM
[04:44:32] [135/445] KCMW
[04:44:34] [136/445] MCTD
[04:44:35] [137/445] SPWR
[04:44:37] [138/445] SDPO
[04:44:37] 🔄 Identity reset
[04:44:37] 🔄 Identity rotated (every 10 requests)
[04:44:37] 🔄 Retry 1/5 for SDPO in 2.2s
[04:44:37] 🔄 Identity reset
[04:44:40] 🧠 New identity created
[04:44:40] [139/445] PCSK
[04:44:41] [140/445] ACHV
[04:44:43] [141/445] SVLA
[04:44:44] [142/445] PICT
[04:44:45] [143/445] BXDR
[04:44:47] [144/445] SPWA
[04:44:48] [145/445] MCKO
[04:44:49] [146/445] RTHK
[04:44:51] [147/445] CCMF
[04:44:51] 🔄 Identity reset
[04:44:51] 🔄 Identity rotated (every 10 requests)
[04:44:51] [148/445] MRGB
[04:44:52] [149/445] CPLC
[04:44:54] [150/445] RACD
[04:44:55] [151/445] ATKT
[04:44:56] [152/445] SARN
[04:44:58] [153/445] KKUI
[04:44:59] [154/445] RGCM
[04:45:00] [155/445] BRVP
[04:45:02] [156/445] HRSR
[04:45:03] [157/445] GKGM
[04:45:04] 🔄 Identity reset
[04:45:04] 🔄 Identity rotated (every 10 requests)
[04:45:04] [158/445] TTCD
[04:45:06] [159/445] PTTI
[04:45:08] [160/445] MPTT
[04:45:09] [161/445] CVTT
[04:45:11] [162/445] PCXD
[04:45:12] [163/445] GCDC
[04:45:14] [164/445] CCCF
[04:45:15] [165/445] MRAD
[04:45:16] [166/445] CPLK
[04:45:17] [167/445] SATB
[04:45:18] 🔄 Identity reset
[04:45:18] 🔄 Identity rotated (every 10 requests)
[04:45:19] [168/445] SNVG
[04:45:19] [169/445] JMBA
[04:45:21] [170/445] TEJA
[04:45:23] [171/445] STYO
[04:45:24] [172/445] JTBP
[04:45:26] [173/445] KRGD
[04:45:27] [174/445] SLJJ
[04:45:28] [175/445] SPTJ
[04:45:29] [176/445] SWJG
[04:45:30] [177/445] LKRT
[04:45:31] 🔄 Identity reset
[04:45:31] 🔄 Identity rotated (every 10 requests)
[04:45:32] [178/445] KCKA
[04:45:34] [179/445] SNCR
[04:45:35] [180/445] SMKL
[04:45:36] [181/445] GCFA
[04:45:38] [182/445] DDCK
[04:45:40] [183/445] NCHJ
[04:45:40] [184/445] RDMA
[04:45:42] [185/445] SVSV
[04:45:43] [186/445] SCJG
[04:45:44] [187/445] VKLP
[04:45:45] 🔄 Identity reset
[04:45:45] 🔄 Identity rotated (every 10 requests)
[04:45:45] 🔄 Retry 1/5 for VKLP in 2.1s
[04:45:45] 🔄 Identity reset
[04:45:47] 🧠 New identity created
[04:45:47] [188/445] NWCC
[04:45:48] [189/445] VKNS
[04:45:49] [190/445] SDDP
[04:45:50] [191/445] ACSI
[04:45:52] [192/445] SATG
[04:45:53] [193/445] SCMW
[04:45:55] [194/445] LKTK
[04:45:56] [195/445] VCKV
[04:45:58] [196/445] KKPE
[04:45:58] 🔄 Identity reset
[04:45:58] 🔄 Identity rotated (every 10 requests)
[04:45:59] [197/445] KIGH
[04:46:01] [198/445] SRPM
[04:46:02] [199/445] SCAH
[04:46:04] [200/445] MUTA
[04:46:05] [201/445] SEPU
[04:46:07] [202/445] INOA
[04:46:08] [203/445] BASK
[04:46:09] [204/445] NECB
[04:46:11] [205/445] GTTG
[04:46:12] [206/445] ASSA
[04:46:13] 🔄 Identity reset
[04:46:13] 🔄 Identity rotated (every 10 requests)
[04:46:13] [207/445] ANCL
[04:46:15] [208/445] GCTI
[04:46:15] [209/445] RCTS
[04:46:17] [210/445] ACNL
[04:46:18] [211/445] MYCT
[04:46:19] [212/445] NMHT
[04:46:21] [213/445] MDIT
[04:46:22] [214/445] LATG
[04:46:24] [215/445] SMTY
[04:46:25] [216/445] CVCT
[04:46:26] 🔄 Identity reset
[04:46:26] 🔄 Identity rotated (every 10 requests)
[04:46:27] [217/445] RAMB
[04:46:28] [218/445] TGMS
[04:46:30] [219/445] BHEL
[04:46:32] [220/445] SHCT
[04:46:33] [221/445] SVCT
[04:46:34] [222/445] MRIY
[04:46:35] [223/445] SARO
[04:46:36] [224/445] STCT
[04:46:37] [225/445] JKKC
[04:46:39] [226/445] PLTT
[04:46:39] 🔄 Identity reset
[04:46:39] 🔄 Identity rotated (every 10 requests)
[04:46:40] [227/445] SRNT
[04:46:42] [228/445] YAST
[04:46:43] [229/445] PERL
[04:46:45] [230/445] CICM
[04:46:46] [231/445] MMTR
[04:46:48] [232/445] ABTK
[04:46:49] [233/445] ATYY
[04:46:50] [234/445] ASTK
[04:46:51] [235/445] VVCK
[04:46:53] [236/445] ATKY
[04:46:54] 🔄 Identity reset
[04:46:54] 🔄 Identity rotated (every 10 requests)
[04:46:54] [237/445] GWEK
[04:46:55] [238/445] SVFH
[04:46:57] [239/445] SLTA
[04:46:58] [240/445] AASH
[04:47:00] [241/445] ACXB
[04:47:01] [242/445] SMTX
[04:47:02] [243/445] AZDH
[04:47:03] [244/445] CMMH
[04:47:04] [245/445] SCSZ
[04:47:06] [246/445] SCKP
[04:47:06] 🔄 Identity reset
[04:47:06] 🔄 Identity rotated (every 10 requests)
[04:47:08] [247/445] NXTM
[04:47:10] [248/445] NWCS
[04:47:10] [249/445] CXMH
[04:47:12] [250/445] PCMA
[04:47:14] [251/445] SGCM
[04:47:15] [252/445] SDTU
[04:47:16] [253/445] MMVI
[04:47:17] [254/445] JKCM
[04:47:18] [255/445] VCMM
[04:47:19] [256/445] SYEE
[04:47:19] 🔄 Identity reset
[04:47:19] 🔄 Identity rotated (every 10 requests)
[04:47:20] [257/445] VASD
[04:47:22] [258/445] BDRB
[04:47:23] [259/445] LASM
[04:47:25] [260/445] DCRL
[04:47:26] [261/445] DVPM
[04:47:27] [262/445] SBMJ
[04:47:28] [263/445] CBMU
[04:47:29] [264/445] IUBS
[04:47:30] [265/445] INAP
[04:47:32] [266/445] SRRC
[04:47:32] 🔄 Identity reset
[04:47:32] 🔄 Identity rotated (every 10 requests)
[04:47:33] [267/445] SAGR
[04:47:35] [268/445] CPMJ
[04:47:36] [269/445] ATJL
[04:47:37] [270/445] NNTD
[04:47:38] [271/445] JHCJ
[04:47:39] [272/445] CMMP
[04:47:40] [273/445] RSDR
[04:47:41] [274/445] AMTI
[04:47:42] [275/445] NYSG
[04:47:43] [276/445] AVSG
[04:47:44] 🔄 Identity reset
[04:47:44] 🔄 Identity rotated (every 10 requests)
[04:47:45] [277/445] SYTP
[04:47:46] [278/445] LARC
[04:47:48] [279/445] RJTP
[04:47:49] [280/445] LAKC
[04:47:50] [281/445] MCXE
[04:47:52] [282/445] CCZC
[04:47:53] [283/445] AVCH
[04:47:54] [284/445] CMBE
[04:47:56] [285/445] MRRC
[04:47:57] [286/445] PCPY
[04:47:57] 🔄 Identity reset
[04:47:57] 🔄 Identity rotated (every 10 requests)
[04:47:58] [287/445] SRMH
[04:47:59] [288/445] SVGS
[04:48:00] [289/445] PCSE
[04:48:01] [290/445] SVFT
[04:48:02] [291/445] TNZP
[04:48:03] [292/445] ICTP
[04:48:04] [293/445] ACTZ
[04:48:06] [294/445] GTUR
[04:48:08] [295/445] MAFC
[04:48:09] [296/445] MINL
[04:48:09] 🔄 Identity reset
[04:48:09] 🔄 Identity rotated (every 10 requests)
[04:48:10] [297/445] MRCL
[04:48:11] [298/445] RCRP
[04:48:12] [299/445] RFFG
[04:48:14] [300/445] RMAS
[04:48:15] [301/445] INVR
[04:48:17] [302/445] RMAR
[04:48:19] [303/445] CNIS
[04:48:21] [304/445] RHRJ
[04:48:22] [305/445] INXR
[04:48:23] [306/445] VALT
[04:48:24] 🔄 Identity reset
[04:48:24] 🔄 Identity rotated (every 10 requests)
[04:48:25] [307/445] LCSH
[04:48:25] [308/445] CMVS
[04:48:27] [309/445] CNMS
[04:48:28] [310/445] ROOG
[04:48:29] [311/445] ISRM
[04:48:30] [312/445] RCRM
[04:48:31] [313/445] ACJA
[04:48:33] [314/445] RCVS
[04:48:34] [315/445] CPUS
[04:48:35] [316/445] TGCS
[04:48:36] 🔄 Identity reset
[04:48:36] 🔄 Identity rotated (every 10 requests)
[04:48:37] [317/445] RKCJ
[04:48:38] [318/445] MKSB
[04:48:39] [319/445] TCSJ
[04:48:40] [320/445] RMGP
[04:48:41] [321/445] CLLP
[04:48:43] [322/445] RCMV
[04:48:44] [323/445] CCKS
[04:48:46] [324/445] RSRP
[04:48:47] [325/445] APLP
[04:48:49] [326/445] CNVS
[04:48:49] 🔄 Identity reset
[04:48:49] 🔄 Identity rotated (every 10 requests)
[04:48:50] [327/445] RMVY
[04:48:51] [328/445] PGBD
[04:48:53] [329/445] KLMS
[04:48:54] [330/445] RUST
[04:48:55] [331/445] MASM
[04:48:56] [332/445] BACS
[04:48:57] [333/445] BWST
[04:48:58] [334/445] RRFH
[04:49:00] [335/445] SJTM
[04:49:01] [336/445] BEMR
[04:49:02] 🔄 Identity reset
[04:49:02] 🔄 Identity rotated (every 10 requests)
[04:49:03] [337/445] MCGR
[04:49:04] [338/445] SDSK
[04:49:05] [339/445] VBOL
[04:49:06] [340/445] RMGM
[04:49:07] [341/445] NOPL
[04:49:11] [342/445] MKJK
[04:49:12] [343/445] CVRN
[04:49:14] [344/445] MMEN
[04:49:15] [345/445] AMNG
[04:49:16] [346/445] INTM
[04:49:17] 🔄 Identity reset
[04:49:17] 🔄 Identity rotated (every 10 requests)
[04:49:18] [347/445] SLCZ
[04:49:20] [348/445] AMJN
[04:49:21] [349/445] ACJN
[04:49:22] [350/445] AMKN
[04:49:24] [351/445] BTCN
[04:49:25] [352/445] AMBT
[04:49:26] [353/445] PACN
[04:49:27] [354/445] LCNS
[04:49:29] [355/445] PPKC
[04:49:30] [356/445] JYYN
[04:49:31] 🔄 Identity reset
[04:49:31] 🔄 Identity rotated (every 10 requests)
[04:49:31] [357/445] JTNR
[04:49:33] [358/445] GTEE
[04:49:34] [359/445] SRNM
[04:49:35] [360/445] SDTC
[04:49:37] [361/445] VPCA
[04:49:38] [362/445] VLRA
[04:49:40] [363/445] SHKR
[04:49:41] [364/445] SBKD
[04:49:42] [365/445] SAAD
[04:49:43] [366/445] JTGN
[04:49:44] 🔄 Identity reset
[04:49:44] 🔄 Identity rotated (every 10 requests)
[04:49:45] [367/445] SLAM
[04:49:46] [368/445] VTPM
[04:49:48] [369/445] ANPT
[04:49:49] [370/445] PUNB
[04:49:51] [371/445] CPKT
[04:49:52] [372/445] CNWE
[04:49:54] [373/445] ECPP
[04:49:55] [374/445] CPAR
[04:49:56] [375/445] ESBW
[04:49:57] [376/445] PKPU
[04:49:57] 🔄 Identity reset
[04:49:57] 🔄 Identity rotated (every 10 requests)
[04:49:57] [377/445] CPRP
[04:49:59] [378/445] RAHU
[04:50:01] [379/445] RHMN
[04:50:02] [380/445] FMJP
[04:50:04] [381/445] CTMP
[04:50:05] [382/445] INPN
[04:50:06] [383/445] STTG
[04:50:08] [384/445] CTRD
[04:50:09] [385/445] PUVB
[04:50:11] [386/445] ESVP
[04:50:12] 🔄 Identity reset
[04:50:12] 🔄 Identity rotated (every 10 requests)
[04:50:13] [387/445] CPFT
[04:50:14] [388/445] LCPC
[04:50:16] [389/445] VBCT
[04:50:17] [390/445] FSCW
[04:50:18] [391/445] VCMP
[04:50:19] [392/445] ASHC
[04:50:21] [393/445] VLCX
[04:50:22] [394/445] SHEV
[04:50:22] [395/445] APCO
[04:50:24] [396/445] SILC
[04:50:24] 🔄 Identity reset
[04:50:24] 🔄 Identity rotated (every 10 requests)
[04:50:25] [397/445] SNMR
[04:50:27] [398/445] KYBO
[04:50:28] [399/445] SATK
[04:50:29] [400/445] SSCS
[04:50:31] [401/445] CLSB
[04:50:32] [402/445] KMJR
[04:50:33] [403/445] FSCK
[04:50:35] [404/445] NNKA
[04:50:36] [405/445] CLMK
[04:50:37] [406/445] DMPZ
[04:50:38] 🔄 Identity reset
[04:50:38] 🔄 Identity rotated (every 10 requests)
[04:50:39] [407/445] INQM
[04:50:41] [408/445] CAML
[04:50:43] [409/445] INRK
[04:50:44] [410/445] IMKN
[04:50:46] [411/445] SVNR
[04:50:47] [412/445] INSL
[04:50:48] [413/445] MSMA
[04:50:50] [414/445] MCKK
[04:50:51] [415/445] FCHP
[04:50:52] [416/445] SFCR
[04:50:52] 🔄 Identity reset
[04:50:52] 🔄 Identity rotated (every 10 requests)
[04:50:54] [417/445] NACK
[04:50:55] [418/445] PVAK
[04:50:56] [419/445] INER
[04:50:57] [420/445] RDBK
[04:50:59] [421/445] SVFN
[04:51:00] [422/445] IFRM
[04:51:01] [423/445] ATCK
[04:51:02] [424/445] ASKO
[04:51:03] [425/445] STKT
[04:51:04] [426/445] SVFB
[04:51:05] 🔄 Identity reset
[04:51:05] 🔄 Identity rotated (every 10 requests)
[04:51:06] [427/445] INKS
[04:51:08] [428/445] PCRA
[04:51:09] [429/445] ATJA
[04:51:11] [430/445] IMJN
[04:51:12] [431/445] INHD
[04:51:13] [432/445] BARA
[04:51:14] [433/445] MCSL
[04:51:16] [434/445] RTOY
[04:51:18] [435/445] MENO
[04:51:19] [436/445] PUDM
[04:51:20] 🔄 Identity reset
[04:51:20] 🔄 Identity rotated (every 10 requests)
[04:51:20] [437/445] PRCN
[04:51:21] [438/445] JMJR
[04:51:22] [439/445] SSGK
[04:51:24] [440/445] SSRL
[04:51:25] [441/445] JYKL
[04:51:26] [442/445] ACNB
[04:51:28] [443/445] SONP
[04:51:29] [444/445] EMCI
[04:51:30] [445/445] MRJH
[04:51:31] 🧹 Deduping shows
[04:51:31] ✅ DONE | Shows=654 | Movies=34
[21:41:25] 🚀 SCRIPT STARTED (enhanced anti‑detection)
[21:41:25] [1/445] TGMR
[21:41:26] 🧠 New identity created
[21:41:27] [2/445] CXKR
[21:41:28] [3/445] SROP
[21:41:29] [4/445] GTSV
[21:41:30] [5/445] SNTY
[21:41:31] [6/445] SMYY
[21:41:32] [7/445] CNCS
[21:41:33] [8/445] CSTM
[21:41:33] [9/445] NUCD
[21:41:34] [10/445] SHCZ
[21:41:35] 🔄 Identity reset
[21:41:35] 🔄 Identity rotated (every 10 requests)
[21:41:35] [11/445] NJCT
[21:41:36] [12/445] COPC
[21:41:37] [13/445] STVV
[21:41:38] [14/445] SKRN
[21:41:39] [15/445] APPZ
[21:41:40] [16/445] YMGN
[21:41:42] [17/445] SVTU
[21:41:43] [18/445] GTAD
[21:41:44] [19/445] PSUS
[21:41:45] [20/445] SMCD
[21:41:45] 🔄 Identity reset
[21:41:45] 🔄 Identity rotated (every 10 requests)
[21:41:45] 🔄 Retry 1/5 for SMCD in 2.6s
[21:41:45] 🔄 Identity reset
[21:41:48] 🧠 New identity created
[21:41:48] 🔄 Retry 2/5 for SMCD in 4.6s
[21:41:48] 🔄 Identity reset
[21:41:53] 🧠 New identity created
[21:41:53] [21/445] CMCM
[21:41:55] [22/445] SYCT
[21:41:55] [23/445] STLY
[21:41:56] [24/445] CMHU
[21:41:58] [25/445] CMSA
[21:41:59] [26/445] CLCU
[21:42:01] [27/445] PPNT
[21:42:01] [28/445] JTAB
[21:42:02] 🔄 Identity reset
[21:42:02] 🔄 Identity rotated (every 10 requests)
[21:42:02] [29/445] BUUC
[21:42:03] [30/445] BSVK
[21:42:04] [31/445] VVVQ
[21:42:06] [32/445] TKMU
[21:42:06] [33/445] ESYL
[21:42:07] [34/445] ACHP
[21:42:08] [35/445] BTKD
[21:42:09] [36/445] DESA
[21:42:11] [37/445] GBCT
[21:42:12] [38/445] BLLD
[21:42:12] 🔄 Identity reset
[21:42:12] 🔄 Identity rotated (every 10 requests)
[21:42:13] [39/445] SKNT
[21:42:14] [40/445] SSTE
[21:42:14] [41/445] VJMR
[21:42:16] [42/445] NTPU
[21:42:17] [43/445] RDKN
[21:42:18] [44/445] ADGC
[21:42:19] [45/445] VRBP
[21:42:20] [46/445] NMNA
[21:42:21] [47/445] CMMX
[21:42:22] [48/445] PTKO
[21:42:23] 🔄 Identity reset
[21:42:23] 🔄 Identity rotated (every 10 requests)
[21:42:23] [49/445] RBML
[21:42:24] [50/445] SAIC
[21:42:25] [51/445] SVTJ
[21:42:25] [52/445] MRTE
[21:42:26] [53/445] RBTP
[21:42:28] [54/445] NLPS
[21:42:29] [55/445] GTNA
[21:42:30] [56/445] DGGC
[21:42:31] [57/445] SMCR
[21:42:32] [58/445] SCGD
[21:42:33] 🔄 Identity reset
[21:42:33] 🔄 Identity rotated (every 10 requests)
[21:42:34] [59/445] SRRJ
[21:42:35] [60/445] CNRY
[21:42:36] [61/445] KTDI
[21:42:37] [62/445] SNJL
[21:42:38] [63/445] RKMD
[21:42:39] [64/445] SMDC
[21:42:40] [65/445] TADG
[21:42:41] [66/445] MCGS
[21:42:41] [67/445] PETK
[21:42:43] [68/445] CHAG
[21:42:43] 🔄 Identity reset
[21:42:43] 🔄 Identity rotated (every 10 requests)
[21:42:43] 🔄 Retry 1/5 for CHAG in 2.2s
[21:42:43] 🔄 Identity reset
[21:42:46] 🧠 New identity created
[21:42:46] 🔄 Retry 2/5 for CHAG in 4.0s
[21:42:46] 🔄 Identity reset
[21:42:50] 🧠 New identity created
[21:42:51] [69/445] KSTL
[21:42:52] [70/445] AADS
[21:42:53] [71/445] NTHZ
[21:42:54] [72/445] HCKI
[21:42:55] [73/445] SSEF
[21:42:55] [74/445] MCGX
[21:42:56] [75/445] ERRA
[21:42:57] [76/445] SDTW
[21:42:58] 🔄 Identity reset
[21:42:58] 🔄 Identity rotated (every 10 requests)
[21:42:58] [77/445] RMPK
[21:43:00] [78/445] PTHK
[21:43:01] [79/445] PXCS
[21:43:02] [80/445] SVLU
[21:43:02] [81/445] STAH
[21:43:03] [82/445] JRGF
[21:43:04] [83/445] CDOK
[21:43:06] [84/445] CMSG
[21:43:07] [85/445] APTD
[21:43:07] [86/445] KMPG
[21:43:08] 🔄 Identity reset
[21:43:08] 🔄 Identity rotated (every 10 requests)
[21:43:09] [87/445] MUTJ
[21:43:10] [88/445] VCCI
[21:43:11] [89/445] URBE
[21:43:13] [90/445] TCTS
[21:43:13] [91/445] STSN
[21:43:15] [92/445] AKCH
[21:43:16] [93/445] APSC
[21:43:17] [94/445] VLTB
[21:43:17] [95/445] SANU
[21:43:19] [96/445] AXAM
[21:43:20] 🔄 Identity reset
[21:43:20] 🔄 Identity rotated (every 10 requests)
[21:43:20] 🔄 Retry 1/5 for AXAM in 2.2s
[21:43:20] 🔄 Identity reset
[21:43:22] 🧠 New identity created
[21:43:23] [97/445] MGMG
[21:43:24] [98/445] HTBY
[21:43:26] [99/445] MMZS
[21:43:27] [100/445] SUDR
[21:43:28] [101/445] CCAD
[21:43:29] [102/445] SKKC
[21:43:30] [103/445] RMCD
[21:43:32] [104/445] SBCQ
[21:43:33] [105/445] DCCT
[21:43:33] 🔄 Identity reset
[21:43:33] 🔄 Identity rotated (every 10 requests)
[21:43:33] [106/445] VTKP
[21:43:34] [107/445] MLAM
[21:43:35] [108/445] SAVT
[21:43:36] [109/445] GEPL
[21:43:37] [110/445] AMCD
[21:43:38] [111/445] CCXR
[21:43:40] [112/445] GRNG
[21:43:41] [113/445] EBCA
[21:43:42] [114/445] CNVG
[21:43:43] [115/445] MWSS
[21:43:43] 🔄 Identity reset
[21:43:44] 🔄 Identity rotated (every 10 requests)
[21:43:44] [116/445] VBOR
[21:43:45] [117/445] NEEB
[21:43:46] [118/445] SUTH
[21:43:47] [119/445] ANDB
[21:43:48] [120/445] MMXS
[21:43:51] [121/445] CNPD
[21:43:52] [122/445] SDCE
[21:43:53] [123/445] DHCB
[21:43:54] [124/445] ODEN
[21:43:55] [125/445] TNTC
[21:43:56] 🔄 Identity reset
[21:43:56] 🔄 Identity rotated (every 10 requests)
[21:43:57] [126/445] VBKM
[21:43:57] [127/445] RZYM
[21:43:58] [128/445] JEMC
[21:43:59] [129/445] CMAU
[21:44:01] [130/445] SIVP
[21:44:02] [131/445] ATAG
[21:44:03] [132/445] CHTM
[21:44:04] [133/445] AAEE
[21:44:05] [134/445] IWPM
[21:44:06] [135/445] KCMW
[21:44:07] 🔄 Identity reset
[21:44:07] 🔄 Identity rotated (every 10 requests)
[21:44:07] [136/445] MCTD
[21:44:09] [137/445] SPWR
[21:44:10] [138/445] SDPO
[21:44:11] [139/445] PCSK
[21:44:12] [140/445] ACHV
[21:44:13] [141/445] SVLA
[21:44:14] [142/445] PICT
[21:44:15] [143/445] BXDR
[21:44:16] [144/445] SPWA
[21:44:17] [145/445] MCKO
[21:44:18] 🔄 Identity reset
[21:44:18] 🔄 Identity rotated (every 10 requests)
[21:44:18] [146/445] RTHK
[21:44:19] [147/445] CCMF
[21:44:20] [148/445] MRGB
[21:44:21] [149/445] CPLC
[21:44:22] [150/445] RACD
[21:44:23] [151/445] ATKT
[21:44:24] [152/445] SARN
[21:44:26] [153/445] KKUI
[21:44:27] [154/445] RGCM
[21:44:28] [155/445] BRVP
[21:44:28] 🔄 Identity reset
[21:44:28] 🔄 Identity rotated (every 10 requests)
[21:44:29] [156/445] HRSR
[21:44:30] [157/445] GKGM
[21:44:31] [158/445] TTCD
[21:44:32] [159/445] PTTI
[21:44:33] [160/445] MPTT
[21:44:34] [161/445] CVTT
[21:44:35] [162/445] PCXD
[21:44:36] [163/445] GCDC
[21:44:37] [164/445] CCCF
[21:44:38] [165/445] MRAD
[21:44:38] 🔄 Identity reset
[21:44:38] 🔄 Identity rotated (every 10 requests)
[21:44:38] 🔄 Retry 1/5 for MRAD in 2.2s
[21:44:38] 🔄 Identity reset
[21:44:41] 🧠 New identity created
[21:44:41] [166/445] CPLK
[21:44:42] [167/445] SATB
[21:44:43] [168/445] SNVG
[21:44:44] [169/445] JMBA
[21:44:45] [170/445] TEJA
[21:44:46] [171/445] STYO
[21:44:47] [172/445] JTBP
[21:44:48] [173/445] KRGD
[21:44:49] [174/445] SLJJ
[21:44:49] 🔄 Identity reset
[21:44:49] 🔄 Identity rotated (every 10 requests)
[21:44:50] [175/445] SPTJ
[21:44:50] [176/445] SWJG
[21:44:51] [177/445] LKRT
[21:44:52] [178/445] KCKA
[21:44:53] [179/445] SNCR
[21:44:54] [180/445] SMKL
[21:44:55] [181/445] GCFA
[21:44:56] [182/445] DDCK
[21:44:57] [183/445] NCHJ
[21:44:57] [184/445] RDMA
[21:44:58] 🔄 Identity reset
[21:44:58] 🔄 Identity rotated (every 10 requests)
[21:44:58] 🔄 Retry 1/5 for RDMA in 3.0s
[21:44:58] 🔄 Identity reset
[21:45:01] 🧠 New identity created
[21:45:01] [185/445] SVSV
[21:45:02] [186/445] SCJG
[21:45:03] [187/445] VKLP
[21:45:05] [188/445] NWCC
[21:45:06] [189/445] VKNS
[21:45:07] [190/445] SDDP
[21:45:08] [191/445] ACSI
[21:45:09] [192/445] SATG
[21:45:10] [193/445] SCMW
[21:45:10] 🔄 Identity reset
[21:45:10] 🔄 Identity rotated (every 10 requests)
[21:45:10] [194/445] LKTK
[21:45:12] [195/445] VCKV
[21:45:14] [196/445] KKPE
[21:45:14] [197/445] KIGH
[21:45:15] [198/445] SRPM
[21:45:16] [199/445] SCAH
[21:45:17] [200/445] MUTA
[21:45:18] [201/445] SEPU
[21:45:19] [202/445] INOA
[21:45:21] [203/445] BASK
[21:45:21] 🔄 Identity reset
[21:45:21] 🔄 Identity rotated (every 10 requests)
[21:45:21] 🔄 Retry 1/5 for BASK in 3.0s
[21:45:21] 🔄 Identity reset
[21:45:24] 🧠 New identity created
[21:45:25] [204/445] NECB
[21:45:25] [205/445] GTTG
[21:45:26] [206/445] ASSA
[21:45:27] [207/445] ANCL
[21:45:28] [208/445] GCTI
[21:45:29] [209/445] RCTS
[21:45:30] [210/445] ACNL
[21:45:31] [211/445] MYCT
[21:45:33] [212/445] NMHT
[21:45:33] 🔄 Identity reset
[21:45:33] 🔄 Identity rotated (every 10 requests)
[21:45:34] [213/445] MDIT
[21:45:35] [214/445] LATG
[21:45:36] [215/445] SMTY
[21:45:37] [216/445] CVCT
[21:45:38] [217/445] RAMB
[21:45:39] [218/445] TGMS
[21:45:40] [219/445] BHEL
[21:45:41] [220/445] SHCT
[21:45:42] [221/445] SVCT
[21:45:44] [222/445] MRIY
[21:45:44] 🔄 Identity reset
[21:45:44] 🔄 Identity rotated (every 10 requests)
[21:45:45] [223/445] SARO
[21:45:45] [224/445] STCT
[21:45:47] [225/445] JKKC
[21:45:48] [226/445] PLTT
[21:45:49] [227/445] SRNT
[21:45:50] [228/445] YAST
[21:45:51] [229/445] PERL
[21:45:52] [230/445] CICM
[21:45:53] [231/445] MMTR
[21:45:54] [232/445] ABTK
[21:45:55] 🔄 Identity reset
[21:45:55] 🔄 Identity rotated (every 10 requests)
[21:45:55] 🔄 Retry 1/5 for ABTK in 2.3s
[21:45:55] 🔄 Identity reset
[21:45:58] 🧠 New identity created
[21:45:58] [233/445] ATYY
[21:45:59] [234/445] ASTK
[21:46:00] [235/445] VVCK
[21:46:01] [236/445] ATKY
[21:46:02] [237/445] GWEK
[21:46:03] [238/445] SVFH
[21:46:04] [239/445] SLTA
[21:46:05] [240/445] AASH
[21:46:06] [241/445] ACXB
[21:46:07] 🔄 Identity reset
[21:46:07] 🔄 Identity rotated (every 10 requests)
[21:46:07] [242/445] SMTX
[21:46:09] [243/445] AZDH
[21:46:10] [244/445] CMMH
[21:46:11] [245/445] SCSZ
[21:46:12] [246/445] SCKP
[21:46:12] [247/445] NXTM
[21:46:13] [248/445] NWCS
[21:46:14] [249/445] CXMH
[21:46:16] [250/445] PCMA
[21:46:16] [251/445] SGCM
[21:46:17] 🔄 Identity reset
[21:46:17] 🔄 Identity rotated (every 10 requests)
[21:46:17] [252/445] SDTU
[21:46:18] [253/445] MMVI
[21:46:19] [254/445] JKCM
[21:46:21] [255/445] VCMM
[21:46:22] [256/445] SYEE
[21:46:22] [257/445] VASD
[21:46:24] [258/445] BDRB
[21:46:25] [259/445] LASM
[21:46:26] [260/445] DCRL
[21:46:27] [261/445] DVPM
[21:46:27] 🔄 Identity reset
[21:46:27] 🔄 Identity rotated (every 10 requests)
[21:46:28] [262/445] SBMJ
[21:46:29] [263/445] CBMU
[21:46:30] [264/445] IUBS
[21:46:31] [265/445] INAP
[21:46:32] [266/445] SRRC
[21:46:33] [267/445] SAGR
[21:46:34] [268/445] CPMJ
[21:46:35] [269/445] ATJL
[21:46:36] [270/445] NNTD
[21:46:37] [271/445] JHCJ
[21:46:37] 🔄 Identity reset
[21:46:37] 🔄 Identity rotated (every 10 requests)
[21:46:38] [272/445] CMMP
[21:46:39] [273/445] RSDR
[21:46:40] [274/445] AMTI
[21:46:41] [275/445] NYSG
[21:46:43] [276/445] AVSG
[21:46:43] [277/445] SYTP
[21:46:44] [278/445] LARC
[21:46:46] [279/445] RJTP
[21:46:47] [280/445] LAKC
[21:46:48] [281/445] MCXE
[21:46:49] 🔄 Identity reset
[21:46:49] 🔄 Identity rotated (every 10 requests)
[21:46:49] [282/445] CCZC
[21:46:51] [283/445] AVCH
[21:46:52] [284/445] CMBE
[21:46:53] [285/445] MRRC
[21:46:54] [286/445] PCPY
[21:46:54] [287/445] SRMH
[21:46:55] [288/445] SVGS
[21:46:57] [289/445] PCSE
[21:46:58] [290/445] SVFT
[21:46:58] [291/445] TNZP
[21:46:59] 🔄 Identity reset
[21:46:59] 🔄 Identity rotated (every 10 requests)
[21:47:00] [292/445] ICTP
[21:47:00] [293/445] ACTZ
[21:47:01] [294/445] GTUR
[21:47:03] [295/445] MAFC
[21:47:04] [296/445] MINL
[21:47:06] [297/445] MRCL
[21:47:07] [298/445] RCRP
[21:47:07] [299/445] RFFG
[21:47:08] [300/445] RMAS
[21:47:09] [301/445] INVR
[21:47:10] 🔄 Identity reset
[21:47:10] 🔄 Identity rotated (every 10 requests)
[21:47:10] [302/445] RMAR
[21:47:11] [303/445] CNIS
[21:47:13] [304/445] RHRJ
[21:47:14] [305/445] INXR
[21:47:14] [306/445] VALT
[21:47:15] [307/445] LCSH
[21:47:16] [308/445] CMVS
[21:47:17] [309/445] CNMS
[21:47:18] [310/445] ROOG
[21:47:19] [311/445] ISRM
[21:47:20] 🔄 Identity reset
[21:47:20] 🔄 Identity rotated (every 10 requests)
[21:47:20] [312/445] RCRM
[21:47:22] [313/445] ACJA
[21:47:22] [314/445] RCVS
[21:47:23] [315/445] CPUS
[21:47:24] [316/445] TGCS
[21:47:25] [317/445] RKCJ
[21:47:26] [318/445] MKSB
[21:47:27] [319/445] TCSJ
[21:47:28] [320/445] RMGP
[21:47:29] [321/445] CLLP
[21:47:30] 🔄 Identity reset
[21:47:30] 🔄 Identity rotated (every 10 requests)
[21:47:30] [322/445] RCMV
[21:47:32] [323/445] CCKS
[21:47:34] [324/445] RSRP
[21:47:35] [325/445] APLP
[21:47:35] [326/445] CNVS
[21:47:36] [327/445] RMVY
[21:47:38] [328/445] PGBD
[21:47:38] [329/445] KLMS
[21:47:39] [330/445] RUST
[21:47:40] [331/445] MASM
[21:47:41] 🔄 Identity reset
[21:47:41] 🔄 Identity rotated (every 10 requests)
[21:47:41] 🔄 Retry 1/5 for MASM in 2.4s
[21:47:41] 🔄 Identity reset
[21:47:43] 🧠 New identity created
[21:47:43] [332/445] BACS
[21:47:44] [333/445] BWST
[21:47:45] [334/445] RRFH
[21:47:46] [335/445] SJTM
[21:47:47] [336/445] BEMR
[21:47:49] [337/445] MCGR
[21:47:50] [338/445] SDSK
[21:47:51] [339/445] VBOL
[21:47:52] [340/445] RMGM
[21:47:53] 🔄 Identity reset
[21:47:53] 🔄 Identity rotated (every 10 requests)
[21:47:53] [341/445] NOPL
[21:47:54] [342/445] MKJK
[21:47:55] [343/445] CVRN
[21:47:56] [344/445] MMEN
[21:47:57] [345/445] AMNG
[21:47:59] [346/445] INTM
[21:47:59] [347/445] SLCZ
[21:48:00] [348/445] AMJN
[21:48:01] [349/445] ACJN
[21:48:02] [350/445] AMKN
[21:48:03] 🔄 Identity reset
[21:48:03] 🔄 Identity rotated (every 10 requests)
[21:48:03] [351/445] BTCN
[21:48:04] [352/445] AMBT
[21:48:05] [353/445] PACN
[21:48:07] [354/445] LCNS
[21:48:08] [355/445] PPKC
[21:48:09] [356/445] JYYN
[21:48:10] [357/445] JTNR
[21:48:11] [358/445] GTEE
[21:48:11] [359/445] SRNM
[21:48:12] [360/445] SDTC
[21:48:13] 🔄 Identity reset
[21:48:13] 🔄 Identity rotated (every 10 requests)
[21:48:14] [361/445] VPCA
[21:48:15] [362/445] VLRA
[21:48:16] [363/445] SHKR
[21:48:16] [364/445] SBKD
[21:48:17] [365/445] SAAD
[21:48:18] [366/445] JTGN
[21:48:19] [367/445] SLAM
[21:48:20] [368/445] VTPM
[21:48:21] [369/445] ANPT
[21:48:22] [370/445] PUNB
[21:48:22] 🔄 Identity reset
[21:48:22] 🔄 Identity rotated (every 10 requests)
[21:48:23] [371/445] CPKT
[21:48:23] [372/445] CNWE
[21:48:24] [373/445] ECPP
[21:48:25] [374/445] CPAR
[21:48:26] [375/445] ESBW
[21:48:27] [376/445] PKPU
[21:48:28] [377/445] CPRP
[21:48:29] [378/445] RAHU
[21:48:30] [379/445] RHMN
[21:48:31] [380/445] FMJP
[21:48:31] 🔄 Identity reset
[21:48:31] 🔄 Identity rotated (every 10 requests)
[21:48:33] [381/445] CTMP
[21:48:33] [382/445] INPN
[21:48:34] [383/445] STTG
[21:48:36] [384/445] CTRD
[21:48:36] [385/445] PUVB
[21:48:37] [386/445] ESVP
[21:48:38] [387/445] CPFT
[21:48:39] [388/445] LCPC
[21:48:40] [389/445] VBCT
[21:48:41] [390/445] FSCW
[21:48:42] 🔄 Identity reset
[21:48:42] 🔄 Identity rotated (every 10 requests)
[21:48:42] [391/445] VCMP
[21:48:43] [392/445] ASHC
[21:48:45] [393/445] VLCX
[21:48:45] [394/445] SHEV
[21:48:46] [395/445] APCO
[21:48:47] [396/445] SILC
[21:48:48] [397/445] SNMR
[21:48:49] [398/445] KYBO
[21:48:50] [399/445] SATK
[21:48:51] [400/445] SSCS
[21:48:52] 🔄 Identity reset
[21:48:52] 🔄 Identity rotated (every 10 requests)
[21:48:52] [401/445] CLSB
[21:48:53] [402/445] KMJR
[21:48:54] [403/445] FSCK
[21:48:55] [404/445] NNKA
[21:48:56] [405/445] CLMK
[21:48:57] [406/445] DMPZ
[21:48:58] [407/445] INQM
[21:48:59] [408/445] CAML
[21:49:00] [409/445] INRK
[21:49:02] [410/445] IMKN
[21:49:03] 🔄 Identity reset
[21:49:03] 🔄 Identity rotated (every 10 requests)
[21:49:03] [411/445] SVNR
[21:49:04] [412/445] INSL
[21:49:05] [413/445] MSMA
[21:49:06] [414/445] MCKK
[21:49:07] [415/445] FCHP
[21:49:08] [416/445] SFCR
[21:49:10] [417/445] NACK
[21:49:11] [418/445] PVAK
[21:49:11] [419/445] INER
[21:49:12] [420/445] RDBK
[21:49:13] 🔄 Identity reset
[21:49:13] 🔄 Identity rotated (every 10 requests)
[21:49:14] [421/445] SVFN
[21:49:15] [422/445] IFRM
[21:49:16] [423/445] ATCK
[21:49:17] [424/445] ASKO
[21:49:18] [425/445] STKT
[21:49:19] [426/445] SVFB
[21:49:20] [427/445] INKS
[21:49:21] [428/445] PCRA
[21:49:22] [429/445] ATJA
[21:49:23] [430/445] IMJN
[21:49:24] 🔄 Identity reset
[21:49:24] 🔄 Identity rotated (every 10 requests)
[21:49:24] [431/445] INHD
[21:49:25] [432/445] BARA
[21:49:27] [433/445] MCSL
[21:49:28] [434/445] RTOY
[21:49:29] [435/445] MENO
[21:49:30] [436/445] PUDM
[21:49:31] [437/445] PRCN
[21:49:32] [438/445] JMJR
[21:49:33] [439/445] SSGK
[21:49:35] [440/445] SSRL
[21:49:35] 🔄 Identity reset
[21:49:35] 🔄 Identity rotated (every 10 requests)
[21:49:35] 🔄 Retry 1/5 for SSRL in 2.3s
[21:49:35] 🔄 Identity reset
[21:49:38] 🧠 New identity created
[21:49:38] [441/445] JYKL
[21:49:39] [442/445] ACNB
[21:49:40] [443/445] SONP
[21:49:41] [444/445] EMCI
[21:49:42] [445/445] MRJH
[21:49:43] 🧹 Deduping shows
[21:49:43] ✅ DONE | Shows=739 | Movies=38
[04:28:01] 🚀 SCRIPT STARTED (enhanced anti‑detection)
[04:28:01] [1/445] TGMR
[04:28:02] 🧠 New identity created
[04:28:02] [2/445] CXKR
[04:28:03] [3/445] SROP
[04:28:04] [4/445] GTSV
[04:28:05] [5/445] SNTY
[04:28:06] [6/445] SMYY
[04:28:07] [7/445] CNCS
[04:28:08] [8/445] CSTM
[04:28:09] [9/445] NUCD
[04:28:10] [10/445] SHCZ
[04:28:10] 🔄 Identity reset
[04:28:10] 🔄 Identity rotated (every 10 requests)
[04:28:11] 🔄 Retry 1/5 for SHCZ in 2.1s
[04:28:11] 🔄 Identity reset
[04:28:13] 🧠 New identity created
[04:28:13] [11/445] NJCT
[04:28:14] [12/445] COPC
[04:28:15] [13/445] STVV
[04:28:16] [14/445] SKRN
[04:28:17] [15/445] APPZ
[04:28:17] [16/445] YMGN
[04:28:18] [17/445] SVTU
[04:28:19] [18/445] GTAD
[04:28:20] [19/445] PSUS
[04:28:21] 🔄 Identity reset
[04:28:21] 🔄 Identity rotated (every 10 requests)
[04:28:21] [20/445] SMCD
[04:28:23] [21/445] CMCM
[04:28:24] [22/445] SYCT
[04:28:25] [23/445] STLY
[04:28:25] [24/445] CMHU
[04:28:26] [25/445] CMSA
[04:28:27] [26/445] CLCU
[04:28:28] [27/445] PPNT
[04:28:29] [28/445] JTAB
[04:28:30] [29/445] BUUC
[04:28:30] 🔄 Identity reset
[04:28:30] 🔄 Identity rotated (every 10 requests)
[04:28:31] [30/445] BSVK
[04:28:32] [31/445] VVVQ
[04:28:33] [32/445] TKMU
[04:28:34] [33/445] ESYL
[04:28:35] [34/445] ACHP
[04:28:36] [35/445] BTKD
[04:28:36] [36/445] DESA
[04:28:37] [37/445] GBCT
[04:28:38] [38/445] BLLD
[04:28:40] [39/445] SKNT
[04:28:40] 🔄 Identity reset
[04:28:40] 🔄 Identity rotated (every 10 requests)
[04:28:41] [40/445] SSTE
[04:28:41] [41/445] VJMR
[04:28:42] [42/445] NTPU
[04:28:43] [43/445] RDKN
[04:28:44] [44/445] ADGC
[04:28:46] [45/445] VRBP
[04:28:46] [46/445] NMNA
[04:28:47] [47/445] CMMX
[04:28:48] [48/445] PTKO
[04:28:49] [49/445] RBML
[04:28:50] 🔄 Identity reset
[04:28:50] 🔄 Identity rotated (every 10 requests)
[04:28:50] [50/445] SAIC
[04:28:52] [51/445] SVTJ
[04:28:53] [52/445] MRTE
[04:28:54] [53/445] RBTP
[04:28:55] [54/445] NLPS
[04:28:56] [55/445] GTNA
[04:28:57] [56/445] DGGC
[04:28:58] [57/445] SMCR
[04:28:59] [58/445] SCGD
[04:29:00] [59/445] SRRJ
[04:29:01] 🔄 Identity reset
[04:29:01] 🔄 Identity rotated (every 10 requests)
[04:29:01] [60/445] CNRY
[04:29:03] [61/445] KTDI
[04:29:04] [62/445] SNJL
[04:29:05] [63/445] RKMD
[04:29:06] [64/445] SMDC
[04:29:07] [65/445] TADG
[04:29:09] [66/445] MCGS
[04:29:10] [67/445] PETK
[04:29:10] [68/445] CHAG
[04:29:11] [69/445] KSTL
[04:29:12] 🔄 Identity reset
[04:29:12] 🔄 Identity rotated (every 10 requests)
[04:29:12] [70/445] AADS
[04:29:13] [71/445] NTHZ
[04:29:14] [72/445] HCKI
[04:29:15] [73/445] SSEF
[04:29:16] [74/445] MCGX
[04:29:17] [75/445] ERRA
[04:29:18] [76/445] SDTW
[04:29:18] [77/445] RMPK
[04:29:19] [78/445] PTHK
[04:29:20] [79/445] PXCS
[04:29:21] 🔄 Identity reset
[04:29:21] 🔄 Identity rotated (every 10 requests)
[04:29:21] [80/445] SVLU
[04:29:22] [81/445] STAH
[04:29:23] [82/445] JRGF
[04:29:24] [83/445] CDOK
[04:29:25] [84/445] CMSG
[04:29:26] [85/445] APTD
[04:29:27] [86/445] KMPG
[04:29:28] [87/445] MUTJ
[04:29:30] [88/445] VCCI
[04:29:30] [89/445] URBE
[04:29:31] 🔄 Identity reset
[04:29:31] 🔄 Identity rotated (every 10 requests)
[04:29:31] [90/445] TCTS
[04:29:32] [91/445] STSN
[04:29:33] [92/445] AKCH
[04:29:34] [93/445] APSC
[04:29:35] [94/445] VLTB
[04:29:36] [95/445] SANU
[04:29:37] [96/445] AXAM
[04:29:38] [97/445] MGMG
[04:29:39] [98/445] HTBY
[04:29:40] [99/445] MMZS
[04:29:40] 🔄 Identity reset
[04:29:40] 🔄 Identity rotated (every 10 requests)
[04:29:41] [100/445] SUDR
[04:29:42] [101/445] CCAD
[04:29:43] [102/445] SKKC
[04:29:43] [103/445] RMCD
[04:29:44] [104/445] SBCQ
[04:29:45] [105/445] DCCT
[04:29:46] [106/445] VTKP
[04:29:47] [107/445] MLAM
[04:29:48] [108/445] SAVT
[04:29:49] [109/445] GEPL
[04:29:49] 🔄 Identity reset
[04:29:49] 🔄 Identity rotated (every 10 requests)
[04:29:49] 🔄 Retry 1/5 for GEPL in 2.6s
[04:29:49] 🔄 Identity reset
[04:29:52] 🧠 New identity created
[04:29:52] [110/445] AMCD
[04:29:53] [111/445] CCXR
[04:29:54] [112/445] GRNG
[04:29:55] [113/445] EBCA
[04:29:56] [114/445] CNVG
[04:29:58] [115/445] MWSS
[04:29:59] [116/445] VBOR
[04:30:00] [117/445] NEEB
[04:30:01] [118/445] SUTH
[04:30:01] 🔄 Identity reset
[04:30:01] 🔄 Identity rotated (every 10 requests)
[04:30:02] [119/445] ANDB
[04:30:03] [120/445] MMXS
[04:30:04] [121/445] CNPD
[04:30:05] [122/445] SDCE
[04:30:06] [123/445] DHCB
[04:30:07] [124/445] ODEN
[04:30:08] [125/445] TNTC
[04:30:08] [126/445] VBKM
[04:30:10] [127/445] RZYM
[04:30:11] [128/445] JEMC
[04:30:12] 🔄 Identity reset
[04:30:12] 🔄 Identity rotated (every 10 requests)
[04:30:12] [129/445] CMAU
[04:30:13] [130/445] SIVP
[04:30:15] [131/445] ATAG
[04:30:16] [132/445] CHTM
[04:30:17] [133/445] AAEE
[04:30:18] [134/445] IWPM
[04:30:19] [135/445] KCMW
[04:30:20] [136/445] MCTD
[04:30:21] [137/445] SPWR
[04:30:22] [138/445] SDPO
[04:30:23] 🔄 Identity reset
[04:30:23] 🔄 Identity rotated (every 10 requests)
[04:30:23] [139/445] PCSK
[04:30:25] [140/445] ACHV
[04:30:27] [141/445] SVLA
[04:30:28] [142/445] PICT
[04:30:28] [143/445] BXDR
[04:30:29] [144/445] SPWA
[04:30:30] [145/445] MCKO
[04:30:31] [146/445] RTHK
[04:30:32] [147/445] CCMF
[04:30:33] [148/445] MRGB
[04:30:34] 🔄 Identity reset
[04:30:34] 🔄 Identity rotated (every 10 requests)
[04:30:34] [149/445] CPLC
[04:30:36] [150/445] RACD
[04:30:37] [151/445] ATKT
[04:30:38] [152/445] SARN
[04:30:39] [153/445] KKUI
[04:30:40] [154/445] RGCM
[04:30:41] [155/445] BRVP
[04:30:42] [156/445] HRSR
[04:30:43] [157/445] GKGM
[04:30:43] [158/445] TTCD
[04:30:44] 🔄 Identity reset
[04:30:44] 🔄 Identity rotated (every 10 requests)
[04:30:44] [159/445] PTTI
[04:30:45] [160/445] MPTT
[04:30:46] [161/445] CVTT
[04:30:47] [162/445] PCXD
[04:30:48] [163/445] GCDC
[04:30:49] [164/445] CCCF
[04:30:50] [165/445] MRAD
[04:30:51] [166/445] CPLK
[04:30:53] [167/445] SATB
[04:30:53] [168/445] SNVG
[04:30:54] 🔄 Identity reset
[04:30:54] 🔄 Identity rotated (every 10 requests)
[04:30:55] [169/445] JMBA
[04:30:55] [170/445] TEJA
[04:30:56] [171/445] STYO
[04:30:57] [172/445] JTBP
[04:30:58] [173/445] KRGD
[04:30:59] [174/445] SLJJ
[04:31:01] [175/445] SPTJ
[04:31:02] [176/445] SWJG
[04:31:03] [177/445] LKRT
[04:31:04] [178/445] KCKA
[04:31:04] 🔄 Identity reset
[04:31:04] 🔄 Identity rotated (every 10 requests)
[04:31:05] [179/445] SNCR
[04:31:06] [180/445] SMKL
[04:31:08] [181/445] GCFA
[04:31:09] [182/445] DDCK
[04:31:10] [183/445] NCHJ
[04:31:11] [184/445] RDMA
[04:31:12] [185/445] SVSV
[04:31:12] [186/445] SCJG
[04:31:13] [187/445] VKLP
[04:31:14] [188/445] NWCC
[04:31:15] 🔄 Identity reset
[04:31:15] 🔄 Identity rotated (every 10 requests)
[04:31:15] [189/445] VKNS
[04:31:16] [190/445] SDDP
[04:31:17] [191/445] ACSI
[04:31:18] [192/445] SATG
[04:31:19] [193/445] SCMW
[04:31:20] [194/445] LKTK
[04:31:20] [195/445] VCKV
[04:31:21] [196/445] KKPE
[04:31:22] [197/445] KIGH
[04:31:23] [198/445] SRPM
[04:31:24] 🔄 Identity reset
[04:31:24] 🔄 Identity rotated (every 10 requests)
[04:31:24] [199/445] SCAH
[04:31:25] [200/445] MUTA
[04:31:27] [201/445] SEPU
[04:31:28] [202/445] INOA
[04:31:28] [203/445] BASK
[04:31:29] [204/445] NECB
[04:31:30] [205/445] GTTG
[04:31:31] [206/445] ASSA
[04:31:32] [207/445] ANCL
[04:31:33] [208/445] GCTI
[04:31:33] 🔄 Identity reset
[04:31:33] 🔄 Identity rotated (every 10 requests)
[04:31:34] [209/445] RCTS
[04:31:35] [210/445] ACNL
[04:31:36] [211/445] MYCT
[04:31:36] [212/445] NMHT
[04:31:37] [213/445] MDIT
[04:31:39] [214/445] LATG
[04:31:40] [215/445] SMTY
[04:31:41] [216/445] CVCT
[04:31:41] [217/445] RAMB
[04:31:42] [218/445] TGMS
[04:31:43] 🔄 Identity reset
[04:31:43] 🔄 Identity rotated (every 10 requests)
[04:31:43] [219/445] BHEL
[04:31:44] [220/445] SHCT
[04:31:45] [221/445] SVCT
[04:31:46] [222/445] MRIY
[04:31:47] [223/445] SARO
[04:31:48] [224/445] STCT
[04:31:49] [225/445] JKKC
[04:31:49] [226/445] PLTT
[04:31:51] [227/445] SRNT
[04:31:52] [228/445] YAST
[04:31:52] 🔄 Identity reset
[04:31:52] 🔄 Identity rotated (every 10 requests)
[04:31:53] [229/445] PERL
[04:31:54] [230/445] CICM
[04:31:54] [231/445] MMTR
[04:31:55] [232/445] ABTK
[04:31:57] [233/445] ATYY
[04:31:57] [234/445] ASTK
[04:31:58] [235/445] VVCK
[04:31:59] [236/445] ATKY
[04:32:00] [237/445] GWEK
[04:32:02] [238/445] SVFH
[04:32:03] 🔄 Identity reset
[04:32:03] 🔄 Identity rotated (every 10 requests)
[04:32:03] [239/445] SLTA
[04:32:04] [240/445] AASH
[04:32:05] [241/445] ACXB
[04:32:06] [242/445] SMTX
[04:32:07] [243/445] AZDH
[04:32:08] [244/445] CMMH
[04:32:10] [245/445] SCSZ
[04:32:10] [246/445] SCKP
[04:32:11] [247/445] NXTM
[04:32:12] [248/445] NWCS
[04:32:13] 🔄 Identity reset
[04:32:13] 🔄 Identity rotated (every 10 requests)
[04:32:14] [249/445] CXMH
[04:32:15] [250/445] PCMA
[04:32:15] [251/445] SGCM
[04:32:16] [252/445] SDTU
[04:32:17] [253/445] MMVI
[04:32:19] [254/445] JKCM
[04:32:20] [255/445] VCMM
[04:32:21] [256/445] SYEE
[04:32:22] [257/445] VASD
[04:32:23] [258/445] BDRB
[04:32:23] 🔄 Identity reset
[04:32:23] 🔄 Identity rotated (every 10 requests)
[04:32:24] [259/445] LASM
[04:32:25] [260/445] DCRL
[04:32:26] [261/445] DVPM
[04:32:27] [262/445] SBMJ
[04:32:28] [263/445] CBMU
[04:32:29] [264/445] IUBS
[04:32:30] [265/445] INAP
[04:32:31] [266/445] SRRC
[04:32:32] [267/445] SAGR
[04:32:33] [268/445] CPMJ
[04:32:33] 🔄 Identity reset
[04:32:33] 🔄 Identity rotated (every 10 requests)
[04:32:34] 🔄 Retry 1/5 for CPMJ in 2.5s
[04:32:34] 🔄 Identity reset
[04:32:36] 🧠 New identity created
[04:32:36] [269/445] ATJL
[04:32:37] [270/445] NNTD
[04:32:38] [271/445] JHCJ
[04:32:39] [272/445] CMMP
[04:32:40] [273/445] RSDR
[04:32:41] [274/445] AMTI
[04:32:43] [275/445] NYSG
[04:32:44] [276/445] AVSG
[04:32:45] [277/445] SYTP
[04:32:45] 🔄 Identity reset
[04:32:45] 🔄 Identity rotated (every 10 requests)
[04:32:46] [278/445] LARC
[04:32:47] [279/445] RJTP
[04:32:48] [280/445] LAKC
[04:32:48] [281/445] MCXE
[04:32:49] [282/445] CCZC
[04:32:50] [283/445] AVCH
[04:32:51] [284/445] CMBE
[04:32:52] [285/445] MRRC
[04:32:53] [286/445] PCPY
[04:32:54] [287/445] SRMH
[04:32:55] 🔄 Identity reset
[04:32:55] 🔄 Identity rotated (every 10 requests)
[04:32:55] [288/445] SVGS
[04:32:56] [289/445] PCSE
[04:32:57] [290/445] SVFT
[04:32:57] [291/445] TNZP
[04:32:58] [292/445] ICTP
[04:32:59] [293/445] ACTZ
[04:33:00] [294/445] GTUR
[04:33:01] [295/445] MAFC
[04:33:02] [296/445] MINL
[04:33:03] [297/445] MRCL
[04:33:04] 🔄 Identity reset
[04:33:04] 🔄 Identity rotated (every 10 requests)
[04:33:04] [298/445] RCRP
[04:33:05] [299/445] RFFG
[04:33:07] [300/445] RMAS
[04:33:08] [301/445] INVR
[04:33:10] [302/445] RMAR
[04:33:11] [303/445] CNIS
[04:33:12] [304/445] RHRJ
[04:33:13] [305/445] INXR
[04:33:14] [306/445] VALT
[04:33:15] [307/445] LCSH
[04:33:16] 🔄 Identity reset
[04:33:16] 🔄 Identity rotated (every 10 requests)
[04:33:16] [308/445] CMVS
[04:33:17] [309/445] CNMS
[04:33:18] [310/445] ROOG
[04:33:19] [311/445] ISRM
[04:33:20] [312/445] RCRM
[04:33:21] [313/445] ACJA
[04:33:21] [314/445] RCVS
[04:33:22] [315/445] CPUS
[04:33:24] [316/445] TGCS
[04:33:25] [317/445] RKCJ
[04:33:26] 🔄 Identity reset
[04:33:26] 🔄 Identity rotated (every 10 requests)
[04:33:26] [318/445] MKSB
[04:33:27] [319/445] TCSJ
[04:33:28] [320/445] RMGP
[04:33:29] [321/445] CLLP
[04:33:30] [322/445] RCMV
[04:33:31] [323/445] CCKS
[04:33:31] [324/445] RSRP
[04:33:32] [325/445] APLP
[04:33:33] [326/445] CNVS
[04:33:35] [327/445] RMVY
[04:33:35] 🔄 Identity reset
[04:33:35] 🔄 Identity rotated (every 10 requests)
[04:33:36] [328/445] PGBD
[04:33:37] [329/445] KLMS
[04:33:38] [330/445] RUST
[04:33:39] [331/445] MASM
[04:33:40] [332/445] BACS
[04:33:42] [333/445] BWST
[04:33:43] [334/445] RRFH
[04:33:43] [335/445] SJTM
[04:33:44] [336/445] BEMR
[04:33:45] [337/445] MCGR
[04:33:46] 🔄 Identity reset
[04:33:46] 🔄 Identity rotated (every 10 requests)
[04:33:46] [338/445] SDSK
[04:33:47] [339/445] VBOL
[04:33:48] [340/445] RMGM
[04:33:49] [341/445] NOPL
[04:33:50] [342/445] MKJK
[04:33:51] [343/445] CVRN
[04:33:52] [344/445] MMEN
[04:33:53] [345/445] AMNG
[04:33:54] [346/445] INTM
[04:33:55] [347/445] SLCZ
[04:33:55] 🔄 Identity reset
[04:33:55] 🔄 Identity rotated (every 10 requests)
[04:33:55] [348/445] AMJN
[04:33:56] [349/445] ACJN
[04:33:57] [350/445] AMKN
[04:33:58] [351/445] BTCN
[04:33:59] [352/445] AMBT
[04:34:00] [353/445] PACN
[04:34:01] [354/445] LCNS
[04:34:02] [355/445] PPKC
[04:34:03] [356/445] JYYN
[04:34:04] [357/445] JTNR
[04:34:05] 🔄 Identity reset
[04:34:05] 🔄 Identity rotated (every 10 requests)
[04:34:05] [358/445] GTEE
[04:34:06] [359/445] SRNM
[04:34:07] [360/445] SDTC
[04:34:07] [361/445] VPCA
[04:34:08] [362/445] VLRA
[04:34:09] [363/445] SHKR
[04:34:10] [364/445] SBKD
[04:34:11] [365/445] SAAD
[04:34:12] [366/445] JTGN
[04:34:13] [367/445] SLAM
[04:34:13] 🔄 Identity reset
[04:34:13] 🔄 Identity rotated (every 10 requests)
[04:34:14] [368/445] VTPM
[04:34:15] [369/445] ANPT
[04:34:16] [370/445] PUNB
[04:34:16] [371/445] CPKT
[04:34:18] [372/445] CNWE
[04:34:19] [373/445] ECPP
[04:34:20] [374/445] CPAR
[04:34:21] [375/445] ESBW
[04:34:22] [376/445] PKPU
[04:34:23] [377/445] CPRP
[04:34:24] 🔄 Identity reset
[04:34:24] 🔄 Identity rotated (every 10 requests)
[04:34:24] [378/445] RAHU
[04:34:25] [379/445] RHMN
[04:34:27] [380/445] FMJP
[04:34:28] [381/445] CTMP
[04:34:29] [382/445] INPN
[04:34:29] [383/445] STTG
[04:34:30] [384/445] CTRD
[04:34:31] [385/445] PUVB
[04:34:33] [386/445] ESVP
[04:34:34] [387/445] CPFT
[04:34:35] 🔄 Identity reset
[04:34:35] 🔄 Identity rotated (every 10 requests)
[04:34:35] [388/445] LCPC
[04:34:37] [389/445] VBCT
[04:34:38] [390/445] FSCW
[04:34:39] [391/445] VCMP
[04:34:40] [392/445] ASHC
[04:34:41] [393/445] VLCX
[04:34:42] [394/445] SHEV
[04:34:43] [395/445] APCO
[04:34:44] [396/445] SILC
[04:34:45] [397/445] SNMR
[04:34:45] 🔄 Identity reset
[04:34:45] 🔄 Identity rotated (every 10 requests)
[04:34:45] [398/445] KYBO
[04:34:47] [399/445] SATK
[04:34:48] [400/445] SSCS
[04:34:50] [401/445] CLSB
[04:34:51] [402/445] KMJR
[04:34:51] [403/445] FSCK
[04:34:52] [404/445] NNKA
[04:34:53] [405/445] CLMK
[04:34:54] [406/445] DMPZ
[04:34:55] [407/445] INQM
[04:34:55] 🔄 Identity reset
[04:34:55] 🔄 Identity rotated (every 10 requests)
[04:34:56] [408/445] CAML
[04:34:57] [409/445] INRK
[04:34:58] [410/445] IMKN
[04:34:59] [411/445] SVNR
[04:35:00] [412/445] INSL
[04:35:01] [413/445] MSMA
[04:35:02] [414/445] MCKK
[04:35:03] [415/445] FCHP
[04:35:05] [416/445] SFCR
[04:35:06] [417/445] NACK
[04:35:07] 🔄 Identity reset
[04:35:07] 🔄 Identity rotated (every 10 requests)
[04:35:07] [418/445] PVAK
[04:35:08] [419/445] INER
[04:35:09] [420/445] RDBK
[04:35:10] [421/445] SVFN
[04:35:11] [422/445] IFRM
[04:35:12] [423/445] ATCK
[04:35:13] [424/445] ASKO
[04:35:14] [425/445] STKT
[04:35:15] [426/445] SVFB
[04:35:15] [427/445] INKS
[04:35:16] 🔄 Identity reset
[04:35:16] 🔄 Identity rotated (every 10 requests)
[04:35:16] [428/445] PCRA
[04:35:17] [429/445] ATJA
[04:35:19] [430/445] IMJN
[04:35:20] [431/445] INHD
[04:35:20] [432/445] BARA
[04:35:21] [433/445] MCSL
[04:35:22] [434/445] RTOY
[04:35:24] [435/445] MENO
[04:35:25] [436/445] PUDM
[04:35:26] [437/445] PRCN
[04:35:27] 🔄 Identity reset
[04:35:27] 🔄 Identity rotated (every 10 requests)
[04:35:27] [438/445] JMJR
[04:35:28] [439/445] SSGK
[04:35:29] [440/445] SSRL
[04:35:30] [441/445] JYKL
[04:35:31] [442/445] ACNB
[04:35:32] [443/445] SONP
[04:35:33] [444/445] EMCI
[04:35:34] [445/445] MRJH
[04:35:35] 🧹 Deduping shows
[04:35:35] ✅ DONE | Shows=757 | Movies=38
