[09:34:19] 🚀 SCRIPT STARTED (enhanced anti‑detection)
[09:34:19] [1/459] NECA
[09:34:20] 🧠 New identity created
[09:34:20] [2/459] BJLC
[09:34:21] [3/459] BASU
[09:34:22] [4/459] RUPI
[09:34:23] [5/459] LCBK
[09:34:25] [6/459] PMAC
[09:34:26] [7/459] AMLC
[09:34:27] [8/459] LICL
[09:34:28] [9/459] UDMM
[09:34:29] [10/459] STBZ
[09:34:29] 🔄 Identity reset
[09:34:29] 🔄 Identity rotated (every 10 requests)
[09:34:30] [11/459] UUBT
[09:34:31] [12/459] SJKC
[09:34:31] [13/459] TUAL
[09:34:32] [14/459] MRSE
[09:34:33] [15/459] RMRK
[09:34:34] [16/459] TTKP
[09:34:35] [17/459] KTKO
[09:34:36] [18/459] SDBK
[09:34:37] [19/459] MCPR
[09:34:38] [20/459] CHTI
[09:34:38] 🔄 Identity reset
[09:34:38] 🔄 Identity rotated (every 10 requests)
[09:34:39] [21/459] GCCP
[09:34:40] [22/459] SRMY
[09:34:40] [23/459] NYST
[09:34:42] [24/459] NYAG
[09:34:43] [25/459] SBMT
[09:34:44] [26/459] INGA
[09:34:45] [27/459] WSIC
[09:34:46] [28/459] SCSS
[09:34:47] [29/459] COPG
[09:34:48] [30/459] RCGR
[09:34:49] 🔄 Identity reset
[09:34:49] 🔄 Identity rotated (every 10 requests)
[09:34:49] [31/459] TCZA
[09:34:50] [32/459] CNLP
[09:34:51] [33/459] CLKN
[09:34:52] [34/459] LHDF
[09:34:53] [35/459] ELKC
[09:34:54] [36/459] VCEM
[09:34:56] [37/459] SSZA
[09:34:57] [38/459] KRMT
[09:34:58] [39/459] LCMV
[09:34:59] [40/459] AYCZ
[09:35:00] 🔄 Identity reset
[09:35:00] 🔄 Identity rotated (every 10 requests)
[09:35:00] [41/459] CUMS
[09:35:01] [42/459] BOCK
[09:35:02] [43/459] PNMR
[09:35:03] [44/459] PJCP
[09:35:04] [45/459] JDDD
[09:35:04] [46/459] STMS
[09:35:05] [47/459] FLMB
[09:35:07] [48/459] PKCM
[09:35:07] [49/459] SPPR
[09:35:08] [50/459] EYLH
[09:35:09] 🔄 Identity reset
[09:35:09] 🔄 Identity rotated (every 10 requests)
[09:35:09] [51/459] RJCC
[09:35:10] [52/459] MMPS
[09:35:11] [53/459] SHMX
[09:35:12] [54/459] CCNL
[09:35:13] [55/459] RCNV
[09:35:13] [56/459] MAAG
[09:35:14] [57/459] LXCM
[09:35:15] [58/459] RCNI
[09:35:16] [59/459] SNNI
[09:35:17] [60/459] LALC
[09:35:18] 🔄 Identity reset
[09:35:18] 🔄 Identity rotated (every 10 requests)
[09:35:18] [61/459] SOCN
[09:35:19] [62/459] JHTP
[09:35:20] [63/459] PITP
[09:35:21] [64/459] CCKW
[09:35:22] [65/459] MCMC
[09:35:23] [66/459] DEES
[09:35:24] [67/459] SABT
[09:35:26] [68/459] VSPP
[09:35:27] [69/459] ABCT
[09:35:28] [70/459] JVTB
[09:35:28] 🔄 Identity reset
[09:35:28] 🔄 Identity rotated (every 10 requests)
[09:35:29] [71/459] VCBD
[09:35:30] [72/459] RMGG
[09:35:31] [73/459] RNMH
[09:35:31] [74/459] SPGL
[09:35:32] [75/459] JTTR
[09:35:33] [76/459] SICS
[09:35:34] [77/459] SRMI
[09:35:35] [78/459] SSIJ
[09:35:36] [79/459] KFMT
[09:35:37] [80/459] VBIT
[09:35:37] 🔄 Identity reset
[09:35:37] 🔄 Identity rotated (every 10 requests)
[09:35:38] [81/459] JKCT
[09:35:39] [82/459] GCGP
[09:35:39] [83/459] GDCS
[09:35:40] [84/459] TRBA
[09:35:41] [85/459] QUST
[09:35:42] [86/459] VSHM
[09:35:43] [87/459] SDCP
[09:35:44] [88/459] SNVS
[09:35:45] [89/459] NYTO
[09:35:47] [90/459] URWC
[09:35:47] 🔄 Identity reset
[09:35:47] 🔄 Identity rotated (every 10 requests)
[09:35:48] [91/459] GTWH
[09:35:49] [92/459] PFCM
[09:35:49] [93/459] KRTA
[09:35:51] [94/459] AXMC
[09:35:52] [95/459] EVMC
[09:35:53] [96/459] HGSM
[09:35:54] [97/459] ACVM
[09:35:55] [98/459] PSKL
[09:35:55] [99/459] RDMP
[09:35:56] [100/459] RHGH
[09:35:56] 🔄 Identity reset
[09:35:56] 🔄 Identity rotated (every 10 requests)
[09:35:57] [101/459] OMCM
[09:35:58] [102/459] DCCP
[09:35:59] [103/459] MCPB
[09:36:00] [104/459] ALCI
[09:36:01] [105/459] BLMX
[09:36:02] [106/459] BTMV
[09:36:02] [107/459] FVPN
[09:36:03] [108/459] CMAR
[09:36:04] [109/459] CEIM
[09:36:05] [110/459] CMVA
[09:36:05] 🔄 Identity reset
[09:36:05] 🔄 Identity rotated (every 10 requests)
[09:36:06] [111/459] CPIV
[09:36:07] [112/459] CNPE
[09:36:08] [113/459] COLV
[09:36:09] [114/459] DNNV
[09:36:09] [115/459] HCAD
[09:36:10] [116/459] TAKA
[09:36:11] [117/459] INVD
[09:36:12] [118/459] IRMM
[09:36:13] [119/459] INSE
[09:36:14] [120/459] MRSW
[09:36:15] 🔄 Identity reset
[09:36:15] 🔄 Identity rotated (every 10 requests)
[09:36:15] [121/459] MCVD
[09:36:17] [122/459] MCSO
[09:36:18] [123/459] PEVM
[09:36:19] [124/459] PVNL
[09:36:20] [125/459] PTCV
[09:36:21] [126/459] PRTC
[09:36:22] [127/459] RCVA
[09:36:23] [128/459] MTBN
[09:36:24] [129/459] LUCP
[09:36:25] [130/459] FMPT
[09:36:25] 🔄 Identity reset
[09:36:25] 🔄 Identity rotated (every 10 requests)
[09:36:26] [131/459] JLSL
[09:36:26] [132/459] SBHA
[09:36:27] [133/459] SHRC
[09:36:28] [134/459] AVPS
[09:36:29] [135/459] STPM
[09:36:30] [136/459] ATRD
[09:36:31] [137/459] VTED
[09:36:32] [138/459] ACAI
[09:36:33] [139/459] SMAE
[09:36:34] [140/459] VMAT
[09:36:34] 🔄 Identity reset
[09:36:34] 🔄 Identity rotated (every 10 requests)
[09:36:35] [141/459] LKCT
[09:36:36] [142/459] JTVK
[09:36:37] [143/459] PRTY
[09:36:38] [144/459] GETT
[09:36:39] [145/459] ESAP
[09:36:40] [146/459] NCPM
[09:36:40] [147/459] PCPA
[09:36:41] [148/459] MMOM
[09:36:43] [149/459] PHUP
[09:36:43] [150/459] CCPI
[09:36:44] 🔄 Identity reset
[09:36:44] 🔄 Identity rotated (every 10 requests)
[09:36:44] [151/459] CNTD
[09:36:46] [152/459] NLJR
[09:36:47] [153/459] SRNG
[09:36:47] [154/459] MHAL
[09:36:48] [155/459] PNSM
[09:36:50] [156/459] DRMY
[09:36:51] [157/459] CCMU
[09:36:51] [158/459] SCMY
[09:36:52] [159/459] PVSY
[09:36:53] [160/459] SDLM
[09:36:54] 🔄 Identity reset
[09:36:54] 🔄 Identity rotated (every 10 requests)
[09:36:54] [161/459] ICCM
[09:36:56] [162/459] PYSU
[09:36:56] [163/459] GATM
[09:36:57] [164/459] WOTM
[09:36:58] [165/459] RKTS
[09:36:59] [166/459] PMTY
[09:37:00] [167/459] LYMS
[09:37:02] [168/459] TGCA
[09:37:03] [169/459] DSTA
[09:37:03] [170/459] CNGE
[09:37:04] 🔄 Identity reset
[09:37:04] 🔄 Identity rotated (every 10 requests)
[09:37:04] [171/459] VSTG
[09:37:05] [172/459] GTCK
[09:37:06] [173/459] TGNT
[09:37:07] [174/459] ASLC
[09:37:07] [175/459] SSST
[09:37:08] [176/459] KBTT
[09:37:09] [177/459] HKCP
[09:37:11] [178/459] SWLC
[09:37:12] [179/459] RTND
[09:37:13] [180/459] PKKT
[09:37:14] 🔄 Identity reset
[09:37:14] 🔄 Identity rotated (every 10 requests)
[09:37:14] [181/459] HSTK
[09:37:15] [182/459] SPTT
[09:37:16] [183/459] IMPM
[09:37:17] [184/459] SCMV
[09:37:18] [185/459] SPCT
[09:37:19] [186/459] JBCA
[09:37:21] [187/459] ATTR
[09:37:22] [188/459] SPMT
[09:37:22] [189/459] LCTM
[09:37:23] [190/459] SCVL
[09:37:24] 🔄 Identity reset
[09:37:24] 🔄 Identity rotated (every 10 requests)
[09:37:24] [191/459] SCVT
[09:37:25] [192/459] KRIC
[09:37:26] [193/459] CTMG
[09:37:27] [194/459] ACNC
[09:37:28] [195/459] DMCK
[09:37:29] [196/459] KMTV
[09:37:29] [197/459] PFCJ
[09:37:30] [198/459] VNMD
[09:37:31] [199/459] VPCZ
[09:37:32] [200/459] SRYR
[09:37:33] 🔄 Identity reset
[09:37:33] 🔄 Identity rotated (every 10 requests)
[09:37:33] [201/459] SYTR
[09:37:34] [202/459] GATR
[09:37:35] [203/459] URTR
[09:37:36] [204/459] MKSM
[09:37:37] [205/459] VSMH
[09:37:37] [206/459] SKRJ
[09:37:38] [207/459] SSJR
[09:37:39] [208/459] SVSM
[09:37:40] [209/459] RUCM
[09:37:41] [210/459] PRKN
[09:37:42] 🔄 Identity reset
[09:37:42] 🔄 Identity rotated (every 10 requests)
[09:37:42] [211/459] RROH
[09:37:43] [212/459] SCTN
[09:37:44] [213/459] RTDM
[09:37:44] [214/459] ASRM
[09:37:45] [215/459] SKMD
[09:37:46] [216/459] SUTD
[09:37:47] [217/459] SADM
[09:37:48] [218/459] WCNR
[09:37:49] [219/459] CNED
[09:37:49] [220/459] MPDB
[09:37:50] 🔄 Identity reset
[09:37:50] 🔄 Identity rotated (every 10 requests)
[09:37:50] [221/459] KTBH
[09:37:51] [222/459] IDRM
[09:37:52] [223/459] PJJT
[09:37:54] [224/459] PFCV
[09:37:55] [225/459] AACT
[09:37:56] [226/459] AAAD
[09:37:56] [227/459] ANES
[09:37:57] [228/459] MNCA
[09:37:58] [229/459] RMGU
[09:37:59] [230/459] DLCN
[09:38:00] 🔄 Identity reset
[09:38:00] 🔄 Identity rotated (every 10 requests)
[09:38:00] [231/459] LJWT
[09:38:01] [232/459] MCBG
[09:38:02] [233/459] MYBG
[09:38:03] [234/459] GCCA
[09:38:04] [235/459] GCGA
[09:38:06] [236/459] ECGN
[09:38:07] [237/459] PRAB
[09:38:08] [238/459] PNMP
[09:38:08] [239/459] GCPT
[09:38:09] [240/459] ROYN
[09:38:10] 🔄 Identity reset
[09:38:10] 🔄 Identity rotated (every 10 requests)
[09:38:10] [241/459] VATM
[09:38:11] [242/459] KSNT
[09:38:12] [243/459] ACTC
[09:38:12] [244/459] PLTD
[09:38:13] [245/459] SKMK
[09:38:14] [246/459] CMTT
[09:38:15] [247/459] SMXP
[09:38:16] [248/459] SCMX
[09:38:17] [249/459] ACXN
[09:38:19] [250/459] ASWT
[09:38:19] 🔄 Identity reset
[09:38:19] 🔄 Identity rotated (every 10 requests)
[09:38:19] [251/459] VVVL
[09:38:20] [252/459] NAGO
[09:38:21] [253/459] SNCN
[09:38:22] [254/459] MCKP
[09:38:23] [255/459] SAMO
[09:38:24] [256/459] JBTV
[09:38:25] [257/459] DCVV
[09:38:26] [258/459] KMSV
[09:38:27] [259/459] KDCN
[09:38:28] [260/459] CNCP
[09:38:28] 🔄 Identity reset
[09:38:28] 🔄 Identity rotated (every 10 requests)
[09:38:28] [261/459] HAMC
[09:38:29] [262/459] CCVZ
[09:38:30] [263/459] NCCK
[09:38:31] [264/459] MCHR
[09:38:32] [265/459] SCHT
[09:38:33] [266/459] ESSH
[09:38:34] [267/459] CUJC
[09:38:35] [268/459] PECP
[09:38:36] [269/459] PMMI
[09:38:37] [270/459] PCCH
[09:38:38] 🔄 Identity reset
[09:38:38] 🔄 Identity rotated (every 10 requests)
[09:38:38] [271/459] PRPM
[09:38:39] [272/459] PVKL
[09:38:40] [273/459] CBSM
[09:38:41] [274/459] PVCZ
[09:38:43] [275/459] PCVV
[09:38:43] [276/459] CTMJ
[09:38:44] [277/459] RCPS
[09:38:45] [278/459] PCIT
[09:38:46] [279/459] FNCH
[09:38:47] [280/459] INZD
[09:38:48] 🔄 Identity reset
[09:38:48] 🔄 Identity rotated (every 10 requests)
[09:38:48] [281/459] INPC
[09:38:49] [282/459] LCZP
[09:38:49] [283/459] SMCB
[09:38:50] [284/459] PTSB
[09:38:51] [285/459] TPSI
[09:38:52] [286/459] KHMJ
[09:38:53] [287/459] RCCJ
[09:38:54] [288/459] NCJA
[09:38:55] [289/459] NCJN
[09:38:56] [290/459] BTDP
[09:38:57] 🔄 Identity reset
[09:38:57] 🔄 Identity rotated (every 10 requests)
[09:38:57] [291/459] PADY
[09:38:58] [292/459] NYBH
[09:38:59] [293/459] MTBR
[09:39:00] [294/459] KRBC
[09:39:01] [295/459] DKTI
[09:39:02] [296/459] ANAN
[09:39:03] [297/459] INBP
[09:39:04] [298/459] PATB
[09:39:05] [299/459] RGNT
[09:39:06] [300/459] CGPM
[09:39:07] 🔄 Identity reset
[09:39:07] 🔄 Identity rotated (every 10 requests)
[09:39:07] [301/459] INTN
[09:39:08] [302/459] MCMP
[09:39:09] [303/459] ASRG
[09:39:10] [304/459] CXJD
[09:39:10] [305/459] SPCP
[09:39:11] [306/459] CSTP
[09:39:12] [307/459] PKVC
[09:39:14] [308/459] ESCP
[09:39:14] [309/459] CAEP
[09:39:16] [310/459] CCSP
[09:39:16] 🔄 Identity reset
[09:39:16] 🔄 Identity rotated (every 10 requests)
[09:39:17] [311/459] KTPC
[09:39:19] [312/459] DACA
[09:39:19] [313/459] NVKY
[09:39:20] [314/459] PTIN
[09:39:21] [315/459] SCIN
[09:39:22] [316/459] MCTY
[09:39:23] [317/459] PCMX
[09:39:24] [318/459] INIC
[09:39:25] [319/459] MMZM
[09:39:26] [320/459] SSLP
[09:39:27] 🔄 Identity reset
[09:39:27] 🔄 Identity rotated (every 10 requests)
[09:39:27] [321/459] DTDT
[09:39:28] [322/459] FFCX
[09:39:29] [323/459] RCMM
[09:39:30] [324/459] KYID
[09:39:30] [325/459] CSCI
[09:39:31] [326/459] FCMC
[09:39:32] [327/459] MMXI
[09:39:33] [328/459] ASTC
[09:39:34] [329/459] CMRA
[09:39:35] [330/459] DICI
[09:39:36] 🔄 Identity reset
[09:39:36] 🔄 Identity rotated (every 10 requests)
[09:39:36] [331/459] KDIN
[09:39:37] [332/459] PRFI
[09:39:38] [333/459] SVFC
[09:39:39] [334/459] UCPL
[09:39:41] [335/459] COOC
[09:39:42] [336/459] SCAL
[09:39:43] [337/459] SVFF
[09:39:45] [338/459] VCMG
[09:39:46] [339/459] UUCT
[09:39:47] [340/459] GCSE
[09:39:48] 🔄 Identity reset
[09:39:48] 🔄 Identity rotated (every 10 requests)
[09:39:48] [341/459] SUSC
[09:39:49] [342/459] MISC
[09:39:50] [343/459] RMBL
[09:39:51] [344/459] CMXN
[09:39:52] [345/459] PVBK
[09:39:53] [346/459] HHCG
[09:39:54] [347/459] SCAG
[09:39:55] [348/459] CNPR
[09:39:56] [349/459] CSER
[09:39:57] [350/459] HLWD
[09:39:57] 🔄 Identity reset
[09:39:57] 🔄 Identity rotated (every 10 requests)
[09:39:57] [351/459] BOLY
[09:39:58] [352/459] SSPG
[09:39:59] [353/459] MUPX
[09:40:00] [354/459] HAMR
[09:40:01] [355/459] SDNC
[09:40:02] [356/459] RTEN
[09:40:03] [357/459] SDTD
[09:40:04] [358/459] KAWS
[09:40:05] [359/459] CMZX
[09:40:06] [360/459] DCDD
[09:40:07] 🔄 Identity reset
[09:40:07] 🔄 Identity rotated (every 10 requests)
[09:40:07] [361/459] ALSN
[09:40:08] [362/459] IMXS
[09:40:09] [363/459] PVFF
[09:40:10] [364/459] PVOO
[09:40:10] [365/459] CFBS
[09:40:11] [366/459] PVER
[09:40:12] [367/459] PPNX
[09:40:14] [368/459] CNRM
[09:40:15] [369/459] PVWW
[09:40:16] [370/459] INMB
[09:40:17] 🔄 Identity reset
[09:40:17] 🔄 Identity rotated (every 10 requests)
[09:40:17] [371/459] CPJR
[09:40:18] [372/459] INRZ
[09:40:19] [373/459] PMSR
[09:40:20] [374/459] GPGM
[09:40:21] [375/459] PGWB
[09:40:22] [376/459] PMBR
[09:40:22] [377/459] GPAM
[09:40:23] [378/459] INBC
[09:40:24] [379/459] PZVK
[09:40:25] [380/459] CPEB
[09:40:26] 🔄 Identity reset
[09:40:26] 🔄 Identity rotated (every 10 requests)
[09:40:26] [381/459] FMLB
[09:40:27] [382/459] INBG
[09:40:28] [383/459] GPBR
[09:40:29] [384/459] PAAS
[09:40:30] [385/459] VTBR
[09:40:30] [386/459] GPMY
[09:40:31] [387/459] GYBU
[09:40:32] [388/459] INBJ
[09:40:33] [389/459] LKTH
[09:40:34] [390/459] NSBR
[09:40:34] 🔄 Identity reset
[09:40:34] 🔄 Identity rotated (every 10 requests)
[09:40:35] [391/459] PDRD
[09:40:36] [392/459] VRBL
[09:40:37] [393/459] VTGB
[09:40:39] [394/459] VTSK
[09:40:40] [395/459] BKDV
[09:40:41] [396/459] SVTB
[09:40:41] [397/459] MLDT
[09:40:42] [398/459] NRBL
[09:40:44] [399/459] SLTR
[09:40:45] [400/459] VNKA
[09:40:46] 🔄 Identity reset
[09:40:46] 🔄 Identity rotated (every 10 requests)
[09:40:46] [401/459] TDCA
[09:40:47] [402/459] INBM
[09:40:48] [403/459] SSNR
[09:40:49] [404/459] BHAC
[09:40:50] [405/459] SDSD
[09:40:50] [406/459] SAMP
[09:40:52] [407/459] RATK
[09:40:53] [408/459] KCBI
[09:40:54] [409/459] URBL
[09:40:55] [410/459] MKBG
[09:40:55] 🔄 Identity reset
[09:40:55] 🔄 Identity rotated (every 10 requests)
[09:40:56] [411/459] ASTB
[09:40:57] [412/459] VBWT
[09:40:58] [413/459] GPSM
[09:40:59] [414/459] ROON
[09:41:00] [415/459] CHTH
[09:41:02] [416/459] SSPA
[09:41:03] [417/459] ANBL
[09:41:04] [418/459] VTBE
[09:41:05] [419/459] SVKT
[09:41:06] [420/459] SVYK
[09:41:07] 🔄 Identity reset
[09:41:07] 🔄 Identity rotated (every 10 requests)
[09:41:07] [421/459] PTBK
[09:41:08] [422/459] RKTB
[09:41:09] [423/459] BALT
[09:41:10] [424/459] STSV
[09:41:11] [425/459] VCCB
[09:41:12] [426/459] SLTB
[09:41:13] [427/459] SBCR
[09:41:13] [428/459] VDCS
[09:41:14] [429/459] MDKI
[09:41:16] [430/459] SMRN
[09:41:16] 🔄 Identity reset
[09:41:16] 🔄 Identity rotated (every 10 requests)
[09:41:17] [431/459] PTBC
[09:41:18] [432/459] RADI
[09:41:19] [433/459] ADCR
[09:41:20] [434/459] SDCS
[09:41:21] [435/459] SRPJ
[09:41:23] [436/459] ARTS
[09:41:23] [437/459] SRHK
[09:41:24] [438/459] SPAY
[09:41:25] [439/459] GPTB
[09:41:26] [440/459] SNNN
[09:41:27] 🔄 Identity reset
[09:41:27] 🔄 Identity rotated (every 10 requests)
[09:41:27] [441/459] BALJ
[09:41:28] [442/459] TRIG
[09:41:29] [443/459] GTYT
[09:41:30] [444/459] ATGN
[09:41:30] [445/459] ANTE
[09:41:31] [446/459] BDCG
[09:41:32] [447/459] VECI
[09:41:33] [448/459] SCPR
[09:41:34] [449/459] RTEA
[09:41:35] [450/459] JSAI
[09:41:36] 🔄 Identity reset
[09:41:36] 🔄 Identity rotated (every 10 requests)
[09:41:37] [451/459] VJTP
[09:41:38] [452/459] GNDS
[09:41:39] [453/459] PAXA
[09:41:39] [454/459] CGGM
[09:41:41] [455/459] ACKZ
[09:41:42] [456/459] EMCC
[09:41:43] [457/459] KLSK
[09:41:43] [458/459] AVCK
[09:41:45] [459/459] JTCK
[09:41:46] 🧹 Deduping shows
[09:41:46] ✅ DONE | Shows=207 | Movies=23
[16:32:18] 🚀 SCRIPT STARTED (enhanced anti‑detection)
[16:32:18] [1/459] NECA
[16:32:19] 🧠 New identity created
[16:32:19] [2/459] BJLC
[16:32:20] [3/459] BASU
[16:32:21] [4/459] RUPI
[16:32:22] [5/459] LCBK
[16:32:23] [6/459] PMAC
[16:32:24] [7/459] AMLC
[16:32:25] [8/459] LICL
[16:32:26] [9/459] UDMM
[16:32:27] [10/459] STBZ
[16:32:28] 🔄 Identity reset
[16:32:28] 🔄 Identity rotated (every 10 requests)
[16:32:28] [11/459] UUBT
[16:32:29] [12/459] SJKC
[16:32:30] [13/459] TUAL
[16:32:31] [14/459] MRSE
[16:32:32] [15/459] RMRK
[16:32:33] [16/459] TTKP
[16:32:34] [17/459] KTKO
[16:32:35] [18/459] SDBK
[16:32:36] [19/459] MCPR
[16:32:37] [20/459] CHTI
[16:32:37] 🔄 Identity reset
[16:32:37] 🔄 Identity rotated (every 10 requests)
[16:32:38] [21/459] GCCP
[16:32:39] [22/459] SRMY
[16:32:39] [23/459] NYST
[16:32:40] [24/459] NYAG
[16:32:41] [25/459] SBMT
[16:32:42] [26/459] INGA
[16:32:43] [27/459] WSIC
[16:32:44] [28/459] SCSS
[16:32:44] [29/459] COPG
[16:32:45] [30/459] RCGR
[16:32:46] 🔄 Identity reset
[16:32:46] 🔄 Identity rotated (every 10 requests)
[16:32:46] [31/459] TCZA
[16:32:47] [32/459] CNLP
[16:32:48] [33/459] CLKN
[16:32:49] [34/459] LHDF
[16:32:50] [35/459] ELKC
[16:32:51] [36/459] VCEM
[16:32:52] [37/459] SSZA
[16:32:53] [38/459] KRMT
[16:32:53] [39/459] LCMV
[16:32:54] [40/459] AYCZ
[16:32:55] 🔄 Identity reset
[16:32:55] 🔄 Identity rotated (every 10 requests)
[16:32:55] [41/459] CUMS
[16:32:56] [42/459] BOCK
[16:32:56] [43/459] PNMR
[16:32:57] [44/459] PJCP
[16:32:58] [45/459] JDDD
[16:32:59] [46/459] STMS
[16:33:00] [47/459] FLMB
[16:33:01] [48/459] PKCM
[16:33:02] [49/459] SPPR
[16:33:03] [50/459] EYLH
[16:33:03] 🔄 Identity reset
[16:33:03] 🔄 Identity rotated (every 10 requests)
[16:33:04] [51/459] RJCC
[16:33:04] [52/459] MMPS
[16:33:05] [53/459] SHMX
[16:33:07] [54/459] CCNL
[16:33:08] [55/459] RCNV
[16:33:08] [56/459] MAAG
[16:33:09] [57/459] LXCM
[16:33:10] [58/459] RCNI
[16:33:11] [59/459] SNNI
[16:33:12] [60/459] LALC
[16:33:12] 🔄 Identity reset
[16:33:13] 🔄 Identity rotated (every 10 requests)
[16:33:13] [61/459] SOCN
[16:33:14] [62/459] JHTP
[16:33:15] [63/459] PITP
[16:33:16] [64/459] CCKW
[16:33:18] [65/459] MCMC
[16:33:19] [66/459] DEES
[16:33:20] [67/459] SABT
[16:33:21] [68/459] VSPP
[16:33:22] [69/459] ABCT
[16:33:22] [70/459] JVTB
[16:33:23] 🔄 Identity reset
[16:33:23] 🔄 Identity rotated (every 10 requests)
[16:33:23] [71/459] VCBD
[16:33:24] [72/459] RMGG
[16:33:25] [73/459] RNMH
[16:33:26] [74/459] SPGL
[16:33:27] [75/459] JTTR
[16:33:27] [76/459] SICS
[16:33:28] [77/459] SRMI
[16:33:30] [78/459] SSIJ
[16:33:30] [79/459] KFMT
[16:33:31] [80/459] VBIT
[16:33:32] 🔄 Identity reset
[16:33:32] 🔄 Identity rotated (every 10 requests)
[16:33:32] [81/459] JKCT
[16:33:33] [82/459] GCGP
[16:33:34] [83/459] GDCS
[16:33:35] [84/459] TRBA
[16:33:36] [85/459] QUST
[16:33:37] [86/459] VSHM
[16:33:38] [87/459] SDCP
[16:33:39] [88/459] SNVS
[16:33:40] [89/459] NYTO
[16:33:40] [90/459] URWC
[16:33:41] 🔄 Identity reset
[16:33:41] 🔄 Identity rotated (every 10 requests)
[16:33:41] 🔄 Retry 1/5 for URWC in 2.7s
[16:33:41] 🔄 Identity reset
[16:33:44] 🧠 New identity created
[16:33:44] [91/459] GTWH
[16:33:45] [92/459] PFCM
[16:33:46] [93/459] KRTA
[16:33:47] [94/459] AXMC
[16:33:47] [95/459] EVMC
[16:33:48] [96/459] HGSM
[16:33:49] [97/459] ACVM
[16:33:50] [98/459] PSKL
[16:33:51] [99/459] RDMP
[16:33:52] 🔄 Identity reset
[16:33:52] 🔄 Identity rotated (every 10 requests)
[16:33:52] [100/459] RHGH
[16:33:53] [101/459] OMCM
[16:33:54] [102/459] DCCP
[16:33:55] [103/459] MCPB
[16:33:56] [104/459] ALCI
[16:33:56] [105/459] BLMX
[16:33:57] [106/459] BTMV
[16:33:59] [107/459] FVPN
[16:34:00] [108/459] CMAR
[16:34:01] [109/459] CEIM
[16:34:02] 🔄 Identity reset
[16:34:02] 🔄 Identity rotated (every 10 requests)
[16:34:02] [110/459] CMVA
[16:34:03] [111/459] CPIV
[16:34:03] [112/459] CNPE
[16:34:04] [113/459] COLV
[16:34:05] [114/459] DNNV
[16:34:06] [115/459] HCAD
[16:34:07] [116/459] TAKA
[16:34:08] [117/459] INVD
[16:34:09] [118/459] IRMM
[16:34:10] [119/459] INSE
[16:34:11] 🔄 Identity reset
[16:34:11] 🔄 Identity rotated (every 10 requests)
[16:34:11] [120/459] MRSW
[16:34:12] [121/459] MCVD
[16:34:14] [122/459] MCSO
[16:34:14] [123/459] PEVM
[16:34:15] [124/459] PVNL
[16:34:16] [125/459] PTCV
[16:34:17] [126/459] PRTC
[16:34:18] [127/459] RCVA
[16:34:18] [128/459] MTBN
[16:34:19] [129/459] LUCP
[16:34:20] 🔄 Identity reset
[16:34:20] 🔄 Identity rotated (every 10 requests)
[16:34:20] [130/459] FMPT
[16:34:22] [131/459] JLSL
[16:34:23] [132/459] SBHA
[16:34:24] [133/459] SHRC
[16:34:25] [134/459] AVPS
[16:34:26] [135/459] STPM
[16:34:26] [136/459] ATRD
[16:34:27] [137/459] VTED
[16:34:28] [138/459] ACAI
[16:34:29] [139/459] SMAE
[16:34:29] 🔄 Identity reset
[16:34:29] 🔄 Identity rotated (every 10 requests)
[16:34:30] [140/459] VMAT
[16:34:31] [141/459] LKCT
[16:34:32] [142/459] JTVK
[16:34:32] [143/459] PRTY
[16:34:33] [144/459] GETT
[16:34:34] [145/459] ESAP
[16:34:35] [146/459] NCPM
[16:34:36] [147/459] PCPA
[16:34:37] [148/459] MMOM
[16:34:38] [149/459] PHUP
[16:34:39] 🔄 Identity reset
[16:34:39] 🔄 Identity rotated (every 10 requests)
[16:34:39] [150/459] CCPI
[16:34:40] [151/459] CNTD
[16:34:41] [152/459] NLJR
[16:34:42] [153/459] SRNG
[16:34:42] [154/459] MHAL
[16:34:43] [155/459] PNSM
[16:34:44] [156/459] DRMY
[16:34:45] [157/459] CCMU
[16:34:46] [158/459] SCMY
[16:34:47] [159/459] PVSY
[16:34:47] 🔄 Identity reset
[16:34:47] 🔄 Identity rotated (every 10 requests)
[16:34:48] [160/459] SDLM
[16:34:49] [161/459] ICCM
[16:34:49] [162/459] PYSU
[16:34:50] [163/459] GATM
[16:34:51] [164/459] WOTM
[16:34:52] [165/459] RKTS
[16:34:53] [166/459] PMTY
[16:34:54] [167/459] LYMS
[16:34:54] [168/459] TGCA
[16:34:55] [169/459] DSTA
[16:34:56] 🔄 Identity reset
[16:34:56] 🔄 Identity rotated (every 10 requests)
[16:34:56] [170/459] CNGE
[16:34:57] [171/459] VSTG
[16:34:58] [172/459] GTCK
[16:35:00] [173/459] TGNT
[16:35:01] [174/459] ASLC
[16:35:01] [175/459] SSST
[16:35:02] [176/459] KBTT
[16:35:03] [177/459] HKCP
[16:35:04] [178/459] SWLC
[16:35:05] [179/459] RTND
[16:35:05] 🔄 Identity reset
[16:35:06] 🔄 Identity rotated (every 10 requests)
[16:35:06] [180/459] PKKT
[16:35:07] [181/459] HSTK
[16:35:08] [182/459] SPTT
[16:35:08] [183/459] IMPM
[16:35:09] [184/459] SCMV
[16:35:10] [185/459] SPCT
[16:35:11] [186/459] JBCA
[16:35:12] [187/459] ATTR
[16:35:13] [188/459] SPMT
[16:35:14] [189/459] LCTM
[16:35:14] 🔄 Identity reset
[16:35:14] 🔄 Identity rotated (every 10 requests)
[16:35:14] [190/459] SCVL
[16:35:15] [191/459] SCVT
[16:35:16] [192/459] KRIC
[16:35:17] [193/459] CTMG
[16:35:18] [194/459] ACNC
[16:35:19] [195/459] DMCK
[16:35:20] [196/459] KMTV
[16:35:21] [197/459] PFCJ
[16:35:22] [198/459] VNMD
[16:35:23] [199/459] VPCZ
[16:35:24] 🔄 Identity reset
[16:35:24] 🔄 Identity rotated (every 10 requests)
[16:35:24] [200/459] SRYR
[16:35:25] [201/459] SYTR
[16:35:25] [202/459] GATR
[16:35:26] [203/459] URTR
[16:35:28] [204/459] MKSM
[16:35:29] [205/459] VSMH
[16:35:29] [206/459] SKRJ
[16:35:30] [207/459] SSJR
[16:35:31] [208/459] SVSM
[16:35:32] [209/459] RUCM
[16:35:33] 🔄 Identity reset
[16:35:33] 🔄 Identity rotated (every 10 requests)
[16:35:33] [210/459] PRKN
[16:35:35] [211/459] RROH
[16:35:35] [212/459] SCTN
[16:35:36] [213/459] RTDM
[16:35:37] [214/459] ASRM
[16:35:38] [215/459] SKMD
[16:35:39] [216/459] SUTD
[16:35:39] [217/459] SADM
[16:35:40] [218/459] WCNR
[16:35:41] [219/459] CNED
[16:35:42] 🔄 Identity reset
[16:35:42] 🔄 Identity rotated (every 10 requests)
[16:35:42] [220/459] MPDB
[16:35:43] [221/459] KTBH
[16:35:44] [222/459] IDRM
[16:35:45] [223/459] PJJT
[16:35:46] [224/459] PFCV
[16:35:47] [225/459] AACT
[16:35:48] [226/459] AAAD
[16:35:49] [227/459] ANES
[16:35:49] [228/459] MNCA
[16:35:50] [229/459] RMGU
[16:35:51] 🔄 Identity reset
[16:35:51] 🔄 Identity rotated (every 10 requests)
[16:35:51] [230/459] DLCN
[16:35:52] [231/459] LJWT
[16:35:53] [232/459] MCBG
[16:35:54] [233/459] MYBG
[16:35:55] [234/459] GCCA
[16:35:56] [235/459] GCGA
[16:35:57] [236/459] ECGN
[16:35:58] [237/459] PRAB
[16:35:58] [238/459] PNMP
[16:35:59] [239/459] GCPT
[16:36:00] 🔄 Identity reset
[16:36:00] 🔄 Identity rotated (every 10 requests)
[16:36:00] [240/459] ROYN
[16:36:01] [241/459] VATM
[16:36:02] [242/459] KSNT
[16:36:03] [243/459] ACTC
[16:36:04] [244/459] PLTD
[16:36:05] [245/459] SKMK
[16:36:06] [246/459] CMTT
[16:36:07] [247/459] SMXP
[16:36:07] [248/459] SCMX
[16:36:08] [249/459] ACXN
[16:36:09] 🔄 Identity reset
[16:36:09] 🔄 Identity rotated (every 10 requests)
[16:36:09] [250/459] ASWT
[16:36:10] [251/459] VVVL
[16:36:11] [252/459] NAGO
[16:36:12] [253/459] SNCN
[16:36:13] [254/459] MCKP
[16:36:14] [255/459] SAMO
[16:36:15] [256/459] JBTV
[16:36:16] [257/459] DCVV
[16:36:17] [258/459] KMSV
[16:36:18] [259/459] KDCN
[16:36:18] 🔄 Identity reset
[16:36:18] 🔄 Identity rotated (every 10 requests)
[16:36:19] [260/459] CNCP
[16:36:19] [261/459] HAMC
[16:36:20] [262/459] CCVZ
[16:36:21] [263/459] NCCK
[16:36:21] [264/459] MCHR
[16:36:22] [265/459] SCHT
[16:36:23] [266/459] ESSH
[16:36:24] [267/459] CUJC
[16:36:25] [268/459] PECP
[16:36:26] [269/459] PMMI
[16:36:26] 🔄 Identity reset
[16:36:26] 🔄 Identity rotated (every 10 requests)
[16:36:26] 🔄 Retry 1/5 for PMMI in 2.9s
[16:36:26] 🔄 Identity reset
[16:36:29] 🧠 New identity created
[16:36:29] 🔄 Retry 2/5 for PMMI in 4.2s
[16:36:29] 🔄 Identity reset
[16:36:34] 🧠 New identity created
[16:36:34] [270/459] PCCH
[16:36:35] [271/459] PRPM
[16:36:36] [272/459] PVKL
[16:36:36] [273/459] CBSM
[16:36:38] [274/459] PVCZ
[16:36:39] [275/459] PCVV
[16:36:40] [276/459] CTMJ
[16:36:40] [277/459] RCPS
[16:36:41] 🔄 Identity reset
[16:36:41] 🔄 Identity rotated (every 10 requests)
[16:36:42] [278/459] PCIT
[16:36:43] [279/459] FNCH
[16:36:43] [280/459] INZD
[16:36:44] [281/459] INPC
[16:36:45] [282/459] LCZP
[16:36:46] [283/459] SMCB
[16:36:47] [284/459] PTSB
[16:36:48] [285/459] TPSI
[16:36:49] [286/459] KHMJ
[16:36:49] [287/459] RCCJ
[16:36:50] 🔄 Identity reset
[16:36:50] 🔄 Identity rotated (every 10 requests)
[16:36:50] [288/459] NCJA
[16:36:51] [289/459] NCJN
[16:36:52] [290/459] BTDP
[16:36:53] [291/459] PADY
[16:36:54] [292/459] NYBH
[16:36:55] [293/459] MTBR
[16:36:55] [294/459] KRBC
[16:36:56] [295/459] DKTI
[16:36:57] [296/459] ANAN
[16:36:58] [297/459] INBP
[16:36:59] 🔄 Identity reset
[16:36:59] 🔄 Identity rotated (every 10 requests)
[16:36:59] [298/459] PATB
[16:37:00] [299/459] RGNT
[16:37:01] [300/459] CGPM
[16:37:02] [301/459] INTN
[16:37:03] [302/459] MCMP
[16:37:04] [303/459] ASRG
[16:37:05] [304/459] CXJD
[16:37:05] [305/459] SPCP
[16:37:06] [306/459] CSTP
[16:37:07] [307/459] PKVC
[16:37:08] 🔄 Identity reset
[16:37:08] 🔄 Identity rotated (every 10 requests)
[16:37:08] [308/459] ESCP
[16:37:09] [309/459] CAEP
[16:37:10] [310/459] CCSP
[16:37:11] [311/459] KTPC
[16:37:12] [312/459] DACA
[16:37:13] [313/459] NVKY
[16:37:14] [314/459] PTIN
[16:37:14] [315/459] SCIN
[16:37:15] [316/459] MCTY
[16:37:17] [317/459] PCMX
[16:37:17] 🔄 Identity reset
[16:37:17] 🔄 Identity rotated (every 10 requests)
[16:37:18] [318/459] INIC
[16:37:19] [319/459] MMZM
[16:37:20] [320/459] SSLP
[16:37:20] [321/459] DTDT
[16:37:21] [322/459] FFCX
[16:37:22] [323/459] RCMM
[16:37:23] [324/459] KYID
[16:37:24] [325/459] CSCI
[16:37:25] [326/459] FCMC
[16:37:26] [327/459] MMXI
[16:37:27] 🔄 Identity reset
[16:37:27] 🔄 Identity rotated (every 10 requests)
[16:37:27] [328/459] ASTC
[16:37:28] [329/459] CMRA
[16:37:29] [330/459] DICI
[16:37:30] [331/459] KDIN
[16:37:31] [332/459] PRFI
[16:37:32] [333/459] SVFC
[16:37:33] [334/459] UCPL
[16:37:34] [335/459] COOC
[16:37:35] [336/459] SCAL
[16:37:36] [337/459] SVFF
[16:37:37] 🔄 Identity reset
[16:37:37] 🔄 Identity rotated (every 10 requests)
[16:37:37] [338/459] VCMG
[16:37:38] [339/459] UUCT
[16:37:39] [340/459] GCSE
[16:37:40] [341/459] SUSC
[16:37:40] [342/459] MISC
[16:37:41] [343/459] RMBL
[16:37:42] [344/459] CMXN
[16:37:43] [345/459] PVBK
[16:37:44] [346/459] HHCG
[16:37:45] [347/459] SCAG
[16:37:45] 🔄 Identity reset
[16:37:45] 🔄 Identity rotated (every 10 requests)
[16:37:46] [348/459] CNPR
[16:37:46] [349/459] CSER
[16:37:47] [350/459] HLWD
[16:37:48] [351/459] BOLY
[16:37:50] [352/459] SSPG
[16:37:50] [353/459] MUPX
[16:37:51] [354/459] HAMR
[16:37:52] [355/459] SDNC
[16:37:53] [356/459] RTEN
[16:37:54] [357/459] SDTD
[16:37:55] 🔄 Identity reset
[16:37:55] 🔄 Identity rotated (every 10 requests)
[16:37:55] [358/459] KAWS
[16:37:56] [359/459] CMZX
[16:37:57] [360/459] DCDD
[16:37:58] [361/459] ALSN
[16:37:59] [362/459] IMXS
[16:37:59] [363/459] PVFF
[16:38:00] [364/459] PVOO
[16:38:01] [365/459] CFBS
[16:38:02] [366/459] PVER
[16:38:03] [367/459] PPNX
[16:38:04] 🔄 Identity reset
[16:38:04] 🔄 Identity rotated (every 10 requests)
[16:38:04] [368/459] CNRM
[16:38:05] [369/459] PVWW
[16:38:06] [370/459] INMB
[16:38:07] [371/459] CPJR
[16:38:08] [372/459] INRZ
[16:38:08] [373/459] PMSR
[16:38:09] [374/459] GPGM
[16:38:10] [375/459] PGWB
[16:38:11] [376/459] PMBR
[16:38:12] [377/459] GPAM
[16:38:13] 🔄 Identity reset
[16:38:13] 🔄 Identity rotated (every 10 requests)
[16:38:13] [378/459] INBC
[16:38:14] [379/459] PZVK
[16:38:15] [380/459] CPEB
[16:38:16] [381/459] FMLB
[16:38:17] [382/459] INBG
[16:38:18] [383/459] GPBR
[16:38:19] [384/459] PAAS
[16:38:20] [385/459] VTBR
[16:38:20] [386/459] GPMY
[16:38:21] [387/459] GYBU
[16:38:22] 🔄 Identity reset
[16:38:22] 🔄 Identity rotated (every 10 requests)
[16:38:22] [388/459] INBJ
[16:38:24] [389/459] LKTH
[16:38:25] [390/459] NSBR
[16:38:26] [391/459] PDRD
[16:38:27] [392/459] VRBL
[16:38:28] [393/459] VTGB
[16:38:28] [394/459] VTSK
[16:38:29] [395/459] BKDV
[16:38:30] [396/459] SVTB
[16:38:31] [397/459] MLDT
[16:38:31] 🔄 Identity reset
[16:38:31] 🔄 Identity rotated (every 10 requests)
[16:38:32] [398/459] NRBL
[16:38:33] [399/459] SLTR
[16:38:34] [400/459] VNKA
[16:38:35] [401/459] TDCA
[16:38:35] [402/459] INBM
[16:38:36] [403/459] SSNR
[16:38:37] [404/459] BHAC
[16:38:39] [405/459] SDSD
[16:38:40] [406/459] SAMP
[16:38:40] [407/459] RATK
[16:38:41] 🔄 Identity reset
[16:38:41] 🔄 Identity rotated (every 10 requests)
[16:38:41] 🔄 Retry 1/5 for RATK in 2.7s
[16:38:41] 🔄 Identity reset
[16:38:44] 🧠 New identity created
[16:38:44] [408/459] KCBI
[16:38:45] [409/459] URBL
[16:38:46] [410/459] MKBG
[16:38:47] [411/459] ASTB
[16:38:48] [412/459] VBWT
[16:38:48] [413/459] GPSM
[16:38:49] [414/459] ROON
[16:38:50] [415/459] CHTH
[16:38:51] [416/459] SSPA
[16:38:52] 🔄 Identity reset
[16:38:52] 🔄 Identity rotated (every 10 requests)
[16:38:52] [417/459] ANBL
[16:38:53] [418/459] VTBE
[16:38:54] [419/459] SVKT
[16:38:55] [420/459] SVYK
[16:38:56] [421/459] PTBK
[16:38:56] [422/459] RKTB
[16:38:57] [423/459] BALT
[16:38:58] [424/459] STSV
[16:38:59] [425/459] VCCB
[16:39:00] [426/459] SLTB
[16:39:01] 🔄 Identity reset
[16:39:01] 🔄 Identity rotated (every 10 requests)
[16:39:01] [427/459] SBCR
[16:39:02] [428/459] VDCS
[16:39:03] [429/459] MDKI
[16:39:03] [430/459] SMRN
[16:39:05] [431/459] PTBC
[16:39:06] [432/459] RADI
[16:39:07] [433/459] ADCR
[16:39:08] [434/459] SDCS
[16:39:08] [435/459] SRPJ
[16:39:10] [436/459] ARTS
[16:39:11] 🔄 Identity reset
[16:39:11] 🔄 Identity rotated (every 10 requests)
[16:39:11] [437/459] SRHK
[16:39:12] [438/459] SPAY
[16:39:13] [439/459] GPTB
[16:39:14] [440/459] SNNN
[16:39:15] [441/459] BALJ
[16:39:15] [442/459] TRIG
[16:39:16] [443/459] GTYT
[16:39:17] [444/459] ATGN
[16:39:18] [445/459] ANTE
[16:39:19] [446/459] BDCG
[16:39:20] 🔄 Identity reset
[16:39:20] 🔄 Identity rotated (every 10 requests)
[16:39:21] [447/459] VECI
[16:39:22] [448/459] SCPR
[16:39:23] [449/459] RTEA
[16:39:23] [450/459] JSAI
[16:39:24] [451/459] VJTP
[16:39:25] [452/459] GNDS
[16:39:26] [453/459] PAXA
[16:39:27] [454/459] CGGM
[16:39:28] [455/459] ACKZ
[16:39:28] [456/459] EMCC
[16:39:29] 🔄 Identity reset
[16:39:29] 🔄 Identity rotated (every 10 requests)
[16:39:29] [457/459] KLSK
[16:39:30] [458/459] AVCK
[16:39:32] [459/459] JTCK
[16:39:33] 🧹 Deduping shows
[16:39:33] ✅ DONE | Shows=379 | Movies=31
[04:41:19] 🚀 SCRIPT STARTED (enhanced anti‑detection)
[04:41:19] [1/459] NECA
[04:41:19] 🧠 New identity created
[04:41:20] [2/459] BJLC
[04:41:22] [3/459] BASU
[04:41:23] [4/459] RUPI
[04:41:25] [5/459] LCBK
[04:41:26] [6/459] PMAC
[04:41:27] [7/459] AMLC
[04:41:29] [8/459] LICL
[04:41:30] [9/459] UDMM
[04:41:32] [10/459] STBZ
[04:41:32] 🔄 Identity reset
[04:41:32] 🔄 Identity rotated (every 10 requests)
[04:41:33] [11/459] UUBT
[04:41:35] [12/459] SJKC
[04:41:36] [13/459] TUAL
[04:41:37] [14/459] MRSE
[04:41:38] [15/459] RMRK
[04:41:39] [16/459] TTKP
[04:41:41] [17/459] KTKO
[04:41:42] [18/459] SDBK
[04:41:43] [19/459] MCPR
[04:41:44] [20/459] CHTI
[04:41:45] 🔄 Identity reset
[04:41:45] 🔄 Identity rotated (every 10 requests)
[04:41:46] [21/459] GCCP
[04:41:47] [22/459] SRMY
[04:41:49] [23/459] NYST
[04:41:51] [24/459] NYAG
[04:41:52] [25/459] SBMT
[04:41:53] [26/459] INGA
[04:41:55] [27/459] WSIC
[04:41:56] [28/459] SCSS
[04:41:57] [29/459] COPG
[04:41:59] [30/459] RCGR
[04:42:00] 🔄 Identity reset
[04:42:00] 🔄 Identity rotated (every 10 requests)
[04:42:01] [31/459] TCZA
[04:42:02] [32/459] CNLP
[04:42:03] [33/459] CLKN
[04:42:05] [34/459] LHDF
[04:42:07] [35/459] ELKC
[04:42:07] [36/459] VCEM
[04:42:10] [37/459] SSZA
[04:42:11] [38/459] KRMT
[04:42:12] [39/459] LCMV
[04:42:14] [40/459] AYCZ
[04:42:15] 🔄 Identity reset
[04:42:15] 🔄 Identity rotated (every 10 requests)
[04:42:16] [41/459] CUMS
[04:42:17] [42/459] BOCK
[04:42:19] [43/459] PNMR
[04:42:21] [44/459] PJCP
[04:42:22] [45/459] JDDD
[04:42:24] [46/459] STMS
[04:42:25] [47/459] FLMB
[04:42:26] [48/459] PKCM
[04:42:27] [49/459] SPPR
[04:42:29] [50/459] EYLH
[04:42:29] 🔄 Identity reset
[04:42:29] 🔄 Identity rotated (every 10 requests)
[04:42:30] [51/459] RJCC
[04:42:32] [52/459] MMPS
[04:42:33] [53/459] SHMX
[04:42:35] [54/459] CCNL
[04:42:37] [55/459] RCNV
[04:42:38] [56/459] MAAG
[04:42:39] [57/459] LXCM
[04:42:40] [58/459] RCNI
[04:42:41] [59/459] SNNI
[04:42:43] [60/459] LALC
[04:42:43] 🔄 Identity reset
[04:42:43] 🔄 Identity rotated (every 10 requests)
[04:42:45] [61/459] SOCN
[04:42:46] [62/459] JHTP
[04:42:47] [63/459] PITP
[04:42:49] [64/459] CCKW
[04:42:50] [65/459] MCMC
[04:42:51] [66/459] DEES
[04:42:53] [67/459] SABT
[04:42:54] [68/459] VSPP
[04:42:56] [69/459] ABCT
[04:42:58] [70/459] JVTB
[04:42:59] 🔄 Identity reset
[04:42:59] 🔄 Identity rotated (every 10 requests)
[04:42:59] [71/459] VCBD
[04:43:01] [72/459] RMGG
[04:43:02] [73/459] RNMH
[04:43:03] [74/459] SPGL
[04:43:05] [75/459] JTTR
[04:43:06] [76/459] SICS
[04:43:07] [77/459] SRMI
[04:43:08] [78/459] SSIJ
[04:43:09] [79/459] KFMT
[04:43:11] [80/459] VBIT
[04:43:11] 🔄 Identity reset
[04:43:11] 🔄 Identity rotated (every 10 requests)
[04:43:12] [81/459] JKCT
[04:43:13] [82/459] GCGP
[04:43:14] [83/459] GDCS
[04:43:16] [84/459] TRBA
[04:43:17] [85/459] QUST
[04:43:18] [86/459] VSHM
[04:43:19] [87/459] SDCP
[04:43:20] [88/459] SNVS
[04:43:21] [89/459] NYTO
[04:43:23] [90/459] URWC
[04:43:23] 🔄 Identity reset
[04:43:23] 🔄 Identity rotated (every 10 requests)
[04:43:24] [91/459] GTWH
[04:43:25] [92/459] PFCM
[04:43:27] [93/459] KRTA
[04:43:28] [94/459] AXMC
[04:43:30] [95/459] EVMC
[04:43:32] [96/459] HGSM
[04:43:33] [97/459] ACVM
[04:43:34] [98/459] PSKL
[04:43:35] [99/459] RDMP
[04:43:37] [100/459] RHGH
[04:43:38] 🔄 Identity reset
[04:43:38] 🔄 Identity rotated (every 10 requests)
[04:43:38] [101/459] OMCM
[04:43:39] [102/459] DCCP
[04:43:40] [103/459] MCPB
[04:43:41] [104/459] ALCI
[04:43:42] [105/459] BLMX
[04:43:43] [106/459] BTMV
[04:43:45] [107/459] FVPN
[04:43:47] [108/459] CMAR
[04:43:49] [109/459] CEIM
[04:43:50] [110/459] CMVA
[04:43:50] 🔄 Identity reset
[04:43:50] 🔄 Identity rotated (every 10 requests)
[04:43:51] [111/459] CPIV
[04:43:52] [112/459] CNPE
[04:43:53] [113/459] COLV
[04:43:54] [114/459] DNNV
[04:43:56] [115/459] HCAD
[04:43:57] [116/459] TAKA
[04:43:58] [117/459] INVD
[04:43:59] [118/459] IRMM
[04:44:01] [119/459] INSE
[04:44:03] [120/459] MRSW
[04:44:03] 🔄 Identity reset
[04:44:03] 🔄 Identity rotated (every 10 requests)
[04:44:04] [121/459] MCVD
[04:44:06] [122/459] MCSO
[04:44:07] [123/459] PEVM
[04:44:09] [124/459] PVNL
[04:44:11] [125/459] PTCV
[04:44:12] [126/459] PRTC
[04:44:14] [127/459] RCVA
[04:44:15] [128/459] MTBN
[04:44:16] [129/459] LUCP
[04:44:18] [130/459] FMPT
[04:44:18] 🔄 Identity reset
[04:44:18] 🔄 Identity rotated (every 10 requests)
[04:44:18] [131/459] JLSL
[04:44:20] [132/459] SBHA
[04:44:21] [133/459] SHRC
[04:44:22] [134/459] AVPS
[04:44:23] [135/459] STPM
[04:44:24] [136/459] ATRD
[04:44:26] [137/459] VTED
[04:44:28] [138/459] ACAI
[04:44:30] [139/459] SMAE
[04:44:30] [140/459] VMAT
[04:44:31] 🔄 Identity reset
[04:44:31] 🔄 Identity rotated (every 10 requests)
[04:44:32] [141/459] LKCT
[04:44:33] [142/459] JTVK
[04:44:34] [143/459] PRTY
[04:44:36] [144/459] GETT
[04:44:37] [145/459] ESAP
[04:44:39] [146/459] NCPM
[04:44:40] [147/459] PCPA
[04:44:41] [148/459] MMOM
[04:44:42] [149/459] PHUP
[04:44:44] [150/459] CCPI
[04:44:44] 🔄 Identity reset
[04:44:44] 🔄 Identity rotated (every 10 requests)
[04:44:44] 🔄 Retry 1/5 for CCPI in 2.7s
[04:44:44] 🔄 Identity reset
[04:44:47] 🧠 New identity created
[04:44:48] [151/459] CNTD
[04:44:49] [152/459] NLJR
[04:44:51] [153/459] SRNG
[04:44:52] [154/459] MHAL
[04:44:53] [155/459] PNSM
[04:44:54] [156/459] DRMY
[04:44:56] [157/459] CCMU
[04:44:58] [158/459] SCMY
[04:44:59] [159/459] PVSY
[04:44:59] 🔄 Identity reset
[04:44:59] 🔄 Identity rotated (every 10 requests)
[04:45:00] [160/459] SDLM
[04:45:01] [161/459] ICCM
[04:45:03] [162/459] PYSU
[04:45:05] [163/459] GATM
[04:45:06] [164/459] WOTM
[04:45:07] [165/459] RKTS
[04:45:09] [166/459] PMTY
[04:45:11] [167/459] LYMS
[04:45:12] [168/459] TGCA
[04:45:13] [169/459] DSTA
[04:45:14] 🔄 Identity reset
[04:45:14] 🔄 Identity rotated (every 10 requests)
[04:45:15] [170/459] CNGE
[04:45:16] [171/459] VSTG
[04:45:17] [172/459] GTCK
[04:45:18] [173/459] TGNT
[04:45:20] [174/459] ASLC
[04:45:22] [175/459] SSST
[04:45:23] [176/459] KBTT
[04:45:24] [177/459] HKCP
[04:45:26] [178/459] SWLC
[04:45:27] [179/459] RTND
[04:45:28] 🔄 Identity reset
[04:45:28] 🔄 Identity rotated (every 10 requests)
[04:45:29] [180/459] PKKT
[04:45:30] [181/459] HSTK
[04:45:31] [182/459] SPTT
[04:45:33] [183/459] IMPM
[04:45:35] [184/459] SCMV
[04:45:37] [185/459] SPCT
[04:45:38] [186/459] JBCA
[04:45:39] [187/459] ATTR
[04:45:41] [188/459] SPMT
[04:45:44] [189/459] LCTM
[04:45:45] 🔄 Identity reset
[04:45:45] 🔄 Identity rotated (every 10 requests)
[04:45:45] [190/459] SCVL
[04:45:47] [191/459] SCVT
[04:45:48] [192/459] KRIC
[04:45:50] [193/459] CTMG
[04:45:51] [194/459] ACNC
[04:45:52] [195/459] DMCK
[04:45:53] [196/459] KMTV
[04:45:55] [197/459] PFCJ
[04:45:56] [198/459] VNMD
[04:45:57] [199/459] VPCZ
[04:45:57] 🔄 Identity reset
[04:45:57] 🔄 Identity rotated (every 10 requests)
[04:45:58] [200/459] SRYR
[04:45:59] [201/459] SYTR
[04:46:00] [202/459] GATR
[04:46:02] [203/459] URTR
[04:46:03] [204/459] MKSM
[04:46:05] [205/459] VSMH
[04:46:06] [206/459] SKRJ
[04:46:07] [207/459] SSJR
[04:46:09] [208/459] SVSM
[04:46:10] [209/459] RUCM
[04:46:10] 🔄 Identity reset
[04:46:10] 🔄 Identity rotated (every 10 requests)
[04:46:11] [210/459] PRKN
[04:46:12] [211/459] RROH
[04:46:14] [212/459] SCTN
[04:46:15] [213/459] RTDM
[04:46:17] [214/459] ASRM
[04:46:18] [215/459] SKMD
[04:46:19] [216/459] SUTD
[04:46:20] [217/459] SADM
[04:46:22] [218/459] WCNR
[04:46:24] [219/459] CNED
[04:46:25] 🔄 Identity reset
[04:46:25] 🔄 Identity rotated (every 10 requests)
[04:46:26] [220/459] MPDB
[04:46:27] [221/459] KTBH
[04:46:29] [222/459] IDRM
[04:46:30] [223/459] PJJT
[04:46:32] [224/459] PFCV
[04:46:33] [225/459] AACT
[04:46:35] [226/459] AAAD
[04:46:37] [227/459] ANES
[04:46:39] [228/459] MNCA
[04:46:40] [229/459] RMGU
[04:46:41] 🔄 Identity reset
[04:46:41] 🔄 Identity rotated (every 10 requests)
[04:46:41] [230/459] DLCN
[04:46:43] [231/459] LJWT
[04:46:44] [232/459] MCBG
[04:46:46] [233/459] MYBG
[04:46:46] [234/459] GCCA
[04:46:48] [235/459] GCGA
[04:46:49] [236/459] ECGN
[04:46:50] [237/459] PRAB
[04:46:51] [238/459] PNMP
[04:46:53] [239/459] GCPT
[04:46:53] 🔄 Identity reset
[04:46:53] 🔄 Identity rotated (every 10 requests)
[04:46:54] [240/459] ROYN
[04:46:55] [241/459] VATM
[04:46:56] [242/459] KSNT
[04:46:57] [243/459] ACTC
[04:46:58] [244/459] PLTD
[04:47:00] [245/459] SKMK
[04:47:01] [246/459] CMTT
[04:47:02] [247/459] SMXP
[04:47:03] [248/459] SCMX
[04:47:05] [249/459] ACXN
[04:47:05] 🔄 Identity reset
[04:47:05] 🔄 Identity rotated (every 10 requests)
[04:47:06] [250/459] ASWT
[04:47:07] [251/459] VVVL
[04:47:09] [252/459] NAGO
[04:47:10] [253/459] SNCN
[04:47:11] [254/459] MCKP
[04:47:12] [255/459] SAMO
[04:47:13] [256/459] JBTV
[04:47:15] [257/459] DCVV
[04:47:16] [258/459] KMSV
[04:47:18] [259/459] KDCN
[04:47:18] 🔄 Identity reset
[04:47:18] 🔄 Identity rotated (every 10 requests)
[04:47:18] 🔄 Retry 1/5 for KDCN in 2.5s
[04:47:18] 🔄 Identity reset
[04:47:21] 🧠 New identity created
[04:47:21] 🔄 Retry 2/5 for KDCN in 4.5s
[04:47:21] 🔄 Identity reset
[04:47:25] 🧠 New identity created
[04:47:26] [260/459] CNCP
[04:47:27] [261/459] HAMC
[04:47:28] [262/459] CCVZ
[04:47:29] [263/459] NCCK
[04:47:31] [264/459] MCHR
[04:47:32] [265/459] SCHT
[04:47:33] [266/459] ESSH
[04:47:34] [267/459] CUJC
[04:47:35] 🔄 Identity reset
[04:47:35] 🔄 Identity rotated (every 10 requests)
[04:47:36] [268/459] PECP
[04:47:37] [269/459] PMMI
[04:47:39] [270/459] PCCH
[04:47:40] [271/459] PRPM
[04:47:41] [272/459] PVKL
[04:47:43] [273/459] CBSM
[04:47:44] [274/459] PVCZ
[04:47:45] [275/459] PCVV
[04:47:46] [276/459] CTMJ
[04:47:48] [277/459] RCPS
[04:47:48] 🔄 Identity reset
[04:47:48] 🔄 Identity rotated (every 10 requests)
[04:47:49] [278/459] PCIT
[04:47:50] [279/459] FNCH
[04:47:52] [280/459] INZD
[04:47:53] [281/459] INPC
[04:47:54] [282/459] LCZP
[04:47:56] [283/459] SMCB
[04:47:57] [284/459] PTSB
[04:47:58] [285/459] TPSI
[04:47:59] [286/459] KHMJ
[04:48:00] [287/459] RCCJ
[04:48:01] 🔄 Identity reset
[04:48:01] 🔄 Identity rotated (every 10 requests)
[04:48:01] [288/459] NCJA
[04:48:02] [289/459] NCJN
[04:48:03] [290/459] BTDP
[04:48:04] [291/459] PADY
[04:48:05] [292/459] NYBH
[04:48:07] [293/459] MTBR
[04:48:07] [294/459] KRBC
[04:48:08] [295/459] DKTI
[04:48:09] [296/459] ANAN
[04:48:10] [297/459] INBP
[04:48:11] 🔄 Identity reset
[04:48:11] 🔄 Identity rotated (every 10 requests)
[04:48:11] [298/459] PATB
[04:48:13] [299/459] RGNT
[04:48:15] [300/459] CGPM
[04:48:16] [301/459] INTN
[04:48:18] [302/459] MCMP
[04:48:19] [303/459] ASRG
[04:48:21] [304/459] CXJD
[04:48:22] [305/459] SPCP
[04:48:23] [306/459] CSTP
[04:48:24] [307/459] PKVC
[04:48:25] 🔄 Identity reset
[04:48:25] 🔄 Identity rotated (every 10 requests)
[04:48:26] [308/459] ESCP
[04:48:27] [309/459] CAEP
[04:48:29] [310/459] CCSP
[04:48:30] [311/459] KTPC
[04:48:32] [312/459] DACA
[04:48:33] [313/459] NVKY
[04:48:34] [314/459] PTIN
[04:48:36] [315/459] SCIN
[04:48:38] [316/459] MCTY
[04:48:39] [317/459] PCMX
[04:48:39] 🔄 Identity reset
[04:48:39] 🔄 Identity rotated (every 10 requests)
[04:48:40] [318/459] INIC
[04:48:42] [319/459] MMZM
[04:48:43] [320/459] SSLP
[04:48:45] [321/459] DTDT
[04:48:46] [322/459] FFCX
[04:48:47] [323/459] RCMM
[04:48:49] [324/459] KYID
[04:48:50] [325/459] CSCI
[04:48:51] [326/459] FCMC
[04:48:52] [327/459] MMXI
[04:48:53] 🔄 Identity reset
[04:48:53] 🔄 Identity rotated (every 10 requests)
[04:48:54] [328/459] ASTC
[04:48:55] [329/459] CMRA
[04:48:56] [330/459] DICI
[04:48:57] [331/459] KDIN
[04:48:59] [332/459] PRFI
[04:49:01] [333/459] SVFC
[04:49:03] [334/459] UCPL
[04:49:05] [335/459] COOC
[04:49:06] [336/459] SCAL
[04:49:08] [337/459] SVFF
[04:49:09] 🔄 Identity reset
[04:49:09] 🔄 Identity rotated (every 10 requests)
[04:49:10] [338/459] VCMG
[04:49:11] [339/459] UUCT
[04:49:12] [340/459] GCSE
[04:49:14] [341/459] SUSC
[04:49:15] [342/459] MISC
[04:49:16] [343/459] RMBL
[04:49:17] [344/459] CMXN
[04:49:19] [345/459] PVBK
[04:49:20] [346/459] HHCG
[04:49:21] [347/459] SCAG
[04:49:22] 🔄 Identity reset
[04:49:22] 🔄 Identity rotated (every 10 requests)
[04:49:22] [348/459] CNPR
[04:49:24] [349/459] CSER
[04:49:25] [350/459] HLWD
[04:49:27] [351/459] BOLY
[04:49:28] [352/459] SSPG
[04:49:30] [353/459] MUPX
[04:49:31] [354/459] HAMR
[04:49:33] [355/459] SDNC
[04:49:34] [356/459] RTEN
[04:49:36] [357/459] SDTD
[04:49:36] 🔄 Identity reset
[04:49:36] 🔄 Identity rotated (every 10 requests)
[04:49:37] [358/459] KAWS
[04:49:38] [359/459] CMZX
[04:49:39] [360/459] DCDD
[04:49:41] [361/459] ALSN
[04:49:42] [362/459] IMXS
[04:49:44] [363/459] PVFF
[04:49:46] [364/459] PVOO
[04:49:48] [365/459] CFBS
[04:49:49] [366/459] PVER
[04:49:50] [367/459] PPNX
[04:49:51] 🔄 Identity reset
[04:49:51] 🔄 Identity rotated (every 10 requests)
[04:49:52] [368/459] CNRM
[04:49:53] [369/459] PVWW
[04:49:55] [370/459] INMB
[04:49:56] [371/459] CPJR
[04:49:57] [372/459] INRZ
[04:49:59] [373/459] PMSR
[04:50:01] [374/459] GPGM
[04:50:02] [375/459] PGWB
[04:50:06] [376/459] PMBR
[04:50:07] [377/459] GPAM
[04:50:08] 🔄 Identity reset
[04:50:08] 🔄 Identity rotated (every 10 requests)
[04:50:09] [378/459] INBC
[04:50:10] [379/459] PZVK
[04:50:11] [380/459] CPEB
[04:50:12] [381/459] FMLB
[04:50:14] [382/459] INBG
[04:50:15] [383/459] GPBR
[04:50:19] [384/459] PAAS
[04:50:21] [385/459] VTBR
[04:50:22] [386/459] GPMY
[04:50:23] [387/459] GYBU
[04:50:24] 🔄 Identity reset
[04:50:24] 🔄 Identity rotated (every 10 requests)
[04:50:24] [388/459] INBJ
[04:50:25] [389/459] LKTH
[04:50:26] [390/459] NSBR
[04:50:28] [391/459] PDRD
[04:50:29] [392/459] VRBL
[04:50:31] [393/459] VTGB
[04:50:32] [394/459] VTSK
[04:50:33] [395/459] BKDV
[04:50:34] [396/459] SVTB
[04:50:36] [397/459] MLDT
[04:50:37] 🔄 Identity reset
[04:50:37] 🔄 Identity rotated (every 10 requests)
[04:50:37] [398/459] NRBL
[04:50:39] [399/459] SLTR
[04:50:41] [400/459] VNKA
[04:50:43] [401/459] TDCA
[04:50:44] [402/459] INBM
[04:50:46] [403/459] SSNR
[04:50:47] [404/459] BHAC
[04:50:48] [405/459] SDSD
[04:50:50] [406/459] SAMP
[04:50:50] [407/459] RATK
[04:50:51] 🔄 Identity reset
[04:50:51] 🔄 Identity rotated (every 10 requests)
[04:50:51] [408/459] KCBI
[04:50:52] [409/459] URBL
[04:50:54] [410/459] MKBG
[04:50:55] [411/459] ASTB
[04:50:56] [412/459] VBWT
[04:50:57] [413/459] GPSM
[04:50:59] [414/459] ROON
[04:51:00] [415/459] CHTH
[04:51:01] [416/459] SSPA
[04:51:03] [417/459] ANBL
[04:51:03] 🔄 Identity reset
[04:51:03] 🔄 Identity rotated (every 10 requests)
[04:51:04] [418/459] VTBE
[04:51:06] [419/459] SVKT
[04:51:07] [420/459] SVYK
[04:51:08] [421/459] PTBK
[04:51:09] [422/459] RKTB
[04:51:10] [423/459] BALT
[04:51:11] [424/459] STSV
[04:51:13] [425/459] VCCB
[04:51:13] [426/459] SLTB
[04:51:14] [427/459] SBCR
[04:51:15] 🔄 Identity reset
[04:51:15] 🔄 Identity rotated (every 10 requests)
[04:51:15] [428/459] VDCS
[04:51:17] [429/459] MDKI
[04:51:18] [430/459] SMRN
[04:51:20] [431/459] PTBC
[04:51:21] [432/459] RADI
[04:51:22] [433/459] ADCR
[04:51:24] [434/459] SDCS
[04:51:25] [435/459] SRPJ
[04:51:27] [436/459] ARTS
[04:51:28] [437/459] SRHK
[04:51:29] 🔄 Identity reset
[04:51:29] 🔄 Identity rotated (every 10 requests)
[04:51:29] [438/459] SPAY
[04:51:30] [439/459] GPTB
[04:51:31] [440/459] SNNN
[04:51:33] [441/459] BALJ
[04:51:34] [442/459] TRIG
[04:51:36] [443/459] GTYT
[04:51:37] [444/459] ATGN
[04:51:38] [445/459] ANTE
[04:51:39] [446/459] BDCG
[04:51:40] [447/459] VECI
[04:51:41] 🔄 Identity reset
[04:51:41] 🔄 Identity rotated (every 10 requests)
[04:51:41] [448/459] SCPR
[04:51:42] [449/459] RTEA
[04:51:43] [450/459] JSAI
[04:51:44] [451/459] VJTP
[04:51:45] [452/459] GNDS
[04:51:45] [453/459] PAXA
[04:51:46] [454/459] CGGM
[04:51:47] [455/459] ACKZ
[04:51:49] [456/459] EMCC
[04:51:50] [457/459] KLSK
[04:51:51] 🔄 Identity reset
[04:51:51] 🔄 Identity rotated (every 10 requests)
[04:51:51] [458/459] AVCK
[04:51:52] [459/459] JTCK
[04:51:53] 🧹 Deduping shows
[04:51:53] ✅ DONE | Shows=483 | Movies=37
[21:41:22] 🚀 SCRIPT STARTED (enhanced anti‑detection)
[21:41:22] [1/459] NECA
[21:41:23] 🧠 New identity created
[21:41:23] [2/459] BJLC
[21:41:24] [3/459] BASU
[21:41:25] [4/459] RUPI
[21:41:26] [5/459] LCBK
[21:41:28] [6/459] PMAC
[21:41:29] [7/459] AMLC
[21:41:30] [8/459] LICL
[21:41:32] [9/459] UDMM
[21:41:32] [10/459] STBZ
[21:41:33] 🔄 Identity reset
[21:41:33] 🔄 Identity rotated (every 10 requests)
[21:41:34] [11/459] UUBT
[21:41:36] [12/459] SJKC
[21:41:37] [13/459] TUAL
[21:41:38] [14/459] MRSE
[21:41:39] [15/459] RMRK
[21:41:40] [16/459] TTKP
[21:41:40] [17/459] KTKO
[21:41:41] [18/459] SDBK
[21:41:42] [19/459] MCPR
[21:41:43] [20/459] CHTI
[21:41:44] 🔄 Identity reset
[21:41:44] 🔄 Identity rotated (every 10 requests)
[21:41:44] [21/459] GCCP
[21:41:45] [22/459] SRMY
[21:41:46] [23/459] NYST
[21:41:47] [24/459] NYAG
[21:41:48] [25/459] SBMT
[21:41:49] [26/459] INGA
[21:41:50] [27/459] WSIC
[21:41:51] [28/459] SCSS
[21:41:52] [29/459] COPG
[21:41:53] [30/459] RCGR
[21:41:53] 🔄 Identity reset
[21:41:53] 🔄 Identity rotated (every 10 requests)
[21:41:54] [31/459] TCZA
[21:41:55] [32/459] CNLP
[21:41:57] [33/459] CLKN
[21:41:59] [34/459] LHDF
[21:42:00] [35/459] ELKC
[21:42:01] [36/459] VCEM
[21:42:02] [37/459] SSZA
[21:42:02] [38/459] KRMT
[21:42:03] [39/459] LCMV
[21:42:04] [40/459] AYCZ
[21:42:05] 🔄 Identity reset
[21:42:05] 🔄 Identity rotated (every 10 requests)
[21:42:05] [41/459] CUMS
[21:42:06] [42/459] BOCK
[21:42:07] [43/459] PNMR
[21:42:08] [44/459] PJCP
[21:42:09] [45/459] JDDD
[21:42:10] [46/459] STMS
[21:42:11] [47/459] FLMB
[21:42:12] [48/459] PKCM
[21:42:13] [49/459] SPPR
[21:42:14] [50/459] EYLH
[21:42:15] 🔄 Identity reset
[21:42:15] 🔄 Identity rotated (every 10 requests)
[21:42:15] [51/459] RJCC
[21:42:16] [52/459] MMPS
[21:42:18] [53/459] SHMX
[21:42:19] [54/459] CCNL
[21:42:20] [55/459] RCNV
[21:42:21] [56/459] MAAG
[21:42:22] [57/459] LXCM
[21:42:23] [58/459] RCNI
[21:42:23] [59/459] SNNI
[21:42:24] [60/459] LALC
[21:42:25] 🔄 Identity reset
[21:42:25] 🔄 Identity rotated (every 10 requests)
[21:42:25] [61/459] SOCN
[21:42:26] [62/459] JHTP
[21:42:27] [63/459] PITP
[21:42:28] [64/459] CCKW
[21:42:29] [65/459] MCMC
[21:42:30] [66/459] DEES
[21:42:31] [67/459] SABT
[21:42:32] [68/459] VSPP
[21:42:33] [69/459] ABCT
[21:42:34] [70/459] JVTB
[21:42:34] 🔄 Identity reset
[21:42:34] 🔄 Identity rotated (every 10 requests)
[21:42:35] [71/459] VCBD
[21:42:36] [72/459] RMGG
[21:42:37] [73/459] RNMH
[21:42:38] [74/459] SPGL
[21:42:39] [75/459] JTTR
[21:42:40] [76/459] SICS
[21:42:41] [77/459] SRMI
[21:42:42] [78/459] SSIJ
[21:42:43] [79/459] KFMT
[21:42:44] [80/459] VBIT
[21:42:44] 🔄 Identity reset
[21:42:44] 🔄 Identity rotated (every 10 requests)
[21:42:45] [81/459] JKCT
[21:42:46] [82/459] GCGP
[21:42:47] [83/459] GDCS
[21:42:48] [84/459] TRBA
[21:42:49] [85/459] QUST
[21:42:50] [86/459] VSHM
[21:42:51] [87/459] SDCP
[21:42:52] [88/459] SNVS
[21:42:53] [89/459] NYTO
[21:42:54] [90/459] URWC
[21:42:55] 🔄 Identity reset
[21:42:55] 🔄 Identity rotated (every 10 requests)
[21:42:55] [91/459] GTWH
[21:42:56] [92/459] PFCM
[21:42:57] [93/459] KRTA
[21:42:58] [94/459] AXMC
[21:43:00] [95/459] EVMC
[21:43:01] [96/459] HGSM
[21:43:02] [97/459] ACVM
[21:43:03] [98/459] PSKL
[21:43:04] [99/459] RDMP
[21:43:06] [100/459] RHGH
[21:43:06] 🔄 Identity reset
[21:43:06] 🔄 Identity rotated (every 10 requests)
[21:43:07] [101/459] OMCM
[21:43:08] [102/459] DCCP
[21:43:09] [103/459] MCPB
[21:43:11] [104/459] ALCI
[21:43:13] [105/459] BLMX
[21:43:14] [106/459] BTMV
[21:43:15] [107/459] FVPN
[21:43:16] [108/459] CMAR
[21:43:16] [109/459] CEIM
[21:43:18] [110/459] CMVA
[21:43:19] 🔄 Identity reset
[21:43:19] 🔄 Identity rotated (every 10 requests)
[21:43:19] [111/459] CPIV
[21:43:20] [112/459] CNPE
[21:43:21] [113/459] COLV
[21:43:22] [114/459] DNNV
[21:43:24] [115/459] HCAD
[21:43:25] [116/459] TAKA
[21:43:26] [117/459] INVD
[21:43:27] [118/459] IRMM
[21:43:28] [119/459] INSE
[21:43:30] [120/459] MRSW
[21:43:30] 🔄 Identity reset
[21:43:30] 🔄 Identity rotated (every 10 requests)
[21:43:31] [121/459] MCVD
[21:43:32] [122/459] MCSO
[21:43:32] [123/459] PEVM
[21:43:34] [124/459] PVNL
[21:43:35] [125/459] PTCV
[21:43:35] [126/459] PRTC
[21:43:36] [127/459] RCVA
[21:43:37] [128/459] MTBN
[21:43:38] [129/459] LUCP
[21:43:39] [130/459] FMPT
[21:43:40] 🔄 Identity reset
[21:43:40] 🔄 Identity rotated (every 10 requests)
[21:43:40] [131/459] JLSL
[21:43:41] [132/459] SBHA
[21:43:42] [133/459] SHRC
[21:43:44] [134/459] AVPS
[21:43:45] [135/459] STPM
[21:43:46] [136/459] ATRD
[21:43:47] [137/459] VTED
[21:43:48] [138/459] ACAI
[21:43:49] [139/459] SMAE
[21:43:51] [140/459] VMAT
[21:43:52] 🔄 Identity reset
[21:43:52] 🔄 Identity rotated (every 10 requests)
[21:43:53] [141/459] LKCT
[21:43:54] [142/459] JTVK
[21:43:54] [143/459] PRTY
[21:43:55] [144/459] GETT
[21:43:56] [145/459] ESAP
[21:43:57] [146/459] NCPM
[21:43:58] [147/459] PCPA
[21:43:59] [148/459] MMOM
[21:44:00] [149/459] PHUP
[21:44:01] [150/459] CCPI
[21:44:02] 🔄 Identity reset
[21:44:02] 🔄 Identity rotated (every 10 requests)
[21:44:02] [151/459] CNTD
[21:44:03] [152/459] NLJR
[21:44:04] [153/459] SRNG
[21:44:05] [154/459] MHAL
[21:44:06] [155/459] PNSM
[21:44:07] [156/459] DRMY
[21:44:09] [157/459] CCMU
[21:44:10] [158/459] SCMY
[21:44:11] [159/459] PVSY
[21:44:12] [160/459] SDLM
[21:44:12] 🔄 Identity reset
[21:44:12] 🔄 Identity rotated (every 10 requests)
[21:44:13] [161/459] ICCM
[21:44:14] [162/459] PYSU
[21:44:15] [163/459] GATM
[21:44:17] [164/459] WOTM
[21:44:18] [165/459] RKTS
[21:44:19] [166/459] PMTY
[21:44:20] [167/459] LYMS
[21:44:22] [168/459] TGCA
[21:44:22] [169/459] DSTA
[21:44:23] [170/459] CNGE
[21:44:24] 🔄 Identity reset
[21:44:24] 🔄 Identity rotated (every 10 requests)
[21:44:24] [171/459] VSTG
[21:44:26] [172/459] GTCK
[21:44:27] [173/459] TGNT
[21:44:28] [174/459] ASLC
[21:44:29] [175/459] SSST
[21:44:30] [176/459] KBTT
[21:44:31] [177/459] HKCP
[21:44:32] [178/459] SWLC
[21:44:32] [179/459] RTND
[21:44:33] [180/459] PKKT
[21:44:34] 🔄 Identity reset
[21:44:34] 🔄 Identity rotated (every 10 requests)
[21:44:34] [181/459] HSTK
[21:44:36] [182/459] SPTT
[21:44:37] [183/459] IMPM
[21:44:38] [184/459] SCMV
[21:44:39] [185/459] SPCT
[21:44:40] [186/459] JBCA
[21:44:41] [187/459] ATTR
[21:44:42] [188/459] SPMT
[21:44:43] [189/459] LCTM
[21:44:44] [190/459] SCVL
[21:44:44] 🔄 Identity reset
[21:44:44] 🔄 Identity rotated (every 10 requests)
[21:44:45] [191/459] SCVT
[21:44:45] [192/459] KRIC
[21:44:46] [193/459] CTMG
[21:44:47] [194/459] ACNC
[21:44:48] [195/459] DMCK
[21:44:50] [196/459] KMTV
[21:44:50] [197/459] PFCJ
[21:44:51] [198/459] VNMD
[21:44:52] [199/459] VPCZ
[21:44:53] [200/459] SRYR
[21:44:54] 🔄 Identity reset
[21:44:54] 🔄 Identity rotated (every 10 requests)
[21:44:54] [201/459] SYTR
[21:44:55] [202/459] GATR
[21:44:56] [203/459] URTR
[21:44:57] [204/459] MKSM
[21:44:58] [205/459] VSMH
[21:44:59] [206/459] SKRJ
[21:45:00] [207/459] SSJR
[21:45:01] [208/459] SVSM
[21:45:02] [209/459] RUCM
[21:45:03] [210/459] PRKN
[21:45:04] 🔄 Identity reset
[21:45:04] 🔄 Identity rotated (every 10 requests)
[21:45:04] [211/459] RROH
[21:45:05] [212/459] SCTN
[21:45:06] [213/459] RTDM
[21:45:07] [214/459] ASRM
[21:45:08] [215/459] SKMD
[21:45:09] [216/459] SUTD
[21:45:10] [217/459] SADM
[21:45:10] [218/459] WCNR
[21:45:12] [219/459] CNED
[21:45:13] [220/459] MPDB
[21:45:14] 🔄 Identity reset
[21:45:14] 🔄 Identity rotated (every 10 requests)
[21:45:15] [221/459] KTBH
[21:45:16] [222/459] IDRM
[21:45:17] [223/459] PJJT
[21:45:18] [224/459] PFCV
[21:45:19] [225/459] AACT
[21:45:20] [226/459] AAAD
[21:45:21] [227/459] ANES
[21:45:22] [228/459] MNCA
[21:45:23] [229/459] RMGU
[21:45:24] [230/459] DLCN
[21:45:24] 🔄 Identity reset
[21:45:24] 🔄 Identity rotated (every 10 requests)
[21:45:25] [231/459] LJWT
[21:45:27] [232/459] MCBG
[21:45:28] [233/459] MYBG
[21:45:29] [234/459] GCCA
[21:45:30] [235/459] GCGA
[21:45:31] [236/459] ECGN
[21:45:31] [237/459] PRAB
[21:45:33] [238/459] PNMP
[21:45:34] [239/459] GCPT
[21:45:35] [240/459] ROYN
[21:45:35] 🔄 Identity reset
[21:45:35] 🔄 Identity rotated (every 10 requests)
[21:45:36] [241/459] VATM
[21:45:37] [242/459] KSNT
[21:45:38] [243/459] ACTC
[21:45:39] [244/459] PLTD
[21:45:40] [245/459] SKMK
[21:45:41] [246/459] CMTT
[21:45:42] [247/459] SMXP
[21:45:42] [248/459] SCMX
[21:45:43] [249/459] ACXN
[21:45:44] [250/459] ASWT
[21:45:45] 🔄 Identity reset
[21:45:45] 🔄 Identity rotated (every 10 requests)
[21:45:46] [251/459] VVVL
[21:45:47] [252/459] NAGO
[21:45:48] [253/459] SNCN
[21:45:49] [254/459] MCKP
[21:45:50] [255/459] SAMO
[21:45:51] [256/459] JBTV
[21:45:52] [257/459] DCVV
[21:45:53] [258/459] KMSV
[21:45:54] [259/459] KDCN
[21:45:56] [260/459] CNCP
[21:45:56] 🔄 Identity reset
[21:45:56] 🔄 Identity rotated (every 10 requests)
[21:45:57] [261/459] HAMC
[21:45:59] [262/459] CCVZ
[21:46:00] [263/459] NCCK
[21:46:00] [264/459] MCHR
[21:46:02] [265/459] SCHT
[21:46:03] [266/459] ESSH
[21:46:04] [267/459] CUJC
[21:46:05] [268/459] PECP
[21:46:06] [269/459] PMMI
[21:46:07] [270/459] PCCH
[21:46:08] 🔄 Identity reset
[21:46:08] 🔄 Identity rotated (every 10 requests)
[21:46:08] [271/459] PRPM
[21:46:09] [272/459] PVKL
[21:46:10] [273/459] CBSM
[21:46:11] [274/459] PVCZ
[21:46:12] [275/459] PCVV
[21:46:12] [276/459] CTMJ
[21:46:13] [277/459] RCPS
[21:46:14] [278/459] PCIT
[21:46:15] [279/459] FNCH
[21:46:16] [280/459] INZD
[21:46:17] 🔄 Identity reset
[21:46:17] 🔄 Identity rotated (every 10 requests)
[21:46:18] [281/459] INPC
[21:46:19] [282/459] LCZP
[21:46:20] [283/459] SMCB
[21:46:21] [284/459] PTSB
[21:46:21] [285/459] TPSI
[21:46:22] [286/459] KHMJ
[21:46:23] [287/459] RCCJ
[21:46:24] [288/459] NCJA
[21:46:25] [289/459] NCJN
[21:46:26] [290/459] BTDP
[21:46:27] 🔄 Identity reset
[21:46:27] 🔄 Identity rotated (every 10 requests)
[21:46:28] [291/459] PADY
[21:46:29] [292/459] NYBH
[21:46:30] [293/459] MTBR
[21:46:30] [294/459] KRBC
[21:46:31] [295/459] DKTI
[21:46:32] [296/459] ANAN
[21:46:33] [297/459] INBP
[21:46:35] [298/459] PATB
[21:46:36] [299/459] RGNT
[21:46:36] [300/459] CGPM
[21:46:37] 🔄 Identity reset
[21:46:37] 🔄 Identity rotated (every 10 requests)
[21:46:38] [301/459] INTN
[21:46:39] [302/459] MCMP
[21:46:40] [303/459] ASRG
[21:46:41] [304/459] CXJD
[21:46:42] [305/459] SPCP
[21:46:43] [306/459] CSTP
[21:46:44] [307/459] PKVC
[21:46:45] [308/459] ESCP
[21:46:46] [309/459] CAEP
[21:46:47] [310/459] CCSP
[21:46:48] 🔄 Identity reset
[21:46:48] 🔄 Identity rotated (every 10 requests)
[21:46:48] 🔄 Retry 1/5 for CCSP in 2.6s
[21:46:48] 🔄 Identity reset
[21:46:50] 🧠 New identity created
[21:46:51] [311/459] KTPC
[21:46:52] [312/459] DACA
[21:46:52] [313/459] NVKY
[21:46:53] [314/459] PTIN
[21:46:54] [315/459] SCIN
[21:46:55] [316/459] MCTY
[21:46:56] [317/459] PCMX
[21:46:57] [318/459] INIC
[21:46:58] [319/459] MMZM
[21:46:59] 🔄 Identity reset
[21:46:59] 🔄 Identity rotated (every 10 requests)
[21:46:59] [320/459] SSLP
[21:47:00] [321/459] DTDT
[21:47:01] [322/459] FFCX
[21:47:02] [323/459] RCMM
[21:47:03] [324/459] KYID
[21:47:04] [325/459] CSCI
[21:47:06] [326/459] FCMC
[21:47:07] [327/459] MMXI
[21:47:08] [328/459] ASTC
[21:47:09] [329/459] CMRA
[21:47:09] 🔄 Identity reset
[21:47:09] 🔄 Identity rotated (every 10 requests)
[21:47:10] [330/459] DICI
[21:47:11] [331/459] KDIN
[21:47:12] [332/459] PRFI
[21:47:13] [333/459] SVFC
[21:47:14] [334/459] UCPL
[21:47:15] [335/459] COOC
[21:47:16] [336/459] SCAL
[21:47:17] [337/459] SVFF
[21:47:19] [338/459] VCMG
[21:47:21] [339/459] UUCT
[21:47:21] 🔄 Identity reset
[21:47:21] 🔄 Identity rotated (every 10 requests)
[21:47:22] [340/459] GCSE
[21:47:23] [341/459] SUSC
[21:47:23] [342/459] MISC
[21:47:24] [343/459] RMBL
[21:47:25] [344/459] CMXN
[21:47:26] [345/459] PVBK
[21:47:28] [346/459] HHCG
[21:47:29] [347/459] SCAG
[21:47:30] [348/459] CNPR
[21:47:31] [349/459] CSER
[21:47:32] 🔄 Identity reset
[21:47:32] 🔄 Identity rotated (every 10 requests)
[21:47:32] [350/459] HLWD
[21:47:33] [351/459] BOLY
[21:47:34] [352/459] SSPG
[21:47:36] [353/459] MUPX
[21:47:37] [354/459] HAMR
[21:47:38] [355/459] SDNC
[21:47:40] [356/459] RTEN
[21:47:41] [357/459] SDTD
[21:47:42] [358/459] KAWS
[21:47:43] [359/459] CMZX
[21:47:43] 🔄 Identity reset
[21:47:43] 🔄 Identity rotated (every 10 requests)
[21:47:44] [360/459] DCDD
[21:47:45] [361/459] ALSN
[21:47:46] [362/459] IMXS
[21:47:46] [363/459] PVFF
[21:47:47] [364/459] PVOO
[21:47:48] [365/459] CFBS
[21:47:49] [366/459] PVER
[21:47:50] [367/459] PPNX
[21:47:52] [368/459] CNRM
[21:47:53] [369/459] PVWW
[21:47:54] 🔄 Identity reset
[21:47:54] 🔄 Identity rotated (every 10 requests)
[21:47:54] [370/459] INMB
[21:47:56] [371/459] CPJR
[21:47:58] [372/459] INRZ
[21:47:58] [373/459] PMSR
[21:48:00] [374/459] GPGM
[21:48:00] [375/459] PGWB
[21:48:01] [376/459] PMBR
[21:48:03] [377/459] GPAM
[21:48:04] [378/459] INBC
[21:48:05] [379/459] PZVK
[21:48:06] 🔄 Identity reset
[21:48:06] 🔄 Identity rotated (every 10 requests)
[21:48:06] [380/459] CPEB
[21:48:07] [381/459] FMLB
[21:48:09] [382/459] INBG
[21:48:10] [383/459] GPBR
[21:48:11] [384/459] PAAS
[21:48:12] [385/459] VTBR
[21:48:13] [386/459] GPMY
[21:48:14] [387/459] GYBU
[21:48:16] [388/459] INBJ
[21:48:17] [389/459] LKTH
[21:48:18] 🔄 Identity reset
[21:48:18] 🔄 Identity rotated (every 10 requests)
[21:48:18] [390/459] NSBR
[21:48:19] [391/459] PDRD
[21:48:20] [392/459] VRBL
[21:48:21] [393/459] VTGB
[21:48:22] [394/459] VTSK
[21:48:22] [395/459] BKDV
[21:48:23] [396/459] SVTB
[21:48:24] [397/459] MLDT
[21:48:25] [398/459] NRBL
[21:48:26] [399/459] SLTR
[21:48:27] 🔄 Identity reset
[21:48:27] 🔄 Identity rotated (every 10 requests)
[21:48:27] [400/459] VNKA
[21:48:28] [401/459] TDCA
[21:48:30] [402/459] INBM
[21:48:31] [403/459] SSNR
[21:48:32] [404/459] BHAC
[21:48:33] [405/459] SDSD
[21:48:33] [406/459] SAMP
[21:48:34] [407/459] RATK
[21:48:35] [408/459] KCBI
[21:48:36] [409/459] URBL
[21:48:37] 🔄 Identity reset
[21:48:37] 🔄 Identity rotated (every 10 requests)
[21:48:37] [410/459] MKBG
[21:48:38] [411/459] ASTB
[21:48:39] [412/459] VBWT
[21:48:40] [413/459] GPSM
[21:48:41] [414/459] ROON
[21:48:42] [415/459] CHTH
[21:48:43] [416/459] SSPA
[21:48:44] [417/459] ANBL
[21:48:46] [418/459] VTBE
[21:48:47] [419/459] SVKT
[21:48:48] 🔄 Identity reset
[21:48:48] 🔄 Identity rotated (every 10 requests)
[21:48:48] [420/459] SVYK
[21:48:49] [421/459] PTBK
[21:48:50] [422/459] RKTB
[21:48:51] [423/459] BALT
[21:48:52] [424/459] STSV
[21:48:53] [425/459] VCCB
[21:48:55] [426/459] SLTB
[21:48:56] [427/459] SBCR
[21:48:57] [428/459] VDCS
[21:48:57] [429/459] MDKI
[21:48:58] 🔄 Identity reset
[21:48:58] 🔄 Identity rotated (every 10 requests)
[21:48:59] [430/459] SMRN
[21:48:59] [431/459] PTBC
[21:49:01] [432/459] RADI
[21:49:02] [433/459] ADCR
[21:49:03] [434/459] SDCS
[21:49:04] [435/459] SRPJ
[21:49:05] [436/459] ARTS
[21:49:05] [437/459] SRHK
[21:49:06] [438/459] SPAY
[21:49:07] [439/459] GPTB
[21:49:08] 🔄 Identity reset
[21:49:08] 🔄 Identity rotated (every 10 requests)
[21:49:08] [440/459] SNNN
[21:49:10] [441/459] BALJ
[21:49:12] [442/459] TRIG
[21:49:13] [443/459] GTYT
[21:49:14] [444/459] ATGN
[21:49:16] [445/459] ANTE
[21:49:17] [446/459] BDCG
[21:49:18] [447/459] VECI
[21:49:19] [448/459] SCPR
[21:49:19] [449/459] RTEA
[21:49:20] 🔄 Identity reset
[21:49:20] 🔄 Identity rotated (every 10 requests)
[21:49:20] [450/459] JSAI
[21:49:21] [451/459] VJTP
[21:49:22] [452/459] GNDS
[21:49:23] [453/459] PAXA
[21:49:24] [454/459] CGGM
[21:49:25] [455/459] ACKZ
[21:49:26] [456/459] EMCC
[21:49:27] [457/459] KLSK
[21:49:28] [458/459] AVCK
[21:49:30] [459/459] JTCK
[21:49:30] 🔄 Identity reset
[21:49:30] 🔄 Identity rotated (every 10 requests)
[21:49:31] 🧹 Deduping shows
[21:49:31] ✅ DONE | Shows=536 | Movies=39
[04:28:02] 🚀 SCRIPT STARTED (enhanced anti‑detection)
[04:28:02] [1/459] NECA
[04:28:03] 🧠 New identity created
[04:28:03] 🔄 Retry 1/5 for NECA in 2.9s
[04:28:03] 🔄 Identity reset
[04:28:06] 🧠 New identity created
[04:28:06] [2/459] BJLC
[04:28:07] [3/459] BASU
[04:28:08] [4/459] RUPI
[04:28:09] [5/459] LCBK
[04:28:10] [6/459] PMAC
[04:28:11] [7/459] AMLC
[04:28:13] [8/459] LICL
[04:28:14] [9/459] UDMM
[04:28:15] 🔄 Identity reset
[04:28:15] 🔄 Identity rotated (every 10 requests)
[04:28:15] [10/459] STBZ
[04:28:16] [11/459] UUBT
[04:28:17] [12/459] SJKC
[04:28:19] [13/459] TUAL
[04:28:20] [14/459] MRSE
[04:28:21] [15/459] RMRK
[04:28:23] [16/459] TTKP
[04:28:24] [17/459] KTKO
[04:28:25] [18/459] SDBK
[04:28:26] [19/459] MCPR
[04:28:27] 🔄 Identity reset
[04:28:27] 🔄 Identity rotated (every 10 requests)
[04:28:27] [20/459] CHTI
[04:28:28] [21/459] GCCP
[04:28:29] [22/459] SRMY
[04:28:30] [23/459] NYST
[04:28:31] [24/459] NYAG
[04:28:32] [25/459] SBMT
[04:28:34] [26/459] INGA
[04:28:35] [27/459] WSIC
[04:28:35] [28/459] SCSS
[04:28:36] [29/459] COPG
[04:28:37] 🔄 Identity reset
[04:28:37] 🔄 Identity rotated (every 10 requests)
[04:28:37] 🔄 Retry 1/5 for COPG in 2.7s
[04:28:37] 🔄 Identity reset
[04:28:39] 🧠 New identity created
[04:28:40] [30/459] RCGR
[04:28:41] [31/459] TCZA
[04:28:41] [32/459] CNLP
[04:28:43] [33/459] CLKN
[04:28:44] [34/459] LHDF
[04:28:44] [35/459] ELKC
[04:28:46] [36/459] VCEM
[04:28:47] [37/459] SSZA
[04:28:49] [38/459] KRMT
[04:28:49] 🔄 Identity reset
[04:28:49] 🔄 Identity rotated (every 10 requests)
[04:28:49] [39/459] LCMV
[04:28:51] [40/459] AYCZ
[04:28:52] [41/459] CUMS
[04:28:53] [42/459] BOCK
[04:28:55] [43/459] PNMR
[04:28:56] [44/459] PJCP
[04:28:57] [45/459] JDDD
[04:28:59] [46/459] STMS
[04:29:00] [47/459] FLMB
[04:29:01] [48/459] PKCM
[04:29:01] 🔄 Identity reset
[04:29:01] 🔄 Identity rotated (every 10 requests)
[04:29:01] 🔄 Retry 1/5 for PKCM in 2.5s
[04:29:01] 🔄 Identity reset
[04:29:04] 🧠 New identity created
[04:29:04] [49/459] SPPR
[04:29:05] [50/459] EYLH
[04:29:06] [51/459] RJCC
[04:29:07] [52/459] MMPS
[04:29:08] [53/459] SHMX
[04:29:09] [54/459] CCNL
[04:29:10] [55/459] RCNV
[04:29:12] [56/459] MAAG
[04:29:13] [57/459] LXCM
[04:29:14] 🔄 Identity reset
[04:29:14] 🔄 Identity rotated (every 10 requests)
[04:29:14] 🔄 Retry 1/5 for LXCM in 2.3s
[04:29:14] 🔄 Identity reset
[04:29:16] 🧠 New identity created
[04:29:16] 🔄 Retry 2/5 for LXCM in 4.1s
[04:29:16] 🔄 Identity reset
[04:29:20] 🧠 New identity created
[04:29:21] [58/459] RCNI
[04:29:21] [59/459] SNNI
[04:29:22] [60/459] LALC
[04:29:23] [61/459] SOCN
[04:29:24] [62/459] JHTP
[04:29:25] [63/459] PITP
[04:29:26] [64/459] CCKW
[04:29:27] [65/459] MCMC
[04:29:28] 🔄 Identity reset
[04:29:28] 🔄 Identity rotated (every 10 requests)
[04:29:28] 🔄 Retry 1/5 for MCMC in 2.2s
[04:29:28] 🔄 Identity reset
[04:29:30] 🧠 New identity created
[04:29:30] [66/459] DEES
[04:29:31] [67/459] SABT
[04:29:33] [68/459] VSPP
[04:29:34] [69/459] ABCT
[04:29:35] [70/459] JVTB
[04:29:36] [71/459] VCBD
[04:29:37] [72/459] RMGG
[04:29:37] [73/459] RNMH
[04:29:38] [74/459] SPGL
[04:29:39] 🔄 Identity reset
[04:29:39] 🔄 Identity rotated (every 10 requests)
[04:29:39] 🔄 Retry 1/5 for SPGL in 2.1s
[04:29:39] 🔄 Identity reset
[04:29:41] 🧠 New identity created
[04:29:41] 🔄 Retry 2/5 for SPGL in 4.8s
[04:29:41] 🔄 Identity reset
[04:29:46] 🧠 New identity created
[04:29:47] [75/459] JTTR
[04:29:48] [76/459] SICS
[04:29:49] [77/459] SRMI
[04:29:50] [78/459] SSIJ
[04:29:51] [79/459] KFMT
[04:29:52] [80/459] VBIT
[04:29:53] [81/459] JKCT
[04:29:53] [82/459] GCGP
[04:29:54] 🔄 Identity reset
[04:29:54] 🔄 Identity rotated (every 10 requests)
[04:29:54] 🔄 Retry 1/5 for GCGP in 3.0s
[04:29:54] 🔄 Identity reset
[04:29:57] 🧠 New identity created
[04:29:57] [83/459] GDCS
[04:29:59] [84/459] TRBA
[04:30:00] [85/459] QUST
[04:30:02] [86/459] VSHM
[04:30:02] [87/459] SDCP
[04:30:04] [88/459] SNVS
[04:30:05] [89/459] NYTO
[04:30:07] [90/459] URWC
[04:30:08] [91/459] GTWH
[04:30:08] 🔄 Identity reset
[04:30:08] 🔄 Identity rotated (every 10 requests)
[04:30:08] [92/459] PFCM
[04:30:09] [93/459] KRTA
[04:30:10] [94/459] AXMC
[04:30:12] [95/459] EVMC
[04:30:13] [96/459] HGSM
[04:30:14] [97/459] ACVM
[04:30:15] [98/459] PSKL
[04:30:17] [99/459] RDMP
[04:30:17] [100/459] RHGH
[04:30:18] [101/459] OMCM
[04:30:19] 🔄 Identity reset
[04:30:19] 🔄 Identity rotated (every 10 requests)
[04:30:19] [102/459] DCCP
[04:30:21] [103/459] MCPB
[04:30:22] [104/459] ALCI
[04:30:23] [105/459] BLMX
[04:30:24] [106/459] BTMV
[04:30:26] [107/459] FVPN
[04:30:27] [108/459] CMAR
[04:30:29] [109/459] CEIM
[04:30:29] [110/459] CMVA
[04:30:30] [111/459] CPIV
[04:30:31] 🔄 Identity reset
[04:30:31] 🔄 Identity rotated (every 10 requests)
[04:30:31] [112/459] CNPE
[04:30:32] [113/459] COLV
[04:30:33] [114/459] DNNV
[04:30:35] [115/459] HCAD
[04:30:35] [116/459] TAKA
[04:30:37] [117/459] INVD
[04:30:38] [118/459] IRMM
[04:30:39] [119/459] INSE
[04:30:40] [120/459] MRSW
[04:30:41] [121/459] MCVD
[04:30:41] 🔄 Identity reset
[04:30:41] 🔄 Identity rotated (every 10 requests)
[04:30:42] [122/459] MCSO
[04:30:44] [123/459] PEVM
[04:30:45] [124/459] PVNL
[04:30:46] [125/459] PTCV
[04:30:47] [126/459] PRTC
[04:30:48] [127/459] RCVA
[04:30:50] [128/459] MTBN
[04:30:52] [129/459] LUCP
[04:30:53] [130/459] FMPT
[04:30:54] [131/459] JLSL
[04:30:55] 🔄 Identity reset
[04:30:55] 🔄 Identity rotated (every 10 requests)
[04:30:55] [132/459] SBHA
[04:30:56] [133/459] SHRC
[04:30:58] [134/459] AVPS
[04:30:58] [135/459] STPM
[04:30:59] [136/459] ATRD
[04:31:00] [137/459] VTED
[04:31:02] [138/459] ACAI
[04:31:03] [139/459] SMAE
[04:31:04] [140/459] VMAT
[04:31:05] [141/459] LKCT
[04:31:06] 🔄 Identity reset
[04:31:06] 🔄 Identity rotated (every 10 requests)
[04:31:06] [142/459] JTVK
[04:31:07] [143/459] PRTY
[04:31:08] [144/459] GETT
[04:31:09] [145/459] ESAP
[04:31:10] [146/459] NCPM
[04:31:11] [147/459] PCPA
[04:31:12] [148/459] MMOM
[04:31:13] [149/459] PHUP
[04:31:14] [150/459] CCPI
[04:31:15] [151/459] CNTD
[04:31:16] 🔄 Identity reset
[04:31:16] 🔄 Identity rotated (every 10 requests)
[04:31:16] [152/459] NLJR
[04:31:18] [153/459] SRNG
[04:31:19] [154/459] MHAL
[04:31:20] [155/459] PNSM
[04:31:20] [156/459] DRMY
[04:31:22] [157/459] CCMU
[04:31:24] [158/459] SCMY
[04:31:25] [159/459] PVSY
[04:31:26] [160/459] SDLM
[04:31:28] [161/459] ICCM
[04:31:28] 🔄 Identity reset
[04:31:28] 🔄 Identity rotated (every 10 requests)
[04:31:30] [162/459] PYSU
[04:31:31] [163/459] GATM
[04:31:32] [164/459] WOTM
[04:31:33] [165/459] RKTS
[04:31:34] [166/459] PMTY
[04:31:36] [167/459] LYMS
[04:31:37] [168/459] TGCA
[04:31:38] [169/459] DSTA
[04:31:38] [170/459] CNGE
[04:31:39] [171/459] VSTG
[04:31:40] 🔄 Identity reset
[04:31:40] 🔄 Identity rotated (every 10 requests)
[04:31:40] [172/459] GTCK
[04:31:41] [173/459] TGNT
[04:31:42] [174/459] ASLC
[04:31:43] [175/459] SSST
[04:31:44] [176/459] KBTT
[04:31:45] [177/459] HKCP
[04:31:47] [178/459] SWLC
[04:31:49] [179/459] RTND
[04:31:50] [180/459] PKKT
[04:31:51] [181/459] HSTK
[04:31:52] 🔄 Identity reset
[04:31:52] 🔄 Identity rotated (every 10 requests)
[04:31:52] [182/459] SPTT
[04:31:53] [183/459] IMPM
[04:31:54] [184/459] SCMV
[04:31:54] [185/459] SPCT
[04:31:55] [186/459] JBCA
[04:31:57] [187/459] ATTR
[04:31:58] [188/459] SPMT
[04:31:58] [189/459] LCTM
[04:31:59] [190/459] SCVL
[04:32:00] [191/459] SCVT
[04:32:01] 🔄 Identity reset
[04:32:01] 🔄 Identity rotated (every 10 requests)
[04:32:01] [192/459] KRIC
[04:32:02] [193/459] CTMG
[04:32:04] [194/459] ACNC
[04:32:05] [195/459] DMCK
[04:32:05] [196/459] KMTV
[04:32:06] [197/459] PFCJ
[04:32:07] [198/459] VNMD
[04:32:08] [199/459] VPCZ
[04:32:09] [200/459] SRYR
[04:32:10] [201/459] SYTR
[04:32:11] 🔄 Identity reset
[04:32:11] 🔄 Identity rotated (every 10 requests)
[04:32:11] [202/459] GATR
[04:32:13] [203/459] URTR
[04:32:14] [204/459] MKSM
[04:32:15] [205/459] VSMH
[04:32:17] [206/459] SKRJ
[04:32:18] [207/459] SSJR
[04:32:19] [208/459] SVSM
[04:32:21] [209/459] RUCM
[04:32:22] [210/459] PRKN
[04:32:24] [211/459] RROH
[04:32:25] 🔄 Identity reset
[04:32:25] 🔄 Identity rotated (every 10 requests)
[04:32:25] 🔄 Retry 1/5 for RROH in 2.1s
[04:32:25] 🔄 Identity reset
[04:32:27] 🧠 New identity created
[04:32:27] [212/459] SCTN
[04:32:28] [213/459] RTDM
[04:32:29] [214/459] ASRM
[04:32:30] [215/459] SKMD
[04:32:31] [216/459] SUTD
[04:32:32] [217/459] SADM
[04:32:33] [218/459] WCNR
[04:32:34] [219/459] CNED
[04:32:35] [220/459] MPDB
[04:32:36] 🔄 Identity reset
[04:32:36] 🔄 Identity rotated (every 10 requests)
[04:32:36] [221/459] KTBH
[04:32:37] [222/459] IDRM
[04:32:38] [223/459] PJJT
[04:32:39] [224/459] PFCV
[04:32:40] [225/459] AACT
[04:32:42] [226/459] AAAD
[04:32:43] [227/459] ANES
[04:32:44] [228/459] MNCA
[04:32:46] [229/459] RMGU
[04:32:47] [230/459] DLCN
[04:32:48] 🔄 Identity reset
[04:32:48] 🔄 Identity rotated (every 10 requests)
[04:32:48] [231/459] LJWT
[04:32:49] [232/459] MCBG
[04:32:51] [233/459] MYBG
[04:32:51] [234/459] GCCA
[04:32:53] [235/459] GCGA
[04:32:54] [236/459] ECGN
[04:32:55] [237/459] PRAB
[04:32:56] [238/459] PNMP
[04:32:57] [239/459] GCPT
[04:32:57] [240/459] ROYN
[04:32:58] 🔄 Identity reset
[04:32:58] 🔄 Identity rotated (every 10 requests)
[04:32:58] [241/459] VATM
[04:32:59] [242/459] KSNT
[04:33:00] [243/459] ACTC
[04:33:02] [244/459] PLTD
[04:33:03] [245/459] SKMK
[04:33:04] [246/459] CMTT
[04:33:05] [247/459] SMXP
[04:33:06] [248/459] SCMX
[04:33:06] [249/459] ACXN
[04:33:07] [250/459] ASWT
[04:33:08] 🔄 Identity reset
[04:33:08] 🔄 Identity rotated (every 10 requests)
[04:33:08] [251/459] VVVL
[04:33:10] [252/459] NAGO
[04:33:12] [253/459] SNCN
[04:33:12] [254/459] MCKP
[04:33:13] [255/459] SAMO
[04:33:14] [256/459] JBTV
[04:33:15] [257/459] DCVV
[04:33:16] [258/459] KMSV
[04:33:17] [259/459] KDCN
[04:33:18] [260/459] CNCP
[04:33:19] 🔄 Identity reset
[04:33:19] 🔄 Identity rotated (every 10 requests)
[04:33:19] [261/459] HAMC
[04:33:20] [262/459] CCVZ
[04:33:22] [263/459] NCCK
[04:33:23] [264/459] MCHR
[04:33:24] [265/459] SCHT
[04:33:26] [266/459] ESSH
[04:33:27] [267/459] CUJC
[04:33:28] [268/459] PECP
[04:33:28] [269/459] PMMI
[04:33:29] [270/459] PCCH
[04:33:30] 🔄 Identity reset
[04:33:30] 🔄 Identity rotated (every 10 requests)
[04:33:30] [271/459] PRPM
[04:33:32] [272/459] PVKL
[04:33:33] [273/459] CBSM
[04:33:33] [274/459] PVCZ
[04:33:34] [275/459] PCVV
[04:33:35] [276/459] CTMJ
[04:33:36] [277/459] RCPS
[04:33:38] [278/459] PCIT
[04:33:39] [279/459] FNCH
[04:33:40] [280/459] INZD
[04:33:40] 🔄 Identity reset
[04:33:40] 🔄 Identity rotated (every 10 requests)
[04:33:40] 🔄 Retry 1/5 for INZD in 2.4s
[04:33:40] 🔄 Identity reset
[04:33:43] 🧠 New identity created
[04:33:43] [281/459] INPC
[04:33:45] [282/459] LCZP
[04:33:46] [283/459] SMCB
[04:33:47] [284/459] PTSB
[04:33:47] [285/459] TPSI
[04:33:49] [286/459] KHMJ
[04:33:51] [287/459] RCCJ
[04:33:52] [288/459] NCJA
[04:33:53] [289/459] NCJN
[04:33:54] 🔄 Identity reset
[04:33:54] 🔄 Identity rotated (every 10 requests)
[04:33:54] [290/459] BTDP
[04:33:55] [291/459] PADY
[04:33:56] [292/459] NYBH
[04:33:57] [293/459] MTBR
[04:33:58] [294/459] KRBC
[04:33:59] [295/459] DKTI
[04:34:00] [296/459] ANAN
[04:34:02] [297/459] INBP
[04:34:03] [298/459] PATB
[04:34:04] [299/459] RGNT
[04:34:05] 🔄 Identity reset
[04:34:05] 🔄 Identity rotated (every 10 requests)
[04:34:05] [300/459] CGPM
[04:34:07] [301/459] INTN
[04:34:09] [302/459] MCMP
[04:34:10] [303/459] ASRG
[04:34:11] [304/459] CXJD
[04:34:11] [305/459] SPCP
[04:34:12] [306/459] CSTP
[04:34:13] [307/459] PKVC
[04:34:15] [308/459] ESCP
[04:34:15] [309/459] CAEP
[04:34:16] 🔄 Identity reset
[04:34:16] 🔄 Identity rotated (every 10 requests)
[04:34:16] [310/459] CCSP
[04:34:17] [311/459] KTPC
[04:34:19] [312/459] DACA
[04:34:20] [313/459] NVKY
[04:34:21] [314/459] PTIN
[04:34:22] [315/459] SCIN
[04:34:23] [316/459] MCTY
[04:34:24] [317/459] PCMX
[04:34:25] [318/459] INIC
[04:34:26] [319/459] MMZM
[04:34:27] 🔄 Identity reset
[04:34:27] 🔄 Identity rotated (every 10 requests)
[04:34:28] [320/459] SSLP
[04:34:29] [321/459] DTDT
[04:34:30] [322/459] FFCX
[04:34:32] [323/459] RCMM
[04:34:33] [324/459] KYID
[04:34:34] [325/459] CSCI
[04:34:35] [326/459] FCMC
[04:34:37] [327/459] MMXI
[04:34:37] [328/459] ASTC
[04:34:39] [329/459] CMRA
[04:34:39] 🔄 Identity reset
[04:34:40] 🔄 Identity rotated (every 10 requests)
[04:34:40] [330/459] DICI
[04:34:41] [331/459] KDIN
[04:34:42] [332/459] PRFI
[04:34:43] [333/459] SVFC
[04:34:43] [334/459] UCPL
[04:34:45] [335/459] COOC
[04:34:47] [336/459] SCAL
[04:34:48] [337/459] SVFF
[04:34:49] [338/459] VCMG
[04:34:50] [339/459] UUCT
[04:34:51] 🔄 Identity reset
[04:34:51] 🔄 Identity rotated (every 10 requests)
[04:34:51] [340/459] GCSE
[04:34:52] [341/459] SUSC
[04:34:54] [342/459] MISC
[04:34:55] [343/459] RMBL
[04:34:56] [344/459] CMXN
[04:34:58] [345/459] PVBK
[04:34:59] [346/459] HHCG
[04:35:00] [347/459] SCAG
[04:35:01] [348/459] CNPR
[04:35:02] [349/459] CSER
[04:35:03] 🔄 Identity reset
[04:35:03] 🔄 Identity rotated (every 10 requests)
[04:35:03] [350/459] HLWD
[04:35:04] [351/459] BOLY
[04:35:05] [352/459] SSPG
[04:35:07] [353/459] MUPX
[04:35:08] [354/459] HAMR
[04:35:09] [355/459] SDNC
[04:35:10] [356/459] RTEN
[04:35:11] [357/459] SDTD
[04:35:12] [358/459] KAWS
[04:35:12] [359/459] CMZX
[04:35:13] 🔄 Identity reset
[04:35:13] 🔄 Identity rotated (every 10 requests)
[04:35:14] [360/459] DCDD
[04:35:16] [361/459] ALSN
[04:35:17] [362/459] IMXS
[04:35:19] [363/459] PVFF
[04:35:20] [364/459] PVOO
[04:35:21] [365/459] CFBS
[04:35:22] [366/459] PVER
[04:35:24] [367/459] PPNX
[04:35:25] [368/459] CNRM
[04:35:26] [369/459] PVWW
[04:35:27] 🔄 Identity reset
[04:35:27] 🔄 Identity rotated (every 10 requests)
[04:35:27] [370/459] INMB
[04:35:29] [371/459] CPJR
[04:35:30] [372/459] INRZ
[04:35:31] [373/459] PMSR
[04:35:32] [374/459] GPGM
[04:35:33] [375/459] PGWB
[04:35:34] [376/459] PMBR
[04:35:35] [377/459] GPAM
[04:35:36] [378/459] INBC
[04:35:37] [379/459] PZVK
[04:35:38] 🔄 Identity reset
[04:35:38] 🔄 Identity rotated (every 10 requests)
[04:35:38] [380/459] CPEB
[04:35:39] [381/459] FMLB
[04:35:40] [382/459] INBG
[04:35:41] [383/459] GPBR
[04:35:42] [384/459] PAAS
[04:35:43] [385/459] VTBR
[04:35:44] [386/459] GPMY
[04:35:45] [387/459] GYBU
[04:35:46] [388/459] INBJ
[04:35:48] [389/459] LKTH
[04:35:48] 🔄 Identity reset
[04:35:48] 🔄 Identity rotated (every 10 requests)
[04:35:48] 🔄 Retry 1/5 for LKTH in 2.6s
[04:35:48] 🔄 Identity reset
[04:35:51] 🧠 New identity created
[04:35:51] [390/459] NSBR
[04:35:52] [391/459] PDRD
[04:35:54] [392/459] VRBL
[04:35:55] [393/459] VTGB
[04:35:56] [394/459] VTSK
[04:35:57] [395/459] BKDV
[04:35:58] [396/459] SVTB
[04:35:59] [397/459] MLDT
[04:36:00] [398/459] NRBL
[04:36:01] 🔄 Identity reset
[04:36:01] 🔄 Identity rotated (every 10 requests)
[04:36:02] [399/459] SLTR
[04:36:03] [400/459] VNKA
[04:36:04] [401/459] TDCA
[04:36:05] [402/459] INBM
[04:36:07] [403/459] SSNR
[04:36:08] [404/459] BHAC
[04:36:09] [405/459] SDSD
[04:36:11] [406/459] SAMP
[04:36:12] [407/459] RATK
[04:36:13] [408/459] KCBI
[04:36:14] 🔄 Identity reset
[04:36:14] 🔄 Identity rotated (every 10 requests)
[04:36:14] [409/459] URBL
[04:36:15] [410/459] MKBG
[04:36:16] [411/459] ASTB
[04:36:17] [412/459] VBWT
[04:36:19] [413/459] GPSM
[04:36:20] [414/459] ROON
[04:36:21] [415/459] CHTH
[04:36:21] [416/459] SSPA
[04:36:22] [417/459] ANBL
[04:36:23] [418/459] VTBE
[04:36:24] 🔄 Identity reset
[04:36:24] 🔄 Identity rotated (every 10 requests)
[04:36:25] [419/459] SVKT
[04:36:26] [420/459] SVYK
[04:36:27] [421/459] PTBK
[04:36:28] [422/459] RKTB
[04:36:30] [423/459] BALT
[04:36:31] [424/459] STSV
[04:36:31] [425/459] VCCB
[04:36:32] [426/459] SLTB
[04:36:33] [427/459] SBCR
[04:36:34] [428/459] VDCS
[04:36:34] 🔄 Identity reset
[04:36:34] 🔄 Identity rotated (every 10 requests)
[04:36:35] [429/459] MDKI
[04:36:36] [430/459] SMRN
[04:36:37] [431/459] PTBC
[04:36:39] [432/459] RADI
[04:36:41] [433/459] ADCR
[04:36:42] [434/459] SDCS
[04:36:44] [435/459] SRPJ
[04:36:45] [436/459] ARTS
[04:36:46] [437/459] SRHK
[04:36:47] [438/459] SPAY
[04:36:47] 🔄 Identity reset
[04:36:47] 🔄 Identity rotated (every 10 requests)
[04:36:48] [439/459] GPTB
[04:36:49] [440/459] SNNN
[04:36:50] [441/459] BALJ
[04:36:51] [442/459] TRIG
[04:36:52] [443/459] GTYT
[04:36:53] [444/459] ATGN
[04:36:55] [445/459] ANTE
[04:36:55] [446/459] BDCG
[04:36:56] [447/459] VECI
[04:36:58] [448/459] SCPR
[04:36:58] 🔄 Identity reset
[04:36:58] 🔄 Identity rotated (every 10 requests)
[04:36:59] [449/459] RTEA
[04:37:00] [450/459] JSAI
[04:37:01] [451/459] VJTP
[04:37:02] [452/459] GNDS
[04:37:03] [453/459] PAXA
[04:37:04] [454/459] CGGM
[04:37:05] [455/459] ACKZ
[04:37:06] [456/459] EMCC
[04:37:07] [457/459] KLSK
[04:37:08] [458/459] AVCK
[04:37:08] 🔄 Identity reset
[04:37:08] 🔄 Identity rotated (every 10 requests)
[04:37:09] [459/459] JTCK
[04:37:11] 🧹 Deduping shows
[04:37:11] ✅ DONE | Shows=540 | Movies=39
