[09:34:22] 🚀 SCRIPT STARTED (enhanced anti‑detection)
[09:34:22] [1/458] MBDC
[09:34:23] 🧠 New identity created
[09:34:23] [2/458] CHKM
[09:34:24] [3/458] JTKZ
[09:34:25] [4/458] CMCT
[09:34:26] [5/458] ASHO
[09:34:27] [6/458] ECDG
[09:34:28] [7/458] SPAT
[09:34:29] [8/458] HILC
[09:34:30] [9/458] SPPH
[09:34:30] [10/458] SBHN
[09:34:31] 🔄 Identity reset
[09:34:31] 🔄 Identity rotated (every 10 requests)
[09:34:31] 🔄 Retry 1/5 for SBHN in 3.0s
[09:34:31] 🔄 Identity reset
[09:34:34] 🧠 New identity created
[09:34:34] [11/458] RRCA
[09:34:35] [12/458] APAA
[09:34:36] [13/458] RAME
[09:34:37] [14/458] TMMS
[09:34:38] [15/458] BATK
[09:34:39] [16/458] LKOP
[09:34:40] [17/458] AMTT
[09:34:41] [18/458] PTGK
[09:34:43] [19/458] ANRS
[09:34:43] 🔄 Identity reset
[09:34:43] 🔄 Identity rotated (every 10 requests)
[09:34:44] [20/458] VWBW
[09:34:45] [21/458] SVFG
[09:34:46] [22/458] STAT
[09:34:47] [23/458] GDCV
[09:34:48] [24/458] VEBI
[09:34:50] [25/458] VDSS
[09:34:51] [26/458] NTHV
[09:34:51] [27/458] AOCH
[09:34:53] [28/458] KASR
[09:34:53] [29/458] AYCS
[09:34:54] 🔄 Identity reset
[09:34:54] 🔄 Identity rotated (every 10 requests)
[09:34:54] [30/458] SHAI
[09:34:55] [31/458] SKPE
[09:34:56] [32/458] SBTA
[09:34:57] [33/458] RTTD
[09:34:58] [34/458] CCJD
[09:35:00] [35/458] RSJJ
[09:35:01] [36/458] RKND
[09:35:02] [37/458] SVTX
[09:35:02] [38/458] BAKM
[09:35:03] [39/458] SVDC
[09:35:04] 🔄 Identity reset
[09:35:04] 🔄 Identity rotated (every 10 requests)
[09:35:04] [40/458] MNCV
[09:35:05] [41/458] SJGC
[09:35:06] [42/458] MTPK
[09:35:07] [43/458] GATP
[09:35:08] [44/458] ABTS
[09:35:09] [45/458] ABDE
[09:35:10] [46/458] RCNM
[09:35:11] [47/458] KTHV
[09:35:12] [48/458] MDGJ
[09:35:13] [49/458] SMLM
[09:35:13] 🔄 Identity reset
[09:35:13] 🔄 Identity rotated (every 10 requests)
[09:35:14] [50/458] JTMA
[09:35:15] [51/458] ACKP
[09:35:16] [52/458] SRTA
[09:35:17] [53/458] STAY
[09:35:18] [54/458] MAVO
[09:35:19] [55/458] APTS
[09:35:20] [56/458] OMEA
[09:35:22] [57/458] TTFD
[09:35:23] [58/458] MJCU
[09:35:24] [59/458] CXTE
[09:35:24] 🔄 Identity reset
[09:35:24] 🔄 Identity rotated (every 10 requests)
[09:35:25] [60/458] CTPX
[09:35:26] [61/458] ASSL
[09:35:27] [62/458] CMVB
[09:35:28] [63/458] VPUR
[09:35:29] [64/458] JJDA
[09:35:30] [65/458] INBL
[09:35:31] [66/458] BIKB
[09:35:32] [67/458] NTBB
[09:35:33] [68/458] GLOB
[09:35:34] [69/458] SNTB
[09:35:35] 🔄 Identity reset
[09:35:35] 🔄 Identity rotated (every 10 requests)
[09:35:35] [70/458] CHGV
[09:35:36] [71/458] SSBZ
[09:35:37] [72/458] PRDB
[09:35:38] [73/458] ISMT
[09:35:39] [74/458] MCSD
[09:35:40] [75/458] JBTT
[09:35:41] [76/458] GEKR
[09:35:41] [77/458] PVUN
[09:35:42] [78/458] NRTB
[09:35:43] [79/458] PRAA
[09:35:44] 🔄 Identity reset
[09:35:44] 🔄 Identity rotated (every 10 requests)
[09:35:44] [80/458] PCBL
[09:35:45] [81/458] PTCM
[09:35:46] [82/458] KHNN
[09:35:48] [83/458] OMJE
[09:35:49] [84/458] STGN
[09:35:51] [85/458] RPMS
[09:35:52] [86/458] NWAD
[09:35:54] [87/458] BLCK
[09:35:55] [88/458] SVAA
[09:35:56] [89/458] URVM
[09:35:56] 🔄 Identity reset
[09:35:56] 🔄 Identity rotated (every 10 requests)
[09:35:57] [90/458] ANTM
[09:35:58] [91/458] VJYM
[09:35:59] [92/458] MAZZ
[09:36:00] [93/458] CSHM
[09:36:01] [94/458] WGMH
[09:36:01] [95/458] SALN
[09:36:02] [96/458] BRTP
[09:36:03] [97/458] SVTA
[09:36:04] [98/458] SBTP
[09:36:05] [99/458] VLSS
[09:36:06] 🔄 Identity reset
[09:36:06] 🔄 Identity rotated (every 10 requests)
[09:36:06] [100/458] SRJA
[09:36:08] [101/458] ANCG
[09:36:09] [102/458] CGGC
[09:36:10] [103/458] CRJA
[09:36:11] [104/458] USCR
[09:36:12] [105/458] MMEF
[09:36:13] [106/458] JCRJ
[09:36:14] [107/458] ADCM
[09:36:15] [108/458] BMYK
[09:36:17] [109/458] KICS
[09:36:18] 🔄 Identity reset
[09:36:18] 🔄 Identity rotated (every 10 requests)
[09:36:19] [110/458] MBBT
[09:36:20] [111/458] MACK
[09:36:21] [112/458] CLDR
[09:36:21] [113/458] JYCR
[09:36:22] [114/458] DCRP
[09:36:23] [115/458] RAHT
[09:36:24] [116/458] CSSM
[09:36:25] [117/458] ATPK
[09:36:26] [118/458] KLRT
[09:36:27] [119/458] SRDD
[09:36:27] 🔄 Identity reset
[09:36:27] 🔄 Identity rotated (every 10 requests)
[09:36:28] [120/458] CKMC
[09:36:29] [121/458] KRVM
[09:36:30] [122/458] AKCP
[09:36:31] [123/458] CNCV
[09:36:32] [124/458] PACT
[09:36:33] [125/458] NATP
[09:36:34] [126/458] PCPK
[09:36:35] [127/458] SMHO
[09:36:36] [128/458] CWTK
[09:36:37] [129/458] RVKZ
[09:36:38] 🔄 Identity reset
[09:36:38] 🔄 Identity rotated (every 10 requests)
[09:36:38] [130/458] ASPD
[09:36:39] [131/458] VTKZ
[09:36:40] [132/458] LCSO
[09:36:41] [133/458] PRDY
[09:36:42] [134/458] RCAP
[09:36:42] [135/458] RGAR
[09:36:43] [136/458] RCAC
[09:36:44] [137/458] PMOD
[09:36:45] [138/458] PVCN
[09:36:47] [139/458] SCRZ
[09:36:48] 🔄 Identity reset
[09:36:48] 🔄 Identity rotated (every 10 requests)
[09:36:48] [140/458] PVPC
[09:36:49] [141/458] STID
[09:36:50] [142/458] NEDD
[09:36:51] [143/458] BNBA
[09:36:52] [144/458] NTCD
[09:36:53] [145/458] OCDE
[09:36:54] [146/458] CCDU
[09:36:55] [147/458] CRXH
[09:36:56] [148/458] VLVT
[09:36:56] [149/458] CICI
[09:36:57] 🔄 Identity reset
[09:36:57] 🔄 Identity rotated (every 10 requests)
[09:36:57] [150/458] SUCB
[09:36:59] [151/458] TCBP
[09:37:00] [152/458] SCCY
[09:37:01] [153/458] LXCY
[09:37:02] [154/458] NCMD
[09:37:03] [155/458] PHCS
[09:37:05] [156/458] DUXR
[09:37:06] [157/458] VNKS
[09:37:07] [158/458] SEDP
[09:37:08] [159/458] SVEN
[09:37:08] 🔄 Identity reset
[09:37:08] 🔄 Identity rotated (every 10 requests)
[09:37:09] [160/458] SRKM
[09:37:10] [161/458] JTLT
[09:37:11] [162/458] SVSS
[09:37:12] [163/458] AMDE
[09:37:13] [164/458] WVRN
[09:37:14] [165/458] ISMG
[09:37:15] [166/458] WVKS
[09:37:15] [167/458] USCG
[09:37:16] [168/458] IOTG
[09:37:17] [169/458] RRJM
[09:37:18] 🔄 Identity reset
[09:37:18] 🔄 Identity rotated (every 10 requests)
[09:37:18] [170/458] EDMP
[09:37:19] [171/458] SCGZ
[09:37:20] [172/458] GMGX
[09:37:21] [173/458] OMTP
[09:37:22] [174/458] MITD
[09:37:23] [175/458] SMMD
[09:37:24] [176/458] STML
[09:37:24] [177/458] MCFS
[09:37:25] [178/458] FPKA
[09:37:26] [179/458] OMLR
[09:37:27] 🔄 Identity reset
[09:37:27] 🔄 Identity rotated (every 10 requests)
[09:37:27] [180/458] KKSC
[09:37:28] [181/458] RVMA
[09:37:29] [182/458] SCLL
[09:37:30] [183/458] SCDK
[09:37:31] [184/458] SXMI
[09:37:32] [185/458] SHDN
[09:37:33] [186/458] PAAD
[09:37:34] [187/458] UUCB
[09:37:35] [188/458] JHOL
[09:37:37] [189/458] SGWT
[09:37:37] 🔄 Identity reset
[09:37:37] 🔄 Identity rotated (every 10 requests)
[09:37:38] [190/458] SRII
[09:37:39] [191/458] SGCK
[09:37:40] [192/458] SVVB
[09:37:41] [193/458] DMHA
[09:37:42] [194/458] PPNL
[09:37:43] [195/458] CPNL
[09:37:44] [196/458] WVLD
[09:37:45] [197/458] PSLV
[09:37:47] [198/458] VTTL
[09:37:48] [199/458] NPAD
[09:37:48] 🔄 Identity reset
[09:37:48] 🔄 Identity rotated (every 10 requests)
[09:37:49] [200/458] PVCS
[09:37:50] [201/458] MCHL
[09:37:51] [202/458] PPLL
[09:37:52] [203/458] MALO
[09:37:53] [204/458] SWBH
[09:37:54] [205/458] PUGB
[09:37:55] [206/458] INBB
[09:37:57] [207/458] INNS
[09:37:58] [208/458] MCPT
[09:37:59] [209/458] SCMI
[09:37:59] 🔄 Identity reset
[09:37:59] 🔄 Identity rotated (every 10 requests)
[09:38:00] [210/458] OCON
[09:38:01] [211/458] SCSM
[09:38:02] [212/458] RJVN
[09:38:03] [213/458] AMDK
[09:38:04] [214/458] ISMR
[09:38:05] [215/458] SMTD
[09:38:06] [216/458] VTDD
[09:38:06] [217/458] PDDZ
[09:38:07] [218/458] PCCK
[09:38:08] [219/458] INAM
[09:38:09] 🔄 Identity reset
[09:38:09] 🔄 Identity rotated (every 10 requests)
[09:38:09] [220/458] FNKT
[09:38:10] [221/458] GDKA
[09:38:11] [222/458] MAYU
[09:38:12] [223/458] TCGU
[09:38:13] [224/458] KDCA
[09:38:14] [225/458] DOMY
[09:38:15] [226/458] PDDD
[09:38:16] [227/458] BJTS
[09:38:17] [228/458] VTCA
[09:38:18] [229/458] SBTM
[09:38:19] 🔄 Identity reset
[09:38:19] 🔄 Identity rotated (every 10 requests)
[09:38:19] [230/458] SEET
[09:38:20] [231/458] SSTJ
[09:38:21] [232/458] SVNT
[09:38:22] [233/458] PPPR
[09:38:23] [234/458] PVYS
[09:38:24] [235/458] IOSE
[09:38:24] [236/458] ACTV
[09:38:25] [237/458] APVE
[09:38:26] [238/458] TCCL
[09:38:27] [239/458] SCMO
[09:38:28] 🔄 Identity reset
[09:38:28] 🔄 Identity rotated (every 10 requests)
[09:38:28] [240/458] SAUM
[09:38:29] [241/458] KCJS
[09:38:30] [242/458] NJCJ
[09:38:32] [243/458] NECF
[09:38:33] [244/458] CCGW
[09:38:34] [245/458] CCMG
[09:38:35] [246/458] NYRG
[09:38:36] [247/458] NCSQ
[09:38:37] [248/458] GRCG
[09:38:38] [249/458] CCBT
[09:38:39] 🔄 Identity reset
[09:38:39] 🔄 Identity rotated (every 10 requests)
[09:38:39] [250/458] ACGA
[09:38:40] [251/458] INAG
[09:38:41] [252/458] FUCG
[09:38:42] [253/458] AICF
[09:38:42] [254/458] GRGA
[09:38:44] [255/458] GDCN
[09:38:44] [256/458] RRCG
[09:38:45] [257/458] SDCH
[09:38:47] [258/458] WVJM
[09:38:48] [259/458] JCCZ
[09:38:49] 🔄 Identity reset
[09:38:49] 🔄 Identity rotated (every 10 requests)
[09:38:49] [260/458] CNCL
[09:38:50] [261/458] TMLV
[09:38:51] [262/458] MEMB
[09:38:52] [263/458] SGTD
[09:38:53] [264/458] CONX
[09:38:54] [265/458] CCMH
[09:38:55] [266/458] ACMC
[09:38:56] [267/458] DTPD
[09:38:57] [268/458] POJA
[09:38:58] [269/458] FNBH
[09:38:59] 🔄 Identity reset
[09:38:59] 🔄 Identity rotated (every 10 requests)
[09:38:59] [270/458] CGCB
[09:39:00] [271/458] RACN
[09:39:01] [272/458] JTSM
[09:39:02] [273/458] SCDN
[09:39:03] [274/458] AACK
[09:39:03] [275/458] RMCE
[09:39:04] [276/458] BSGB
[09:39:06] [277/458] MRCB
[09:39:07] [278/458] SRVR
[09:39:08] [279/458] VTKK
[09:39:08] 🔄 Identity reset
[09:39:08] 🔄 Identity rotated (every 10 requests)
[09:39:09] [280/458] AMST
[09:39:09] [281/458] APCY
[09:39:10] [282/458] LMHO
[09:39:11] [283/458] MTZH
[09:39:12] [284/458] AMZB
[09:39:13] [285/458] SUVT
[09:39:14] [286/458] RCIP
[09:39:15] [287/458] KESR
[09:39:16] [288/458] SNKC
[09:39:16] [289/458] SCED
[09:39:17] 🔄 Identity reset
[09:39:17] 🔄 Identity rotated (every 10 requests)
[09:39:18] [290/458] DVCA
[09:39:19] [291/458] VCDT
[09:39:20] [292/458] RRDI
[09:39:21] [293/458] DFCH
[09:39:22] [294/458] INSC
[09:39:23] [295/458] RGTR
[09:39:24] [296/458] FMOT
[09:39:25] [297/458] SCPM
[09:39:26] [298/458] GCDT
[09:39:27] [299/458] BRKT
[09:39:27] 🔄 Identity reset
[09:39:27] 🔄 Identity rotated (every 10 requests)
[09:39:28] [300/458] DEMP
[09:39:29] [301/458] SRLC
[09:39:30] [302/458] KSTT
[09:39:30] [303/458] SMMT
[09:39:31] [304/458] SILM
[09:39:32] [305/458] JCVM
[09:39:33] [306/458] KCSV
[09:39:34] [307/458] MHLK
[09:39:35] [308/458] SLVL
[09:39:36] [309/458] RJKP
[09:39:36] 🔄 Identity reset
[09:39:36] 🔄 Identity rotated (every 10 requests)
[09:39:37] [310/458] BBPC
[09:39:38] [311/458] MXCB
[09:39:39] [312/458] TCPK
[09:39:40] [313/458] RTBR
[09:39:41] [314/458] GAUT
[09:39:42] [315/458] DVCF
[09:39:43] [316/458] JTSB
[09:39:44] [317/458] SBLS
[09:39:45] [318/458] UDAY
[09:39:46] [319/458] PTNP
[09:39:46] 🔄 Identity reset
[09:39:46] 🔄 Identity rotated (every 10 requests)
[09:39:47] [320/458] DMKT
[09:39:48] [321/458] NTDT
[09:39:49] [322/458] SHDJ
[09:39:50] [323/458] OTNC
[09:39:51] [324/458] RNTW
[09:39:52] [325/458] GCMI
[09:39:54] [326/458] CRCM
[09:39:54] [327/458] NNCZ
[09:39:55] [328/458] OEMO
[09:39:56] [329/458] PVJM
[09:39:57] 🔄 Identity reset
[09:39:57] 🔄 Identity rotated (every 10 requests)
[09:39:57] [330/458] CPJI
[09:39:58] [331/458] RMCJ
[09:39:59] [332/458] CNWJ
[09:40:00] [333/458] EPJM
[09:40:01] [334/458] FNJJ
[09:40:02] [335/458] GCMJ
[09:40:03] [336/458] INPS
[09:40:04] [337/458] BICJ
[09:40:05] [338/458] ISTJ
[09:40:06] [339/458] INJC
[09:40:06] 🔄 Identity reset
[09:40:06] 🔄 Identity rotated (every 10 requests)
[09:40:07] [340/458] GLXJ
[09:40:08] [341/458] INEM
[09:40:09] [342/458] JTMN
[09:40:10] [343/458] FRCJ
[09:40:11] [344/458] DDJP
[09:40:12] [345/458] INJV
[09:40:13] [346/458] GOLC
[09:40:14] [347/458] KOCI
[09:40:15] [348/458] FSTD
[09:40:16] [349/458] PACJ
[09:40:16] 🔄 Identity reset
[09:40:16] 🔄 Identity rotated (every 10 requests)
[09:40:17] [350/458] GMCN
[09:40:18] [351/458] MMDJ
[09:40:19] [352/458] GODH
[09:40:20] [353/458] SKYN
[09:40:21] [354/458] NCTH
[09:40:22] [355/458] SKVZ
[09:40:23] [356/458] SVML
[09:40:24] [357/458] ACVZ
[09:40:25] [358/458] SURA
[09:40:26] [359/458] RTRB
[09:40:27] 🔄 Identity reset
[09:40:27] 🔄 Identity rotated (every 10 requests)
[09:40:27] [360/458] LLCT
[09:40:28] [361/458] ATTS
[09:40:29] [362/458] JYCM
[09:40:30] [363/458] CTKR
[09:40:31] [364/458] LCKR
[09:40:32] [365/458] NYCV
[09:40:33] [366/458] NYOH
[09:40:34] [367/458] NOVX
[09:40:34] [368/458] MRGK
[09:40:35] [369/458] MOON
[09:40:36] 🔄 Identity reset
[09:40:36] 🔄 Identity rotated (every 10 requests)
[09:40:36] [370/458] SBUC
[09:40:37] [371/458] GSVA
[09:40:38] [372/458] VIAK
[09:40:39] [373/458] SMVZ
[09:40:40] [374/458] MATE
[09:40:41] [375/458] RDCN
[09:40:42] [376/458] ASBL
[09:40:43] [377/458] ASVS
[09:40:44] [378/458] ASSR
[09:40:45] [379/458] SSKN
[09:40:45] 🔄 Identity reset
[09:40:45] 🔄 Identity rotated (every 10 requests)
[09:40:46] [380/458] DRPV
[09:40:47] [381/458] MRHT
[09:40:48] [382/458] BSCN
[09:40:49] [383/458] RKNX
[09:40:50] [384/458] MSMC
[09:40:50] [385/458] MSCJ
[09:40:51] [386/458] BTBJ
[09:40:52] [387/458] MJCC
[09:40:53] [388/458] IOMM
[09:40:54] [389/458] ADGR
[09:40:54] 🔄 Identity reset
[09:40:54] 🔄 Identity rotated (every 10 requests)
[09:40:55] [390/458] MYCP
[09:40:56] [391/458] IGCM
[09:40:57] [392/458] PGRK
[09:40:58] [393/458] VPGO
[09:40:59] [394/458] KOMS
[09:41:00] [395/458] URGG
[09:41:01] [396/458] GOST
[09:41:02] [397/458] LACT
[09:41:03] [398/458] BWCM
[09:41:04] [399/458] NCCW
[09:41:05] 🔄 Identity reset
[09:41:05] 🔄 Identity rotated (every 10 requests)
[09:41:05] [400/458] SKYC
[09:41:06] [401/458] CCPM
[09:41:07] [402/458] VCBT
[09:41:08] [403/458] SDKR
[09:41:09] [404/458] CTYB
[09:41:10] [405/458] SHCX
[09:41:11] [406/458] RCUN
[09:41:12] [407/458] CNRA
[09:41:13] [408/458] RFCA
[09:41:14] [409/458] RDCU
[09:41:14] 🔄 Identity reset
[09:41:14] 🔄 Identity rotated (every 10 requests)
[09:41:15] [410/458] SARK
[09:41:16] [411/458] SPPP
[09:41:17] [412/458] ADMB
[09:41:17] [413/458] JYOE
[09:41:19] [414/458] SRMD
[09:41:20] [415/458] RJDH
[09:41:21] [416/458] SSTD
[09:41:22] [417/458] AACV
[09:41:23] [418/458] PPVD
[09:41:24] [419/458] STCP
[09:41:25] 🔄 Identity reset
[09:41:25] 🔄 Identity rotated (every 10 requests)
[09:41:25] [420/458] ANLS
[09:41:26] [421/458] BIJO
[09:41:27] [422/458] AVAB
[09:41:28] [423/458] SPMD
[09:41:29] [424/458] SVJL
[09:41:30] [425/458] SDDJ
[09:41:32] [426/458] SLTU
[09:41:33] [427/458] SAKA
[09:41:34] [428/458] PMAM
[09:41:35] [429/458] FNAM
[09:41:35] 🔄 Identity reset
[09:41:35] 🔄 Identity rotated (every 10 requests)
[09:41:36] [430/458] ACAM
[09:41:37] [431/458] SCMM
[09:41:38] [432/458] PMAK
[09:41:39] [433/458] NYSA
[09:41:39] [434/458] FCPA
[09:41:40] [435/458] GDAN
[09:41:41] [436/458] RSCA
[09:41:42] [437/458] DMAN
[09:41:43] [438/458] DZCM
[09:41:44] [439/458] NSGL
[09:41:45] 🔄 Identity reset
[09:41:45] 🔄 Identity rotated (every 10 requests)
[09:41:45] [440/458] CCPP
[09:41:46] [441/458] PSMG
[09:41:47] [442/458] GSER
[09:41:48] [443/458] FCCT
[09:41:49] [444/458] FCTB
[09:41:49] [445/458] LCNK
[09:41:50] [446/458] SKTY
[09:41:52] [447/458] INAA
[09:41:53] [448/458] RCWN
[09:41:54] [449/458] VAIS
[09:41:54] 🔄 Identity reset
[09:41:54] 🔄 Identity rotated (every 10 requests)
[09:41:55] [450/458] CVMN
[09:41:56] [451/458] INTS
[09:41:57] [452/458] FRGS
[09:41:58] [453/458] DTCK
[09:41:59] [454/458] MCMH
[09:42:00] [455/458] ECRR
[09:42:01] [456/458] RLLP
[09:42:03] [457/458] CCSN
[09:42:04] [458/458] CCBA
[09:42:05] 🧹 Deduping shows
[09:42:05] ✅ DONE | Shows=368 | Movies=15
[16:32:17] 🚀 SCRIPT STARTED (enhanced anti‑detection)
[16:32:17] [1/458] MBDC
[16:32:17] 🧠 New identity created
[16:32:18] [2/458] CHKM
[16:32:19] [3/458] JTKZ
[16:32:19] [4/458] CMCT
[16:32:20] [5/458] ASHO
[16:32:21] [6/458] ECDG
[16:32:22] [7/458] SPAT
[16:32:23] [8/458] HILC
[16:32:24] [9/458] SPPH
[16:32:25] [10/458] SBHN
[16:32:25] 🔄 Identity reset
[16:32:25] 🔄 Identity rotated (every 10 requests)
[16:32:26] [11/458] RRCA
[16:32:26] [12/458] APAA
[16:32:27] [13/458] RAME
[16:32:28] [14/458] TMMS
[16:32:29] [15/458] BATK
[16:32:30] [16/458] LKOP
[16:32:30] [17/458] AMTT
[16:32:31] [18/458] PTGK
[16:32:32] [19/458] ANRS
[16:32:34] [20/458] VWBW
[16:32:34] 🔄 Identity reset
[16:32:34] 🔄 Identity rotated (every 10 requests)
[16:32:35] [21/458] SVFG
[16:32:36] [22/458] STAT
[16:32:36] [23/458] GDCV
[16:32:37] [24/458] VEBI
[16:32:38] [25/458] VDSS
[16:32:39] [26/458] NTHV
[16:32:40] [27/458] AOCH
[16:32:41] [28/458] KASR
[16:32:42] [29/458] AYCS
[16:32:42] [30/458] SHAI
[16:32:43] 🔄 Identity reset
[16:32:43] 🔄 Identity rotated (every 10 requests)
[16:32:43] [31/458] SKPE
[16:32:44] [32/458] SBTA
[16:32:45] [33/458] RTTD
[16:32:46] [34/458] CCJD
[16:32:47] [35/458] RSJJ
[16:32:48] [36/458] RKND
[16:32:49] [37/458] SVTX
[16:32:50] [38/458] BAKM
[16:32:50] [39/458] SVDC
[16:32:51] [40/458] MNCV
[16:32:52] 🔄 Identity reset
[16:32:52] 🔄 Identity rotated (every 10 requests)
[16:32:52] [41/458] SJGC
[16:32:53] [42/458] MTPK
[16:32:55] [43/458] GATP
[16:32:55] [44/458] ABTS
[16:32:56] [45/458] ABDE
[16:32:57] [46/458] RCNM
[16:32:58] [47/458] KTHV
[16:32:59] [48/458] MDGJ
[16:33:00] [49/458] SMLM
[16:33:01] [50/458] JTMA
[16:33:01] 🔄 Identity reset
[16:33:01] 🔄 Identity rotated (every 10 requests)
[16:33:02] [51/458] ACKP
[16:33:03] [52/458] SRTA
[16:33:04] [53/458] STAY
[16:33:05] [54/458] MAVO
[16:33:06] [55/458] APTS
[16:33:07] [56/458] OMEA
[16:33:07] [57/458] TTFD
[16:33:08] [58/458] MJCU
[16:33:09] [59/458] CXTE
[16:33:10] [60/458] CTPX
[16:33:11] 🔄 Identity reset
[16:33:11] 🔄 Identity rotated (every 10 requests)
[16:33:11] [61/458] ASSL
[16:33:12] [62/458] CMVB
[16:33:13] [63/458] VPUR
[16:33:14] [64/458] JJDA
[16:33:15] [65/458] INBL
[16:33:16] [66/458] BIKB
[16:33:17] [67/458] NTBB
[16:33:18] [68/458] GLOB
[16:33:19] [69/458] SNTB
[16:33:20] [70/458] CHGV
[16:33:20] 🔄 Identity reset
[16:33:20] 🔄 Identity rotated (every 10 requests)
[16:33:21] [71/458] SSBZ
[16:33:22] [72/458] PRDB
[16:33:23] [73/458] ISMT
[16:33:24] [74/458] MCSD
[16:33:25] [75/458] JBTT
[16:33:26] [76/458] GEKR
[16:33:26] [77/458] PVUN
[16:33:27] [78/458] NRTB
[16:33:28] [79/458] PRAA
[16:33:29] [80/458] PCBL
[16:33:30] 🔄 Identity reset
[16:33:30] 🔄 Identity rotated (every 10 requests)
[16:33:30] [81/458] PTCM
[16:33:31] [82/458] KHNN
[16:33:32] [83/458] OMJE
[16:33:32] [84/458] STGN
[16:33:33] [85/458] RPMS
[16:33:34] [86/458] NWAD
[16:33:35] [87/458] BLCK
[16:33:36] [88/458] SVAA
[16:33:37] [89/458] URVM
[16:33:38] [90/458] ANTM
[16:33:38] 🔄 Identity reset
[16:33:38] 🔄 Identity rotated (every 10 requests)
[16:33:39] [91/458] VJYM
[16:33:40] [92/458] MAZZ
[16:33:41] [93/458] CSHM
[16:33:42] [94/458] WGMH
[16:33:42] [95/458] SALN
[16:33:43] [96/458] BRTP
[16:33:44] [97/458] SVTA
[16:33:45] [98/458] SBTP
[16:33:46] [99/458] VLSS
[16:33:47] [100/458] SRJA
[16:33:47] 🔄 Identity reset
[16:33:47] 🔄 Identity rotated (every 10 requests)
[16:33:48] [101/458] ANCG
[16:33:48] [102/458] CGGC
[16:33:49] [103/458] CRJA
[16:33:50] [104/458] USCR
[16:33:51] [105/458] MMEF
[16:33:52] [106/458] JCRJ
[16:33:53] [107/458] ADCM
[16:33:54] [108/458] BMYK
[16:33:54] [109/458] KICS
[16:33:55] [110/458] MBBT
[16:33:56] 🔄 Identity reset
[16:33:56] 🔄 Identity rotated (every 10 requests)
[16:33:56] 🔄 Retry 1/5 for MBBT in 2.1s
[16:33:56] 🔄 Identity reset
[16:33:58] 🧠 New identity created
[16:33:58] [111/458] MACK
[16:33:59] [112/458] CLDR
[16:34:00] [113/458] JYCR
[16:34:01] [114/458] DCRP
[16:34:02] [115/458] RAHT
[16:34:03] [116/458] CSSM
[16:34:04] [117/458] ATPK
[16:34:04] [118/458] KLRT
[16:34:05] [119/458] SRDD
[16:34:06] 🔄 Identity reset
[16:34:06] 🔄 Identity rotated (every 10 requests)
[16:34:06] [120/458] CKMC
[16:34:07] [121/458] KRVM
[16:34:09] [122/458] AKCP
[16:34:09] [123/458] CNCV
[16:34:10] [124/458] PACT
[16:34:11] [125/458] NATP
[16:34:12] [126/458] PCPK
[16:34:13] [127/458] SMHO
[16:34:14] [128/458] CWTK
[16:34:14] [129/458] RVKZ
[16:34:15] 🔄 Identity reset
[16:34:15] 🔄 Identity rotated (every 10 requests)
[16:34:15] [130/458] ASPD
[16:34:16] [131/458] VTKZ
[16:34:17] [132/458] LCSO
[16:34:18] [133/458] PRDY
[16:34:19] [134/458] RCAP
[16:34:20] [135/458] RGAR
[16:34:21] [136/458] RCAC
[16:34:22] [137/458] PMOD
[16:34:23] [138/458] PVCN
[16:34:24] [139/458] SCRZ
[16:34:25] 🔄 Identity reset
[16:34:25] 🔄 Identity rotated (every 10 requests)
[16:34:25] [140/458] PVPC
[16:34:26] [141/458] STID
[16:34:26] [142/458] NEDD
[16:34:27] [143/458] BNBA
[16:34:28] [144/458] NTCD
[16:34:29] [145/458] OCDE
[16:34:30] [146/458] CCDU
[16:34:31] [147/458] CRXH
[16:34:32] [148/458] VLVT
[16:34:32] [149/458] CICI
[16:34:33] 🔄 Identity reset
[16:34:33] 🔄 Identity rotated (every 10 requests)
[16:34:33] [150/458] SUCB
[16:34:34] [151/458] TCBP
[16:34:35] [152/458] SCCY
[16:34:36] [153/458] LXCY
[16:34:38] [154/458] NCMD
[16:34:39] [155/458] PHCS
[16:34:41] [156/458] DUXR
[16:34:41] [157/458] VNKS
[16:34:42] [158/458] SEDP
[16:34:43] [159/458] SVEN
[16:34:44] 🔄 Identity reset
[16:34:44] 🔄 Identity rotated (every 10 requests)
[16:34:44] [160/458] SRKM
[16:34:45] [161/458] JTLT
[16:34:45] [162/458] SVSS
[16:34:46] [163/458] AMDE
[16:34:47] [164/458] WVRN
[16:34:48] [165/458] ISMG
[16:34:49] [166/458] WVKS
[16:34:49] [167/458] USCG
[16:34:50] [168/458] IOTG
[16:34:51] [169/458] RRJM
[16:34:52] 🔄 Identity reset
[16:34:52] 🔄 Identity rotated (every 10 requests)
[16:34:52] [170/458] EDMP
[16:34:53] [171/458] SCGZ
[16:34:54] [172/458] GMGX
[16:34:55] [173/458] OMTP
[16:34:56] [174/458] MITD
[16:34:57] [175/458] SMMD
[16:34:58] [176/458] STML
[16:34:59] [177/458] MCFS
[16:34:59] [178/458] FPKA
[16:35:01] [179/458] OMLR
[16:35:02] 🔄 Identity reset
[16:35:02] 🔄 Identity rotated (every 10 requests)
[16:35:02] [180/458] KKSC
[16:35:03] [181/458] RVMA
[16:35:04] [182/458] SCLL
[16:35:04] [183/458] SCDK
[16:35:05] [184/458] SXMI
[16:35:06] [185/458] SHDN
[16:35:08] [186/458] PAAD
[16:35:08] [187/458] UUCB
[16:35:09] [188/458] JHOL
[16:35:10] [189/458] SGWT
[16:35:11] 🔄 Identity reset
[16:35:11] 🔄 Identity rotated (every 10 requests)
[16:35:11] [190/458] SRII
[16:35:13] [191/458] SGCK
[16:35:14] [192/458] SVVB
[16:35:15] [193/458] DMHA
[16:35:16] [194/458] PPNL
[16:35:17] [195/458] CPNL
[16:35:18] [196/458] WVLD
[16:35:18] [197/458] PSLV
[16:35:20] [198/458] VTTL
[16:35:21] [199/458] NPAD
[16:35:22] 🔄 Identity reset
[16:35:22] 🔄 Identity rotated (every 10 requests)
[16:35:23] [200/458] PVCS
[16:35:23] [201/458] MCHL
[16:35:24] [202/458] PPLL
[16:35:25] [203/458] MALO
[16:35:26] [204/458] SWBH
[16:35:27] [205/458] PUGB
[16:35:28] [206/458] INBB
[16:35:29] [207/458] INNS
[16:35:30] [208/458] MCPT
[16:35:31] [209/458] SCMI
[16:35:31] 🔄 Identity reset
[16:35:31] 🔄 Identity rotated (every 10 requests)
[16:35:31] [210/458] OCON
[16:35:33] [211/458] SCSM
[16:35:34] [212/458] RJVN
[16:35:34] [213/458] AMDK
[16:35:35] [214/458] ISMR
[16:35:36] [215/458] SMTD
[16:35:37] [216/458] VTDD
[16:35:38] [217/458] PDDZ
[16:35:39] [218/458] PCCK
[16:35:40] [219/458] INAM
[16:35:41] 🔄 Identity reset
[16:35:41] 🔄 Identity rotated (every 10 requests)
[16:35:41] [220/458] FNKT
[16:35:42] [221/458] GDKA
[16:35:43] [222/458] MAYU
[16:35:44] [223/458] TCGU
[16:35:45] [224/458] KDCA
[16:35:46] [225/458] DOMY
[16:35:46] [226/458] PDDD
[16:35:47] [227/458] BJTS
[16:35:48] [228/458] VTCA
[16:35:49] [229/458] SBTM
[16:35:50] 🔄 Identity reset
[16:35:50] 🔄 Identity rotated (every 10 requests)
[16:35:50] [230/458] SEET
[16:35:51] [231/458] SSTJ
[16:35:52] [232/458] SVNT
[16:35:53] [233/458] PPPR
[16:35:54] [234/458] PVYS
[16:35:55] [235/458] IOSE
[16:35:55] [236/458] ACTV
[16:35:56] [237/458] APVE
[16:35:57] [238/458] TCCL
[16:35:59] [239/458] SCMO
[16:35:59] 🔄 Identity reset
[16:35:59] 🔄 Identity rotated (every 10 requests)
[16:36:00] [240/458] SAUM
[16:36:01] [241/458] KCJS
[16:36:02] [242/458] NJCJ
[16:36:03] [243/458] NECF
[16:36:03] [244/458] CCGW
[16:36:04] [245/458] CCMG
[16:36:05] [246/458] NYRG
[16:36:07] [247/458] NCSQ
[16:36:08] [248/458] GRCG
[16:36:09] [249/458] CCBT
[16:36:10] 🔄 Identity reset
[16:36:10] 🔄 Identity rotated (every 10 requests)
[16:36:10] [250/458] ACGA
[16:36:11] [251/458] INAG
[16:36:12] [252/458] FUCG
[16:36:13] [253/458] AICF
[16:36:14] [254/458] GRGA
[16:36:14] [255/458] GDCN
[16:36:15] [256/458] RRCG
[16:36:16] [257/458] SDCH
[16:36:17] [258/458] WVJM
[16:36:18] [259/458] JCCZ
[16:36:18] 🔄 Identity reset
[16:36:18] 🔄 Identity rotated (every 10 requests)
[16:36:19] [260/458] CNCL
[16:36:19] [261/458] TMLV
[16:36:20] [262/458] MEMB
[16:36:21] [263/458] SGTD
[16:36:22] [264/458] CONX
[16:36:23] [265/458] CCMH
[16:36:24] [266/458] ACMC
[16:36:25] [267/458] DTPD
[16:36:25] [268/458] POJA
[16:36:27] [269/458] FNBH
[16:36:27] 🔄 Identity reset
[16:36:28] 🔄 Identity rotated (every 10 requests)
[16:36:28] [270/458] CGCB
[16:36:29] [271/458] RACN
[16:36:31] [272/458] JTSM
[16:36:31] [273/458] SCDN
[16:36:32] [274/458] AACK
[16:36:33] [275/458] RMCE
[16:36:34] [276/458] BSGB
[16:36:35] [277/458] MRCB
[16:36:36] [278/458] SRVR
[16:36:36] [279/458] VTKK
[16:36:37] 🔄 Identity reset
[16:36:37] 🔄 Identity rotated (every 10 requests)
[16:36:37] [280/458] AMST
[16:36:38] [281/458] APCY
[16:36:39] [282/458] LMHO
[16:36:40] [283/458] MTZH
[16:36:41] [284/458] AMZB
[16:36:42] [285/458] SUVT
[16:36:42] [286/458] RCIP
[16:36:44] [287/458] KESR
[16:36:45] [288/458] SNKC
[16:36:46] [289/458] SCED
[16:36:46] 🔄 Identity reset
[16:36:46] 🔄 Identity rotated (every 10 requests)
[16:36:47] [290/458] DVCA
[16:36:48] [291/458] VCDT
[16:36:49] [292/458] RRDI
[16:36:50] [293/458] DFCH
[16:36:51] [294/458] INSC
[16:36:52] [295/458] RGTR
[16:36:53] [296/458] FMOT
[16:36:54] [297/458] SCPM
[16:36:55] [298/458] GCDT
[16:36:56] [299/458] BRKT
[16:36:57] 🔄 Identity reset
[16:36:57] 🔄 Identity rotated (every 10 requests)
[16:36:57] [300/458] DEMP
[16:36:58] [301/458] SRLC
[16:36:58] [302/458] KSTT
[16:36:59] [303/458] SMMT
[16:37:00] [304/458] SILM
[16:37:01] [305/458] JCVM
[16:37:03] [306/458] KCSV
[16:37:03] [307/458] MHLK
[16:37:04] [308/458] SLVL
[16:37:05] [309/458] RJKP
[16:37:06] 🔄 Identity reset
[16:37:06] 🔄 Identity rotated (every 10 requests)
[16:37:06] [310/458] BBPC
[16:37:07] [311/458] MXCB
[16:37:08] [312/458] TCPK
[16:37:10] [313/458] RTBR
[16:37:10] [314/458] GAUT
[16:37:12] [315/458] DVCF
[16:37:13] [316/458] JTSB
[16:37:15] [317/458] SBLS
[16:37:16] [318/458] UDAY
[16:37:17] [319/458] PTNP
[16:37:17] 🔄 Identity reset
[16:37:17] 🔄 Identity rotated (every 10 requests)
[16:37:17] [320/458] DMKT
[16:37:18] [321/458] NTDT
[16:37:19] [322/458] SHDJ
[16:37:20] [323/458] OTNC
[16:37:21] [324/458] RNTW
[16:37:22] [325/458] GCMI
[16:37:23] [326/458] CRCM
[16:37:24] [327/458] NNCZ
[16:37:25] [328/458] OEMO
[16:37:26] [329/458] PVJM
[16:37:26] 🔄 Identity reset
[16:37:26] 🔄 Identity rotated (every 10 requests)
[16:37:27] [330/458] CPJI
[16:37:27] [331/458] RMCJ
[16:37:28] [332/458] CNWJ
[16:37:29] [333/458] EPJM
[16:37:30] [334/458] FNJJ
[16:37:31] [335/458] GCMJ
[16:37:32] [336/458] INPS
[16:37:32] [337/458] BICJ
[16:37:33] [338/458] ISTJ
[16:37:34] [339/458] INJC
[16:37:35] 🔄 Identity reset
[16:37:35] 🔄 Identity rotated (every 10 requests)
[16:37:35] [340/458] GLXJ
[16:37:36] [341/458] INEM
[16:37:37] [342/458] JTMN
[16:37:38] [343/458] FRCJ
[16:37:39] [344/458] DDJP
[16:37:40] [345/458] INJV
[16:37:41] [346/458] GOLC
[16:37:42] [347/458] KOCI
[16:37:43] [348/458] FSTD
[16:37:44] [349/458] PACJ
[16:37:44] 🔄 Identity reset
[16:37:44] 🔄 Identity rotated (every 10 requests)
[16:37:44] [350/458] GMCN
[16:37:45] [351/458] MMDJ
[16:37:46] [352/458] GODH
[16:37:47] [353/458] SKYN
[16:37:48] [354/458] NCTH
[16:37:49] [355/458] SKVZ
[16:37:50] [356/458] SVML
[16:37:50] [357/458] ACVZ
[16:37:51] [358/458] SURA
[16:37:52] [359/458] RTRB
[16:37:53] 🔄 Identity reset
[16:37:53] 🔄 Identity rotated (every 10 requests)
[16:37:53] [360/458] LLCT
[16:37:54] [361/458] ATTS
[16:37:55] [362/458] JYCM
[16:37:56] [363/458] CTKR
[16:37:57] [364/458] LCKR
[16:37:58] [365/458] NYCV
[16:37:59] [366/458] NYOH
[16:38:00] [367/458] NOVX
[16:38:01] [368/458] MRGK
[16:38:02] [369/458] MOON
[16:38:02] 🔄 Identity reset
[16:38:02] 🔄 Identity rotated (every 10 requests)
[16:38:03] [370/458] SBUC
[16:38:03] [371/458] GSVA
[16:38:05] [372/458] VIAK
[16:38:06] [373/458] SMVZ
[16:38:07] [374/458] MATE
[16:38:08] [375/458] RDCN
[16:38:08] [376/458] ASBL
[16:38:09] [377/458] ASVS
[16:38:10] [378/458] ASSR
[16:38:11] [379/458] SSKN
[16:38:12] 🔄 Identity reset
[16:38:12] 🔄 Identity rotated (every 10 requests)
[16:38:12] [380/458] DRPV
[16:38:13] [381/458] MRHT
[16:38:14] [382/458] BSCN
[16:38:14] [383/458] RKNX
[16:38:15] [384/458] MSMC
[16:38:16] [385/458] MSCJ
[16:38:17] [386/458] BTBJ
[16:38:18] [387/458] MJCC
[16:38:19] [388/458] IOMM
[16:38:20] [389/458] ADGR
[16:38:21] 🔄 Identity reset
[16:38:21] 🔄 Identity rotated (every 10 requests)
[16:38:21] [390/458] MYCP
[16:38:22] [391/458] IGCM
[16:38:23] [392/458] PGRK
[16:38:24] [393/458] VPGO
[16:38:24] [394/458] KOMS
[16:38:25] [395/458] URGG
[16:38:27] [396/458] GOST
[16:38:28] [397/458] LACT
[16:38:29] [398/458] BWCM
[16:38:29] [399/458] NCCW
[16:38:30] 🔄 Identity reset
[16:38:30] 🔄 Identity rotated (every 10 requests)
[16:38:30] [400/458] SKYC
[16:38:31] [401/458] CCPM
[16:38:32] [402/458] VCBT
[16:38:33] [403/458] SDKR
[16:38:34] [404/458] CTYB
[16:38:35] [405/458] SHCX
[16:38:35] [406/458] RCUN
[16:38:36] [407/458] CNRA
[16:38:37] [408/458] RFCA
[16:38:38] [409/458] RDCU
[16:38:39] 🔄 Identity reset
[16:38:39] 🔄 Identity rotated (every 10 requests)
[16:38:39] [410/458] SARK
[16:38:40] [411/458] SPPP
[16:38:41] [412/458] ADMB
[16:38:42] [413/458] JYOE
[16:38:42] [414/458] SRMD
[16:38:43] [415/458] RJDH
[16:38:44] [416/458] SSTD
[16:38:45] [417/458] AACV
[16:38:46] [418/458] PPVD
[16:38:47] [419/458] STCP
[16:38:47] 🔄 Identity reset
[16:38:47] 🔄 Identity rotated (every 10 requests)
[16:38:48] [420/458] ANLS
[16:38:49] [421/458] BIJO
[16:38:49] [422/458] AVAB
[16:38:50] [423/458] SPMD
[16:38:51] [424/458] SVJL
[16:38:52] [425/458] SDDJ
[16:38:52] [426/458] SLTU
[16:38:53] [427/458] SAKA
[16:38:54] [428/458] PMAM
[16:38:55] [429/458] FNAM
[16:38:55] 🔄 Identity reset
[16:38:55] 🔄 Identity rotated (every 10 requests)
[16:38:56] [430/458] ACAM
[16:38:57] [431/458] SCMM
[16:38:58] [432/458] PMAK
[16:38:59] [433/458] NYSA
[16:39:00] [434/458] FCPA
[16:39:00] [435/458] GDAN
[16:39:01] [436/458] RSCA
[16:39:02] [437/458] DMAN
[16:39:03] [438/458] DZCM
[16:39:04] [439/458] NSGL
[16:39:04] 🔄 Identity reset
[16:39:04] 🔄 Identity rotated (every 10 requests)
[16:39:05] [440/458] CCPP
[16:39:06] [441/458] PSMG
[16:39:06] [442/458] GSER
[16:39:07] [443/458] FCCT
[16:39:08] [444/458] FCTB
[16:39:09] [445/458] LCNK
[16:39:10] [446/458] SKTY
[16:39:11] [447/458] INAA
[16:39:12] [448/458] RCWN
[16:39:13] [449/458] VAIS
[16:39:13] 🔄 Identity reset
[16:39:13] 🔄 Identity rotated (every 10 requests)
[16:39:13] [450/458] CVMN
[16:39:14] [451/458] INTS
[16:39:15] [452/458] FRGS
[16:39:17] [453/458] DTCK
[16:39:18] [454/458] MCMH
[16:39:19] [455/458] ECRR
[16:39:20] [456/458] RLLP
[16:39:20] [457/458] CCSN
[16:39:21] [458/458] CCBA
[16:39:22] 🧹 Deduping shows
[16:39:22] ✅ DONE | Shows=497 | Movies=29
[04:41:17] 🚀 SCRIPT STARTED (enhanced anti‑detection)
[04:41:17] [1/458] MBDC
[04:41:17] 🧠 New identity created
[04:41:18] [2/458] CHKM
[04:41:20] [3/458] JTKZ
[04:41:22] [4/458] CMCT
[04:41:23] [5/458] ASHO
[04:41:24] [6/458] ECDG
[04:41:25] [7/458] SPAT
[04:41:26] [8/458] HILC
[04:41:28] [9/458] SPPH
[04:41:29] [10/458] SBHN
[04:41:30] 🔄 Identity reset
[04:41:30] 🔄 Identity rotated (every 10 requests)
[04:41:31] [11/458] RRCA
[04:41:32] [12/458] APAA
[04:41:34] [13/458] RAME
[04:41:35] [14/458] TMMS
[04:41:36] [15/458] BATK
[04:41:38] [16/458] LKOP
[04:41:39] [17/458] AMTT
[04:41:40] [18/458] PTGK
[04:41:42] [19/458] ANRS
[04:41:43] [20/458] VWBW
[04:41:44] 🔄 Identity reset
[04:41:44] 🔄 Identity rotated (every 10 requests)
[04:41:45] [21/458] SVFG
[04:41:47] [22/458] STAT
[04:41:48] [23/458] GDCV
[04:41:49] [24/458] VEBI
[04:41:51] [25/458] VDSS
[04:41:51] [26/458] NTHV
[04:41:52] [27/458] AOCH
[04:41:53] [28/458] KASR
[04:41:55] [29/458] AYCS
[04:41:56] [30/458] SHAI
[04:41:56] 🔄 Identity reset
[04:41:56] 🔄 Identity rotated (every 10 requests)
[04:41:57] 🔄 Retry 1/5 for SHAI in 2.8s
[04:41:57] 🔄 Identity reset
[04:41:59] 🧠 New identity created
[04:42:01] [31/458] SKPE
[04:42:02] [32/458] SBTA
[04:42:03] [33/458] RTTD
[04:42:04] [34/458] CCJD
[04:42:06] [35/458] RSJJ
[04:42:08] [36/458] RKND
[04:42:09] [37/458] SVTX
[04:42:10] [38/458] BAKM
[04:42:11] [39/458] SVDC
[04:42:12] 🔄 Identity reset
[04:42:12] 🔄 Identity rotated (every 10 requests)
[04:42:12] [40/458] MNCV
[04:42:14] [41/458] SJGC
[04:42:15] [42/458] MTPK
[04:42:17] [43/458] GATP
[04:42:18] [44/458] ABTS
[04:42:20] [45/458] ABDE
[04:42:21] [46/458] RCNM
[04:42:22] [47/458] KTHV
[04:42:24] [48/458] MDGJ
[04:42:26] [49/458] SMLM
[04:42:27] 🔄 Identity reset
[04:42:27] 🔄 Identity rotated (every 10 requests)
[04:42:27] [50/458] JTMA
[04:42:28] [51/458] ACKP
[04:42:29] [52/458] SRTA
[04:42:31] [53/458] STAY
[04:42:32] [54/458] MAVO
[04:42:33] [55/458] APTS
[04:42:33] [56/458] OMEA
[04:42:34] [57/458] TTFD
[04:42:36] [58/458] MJCU
[04:42:36] [59/458] CXTE
[04:42:37] 🔄 Identity reset
[04:42:37] 🔄 Identity rotated (every 10 requests)
[04:42:38] [60/458] CTPX
[04:42:39] [61/458] ASSL
[04:42:42] [62/458] CMVB
[04:42:43] [63/458] VPUR
[04:42:45] [64/458] JJDA
[04:42:47] [65/458] INBL
[04:42:48] [66/458] BIKB
[04:42:50] [67/458] NTBB
[04:42:51] [68/458] GLOB
[04:42:52] [69/458] SNTB
[04:42:53] 🔄 Identity reset
[04:42:53] 🔄 Identity rotated (every 10 requests)
[04:42:54] [70/458] CHGV
[04:42:55] [71/458] SSBZ
[04:42:57] [72/458] PRDB
[04:42:59] [73/458] ISMT
[04:43:00] [74/458] MCSD
[04:43:01] [75/458] JBTT
[04:43:02] [76/458] GEKR
[04:43:03] [77/458] PVUN
[04:43:05] [78/458] NRTB
[04:43:07] [79/458] PRAA
[04:43:07] 🔄 Identity reset
[04:43:07] 🔄 Identity rotated (every 10 requests)
[04:43:08] 🔄 Retry 1/5 for PRAA in 2.9s
[04:43:08] 🔄 Identity reset
[04:43:10] 🧠 New identity created
[04:43:11] 🔄 Retry 2/5 for PRAA in 4.0s
[04:43:11] 🔄 Identity reset
[04:43:15] 🧠 New identity created
[04:43:15] [80/458] PCBL
[04:43:17] [81/458] PTCM
[04:43:18] [82/458] KHNN
[04:43:19] [83/458] OMJE
[04:43:20] [84/458] STGN
[04:43:22] [85/458] RPMS
[04:43:23] [86/458] NWAD
[04:43:24] [87/458] BLCK
[04:43:25] 🔄 Identity reset
[04:43:25] 🔄 Identity rotated (every 10 requests)
[04:43:26] [88/458] SVAA
[04:43:27] [89/458] URVM
[04:43:28] [90/458] ANTM
[04:43:30] [91/458] VJYM
[04:43:32] [92/458] MAZZ
[04:43:33] [93/458] CSHM
[04:43:35] [94/458] WGMH
[04:43:37] [95/458] SALN
[04:43:38] [96/458] BRTP
[04:43:39] [97/458] SVTA
[04:43:40] 🔄 Identity reset
[04:43:40] 🔄 Identity rotated (every 10 requests)
[04:43:41] [98/458] SBTP
[04:43:42] [99/458] VLSS
[04:43:43] [100/458] SRJA
[04:43:44] [101/458] ANCG
[04:43:45] [102/458] CGGC
[04:43:47] [103/458] CRJA
[04:43:48] [104/458] USCR
[04:43:49] [105/458] MMEF
[04:43:51] [106/458] JCRJ
[04:43:52] [107/458] ADCM
[04:43:52] 🔄 Identity reset
[04:43:52] 🔄 Identity rotated (every 10 requests)
[04:43:54] [108/458] BMYK
[04:43:55] [109/458] KICS
[04:43:56] [110/458] MBBT
[04:43:57] [111/458] MACK
[04:43:59] [112/458] CLDR
[04:44:01] [113/458] JYCR
[04:44:02] [114/458] DCRP
[04:44:03] [115/458] RAHT
[04:44:05] [116/458] CSSM
[04:44:06] [117/458] ATPK
[04:44:07] 🔄 Identity reset
[04:44:07] 🔄 Identity rotated (every 10 requests)
[04:44:08] [118/458] KLRT
[04:44:09] [119/458] SRDD
[04:44:10] [120/458] CKMC
[04:44:11] [121/458] KRVM
[04:44:13] [122/458] AKCP
[04:44:14] [123/458] CNCV
[04:44:15] [124/458] PACT
[04:44:17] [125/458] NATP
[04:44:18] [126/458] PCPK
[04:44:19] [127/458] SMHO
[04:44:20] 🔄 Identity reset
[04:44:20] 🔄 Identity rotated (every 10 requests)
[04:44:21] [128/458] CWTK
[04:44:22] [129/458] RVKZ
[04:44:24] [130/458] ASPD
[04:44:25] [131/458] VTKZ
[04:44:26] [132/458] LCSO
[04:44:27] [133/458] PRDY
[04:44:28] [134/458] RCAP
[04:44:29] [135/458] RGAR
[04:44:30] [136/458] RCAC
[04:44:32] [137/458] PMOD
[04:44:33] 🔄 Identity reset
[04:44:33] 🔄 Identity rotated (every 10 requests)
[04:44:33] [138/458] PVCN
[04:44:35] [139/458] SCRZ
[04:44:36] [140/458] PVPC
[04:44:38] [141/458] STID
[04:44:40] [142/458] NEDD
[04:44:41] [143/458] BNBA
[04:44:43] [144/458] NTCD
[04:44:44] [145/458] OCDE
[04:44:45] [146/458] CCDU
[04:44:46] [147/458] CRXH
[04:44:47] 🔄 Identity reset
[04:44:47] 🔄 Identity rotated (every 10 requests)
[04:44:48] [148/458] VLVT
[04:44:49] [149/458] CICI
[04:44:50] [150/458] SUCB
[04:44:51] [151/458] TCBP
[04:44:52] [152/458] SCCY
[04:44:53] [153/458] LXCY
[04:44:55] [154/458] NCMD
[04:44:56] [155/458] PHCS
[04:44:57] [156/458] DUXR
[04:44:59] [157/458] VNKS
[04:44:59] 🔄 Identity reset
[04:44:59] 🔄 Identity rotated (every 10 requests)
[04:45:00] [158/458] SEDP
[04:45:01] [159/458] SVEN
[04:45:04] [160/458] SRKM
[04:45:05] [161/458] JTLT
[04:45:07] [162/458] SVSS
[04:45:08] [163/458] AMDE
[04:45:09] [164/458] WVRN
[04:45:11] [165/458] ISMG
[04:45:13] [166/458] WVKS
[04:45:14] [167/458] USCG
[04:45:15] 🔄 Identity reset
[04:45:15] 🔄 Identity rotated (every 10 requests)
[04:45:16] [168/458] IOTG
[04:45:17] [169/458] RRJM
[04:45:18] [170/458] EDMP
[04:45:19] [171/458] SCGZ
[04:45:20] [172/458] GMGX
[04:45:22] [173/458] OMTP
[04:45:23] [174/458] MITD
[04:45:24] [175/458] SMMD
[04:45:26] [176/458] STML
[04:45:27] [177/458] MCFS
[04:45:27] 🔄 Identity reset
[04:45:27] 🔄 Identity rotated (every 10 requests)
[04:45:28] [178/458] FPKA
[04:45:29] [179/458] OMLR
[04:45:31] [180/458] KKSC
[04:45:32] [181/458] RVMA
[04:45:34] [182/458] SCLL
[04:45:35] [183/458] SCDK
[04:45:36] [184/458] SXMI
[04:45:38] [185/458] SHDN
[04:45:39] [186/458] PAAD
[04:45:40] [187/458] UUCB
[04:45:41] 🔄 Identity reset
[04:45:41] 🔄 Identity rotated (every 10 requests)
[04:45:42] [188/458] JHOL
[04:45:44] [189/458] SGWT
[04:45:45] [190/458] SRII
[04:45:47] [191/458] SGCK
[04:45:48] [192/458] SVVB
[04:45:50] [193/458] DMHA
[04:45:51] [194/458] PPNL
[04:45:53] [195/458] CPNL
[04:45:54] [196/458] WVLD
[04:45:55] [197/458] PSLV
[04:45:56] 🔄 Identity reset
[04:45:56] 🔄 Identity rotated (every 10 requests)
[04:45:56] [198/458] VTTL
[04:45:57] [199/458] NPAD
[04:45:58] [200/458] PVCS
[04:46:00] [201/458] MCHL
[04:46:01] [202/458] PPLL
[04:46:03] [203/458] MALO
[04:46:04] [204/458] SWBH
[04:46:05] [205/458] PUGB
[04:46:06] [206/458] INBB
[04:46:07] [207/458] INNS
[04:46:08] 🔄 Identity reset
[04:46:08] 🔄 Identity rotated (every 10 requests)
[04:46:09] [208/458] MCPT
[04:46:11] [209/458] SCMI
[04:46:12] [210/458] OCON
[04:46:14] [211/458] SCSM
[04:46:17] [212/458] RJVN
[04:46:17] [213/458] AMDK
[04:46:19] [214/458] ISMR
[04:46:20] [215/458] SMTD
[04:46:21] [216/458] VTDD
[04:46:22] [217/458] PDDZ
[04:46:23] 🔄 Identity reset
[04:46:23] 🔄 Identity rotated (every 10 requests)
[04:46:23] [218/458] PCCK
[04:46:24] [219/458] INAM
[04:46:25] [220/458] FNKT
[04:46:27] [221/458] GDKA
[04:46:29] [222/458] MAYU
[04:46:30] [223/458] TCGU
[04:46:31] [224/458] KDCA
[04:46:32] [225/458] DOMY
[04:46:34] [226/458] PDDD
[04:46:35] [227/458] BJTS
[04:46:36] 🔄 Identity reset
[04:46:36] 🔄 Identity rotated (every 10 requests)
[04:46:37] [228/458] VTCA
[04:46:39] [229/458] SBTM
[04:46:41] [230/458] SEET
[04:46:42] [231/458] SSTJ
[04:46:43] [232/458] SVNT
[04:46:45] [233/458] PPPR
[04:46:46] [234/458] PVYS
[04:46:48] [235/458] IOSE
[04:46:49] [236/458] ACTV
[04:46:50] [237/458] APVE
[04:46:51] 🔄 Identity reset
[04:46:51] 🔄 Identity rotated (every 10 requests)
[04:46:51] [238/458] TCCL
[04:46:53] [239/458] SCMO
[04:46:55] [240/458] SAUM
[04:46:56] [241/458] KCJS
[04:46:57] [242/458] NJCJ
[04:46:58] [243/458] NECF
[04:46:59] [244/458] CCGW
[04:47:01] [245/458] CCMG
[04:47:02] [246/458] NYRG
[04:47:03] [247/458] NCSQ
[04:47:04] 🔄 Identity reset
[04:47:04] 🔄 Identity rotated (every 10 requests)
[04:47:05] [248/458] GRCG
[04:47:06] [249/458] CCBT
[04:47:07] [250/458] ACGA
[04:47:08] [251/458] INAG
[04:47:09] [252/458] FUCG
[04:47:10] [253/458] AICF
[04:47:11] [254/458] GRGA
[04:47:12] [255/458] GDCN
[04:47:13] [256/458] RRCG
[04:47:14] [257/458] SDCH
[04:47:15] 🔄 Identity reset
[04:47:15] 🔄 Identity rotated (every 10 requests)
[04:47:16] [258/458] WVJM
[04:47:17] [259/458] JCCZ
[04:47:19] [260/458] CNCL
[04:47:20] [261/458] TMLV
[04:47:21] [262/458] MEMB
[04:47:23] [263/458] SGTD
[04:47:24] [264/458] CONX
[04:47:25] [265/458] CCMH
[04:47:26] [266/458] ACMC
[04:47:27] [267/458] DTPD
[04:47:28] 🔄 Identity reset
[04:47:28] 🔄 Identity rotated (every 10 requests)
[04:47:29] [268/458] POJA
[04:47:30] [269/458] FNBH
[04:47:32] [270/458] CGCB
[04:47:33] [271/458] RACN
[04:47:34] [272/458] JTSM
[04:47:36] [273/458] SCDN
[04:47:37] [274/458] AACK
[04:47:38] [275/458] RMCE
[04:47:39] [276/458] BSGB
[04:47:41] [277/458] MRCB
[04:47:42] 🔄 Identity reset
[04:47:42] 🔄 Identity rotated (every 10 requests)
[04:47:42] [278/458] SRVR
[04:47:44] [279/458] VTKK
[04:47:45] [280/458] AMST
[04:47:46] [281/458] APCY
[04:47:47] [282/458] LMHO
[04:47:48] [283/458] MTZH
[04:47:49] [284/458] AMZB
[04:47:50] [285/458] SUVT
[04:47:52] [286/458] RCIP
[04:47:54] [287/458] KESR
[04:47:55] 🔄 Identity reset
[04:47:55] 🔄 Identity rotated (every 10 requests)
[04:47:55] [288/458] SNKC
[04:47:57] [289/458] SCED
[04:47:58] [290/458] DVCA
[04:47:58] [291/458] VCDT
[04:48:00] [292/458] RRDI
[04:48:01] [293/458] DFCH
[04:48:02] [294/458] INSC
[04:48:04] [295/458] RGTR
[04:48:05] [296/458] FMOT
[04:48:07] [297/458] SCPM
[04:48:08] 🔄 Identity reset
[04:48:08] 🔄 Identity rotated (every 10 requests)
[04:48:09] [298/458] GCDT
[04:48:10] [299/458] BRKT
[04:48:12] [300/458] DEMP
[04:48:13] [301/458] SRLC
[04:48:14] [302/458] KSTT
[04:48:15] [303/458] SMMT
[04:48:17] [304/458] SILM
[04:48:18] [305/458] JCVM
[04:48:20] [306/458] KCSV
[04:48:21] [307/458] MHLK
[04:48:22] 🔄 Identity reset
[04:48:22] 🔄 Identity rotated (every 10 requests)
[04:48:23] [308/458] SLVL
[04:48:24] [309/458] RJKP
[04:48:25] [310/458] BBPC
[04:48:27] [311/458] MXCB
[04:48:29] [312/458] TCPK
[04:48:30] [313/458] RTBR
[04:48:31] [314/458] GAUT
[04:48:32] [315/458] DVCF
[04:48:34] [316/458] JTSB
[04:48:35] [317/458] SBLS
[04:48:35] 🔄 Identity reset
[04:48:35] 🔄 Identity rotated (every 10 requests)
[04:48:36] [318/458] UDAY
[04:48:38] [319/458] PTNP
[04:48:39] [320/458] DMKT
[04:48:41] [321/458] NTDT
[04:48:42] [322/458] SHDJ
[04:48:43] [323/458] OTNC
[04:48:45] [324/458] RNTW
[04:48:46] [325/458] GCMI
[04:48:47] [326/458] CRCM
[04:48:48] [327/458] NNCZ
[04:48:49] 🔄 Identity reset
[04:48:49] 🔄 Identity rotated (every 10 requests)
[04:48:50] [328/458] OEMO
[04:48:51] [329/458] PVJM
[04:48:52] [330/458] CPJI
[04:48:54] [331/458] RMCJ
[04:48:55] [332/458] CNWJ
[04:48:57] [333/458] EPJM
[04:48:58] [334/458] FNJJ
[04:48:59] [335/458] GCMJ
[04:49:01] [336/458] INPS
[04:49:02] [337/458] BICJ
[04:49:03] 🔄 Identity reset
[04:49:03] 🔄 Identity rotated (every 10 requests)
[04:49:03] [338/458] ISTJ
[04:49:05] [339/458] INJC
[04:49:06] [340/458] GLXJ
[04:49:07] [341/458] INEM
[04:49:08] [342/458] JTMN
[04:49:09] [343/458] FRCJ
[04:49:11] [344/458] DDJP
[04:49:12] [345/458] INJV
[04:49:14] [346/458] GOLC
[04:49:14] [347/458] KOCI
[04:49:15] 🔄 Identity reset
[04:49:15] 🔄 Identity rotated (every 10 requests)
[04:49:16] [348/458] FSTD
[04:49:17] [349/458] PACJ
[04:49:18] [350/458] GMCN
[04:49:19] [351/458] MMDJ
[04:49:20] [352/458] GODH
[04:49:22] [353/458] SKYN
[04:49:23] [354/458] NCTH
[04:49:24] [355/458] SKVZ
[04:49:25] [356/458] SVML
[04:49:26] [357/458] ACVZ
[04:49:27] 🔄 Identity reset
[04:49:27] 🔄 Identity rotated (every 10 requests)
[04:49:28] [358/458] SURA
[04:49:30] [359/458] RTRB
[04:49:31] [360/458] LLCT
[04:49:32] [361/458] ATTS
[04:49:33] [362/458] JYCM
[04:49:34] [363/458] CTKR
[04:49:36] [364/458] LCKR
[04:49:37] [365/458] NYCV
[04:49:38] [366/458] NYOH
[04:49:40] [367/458] NOVX
[04:49:40] 🔄 Identity reset
[04:49:40] 🔄 Identity rotated (every 10 requests)
[04:49:41] [368/458] MRGK
[04:49:42] [369/458] MOON
[04:49:44] [370/458] SBUC
[04:49:45] [371/458] GSVA
[04:49:47] [372/458] VIAK
[04:49:48] [373/458] SMVZ
[04:49:50] [374/458] MATE
[04:49:51] [375/458] RDCN
[04:49:53] [376/458] ASBL
[04:49:54] [377/458] ASVS
[04:49:54] 🔄 Identity reset
[04:49:54] 🔄 Identity rotated (every 10 requests)
[04:49:55] [378/458] ASSR
[04:49:57] [379/458] SSKN
[04:49:58] [380/458] DRPV
[04:49:59] [381/458] MRHT
[04:50:01] [382/458] BSCN
[04:50:02] [383/458] RKNX
[04:50:03] [384/458] MSMC
[04:50:04] [385/458] MSCJ
[04:50:05] [386/458] BTBJ
[04:50:07] [387/458] MJCC
[04:50:07] 🔄 Identity reset
[04:50:07] 🔄 Identity rotated (every 10 requests)
[04:50:08] [388/458] IOMM
[04:50:10] [389/458] ADGR
[04:50:11] [390/458] MYCP
[04:50:13] [391/458] IGCM
[04:50:14] [392/458] PGRK
[04:50:15] [393/458] VPGO
[04:50:16] [394/458] KOMS
[04:50:18] [395/458] URGG
[04:50:19] [396/458] GOST
[04:50:21] [397/458] LACT
[04:50:22] 🔄 Identity reset
[04:50:22] 🔄 Identity rotated (every 10 requests)
[04:50:22] [398/458] BWCM
[04:50:24] [399/458] NCCW
[04:50:26] [400/458] SKYC
[04:50:27] [401/458] CCPM
[04:50:28] [402/458] VCBT
[04:50:29] [403/458] SDKR
[04:50:30] [404/458] CTYB
[04:50:33] [405/458] SHCX
[04:50:35] [406/458] RCUN
[04:50:36] [407/458] CNRA
[04:50:36] 🔄 Identity reset
[04:50:36] 🔄 Identity rotated (every 10 requests)
[04:50:37] [408/458] RFCA
[04:50:38] [409/458] RDCU
[04:50:40] [410/458] SARK
[04:50:41] [411/458] SPPP
[04:50:42] [412/458] ADMB
[04:50:43] [413/458] JYOE
[04:50:44] [414/458] SRMD
[04:50:45] [415/458] RJDH
[04:50:47] [416/458] SSTD
[04:50:49] [417/458] AACV
[04:50:49] 🔄 Identity reset
[04:50:49] 🔄 Identity rotated (every 10 requests)
[04:50:50] [418/458] PPVD
[04:50:50] [419/458] STCP
[04:50:52] [420/458] ANLS
[04:50:53] [421/458] BIJO
[04:50:55] [422/458] AVAB
[04:50:56] [423/458] SPMD
[04:50:57] [424/458] SVJL
[04:50:58] [425/458] SDDJ
[04:50:59] [426/458] SLTU
[04:51:01] [427/458] SAKA
[04:51:01] 🔄 Identity reset
[04:51:01] 🔄 Identity rotated (every 10 requests)
[04:51:02] [428/458] PMAM
[04:51:03] [429/458] FNAM
[04:51:05] [430/458] ACAM
[04:51:07] [431/458] SCMM
[04:51:07] [432/458] PMAK
[04:51:08] [433/458] NYSA
[04:51:09] [434/458] FCPA
[04:51:11] [435/458] GDAN
[04:51:12] [436/458] RSCA
[04:51:13] [437/458] DMAN
[04:51:14] 🔄 Identity reset
[04:51:14] 🔄 Identity rotated (every 10 requests)
[04:51:14] [438/458] DZCM
[04:51:16] [439/458] NSGL
[04:51:17] [440/458] CCPP
[04:51:18] [441/458] PSMG
[04:51:19] [442/458] GSER
[04:51:21] [443/458] FCCT
[04:51:22] [444/458] FCTB
[04:51:23] [445/458] LCNK
[04:51:25] [446/458] SKTY
[04:51:26] [447/458] INAA
[04:51:26] 🔄 Identity reset
[04:51:26] 🔄 Identity rotated (every 10 requests)
[04:51:27] [448/458] RCWN
[04:51:29] [449/458] VAIS
[04:51:31] [450/458] CVMN
[04:51:32] [451/458] INTS
[04:51:33] [452/458] FRGS
[04:51:35] [453/458] DTCK
[04:51:36] [454/458] MCMH
[04:51:37] [455/458] ECRR
[04:51:38] [456/458] RLLP
[04:51:40] [457/458] CCSN
[04:51:40] 🔄 Identity reset
[04:51:40] 🔄 Identity rotated (every 10 requests)
[04:51:41] [458/458] CCBA
[04:51:42] 🧹 Deduping shows
[04:51:42] ✅ DONE | Shows=650 | Movies=38
[21:41:33] 🚀 SCRIPT STARTED (enhanced anti‑detection)
[21:41:33] [1/458] MBDC
[21:41:34] 🧠 New identity created
[21:41:35] [2/458] CHKM
[21:41:36] [3/458] JTKZ
[21:41:37] [4/458] CMCT
[21:41:38] [5/458] ASHO
[21:41:39] [6/458] ECDG
[21:41:40] [7/458] SPAT
[21:41:42] [8/458] HILC
[21:41:43] [9/458] SPPH
[21:41:44] [10/458] SBHN
[21:41:44] 🔄 Identity reset
[21:41:44] 🔄 Identity rotated (every 10 requests)
[21:41:45] [11/458] RRCA
[21:41:46] [12/458] APAA
[21:41:47] [13/458] RAME
[21:41:48] [14/458] TMMS
[21:41:49] [15/458] BATK
[21:41:50] [16/458] LKOP
[21:41:50] [17/458] AMTT
[21:41:52] [18/458] PTGK
[21:41:53] [19/458] ANRS
[21:41:54] [20/458] VWBW
[21:41:55] 🔄 Identity reset
[21:41:55] 🔄 Identity rotated (every 10 requests)
[21:41:55] [21/458] SVFG
[21:41:59] [22/458] STAT
[21:42:00] [23/458] GDCV
[21:42:01] [24/458] VEBI
[21:42:02] [25/458] VDSS
[21:42:03] [26/458] NTHV
[21:42:04] [27/458] AOCH
[21:42:05] [28/458] KASR
[21:42:06] [29/458] AYCS
[21:42:07] [30/458] SHAI
[21:42:07] 🔄 Identity reset
[21:42:07] 🔄 Identity rotated (every 10 requests)
[21:42:08] [31/458] SKPE
[21:42:08] [32/458] SBTA
[21:42:09] [33/458] RTTD
[21:42:11] [34/458] CCJD
[21:42:12] [35/458] RSJJ
[21:42:14] [36/458] RKND
[21:42:15] [37/458] SVTX
[21:42:15] [38/458] BAKM
[21:42:16] [39/458] SVDC
[21:42:18] [40/458] MNCV
[21:42:18] 🔄 Identity reset
[21:42:19] 🔄 Identity rotated (every 10 requests)
[21:42:19] [41/458] SJGC
[21:42:20] [42/458] MTPK
[21:42:21] [43/458] GATP
[21:42:22] [44/458] ABTS
[21:42:22] [45/458] ABDE
[21:42:23] [46/458] RCNM
[21:42:25] [47/458] KTHV
[21:42:26] [48/458] MDGJ
[21:42:27] [49/458] SMLM
[21:42:28] [50/458] JTMA
[21:42:29] 🔄 Identity reset
[21:42:29] 🔄 Identity rotated (every 10 requests)
[21:42:29] [51/458] ACKP
[21:42:30] [52/458] SRTA
[21:42:31] [53/458] STAY
[21:42:32] [54/458] MAVO
[21:42:33] [55/458] APTS
[21:42:34] [56/458] OMEA
[21:42:35] [57/458] TTFD
[21:42:35] [58/458] MJCU
[21:42:36] [59/458] CXTE
[21:42:37] [60/458] CTPX
[21:42:38] 🔄 Identity reset
[21:42:38] 🔄 Identity rotated (every 10 requests)
[21:42:38] [61/458] ASSL
[21:42:39] [62/458] CMVB
[21:42:41] [63/458] VPUR
[21:42:42] [64/458] JJDA
[21:42:43] [65/458] INBL
[21:42:45] [66/458] BIKB
[21:42:46] [67/458] NTBB
[21:42:47] [68/458] GLOB
[21:42:48] [69/458] SNTB
[21:42:49] [70/458] CHGV
[21:42:49] 🔄 Identity reset
[21:42:49] 🔄 Identity rotated (every 10 requests)
[21:42:50] [71/458] SSBZ
[21:42:51] [72/458] PRDB
[21:42:52] [73/458] ISMT
[21:42:52] [74/458] MCSD
[21:42:53] [75/458] JBTT
[21:42:55] [76/458] GEKR
[21:42:56] [77/458] PVUN
[21:42:57] [78/458] NRTB
[21:42:58] [79/458] PRAA
[21:42:59] [80/458] PCBL
[21:42:59] 🔄 Identity reset
[21:42:59] 🔄 Identity rotated (every 10 requests)
[21:43:00] [81/458] PTCM
[21:43:00] [82/458] KHNN
[21:43:01] [83/458] OMJE
[21:43:02] [84/458] STGN
[21:43:03] [85/458] RPMS
[21:43:04] [86/458] NWAD
[21:43:05] [87/458] BLCK
[21:43:06] [88/458] SVAA
[21:43:08] [89/458] URVM
[21:43:09] [90/458] ANTM
[21:43:09] 🔄 Identity reset
[21:43:09] 🔄 Identity rotated (every 10 requests)
[21:43:10] [91/458] VJYM
[21:43:11] [92/458] MAZZ
[21:43:12] [93/458] CSHM
[21:43:13] [94/458] WGMH
[21:43:14] [95/458] SALN
[21:43:15] [96/458] BRTP
[21:43:16] [97/458] SVTA
[21:43:17] [98/458] SBTP
[21:43:18] [99/458] VLSS
[21:43:19] [100/458] SRJA
[21:43:20] 🔄 Identity reset
[21:43:20] 🔄 Identity rotated (every 10 requests)
[21:43:20] [101/458] ANCG
[21:43:21] [102/458] CGGC
[21:43:22] [103/458] CRJA
[21:43:23] [104/458] USCR
[21:43:24] [105/458] MMEF
[21:43:25] [106/458] JCRJ
[21:43:26] [107/458] ADCM
[21:43:27] [108/458] BMYK
[21:43:28] [109/458] KICS
[21:43:29] [110/458] MBBT
[21:43:29] 🔄 Identity reset
[21:43:29] 🔄 Identity rotated (every 10 requests)
[21:43:30] [111/458] MACK
[21:43:31] [112/458] CLDR
[21:43:32] [113/458] JYCR
[21:43:33] [114/458] DCRP
[21:43:34] [115/458] RAHT
[21:43:35] [116/458] CSSM
[21:43:36] [117/458] ATPK
[21:43:37] [118/458] KLRT
[21:43:38] [119/458] SRDD
[21:43:39] [120/458] CKMC
[21:43:40] 🔄 Identity reset
[21:43:40] 🔄 Identity rotated (every 10 requests)
[21:43:40] [121/458] KRVM
[21:43:41] [122/458] AKCP
[21:43:42] [123/458] CNCV
[21:43:43] [124/458] PACT
[21:43:44] [125/458] NATP
[21:43:45] [126/458] PCPK
[21:43:46] [127/458] SMHO
[21:43:47] [128/458] CWTK
[21:43:48] [129/458] RVKZ
[21:43:49] [130/458] ASPD
[21:43:50] 🔄 Identity reset
[21:43:50] 🔄 Identity rotated (every 10 requests)
[21:43:50] [131/458] VTKZ
[21:43:51] [132/458] LCSO
[21:43:53] [133/458] PRDY
[21:43:54] [134/458] RCAP
[21:43:55] [135/458] RGAR
[21:43:56] [136/458] RCAC
[21:43:57] [137/458] PMOD
[21:43:58] [138/458] PVCN
[21:44:00] [139/458] SCRZ
[21:44:00] [140/458] PVPC
[21:44:01] 🔄 Identity reset
[21:44:01] 🔄 Identity rotated (every 10 requests)
[21:44:01] [141/458] STID
[21:44:02] [142/458] NEDD
[21:44:03] [143/458] BNBA
[21:44:04] [144/458] NTCD
[21:44:05] [145/458] OCDE
[21:44:06] [146/458] CCDU
[21:44:07] [147/458] CRXH
[21:44:08] [148/458] VLVT
[21:44:09] [149/458] CICI
[21:44:10] [150/458] SUCB
[21:44:10] 🔄 Identity reset
[21:44:10] 🔄 Identity rotated (every 10 requests)
[21:44:11] [151/458] TCBP
[21:44:13] [152/458] SCCY
[21:44:14] [153/458] LXCY
[21:44:15] [154/458] NCMD
[21:44:16] [155/458] PHCS
[21:44:17] [156/458] DUXR
[21:44:18] [157/458] VNKS
[21:44:19] [158/458] SEDP
[21:44:20] [159/458] SVEN
[21:44:21] [160/458] SRKM
[21:44:22] 🔄 Identity reset
[21:44:22] 🔄 Identity rotated (every 10 requests)
[21:44:23] [161/458] JTLT
[21:44:24] [162/458] SVSS
[21:44:25] [163/458] AMDE
[21:44:26] [164/458] WVRN
[21:44:27] [165/458] ISMG
[21:44:29] [166/458] WVKS
[21:44:30] [167/458] USCG
[21:44:31] [168/458] IOTG
[21:44:32] [169/458] RRJM
[21:44:33] [170/458] EDMP
[21:44:33] 🔄 Identity reset
[21:44:33] 🔄 Identity rotated (every 10 requests)
[21:44:34] [171/458] SCGZ
[21:44:35] [172/458] GMGX
[21:44:35] [173/458] OMTP
[21:44:36] [174/458] MITD
[21:44:37] [175/458] SMMD
[21:44:38] [176/458] STML
[21:44:39] [177/458] MCFS
[21:44:40] [178/458] FPKA
[21:44:41] [179/458] OMLR
[21:44:42] [180/458] KKSC
[21:44:43] 🔄 Identity reset
[21:44:43] 🔄 Identity rotated (every 10 requests)
[21:44:43] [181/458] RVMA
[21:44:44] [182/458] SCLL
[21:44:45] [183/458] SCDK
[21:44:47] [184/458] SXMI
[21:44:48] [185/458] SHDN
[21:44:49] [186/458] PAAD
[21:44:50] [187/458] UUCB
[21:44:51] [188/458] JHOL
[21:44:51] [189/458] SGWT
[21:44:52] [190/458] SRII
[21:44:53] 🔄 Identity reset
[21:44:53] 🔄 Identity rotated (every 10 requests)
[21:44:53] [191/458] SGCK
[21:44:54] [192/458] SVVB
[21:44:55] [193/458] DMHA
[21:44:56] [194/458] PPNL
[21:44:58] [195/458] CPNL
[21:44:59] [196/458] WVLD
[21:45:00] [197/458] PSLV
[21:45:01] [198/458] VTTL
[21:45:02] [199/458] NPAD
[21:45:03] [200/458] PVCS
[21:45:03] 🔄 Identity reset
[21:45:03] 🔄 Identity rotated (every 10 requests)
[21:45:04] [201/458] MCHL
[21:45:05] [202/458] PPLL
[21:45:06] [203/458] MALO
[21:45:08] [204/458] SWBH
[21:45:09] [205/458] PUGB
[21:45:10] [206/458] INBB
[21:45:11] [207/458] INNS
[21:45:12] [208/458] MCPT
[21:45:13] [209/458] SCMI
[21:45:13] [210/458] OCON
[21:45:14] 🔄 Identity reset
[21:45:14] 🔄 Identity rotated (every 10 requests)
[21:45:14] [211/458] SCSM
[21:45:15] [212/458] RJVN
[21:45:16] [213/458] AMDK
[21:45:18] [214/458] ISMR
[21:45:19] [215/458] SMTD
[21:45:20] [216/458] VTDD
[21:45:21] [217/458] PDDZ
[21:45:22] [218/458] PCCK
[21:45:23] [219/458] INAM
[21:45:25] [220/458] FNKT
[21:45:26] 🔄 Identity reset
[21:45:26] 🔄 Identity rotated (every 10 requests)
[21:45:26] [221/458] GDKA
[21:45:27] [222/458] MAYU
[21:45:28] [223/458] TCGU
[21:45:29] [224/458] KDCA
[21:45:30] [225/458] DOMY
[21:45:31] [226/458] PDDD
[21:45:32] [227/458] BJTS
[21:45:33] [228/458] VTCA
[21:45:34] [229/458] SBTM
[21:45:35] [230/458] SEET
[21:45:36] 🔄 Identity reset
[21:45:36] 🔄 Identity rotated (every 10 requests)
[21:45:36] [231/458] SSTJ
[21:45:37] [232/458] SVNT
[21:45:38] [233/458] PPPR
[21:45:39] [234/458] PVYS
[21:45:40] [235/458] IOSE
[21:45:41] [236/458] ACTV
[21:45:42] [237/458] APVE
[21:45:43] [238/458] TCCL
[21:45:44] [239/458] SCMO
[21:45:45] [240/458] SAUM
[21:45:46] 🔄 Identity reset
[21:45:46] 🔄 Identity rotated (every 10 requests)
[21:45:46] [241/458] KCJS
[21:45:47] [242/458] NJCJ
[21:45:48] [243/458] NECF
[21:45:49] [244/458] CCGW
[21:45:50] [245/458] CCMG
[21:45:52] [246/458] NYRG
[21:45:53] [247/458] NCSQ
[21:45:54] [248/458] GRCG
[21:45:56] [249/458] CCBT
[21:45:56] [250/458] ACGA
[21:45:57] 🔄 Identity reset
[21:45:57] 🔄 Identity rotated (every 10 requests)
[21:45:57] [251/458] INAG
[21:45:58] [252/458] FUCG
[21:45:59] [253/458] AICF
[21:46:00] [254/458] GRGA
[21:46:01] [255/458] GDCN
[21:46:02] [256/458] RRCG
[21:46:03] [257/458] SDCH
[21:46:04] [258/458] WVJM
[21:46:05] [259/458] JCCZ
[21:46:06] [260/458] CNCL
[21:46:06] 🔄 Identity reset
[21:46:07] 🔄 Identity rotated (every 10 requests)
[21:46:07] [261/458] TMLV
[21:46:08] [262/458] MEMB
[21:46:09] [263/458] SGTD
[21:46:10] [264/458] CONX
[21:46:11] [265/458] CCMH
[21:46:11] [266/458] ACMC
[21:46:12] [267/458] DTPD
[21:46:13] [268/458] POJA
[21:46:14] [269/458] FNBH
[21:46:15] [270/458] CGCB
[21:46:15] 🔄 Identity reset
[21:46:15] 🔄 Identity rotated (every 10 requests)
[21:46:16] [271/458] RACN
[21:46:17] [272/458] JTSM
[21:46:18] [273/458] SCDN
[21:46:19] [274/458] AACK
[21:46:20] [275/458] RMCE
[21:46:21] [276/458] BSGB
[21:46:22] [277/458] MRCB
[21:46:23] [278/458] SRVR
[21:46:24] [279/458] VTKK
[21:46:25] [280/458] AMST
[21:46:25] 🔄 Identity reset
[21:46:25] 🔄 Identity rotated (every 10 requests)
[21:46:26] [281/458] APCY
[21:46:28] [282/458] LMHO
[21:46:28] [283/458] MTZH
[21:46:29] [284/458] AMZB
[21:46:30] [285/458] SUVT
[21:46:31] [286/458] RCIP
[21:46:32] [287/458] KESR
[21:46:33] [288/458] SNKC
[21:46:34] [289/458] SCED
[21:46:35] [290/458] DVCA
[21:46:36] 🔄 Identity reset
[21:46:36] 🔄 Identity rotated (every 10 requests)
[21:46:36] [291/458] VCDT
[21:46:37] [292/458] RRDI
[21:46:38] [293/458] DFCH
[21:46:39] [294/458] INSC
[21:46:40] [295/458] RGTR
[21:46:41] [296/458] FMOT
[21:46:42] [297/458] SCPM
[21:46:43] [298/458] GCDT
[21:46:44] [299/458] BRKT
[21:46:45] [300/458] DEMP
[21:46:45] 🔄 Identity reset
[21:46:45] 🔄 Identity rotated (every 10 requests)
[21:46:46] [301/458] SRLC
[21:46:46] [302/458] KSTT
[21:46:47] [303/458] SMMT
[21:46:49] [304/458] SILM
[21:46:50] [305/458] JCVM
[21:46:51] [306/458] KCSV
[21:46:52] [307/458] MHLK
[21:46:53] [308/458] SLVL
[21:46:54] [309/458] RJKP
[21:46:56] [310/458] BBPC
[21:46:57] 🔄 Identity reset
[21:46:57] 🔄 Identity rotated (every 10 requests)
[21:46:58] [311/458] MXCB
[21:46:59] [312/458] TCPK
[21:47:00] [313/458] RTBR
[21:47:00] [314/458] GAUT
[21:47:01] [315/458] DVCF
[21:47:02] [316/458] JTSB
[21:47:03] [317/458] SBLS
[21:47:04] [318/458] UDAY
[21:47:05] [319/458] PTNP
[21:47:06] [320/458] DMKT
[21:47:07] 🔄 Identity reset
[21:47:07] 🔄 Identity rotated (every 10 requests)
[21:47:07] [321/458] NTDT
[21:47:08] [322/458] SHDJ
[21:47:09] [323/458] OTNC
[21:47:10] [324/458] RNTW
[21:47:11] [325/458] GCMI
[21:47:11] [326/458] CRCM
[21:47:12] [327/458] NNCZ
[21:47:13] [328/458] OEMO
[21:47:14] [329/458] PVJM
[21:47:15] [330/458] CPJI
[21:47:16] 🔄 Identity reset
[21:47:16] 🔄 Identity rotated (every 10 requests)
[21:47:17] [331/458] RMCJ
[21:47:19] [332/458] CNWJ
[21:47:20] [333/458] EPJM
[21:47:21] [334/458] FNJJ
[21:47:22] [335/458] GCMJ
[21:47:22] [336/458] INPS
[21:47:23] [337/458] BICJ
[21:47:24] [338/458] ISTJ
[21:47:25] [339/458] INJC
[21:47:26] [340/458] GLXJ
[21:47:27] 🔄 Identity reset
[21:47:27] 🔄 Identity rotated (every 10 requests)
[21:47:27] [341/458] INEM
[21:47:28] [342/458] JTMN
[21:47:29] [343/458] FRCJ
[21:47:30] [344/458] DDJP
[21:47:31] [345/458] INJV
[21:47:32] [346/458] GOLC
[21:47:33] [347/458] KOCI
[21:47:34] [348/458] FSTD
[21:47:35] [349/458] PACJ
[21:47:36] [350/458] GMCN
[21:47:37] 🔄 Identity reset
[21:47:37] 🔄 Identity rotated (every 10 requests)
[21:47:37] [351/458] MMDJ
[21:47:38] [352/458] GODH
[21:47:39] [353/458] SKYN
[21:47:40] [354/458] NCTH
[21:47:41] [355/458] SKVZ
[21:47:42] [356/458] SVML
[21:47:43] [357/458] ACVZ
[21:47:44] [358/458] SURA
[21:47:46] [359/458] RTRB
[21:47:47] [360/458] LLCT
[21:47:48] 🔄 Identity reset
[21:47:48] 🔄 Identity rotated (every 10 requests)
[21:47:48] [361/458] ATTS
[21:47:49] [362/458] JYCM
[21:47:50] [363/458] CTKR
[21:47:51] [364/458] LCKR
[21:47:52] [365/458] NYCV
[21:47:53] [366/458] NYOH
[21:47:54] [367/458] NOVX
[21:47:55] [368/458] MRGK
[21:47:56] [369/458] MOON
[21:47:57] [370/458] SBUC
[21:47:57] 🔄 Identity reset
[21:47:57] 🔄 Identity rotated (every 10 requests)
[21:47:58] [371/458] GSVA
[21:47:59] [372/458] VIAK
[21:47:59] [373/458] SMVZ
[21:48:00] [374/458] MATE
[21:48:01] [375/458] RDCN
[21:48:02] [376/458] ASBL
[21:48:03] [377/458] ASVS
[21:48:04] [378/458] ASSR
[21:48:05] [379/458] SSKN
[21:48:06] [380/458] DRPV
[21:48:07] 🔄 Identity reset
[21:48:07] 🔄 Identity rotated (every 10 requests)
[21:48:07] [381/458] MRHT
[21:48:08] [382/458] BSCN
[21:48:09] [383/458] RKNX
[21:48:10] [384/458] MSMC
[21:48:11] [385/458] MSCJ
[21:48:12] [386/458] BTBJ
[21:48:13] [387/458] MJCC
[21:48:14] [388/458] IOMM
[21:48:14] [389/458] ADGR
[21:48:15] [390/458] MYCP
[21:48:16] 🔄 Identity reset
[21:48:16] 🔄 Identity rotated (every 10 requests)
[21:48:17] [391/458] IGCM
[21:48:18] [392/458] PGRK
[21:48:19] [393/458] VPGO
[21:48:20] [394/458] KOMS
[21:48:21] [395/458] URGG
[21:48:22] [396/458] GOST
[21:48:23] [397/458] LACT
[21:48:24] [398/458] BWCM
[21:48:25] [399/458] NCCW
[21:48:27] [400/458] SKYC
[21:48:27] 🔄 Identity reset
[21:48:27] 🔄 Identity rotated (every 10 requests)
[21:48:28] [401/458] CCPM
[21:48:29] [402/458] VCBT
[21:48:30] [403/458] SDKR
[21:48:30] [404/458] CTYB
[21:48:31] [405/458] SHCX
[21:48:32] [406/458] RCUN
[21:48:33] [407/458] CNRA
[21:48:34] [408/458] RFCA
[21:48:36] [409/458] RDCU
[21:48:37] [410/458] SARK
[21:48:37] 🔄 Identity reset
[21:48:37] 🔄 Identity rotated (every 10 requests)
[21:48:38] [411/458] SPPP
[21:48:39] [412/458] ADMB
[21:48:40] [413/458] JYOE
[21:48:41] [414/458] SRMD
[21:48:43] [415/458] RJDH
[21:48:44] [416/458] SSTD
[21:48:45] [417/458] AACV
[21:48:46] [418/458] PPVD
[21:48:47] [419/458] STCP
[21:48:48] [420/458] ANLS
[21:48:48] 🔄 Identity reset
[21:48:48] 🔄 Identity rotated (every 10 requests)
[21:48:49] [421/458] BIJO
[21:48:50] [422/458] AVAB
[21:48:51] [423/458] SPMD
[21:48:52] [424/458] SVJL
[21:48:53] [425/458] SDDJ
[21:48:54] [426/458] SLTU
[21:48:55] [427/458] SAKA
[21:48:56] [428/458] PMAM
[21:48:58] [429/458] FNAM
[21:48:59] [430/458] ACAM
[21:49:00] 🔄 Identity reset
[21:49:00] 🔄 Identity rotated (every 10 requests)
[21:49:00] [431/458] SCMM
[21:49:01] [432/458] PMAK
[21:49:02] [433/458] NYSA
[21:49:03] [434/458] FCPA
[21:49:04] [435/458] GDAN
[21:49:05] [436/458] RSCA
[21:49:07] [437/458] DMAN
[21:49:08] [438/458] DZCM
[21:49:09] [439/458] NSGL
[21:49:10] [440/458] CCPP
[21:49:10] 🔄 Identity reset
[21:49:10] 🔄 Identity rotated (every 10 requests)
[21:49:11] [441/458] PSMG
[21:49:12] [442/458] GSER
[21:49:13] [443/458] FCCT
[21:49:14] [444/458] FCTB
[21:49:14] [445/458] LCNK
[21:49:16] [446/458] SKTY
[21:49:17] [447/458] INAA
[21:49:18] [448/458] RCWN
[21:49:19] [449/458] VAIS
[21:49:20] [450/458] CVMN
[21:49:20] 🔄 Identity reset
[21:49:20] 🔄 Identity rotated (every 10 requests)
[21:49:21] [451/458] INTS
[21:49:22] [452/458] FRGS
[21:49:23] [453/458] DTCK
[21:49:24] [454/458] MCMH
[21:49:24] [455/458] ECRR
[21:49:25] [456/458] RLLP
[21:49:26] [457/458] CCSN
[21:49:27] [458/458] CCBA
[21:49:28] 🧹 Deduping shows
[21:49:28] ✅ DONE | Shows=799 | Movies=39
[04:28:05] 🚀 SCRIPT STARTED (enhanced anti‑detection)
[04:28:05] [1/458] MBDC
[04:28:05] 🧠 New identity created
[04:28:06] [2/458] CHKM
[04:28:08] [3/458] JTKZ
[04:28:09] [4/458] CMCT
[04:28:10] [5/458] ASHO
[04:28:11] [6/458] ECDG
[04:28:12] [7/458] SPAT
[04:28:12] [8/458] HILC
[04:28:14] [9/458] SPPH
[04:28:15] [10/458] SBHN
[04:28:15] 🔄 Identity reset
[04:28:15] 🔄 Identity rotated (every 10 requests)
[04:28:15] 🔄 Retry 1/5 for SBHN in 2.5s
[04:28:15] 🔄 Identity reset
[04:28:18] 🧠 New identity created
[04:28:18] [11/458] RRCA
[04:28:19] [12/458] APAA
[04:28:20] [13/458] RAME
[04:28:21] [14/458] TMMS
[04:28:22] [15/458] BATK
[04:28:24] [16/458] LKOP
[04:28:25] [17/458] AMTT
[04:28:25] [18/458] PTGK
[04:28:27] [19/458] ANRS
[04:28:28] 🔄 Identity reset
[04:28:28] 🔄 Identity rotated (every 10 requests)
[04:28:29] [20/458] VWBW
[04:28:30] [21/458] SVFG
[04:28:31] [22/458] STAT
[04:28:32] [23/458] GDCV
[04:28:33] [24/458] VEBI
[04:28:34] [25/458] VDSS
[04:28:35] [26/458] NTHV
[04:28:36] [27/458] AOCH
[04:28:37] [28/458] KASR
[04:28:38] [29/458] AYCS
[04:28:38] 🔄 Identity reset
[04:28:38] 🔄 Identity rotated (every 10 requests)
[04:28:39] [30/458] SHAI
[04:28:40] [31/458] SKPE
[04:28:41] [32/458] SBTA
[04:28:42] [33/458] RTTD
[04:28:43] [34/458] CCJD
[04:28:44] [35/458] RSJJ
[04:28:45] [36/458] RKND
[04:28:47] [37/458] SVTX
[04:28:48] [38/458] BAKM
[04:28:49] [39/458] SVDC
[04:28:49] 🔄 Identity reset
[04:28:49] 🔄 Identity rotated (every 10 requests)
[04:28:50] [40/458] MNCV
[04:28:50] [41/458] SJGC
[04:28:51] [42/458] MTPK
[04:28:52] [43/458] GATP
[04:28:53] [44/458] ABTS
[04:28:54] [45/458] ABDE
[04:28:56] [46/458] RCNM
[04:28:57] [47/458] KTHV
[04:28:58] [48/458] MDGJ
[04:28:59] [49/458] SMLM
[04:29:00] 🔄 Identity reset
[04:29:00] 🔄 Identity rotated (every 10 requests)
[04:29:00] 🔄 Retry 1/5 for SMLM in 2.7s
[04:29:00] 🔄 Identity reset
[04:29:03] 🧠 New identity created
[04:29:03] 🔄 Retry 2/5 for SMLM in 4.3s
[04:29:03] 🔄 Identity reset
[04:29:07] 🧠 New identity created
[04:29:08] [50/458] JTMA
[04:29:09] [51/458] ACKP
[04:29:10] [52/458] SRTA
[04:29:11] [53/458] STAY
[04:29:13] [54/458] MAVO
[04:29:14] [55/458] APTS
[04:29:15] [56/458] OMEA
[04:29:16] [57/458] TTFD
[04:29:17] 🔄 Identity reset
[04:29:17] 🔄 Identity rotated (every 10 requests)
[04:29:17] [58/458] MJCU
[04:29:18] [59/458] CXTE
[04:29:19] [60/458] CTPX
[04:29:20] [61/458] ASSL
[04:29:21] [62/458] CMVB
[04:29:21] [63/458] VPUR
[04:29:22] [64/458] JJDA
[04:29:23] [65/458] INBL
[04:29:24] [66/458] BIKB
[04:29:25] [67/458] NTBB
[04:29:25] 🔄 Identity reset
[04:29:26] 🔄 Identity rotated (every 10 requests)
[04:29:26] [68/458] GLOB
[04:29:27] [69/458] SNTB
[04:29:28] [70/458] CHGV
[04:29:29] [71/458] SSBZ
[04:29:31] [72/458] PRDB
[04:29:32] [73/458] ISMT
[04:29:33] [74/458] MCSD
[04:29:34] [75/458] JBTT
[04:29:35] [76/458] GEKR
[04:29:36] [77/458] PVUN
[04:29:36] 🔄 Identity reset
[04:29:36] 🔄 Identity rotated (every 10 requests)
[04:29:37] [78/458] NRTB
[04:29:37] [79/458] PRAA
[04:29:38] [80/458] PCBL
[04:29:39] [81/458] PTCM
[04:29:40] [82/458] KHNN
[04:29:41] [83/458] OMJE
[04:29:42] [84/458] STGN
[04:29:43] [85/458] RPMS
[04:29:43] [86/458] NWAD
[04:29:44] [87/458] BLCK
[04:29:45] 🔄 Identity reset
[04:29:45] 🔄 Identity rotated (every 10 requests)
[04:29:45] [88/458] SVAA
[04:29:46] [89/458] URVM
[04:29:47] [90/458] ANTM
[04:29:48] [91/458] VJYM
[04:29:49] [92/458] MAZZ
[04:29:50] [93/458] CSHM
[04:29:51] [94/458] WGMH
[04:29:52] [95/458] SALN
[04:29:54] [96/458] BRTP
[04:29:55] [97/458] SVTA
[04:29:55] 🔄 Identity reset
[04:29:55] 🔄 Identity rotated (every 10 requests)
[04:29:56] 🔄 Retry 1/5 for SVTA in 3.0s
[04:29:56] 🔄 Identity reset
[04:29:59] 🧠 New identity created
[04:29:59] 🔄 Retry 2/5 for SVTA in 4.4s
[04:29:59] 🔄 Identity reset
[04:30:03] 🧠 New identity created
[04:30:04] [98/458] SBTP
[04:30:04] [99/458] VLSS
[04:30:05] [100/458] SRJA
[04:30:06] [101/458] ANCG
[04:30:07] [102/458] CGGC
[04:30:08] [103/458] CRJA
[04:30:09] [104/458] USCR
[04:30:10] [105/458] MMEF
[04:30:11] 🔄 Identity reset
[04:30:11] 🔄 Identity rotated (every 10 requests)
[04:30:11] [106/458] JCRJ
[04:30:13] [107/458] ADCM
[04:30:13] [108/458] BMYK
[04:30:14] [109/458] KICS
[04:30:15] [110/458] MBBT
[04:30:17] [111/458] MACK
[04:30:18] [112/458] CLDR
[04:30:19] [113/458] JYCR
[04:30:20] [114/458] DCRP
[04:30:21] [115/458] RAHT
[04:30:22] 🔄 Identity reset
[04:30:22] 🔄 Identity rotated (every 10 requests)
[04:30:22] [116/458] CSSM
[04:30:23] [117/458] ATPK
[04:30:25] [118/458] KLRT
[04:30:27] [119/458] SRDD
[04:30:29] [120/458] CKMC
[04:30:30] [121/458] KRVM
[04:30:31] [122/458] AKCP
[04:30:32] [123/458] CNCV
[04:30:32] [124/458] PACT
[04:30:33] [125/458] NATP
[04:30:34] 🔄 Identity reset
[04:30:34] 🔄 Identity rotated (every 10 requests)
[04:30:35] [126/458] PCPK
[04:30:36] [127/458] SMHO
[04:30:38] [128/458] CWTK
[04:30:38] [129/458] RVKZ
[04:30:39] [130/458] ASPD
[04:30:40] [131/458] VTKZ
[04:30:41] [132/458] LCSO
[04:30:42] [133/458] PRDY
[04:30:43] [134/458] RCAP
[04:30:44] [135/458] RGAR
[04:30:45] 🔄 Identity reset
[04:30:45] 🔄 Identity rotated (every 10 requests)
[04:30:45] [136/458] RCAC
[04:30:46] [137/458] PMOD
[04:30:48] [138/458] PVCN
[04:30:50] [139/458] SCRZ
[04:30:51] [140/458] PVPC
[04:30:52] [141/458] STID
[04:30:53] [142/458] NEDD
[04:30:54] [143/458] BNBA
[04:30:55] [144/458] NTCD
[04:30:56] [145/458] OCDE
[04:30:57] 🔄 Identity reset
[04:30:57] 🔄 Identity rotated (every 10 requests)
[04:30:58] [146/458] CCDU
[04:30:59] [147/458] CRXH
[04:30:59] [148/458] VLVT
[04:31:01] [149/458] CICI
[04:31:02] [150/458] SUCB
[04:31:04] [151/458] TCBP
[04:31:05] [152/458] SCCY
[04:31:05] [153/458] LXCY
[04:31:06] [154/458] NCMD
[04:31:07] [155/458] PHCS
[04:31:08] 🔄 Identity reset
[04:31:08] 🔄 Identity rotated (every 10 requests)
[04:31:08] [156/458] DUXR
[04:31:09] [157/458] VNKS
[04:31:10] [158/458] SEDP
[04:31:11] [159/458] SVEN
[04:31:12] [160/458] SRKM
[04:31:13] [161/458] JTLT
[04:31:15] [162/458] SVSS
[04:31:16] [163/458] AMDE
[04:31:17] [164/458] WVRN
[04:31:18] [165/458] ISMG
[04:31:19] 🔄 Identity reset
[04:31:19] 🔄 Identity rotated (every 10 requests)
[04:31:19] [166/458] WVKS
[04:31:20] [167/458] USCG
[04:31:22] [168/458] IOTG
[04:31:23] [169/458] RRJM
[04:31:24] [170/458] EDMP
[04:31:24] [171/458] SCGZ
[04:31:25] [172/458] GMGX
[04:31:26] [173/458] OMTP
[04:31:27] [174/458] MITD
[04:31:28] [175/458] SMMD
[04:31:29] 🔄 Identity reset
[04:31:29] 🔄 Identity rotated (every 10 requests)
[04:31:29] [176/458] STML
[04:31:30] [177/458] MCFS
[04:31:31] [178/458] FPKA
[04:31:32] [179/458] OMLR
[04:31:33] [180/458] KKSC
[04:31:34] [181/458] RVMA
[04:31:35] [182/458] SCLL
[04:31:36] [183/458] SCDK
[04:31:37] [184/458] SXMI
[04:31:38] [185/458] SHDN
[04:31:39] 🔄 Identity reset
[04:31:39] 🔄 Identity rotated (every 10 requests)
[04:31:40] [186/458] PAAD
[04:31:41] [187/458] UUCB
[04:31:42] [188/458] JHOL
[04:31:43] [189/458] SGWT
[04:31:44] [190/458] SRII
[04:31:45] [191/458] SGCK
[04:31:47] [192/458] SVVB
[04:31:48] [193/458] DMHA
[04:31:48] [194/458] PPNL
[04:31:50] [195/458] CPNL
[04:31:50] 🔄 Identity reset
[04:31:50] 🔄 Identity rotated (every 10 requests)
[04:31:51] [196/458] WVLD
[04:31:52] [197/458] PSLV
[04:31:53] [198/458] VTTL
[04:31:53] [199/458] NPAD
[04:31:54] [200/458] PVCS
[04:31:56] [201/458] MCHL
[04:31:57] [202/458] PPLL
[04:31:58] [203/458] MALO
[04:31:59] [204/458] SWBH
[04:31:59] [205/458] PUGB
[04:32:00] 🔄 Identity reset
[04:32:00] 🔄 Identity rotated (every 10 requests)
[04:32:00] [206/458] INBB
[04:32:01] [207/458] INNS
[04:32:02] [208/458] MCPT
[04:32:04] [209/458] SCMI
[04:32:05] [210/458] OCON
[04:32:06] [211/458] SCSM
[04:32:07] [212/458] RJVN
[04:32:07] [213/458] AMDK
[04:32:08] [214/458] ISMR
[04:32:09] [215/458] SMTD
[04:32:10] 🔄 Identity reset
[04:32:10] 🔄 Identity rotated (every 10 requests)
[04:32:10] [216/458] VTDD
[04:32:11] [217/458] PDDZ
[04:32:12] [218/458] PCCK
[04:32:13] [219/458] INAM
[04:32:14] [220/458] FNKT
[04:32:15] [221/458] GDKA
[04:32:15] [222/458] MAYU
[04:32:16] [223/458] TCGU
[04:32:17] [224/458] KDCA
[04:32:18] [225/458] DOMY
[04:32:19] 🔄 Identity reset
[04:32:19] 🔄 Identity rotated (every 10 requests)
[04:32:19] [226/458] PDDD
[04:32:20] [227/458] BJTS
[04:32:21] [228/458] VTCA
[04:32:22] [229/458] SBTM
[04:32:23] [230/458] SEET
[04:32:24] [231/458] SSTJ
[04:32:25] [232/458] SVNT
[04:32:25] [233/458] PPPR
[04:32:26] [234/458] PVYS
[04:32:27] [235/458] IOSE
[04:32:28] 🔄 Identity reset
[04:32:28] 🔄 Identity rotated (every 10 requests)
[04:32:28] [236/458] ACTV
[04:32:30] [237/458] APVE
[04:32:31] [238/458] TCCL
[04:32:32] [239/458] SCMO
[04:32:33] [240/458] SAUM
[04:32:34] [241/458] KCJS
[04:32:35] [242/458] NJCJ
[04:32:37] [243/458] NECF
[04:32:38] [244/458] CCGW
[04:32:39] [245/458] CCMG
[04:32:40] 🔄 Identity reset
[04:32:40] 🔄 Identity rotated (every 10 requests)
[04:32:40] [246/458] NYRG
[04:32:41] [247/458] NCSQ
[04:32:42] [248/458] GRCG
[04:32:43] [249/458] CCBT
[04:32:44] [250/458] ACGA
[04:32:45] [251/458] INAG
[04:32:46] [252/458] FUCG
[04:32:47] [253/458] AICF
[04:32:48] [254/458] GRGA
[04:32:49] [255/458] GDCN
[04:32:50] 🔄 Identity reset
[04:32:50] 🔄 Identity rotated (every 10 requests)
[04:32:50] [256/458] RRCG
[04:32:51] [257/458] SDCH
[04:32:52] [258/458] WVJM
[04:32:53] [259/458] JCCZ
[04:32:54] [260/458] CNCL
[04:32:55] [261/458] TMLV
[04:32:56] [262/458] MEMB
[04:32:57] [263/458] SGTD
[04:32:58] [264/458] CONX
[04:32:59] [265/458] CCMH
[04:32:59] 🔄 Identity reset
[04:32:59] 🔄 Identity rotated (every 10 requests)
[04:33:00] [266/458] ACMC
[04:33:01] [267/458] DTPD
[04:33:02] [268/458] POJA
[04:33:03] [269/458] FNBH
[04:33:03] [270/458] CGCB
[04:33:05] [271/458] RACN
[04:33:06] [272/458] JTSM
[04:33:07] [273/458] SCDN
[04:33:08] [274/458] AACK
[04:33:09] [275/458] RMCE
[04:33:10] 🔄 Identity reset
[04:33:10] 🔄 Identity rotated (every 10 requests)
[04:33:11] [276/458] BSGB
[04:33:11] [277/458] MRCB
[04:33:12] [278/458] SRVR
[04:33:13] [279/458] VTKK
[04:33:14] [280/458] AMST
[04:33:15] [281/458] APCY
[04:33:16] [282/458] LMHO
[04:33:17] [283/458] MTZH
[04:33:18] [284/458] AMZB
[04:33:19] [285/458] SUVT
[04:33:19] 🔄 Identity reset
[04:33:19] 🔄 Identity rotated (every 10 requests)
[04:33:20] [286/458] RCIP
[04:33:21] [287/458] KESR
[04:33:21] [288/458] SNKC
[04:33:23] [289/458] SCED
[04:33:24] [290/458] DVCA
[04:33:25] [291/458] VCDT
[04:33:26] [292/458] RRDI
[04:33:27] [293/458] DFCH
[04:33:28] [294/458] INSC
[04:33:29] [295/458] RGTR
[04:33:30] 🔄 Identity reset
[04:33:30] 🔄 Identity rotated (every 10 requests)
[04:33:30] [296/458] FMOT
[04:33:31] [297/458] SCPM
[04:33:32] [298/458] GCDT
[04:33:33] [299/458] BRKT
[04:33:34] [300/458] DEMP
[04:33:35] [301/458] SRLC
[04:33:36] [302/458] KSTT
[04:33:37] [303/458] SMMT
[04:33:38] [304/458] SILM
[04:33:39] [305/458] JCVM
[04:33:39] 🔄 Identity reset
[04:33:39] 🔄 Identity rotated (every 10 requests)
[04:33:40] [306/458] KCSV
[04:33:41] [307/458] MHLK
[04:33:43] [308/458] SLVL
[04:33:44] [309/458] RJKP
[04:33:45] [310/458] BBPC
[04:33:46] [311/458] MXCB
[04:33:47] [312/458] TCPK
[04:33:47] [313/458] RTBR
[04:33:48] [314/458] GAUT
[04:33:49] [315/458] DVCF
[04:33:50] 🔄 Identity reset
[04:33:50] 🔄 Identity rotated (every 10 requests)
[04:33:51] [316/458] JTSB
[04:33:53] [317/458] SBLS
[04:33:54] [318/458] UDAY
[04:33:55] [319/458] PTNP
[04:33:55] [320/458] DMKT
[04:33:56] [321/458] NTDT
[04:33:57] [322/458] SHDJ
[04:33:58] [323/458] OTNC
[04:33:59] [324/458] RNTW
[04:34:00] [325/458] GCMI
[04:34:01] 🔄 Identity reset
[04:34:01] 🔄 Identity rotated (every 10 requests)
[04:34:02] [326/458] CRCM
[04:34:02] [327/458] NNCZ
[04:34:03] [328/458] OEMO
[04:34:04] [329/458] PVJM
[04:34:05] [330/458] CPJI
[04:34:06] [331/458] RMCJ
[04:34:07] [332/458] CNWJ
[04:34:08] [333/458] EPJM
[04:34:09] [334/458] FNJJ
[04:34:10] [335/458] GCMJ
[04:34:11] 🔄 Identity reset
[04:34:11] 🔄 Identity rotated (every 10 requests)
[04:34:11] [336/458] INPS
[04:34:12] [337/458] BICJ
[04:34:13] [338/458] ISTJ
[04:34:14] [339/458] INJC
[04:34:15] [340/458] GLXJ
[04:34:16] [341/458] INEM
[04:34:17] [342/458] JTMN
[04:34:18] [343/458] FRCJ
[04:34:18] [344/458] DDJP
[04:34:19] [345/458] INJV
[04:34:20] 🔄 Identity reset
[04:34:20] 🔄 Identity rotated (every 10 requests)
[04:34:20] [346/458] GOLC
[04:34:21] [347/458] KOCI
[04:34:22] [348/458] FSTD
[04:34:23] [349/458] PACJ
[04:34:24] [350/458] GMCN
[04:34:25] [351/458] MMDJ
[04:34:26] [352/458] GODH
[04:34:28] [353/458] SKYN
[04:34:29] [354/458] NCTH
[04:34:30] [355/458] SKVZ
[04:34:30] 🔄 Identity reset
[04:34:30] 🔄 Identity rotated (every 10 requests)
[04:34:31] [356/458] SVML
[04:34:32] [357/458] ACVZ
[04:34:33] [358/458] SURA
[04:34:34] [359/458] RTRB
[04:34:35] [360/458] LLCT
[04:34:36] [361/458] ATTS
[04:34:38] [362/458] JYCM
[04:34:38] [363/458] CTKR
[04:34:39] [364/458] LCKR
[04:34:40] [365/458] NYCV
[04:34:41] 🔄 Identity reset
[04:34:41] 🔄 Identity rotated (every 10 requests)
[04:34:42] [366/458] NYOH
[04:34:43] [367/458] NOVX
[04:34:44] [368/458] MRGK
[04:34:44] [369/458] MOON
[04:34:45] [370/458] SBUC
[04:34:46] [371/458] GSVA
[04:34:47] [372/458] VIAK
[04:34:48] [373/458] SMVZ
[04:34:49] [374/458] MATE
[04:34:50] [375/458] RDCN
[04:34:51] 🔄 Identity reset
[04:34:51] 🔄 Identity rotated (every 10 requests)
[04:34:51] [376/458] ASBL
[04:34:52] [377/458] ASVS
[04:34:54] [378/458] ASSR
[04:34:55] [379/458] SSKN
[04:34:56] [380/458] DRPV
[04:34:56] [381/458] MRHT
[04:34:57] [382/458] BSCN
[04:34:58] [383/458] RKNX
[04:34:59] [384/458] MSMC
[04:35:01] [385/458] MSCJ
[04:35:01] 🔄 Identity reset
[04:35:01] 🔄 Identity rotated (every 10 requests)
[04:35:01] [386/458] BTBJ
[04:35:02] [387/458] MJCC
[04:35:04] [388/458] IOMM
[04:35:05] [389/458] ADGR
[04:35:05] [390/458] MYCP
[04:35:06] [391/458] IGCM
[04:35:07] [392/458] PGRK
[04:35:08] [393/458] VPGO
[04:35:09] [394/458] KOMS
[04:35:10] [395/458] URGG
[04:35:10] 🔄 Identity reset
[04:35:10] 🔄 Identity rotated (every 10 requests)
[04:35:11] [396/458] GOST
[04:35:12] [397/458] LACT
[04:35:13] [398/458] BWCM
[04:35:14] [399/458] NCCW
[04:35:15] [400/458] SKYC
[04:35:16] [401/458] CCPM
[04:35:17] [402/458] VCBT
[04:35:19] [403/458] SDKR
[04:35:19] [404/458] CTYB
[04:35:20] [405/458] SHCX
[04:35:21] 🔄 Identity reset
[04:35:21] 🔄 Identity rotated (every 10 requests)
[04:35:22] [406/458] RCUN
[04:35:23] [407/458] CNRA
[04:35:24] [408/458] RFCA
[04:35:25] [409/458] RDCU
[04:35:26] [410/458] SARK
[04:35:27] [411/458] SPPP
[04:35:28] [412/458] ADMB
[04:35:29] [413/458] JYOE
[04:35:30] [414/458] SRMD
[04:35:32] [415/458] RJDH
[04:35:32] 🔄 Identity reset
[04:35:32] 🔄 Identity rotated (every 10 requests)
[04:35:33] [416/458] SSTD
[04:35:34] [417/458] AACV
[04:35:35] [418/458] PPVD
[04:35:36] [419/458] STCP
[04:35:37] [420/458] ANLS
[04:35:37] [421/458] BIJO
[04:35:38] [422/458] AVAB
[04:35:40] [423/458] SPMD
[04:35:41] [424/458] SVJL
[04:35:42] [425/458] SDDJ
[04:35:42] 🔄 Identity reset
[04:35:42] 🔄 Identity rotated (every 10 requests)
[04:35:42] [426/458] SLTU
[04:35:43] [427/458] SAKA
[04:35:44] [428/458] PMAM
[04:35:46] [429/458] FNAM
[04:35:47] [430/458] ACAM
[04:35:48] [431/458] SCMM
[04:35:49] [432/458] PMAK
[04:35:49] [433/458] NYSA
[04:35:51] [434/458] FCPA
[04:35:52] [435/458] GDAN
[04:35:53] 🔄 Identity reset
[04:35:53] 🔄 Identity rotated (every 10 requests)
[04:35:53] [436/458] RSCA
[04:35:54] [437/458] DMAN
[04:35:55] [438/458] DZCM
[04:35:56] [439/458] NSGL
[04:35:57] [440/458] CCPP
[04:35:57] [441/458] PSMG
[04:35:58] [442/458] GSER
[04:35:59] [443/458] FCCT
[04:36:00] [444/458] FCTB
[04:36:02] [445/458] LCNK
[04:36:03] 🔄 Identity reset
[04:36:03] 🔄 Identity rotated (every 10 requests)
[04:36:03] [446/458] SKTY
[04:36:04] [447/458] INAA
[04:36:05] [448/458] RCWN
[04:36:06] [449/458] VAIS
[04:36:06] [450/458] CVMN
[04:36:07] [451/458] INTS
[04:36:08] [452/458] FRGS
[04:36:09] [453/458] DTCK
[04:36:10] [454/458] MCMH
[04:36:11] [455/458] ECRR
[04:36:11] 🔄 Identity reset
[04:36:11] 🔄 Identity rotated (every 10 requests)
[04:36:12] [456/458] RLLP
[04:36:13] [457/458] CCSN
[04:36:14] [458/458] CCBA
[04:36:15] 🧹 Deduping shows
[04:36:15] ✅ DONE | Shows=808 | Movies=40
[06:18:00] 🚀 SCRIPT STARTED (enhanced anti‑detection)
[06:18:00] [1/458] MBDC
[06:18:00] 🧠 New identity created
[06:18:01] [2/458] CHKM
[06:18:02] [3/458] JTKZ
[06:18:02] [4/458] CMCT
[06:18:03] [5/458] ASHO
[06:18:04] [6/458] ECDG
[06:18:05] [7/458] SPAT
[06:18:06] [8/458] HILC
[06:18:07] [9/458] SPPH
[06:18:08] [10/458] SBHN
[06:18:08] 🔄 Identity reset
[06:18:08] 🔄 Identity rotated (every 10 requests)
[06:18:09] [11/458] RRCA
[06:18:10] [12/458] APAA
[06:18:11] [13/458] RAME
[06:18:12] [14/458] TMMS
[06:18:13] [15/458] BATK
[06:18:14] [16/458] LKOP
[06:18:15] [17/458] AMTT
[06:18:16] [18/458] PTGK
[06:18:16] [19/458] ANRS
[06:18:17] [20/458] VWBW
[06:18:18] 🔄 Identity reset
[06:18:18] 🔄 Identity rotated (every 10 requests)
[06:18:18] [21/458] SVFG
[06:18:19] [22/458] STAT
[06:18:20] [23/458] GDCV
[06:18:21] [24/458] VEBI
[06:18:22] [25/458] VDSS
[06:18:23] [26/458] NTHV
[06:18:24] [27/458] AOCH
[06:18:25] [28/458] KASR
[06:18:25] [29/458] AYCS
[06:18:26] [30/458] SHAI
[06:18:27] 🔄 Identity reset
[06:18:27] 🔄 Identity rotated (every 10 requests)
[06:18:27] [31/458] SKPE
[06:18:28] [32/458] SBTA
[06:18:29] [33/458] RTTD
[06:18:30] [34/458] CCJD
[06:18:31] [35/458] RSJJ
[06:18:32] [36/458] RKND
[06:18:33] [37/458] SVTX
[06:18:34] [38/458] BAKM
[06:18:35] [39/458] SVDC
[06:18:36] [40/458] MNCV
[06:18:36] 🔄 Identity reset
[06:18:36] 🔄 Identity rotated (every 10 requests)
[06:18:37] [41/458] SJGC
[06:18:37] [42/458] MTPK
[06:18:38] [43/458] GATP
[06:18:39] [44/458] ABTS
[06:18:40] [45/458] ABDE
[06:18:41] [46/458] RCNM
[06:18:42] [47/458] KTHV
[06:18:43] [48/458] MDGJ
[06:18:44] [49/458] SMLM
[06:18:45] [50/458] JTMA
[06:18:45] 🔄 Identity reset
[06:18:45] 🔄 Identity rotated (every 10 requests)
[06:18:46] [51/458] ACKP
[06:18:46] [52/458] SRTA
[06:18:48] [53/458] STAY
[06:18:49] [54/458] MAVO
[06:18:50] [55/458] APTS
[06:18:51] [56/458] OMEA
[06:18:52] [57/458] TTFD
[06:18:53] [58/458] MJCU
[06:18:54] [59/458] CXTE
[06:18:55] [60/458] CTPX
[06:18:55] 🔄 Identity reset
[06:18:55] 🔄 Identity rotated (every 10 requests)
[06:18:55] [61/458] ASSL
[06:18:56] [62/458] CMVB
[06:18:57] [63/458] VPUR
[06:18:58] [64/458] JJDA
[06:18:59] [65/458] INBL
[06:19:00] [66/458] BIKB
[06:19:00] [67/458] NTBB
[06:19:01] [68/458] GLOB
[06:19:02] [69/458] SNTB
[06:19:03] [70/458] CHGV
[06:19:04] 🔄 Identity reset
[06:19:04] 🔄 Identity rotated (every 10 requests)
[06:19:04] [71/458] SSBZ
[06:19:05] [72/458] PRDB
[06:19:06] [73/458] ISMT
[06:19:07] [74/458] MCSD
[06:19:08] [75/458] JBTT
[06:19:09] [76/458] GEKR
[06:19:11] [77/458] PVUN
[06:19:12] [78/458] NRTB
[06:19:12] [79/458] PRAA
[06:19:13] [80/458] PCBL
[06:19:14] 🔄 Identity reset
[06:19:14] 🔄 Identity rotated (every 10 requests)
[06:19:15] [81/458] PTCM
[06:19:16] [82/458] KHNN
[06:19:17] [83/458] OMJE
[06:19:18] [84/458] STGN
[06:19:19] [85/458] RPMS
[06:19:20] [86/458] NWAD
[06:19:21] [87/458] BLCK
[06:19:22] [88/458] SVAA
[06:19:22] [89/458] URVM
[06:19:23] [90/458] ANTM
[06:19:24] 🔄 Identity reset
[06:19:24] 🔄 Identity rotated (every 10 requests)
[06:19:24] [91/458] VJYM
[06:19:25] [92/458] MAZZ
[06:19:26] [93/458] CSHM
[06:19:27] [94/458] WGMH
[06:19:28] [95/458] SALN
[06:19:28] [96/458] BRTP
[06:19:30] [97/458] SVTA
[06:19:31] [98/458] SBTP
[06:19:31] [99/458] VLSS
[06:19:32] [100/458] SRJA
[06:19:33] 🔄 Identity reset
[06:19:33] 🔄 Identity rotated (every 10 requests)
[06:19:33] [101/458] ANCG
[06:19:34] [102/458] CGGC
[06:19:36] [103/458] CRJA
[06:19:37] [104/458] USCR
[06:19:38] [105/458] MMEF
[06:19:39] [106/458] JCRJ
[06:19:39] [107/458] ADCM
[06:19:41] [108/458] BMYK
[06:19:42] [109/458] KICS
[06:19:43] [110/458] MBBT
[06:19:43] 🔄 Identity reset
[06:19:43] 🔄 Identity rotated (every 10 requests)
[06:19:44] [111/458] MACK
[06:19:45] [112/458] CLDR
[06:19:46] [113/458] JYCR
[06:19:46] [114/458] DCRP
[06:19:47] [115/458] RAHT
[06:19:48] [116/458] CSSM
[06:19:50] [117/458] ATPK
[06:19:51] [118/458] KLRT
[06:19:52] [119/458] SRDD
[06:19:53] [120/458] CKMC
[06:19:53] 🔄 Identity reset
[06:19:53] 🔄 Identity rotated (every 10 requests)
[06:19:53] [121/458] KRVM
[06:19:54] [122/458] AKCP
[06:19:55] [123/458] CNCV
[06:19:56] [124/458] PACT
[06:19:57] [125/458] NATP
[06:19:58] [126/458] PCPK
[06:19:59] [127/458] SMHO
[06:20:00] [128/458] CWTK
[06:20:01] [129/458] RVKZ
[06:20:01] [130/458] ASPD
[06:20:02] 🔄 Identity reset
[06:20:02] 🔄 Identity rotated (every 10 requests)
[06:20:02] [131/458] VTKZ
[06:20:03] [132/458] LCSO
[06:20:04] [133/458] PRDY
[06:20:05] [134/458] RCAP
[06:20:06] [135/458] RGAR
[06:20:06] [136/458] RCAC
[06:20:07] [137/458] PMOD
[06:20:08] [138/458] PVCN
[06:20:09] [139/458] SCRZ
[06:20:10] [140/458] PVPC
[06:20:10] 🔄 Identity reset
[06:20:10] 🔄 Identity rotated (every 10 requests)
[06:20:11] [141/458] STID
[06:20:12] [142/458] NEDD
[06:20:12] [143/458] BNBA
[06:20:13] [144/458] NTCD
[06:20:14] [145/458] OCDE
[06:20:15] [146/458] CCDU
[06:20:16] [147/458] CRXH
[06:20:17] [148/458] VLVT
[06:20:18] [149/458] CICI
[06:20:19] [150/458] SUCB
[06:20:19] 🔄 Identity reset
[06:20:19] 🔄 Identity rotated (every 10 requests)
[06:20:20] [151/458] TCBP
[06:20:21] [152/458] SCCY
[06:20:22] [153/458] LXCY
[06:20:23] [154/458] NCMD
[06:20:24] [155/458] PHCS
[06:20:25] [156/458] DUXR
[06:20:26] [157/458] VNKS
[06:20:26] [158/458] SEDP
[06:20:27] [159/458] SVEN
[06:20:28] [160/458] SRKM
[06:20:29] 🔄 Identity reset
[06:20:29] 🔄 Identity rotated (every 10 requests)
[06:20:29] [161/458] JTLT
[06:20:30] [162/458] SVSS
[06:20:31] [163/458] AMDE
[06:20:32] [164/458] WVRN
[06:20:32] [165/458] ISMG
[06:20:33] [166/458] WVKS
[06:20:34] [167/458] USCG
[06:20:35] [168/458] IOTG
[06:20:36] [169/458] RRJM
[06:20:37] [170/458] EDMP
[06:20:37] 🔄 Identity reset
[06:20:37] 🔄 Identity rotated (every 10 requests)
[06:20:38] [171/458] SCGZ
[06:20:38] [172/458] GMGX
[06:20:39] [173/458] OMTP
[06:20:40] [174/458] MITD
[06:20:41] [175/458] SMMD
[06:20:42] [176/458] STML
[06:20:42] [177/458] MCFS
[06:20:43] [178/458] FPKA
[06:20:44] [179/458] OMLR
[06:20:45] [180/458] KKSC
[06:20:46] 🔄 Identity reset
[06:20:46] 🔄 Identity rotated (every 10 requests)
[06:20:46] [181/458] RVMA
[06:20:47] [182/458] SCLL
[06:20:48] [183/458] SCDK
[06:20:49] [184/458] SXMI
[06:20:50] [185/458] SHDN
[06:20:50] [186/458] PAAD
[06:20:51] [187/458] UUCB
[06:20:52] [188/458] JHOL
[06:20:53] [189/458] SGWT
[06:20:54] [190/458] SRII
[06:20:55] 🔄 Identity reset
[06:20:55] 🔄 Identity rotated (every 10 requests)
[06:20:55] [191/458] SGCK
[06:20:56] [192/458] SVVB
[06:20:57] [193/458] DMHA
[06:20:58] [194/458] PPNL
[06:21:00] [195/458] CPNL
[06:21:01] [196/458] WVLD
[06:21:02] [197/458] PSLV
[06:21:03] [198/458] VTTL
[06:21:04] [199/458] NPAD
[06:21:05] [200/458] PVCS
[06:21:05] 🔄 Identity reset
[06:21:05] 🔄 Identity rotated (every 10 requests)
[06:21:06] [201/458] MCHL
[06:21:07] [202/458] PPLL
[06:21:08] [203/458] MALO
[06:21:08] [204/458] SWBH
[06:21:09] [205/458] PUGB
[06:21:10] [206/458] INBB
[06:21:11] [207/458] INNS
[06:21:12] [208/458] MCPT
[06:21:13] [209/458] SCMI
[06:21:14] [210/458] OCON
[06:21:14] 🔄 Identity reset
[06:21:14] 🔄 Identity rotated (every 10 requests)
[06:21:15] [211/458] SCSM
[06:21:15] [212/458] RJVN
[06:21:16] [213/458] AMDK
[06:21:18] [214/458] ISMR
[06:21:19] [215/458] SMTD
[06:21:20] [216/458] VTDD
[06:21:21] [217/458] PDDZ
[06:21:22] [218/458] PCCK
[06:21:23] [219/458] INAM
[06:21:24] [220/458] FNKT
[06:21:25] 🔄 Identity reset
[06:21:25] 🔄 Identity rotated (every 10 requests)
[06:21:25] [221/458] GDKA
[06:21:27] [222/458] MAYU
[06:21:27] [223/458] TCGU
[06:21:28] [224/458] KDCA
[06:21:29] [225/458] DOMY
[06:21:30] [226/458] PDDD
[06:21:31] [227/458] BJTS
[06:21:32] [228/458] VTCA
[06:21:33] [229/458] SBTM
[06:21:34] [230/458] SEET
[06:21:35] 🔄 Identity reset
[06:21:35] 🔄 Identity rotated (every 10 requests)
[06:21:35] [231/458] SSTJ
[06:21:36] [232/458] SVNT
[06:21:37] [233/458] PPPR
[06:21:38] [234/458] PVYS
[06:21:39] [235/458] IOSE
[06:21:39] [236/458] ACTV
[06:21:40] [237/458] APVE
[06:21:41] [238/458] TCCL
[06:21:42] [239/458] SCMO
[06:21:43] [240/458] SAUM
[06:21:44] 🔄 Identity reset
[06:21:44] 🔄 Identity rotated (every 10 requests)
[06:21:44] [241/458] KCJS
[06:21:45] [242/458] NJCJ
[06:21:46] [243/458] NECF
[06:21:47] [244/458] CCGW
[06:21:48] [245/458] CCMG
[06:21:49] [246/458] NYRG
[06:21:50] [247/458] NCSQ
[06:21:51] [248/458] GRCG
[06:21:52] [249/458] CCBT
[06:21:53] [250/458] ACGA
[06:21:53] 🔄 Identity reset
[06:21:53] 🔄 Identity rotated (every 10 requests)
[06:21:54] [251/458] INAG
[06:21:55] [252/458] FUCG
[06:21:56] [253/458] AICF
[06:21:57] [254/458] GRGA
[06:21:58] [255/458] GDCN
[06:21:59] [256/458] RRCG
[06:22:00] [257/458] SDCH
[06:22:01] [258/458] WVJM
[06:22:02] [259/458] JCCZ
[06:22:03] [260/458] CNCL
[06:22:03] 🔄 Identity reset
[06:22:03] 🔄 Identity rotated (every 10 requests)
[06:22:04] [261/458] TMLV
[06:22:04] [262/458] MEMB
[06:22:05] [263/458] SGTD
[06:22:06] [264/458] CONX
[06:22:07] [265/458] CCMH
[06:22:08] [266/458] ACMC
[06:22:09] [267/458] DTPD
[06:22:10] [268/458] POJA
[06:22:11] [269/458] FNBH
[06:22:12] [270/458] CGCB
[06:22:12] 🔄 Identity reset
[06:22:12] 🔄 Identity rotated (every 10 requests)
[06:22:13] [271/458] RACN
[06:22:14] [272/458] JTSM
[06:22:14] [273/458] SCDN
[06:22:15] [274/458] AACK
[06:22:16] [275/458] RMCE
[06:22:17] [276/458] BSGB
[06:22:18] [277/458] MRCB
[06:22:19] [278/458] SRVR
[06:22:19] [279/458] VTKK
[06:22:20] [280/458] AMST
[06:22:21] 🔄 Identity reset
[06:22:21] 🔄 Identity rotated (every 10 requests)
[06:22:21] [281/458] APCY
[06:22:22] [282/458] LMHO
[06:22:23] [283/458] MTZH
[06:22:24] [284/458] AMZB
[06:22:26] [285/458] SUVT
[06:22:27] [286/458] RCIP
[06:22:28] [287/458] KESR
[06:22:28] [288/458] SNKC
[06:22:29] [289/458] SCED
[06:22:30] [290/458] DVCA
[06:22:31] 🔄 Identity reset
[06:22:31] 🔄 Identity rotated (every 10 requests)
[06:22:31] [291/458] VCDT
[06:22:32] [292/458] RRDI
[06:22:33] [293/458] DFCH
[06:22:34] [294/458] INSC
[06:22:35] [295/458] RGTR
[06:22:36] [296/458] FMOT
[06:22:37] [297/458] SCPM
[06:22:37] [298/458] GCDT
[06:22:38] [299/458] BRKT
[06:22:39] [300/458] DEMP
[06:22:40] 🔄 Identity reset
[06:22:40] 🔄 Identity rotated (every 10 requests)
[06:22:40] [301/458] SRLC
[06:22:41] [302/458] KSTT
[06:22:42] [303/458] SMMT
[06:22:43] [304/458] SILM
[06:22:44] [305/458] JCVM
[06:22:45] [306/458] KCSV
[06:22:46] [307/458] MHLK
[06:22:47] [308/458] SLVL
[06:22:48] [309/458] RJKP
[06:22:49] [310/458] BBPC
[06:22:50] 🔄 Identity reset
[06:22:50] 🔄 Identity rotated (every 10 requests)
[06:22:50] [311/458] MXCB
[06:22:51] [312/458] TCPK
[06:22:52] [313/458] RTBR
[06:22:53] [314/458] GAUT
[06:22:54] [315/458] DVCF
[06:22:55] [316/458] JTSB
[06:22:56] [317/458] SBLS
[06:22:57] [318/458] UDAY
[06:22:58] [319/458] PTNP
[06:22:59] [320/458] DMKT
[06:23:00] 🔄 Identity reset
[06:23:00] 🔄 Identity rotated (every 10 requests)
[06:23:00] [321/458] NTDT
[06:23:01] [322/458] SHDJ
[06:23:02] [323/458] OTNC
[06:23:03] [324/458] RNTW
[06:23:04] [325/458] GCMI
[06:23:05] [326/458] CRCM
[06:23:06] [327/458] NNCZ
[06:23:07] [328/458] OEMO
[06:23:08] [329/458] PVJM
[06:23:08] [330/458] CPJI
[06:23:09] 🔄 Identity reset
[06:23:09] 🔄 Identity rotated (every 10 requests)
[06:23:09] [331/458] RMCJ
[06:23:10] [332/458] CNWJ
[06:23:11] [333/458] EPJM
[06:23:12] [334/458] FNJJ
[06:23:13] [335/458] GCMJ
[06:23:14] [336/458] INPS
[06:23:15] [337/458] BICJ
[06:23:16] [338/458] ISTJ
[06:23:17] [339/458] INJC
[06:23:18] [340/458] GLXJ
[06:23:19] 🔄 Identity reset
[06:23:19] 🔄 Identity rotated (every 10 requests)
[06:23:19] [341/458] INEM
[06:23:20] [342/458] JTMN
[06:23:21] [343/458] FRCJ
[06:23:22] [344/458] DDJP
[06:23:24] [345/458] INJV
[06:23:25] [346/458] GOLC
[06:23:26] [347/458] KOCI
[06:23:27] [348/458] FSTD
[06:23:28] [349/458] PACJ
[06:23:29] [350/458] GMCN
[06:23:29] 🔄 Identity reset
[06:23:29] 🔄 Identity rotated (every 10 requests)
[06:23:30] [351/458] MMDJ
[06:23:30] [352/458] GODH
[06:23:32] [353/458] SKYN
[06:23:34] [354/458] NCTH
[06:23:34] [355/458] SKVZ
[06:23:35] [356/458] SVML
[06:23:36] [357/458] ACVZ
[06:23:37] [358/458] SURA
[06:23:38] [359/458] RTRB
[06:23:39] [360/458] LLCT
[06:23:40] 🔄 Identity reset
[06:23:40] 🔄 Identity rotated (every 10 requests)
[06:23:40] [361/458] ATTS
[06:23:41] [362/458] JYCM
[06:23:43] [363/458] CTKR
[06:23:44] [364/458] LCKR
[06:23:45] [365/458] NYCV
[06:23:46] [366/458] NYOH
[06:23:46] [367/458] NOVX
[06:23:47] [368/458] MRGK
[06:23:49] [369/458] MOON
[06:23:51] [370/458] SBUC
[06:23:52] 🔄 Identity reset
[06:23:52] 🔄 Identity rotated (every 10 requests)
[06:23:52] [371/458] GSVA
[06:23:53] [372/458] VIAK
[06:23:54] [373/458] SMVZ
[06:23:55] [374/458] MATE
[06:23:56] [375/458] RDCN
[06:23:57] [376/458] ASBL
[06:23:57] [377/458] ASVS
[06:23:59] [378/458] ASSR
[06:24:01] [379/458] SSKN
[06:24:01] [380/458] DRPV
[06:24:02] 🔄 Identity reset
[06:24:02] 🔄 Identity rotated (every 10 requests)
[06:24:02] [381/458] MRHT
[06:24:03] [382/458] BSCN
[06:24:05] [383/458] RKNX
[06:24:06] [384/458] MSMC
[06:24:07] [385/458] MSCJ
[06:24:08] [386/458] BTBJ
[06:24:08] [387/458] MJCC
[06:24:09] [388/458] IOMM
[06:24:10] [389/458] ADGR
[06:24:11] [390/458] MYCP
[06:24:12] 🔄 Identity reset
[06:24:12] 🔄 Identity rotated (every 10 requests)
[06:24:12] [391/458] IGCM
[06:24:13] [392/458] PGRK
[06:24:14] [393/458] VPGO
[06:24:15] [394/458] KOMS
[06:24:16] [395/458] URGG
[06:24:17] [396/458] GOST
[06:24:18] [397/458] LACT
[06:24:19] [398/458] BWCM
[06:24:20] [399/458] NCCW
[06:24:21] [400/458] SKYC
[06:24:21] 🔄 Identity reset
[06:24:21] 🔄 Identity rotated (every 10 requests)
[06:24:22] [401/458] CCPM
[06:24:23] [402/458] VCBT
[06:24:24] [403/458] SDKR
[06:24:25] [404/458] CTYB
[06:24:26] [405/458] SHCX
[06:24:27] [406/458] RCUN
[06:24:27] [407/458] CNRA
[06:24:29] [408/458] RFCA
[06:24:30] [409/458] RDCU
[06:24:31] [410/458] SARK
[06:24:31] 🔄 Identity reset
[06:24:31] 🔄 Identity rotated (every 10 requests)
[06:24:32] [411/458] SPPP
[06:24:33] [412/458] ADMB
[06:24:34] [413/458] JYOE
[06:24:35] [414/458] SRMD
[06:24:35] [415/458] RJDH
[06:24:36] [416/458] SSTD
[06:24:38] [417/458] AACV
[06:24:39] [418/458] PPVD
[06:24:40] [419/458] STCP
[06:24:41] [420/458] ANLS
[06:24:41] 🔄 Identity reset
[06:24:41] 🔄 Identity rotated (every 10 requests)
[06:24:42] [421/458] BIJO
[06:24:43] [422/458] AVAB
[06:24:43] [423/458] SPMD
[06:24:44] [424/458] SVJL
[06:24:45] [425/458] SDDJ
[06:24:46] [426/458] SLTU
[06:24:47] [427/458] SAKA
[06:24:48] [428/458] PMAM
[06:24:50] [429/458] FNAM
[06:24:50] [430/458] ACAM
[06:24:51] 🔄 Identity reset
[06:24:51] 🔄 Identity rotated (every 10 requests)
[06:24:51] [431/458] SCMM
[06:24:52] [432/458] PMAK
[06:24:53] [433/458] NYSA
[06:24:54] [434/458] FCPA
[06:24:56] [435/458] GDAN
[06:24:56] [436/458] RSCA
[06:24:57] [437/458] DMAN
[06:24:58] [438/458] DZCM
[06:24:59] [439/458] NSGL
[06:25:00] [440/458] CCPP
[06:25:00] 🔄 Identity reset
[06:25:00] 🔄 Identity rotated (every 10 requests)
[06:25:01] [441/458] PSMG
[06:25:02] [442/458] GSER
[06:25:03] [443/458] FCCT
[06:25:04] [444/458] FCTB
[06:25:05] [445/458] LCNK
[06:25:06] [446/458] SKTY
[06:25:07] [447/458] INAA
[06:25:08] [448/458] RCWN
[06:25:09] [449/458] VAIS
[06:25:09] [450/458] CVMN
[06:25:10] 🔄 Identity reset
[06:25:10] 🔄 Identity rotated (every 10 requests)
[06:25:10] [451/458] INTS
[06:25:11] [452/458] FRGS
[06:25:12] [453/458] DTCK
[06:25:13] [454/458] MCMH
[06:25:15] [455/458] ECRR
[06:25:16] [456/458] RLLP
[06:25:17] [457/458] CCSN
[06:25:18] [458/458] CCBA
[06:25:19] 🧹 Deduping shows
[06:25:19] ✅ DONE | Shows=1704 | Movies=57
