[09:34:19] 🚀 SCRIPT STARTED (enhanced anti‑detection)
[09:34:19] [1/456] FNDB
[09:34:20] 🧠 New identity created
[09:34:20] [2/456] AMBH
[09:34:21] [3/456] PRHN
[09:34:22] [4/456] ACPM
[09:34:24] [5/456] PVFS
[09:34:24] [6/456] AACN
[09:34:26] [7/456] ACAS
[09:34:27] [8/456] CTNR
[09:34:29] [9/456] MMAH
[09:34:30] [10/456] CPMH
[09:34:30] 🔄 Identity reset
[09:34:30] 🔄 Identity rotated (every 10 requests)
[09:34:31] [11/456] IGMH
[09:34:31] [12/456] ABCS
[09:34:32] [13/456] CMMA
[09:34:33] [14/456] GPRH
[09:34:34] [15/456] PNNG
[09:34:35] [16/456] AMCA
[09:34:36] [17/456] ISTN
[09:34:37] [18/456] PIIC
[09:34:38] [19/456] AHMH
[09:34:39] [20/456] ASHN
[09:34:40] 🔄 Identity reset
[09:34:40] 🔄 Identity rotated (every 10 requests)
[09:34:40] [21/456] INHY
[09:34:41] [22/456] SRMO
[09:34:42] [23/456] PIMH
[09:34:43] [24/456] PVTS
[09:34:44] [25/456] MMCA
[09:34:44] [26/456] AKYJ
[09:34:45] [27/456] BRKH
[09:34:46] [28/456] MAHM
[09:34:47] [29/456] CPHY
[09:34:48] [30/456] PVTP
[09:34:48] 🔄 Identity reset
[09:34:48] 🔄 Identity rotated (every 10 requests)
[09:34:49] [31/456] SMMR
[09:34:50] [32/456] PVHM
[09:34:51] [33/456] SNDY
[09:34:52] [34/456] GOKU
[09:34:53] [35/456] ACEV
[09:34:54] [36/456] PVUM
[09:34:55] [37/456] VSWA
[09:34:56] [38/456] IPRS
[09:34:57] [39/456] BKMV
[09:34:58] [40/456] PVYH
[09:34:59] 🔄 Identity reset
[09:34:59] 🔄 Identity rotated (every 10 requests)
[09:34:59] 🔄 Retry 1/5 for PVYH in 2.3s
[09:34:59] 🔄 Identity reset
[09:35:01] 🧠 New identity created
[09:35:02] [41/456] INKM
[09:35:03] [42/456] ARJU
[09:35:04] [43/456] JJPP
[09:35:06] [44/456] SSRM
[09:35:07] [45/456] HMHD
[09:35:08] [46/456] SNKH
[09:35:09] [47/456] ACHI
[09:35:10] [48/456] MRAA
[09:35:11] [49/456] INMH
[09:35:12] 🔄 Identity reset
[09:35:12] 🔄 Identity rotated (every 10 requests)
[09:35:12] [50/456] ARMH
[09:35:13] [51/456] DVRR
[09:35:14] [52/456] SUDA
[09:35:15] [53/456] MCSS
[09:35:17] [54/456] VRKC
[09:35:18] [55/456] PRCX
[09:35:19] [56/456] ASJY
[09:35:20] [57/456] MTHY
[09:35:21] [58/456] SRCM
[09:35:21] [59/456] TVHY
[09:35:22] 🔄 Identity reset
[09:35:22] 🔄 Identity rotated (every 10 requests)
[09:35:23] [60/456] STHD
[09:35:24] [61/456] CPCL
[09:35:26] [62/456] PSMJ
[09:35:27] [63/456] MRGT
[09:35:28] [64/456] ARYH
[09:35:28] [65/456] VTRB
[09:35:29] [66/456] SCHC
[09:35:30] [67/456] MRRG
[09:35:31] [68/456] SPCB
[09:35:32] [69/456] AMCM
[09:35:33] 🔄 Identity reset
[09:35:33] 🔄 Identity rotated (every 10 requests)
[09:35:33] [70/456] IVNM
[09:35:34] [71/456] TRHY
[09:35:35] [72/456] PTTH
[09:35:36] [73/456] RKMH
[09:35:36] [74/456] PRCS
[09:35:37] [75/456] VAJA
[09:35:38] [76/456] BJNG
[09:35:39] [77/456] SCVM
[09:35:40] [78/456] GNHB
[09:35:42] [79/456] TLUR
[09:35:42] 🔄 Identity reset
[09:35:42] 🔄 Identity rotated (every 10 requests)
[09:35:43] [80/456] UKCC
[09:35:44] [81/456] SRKR
[09:35:44] [82/456] RMKN
[09:35:46] [83/456] SLRT
[09:35:46] [84/456] LKMT
[09:35:47] [85/456] SSRJ
[09:35:48] [86/456] SPHT
[09:35:49] [87/456] ANTT
[09:35:50] [88/456] SRCH
[09:35:51] [89/456] SRCA
[09:35:51] 🔄 Identity reset
[09:35:51] 🔄 Identity rotated (every 10 requests)
[09:35:52] [90/456] ARTH
[09:35:52] [91/456] MCBH
[09:35:53] [92/456] SNIB
[09:35:55] [93/456] SART
[09:35:56] [94/456] SKTA
[09:35:56] [95/456] YAKT
[09:35:57] [96/456] MLCK
[09:35:58] [97/456] ANTS
[09:35:59] [98/456] DGCA
[09:36:00] [99/456] SGMP
[09:36:00] 🔄 Identity reset
[09:36:00] 🔄 Identity rotated (every 10 requests)
[09:36:01] [100/456] ASWN
[09:36:02] [101/456] KFVU
[09:36:02] [102/456] POOR
[09:36:03] [103/456] GKDN
[09:36:05] [104/456] EOSE
[09:36:06] [105/456] GTTT
[09:36:06] [106/456] ARRO
[09:36:07] [107/456] CMMK
[09:36:08] [108/456] MSCN
[09:36:09] [109/456] GDKH
[09:36:09] 🔄 Identity reset
[09:36:09] 🔄 Identity rotated (every 10 requests)
[09:36:10] [110/456] DLMT
[09:36:11] [111/456] PVMF
[09:36:11] [112/456] CPCK
[09:36:12] [113/456] VMHE
[09:36:14] [114/456] PVLC
[09:36:15] [115/456] PCVB
[09:36:15] [116/456] SNYK
[09:36:16] [117/456] KTEK
[09:36:17] [118/456] PCNM
[09:36:18] [119/456] NTTR
[09:36:19] 🔄 Identity reset
[09:36:19] 🔄 Identity rotated (every 10 requests)
[09:36:19] [120/456] CPSK
[09:36:20] [121/456] JMMA
[09:36:21] [122/456] GCFK
[09:36:23] [123/456] MYCA
[09:36:24] [124/456] KSNP
[09:36:25] [125/456] PMCE
[09:36:26] [126/456] SCKI
[09:36:27] [127/456] FSMA
[09:36:28] [128/456] CETA
[09:36:29] [129/456] MCIK
[09:36:29] 🔄 Identity reset
[09:36:29] 🔄 Identity rotated (every 10 requests)
[09:36:30] [130/456] MYCR
[09:36:31] [131/456] EVMP
[09:36:31] [132/456] SSGT
[09:36:33] [133/456] KCTK
[09:36:34] [134/456] ZTKC
[09:36:35] [135/456] MMTA
[09:36:35] [136/456] MAJT
[09:36:36] [137/456] ACPK
[09:36:37] [138/456] JMAX
[09:36:38] [139/456] SETK
[09:36:38] 🔄 Identity reset
[09:36:38] 🔄 Identity rotated (every 10 requests)
[09:36:39] [140/456] CAIS
[09:36:40] [141/456] AGCD
[09:36:41] [142/456] URCL
[09:36:41] [143/456] VTDS
[09:36:42] [144/456] JCNM
[09:36:43] [145/456] KCAM
[09:36:44] [146/456] ADCU
[09:36:45] [147/456] GXYN
[09:36:46] [148/456] SMJG
[09:36:47] [149/456] EYCJ
[09:36:47] 🔄 Identity reset
[09:36:47] 🔄 Identity rotated (every 10 requests)
[09:36:48] [150/456] CCEJ
[09:36:49] [151/456] MARS
[09:36:49] [152/456] CPVJ
[09:36:50] [153/456] INVP
[09:36:51] [154/456] CPOV
[09:36:52] [155/456] VIJK
[09:36:53] [156/456] LAIM
[09:36:54] [157/456] STHV
[09:36:55] [158/456] SVLJ
[09:36:56] [159/456] ATVJ
[09:36:57] 🔄 Identity reset
[09:36:57] 🔄 Identity rotated (every 10 requests)
[09:36:57] [160/456] JTSC
[09:36:58] [161/456] RMTV
[09:37:00] [162/456] MGGG
[09:37:01] [163/456] SWTH
[09:37:01] [164/456] INVJ
[09:37:02] [165/456] PRSV
[09:37:03] [166/456] JATV
[09:37:04] [167/456] RCVD
[09:37:05] [168/456] BDMA
[09:37:06] [169/456] BLJI
[09:37:06] 🔄 Identity reset
[09:37:06] 🔄 Identity rotated (every 10 requests)
[09:37:06] [170/456] SWOT
[09:37:07] [171/456] SWRN
[09:37:08] [172/456] TVRA
[09:37:09] [173/456] NVRN
[09:37:10] [174/456] SIKC
[09:37:11] [175/456] VAKR
[09:37:12] [176/456] SYLN
[09:37:13] [177/456] KLJL
[09:37:14] [178/456] LKMY
[09:37:15] [179/456] VSLY
[09:37:15] 🔄 Identity reset
[09:37:15] 🔄 Identity rotated (every 10 requests)
[09:37:16] [180/456] CIKO
[09:37:17] [181/456] GPBG
[09:37:18] [182/456] CECM
[09:37:18] [183/456] SLKB
[09:37:19] [184/456] MTBO
[09:37:21] [185/456] SSHB
[09:37:22] [186/456] VPCS
[09:37:22] [187/456] RCSR
[09:37:23] [188/456] RJRM
[09:37:24] [189/456] KPPB
[09:37:25] 🔄 Identity reset
[09:37:25] 🔄 Identity rotated (every 10 requests)
[09:37:25] [190/456] SEDC
[09:37:27] [191/456] SCAI
[09:37:28] [192/456] RMTR
[09:37:28] [193/456] ASST
[09:37:29] [194/456] GCAK
[09:37:30] [195/456] ANNK
[09:37:31] [196/456] KDDF
[09:37:32] [197/456] NRDP
[09:37:34] [198/456] PLAK
[09:37:34] [199/456] GCMC
[09:37:35] 🔄 Identity reset
[09:37:35] 🔄 Identity rotated (every 10 requests)
[09:37:35] [200/456] ALPY
[09:37:36] [201/456] SICE
[09:37:37] [202/456] SISR
[09:37:39] [203/456] SRPZ
[09:37:40] [204/456] SRSW
[09:37:40] [205/456] SUYA
[09:37:41] [206/456] AMMT
[09:37:42] [207/456] BHCU
[09:37:43] [208/456] KLPA
[09:37:44] [209/456] NVKH
[09:37:44] 🔄 Identity reset
[09:37:44] 🔄 Identity rotated (every 10 requests)
[09:37:44] [210/456] JMRC
[09:37:45] [211/456] KTTT
[09:37:46] [212/456] MAGH
[09:37:47] [213/456] MMMX
[09:37:48] [214/456] SALJ
[09:37:49] [215/456] GTJA
[09:37:50] [216/456] MAHT
[09:37:51] [217/456] SSNN
[09:37:52] [218/456] ARRP
[09:37:53] [219/456] ATNS
[09:37:53] 🔄 Identity reset
[09:37:53] 🔄 Identity rotated (every 10 requests)
[09:37:54] [220/456] SKDT
[09:37:54] [221/456] ACAT
[09:37:55] [222/456] APRC
[09:37:56] [223/456] SWAG
[09:37:57] [224/456] SDPT
[09:37:58] [225/456] STPS
[09:37:59] [226/456] WWCZ
[09:38:00] [227/456] LLCH
[09:38:02] [228/456] MZHA
[09:38:03] [229/456] CRJG
[09:38:03] 🔄 Identity reset
[09:38:03] 🔄 Identity rotated (every 10 requests)
[09:38:04] [230/456] JGTK
[09:38:04] [231/456] KCSR
[09:38:05] [232/456] CHTL
[09:38:06] [233/456] EDSR
[09:38:07] [234/456] CSWO
[09:38:08] [235/456] CPVM
[09:38:09] [236/456] MXBY
[09:38:10] [237/456] FMMA
[09:38:11] [238/456] POVI
[09:38:12] [239/456] MTHB
[09:38:12] 🔄 Identity reset
[09:38:12] 🔄 Identity rotated (every 10 requests)
[09:38:13] [240/456] INRC
[09:38:14] [241/456] PIPP
[09:38:15] [242/456] BMXC
[09:38:15] [243/456] PCMM
[09:38:16] [244/456] PMKM
[09:38:17] [245/456] GATY
[09:38:18] [246/456] IMCM
[09:38:19] [247/456] POPE
[09:38:21] [248/456] MTCR
[09:38:21] [249/456] PVAE
[09:38:22] 🔄 Identity reset
[09:38:22] 🔄 Identity rotated (every 10 requests)
[09:38:22] [250/456] PVMI
[09:38:23] [251/456] CPNM
[09:38:24] [252/456] FMRL
[09:38:25] [253/456] MCIW
[09:38:26] [254/456] MXBO
[09:38:27] [255/456] FMKY
[09:38:29] [256/456] FMDA
[09:38:30] [257/456] THAB
[09:38:31] [258/456] PRCW
[09:38:31] [259/456] PITI
[09:38:32] 🔄 Identity reset
[09:38:32] 🔄 Identity rotated (every 10 requests)
[09:38:32] [260/456] MCFF
[09:38:33] [261/456] PDDV
[09:38:34] [262/456] MCRM
[09:38:35] [263/456] KKMB
[09:38:36] [264/456] INKO
[09:38:36] [265/456] PLXP
[09:38:37] [266/456] MMHA
[09:38:38] [267/456] FMVS
[09:38:39] [268/456] POLM
[09:38:40] [269/456] STER
[09:38:40] 🔄 Identity reset
[09:38:40] 🔄 Identity rotated (every 10 requests)
[09:38:41] [270/456] PVWJ
[09:38:41] [271/456] IMJW
[09:38:42] [272/456] FNAN
[09:38:44] [273/456] CAGL
[09:38:46] [274/456] IPBG
[09:38:46] [275/456] SMFV
[09:38:47] [276/456] MMMR
[09:38:48] [277/456] MMWM
[09:38:49] [278/456] FNCM
[09:38:50] [279/456] MDVA
[09:38:51] 🔄 Identity reset
[09:38:51] 🔄 Identity rotated (every 10 requests)
[09:38:52] [280/456] MMET
[09:38:52] [281/456] MIDO
[09:38:54] [282/456] INNP
[09:38:55] [283/456] MIFU
[09:38:56] [284/456] MMSZ
[09:38:57] [285/456] BMXA
[09:38:57] [286/456] MCAA
[09:38:59] [287/456] SCVP
[09:39:00] [288/456] PLUS
[09:39:00] [289/456] MUCK
[09:39:01] 🔄 Identity reset
[09:39:01] 🔄 Identity rotated (every 10 requests)
[09:39:01] [290/456] MTMA
[09:39:02] [291/456] HPVR
[09:39:03] [292/456] PMPK
[09:39:04] [293/456] MAJB
[09:39:05] [294/456] CTRR
[09:39:05] [295/456] MCTG
[09:39:06] [296/456] MACE
[09:39:07] [297/456] AAAS
[09:39:08] [298/456] CPVV
[09:39:09] [299/456] RCHG
[09:39:10] 🔄 Identity reset
[09:39:10] 🔄 Identity rotated (every 10 requests)
[09:39:10] [300/456] MCNE
[09:39:11] [301/456] EMNC
[09:39:12] [302/456] MCAN
[09:39:13] [303/456] TCDM
[09:39:14] [304/456] IRGT
[09:39:14] [305/456] GCMG
[09:39:15] [306/456] MXSN
[09:39:16] [307/456] MXCK
[09:39:18] [308/456] MCRC
[09:39:19] [309/456] RSMI
[09:39:19] 🔄 Identity reset
[09:39:19] 🔄 Identity rotated (every 10 requests)
[09:39:20] [310/456] WAML
[09:39:21] [311/456] MTSC
[09:39:22] [312/456] FMDR
[09:39:23] [313/456] LEPV
[09:39:24] [314/456] MTGD
[09:39:25] [315/456] IMOB
[09:39:26] [316/456] CLMM
[09:39:27] [317/456] PZCD
[09:39:28] [318/456] GOCS
[09:39:29] [319/456] KCMA
[09:39:30] 🔄 Identity reset
[09:39:30] 🔄 Identity rotated (every 10 requests)
[09:39:30] [320/456] CCMP
[09:39:31] [321/456] MTSU
[09:39:32] [322/456] SNGL
[09:39:33] [323/456] MMMC
[09:39:34] [324/456] MMAA
[09:39:35] [325/456] GCDM
[09:39:35] [326/456] KTMV
[09:39:36] [327/456] AETE
[09:39:37] [328/456] OMCS
[09:39:38] [329/456] GDCD
[09:39:39] 🔄 Identity reset
[09:39:39] 🔄 Identity rotated (every 10 requests)
[09:39:40] [330/456] NYMD
[09:39:40] [331/456] RNCV
[09:39:41] [332/456] KKMT
[09:39:42] [333/456] GDTH
[09:39:43] [334/456] KMMV
[09:39:44] [335/456] NHCG
[09:39:45] [336/456] PJDW
[09:39:46] [337/456] MMCV
[09:39:47] [338/456] FQSA
[09:39:48] [339/456] KURL
[09:39:49] 🔄 Identity reset
[09:39:49] 🔄 Identity rotated (every 10 requests)
[09:39:49] [340/456] NNNX
[09:39:50] [341/456] AMAU
[09:39:51] [342/456] VVVM
[09:39:52] [343/456] VECU
[09:39:53] [344/456] WCVR
[09:39:54] [345/456] MTGG
[09:39:55] [346/456] SGTG
[09:39:56] [347/456] MNTG
[09:39:56] [348/456] JDDG
[09:39:57] [349/456] MBTK
[09:39:58] 🔄 Identity reset
[09:39:58] 🔄 Identity rotated (every 10 requests)
[09:39:58] [350/456] SGCD
[09:39:59] [351/456] MCTC
[09:40:00] [352/456] JTPC
[09:40:01] [353/456] SDKT
[09:40:02] [354/456] KRCC
[09:40:03] [355/456] RMMD
[09:40:04] [356/456] AAME
[09:40:05] [357/456] TMWC
[09:40:05] [358/456] NRWY
[09:40:06] [359/456] CITD
[09:40:07] 🔄 Identity reset
[09:40:07] 🔄 Identity rotated (every 10 requests)
[09:40:07] [360/456] VERD
[09:40:08] [361/456] MKSK
[09:40:09] [362/456] STSM
[09:40:10] [363/456] MJDG
[09:40:12] [364/456] RKPM
[09:40:13] [365/456] SSCE
[09:40:14] [366/456] VMAE
[09:40:16] [367/456] SBRU
[09:40:17] [368/456] AMBC
[09:40:18] [369/456] AMLU
[09:40:18] 🔄 Identity reset
[09:40:18] 🔄 Identity rotated (every 10 requests)
[09:40:19] [370/456] INVZ
[09:40:19] [371/456] LGTV
[09:40:20] [372/456] SVAD
[09:40:22] [373/456] SMSA
[09:40:23] [374/456] SPCZ
[09:40:24] [375/456] GTCX
[09:40:25] [376/456] SCSL
[09:40:26] [377/456] SAHU
[09:40:27] [378/456] NCDA
[09:40:28] [379/456] SCCG
[09:40:28] 🔄 Identity reset
[09:40:28] 🔄 Identity rotated (every 10 requests)
[09:40:29] [380/456] VKTL
[09:40:31] [381/456] PUUJ
[09:40:32] [382/456] STEJ
[09:40:33] [383/456] RJAL
[09:40:34] [384/456] ACJC
[09:40:35] [385/456] ARVB
[09:40:36] [386/456] AUBB
[09:40:37] [387/456] GDBR
[09:40:38] [388/456] PVND
[09:40:38] [389/456] BGRJ
[09:40:39] 🔄 Identity reset
[09:40:39] 🔄 Identity rotated (every 10 requests)
[09:40:39] [390/456] RJMM
[09:40:40] [391/456] MCSA
[09:40:41] [392/456] BODA
[09:40:42] [393/456] JAGG
[09:40:43] [394/456] SCGA
[09:40:44] [395/456] LRCM
[09:40:45] [396/456] CPCN
[09:40:46] [397/456] SSTF
[09:40:47] [398/456] SRXP
[09:40:48] [399/456] CNFX
[09:40:49] 🔄 Identity reset
[09:40:49] 🔄 Identity rotated (every 10 requests)
[09:40:49] [400/456] ANDI
[09:40:50] [401/456] SYEW
[09:40:50] [402/456] RCRE
[09:40:51] [403/456] SCRW
[09:40:52] [404/456] MBKR
[09:40:53] [405/456] ASNT
[09:40:53] [406/456] JTMT
[09:40:54] [407/456] SHAY
[09:40:55] [408/456] VRTH
[09:40:56] [409/456] SPTI
[09:40:57] 🔄 Identity reset
[09:40:57] 🔄 Identity rotated (every 10 requests)
[09:40:57] [410/456] DPTD
[09:40:58] [411/456] TGSN
[09:40:59] [412/456] RCWV
[09:41:00] [413/456] OCUR
[09:41:01] [414/456] KSTC
[09:41:02] [415/456] SANI
[09:41:03] [416/456] MLCA
[09:41:04] [417/456] EGCA
[09:41:04] [418/456] SYSN
[09:41:05] [419/456] PKTA
[09:41:06] 🔄 Identity reset
[09:41:06] 🔄 Identity rotated (every 10 requests)
[09:41:06] [420/456] PRCC
[09:41:07] [421/456] KSTR
[09:41:08] [422/456] SNTP
[09:41:09] [423/456] RCHA
[09:41:09] [424/456] SEEA
[09:41:10] [425/456] ALAT
[09:41:11] [426/456] AATV
[09:41:12] [427/456] RJTE
[09:41:13] [428/456] AAPP
[09:41:14] [429/456] PMMH
[09:41:14] 🔄 Identity reset
[09:41:14] 🔄 Identity rotated (every 10 requests)
[09:41:15] [430/456] INRJ
[09:41:16] [431/456] SARB
[09:41:16] [432/456] PCJL
[09:41:17] [433/456] PFJJ
[09:41:18] [434/456] GRDC
[09:41:19] [435/456] BCBA
[09:41:20] [436/456] VIXL
[09:41:21] [437/456] CSTL
[09:41:22] [438/456] MTDK
[09:41:22] [439/456] TDAC
[09:41:23] 🔄 Identity reset
[09:41:23] 🔄 Identity rotated (every 10 requests)
[09:41:23] [440/456] GTDN
[09:41:24] [441/456] TTDE
[09:41:25] [442/456] ASTS
[09:41:26] [443/456] CPNS
[09:41:27] [444/456] PVVW
[09:41:28] [445/456] USEB
[09:41:28] [446/456] DTYN
[09:41:29] [447/456] PVLE
[09:41:30] [448/456] CIPS
[09:41:31] [449/456] PAEG
[09:41:31] 🔄 Identity reset
[09:41:31] 🔄 Identity rotated (every 10 requests)
[09:41:31] 🔄 Retry 1/5 for PAEG in 2.8s
[09:41:31] 🔄 Identity reset
[09:41:34] 🧠 New identity created
[09:41:35] [450/456] PTCW
[09:41:35] [451/456] G3SR
[09:41:36] [452/456] PGND
[09:41:37] [453/456] INVM
[09:41:38] [454/456] SPIA
[09:41:38] [455/456] PCSN
[09:41:40] [456/456] PPGV
[09:41:41] 🧹 Deduping shows
[09:41:41] ✅ DONE | Shows=311 | Movies=25
[16:32:38] 🚀 SCRIPT STARTED (enhanced anti‑detection)
[16:32:38] [1/456] FNDB
[16:32:39] 🧠 New identity created
[16:32:39] [2/456] AMBH
[16:32:40] [3/456] PRHN
[16:32:41] [4/456] ACPM
[16:32:42] [5/456] PVFS
[16:32:43] [6/456] AACN
[16:32:44] [7/456] ACAS
[16:32:45] [8/456] CTNR
[16:32:46] [9/456] MMAH
[16:32:47] [10/456] CPMH
[16:32:47] 🔄 Identity reset
[16:32:47] 🔄 Identity rotated (every 10 requests)
[16:32:48] [11/456] IGMH
[16:32:48] [12/456] ABCS
[16:32:49] [13/456] CMMA
[16:32:50] [14/456] GPRH
[16:32:51] [15/456] PNNG
[16:32:52] [16/456] AMCA
[16:32:53] [17/456] ISTN
[16:32:55] [18/456] PIIC
[16:32:56] [19/456] AHMH
[16:32:57] [20/456] ASHN
[16:32:57] 🔄 Identity reset
[16:32:57] 🔄 Identity rotated (every 10 requests)
[16:32:58] [21/456] INHY
[16:32:59] [22/456] SRMO
[16:33:00] [23/456] PIMH
[16:33:01] [24/456] PVTS
[16:33:02] [25/456] MMCA
[16:33:03] [26/456] AKYJ
[16:33:04] [27/456] BRKH
[16:33:05] [28/456] MAHM
[16:33:06] [29/456] CPHY
[16:33:06] [30/456] PVTP
[16:33:07] 🔄 Identity reset
[16:33:07] 🔄 Identity rotated (every 10 requests)
[16:33:08] [31/456] SMMR
[16:33:09] [32/456] PVHM
[16:33:10] [33/456] SNDY
[16:33:11] [34/456] GOKU
[16:33:12] [35/456] ACEV
[16:33:13] [36/456] PVUM
[16:33:14] [37/456] VSWA
[16:33:15] [38/456] IPRS
[16:33:16] [39/456] BKMV
[16:33:17] [40/456] PVYH
[16:33:17] 🔄 Identity reset
[16:33:17] 🔄 Identity rotated (every 10 requests)
[16:33:18] [41/456] INKM
[16:33:22] [42/456] ARJU
[16:33:23] [43/456] JJPP
[16:33:24] [44/456] SSRM
[16:33:25] [45/456] HMHD
[16:33:26] [46/456] SNKH
[16:33:27] [47/456] ACHI
[16:33:27] [48/456] MRAA
[16:33:28] [49/456] INMH
[16:33:29] [50/456] ARMH
[16:33:30] 🔄 Identity reset
[16:33:30] 🔄 Identity rotated (every 10 requests)
[16:33:30] [51/456] DVRR
[16:33:31] [52/456] SUDA
[16:33:32] [53/456] MCSS
[16:33:33] [54/456] VRKC
[16:33:34] [55/456] PRCX
[16:33:35] [56/456] ASJY
[16:33:36] [57/456] MTHY
[16:33:37] [58/456] SRCM
[16:33:38] [59/456] TVHY
[16:33:39] [60/456] STHD
[16:33:40] 🔄 Identity reset
[16:33:40] 🔄 Identity rotated (every 10 requests)
[16:33:40] [61/456] CPCL
[16:33:41] [62/456] PSMJ
[16:33:42] [63/456] MRGT
[16:33:43] [64/456] ARYH
[16:33:44] [65/456] VTRB
[16:33:45] [66/456] SCHC
[16:33:46] [67/456] MRRG
[16:33:47] [68/456] SPCB
[16:33:48] [69/456] AMCM
[16:33:49] [70/456] IVNM
[16:33:49] 🔄 Identity reset
[16:33:49] 🔄 Identity rotated (every 10 requests)
[16:33:50] [71/456] TRHY
[16:33:51] [72/456] PTTH
[16:33:52] [73/456] RKMH
[16:33:53] [74/456] PRCS
[16:33:53] [75/456] VAJA
[16:33:55] [76/456] BJNG
[16:33:56] [77/456] SCVM
[16:33:57] [78/456] GNHB
[16:33:57] [79/456] TLUR
[16:33:58] [80/456] UKCC
[16:33:59] 🔄 Identity reset
[16:33:59] 🔄 Identity rotated (every 10 requests)
[16:33:59] [81/456] SRKR
[16:34:00] [82/456] RMKN
[16:34:01] [83/456] SLRT
[16:34:02] [84/456] LKMT
[16:34:03] [85/456] SSRJ
[16:34:04] [86/456] SPHT
[16:34:05] [87/456] ANTT
[16:34:06] [88/456] SRCH
[16:34:08] [89/456] SRCA
[16:34:09] [90/456] ARTH
[16:34:09] 🔄 Identity reset
[16:34:09] 🔄 Identity rotated (every 10 requests)
[16:34:09] [91/456] MCBH
[16:34:11] [92/456] SNIB
[16:34:12] [93/456] SART
[16:34:13] [94/456] SKTA
[16:34:14] [95/456] YAKT
[16:34:15] [96/456] MLCK
[16:34:15] [97/456] ANTS
[16:34:16] [98/456] DGCA
[16:34:17] [99/456] SGMP
[16:34:18] [100/456] ASWN
[16:34:19] 🔄 Identity reset
[16:34:19] 🔄 Identity rotated (every 10 requests)
[16:34:19] [101/456] KFVU
[16:34:20] [102/456] POOR
[16:34:21] [103/456] GKDN
[16:34:22] [104/456] EOSE
[16:34:23] [105/456] GTTT
[16:34:24] [106/456] ARRO
[16:34:26] [107/456] CMMK
[16:34:26] [108/456] MSCN
[16:34:27] [109/456] GDKH
[16:34:28] [110/456] DLMT
[16:34:29] 🔄 Identity reset
[16:34:29] 🔄 Identity rotated (every 10 requests)
[16:34:29] [111/456] PVMF
[16:34:31] [112/456] CPCK
[16:34:32] [113/456] VMHE
[16:34:32] [114/456] PVLC
[16:34:33] [115/456] PCVB
[16:34:34] [116/456] SNYK
[16:34:36] [117/456] KTEK
[16:34:37] [118/456] PCNM
[16:34:38] [119/456] NTTR
[16:34:39] [120/456] CPSK
[16:34:39] 🔄 Identity reset
[16:34:39] 🔄 Identity rotated (every 10 requests)
[16:34:40] [121/456] JMMA
[16:34:41] [122/456] GCFK
[16:34:42] [123/456] MYCA
[16:34:42] [124/456] KSNP
[16:34:44] [125/456] PMCE
[16:34:45] [126/456] SCKI
[16:34:46] [127/456] FSMA
[16:34:47] [128/456] CETA
[16:34:48] [129/456] MCIK
[16:34:49] [130/456] MYCR
[16:34:50] 🔄 Identity reset
[16:34:50] 🔄 Identity rotated (every 10 requests)
[16:34:50] [131/456] EVMP
[16:34:51] [132/456] SSGT
[16:34:52] [133/456] KCTK
[16:34:53] [134/456] ZTKC
[16:34:54] [135/456] MMTA
[16:34:56] [136/456] MAJT
[16:34:56] [137/456] ACPK
[16:34:57] [138/456] JMAX
[16:34:58] [139/456] SETK
[16:34:59] [140/456] CAIS
[16:35:00] 🔄 Identity reset
[16:35:00] 🔄 Identity rotated (every 10 requests)
[16:35:00] 🔄 Retry 1/5 for CAIS in 2.1s
[16:35:00] 🔄 Identity reset
[16:35:02] 🧠 New identity created
[16:35:03] [141/456] AGCD
[16:35:04] [142/456] URCL
[16:35:05] [143/456] VTDS
[16:35:06] [144/456] JCNM
[16:35:06] [145/456] KCAM
[16:35:07] [146/456] ADCU
[16:35:08] [147/456] GXYN
[16:35:09] [148/456] SMJG
[16:35:11] [149/456] EYCJ
[16:35:11] 🔄 Identity reset
[16:35:11] 🔄 Identity rotated (every 10 requests)
[16:35:12] [150/456] CCEJ
[16:35:12] [151/456] MARS
[16:35:13] [152/456] CPVJ
[16:35:14] [153/456] INVP
[16:35:15] [154/456] CPOV
[16:35:16] [155/456] VIJK
[16:35:17] [156/456] LAIM
[16:35:18] [157/456] STHV
[16:35:19] [158/456] SVLJ
[16:35:19] [159/456] ATVJ
[16:35:20] 🔄 Identity reset
[16:35:20] 🔄 Identity rotated (every 10 requests)
[16:35:21] [160/456] JTSC
[16:35:21] [161/456] RMTV
[16:35:22] [162/456] MGGG
[16:35:23] [163/456] SWTH
[16:35:24] [164/456] INVJ
[16:35:25] [165/456] PRSV
[16:35:25] [166/456] JATV
[16:35:26] [167/456] RCVD
[16:35:27] [168/456] BDMA
[16:35:29] [169/456] BLJI
[16:35:29] 🔄 Identity reset
[16:35:29] 🔄 Identity rotated (every 10 requests)
[16:35:30] [170/456] SWOT
[16:35:30] [171/456] SWRN
[16:35:32] [172/456] TVRA
[16:35:33] [173/456] NVRN
[16:35:34] [174/456] SIKC
[16:35:34] [175/456] VAKR
[16:35:36] [176/456] SYLN
[16:35:37] [177/456] KLJL
[16:35:38] [178/456] LKMY
[16:35:39] [179/456] VSLY
[16:35:40] 🔄 Identity reset
[16:35:40] 🔄 Identity rotated (every 10 requests)
[16:35:40] [180/456] CIKO
[16:35:41] [181/456] GPBG
[16:35:42] [182/456] CECM
[16:35:43] [183/456] SLKB
[16:35:44] [184/456] MTBO
[16:35:45] [185/456] SSHB
[16:35:46] [186/456] VPCS
[16:35:47] [187/456] RCSR
[16:35:48] [188/456] RJRM
[16:35:49] [189/456] KPPB
[16:35:49] 🔄 Identity reset
[16:35:49] 🔄 Identity rotated (every 10 requests)
[16:35:50] [190/456] SEDC
[16:35:51] [191/456] SCAI
[16:35:51] [192/456] RMTR
[16:35:52] [193/456] ASST
[16:35:53] [194/456] GCAK
[16:35:54] [195/456] ANNK
[16:35:56] [196/456] KDDF
[16:35:57] [197/456] NRDP
[16:35:58] [198/456] PLAK
[16:35:59] [199/456] GCMC
[16:36:00] 🔄 Identity reset
[16:36:00] 🔄 Identity rotated (every 10 requests)
[16:36:00] [200/456] ALPY
[16:36:01] [201/456] SICE
[16:36:03] [202/456] SISR
[16:36:04] [203/456] SRPZ
[16:36:05] [204/456] SRSW
[16:36:06] [205/456] SUYA
[16:36:07] [206/456] AMMT
[16:36:08] [207/456] BHCU
[16:36:09] [208/456] KLPA
[16:36:10] [209/456] NVKH
[16:36:10] 🔄 Identity reset
[16:36:10] 🔄 Identity rotated (every 10 requests)
[16:36:11] [210/456] JMRC
[16:36:12] [211/456] KTTT
[16:36:13] [212/456] MAGH
[16:36:13] [213/456] MMMX
[16:36:14] [214/456] SALJ
[16:36:15] [215/456] GTJA
[16:36:16] [216/456] MAHT
[16:36:17] [217/456] SSNN
[16:36:18] [218/456] ARRP
[16:36:19] [219/456] ATNS
[16:36:20] 🔄 Identity reset
[16:36:20] 🔄 Identity rotated (every 10 requests)
[16:36:21] [220/456] SKDT
[16:36:21] [221/456] ACAT
[16:36:22] [222/456] APRC
[16:36:24] [223/456] SWAG
[16:36:24] [224/456] SDPT
[16:36:25] [225/456] STPS
[16:36:26] [226/456] WWCZ
[16:36:27] [227/456] LLCH
[16:36:28] [228/456] MZHA
[16:36:29] [229/456] CRJG
[16:36:29] 🔄 Identity reset
[16:36:29] 🔄 Identity rotated (every 10 requests)
[16:36:30] [230/456] JGTK
[16:36:31] [231/456] KCSR
[16:36:32] [232/456] CHTL
[16:36:33] [233/456] EDSR
[16:36:34] [234/456] CSWO
[16:36:35] [235/456] CPVM
[16:36:36] [236/456] MXBY
[16:36:37] [237/456] FMMA
[16:36:38] [238/456] POVI
[16:36:39] [239/456] MTHB
[16:36:40] 🔄 Identity reset
[16:36:40] 🔄 Identity rotated (every 10 requests)
[16:36:40] [240/456] INRC
[16:36:41] [241/456] PIPP
[16:36:42] [242/456] BMXC
[16:36:44] [243/456] PCMM
[16:36:45] [244/456] PMKM
[16:36:46] [245/456] GATY
[16:36:46] [246/456] IMCM
[16:36:47] [247/456] POPE
[16:36:48] [248/456] MTCR
[16:36:49] [249/456] PVAE
[16:36:50] 🔄 Identity reset
[16:36:50] 🔄 Identity rotated (every 10 requests)
[16:36:50] [250/456] PVMI
[16:36:51] [251/456] CPNM
[16:36:52] [252/456] FMRL
[16:36:53] [253/456] MCIW
[16:36:54] [254/456] MXBO
[16:36:55] [255/456] FMKY
[16:36:55] [256/456] FMDA
[16:36:56] [257/456] THAB
[16:36:57] [258/456] PRCW
[16:36:58] [259/456] PITI
[16:36:59] 🔄 Identity reset
[16:36:59] 🔄 Identity rotated (every 10 requests)
[16:36:59] [260/456] MCFF
[16:37:00] [261/456] PDDV
[16:37:01] [262/456] MCRM
[16:37:01] [263/456] KKMB
[16:37:02] [264/456] INKO
[16:37:03] [265/456] PLXP
[16:37:04] [266/456] MMHA
[16:37:06] [267/456] FMVS
[16:37:07] [268/456] POLM
[16:37:08] [269/456] STER
[16:37:08] 🔄 Identity reset
[16:37:08] 🔄 Identity rotated (every 10 requests)
[16:37:09] [270/456] PVWJ
[16:37:10] [271/456] IMJW
[16:37:11] [272/456] FNAN
[16:37:11] [273/456] CAGL
[16:37:12] [274/456] IPBG
[16:37:13] [275/456] SMFV
[16:37:14] [276/456] MMMR
[16:37:15] [277/456] MMWM
[16:37:16] [278/456] FNCM
[16:37:17] [279/456] MDVA
[16:37:18] 🔄 Identity reset
[16:37:18] 🔄 Identity rotated (every 10 requests)
[16:37:18] [280/456] MMET
[16:37:19] [281/456] MIDO
[16:37:20] [282/456] INNP
[16:37:21] [283/456] MIFU
[16:37:21] [284/456] MMSZ
[16:37:22] [285/456] BMXA
[16:37:23] [286/456] MCAA
[16:37:24] [287/456] SCVP
[16:37:25] [288/456] PLUS
[16:37:26] [289/456] MUCK
[16:37:27] 🔄 Identity reset
[16:37:27] 🔄 Identity rotated (every 10 requests)
[16:37:27] [290/456] MTMA
[16:37:28] [291/456] HPVR
[16:37:29] [292/456] PMPK
[16:37:31] [293/456] MAJB
[16:37:31] [294/456] CTRR
[16:37:32] [295/456] MCTG
[16:37:33] [296/456] MACE
[16:37:34] [297/456] AAAS
[16:37:35] [298/456] CPVV
[16:37:36] [299/456] RCHG
[16:37:36] 🔄 Identity reset
[16:37:36] 🔄 Identity rotated (every 10 requests)
[16:37:37] [300/456] MCNE
[16:37:38] [301/456] EMNC
[16:37:39] [302/456] MCAN
[16:37:40] [303/456] TCDM
[16:37:41] [304/456] IRGT
[16:37:42] [305/456] GCMG
[16:37:43] [306/456] MXSN
[16:37:44] [307/456] MXCK
[16:37:45] [308/456] MCRC
[16:37:46] [309/456] RSMI
[16:37:47] 🔄 Identity reset
[16:37:47] 🔄 Identity rotated (every 10 requests)
[16:37:47] [310/456] WAML
[16:37:48] [311/456] MTSC
[16:37:49] [312/456] FMDR
[16:37:50] [313/456] LEPV
[16:37:51] [314/456] MTGD
[16:37:51] [315/456] IMOB
[16:37:52] [316/456] CLMM
[16:37:53] [317/456] PZCD
[16:37:55] [318/456] GOCS
[16:37:56] [319/456] KCMA
[16:37:56] 🔄 Identity reset
[16:37:56] 🔄 Identity rotated (every 10 requests)
[16:37:57] [320/456] CCMP
[16:37:57] [321/456] MTSU
[16:37:59] [322/456] SNGL
[16:38:00] [323/456] MMMC
[16:38:01] [324/456] MMAA
[16:38:02] [325/456] GCDM
[16:38:03] [326/456] KTMV
[16:38:04] [327/456] AETE
[16:38:05] [328/456] OMCS
[16:38:06] [329/456] GDCD
[16:38:06] 🔄 Identity reset
[16:38:06] 🔄 Identity rotated (every 10 requests)
[16:38:07] [330/456] NYMD
[16:38:08] [331/456] RNCV
[16:38:10] [332/456] KKMT
[16:38:10] [333/456] GDTH
[16:38:11] [334/456] KMMV
[16:38:12] [335/456] NHCG
[16:38:13] [336/456] PJDW
[16:38:14] [337/456] MMCV
[16:38:15] [338/456] FQSA
[16:38:16] [339/456] KURL
[16:38:16] 🔄 Identity reset
[16:38:16] 🔄 Identity rotated (every 10 requests)
[16:38:17] [340/456] NNNX
[16:38:17] [341/456] AMAU
[16:38:18] [342/456] VVVM
[16:38:20] [343/456] VECU
[16:38:21] [344/456] WCVR
[16:38:22] [345/456] MTGG
[16:38:23] [346/456] SGTG
[16:38:24] [347/456] MNTG
[16:38:25] [348/456] JDDG
[16:38:26] [349/456] MBTK
[16:38:26] 🔄 Identity reset
[16:38:26] 🔄 Identity rotated (every 10 requests)
[16:38:26] [350/456] SGCD
[16:38:27] [351/456] MCTC
[16:38:28] [352/456] JTPC
[16:38:30] [353/456] SDKT
[16:38:31] [354/456] KRCC
[16:38:32] [355/456] RMMD
[16:38:32] [356/456] AAME
[16:38:33] [357/456] TMWC
[16:38:34] [358/456] NRWY
[16:38:35] [359/456] CITD
[16:38:36] 🔄 Identity reset
[16:38:36] 🔄 Identity rotated (every 10 requests)
[16:38:36] [360/456] VERD
[16:38:37] [361/456] MKSK
[16:38:38] [362/456] STSM
[16:38:39] [363/456] MJDG
[16:38:40] [364/456] RKPM
[16:38:41] [365/456] SSCE
[16:38:42] [366/456] VMAE
[16:38:43] [367/456] SBRU
[16:38:44] [368/456] AMBC
[16:38:44] [369/456] AMLU
[16:38:45] 🔄 Identity reset
[16:38:45] 🔄 Identity rotated (every 10 requests)
[16:38:45] [370/456] INVZ
[16:38:47] [371/456] LGTV
[16:38:48] [372/456] SVAD
[16:38:49] [373/456] SMSA
[16:38:49] [374/456] SPCZ
[16:38:50] [375/456] GTCX
[16:38:51] [376/456] SCSL
[16:38:52] [377/456] SAHU
[16:38:54] [378/456] NCDA
[16:38:54] [379/456] SCCG
[16:38:55] 🔄 Identity reset
[16:38:55] 🔄 Identity rotated (every 10 requests)
[16:38:55] [380/456] VKTL
[16:38:56] [381/456] PUUJ
[16:38:57] [382/456] STEJ
[16:38:58] [383/456] RJAL
[16:38:59] [384/456] ACJC
[16:38:59] [385/456] ARVB
[16:39:00] [386/456] AUBB
[16:39:01] [387/456] GDBR
[16:39:02] [388/456] PVND
[16:39:03] [389/456] BGRJ
[16:39:04] 🔄 Identity reset
[16:39:04] 🔄 Identity rotated (every 10 requests)
[16:39:04] [390/456] RJMM
[16:39:05] [391/456] MCSA
[16:39:06] [392/456] BODA
[16:39:07] [393/456] JAGG
[16:39:08] [394/456] SCGA
[16:39:09] [395/456] LRCM
[16:39:10] [396/456] CPCN
[16:39:11] [397/456] SSTF
[16:39:12] [398/456] SRXP
[16:39:13] [399/456] CNFX
[16:39:13] 🔄 Identity reset
[16:39:13] 🔄 Identity rotated (every 10 requests)
[16:39:14] [400/456] ANDI
[16:39:14] [401/456] SYEW
[16:39:15] [402/456] RCRE
[16:39:16] [403/456] SCRW
[16:39:17] [404/456] MBKR
[16:39:18] [405/456] ASNT
[16:39:19] [406/456] JTMT
[16:39:20] [407/456] SHAY
[16:39:21] [408/456] VRTH
[16:39:22] [409/456] SPTI
[16:39:23] 🔄 Identity reset
[16:39:23] 🔄 Identity rotated (every 10 requests)
[16:39:23] [410/456] DPTD
[16:39:24] [411/456] TGSN
[16:39:25] [412/456] RCWV
[16:39:26] [413/456] OCUR
[16:39:27] [414/456] KSTC
[16:39:28] [415/456] SANI
[16:39:29] [416/456] MLCA
[16:39:30] [417/456] EGCA
[16:39:30] [418/456] SYSN
[16:39:31] [419/456] PKTA
[16:39:32] 🔄 Identity reset
[16:39:32] 🔄 Identity rotated (every 10 requests)
[16:39:32] [420/456] PRCC
[16:39:33] [421/456] KSTR
[16:39:34] [422/456] SNTP
[16:39:35] [423/456] RCHA
[16:39:36] [424/456] SEEA
[16:39:38] [425/456] ALAT
[16:39:38] [426/456] AATV
[16:39:39] [427/456] RJTE
[16:39:40] [428/456] AAPP
[16:39:41] [429/456] PMMH
[16:39:41] 🔄 Identity reset
[16:39:41] 🔄 Identity rotated (every 10 requests)
[16:39:42] [430/456] INRJ
[16:39:43] [431/456] SARB
[16:39:43] [432/456] PCJL
[16:39:44] [433/456] PFJJ
[16:39:45] [434/456] GRDC
[16:39:46] [435/456] BCBA
[16:39:47] [436/456] VIXL
[16:39:48] [437/456] CSTL
[16:39:49] [438/456] MTDK
[16:39:50] [439/456] TDAC
[16:39:50] 🔄 Identity reset
[16:39:50] 🔄 Identity rotated (every 10 requests)
[16:39:51] [440/456] GTDN
[16:39:52] [441/456] TTDE
[16:39:53] [442/456] ASTS
[16:39:54] [443/456] CPNS
[16:39:55] [444/456] PVVW
[16:39:56] [445/456] USEB
[16:39:58] [446/456] DTYN
[16:39:59] [447/456] PVLE
[16:40:00] [448/456] CIPS
[16:40:01] [449/456] PAEG
[16:40:02] 🔄 Identity reset
[16:40:02] 🔄 Identity rotated (every 10 requests)
[16:40:02] [450/456] PTCW
[16:40:03] [451/456] G3SR
[16:40:04] [452/456] PGND
[16:40:05] [453/456] INVM
[16:40:06] [454/456] SPIA
[16:40:06] [455/456] PCSN
[16:40:08] [456/456] PPGV
[16:40:09] 🧹 Deduping shows
[16:40:09] ✅ DONE | Shows=464 | Movies=33
[04:41:24] 🚀 SCRIPT STARTED (enhanced anti‑detection)
[04:41:24] [1/456] FNDB
[04:41:24] 🧠 New identity created
[04:41:25] [2/456] AMBH
[04:41:26] [3/456] PRHN
[04:41:28] [4/456] ACPM
[04:41:30] [5/456] PVFS
[04:41:31] [6/456] AACN
[04:41:33] [7/456] ACAS
[04:41:34] [8/456] CTNR
[04:41:35] [9/456] MMAH
[04:41:36] [10/456] CPMH
[04:41:37] 🔄 Identity reset
[04:41:37] 🔄 Identity rotated (every 10 requests)
[04:41:38] [11/456] IGMH
[04:41:39] [12/456] ABCS
[04:41:40] [13/456] CMMA
[04:41:42] [14/456] GPRH
[04:41:44] [15/456] PNNG
[04:41:45] [16/456] AMCA
[04:41:46] [17/456] ISTN
[04:41:48] [18/456] PIIC
[04:41:50] [19/456] AHMH
[04:41:51] [20/456] ASHN
[04:41:52] 🔄 Identity reset
[04:41:52] 🔄 Identity rotated (every 10 requests)
[04:41:53] [21/456] INHY
[04:41:54] [22/456] SRMO
[04:41:55] [23/456] PIMH
[04:41:57] [24/456] PVTS
[04:41:58] [25/456] MMCA
[04:41:59] [26/456] AKYJ
[04:42:01] [27/456] BRKH
[04:42:02] [28/456] MAHM
[04:42:03] [29/456] CPHY
[04:42:05] [30/456] PVTP
[04:42:05] 🔄 Identity reset
[04:42:05] 🔄 Identity rotated (every 10 requests)
[04:42:07] [31/456] SMMR
[04:42:07] [32/456] PVHM
[04:42:09] [33/456] SNDY
[04:42:10] [34/456] GOKU
[04:42:11] [35/456] ACEV
[04:42:12] [36/456] PVUM
[04:42:14] [37/456] VSWA
[04:42:15] [38/456] IPRS
[04:42:16] [39/456] BKMV
[04:42:18] [40/456] PVYH
[04:42:19] 🔄 Identity reset
[04:42:19] 🔄 Identity rotated (every 10 requests)
[04:42:20] [41/456] INKM
[04:42:21] [42/456] ARJU
[04:42:22] [43/456] JJPP
[04:42:23] [44/456] SSRM
[04:42:25] [45/456] HMHD
[04:42:26] [46/456] SNKH
[04:42:27] [47/456] ACHI
[04:42:28] [48/456] MRAA
[04:42:30] [49/456] INMH
[04:42:31] [50/456] ARMH
[04:42:32] 🔄 Identity reset
[04:42:32] 🔄 Identity rotated (every 10 requests)
[04:42:32] [51/456] DVRR
[04:42:34] [52/456] SUDA
[04:42:35] [53/456] MCSS
[04:42:37] [54/456] VRKC
[04:42:38] [55/456] PRCX
[04:42:40] [56/456] ASJY
[04:42:41] [57/456] MTHY
[04:42:43] [58/456] SRCM
[04:42:44] [59/456] TVHY
[04:42:46] [60/456] STHD
[04:42:46] 🔄 Identity reset
[04:42:46] 🔄 Identity rotated (every 10 requests)
[04:42:46] 🔄 Retry 1/5 for STHD in 2.5s
[04:42:46] 🔄 Identity reset
[04:42:49] 🧠 New identity created
[04:42:49] [61/456] CPCL
[04:42:50] [62/456] PSMJ
[04:42:52] [63/456] MRGT
[04:42:54] [64/456] ARYH
[04:42:56] [65/456] VTRB
[04:42:56] [66/456] SCHC
[04:42:58] [67/456] MRRG
[04:43:00] [68/456] SPCB
[04:43:01] [69/456] AMCM
[04:43:01] 🔄 Identity reset
[04:43:01] 🔄 Identity rotated (every 10 requests)
[04:43:02] [70/456] IVNM
[04:43:04] [71/456] TRHY
[04:43:05] [72/456] PTTH
[04:43:06] [73/456] RKMH
[04:43:08] [74/456] PRCS
[04:43:09] [75/456] VAJA
[04:43:11] [76/456] BJNG
[04:43:12] [77/456] SCVM
[04:43:13] [78/456] GNHB
[04:43:14] [79/456] TLUR
[04:43:15] 🔄 Identity reset
[04:43:15] 🔄 Identity rotated (every 10 requests)
[04:43:16] [80/456] UKCC
[04:43:17] [81/456] SRKR
[04:43:18] [82/456] RMKN
[04:43:19] [83/456] SLRT
[04:43:21] [84/456] LKMT
[04:43:23] [85/456] SSRJ
[04:43:24] [86/456] SPHT
[04:43:25] [87/456] ANTT
[04:43:27] [88/456] SRCH
[04:43:28] [89/456] SRCA
[04:43:29] 🔄 Identity reset
[04:43:29] 🔄 Identity rotated (every 10 requests)
[04:43:30] [90/456] ARTH
[04:43:31] [91/456] MCBH
[04:43:32] [92/456] SNIB
[04:43:34] [93/456] SART
[04:43:35] [94/456] SKTA
[04:43:36] [95/456] YAKT
[04:43:38] [96/456] MLCK
[04:43:39] [97/456] ANTS
[04:43:41] [98/456] DGCA
[04:43:42] [99/456] SGMP
[04:43:43] 🔄 Identity reset
[04:43:43] 🔄 Identity rotated (every 10 requests)
[04:43:43] [100/456] ASWN
[04:43:45] [101/456] KFVU
[04:43:46] [102/456] POOR
[04:43:47] [103/456] GKDN
[04:43:48] [104/456] EOSE
[04:43:49] [105/456] GTTT
[04:43:50] [106/456] ARRO
[04:43:51] [107/456] CMMK
[04:43:53] [108/456] MSCN
[04:43:55] [109/456] GDKH
[04:43:55] 🔄 Identity reset
[04:43:55] 🔄 Identity rotated (every 10 requests)
[04:43:56] [110/456] DLMT
[04:43:58] [111/456] PVMF
[04:43:58] [112/456] CPCK
[04:44:00] [113/456] VMHE
[04:44:02] [114/456] PVLC
[04:44:03] [115/456] PCVB
[04:44:04] [116/456] SNYK
[04:44:05] [117/456] KTEK
[04:44:06] [118/456] PCNM
[04:44:08] [119/456] NTTR
[04:44:08] 🔄 Identity reset
[04:44:08] 🔄 Identity rotated (every 10 requests)
[04:44:10] [120/456] CPSK
[04:44:11] [121/456] JMMA
[04:44:13] [122/456] GCFK
[04:44:14] [123/456] MYCA
[04:44:15] [124/456] KSNP
[04:44:16] [125/456] PMCE
[04:44:18] [126/456] SCKI
[04:44:20] [127/456] FSMA
[04:44:22] [128/456] CETA
[04:44:23] [129/456] MCIK
[04:44:24] 🔄 Identity reset
[04:44:24] 🔄 Identity rotated (every 10 requests)
[04:44:25] [130/456] MYCR
[04:44:26] [131/456] EVMP
[04:44:27] [132/456] SSGT
[04:44:29] [133/456] KCTK
[04:44:30] [134/456] ZTKC
[04:44:32] [135/456] MMTA
[04:44:33] [136/456] MAJT
[04:44:34] [137/456] ACPK
[04:44:36] [138/456] JMAX
[04:44:37] [139/456] SETK
[04:44:38] 🔄 Identity reset
[04:44:38] 🔄 Identity rotated (every 10 requests)
[04:44:38] 🔄 Retry 1/5 for SETK in 2.5s
[04:44:38] 🔄 Identity reset
[04:44:40] 🧠 New identity created
[04:44:40] 🔄 Retry 2/5 for SETK in 5.0s
[04:44:40] 🔄 Identity reset
[04:44:45] 🧠 New identity created
[04:44:46] [140/456] CAIS
[04:44:48] [141/456] AGCD
[04:44:49] [142/456] URCL
[04:44:51] [143/456] VTDS
[04:44:53] [144/456] JCNM
[04:44:54] [145/456] KCAM
[04:44:55] [146/456] ADCU
[04:44:56] [147/456] GXYN
[04:44:57] 🔄 Identity reset
[04:44:57] 🔄 Identity rotated (every 10 requests)
[04:44:57] 🔄 Retry 1/5 for GXYN in 2.5s
[04:44:57] 🔄 Identity reset
[04:44:59] 🧠 New identity created
[04:45:00] [148/456] SMJG
[04:45:01] [149/456] EYCJ
[04:45:02] [150/456] CCEJ
[04:45:03] [151/456] MARS
[04:45:04] [152/456] CPVJ
[04:45:06] [153/456] INVP
[04:45:07] [154/456] CPOV
[04:45:09] [155/456] VIJK
[04:45:10] [156/456] LAIM
[04:45:11] 🔄 Identity reset
[04:45:11] 🔄 Identity rotated (every 10 requests)
[04:45:11] [157/456] STHV
[04:45:13] [158/456] SVLJ
[04:45:14] [159/456] ATVJ
[04:45:16] [160/456] JTSC
[04:45:17] [161/456] RMTV
[04:45:18] [162/456] MGGG
[04:45:19] [163/456] SWTH
[04:45:20] [164/456] INVJ
[04:45:21] [165/456] PRSV
[04:45:22] [166/456] JATV
[04:45:23] 🔄 Identity reset
[04:45:23] 🔄 Identity rotated (every 10 requests)
[04:45:24] [167/456] RCVD
[04:45:25] [168/456] BDMA
[04:45:26] [169/456] BLJI
[04:45:27] [170/456] SWOT
[04:45:28] [171/456] SWRN
[04:45:30] [172/456] TVRA
[04:45:31] [173/456] NVRN
[04:45:32] [174/456] SIKC
[04:45:34] [175/456] VAKR
[04:45:35] [176/456] SYLN
[04:45:36] 🔄 Identity reset
[04:45:36] 🔄 Identity rotated (every 10 requests)
[04:45:37] [177/456] KLJL
[04:45:38] [178/456] LKMY
[04:45:39] [179/456] VSLY
[04:45:40] [180/456] CIKO
[04:45:42] [181/456] GPBG
[04:45:43] [182/456] CECM
[04:45:44] [183/456] SLKB
[04:45:46] [184/456] MTBO
[04:45:48] [185/456] SSHB
[04:45:49] [186/456] VPCS
[04:45:50] 🔄 Identity reset
[04:45:50] 🔄 Identity rotated (every 10 requests)
[04:45:50] [187/456] RCSR
[04:45:52] [188/456] RJRM
[04:45:53] [189/456] KPPB
[04:45:55] [190/456] SEDC
[04:45:56] [191/456] SCAI
[04:45:57] [192/456] RMTR
[04:45:58] [193/456] ASST
[04:46:00] [194/456] GCAK
[04:46:01] [195/456] ANNK
[04:46:03] [196/456] KDDF
[04:46:03] 🔄 Identity reset
[04:46:03] 🔄 Identity rotated (every 10 requests)
[04:46:04] [197/456] NRDP
[04:46:06] [198/456] PLAK
[04:46:06] [199/456] GCMC
[04:46:08] [200/456] ALPY
[04:46:09] [201/456] SICE
[04:46:10] [202/456] SISR
[04:46:11] [203/456] SRPZ
[04:46:13] [204/456] SRSW
[04:46:15] [205/456] SUYA
[04:46:16] [206/456] AMMT
[04:46:17] 🔄 Identity reset
[04:46:17] 🔄 Identity rotated (every 10 requests)
[04:46:18] [207/456] BHCU
[04:46:20] [208/456] KLPA
[04:46:21] [209/456] NVKH
[04:46:22] [210/456] JMRC
[04:46:24] [211/456] KTTT
[04:46:26] [212/456] MAGH
[04:46:27] [213/456] MMMX
[04:46:28] [214/456] SALJ
[04:46:30] [215/456] GTJA
[04:46:32] [216/456] MAHT
[04:46:32] 🔄 Identity reset
[04:46:32] 🔄 Identity rotated (every 10 requests)
[04:46:33] [217/456] SSNN
[04:46:35] [218/456] ARRP
[04:46:35] [219/456] ATNS
[04:46:37] [220/456] SKDT
[04:46:38] [221/456] ACAT
[04:46:40] [222/456] APRC
[04:46:42] [223/456] SWAG
[04:46:43] [224/456] SDPT
[04:46:44] [225/456] STPS
[04:46:46] [226/456] WWCZ
[04:46:46] 🔄 Identity reset
[04:46:46] 🔄 Identity rotated (every 10 requests)
[04:46:47] [227/456] LLCH
[04:46:48] [228/456] MZHA
[04:46:49] [229/456] CRJG
[04:46:51] [230/456] JGTK
[04:46:51] [231/456] KCSR
[04:46:53] [232/456] CHTL
[04:46:55] [233/456] EDSR
[04:46:56] [234/456] CSWO
[04:46:58] [235/456] CPVM
[04:47:00] [236/456] MXBY
[04:47:00] 🔄 Identity reset
[04:47:00] 🔄 Identity rotated (every 10 requests)
[04:47:01] [237/456] FMMA
[04:47:02] [238/456] POVI
[04:47:03] [239/456] MTHB
[04:47:05] [240/456] INRC
[04:47:06] [241/456] PIPP
[04:47:08] [242/456] BMXC
[04:47:09] [243/456] PCMM
[04:47:10] [244/456] PMKM
[04:47:12] [245/456] GATY
[04:47:12] [246/456] IMCM
[04:47:13] 🔄 Identity reset
[04:47:13] 🔄 Identity rotated (every 10 requests)
[04:47:14] [247/456] POPE
[04:47:15] [248/456] MTCR
[04:47:15] [249/456] PVAE
[04:47:17] [250/456] PVMI
[04:47:18] [251/456] CPNM
[04:47:19] [252/456] FMRL
[04:47:20] [253/456] MCIW
[04:47:22] [254/456] MXBO
[04:47:23] [255/456] FMKY
[04:47:24] [256/456] FMDA
[04:47:25] 🔄 Identity reset
[04:47:25] 🔄 Identity rotated (every 10 requests)
[04:47:26] [257/456] THAB
[04:47:28] [258/456] PRCW
[04:47:29] [259/456] PITI
[04:47:31] [260/456] MCFF
[04:47:33] [261/456] PDDV
[04:47:34] [262/456] MCRM
[04:47:36] [263/456] KKMB
[04:47:37] [264/456] INKO
[04:47:38] [265/456] PLXP
[04:47:40] [266/456] MMHA
[04:47:41] 🔄 Identity reset
[04:47:41] 🔄 Identity rotated (every 10 requests)
[04:47:41] [267/456] FMVS
[04:47:43] [268/456] POLM
[04:47:44] [269/456] STER
[04:47:46] [270/456] PVWJ
[04:47:47] [271/456] IMJW
[04:47:48] [272/456] FNAN
[04:47:50] [273/456] CAGL
[04:47:52] [274/456] IPBG
[04:47:53] [275/456] SMFV
[04:47:54] [276/456] MMMR
[04:47:54] 🔄 Identity reset
[04:47:54] 🔄 Identity rotated (every 10 requests)
[04:47:55] [277/456] MMWM
[04:47:57] [278/456] FNCM
[04:47:58] [279/456] MDVA
[04:48:00] [280/456] MMET
[04:48:01] [281/456] MIDO
[04:48:03] [282/456] INNP
[04:48:04] [283/456] MIFU
[04:48:04] [284/456] MMSZ
[04:48:06] [285/456] BMXA
[04:48:07] [286/456] MCAA
[04:48:08] 🔄 Identity reset
[04:48:08] 🔄 Identity rotated (every 10 requests)
[04:48:08] [287/456] SCVP
[04:48:10] [288/456] PLUS
[04:48:11] [289/456] MUCK
[04:48:13] [290/456] MTMA
[04:48:14] [291/456] HPVR
[04:48:15] [292/456] PMPK
[04:48:18] [293/456] MAJB
[04:48:19] [294/456] CTRR
[04:48:20] [295/456] MCTG
[04:48:21] [296/456] MACE
[04:48:22] 🔄 Identity reset
[04:48:22] 🔄 Identity rotated (every 10 requests)
[04:48:22] [297/456] AAAS
[04:48:24] [298/456] CPVV
[04:48:25] [299/456] RCHG
[04:48:26] [300/456] MCNE
[04:48:27] [301/456] EMNC
[04:48:29] [302/456] MCAN
[04:48:30] [303/456] TCDM
[04:48:32] [304/456] IRGT
[04:48:34] [305/456] GCMG
[04:48:35] [306/456] MXSN
[04:48:36] 🔄 Identity reset
[04:48:36] 🔄 Identity rotated (every 10 requests)
[04:48:36] [307/456] MXCK
[04:48:37] [308/456] MCRC
[04:48:38] [309/456] RSMI
[04:48:40] [310/456] WAML
[04:48:41] [311/456] MTSC
[04:48:42] [312/456] FMDR
[04:48:43] [313/456] LEPV
[04:48:44] [314/456] MTGD
[04:48:46] [315/456] IMOB
[04:48:47] [316/456] CLMM
[04:48:47] 🔄 Identity reset
[04:48:47] 🔄 Identity rotated (every 10 requests)
[04:48:48] [317/456] PZCD
[04:48:49] [318/456] GOCS
[04:48:50] [319/456] KCMA
[04:48:52] [320/456] CCMP
[04:48:53] [321/456] MTSU
[04:48:54] [322/456] SNGL
[04:48:55] [323/456] MMMC
[04:48:56] [324/456] MMAA
[04:48:57] [325/456] GCDM
[04:48:59] [326/456] KTMV
[04:48:59] 🔄 Identity reset
[04:48:59] 🔄 Identity rotated (every 10 requests)
[04:49:00] [327/456] AETE
[04:49:02] [328/456] OMCS
[04:49:04] [329/456] GDCD
[04:49:05] [330/456] NYMD
[04:49:06] [331/456] RNCV
[04:49:07] [332/456] KKMT
[04:49:08] [333/456] GDTH
[04:49:10] [334/456] KMMV
[04:49:11] [335/456] NHCG
[04:49:12] [336/456] PJDW
[04:49:13] 🔄 Identity reset
[04:49:13] 🔄 Identity rotated (every 10 requests)
[04:49:14] [337/456] MMCV
[04:49:15] [338/456] FQSA
[04:49:17] [339/456] KURL
[04:49:18] [340/456] NNNX
[04:49:20] [341/456] AMAU
[04:49:21] [342/456] VVVM
[04:49:22] [343/456] VECU
[04:49:23] [344/456] WCVR
[04:49:24] [345/456] MTGG
[04:49:27] [346/456] SGTG
[04:49:27] 🔄 Identity reset
[04:49:27] 🔄 Identity rotated (every 10 requests)
[04:49:27] [347/456] MNTG
[04:49:28] [348/456] JDDG
[04:49:29] [349/456] MBTK
[04:49:31] [350/456] SGCD
[04:49:32] [351/456] MCTC
[04:49:33] [352/456] JTPC
[04:49:34] [353/456] SDKT
[04:49:36] [354/456] KRCC
[04:49:37] [355/456] RMMD
[04:49:39] [356/456] AAME
[04:49:39] 🔄 Identity reset
[04:49:39] 🔄 Identity rotated (every 10 requests)
[04:49:40] [357/456] TMWC
[04:49:41] [358/456] NRWY
[04:49:42] [359/456] CITD
[04:49:43] [360/456] VERD
[04:49:45] [361/456] MKSK
[04:49:46] [362/456] STSM
[04:49:47] [363/456] MJDG
[04:49:49] [364/456] RKPM
[04:49:50] [365/456] SSCE
[04:49:52] [366/456] VMAE
[04:49:53] 🔄 Identity reset
[04:49:53] 🔄 Identity rotated (every 10 requests)
[04:49:54] [367/456] SBRU
[04:49:55] [368/456] AMBC
[04:49:57] [369/456] AMLU
[04:49:58] [370/456] INVZ
[04:49:59] [371/456] LGTV
[04:50:00] [372/456] SVAD
[04:50:02] [373/456] SMSA
[04:50:03] [374/456] SPCZ
[04:50:04] [375/456] GTCX
[04:50:05] [376/456] SCSL
[04:50:06] 🔄 Identity reset
[04:50:06] 🔄 Identity rotated (every 10 requests)
[04:50:07] [377/456] SAHU
[04:50:09] [378/456] NCDA
[04:50:10] [379/456] SCCG
[04:50:11] [380/456] VKTL
[04:50:12] [381/456] PUUJ
[04:50:14] [382/456] STEJ
[04:50:15] [383/456] RJAL
[04:50:16] [384/456] ACJC
[04:50:18] [385/456] ARVB
[04:50:19] [386/456] AUBB
[04:50:20] 🔄 Identity reset
[04:50:20] 🔄 Identity rotated (every 10 requests)
[04:50:21] [387/456] GDBR
[04:50:23] [388/456] PVND
[04:50:24] [389/456] BGRJ
[04:50:25] [390/456] RJMM
[04:50:26] [391/456] MCSA
[04:50:27] [392/456] BODA
[04:50:28] [393/456] JAGG
[04:50:29] [394/456] SCGA
[04:50:30] [395/456] LRCM
[04:50:32] [396/456] CPCN
[04:50:32] 🔄 Identity reset
[04:50:32] 🔄 Identity rotated (every 10 requests)
[04:50:33] [397/456] SSTF
[04:50:34] [398/456] SRXP
[04:50:35] [399/456] CNFX
[04:50:37] [400/456] ANDI
[04:50:38] [401/456] SYEW
[04:50:39] [402/456] RCRE
[04:50:41] [403/456] SCRW
[04:50:43] [404/456] MBKR
[04:50:44] [405/456] ASNT
[04:50:45] [406/456] JTMT
[04:50:46] 🔄 Identity reset
[04:50:46] 🔄 Identity rotated (every 10 requests)
[04:50:46] [407/456] SHAY
[04:50:47] [408/456] VRTH
[04:50:48] [409/456] SPTI
[04:50:50] [410/456] DPTD
[04:50:51] [411/456] TGSN
[04:50:52] [412/456] RCWV
[04:50:53] [413/456] OCUR
[04:50:55] [414/456] KSTC
[04:50:58] [415/456] SANI
[04:51:00] [416/456] MLCA
[04:51:01] 🔄 Identity reset
[04:51:01] 🔄 Identity rotated (every 10 requests)
[04:51:02] [417/456] EGCA
[04:51:03] [418/456] SYSN
[04:51:05] [419/456] PKTA
[04:51:06] [420/456] PRCC
[04:51:08] [421/456] KSTR
[04:51:09] [422/456] SNTP
[04:51:11] [423/456] RCHA
[04:51:12] [424/456] SEEA
[04:51:13] [425/456] ALAT
[04:51:14] [426/456] AATV
[04:51:14] 🔄 Identity reset
[04:51:14] 🔄 Identity rotated (every 10 requests)
[04:51:15] [427/456] RJTE
[04:51:17] [428/456] AAPP
[04:51:18] [429/456] PMMH
[04:51:20] [430/456] INRJ
[04:51:21] [431/456] SARB
[04:51:23] [432/456] PCJL
[04:51:24] [433/456] PFJJ
[04:51:26] [434/456] GRDC
[04:51:27] [435/456] BCBA
[04:51:28] [436/456] VIXL
[04:51:29] 🔄 Identity reset
[04:51:29] 🔄 Identity rotated (every 10 requests)
[04:51:29] [437/456] CSTL
[04:51:31] [438/456] MTDK
[04:51:32] [439/456] TDAC
[04:51:33] [440/456] GTDN
[04:51:35] [441/456] TTDE
[04:51:37] [442/456] ASTS
[04:51:38] [443/456] CPNS
[04:51:39] [444/456] PVVW
[04:51:40] [445/456] USEB
[04:51:41] [446/456] DTYN
[04:51:42] 🔄 Identity reset
[04:51:42] 🔄 Identity rotated (every 10 requests)
[04:51:42] [447/456] PVLE
[04:51:44] [448/456] CIPS
[04:51:45] [449/456] PAEG
[04:51:46] [450/456] PTCW
[04:51:47] [451/456] G3SR
[04:51:49] [452/456] PGND
[04:51:50] [453/456] INVM
[04:51:51] [454/456] SPIA
[04:51:53] [455/456] PCSN
[04:51:54] [456/456] PPGV
[04:51:55] 🔄 Identity reset
[04:51:55] 🔄 Identity rotated (every 10 requests)
[04:51:56] 🧹 Deduping shows
[04:51:56] ✅ DONE | Shows=552 | Movies=37
[21:41:30] 🚀 SCRIPT STARTED (enhanced anti‑detection)
[21:41:30] [1/456] FNDB
[21:41:31] 🧠 New identity created
[21:41:31] [2/456] AMBH
[21:41:32] [3/456] PRHN
[21:41:33] [4/456] ACPM
[21:41:34] [5/456] PVFS
[21:41:35] [6/456] AACN
[21:41:36] [7/456] ACAS
[21:41:37] [8/456] CTNR
[21:41:39] [9/456] MMAH
[21:41:40] [10/456] CPMH
[21:41:40] 🔄 Identity reset
[21:41:40] 🔄 Identity rotated (every 10 requests)
[21:41:41] [11/456] IGMH
[21:41:42] [12/456] ABCS
[21:41:43] [13/456] CMMA
[21:41:43] [14/456] GPRH
[21:41:44] [15/456] PNNG
[21:41:45] [16/456] AMCA
[21:41:47] [17/456] ISTN
[21:41:48] [18/456] PIIC
[21:41:49] [19/456] AHMH
[21:41:50] [20/456] ASHN
[21:41:51] 🔄 Identity reset
[21:41:51] 🔄 Identity rotated (every 10 requests)
[21:41:51] [21/456] INHY
[21:41:52] [22/456] SRMO
[21:41:53] [23/456] PIMH
[21:41:55] [24/456] PVTS
[21:41:56] [25/456] MMCA
[21:41:56] [26/456] AKYJ
[21:41:57] [27/456] BRKH
[21:41:58] [28/456] MAHM
[21:41:59] [29/456] CPHY
[21:42:01] [30/456] PVTP
[21:42:01] 🔄 Identity reset
[21:42:01] 🔄 Identity rotated (every 10 requests)
[21:42:02] [31/456] SMMR
[21:42:03] [32/456] PVHM
[21:42:04] [33/456] SNDY
[21:42:05] [34/456] GOKU
[21:42:07] [35/456] ACEV
[21:42:08] [36/456] PVUM
[21:42:09] [37/456] VSWA
[21:42:10] [38/456] IPRS
[21:42:10] [39/456] BKMV
[21:42:12] [40/456] PVYH
[21:42:12] 🔄 Identity reset
[21:42:12] 🔄 Identity rotated (every 10 requests)
[21:42:13] [41/456] INKM
[21:42:14] [42/456] ARJU
[21:42:15] [43/456] JJPP
[21:42:16] [44/456] SSRM
[21:42:17] [45/456] HMHD
[21:42:18] [46/456] SNKH
[21:42:19] [47/456] ACHI
[21:42:20] [48/456] MRAA
[21:42:21] [49/456] INMH
[21:42:22] [50/456] ARMH
[21:42:22] 🔄 Identity reset
[21:42:22] 🔄 Identity rotated (every 10 requests)
[21:42:23] [51/456] DVRR
[21:42:24] [52/456] SUDA
[21:42:25] [53/456] MCSS
[21:42:26] [54/456] VRKC
[21:42:27] [55/456] PRCX
[21:42:28] [56/456] ASJY
[21:42:29] [57/456] MTHY
[21:42:30] [58/456] SRCM
[21:42:31] [59/456] TVHY
[21:42:32] [60/456] STHD
[21:42:33] 🔄 Identity reset
[21:42:33] 🔄 Identity rotated (every 10 requests)
[21:42:33] [61/456] CPCL
[21:42:34] [62/456] PSMJ
[21:42:35] [63/456] MRGT
[21:42:36] [64/456] ARYH
[21:42:37] [65/456] VTRB
[21:42:38] [66/456] SCHC
[21:42:40] [67/456] MRRG
[21:42:41] [68/456] SPCB
[21:42:41] [69/456] AMCM
[21:42:43] [70/456] IVNM
[21:42:44] 🔄 Identity reset
[21:42:44] 🔄 Identity rotated (every 10 requests)
[21:42:44] [71/456] TRHY
[21:42:45] [72/456] PTTH
[21:42:46] [73/456] RKMH
[21:42:47] [74/456] PRCS
[21:42:48] [75/456] VAJA
[21:42:49] [76/456] BJNG
[21:42:50] [77/456] SCVM
[21:42:51] [78/456] GNHB
[21:42:52] [79/456] TLUR
[21:42:53] [80/456] UKCC
[21:42:53] 🔄 Identity reset
[21:42:53] 🔄 Identity rotated (every 10 requests)
[21:42:54] [81/456] SRKR
[21:42:55] [82/456] RMKN
[21:42:56] [83/456] SLRT
[21:42:56] [84/456] LKMT
[21:42:57] [85/456] SSRJ
[21:42:59] [86/456] SPHT
[21:43:01] [87/456] ANTT
[21:43:01] [88/456] SRCH
[21:43:02] [89/456] SRCA
[21:43:03] [90/456] ARTH
[21:43:04] 🔄 Identity reset
[21:43:04] 🔄 Identity rotated (every 10 requests)
[21:43:04] [91/456] MCBH
[21:43:05] [92/456] SNIB
[21:43:06] [93/456] SART
[21:43:07] [94/456] SKTA
[21:43:08] [95/456] YAKT
[21:43:09] [96/456] MLCK
[21:43:10] [97/456] ANTS
[21:43:10] [98/456] DGCA
[21:43:11] [99/456] SGMP
[21:43:12] [100/456] ASWN
[21:43:13] 🔄 Identity reset
[21:43:13] 🔄 Identity rotated (every 10 requests)
[21:43:13] 🔄 Retry 1/5 for ASWN in 2.1s
[21:43:13] 🔄 Identity reset
[21:43:15] 🧠 New identity created
[21:43:16] [101/456] KFVU
[21:43:17] [102/456] POOR
[21:43:17] [103/456] GKDN
[21:43:18] [104/456] EOSE
[21:43:19] [105/456] GTTT
[21:43:20] [106/456] ARRO
[21:43:21] [107/456] CMMK
[21:43:22] [108/456] MSCN
[21:43:23] [109/456] GDKH
[21:43:23] 🔄 Identity reset
[21:43:23] 🔄 Identity rotated (every 10 requests)
[21:43:24] [110/456] DLMT
[21:43:25] [111/456] PVMF
[21:43:26] [112/456] CPCK
[21:43:27] [113/456] VMHE
[21:43:28] [114/456] PVLC
[21:43:30] [115/456] PCVB
[21:43:31] [116/456] SNYK
[21:43:31] [117/456] KTEK
[21:43:32] [118/456] PCNM
[21:43:33] [119/456] NTTR
[21:43:34] 🔄 Identity reset
[21:43:34] 🔄 Identity rotated (every 10 requests)
[21:43:34] [120/456] CPSK
[21:43:35] [121/456] JMMA
[21:43:36] [122/456] GCFK
[21:43:37] [123/456] MYCA
[21:43:38] [124/456] KSNP
[21:43:39] [125/456] PMCE
[21:43:40] [126/456] SCKI
[21:43:41] [127/456] FSMA
[21:43:42] [128/456] CETA
[21:43:43] [129/456] MCIK
[21:43:43] 🔄 Identity reset
[21:43:43] 🔄 Identity rotated (every 10 requests)
[21:43:44] [130/456] MYCR
[21:43:44] [131/456] EVMP
[21:43:45] [132/456] SSGT
[21:43:46] [133/456] KCTK
[21:43:47] [134/456] ZTKC
[21:43:48] [135/456] MMTA
[21:43:49] [136/456] MAJT
[21:43:50] [137/456] ACPK
[21:43:51] [138/456] JMAX
[21:43:52] [139/456] SETK
[21:43:52] 🔄 Identity reset
[21:43:52] 🔄 Identity rotated (every 10 requests)
[21:43:53] [140/456] CAIS
[21:43:54] [141/456] AGCD
[21:43:55] [142/456] URCL
[21:43:56] [143/456] VTDS
[21:43:57] [144/456] JCNM
[21:43:58] [145/456] KCAM
[21:43:59] [146/456] ADCU
[21:44:00] [147/456] GXYN
[21:44:01] [148/456] SMJG
[21:44:02] [149/456] EYCJ
[21:44:03] 🔄 Identity reset
[21:44:03] 🔄 Identity rotated (every 10 requests)
[21:44:04] [150/456] CCEJ
[21:44:06] [151/456] MARS
[21:44:06] [152/456] CPVJ
[21:44:07] [153/456] INVP
[21:44:08] [154/456] CPOV
[21:44:09] [155/456] VIJK
[21:44:10] [156/456] LAIM
[21:44:11] [157/456] STHV
[21:44:11] [158/456] SVLJ
[21:44:12] [159/456] ATVJ
[21:44:13] 🔄 Identity reset
[21:44:13] 🔄 Identity rotated (every 10 requests)
[21:44:13] [160/456] JTSC
[21:44:15] [161/456] RMTV
[21:44:16] [162/456] MGGG
[21:44:17] [163/456] SWTH
[21:44:18] [164/456] INVJ
[21:44:18] [165/456] PRSV
[21:44:19] [166/456] JATV
[21:44:20] [167/456] RCVD
[21:44:21] [168/456] BDMA
[21:44:22] [169/456] BLJI
[21:44:23] 🔄 Identity reset
[21:44:23] 🔄 Identity rotated (every 10 requests)
[21:44:23] [170/456] SWOT
[21:44:24] [171/456] SWRN
[21:44:25] [172/456] TVRA
[21:44:26] [173/456] NVRN
[21:44:27] [174/456] SIKC
[21:44:28] [175/456] VAKR
[21:44:29] [176/456] SYLN
[21:44:29] [177/456] KLJL
[21:44:31] [178/456] LKMY
[21:44:32] [179/456] VSLY
[21:44:33] 🔄 Identity reset
[21:44:33] 🔄 Identity rotated (every 10 requests)
[21:44:33] [180/456] CIKO
[21:44:34] [181/456] GPBG
[21:44:35] [182/456] CECM
[21:44:36] [183/456] SLKB
[21:44:37] [184/456] MTBO
[21:44:38] [185/456] SSHB
[21:44:39] [186/456] VPCS
[21:44:40] [187/456] RCSR
[21:44:41] [188/456] RJRM
[21:44:42] [189/456] KPPB
[21:44:42] 🔄 Identity reset
[21:44:42] 🔄 Identity rotated (every 10 requests)
[21:44:42] [190/456] SEDC
[21:44:43] [191/456] SCAI
[21:44:44] [192/456] RMTR
[21:44:45] [193/456] ASST
[21:44:46] [194/456] GCAK
[21:44:47] [195/456] ANNK
[21:44:48] [196/456] KDDF
[21:44:49] [197/456] NRDP
[21:44:50] [198/456] PLAK
[21:44:51] [199/456] GCMC
[21:44:51] 🔄 Identity reset
[21:44:51] 🔄 Identity rotated (every 10 requests)
[21:44:52] [200/456] ALPY
[21:44:53] [201/456] SICE
[21:44:54] [202/456] SISR
[21:44:56] [203/456] SRPZ
[21:44:57] [204/456] SRSW
[21:44:58] [205/456] SUYA
[21:44:59] [206/456] AMMT
[21:45:00] [207/456] BHCU
[21:45:01] [208/456] KLPA
[21:45:02] [209/456] NVKH
[21:45:02] 🔄 Identity reset
[21:45:02] 🔄 Identity rotated (every 10 requests)
[21:45:03] [210/456] JMRC
[21:45:04] [211/456] KTTT
[21:45:05] [212/456] MAGH
[21:45:06] [213/456] MMMX
[21:45:07] [214/456] SALJ
[21:45:08] [215/456] GTJA
[21:45:09] [216/456] MAHT
[21:45:10] [217/456] SSNN
[21:45:10] [218/456] ARRP
[21:45:11] [219/456] ATNS
[21:45:12] 🔄 Identity reset
[21:45:12] 🔄 Identity rotated (every 10 requests)
[21:45:12] [220/456] SKDT
[21:45:13] [221/456] ACAT
[21:45:14] [222/456] APRC
[21:45:15] [223/456] SWAG
[21:45:17] [224/456] SDPT
[21:45:17] [225/456] STPS
[21:45:19] [226/456] WWCZ
[21:45:20] [227/456] LLCH
[21:45:22] [228/456] MZHA
[21:45:23] [229/456] CRJG
[21:45:23] 🔄 Identity reset
[21:45:23] 🔄 Identity rotated (every 10 requests)
[21:45:24] [230/456] JGTK
[21:45:24] [231/456] KCSR
[21:45:25] [232/456] CHTL
[21:45:26] [233/456] EDSR
[21:45:28] [234/456] CSWO
[21:45:29] [235/456] CPVM
[21:45:30] [236/456] MXBY
[21:45:31] [237/456] FMMA
[21:45:32] [238/456] POVI
[21:45:33] [239/456] MTHB
[21:45:34] 🔄 Identity reset
[21:45:34] 🔄 Identity rotated (every 10 requests)
[21:45:35] [240/456] INRC
[21:45:35] [241/456] PIPP
[21:45:36] [242/456] BMXC
[21:45:37] [243/456] PCMM
[21:45:39] [244/456] PMKM
[21:45:40] [245/456] GATY
[21:45:41] [246/456] IMCM
[21:45:42] [247/456] POPE
[21:45:43] [248/456] MTCR
[21:45:44] [249/456] PVAE
[21:45:45] 🔄 Identity reset
[21:45:45] 🔄 Identity rotated (every 10 requests)
[21:45:45] [250/456] PVMI
[21:45:46] [251/456] CPNM
[21:45:47] [252/456] FMRL
[21:45:48] [253/456] MCIW
[21:45:49] [254/456] MXBO
[21:45:49] [255/456] FMKY
[21:45:50] [256/456] FMDA
[21:45:51] [257/456] THAB
[21:45:52] [258/456] PRCW
[21:45:53] [259/456] PITI
[21:45:54] 🔄 Identity reset
[21:45:54] 🔄 Identity rotated (every 10 requests)
[21:45:54] [260/456] MCFF
[21:45:55] [261/456] PDDV
[21:45:56] [262/456] MCRM
[21:45:57] [263/456] KKMB
[21:45:58] [264/456] INKO
[21:45:59] [265/456] PLXP
[21:46:00] [266/456] MMHA
[21:46:01] [267/456] FMVS
[21:46:02] [268/456] POLM
[21:46:04] [269/456] STER
[21:46:04] 🔄 Identity reset
[21:46:04] 🔄 Identity rotated (every 10 requests)
[21:46:04] 🔄 Retry 1/5 for STER in 2.7s
[21:46:04] 🔄 Identity reset
[21:46:07] 🧠 New identity created
[21:46:07] [270/456] PVWJ
[21:46:08] [271/456] IMJW
[21:46:09] [272/456] FNAN
[21:46:10] [273/456] CAGL
[21:46:11] [274/456] IPBG
[21:46:12] [275/456] SMFV
[21:46:13] [276/456] MMMR
[21:46:13] [277/456] MMWM
[21:46:14] [278/456] FNCM
[21:46:15] 🔄 Identity reset
[21:46:15] 🔄 Identity rotated (every 10 requests)
[21:46:15] [279/456] MDVA
[21:46:16] [280/456] MMET
[21:46:17] [281/456] MIDO
[21:46:18] [282/456] INNP
[21:46:19] [283/456] MIFU
[21:46:20] [284/456] MMSZ
[21:46:20] [285/456] BMXA
[21:46:22] [286/456] MCAA
[21:46:22] [287/456] SCVP
[21:46:23] [288/456] PLUS
[21:46:24] 🔄 Identity reset
[21:46:24] 🔄 Identity rotated (every 10 requests)
[21:46:24] [289/456] MUCK
[21:46:26] [290/456] MTMA
[21:46:27] [291/456] HPVR
[21:46:28] [292/456] PMPK
[21:46:29] [293/456] MAJB
[21:46:30] [294/456] CTRR
[21:46:31] [295/456] MCTG
[21:46:32] [296/456] MACE
[21:46:32] [297/456] AAAS
[21:46:33] [298/456] CPVV
[21:46:34] 🔄 Identity reset
[21:46:34] 🔄 Identity rotated (every 10 requests)
[21:46:34] [299/456] RCHG
[21:46:36] [300/456] MCNE
[21:46:37] [301/456] EMNC
[21:46:38] [302/456] MCAN
[21:46:39] [303/456] TCDM
[21:46:40] [304/456] IRGT
[21:46:41] [305/456] GCMG
[21:46:41] [306/456] MXSN
[21:46:42] [307/456] MXCK
[21:46:44] [308/456] MCRC
[21:46:44] 🔄 Identity reset
[21:46:44] 🔄 Identity rotated (every 10 requests)
[21:46:45] [309/456] RSMI
[21:46:46] [310/456] WAML
[21:46:47] [311/456] MTSC
[21:46:48] [312/456] FMDR
[21:46:49] [313/456] LEPV
[21:46:50] [314/456] MTGD
[21:46:51] [315/456] IMOB
[21:46:52] [316/456] CLMM
[21:46:53] [317/456] PZCD
[21:46:54] [318/456] GOCS
[21:46:54] 🔄 Identity reset
[21:46:54] 🔄 Identity rotated (every 10 requests)
[21:46:55] [319/456] KCMA
[21:46:56] [320/456] CCMP
[21:46:56] [321/456] MTSU
[21:46:57] [322/456] SNGL
[21:46:58] [323/456] MMMC
[21:47:00] [324/456] MMAA
[21:47:01] [325/456] GCDM
[21:47:01] [326/456] KTMV
[21:47:02] [327/456] AETE
[21:47:03] [328/456] OMCS
[21:47:04] 🔄 Identity reset
[21:47:04] 🔄 Identity rotated (every 10 requests)
[21:47:04] [329/456] GDCD
[21:47:05] [330/456] NYMD
[21:47:06] [331/456] RNCV
[21:47:06] [332/456] KKMT
[21:47:07] [333/456] GDTH
[21:47:08] [334/456] KMMV
[21:47:09] [335/456] NHCG
[21:47:10] [336/456] PJDW
[21:47:11] [337/456] MMCV
[21:47:12] [338/456] FQSA
[21:47:13] 🔄 Identity reset
[21:47:13] 🔄 Identity rotated (every 10 requests)
[21:47:13] [339/456] KURL
[21:47:14] [340/456] NNNX
[21:47:15] [341/456] AMAU
[21:47:16] [342/456] VVVM
[21:47:17] [343/456] VECU
[21:47:18] [344/456] WCVR
[21:47:19] [345/456] MTGG
[21:47:20] [346/456] SGTG
[21:47:21] [347/456] MNTG
[21:47:23] [348/456] JDDG
[21:47:23] 🔄 Identity reset
[21:47:23] 🔄 Identity rotated (every 10 requests)
[21:47:23] [349/456] MBTK
[21:47:24] [350/456] SGCD
[21:47:25] [351/456] MCTC
[21:47:26] [352/456] JTPC
[21:47:27] [353/456] SDKT
[21:47:28] [354/456] KRCC
[21:47:29] [355/456] RMMD
[21:47:30] [356/456] AAME
[21:47:31] [357/456] TMWC
[21:47:32] [358/456] NRWY
[21:47:32] 🔄 Identity reset
[21:47:32] 🔄 Identity rotated (every 10 requests)
[21:47:33] [359/456] CITD
[21:47:33] [360/456] VERD
[21:47:34] [361/456] MKSK
[21:47:35] [362/456] STSM
[21:47:36] [363/456] MJDG
[21:47:37] [364/456] RKPM
[21:47:38] [365/456] SSCE
[21:47:39] [366/456] VMAE
[21:47:40] [367/456] SBRU
[21:47:41] [368/456] AMBC
[21:47:41] 🔄 Identity reset
[21:47:41] 🔄 Identity rotated (every 10 requests)
[21:47:42] [369/456] AMLU
[21:47:43] [370/456] INVZ
[21:47:43] [371/456] LGTV
[21:47:45] [372/456] SVAD
[21:47:46] [373/456] SMSA
[21:47:47] [374/456] SPCZ
[21:47:48] [375/456] GTCX
[21:47:49] [376/456] SCSL
[21:47:50] [377/456] SAHU
[21:47:52] [378/456] NCDA
[21:47:52] 🔄 Identity reset
[21:47:52] 🔄 Identity rotated (every 10 requests)
[21:47:53] [379/456] SCCG
[21:47:53] [380/456] VKTL
[21:47:54] [381/456] PUUJ
[21:47:55] [382/456] STEJ
[21:47:56] [383/456] RJAL
[21:47:57] [384/456] ACJC
[21:47:58] [385/456] ARVB
[21:47:59] [386/456] AUBB
[21:48:00] [387/456] GDBR
[21:48:01] [388/456] PVND
[21:48:02] 🔄 Identity reset
[21:48:02] 🔄 Identity rotated (every 10 requests)
[21:48:02] [389/456] BGRJ
[21:48:03] [390/456] RJMM
[21:48:04] [391/456] MCSA
[21:48:05] [392/456] BODA
[21:48:06] [393/456] JAGG
[21:48:07] [394/456] SCGA
[21:48:07] [395/456] LRCM
[21:48:08] [396/456] CPCN
[21:48:09] [397/456] SSTF
[21:48:10] [398/456] SRXP
[21:48:11] 🔄 Identity reset
[21:48:11] 🔄 Identity rotated (every 10 requests)
[21:48:11] [399/456] CNFX
[21:48:12] [400/456] ANDI
[21:48:13] [401/456] SYEW
[21:48:14] [402/456] RCRE
[21:48:15] [403/456] SCRW
[21:48:17] [404/456] MBKR
[21:48:17] [405/456] ASNT
[21:48:18] [406/456] JTMT
[21:48:19] [407/456] SHAY
[21:48:20] [408/456] VRTH
[21:48:21] 🔄 Identity reset
[21:48:21] 🔄 Identity rotated (every 10 requests)
[21:48:21] [409/456] SPTI
[21:48:22] [410/456] DPTD
[21:48:24] [411/456] TGSN
[21:48:25] [412/456] RCWV
[21:48:26] [413/456] OCUR
[21:48:27] [414/456] KSTC
[21:48:28] [415/456] SANI
[21:48:29] [416/456] MLCA
[21:48:30] [417/456] EGCA
[21:48:31] [418/456] SYSN
[21:48:32] 🔄 Identity reset
[21:48:32] 🔄 Identity rotated (every 10 requests)
[21:48:32] [419/456] PKTA
[21:48:33] [420/456] PRCC
[21:48:34] [421/456] KSTR
[21:48:34] [422/456] SNTP
[21:48:35] [423/456] RCHA
[21:48:36] [424/456] SEEA
[21:48:38] [425/456] ALAT
[21:48:39] [426/456] AATV
[21:48:40] [427/456] RJTE
[21:48:41] [428/456] AAPP
[21:48:41] 🔄 Identity reset
[21:48:41] 🔄 Identity rotated (every 10 requests)
[21:48:42] [429/456] PMMH
[21:48:43] [430/456] INRJ
[21:48:43] [431/456] SARB
[21:48:45] [432/456] PCJL
[21:48:46] [433/456] PFJJ
[21:48:47] [434/456] GRDC
[21:48:48] [435/456] BCBA
[21:48:49] [436/456] VIXL
[21:48:50] [437/456] CSTL
[21:48:50] [438/456] MTDK
[21:48:51] 🔄 Identity reset
[21:48:51] 🔄 Identity rotated (every 10 requests)
[21:48:52] [439/456] TDAC
[21:48:53] [440/456] GTDN
[21:48:54] [441/456] TTDE
[21:48:55] [442/456] ASTS
[21:48:55] [443/456] CPNS
[21:48:56] [444/456] PVVW
[21:48:57] [445/456] USEB
[21:48:58] [446/456] DTYN
[21:48:59] [447/456] PVLE
[21:49:00] [448/456] CIPS
[21:49:00] 🔄 Identity reset
[21:49:00] 🔄 Identity rotated (every 10 requests)
[21:49:01] [449/456] PAEG
[21:49:03] [450/456] PTCW
[21:49:03] [451/456] G3SR
[21:49:04] [452/456] PGND
[21:49:05] [453/456] INVM
[21:49:06] [454/456] SPIA
[21:49:07] [455/456] PCSN
[21:49:08] [456/456] PPGV
[21:49:09] 🧹 Deduping shows
[21:49:09] ✅ DONE | Shows=826 | Movies=42
[04:28:03] 🚀 SCRIPT STARTED (enhanced anti‑detection)
[04:28:03] [1/456] FNDB
[04:28:04] 🧠 New identity created
[04:28:04] [2/456] AMBH
[04:28:05] [3/456] PRHN
[04:28:06] [4/456] ACPM
[04:28:07] [5/456] PVFS
[04:28:08] [6/456] AACN
[04:28:10] [7/456] ACAS
[04:28:11] [8/456] CTNR
[04:28:12] [9/456] MMAH
[04:28:13] [10/456] CPMH
[04:28:13] 🔄 Identity reset
[04:28:13] 🔄 Identity rotated (every 10 requests)
[04:28:14] [11/456] IGMH
[04:28:15] [12/456] ABCS
[04:28:15] [13/456] CMMA
[04:28:16] [14/456] GPRH
[04:28:17] [15/456] PNNG
[04:28:18] [16/456] AMCA
[04:28:19] [17/456] ISTN
[04:28:20] [18/456] PIIC
[04:28:21] [19/456] AHMH
[04:28:23] [20/456] ASHN
[04:28:23] 🔄 Identity reset
[04:28:23] 🔄 Identity rotated (every 10 requests)
[04:28:24] [21/456] INHY
[04:28:25] [22/456] SRMO
[04:28:25] [23/456] PIMH
[04:28:26] [24/456] PVTS
[04:28:27] [25/456] MMCA
[04:28:28] [26/456] AKYJ
[04:28:29] [27/456] BRKH
[04:28:31] [28/456] MAHM
[04:28:32] [29/456] CPHY
[04:28:33] [30/456] PVTP
[04:28:34] 🔄 Identity reset
[04:28:34] 🔄 Identity rotated (every 10 requests)
[04:28:34] [31/456] SMMR
[04:28:35] [32/456] PVHM
[04:28:36] [33/456] SNDY
[04:28:37] [34/456] GOKU
[04:28:38] [35/456] ACEV
[04:28:39] [36/456] PVUM
[04:28:40] [37/456] VSWA
[04:28:41] [38/456] IPRS
[04:28:42] [39/456] BKMV
[04:28:44] [40/456] PVYH
[04:28:45] 🔄 Identity reset
[04:28:45] 🔄 Identity rotated (every 10 requests)
[04:28:45] [41/456] INKM
[04:28:46] [42/456] ARJU
[04:28:47] [43/456] JJPP
[04:28:47] [44/456] SSRM
[04:28:48] [45/456] HMHD
[04:28:49] [46/456] SNKH
[04:28:50] [47/456] ACHI
[04:28:51] [48/456] MRAA
[04:28:52] [49/456] INMH
[04:28:54] [50/456] ARMH
[04:28:54] 🔄 Identity reset
[04:28:54] 🔄 Identity rotated (every 10 requests)
[04:28:54] [51/456] DVRR
[04:28:55] [52/456] SUDA
[04:28:57] [53/456] MCSS
[04:28:58] [54/456] VRKC
[04:28:59] [55/456] PRCX
[04:29:00] [56/456] ASJY
[04:29:01] [57/456] MTHY
[04:29:01] [58/456] SRCM
[04:29:03] [59/456] TVHY
[04:29:04] [60/456] STHD
[04:29:04] 🔄 Identity reset
[04:29:04] 🔄 Identity rotated (every 10 requests)
[04:29:05] [61/456] CPCL
[04:29:06] [62/456] PSMJ
[04:29:07] [63/456] MRGT
[04:29:08] [64/456] ARYH
[04:29:09] [65/456] VTRB
[04:29:10] [66/456] SCHC
[04:29:11] [67/456] MRRG
[04:29:12] [68/456] SPCB
[04:29:13] [69/456] AMCM
[04:29:14] [70/456] IVNM
[04:29:15] 🔄 Identity reset
[04:29:15] 🔄 Identity rotated (every 10 requests)
[04:29:15] 🔄 Retry 1/5 for IVNM in 2.2s
[04:29:15] 🔄 Identity reset
[04:29:17] 🧠 New identity created
[04:29:18] [71/456] TRHY
[04:29:20] [72/456] PTTH
[04:29:21] [73/456] RKMH
[04:29:21] [74/456] PRCS
[04:29:22] [75/456] VAJA
[04:29:24] [76/456] BJNG
[04:29:26] [77/456] SCVM
[04:29:27] [78/456] GNHB
[04:29:27] [79/456] TLUR
[04:29:28] 🔄 Identity reset
[04:29:28] 🔄 Identity rotated (every 10 requests)
[04:29:29] [80/456] UKCC
[04:29:31] [81/456] SRKR
[04:29:32] [82/456] RMKN
[04:29:32] [83/456] SLRT
[04:29:33] [84/456] LKMT
[04:29:34] [85/456] SSRJ
[04:29:36] [86/456] SPHT
[04:29:37] [87/456] ANTT
[04:29:38] [88/456] SRCH
[04:29:38] [89/456] SRCA
[04:29:39] 🔄 Identity reset
[04:29:39] 🔄 Identity rotated (every 10 requests)
[04:29:39] [90/456] ARTH
[04:29:41] [91/456] MCBH
[04:29:42] [92/456] SNIB
[04:29:43] [93/456] SART
[04:29:44] [94/456] SKTA
[04:29:45] [95/456] YAKT
[04:29:46] [96/456] MLCK
[04:29:46] [97/456] ANTS
[04:29:47] [98/456] DGCA
[04:29:48] [99/456] SGMP
[04:29:49] 🔄 Identity reset
[04:29:49] 🔄 Identity rotated (every 10 requests)
[04:29:49] [100/456] ASWN
[04:29:50] [101/456] KFVU
[04:29:51] [102/456] POOR
[04:29:53] [103/456] GKDN
[04:29:54] [104/456] EOSE
[04:29:55] [105/456] GTTT
[04:29:56] [106/456] ARRO
[04:29:57] [107/456] CMMK
[04:29:58] [108/456] MSCN
[04:29:59] [109/456] GDKH
[04:29:59] 🔄 Identity reset
[04:29:59] 🔄 Identity rotated (every 10 requests)
[04:30:00] [110/456] DLMT
[04:30:01] [111/456] PVMF
[04:30:01] [112/456] CPCK
[04:30:02] [113/456] VMHE
[04:30:03] [114/456] PVLC
[04:30:05] [115/456] PCVB
[04:30:06] [116/456] SNYK
[04:30:07] [117/456] KTEK
[04:30:08] [118/456] PCNM
[04:30:08] [119/456] NTTR
[04:30:09] 🔄 Identity reset
[04:30:09] 🔄 Identity rotated (every 10 requests)
[04:30:09] 🔄 Retry 1/5 for NTTR in 2.9s
[04:30:09] 🔄 Identity reset
[04:30:12] 🧠 New identity created
[04:30:13] [120/456] CPSK
[04:30:14] [121/456] JMMA
[04:30:15] [122/456] GCFK
[04:30:16] [123/456] MYCA
[04:30:17] [124/456] KSNP
[04:30:18] [125/456] PMCE
[04:30:19] [126/456] SCKI
[04:30:20] [127/456] FSMA
[04:30:21] [128/456] CETA
[04:30:22] 🔄 Identity reset
[04:30:22] 🔄 Identity rotated (every 10 requests)
[04:30:22] [129/456] MCIK
[04:30:23] [130/456] MYCR
[04:30:24] [131/456] EVMP
[04:30:25] [132/456] SSGT
[04:30:26] [133/456] KCTK
[04:30:27] [134/456] ZTKC
[04:30:28] [135/456] MMTA
[04:30:30] [136/456] MAJT
[04:30:31] [137/456] ACPK
[04:30:32] [138/456] JMAX
[04:30:33] 🔄 Identity reset
[04:30:33] 🔄 Identity rotated (every 10 requests)
[04:30:33] [139/456] SETK
[04:30:34] [140/456] CAIS
[04:30:36] [141/456] AGCD
[04:30:38] [142/456] URCL
[04:30:38] [143/456] VTDS
[04:30:39] [144/456] JCNM
[04:30:41] [145/456] KCAM
[04:30:42] [146/456] ADCU
[04:30:43] [147/456] GXYN
[04:30:44] [148/456] SMJG
[04:30:44] 🔄 Identity reset
[04:30:44] 🔄 Identity rotated (every 10 requests)
[04:30:45] [149/456] EYCJ
[04:30:46] [150/456] CCEJ
[04:30:47] [151/456] MARS
[04:30:48] [152/456] CPVJ
[04:30:50] [153/456] INVP
[04:30:50] [154/456] CPOV
[04:30:52] [155/456] VIJK
[04:30:53] [156/456] LAIM
[04:30:54] [157/456] STHV
[04:30:55] [158/456] SVLJ
[04:30:55] 🔄 Identity reset
[04:30:55] 🔄 Identity rotated (every 10 requests)
[04:30:55] [159/456] ATVJ
[04:30:57] [160/456] JTSC
[04:30:59] [161/456] RMTV
[04:31:00] [162/456] MGGG
[04:31:01] [163/456] SWTH
[04:31:02] [164/456] INVJ
[04:31:03] [165/456] PRSV
[04:31:03] [166/456] JATV
[04:31:04] [167/456] RCVD
[04:31:05] [168/456] BDMA
[04:31:06] 🔄 Identity reset
[04:31:06] 🔄 Identity rotated (every 10 requests)
[04:31:06] [169/456] BLJI
[04:31:07] [170/456] SWOT
[04:31:08] [171/456] SWRN
[04:31:09] [172/456] TVRA
[04:31:10] [173/456] NVRN
[04:31:11] [174/456] SIKC
[04:31:12] [175/456] VAKR
[04:31:13] [176/456] SYLN
[04:31:14] [177/456] KLJL
[04:31:16] [178/456] LKMY
[04:31:17] 🔄 Identity reset
[04:31:17] 🔄 Identity rotated (every 10 requests)
[04:31:18] [179/456] VSLY
[04:31:19] [180/456] CIKO
[04:31:21] [181/456] GPBG
[04:31:22] [182/456] CECM
[04:31:24] [183/456] SLKB
[04:31:25] [184/456] MTBO
[04:31:26] [185/456] SSHB
[04:31:27] [186/456] VPCS
[04:31:28] [187/456] RCSR
[04:31:29] [188/456] RJRM
[04:31:30] 🔄 Identity reset
[04:31:30] 🔄 Identity rotated (every 10 requests)
[04:31:31] [189/456] KPPB
[04:31:32] [190/456] SEDC
[04:31:33] [191/456] SCAI
[04:31:34] [192/456] RMTR
[04:31:34] [193/456] ASST
[04:31:35] [194/456] GCAK
[04:31:36] [195/456] ANNK
[04:31:37] [196/456] KDDF
[04:31:38] [197/456] NRDP
[04:31:39] [198/456] PLAK
[04:31:39] 🔄 Identity reset
[04:31:39] 🔄 Identity rotated (every 10 requests)
[04:31:40] [199/456] GCMC
[04:31:41] [200/456] ALPY
[04:31:42] [201/456] SICE
[04:31:43] [202/456] SISR
[04:31:45] [203/456] SRPZ
[04:31:46] [204/456] SRSW
[04:31:47] [205/456] SUYA
[04:31:48] [206/456] AMMT
[04:31:49] [207/456] BHCU
[04:31:49] [208/456] KLPA
[04:31:50] 🔄 Identity reset
[04:31:50] 🔄 Identity rotated (every 10 requests)
[04:31:50] [209/456] NVKH
[04:31:51] [210/456] JMRC
[04:31:52] [211/456] KTTT
[04:31:53] [212/456] MAGH
[04:31:55] [213/456] MMMX
[04:31:56] [214/456] SALJ
[04:31:57] [215/456] GTJA
[04:31:58] [216/456] MAHT
[04:31:59] [217/456] SSNN
[04:31:59] [218/456] ARRP
[04:32:00] 🔄 Identity reset
[04:32:00] 🔄 Identity rotated (every 10 requests)
[04:32:01] [219/456] ATNS
[04:32:02] [220/456] SKDT
[04:32:03] [221/456] ACAT
[04:32:03] [222/456] APRC
[04:32:04] [223/456] SWAG
[04:32:05] [224/456] SDPT
[04:32:06] [225/456] STPS
[04:32:07] [226/456] WWCZ
[04:32:08] [227/456] LLCH
[04:32:10] [228/456] MZHA
[04:32:10] 🔄 Identity reset
[04:32:10] 🔄 Identity rotated (every 10 requests)
[04:32:11] [229/456] CRJG
[04:32:12] [230/456] JGTK
[04:32:13] [231/456] KCSR
[04:32:14] [232/456] CHTL
[04:32:15] [233/456] EDSR
[04:32:16] [234/456] CSWO
[04:32:17] [235/456] CPVM
[04:32:18] [236/456] MXBY
[04:32:19] [237/456] FMMA
[04:32:21] [238/456] POVI
[04:32:21] 🔄 Identity reset
[04:32:21] 🔄 Identity rotated (every 10 requests)
[04:32:22] [239/456] MTHB
[04:32:23] [240/456] INRC
[04:32:24] [241/456] PIPP
[04:32:25] [242/456] BMXC
[04:32:26] [243/456] PCMM
[04:32:27] [244/456] PMKM
[04:32:28] [245/456] GATY
[04:32:29] [246/456] IMCM
[04:32:29] [247/456] POPE
[04:32:30] [248/456] MTCR
[04:32:31] 🔄 Identity reset
[04:32:31] 🔄 Identity rotated (every 10 requests)
[04:32:31] [249/456] PVAE
[04:32:32] [250/456] PVMI
[04:32:33] [251/456] CPNM
[04:32:34] [252/456] FMRL
[04:32:35] [253/456] MCIW
[04:32:36] [254/456] MXBO
[04:32:37] [255/456] FMKY
[04:32:38] [256/456] FMDA
[04:32:39] [257/456] THAB
[04:32:40] [258/456] PRCW
[04:32:41] 🔄 Identity reset
[04:32:41] 🔄 Identity rotated (every 10 requests)
[04:32:41] [259/456] PITI
[04:32:42] [260/456] MCFF
[04:32:43] [261/456] PDDV
[04:32:44] [262/456] MCRM
[04:32:45] [263/456] KKMB
[04:32:46] [264/456] INKO
[04:32:47] [265/456] PLXP
[04:32:48] [266/456] MMHA
[04:32:49] [267/456] FMVS
[04:32:50] [268/456] POLM
[04:32:51] 🔄 Identity reset
[04:32:51] 🔄 Identity rotated (every 10 requests)
[04:32:51] [269/456] STER
[04:32:52] [270/456] PVWJ
[04:32:53] [271/456] IMJW
[04:32:54] [272/456] FNAN
[04:32:55] [273/456] CAGL
[04:32:56] [274/456] IPBG
[04:32:56] [275/456] SMFV
[04:32:57] [276/456] MMMR
[04:32:58] [277/456] MMWM
[04:32:59] [278/456] FNCM
[04:33:00] 🔄 Identity reset
[04:33:00] 🔄 Identity rotated (every 10 requests)
[04:33:00] [279/456] MDVA
[04:33:01] [280/456] MMET
[04:33:02] [281/456] MIDO
[04:33:03] [282/456] INNP
[04:33:04] [283/456] MIFU
[04:33:05] [284/456] MMSZ
[04:33:07] [285/456] BMXA
[04:33:08] [286/456] MCAA
[04:33:09] [287/456] SCVP
[04:33:10] [288/456] PLUS
[04:33:10] 🔄 Identity reset
[04:33:10] 🔄 Identity rotated (every 10 requests)
[04:33:11] [289/456] MUCK
[04:33:12] [290/456] MTMA
[04:33:13] [291/456] HPVR
[04:33:13] [292/456] PMPK
[04:33:14] [293/456] MAJB
[04:33:15] [294/456] CTRR
[04:33:16] [295/456] MCTG
[04:33:17] [296/456] MACE
[04:33:18] [297/456] AAAS
[04:33:19] [298/456] CPVV
[04:33:20] 🔄 Identity reset
[04:33:20] 🔄 Identity rotated (every 10 requests)
[04:33:20] [299/456] RCHG
[04:33:22] [300/456] MCNE
[04:33:23] [301/456] EMNC
[04:33:24] [302/456] MCAN
[04:33:25] [303/456] TCDM
[04:33:26] [304/456] IRGT
[04:33:27] [305/456] GCMG
[04:33:28] [306/456] MXSN
[04:33:29] [307/456] MXCK
[04:33:30] [308/456] MCRC
[04:33:30] 🔄 Identity reset
[04:33:30] 🔄 Identity rotated (every 10 requests)
[04:33:31] [309/456] RSMI
[04:33:32] [310/456] WAML
[04:33:32] [311/456] MTSC
[04:33:33] [312/456] FMDR
[04:33:34] [313/456] LEPV
[04:33:35] [314/456] MTGD
[04:33:36] [315/456] IMOB
[04:33:37] [316/456] CLMM
[04:33:38] [317/456] PZCD
[04:33:39] [318/456] GOCS
[04:33:40] 🔄 Identity reset
[04:33:40] 🔄 Identity rotated (every 10 requests)
[04:33:40] [319/456] KCMA
[04:33:41] [320/456] CCMP
[04:33:42] [321/456] MTSU
[04:33:44] [322/456] SNGL
[04:33:45] [323/456] MMMC
[04:33:46] [324/456] MMAA
[04:33:47] [325/456] GCDM
[04:33:48] [326/456] KTMV
[04:33:49] [327/456] AETE
[04:33:50] [328/456] OMCS
[04:33:51] 🔄 Identity reset
[04:33:51] 🔄 Identity rotated (every 10 requests)
[04:33:51] [329/456] GDCD
[04:33:52] [330/456] NYMD
[04:33:53] [331/456] RNCV
[04:33:53] [332/456] KKMT
[04:33:54] [333/456] GDTH
[04:33:55] [334/456] KMMV
[04:33:57] [335/456] NHCG
[04:33:58] [336/456] PJDW
[04:33:58] [337/456] MMCV
[04:33:59] [338/456] FQSA
[04:34:00] 🔄 Identity reset
[04:34:00] 🔄 Identity rotated (every 10 requests)
[04:34:01] [339/456] KURL
[04:34:02] [340/456] NNNX
[04:34:03] [341/456] AMAU
[04:34:04] [342/456] VVVM
[04:34:05] [343/456] VECU
[04:34:07] [344/456] WCVR
[04:34:08] [345/456] MTGG
[04:34:09] [346/456] SGTG
[04:34:09] [347/456] MNTG
[04:34:10] [348/456] JDDG
[04:34:11] 🔄 Identity reset
[04:34:11] 🔄 Identity rotated (every 10 requests)
[04:34:11] [349/456] MBTK
[04:34:12] [350/456] SGCD
[04:34:13] [351/456] MCTC
[04:34:14] [352/456] JTPC
[04:34:15] [353/456] SDKT
[04:34:16] [354/456] KRCC
[04:34:17] [355/456] RMMD
[04:34:17] [356/456] AAME
[04:34:18] [357/456] TMWC
[04:34:19] [358/456] NRWY
[04:34:20] 🔄 Identity reset
[04:34:20] 🔄 Identity rotated (every 10 requests)
[04:34:20] [359/456] CITD
[04:34:21] [360/456] VERD
[04:34:23] [361/456] MKSK
[04:34:24] [362/456] STSM
[04:34:25] [363/456] MJDG
[04:34:26] [364/456] RKPM
[04:34:27] [365/456] SSCE
[04:34:28] [366/456] VMAE
[04:34:28] [367/456] SBRU
[04:34:29] [368/456] AMBC
[04:34:30] 🔄 Identity reset
[04:34:30] 🔄 Identity rotated (every 10 requests)
[04:34:30] [369/456] AMLU
[04:34:31] [370/456] INVZ
[04:34:32] [371/456] LGTV
[04:34:34] [372/456] SVAD
[04:34:35] [373/456] SMSA
[04:34:36] [374/456] SPCZ
[04:34:36] [375/456] GTCX
[04:34:37] [376/456] SCSL
[04:34:38] [377/456] SAHU
[04:34:39] [378/456] NCDA
[04:34:40] 🔄 Identity reset
[04:34:40] 🔄 Identity rotated (every 10 requests)
[04:34:40] [379/456] SCCG
[04:34:41] [380/456] VKTL
[04:34:43] [381/456] PUUJ
[04:34:44] [382/456] STEJ
[04:34:45] [383/456] RJAL
[04:34:45] [384/456] ACJC
[04:34:47] [385/456] ARVB
[04:34:48] [386/456] AUBB
[04:34:49] [387/456] GDBR
[04:34:50] [388/456] PVND
[04:34:51] 🔄 Identity reset
[04:34:51] 🔄 Identity rotated (every 10 requests)
[04:34:52] [389/456] BGRJ
[04:34:53] [390/456] RJMM
[04:34:53] [391/456] MCSA
[04:34:54] [392/456] BODA
[04:34:55] [393/456] JAGG
[04:34:56] [394/456] SCGA
[04:34:58] [395/456] LRCM
[04:34:59] [396/456] CPCN
[04:35:00] [397/456] SSTF
[04:35:01] [398/456] SRXP
[04:35:02] 🔄 Identity reset
[04:35:02] 🔄 Identity rotated (every 10 requests)
[04:35:03] [399/456] CNFX
[04:35:04] [400/456] ANDI
[04:35:05] [401/456] SYEW
[04:35:06] [402/456] RCRE
[04:35:07] [403/456] SCRW
[04:35:08] [404/456] MBKR
[04:35:09] [405/456] ASNT
[04:35:10] [406/456] JTMT
[04:35:11] [407/456] SHAY
[04:35:12] [408/456] VRTH
[04:35:13] 🔄 Identity reset
[04:35:13] 🔄 Identity rotated (every 10 requests)
[04:35:13] [409/456] SPTI
[04:35:14] [410/456] DPTD
[04:35:15] [411/456] TGSN
[04:35:16] [412/456] RCWV
[04:35:17] [413/456] OCUR
[04:35:18] [414/456] KSTC
[04:35:19] [415/456] SANI
[04:35:20] [416/456] MLCA
[04:35:20] [417/456] EGCA
[04:35:22] [418/456] SYSN
[04:35:23] 🔄 Identity reset
[04:35:23] 🔄 Identity rotated (every 10 requests)
[04:35:23] [419/456] PKTA
[04:35:24] [420/456] PRCC
[04:35:25] [421/456] KSTR
[04:35:26] [422/456] SNTP
[04:35:27] [423/456] RCHA
[04:35:28] [424/456] SEEA
[04:35:29] [425/456] ALAT
[04:35:30] [426/456] AATV
[04:35:31] [427/456] RJTE
[04:35:32] [428/456] AAPP
[04:35:33] 🔄 Identity reset
[04:35:33] 🔄 Identity rotated (every 10 requests)
[04:35:33] [429/456] PMMH
[04:35:34] [430/456] INRJ
[04:35:35] [431/456] SARB
[04:35:35] [432/456] PCJL
[04:35:36] [433/456] PFJJ
[04:35:37] [434/456] GRDC
[04:35:38] [435/456] BCBA
[04:35:39] [436/456] VIXL
[04:35:40] [437/456] CSTL
[04:35:41] [438/456] MTDK
[04:35:41] 🔄 Identity reset
[04:35:41] 🔄 Identity rotated (every 10 requests)
[04:35:42] [439/456] TDAC
[04:35:42] [440/456] GTDN
[04:35:43] [441/456] TTDE
[04:35:44] [442/456] ASTS
[04:35:45] [443/456] CPNS
[04:35:47] [444/456] PVVW
[04:35:48] [445/456] USEB
[04:35:49] [446/456] DTYN
[04:35:50] [447/456] PVLE
[04:35:51] [448/456] CIPS
[04:35:51] 🔄 Identity reset
[04:35:51] 🔄 Identity rotated (every 10 requests)
[04:35:52] [449/456] PAEG
[04:35:53] [450/456] PTCW
[04:35:53] [451/456] G3SR
[04:35:54] [452/456] PGND
[04:35:55] [453/456] INVM
[04:35:56] [454/456] SPIA
[04:35:57] [455/456] PCSN
[04:35:58] [456/456] PPGV
[04:35:59] 🧹 Deduping shows
[04:35:59] ✅ DONE | Shows=891 | Movies=49
