[09:34:14] 🚀 SCRIPT STARTED (enhanced anti‑detection)
[09:34:14] [1/455] MXGN
[09:34:14] 🧠 New identity created
[09:34:15] [2/455] PGGM
[09:34:16] [3/455] IPMJ
[09:34:16] [4/455] M2PP
[09:34:17] [5/455] PMMS
[09:34:18] [6/455] SCJN
[09:34:19] [7/455] CPUM
[09:34:20] [8/455] SCND
[09:34:20] [9/455] INWM
[09:34:21] [10/455] DVDC
[09:34:22] 🔄 Identity reset
[09:34:22] 🔄 Identity rotated (every 10 requests)
[09:34:22] [11/455] WVND
[09:34:23] [12/455] LBDL
[09:34:24] [13/455] CRGM
[09:34:24] [14/455] PVKS
[09:34:25] [15/455] PBLL
[09:34:26] [16/455] FNLN
[09:34:27] [17/455] PPDA
[09:34:28] [18/455] SCPT
[09:34:29] [19/455] IAJS
[09:34:30] [20/455] MMZG
[09:34:31] 🔄 Identity reset
[09:34:31] 🔄 Identity rotated (every 10 requests)
[09:34:31] [21/455] MCTI
[09:34:33] [22/455] PPMF
[09:34:34] [23/455] FNSD
[09:34:35] [24/455] M2RH
[09:34:36] [25/455] CPGV
[09:34:37] [26/455] PECD
[09:34:37] [27/455] CTEE
[09:34:38] [28/455] IOMG
[09:34:39] [29/455] CIJA
[09:34:40] [30/455] NYCG
[09:34:41] 🔄 Identity reset
[09:34:41] 🔄 Identity rotated (every 10 requests)
[09:34:41] [31/455] CEST
[09:34:42] [32/455] WVRG
[09:34:43] [33/455] DPDC
[09:34:44] [34/455] PDIV
[09:34:45] [35/455] MTPP
[09:34:46] [36/455] MHNU
[09:34:47] [37/455] WUPG
[09:34:47] [38/455] USCO
[09:34:48] [39/455] INFR
[09:34:49] [40/455] PVPD
[09:34:50] 🔄 Identity reset
[09:34:50] 🔄 Identity rotated (every 10 requests)
[09:34:50] [41/455] RONC
[09:34:51] [42/455] IOCP
[09:34:52] [43/455] EMPS
[09:34:52] [44/455] PNAD
[09:34:53] [45/455] VVGZ
[09:34:54] [46/455] MDDC
[09:34:55] [47/455] MMAP
[09:34:56] [48/455] GPDC
[09:34:56] [49/455] PVPU
[09:34:57] [50/455] DCMV
[09:34:58] 🔄 Identity reset
[09:34:58] 🔄 Identity rotated (every 10 requests)
[09:34:59] [51/455] PCCF
[09:35:00] [52/455] MCEF
[09:35:01] [53/455] INRD
[09:35:02] [54/455] CCPZ
[09:35:03] [55/455] BCWG
[09:35:04] [56/455] PMGU
[09:35:05] [57/455] MCVM
[09:35:07] [58/455] MCDE
[09:35:08] [59/455] IEFM
[09:35:09] [60/455] MXCS
[09:35:10] 🔄 Identity reset
[09:35:10] 🔄 Identity rotated (every 10 requests)
[09:35:10] 🔄 Retry 1/5 for MXCS in 2.1s
[09:35:10] 🔄 Identity reset
[09:35:12] 🧠 New identity created
[09:35:12] [61/455] RNMT
[09:35:13] [62/455] PSDD
[09:35:14] [63/455] PETA
[09:35:15] [64/455] IZOP
[09:35:16] [65/455] PDEI
[09:35:17] [66/455] MTND
[09:35:18] [67/455] PCPL
[09:35:19] [68/455] LSCM
[09:35:20] [69/455] BTFD
[09:35:21] 🔄 Identity reset
[09:35:21] 🔄 Identity rotated (every 10 requests)
[09:35:21] [70/455] MERM
[09:35:22] [71/455] PVMS
[09:35:23] [72/455] CIGK
[09:35:23] [73/455] INSG
[09:35:24] [74/455] IDEN
[09:35:25] [75/455] MCGN
[09:35:26] [76/455] IGAM
[09:35:27] [77/455] SLCU
[09:35:28] [78/455] MIMU
[09:35:29] [79/455] QLAC
[09:35:29] 🔄 Identity reset
[09:35:29] 🔄 Identity rotated (every 10 requests)
[09:35:30] [80/455] MENL
[09:35:30] [81/455] SCUR
[09:35:32] [82/455] MDGD
[09:35:33] [83/455] LSRS
[09:35:34] [84/455] KMLG
[09:35:34] [85/455] MKLJ
[09:35:36] [86/455] IBYG
[09:35:37] [87/455] ISML
[09:35:38] [88/455] MJMM
[09:35:38] [89/455] RCGD
[09:35:39] 🔄 Identity reset
[09:35:39] 🔄 Identity rotated (every 10 requests)
[09:35:39] [90/455] MMOC
[09:35:40] [91/455] RRCO
[09:35:41] [92/455] MEDM
[09:35:42] [93/455] MCAZ
[09:35:42] [94/455] STWA
[09:35:43] [95/455] PFFG
[09:35:44] [96/455] GAGC
[09:35:45] [97/455] PMPM
[09:35:46] [98/455] HVCD
[09:35:47] [99/455] AKRF
[09:35:47] 🔄 Identity reset
[09:35:47] 🔄 Identity rotated (every 10 requests)
[09:35:48] [100/455] AKRC
[09:35:48] [101/455] MIDA
[09:35:49] [102/455] MAGX
[09:35:50] [103/455] ESOS
[09:35:51] [104/455] BBCL
[09:35:52] [105/455] LYAS
[09:35:53] [106/455] NRMS
[09:35:54] [107/455] BHUC
[09:35:54] [108/455] SRIC
[09:35:55] [109/455] PDME
[09:35:56] 🔄 Identity reset
[09:35:56] 🔄 Identity rotated (every 10 requests)
[09:35:56] [110/455] MJCS
[09:35:57] [111/455] NRAA
[09:35:58] [112/455] VATA
[09:35:59] [113/455] MNKC
[09:36:00] [114/455] DHCL
[09:36:00] [115/455] JCPC
[09:36:01] [116/455] CTML
[09:36:02] [117/455] RMMR
[09:36:03] [118/455] STTL
[09:36:04] [119/455] CNPS
[09:36:05] 🔄 Identity reset
[09:36:05] 🔄 Identity rotated (every 10 requests)
[09:36:05] [120/455] ACKL
[09:36:06] [121/455] SCAU
[09:36:07] [122/455] RMIA
[09:36:08] [123/455] MANU
[09:36:08] [124/455] ARDC
[09:36:09] [125/455] GLDA
[09:36:11] [126/455] KVSW
[09:36:12] [127/455] CGCA
[09:36:12] [128/455] CMLO
[09:36:14] [129/455] CECB
[09:36:15] 🔄 Identity reset
[09:36:15] 🔄 Identity rotated (every 10 requests)
[09:36:15] [130/455] RCPN
[09:36:16] [131/455] ASMW
[09:36:17] [132/455] PWLM
[09:36:18] [133/455] ASGM
[09:36:18] [134/455] ACWH
[09:36:19] [135/455] AAPW
[09:36:20] [136/455] RTWA
[09:36:21] [137/455] RAMW
[09:36:22] [138/455] VKTR
[09:36:23] [139/455] SMBH
[09:36:23] 🔄 Identity reset
[09:36:23] 🔄 Identity rotated (every 10 requests)
[09:36:23] [140/455] BVDR
[09:36:24] [141/455] MRTP
[09:36:25] [142/455] BLBR
[09:36:26] [143/455] LPIN
[09:36:27] [144/455] SNPC
[09:36:28] [145/455] PDCB
[09:36:29] [146/455] DYPK
[09:36:30] [147/455] INMK
[09:36:31] [148/455] PDCK
[09:36:32] [149/455] PCKR
[09:36:33] 🔄 Identity reset
[09:36:33] 🔄 Identity rotated (every 10 requests)
[09:36:33] [150/455] SHUA
[09:36:34] [151/455] SCVK
[09:36:35] [152/455] STPA
[09:36:35] [153/455] WVHD
[09:36:36] [154/455] MRCH
[09:36:37] [155/455] MCNP
[09:36:38] [156/455] RCAG
[09:36:39] [157/455] JTSN
[09:36:39] [158/455] AANS
[09:36:40] [159/455] GDDR
[09:36:41] 🔄 Identity reset
[09:36:41] 🔄 Identity rotated (every 10 requests)
[09:36:41] [160/455] SRER
[09:36:42] [161/455] JKMA
[09:36:43] [162/455] ARAN
[09:36:44] [163/455] ALCT
[09:36:45] [164/455] CCTA
[09:36:46] [165/455] CNCT
[09:36:47] [166/455] NZBL
[09:36:49] [167/455] SRRA
[09:36:50] [168/455] SVPW
[09:36:51] [169/455] SRTW
[09:36:51] 🔄 Identity reset
[09:36:51] 🔄 Identity rotated (every 10 requests)
[09:36:52] [170/455] XMTD
[09:36:52] [171/455] SCCZ
[09:36:53] [172/455] PBCR
[09:36:54] [173/455] RTSC
[09:36:55] [174/455] TLSV
[09:36:55] [175/455] RMTK
[09:36:56] [176/455] SRAT
[09:36:57] [177/455] GCYC
[09:36:58] [178/455] HCAJ
[09:36:59] [179/455] LCXA
[09:36:59] 🔄 Identity reset
[09:36:59] 🔄 Identity rotated (every 10 requests)
[09:37:00] [180/455] BINT
[09:37:01] [181/455] IXIM
[09:37:02] [182/455] MBCR
[09:37:03] [183/455] BMCJ
[09:37:04] [184/455] NICJ
[09:37:05] [185/455] SCAJ
[09:37:06] [186/455] CMXS
[09:37:07] [187/455] MMSR
[09:37:08] [188/455] PRKT
[09:37:09] [189/455] LPTH
[09:37:10] 🔄 Identity reset
[09:37:10] 🔄 Identity rotated (every 10 requests)
[09:37:10] [190/455] SARP
[09:37:11] [191/455] MNPP
[09:37:12] [192/455] PRLR
[09:37:12] [193/455] RCMW
[09:37:13] [194/455] FCMG
[09:37:14] [195/455] RTNK
[09:37:15] [196/455] LRCP
[09:37:16] [197/455] DBJR
[09:37:17] [198/455] CACN
[09:37:18] [199/455] AMRL
[09:37:18] 🔄 Identity reset
[09:37:18] 🔄 Identity rotated (every 10 requests)
[09:37:19] [200/455] SBBC
[09:37:19] [201/455] VENN
[09:37:20] [202/455] STSS
[09:37:21] [203/455] SMRB
[09:37:22] [204/455] CCMX
[09:37:23] [205/455] KCMR
[09:37:24] [206/455] SALH
[09:37:24] [207/455] CGTT
[09:37:25] [208/455] PMDR
[09:37:26] [209/455] VCPM
[09:37:27] 🔄 Identity reset
[09:37:27] 🔄 Identity rotated (every 10 requests)
[09:37:27] [210/455] RZMX
[09:37:28] [211/455] TMSY
[09:37:29] [212/455] NTMS
[09:37:29] [213/455] VTAG
[09:37:30] [214/455] REMA
[09:37:31] [215/455] NXCC
[09:37:32] [216/455] SKYM
[09:37:33] [217/455] CCMO
[09:37:33] [218/455] DMXM
[09:37:34] [219/455] SPPM
[09:37:35] 🔄 Identity reset
[09:37:35] 🔄 Identity rotated (every 10 requests)
[09:37:35] [220/455] PTKL
[09:37:36] [221/455] SLVO
[09:37:37] [222/455] VASL
[09:37:38] [223/455] CBCM
[09:37:38] [224/455] STMA
[09:37:39] [225/455] LASK
[09:37:40] [226/455] VITE
[09:37:41] [227/455] AAST
[09:37:42] [228/455] JTPT
[09:37:43] [229/455] RRSH
[09:37:44] 🔄 Identity reset
[09:37:44] 🔄 Identity rotated (every 10 requests)
[09:37:44] [230/455] CINL
[09:37:46] [231/455] MCSR
[09:37:46] [232/455] SBCF
[09:37:47] [233/455] GCDU
[09:37:48] [234/455] PSPR
[09:37:49] [235/455] IMMO
[09:37:50] [236/455] CLGM
[09:37:51] [237/455] PBMM
[09:37:51] [238/455] CEHR
[09:37:52] [239/455] CPOE
[09:37:53] 🔄 Identity reset
[09:37:53] 🔄 Identity rotated (every 10 requests)
[09:37:53] [240/455] PGFD
[09:37:54] [241/455] PSLC
[09:37:55] [242/455] MSMD
[09:37:56] [243/455] FMFB
[09:37:57] [244/455] RKCL
[09:37:58] [245/455] PMMC
[09:37:59] [246/455] SKMM
[09:38:00] [247/455] VOIB
[09:38:02] [248/455] KINO
[09:38:03] [249/455] VCTP
[09:38:04] 🔄 Identity reset
[09:38:04] 🔄 Identity rotated (every 10 requests)
[09:38:04] [250/455] PDWR
[09:38:05] [251/455] SAED
[09:38:06] [252/455] SRRT
[09:38:07] [253/455] CVLG
[09:38:07] [254/455] SNGN
[09:38:08] [255/455] SIDA
[09:38:10] [256/455] IMCB
[09:38:11] [257/455] SMHP
[09:38:12] [258/455] GDTY
[09:38:13] [259/455] VYCH
[09:38:14] 🔄 Identity reset
[09:38:14] 🔄 Identity rotated (every 10 requests)
[09:38:14] [260/455] PDYA
[09:38:15] [261/455] RKDO
[09:38:16] [262/455] VECG
[09:38:17] [263/455] NFGD
[09:38:18] [264/455] SNDC
[09:38:19] [265/455] SDJH
[09:38:20] [266/455] HASV
[09:38:21] [267/455] PTYK
[09:38:22] [268/455] MUTB
[09:38:23] [269/455] AMRT
[09:38:23] 🔄 Identity reset
[09:38:23] 🔄 Identity rotated (every 10 requests)
[09:38:23] 🔄 Retry 1/5 for AMRT in 2.2s
[09:38:23] 🔄 Identity reset
[09:38:25] 🧠 New identity created
[09:38:26] [270/455] VACD
[09:38:27] [271/455] SKDD
[09:38:28] [272/455] STGR
[09:38:28] [273/455] GDAK
[09:38:29] [274/455] SKHK
[09:38:30] [275/455] SLND
[09:38:31] [276/455] APAP
[09:38:32] [277/455] AYYA
[09:38:33] [278/455] VCCZ
[09:38:33] 🔄 Identity reset
[09:38:33] 🔄 Identity rotated (every 10 requests)
[09:38:34] [279/455] MEML
[09:38:35] [280/455] MAOU
[09:38:35] [281/455] ESND
[09:38:36] [282/455] PTBZ
[09:38:37] [283/455] LBCN
[09:38:38] [284/455] PAWA
[09:38:39] [285/455] ZEIC
[09:38:39] [286/455] CGMM
[09:38:40] [287/455] PJPM
[09:38:41] [288/455] ECMR
[09:38:42] 🔄 Identity reset
[09:38:42] 🔄 Identity rotated (every 10 requests)
[09:38:43] [289/455] SHMZ
[09:38:44] [290/455] STCA
[09:38:45] [291/455] VDRC
[09:38:46] [292/455] SEEM
[09:38:46] [293/455] MKNS
[09:38:47] [294/455] KPPP
[09:38:49] [295/455] CCML
[09:38:50] [296/455] CIBA
[09:38:51] [297/455] NACS
[09:38:51] [298/455] CTMK
[09:38:52] 🔄 Identity reset
[09:38:52] 🔄 Identity rotated (every 10 requests)
[09:38:52] [299/455] CTCT
[09:38:53] [300/455] MCSN
[09:38:54] [301/455] MAXX
[09:38:55] [302/455] MECB
[09:38:56] [303/455] NTBY
[09:38:57] [304/455] UTBI
[09:38:58] [305/455] RADK
[09:38:59] [306/455] STBY
[09:39:00] [307/455] GTBY
[09:39:01] [308/455] RRMB
[09:39:01] 🔄 Identity reset
[09:39:01] 🔄 Identity rotated (every 10 requests)
[09:39:02] [309/455] ABRN
[09:39:02] [310/455] GTSG
[09:39:03] [311/455] GBTG
[09:39:04] [312/455] SBGS
[09:39:06] [313/455] KBPM
[09:39:07] [314/455] SMHT
[09:39:08] [315/455] VTDM
[09:39:09] [316/455] ASCT
[09:39:09] [317/455] AWCT
[09:39:10] [318/455] DCCU
[09:39:11] 🔄 Identity reset
[09:39:11] 🔄 Identity rotated (every 10 requests)
[09:39:11] [319/455] PSCE
[09:39:12] [320/455] KSNY
[09:39:13] [321/455] ACID
[09:39:15] [322/455] LVCD
[09:39:15] [323/455] KSSB
[09:39:16] [324/455] SWTD
[09:39:18] [325/455] RBMR
[09:39:19] [326/455] SCBC
[09:39:19] [327/455] RKME
[09:39:20] [328/455] GALX
[09:39:21] 🔄 Identity reset
[09:39:21] 🔄 Identity rotated (every 10 requests)
[09:39:21] [329/455] GCCH
[09:39:22] [330/455] RATR
[09:39:23] [331/455] GTGA
[09:39:25] [332/455] LTTR
[09:39:26] [333/455] TTAA
[09:39:27] [334/455] TVHP
[09:39:28] [335/455] KVCS
[09:39:29] [336/455] CBMC
[09:39:30] [337/455] MAYJ
[09:39:30] [338/455] INPR
[09:39:31] 🔄 Identity reset
[09:39:31] 🔄 Identity rotated (every 10 requests)
[09:39:31] [339/455] RSSC
[09:39:32] [340/455] PCAN
[09:39:33] [341/455] PVHR
[09:39:34] [342/455] AGSM
[09:39:34] [343/455] PVES
[09:39:35] [344/455] INTO
[09:39:36] [345/455] ACON
[09:39:37] [346/455] PVPZ
[09:39:38] [347/455] PVHC
[09:39:39] [348/455] KSTK
[09:39:39] 🔄 Identity reset
[09:39:39] 🔄 Identity rotated (every 10 requests)
[09:39:40] [349/455] PVSR
[09:39:41] [350/455] ACTN
[09:39:42] [351/455] FMCN
[09:39:43] [352/455] PABC
[09:39:44] [353/455] SUTC
[09:39:46] [354/455] PGMV
[09:39:47] [355/455] GKCP
[09:39:48] [356/455] INCH
[09:39:49] [357/455] MLMT
[09:39:50] [358/455] SSCC
[09:39:51] 🔄 Identity reset
[09:39:51] 🔄 Identity rotated (every 10 requests)
[09:39:51] [359/455] SLMP
[09:39:52] [360/455] VVTN
[09:39:53] [361/455] SBTR
[09:39:54] [362/455] PGRA
[09:39:55] [363/455] PBRM
[09:39:56] [364/455] GCRP
[09:39:57] [365/455] MCSK
[09:39:58] [366/455] NLTC
[09:39:59] [367/455] MTLM
[09:40:00] [368/455] VECT
[09:40:00] 🔄 Identity reset
[09:40:00] 🔄 Identity rotated (every 10 requests)
[09:40:01] [369/455] KMRM
[09:40:02] [370/455] RACM
[09:40:03] [371/455] WSTC
[09:40:04] [372/455] PVTJ
[09:40:05] [373/455] MMKC
[09:40:06] [374/455] SVWT
[09:40:07] [375/455] JOTG
[09:40:08] [376/455] VCDK
[09:40:08] [377/455] ANAC
[09:40:09] [378/455] GRTC
[09:40:10] 🔄 Identity reset
[09:40:10] 🔄 Identity rotated (every 10 requests)
[09:40:10] [379/455] JTPL
[09:40:11] [380/455] VRCP
[09:40:12] [381/455] REMC
[09:40:12] [382/455] ATMG
[09:40:13] [383/455] GAHC
[09:40:14] [384/455] JTMV
[09:40:15] [385/455] OMTT
[09:40:16] [386/455] GKKC
[09:40:17] [387/455] BBPO
[09:40:17] [388/455] ZCBB
[09:40:18] 🔄 Identity reset
[09:40:18] 🔄 Identity rotated (every 10 requests)
[09:40:18] [389/455] DCGO
[09:40:19] [390/455] STOP
[09:40:20] [391/455] BSPC
[09:40:21] [392/455] SOND
[09:40:22] [393/455] GCKG
[09:40:23] [394/455] PCDB
[09:40:24] [395/455] PGRC
[09:40:25] [396/455] CSCT
[09:40:26] [397/455] STDA
[09:40:27] [398/455] JAYD
[09:40:27] 🔄 Identity reset
[09:40:27] 🔄 Identity rotated (every 10 requests)
[09:40:28] [399/455] PPPD
[09:40:28] [400/455] KRTT
[09:40:29] [401/455] PTDT
[09:40:30] [402/455] TRSV
[09:40:31] [403/455] VELR
[09:40:32] [404/455] STDT
[09:40:33] [405/455] SATT
[09:40:34] [406/455] KCPM
[09:40:36] [407/455] MFCP
[09:40:37] [408/455] AXMP
[09:40:38] 🔄 Identity reset
[09:40:38] 🔄 Identity rotated (every 10 requests)
[09:40:38] [409/455] LTVB
[09:40:39] [410/455] APST
[09:40:39] [411/455] DTVP
[09:40:40] [412/455] AAVB
[09:40:41] [413/455] PMBL
[09:40:42] [414/455] STKC
[09:40:43] [415/455] KKMA
[09:40:44] [416/455] NMXS
[09:40:45] [417/455] DECX
[09:40:46] [418/455] MAPJ
[09:40:46] 🔄 Identity reset
[09:40:46] 🔄 Identity rotated (every 10 requests)
[09:40:47] [419/455] SMLK
[09:40:48] [420/455] PMPU
[09:40:49] [421/455] AFST
[09:40:49] [422/455] SRSY
[09:40:51] [423/455] RMKT
[09:40:52] [424/455] RAJX
[09:40:53] [425/455] UVCD
[09:40:54] [426/455] LISA
[09:40:55] [427/455] LMSR
[09:40:55] [428/455] PMCA
[09:40:56] 🔄 Identity reset
[09:40:56] 🔄 Identity rotated (every 10 requests)
[09:40:56] [429/455] INPO
[09:40:57] [430/455] INGO
[09:40:58] [431/455] HFSQ
[09:40:59] [432/455] INMG
[09:41:00] [433/455] NYCP
[09:41:02] [434/455] HFSV
[09:41:03] [435/455] MMZP
[09:41:04] [436/455] KSES
[09:41:04] [437/455] HFSA
[09:41:05] [438/455] ACMM
[09:41:06] 🔄 Identity reset
[09:41:06] 🔄 Identity rotated (every 10 requests)
[09:41:06] [439/455] RCKD
[09:41:07] [440/455] BCKR
[09:41:08] [441/455] SFCO
[09:41:09] [442/455] JCCB
[09:41:10] [443/455] BCCR
[09:41:11] [444/455] NWCB
[09:41:11] [445/455] SAMT
[09:41:13] [446/455] TMST
[09:41:14] [447/455] SJCN
[09:41:15] [448/455] MCBS
[09:41:16] 🔄 Identity reset
[09:41:16] 🔄 Identity rotated (every 10 requests)
[09:41:16] [449/455] CMKR
[09:41:17] [450/455] INPM
[09:41:17] [451/455] WVMT
[09:41:18] [452/455] NYSM
[09:41:19] [453/455] RCMA
[09:41:20] [454/455] RECM
[09:41:21] [455/455] CYCM
[09:41:22] 🧹 Deduping shows
[09:41:22] ✅ DONE | Shows=299 | Movies=20
[16:32:13] 🚀 SCRIPT STARTED (enhanced anti‑detection)
[16:32:13] [1/455] MXGN
[16:32:14] 🧠 New identity created
[16:32:14] [2/455] PGGM
[16:32:15] [3/455] IPMJ
[16:32:16] [4/455] M2PP
[16:32:17] [5/455] PMMS
[16:32:18] [6/455] SCJN
[16:32:19] [7/455] CPUM
[16:32:19] [8/455] SCND
[16:32:20] [9/455] INWM
[16:32:21] [10/455] DVDC
[16:32:22] 🔄 Identity reset
[16:32:22] 🔄 Identity rotated (every 10 requests)
[16:32:22] [11/455] WVND
[16:32:23] [12/455] LBDL
[16:32:24] [13/455] CRGM
[16:32:26] [14/455] PVKS
[16:32:26] [15/455] PBLL
[16:32:27] [16/455] FNLN
[16:32:29] [17/455] PPDA
[16:32:30] [18/455] SCPT
[16:32:31] [19/455] IAJS
[16:32:31] [20/455] MMZG
[16:32:32] 🔄 Identity reset
[16:32:32] 🔄 Identity rotated (every 10 requests)
[16:32:32] [21/455] MCTI
[16:32:33] [22/455] PPMF
[16:32:34] [23/455] FNSD
[16:32:35] [24/455] M2RH
[16:32:36] [25/455] CPGV
[16:32:37] [26/455] PECD
[16:32:38] [27/455] CTEE
[16:32:39] [28/455] IOMG
[16:32:40] [29/455] CIJA
[16:32:41] [30/455] NYCG
[16:32:41] 🔄 Identity reset
[16:32:41] 🔄 Identity rotated (every 10 requests)
[16:32:42] [31/455] CEST
[16:32:43] [32/455] WVRG
[16:32:44] [33/455] DPDC
[16:32:45] [34/455] PDIV
[16:32:46] [35/455] MTPP
[16:32:47] [36/455] MHNU
[16:32:47] [37/455] WUPG
[16:32:48] [38/455] USCO
[16:32:49] [39/455] INFR
[16:32:50] [40/455] PVPD
[16:32:51] 🔄 Identity reset
[16:32:51] 🔄 Identity rotated (every 10 requests)
[16:32:51] [41/455] RONC
[16:32:52] [42/455] IOCP
[16:32:53] [43/455] EMPS
[16:32:54] [44/455] PNAD
[16:32:55] [45/455] VVGZ
[16:32:56] [46/455] MDDC
[16:32:56] [47/455] MMAP
[16:32:57] [48/455] GPDC
[16:32:58] [49/455] PVPU
[16:32:59] [50/455] DCMV
[16:32:59] 🔄 Identity reset
[16:32:59] 🔄 Identity rotated (every 10 requests)
[16:33:00] [51/455] PCCF
[16:33:01] [52/455] MCEF
[16:33:01] [53/455] INRD
[16:33:02] [54/455] CCPZ
[16:33:03] [55/455] BCWG
[16:33:04] [56/455] PMGU
[16:33:05] [57/455] MCVM
[16:33:06] [58/455] MCDE
[16:33:07] [59/455] IEFM
[16:33:08] [60/455] MXCS
[16:33:08] 🔄 Identity reset
[16:33:08] 🔄 Identity rotated (every 10 requests)
[16:33:09] [61/455] RNMT
[16:33:10] [62/455] PSDD
[16:33:11] [63/455] PETA
[16:33:11] [64/455] IZOP
[16:33:12] [65/455] PDEI
[16:33:13] [66/455] MTND
[16:33:14] [67/455] PCPL
[16:33:16] [68/455] LSCM
[16:33:16] [69/455] BTFD
[16:33:17] [70/455] MERM
[16:33:18] 🔄 Identity reset
[16:33:18] 🔄 Identity rotated (every 10 requests)
[16:33:18] [71/455] PVMS
[16:33:19] [72/455] CIGK
[16:33:20] [73/455] INSG
[16:33:20] [74/455] IDEN
[16:33:21] [75/455] MCGN
[16:33:22] [76/455] IGAM
[16:33:23] [77/455] SLCU
[16:33:24] [78/455] MIMU
[16:33:25] [79/455] QLAC
[16:33:26] [80/455] MENL
[16:33:26] 🔄 Identity reset
[16:33:26] 🔄 Identity rotated (every 10 requests)
[16:33:26] [81/455] SCUR
[16:33:27] [82/455] MDGD
[16:33:29] [83/455] LSRS
[16:33:30] [84/455] KMLG
[16:33:30] [85/455] MKLJ
[16:33:31] [86/455] IBYG
[16:33:32] [87/455] ISML
[16:33:33] [88/455] MJMM
[16:33:34] [89/455] RCGD
[16:33:35] [90/455] MMOC
[16:33:36] 🔄 Identity reset
[16:33:36] 🔄 Identity rotated (every 10 requests)
[16:33:36] [91/455] RRCO
[16:33:37] [92/455] MEDM
[16:33:38] [93/455] MCAZ
[16:33:38] [94/455] STWA
[16:33:40] [95/455] PFFG
[16:33:41] [96/455] GAGC
[16:33:42] [97/455] PMPM
[16:33:43] [98/455] HVCD
[16:33:44] [99/455] AKRF
[16:33:45] [100/455] AKRC
[16:33:45] 🔄 Identity reset
[16:33:45] 🔄 Identity rotated (every 10 requests)
[16:33:46] [101/455] MIDA
[16:33:47] [102/455] MAGX
[16:33:48] [103/455] ESOS
[16:33:48] [104/455] BBCL
[16:33:49] [105/455] LYAS
[16:33:50] [106/455] NRMS
[16:33:51] [107/455] BHUC
[16:33:52] [108/455] SRIC
[16:33:53] [109/455] PDME
[16:33:54] [110/455] MJCS
[16:33:54] 🔄 Identity reset
[16:33:54] 🔄 Identity rotated (every 10 requests)
[16:33:55] [111/455] NRAA
[16:33:55] [112/455] VATA
[16:33:56] [113/455] MNKC
[16:33:57] [114/455] DHCL
[16:33:58] [115/455] JCPC
[16:33:59] [116/455] CTML
[16:34:00] [117/455] RMMR
[16:34:01] [118/455] STTL
[16:34:02] [119/455] CNPS
[16:34:03] [120/455] ACKL
[16:34:03] 🔄 Identity reset
[16:34:04] 🔄 Identity rotated (every 10 requests)
[16:34:04] [121/455] SCAU
[16:34:05] [122/455] RMIA
[16:34:06] [123/455] MANU
[16:34:07] [124/455] ARDC
[16:34:08] [125/455] GLDA
[16:34:10] [126/455] KVSW
[16:34:10] [127/455] CGCA
[16:34:11] [128/455] CMLO
[16:34:12] [129/455] CECB
[16:34:13] [130/455] RCPN
[16:34:14] 🔄 Identity reset
[16:34:14] 🔄 Identity rotated (every 10 requests)
[16:34:14] [131/455] ASMW
[16:34:15] [132/455] PWLM
[16:34:16] [133/455] ASGM
[16:34:16] [134/455] ACWH
[16:34:18] [135/455] AAPW
[16:34:19] [136/455] RTWA
[16:34:20] [137/455] RAMW
[16:34:21] [138/455] VKTR
[16:34:22] [139/455] SMBH
[16:34:23] [140/455] BVDR
[16:34:24] 🔄 Identity reset
[16:34:24] 🔄 Identity rotated (every 10 requests)
[16:34:25] [141/455] MRTP
[16:34:26] [142/455] BLBR
[16:34:26] [143/455] LPIN
[16:34:28] [144/455] SNPC
[16:34:30] [145/455] PDCB
[16:34:31] [146/455] DYPK
[16:34:31] [147/455] INMK
[16:34:32] [148/455] PDCK
[16:34:33] [149/455] PCKR
[16:34:34] [150/455] SHUA
[16:34:35] 🔄 Identity reset
[16:34:35] 🔄 Identity rotated (every 10 requests)
[16:34:35] [151/455] SCVK
[16:34:36] [152/455] STPA
[16:34:37] [153/455] WVHD
[16:34:38] [154/455] MRCH
[16:34:39] [155/455] MCNP
[16:34:39] [156/455] RCAG
[16:34:40] [157/455] JTSN
[16:34:41] [158/455] AANS
[16:34:42] [159/455] GDDR
[16:34:43] [160/455] SRER
[16:34:44] 🔄 Identity reset
[16:34:44] 🔄 Identity rotated (every 10 requests)
[16:34:45] [161/455] JKMA
[16:34:45] [162/455] ARAN
[16:34:46] [163/455] ALCT
[16:34:47] [164/455] CCTA
[16:34:48] [165/455] CNCT
[16:34:49] [166/455] NZBL
[16:34:50] [167/455] SRRA
[16:34:51] [168/455] SVPW
[16:34:51] [169/455] SRTW
[16:34:52] [170/455] XMTD
[16:34:53] 🔄 Identity reset
[16:34:53] 🔄 Identity rotated (every 10 requests)
[16:34:53] [171/455] SCCZ
[16:34:54] [172/455] PBCR
[16:34:55] [173/455] RTSC
[16:34:56] [174/455] TLSV
[16:34:57] [175/455] RMTK
[16:34:58] [176/455] SRAT
[16:34:59] [177/455] GCYC
[16:35:00] [178/455] HCAJ
[16:35:00] [179/455] LCXA
[16:35:01] [180/455] BINT
[16:35:02] 🔄 Identity reset
[16:35:02] 🔄 Identity rotated (every 10 requests)
[16:35:02] [181/455] IXIM
[16:35:03] [182/455] MBCR
[16:35:04] [183/455] BMCJ
[16:35:05] [184/455] NICJ
[16:35:06] [185/455] SCAJ
[16:35:07] [186/455] CMXS
[16:35:07] [187/455] MMSR
[16:35:09] [188/455] PRKT
[16:35:10] [189/455] LPTH
[16:35:10] [190/455] SARP
[16:35:11] 🔄 Identity reset
[16:35:11] 🔄 Identity rotated (every 10 requests)
[16:35:11] [191/455] MNPP
[16:35:12] [192/455] PRLR
[16:35:13] [193/455] RCMW
[16:35:14] [194/455] FCMG
[16:35:15] [195/455] RTNK
[16:35:16] [196/455] LRCP
[16:35:17] [197/455] DBJR
[16:35:18] [198/455] CACN
[16:35:19] [199/455] AMRL
[16:35:20] [200/455] SBBC
[16:35:20] 🔄 Identity reset
[16:35:20] 🔄 Identity rotated (every 10 requests)
[16:35:21] [201/455] VENN
[16:35:22] [202/455] STSS
[16:35:22] [203/455] SMRB
[16:35:23] [204/455] CCMX
[16:35:24] [205/455] KCMR
[16:35:25] [206/455] SALH
[16:35:25] [207/455] CGTT
[16:35:26] [208/455] PMDR
[16:35:27] [209/455] VCPM
[16:35:28] [210/455] RZMX
[16:35:29] 🔄 Identity reset
[16:35:29] 🔄 Identity rotated (every 10 requests)
[16:35:29] [211/455] TMSY
[16:35:30] [212/455] NTMS
[16:35:31] [213/455] VTAG
[16:35:33] [214/455] REMA
[16:35:34] [215/455] NXCC
[16:35:34] [216/455] SKYM
[16:35:35] [217/455] CCMO
[16:35:36] [218/455] DMXM
[16:35:37] [219/455] SPPM
[16:35:38] [220/455] PTKL
[16:35:39] 🔄 Identity reset
[16:35:39] 🔄 Identity rotated (every 10 requests)
[16:35:40] [221/455] SLVO
[16:35:40] [222/455] VASL
[16:35:41] [223/455] CBCM
[16:35:42] [224/455] STMA
[16:35:44] [225/455] LASK
[16:35:45] [226/455] VITE
[16:35:46] [227/455] AAST
[16:35:47] [228/455] JTPT
[16:35:48] [229/455] RRSH
[16:35:49] [230/455] CINL
[16:35:49] 🔄 Identity reset
[16:35:49] 🔄 Identity rotated (every 10 requests)
[16:35:50] [231/455] MCSR
[16:35:50] [232/455] SBCF
[16:35:51] [233/455] GCDU
[16:35:52] [234/455] PSPR
[16:35:53] [235/455] IMMO
[16:35:55] [236/455] CLGM
[16:35:55] [237/455] PBMM
[16:35:56] [238/455] CEHR
[16:35:57] [239/455] CPOE
[16:35:58] [240/455] PGFD
[16:35:58] 🔄 Identity reset
[16:35:58] 🔄 Identity rotated (every 10 requests)
[16:35:58] 🔄 Retry 1/5 for PGFD in 2.2s
[16:35:58] 🔄 Identity reset
[16:36:01] 🧠 New identity created
[16:36:01] [241/455] PSLC
[16:36:02] [242/455] MSMD
[16:36:03] [243/455] FMFB
[16:36:04] [244/455] RKCL
[16:36:04] [245/455] PMMC
[16:36:05] [246/455] SKMM
[16:36:06] [247/455] VOIB
[16:36:07] [248/455] KINO
[16:36:07] [249/455] VCTP
[16:36:08] 🔄 Identity reset
[16:36:08] 🔄 Identity rotated (every 10 requests)
[16:36:08] [250/455] PDWR
[16:36:09] [251/455] SAED
[16:36:10] [252/455] SRRT
[16:36:11] [253/455] CVLG
[16:36:12] [254/455] SNGN
[16:36:13] [255/455] SIDA
[16:36:14] [256/455] IMCB
[16:36:15] [257/455] SMHP
[16:36:16] [258/455] GDTY
[16:36:17] [259/455] VYCH
[16:36:17] 🔄 Identity reset
[16:36:17] 🔄 Identity rotated (every 10 requests)
[16:36:18] [260/455] PDYA
[16:36:18] [261/455] RKDO
[16:36:19] [262/455] VECG
[16:36:20] [263/455] NFGD
[16:36:21] [264/455] SNDC
[16:36:22] [265/455] SDJH
[16:36:23] [266/455] HASV
[16:36:23] [267/455] PTYK
[16:36:25] [268/455] MUTB
[16:36:26] [269/455] AMRT
[16:36:26] 🔄 Identity reset
[16:36:26] 🔄 Identity rotated (every 10 requests)
[16:36:26] 🔄 Retry 1/5 for AMRT in 2.4s
[16:36:26] 🔄 Identity reset
[16:36:29] 🧠 New identity created
[16:36:30] [270/455] VACD
[16:36:31] [271/455] SKDD
[16:36:31] [272/455] STGR
[16:36:32] [273/455] GDAK
[16:36:33] [274/455] SKHK
[16:36:34] [275/455] SLND
[16:36:35] [276/455] APAP
[16:36:36] [277/455] AYYA
[16:36:37] [278/455] VCCZ
[16:36:38] 🔄 Identity reset
[16:36:38] 🔄 Identity rotated (every 10 requests)
[16:36:38] [279/455] MEML
[16:36:39] [280/455] MAOU
[16:36:40] [281/455] ESND
[16:36:40] [282/455] PTBZ
[16:36:42] [283/455] LBCN
[16:36:43] [284/455] PAWA
[16:36:44] [285/455] ZEIC
[16:36:44] [286/455] CGMM
[16:36:45] [287/455] PJPM
[16:36:46] [288/455] ECMR
[16:36:47] 🔄 Identity reset
[16:36:47] 🔄 Identity rotated (every 10 requests)
[16:36:48] [289/455] SHMZ
[16:36:49] [290/455] STCA
[16:36:50] [291/455] VDRC
[16:36:50] [292/455] SEEM
[16:36:51] [293/455] MKNS
[16:36:52] [294/455] KPPP
[16:36:53] [295/455] CCML
[16:36:55] [296/455] CIBA
[16:36:55] [297/455] NACS
[16:36:57] [298/455] CTMK
[16:36:58] 🔄 Identity reset
[16:36:58] 🔄 Identity rotated (every 10 requests)
[16:36:58] [299/455] CTCT
[16:36:59] [300/455] MCSN
[16:36:59] [301/455] MAXX
[16:37:00] [302/455] MECB
[16:37:01] [303/455] NTBY
[16:37:02] [304/455] UTBI
[16:37:03] [305/455] RADK
[16:37:04] [306/455] STBY
[16:37:05] [307/455] GTBY
[16:37:06] [308/455] RRMB
[16:37:07] 🔄 Identity reset
[16:37:07] 🔄 Identity rotated (every 10 requests)
[16:37:07] [309/455] ABRN
[16:37:09] [310/455] GTSG
[16:37:11] [311/455] GBTG
[16:37:12] [312/455] SBGS
[16:37:12] [313/455] KBPM
[16:37:13] [314/455] SMHT
[16:37:15] [315/455] VTDM
[16:37:16] [316/455] ASCT
[16:37:17] [317/455] AWCT
[16:37:18] [318/455] DCCU
[16:37:18] 🔄 Identity reset
[16:37:18] 🔄 Identity rotated (every 10 requests)
[16:37:18] [319/455] PSCE
[16:37:19] [320/455] KSNY
[16:37:20] [321/455] ACID
[16:37:21] [322/455] LVCD
[16:37:22] [323/455] KSSB
[16:37:23] [324/455] SWTD
[16:37:24] [325/455] RBMR
[16:37:25] [326/455] SCBC
[16:37:26] [327/455] RKME
[16:37:26] [328/455] GALX
[16:37:27] 🔄 Identity reset
[16:37:27] 🔄 Identity rotated (every 10 requests)
[16:37:28] [329/455] GCCH
[16:37:29] [330/455] RATR
[16:37:30] [331/455] GTGA
[16:37:31] [332/455] LTTR
[16:37:31] [333/455] TTAA
[16:37:32] [334/455] TVHP
[16:37:33] [335/455] KVCS
[16:37:35] [336/455] CBMC
[16:37:36] [337/455] MAYJ
[16:37:37] [338/455] INPR
[16:37:38] 🔄 Identity reset
[16:37:38] 🔄 Identity rotated (every 10 requests)
[16:37:38] [339/455] RSSC
[16:37:39] [340/455] PCAN
[16:37:41] [341/455] PVHR
[16:37:41] [342/455] AGSM
[16:37:42] [343/455] PVES
[16:37:43] [344/455] INTO
[16:37:44] [345/455] ACON
[16:37:45] [346/455] PVPZ
[16:37:45] [347/455] PVHC
[16:37:46] [348/455] KSTK
[16:37:47] 🔄 Identity reset
[16:37:47] 🔄 Identity rotated (every 10 requests)
[16:37:47] [349/455] PVSR
[16:37:48] [350/455] ACTN
[16:37:49] [351/455] FMCN
[16:37:49] [352/455] PABC
[16:37:50] [353/455] SUTC
[16:37:51] [354/455] PGMV
[16:37:52] [355/455] GKCP
[16:37:53] [356/455] INCH
[16:37:54] [357/455] MLMT
[16:37:55] [358/455] SSCC
[16:37:55] 🔄 Identity reset
[16:37:55] 🔄 Identity rotated (every 10 requests)
[16:37:55] [359/455] SLMP
[16:37:56] [360/455] VVTN
[16:37:58] [361/455] SBTR
[16:37:59] [362/455] PGRA
[16:38:00] [363/455] PBRM
[16:38:01] [364/455] GCRP
[16:38:03] [365/455] MCSK
[16:38:03] [366/455] NLTC
[16:38:04] [367/455] MTLM
[16:38:05] [368/455] VECT
[16:38:06] 🔄 Identity reset
[16:38:06] 🔄 Identity rotated (every 10 requests)
[16:38:06] [369/455] KMRM
[16:38:07] [370/455] RACM
[16:38:08] [371/455] WSTC
[16:38:09] [372/455] PVTJ
[16:38:10] [373/455] MMKC
[16:38:10] [374/455] SVWT
[16:38:11] [375/455] JOTG
[16:38:12] [376/455] VCDK
[16:38:13] [377/455] ANAC
[16:38:14] [378/455] GRTC
[16:38:14] 🔄 Identity reset
[16:38:14] 🔄 Identity rotated (every 10 requests)
[16:38:15] [379/455] JTPL
[16:38:15] [380/455] VRCP
[16:38:16] [381/455] REMC
[16:38:17] [382/455] ATMG
[16:38:18] [383/455] GAHC
[16:38:20] [384/455] JTMV
[16:38:20] [385/455] OMTT
[16:38:21] [386/455] GKKC
[16:38:22] [387/455] BBPO
[16:38:23] [388/455] ZCBB
[16:38:23] 🔄 Identity reset
[16:38:23] 🔄 Identity rotated (every 10 requests)
[16:38:24] [389/455] DCGO
[16:38:24] [390/455] STOP
[16:38:25] [391/455] BSPC
[16:38:26] [392/455] SOND
[16:38:27] [393/455] GCKG
[16:38:28] [394/455] PCDB
[16:38:29] [395/455] PGRC
[16:38:30] [396/455] CSCT
[16:38:31] [397/455] STDA
[16:38:31] [398/455] JAYD
[16:38:32] 🔄 Identity reset
[16:38:32] 🔄 Identity rotated (every 10 requests)
[16:38:32] [399/455] PPPD
[16:38:33] [400/455] KRTT
[16:38:34] [401/455] PTDT
[16:38:35] [402/455] TRSV
[16:38:36] [403/455] VELR
[16:38:37] [404/455] STDT
[16:38:38] [405/455] SATT
[16:38:39] [406/455] KCPM
[16:38:40] [407/455] MFCP
[16:38:41] [408/455] AXMP
[16:38:42] 🔄 Identity reset
[16:38:42] 🔄 Identity rotated (every 10 requests)
[16:38:42] [409/455] LTVB
[16:38:43] [410/455] APST
[16:38:44] [411/455] DTVP
[16:38:45] [412/455] AAVB
[16:38:46] [413/455] PMBL
[16:38:47] [414/455] STKC
[16:38:47] [415/455] KKMA
[16:38:48] [416/455] NMXS
[16:38:49] [417/455] DECX
[16:38:50] [418/455] MAPJ
[16:38:51] 🔄 Identity reset
[16:38:51] 🔄 Identity rotated (every 10 requests)
[16:38:52] [419/455] SMLK
[16:38:52] [420/455] PMPU
[16:38:53] [421/455] AFST
[16:38:54] [422/455] SRSY
[16:38:55] [423/455] RMKT
[16:38:56] [424/455] RAJX
[16:38:57] [425/455] UVCD
[16:38:59] [426/455] LISA
[16:39:00] [427/455] LMSR
[16:39:01] [428/455] PMCA
[16:39:01] 🔄 Identity reset
[16:39:01] 🔄 Identity rotated (every 10 requests)
[16:39:02] [429/455] INPO
[16:39:02] [430/455] INGO
[16:39:03] [431/455] HFSQ
[16:39:04] [432/455] INMG
[16:39:05] [433/455] NYCP
[16:39:06] [434/455] HFSV
[16:39:06] [435/455] MMZP
[16:39:07] [436/455] KSES
[16:39:09] [437/455] HFSA
[16:39:10] [438/455] ACMM
[16:39:10] 🔄 Identity reset
[16:39:10] 🔄 Identity rotated (every 10 requests)
[16:39:11] [439/455] RCKD
[16:39:12] [440/455] BCKR
[16:39:13] [441/455] SFCO
[16:39:14] [442/455] JCCB
[16:39:15] [443/455] BCCR
[16:39:16] [444/455] NWCB
[16:39:17] [445/455] SAMT
[16:39:18] [446/455] TMST
[16:39:19] [447/455] SJCN
[16:39:20] [448/455] MCBS
[16:39:20] 🔄 Identity reset
[16:39:20] 🔄 Identity rotated (every 10 requests)
[16:39:21] [449/455] CMKR
[16:39:22] [450/455] INPM
[16:39:22] [451/455] WVMT
[16:39:23] [452/455] NYSM
[16:39:24] [453/455] RCMA
[16:39:25] [454/455] RECM
[16:39:26] [455/455] CYCM
[16:39:27] 🧹 Deduping shows
[16:39:27] ✅ DONE | Shows=429 | Movies=26
[04:41:35] 🚀 SCRIPT STARTED (enhanced anti‑detection)
[04:41:35] [1/455] MXGN
[04:41:36] 🧠 New identity created
[04:41:36] [2/455] PGGM
[04:41:37] [3/455] IPMJ
[04:41:38] [4/455] M2PP
[04:41:39] [5/455] PMMS
[04:41:40] [6/455] SCJN
[04:41:40] [7/455] CPUM
[04:41:41] [8/455] SCND
[04:41:42] [9/455] INWM
[04:41:43] [10/455] DVDC
[04:41:44] 🔄 Identity reset
[04:41:44] 🔄 Identity rotated (every 10 requests)
[04:41:44] 🔄 Retry 1/5 for DVDC in 2.1s
[04:41:44] 🔄 Identity reset
[04:41:46] 🧠 New identity created
[04:41:46] 🔄 Retry 2/5 for DVDC in 4.4s
[04:41:46] 🔄 Identity reset
[04:41:50] 🧠 New identity created
[04:41:51] [11/455] WVND
[04:41:53] [12/455] LBDL
[04:41:54] [13/455] CRGM
[04:41:55] [14/455] PVKS
[04:41:55] [15/455] PBLL
[04:41:56] [16/455] FNLN
[04:41:57] [17/455] PPDA
[04:41:58] [18/455] SCPT
[04:41:59] 🔄 Identity reset
[04:41:59] 🔄 Identity rotated (every 10 requests)
[04:41:59] [19/455] IAJS
[04:42:00] [20/455] MMZG
[04:42:01] [21/455] MCTI
[04:42:02] [22/455] PPMF
[04:42:04] [23/455] FNSD
[04:42:04] [24/455] M2RH
[04:42:05] [25/455] CPGV
[04:42:06] [26/455] PECD
[04:42:07] [27/455] CTEE
[04:42:08] [28/455] IOMG
[04:42:09] 🔄 Identity reset
[04:42:09] 🔄 Identity rotated (every 10 requests)
[04:42:09] [29/455] CIJA
[04:42:10] [30/455] NYCG
[04:42:11] [31/455] CEST
[04:42:12] [32/455] WVRG
[04:42:13] [33/455] DPDC
[04:42:13] [34/455] PDIV
[04:42:14] [35/455] MTPP
[04:42:15] [36/455] MHNU
[04:42:16] [37/455] WUPG
[04:42:17] [38/455] USCO
[04:42:18] 🔄 Identity reset
[04:42:18] 🔄 Identity rotated (every 10 requests)
[04:42:18] 🔄 Retry 1/5 for USCO in 2.5s
[04:42:18] 🔄 Identity reset
[04:42:20] 🧠 New identity created
[04:42:20] [39/455] INFR
[04:42:21] [40/455] PVPD
[04:42:22] [41/455] RONC
[04:42:24] [42/455] IOCP
[04:42:25] [43/455] EMPS
[04:42:26] [44/455] PNAD
[04:42:26] [45/455] VVGZ
[04:42:27] [46/455] MDDC
[04:42:28] [47/455] MMAP
[04:42:29] 🔄 Identity reset
[04:42:29] 🔄 Identity rotated (every 10 requests)
[04:42:29] [48/455] GPDC
[04:42:31] [49/455] PVPU
[04:42:33] [50/455] DCMV
[04:42:34] [51/455] PCCF
[04:42:35] [52/455] MCEF
[04:42:37] [53/455] INRD
[04:42:37] [54/455] CCPZ
[04:42:38] [55/455] BCWG
[04:42:39] [56/455] PMGU
[04:42:40] [57/455] MCVM
[04:42:41] 🔄 Identity reset
[04:42:41] 🔄 Identity rotated (every 10 requests)
[04:42:41] [58/455] MCDE
[04:42:42] [59/455] IEFM
[04:42:43] [60/455] MXCS
[04:42:44] [61/455] RNMT
[04:42:44] [62/455] PSDD
[04:42:45] [63/455] PETA
[04:42:46] [64/455] IZOP
[04:42:47] [65/455] PDEI
[04:42:48] [66/455] MTND
[04:42:49] [67/455] PCPL
[04:42:50] 🔄 Identity reset
[04:42:50] 🔄 Identity rotated (every 10 requests)
[04:42:50] [68/455] LSCM
[04:42:51] [69/455] BTFD
[04:42:52] [70/455] MERM
[04:42:53] [71/455] PVMS
[04:42:54] [72/455] CIGK
[04:42:56] [73/455] INSG
[04:42:57] [74/455] IDEN
[04:42:58] [75/455] MCGN
[04:42:59] [76/455] IGAM
[04:43:00] [77/455] SLCU
[04:43:00] 🔄 Identity reset
[04:43:00] 🔄 Identity rotated (every 10 requests)
[04:43:01] [78/455] MIMU
[04:43:02] [79/455] QLAC
[04:43:02] [80/455] MENL
[04:43:03] [81/455] SCUR
[04:43:04] [82/455] MDGD
[04:43:05] [83/455] LSRS
[04:43:06] [84/455] KMLG
[04:43:07] [85/455] MKLJ
[04:43:08] [86/455] IBYG
[04:43:09] [87/455] ISML
[04:43:09] 🔄 Identity reset
[04:43:09] 🔄 Identity rotated (every 10 requests)
[04:43:11] [88/455] MJMM
[04:43:12] [89/455] RCGD
[04:43:13] [90/455] MMOC
[04:43:14] [91/455] RRCO
[04:43:17] [92/455] MEDM
[04:43:17] [93/455] MCAZ
[04:43:19] [94/455] STWA
[04:43:20] [95/455] PFFG
[04:43:21] [96/455] GAGC
[04:43:22] [97/455] PMPM
[04:43:23] 🔄 Identity reset
[04:43:23] 🔄 Identity rotated (every 10 requests)
[04:43:23] [98/455] HVCD
[04:43:24] [99/455] AKRF
[04:43:25] [100/455] AKRC
[04:43:26] [101/455] MIDA
[04:43:27] [102/455] MAGX
[04:43:28] [103/455] ESOS
[04:43:29] [104/455] BBCL
[04:43:30] [105/455] LYAS
[04:43:31] [106/455] NRMS
[04:43:32] [107/455] BHUC
[04:43:32] 🔄 Identity reset
[04:43:32] 🔄 Identity rotated (every 10 requests)
[04:43:33] [108/455] SRIC
[04:43:33] [109/455] PDME
[04:43:34] [110/455] MJCS
[04:43:36] [111/455] NRAA
[04:43:37] [112/455] VATA
[04:43:38] [113/455] MNKC
[04:43:39] [114/455] DHCL
[04:43:40] [115/455] JCPC
[04:43:41] [116/455] CTML
[04:43:42] [117/455] RMMR
[04:43:42] 🔄 Identity reset
[04:43:42] 🔄 Identity rotated (every 10 requests)
[04:43:42] [118/455] STTL
[04:43:43] [119/455] CNPS
[04:43:44] [120/455] ACKL
[04:43:46] [121/455] SCAU
[04:43:48] [122/455] RMIA
[04:43:48] [123/455] MANU
[04:43:49] [124/455] ARDC
[04:43:50] [125/455] GLDA
[04:43:51] [126/455] KVSW
[04:43:52] [127/455] CGCA
[04:43:52] 🔄 Identity reset
[04:43:52] 🔄 Identity rotated (every 10 requests)
[04:43:52] 🔄 Retry 1/5 for CGCA in 2.6s
[04:43:52] 🔄 Identity reset
[04:43:55] 🧠 New identity created
[04:43:55] [128/455] CMLO
[04:43:56] [129/455] CECB
[04:43:57] [130/455] RCPN
[04:43:58] [131/455] ASMW
[04:43:59] [132/455] PWLM
[04:44:00] [133/455] ASGM
[04:44:01] [134/455] ACWH
[04:44:02] [135/455] AAPW
[04:44:03] [136/455] RTWA
[04:44:03] 🔄 Identity reset
[04:44:03] 🔄 Identity rotated (every 10 requests)
[04:44:04] [137/455] RAMW
[04:44:05] [138/455] VKTR
[04:44:06] [139/455] SMBH
[04:44:08] [140/455] BVDR
[04:44:08] [141/455] MRTP
[04:44:09] [142/455] BLBR
[04:44:10] [143/455] LPIN
[04:44:11] [144/455] SNPC
[04:44:12] [145/455] PDCB
[04:44:13] [146/455] DYPK
[04:44:13] 🔄 Identity reset
[04:44:13] 🔄 Identity rotated (every 10 requests)
[04:44:13] [147/455] INMK
[04:44:15] [148/455] PDCK
[04:44:16] [149/455] PCKR
[04:44:17] [150/455] SHUA
[04:44:17] [151/455] SCVK
[04:44:19] [152/455] STPA
[04:44:20] [153/455] WVHD
[04:44:21] [154/455] MRCH
[04:44:23] [155/455] MCNP
[04:44:24] [156/455] RCAG
[04:44:25] 🔄 Identity reset
[04:44:25] 🔄 Identity rotated (every 10 requests)
[04:44:25] 🔄 Retry 1/5 for RCAG in 2.2s
[04:44:25] 🔄 Identity reset
[04:44:27] 🧠 New identity created
[04:44:27] [157/455] JTSN
[04:44:28] [158/455] AANS
[04:44:29] [159/455] GDDR
[04:44:30] [160/455] SRER
[04:44:31] [161/455] JKMA
[04:44:32] [162/455] ARAN
[04:44:33] [163/455] ALCT
[04:44:34] [164/455] CCTA
[04:44:35] [165/455] CNCT
[04:44:36] 🔄 Identity reset
[04:44:36] 🔄 Identity rotated (every 10 requests)
[04:44:37] [166/455] NZBL
[04:44:38] [167/455] SRRA
[04:44:38] [168/455] SVPW
[04:44:39] [169/455] SRTW
[04:44:40] [170/455] XMTD
[04:44:41] [171/455] SCCZ
[04:44:42] [172/455] PBCR
[04:44:43] [173/455] RTSC
[04:44:44] [174/455] TLSV
[04:44:45] [175/455] RMTK
[04:44:46] 🔄 Identity reset
[04:44:46] 🔄 Identity rotated (every 10 requests)
[04:44:46] [176/455] SRAT
[04:44:50] [177/455] GCYC
[04:44:51] [178/455] HCAJ
[04:44:52] [179/455] LCXA
[04:44:53] [180/455] BINT
[04:44:54] [181/455] IXIM
[04:44:55] [182/455] MBCR
[04:44:56] [183/455] BMCJ
[04:44:57] [184/455] NICJ
[04:44:58] [185/455] SCAJ
[04:44:58] 🔄 Identity reset
[04:44:58] 🔄 Identity rotated (every 10 requests)
[04:44:58] 🔄 Retry 1/5 for SCAJ in 2.8s
[04:44:58] 🔄 Identity reset
[04:45:01] 🧠 New identity created
[04:45:02] [186/455] CMXS
[04:45:03] [187/455] MMSR
[04:45:04] [188/455] PRKT
[04:45:05] [189/455] LPTH
[04:45:06] [190/455] SARP
[04:45:07] [191/455] MNPP
[04:45:08] [192/455] PRLR
[04:45:09] [193/455] RCMW
[04:45:10] [194/455] FCMG
[04:45:11] 🔄 Identity reset
[04:45:11] 🔄 Identity rotated (every 10 requests)
[04:45:11] [195/455] RTNK
[04:45:13] [196/455] LRCP
[04:45:14] [197/455] DBJR
[04:45:15] [198/455] CACN
[04:45:16] [199/455] AMRL
[04:45:19] [200/455] SBBC
[04:45:20] [201/455] VENN
[04:45:21] [202/455] STSS
[04:45:21] [203/455] SMRB
[04:45:22] [204/455] CCMX
[04:45:23] 🔄 Identity reset
[04:45:23] 🔄 Identity rotated (every 10 requests)
[04:45:23] [205/455] KCMR
[04:45:24] [206/455] SALH
[04:45:26] [207/455] CGTT
[04:45:27] [208/455] PMDR
[04:45:28] [209/455] VCPM
[04:45:29] [210/455] RZMX
[04:45:31] [211/455] TMSY
[04:45:31] [212/455] NTMS
[04:45:32] [213/455] VTAG
[04:45:33] [214/455] REMA
[04:45:34] 🔄 Identity reset
[04:45:34] 🔄 Identity rotated (every 10 requests)
[04:45:34] [215/455] NXCC
[04:45:35] [216/455] SKYM
[04:45:36] [217/455] CCMO
[04:45:37] [218/455] DMXM
[04:45:38] [219/455] SPPM
[04:45:39] [220/455] PTKL
[04:45:41] [221/455] SLVO
[04:45:42] [222/455] VASL
[04:45:43] [223/455] CBCM
[04:45:44] [224/455] STMA
[04:45:44] 🔄 Identity reset
[04:45:44] 🔄 Identity rotated (every 10 requests)
[04:45:45] [225/455] LASK
[04:45:45] [226/455] VITE
[04:45:46] [227/455] AAST
[04:45:47] [228/455] JTPT
[04:45:48] [229/455] RRSH
[04:45:49] [230/455] CINL
[04:45:50] [231/455] MCSR
[04:45:52] [232/455] SBCF
[04:45:53] [233/455] GCDU
[04:45:54] [234/455] PSPR
[04:45:55] 🔄 Identity reset
[04:45:55] 🔄 Identity rotated (every 10 requests)
[04:45:55] [235/455] IMMO
[04:45:56] [236/455] CLGM
[04:45:57] [237/455] PBMM
[04:45:58] [238/455] CEHR
[04:45:59] [239/455] CPOE
[04:46:00] [240/455] PGFD
[04:46:01] [241/455] PSLC
[04:46:02] [242/455] MSMD
[04:46:02] [243/455] FMFB
[04:46:03] [244/455] RKCL
[04:46:04] 🔄 Identity reset
[04:46:04] 🔄 Identity rotated (every 10 requests)
[04:46:04] 🔄 Retry 1/5 for RKCL in 2.4s
[04:46:04] 🔄 Identity reset
[04:46:06] 🧠 New identity created
[04:46:07] [245/455] PMMC
[04:46:08] [246/455] SKMM
[04:46:09] [247/455] VOIB
[04:46:10] [248/455] KINO
[04:46:11] [249/455] VCTP
[04:46:12] [250/455] PDWR
[04:46:13] [251/455] SAED
[04:46:14] [252/455] SRRT
[04:46:15] [253/455] CVLG
[04:46:16] 🔄 Identity reset
[04:46:16] 🔄 Identity rotated (every 10 requests)
[04:46:16] 🔄 Retry 1/5 for CVLG in 2.4s
[04:46:16] 🔄 Identity reset
[04:46:18] 🧠 New identity created
[04:46:19] [254/455] SNGN
[04:46:19] [255/455] SIDA
[04:46:20] [256/455] IMCB
[04:46:21] [257/455] SMHP
[04:46:23] [258/455] GDTY
[04:46:24] [259/455] VYCH
[04:46:24] [260/455] PDYA
[04:46:26] [261/455] RKDO
[04:46:27] [262/455] VECG
[04:46:28] 🔄 Identity reset
[04:46:28] 🔄 Identity rotated (every 10 requests)
[04:46:28] 🔄 Retry 1/5 for VECG in 2.7s
[04:46:28] 🔄 Identity reset
[04:46:30] 🧠 New identity created
[04:46:31] [263/455] NFGD
[04:46:32] [264/455] SNDC
[04:46:32] [265/455] SDJH
[04:46:33] [266/455] HASV
[04:46:34] [267/455] PTYK
[04:46:35] [268/455] MUTB
[04:46:36] [269/455] AMRT
[04:46:37] [270/455] VACD
[04:46:38] [271/455] SKDD
[04:46:39] 🔄 Identity reset
[04:46:39] 🔄 Identity rotated (every 10 requests)
[04:46:39] [272/455] STGR
[04:46:41] [273/455] GDAK
[04:46:42] [274/455] SKHK
[04:46:42] [275/455] SLND
[04:46:43] [276/455] APAP
[04:46:44] [277/455] AYYA
[04:46:45] [278/455] VCCZ
[04:46:46] [279/455] MEML
[04:46:48] [280/455] MAOU
[04:46:49] [281/455] ESND
[04:46:49] 🔄 Identity reset
[04:46:49] 🔄 Identity rotated (every 10 requests)
[04:46:49] [282/455] PTBZ
[04:46:51] [283/455] LBCN
[04:46:52] [284/455] PAWA
[04:46:53] [285/455] ZEIC
[04:46:54] [286/455] CGMM
[04:46:55] [287/455] PJPM
[04:46:56] [288/455] ECMR
[04:46:57] [289/455] SHMZ
[04:46:58] [290/455] STCA
[04:47:00] [291/455] VDRC
[04:47:01] 🔄 Identity reset
[04:47:01] 🔄 Identity rotated (every 10 requests)
[04:47:01] 🔄 Retry 1/5 for VDRC in 2.3s
[04:47:01] 🔄 Identity reset
[04:47:03] 🧠 New identity created
[04:47:03] [292/455] SEEM
[04:47:04] [293/455] MKNS
[04:47:05] [294/455] KPPP
[04:47:06] [295/455] CCML
[04:47:07] [296/455] CIBA
[04:47:08] [297/455] NACS
[04:47:09] [298/455] CTMK
[04:47:10] [299/455] CTCT
[04:47:11] [300/455] MCSN
[04:47:11] 🔄 Identity reset
[04:47:11] 🔄 Identity rotated (every 10 requests)
[04:47:12] [301/455] MAXX
[04:47:13] [302/455] MECB
[04:47:14] [303/455] NTBY
[04:47:14] [304/455] UTBI
[04:47:15] [305/455] RADK
[04:47:16] [306/455] STBY
[04:47:17] [307/455] GTBY
[04:47:18] [308/455] RRMB
[04:47:19] [309/455] ABRN
[04:47:20] [310/455] GTSG
[04:47:20] 🔄 Identity reset
[04:47:20] 🔄 Identity rotated (every 10 requests)
[04:47:21] [311/455] GBTG
[04:47:22] [312/455] SBGS
[04:47:23] [313/455] KBPM
[04:47:24] [314/455] SMHT
[04:47:26] [315/455] VTDM
[04:47:27] [316/455] ASCT
[04:47:28] [317/455] AWCT
[04:47:30] [318/455] DCCU
[04:47:30] [319/455] PSCE
[04:47:31] [320/455] KSNY
[04:47:32] 🔄 Identity reset
[04:47:32] 🔄 Identity rotated (every 10 requests)
[04:47:32] [321/455] ACID
[04:47:33] [322/455] LVCD
[04:47:34] [323/455] KSSB
[04:47:35] [324/455] SWTD
[04:47:36] [325/455] RBMR
[04:47:36] [326/455] SCBC
[04:47:37] [327/455] RKME
[04:47:38] [328/455] GALX
[04:47:39] [329/455] GCCH
[04:47:40] [330/455] RATR
[04:47:41] 🔄 Identity reset
[04:47:41] 🔄 Identity rotated (every 10 requests)
[04:47:41] [331/455] GTGA
[04:47:42] [332/455] LTTR
[04:47:43] [333/455] TTAA
[04:47:44] [334/455] TVHP
[04:47:45] [335/455] KVCS
[04:47:46] [336/455] CBMC
[04:47:46] [337/455] MAYJ
[04:47:47] [338/455] INPR
[04:47:49] [339/455] RSSC
[04:47:50] [340/455] PCAN
[04:47:51] 🔄 Identity reset
[04:47:51] 🔄 Identity rotated (every 10 requests)
[04:47:51] [341/455] PVHR
[04:47:52] [342/455] AGSM
[04:47:53] [343/455] PVES
[04:47:54] [344/455] INTO
[04:47:56] [345/455] ACON
[04:47:58] [346/455] PVPZ
[04:47:59] [347/455] PVHC
[04:48:00] [348/455] KSTK
[04:48:01] [349/455] PVSR
[04:48:02] [350/455] ACTN
[04:48:03] 🔄 Identity reset
[04:48:03] 🔄 Identity rotated (every 10 requests)
[04:48:04] [351/455] FMCN
[04:48:06] [352/455] PABC
[04:48:07] [353/455] SUTC
[04:48:08] [354/455] PGMV
[04:48:10] [355/455] GKCP
[04:48:11] [356/455] INCH
[04:48:12] [357/455] MLMT
[04:48:13] [358/455] SSCC
[04:48:14] [359/455] SLMP
[04:48:15] [360/455] VVTN
[04:48:16] 🔄 Identity reset
[04:48:16] 🔄 Identity rotated (every 10 requests)
[04:48:16] 🔄 Retry 1/5 for VVTN in 3.0s
[04:48:16] 🔄 Identity reset
[04:48:19] 🧠 New identity created
[04:48:19] [361/455] SBTR
[04:48:20] [362/455] PGRA
[04:48:21] [363/455] PBRM
[04:48:21] [364/455] GCRP
[04:48:23] [365/455] MCSK
[04:48:24] [366/455] NLTC
[04:48:25] [367/455] MTLM
[04:48:26] [368/455] VECT
[04:48:27] [369/455] KMRM
[04:48:28] 🔄 Identity reset
[04:48:28] 🔄 Identity rotated (every 10 requests)
[04:48:29] [370/455] RACM
[04:48:30] [371/455] WSTC
[04:48:31] [372/455] PVTJ
[04:48:32] [373/455] MMKC
[04:48:32] [374/455] SVWT
[04:48:33] [375/455] JOTG
[04:48:34] [376/455] VCDK
[04:48:35] [377/455] ANAC
[04:48:36] [378/455] GRTC
[04:48:37] [379/455] JTPL
[04:48:38] 🔄 Identity reset
[04:48:38] 🔄 Identity rotated (every 10 requests)
[04:48:38] 🔄 Retry 1/5 for JTPL in 2.4s
[04:48:38] 🔄 Identity reset
[04:48:40] 🧠 New identity created
[04:48:41] [380/455] VRCP
[04:48:42] [381/455] REMC
[04:48:43] [382/455] ATMG
[04:48:44] [383/455] GAHC
[04:48:45] [384/455] JTMV
[04:48:46] [385/455] OMTT
[04:48:47] [386/455] GKKC
[04:48:49] [387/455] BBPO
[04:48:50] [388/455] ZCBB
[04:48:51] 🔄 Identity reset
[04:48:51] 🔄 Identity rotated (every 10 requests)
[04:48:51] [389/455] DCGO
[04:48:52] [390/455] STOP
[04:48:54] [391/455] BSPC
[04:48:55] [392/455] SOND
[04:48:56] [393/455] GCKG
[04:48:58] [394/455] PCDB
[04:48:59] [395/455] PGRC
[04:49:01] [396/455] CSCT
[04:49:02] [397/455] STDA
[04:49:03] [398/455] JAYD
[04:49:04] 🔄 Identity reset
[04:49:04] 🔄 Identity rotated (every 10 requests)
[04:49:04] [399/455] PPPD
[04:49:05] [400/455] KRTT
[04:49:06] [401/455] PTDT
[04:49:07] [402/455] TRSV
[04:49:08] [403/455] VELR
[04:49:08] [404/455] STDT
[04:49:09] [405/455] SATT
[04:49:10] [406/455] KCPM
[04:49:11] [407/455] MFCP
[04:49:12] [408/455] AXMP
[04:49:13] 🔄 Identity reset
[04:49:13] 🔄 Identity rotated (every 10 requests)
[04:49:13] [409/455] LTVB
[04:49:14] [410/455] APST
[04:49:14] [411/455] DTVP
[04:49:16] [412/455] AAVB
[04:49:17] [413/455] PMBL
[04:49:18] [414/455] STKC
[04:49:19] [415/455] KKMA
[04:49:19] [416/455] NMXS
[04:49:21] [417/455] DECX
[04:49:22] [418/455] MAPJ
[04:49:22] 🔄 Identity reset
[04:49:22] 🔄 Identity rotated (every 10 requests)
[04:49:23] [419/455] SMLK
[04:49:24] [420/455] PMPU
[04:49:25] [421/455] AFST
[04:49:26] [422/455] SRSY
[04:49:27] [423/455] RMKT
[04:49:27] [424/455] RAJX
[04:49:28] [425/455] UVCD
[04:49:29] [426/455] LISA
[04:49:30] [427/455] LMSR
[04:49:31] [428/455] PMCA
[04:49:32] 🔄 Identity reset
[04:49:32] 🔄 Identity rotated (every 10 requests)
[04:49:32] [429/455] INPO
[04:49:34] [430/455] INGO
[04:49:34] [431/455] HFSQ
[04:49:35] [432/455] INMG
[04:49:36] [433/455] NYCP
[04:49:37] [434/455] HFSV
[04:49:38] [435/455] MMZP
[04:49:39] [436/455] KSES
[04:49:40] [437/455] HFSA
[04:49:41] [438/455] ACMM
[04:49:41] 🔄 Identity reset
[04:49:41] 🔄 Identity rotated (every 10 requests)
[04:49:42] [439/455] RCKD
[04:49:43] [440/455] BCKR
[04:49:44] [441/455] SFCO
[04:49:45] [442/455] JCCB
[04:49:46] [443/455] BCCR
[04:49:47] [444/455] NWCB
[04:49:48] [445/455] SAMT
[04:49:50] [446/455] TMST
[04:49:51] [447/455] SJCN
[04:49:51] [448/455] MCBS
[04:49:52] 🔄 Identity reset
[04:49:52] 🔄 Identity rotated (every 10 requests)
[04:49:52] [449/455] CMKR
[04:49:53] [450/455] INPM
[04:49:54] [451/455] WVMT
[04:49:55] [452/455] NYSM
[04:49:56] [453/455] RCMA
[04:49:58] [454/455] RECM
[04:49:59] [455/455] CYCM
[04:50:00] 🧹 Deduping shows
[04:50:00] ✅ DONE | Shows=612 | Movies=33
[21:41:46] 🚀 SCRIPT STARTED (enhanced anti‑detection)
[21:41:46] [1/455] MXGN
[21:41:47] 🧠 New identity created
[21:41:48] [2/455] PGGM
[21:41:49] [3/455] IPMJ
[21:41:50] [4/455] M2PP
[21:41:50] [5/455] PMMS
[21:41:51] [6/455] SCJN
[21:41:52] [7/455] CPUM
[21:41:53] [8/455] SCND
[21:41:55] [9/455] INWM
[21:41:56] [10/455] DVDC
[21:41:56] 🔄 Identity reset
[21:41:56] 🔄 Identity rotated (every 10 requests)
[21:41:56] [11/455] WVND
[21:41:57] [12/455] LBDL
[21:41:58] [13/455] CRGM
[21:41:59] [14/455] PVKS
[21:42:00] [15/455] PBLL
[21:42:01] [16/455] FNLN
[21:42:02] [17/455] PPDA
[21:42:03] [18/455] SCPT
[21:42:05] [19/455] IAJS
[21:42:06] [20/455] MMZG
[21:42:06] 🔄 Identity reset
[21:42:06] 🔄 Identity rotated (every 10 requests)
[21:42:07] [21/455] MCTI
[21:42:08] [22/455] PPMF
[21:42:10] [23/455] FNSD
[21:42:10] [24/455] M2RH
[21:42:11] [25/455] CPGV
[21:42:12] [26/455] PECD
[21:42:13] [27/455] CTEE
[21:42:14] [28/455] IOMG
[21:42:15] [29/455] CIJA
[21:42:16] [30/455] NYCG
[21:42:16] 🔄 Identity reset
[21:42:16] 🔄 Identity rotated (every 10 requests)
[21:42:17] [31/455] CEST
[21:42:18] [32/455] WVRG
[21:42:19] [33/455] DPDC
[21:42:20] [34/455] PDIV
[21:42:20] [35/455] MTPP
[21:42:21] [36/455] MHNU
[21:42:22] [37/455] WUPG
[21:42:23] [38/455] USCO
[21:42:24] [39/455] INFR
[21:42:25] [40/455] PVPD
[21:42:26] 🔄 Identity reset
[21:42:26] 🔄 Identity rotated (every 10 requests)
[21:42:26] [41/455] RONC
[21:42:27] [42/455] IOCP
[21:42:29] [43/455] EMPS
[21:42:30] [44/455] PNAD
[21:42:31] [45/455] VVGZ
[21:42:31] [46/455] MDDC
[21:42:32] [47/455] MMAP
[21:42:33] [48/455] GPDC
[21:42:34] [49/455] PVPU
[21:42:36] [50/455] DCMV
[21:42:36] 🔄 Identity reset
[21:42:36] 🔄 Identity rotated (every 10 requests)
[21:42:37] [51/455] PCCF
[21:42:38] [52/455] MCEF
[21:42:39] [53/455] INRD
[21:42:40] [54/455] CCPZ
[21:42:42] [55/455] BCWG
[21:42:43] [56/455] PMGU
[21:42:44] [57/455] MCVM
[21:42:45] [58/455] MCDE
[21:42:45] [59/455] IEFM
[21:42:46] [60/455] MXCS
[21:42:47] 🔄 Identity reset
[21:42:47] 🔄 Identity rotated (every 10 requests)
[21:42:48] [61/455] RNMT
[21:42:49] [62/455] PSDD
[21:42:50] [63/455] PETA
[21:42:51] [64/455] IZOP
[21:42:52] [65/455] PDEI
[21:42:54] [66/455] MTND
[21:42:54] [67/455] PCPL
[21:42:55] [68/455] LSCM
[21:42:57] [69/455] BTFD
[21:42:58] [70/455] MERM
[21:42:59] 🔄 Identity reset
[21:42:59] 🔄 Identity rotated (every 10 requests)
[21:42:59] [71/455] PVMS
[21:43:00] [72/455] CIGK
[21:43:01] [73/455] INSG
[21:43:02] [74/455] IDEN
[21:43:03] [75/455] MCGN
[21:43:04] [76/455] IGAM
[21:43:06] [77/455] SLCU
[21:43:08] [78/455] MIMU
[21:43:09] [79/455] QLAC
[21:43:10] [80/455] MENL
[21:43:10] 🔄 Identity reset
[21:43:10] 🔄 Identity rotated (every 10 requests)
[21:43:11] [81/455] SCUR
[21:43:12] [82/455] MDGD
[21:43:13] [83/455] LSRS
[21:43:14] [84/455] KMLG
[21:43:15] [85/455] MKLJ
[21:43:16] [86/455] IBYG
[21:43:17] [87/455] ISML
[21:43:19] [88/455] MJMM
[21:43:20] [89/455] RCGD
[21:43:21] [90/455] MMOC
[21:43:22] 🔄 Identity reset
[21:43:22] 🔄 Identity rotated (every 10 requests)
[21:43:22] [91/455] RRCO
[21:43:23] [92/455] MEDM
[21:43:24] [93/455] MCAZ
[21:43:25] [94/455] STWA
[21:43:26] [95/455] PFFG
[21:43:27] [96/455] GAGC
[21:43:28] [97/455] PMPM
[21:43:30] [98/455] HVCD
[21:43:31] [99/455] AKRF
[21:43:32] [100/455] AKRC
[21:43:33] 🔄 Identity reset
[21:43:33] 🔄 Identity rotated (every 10 requests)
[21:43:33] [101/455] MIDA
[21:43:35] [102/455] MAGX
[21:43:36] [103/455] ESOS
[21:43:37] [104/455] BBCL
[21:43:38] [105/455] LYAS
[21:43:39] [106/455] NRMS
[21:43:40] [107/455] BHUC
[21:43:41] [108/455] SRIC
[21:43:42] [109/455] PDME
[21:43:43] [110/455] MJCS
[21:43:44] 🔄 Identity reset
[21:43:44] 🔄 Identity rotated (every 10 requests)
[21:43:44] 🔄 Retry 1/5 for MJCS in 2.7s
[21:43:44] 🔄 Identity reset
[21:43:46] 🧠 New identity created
[21:43:47] [111/455] NRAA
[21:43:48] [112/455] VATA
[21:43:49] [113/455] MNKC
[21:43:49] [114/455] DHCL
[21:43:51] [115/455] JCPC
[21:43:51] [116/455] CTML
[21:43:52] [117/455] RMMR
[21:43:54] [118/455] STTL
[21:43:55] [119/455] CNPS
[21:43:56] 🔄 Identity reset
[21:43:56] 🔄 Identity rotated (every 10 requests)
[21:43:56] [120/455] ACKL
[21:43:57] [121/455] SCAU
[21:43:58] [122/455] RMIA
[21:43:59] [123/455] MANU
[21:44:00] [124/455] ARDC
[21:44:01] [125/455] GLDA
[21:44:02] [126/455] KVSW
[21:44:03] [127/455] CGCA
[21:44:04] [128/455] CMLO
[21:44:05] [129/455] CECB
[21:44:06] 🔄 Identity reset
[21:44:06] 🔄 Identity rotated (every 10 requests)
[21:44:06] [130/455] RCPN
[21:44:07] [131/455] ASMW
[21:44:08] [132/455] PWLM
[21:44:09] [133/455] ASGM
[21:44:10] [134/455] ACWH
[21:44:11] [135/455] AAPW
[21:44:12] [136/455] RTWA
[21:44:13] [137/455] RAMW
[21:44:14] [138/455] VKTR
[21:44:15] [139/455] SMBH
[21:44:16] 🔄 Identity reset
[21:44:16] 🔄 Identity rotated (every 10 requests)
[21:44:17] [140/455] BVDR
[21:44:18] [141/455] MRTP
[21:44:19] [142/455] BLBR
[21:44:20] [143/455] LPIN
[21:44:21] [144/455] SNPC
[21:44:22] [145/455] PDCB
[21:44:22] [146/455] DYPK
[21:44:24] [147/455] INMK
[21:44:24] [148/455] PDCK
[21:44:25] [149/455] PCKR
[21:44:26] 🔄 Identity reset
[21:44:26] 🔄 Identity rotated (every 10 requests)
[21:44:26] [150/455] SHUA
[21:44:28] [151/455] SCVK
[21:44:28] [152/455] STPA
[21:44:30] [153/455] WVHD
[21:44:31] [154/455] MRCH
[21:44:32] [155/455] MCNP
[21:44:33] [156/455] RCAG
[21:44:34] [157/455] JTSN
[21:44:34] [158/455] AANS
[21:44:35] [159/455] GDDR
[21:44:36] 🔄 Identity reset
[21:44:36] 🔄 Identity rotated (every 10 requests)
[21:44:36] [160/455] SRER
[21:44:37] [161/455] JKMA
[21:44:38] [162/455] ARAN
[21:44:39] [163/455] ALCT
[21:44:40] [164/455] CCTA
[21:44:41] [165/455] CNCT
[21:44:42] [166/455] NZBL
[21:44:43] [167/455] SRRA
[21:44:43] [168/455] SVPW
[21:44:44] [169/455] SRTW
[21:44:45] 🔄 Identity reset
[21:44:45] 🔄 Identity rotated (every 10 requests)
[21:44:46] [170/455] XMTD
[21:44:47] [171/455] SCCZ
[21:44:48] [172/455] PBCR
[21:44:48] [173/455] RTSC
[21:44:49] [174/455] TLSV
[21:44:51] [175/455] RMTK
[21:44:52] [176/455] SRAT
[21:44:54] [177/455] GCYC
[21:44:55] [178/455] HCAJ
[21:44:56] [179/455] LCXA
[21:44:56] 🔄 Identity reset
[21:44:56] 🔄 Identity rotated (every 10 requests)
[21:44:57] [180/455] BINT
[21:44:58] [181/455] IXIM
[21:44:59] [182/455] MBCR
[21:45:01] [183/455] BMCJ
[21:45:02] [184/455] NICJ
[21:45:03] [185/455] SCAJ
[21:45:04] [186/455] CMXS
[21:45:05] [187/455] MMSR
[21:45:06] [188/455] PRKT
[21:45:07] [189/455] LPTH
[21:45:07] 🔄 Identity reset
[21:45:07] 🔄 Identity rotated (every 10 requests)
[21:45:07] [190/455] SARP
[21:45:08] [191/455] MNPP
[21:45:09] [192/455] PRLR
[21:45:10] [193/455] RCMW
[21:45:11] [194/455] FCMG
[21:45:12] [195/455] RTNK
[21:45:13] [196/455] LRCP
[21:45:14] [197/455] DBJR
[21:45:15] [198/455] CACN
[21:45:16] [199/455] AMRL
[21:45:17] 🔄 Identity reset
[21:45:17] 🔄 Identity rotated (every 10 requests)
[21:45:17] [200/455] SBBC
[21:45:18] [201/455] VENN
[21:45:19] [202/455] STSS
[21:45:20] [203/455] SMRB
[21:45:21] [204/455] CCMX
[21:45:22] [205/455] KCMR
[21:45:24] [206/455] SALH
[21:45:25] [207/455] CGTT
[21:45:27] [208/455] PMDR
[21:45:28] [209/455] VCPM
[21:45:28] 🔄 Identity reset
[21:45:28] 🔄 Identity rotated (every 10 requests)
[21:45:29] [210/455] RZMX
[21:45:30] [211/455] TMSY
[21:45:30] [212/455] NTMS
[21:45:32] [213/455] VTAG
[21:45:33] [214/455] REMA
[21:45:34] [215/455] NXCC
[21:45:35] [216/455] SKYM
[21:45:36] [217/455] CCMO
[21:45:37] [218/455] DMXM
[21:45:38] [219/455] SPPM
[21:45:39] 🔄 Identity reset
[21:45:39] 🔄 Identity rotated (every 10 requests)
[21:45:39] [220/455] PTKL
[21:45:40] [221/455] SLVO
[21:45:41] [222/455] VASL
[21:45:42] [223/455] CBCM
[21:45:43] [224/455] STMA
[21:45:44] [225/455] LASK
[21:45:46] [226/455] VITE
[21:45:47] [227/455] AAST
[21:45:48] [228/455] JTPT
[21:45:49] [229/455] RRSH
[21:45:50] 🔄 Identity reset
[21:45:50] 🔄 Identity rotated (every 10 requests)
[21:45:50] [230/455] CINL
[21:45:52] [231/455] MCSR
[21:45:53] [232/455] SBCF
[21:45:53] [233/455] GCDU
[21:45:54] [234/455] PSPR
[21:45:55] [235/455] IMMO
[21:45:56] [236/455] CLGM
[21:45:57] [237/455] PBMM
[21:45:58] [238/455] CEHR
[21:45:59] [239/455] CPOE
[21:46:00] 🔄 Identity reset
[21:46:00] 🔄 Identity rotated (every 10 requests)
[21:46:00] [240/455] PGFD
[21:46:01] [241/455] PSLC
[21:46:02] [242/455] MSMD
[21:46:03] [243/455] FMFB
[21:46:05] [244/455] RKCL
[21:46:06] [245/455] PMMC
[21:46:07] [246/455] SKMM
[21:46:08] [247/455] VOIB
[21:46:09] [248/455] KINO
[21:46:10] [249/455] VCTP
[21:46:11] 🔄 Identity reset
[21:46:11] 🔄 Identity rotated (every 10 requests)
[21:46:12] [250/455] PDWR
[21:46:13] [251/455] SAED
[21:46:14] [252/455] SRRT
[21:46:14] [253/455] CVLG
[21:46:15] [254/455] SNGN
[21:46:17] [255/455] SIDA
[21:46:18] [256/455] IMCB
[21:46:19] [257/455] SMHP
[21:46:20] [258/455] GDTY
[21:46:21] [259/455] VYCH
[21:46:21] 🔄 Identity reset
[21:46:21] 🔄 Identity rotated (every 10 requests)
[21:46:22] [260/455] PDYA
[21:46:23] [261/455] RKDO
[21:46:24] [262/455] VECG
[21:46:24] [263/455] NFGD
[21:46:25] [264/455] SNDC
[21:46:26] [265/455] SDJH
[21:46:27] [266/455] HASV
[21:46:28] [267/455] PTYK
[21:46:29] [268/455] MUTB
[21:46:30] [269/455] AMRT
[21:46:31] 🔄 Identity reset
[21:46:31] 🔄 Identity rotated (every 10 requests)
[21:46:31] [270/455] VACD
[21:46:32] [271/455] SKDD
[21:46:34] [272/455] STGR
[21:46:35] [273/455] GDAK
[21:46:36] [274/455] SKHK
[21:46:37] [275/455] SLND
[21:46:38] [276/455] APAP
[21:46:39] [277/455] AYYA
[21:46:40] [278/455] VCCZ
[21:46:41] [279/455] MEML
[21:46:42] 🔄 Identity reset
[21:46:42] 🔄 Identity rotated (every 10 requests)
[21:46:42] [280/455] MAOU
[21:46:43] [281/455] ESND
[21:46:44] [282/455] PTBZ
[21:46:45] [283/455] LBCN
[21:46:46] [284/455] PAWA
[21:46:47] [285/455] ZEIC
[21:46:47] [286/455] CGMM
[21:46:48] [287/455] PJPM
[21:46:50] [288/455] ECMR
[21:46:51] [289/455] SHMZ
[21:46:52] 🔄 Identity reset
[21:46:52] 🔄 Identity rotated (every 10 requests)
[21:46:53] [290/455] STCA
[21:46:54] [291/455] VDRC
[21:46:55] [292/455] SEEM
[21:46:56] [293/455] MKNS
[21:46:57] [294/455] KPPP
[21:46:58] [295/455] CCML
[21:46:59] [296/455] CIBA
[21:47:00] [297/455] NACS
[21:47:02] [298/455] CTMK
[21:47:03] [299/455] CTCT
[21:47:03] 🔄 Identity reset
[21:47:03] 🔄 Identity rotated (every 10 requests)
[21:47:04] [300/455] MCSN
[21:47:05] [301/455] MAXX
[21:47:06] [302/455] MECB
[21:47:07] [303/455] NTBY
[21:47:08] [304/455] UTBI
[21:47:09] [305/455] RADK
[21:47:11] [306/455] STBY
[21:47:12] [307/455] GTBY
[21:47:13] [308/455] RRMB
[21:47:14] [309/455] ABRN
[21:47:15] 🔄 Identity reset
[21:47:15] 🔄 Identity rotated (every 10 requests)
[21:47:15] [310/455] GTSG
[21:47:16] [311/455] GBTG
[21:47:17] [312/455] SBGS
[21:47:18] [313/455] KBPM
[21:47:19] [314/455] SMHT
[21:47:20] [315/455] VTDM
[21:47:21] [316/455] ASCT
[21:47:22] [317/455] AWCT
[21:47:23] [318/455] DCCU
[21:47:24] [319/455] PSCE
[21:47:24] 🔄 Identity reset
[21:47:24] 🔄 Identity rotated (every 10 requests)
[21:47:25] [320/455] KSNY
[21:47:26] [321/455] ACID
[21:47:27] [322/455] LVCD
[21:47:28] [323/455] KSSB
[21:47:29] [324/455] SWTD
[21:47:30] [325/455] RBMR
[21:47:31] [326/455] SCBC
[21:47:32] [327/455] RKME
[21:47:33] [328/455] GALX
[21:47:34] [329/455] GCCH
[21:47:34] 🔄 Identity reset
[21:47:34] 🔄 Identity rotated (every 10 requests)
[21:47:35] [330/455] RATR
[21:47:36] [331/455] GTGA
[21:47:37] [332/455] LTTR
[21:47:38] [333/455] TTAA
[21:47:40] [334/455] TVHP
[21:47:40] [335/455] KVCS
[21:47:42] [336/455] CBMC
[21:47:43] [337/455] MAYJ
[21:47:44] [338/455] INPR
[21:47:45] [339/455] RSSC
[21:47:45] 🔄 Identity reset
[21:47:45] 🔄 Identity rotated (every 10 requests)
[21:47:46] [340/455] PCAN
[21:47:47] [341/455] PVHR
[21:47:48] [342/455] AGSM
[21:47:50] [343/455] PVES
[21:47:51] [344/455] INTO
[21:47:52] [345/455] ACON
[21:47:54] [346/455] PVPZ
[21:47:54] [347/455] PVHC
[21:47:55] [348/455] KSTK
[21:47:56] [349/455] PVSR
[21:47:57] 🔄 Identity reset
[21:47:57] 🔄 Identity rotated (every 10 requests)
[21:47:57] [350/455] ACTN
[21:47:58] [351/455] FMCN
[21:47:59] [352/455] PABC
[21:48:00] [353/455] SUTC
[21:48:01] [354/455] PGMV
[21:48:03] [355/455] GKCP
[21:48:04] [356/455] INCH
[21:48:06] [357/455] MLMT
[21:48:07] [358/455] SSCC
[21:48:08] [359/455] SLMP
[21:48:09] 🔄 Identity reset
[21:48:09] 🔄 Identity rotated (every 10 requests)
[21:48:10] [360/455] VVTN
[21:48:11] [361/455] SBTR
[21:48:12] [362/455] PGRA
[21:48:14] [363/455] PBRM
[21:48:15] [364/455] GCRP
[21:48:16] [365/455] MCSK
[21:48:17] [366/455] NLTC
[21:48:18] [367/455] MTLM
[21:48:19] [368/455] VECT
[21:48:20] [369/455] KMRM
[21:48:20] 🔄 Identity reset
[21:48:20] 🔄 Identity rotated (every 10 requests)
[21:48:21] [370/455] RACM
[21:48:22] [371/455] WSTC
[21:48:23] [372/455] PVTJ
[21:48:24] [373/455] MMKC
[21:48:25] [374/455] SVWT
[21:48:26] [375/455] JOTG
[21:48:27] [376/455] VCDK
[21:48:28] [377/455] ANAC
[21:48:29] [378/455] GRTC
[21:48:30] [379/455] JTPL
[21:48:30] 🔄 Identity reset
[21:48:30] 🔄 Identity rotated (every 10 requests)
[21:48:31] [380/455] VRCP
[21:48:31] [381/455] REMC
[21:48:32] [382/455] ATMG
[21:48:33] [383/455] GAHC
[21:48:34] [384/455] JTMV
[21:48:35] [385/455] OMTT
[21:48:36] [386/455] GKKC
[21:48:37] [387/455] BBPO
[21:48:38] [388/455] ZCBB
[21:48:40] [389/455] DCGO
[21:48:41] 🔄 Identity reset
[21:48:41] 🔄 Identity rotated (every 10 requests)
[21:48:42] [390/455] STOP
[21:48:42] [391/455] BSPC
[21:48:43] [392/455] SOND
[21:48:45] [393/455] GCKG
[21:48:46] [394/455] PCDB
[21:48:47] [395/455] PGRC
[21:48:49] [396/455] CSCT
[21:48:50] [397/455] STDA
[21:48:51] [398/455] JAYD
[21:48:52] [399/455] PPPD
[21:48:53] 🔄 Identity reset
[21:48:53] 🔄 Identity rotated (every 10 requests)
[21:48:53] [400/455] KRTT
[21:48:54] [401/455] PTDT
[21:48:55] [402/455] TRSV
[21:48:56] [403/455] VELR
[21:48:57] [404/455] STDT
[21:48:58] [405/455] SATT
[21:48:59] [406/455] KCPM
[21:49:00] [407/455] MFCP
[21:49:01] [408/455] AXMP
[21:49:02] [409/455] LTVB
[21:49:03] 🔄 Identity reset
[21:49:03] 🔄 Identity rotated (every 10 requests)
[21:49:03] [410/455] APST
[21:49:04] [411/455] DTVP
[21:49:05] [412/455] AAVB
[21:49:06] [413/455] PMBL
[21:49:07] [414/455] STKC
[21:49:08] [415/455] KKMA
[21:49:09] [416/455] NMXS
[21:49:11] [417/455] DECX
[21:49:11] [418/455] MAPJ
[21:49:12] [419/455] SMLK
[21:49:13] 🔄 Identity reset
[21:49:13] 🔄 Identity rotated (every 10 requests)
[21:49:13] [420/455] PMPU
[21:49:14] [421/455] AFST
[21:49:15] [422/455] SRSY
[21:49:16] [423/455] RMKT
[21:49:17] [424/455] RAJX
[21:49:18] [425/455] UVCD
[21:49:19] [426/455] LISA
[21:49:20] [427/455] LMSR
[21:49:21] [428/455] PMCA
[21:49:22] [429/455] INPO
[21:49:22] 🔄 Identity reset
[21:49:22] 🔄 Identity rotated (every 10 requests)
[21:49:23] [430/455] INGO
[21:49:24] [431/455] HFSQ
[21:49:26] [432/455] INMG
[21:49:27] [433/455] NYCP
[21:49:28] [434/455] HFSV
[21:49:29] [435/455] MMZP
[21:49:30] [436/455] KSES
[21:49:31] [437/455] HFSA
[21:49:32] [438/455] ACMM
[21:49:33] [439/455] RCKD
[21:49:34] 🔄 Identity reset
[21:49:34] 🔄 Identity rotated (every 10 requests)
[21:49:34] [440/455] BCKR
[21:49:35] [441/455] SFCO
[21:49:36] [442/455] JCCB
[21:49:37] [443/455] BCCR
[21:49:38] [444/455] NWCB
[21:49:39] [445/455] SAMT
[21:49:40] [446/455] TMST
[21:49:41] [447/455] SJCN
[21:49:42] [448/455] MCBS
[21:49:43] [449/455] CMKR
[21:49:44] 🔄 Identity reset
[21:49:44] 🔄 Identity rotated (every 10 requests)
[21:49:45] [450/455] INPM
[21:49:46] [451/455] WVMT
[21:49:47] [452/455] NYSM
[21:49:48] [453/455] RCMA
[21:49:49] [454/455] RECM
[21:49:50] [455/455] CYCM
[21:49:51] 🧹 Deduping shows
[21:49:51] ✅ DONE | Shows=734 | Movies=46
[04:28:01] 🚀 SCRIPT STARTED (enhanced anti‑detection)
[04:28:01] [1/455] MXGN
[04:28:01] 🧠 New identity created
[04:28:02] [2/455] PGGM
[04:28:03] [3/455] IPMJ
[04:28:04] [4/455] M2PP
[04:28:06] [5/455] PMMS
[04:28:07] [6/455] SCJN
[04:28:09] [7/455] CPUM
[04:28:10] [8/455] SCND
[04:28:11] [9/455] INWM
[04:28:13] [10/455] DVDC
[04:28:13] 🔄 Identity reset
[04:28:13] 🔄 Identity rotated (every 10 requests)
[04:28:14] [11/455] WVND
[04:28:16] [12/455] LBDL
[04:28:17] [13/455] CRGM
[04:28:19] [14/455] PVKS
[04:28:19] [15/455] PBLL
[04:28:21] [16/455] FNLN
[04:28:22] [17/455] PPDA
[04:28:23] [18/455] SCPT
[04:28:24] [19/455] IAJS
[04:28:26] [20/455] MMZG
[04:28:26] 🔄 Identity reset
[04:28:26] 🔄 Identity rotated (every 10 requests)
[04:28:26] 🔄 Retry 1/5 for MMZG in 2.1s
[04:28:26] 🔄 Identity reset
[04:28:29] 🧠 New identity created
[04:28:30] [21/455] MCTI
[04:28:31] [22/455] PPMF
[04:28:32] [23/455] FNSD
[04:28:32] [24/455] M2RH
[04:28:34] [25/455] CPGV
[04:28:35] [26/455] PECD
[04:28:36] [27/455] CTEE
[04:28:37] [28/455] IOMG
[04:28:38] [29/455] CIJA
[04:28:39] 🔄 Identity reset
[04:28:39] 🔄 Identity rotated (every 10 requests)
[04:28:39] 🔄 Retry 1/5 for CIJA in 2.3s
[04:28:39] 🔄 Identity reset
[04:28:41] 🧠 New identity created
[04:28:42] [30/455] NYCG
[04:28:44] [31/455] CEST
[04:28:45] [32/455] WVRG
[04:28:47] [33/455] DPDC
[04:28:48] [34/455] PDIV
[04:28:49] [35/455] MTPP
[04:28:50] [36/455] MHNU
[04:28:52] [37/455] WUPG
[04:28:53] [38/455] USCO
[04:28:53] 🔄 Identity reset
[04:28:53] 🔄 Identity rotated (every 10 requests)
[04:28:54] [39/455] INFR
[04:28:55] [40/455] PVPD
[04:28:56] [41/455] RONC
[04:28:57] [42/455] IOCP
[04:28:58] [43/455] EMPS
[04:28:59] [44/455] PNAD
[04:29:01] [45/455] VVGZ
[04:29:02] [46/455] MDDC
[04:29:02] [47/455] MMAP
[04:29:04] [48/455] GPDC
[04:29:05] 🔄 Identity reset
[04:29:05] 🔄 Identity rotated (every 10 requests)
[04:29:06] [49/455] PVPU
[04:29:07] [50/455] DCMV
[04:29:08] [51/455] PCCF
[04:29:09] [52/455] MCEF
[04:29:11] [53/455] INRD
[04:29:12] [54/455] CCPZ
[04:29:14] [55/455] BCWG
[04:29:14] [56/455] PMGU
[04:29:16] [57/455] MCVM
[04:29:17] [58/455] MCDE
[04:29:18] 🔄 Identity reset
[04:29:18] 🔄 Identity rotated (every 10 requests)
[04:29:18] 🔄 Retry 1/5 for MCDE in 2.2s
[04:29:18] 🔄 Identity reset
[04:29:20] 🧠 New identity created
[04:29:20] 🔄 Retry 2/5 for MCDE in 4.9s
[04:29:20] 🔄 Identity reset
[04:29:25] 🧠 New identity created
[04:29:25] [59/455] IEFM
[04:29:27] [60/455] MXCS
[04:29:28] [61/455] RNMT
[04:29:29] [62/455] PSDD
[04:29:30] [63/455] PETA
[04:29:31] [64/455] IZOP
[04:29:33] [65/455] PDEI
[04:29:34] [66/455] MTND
[04:29:35] 🔄 Identity reset
[04:29:35] 🔄 Identity rotated (every 10 requests)
[04:29:35] [67/455] PCPL
[04:29:36] [68/455] LSCM
[04:29:37] [69/455] BTFD
[04:29:38] [70/455] MERM
[04:29:39] [71/455] PVMS
[04:29:41] [72/455] CIGK
[04:29:43] [73/455] INSG
[04:29:45] [74/455] IDEN
[04:29:45] [75/455] MCGN
[04:29:46] [76/455] IGAM
[04:29:47] 🔄 Identity reset
[04:29:47] 🔄 Identity rotated (every 10 requests)
[04:29:47] [77/455] SLCU
[04:29:49] [78/455] MIMU
[04:29:50] [79/455] QLAC
[04:29:51] [80/455] MENL
[04:29:52] [81/455] SCUR
[04:29:53] [82/455] MDGD
[04:29:54] [83/455] LSRS
[04:29:55] [84/455] KMLG
[04:29:56] [85/455] MKLJ
[04:29:57] [86/455] IBYG
[04:29:58] 🔄 Identity reset
[04:29:58] 🔄 Identity rotated (every 10 requests)
[04:29:58] [87/455] ISML
[04:30:00] [88/455] MJMM
[04:30:01] [89/455] RCGD
[04:30:03] [90/455] MMOC
[04:30:03] [91/455] RRCO
[04:30:04] [92/455] MEDM
[04:30:05] [93/455] MCAZ
[04:30:06] [94/455] STWA
[04:30:07] [95/455] PFFG
[04:30:09] [96/455] GAGC
[04:30:09] 🔄 Identity reset
[04:30:09] 🔄 Identity rotated (every 10 requests)
[04:30:10] [97/455] PMPM
[04:30:11] [98/455] HVCD
[04:30:12] [99/455] AKRF
[04:30:13] [100/455] AKRC
[04:30:14] [101/455] MIDA
[04:30:15] [102/455] MAGX
[04:30:16] [103/455] ESOS
[04:30:17] [104/455] BBCL
[04:30:19] [105/455] LYAS
[04:30:20] [106/455] NRMS
[04:30:20] 🔄 Identity reset
[04:30:20] 🔄 Identity rotated (every 10 requests)
[04:30:21] [107/455] BHUC
[04:30:22] [108/455] SRIC
[04:30:23] [109/455] PDME
[04:30:24] [110/455] MJCS
[04:30:25] [111/455] NRAA
[04:30:26] [112/455] VATA
[04:30:27] [113/455] MNKC
[04:30:28] [114/455] DHCL
[04:30:29] [115/455] JCPC
[04:30:31] [116/455] CTML
[04:30:31] 🔄 Identity reset
[04:30:32] 🔄 Identity rotated (every 10 requests)
[04:30:32] [117/455] RMMR
[04:30:33] [118/455] STTL
[04:30:35] [119/455] CNPS
[04:30:36] [120/455] ACKL
[04:30:38] [121/455] SCAU
[04:30:39] [122/455] RMIA
[04:30:40] [123/455] MANU
[04:30:41] [124/455] ARDC
[04:30:42] [125/455] GLDA
[04:30:43] [126/455] KVSW
[04:30:43] 🔄 Identity reset
[04:30:43] 🔄 Identity rotated (every 10 requests)
[04:30:44] [127/455] CGCA
[04:30:45] [128/455] CMLO
[04:30:46] [129/455] CECB
[04:30:48] [130/455] RCPN
[04:30:49] [131/455] ASMW
[04:30:50] [132/455] PWLM
[04:30:51] [133/455] ASGM
[04:30:52] [134/455] ACWH
[04:30:53] [135/455] AAPW
[04:30:54] [136/455] RTWA
[04:30:54] 🔄 Identity reset
[04:30:54] 🔄 Identity rotated (every 10 requests)
[04:30:55] [137/455] RAMW
[04:30:56] [138/455] VKTR
[04:30:57] [139/455] SMBH
[04:30:58] [140/455] BVDR
[04:30:59] [141/455] MRTP
[04:31:00] [142/455] BLBR
[04:31:01] [143/455] LPIN
[04:31:02] [144/455] SNPC
[04:31:03] [145/455] PDCB
[04:31:05] [146/455] DYPK
[04:31:05] 🔄 Identity reset
[04:31:05] 🔄 Identity rotated (every 10 requests)
[04:31:07] [147/455] INMK
[04:31:07] [148/455] PDCK
[04:31:09] [149/455] PCKR
[04:31:11] [150/455] SHUA
[04:31:13] [151/455] SCVK
[04:31:13] [152/455] STPA
[04:31:14] [153/455] WVHD
[04:31:15] [154/455] MRCH
[04:31:16] [155/455] MCNP
[04:31:18] [156/455] RCAG
[04:31:19] 🔄 Identity reset
[04:31:19] 🔄 Identity rotated (every 10 requests)
[04:31:19] 🔄 Retry 1/5 for RCAG in 2.5s
[04:31:19] 🔄 Identity reset
[04:31:21] 🧠 New identity created
[04:31:23] [157/455] JTSN
[04:31:24] [158/455] AANS
[04:31:26] [159/455] GDDR
[04:31:27] [160/455] SRER
[04:31:28] [161/455] JKMA
[04:31:29] [162/455] ARAN
[04:31:30] [163/455] ALCT
[04:31:32] [164/455] CCTA
[04:31:33] [165/455] CNCT
[04:31:34] 🔄 Identity reset
[04:31:34] 🔄 Identity rotated (every 10 requests)
[04:31:34] [166/455] NZBL
[04:31:36] [167/455] SRRA
[04:31:37] [168/455] SVPW
[04:31:38] [169/455] SRTW
[04:31:39] [170/455] XMTD
[04:31:40] [171/455] SCCZ
[04:31:41] [172/455] PBCR
[04:31:43] [173/455] RTSC
[04:31:43] [174/455] TLSV
[04:31:44] [175/455] RMTK
[04:31:45] 🔄 Identity reset
[04:31:45] 🔄 Identity rotated (every 10 requests)
[04:31:46] [176/455] SRAT
[04:31:47] [177/455] GCYC
[04:31:48] [178/455] HCAJ
[04:31:50] [179/455] LCXA
[04:31:52] [180/455] BINT
[04:31:52] [181/455] IXIM
[04:31:53] [182/455] MBCR
[04:31:54] [183/455] BMCJ
[04:31:55] [184/455] NICJ
[04:31:56] [185/455] SCAJ
[04:31:57] 🔄 Identity reset
[04:31:57] 🔄 Identity rotated (every 10 requests)
[04:31:57] [186/455] CMXS
[04:31:58] [187/455] MMSR
[04:31:59] [188/455] PRKT
[04:32:00] [189/455] LPTH
[04:32:01] [190/455] SARP
[04:32:02] [191/455] MNPP
[04:32:04] [192/455] PRLR
[04:32:05] [193/455] RCMW
[04:32:06] [194/455] FCMG
[04:32:08] [195/455] RTNK
[04:32:08] 🔄 Identity reset
[04:32:08] 🔄 Identity rotated (every 10 requests)
[04:32:09] [196/455] LRCP
[04:32:10] [197/455] DBJR
[04:32:11] [198/455] CACN
[04:32:13] [199/455] AMRL
[04:32:14] [200/455] SBBC
[04:32:15] [201/455] VENN
[04:32:16] [202/455] STSS
[04:32:17] [203/455] SMRB
[04:32:18] [204/455] CCMX
[04:32:19] [205/455] KCMR
[04:32:19] 🔄 Identity reset
[04:32:19] 🔄 Identity rotated (every 10 requests)
[04:32:20] [206/455] SALH
[04:32:21] [207/455] CGTT
[04:32:22] [208/455] PMDR
[04:32:24] [209/455] VCPM
[04:32:25] [210/455] RZMX
[04:32:26] [211/455] TMSY
[04:32:27] [212/455] NTMS
[04:32:27] [213/455] VTAG
[04:32:28] [214/455] REMA
[04:32:29] [215/455] NXCC
[04:32:30] 🔄 Identity reset
[04:32:30] 🔄 Identity rotated (every 10 requests)
[04:32:30] [216/455] SKYM
[04:32:31] [217/455] CCMO
[04:32:31] [218/455] DMXM
[04:32:32] [219/455] SPPM
[04:32:33] [220/455] PTKL
[04:32:34] [221/455] SLVO
[04:32:35] [222/455] VASL
[04:32:36] [223/455] CBCM
[04:32:37] [224/455] STMA
[04:32:37] [225/455] LASK
[04:32:38] 🔄 Identity reset
[04:32:38] 🔄 Identity rotated (every 10 requests)
[04:32:38] [226/455] VITE
[04:32:39] [227/455] AAST
[04:32:40] [228/455] JTPT
[04:32:42] [229/455] RRSH
[04:32:42] [230/455] CINL
[04:32:43] [231/455] MCSR
[04:32:45] [232/455] SBCF
[04:32:46] [233/455] GCDU
[04:32:47] [234/455] PSPR
[04:32:47] [235/455] IMMO
[04:32:48] 🔄 Identity reset
[04:32:48] 🔄 Identity rotated (every 10 requests)
[04:32:48] [236/455] CLGM
[04:32:50] [237/455] PBMM
[04:32:51] [238/455] CEHR
[04:32:53] [239/455] CPOE
[04:32:53] [240/455] PGFD
[04:32:54] [241/455] PSLC
[04:32:55] [242/455] MSMD
[04:32:56] [243/455] FMFB
[04:32:57] [244/455] RKCL
[04:32:59] [245/455] PMMC
[04:33:00] 🔄 Identity reset
[04:33:00] 🔄 Identity rotated (every 10 requests)
[04:33:00] [246/455] SKMM
[04:33:01] [247/455] VOIB
[04:33:02] [248/455] KINO
[04:33:03] [249/455] VCTP
[04:33:04] [250/455] PDWR
[04:33:05] [251/455] SAED
[04:33:06] [252/455] SRRT
[04:33:07] [253/455] CVLG
[04:33:08] [254/455] SNGN
[04:33:09] [255/455] SIDA
[04:33:09] 🔄 Identity reset
[04:33:09] 🔄 Identity rotated (every 10 requests)
[04:33:10] 🔄 Retry 1/5 for SIDA in 2.2s
[04:33:10] 🔄 Identity reset
[04:33:12] 🧠 New identity created
[04:33:13] [256/455] IMCB
[04:33:14] [257/455] SMHP
[04:33:15] [258/455] GDTY
[04:33:15] [259/455] VYCH
[04:33:16] [260/455] PDYA
[04:33:17] [261/455] RKDO
[04:33:19] [262/455] VECG
[04:33:20] [263/455] NFGD
[04:33:21] [264/455] SNDC
[04:33:21] 🔄 Identity reset
[04:33:21] 🔄 Identity rotated (every 10 requests)
[04:33:22] [265/455] SDJH
[04:33:23] [266/455] HASV
[04:33:24] [267/455] PTYK
[04:33:25] [268/455] MUTB
[04:33:26] [269/455] AMRT
[04:33:27] [270/455] VACD
[04:33:28] [271/455] SKDD
[04:33:29] [272/455] STGR
[04:33:30] [273/455] GDAK
[04:33:31] [274/455] SKHK
[04:33:31] 🔄 Identity reset
[04:33:31] 🔄 Identity rotated (every 10 requests)
[04:33:32] [275/455] SLND
[04:33:32] [276/455] APAP
[04:33:33] [277/455] AYYA
[04:33:34] [278/455] VCCZ
[04:33:35] [279/455] MEML
[04:33:36] [280/455] MAOU
[04:33:37] [281/455] ESND
[04:33:39] [282/455] PTBZ
[04:33:40] [283/455] LBCN
[04:33:42] [284/455] PAWA
[04:33:42] 🔄 Identity reset
[04:33:42] 🔄 Identity rotated (every 10 requests)
[04:33:43] [285/455] ZEIC
[04:33:43] [286/455] CGMM
[04:33:44] [287/455] PJPM
[04:33:45] [288/455] ECMR
[04:33:46] [289/455] SHMZ
[04:33:47] [290/455] STCA
[04:33:48] [291/455] VDRC
[04:33:49] [292/455] SEEM
[04:33:51] [293/455] MKNS
[04:33:52] [294/455] KPPP
[04:33:53] 🔄 Identity reset
[04:33:53] 🔄 Identity rotated (every 10 requests)
[04:33:53] [295/455] CCML
[04:33:54] [296/455] CIBA
[04:33:55] [297/455] NACS
[04:33:56] [298/455] CTMK
[04:33:57] [299/455] CTCT
[04:33:58] [300/455] MCSN
[04:33:59] [301/455] MAXX
[04:34:00] [302/455] MECB
[04:34:01] [303/455] NTBY
[04:34:01] [304/455] UTBI
[04:34:02] 🔄 Identity reset
[04:34:02] 🔄 Identity rotated (every 10 requests)
[04:34:03] [305/455] RADK
[04:34:04] [306/455] STBY
[04:34:06] [307/455] GTBY
[04:34:07] [308/455] RRMB
[04:34:08] [309/455] ABRN
[04:34:10] [310/455] GTSG
[04:34:11] [311/455] GBTG
[04:34:12] [312/455] SBGS
[04:34:13] [313/455] KBPM
[04:34:14] [314/455] SMHT
[04:34:15] 🔄 Identity reset
[04:34:15] 🔄 Identity rotated (every 10 requests)
[04:34:16] [315/455] VTDM
[04:34:17] [316/455] ASCT
[04:34:18] [317/455] AWCT
[04:34:19] [318/455] DCCU
[04:34:19] [319/455] PSCE
[04:34:20] [320/455] KSNY
[04:34:22] [321/455] ACID
[04:34:23] [322/455] LVCD
[04:34:24] [323/455] KSSB
[04:34:24] [324/455] SWTD
[04:34:25] 🔄 Identity reset
[04:34:25] 🔄 Identity rotated (every 10 requests)
[04:34:25] [325/455] RBMR
[04:34:26] [326/455] SCBC
[04:34:27] [327/455] RKME
[04:34:28] [328/455] GALX
[04:34:30] [329/455] GCCH
[04:34:31] [330/455] RATR
[04:34:32] [331/455] GTGA
[04:34:33] [332/455] LTTR
[04:34:34] [333/455] TTAA
[04:34:35] [334/455] TVHP
[04:34:35] 🔄 Identity reset
[04:34:36] 🔄 Identity rotated (every 10 requests)
[04:34:36] [335/455] KVCS
[04:34:37] [336/455] CBMC
[04:34:38] [337/455] MAYJ
[04:34:39] [338/455] INPR
[04:34:40] [339/455] RSSC
[04:34:41] [340/455] PCAN
[04:34:42] [341/455] PVHR
[04:34:43] [342/455] AGSM
[04:34:44] [343/455] PVES
[04:34:45] [344/455] INTO
[04:34:45] 🔄 Identity reset
[04:34:45] 🔄 Identity rotated (every 10 requests)
[04:34:46] [345/455] ACON
[04:34:47] [346/455] PVPZ
[04:34:48] [347/455] PVHC
[04:34:49] [348/455] KSTK
[04:34:50] [349/455] PVSR
[04:34:52] [350/455] ACTN
[04:34:53] [351/455] FMCN
[04:34:54] [352/455] PABC
[04:34:55] [353/455] SUTC
[04:34:56] [354/455] PGMV
[04:34:57] 🔄 Identity reset
[04:34:57] 🔄 Identity rotated (every 10 requests)
[04:34:57] [355/455] GKCP
[04:34:58] [356/455] INCH
[04:34:59] [357/455] MLMT
[04:35:00] [358/455] SSCC
[04:35:01] [359/455] SLMP
[04:35:01] [360/455] VVTN
[04:35:03] [361/455] SBTR
[04:35:04] [362/455] PGRA
[04:35:05] [363/455] PBRM
[04:35:06] [364/455] GCRP
[04:35:07] 🔄 Identity reset
[04:35:07] 🔄 Identity rotated (every 10 requests)
[04:35:07] [365/455] MCSK
[04:35:08] [366/455] NLTC
[04:35:09] [367/455] MTLM
[04:35:10] [368/455] VECT
[04:35:12] [369/455] KMRM
[04:35:13] [370/455] RACM
[04:35:13] [371/455] WSTC
[04:35:14] [372/455] PVTJ
[04:35:16] [373/455] MMKC
[04:35:17] [374/455] SVWT
[04:35:17] 🔄 Identity reset
[04:35:17] 🔄 Identity rotated (every 10 requests)
[04:35:18] [375/455] JOTG
[04:35:20] [376/455] VCDK
[04:35:21] [377/455] ANAC
[04:35:22] [378/455] GRTC
[04:35:22] [379/455] JTPL
[04:35:24] [380/455] VRCP
[04:35:25] [381/455] REMC
[04:35:26] [382/455] ATMG
[04:35:27] [383/455] GAHC
[04:35:28] [384/455] JTMV
[04:35:29] 🔄 Identity reset
[04:35:29] 🔄 Identity rotated (every 10 requests)
[04:35:29] [385/455] OMTT
[04:35:30] [386/455] GKKC
[04:35:31] [387/455] BBPO
[04:35:32] [388/455] ZCBB
[04:35:34] [389/455] DCGO
[04:35:35] [390/455] STOP
[04:35:36] [391/455] BSPC
[04:35:38] [392/455] SOND
[04:35:39] [393/455] GCKG
[04:35:40] [394/455] PCDB
[04:35:41] 🔄 Identity reset
[04:35:41] 🔄 Identity rotated (every 10 requests)
[04:35:41] [395/455] PGRC
[04:35:43] [396/455] CSCT
[04:35:43] [397/455] STDA
[04:35:44] [398/455] JAYD
[04:35:45] [399/455] PPPD
[04:35:46] [400/455] KRTT
[04:35:47] [401/455] PTDT
[04:35:48] [402/455] TRSV
[04:35:49] [403/455] VELR
[04:35:51] [404/455] STDT
[04:35:51] 🔄 Identity reset
[04:35:51] 🔄 Identity rotated (every 10 requests)
[04:35:52] [405/455] SATT
[04:35:53] [406/455] KCPM
[04:35:54] [407/455] MFCP
[04:35:55] [408/455] AXMP
[04:35:56] [409/455] LTVB
[04:35:57] [410/455] APST
[04:35:58] [411/455] DTVP
[04:35:59] [412/455] AAVB
[04:36:00] [413/455] PMBL
[04:36:02] [414/455] STKC
[04:36:02] 🔄 Identity reset
[04:36:02] 🔄 Identity rotated (every 10 requests)
[04:36:04] [415/455] KKMA
[04:36:04] [416/455] NMXS
[04:36:05] [417/455] DECX
[04:36:07] [418/455] MAPJ
[04:36:07] [419/455] SMLK
[04:36:09] [420/455] PMPU
[04:36:10] [421/455] AFST
[04:36:10] [422/455] SRSY
[04:36:12] [423/455] RMKT
[04:36:13] [424/455] RAJX
[04:36:14] 🔄 Identity reset
[04:36:14] 🔄 Identity rotated (every 10 requests)
[04:36:14] [425/455] UVCD
[04:36:16] [426/455] LISA
[04:36:16] [427/455] LMSR
[04:36:18] [428/455] PMCA
[04:36:20] [429/455] INPO
[04:36:21] [430/455] INGO
[04:36:22] [431/455] HFSQ
[04:36:23] [432/455] INMG
[04:36:25] [433/455] NYCP
[04:36:26] [434/455] HFSV
[04:36:26] 🔄 Identity reset
[04:36:26] 🔄 Identity rotated (every 10 requests)
[04:36:27] [435/455] MMZP
[04:36:28] [436/455] KSES
[04:36:29] [437/455] HFSA
[04:36:30] [438/455] ACMM
[04:36:32] [439/455] RCKD
[04:36:32] [440/455] BCKR
[04:36:33] [441/455] SFCO
[04:36:34] [442/455] JCCB
[04:36:35] [443/455] BCCR
[04:36:36] [444/455] NWCB
[04:36:37] 🔄 Identity reset
[04:36:37] 🔄 Identity rotated (every 10 requests)
[04:36:37] [445/455] SAMT
[04:36:38] [446/455] TMST
[04:36:40] [447/455] SJCN
[04:36:41] [448/455] MCBS
[04:36:41] [449/455] CMKR
[04:36:42] [450/455] INPM
[04:36:43] [451/455] WVMT
[04:36:45] [452/455] NYSM
[04:36:47] [453/455] RCMA
[04:36:47] [454/455] RECM
[04:36:48] 🔄 Identity reset
[04:36:48] 🔄 Identity rotated (every 10 requests)
[04:36:49] [455/455] CYCM
[04:36:50] 🧹 Deduping shows
[04:36:50] ✅ DONE | Shows=746 | Movies=46
