[09:34:15] 🚀 SCRIPT STARTED (enhanced anti‑detection)
[09:34:15] [1/459] MCCZ
[09:34:16] 🧠 New identity created
[09:34:17] [2/459] FRPU
[09:34:18] [3/459] SKSI
[09:34:19] [4/459] SSCK
[09:34:20] [5/459] SRDC
[09:34:21] [6/459] RSCZ
[09:34:23] [7/459] PRVT
[09:34:24] [8/459] GAGJ
[09:34:25] [9/459] SMHG
[09:34:25] [10/459] JTST
[09:34:26] 🔄 Identity reset
[09:34:26] 🔄 Identity rotated (every 10 requests)
[09:34:26] [11/459] MYTH
[09:34:28] [12/459] JPCC
[09:34:28] [13/459] ACDC
[09:34:29] [14/459] SVFP
[09:34:30] [15/459] SFCM
[09:34:31] [16/459] RUPK
[09:34:32] [17/459] NTCR
[09:34:34] [18/459] RTCH
[09:34:35] [19/459] SCMH
[09:34:36] [20/459] SVYM
[09:34:36] 🔄 Identity reset
[09:34:36] 🔄 Identity rotated (every 10 requests)
[09:34:36] [21/459] SPYM
[09:34:37] [22/459] SMMF
[09:34:38] [23/459] CLLB
[09:34:39] [24/459] FMCB
[09:34:40] [25/459] BBTC
[09:34:41] [26/459] NTHS
[09:34:41] [27/459] PKKJ
[09:34:42] [28/459] MTJA
[09:34:43] [29/459] PMSJ
[09:34:44] [30/459] JMJU
[09:34:45] 🔄 Identity reset
[09:34:45] 🔄 Identity rotated (every 10 requests)
[09:34:45] [31/459] SRAD
[09:34:46] [32/459] MJMC
[09:34:47] [33/459] DFRM
[09:34:48] [34/459] PMRS
[09:34:49] [35/459] RKPP
[09:34:49] [36/459] BMBK
[09:34:50] [37/459] NEWS
[09:34:51] [38/459] SALB
[09:34:52] [39/459] SCPW
[09:34:53] [40/459] RAYL
[09:34:53] 🔄 Identity reset
[09:34:53] 🔄 Identity rotated (every 10 requests)
[09:34:54] [41/459] CMGJ
[09:34:55] [42/459] JRCR
[09:34:55] [43/459] SRTB
[09:34:56] [44/459] ETPB
[09:34:57] [45/459] MXBN
[09:34:58] [46/459] TOPE
[09:34:59] [47/459] SNLJ
[09:35:00] [48/459] CDDP
[09:35:01] [49/459] APCX
[09:35:02] [50/459] TALP
[09:35:03] 🔄 Identity reset
[09:35:03] 🔄 Identity rotated (every 10 requests)
[09:35:03] [51/459] RRMP
[09:35:04] [52/459] MAHB
[09:35:05] [53/459] MTKR
[09:35:06] [54/459] KSKL
[09:35:07] [55/459] RJLT
[09:35:08] [56/459] ATAS
[09:35:08] [57/459] AMHR
[09:35:09] [58/459] RSRM
[09:35:11] [59/459] GCAT
[09:35:12] [60/459] SMML
[09:35:12] 🔄 Identity reset
[09:35:12] 🔄 Identity rotated (every 10 requests)
[09:35:13] [61/459] ACCD
[09:35:14] [62/459] VYDA
[09:35:15] [63/459] MSKT
[09:35:16] [64/459] AVDM
[09:35:17] [65/459] ASMH
[09:35:18] [66/459] VTMB
[09:35:19] [67/459] WVMB
[09:35:20] [68/459] PPMN
[09:35:20] [69/459] MTMD
[09:35:21] [70/459] SMMO
[09:35:22] 🔄 Identity reset
[09:35:22] 🔄 Identity rotated (every 10 requests)
[09:35:22] [71/459] DLPB
[09:35:23] [72/459] AKMD
[09:35:24] [73/459] SHRR
[09:35:26] [74/459] ASCO
[09:35:27] [75/459] CZVX
[09:35:28] [76/459] GCBB
[09:35:29] [77/459] ATBM
[09:35:30] [78/459] TCGM
[09:35:31] [79/459] UMSE
[09:35:32] [80/459] NKCL
[09:35:33] 🔄 Identity reset
[09:35:33] 🔄 Identity rotated (every 10 requests)
[09:35:33] [81/459] BTLR
[09:35:34] [82/459] GOCL
[09:35:35] [83/459] MIRN
[09:35:36] [84/459] THEC
[09:35:37] [85/459] SPPB
[09:35:38] [86/459] PMMM
[09:35:38] [87/459] GGMC
[09:35:40] [88/459] AVSR
[09:35:41] [89/459] RDMH
[09:35:42] [90/459] JSRS
[09:35:42] 🔄 Identity reset
[09:35:42] 🔄 Identity rotated (every 10 requests)
[09:35:43] [91/459] VKGP
[09:35:43] [92/459] ACRT
[09:35:45] [93/459] GCBA
[09:35:46] [94/459] GTCP
[09:35:47] [95/459] AKFC
[09:35:48] [96/459] INCS
[09:35:49] [97/459] SMCK
[09:35:50] [98/459] BRUN
[09:35:51] [99/459] RPPC
[09:35:52] [100/459] PAYD
[09:35:53] 🔄 Identity reset
[09:35:53] 🔄 Identity rotated (every 10 requests)
[09:35:53] [101/459] SVVT
[09:35:54] [102/459] RNCC
[09:35:55] [103/459] PCRC
[09:35:56] [104/459] PMRM
[09:35:57] [105/459] CCRP
[09:35:58] [106/459] INCR
[09:35:59] [107/459] ZTMP
[09:36:00] [108/459] MCNR
[09:36:01] [109/459] INRP
[09:36:02] [110/459] STRC
[09:36:02] 🔄 Identity reset
[09:36:02] 🔄 Identity rotated (every 10 requests)
[09:36:02] [111/459] RATI
[09:36:03] [112/459] PBTR
[09:36:04] [113/459] CMHP
[09:36:05] [114/459] ZECJ
[09:36:06] [115/459] CCCB
[09:36:07] [116/459] BWCB
[09:36:08] [117/459] CCAT
[09:36:08] [118/459] KGCM
[09:36:10] [119/459] INPT
[09:36:11] [120/459] FNCO
[09:36:11] 🔄 Identity reset
[09:36:11] 🔄 Identity rotated (every 10 requests)
[09:36:12] [121/459] SRMJ
[09:36:12] [122/459] PFSC
[09:36:13] [123/459] PBMC
[09:36:14] [124/459] KARP
[09:36:15] [125/459] KOVI
[09:36:17] [126/459] ACXL
[09:36:18] [127/459] GKCC
[09:36:19] [128/459] ASCC
[09:36:20] [129/459] SETC
[09:36:21] [130/459] KACC
[09:36:21] 🔄 Identity reset
[09:36:21] 🔄 Identity rotated (every 10 requests)
[09:36:22] [131/459] KAVE
[09:36:22] [132/459] CNTC
[09:36:23] [133/459] MEEN
[09:36:24] [134/459] BMRV
[09:36:25] [135/459] SVAM
[09:36:26] [136/459] VTBP
[09:36:26] [137/459] VCKN
[09:36:27] [138/459] SGTK
[09:36:28] [139/459] RCGS
[09:36:29] [140/459] RCCB
[09:36:30] 🔄 Identity reset
[09:36:30] 🔄 Identity rotated (every 10 requests)
[09:36:30] [141/459] RKSR
[09:36:31] [142/459] RKCU
[09:36:32] [143/459] GIBH
[09:36:33] [144/459] CXBS
[09:36:34] [145/459] GGCB
[09:36:35] [146/459] SCPB
[09:36:36] [147/459] AKTB
[09:36:36] [148/459] SRBU
[09:36:38] [149/459] CSSA
[09:36:39] [150/459] MYAN
[09:36:40] 🔄 Identity reset
[09:36:40] 🔄 Identity rotated (every 10 requests)
[09:36:40] [151/459] EXCA
[09:36:41] [152/459] CKSA
[09:36:42] [153/459] JTNM
[09:36:43] [154/459] CXKT
[09:36:44] [155/459] NCLM
[09:36:45] [156/459] JAAD
[09:36:45] [157/459] RDCR
[09:36:46] [158/459] MEER
[09:36:48] [159/459] SIBT
[09:36:49] [160/459] PVVB
[09:36:49] 🔄 Identity reset
[09:36:49] 🔄 Identity rotated (every 10 requests)
[09:36:50] [161/459] FNPN
[09:36:51] [162/459] CRPX
[09:36:51] [163/459] STET
[09:36:53] [164/459] METE
[09:36:54] [165/459] BJML
[09:36:55] [166/459] MAVT
[09:36:56] [167/459] MSRM
[09:36:56] [168/459] TJMP
[09:36:57] [169/459] MHCK
[09:36:58] [170/459] SVGP
[09:36:59] 🔄 Identity reset
[09:36:59] 🔄 Identity rotated (every 10 requests)
[09:36:59] [171/459] KRRC
[09:37:00] [172/459] IMCH
[09:37:01] [173/459] CMCS
[09:37:02] [174/459] SGND
[09:37:04] [175/459] RNAT
[09:37:05] [176/459] PRTN
[09:37:06] [177/459] MPTN
[09:37:07] [178/459] ARCC
[09:37:08] [179/459] NTTE
[09:37:09] [180/459] ABND
[09:37:10] 🔄 Identity reset
[09:37:10] 🔄 Identity rotated (every 10 requests)
[09:37:10] [181/459] KCSN
[09:37:12] [182/459] KCSA
[09:37:13] [183/459] DCKT
[09:37:13] [184/459] MBBR
[09:37:14] [185/459] RAMU
[09:37:15] [186/459] RACW
[09:37:16] [187/459] MCHP
[09:37:17] [188/459] TMHM
[09:37:18] [189/459] STXH
[09:37:19] [190/459] AGSG
[09:37:19] 🔄 Identity reset
[09:37:19] 🔄 Identity rotated (every 10 requests)
[09:37:20] [191/459] SIRA
[09:37:21] [192/459] RCAN
[09:37:21] [193/459] CWTB
[09:37:22] [194/459] VTYM
[09:37:23] [195/459] RRPP
[09:37:24] [196/459] ASMR
[09:37:25] [197/459] RONO
[09:37:26] [198/459] MEMR
[09:37:26] [199/459] CTMR
[09:37:27] [200/459] PMTT
[09:37:28] 🔄 Identity reset
[09:37:28] 🔄 Identity rotated (every 10 requests)
[09:37:28] [201/459] PSLX
[09:37:29] [202/459] IPPL
[09:37:30] [203/459] MMSG
[09:37:31] [204/459] INEL
[09:37:33] [205/459] COAC
[09:37:34] [206/459] WVLK
[09:37:35] [207/459] PPXL
[09:37:36] [208/459] PSML
[09:37:37] [209/459] FNLK
[09:37:37] [210/459] ILUM
[09:37:38] 🔄 Identity reset
[09:37:38] 🔄 Identity rotated (every 10 requests)
[09:37:39] [211/459] ILCM
[09:37:40] [212/459] MSNL
[09:37:41] [213/459] VINB
[09:37:42] [214/459] SALW
[09:37:42] [215/459] PRTB
[09:37:43] [216/459] NCIL
[09:37:44] [217/459] PSUL
[09:37:45] [218/459] SCLK
[09:37:46] [219/459] ADDC
[09:37:47] [220/459] OACL
[09:37:47] 🔄 Identity reset
[09:37:47] 🔄 Identity rotated (every 10 requests)
[09:37:48] [221/459] OOCF
[09:37:49] [222/459] GPMF
[09:37:50] [223/459] SSDG
[09:37:51] [224/459] SKRS
[09:37:52] [225/459] NTTP
[09:37:53] [226/459] SLTP
[09:37:54] [227/459] JTLC
[09:37:55] [228/459] POON
[09:37:55] [229/459] CCPC
[09:37:57] [230/459] DCKC
[09:37:58] 🔄 Identity reset
[09:37:58] 🔄 Identity rotated (every 10 requests)
[09:37:58] [231/459] CPRT
[09:37:59] [232/459] EYHZ
[09:38:00] [233/459] ARBL
[09:38:01] [234/459] SBTB
[09:38:01] [235/459] MMCK
[09:38:02] [236/459] PLMR
[09:38:04] [237/459] BIJH
[09:38:05] [238/459] SDRT
[09:38:05] [239/459] PRDC
[09:38:06] [240/459] OMJA
[09:38:07] 🔄 Identity reset
[09:38:07] 🔄 Identity rotated (every 10 requests)
[09:38:07] [241/459] VKCR
[09:38:08] [242/459] ATRT
[09:38:09] [243/459] WVRP
[09:38:10] [244/459] MVRP
[09:38:11] [245/459] FCAX
[09:38:12] [246/459] CTLC
[09:38:13] [247/459] JCHB
[09:38:13] [248/459] SELP
[09:38:14] [249/459] VCPG
[09:38:15] [250/459] ASCX
[09:38:15] 🔄 Identity reset
[09:38:16] 🔄 Identity rotated (every 10 requests)
[09:38:16] [251/459] EOCS
[09:38:17] [252/459] RCPH
[09:38:18] [253/459] RJTM
[09:38:18] [254/459] SGMD
[09:38:19] [255/459] SVJT
[09:38:20] [256/459] SPPO
[09:38:21] [257/459] MNRL
[09:38:22] [258/459] KNOX
[09:38:23] [259/459] GIER
[09:38:23] [260/459] PJMS
[09:38:24] 🔄 Identity reset
[09:38:24] 🔄 Identity rotated (every 10 requests)
[09:38:24] [261/459] UNSP
[09:38:25] [262/459] JETP
[09:38:26] [263/459] VTWA
[09:38:28] [264/459] SCJI
[09:38:29] [265/459] CBZZ
[09:38:30] [266/459] SDCJ
[09:38:30] [267/459] RRCC
[09:38:31] [268/459] VNKG
[09:38:32] [269/459] LKTO
[09:38:33] [270/459] PJRM
[09:38:34] 🔄 Identity reset
[09:38:34] 🔄 Identity rotated (every 10 requests)
[09:38:34] [271/459] NVRM
[09:38:35] [272/459] SJCS
[09:38:36] [273/459] VIGK
[09:38:37] [274/459] ANST
[09:38:38] [275/459] JTTS
[09:38:38] [276/459] NTST
[09:38:39] [277/459] PREB
[09:38:40] [278/459] TSCZ
[09:38:41] [279/459] CDCM
[09:38:42] [280/459] ELYE
[09:38:42] 🔄 Identity reset
[09:38:42] 🔄 Identity rotated (every 10 requests)
[09:38:43] [281/459] INBS
[09:38:44] [282/459] SMGC
[09:38:45] [283/459] UTMP
[09:38:46] [284/459] INTA
[09:38:47] [285/459] OMPT
[09:38:48] [286/459] SCIR
[09:38:49] [287/459] GCKJ
[09:38:50] [288/459] INOG
[09:38:51] [289/459] SMGB
[09:38:53] [290/459] MCSG
[09:38:53] 🔄 Identity reset
[09:38:53] 🔄 Identity rotated (every 10 requests)
[09:38:54] [291/459] STKG
[09:38:55] [292/459] TTKG
[09:38:55] [293/459] SRTR
[09:38:56] [294/459] ETTR
[09:38:57] [295/459] GGGZ
[09:38:58] [296/459] IPGM
[09:38:59] [297/459] FCDH
[09:39:00] [298/459] DESB
[09:39:01] [299/459] VNTP
[09:39:02] [300/459] ANNT
[09:39:02] 🔄 Identity reset
[09:39:02] 🔄 Identity rotated (every 10 requests)
[09:39:02] [301/459] SLTI
[09:39:03] [302/459] MAJU
[09:39:04] [303/459] JCXP
[09:39:05] [304/459] HARK
[09:39:06] [305/459] JPCJ
[09:39:07] [306/459] RXBD
[09:39:08] [307/459] PTKJ
[09:39:09] [308/459] CMTU
[09:39:10] [309/459] SWOR
[09:39:11] [310/459] JMEX
[09:39:11] 🔄 Identity reset
[09:39:11] 🔄 Identity rotated (every 10 requests)
[09:39:11] [311/459] DTPT
[09:39:12] [312/459] VGMM
[09:39:13] [313/459] VCSG
[09:39:14] [314/459] CVCG
[09:39:15] [315/459] TNTT
[09:39:16] [316/459] SHRM
[09:39:17] [317/459] CGKD
[09:39:17] [318/459] EKCM
[09:39:18] [319/459] SDCX
[09:39:19] [320/459] SBTE
[09:39:20] 🔄 Identity reset
[09:39:20] 🔄 Identity rotated (every 10 requests)
[09:39:21] [321/459] STKJ
[09:39:21] [322/459] TPCE
[09:39:22] [323/459] JTNP
[09:39:23] [324/459] LPCH
[09:39:24] [325/459] CPUO
[09:39:25] [326/459] APSU
[09:39:26] [327/459] RTHC
[09:39:26] [328/459] PTBU
[09:39:27] [329/459] CUCC
[09:39:28] [330/459] CPSA
[09:39:29] 🔄 Identity reset
[09:39:29] 🔄 Identity rotated (every 10 requests)
[09:39:29] [331/459] SUAY
[09:39:30] [332/459] AYAA
[09:39:31] [333/459] MUCH
[09:39:33] [334/459] PCIN
[09:39:34] [335/459] JRRM
[09:39:35] [336/459] KATS
[09:39:36] [337/459] MHFF
[09:39:36] [338/459] ESYM
[09:39:37] [339/459] STYV
[09:39:38] [340/459] SDKG
[09:39:39] 🔄 Identity reset
[09:39:39] 🔄 Identity rotated (every 10 requests)
[09:39:39] 🔄 Retry 1/5 for SDKG in 2.0s
[09:39:39] 🔄 Identity reset
[09:39:41] 🧠 New identity created
[09:39:41] [341/459] SMTI
[09:39:42] [342/459] NYCS
[09:39:43] [343/459] MTBG
[09:39:43] [344/459] RHCA
[09:39:45] [345/459] PCKH
[09:39:46] [346/459] ARCR
[09:39:47] [347/459] NCMB
[09:39:48] [348/459] SHYC
[09:39:49] [349/459] LACK
[09:39:49] 🔄 Identity reset
[09:39:49] 🔄 Identity rotated (every 10 requests)
[09:39:50] [350/459] MTCM
[09:39:50] [351/459] RRBN
[09:39:51] [352/459] MYDC
[09:39:52] [353/459] STCS
[09:39:53] [354/459] CONN
[09:39:54] [355/459] SIPS
[09:39:55] [356/459] SMMX
[09:39:56] [357/459] SCBY
[09:39:57] [358/459] SUAP
[09:39:58] [359/459] RSMK
[09:39:58] 🔄 Identity reset
[09:39:58] 🔄 Identity rotated (every 10 requests)
[09:39:59] [360/459] STKP
[09:40:00] [361/459] CIPC
[09:40:00] [362/459] KKCI
[09:40:01] [363/459] CTNK
[09:40:02] [364/459] MMTZ
[09:40:03] [365/459] DCCO
[09:40:04] [366/459] VNMN
[09:40:05] [367/459] RLCN
[09:40:06] [368/459] CMMS
[09:40:07] [369/459] AYOU
[09:40:07] 🔄 Identity reset
[09:40:07] 🔄 Identity rotated (every 10 requests)
[09:40:08] [370/459] SSCN
[09:40:09] [371/459] SMXN
[09:40:09] [372/459] ASSK
[09:40:10] [373/459] VCKM
[09:40:11] [374/459] PCPH
[09:40:12] [375/459] PADM
[09:40:13] [376/459] IESA
[09:40:15] [377/459] VCSP
[09:40:15] [378/459] AEST
[09:40:16] [379/459] VTNR
[09:40:17] 🔄 Identity reset
[09:40:17] 🔄 Identity rotated (every 10 requests)
[09:40:17] [380/459] GTTA
[09:40:19] [381/459] CMMM
[09:40:20] [382/459] AHKT
[09:40:22] [383/459] SIJI
[09:40:22] [384/459] VCEI
[09:40:24] [385/459] SAKR
[09:40:25] [386/459] VSMT
[09:40:26] [387/459] SSCT
[09:40:26] [388/459] USTR
[09:40:28] [389/459] MTKT
[09:40:29] 🔄 Identity reset
[09:40:29] 🔄 Identity rotated (every 10 requests)
[09:40:29] [390/459] TGMP
[09:40:30] [391/459] SIVC
[09:40:31] [392/459] KICT
[09:40:32] [393/459] DAMD
[09:40:33] [394/459] CNPT
[09:40:33] [395/459] RVTT
[09:40:34] [396/459] SNCM
[09:40:35] [397/459] GHTE
[09:40:36] [398/459] PPAM
[09:40:37] [399/459] PVAA
[09:40:38] 🔄 Identity reset
[09:40:38] 🔄 Identity rotated (every 10 requests)
[09:40:38] [400/459] CPAO
[09:40:39] [401/459] HAMD
[09:40:40] [402/459] RCCA
[09:40:41] [403/459] MPCH
[09:40:41] [404/459] ARED
[09:40:42] [405/459] RRCV
[09:40:44] [406/459] MTRB
[09:40:45] [407/459] CKUA
[09:40:45] [408/459] ABMP
[09:40:46] [409/459] RCWA
[09:40:47] 🔄 Identity reset
[09:40:47] 🔄 Identity rotated (every 10 requests)
[09:40:47] [410/459] CGAR
[09:40:48] [411/459] METH
[09:40:49] [412/459] WAGA
[09:40:50] [413/459] MCMA
[09:40:51] [414/459] CSMP
[09:40:52] [415/459] RCNK
[09:40:53] [416/459] PSTM
[09:40:54] [417/459] CSEP
[09:40:55] [418/459] AMGD
[09:40:55] [419/459] CSTE
[09:40:56] 🔄 Identity reset
[09:40:56] 🔄 Identity rotated (every 10 requests)
[09:40:56] [420/459] CONS
[09:40:57] [421/459] APPX
[09:40:58] [422/459] MABC
[09:40:59] [423/459] CXST
[09:41:00] [424/459] MATN
[09:41:01] [425/459] MACZ
[09:41:02] [426/459] MASA
[09:41:03] [427/459] MBSX
[09:41:04] [428/459] CSST
[09:41:05] [429/459] APCL
[09:41:06] 🔄 Identity reset
[09:41:06] 🔄 Identity rotated (every 10 requests)
[09:41:07] [430/459] CGOS
[09:41:08] [431/459] CPEC
[09:41:09] [432/459] MCCP
[09:41:09] [433/459] BSSO
[09:41:10] [434/459] SJKA
[09:41:11] [435/459] CGBO
[09:41:12] [436/459] MVSK
[09:41:13] [437/459] HVCA
[09:41:14] [438/459] NAMD
[09:41:15] [439/459] DEVI
[09:41:15] 🔄 Identity reset
[09:41:15] 🔄 Identity rotated (every 10 requests)
[09:41:16] [440/459] SCSV
[09:41:17] [441/459] PSMA
[09:41:18] [442/459] CLDJ
[09:41:18] [443/459] NMAD
[09:41:19] [444/459] CGMO
[09:41:20] [445/459] MCNA
[09:41:21] [446/459] OCBN
[09:41:22] [447/459] CPEM
[09:41:22] [448/459] CPSM
[09:41:23] [449/459] RCAD
[09:41:24] 🔄 Identity reset
[09:41:24] 🔄 Identity rotated (every 10 requests)
[09:41:24] [450/459] CPMU
[09:41:25] [451/459] DICD
[09:41:26] [452/459] CHOE
[09:41:27] [453/459] PDJM
[09:41:27] [454/459] SSTU
[09:41:28] [455/459] VNRN
[09:41:29] [456/459] PVLG
[09:41:30] [457/459] SWBL
[09:41:31] [458/459] SCAB
[09:41:33] [459/459] RDDA
[09:41:33] 🔄 Identity reset
[09:41:33] 🔄 Identity rotated (every 10 requests)
[09:41:34] 🧹 Deduping shows
[09:41:34] ✅ DONE | Shows=399 | Movies=23
[16:32:15] 🚀 SCRIPT STARTED (enhanced anti‑detection)
[16:32:15] [1/459] MCCZ
[16:32:15] 🧠 New identity created
[16:32:16] [2/459] FRPU
[16:32:17] [3/459] SKSI
[16:32:17] [4/459] SSCK
[16:32:19] [5/459] SRDC
[16:32:20] [6/459] RSCZ
[16:32:20] [7/459] PRVT
[16:32:21] [8/459] GAGJ
[16:32:22] [9/459] SMHG
[16:32:24] [10/459] JTST
[16:32:24] 🔄 Identity reset
[16:32:24] 🔄 Identity rotated (every 10 requests)
[16:32:25] [11/459] MYTH
[16:32:26] [12/459] JPCC
[16:32:27] [13/459] ACDC
[16:32:27] [14/459] SVFP
[16:32:28] [15/459] SFCM
[16:32:29] [16/459] RUPK
[16:32:30] [17/459] NTCR
[16:32:31] [18/459] RTCH
[16:32:32] [19/459] SCMH
[16:32:33] [20/459] SVYM
[16:32:33] 🔄 Identity reset
[16:32:33] 🔄 Identity rotated (every 10 requests)
[16:32:34] [21/459] SPYM
[16:32:35] [22/459] SMMF
[16:32:36] [23/459] CLLB
[16:32:37] [24/459] FMCB
[16:32:38] [25/459] BBTC
[16:32:39] [26/459] NTHS
[16:32:40] [27/459] PKKJ
[16:32:41] [28/459] MTJA
[16:32:41] [29/459] PMSJ
[16:32:42] [30/459] JMJU
[16:32:43] 🔄 Identity reset
[16:32:43] 🔄 Identity rotated (every 10 requests)
[16:32:43] [31/459] SRAD
[16:32:45] [32/459] MJMC
[16:32:45] [33/459] DFRM
[16:32:46] [34/459] PMRS
[16:32:47] [35/459] RKPP
[16:32:48] [36/459] BMBK
[16:32:49] [37/459] NEWS
[16:32:50] [38/459] SALB
[16:32:51] [39/459] SCPW
[16:32:52] [40/459] RAYL
[16:32:52] 🔄 Identity reset
[16:32:52] 🔄 Identity rotated (every 10 requests)
[16:32:53] [41/459] CMGJ
[16:32:54] [42/459] JRCR
[16:32:55] [43/459] SRTB
[16:32:56] [44/459] ETPB
[16:32:57] [45/459] MXBN
[16:32:58] [46/459] TOPE
[16:32:59] [47/459] SNLJ
[16:33:00] [48/459] CDDP
[16:33:02] [49/459] APCX
[16:33:03] [50/459] TALP
[16:33:04] 🔄 Identity reset
[16:33:04] 🔄 Identity rotated (every 10 requests)
[16:33:04] [51/459] RRMP
[16:33:05] [52/459] MAHB
[16:33:06] [53/459] MTKR
[16:33:07] [54/459] KSKL
[16:33:08] [55/459] RJLT
[16:33:09] [56/459] ATAS
[16:33:10] [57/459] AMHR
[16:33:11] [58/459] RSRM
[16:33:12] [59/459] GCAT
[16:33:13] [60/459] SMML
[16:33:14] 🔄 Identity reset
[16:33:14] 🔄 Identity rotated (every 10 requests)
[16:33:14] [61/459] ACCD
[16:33:15] [62/459] VYDA
[16:33:16] [63/459] MSKT
[16:33:17] [64/459] AVDM
[16:33:19] [65/459] ASMH
[16:33:20] [66/459] VTMB
[16:33:21] [67/459] WVMB
[16:33:30] [68/459] PPMN
[16:33:31] [69/459] MTMD
[16:33:32] [70/459] SMMO
[16:33:33] 🔄 Identity reset
[16:33:33] 🔄 Identity rotated (every 10 requests)
[16:33:33] [71/459] DLPB
[16:33:34] [72/459] AKMD
[16:33:35] [73/459] SHRR
[16:33:36] [74/459] ASCO
[16:33:37] [75/459] CZVX
[16:33:38] [76/459] GCBB
[16:33:39] [77/459] ATBM
[16:33:39] [78/459] TCGM
[16:33:40] [79/459] UMSE
[16:33:41] [80/459] NKCL
[16:33:42] 🔄 Identity reset
[16:33:42] 🔄 Identity rotated (every 10 requests)
[16:33:42] [81/459] BTLR
[16:33:43] [82/459] GOCL
[16:33:44] [83/459] MIRN
[16:33:45] [84/459] THEC
[16:33:46] [85/459] SPPB
[16:33:47] [86/459] PMMM
[16:33:48] [87/459] GGMC
[16:33:49] [88/459] AVSR
[16:33:50] [89/459] RDMH
[16:33:51] [90/459] JSRS
[16:33:52] 🔄 Identity reset
[16:33:52] 🔄 Identity rotated (every 10 requests)
[16:33:52] [91/459] VKGP
[16:33:53] [92/459] ACRT
[16:33:54] [93/459] GCBA
[16:33:55] [94/459] GTCP
[16:33:57] [95/459] AKFC
[16:33:58] [96/459] INCS
[16:33:59] [97/459] SMCK
[16:33:59] [98/459] BRUN
[16:34:01] [99/459] RPPC
[16:34:02] [100/459] PAYD
[16:34:03] 🔄 Identity reset
[16:34:03] 🔄 Identity rotated (every 10 requests)
[16:34:03] [101/459] SVVT
[16:34:04] [102/459] RNCC
[16:34:06] [103/459] PCRC
[16:34:06] [104/459] PMRM
[16:34:07] [105/459] CCRP
[16:34:08] [106/459] INCR
[16:34:09] [107/459] ZTMP
[16:34:10] [108/459] MCNR
[16:34:11] [109/459] INRP
[16:34:12] [110/459] STRC
[16:34:12] 🔄 Identity reset
[16:34:12] 🔄 Identity rotated (every 10 requests)
[16:34:13] [111/459] RATI
[16:34:14] [112/459] PBTR
[16:34:15] [113/459] CMHP
[16:34:17] [114/459] ZECJ
[16:34:17] [115/459] CCCB
[16:34:18] [116/459] BWCB
[16:34:19] [117/459] CCAT
[16:34:20] [118/459] KGCM
[16:34:21] [119/459] INPT
[16:34:22] [120/459] FNCO
[16:34:23] 🔄 Identity reset
[16:34:23] 🔄 Identity rotated (every 10 requests)
[16:34:23] [121/459] SRMJ
[16:34:24] [122/459] PFSC
[16:34:25] [123/459] PBMC
[16:34:26] [124/459] KARP
[16:34:27] [125/459] KOVI
[16:34:28] [126/459] ACXL
[16:34:29] [127/459] GKCC
[16:34:30] [128/459] ASCC
[16:34:31] [129/459] SETC
[16:34:32] [130/459] KACC
[16:34:33] 🔄 Identity reset
[16:34:33] 🔄 Identity rotated (every 10 requests)
[16:34:33] [131/459] KAVE
[16:34:34] [132/459] CNTC
[16:34:35] [133/459] MEEN
[16:34:36] [134/459] BMRV
[16:34:37] [135/459] SVAM
[16:34:38] [136/459] VTBP
[16:34:39] [137/459] VCKN
[16:34:40] [138/459] SGTK
[16:34:41] [139/459] RCGS
[16:34:42] [140/459] RCCB
[16:34:42] 🔄 Identity reset
[16:34:42] 🔄 Identity rotated (every 10 requests)
[16:34:43] [141/459] RKSR
[16:34:43] [142/459] RKCU
[16:34:44] [143/459] GIBH
[16:34:45] [144/459] CXBS
[16:34:46] [145/459] GGCB
[16:34:47] [146/459] SCPB
[16:34:48] [147/459] AKTB
[16:34:50] [148/459] SRBU
[16:34:51] [149/459] CSSA
[16:34:52] [150/459] MYAN
[16:34:52] 🔄 Identity reset
[16:34:52] 🔄 Identity rotated (every 10 requests)
[16:34:53] [151/459] EXCA
[16:34:53] [152/459] CKSA
[16:34:54] [153/459] JTNM
[16:34:55] [154/459] CXKT
[16:34:56] [155/459] NCLM
[16:34:57] [156/459] JAAD
[16:34:58] [157/459] RDCR
[16:34:59] [158/459] MEER
[16:34:59] [159/459] SIBT
[16:35:00] [160/459] PVVB
[16:35:01] 🔄 Identity reset
[16:35:01] 🔄 Identity rotated (every 10 requests)
[16:35:02] [161/459] FNPN
[16:35:02] [162/459] CRPX
[16:35:03] [163/459] STET
[16:35:04] [164/459] METE
[16:35:05] [165/459] BJML
[16:35:06] [166/459] MAVT
[16:35:07] [167/459] MSRM
[16:35:08] [168/459] TJMP
[16:35:09] [169/459] MHCK
[16:35:09] [170/459] SVGP
[16:35:10] 🔄 Identity reset
[16:35:10] 🔄 Identity rotated (every 10 requests)
[16:35:10] [171/459] KRRC
[16:35:11] [172/459] IMCH
[16:35:12] [173/459] CMCS
[16:35:13] [174/459] SGND
[16:35:14] [175/459] RNAT
[16:35:15] [176/459] PRTN
[16:35:16] [177/459] MPTN
[16:35:17] [178/459] ARCC
[16:35:18] [179/459] NTTE
[16:35:19] [180/459] ABND
[16:35:19] 🔄 Identity reset
[16:35:19] 🔄 Identity rotated (every 10 requests)
[16:35:20] [181/459] KCSN
[16:35:21] [182/459] KCSA
[16:35:21] [183/459] DCKT
[16:35:23] [184/459] MBBR
[16:35:24] [185/459] RAMU
[16:35:25] [186/459] RACW
[16:35:26] [187/459] MCHP
[16:35:27] [188/459] TMHM
[16:35:28] [189/459] STXH
[16:35:29] [190/459] AGSG
[16:35:30] 🔄 Identity reset
[16:35:30] 🔄 Identity rotated (every 10 requests)
[16:35:30] [191/459] SIRA
[16:35:31] [192/459] RCAN
[16:35:32] [193/459] CWTB
[16:35:33] [194/459] VTYM
[16:35:34] [195/459] RRPP
[16:35:35] [196/459] ASMR
[16:35:36] [197/459] RONO
[16:35:37] [198/459] MEMR
[16:35:37] [199/459] CTMR
[16:35:39] [200/459] PMTT
[16:35:40] 🔄 Identity reset
[16:35:40] 🔄 Identity rotated (every 10 requests)
[16:35:41] [201/459] PSLX
[16:35:42] [202/459] IPPL
[16:35:43] [203/459] MMSG
[16:35:44] [204/459] INEL
[16:35:45] [205/459] COAC
[16:35:46] [206/459] WVLK
[16:35:47] [207/459] PPXL
[16:35:48] [208/459] PSML
[16:35:49] [209/459] FNLK
[16:35:50] [210/459] ILUM
[16:35:50] 🔄 Identity reset
[16:35:50] 🔄 Identity rotated (every 10 requests)
[16:35:51] [211/459] ILCM
[16:35:51] [212/459] MSNL
[16:35:52] [213/459] VINB
[16:35:53] [214/459] SALW
[16:35:54] [215/459] PRTB
[16:35:55] [216/459] NCIL
[16:35:56] [217/459] PSUL
[16:35:57] [218/459] SCLK
[16:35:58] [219/459] ADDC
[16:35:59] [220/459] OACL
[16:35:59] 🔄 Identity reset
[16:35:59] 🔄 Identity rotated (every 10 requests)
[16:36:00] [221/459] OOCF
[16:36:01] [222/459] GPMF
[16:36:02] [223/459] SSDG
[16:36:03] [224/459] SKRS
[16:36:04] [225/459] NTTP
[16:36:05] [226/459] SLTP
[16:36:06] [227/459] JTLC
[16:36:07] [228/459] POON
[16:36:08] [229/459] CCPC
[16:36:09] [230/459] DCKC
[16:36:10] 🔄 Identity reset
[16:36:10] 🔄 Identity rotated (every 10 requests)
[16:36:10] [231/459] CPRT
[16:36:11] [232/459] EYHZ
[16:36:12] [233/459] ARBL
[16:36:13] [234/459] SBTB
[16:36:14] [235/459] MMCK
[16:36:14] [236/459] PLMR
[16:36:15] [237/459] BIJH
[16:36:16] [238/459] SDRT
[16:36:17] [239/459] PRDC
[16:36:18] [240/459] OMJA
[16:36:19] 🔄 Identity reset
[16:36:19] 🔄 Identity rotated (every 10 requests)
[16:36:19] [241/459] VKCR
[16:36:20] [242/459] ATRT
[16:36:21] [243/459] WVRP
[16:36:23] [244/459] MVRP
[16:36:24] [245/459] FCAX
[16:36:25] [246/459] CTLC
[16:36:26] [247/459] JCHB
[16:36:27] [248/459] SELP
[16:36:28] [249/459] VCPG
[16:36:29] [250/459] ASCX
[16:36:29] 🔄 Identity reset
[16:36:29] 🔄 Identity rotated (every 10 requests)
[16:36:30] [251/459] EOCS
[16:36:30] [252/459] RCPH
[16:36:31] [253/459] RJTM
[16:36:32] [254/459] SGMD
[16:36:33] [255/459] SVJT
[16:36:34] [256/459] SPPO
[16:36:35] [257/459] MNRL
[16:36:36] [258/459] KNOX
[16:36:37] [259/459] GIER
[16:36:38] [260/459] PJMS
[16:36:38] 🔄 Identity reset
[16:36:38] 🔄 Identity rotated (every 10 requests)
[16:36:39] [261/459] UNSP
[16:36:40] [262/459] JETP
[16:36:41] [263/459] VTWA
[16:36:41] [264/459] SCJI
[16:36:42] [265/459] CBZZ
[16:36:43] [266/459] SDCJ
[16:36:44] [267/459] RRCC
[16:36:46] [268/459] VNKG
[16:36:47] [269/459] LKTO
[16:36:48] [270/459] PJRM
[16:36:49] 🔄 Identity reset
[16:36:49] 🔄 Identity rotated (every 10 requests)
[16:36:49] [271/459] NVRM
[16:36:50] [272/459] SJCS
[16:36:51] [273/459] VIGK
[16:36:52] [274/459] ANST
[16:36:53] [275/459] JTTS
[16:36:54] [276/459] NTST
[16:36:55] [277/459] PREB
[16:36:56] [278/459] TSCZ
[16:36:57] [279/459] CDCM
[16:36:57] [280/459] ELYE
[16:36:58] 🔄 Identity reset
[16:36:58] 🔄 Identity rotated (every 10 requests)
[16:36:59] [281/459] INBS
[16:37:00] [282/459] SMGC
[16:37:01] [283/459] UTMP
[16:37:02] [284/459] INTA
[16:37:03] [285/459] OMPT
[16:37:04] [286/459] SCIR
[16:37:05] [287/459] GCKJ
[16:37:06] [288/459] INOG
[16:37:07] [289/459] SMGB
[16:37:07] [290/459] MCSG
[16:37:08] 🔄 Identity reset
[16:37:08] 🔄 Identity rotated (every 10 requests)
[16:37:08] [291/459] STKG
[16:37:09] [292/459] TTKG
[16:37:10] [293/459] SRTR
[16:37:11] [294/459] ETTR
[16:37:12] [295/459] GGGZ
[16:37:13] [296/459] IPGM
[16:37:13] [297/459] FCDH
[16:37:15] [298/459] DESB
[16:37:16] [299/459] VNTP
[16:37:17] [300/459] ANNT
[16:37:18] 🔄 Identity reset
[16:37:18] 🔄 Identity rotated (every 10 requests)
[16:37:18] [301/459] SLTI
[16:37:20] [302/459] MAJU
[16:37:20] [303/459] JCXP
[16:37:21] [304/459] HARK
[16:37:23] [305/459] JPCJ
[16:37:24] [306/459] RXBD
[16:37:25] [307/459] PTKJ
[16:37:26] [308/459] CMTU
[16:37:27] [309/459] SWOR
[16:37:28] [310/459] JMEX
[16:37:28] 🔄 Identity reset
[16:37:28] 🔄 Identity rotated (every 10 requests)
[16:37:29] [311/459] DTPT
[16:37:30] [312/459] VGMM
[16:37:32] [313/459] VCSG
[16:37:33] [314/459] CVCG
[16:37:34] [315/459] TNTT
[16:37:36] [316/459] SHRM
[16:37:36] [317/459] CGKD
[16:37:37] [318/459] EKCM
[16:37:38] [319/459] SDCX
[16:37:39] [320/459] SBTE
[16:37:40] 🔄 Identity reset
[16:37:40] 🔄 Identity rotated (every 10 requests)
[16:37:40] [321/459] STKJ
[16:37:41] [322/459] TPCE
[16:37:42] [323/459] JTNP
[16:37:43] [324/459] LPCH
[16:37:44] [325/459] CPUO
[16:37:45] [326/459] APSU
[16:37:46] [327/459] RTHC
[16:37:47] [328/459] PTBU
[16:37:48] [329/459] CUCC
[16:37:49] [330/459] CPSA
[16:37:49] 🔄 Identity reset
[16:37:49] 🔄 Identity rotated (every 10 requests)
[16:37:50] [331/459] SUAY
[16:37:51] [332/459] AYAA
[16:37:52] [333/459] MUCH
[16:37:53] [334/459] PCIN
[16:37:54] [335/459] JRRM
[16:37:55] [336/459] KATS
[16:37:56] [337/459] MHFF
[16:37:57] [338/459] ESYM
[16:37:58] [339/459] STYV
[16:37:58] [340/459] SDKG
[16:37:59] 🔄 Identity reset
[16:37:59] 🔄 Identity rotated (every 10 requests)
[16:37:59] [341/459] SMTI
[16:38:00] [342/459] NYCS
[16:38:01] [343/459] MTBG
[16:38:02] [344/459] RHCA
[16:38:03] [345/459] PCKH
[16:38:04] [346/459] ARCR
[16:38:05] [347/459] NCMB
[16:38:05] [348/459] SHYC
[16:38:06] [349/459] LACK
[16:38:07] [350/459] MTCM
[16:38:08] 🔄 Identity reset
[16:38:08] 🔄 Identity rotated (every 10 requests)
[16:38:08] [351/459] RRBN
[16:38:10] [352/459] MYDC
[16:38:11] [353/459] STCS
[16:38:12] [354/459] CONN
[16:38:13] [355/459] SIPS
[16:38:14] [356/459] SMMX
[16:38:15] [357/459] SCBY
[16:38:16] [358/459] SUAP
[16:38:17] [359/459] RSMK
[16:38:18] [360/459] STKP
[16:38:18] 🔄 Identity reset
[16:38:18] 🔄 Identity rotated (every 10 requests)
[16:38:19] [361/459] CIPC
[16:38:19] [362/459] KKCI
[16:38:20] [363/459] CTNK
[16:38:21] [364/459] MMTZ
[16:38:22] [365/459] DCCO
[16:38:23] [366/459] VNMN
[16:38:24] [367/459] RLCN
[16:38:25] [368/459] CMMS
[16:38:26] [369/459] AYOU
[16:38:27] [370/459] SSCN
[16:38:28] 🔄 Identity reset
[16:38:28] 🔄 Identity rotated (every 10 requests)
[16:38:28] [371/459] SMXN
[16:38:29] [372/459] ASSK
[16:38:30] [373/459] VCKM
[16:38:31] [374/459] PCPH
[16:38:32] [375/459] PADM
[16:38:33] [376/459] IESA
[16:38:34] [377/459] VCSP
[16:38:34] [378/459] AEST
[16:38:36] [379/459] VTNR
[16:38:37] [380/459] GTTA
[16:38:37] 🔄 Identity reset
[16:38:37] 🔄 Identity rotated (every 10 requests)
[16:38:38] [381/459] CMMM
[16:38:39] [382/459] AHKT
[16:38:40] [383/459] SIJI
[16:38:41] [384/459] VCEI
[16:38:42] [385/459] SAKR
[16:38:43] [386/459] VSMT
[16:38:44] [387/459] SSCT
[16:38:45] [388/459] USTR
[16:38:46] [389/459] MTKT
[16:38:47] [390/459] TGMP
[16:38:47] 🔄 Identity reset
[16:38:47] 🔄 Identity rotated (every 10 requests)
[16:38:48] [391/459] SIVC
[16:38:48] [392/459] KICT
[16:38:49] [393/459] DAMD
[16:38:50] [394/459] CNPT
[16:38:51] [395/459] RVTT
[16:38:52] [396/459] SNCM
[16:38:53] [397/459] GHTE
[16:38:54] [398/459] PPAM
[16:38:54] [399/459] PVAA
[16:38:55] [400/459] CPAO
[16:38:56] 🔄 Identity reset
[16:38:56] 🔄 Identity rotated (every 10 requests)
[16:38:56] [401/459] HAMD
[16:38:57] [402/459] RCCA
[16:38:58] [403/459] MPCH
[16:38:59] [404/459] ARED
[16:39:00] [405/459] RRCV
[16:39:01] [406/459] MTRB
[16:39:02] [407/459] CKUA
[16:39:03] [408/459] ABMP
[16:39:03] [409/459] RCWA
[16:39:04] [410/459] CGAR
[16:39:05] 🔄 Identity reset
[16:39:05] 🔄 Identity rotated (every 10 requests)
[16:39:05] [411/459] METH
[16:39:07] [412/459] WAGA
[16:39:08] [413/459] MCMA
[16:39:09] [414/459] CSMP
[16:39:10] [415/459] RCNK
[16:39:10] [416/459] PSTM
[16:39:12] [417/459] CSEP
[16:39:13] [418/459] AMGD
[16:39:14] [419/459] CSTE
[16:39:15] [420/459] CONS
[16:39:16] 🔄 Identity reset
[16:39:16] 🔄 Identity rotated (every 10 requests)
[16:39:16] [421/459] APPX
[16:39:17] [422/459] MABC
[16:39:18] [423/459] CXST
[16:39:19] [424/459] MATN
[16:39:20] [425/459] MACZ
[16:39:21] [426/459] MASA
[16:39:22] [427/459] MBSX
[16:39:23] [428/459] CSST
[16:39:23] [429/459] APCL
[16:39:24] [430/459] CGOS
[16:39:25] 🔄 Identity reset
[16:39:25] 🔄 Identity rotated (every 10 requests)
[16:39:25] [431/459] CPEC
[16:39:26] [432/459] MCCP
[16:39:27] [433/459] BSSO
[16:39:28] [434/459] SJKA
[16:39:29] [435/459] CGBO
[16:39:30] [436/459] MVSK
[16:39:30] [437/459] HVCA
[16:39:31] [438/459] NAMD
[16:39:32] [439/459] DEVI
[16:39:34] [440/459] SCSV
[16:39:34] 🔄 Identity reset
[16:39:34] 🔄 Identity rotated (every 10 requests)
[16:39:35] [441/459] PSMA
[16:39:35] [442/459] CLDJ
[16:39:36] [443/459] NMAD
[16:39:37] [444/459] CGMO
[16:39:38] [445/459] MCNA
[16:39:39] [446/459] OCBN
[16:39:41] [447/459] CPEM
[16:39:42] [448/459] CPSM
[16:39:43] [449/459] RCAD
[16:39:44] [450/459] CPMU
[16:39:45] 🔄 Identity reset
[16:39:45] 🔄 Identity rotated (every 10 requests)
[16:39:46] [451/459] DICD
[16:39:47] [452/459] CHOE
[16:39:48] [453/459] PDJM
[16:39:49] [454/459] SSTU
[16:39:50] [455/459] VNRN
[16:39:51] [456/459] PVLG
[16:39:53] [457/459] SWBL
[16:39:55] [458/459] SCAB
[16:39:55] [459/459] RDDA
[16:39:56] 🧹 Deduping shows
[16:39:56] ✅ DONE | Shows=555 | Movies=36
[04:41:37] 🚀 SCRIPT STARTED (enhanced anti‑detection)
[04:41:37] [1/459] MCCZ
[04:41:37] 🧠 New identity created
[04:41:38] 🔄 Retry 1/5 for MCCZ in 2.2s
[04:41:38] 🔄 Identity reset
[04:41:40] 🧠 New identity created
[04:41:40] 🔄 Retry 2/5 for MCCZ in 4.2s
[04:41:40] 🔄 Identity reset
[04:41:44] 🧠 New identity created
[04:41:44] [2/459] FRPU
[04:41:45] [3/459] SKSI
[04:41:46] [4/459] SSCK
[04:41:47] [5/459] SRDC
[04:41:48] [6/459] RSCZ
[04:41:49] [7/459] PRVT
[04:41:50] [8/459] GAGJ
[04:41:51] 🔄 Identity reset
[04:41:51] 🔄 Identity rotated (every 10 requests)
[04:41:51] [9/459] SMHG
[04:41:52] [10/459] JTST
[04:41:53] [11/459] MYTH
[04:41:54] [12/459] JPCC
[04:41:55] [13/459] ACDC
[04:41:56] [14/459] SVFP
[04:41:57] [15/459] SFCM
[04:41:58] [16/459] RUPK
[04:42:00] [17/459] NTCR
[04:42:01] [18/459] RTCH
[04:42:01] 🔄 Identity reset
[04:42:01] 🔄 Identity rotated (every 10 requests)
[04:42:02] [19/459] SCMH
[04:42:02] [20/459] SVYM
[04:42:03] [21/459] SPYM
[04:42:04] [22/459] SMMF
[04:42:05] [23/459] CLLB
[04:42:06] [24/459] FMCB
[04:42:07] [25/459] BBTC
[04:42:08] [26/459] NTHS
[04:42:09] [27/459] PKKJ
[04:42:10] [28/459] MTJA
[04:42:10] 🔄 Identity reset
[04:42:10] 🔄 Identity rotated (every 10 requests)
[04:42:11] [29/459] PMSJ
[04:42:11] [30/459] JMJU
[04:42:12] [31/459] SRAD
[04:42:13] [32/459] MJMC
[04:42:14] [33/459] DFRM
[04:42:15] [34/459] PMRS
[04:42:16] [35/459] RKPP
[04:42:17] [36/459] BMBK
[04:42:18] [37/459] NEWS
[04:42:20] [38/459] SALB
[04:42:20] 🔄 Identity reset
[04:42:20] 🔄 Identity rotated (every 10 requests)
[04:42:21] [39/459] SCPW
[04:42:22] [40/459] RAYL
[04:42:22] [41/459] CMGJ
[04:42:23] [42/459] JRCR
[04:42:24] [43/459] SRTB
[04:42:26] [44/459] ETPB
[04:42:27] [45/459] MXBN
[04:42:28] [46/459] TOPE
[04:42:29] [47/459] SNLJ
[04:42:30] [48/459] CDDP
[04:42:31] 🔄 Identity reset
[04:42:31] 🔄 Identity rotated (every 10 requests)
[04:42:31] [49/459] APCX
[04:42:32] [50/459] TALP
[04:42:33] [51/459] RRMP
[04:42:34] [52/459] MAHB
[04:42:35] [53/459] MTKR
[04:42:36] [54/459] KSKL
[04:42:37] [55/459] RJLT
[04:42:38] [56/459] ATAS
[04:42:39] [57/459] AMHR
[04:42:40] [58/459] RSRM
[04:42:41] 🔄 Identity reset
[04:42:41] 🔄 Identity rotated (every 10 requests)
[04:42:41] [59/459] GCAT
[04:42:42] [60/459] SMML
[04:42:43] [61/459] ACCD
[04:42:44] [62/459] VYDA
[04:42:45] [63/459] MSKT
[04:42:46] [64/459] AVDM
[04:42:48] [65/459] ASMH
[04:42:49] [66/459] VTMB
[04:42:50] [67/459] WVMB
[04:42:51] [68/459] PPMN
[04:42:52] 🔄 Identity reset
[04:42:52] 🔄 Identity rotated (every 10 requests)
[04:42:52] [69/459] MTMD
[04:42:53] [70/459] SMMO
[04:42:54] [71/459] DLPB
[04:42:55] [72/459] AKMD
[04:42:56] [73/459] SHRR
[04:42:57] [74/459] ASCO
[04:42:57] [75/459] CZVX
[04:42:59] [76/459] GCBB
[04:43:00] [77/459] ATBM
[04:43:00] [78/459] TCGM
[04:43:01] 🔄 Identity reset
[04:43:01] 🔄 Identity rotated (every 10 requests)
[04:43:01] 🔄 Retry 1/5 for TCGM in 2.3s
[04:43:01] 🔄 Identity reset
[04:43:03] 🧠 New identity created
[04:43:04] [79/459] UMSE
[04:43:05] [80/459] NKCL
[04:43:06] [81/459] BTLR
[04:43:07] [82/459] GOCL
[04:43:08] [83/459] MIRN
[04:43:08] [84/459] THEC
[04:43:09] [85/459] SPPB
[04:43:10] [86/459] PMMM
[04:43:11] [87/459] GGMC
[04:43:12] 🔄 Identity reset
[04:43:12] 🔄 Identity rotated (every 10 requests)
[04:43:12] [88/459] AVSR
[04:43:13] [89/459] RDMH
[04:43:14] [90/459] JSRS
[04:43:15] [91/459] VKGP
[04:43:16] [92/459] ACRT
[04:43:17] [93/459] GCBA
[04:43:18] [94/459] GTCP
[04:43:19] [95/459] AKFC
[04:43:21] [96/459] INCS
[04:43:22] [97/459] SMCK
[04:43:23] 🔄 Identity reset
[04:43:23] 🔄 Identity rotated (every 10 requests)
[04:43:23] [98/459] BRUN
[04:43:24] [99/459] RPPC
[04:43:25] [100/459] PAYD
[04:43:26] [101/459] SVVT
[04:43:27] [102/459] RNCC
[04:43:28] [103/459] PCRC
[04:43:30] [104/459] PMRM
[04:43:31] [105/459] CCRP
[04:43:31] [106/459] INCR
[04:43:32] [107/459] ZTMP
[04:43:33] 🔄 Identity reset
[04:43:33] 🔄 Identity rotated (every 10 requests)
[04:43:33] [108/459] MCNR
[04:43:34] [109/459] INRP
[04:43:35] [110/459] STRC
[04:43:36] [111/459] RATI
[04:43:37] [112/459] PBTR
[04:43:38] [113/459] CMHP
[04:43:40] [114/459] ZECJ
[04:43:40] [115/459] CCCB
[04:43:42] [116/459] BWCB
[04:43:44] [117/459] CCAT
[04:43:45] 🔄 Identity reset
[04:43:45] 🔄 Identity rotated (every 10 requests)
[04:43:45] 🔄 Retry 1/5 for CCAT in 2.1s
[04:43:45] 🔄 Identity reset
[04:43:47] 🧠 New identity created
[04:43:48] [118/459] KGCM
[04:43:49] [119/459] INPT
[04:43:50] [120/459] FNCO
[04:43:51] [121/459] SRMJ
[04:43:52] [122/459] PFSC
[04:43:53] [123/459] PBMC
[04:43:54] [124/459] KARP
[04:43:55] [125/459] KOVI
[04:43:56] [126/459] ACXL
[04:43:57] 🔄 Identity reset
[04:43:57] 🔄 Identity rotated (every 10 requests)
[04:43:57] [127/459] GKCC
[04:43:58] [128/459] ASCC
[04:43:59] [129/459] SETC
[04:44:00] [130/459] KACC
[04:44:01] [131/459] KAVE
[04:44:02] [132/459] CNTC
[04:44:03] [133/459] MEEN
[04:44:04] [134/459] BMRV
[04:44:04] [135/459] SVAM
[04:44:06] [136/459] VTBP
[04:44:06] 🔄 Identity reset
[04:44:06] 🔄 Identity rotated (every 10 requests)
[04:44:07] [137/459] VCKN
[04:44:08] [138/459] SGTK
[04:44:08] [139/459] RCGS
[04:44:10] [140/459] RCCB
[04:44:10] [141/459] RKSR
[04:44:11] [142/459] RKCU
[04:44:12] [143/459] GIBH
[04:44:13] [144/459] CXBS
[04:44:14] [145/459] GGCB
[04:44:15] [146/459] SCPB
[04:44:16] 🔄 Identity reset
[04:44:16] 🔄 Identity rotated (every 10 requests)
[04:44:16] [147/459] AKTB
[04:44:17] [148/459] SRBU
[04:44:18] [149/459] CSSA
[04:44:19] [150/459] MYAN
[04:44:20] [151/459] EXCA
[04:44:21] [152/459] CKSA
[04:44:23] [153/459] JTNM
[04:44:24] [154/459] CXKT
[04:44:24] [155/459] NCLM
[04:44:25] [156/459] JAAD
[04:44:26] 🔄 Identity reset
[04:44:26] 🔄 Identity rotated (every 10 requests)
[04:44:26] [157/459] RDCR
[04:44:27] [158/459] MEER
[04:44:28] [159/459] SIBT
[04:44:29] [160/459] PVVB
[04:44:30] [161/459] FNPN
[04:44:31] [162/459] CRPX
[04:44:32] [163/459] STET
[04:44:33] [164/459] METE
[04:44:34] [165/459] BJML
[04:44:35] [166/459] MAVT
[04:44:36] 🔄 Identity reset
[04:44:36] 🔄 Identity rotated (every 10 requests)
[04:44:36] [167/459] MSRM
[04:44:37] [168/459] TJMP
[04:44:38] [169/459] MHCK
[04:44:39] [170/459] SVGP
[04:44:40] [171/459] KRRC
[04:44:41] [172/459] IMCH
[04:44:42] [173/459] CMCS
[04:44:43] [174/459] SGND
[04:44:44] [175/459] RNAT
[04:44:44] [176/459] PRTN
[04:44:45] 🔄 Identity reset
[04:44:45] 🔄 Identity rotated (every 10 requests)
[04:44:45] [177/459] MPTN
[04:44:46] [178/459] ARCC
[04:44:47] [179/459] NTTE
[04:44:48] [180/459] ABND
[04:44:49] [181/459] KCSN
[04:44:50] [182/459] KCSA
[04:44:51] [183/459] DCKT
[04:44:52] [184/459] MBBR
[04:44:53] [185/459] RAMU
[04:44:54] [186/459] RACW
[04:44:54] 🔄 Identity reset
[04:44:54] 🔄 Identity rotated (every 10 requests)
[04:44:54] [187/459] MCHP
[04:44:55] [188/459] TMHM
[04:44:56] [189/459] STXH
[04:44:57] [190/459] AGSG
[04:44:58] [191/459] SIRA
[04:44:59] [192/459] RCAN
[04:45:00] [193/459] CWTB
[04:45:01] [194/459] VTYM
[04:45:02] [195/459] RRPP
[04:45:03] [196/459] ASMR
[04:45:03] 🔄 Identity reset
[04:45:03] 🔄 Identity rotated (every 10 requests)
[04:45:04] [197/459] RONO
[04:45:05] [198/459] MEMR
[04:45:06] [199/459] CTMR
[04:45:06] [200/459] PMTT
[04:45:08] [201/459] PSLX
[04:45:09] [202/459] IPPL
[04:45:10] [203/459] MMSG
[04:45:11] [204/459] INEL
[04:45:12] [205/459] COAC
[04:45:13] [206/459] WVLK
[04:45:14] 🔄 Identity reset
[04:45:14] 🔄 Identity rotated (every 10 requests)
[04:45:14] [207/459] PPXL
[04:45:15] [208/459] PSML
[04:45:16] [209/459] FNLK
[04:45:17] [210/459] ILUM
[04:45:18] [211/459] ILCM
[04:45:19] [212/459] MSNL
[04:45:20] [213/459] VINB
[04:45:21] [214/459] SALW
[04:45:22] [215/459] PRTB
[04:45:23] [216/459] NCIL
[04:45:23] 🔄 Identity reset
[04:45:23] 🔄 Identity rotated (every 10 requests)
[04:45:24] [217/459] PSUL
[04:45:25] [218/459] SCLK
[04:45:26] [219/459] ADDC
[04:45:27] [220/459] OACL
[04:45:28] [221/459] OOCF
[04:45:29] [222/459] GPMF
[04:45:30] [223/459] SSDG
[04:45:31] [224/459] SKRS
[04:45:32] [225/459] NTTP
[04:45:33] [226/459] SLTP
[04:45:33] 🔄 Identity reset
[04:45:33] 🔄 Identity rotated (every 10 requests)
[04:45:33] [227/459] JTLC
[04:45:34] [228/459] POON
[04:45:35] [229/459] CCPC
[04:45:36] [230/459] DCKC
[04:45:37] [231/459] CPRT
[04:45:38] [232/459] EYHZ
[04:45:39] [233/459] ARBL
[04:45:40] [234/459] SBTB
[04:45:41] [235/459] MMCK
[04:45:42] [236/459] PLMR
[04:45:42] 🔄 Identity reset
[04:45:42] 🔄 Identity rotated (every 10 requests)
[04:45:43] [237/459] BIJH
[04:45:44] [238/459] SDRT
[04:45:45] [239/459] PRDC
[04:45:47] [240/459] OMJA
[04:45:48] [241/459] VKCR
[04:45:49] [242/459] ATRT
[04:45:50] [243/459] WVRP
[04:45:51] [244/459] MVRP
[04:45:52] [245/459] FCAX
[04:45:53] [246/459] CTLC
[04:45:53] 🔄 Identity reset
[04:45:53] 🔄 Identity rotated (every 10 requests)
[04:45:54] [247/459] JCHB
[04:45:55] [248/459] SELP
[04:45:56] [249/459] VCPG
[04:45:57] [250/459] ASCX
[04:45:57] [251/459] EOCS
[04:45:58] [252/459] RCPH
[04:45:59] [253/459] RJTM
[04:46:00] [254/459] SGMD
[04:46:01] [255/459] SVJT
[04:46:02] [256/459] SPPO
[04:46:03] 🔄 Identity reset
[04:46:03] 🔄 Identity rotated (every 10 requests)
[04:46:03] [257/459] MNRL
[04:46:04] [258/459] KNOX
[04:46:05] [259/459] GIER
[04:46:07] [260/459] PJMS
[04:46:08] [261/459] UNSP
[04:46:09] [262/459] JETP
[04:46:10] [263/459] VTWA
[04:46:10] [264/459] SCJI
[04:46:12] [265/459] CBZZ
[04:46:13] [266/459] SDCJ
[04:46:13] 🔄 Identity reset
[04:46:13] 🔄 Identity rotated (every 10 requests)
[04:46:14] [267/459] RRCC
[04:46:15] [268/459] VNKG
[04:46:15] [269/459] LKTO
[04:46:17] [270/459] PJRM
[04:46:18] [271/459] NVRM
[04:46:19] [272/459] SJCS
[04:46:20] [273/459] VIGK
[04:46:21] [274/459] ANST
[04:46:23] [275/459] JTTS
[04:46:23] [276/459] NTST
[04:46:24] 🔄 Identity reset
[04:46:24] 🔄 Identity rotated (every 10 requests)
[04:46:24] [277/459] PREB
[04:46:25] [278/459] TSCZ
[04:46:26] [279/459] CDCM
[04:46:27] [280/459] ELYE
[04:46:29] [281/459] INBS
[04:46:30] [282/459] SMGC
[04:46:31] [283/459] UTMP
[04:46:31] [284/459] INTA
[04:46:32] [285/459] OMPT
[04:46:33] [286/459] SCIR
[04:46:34] 🔄 Identity reset
[04:46:34] 🔄 Identity rotated (every 10 requests)
[04:46:34] [287/459] GCKJ
[04:46:36] [288/459] INOG
[04:46:38] [289/459] SMGB
[04:46:39] [290/459] MCSG
[04:46:40] [291/459] STKG
[04:46:41] [292/459] TTKG
[04:46:42] [293/459] SRTR
[04:46:43] [294/459] ETTR
[04:46:44] [295/459] GGGZ
[04:46:46] [296/459] IPGM
[04:46:47] 🔄 Identity reset
[04:46:47] 🔄 Identity rotated (every 10 requests)
[04:46:47] [297/459] FCDH
[04:46:48] [298/459] DESB
[04:46:49] [299/459] VNTP
[04:46:50] [300/459] ANNT
[04:46:51] [301/459] SLTI
[04:46:52] [302/459] MAJU
[04:46:53] [303/459] JCXP
[04:46:54] [304/459] HARK
[04:46:54] [305/459] JPCJ
[04:46:56] [306/459] RXBD
[04:46:57] 🔄 Identity reset
[04:46:57] 🔄 Identity rotated (every 10 requests)
[04:46:57] [307/459] PTKJ
[04:46:58] [308/459] CMTU
[04:46:59] [309/459] SWOR
[04:47:01] [310/459] JMEX
[04:47:01] [311/459] DTPT
[04:47:02] [312/459] VGMM
[04:47:03] [313/459] VCSG
[04:47:04] [314/459] CVCG
[04:47:06] [315/459] TNTT
[04:47:07] [316/459] SHRM
[04:47:07] 🔄 Identity reset
[04:47:07] 🔄 Identity rotated (every 10 requests)
[04:47:08] [317/459] CGKD
[04:47:09] [318/459] EKCM
[04:47:10] [319/459] SDCX
[04:47:11] [320/459] SBTE
[04:47:12] [321/459] STKJ
[04:47:13] [322/459] TPCE
[04:47:14] [323/459] JTNP
[04:47:15] [324/459] LPCH
[04:47:16] [325/459] CPUO
[04:47:17] [326/459] APSU
[04:47:18] 🔄 Identity reset
[04:47:18] 🔄 Identity rotated (every 10 requests)
[04:47:18] [327/459] RTHC
[04:47:19] [328/459] PTBU
[04:47:20] [329/459] CUCC
[04:47:21] [330/459] CPSA
[04:47:22] [331/459] SUAY
[04:47:23] [332/459] AYAA
[04:47:24] [333/459] MUCH
[04:47:25] [334/459] PCIN
[04:47:26] [335/459] JRRM
[04:47:27] [336/459] KATS
[04:47:27] 🔄 Identity reset
[04:47:27] 🔄 Identity rotated (every 10 requests)
[04:47:27] 🔄 Retry 1/5 for KATS in 3.0s
[04:47:27] 🔄 Identity reset
[04:47:30] 🧠 New identity created
[04:47:30] 🔄 Retry 2/5 for KATS in 4.8s
[04:47:30] 🔄 Identity reset
[04:47:35] 🧠 New identity created
[04:47:36] [337/459] MHFF
[04:47:37] [338/459] ESYM
[04:47:38] [339/459] STYV
[04:47:39] [340/459] SDKG
[04:47:40] [341/459] SMTI
[04:47:41] [342/459] NYCS
[04:47:41] [343/459] MTBG
[04:47:42] [344/459] RHCA
[04:47:43] 🔄 Identity reset
[04:47:43] 🔄 Identity rotated (every 10 requests)
[04:47:43] [345/459] PCKH
[04:47:44] [346/459] ARCR
[04:47:45] [347/459] NCMB
[04:47:46] [348/459] SHYC
[04:47:47] [349/459] LACK
[04:47:48] [350/459] MTCM
[04:47:49] [351/459] RRBN
[04:47:50] [352/459] MYDC
[04:47:51] [353/459] STCS
[04:47:52] [354/459] CONN
[04:47:53] 🔄 Identity reset
[04:47:53] 🔄 Identity rotated (every 10 requests)
[04:47:54] [355/459] SIPS
[04:47:54] [356/459] SMMX
[04:47:55] [357/459] SCBY
[04:47:56] [358/459] SUAP
[04:47:57] [359/459] RSMK
[04:47:58] [360/459] STKP
[04:47:59] [361/459] CIPC
[04:48:00] [362/459] KKCI
[04:48:01] [363/459] CTNK
[04:48:03] [364/459] MMTZ
[04:48:03] 🔄 Identity reset
[04:48:03] 🔄 Identity rotated (every 10 requests)
[04:48:03] [365/459] DCCO
[04:48:04] [366/459] VNMN
[04:48:05] [367/459] RLCN
[04:48:06] [368/459] CMMS
[04:48:07] [369/459] AYOU
[04:48:08] [370/459] SSCN
[04:48:09] [371/459] SMXN
[04:48:10] [372/459] ASSK
[04:48:11] [373/459] VCKM
[04:48:12] [374/459] PCPH
[04:48:12] 🔄 Identity reset
[04:48:12] 🔄 Identity rotated (every 10 requests)
[04:48:13] [375/459] PADM
[04:48:14] [376/459] IESA
[04:48:15] [377/459] VCSP
[04:48:16] [378/459] AEST
[04:48:17] [379/459] VTNR
[04:48:18] [380/459] GTTA
[04:48:19] [381/459] CMMM
[04:48:20] [382/459] AHKT
[04:48:21] [383/459] SIJI
[04:48:22] [384/459] VCEI
[04:48:22] 🔄 Identity reset
[04:48:22] 🔄 Identity rotated (every 10 requests)
[04:48:23] [385/459] SAKR
[04:48:24] [386/459] VSMT
[04:48:24] [387/459] SSCT
[04:48:25] [388/459] USTR
[04:48:26] [389/459] MTKT
[04:48:27] [390/459] TGMP
[04:48:28] [391/459] SIVC
[04:48:29] [392/459] KICT
[04:48:30] [393/459] DAMD
[04:48:31] [394/459] CNPT
[04:48:31] 🔄 Identity reset
[04:48:31] 🔄 Identity rotated (every 10 requests)
[04:48:31] 🔄 Retry 1/5 for CNPT in 2.2s
[04:48:31] 🔄 Identity reset
[04:48:34] 🧠 New identity created
[04:48:34] [395/459] RVTT
[04:48:35] [396/459] SNCM
[04:48:36] [397/459] GHTE
[04:48:37] [398/459] PPAM
[04:48:38] [399/459] PVAA
[04:48:39] [400/459] CPAO
[04:48:40] [401/459] HAMD
[04:48:41] [402/459] RCCA
[04:48:42] [403/459] MPCH
[04:48:43] 🔄 Identity reset
[04:48:43] 🔄 Identity rotated (every 10 requests)
[04:48:43] [404/459] ARED
[04:48:44] [405/459] RRCV
[04:48:45] [406/459] MTRB
[04:48:46] [407/459] CKUA
[04:48:47] [408/459] ABMP
[04:48:48] [409/459] RCWA
[04:48:49] [410/459] CGAR
[04:48:50] [411/459] METH
[04:48:51] [412/459] WAGA
[04:48:52] [413/459] MCMA
[04:48:53] 🔄 Identity reset
[04:48:53] 🔄 Identity rotated (every 10 requests)
[04:48:53] [414/459] CSMP
[04:48:54] [415/459] RCNK
[04:48:56] [416/459] PSTM
[04:48:57] [417/459] CSEP
[04:48:58] [418/459] AMGD
[04:48:59] [419/459] CSTE
[04:49:00] [420/459] CONS
[04:49:01] [421/459] APPX
[04:49:02] [422/459] MABC
[04:49:04] [423/459] CXST
[04:49:04] 🔄 Identity reset
[04:49:04] 🔄 Identity rotated (every 10 requests)
[04:49:05] [424/459] MATN
[04:49:06] [425/459] MACZ
[04:49:07] [426/459] MASA
[04:49:08] [427/459] MBSX
[04:49:09] [428/459] CSST
[04:49:10] [429/459] APCL
[04:49:11] [430/459] CGOS
[04:49:12] [431/459] CPEC
[04:49:13] [432/459] MCCP
[04:49:13] [433/459] BSSO
[04:49:14] 🔄 Identity reset
[04:49:14] 🔄 Identity rotated (every 10 requests)
[04:49:14] [434/459] SJKA
[04:49:16] [435/459] CGBO
[04:49:17] [436/459] MVSK
[04:49:17] [437/459] HVCA
[04:49:18] [438/459] NAMD
[04:49:19] [439/459] DEVI
[04:49:20] [440/459] SCSV
[04:49:21] [441/459] PSMA
[04:49:23] [442/459] CLDJ
[04:49:24] [443/459] NMAD
[04:49:24] 🔄 Identity reset
[04:49:24] 🔄 Identity rotated (every 10 requests)
[04:49:24] [444/459] CGMO
[04:49:25] [445/459] MCNA
[04:49:26] [446/459] OCBN
[04:49:27] [447/459] CPEM
[04:49:28] [448/459] CPSM
[04:49:29] [449/459] RCAD
[04:49:30] [450/459] CPMU
[04:49:31] [451/459] DICD
[04:49:32] [452/459] CHOE
[04:49:33] [453/459] PDJM
[04:49:34] 🔄 Identity reset
[04:49:34] 🔄 Identity rotated (every 10 requests)
[04:49:34] [454/459] SSTU
[04:49:35] [455/459] VNRN
[04:49:36] [456/459] PVLG
[04:49:38] [457/459] SWBL
[04:49:39] [458/459] SCAB
[04:49:39] [459/459] RDDA
[04:49:40] 🧹 Deduping shows
[04:49:40] ✅ DONE | Shows=670 | Movies=40
[21:42:27] 🚀 SCRIPT STARTED (enhanced anti‑detection)
[21:42:27] [1/459] MCCZ
[21:42:28] 🧠 New identity created
[21:42:28] [2/459] FRPU
[21:42:29] [3/459] SKSI
[21:42:30] [4/459] SSCK
[21:42:31] [5/459] SRDC
[21:42:32] [6/459] RSCZ
[21:42:33] [7/459] PRVT
[21:42:34] [8/459] GAGJ
[21:42:35] [9/459] SMHG
[21:42:36] [10/459] JTST
[21:42:36] 🔄 Identity reset
[21:42:36] 🔄 Identity rotated (every 10 requests)
[21:42:37] [11/459] MYTH
[21:42:37] [12/459] JPCC
[21:42:38] [13/459] ACDC
[21:42:40] [14/459] SVFP
[21:42:41] [15/459] SFCM
[21:42:42] [16/459] RUPK
[21:42:43] [17/459] NTCR
[21:42:44] [18/459] RTCH
[21:42:45] [19/459] SCMH
[21:42:45] [20/459] SVYM
[21:42:46] 🔄 Identity reset
[21:42:46] 🔄 Identity rotated (every 10 requests)
[21:42:46] [21/459] SPYM
[21:42:47] [22/459] SMMF
[21:42:48] [23/459] CLLB
[21:42:49] [24/459] FMCB
[21:42:50] [25/459] BBTC
[21:42:52] [26/459] NTHS
[21:42:53] [27/459] PKKJ
[21:42:53] [28/459] MTJA
[21:42:55] [29/459] PMSJ
[21:42:56] [30/459] JMJU
[21:42:57] 🔄 Identity reset
[21:42:57] 🔄 Identity rotated (every 10 requests)
[21:42:58] [31/459] SRAD
[21:42:59] [32/459] MJMC
[21:43:00] [33/459] DFRM
[21:43:01] [34/459] PMRS
[21:43:02] [35/459] RKPP
[21:43:03] [36/459] BMBK
[21:43:04] [37/459] NEWS
[21:43:05] [38/459] SALB
[21:43:06] [39/459] SCPW
[21:43:07] [40/459] RAYL
[21:43:08] 🔄 Identity reset
[21:43:08] 🔄 Identity rotated (every 10 requests)
[21:43:08] [41/459] CMGJ
[21:43:09] [42/459] JRCR
[21:43:10] [43/459] SRTB
[21:43:11] [44/459] ETPB
[21:43:12] [45/459] MXBN
[21:43:13] [46/459] TOPE
[21:43:14] [47/459] SNLJ
[21:43:15] [48/459] CDDP
[21:43:16] [49/459] APCX
[21:43:16] [50/459] TALP
[21:43:17] 🔄 Identity reset
[21:43:17] 🔄 Identity rotated (every 10 requests)
[21:43:17] [51/459] RRMP
[21:43:18] [52/459] MAHB
[21:43:19] [53/459] MTKR
[21:43:20] [54/459] KSKL
[21:43:21] [55/459] RJLT
[21:43:22] [56/459] ATAS
[21:43:23] [57/459] AMHR
[21:43:24] [58/459] RSRM
[21:43:25] [59/459] GCAT
[21:43:27] [60/459] SMML
[21:43:27] 🔄 Identity reset
[21:43:27] 🔄 Identity rotated (every 10 requests)
[21:43:28] [61/459] ACCD
[21:43:29] [62/459] VYDA
[21:43:31] [63/459] MSKT
[21:43:32] [64/459] AVDM
[21:43:33] [65/459] ASMH
[21:43:34] [66/459] VTMB
[21:43:36] [67/459] WVMB
[21:43:37] [68/459] PPMN
[21:43:37] [69/459] MTMD
[21:43:38] [70/459] SMMO
[21:43:39] 🔄 Identity reset
[21:43:39] 🔄 Identity rotated (every 10 requests)
[21:43:40] [71/459] DLPB
[21:43:41] [72/459] AKMD
[21:43:42] [73/459] SHRR
[21:43:43] [74/459] ASCO
[21:43:44] [75/459] CZVX
[21:43:44] [76/459] GCBB
[21:43:45] [77/459] ATBM
[21:43:46] [78/459] TCGM
[21:43:47] [79/459] UMSE
[21:43:48] [80/459] NKCL
[21:43:48] 🔄 Identity reset
[21:43:49] 🔄 Identity rotated (every 10 requests)
[21:43:49] [81/459] BTLR
[21:43:50] [82/459] GOCL
[21:43:51] [83/459] MIRN
[21:43:52] [84/459] THEC
[21:43:53] [85/459] SPPB
[21:43:54] [86/459] PMMM
[21:43:55] [87/459] GGMC
[21:43:57] [88/459] AVSR
[21:43:58] [89/459] RDMH
[21:43:58] [90/459] JSRS
[21:43:59] 🔄 Identity reset
[21:43:59] 🔄 Identity rotated (every 10 requests)
[21:44:00] [91/459] VKGP
[21:44:00] [92/459] ACRT
[21:44:01] [93/459] GCBA
[21:44:02] [94/459] GTCP
[21:44:04] [95/459] AKFC
[21:44:05] [96/459] INCS
[21:44:06] [97/459] SMCK
[21:44:07] [98/459] BRUN
[21:44:08] [99/459] RPPC
[21:44:08] [100/459] PAYD
[21:44:09] 🔄 Identity reset
[21:44:09] 🔄 Identity rotated (every 10 requests)
[21:44:09] [101/459] SVVT
[21:44:10] [102/459] RNCC
[21:44:11] [103/459] PCRC
[21:44:13] [104/459] PMRM
[21:44:14] [105/459] CCRP
[21:44:15] [106/459] INCR
[21:44:16] [107/459] ZTMP
[21:44:17] [108/459] MCNR
[21:44:19] [109/459] INRP
[21:44:19] [110/459] STRC
[21:44:20] 🔄 Identity reset
[21:44:20] 🔄 Identity rotated (every 10 requests)
[21:44:20] [111/459] RATI
[21:44:21] [112/459] PBTR
[21:44:23] [113/459] CMHP
[21:44:24] [114/459] ZECJ
[21:44:25] [115/459] CCCB
[21:44:26] [116/459] BWCB
[21:44:27] [117/459] CCAT
[21:44:27] [118/459] KGCM
[21:44:28] [119/459] INPT
[21:44:29] [120/459] FNCO
[21:44:30] 🔄 Identity reset
[21:44:30] 🔄 Identity rotated (every 10 requests)
[21:44:30] [121/459] SRMJ
[21:44:31] [122/459] PFSC
[21:44:32] [123/459] PBMC
[21:44:33] [124/459] KARP
[21:44:34] [125/459] KOVI
[21:44:34] [126/459] ACXL
[21:44:35] [127/459] GKCC
[21:44:36] [128/459] ASCC
[21:44:37] [129/459] SETC
[21:44:38] [130/459] KACC
[21:44:39] 🔄 Identity reset
[21:44:39] 🔄 Identity rotated (every 10 requests)
[21:44:39] [131/459] KAVE
[21:44:40] [132/459] CNTC
[21:44:41] [133/459] MEEN
[21:44:43] [134/459] BMRV
[21:44:43] [135/459] SVAM
[21:44:44] [136/459] VTBP
[21:44:46] [137/459] VCKN
[21:44:47] [138/459] SGTK
[21:44:48] [139/459] RCGS
[21:44:49] [140/459] RCCB
[21:44:50] 🔄 Identity reset
[21:44:50] 🔄 Identity rotated (every 10 requests)
[21:44:50] [141/459] RKSR
[21:44:51] [142/459] RKCU
[21:44:52] [143/459] GIBH
[21:44:53] [144/459] CXBS
[21:44:54] [145/459] GGCB
[21:44:55] [146/459] SCPB
[21:44:55] [147/459] AKTB
[21:44:56] [148/459] SRBU
[21:44:57] [149/459] CSSA
[21:44:58] [150/459] MYAN
[21:44:59] 🔄 Identity reset
[21:44:59] 🔄 Identity rotated (every 10 requests)
[21:45:00] [151/459] EXCA
[21:45:01] [152/459] CKSA
[21:45:02] [153/459] JTNM
[21:45:03] [154/459] CXKT
[21:45:04] [155/459] NCLM
[21:45:05] [156/459] JAAD
[21:45:06] [157/459] RDCR
[21:45:07] [158/459] MEER
[21:45:08] [159/459] SIBT
[21:45:09] [160/459] PVVB
[21:45:10] 🔄 Identity reset
[21:45:10] 🔄 Identity rotated (every 10 requests)
[21:45:10] [161/459] FNPN
[21:45:11] [162/459] CRPX
[21:45:13] [163/459] STET
[21:45:14] [164/459] METE
[21:45:15] [165/459] BJML
[21:45:15] [166/459] MAVT
[21:45:16] [167/459] MSRM
[21:45:17] [168/459] TJMP
[21:45:18] [169/459] MHCK
[21:45:19] [170/459] SVGP
[21:45:20] 🔄 Identity reset
[21:45:20] 🔄 Identity rotated (every 10 requests)
[21:45:20] [171/459] KRRC
[21:45:21] [172/459] IMCH
[21:45:23] [173/459] CMCS
[21:45:24] [174/459] SGND
[21:45:25] [175/459] RNAT
[21:45:26] [176/459] PRTN
[21:45:28] [177/459] MPTN
[21:45:29] [178/459] ARCC
[21:45:30] [179/459] NTTE
[21:45:32] [180/459] ABND
[21:45:32] 🔄 Identity reset
[21:45:32] 🔄 Identity rotated (every 10 requests)
[21:45:32] [181/459] KCSN
[21:45:33] [182/459] KCSA
[21:45:35] [183/459] DCKT
[21:45:35] [184/459] MBBR
[21:45:36] [185/459] RAMU
[21:45:37] [186/459] RACW
[21:45:38] [187/459] MCHP
[21:45:39] [188/459] TMHM
[21:45:40] [189/459] STXH
[21:45:41] [190/459] AGSG
[21:45:42] 🔄 Identity reset
[21:45:42] 🔄 Identity rotated (every 10 requests)
[21:45:42] [191/459] SIRA
[21:45:43] [192/459] RCAN
[21:45:44] [193/459] CWTB
[21:45:45] [194/459] VTYM
[21:45:47] [195/459] RRPP
[21:45:48] [196/459] ASMR
[21:45:49] [197/459] RONO
[21:45:50] [198/459] MEMR
[21:45:51] [199/459] CTMR
[21:45:51] [200/459] PMTT
[21:45:52] 🔄 Identity reset
[21:45:52] 🔄 Identity rotated (every 10 requests)
[21:45:52] [201/459] PSLX
[21:45:53] [202/459] IPPL
[21:45:54] [203/459] MMSG
[21:45:55] [204/459] INEL
[21:45:56] [205/459] COAC
[21:45:57] [206/459] WVLK
[21:45:57] [207/459] PPXL
[21:45:59] [208/459] PSML
[21:46:01] [209/459] FNLK
[21:46:02] [210/459] ILUM
[21:46:02] 🔄 Identity reset
[21:46:02] 🔄 Identity rotated (every 10 requests)
[21:46:03] [211/459] ILCM
[21:46:04] [212/459] MSNL
[21:46:05] [213/459] VINB
[21:46:06] [214/459] SALW
[21:46:07] [215/459] PRTB
[21:46:08] [216/459] NCIL
[21:46:09] [217/459] PSUL
[21:46:10] [218/459] SCLK
[21:46:10] [219/459] ADDC
[21:46:11] [220/459] OACL
[21:46:12] 🔄 Identity reset
[21:46:12] 🔄 Identity rotated (every 10 requests)
[21:46:13] [221/459] OOCF
[21:46:14] [222/459] GPMF
[21:46:15] [223/459] SSDG
[21:46:16] [224/459] SKRS
[21:46:18] [225/459] NTTP
[21:46:19] [226/459] SLTP
[21:46:20] [227/459] JTLC
[21:46:21] [228/459] POON
[21:46:22] [229/459] CCPC
[21:46:23] [230/459] DCKC
[21:46:23] 🔄 Identity reset
[21:46:23] 🔄 Identity rotated (every 10 requests)
[21:46:24] [231/459] CPRT
[21:46:25] [232/459] EYHZ
[21:46:25] [233/459] ARBL
[21:46:26] [234/459] SBTB
[21:46:27] [235/459] MMCK
[21:46:28] [236/459] PLMR
[21:46:29] [237/459] BIJH
[21:46:30] [238/459] SDRT
[21:46:31] [239/459] PRDC
[21:46:32] [240/459] OMJA
[21:46:33] 🔄 Identity reset
[21:46:33] 🔄 Identity rotated (every 10 requests)
[21:46:33] [241/459] VKCR
[21:46:34] [242/459] ATRT
[21:46:35] [243/459] WVRP
[21:46:36] [244/459] MVRP
[21:46:37] [245/459] FCAX
[21:46:37] [246/459] CTLC
[21:46:38] [247/459] JCHB
[21:46:39] [248/459] SELP
[21:46:40] [249/459] VCPG
[21:46:41] [250/459] ASCX
[21:46:42] 🔄 Identity reset
[21:46:42] 🔄 Identity rotated (every 10 requests)
[21:46:42] [251/459] EOCS
[21:46:43] [252/459] RCPH
[21:46:44] [253/459] RJTM
[21:46:46] [254/459] SGMD
[21:46:46] [255/459] SVJT
[21:46:47] [256/459] SPPO
[21:46:48] [257/459] MNRL
[21:46:49] [258/459] KNOX
[21:46:50] [259/459] GIER
[21:46:52] [260/459] PJMS
[21:46:52] 🔄 Identity reset
[21:46:52] 🔄 Identity rotated (every 10 requests)
[21:46:53] [261/459] UNSP
[21:46:54] [262/459] JETP
[21:46:55] [263/459] VTWA
[21:46:56] [264/459] SCJI
[21:46:57] [265/459] CBZZ
[21:46:58] [266/459] SDCJ
[21:46:58] [267/459] RRCC
[21:46:59] [268/459] VNKG
[21:47:00] [269/459] LKTO
[21:47:01] [270/459] PJRM
[21:47:02] 🔄 Identity reset
[21:47:02] 🔄 Identity rotated (every 10 requests)
[21:47:03] [271/459] NVRM
[21:47:04] [272/459] SJCS
[21:47:05] [273/459] VIGK
[21:47:06] [274/459] ANST
[21:47:07] [275/459] JTTS
[21:47:08] [276/459] NTST
[21:47:09] [277/459] PREB
[21:47:10] [278/459] TSCZ
[21:47:11] [279/459] CDCM
[21:47:12] [280/459] ELYE
[21:47:13] 🔄 Identity reset
[21:47:13] 🔄 Identity rotated (every 10 requests)
[21:47:13] [281/459] INBS
[21:47:14] [282/459] SMGC
[21:47:15] [283/459] UTMP
[21:47:16] [284/459] INTA
[21:47:17] [285/459] OMPT
[21:47:18] [286/459] SCIR
[21:47:19] [287/459] GCKJ
[21:47:20] [288/459] INOG
[21:47:21] [289/459] SMGB
[21:47:22] [290/459] MCSG
[21:47:22] 🔄 Identity reset
[21:47:22] 🔄 Identity rotated (every 10 requests)
[21:47:23] [291/459] STKG
[21:47:24] [292/459] TTKG
[21:47:25] [293/459] SRTR
[21:47:25] [294/459] ETTR
[21:47:26] [295/459] GGGZ
[21:47:27] [296/459] IPGM
[21:47:28] [297/459] FCDH
[21:47:29] [298/459] DESB
[21:47:30] [299/459] VNTP
[21:47:31] [300/459] ANNT
[21:47:31] 🔄 Identity reset
[21:47:31] 🔄 Identity rotated (every 10 requests)
[21:47:32] [301/459] SLTI
[21:47:33] [302/459] MAJU
[21:47:34] [303/459] JCXP
[21:47:35] [304/459] HARK
[21:47:36] [305/459] JPCJ
[21:47:36] [306/459] RXBD
[21:47:37] [307/459] PTKJ
[21:47:38] [308/459] CMTU
[21:47:39] [309/459] SWOR
[21:47:40] [310/459] JMEX
[21:47:41] 🔄 Identity reset
[21:47:41] 🔄 Identity rotated (every 10 requests)
[21:47:41] [311/459] DTPT
[21:47:42] [312/459] VGMM
[21:47:43] [313/459] VCSG
[21:47:44] [314/459] CVCG
[21:47:45] [315/459] TNTT
[21:47:46] [316/459] SHRM
[21:47:47] [317/459] CGKD
[21:47:48] [318/459] EKCM
[21:47:49] [319/459] SDCX
[21:47:50] [320/459] SBTE
[21:47:50] 🔄 Identity reset
[21:47:50] 🔄 Identity rotated (every 10 requests)
[21:47:50] [321/459] STKJ
[21:47:51] [322/459] TPCE
[21:47:52] [323/459] JTNP
[21:47:53] [324/459] LPCH
[21:47:54] [325/459] CPUO
[21:47:55] [326/459] APSU
[21:47:56] [327/459] RTHC
[21:47:57] [328/459] PTBU
[21:47:58] [329/459] CUCC
[21:47:59] [330/459] CPSA
[21:48:00] 🔄 Identity reset
[21:48:00] 🔄 Identity rotated (every 10 requests)
[21:48:00] 🔄 Retry 1/5 for CPSA in 2.9s
[21:48:00] 🔄 Identity reset
[21:48:03] 🧠 New identity created
[21:48:03] [331/459] SUAY
[21:48:04] [332/459] AYAA
[21:48:05] [333/459] MUCH
[21:48:06] [334/459] PCIN
[21:48:07] [335/459] JRRM
[21:48:09] [336/459] KATS
[21:48:10] [337/459] MHFF
[21:48:10] [338/459] ESYM
[21:48:11] [339/459] STYV
[21:48:12] 🔄 Identity reset
[21:48:12] 🔄 Identity rotated (every 10 requests)
[21:48:12] [340/459] SDKG
[21:48:13] [341/459] SMTI
[21:48:14] [342/459] NYCS
[21:48:15] [343/459] MTBG
[21:48:17] [344/459] RHCA
[21:48:17] [345/459] PCKH
[21:48:18] [346/459] ARCR
[21:48:19] [347/459] NCMB
[21:48:20] [348/459] SHYC
[21:48:21] [349/459] LACK
[21:48:22] 🔄 Identity reset
[21:48:22] 🔄 Identity rotated (every 10 requests)
[21:48:22] [350/459] MTCM
[21:48:23] [351/459] RRBN
[21:48:25] [352/459] MYDC
[21:48:26] [353/459] STCS
[21:48:26] [354/459] CONN
[21:48:27] [355/459] SIPS
[21:48:28] [356/459] SMMX
[21:48:30] [357/459] SCBY
[21:48:31] [358/459] SUAP
[21:48:32] [359/459] RSMK
[21:48:32] 🔄 Identity reset
[21:48:32] 🔄 Identity rotated (every 10 requests)
[21:48:33] [360/459] STKP
[21:48:34] [361/459] CIPC
[21:48:34] [362/459] KKCI
[21:48:35] [363/459] CTNK
[21:48:36] [364/459] MMTZ
[21:48:37] [365/459] DCCO
[21:48:38] [366/459] VNMN
[21:48:39] [367/459] RLCN
[21:48:40] [368/459] CMMS
[21:48:41] [369/459] AYOU
[21:48:42] 🔄 Identity reset
[21:48:42] 🔄 Identity rotated (every 10 requests)
[21:48:42] [370/459] SSCN
[21:48:43] [371/459] SMXN
[21:48:44] [372/459] ASSK
[21:48:45] [373/459] VCKM
[21:48:46] [374/459] PCPH
[21:48:47] [375/459] PADM
[21:48:48] [376/459] IESA
[21:48:48] [377/459] VCSP
[21:48:49] [378/459] AEST
[21:48:50] [379/459] VTNR
[21:48:51] 🔄 Identity reset
[21:48:51] 🔄 Identity rotated (every 10 requests)
[21:48:51] [380/459] GTTA
[21:48:52] [381/459] CMMM
[21:48:53] [382/459] AHKT
[21:48:54] [383/459] SIJI
[21:48:55] [384/459] VCEI
[21:48:56] [385/459] SAKR
[21:48:56] [386/459] VSMT
[21:48:57] [387/459] SSCT
[21:48:59] [388/459] USTR
[21:49:00] [389/459] MTKT
[21:49:01] 🔄 Identity reset
[21:49:01] 🔄 Identity rotated (every 10 requests)
[21:49:01] [390/459] TGMP
[21:49:02] [391/459] SIVC
[21:49:03] [392/459] KICT
[21:49:04] [393/459] DAMD
[21:49:05] [394/459] CNPT
[21:49:06] [395/459] RVTT
[21:49:07] [396/459] SNCM
[21:49:08] [397/459] GHTE
[21:49:09] [398/459] PPAM
[21:49:10] [399/459] PVAA
[21:49:10] 🔄 Identity reset
[21:49:10] 🔄 Identity rotated (every 10 requests)
[21:49:11] [400/459] CPAO
[21:49:12] [401/459] HAMD
[21:49:12] [402/459] RCCA
[21:49:13] [403/459] MPCH
[21:49:14] [404/459] ARED
[21:49:15] [405/459] RRCV
[21:49:16] [406/459] MTRB
[21:49:17] [407/459] CKUA
[21:49:18] [408/459] ABMP
[21:49:20] [409/459] RCWA
[21:49:20] 🔄 Identity reset
[21:49:21] 🔄 Identity rotated (every 10 requests)
[21:49:21] [410/459] CGAR
[21:49:22] [411/459] METH
[21:49:23] [412/459] WAGA
[21:49:24] [413/459] MCMA
[21:49:25] [414/459] CSMP
[21:49:25] [415/459] RCNK
[21:49:26] [416/459] PSTM
[21:49:28] [417/459] CSEP
[21:49:28] [418/459] AMGD
[21:49:29] [419/459] CSTE
[21:49:30] 🔄 Identity reset
[21:49:30] 🔄 Identity rotated (every 10 requests)
[21:49:30] [420/459] CONS
[21:49:31] [421/459] APPX
[21:49:32] [422/459] MABC
[21:49:33] [423/459] CXST
[21:49:34] [424/459] MATN
[21:49:35] [425/459] MACZ
[21:49:36] [426/459] MASA
[21:49:37] [427/459] MBSX
[21:49:37] [428/459] CSST
[21:49:38] [429/459] APCL
[21:49:39] 🔄 Identity reset
[21:49:39] 🔄 Identity rotated (every 10 requests)
[21:49:39] [430/459] CGOS
[21:49:40] [431/459] CPEC
[21:49:41] [432/459] MCCP
[21:49:42] [433/459] BSSO
[21:49:43] [434/459] SJKA
[21:49:44] [435/459] CGBO
[21:49:45] [436/459] MVSK
[21:49:46] [437/459] HVCA
[21:49:46] [438/459] NAMD
[21:49:47] [439/459] DEVI
[21:49:48] 🔄 Identity reset
[21:49:48] 🔄 Identity rotated (every 10 requests)
[21:49:49] [440/459] SCSV
[21:49:50] [441/459] PSMA
[21:49:51] [442/459] CLDJ
[21:49:53] [443/459] NMAD
[21:49:54] [444/459] CGMO
[21:49:55] [445/459] MCNA
[21:49:56] [446/459] OCBN
[21:49:56] [447/459] CPEM
[21:49:57] [448/459] CPSM
[21:49:58] [449/459] RCAD
[21:49:59] 🔄 Identity reset
[21:49:59] 🔄 Identity rotated (every 10 requests)
[21:49:59] [450/459] CPMU
[21:50:00] [451/459] DICD
[21:50:01] [452/459] CHOE
[21:50:02] [453/459] PDJM
[21:50:03] [454/459] SSTU
[21:50:04] [455/459] VNRN
[21:50:05] [456/459] PVLG
[21:50:06] [457/459] SWBL
[21:50:07] [458/459] SCAB
[21:50:08] [459/459] RDDA
[21:50:08] 🔄 Identity reset
[21:50:08] 🔄 Identity rotated (every 10 requests)
[21:50:09] 🧹 Deduping shows
[21:50:09] ✅ DONE | Shows=771 | Movies=47
[04:28:11] 🚀 SCRIPT STARTED (enhanced anti‑detection)
[04:28:11] [1/459] MCCZ
[04:28:12] 🧠 New identity created
[04:28:12] [2/459] FRPU
[04:28:13] [3/459] SKSI
[04:28:14] [4/459] SSCK
[04:28:15] [5/459] SRDC
[04:28:16] [6/459] RSCZ
[04:28:17] [7/459] PRVT
[04:28:18] [8/459] GAGJ
[04:28:19] [9/459] SMHG
[04:28:19] [10/459] JTST
[04:28:20] 🔄 Identity reset
[04:28:20] 🔄 Identity rotated (every 10 requests)
[04:28:20] [11/459] MYTH
[04:28:21] [12/459] JPCC
[04:28:22] [13/459] ACDC
[04:28:23] [14/459] SVFP
[04:28:24] [15/459] SFCM
[04:28:25] [16/459] RUPK
[04:28:26] [17/459] NTCR
[04:28:27] [18/459] RTCH
[04:28:28] [19/459] SCMH
[04:28:29] [20/459] SVYM
[04:28:29] 🔄 Identity reset
[04:28:29] 🔄 Identity rotated (every 10 requests)
[04:28:30] [21/459] SPYM
[04:28:31] [22/459] SMMF
[04:28:32] [23/459] CLLB
[04:28:33] [24/459] FMCB
[04:28:34] [25/459] BBTC
[04:28:35] [26/459] NTHS
[04:28:36] [27/459] PKKJ
[04:28:38] [28/459] MTJA
[04:28:39] [29/459] PMSJ
[04:28:40] [30/459] JMJU
[04:28:41] 🔄 Identity reset
[04:28:41] 🔄 Identity rotated (every 10 requests)
[04:28:41] [31/459] SRAD
[04:28:42] [32/459] MJMC
[04:28:44] [33/459] DFRM
[04:28:45] [34/459] PMRS
[04:28:46] [35/459] RKPP
[04:28:47] [36/459] BMBK
[04:28:48] [37/459] NEWS
[04:28:49] [38/459] SALB
[04:28:50] [39/459] SCPW
[04:28:51] [40/459] RAYL
[04:28:52] 🔄 Identity reset
[04:28:52] 🔄 Identity rotated (every 10 requests)
[04:28:52] [41/459] CMGJ
[04:28:53] [42/459] JRCR
[04:28:54] [43/459] SRTB
[04:28:55] [44/459] ETPB
[04:28:56] [45/459] MXBN
[04:28:57] [46/459] TOPE
[04:28:59] [47/459] SNLJ
[04:28:59] [48/459] CDDP
[04:29:00] [49/459] APCX
[04:29:02] [50/459] TALP
[04:29:03] 🔄 Identity reset
[04:29:03] 🔄 Identity rotated (every 10 requests)
[04:29:03] [51/459] RRMP
[04:29:04] [52/459] MAHB
[04:29:05] [53/459] MTKR
[04:29:06] [54/459] KSKL
[04:29:07] [55/459] RJLT
[04:29:07] [56/459] ATAS
[04:29:09] [57/459] AMHR
[04:29:09] [58/459] RSRM
[04:29:10] [59/459] GCAT
[04:29:11] [60/459] SMML
[04:29:12] 🔄 Identity reset
[04:29:12] 🔄 Identity rotated (every 10 requests)
[04:29:12] [61/459] ACCD
[04:29:13] [62/459] VYDA
[04:29:14] [63/459] MSKT
[04:29:15] [64/459] AVDM
[04:29:16] [65/459] ASMH
[04:29:17] [66/459] VTMB
[04:29:18] [67/459] WVMB
[04:29:19] [68/459] PPMN
[04:29:20] [69/459] MTMD
[04:29:21] [70/459] SMMO
[04:29:21] 🔄 Identity reset
[04:29:21] 🔄 Identity rotated (every 10 requests)
[04:29:21] [71/459] DLPB
[04:29:22] [72/459] AKMD
[04:29:23] [73/459] SHRR
[04:29:24] [74/459] ASCO
[04:29:25] [75/459] CZVX
[04:29:27] [76/459] GCBB
[04:29:29] [77/459] ATBM
[04:29:29] [78/459] TCGM
[04:29:30] [79/459] UMSE
[04:29:31] [80/459] NKCL
[04:29:32] 🔄 Identity reset
[04:29:32] 🔄 Identity rotated (every 10 requests)
[04:29:32] [81/459] BTLR
[04:29:33] [82/459] GOCL
[04:29:34] [83/459] MIRN
[04:29:36] [84/459] THEC
[04:29:37] [85/459] SPPB
[04:29:38] [86/459] PMMM
[04:29:39] [87/459] GGMC
[04:29:40] [88/459] AVSR
[04:29:41] [89/459] RDMH
[04:29:42] [90/459] JSRS
[04:29:43] 🔄 Identity reset
[04:29:43] 🔄 Identity rotated (every 10 requests)
[04:29:43] [91/459] VKGP
[04:29:44] [92/459] ACRT
[04:29:45] [93/459] GCBA
[04:29:46] [94/459] GTCP
[04:29:47] [95/459] AKFC
[04:29:48] [96/459] INCS
[04:29:49] [97/459] SMCK
[04:29:49] [98/459] BRUN
[04:29:51] [99/459] RPPC
[04:29:53] [100/459] PAYD
[04:29:53] 🔄 Identity reset
[04:29:53] 🔄 Identity rotated (every 10 requests)
[04:29:54] [101/459] SVVT
[04:29:54] [102/459] RNCC
[04:29:55] [103/459] PCRC
[04:29:56] [104/459] PMRM
[04:29:57] [105/459] CCRP
[04:29:58] [106/459] INCR
[04:30:00] [107/459] ZTMP
[04:30:01] [108/459] MCNR
[04:30:02] [109/459] INRP
[04:30:03] [110/459] STRC
[04:30:04] 🔄 Identity reset
[04:30:04] 🔄 Identity rotated (every 10 requests)
[04:30:04] [111/459] RATI
[04:30:05] [112/459] PBTR
[04:30:06] [113/459] CMHP
[04:30:07] [114/459] ZECJ
[04:30:08] [115/459] CCCB
[04:30:09] [116/459] BWCB
[04:30:10] [117/459] CCAT
[04:30:12] [118/459] KGCM
[04:30:13] [119/459] INPT
[04:30:14] [120/459] FNCO
[04:30:14] 🔄 Identity reset
[04:30:14] 🔄 Identity rotated (every 10 requests)
[04:30:15] [121/459] SRMJ
[04:30:16] [122/459] PFSC
[04:30:16] [123/459] PBMC
[04:30:17] [124/459] KARP
[04:30:18] [125/459] KOVI
[04:30:19] [126/459] ACXL
[04:30:20] [127/459] GKCC
[04:30:21] [128/459] ASCC
[04:30:22] [129/459] SETC
[04:30:23] [130/459] KACC
[04:30:24] 🔄 Identity reset
[04:30:24] 🔄 Identity rotated (every 10 requests)
[04:30:25] [131/459] KAVE
[04:30:26] [132/459] CNTC
[04:30:27] [133/459] MEEN
[04:30:28] [134/459] BMRV
[04:30:29] [135/459] SVAM
[04:30:29] [136/459] VTBP
[04:30:30] [137/459] VCKN
[04:30:31] [138/459] SGTK
[04:30:33] [139/459] RCGS
[04:30:34] [140/459] RCCB
[04:30:35] 🔄 Identity reset
[04:30:35] 🔄 Identity rotated (every 10 requests)
[04:30:35] [141/459] RKSR
[04:30:36] [142/459] RKCU
[04:30:37] [143/459] GIBH
[04:30:38] [144/459] CXBS
[04:30:38] [145/459] GGCB
[04:30:40] [146/459] SCPB
[04:30:41] [147/459] AKTB
[04:30:42] [148/459] SRBU
[04:30:43] [149/459] CSSA
[04:30:44] [150/459] MYAN
[04:30:44] 🔄 Identity reset
[04:30:44] 🔄 Identity rotated (every 10 requests)
[04:30:45] [151/459] EXCA
[04:30:46] [152/459] CKSA
[04:30:46] [153/459] JTNM
[04:30:47] [154/459] CXKT
[04:30:48] [155/459] NCLM
[04:30:49] [156/459] JAAD
[04:30:50] [157/459] RDCR
[04:30:51] [158/459] MEER
[04:30:51] [159/459] SIBT
[04:30:52] [160/459] PVVB
[04:30:53] 🔄 Identity reset
[04:30:53] 🔄 Identity rotated (every 10 requests)
[04:30:54] [161/459] FNPN
[04:30:55] [162/459] CRPX
[04:30:56] [163/459] STET
[04:30:57] [164/459] METE
[04:30:58] [165/459] BJML
[04:31:00] [166/459] MAVT
[04:31:01] [167/459] MSRM
[04:31:02] [168/459] TJMP
[04:31:02] [169/459] MHCK
[04:31:03] [170/459] SVGP
[04:31:04] 🔄 Identity reset
[04:31:04] 🔄 Identity rotated (every 10 requests)
[04:31:04] [171/459] KRRC
[04:31:05] [172/459] IMCH
[04:31:06] [173/459] CMCS
[04:31:07] [174/459] SGND
[04:31:08] [175/459] RNAT
[04:31:09] [176/459] PRTN
[04:31:11] [177/459] MPTN
[04:31:12] [178/459] ARCC
[04:31:13] [179/459] NTTE
[04:31:14] [180/459] ABND
[04:31:14] 🔄 Identity reset
[04:31:14] 🔄 Identity rotated (every 10 requests)
[04:31:15] [181/459] KCSN
[04:31:16] [182/459] KCSA
[04:31:17] [183/459] DCKT
[04:31:17] [184/459] MBBR
[04:31:18] [185/459] RAMU
[04:31:19] [186/459] RACW
[04:31:20] [187/459] MCHP
[04:31:22] [188/459] TMHM
[04:31:23] [189/459] STXH
[04:31:24] [190/459] AGSG
[04:31:25] 🔄 Identity reset
[04:31:25] 🔄 Identity rotated (every 10 requests)
[04:31:26] [191/459] SIRA
[04:31:27] [192/459] RCAN
[04:31:28] [193/459] CWTB
[04:31:29] [194/459] VTYM
[04:31:30] [195/459] RRPP
[04:31:30] [196/459] ASMR
[04:31:31] [197/459] RONO
[04:31:32] [198/459] MEMR
[04:31:33] [199/459] CTMR
[04:31:34] [200/459] PMTT
[04:31:35] 🔄 Identity reset
[04:31:35] 🔄 Identity rotated (every 10 requests)
[04:31:35] [201/459] PSLX
[04:31:36] [202/459] IPPL
[04:31:37] [203/459] MMSG
[04:31:38] [204/459] INEL
[04:31:38] [205/459] COAC
[04:31:39] [206/459] WVLK
[04:31:40] [207/459] PPXL
[04:31:41] [208/459] PSML
[04:31:42] [209/459] FNLK
[04:31:44] [210/459] ILUM
[04:31:45] 🔄 Identity reset
[04:31:45] 🔄 Identity rotated (every 10 requests)
[04:31:45] [211/459] ILCM
[04:31:46] [212/459] MSNL
[04:31:47] [213/459] VINB
[04:31:48] [214/459] SALW
[04:31:49] [215/459] PRTB
[04:31:50] [216/459] NCIL
[04:31:51] [217/459] PSUL
[04:31:52] [218/459] SCLK
[04:31:53] [219/459] ADDC
[04:31:54] [220/459] OACL
[04:31:54] 🔄 Identity reset
[04:31:54] 🔄 Identity rotated (every 10 requests)
[04:31:55] [221/459] OOCF
[04:31:56] [222/459] GPMF
[04:31:57] [223/459] SSDG
[04:31:58] [224/459] SKRS
[04:32:00] [225/459] NTTP
[04:32:01] [226/459] SLTP
[04:32:02] [227/459] JTLC
[04:32:03] [228/459] POON
[04:32:04] [229/459] CCPC
[04:32:05] [230/459] DCKC
[04:32:05] 🔄 Identity reset
[04:32:05] 🔄 Identity rotated (every 10 requests)
[04:32:07] [231/459] CPRT
[04:32:08] [232/459] EYHZ
[04:32:09] [233/459] ARBL
[04:32:10] [234/459] SBTB
[04:32:11] [235/459] MMCK
[04:32:12] [236/459] PLMR
[04:32:13] [237/459] BIJH
[04:32:14] [238/459] SDRT
[04:32:15] [239/459] PRDC
[04:32:16] [240/459] OMJA
[04:32:16] 🔄 Identity reset
[04:32:16] 🔄 Identity rotated (every 10 requests)
[04:32:17] [241/459] VKCR
[04:32:17] [242/459] ATRT
[04:32:18] [243/459] WVRP
[04:32:19] [244/459] MVRP
[04:32:20] [245/459] FCAX
[04:32:21] [246/459] CTLC
[04:32:22] [247/459] JCHB
[04:32:23] [248/459] SELP
[04:32:24] [249/459] VCPG
[04:32:25] [250/459] ASCX
[04:32:25] 🔄 Identity reset
[04:32:25] 🔄 Identity rotated (every 10 requests)
[04:32:26] [251/459] EOCS
[04:32:27] [252/459] RCPH
[04:32:28] [253/459] RJTM
[04:32:30] [254/459] SGMD
[04:32:30] [255/459] SVJT
[04:32:31] [256/459] SPPO
[04:32:32] [257/459] MNRL
[04:32:33] [258/459] KNOX
[04:32:34] [259/459] GIER
[04:32:35] [260/459] PJMS
[04:32:35] 🔄 Identity reset
[04:32:35] 🔄 Identity rotated (every 10 requests)
[04:32:36] [261/459] UNSP
[04:32:37] [262/459] JETP
[04:32:38] [263/459] VTWA
[04:32:39] [264/459] SCJI
[04:32:39] [265/459] CBZZ
[04:32:40] [266/459] SDCJ
[04:32:41] [267/459] RRCC
[04:32:42] [268/459] VNKG
[04:32:43] [269/459] LKTO
[04:32:44] [270/459] PJRM
[04:32:44] 🔄 Identity reset
[04:32:44] 🔄 Identity rotated (every 10 requests)
[04:32:45] [271/459] NVRM
[04:32:46] [272/459] SJCS
[04:32:46] [273/459] VIGK
[04:32:47] [274/459] ANST
[04:32:49] [275/459] JTTS
[04:32:50] [276/459] NTST
[04:32:51] [277/459] PREB
[04:32:52] [278/459] TSCZ
[04:32:53] [279/459] CDCM
[04:32:53] [280/459] ELYE
[04:32:54] 🔄 Identity reset
[04:32:54] 🔄 Identity rotated (every 10 requests)
[04:32:54] 🔄 Retry 1/5 for ELYE in 2.8s
[04:32:54] 🔄 Identity reset
[04:32:57] 🧠 New identity created
[04:32:57] [281/459] INBS
[04:32:59] [282/459] SMGC
[04:33:00] [283/459] UTMP
[04:33:00] [284/459] INTA
[04:33:01] [285/459] OMPT
[04:33:02] [286/459] SCIR
[04:33:03] [287/459] GCKJ
[04:33:04] [288/459] INOG
[04:33:05] [289/459] SMGB
[04:33:06] 🔄 Identity reset
[04:33:06] 🔄 Identity rotated (every 10 requests)
[04:33:06] [290/459] MCSG
[04:33:07] [291/459] STKG
[04:33:08] [292/459] TTKG
[04:33:10] [293/459] SRTR
[04:33:11] [294/459] ETTR
[04:33:12] [295/459] GGGZ
[04:33:12] [296/459] IPGM
[04:33:14] [297/459] FCDH
[04:33:14] [298/459] DESB
[04:33:15] [299/459] VNTP
[04:33:16] 🔄 Identity reset
[04:33:16] 🔄 Identity rotated (every 10 requests)
[04:33:16] [300/459] ANNT
[04:33:17] [301/459] SLTI
[04:33:18] [302/459] MAJU
[04:33:19] [303/459] JCXP
[04:33:20] [304/459] HARK
[04:33:21] [305/459] JPCJ
[04:33:22] [306/459] RXBD
[04:33:23] [307/459] PTKJ
[04:33:24] [308/459] CMTU
[04:33:25] [309/459] SWOR
[04:33:25] 🔄 Identity reset
[04:33:25] 🔄 Identity rotated (every 10 requests)
[04:33:26] [310/459] JMEX
[04:33:26] [311/459] DTPT
[04:33:27] [312/459] VGMM
[04:33:28] [313/459] VCSG
[04:33:29] [314/459] CVCG
[04:33:30] [315/459] TNTT
[04:33:31] [316/459] SHRM
[04:33:32] [317/459] CGKD
[04:33:33] [318/459] EKCM
[04:33:34] [319/459] SDCX
[04:33:34] 🔄 Identity reset
[04:33:34] 🔄 Identity rotated (every 10 requests)
[04:33:35] [320/459] SBTE
[04:33:35] [321/459] STKJ
[04:33:36] [322/459] TPCE
[04:33:38] [323/459] JTNP
[04:33:39] [324/459] LPCH
[04:33:40] [325/459] CPUO
[04:33:41] [326/459] APSU
[04:33:42] [327/459] RTHC
[04:33:42] [328/459] PTBU
[04:33:43] [329/459] CUCC
[04:33:44] 🔄 Identity reset
[04:33:44] 🔄 Identity rotated (every 10 requests)
[04:33:45] [330/459] CPSA
[04:33:46] [331/459] SUAY
[04:33:47] [332/459] AYAA
[04:33:47] [333/459] MUCH
[04:33:48] [334/459] PCIN
[04:33:50] [335/459] JRRM
[04:33:51] [336/459] KATS
[04:33:51] [337/459] MHFF
[04:33:52] [338/459] ESYM
[04:33:53] [339/459] STYV
[04:33:54] 🔄 Identity reset
[04:33:54] 🔄 Identity rotated (every 10 requests)
[04:33:54] 🔄 Retry 1/5 for STYV in 2.2s
[04:33:54] 🔄 Identity reset
[04:33:56] 🧠 New identity created
[04:33:56] [340/459] SDKG
[04:33:57] [341/459] SMTI
[04:33:58] [342/459] NYCS
[04:33:59] [343/459] MTBG
[04:33:59] [344/459] RHCA
[04:34:00] [345/459] PCKH
[04:34:01] [346/459] ARCR
[04:34:02] [347/459] NCMB
[04:34:03] [348/459] SHYC
[04:34:04] 🔄 Identity reset
[04:34:04] 🔄 Identity rotated (every 10 requests)
[04:34:04] [349/459] LACK
[04:34:05] [350/459] MTCM
[04:34:06] [351/459] RRBN
[04:34:07] [352/459] MYDC
[04:34:08] [353/459] STCS
[04:34:10] [354/459] CONN
[04:34:11] [355/459] SIPS
[04:34:12] [356/459] SMMX
[04:34:13] [357/459] SCBY
[04:34:14] [358/459] SUAP
[04:34:15] 🔄 Identity reset
[04:34:15] 🔄 Identity rotated (every 10 requests)
[04:34:16] [359/459] RSMK
[04:34:17] [360/459] STKP
[04:34:18] [361/459] CIPC
[04:34:19] [362/459] KKCI
[04:34:20] [363/459] CTNK
[04:34:21] [364/459] MMTZ
[04:34:22] [365/459] DCCO
[04:34:23] [366/459] VNMN
[04:34:24] [367/459] RLCN
[04:34:25] [368/459] CMMS
[04:34:25] 🔄 Identity reset
[04:34:25] 🔄 Identity rotated (every 10 requests)
[04:34:26] 🔄 Retry 1/5 for CMMS in 2.6s
[04:34:26] 🔄 Identity reset
[04:34:28] 🧠 New identity created
[04:34:29] [369/459] AYOU
[04:34:30] [370/459] SSCN
[04:34:30] [371/459] SMXN
[04:34:31] [372/459] ASSK
[04:34:32] [373/459] VCKM
[04:34:33] [374/459] PCPH
[04:34:35] [375/459] PADM
[04:34:36] [376/459] IESA
[04:34:37] [377/459] VCSP
[04:34:38] 🔄 Identity reset
[04:34:38] 🔄 Identity rotated (every 10 requests)
[04:34:38] [378/459] AEST
[04:34:39] [379/459] VTNR
[04:34:40] [380/459] GTTA
[04:34:40] [381/459] CMMM
[04:34:41] [382/459] AHKT
[04:34:43] [383/459] SIJI
[04:34:45] [384/459] VCEI
[04:34:46] [385/459] SAKR
[04:34:47] [386/459] VSMT
[04:34:47] [387/459] SSCT
[04:34:48] 🔄 Identity reset
[04:34:48] 🔄 Identity rotated (every 10 requests)
[04:34:48] [388/459] USTR
[04:34:49] [389/459] MTKT
[04:34:50] [390/459] TGMP
[04:34:52] [391/459] SIVC
[04:34:53] [392/459] KICT
[04:34:54] [393/459] DAMD
[04:34:55] [394/459] CNPT
[04:34:56] [395/459] RVTT
[04:34:57] [396/459] SNCM
[04:34:59] [397/459] GHTE
[04:34:59] 🔄 Identity reset
[04:34:59] 🔄 Identity rotated (every 10 requests)
[04:35:00] [398/459] PPAM
[04:35:00] [399/459] PVAA
[04:35:01] [400/459] CPAO
[04:35:02] [401/459] HAMD
[04:35:03] [402/459] RCCA
[04:35:04] [403/459] MPCH
[04:35:05] [404/459] ARED
[04:35:06] [405/459] RRCV
[04:35:07] [406/459] MTRB
[04:35:08] [407/459] CKUA
[04:35:08] 🔄 Identity reset
[04:35:08] 🔄 Identity rotated (every 10 requests)
[04:35:09] [408/459] ABMP
[04:35:10] [409/459] RCWA
[04:35:10] [410/459] CGAR
[04:35:11] [411/459] METH
[04:35:12] [412/459] WAGA
[04:35:14] [413/459] MCMA
[04:35:15] [414/459] CSMP
[04:35:16] [415/459] RCNK
[04:35:17] [416/459] PSTM
[04:35:18] [417/459] CSEP
[04:35:19] 🔄 Identity reset
[04:35:19] 🔄 Identity rotated (every 10 requests)
[04:35:19] [418/459] AMGD
[04:35:20] [419/459] CSTE
[04:35:21] [420/459] CONS
[04:35:22] [421/459] APPX
[04:35:23] [422/459] MABC
[04:35:24] [423/459] CXST
[04:35:25] [424/459] MATN
[04:35:26] [425/459] MACZ
[04:35:26] [426/459] MASA
[04:35:27] [427/459] MBSX
[04:35:28] 🔄 Identity reset
[04:35:28] 🔄 Identity rotated (every 10 requests)
[04:35:29] [428/459] CSST
[04:35:30] [429/459] APCL
[04:35:31] [430/459] CGOS
[04:35:31] [431/459] CPEC
[04:35:32] [432/459] MCCP
[04:35:33] [433/459] BSSO
[04:35:34] [434/459] SJKA
[04:35:35] [435/459] CGBO
[04:35:36] [436/459] MVSK
[04:35:38] [437/459] HVCA
[04:35:38] 🔄 Identity reset
[04:35:38] 🔄 Identity rotated (every 10 requests)
[04:35:39] [438/459] NAMD
[04:35:40] [439/459] DEVI
[04:35:41] [440/459] SCSV
[04:35:42] [441/459] PSMA
[04:35:42] [442/459] CLDJ
[04:35:43] [443/459] NMAD
[04:35:44] [444/459] CGMO
[04:35:45] [445/459] MCNA
[04:35:46] [446/459] OCBN
[04:35:47] [447/459] CPEM
[04:35:47] 🔄 Identity reset
[04:35:47] 🔄 Identity rotated (every 10 requests)
[04:35:48] [448/459] CPSM
[04:35:49] [449/459] RCAD
[04:35:50] [450/459] CPMU
[04:35:51] [451/459] DICD
[04:35:52] [452/459] CHOE
[04:35:53] [453/459] PDJM
[04:35:54] [454/459] SSTU
[04:35:55] [455/459] VNRN
[04:35:56] [456/459] PVLG
[04:35:57] [457/459] SWBL
[04:35:57] 🔄 Identity reset
[04:35:57] 🔄 Identity rotated (every 10 requests)
[04:35:58] [458/459] SCAB
[04:35:59] [459/459] RDDA
[04:36:00] 🧹 Deduping shows
[04:36:00] ✅ DONE | Shows=772 | Movies=47
