[09:34:17] 🚀 SCRIPT STARTED (enhanced anti‑detection)
[09:34:17] [1/326] BSAT
[09:34:17] 🧠 New identity created
[09:34:17] [2/326] RSSM
[09:34:18] [3/326] GCTA
[09:34:19] [4/326] TOPN
[09:34:20] [5/326] MCUS
[09:34:21] [6/326] SHRL
[09:34:22] [7/326] UPTP
[09:34:23] [8/326] TMMP
[09:34:24] [9/326] DNRP
[09:34:25] [10/326] SRLT
[09:34:25] 🔄 Identity reset
[09:34:25] 🔄 Identity rotated (every 10 requests)
[09:34:26] [11/326] RCNS
[09:34:26] [12/326] DCBH
[09:34:27] [13/326] NAGJ
[09:34:28] [14/326] JVRC
[09:34:29] [15/326] KRJG
[09:34:30] [16/326] SRTJ
[09:34:31] [17/326] CMXM
[09:34:32] [18/326] STMI
[09:34:33] [19/326] SLST
[09:34:34] [20/326] DTCN
[09:34:34] 🔄 Identity reset
[09:34:34] 🔄 Identity rotated (every 10 requests)
[09:34:35] [21/326] STYN
[09:34:36] [22/326] SZVR
[09:34:36] [23/326] SRKO
[09:34:37] [24/326] JTGT
[09:34:38] [25/326] SVFD
[09:34:39] [26/326] SISD
[09:34:40] [27/326] ABDD
[09:34:41] [28/326] DRCA
[09:34:42] [29/326] AVCS
[09:34:42] [30/326] MVKH
[09:34:43] 🔄 Identity reset
[09:34:43] 🔄 Identity rotated (every 10 requests)
[09:34:43] [31/326] ACPR
[09:34:44] [32/326] STIP
[09:34:45] [33/326] MTRA
[09:34:46] [34/326] RMKH
[09:34:47] [35/326] NKRL
[09:34:48] [36/326] PCWN
[09:34:48] [37/326] BLMT
[09:34:49] [38/326] GDPG
[09:34:51] [39/326] SRMX
[09:34:52] [40/326] JACP
[09:34:52] 🔄 Identity reset
[09:34:52] 🔄 Identity rotated (every 10 requests)
[09:34:52] [41/326] CPSH
[09:34:53] [42/326] MCCD
[09:34:54] [43/326] ECGH
[09:34:55] [44/326] MKCK
[09:34:56] [45/326] SRMM
[09:34:57] [46/326] SKYR
[09:34:58] [47/326] PCKC
[09:34:58] [48/326] JCMA
[09:34:59] [49/326] BSMP
[09:35:00] [50/326] VSPA
[09:35:01] 🔄 Identity reset
[09:35:01] 🔄 Identity rotated (every 10 requests)
[09:35:01] [51/326] DJYA
[09:35:02] [52/326] DIMP
[09:35:03] [53/326] FXDR
[09:35:04] [54/326] SSRC
[09:35:04] [55/326] STHP
[09:35:06] [56/326] CPPD
[09:35:07] [57/326] FCLK
[09:35:08] [58/326] SCPP
[09:35:09] [59/326] DCMJ
[09:35:09] [60/326] RCCR
[09:35:10] 🔄 Identity reset
[09:35:10] 🔄 Identity rotated (every 10 requests)
[09:35:10] [61/326] INMT
[09:35:11] [62/326] LXTK
[09:35:13] [63/326] SRYK
[09:35:14] [64/326] SGDK
[09:35:15] [65/326] PPKA
[09:35:16] [66/326] SPKA
[09:35:18] [67/326] CGHH
[09:35:19] [68/326] DCJN
[09:35:20] [69/326] SRKV
[09:35:21] [70/326] SAJC
[09:35:21] 🔄 Identity reset
[09:35:21] 🔄 Identity rotated (every 10 requests)
[09:35:22] [71/326] SUSR
[09:35:22] [72/326] STYG
[09:35:23] [73/326] NTKP
[09:35:24] [74/326] AKTG
[09:35:25] [75/326] CGCM
[09:35:26] [76/326] TULC
[09:35:28] [77/326] NYYZ
[09:35:29] [78/326] NYBW
[09:35:30] [79/326] MACB
[09:35:31] [80/326] SLVT
[09:35:31] 🔄 Identity reset
[09:35:31] 🔄 Identity rotated (every 10 requests)
[09:35:32] [81/326] SANA
[09:35:32] [82/326] ACMR
[09:35:34] [83/326] CPKN
[09:35:34] [84/326] DLGK
[09:35:35] [85/326] CWCK
[09:35:37] [86/326] FDDH
[09:35:38] [87/326] MMMD
[09:35:38] [88/326] CMEH
[09:35:39] [89/326] GGGV
[09:35:40] [90/326] SPJL
[09:35:41] 🔄 Identity reset
[09:35:41] 🔄 Identity rotated (every 10 requests)
[09:35:41] [91/326] RCCD
[09:35:42] [92/326] STTZ
[09:35:43] [93/326] BTCF
[09:35:44] [94/326] TSTZ
[09:35:44] [95/326] IPMM
[09:35:45] [96/326] PMPW
[09:35:46] [97/326] PCMZ
[09:35:47] [98/326] ESEM
[09:35:49] [99/326] PIPO
[09:35:50] [100/326] MATK
[09:35:50] 🔄 Identity reset
[09:35:50] 🔄 Identity rotated (every 10 requests)
[09:35:51] [101/326] PGHM
[09:35:52] [102/326] CTSR
[09:35:53] [103/326] CYKR
[09:35:54] [104/326] MSCM
[09:35:55] [105/326] RFNP
[09:35:56] [106/326] PDCP
[09:35:57] [107/326] NPSE
[09:35:58] [108/326] MKML
[09:35:59] [109/326] FTDP
[09:36:00] [110/326] MMXA
[09:36:00] 🔄 Identity reset
[09:36:00] 🔄 Identity rotated (every 10 requests)
[09:36:01] [111/326] CEPO
[09:36:01] [112/326] CMVP
[09:36:02] [113/326] SGTH
[09:36:03] [114/326] SAYN
[09:36:04] [115/326] URVS
[09:36:05] [116/326] VJTN
[09:36:06] [117/326] BBYK
[09:36:07] [118/326] SHBO
[09:36:08] [119/326] VCMR
[09:36:09] [120/326] MACT
[09:36:09] 🔄 Identity reset
[09:36:09] 🔄 Identity rotated (every 10 requests)
[09:36:10] [121/326] JMNP
[09:36:11] [122/326] VICS
[09:36:12] [123/326] VCDA
[09:36:14] [124/326] GCMM
[09:36:15] [125/326] INVS
[09:36:16] [126/326] SCGM
[09:36:17] [127/326] PCDA
[09:36:18] [128/326] KDCT
[09:36:19] [129/326] JACS
[09:36:20] [130/326] GMMC
[09:36:20] 🔄 Identity reset
[09:36:20] 🔄 Identity rotated (every 10 requests)
[09:36:20] [131/326] AICM
[09:36:21] [132/326] TJCM
[09:36:22] [133/326] RMTI
[09:36:23] [134/326] SHAC
[09:36:24] [135/326] APJC
[09:36:25] [136/326] GCTG
[09:36:26] [137/326] SSMC
[09:36:26] [138/326] THRM
[09:36:27] [139/326] RBCT
[09:36:28] [140/326] DIKT
[09:36:28] 🔄 Identity reset
[09:36:28] 🔄 Identity rotated (every 10 requests)
[09:36:30] [141/326] MIDL
[09:36:30] [142/326] VCSN
[09:36:31] [143/326] SKTG
[09:36:32] [144/326] SMWC
[09:36:33] [145/326] MNKH
[09:36:34] [146/326] PIAT
[09:36:36] [147/326] LTTP
[09:36:36] [148/326] PTPU
[09:36:37] [149/326] ACMG
[09:36:38] [150/326] SHMM
[09:36:39] 🔄 Identity reset
[09:36:39] 🔄 Identity rotated (every 10 requests)
[09:36:39] [151/326] MCMN
[09:36:40] [152/326] GLDC
[09:36:41] [153/326] HOUT
[09:36:42] [154/326] SVRP
[09:36:42] [155/326] PVDN
[09:36:43] [156/326] SCPY
[09:36:44] [157/326] DTPY
[09:36:45] [158/326] GKCS
[09:36:46] [159/326] NCAM
[09:36:47] [160/326] BSRM
[09:36:47] 🔄 Identity reset
[09:36:47] 🔄 Identity rotated (every 10 requests)
[09:36:48] [161/326] RCLC
[09:36:49] [162/326] SKKD
[09:36:50] [163/326] ACHU
[09:36:51] [164/326] RSCF
[09:36:52] [165/326] IMSH
[09:36:53] [166/326] MACX
[09:36:53] [167/326] HMMW
[09:36:54] [168/326] JTCP
[09:36:55] [169/326] SREN
[09:36:56] [170/326] PJRR
[09:36:57] 🔄 Identity reset
[09:36:57] 🔄 Identity rotated (every 10 requests)
[09:36:57] [171/326] INAC
[09:36:58] [172/326] BMCA
[09:36:59] [173/326] SHCB
[09:37:00] [174/326] GABA
[09:37:00] [175/326] SBCT
[09:37:01] [176/326] GCMA
[09:37:02] [177/326] MYTK
[09:37:03] [178/326] INZS
[09:37:04] [179/326] RMIK
[09:37:05] [180/326] NYCH
[09:37:06] 🔄 Identity reset
[09:37:06] 🔄 Identity rotated (every 10 requests)
[09:37:06] [181/326] RAVE
[09:37:07] [182/326] PSXM
[09:37:08] [183/326] MCGP
[09:37:09] [184/326] PDDK
[09:37:10] [185/326] SPCK
[09:37:11] [186/326] MCRL
[09:37:12] [187/326] MHKT
[09:37:13] [188/326] ANRR
[09:37:14] [189/326] SAPK
[09:37:15] [190/326] NCUK
[09:37:15] 🔄 Identity reset
[09:37:15] 🔄 Identity rotated (every 10 requests)
[09:37:15] 🔄 Retry 1/5 for NCUK in 2.8s
[09:37:15] 🔄 Identity reset
[09:37:18] 🧠 New identity created
[09:37:19] [191/326] JUGA
[09:37:19] [192/326] DBSC
[09:37:20] [193/326] LALK
[09:37:21] [194/326] GUCK
[09:37:22] [195/326] STSG
[09:37:23] [196/326] PPPZ
[09:37:24] [197/326] CNCY
[09:37:25] [198/326] MTAR
[09:37:25] [199/326] VNKD
[09:37:26] 🔄 Identity reset
[09:37:26] 🔄 Identity rotated (every 10 requests)
[09:37:26] [200/326] KMAJ
[09:37:27] [201/326] ACXK
[09:37:28] [202/326] UTKC
[09:37:29] [203/326] PBLK
[09:37:30] [204/326] ACBX
[09:37:31] [205/326] PTGM
[09:37:32] [206/326] BTDA
[09:37:33] [207/326] PJMB
[09:37:34] [208/326] TPDA
[09:37:36] [209/326] AMOE
[09:37:37] 🔄 Identity reset
[09:37:37] 🔄 Identity rotated (every 10 requests)
[09:37:37] [210/326] PRHT
[09:37:38] [211/326] PRTA
[09:37:39] [212/326] STAM
[09:37:41] [213/326] MSAA
[09:37:41] [214/326] SDLU
[09:37:42] [215/326] RCHH
[09:37:43] [216/326] KANT
[09:37:44] [217/326] FCRT
[09:37:45] [218/326] DNKM
[09:37:46] [219/326] RYCP
[09:37:47] 🔄 Identity reset
[09:37:47] 🔄 Identity rotated (every 10 requests)
[09:37:47] [220/326] MYRP
[09:37:48] [221/326] PPAK
[09:37:49] [222/326] NVPK
[09:37:50] [223/326] PRMC
[09:37:50] [224/326] JBCS
[09:37:51] [225/326] GXCK
[09:37:52] [226/326] USKO
[09:37:53] [227/326] GTEM
[09:37:54] [228/326] SMBU
[09:37:55] [229/326] VETC
[09:37:56] 🔄 Identity reset
[09:37:56] 🔄 Identity rotated (every 10 requests)
[09:37:56] [230/326] LCDA
[09:37:57] [231/326] MTVT
[09:37:58] [232/326] PYCP
[09:37:59] [233/326] PNSC
[09:37:59] [234/326] PPCC
[09:38:00] [235/326] TGRT
[09:38:01] [236/326] JYOT
[09:38:02] [237/326] SRCZ
[09:38:03] [238/326] SJTE
[09:38:04] [239/326] DESC
[09:38:04] 🔄 Identity reset
[09:38:04] 🔄 Identity rotated (every 10 requests)
[09:38:05] [240/326] JHVN
[09:38:06] [241/326] IPSG
[09:38:06] [242/326] IPCM
[09:38:07] [243/326] PDRS
[09:38:08] [244/326] ANCV
[09:38:09] [245/326] CMVV
[09:38:10] [246/326] SHYP
[09:38:10] [247/326] DNCS
[09:38:11] [248/326] GAJK
[09:38:12] [249/326] AKTN
[09:38:13] 🔄 Identity reset
[09:38:13] 🔄 Identity rotated (every 10 requests)
[09:38:13] [250/326] KAYA
[09:38:14] [251/326] SBRC
[09:38:15] [252/326] CHTP
[09:38:17] [253/326] SHRT
[09:38:18] [254/326] BCKU
[09:38:18] [255/326] FCPS
[09:38:20] [256/326] ARDD
[09:38:21] [257/326] CPCM
[09:38:21] [258/326] CGSM
[09:38:22] [259/326] PSMP
[09:38:23] 🔄 Identity reset
[09:38:23] 🔄 Identity rotated (every 10 requests)
[09:38:23] [260/326] SDAL
[09:38:24] [261/326] RTNB
[09:38:25] [262/326] LMCR
[09:38:26] [263/326] CIMA
[09:38:27] [264/326] RNAS
[09:38:27] [265/326] LITH
[09:38:28] [266/326] PBOX
[09:38:29] [267/326] FRTS
[09:38:30] [268/326] RKIC
[09:38:31] [269/326] PTAI
[09:38:31] 🔄 Identity reset
[09:38:31] 🔄 Identity rotated (every 10 requests)
[09:38:32] [270/326] GCIC
[09:38:33] [271/326] FNAS
[09:38:33] [272/326] SCAR
[09:38:34] [273/326] MTCA
[09:38:35] [274/326] SCTS
[09:38:36] [275/326] SYCS
[09:38:37] [276/326] RDMS
[09:38:38] [277/326] KAMP
[09:38:39] [278/326] ERSD
[09:38:40] [279/326] MJMJ
[09:38:40] 🔄 Identity reset
[09:38:40] 🔄 Identity rotated (every 10 requests)
[09:38:41] [280/326] SRCJ
[09:38:41] [281/326] SCXE
[09:38:42] [282/326] SVFR
[09:38:44] [283/326] BHCS
[09:38:45] [284/326] IMCC
[09:38:46] [285/326] PCBO
[09:38:47] [286/326] PRVN
[09:38:48] [287/326] AUPM
[09:38:49] [288/326] INBW
[09:38:49] [289/326] SVCW
[09:38:50] 🔄 Identity reset
[09:38:50] 🔄 Identity rotated (every 10 requests)
[09:38:50] [290/326] RKCF
[09:38:51] [291/326] UVBH
[09:38:52] [292/326] DNCY
[09:38:53] [293/326] ABCN
[09:38:54] [294/326] PRUR
[09:38:55] [295/326] PFMR
[09:38:56] [296/326] RKCN
[09:38:57] [297/326] CFEA
[09:38:58] [298/326] SDBG
[09:38:59] [299/326] SNAR
[09:38:59] 🔄 Identity reset
[09:38:59] 🔄 Identity rotated (every 10 requests)
[09:39:00] [300/326] YISI
[09:39:01] [301/326] JCFF
[09:39:02] [302/326] VTRK
[09:39:03] [303/326] PCLZ
[09:39:04] [304/326] DIMY
[09:39:05] [305/326] BBTS
[09:39:06] [306/326] GATH
[09:39:07] [307/326] GTMN
[09:39:08] [308/326] VTMH
[09:39:09] [309/326] CCKP
[09:39:10] 🔄 Identity reset
[09:39:10] 🔄 Identity rotated (every 10 requests)
[09:39:10] [310/326] GPKA
[09:39:11] [311/326] MHCL
[09:39:12] [312/326] ATCL
[09:39:13] [313/326] SBCK
[09:39:14] [314/326] AMMR
[09:39:15] [315/326] MADC
[09:39:16] [316/326] TMMA
[09:39:16] [317/326] CACC
[09:39:18] [318/326] CHAL
[09:39:19] [319/326] DURG
[09:39:19] 🔄 Identity reset
[09:39:19] 🔄 Identity rotated (every 10 requests)
[09:39:19] [320/326] GMKU
[09:39:20] [321/326] GECA
[09:39:21] [322/326] KYRR
[09:39:22] [323/326] KSDE
[09:39:23] [324/326] LMCI
[09:39:24] [325/326] NKCP
[09:39:24] [326/326] BGTC
[09:39:25] 🧹 Deduping shows
[09:39:25] ✅ DONE | Shows=213 | Movies=17
[16:32:18] 🚀 SCRIPT STARTED (enhanced anti‑detection)
[16:32:18] [1/326] BSAT
[16:32:18] 🧠 New identity created
[16:32:19] [2/326] RSSM
[16:32:20] [3/326] GCTA
[16:32:21] [4/326] TOPN
[16:32:22] [5/326] MCUS
[16:32:23] [6/326] SHRL
[16:32:24] [7/326] UPTP
[16:32:25] [8/326] TMMP
[16:32:26] [9/326] DNRP
[16:32:26] [10/326] SRLT
[16:32:27] 🔄 Identity reset
[16:32:27] 🔄 Identity rotated (every 10 requests)
[16:32:27] [11/326] RCNS
[16:32:29] [12/326] DCBH
[16:32:30] [13/326] NAGJ
[16:32:32] [14/326] JVRC
[16:32:32] [15/326] KRJG
[16:32:33] [16/326] SRTJ
[16:32:34] [17/326] CMXM
[16:32:35] [18/326] STMI
[16:32:36] [19/326] SLST
[16:32:37] [20/326] DTCN
[16:32:38] 🔄 Identity reset
[16:32:38] 🔄 Identity rotated (every 10 requests)
[16:32:38] [21/326] STYN
[16:32:39] [22/326] SZVR
[16:32:40] [23/326] SRKO
[16:32:41] [24/326] JTGT
[16:32:42] [25/326] SVFD
[16:32:43] [26/326] SISD
[16:32:44] [27/326] ABDD
[16:32:45] [28/326] DRCA
[16:32:45] [29/326] AVCS
[16:32:46] [30/326] MVKH
[16:32:47] 🔄 Identity reset
[16:32:47] 🔄 Identity rotated (every 10 requests)
[16:32:47] [31/326] ACPR
[16:32:48] [32/326] STIP
[16:32:49] [33/326] MTRA
[16:32:50] [34/326] RMKH
[16:32:51] [35/326] NKRL
[16:32:52] [36/326] PCWN
[16:32:53] [37/326] BLMT
[16:32:55] [38/326] GDPG
[16:32:55] [39/326] SRMX
[16:32:56] [40/326] JACP
[16:32:57] 🔄 Identity reset
[16:32:57] 🔄 Identity rotated (every 10 requests)
[16:32:57] [41/326] CPSH
[16:32:58] [42/326] MCCD
[16:32:59] [43/326] ECGH
[16:33:00] [44/326] MKCK
[16:33:01] [45/326] SRMM
[16:33:02] [46/326] SKYR
[16:33:03] [47/326] PCKC
[16:33:04] [48/326] JCMA
[16:33:05] [49/326] BSMP
[16:33:07] [50/326] VSPA
[16:33:08] 🔄 Identity reset
[16:33:08] 🔄 Identity rotated (every 10 requests)
[16:33:08] [51/326] DJYA
[16:33:10] [52/326] DIMP
[16:33:11] [53/326] FXDR
[16:33:12] [54/326] SSRC
[16:33:13] [55/326] STHP
[16:33:13] [56/326] CPPD
[16:33:14] [57/326] FCLK
[16:33:15] [58/326] SCPP
[16:33:16] [59/326] DCMJ
[16:33:17] [60/326] RCCR
[16:33:18] 🔄 Identity reset
[16:33:18] 🔄 Identity rotated (every 10 requests)
[16:33:18] [61/326] INMT
[16:33:19] [62/326] LXTK
[16:33:20] [63/326] SRYK
[16:33:21] [64/326] SGDK
[16:33:22] [65/326] PPKA
[16:33:23] [66/326] SPKA
[16:33:24] [67/326] CGHH
[16:33:25] [68/326] DCJN
[16:33:26] [69/326] SRKV
[16:33:27] [70/326] SAJC
[16:33:28] 🔄 Identity reset
[16:33:28] 🔄 Identity rotated (every 10 requests)
[16:33:28] [71/326] SUSR
[16:33:29] [72/326] STYG
[16:33:30] [73/326] NTKP
[16:33:31] [74/326] AKTG
[16:33:31] [75/326] CGCM
[16:33:32] [76/326] TULC
[16:33:33] [77/326] NYYZ
[16:33:34] [78/326] NYBW
[16:33:35] [79/326] MACB
[16:33:36] [80/326] SLVT
[16:33:36] 🔄 Identity reset
[16:33:36] 🔄 Identity rotated (every 10 requests)
[16:33:37] [81/326] SANA
[16:33:38] [82/326] ACMR
[16:33:39] [83/326] CPKN
[16:33:40] [84/326] DLGK
[16:33:41] [85/326] CWCK
[16:33:42] [86/326] FDDH
[16:33:43] [87/326] MMMD
[16:33:44] [88/326] CMEH
[16:33:44] [89/326] GGGV
[16:33:45] [90/326] SPJL
[16:33:46] 🔄 Identity reset
[16:33:46] 🔄 Identity rotated (every 10 requests)
[16:33:46] [91/326] RCCD
[16:33:47] [92/326] STTZ
[16:33:48] [93/326] BTCF
[16:33:49] [94/326] TSTZ
[16:33:50] [95/326] IPMM
[16:33:51] [96/326] PMPW
[16:33:52] [97/326] PCMZ
[16:33:53] [98/326] ESEM
[16:33:54] [99/326] PIPO
[16:33:56] [100/326] MATK
[16:33:56] 🔄 Identity reset
[16:33:56] 🔄 Identity rotated (every 10 requests)
[16:33:57] [101/326] PGHM
[16:33:58] [102/326] CTSR
[16:33:59] [103/326] CYKR
[16:34:00] [104/326] MSCM
[16:34:01] [105/326] RFNP
[16:34:02] [106/326] PDCP
[16:34:03] [107/326] NPSE
[16:34:03] [108/326] MKML
[16:34:04] [109/326] FTDP
[16:34:05] [110/326] MMXA
[16:34:06] 🔄 Identity reset
[16:34:06] 🔄 Identity rotated (every 10 requests)
[16:34:06] [111/326] CEPO
[16:34:07] [112/326] CMVP
[16:34:08] [113/326] SGTH
[16:34:09] [114/326] SAYN
[16:34:11] [115/326] URVS
[16:34:12] [116/326] VJTN
[16:34:13] [117/326] BBYK
[16:34:14] [118/326] SHBO
[16:34:15] [119/326] VCMR
[16:34:16] [120/326] MACT
[16:34:17] 🔄 Identity reset
[16:34:17] 🔄 Identity rotated (every 10 requests)
[16:34:17] [121/326] JMNP
[16:34:18] [122/326] VICS
[16:34:19] [123/326] VCDA
[16:34:21] [124/326] GCMM
[16:34:22] [125/326] INVS
[16:34:23] [126/326] SCGM
[16:34:24] [127/326] PCDA
[16:34:25] [128/326] KDCT
[16:34:26] [129/326] JACS
[16:34:27] [130/326] GMMC
[16:34:27] 🔄 Identity reset
[16:34:27] 🔄 Identity rotated (every 10 requests)
[16:34:28] [131/326] AICM
[16:34:29] [132/326] TJCM
[16:34:30] [133/326] RMTI
[16:34:31] [134/326] SHAC
[16:34:32] [135/326] APJC
[16:34:33] [136/326] GCTG
[16:34:34] [137/326] SSMC
[16:34:35] [138/326] THRM
[16:34:36] [139/326] RBCT
[16:34:37] [140/326] DIKT
[16:34:37] 🔄 Identity reset
[16:34:37] 🔄 Identity rotated (every 10 requests)
[16:34:38] [141/326] MIDL
[16:34:39] [142/326] VCSN
[16:34:40] [143/326] SKTG
[16:34:41] [144/326] SMWC
[16:34:42] [145/326] MNKH
[16:34:43] [146/326] PIAT
[16:34:44] [147/326] LTTP
[16:34:45] [148/326] PTPU
[16:34:46] [149/326] ACMG
[16:34:47] [150/326] SHMM
[16:34:47] 🔄 Identity reset
[16:34:47] 🔄 Identity rotated (every 10 requests)
[16:34:48] [151/326] MCMN
[16:34:49] [152/326] GLDC
[16:34:49] [153/326] HOUT
[16:34:50] [154/326] SVRP
[16:34:51] [155/326] PVDN
[16:34:52] [156/326] SCPY
[16:34:53] [157/326] DTPY
[16:34:54] [158/326] GKCS
[16:34:56] [159/326] NCAM
[16:34:57] [160/326] BSRM
[16:34:57] 🔄 Identity reset
[16:34:57] 🔄 Identity rotated (every 10 requests)
[16:34:58] [161/326] RCLC
[16:34:58] [162/326] SKKD
[16:34:59] [163/326] ACHU
[16:35:00] [164/326] RSCF
[16:35:01] [165/326] IMSH
[16:35:02] [166/326] MACX
[16:35:04] [167/326] HMMW
[16:35:04] [168/326] JTCP
[16:35:05] [169/326] SREN
[16:35:06] [170/326] PJRR
[16:35:07] 🔄 Identity reset
[16:35:07] 🔄 Identity rotated (every 10 requests)
[16:35:08] [171/326] INAC
[16:35:09] [172/326] BMCA
[16:35:10] [173/326] SHCB
[16:35:11] [174/326] GABA
[16:35:12] [175/326] SBCT
[16:35:13] [176/326] GCMA
[16:35:14] [177/326] MYTK
[16:35:16] [178/326] INZS
[16:35:17] [179/326] RMIK
[16:35:17] [180/326] NYCH
[16:35:18] 🔄 Identity reset
[16:35:18] 🔄 Identity rotated (every 10 requests)
[16:35:18] [181/326] RAVE
[16:35:19] [182/326] PSXM
[16:35:20] [183/326] MCGP
[16:35:21] [184/326] PDDK
[16:35:22] [185/326] SPCK
[16:35:23] [186/326] MCRL
[16:35:24] [187/326] MHKT
[16:35:25] [188/326] ANRR
[16:35:26] [189/326] SAPK
[16:35:26] [190/326] NCUK
[16:35:27] 🔄 Identity reset
[16:35:27] 🔄 Identity rotated (every 10 requests)
[16:35:27] [191/326] JUGA
[16:35:28] [192/326] DBSC
[16:35:29] [193/326] LALK
[16:35:31] [194/326] GUCK
[16:35:33] [195/326] STSG
[16:35:34] [196/326] PPPZ
[16:35:35] [197/326] CNCY
[16:35:36] [198/326] MTAR
[16:35:37] [199/326] VNKD
[16:35:37] [200/326] KMAJ
[16:35:38] 🔄 Identity reset
[16:35:38] 🔄 Identity rotated (every 10 requests)
[16:35:39] [201/326] ACXK
[16:35:39] [202/326] UTKC
[16:35:40] [203/326] PBLK
[16:35:41] [204/326] ACBX
[16:35:42] [205/326] PTGM
[16:35:43] [206/326] BTDA
[16:35:44] [207/326] PJMB
[16:35:45] [208/326] TPDA
[16:35:46] [209/326] AMOE
[16:35:47] [210/326] PRHT
[16:35:48] 🔄 Identity reset
[16:35:48] 🔄 Identity rotated (every 10 requests)
[16:35:48] [211/326] PRTA
[16:35:49] [212/326] STAM
[16:35:50] [213/326] MSAA
[16:35:51] [214/326] SDLU
[16:35:52] [215/326] RCHH
[16:35:53] [216/326] KANT
[16:35:54] [217/326] FCRT
[16:35:55] [218/326] DNKM
[16:35:56] [219/326] RYCP
[16:35:57] [220/326] MYRP
[16:35:57] 🔄 Identity reset
[16:35:57] 🔄 Identity rotated (every 10 requests)
[16:35:58] [221/326] PPAK
[16:35:59] [222/326] NVPK
[16:35:59] [223/326] PRMC
[16:36:00] [224/326] JBCS
[16:36:01] [225/326] GXCK
[16:36:02] [226/326] USKO
[16:36:03] [227/326] GTEM
[16:36:04] [228/326] SMBU
[16:36:05] [229/326] VETC
[16:36:06] [230/326] LCDA
[16:36:07] 🔄 Identity reset
[16:36:07] 🔄 Identity rotated (every 10 requests)
[16:36:08] [231/326] MTVT
[16:36:09] [232/326] PYCP
[16:36:10] [233/326] PNSC
[16:36:11] [234/326] PPCC
[16:36:12] [235/326] TGRT
[16:36:13] [236/326] JYOT
[16:36:14] [237/326] SRCZ
[16:36:15] [238/326] SJTE
[16:36:16] [239/326] DESC
[16:36:17] [240/326] JHVN
[16:36:18] 🔄 Identity reset
[16:36:18] 🔄 Identity rotated (every 10 requests)
[16:36:18] [241/326] IPSG
[16:36:19] [242/326] IPCM
[16:36:20] [243/326] PDRS
[16:36:21] [244/326] ANCV
[16:36:22] [245/326] CMVV
[16:36:22] [246/326] SHYP
[16:36:23] [247/326] DNCS
[16:36:24] [248/326] GAJK
[16:36:25] [249/326] AKTN
[16:36:26] [250/326] KAYA
[16:36:27] 🔄 Identity reset
[16:36:27] 🔄 Identity rotated (every 10 requests)
[16:36:28] [251/326] SBRC
[16:36:29] [252/326] CHTP
[16:36:30] [253/326] SHRT
[16:36:31] [254/326] BCKU
[16:36:32] [255/326] FCPS
[16:36:32] [256/326] ARDD
[16:36:34] [257/326] CPCM
[16:36:35] [258/326] CGSM
[16:36:36] [259/326] PSMP
[16:36:37] [260/326] SDAL
[16:36:38] 🔄 Identity reset
[16:36:38] 🔄 Identity rotated (every 10 requests)
[16:36:38] [261/326] RTNB
[16:36:39] [262/326] LMCR
[16:36:40] [263/326] CIMA
[16:36:41] [264/326] RNAS
[16:36:42] [265/326] LITH
[16:36:44] [266/326] PBOX
[16:36:45] [267/326] FRTS
[16:36:46] [268/326] RKIC
[16:36:47] [269/326] PTAI
[16:36:48] [270/326] GCIC
[16:36:49] 🔄 Identity reset
[16:36:49] 🔄 Identity rotated (every 10 requests)
[16:36:49] 🔄 Retry 1/5 for GCIC in 2.9s
[16:36:49] 🔄 Identity reset
[16:36:52] 🧠 New identity created
[16:36:52] [271/326] FNAS
[16:36:53] [272/326] SCAR
[16:36:54] [273/326] MTCA
[16:36:55] [274/326] SCTS
[16:36:56] [275/326] SYCS
[16:36:57] [276/326] RDMS
[16:36:58] [277/326] KAMP
[16:36:59] [278/326] ERSD
[16:37:01] [279/326] MJMJ
[16:37:01] 🔄 Identity reset
[16:37:01] 🔄 Identity rotated (every 10 requests)
[16:37:02] [280/326] SRCJ
[16:37:03] [281/326] SCXE
[16:37:04] [282/326] SVFR
[16:37:05] [283/326] BHCS
[16:37:06] [284/326] IMCC
[16:37:08] [285/326] PCBO
[16:37:08] [286/326] PRVN
[16:37:09] [287/326] AUPM
[16:37:10] [288/326] INBW
[16:37:11] [289/326] SVCW
[16:37:12] 🔄 Identity reset
[16:37:12] 🔄 Identity rotated (every 10 requests)
[16:37:12] [290/326] RKCF
[16:37:13] [291/326] UVBH
[16:37:14] [292/326] DNCY
[16:37:15] [293/326] ABCN
[16:37:16] [294/326] PRUR
[16:37:18] [295/326] PFMR
[16:37:19] [296/326] RKCN
[16:37:20] [297/326] CFEA
[16:37:21] [298/326] SDBG
[16:37:22] [299/326] SNAR
[16:37:22] 🔄 Identity reset
[16:37:22] 🔄 Identity rotated (every 10 requests)
[16:37:23] [300/326] YISI
[16:37:23] [301/326] JCFF
[16:37:24] [302/326] VTRK
[16:37:25] [303/326] PCLZ
[16:37:26] [304/326] DIMY
[16:37:27] [305/326] BBTS
[16:37:28] [306/326] GATH
[16:37:29] [307/326] GTMN
[16:37:30] [308/326] VTMH
[16:37:31] [309/326] CCKP
[16:37:32] 🔄 Identity reset
[16:37:32] 🔄 Identity rotated (every 10 requests)
[16:37:33] [310/326] GPKA
[16:37:34] [311/326] MHCL
[16:37:35] [312/326] ATCL
[16:37:36] [313/326] SBCK
[16:37:37] [314/326] AMMR
[16:37:38] [315/326] MADC
[16:37:38] [316/326] TMMA
[16:37:39] [317/326] CACC
[16:37:40] [318/326] CHAL
[16:37:42] [319/326] DURG
[16:37:43] 🔄 Identity reset
[16:37:43] 🔄 Identity rotated (every 10 requests)
[16:37:43] [320/326] GMKU
[16:37:44] [321/326] GECA
[16:37:45] [322/326] KYRR
[16:37:46] [323/326] KSDE
[16:37:47] [324/326] LMCI
[16:37:47] [325/326] NKCP
[16:37:48] [326/326] BGTC
[16:37:49] 🧹 Deduping shows
[16:37:49] ✅ DONE | Shows=338 | Movies=22
[04:41:20] 🚀 SCRIPT STARTED (enhanced anti‑detection)
[04:41:20] [1/326] BSAT
[04:41:21] 🧠 New identity created
[04:41:22] [2/326] RSSM
[04:41:23] [3/326] GCTA
[04:41:24] [4/326] TOPN
[04:41:26] [5/326] MCUS
[04:41:27] [6/326] SHRL
[04:41:29] [7/326] UPTP
[04:41:30] [8/326] TMMP
[04:41:32] [9/326] DNRP
[04:41:33] [10/326] SRLT
[04:41:33] 🔄 Identity reset
[04:41:33] 🔄 Identity rotated (every 10 requests)
[04:41:33] 🔄 Retry 1/5 for SRLT in 2.4s
[04:41:33] 🔄 Identity reset
[04:41:36] 🧠 New identity created
[04:41:36] [11/326] RCNS
[04:41:37] [12/326] DCBH
[04:41:39] [13/326] NAGJ
[04:41:40] [14/326] JVRC
[04:41:41] [15/326] KRJG
[04:41:42] [16/326] SRTJ
[04:41:43] [17/326] CMXM
[04:41:44] [18/326] STMI
[04:41:45] [19/326] SLST
[04:41:46] 🔄 Identity reset
[04:41:46] 🔄 Identity rotated (every 10 requests)
[04:41:47] [20/326] DTCN
[04:41:48] [21/326] STYN
[04:41:49] [22/326] SZVR
[04:41:50] [23/326] SRKO
[04:41:52] [24/326] JTGT
[04:41:54] [25/326] SVFD
[04:41:55] [26/326] SISD
[04:41:57] [27/326] ABDD
[04:41:58] [28/326] DRCA
[04:42:00] [29/326] AVCS
[04:42:00] 🔄 Identity reset
[04:42:00] 🔄 Identity rotated (every 10 requests)
[04:42:01] [30/326] MVKH
[04:42:02] [31/326] ACPR
[04:42:04] [32/326] STIP
[04:42:05] [33/326] MTRA
[04:42:06] [34/326] RMKH
[04:42:08] [35/326] NKRL
[04:42:09] [36/326] PCWN
[04:42:10] [37/326] BLMT
[04:42:12] [38/326] GDPG
[04:42:13] [39/326] SRMX
[04:42:14] 🔄 Identity reset
[04:42:14] 🔄 Identity rotated (every 10 requests)
[04:42:14] 🔄 Retry 1/5 for SRMX in 2.1s
[04:42:14] 🔄 Identity reset
[04:42:16] 🧠 New identity created
[04:42:17] [40/326] JACP
[04:42:18] [41/326] CPSH
[04:42:20] [42/326] MCCD
[04:42:22] [43/326] ECGH
[04:42:23] [44/326] MKCK
[04:42:25] [45/326] SRMM
[04:42:26] [46/326] SKYR
[04:42:28] [47/326] PCKC
[04:42:28] [48/326] JCMA
[04:42:29] 🔄 Identity reset
[04:42:29] 🔄 Identity rotated (every 10 requests)
[04:42:30] [49/326] BSMP
[04:42:32] [50/326] VSPA
[04:42:34] [51/326] DJYA
[04:42:36] [52/326] DIMP
[04:42:37] [53/326] FXDR
[04:42:38] [54/326] SSRC
[04:42:39] [55/326] STHP
[04:42:41] [56/326] CPPD
[04:42:43] [57/326] FCLK
[04:42:44] [58/326] SCPP
[04:42:45] 🔄 Identity reset
[04:42:45] 🔄 Identity rotated (every 10 requests)
[04:42:46] [59/326] DCMJ
[04:42:47] [60/326] RCCR
[04:42:49] [61/326] INMT
[04:42:51] [62/326] LXTK
[04:42:52] [63/326] SRYK
[04:42:54] [64/326] SGDK
[04:42:55] [65/326] PPKA
[04:42:56] [66/326] SPKA
[04:42:58] [67/326] CGHH
[04:42:59] [68/326] DCJN
[04:43:00] 🔄 Identity reset
[04:43:00] 🔄 Identity rotated (every 10 requests)
[04:43:00] [69/326] SRKV
[04:43:02] [70/326] SAJC
[04:43:04] [71/326] SUSR
[04:43:05] [72/326] STYG
[04:43:06] [73/326] NTKP
[04:43:07] [74/326] AKTG
[04:43:09] [75/326] CGCM
[04:43:10] [76/326] TULC
[04:43:11] [77/326] NYYZ
[04:43:12] [78/326] NYBW
[04:43:13] 🔄 Identity reset
[04:43:13] 🔄 Identity rotated (every 10 requests)
[04:43:13] 🔄 Retry 1/5 for NYBW in 2.5s
[04:43:13] 🔄 Identity reset
[04:43:15] 🧠 New identity created
[04:43:15] 🔄 Retry 2/5 for NYBW in 4.6s
[04:43:15] 🔄 Identity reset
[04:43:20] 🧠 New identity created
[04:43:21] [79/326] MACB
[04:43:23] [80/326] SLVT
[04:43:24] [81/326] SANA
[04:43:25] [82/326] ACMR
[04:43:26] [83/326] CPKN
[04:43:28] [84/326] DLGK
[04:43:29] [85/326] CWCK
[04:43:31] [86/326] FDDH
[04:43:32] 🔄 Identity reset
[04:43:32] 🔄 Identity rotated (every 10 requests)
[04:43:33] [87/326] MMMD
[04:43:34] [88/326] CMEH
[04:43:36] [89/326] GGGV
[04:43:37] [90/326] SPJL
[04:43:39] [91/326] RCCD
[04:43:40] [92/326] STTZ
[04:43:42] [93/326] BTCF
[04:43:42] [94/326] TSTZ
[04:43:44] [95/326] IPMM
[04:43:46] [96/326] PMPW
[04:43:46] 🔄 Identity reset
[04:43:46] 🔄 Identity rotated (every 10 requests)
[04:43:46] 🔄 Retry 1/5 for PMPW in 2.0s
[04:43:46] 🔄 Identity reset
[04:43:48] 🧠 New identity created
[04:43:48] 🔄 Retry 2/5 for PMPW in 4.5s
[04:43:48] 🔄 Identity reset
[04:43:53] 🧠 New identity created
[04:43:55] [97/326] PCMZ
[04:43:57] [98/326] ESEM
[04:44:02] [99/326] PIPO
[04:44:03] [100/326] MATK
[04:44:04] [101/326] PGHM
[04:44:05] [102/326] CTSR
[04:44:07] [103/326] CYKR
[04:44:08] [104/326] MSCM
[04:44:08] 🔄 Identity reset
[04:44:08] 🔄 Identity rotated (every 10 requests)
[04:44:08] 🔄 Retry 1/5 for MSCM in 2.5s
[04:44:08] 🔄 Identity reset
[04:44:11] 🧠 New identity created
[04:44:12] [105/326] RFNP
[04:44:13] [106/326] PDCP
[04:44:15] [107/326] NPSE
[04:44:16] [108/326] MKML
[04:44:17] [109/326] FTDP
[04:44:18] [110/326] MMXA
[04:44:20] [111/326] CEPO
[04:44:22] [112/326] CMVP
[04:44:23] [113/326] SGTH
[04:44:24] 🔄 Identity reset
[04:44:24] 🔄 Identity rotated (every 10 requests)
[04:44:25] [114/326] SAYN
[04:44:26] [115/326] URVS
[04:44:27] [116/326] VJTN
[04:44:28] [117/326] BBYK
[04:44:30] [118/326] SHBO
[04:44:31] [119/326] VCMR
[04:44:33] [120/326] MACT
[04:44:34] [121/326] JMNP
[04:44:36] [122/326] VICS
[04:44:37] [123/326] VCDA
[04:44:38] 🔄 Identity reset
[04:44:38] 🔄 Identity rotated (every 10 requests)
[04:44:38] 🔄 Retry 1/5 for VCDA in 2.3s
[04:44:38] 🔄 Identity reset
[04:44:40] 🧠 New identity created
[04:44:41] [124/326] GCMM
[04:44:44] [125/326] INVS
[04:44:45] [126/326] SCGM
[04:44:46] [127/326] PCDA
[04:44:47] [128/326] KDCT
[04:44:48] [129/326] JACS
[04:44:50] [130/326] GMMC
[04:44:52] [131/326] AICM
[04:44:53] [132/326] TJCM
[04:44:54] 🔄 Identity reset
[04:44:54] 🔄 Identity rotated (every 10 requests)
[04:44:54] [133/326] RMTI
[04:44:56] [134/326] SHAC
[04:44:57] [135/326] APJC
[04:44:57] [136/326] GCTG
[04:44:58] [137/326] SSMC
[04:45:00] [138/326] THRM
[04:45:01] [139/326] RBCT
[04:45:03] [140/326] DIKT
[04:45:04] [141/326] MIDL
[04:45:05] [142/326] VCSN
[04:45:06] 🔄 Identity reset
[04:45:06] 🔄 Identity rotated (every 10 requests)
[04:45:06] [143/326] SKTG
[04:45:07] [144/326] SMWC
[04:45:08] [145/326] MNKH
[04:45:09] [146/326] PIAT
[04:45:11] [147/326] LTTP
[04:45:12] [148/326] PTPU
[04:45:13] [149/326] ACMG
[04:45:14] [150/326] SHMM
[04:45:16] [151/326] MCMN
[04:45:17] [152/326] GLDC
[04:45:18] 🔄 Identity reset
[04:45:18] 🔄 Identity rotated (every 10 requests)
[04:45:19] [153/326] HOUT
[04:45:20] [154/326] SVRP
[04:45:21] [155/326] PVDN
[04:45:22] [156/326] SCPY
[04:45:24] [157/326] DTPY
[04:45:25] [158/326] GKCS
[04:45:26] [159/326] NCAM
[04:45:27] [160/326] BSRM
[04:45:28] [161/326] RCLC
[04:45:29] [162/326] SKKD
[04:45:29] 🔄 Identity reset
[04:45:29] 🔄 Identity rotated (every 10 requests)
[04:45:30] [163/326] ACHU
[04:45:31] [164/326] RSCF
[04:45:33] [165/326] IMSH
[04:45:34] [166/326] MACX
[04:45:36] [167/326] HMMW
[04:45:37] [168/326] JTCP
[04:45:38] [169/326] SREN
[04:45:40] [170/326] PJRR
[04:45:41] [171/326] INAC
[04:45:44] [172/326] BMCA
[04:45:44] 🔄 Identity reset
[04:45:44] 🔄 Identity rotated (every 10 requests)
[04:45:45] [173/326] SHCB
[04:45:46] [174/326] GABA
[04:45:48] [175/326] SBCT
[04:45:48] [176/326] GCMA
[04:45:50] [177/326] MYTK
[04:45:51] [178/326] INZS
[04:45:52] [179/326] RMIK
[04:45:54] [180/326] NYCH
[04:45:56] [181/326] RAVE
[04:45:57] [182/326] PSXM
[04:45:57] 🔄 Identity reset
[04:45:58] 🔄 Identity rotated (every 10 requests)
[04:45:58] [183/326] MCGP
[04:46:00] [184/326] PDDK
[04:46:01] [185/326] SPCK
[04:46:03] [186/326] MCRL
[04:46:04] [187/326] MHKT
[04:46:05] [188/326] ANRR
[04:46:07] [189/326] SAPK
[04:46:07] [190/326] NCUK
[04:46:09] [191/326] JUGA
[04:46:10] [192/326] DBSC
[04:46:11] 🔄 Identity reset
[04:46:11] 🔄 Identity rotated (every 10 requests)
[04:46:11] [193/326] LALK
[04:46:12] [194/326] GUCK
[04:46:14] [195/326] STSG
[04:46:15] [196/326] PPPZ
[04:46:16] [197/326] CNCY
[04:46:17] [198/326] MTAR
[04:46:18] [199/326] VNKD
[04:46:19] [200/326] KMAJ
[04:46:20] [201/326] ACXK
[04:46:21] [202/326] UTKC
[04:46:22] 🔄 Identity reset
[04:46:22] 🔄 Identity rotated (every 10 requests)
[04:46:22] 🔄 Retry 1/5 for UTKC in 2.9s
[04:46:22] 🔄 Identity reset
[04:46:25] 🧠 New identity created
[04:46:26] [203/326] PBLK
[04:46:27] [204/326] ACBX
[04:46:28] [205/326] PTGM
[04:46:29] [206/326] BTDA
[04:46:31] [207/326] PJMB
[04:46:32] [208/326] TPDA
[04:46:34] [209/326] AMOE
[04:46:35] [210/326] PRHT
[04:46:36] [211/326] PRTA
[04:46:37] 🔄 Identity reset
[04:46:37] 🔄 Identity rotated (every 10 requests)
[04:46:37] [212/326] STAM
[04:46:39] [213/326] MSAA
[04:46:41] [214/326] SDLU
[04:46:42] [215/326] RCHH
[04:46:43] [216/326] KANT
[04:46:44] [217/326] FCRT
[04:46:46] [218/326] DNKM
[04:46:47] [219/326] RYCP
[04:46:48] [220/326] MYRP
[04:46:49] [221/326] PPAK
[04:46:50] 🔄 Identity reset
[04:46:50] 🔄 Identity rotated (every 10 requests)
[04:46:50] [222/326] NVPK
[04:46:52] [223/326] PRMC
[04:46:53] [224/326] JBCS
[04:46:55] [225/326] GXCK
[04:46:56] [226/326] USKO
[04:46:57] [227/326] GTEM
[04:46:58] [228/326] SMBU
[04:47:00] [229/326] VETC
[04:47:01] [230/326] LCDA
[04:47:03] [231/326] MTVT
[04:47:03] 🔄 Identity reset
[04:47:03] 🔄 Identity rotated (every 10 requests)
[04:47:04] [232/326] PYCP
[04:47:05] [233/326] PNSC
[04:47:06] [234/326] PPCC
[04:47:07] [235/326] TGRT
[04:47:09] [236/326] JYOT
[04:47:10] [237/326] SRCZ
[04:47:12] [238/326] SJTE
[04:47:13] [239/326] DESC
[04:47:14] [240/326] JHVN
[04:47:16] [241/326] IPSG
[04:47:16] 🔄 Identity reset
[04:47:16] 🔄 Identity rotated (every 10 requests)
[04:47:17] [242/326] IPCM
[04:47:18] [243/326] PDRS
[04:47:20] [244/326] ANCV
[04:47:21] [245/326] CMVV
[04:47:22] [246/326] SHYP
[04:47:23] [247/326] DNCS
[04:47:25] [248/326] GAJK
[04:47:26] [249/326] AKTN
[04:47:27] [250/326] KAYA
[04:47:28] [251/326] SBRC
[04:47:29] 🔄 Identity reset
[04:47:29] 🔄 Identity rotated (every 10 requests)
[04:47:30] [252/326] CHTP
[04:47:31] [253/326] SHRT
[04:47:33] [254/326] BCKU
[04:47:34] [255/326] FCPS
[04:47:36] [256/326] ARDD
[04:47:37] [257/326] CPCM
[04:47:38] [258/326] CGSM
[04:47:41] [259/326] PSMP
[04:47:43] [260/326] SDAL
[04:47:44] [261/326] RTNB
[04:47:45] 🔄 Identity reset
[04:47:45] 🔄 Identity rotated (every 10 requests)
[04:47:46] [262/326] LMCR
[04:47:47] [263/326] CIMA
[04:47:49] [264/326] RNAS
[04:47:50] [265/326] LITH
[04:47:51] [266/326] PBOX
[04:47:53] [267/326] FRTS
[04:47:54] [268/326] RKIC
[04:47:56] [269/326] PTAI
[04:47:57] [270/326] GCIC
[04:47:58] [271/326] FNAS
[04:47:59] 🔄 Identity reset
[04:47:59] 🔄 Identity rotated (every 10 requests)
[04:47:59] 🔄 Retry 1/5 for FNAS in 2.5s
[04:47:59] 🔄 Identity reset
[04:48:02] 🧠 New identity created
[04:48:02] [272/326] SCAR
[04:48:03] [273/326] MTCA
[04:48:05] [274/326] SCTS
[04:48:06] [275/326] SYCS
[04:48:07] [276/326] RDMS
[04:48:09] [277/326] KAMP
[04:48:11] [278/326] ERSD
[04:48:12] [279/326] MJMJ
[04:48:14] [280/326] SRCJ
[04:48:14] 🔄 Identity reset
[04:48:14] 🔄 Identity rotated (every 10 requests)
[04:48:15] [281/326] SCXE
[04:48:16] [282/326] SVFR
[04:48:17] [283/326] BHCS
[04:48:19] [284/326] IMCC
[04:48:20] [285/326] PCBO
[04:48:21] [286/326] PRVN
[04:48:22] [287/326] AUPM
[04:48:23] [288/326] INBW
[04:48:24] [289/326] SVCW
[04:48:25] [290/326] RKCF
[04:48:26] 🔄 Identity reset
[04:48:26] 🔄 Identity rotated (every 10 requests)
[04:48:27] [291/326] UVBH
[04:48:29] [292/326] DNCY
[04:48:30] [293/326] ABCN
[04:48:31] [294/326] PRUR
[04:48:33] [295/326] PFMR
[04:48:34] [296/326] RKCN
[04:48:35] [297/326] CFEA
[04:48:37] [298/326] SDBG
[04:48:38] [299/326] SNAR
[04:48:40] [300/326] YISI
[04:48:41] 🔄 Identity reset
[04:48:41] 🔄 Identity rotated (every 10 requests)
[04:48:42] [301/326] JCFF
[04:48:43] [302/326] VTRK
[04:48:44] [303/326] PCLZ
[04:48:47] [304/326] DIMY
[04:48:48] [305/326] BBTS
[04:48:49] [306/326] GATH
[04:48:50] [307/326] GTMN
[04:48:51] [308/326] VTMH
[04:48:52] [309/326] CCKP
[04:48:54] [310/326] GPKA
[04:48:54] 🔄 Identity reset
[04:48:54] 🔄 Identity rotated (every 10 requests)
[04:48:55] [311/326] MHCL
[04:48:55] [312/326] ATCL
[04:48:57] [313/326] SBCK
[04:48:59] [314/326] AMMR
[04:49:00] [315/326] MADC
[04:49:02] [316/326] TMMA
[04:49:03] [317/326] CACC
[04:49:04] [318/326] CHAL
[04:49:05] [319/326] DURG
[04:49:07] [320/326] GMKU
[04:49:07] 🔄 Identity reset
[04:49:07] 🔄 Identity rotated (every 10 requests)
[04:49:08] [321/326] GECA
[04:49:09] [322/326] KYRR
[04:49:10] [323/326] KSDE
[04:49:12] [324/326] LMCI
[04:49:13] [325/326] NKCP
[04:49:13] [326/326] BGTC
[04:49:14] 🧹 Deduping shows
[04:49:14] ✅ DONE | Shows=462 | Movies=27
[21:41:33] 🚀 SCRIPT STARTED (enhanced anti‑detection)
[21:41:33] [1/326] BSAT
[21:41:34] 🧠 New identity created
[21:41:34] [2/326] RSSM
[21:41:35] [3/326] GCTA
[21:41:36] [4/326] TOPN
[21:41:38] [5/326] MCUS
[21:41:40] [6/326] SHRL
[21:41:41] [7/326] UPTP
[21:41:42] [8/326] TMMP
[21:41:44] [9/326] DNRP
[21:41:45] [10/326] SRLT
[21:41:45] 🔄 Identity reset
[21:41:45] 🔄 Identity rotated (every 10 requests)
[21:41:46] [11/326] RCNS
[21:41:47] [12/326] DCBH
[21:41:48] [13/326] NAGJ
[21:41:49] [14/326] JVRC
[21:41:50] [15/326] KRJG
[21:41:51] [16/326] SRTJ
[21:41:52] [17/326] CMXM
[21:41:53] [18/326] STMI
[21:41:54] [19/326] SLST
[21:41:55] [20/326] DTCN
[21:41:55] 🔄 Identity reset
[21:41:55] 🔄 Identity rotated (every 10 requests)
[21:41:56] [21/326] STYN
[21:41:57] [22/326] SZVR
[21:41:58] [23/326] SRKO
[21:41:59] [24/326] JTGT
[21:42:00] [25/326] SVFD
[21:42:01] [26/326] SISD
[21:42:02] [27/326] ABDD
[21:42:03] [28/326] DRCA
[21:42:04] [29/326] AVCS
[21:42:05] [30/326] MVKH
[21:42:06] 🔄 Identity reset
[21:42:06] 🔄 Identity rotated (every 10 requests)
[21:42:06] 🔄 Retry 1/5 for MVKH in 2.1s
[21:42:06] 🔄 Identity reset
[21:42:08] 🧠 New identity created
[21:42:09] [31/326] ACPR
[21:42:10] [32/326] STIP
[21:42:11] [33/326] MTRA
[21:42:12] [34/326] RMKH
[21:42:13] [35/326] NKRL
[21:42:15] [36/326] PCWN
[21:42:17] [37/326] BLMT
[21:42:17] [38/326] GDPG
[21:42:18] [39/326] SRMX
[21:42:19] 🔄 Identity reset
[21:42:19] 🔄 Identity rotated (every 10 requests)
[21:42:19] 🔄 Retry 1/5 for SRMX in 2.9s
[21:42:19] 🔄 Identity reset
[21:42:22] 🧠 New identity created
[21:42:23] [40/326] JACP
[21:42:24] [41/326] CPSH
[21:42:24] [42/326] MCCD
[21:42:26] [43/326] ECGH
[21:42:27] [44/326] MKCK
[21:42:28] [45/326] SRMM
[21:42:29] [46/326] SKYR
[21:42:30] [47/326] PCKC
[21:42:31] [48/326] JCMA
[21:42:32] 🔄 Identity reset
[21:42:32] 🔄 Identity rotated (every 10 requests)
[21:42:33] [49/326] BSMP
[21:42:33] [50/326] VSPA
[21:42:35] [51/326] DJYA
[21:42:36] [52/326] DIMP
[21:42:37] [53/326] FXDR
[21:42:39] [54/326] SSRC
[21:42:40] [55/326] STHP
[21:42:41] [56/326] CPPD
[21:42:42] [57/326] FCLK
[21:42:43] [58/326] SCPP
[21:42:44] 🔄 Identity reset
[21:42:44] 🔄 Identity rotated (every 10 requests)
[21:42:44] [59/326] DCMJ
[21:42:45] [60/326] RCCR
[21:42:46] [61/326] INMT
[21:42:47] [62/326] LXTK
[21:42:49] [63/326] SRYK
[21:42:51] [64/326] SGDK
[21:42:52] [65/326] PPKA
[21:42:52] [66/326] SPKA
[21:42:53] [67/326] CGHH
[21:42:54] [68/326] DCJN
[21:42:55] 🔄 Identity reset
[21:42:55] 🔄 Identity rotated (every 10 requests)
[21:42:55] [69/326] SRKV
[21:42:57] [70/326] SAJC
[21:42:58] [71/326] SUSR
[21:42:59] [72/326] STYG
[21:43:00] [73/326] NTKP
[21:43:01] [74/326] AKTG
[21:43:01] [75/326] CGCM
[21:43:02] [76/326] TULC
[21:43:03] [77/326] NYYZ
[21:43:04] [78/326] NYBW
[21:43:05] 🔄 Identity reset
[21:43:05] 🔄 Identity rotated (every 10 requests)
[21:43:05] [79/326] MACB
[21:43:06] [80/326] SLVT
[21:43:07] [81/326] SANA
[21:43:08] [82/326] ACMR
[21:43:09] [83/326] CPKN
[21:43:10] [84/326] DLGK
[21:43:11] [85/326] CWCK
[21:43:11] [86/326] FDDH
[21:43:12] [87/326] MMMD
[21:43:13] [88/326] CMEH
[21:43:14] 🔄 Identity reset
[21:43:14] 🔄 Identity rotated (every 10 requests)
[21:43:15] [89/326] GGGV
[21:43:16] [90/326] SPJL
[21:43:17] [91/326] RCCD
[21:43:17] [92/326] STTZ
[21:43:19] [93/326] BTCF
[21:43:20] [94/326] TSTZ
[21:43:21] [95/326] IPMM
[21:43:22] [96/326] PMPW
[21:43:23] [97/326] PCMZ
[21:43:24] [98/326] ESEM
[21:43:24] 🔄 Identity reset
[21:43:24] 🔄 Identity rotated (every 10 requests)
[21:43:25] [99/326] PIPO
[21:43:26] [100/326] MATK
[21:43:27] [101/326] PGHM
[21:43:28] [102/326] CTSR
[21:43:29] [103/326] CYKR
[21:43:30] [104/326] MSCM
[21:43:31] [105/326] RFNP
[21:43:31] [106/326] PDCP
[21:43:32] [107/326] NPSE
[21:43:33] [108/326] MKML
[21:43:34] 🔄 Identity reset
[21:43:34] 🔄 Identity rotated (every 10 requests)
[21:43:34] [109/326] FTDP
[21:43:35] [110/326] MMXA
[21:43:36] [111/326] CEPO
[21:43:37] [112/326] CMVP
[21:43:38] [113/326] SGTH
[21:43:39] [114/326] SAYN
[21:43:41] [115/326] URVS
[21:43:42] [116/326] VJTN
[21:43:43] [117/326] BBYK
[21:43:44] [118/326] SHBO
[21:43:45] 🔄 Identity reset
[21:43:45] 🔄 Identity rotated (every 10 requests)
[21:43:45] [119/326] VCMR
[21:43:46] [120/326] MACT
[21:43:47] [121/326] JMNP
[21:43:48] [122/326] VICS
[21:43:49] [123/326] VCDA
[21:43:50] [124/326] GCMM
[21:43:52] [125/326] INVS
[21:43:53] [126/326] SCGM
[21:43:54] [127/326] PCDA
[21:43:55] [128/326] KDCT
[21:43:56] 🔄 Identity reset
[21:43:56] 🔄 Identity rotated (every 10 requests)
[21:43:57] [129/326] JACS
[21:43:58] [130/326] GMMC
[21:43:58] [131/326] AICM
[21:43:59] [132/326] TJCM
[21:44:00] [133/326] RMTI
[21:44:02] [134/326] SHAC
[21:44:02] [135/326] APJC
[21:44:03] [136/326] GCTG
[21:44:04] [137/326] SSMC
[21:44:06] [138/326] THRM
[21:44:06] 🔄 Identity reset
[21:44:06] 🔄 Identity rotated (every 10 requests)
[21:44:07] [139/326] RBCT
[21:44:08] [140/326] DIKT
[21:44:09] [141/326] MIDL
[21:44:10] [142/326] VCSN
[21:44:11] [143/326] SKTG
[21:44:13] [144/326] SMWC
[21:44:13] [145/326] MNKH
[21:44:14] [146/326] PIAT
[21:44:15] [147/326] LTTP
[21:44:16] [148/326] PTPU
[21:44:17] 🔄 Identity reset
[21:44:17] 🔄 Identity rotated (every 10 requests)
[21:44:17] [149/326] ACMG
[21:44:18] [150/326] SHMM
[21:44:19] [151/326] MCMN
[21:44:20] [152/326] GLDC
[21:44:21] [153/326] HOUT
[21:44:22] [154/326] SVRP
[21:44:24] [155/326] PVDN
[21:44:25] [156/326] SCPY
[21:44:26] [157/326] DTPY
[21:44:27] [158/326] GKCS
[21:44:28] 🔄 Identity reset
[21:44:28] 🔄 Identity rotated (every 10 requests)
[21:44:28] [159/326] NCAM
[21:44:29] [160/326] BSRM
[21:44:30] [161/326] RCLC
[21:44:31] [162/326] SKKD
[21:44:32] [163/326] ACHU
[21:44:33] [164/326] RSCF
[21:44:34] [165/326] IMSH
[21:44:35] [166/326] MACX
[21:44:36] [167/326] HMMW
[21:44:36] [168/326] JTCP
[21:44:37] 🔄 Identity reset
[21:44:37] 🔄 Identity rotated (every 10 requests)
[21:44:38] [169/326] SREN
[21:44:38] [170/326] PJRR
[21:44:39] [171/326] INAC
[21:44:40] [172/326] BMCA
[21:44:41] [173/326] SHCB
[21:44:42] [174/326] GABA
[21:44:42] [175/326] SBCT
[21:44:43] [176/326] GCMA
[21:44:45] [177/326] MYTK
[21:44:46] [178/326] INZS
[21:44:46] 🔄 Identity reset
[21:44:46] 🔄 Identity rotated (every 10 requests)
[21:44:47] [179/326] RMIK
[21:44:48] [180/326] NYCH
[21:44:49] [181/326] RAVE
[21:44:50] [182/326] PSXM
[21:44:51] [183/326] MCGP
[21:44:53] [184/326] PDDK
[21:44:54] [185/326] SPCK
[21:44:54] [186/326] MCRL
[21:44:55] [187/326] MHKT
[21:44:56] [188/326] ANRR
[21:44:57] 🔄 Identity reset
[21:44:57] 🔄 Identity rotated (every 10 requests)
[21:44:58] [189/326] SAPK
[21:44:59] [190/326] NCUK
[21:45:00] [191/326] JUGA
[21:45:01] [192/326] DBSC
[21:45:02] [193/326] LALK
[21:45:03] [194/326] GUCK
[21:45:05] [195/326] STSG
[21:45:06] [196/326] PPPZ
[21:45:07] [197/326] CNCY
[21:45:08] [198/326] MTAR
[21:45:08] 🔄 Identity reset
[21:45:08] 🔄 Identity rotated (every 10 requests)
[21:45:09] [199/326] VNKD
[21:45:10] [200/326] KMAJ
[21:45:11] [201/326] ACXK
[21:45:11] [202/326] UTKC
[21:45:12] [203/326] PBLK
[21:45:13] [204/326] ACBX
[21:45:14] [205/326] PTGM
[21:45:16] [206/326] BTDA
[21:45:17] [207/326] PJMB
[21:45:18] [208/326] TPDA
[21:45:18] 🔄 Identity reset
[21:45:18] 🔄 Identity rotated (every 10 requests)
[21:45:20] [209/326] AMOE
[21:45:20] [210/326] PRHT
[21:45:21] [211/326] PRTA
[21:45:23] [212/326] STAM
[21:45:25] [213/326] MSAA
[21:45:25] [214/326] SDLU
[21:45:27] [215/326] RCHH
[21:45:28] [216/326] KANT
[21:45:29] [217/326] FCRT
[21:45:30] [218/326] DNKM
[21:45:30] 🔄 Identity reset
[21:45:30] 🔄 Identity rotated (every 10 requests)
[21:45:31] [219/326] RYCP
[21:45:32] [220/326] MYRP
[21:45:33] [221/326] PPAK
[21:45:34] [222/326] NVPK
[21:45:35] [223/326] PRMC
[21:45:35] [224/326] JBCS
[21:45:36] [225/326] GXCK
[21:45:37] [226/326] USKO
[21:45:39] [227/326] GTEM
[21:45:39] [228/326] SMBU
[21:45:40] 🔄 Identity reset
[21:45:40] 🔄 Identity rotated (every 10 requests)
[21:45:40] 🔄 Retry 1/5 for SMBU in 2.4s
[21:45:40] 🔄 Identity reset
[21:45:43] 🧠 New identity created
[21:45:43] [229/326] VETC
[21:45:44] [230/326] LCDA
[21:45:45] [231/326] MTVT
[21:45:46] [232/326] PYCP
[21:45:46] [233/326] PNSC
[21:45:47] [234/326] PPCC
[21:45:48] [235/326] TGRT
[21:45:50] [236/326] JYOT
[21:45:50] [237/326] SRCZ
[21:45:51] 🔄 Identity reset
[21:45:51] 🔄 Identity rotated (every 10 requests)
[21:45:51] [238/326] SJTE
[21:45:52] [239/326] DESC
[21:45:53] [240/326] JHVN
[21:45:55] [241/326] IPSG
[21:45:56] [242/326] IPCM
[21:45:57] [243/326] PDRS
[21:45:58] [244/326] ANCV
[21:45:59] [245/326] CMVV
[21:46:00] [246/326] SHYP
[21:46:01] [247/326] DNCS
[21:46:02] 🔄 Identity reset
[21:46:02] 🔄 Identity rotated (every 10 requests)
[21:46:02] [248/326] GAJK
[21:46:03] [249/326] AKTN
[21:46:03] [250/326] KAYA
[21:46:04] [251/326] SBRC
[21:46:05] [252/326] CHTP
[21:46:06] [253/326] SHRT
[21:46:07] [254/326] BCKU
[21:46:08] [255/326] FCPS
[21:46:09] [256/326] ARDD
[21:46:10] [257/326] CPCM
[21:46:11] 🔄 Identity reset
[21:46:11] 🔄 Identity rotated (every 10 requests)
[21:46:12] [258/326] CGSM
[21:46:13] [259/326] PSMP
[21:46:14] [260/326] SDAL
[21:46:14] [261/326] RTNB
[21:46:16] [262/326] LMCR
[21:46:17] [263/326] CIMA
[21:46:18] [264/326] RNAS
[21:46:19] [265/326] LITH
[21:46:20] [266/326] PBOX
[21:46:21] [267/326] FRTS
[21:46:22] 🔄 Identity reset
[21:46:22] 🔄 Identity rotated (every 10 requests)
[21:46:22] [268/326] RKIC
[21:46:24] [269/326] PTAI
[21:46:25] [270/326] GCIC
[21:46:26] [271/326] FNAS
[21:46:27] [272/326] SCAR
[21:46:28] [273/326] MTCA
[21:46:29] [274/326] SCTS
[21:46:30] [275/326] SYCS
[21:46:31] [276/326] RDMS
[21:46:32] [277/326] KAMP
[21:46:33] 🔄 Identity reset
[21:46:33] 🔄 Identity rotated (every 10 requests)
[21:46:33] [278/326] ERSD
[21:46:34] [279/326] MJMJ
[21:46:35] [280/326] SRCJ
[21:46:36] [281/326] SCXE
[21:46:37] [282/326] SVFR
[21:46:38] [283/326] BHCS
[21:46:40] [284/326] IMCC
[21:46:41] [285/326] PCBO
[21:46:42] [286/326] PRVN
[21:46:43] [287/326] AUPM
[21:46:43] 🔄 Identity reset
[21:46:43] 🔄 Identity rotated (every 10 requests)
[21:46:44] [288/326] INBW
[21:46:44] [289/326] SVCW
[21:46:45] [290/326] RKCF
[21:46:46] [291/326] UVBH
[21:46:47] [292/326] DNCY
[21:46:49] [293/326] ABCN
[21:46:50] [294/326] PRUR
[21:46:51] [295/326] PFMR
[21:46:52] [296/326] RKCN
[21:46:53] [297/326] CFEA
[21:46:53] 🔄 Identity reset
[21:46:53] 🔄 Identity rotated (every 10 requests)
[21:46:54] [298/326] SDBG
[21:46:55] [299/326] SNAR
[21:46:56] [300/326] YISI
[21:46:57] [301/326] JCFF
[21:46:58] [302/326] VTRK
[21:47:00] [303/326] PCLZ
[21:47:01] [304/326] DIMY
[21:47:02] [305/326] BBTS
[21:47:03] [306/326] GATH
[21:47:04] [307/326] GTMN
[21:47:05] 🔄 Identity reset
[21:47:05] 🔄 Identity rotated (every 10 requests)
[21:47:05] [308/326] VTMH
[21:47:06] [309/326] CCKP
[21:47:07] [310/326] GPKA
[21:47:09] [311/326] MHCL
[21:47:10] [312/326] ATCL
[21:47:11] [313/326] SBCK
[21:47:12] [314/326] AMMR
[21:47:13] [315/326] MADC
[21:47:13] [316/326] TMMA
[21:47:14] [317/326] CACC
[21:47:15] 🔄 Identity reset
[21:47:15] 🔄 Identity rotated (every 10 requests)
[21:47:16] [318/326] CHAL
[21:47:17] [319/326] DURG
[21:47:18] [320/326] GMKU
[21:47:19] [321/326] GECA
[21:47:19] [322/326] KYRR
[21:47:20] [323/326] KSDE
[21:47:22] [324/326] LMCI
[21:47:23] [325/326] NKCP
[21:47:24] [326/326] BGTC
[21:47:26] 🧹 Deduping shows
[21:47:26] ✅ DONE | Shows=549 | Movies=32
[04:28:03] 🚀 SCRIPT STARTED (enhanced anti‑detection)
[04:28:03] [1/326] BSAT
[04:28:04] 🧠 New identity created
[04:28:04] [2/326] RSSM
[04:28:05] [3/326] GCTA
[04:28:06] [4/326] TOPN
[04:28:07] [5/326] MCUS
[04:28:09] [6/326] SHRL
[04:28:10] [7/326] UPTP
[04:28:11] [8/326] TMMP
[04:28:13] [9/326] DNRP
[04:28:14] [10/326] SRLT
[04:28:14] 🔄 Identity reset
[04:28:14] 🔄 Identity rotated (every 10 requests)
[04:28:15] [11/326] RCNS
[04:28:16] [12/326] DCBH
[04:28:18] [13/326] NAGJ
[04:28:19] [14/326] JVRC
[04:28:21] [15/326] KRJG
[04:28:21] [16/326] SRTJ
[04:28:22] [17/326] CMXM
[04:28:23] [18/326] STMI
[04:28:25] [19/326] SLST
[04:28:26] [20/326] DTCN
[04:28:26] 🔄 Identity reset
[04:28:26] 🔄 Identity rotated (every 10 requests)
[04:28:27] [21/326] STYN
[04:28:28] [22/326] SZVR
[04:28:30] [23/326] SRKO
[04:28:30] [24/326] JTGT
[04:28:31] [25/326] SVFD
[04:28:32] [26/326] SISD
[04:28:33] [27/326] ABDD
[04:28:34] [28/326] DRCA
[04:28:35] [29/326] AVCS
[04:28:37] [30/326] MVKH
[04:28:37] 🔄 Identity reset
[04:28:37] 🔄 Identity rotated (every 10 requests)
[04:28:37] 🔄 Retry 1/5 for MVKH in 2.8s
[04:28:37] 🔄 Identity reset
[04:28:40] 🧠 New identity created
[04:28:40] [31/326] ACPR
[04:28:41] [32/326] STIP
[04:28:43] [33/326] MTRA
[04:28:44] [34/326] RMKH
[04:28:46] [35/326] NKRL
[04:28:47] [36/326] PCWN
[04:28:48] [37/326] BLMT
[04:28:49] [38/326] GDPG
[04:28:51] [39/326] SRMX
[04:28:52] 🔄 Identity reset
[04:28:52] 🔄 Identity rotated (every 10 requests)
[04:28:52] [40/326] JACP
[04:28:53] [41/326] CPSH
[04:28:54] [42/326] MCCD
[04:28:56] [43/326] ECGH
[04:28:57] [44/326] MKCK
[04:28:58] [45/326] SRMM
[04:29:00] [46/326] SKYR
[04:29:01] [47/326] PCKC
[04:29:02] [48/326] JCMA
[04:29:03] [49/326] BSMP
[04:29:04] 🔄 Identity reset
[04:29:04] 🔄 Identity rotated (every 10 requests)
[04:29:04] [50/326] VSPA
[04:29:06] [51/326] DJYA
[04:29:07] [52/326] DIMP
[04:29:09] [53/326] FXDR
[04:29:10] [54/326] SSRC
[04:29:11] [55/326] STHP
[04:29:12] [56/326] CPPD
[04:29:13] [57/326] FCLK
[04:29:14] [58/326] SCPP
[04:29:15] [59/326] DCMJ
[04:29:16] 🔄 Identity reset
[04:29:16] 🔄 Identity rotated (every 10 requests)
[04:29:16] 🔄 Retry 1/5 for DCMJ in 3.0s
[04:29:16] 🔄 Identity reset
[04:29:19] 🧠 New identity created
[04:29:19] [60/326] RCCR
[04:29:20] [61/326] INMT
[04:29:22] [62/326] LXTK
[04:29:23] [63/326] SRYK
[04:29:25] [64/326] SGDK
[04:29:25] [65/326] PPKA
[04:29:27] [66/326] SPKA
[04:29:28] [67/326] CGHH
[04:29:29] [68/326] DCJN
[04:29:30] 🔄 Identity reset
[04:29:30] 🔄 Identity rotated (every 10 requests)
[04:29:30] [69/326] SRKV
[04:29:31] [70/326] SAJC
[04:29:33] [71/326] SUSR
[04:29:34] [72/326] STYG
[04:29:35] [73/326] NTKP
[04:29:36] [74/326] AKTG
[04:29:37] [75/326] CGCM
[04:29:39] [76/326] TULC
[04:29:40] [77/326] NYYZ
[04:29:41] [78/326] NYBW
[04:29:42] 🔄 Identity reset
[04:29:42] 🔄 Identity rotated (every 10 requests)
[04:29:43] [79/326] MACB
[04:29:45] [80/326] SLVT
[04:29:46] [81/326] SANA
[04:29:47] [82/326] ACMR
[04:29:48] [83/326] CPKN
[04:29:50] [84/326] DLGK
[04:29:51] [85/326] CWCK
[04:29:53] [86/326] FDDH
[04:29:54] [87/326] MMMD
[04:29:55] [88/326] CMEH
[04:29:56] 🔄 Identity reset
[04:29:56] 🔄 Identity rotated (every 10 requests)
[04:29:56] 🔄 Retry 1/5 for CMEH in 2.1s
[04:29:56] 🔄 Identity reset
[04:29:58] 🧠 New identity created
[04:29:59] [89/326] GGGV
[04:30:00] [90/326] SPJL
[04:30:01] [91/326] RCCD
[04:30:01] [92/326] STTZ
[04:30:03] [93/326] BTCF
[04:30:04] [94/326] TSTZ
[04:30:05] [95/326] IPMM
[04:30:06] [96/326] PMPW
[04:30:07] [97/326] PCMZ
[04:30:08] 🔄 Identity reset
[04:30:08] 🔄 Identity rotated (every 10 requests)
[04:30:08] 🔄 Retry 1/5 for PCMZ in 2.2s
[04:30:08] 🔄 Identity reset
[04:30:10] 🧠 New identity created
[04:30:10] [98/326] ESEM
[04:30:11] [99/326] PIPO
[04:30:12] [100/326] MATK
[04:30:14] [101/326] PGHM
[04:30:15] [102/326] CTSR
[04:30:16] [103/326] CYKR
[04:30:17] [104/326] MSCM
[04:30:18] [105/326] RFNP
[04:30:19] [106/326] PDCP
[04:30:20] 🔄 Identity reset
[04:30:20] 🔄 Identity rotated (every 10 requests)
[04:30:21] [107/326] NPSE
[04:30:22] [108/326] MKML
[04:30:23] [109/326] FTDP
[04:30:24] [110/326] MMXA
[04:30:25] [111/326] CEPO
[04:30:26] [112/326] CMVP
[04:30:27] [113/326] SGTH
[04:30:28] [114/326] SAYN
[04:30:29] [115/326] URVS
[04:30:30] [116/326] VJTN
[04:30:31] 🔄 Identity reset
[04:30:31] 🔄 Identity rotated (every 10 requests)
[04:30:31] [117/326] BBYK
[04:30:33] [118/326] SHBO
[04:30:34] [119/326] VCMR
[04:30:35] [120/326] MACT
[04:30:36] [121/326] JMNP
[04:30:36] [122/326] VICS
[04:30:38] [123/326] VCDA
[04:30:39] [124/326] GCMM
[04:30:40] [125/326] INVS
[04:30:41] [126/326] SCGM
[04:30:42] 🔄 Identity reset
[04:30:42] 🔄 Identity rotated (every 10 requests)
[04:30:43] [127/326] PCDA
[04:30:43] [128/326] KDCT
[04:30:44] [129/326] JACS
[04:30:45] [130/326] GMMC
[04:30:46] [131/326] AICM
[04:30:47] [132/326] TJCM
[04:30:47] [133/326] RMTI
[04:30:48] [134/326] SHAC
[04:30:50] [135/326] APJC
[04:30:51] [136/326] GCTG
[04:30:52] 🔄 Identity reset
[04:30:52] 🔄 Identity rotated (every 10 requests)
[04:30:52] [137/326] SSMC
[04:30:53] [138/326] THRM
[04:30:55] [139/326] RBCT
[04:30:56] [140/326] DIKT
[04:30:58] [141/326] MIDL
[04:30:59] [142/326] VCSN
[04:31:00] [143/326] SKTG
[04:31:02] [144/326] SMWC
[04:31:02] [145/326] MNKH
[04:31:03] [146/326] PIAT
[04:31:04] 🔄 Identity reset
[04:31:04] 🔄 Identity rotated (every 10 requests)
[04:31:04] [147/326] LTTP
[04:31:05] [148/326] PTPU
[04:31:07] [149/326] ACMG
[04:31:08] [150/326] SHMM
[04:31:09] [151/326] MCMN
[04:31:11] [152/326] GLDC
[04:31:12] [153/326] HOUT
[04:31:14] [154/326] SVRP
[04:31:15] [155/326] PVDN
[04:31:17] [156/326] SCPY
[04:31:18] 🔄 Identity reset
[04:31:18] 🔄 Identity rotated (every 10 requests)
[04:31:18] [157/326] DTPY
[04:31:19] [158/326] GKCS
[04:31:20] [159/326] NCAM
[04:31:21] [160/326] BSRM
[04:31:22] [161/326] RCLC
[04:31:24] [162/326] SKKD
[04:31:26] [163/326] ACHU
[04:31:26] [164/326] RSCF
[04:31:27] [165/326] IMSH
[04:31:28] [166/326] MACX
[04:31:29] 🔄 Identity reset
[04:31:29] 🔄 Identity rotated (every 10 requests)
[04:31:29] [167/326] HMMW
[04:31:30] [168/326] JTCP
[04:31:31] [169/326] SREN
[04:31:32] [170/326] PJRR
[04:31:34] [171/326] INAC
[04:31:35] [172/326] BMCA
[04:31:36] [173/326] SHCB
[04:31:37] [174/326] GABA
[04:31:38] [175/326] SBCT
[04:31:39] [176/326] GCMA
[04:31:40] 🔄 Identity reset
[04:31:40] 🔄 Identity rotated (every 10 requests)
[04:31:41] [177/326] MYTK
[04:31:42] [178/326] INZS
[04:31:43] [179/326] RMIK
[04:31:44] [180/326] NYCH
[04:31:44] [181/326] RAVE
[04:31:46] [182/326] PSXM
[04:31:47] [183/326] MCGP
[04:31:48] [184/326] PDDK
[04:31:49] [185/326] SPCK
[04:31:50] [186/326] MCRL
[04:31:51] 🔄 Identity reset
[04:31:51] 🔄 Identity rotated (every 10 requests)
[04:31:51] [187/326] MHKT
[04:31:52] [188/326] ANRR
[04:31:53] [189/326] SAPK
[04:31:54] [190/326] NCUK
[04:31:56] [191/326] JUGA
[04:31:56] [192/326] DBSC
[04:31:57] [193/326] LALK
[04:31:58] [194/326] GUCK
[04:32:00] [195/326] STSG
[04:32:01] [196/326] PPPZ
[04:32:01] 🔄 Identity reset
[04:32:01] 🔄 Identity rotated (every 10 requests)
[04:32:02] [197/326] CNCY
[04:32:03] [198/326] MTAR
[04:32:04] [199/326] VNKD
[04:32:05] [200/326] KMAJ
[04:32:07] [201/326] ACXK
[04:32:08] [202/326] UTKC
[04:32:09] [203/326] PBLK
[04:32:09] [204/326] ACBX
[04:32:10] [205/326] PTGM
[04:32:11] [206/326] BTDA
[04:32:12] 🔄 Identity reset
[04:32:12] 🔄 Identity rotated (every 10 requests)
[04:32:12] [207/326] PJMB
[04:32:14] [208/326] TPDA
[04:32:15] [209/326] AMOE
[04:32:16] [210/326] PRHT
[04:32:16] [211/326] PRTA
[04:32:17] [212/326] STAM
[04:32:19] [213/326] MSAA
[04:32:20] [214/326] SDLU
[04:32:20] [215/326] RCHH
[04:32:21] [216/326] KANT
[04:32:22] 🔄 Identity reset
[04:32:22] 🔄 Identity rotated (every 10 requests)
[04:32:22] [217/326] FCRT
[04:32:23] [218/326] DNKM
[04:32:24] [219/326] RYCP
[04:32:25] [220/326] MYRP
[04:32:26] [221/326] PPAK
[04:32:28] [222/326] NVPK
[04:32:29] [223/326] PRMC
[04:32:31] [224/326] JBCS
[04:32:31] [225/326] GXCK
[04:32:32] [226/326] USKO
[04:32:33] 🔄 Identity reset
[04:32:33] 🔄 Identity rotated (every 10 requests)
[04:32:34] [227/326] GTEM
[04:32:34] [228/326] SMBU
[04:32:36] [229/326] VETC
[04:32:37] [230/326] LCDA
[04:32:38] [231/326] MTVT
[04:32:40] [232/326] PYCP
[04:32:41] [233/326] PNSC
[04:32:42] [234/326] PPCC
[04:32:43] [235/326] TGRT
[04:32:45] [236/326] JYOT
[04:32:45] 🔄 Identity reset
[04:32:45] 🔄 Identity rotated (every 10 requests)
[04:32:46] [237/326] SRCZ
[04:32:48] [238/326] SJTE
[04:32:49] [239/326] DESC
[04:32:50] [240/326] JHVN
[04:32:51] [241/326] IPSG
[04:32:52] [242/326] IPCM
[04:32:53] [243/326] PDRS
[04:32:54] [244/326] ANCV
[04:32:55] [245/326] CMVV
[04:32:56] [246/326] SHYP
[04:32:56] 🔄 Identity reset
[04:32:56] 🔄 Identity rotated (every 10 requests)
[04:32:57] [247/326] DNCS
[04:32:58] [248/326] GAJK
[04:32:59] [249/326] AKTN
[04:33:00] [250/326] KAYA
[04:33:01] [251/326] SBRC
[04:33:02] [252/326] CHTP
[04:33:03] [253/326] SHRT
[04:33:04] [254/326] BCKU
[04:33:06] [255/326] FCPS
[04:33:07] [256/326] ARDD
[04:33:08] 🔄 Identity reset
[04:33:08] 🔄 Identity rotated (every 10 requests)
[04:33:09] [257/326] CPCM
[04:33:10] [258/326] CGSM
[04:33:10] [259/326] PSMP
[04:33:11] [260/326] SDAL
[04:33:12] [261/326] RTNB
[04:33:13] [262/326] LMCR
[04:33:15] [263/326] CIMA
[04:33:16] [264/326] RNAS
[04:33:17] [265/326] LITH
[04:33:18] [266/326] PBOX
[04:33:18] 🔄 Identity reset
[04:33:18] 🔄 Identity rotated (every 10 requests)
[04:33:19] [267/326] FRTS
[04:33:19] [268/326] RKIC
[04:33:20] [269/326] PTAI
[04:33:21] [270/326] GCIC
[04:33:22] [271/326] FNAS
[04:33:24] [272/326] SCAR
[04:33:25] [273/326] MTCA
[04:33:26] [274/326] SCTS
[04:33:28] [275/326] SYCS
[04:33:29] [276/326] RDMS
[04:33:30] 🔄 Identity reset
[04:33:30] 🔄 Identity rotated (every 10 requests)
[04:33:30] [277/326] KAMP
[04:33:31] [278/326] ERSD
[04:33:32] [279/326] MJMJ
[04:33:33] [280/326] SRCJ
[04:33:34] [281/326] SCXE
[04:33:35] [282/326] SVFR
[04:33:37] [283/326] BHCS
[04:33:38] [284/326] IMCC
[04:33:39] [285/326] PCBO
[04:33:41] [286/326] PRVN
[04:33:42] 🔄 Identity reset
[04:33:42] 🔄 Identity rotated (every 10 requests)
[04:33:42] [287/326] AUPM
[04:33:43] [288/326] INBW
[04:33:45] [289/326] SVCW
[04:33:46] [290/326] RKCF
[04:33:47] [291/326] UVBH
[04:33:48] [292/326] DNCY
[04:33:49] [293/326] ABCN
[04:33:50] [294/326] PRUR
[04:33:52] [295/326] PFMR
[04:33:54] [296/326] RKCN
[04:33:54] 🔄 Identity reset
[04:33:54] 🔄 Identity rotated (every 10 requests)
[04:33:55] [297/326] CFEA
[04:33:56] [298/326] SDBG
[04:33:57] [299/326] SNAR
[04:33:58] [300/326] YISI
[04:34:00] [301/326] JCFF
[04:34:00] [302/326] VTRK
[04:34:01] [303/326] PCLZ
[04:34:02] [304/326] DIMY
[04:34:03] [305/326] BBTS
[04:34:04] [306/326] GATH
[04:34:04] 🔄 Identity reset
[04:34:04] 🔄 Identity rotated (every 10 requests)
[04:34:05] [307/326] GTMN
[04:34:07] [308/326] VTMH
[04:34:09] [309/326] CCKP
[04:34:10] [310/326] GPKA
[04:34:11] [311/326] MHCL
[04:34:12] [312/326] ATCL
[04:34:13] [313/326] SBCK
[04:34:14] [314/326] AMMR
[04:34:16] [315/326] MADC
[04:34:17] [316/326] TMMA
[04:34:17] 🔄 Identity reset
[04:34:17] 🔄 Identity rotated (every 10 requests)
[04:34:18] [317/326] CACC
[04:34:19] [318/326] CHAL
[04:34:21] [319/326] DURG
[04:34:22] [320/326] GMKU
[04:34:23] [321/326] GECA
[04:34:23] [322/326] KYRR
[04:34:25] [323/326] KSDE
[04:34:26] [324/326] LMCI
[04:34:27] [325/326] NKCP
[04:34:28] [326/326] BGTC
[04:34:28] 🔄 Identity reset
[04:34:28] 🔄 Identity rotated (every 10 requests)
[04:34:29] 🧹 Deduping shows
[04:34:29] ✅ DONE | Shows=553 | Movies=32
