[09:34:52] 🚀 DISTRICT → BMS9 CONVERTER STARTED
[09:34:52] 📅 Date: 2026-09-08
[09:34:52] 🚫 Worker logic: DISABLED
[09:34:52] 🔑 Venue matching: ID ONLY
[09:34:52] 🚫 alldistrictvenues.json: NOT USED
[09:34:52] 🚫 Venue-name matching: NOT USED
[09:34:52] 📍 Selected venue records: 756
[09:34:52] 🎯 Selected venue IDs: 756
[09:34:52] 📡 Fetching Detailed JSON:
[09:34:52]    https://districtdata2026.pages.dev/advance/2026-09-08_Detailed.json
[09:34:52] ❌ Source file not found (404) – will create empty outputs
[09:34:52] ⚠️ No source data – keeping existing output files unchanged
[09:34:52] 📄 Created empty detailed file: advance/data/20260908/detailed9.json
[09:34:52] 📄 Created empty summary file: advance/data/20260908/movie_summary9.json
[09:34:52] ✅ DONE | Existing data preserved
[16:32:16] 🚀 DISTRICT → BMS9 CONVERTER STARTED
[16:32:16] 📅 Date: 2026-09-08
[16:32:16] 🚫 Worker logic: DISABLED
[16:32:16] 🔑 Venue matching: ID ONLY
[16:32:16] 🚫 alldistrictvenues.json: NOT USED
[16:32:16] 🚫 Venue-name matching: NOT USED
[16:32:16] 📍 Selected venue records: 756
[16:32:16] 🎯 Selected venue IDs: 756
[16:32:16] 📡 Fetching Detailed JSON:
[16:32:16]    https://districtdata2026.pages.dev/advance/2026-09-08_Detailed.json
[16:32:16] ❌ Source file not found (404) – will create empty outputs
[16:32:16] ⚠️ No source data – keeping existing output files unchanged
[16:32:16] 📦 Existing detailed file preserved: advance/data/20260908/detailed9.json
[16:32:16] 📦 Existing summary file preserved: advance/data/20260908/movie_summary9.json
[16:32:16] ✅ DONE | Existing data preserved
[04:41:17] 🚀 DISTRICT → BMS9 CONVERTER STARTED
[04:41:17] 📅 Date: 2026-09-08
[04:41:17] 🚫 Worker logic: DISABLED
[04:41:17] 🔑 Venue matching: ID ONLY
[04:41:17] 🚫 alldistrictvenues.json: NOT USED
[04:41:17] 🚫 Venue-name matching: NOT USED
[04:41:17] 📍 Selected venue records: 756
[04:41:17] 🎯 Selected venue IDs: 756
[04:41:17] 📡 Fetching Detailed JSON:
[04:41:17]    https://districtdata2026.pages.dev/advance/2026-09-08_Detailed.json
[04:41:17] ❌ Source file not found (404) – will create empty outputs
[04:41:17] ⚠️ No source data – keeping existing output files unchanged
[04:41:17] 📦 Existing detailed file preserved: advance/data/20260908/detailed9.json
[04:41:17] 📦 Existing summary file preserved: advance/data/20260908/movie_summary9.json
[04:41:17] ✅ DONE | Existing data preserved
[21:41:27] 🚀 DISTRICT → BMS9 CONVERTER STARTED
[21:41:27] 📅 Date: 2026-09-08
[21:41:27] 🚫 Worker logic: DISABLED
[21:41:27] 🔑 Venue matching: ID ONLY
[21:41:27] 🚫 alldistrictvenues.json: NOT USED
[21:41:27] 🚫 Venue-name matching: NOT USED
[21:41:27] 📍 Selected venue records: 756
[21:41:27] 🎯 Selected venue IDs: 756
[21:41:27] 📡 Fetching Detailed JSON:
[21:41:27]    https://districtdata2026.pages.dev/advance/2026-09-08_Detailed.json
[21:41:27] ❌ Source file not found (404) – will create empty outputs
[21:41:27] ⚠️ No source data – keeping existing output files unchanged
[21:41:27] 📦 Existing detailed file preserved: advance/data/20260908/detailed9.json
[21:41:27] 📦 Existing summary file preserved: advance/data/20260908/movie_summary9.json
[21:41:27] ✅ DONE | Existing data preserved
[04:28:04] 🚀 DISTRICT → BMS9 CONVERTER STARTED
[04:28:04] 📅 Date: 2026-09-08
[04:28:04] 🚫 Worker logic: DISABLED
[04:28:04] 🔑 Venue matching: ID ONLY
[04:28:04] 🚫 alldistrictvenues.json: NOT USED
[04:28:04] 🚫 Venue-name matching: NOT USED
[04:28:04] 📍 Selected venue records: 756
[04:28:04] 🎯 Selected venue IDs: 756
[04:28:04] 📡 Fetching Detailed JSON:
[04:28:04]    https://districtdata2026.pages.dev/advance/2026-09-08_Detailed.json
[04:28:04] ❌ Source file not found (404) – will create empty outputs
[04:28:04] ⚠️ No source data – keeping existing output files unchanged
[04:28:04] 📦 Existing detailed file preserved: advance/data/20260908/detailed9.json
[04:28:04] 📦 Existing summary file preserved: advance/data/20260908/movie_summary9.json
[04:28:04] ✅ DONE | Existing data preserved
